OpenJDK 64-Bit Server VM (25.382-b05) for linux-amd64 JRE (Zulu 8.72.0.17-CA-linux64) (1.8.0_382-b05), built on Jul 14 2023 08:27:52 by "zulu_re" with gcc 7.3.0
Memory: 4k page, physical 32828952k(27783184k free), swap 4194300k(4194300k free)
CommandLine flags: -XX:CompressedClassSpaceSize=125829120 -XX:InitialHeapSize=268435456 -XX:MaxGCPauseMillis=100 -XX:MaxHeapSize=268435456 -XX:MaxMetaspaceSize=134217728 -XX:MetaspaceSize=134217728 -XX:+PrintGC -XX:+PrintGCDateStamps -XX:+PrintGCDetails -XX:+PrintGCTimeStamps -XX:+PrintHeapAtGC -XX:ThreadStackSize=512 -XX:+UseCompressedClassPointers -XX:+UseCompressedOops -XX:+UseG1GC 
{Heap before GC invocations=0 (full 0):
 garbage-first heap   total 262144K, used 12288K [0x00000000f0000000, 0x00000000f0100800, 0x0000000100000000)
  region size 1024K, 12 young (12288K), 0 survivors (0K)
 Metaspace       used 5741K, capacity 6002K, committed 6144K, reserved 1056768K
  class space    used 590K, capacity 665K, committed 768K, reserved 1048576K
2023-10-03T06:44:52.277+0800: 0.140: [GC pause (G1 Evacuation Pause) (young), 0.0019490 secs]
   [Parallel Time: 0.9 ms, GC Workers: 10]
      [GC Worker Start (ms): Min: 139.9, Avg: 140.0, Max: 140.1, Diff: 0.2]
      [Ext Root Scanning (ms): Min: 0.0, Avg: 0.2, Max: 0.4, Diff: 0.4, Sum: 1.5]
      [Update RS (ms): Min: 0.0, Avg: 0.0, Max: 0.0, Diff: 0.0, Sum: 0.0]
         [Processed Buffers: Min: 0, Avg: 0.0, Max: 0, Diff: 0, Sum: 0]
      [Scan RS (ms): Min: 0.0, Avg: 0.0, Max: 0.0, Diff: 0.0, Sum: 0.0]
      [Code Root Scanning (ms): Min: 0.0, Avg: 0.0, Max: 0.2, Diff: 0.2, Sum: 0.4]
      [Object Copy (ms): Min: 0.3, Avg: 0.4, Max: 0.5, Diff: 0.2, Sum: 4.2]
      [Termination (ms): Min: 0.0, Avg: 0.0, Max: 0.0, Diff: 0.0, Sum: 0.1]
         [Termination Attempts: Min: 1, Avg: 14.6, Max: 20, Diff: 19, Sum: 146]
      [GC Worker Other (ms): Min: 0.0, Avg: 0.0, Max: 0.0, Diff: 0.0, Sum: 0.1]
      [GC Worker Total (ms): Min: 0.6, Avg: 0.6, Max: 0.7, Diff: 0.2, Sum: 6.2]
      [GC Worker End (ms): Min: 140.6, Avg: 140.6, Max: 140.6, Diff: 0.0]
   [Code Root Fixup: 0.0 ms]
   [Code Root Purge: 0.0 ms]
   [Clear CT: 0.3 ms]
   [Other: 0.7 ms]
      [Choose CSet: 0.0 ms]
      [Ref Proc: 0.4 ms]
      [Ref Enq: 0.0 ms]
      [Redirty Cards: 0.2 ms]
      [Humongous Register: 0.0 ms]
      [Humongous Reclaim: 0.0 ms]
      [Free CSet: 0.0 ms]
   [Eden: 12288.0K(12288.0K)->0.0B(16384.0K) Survivors: 0.0B->2048.0K Heap: 12288.0K(256.0M)->1866.0K(256.0M)]
Heap after GC invocations=1 (full 0):
 garbage-first heap   total 262144K, used 1866K [0x00000000f0000000, 0x00000000f0100800, 0x0000000100000000)
  region size 1024K, 2 young (2048K), 2 survivors (2048K)
 Metaspace       used 5741K, capacity 6002K, committed 6144K, reserved 1056768K
  class space    used 590K, capacity 665K, committed 768K, reserved 1048576K
}
 [Times: user=0.01 sys=0.00, real=0.00 secs] 
{Heap before GC invocations=1 (full 0):
 garbage-first heap   total 262144K, used 18250K [0x00000000f0000000, 0x00000000f0100800, 0x0000000100000000)
  region size 1024K, 18 young (18432K), 2 survivors (2048K)
 Metaspace       used 7819K, capacity 8098K, committed 8192K, reserved 1056768K
  class space    used 838K, capacity 937K, committed 1024K, reserved 1048576K
2023-10-03T06:44:52.369+0800: 0.232: [GC pause (G1 Evacuation Pause) (young), 0.0022654 secs]
   [Parallel Time: 1.1 ms, GC Workers: 10]
      [GC Worker Start (ms): Min: 232.2, Avg: 232.3, Max: 232.3, Diff: 0.2]
      [Ext Root Scanning (ms): Min: 0.0, Avg: 0.2, Max: 0.7, Diff: 0.6, Sum: 1.6]
      [Update RS (ms): Min: 0.0, Avg: 0.0, Max: 0.0, Diff: 0.0, Sum: 0.0]
         [Processed Buffers: Min: 0, Avg: 0.0, Max: 0, Diff: 0, Sum: 0]
      [Scan RS (ms): Min: 0.0, Avg: 0.0, Max: 0.0, Diff: 0.0, Sum: 0.0]
      [Code Root Scanning (ms): Min: 0.0, Avg: 0.0, Max: 0.4, Diff: 0.4, Sum: 0.5]
      [Object Copy (ms): Min: 0.3, Avg: 0.6, Max: 0.7, Diff: 0.4, Sum: 6.1]
      [Termination (ms): Min: 0.0, Avg: 0.0, Max: 0.0, Diff: 0.0, Sum: 0.0]
         [Termination Attempts: Min: 1, Avg: 10.7, Max: 14, Diff: 13, Sum: 107]
      [GC Worker Other (ms): Min: 0.0, Avg: 0.0, Max: 0.0, Diff: 0.0, Sum: 0.1]
      [GC Worker Total (ms): Min: 0.8, Avg: 0.8, Max: 0.9, Diff: 0.2, Sum: 8.3]
      [GC Worker End (ms): Min: 233.1, Avg: 233.1, Max: 233.1, Diff: 0.0]
   [Code Root Fixup: 0.0 ms]
   [Code Root Purge: 0.0 ms]
   [Clear CT: 0.4 ms]
   [Other: 0.7 ms]
      [Choose CSet: 0.0 ms]
      [Ref Proc: 0.3 ms]
      [Ref Enq: 0.0 ms]
      [Redirty Cards: 0.3 ms]
      [Humongous Register: 0.0 ms]
      [Humongous Reclaim: 0.0 ms]
      [Free CSet: 0.0 ms]
   [Eden: 16384.0K(16384.0K)->0.0B(150.0M) Survivors: 2048.0K->3072.0K Heap: 18250.0K(256.0M)->2958.5K(256.0M)]
Heap after GC invocations=2 (full 0):
 garbage-first heap   total 262144K, used 2958K [0x00000000f0000000, 0x00000000f0100800, 0x0000000100000000)
  region size 1024K, 3 young (3072K), 3 survivors (3072K)
 Metaspace       used 7819K, capacity 8098K, committed 8192K, reserved 1056768K
  class space    used 838K, capacity 937K, committed 1024K, reserved 1048576K
}
 [Times: user=0.02 sys=0.00, real=0.01 secs] 
{Heap before GC invocations=2 (full 0):
 garbage-first heap   total 262144K, used 156558K [0x00000000f0000000, 0x00000000f0100800, 0x0000000100000000)
  region size 1024K, 153 young (156672K), 3 survivors (3072K)
 Metaspace       used 20756K, capacity 21608K, committed 21760K, reserved 1069056K
  class space    used 2579K, capacity 2770K, committed 2816K, reserved 1048576K
2023-10-03T06:44:52.815+0800: 0.679: [GC pause (G1 Evacuation Pause) (young), 0.0055264 secs]
   [Parallel Time: 3.9 ms, GC Workers: 10]
      [GC Worker Start (ms): Min: 678.7, Avg: 678.7, Max: 678.8, Diff: 0.1]
      [Ext Root Scanning (ms): Min: 0.1, Avg: 0.4, Max: 2.1, Diff: 2.0, Sum: 3.7]
      [Update RS (ms): Min: 0.0, Avg: 0.0, Max: 0.0, Diff: 0.0, Sum: 0.0]
         [Processed Buffers: Min: 0, Avg: 0.0, Max: 0, Diff: 0, Sum: 0]
      [Scan RS (ms): Min: 0.0, Avg: 0.0, Max: 0.1, Diff: 0.1, Sum: 0.2]
      [Code Root Scanning (ms): Min: 0.0, Avg: 0.2, Max: 0.7, Diff: 0.7, Sum: 1.6]
      [Object Copy (ms): Min: 1.5, Avg: 3.0, Max: 3.4, Diff: 1.9, Sum: 30.0]
      [Termination (ms): Min: 0.0, Avg: 0.0, Max: 0.0, Diff: 0.0, Sum: 0.3]
         [Termination Attempts: Min: 1, Avg: 75.0, Max: 96, Diff: 95, Sum: 750]
      [GC Worker Other (ms): Min: 0.0, Avg: 0.0, Max: 0.0, Diff: 0.0, Sum: 0.1]
      [GC Worker Total (ms): Min: 3.5, Avg: 3.6, Max: 3.7, Diff: 0.1, Sum: 35.9]
      [GC Worker End (ms): Min: 682.3, Avg: 682.3, Max: 682.4, Diff: 0.0]
   [Code Root Fixup: 0.0 ms]
   [Code Root Purge: 0.0 ms]
   [Clear CT: 0.4 ms]
   [Other: 1.2 ms]
      [Choose CSet: 0.0 ms]
      [Ref Proc: 0.7 ms]
      [Ref Enq: 0.0 ms]
      [Redirty Cards: 0.4 ms]
      [Humongous Register: 0.0 ms]
      [Humongous Reclaim: 0.0 ms]
      [Free CSet: 0.1 ms]
   [Eden: 150.0M(150.0M)->0.0B(145.0M) Survivors: 3072.0K->8192.0K Heap: 152.9M(256.0M)->7701.0K(256.0M)]
Heap after GC invocations=3 (full 0):
 garbage-first heap   total 262144K, used 7701K [0x00000000f0000000, 0x00000000f0100800, 0x0000000100000000)
  region size 1024K, 8 young (8192K), 8 survivors (8192K)
 Metaspace       used 20756K, capacity 21608K, committed 21760K, reserved 1069056K
  class space    used 2579K, capacity 2770K, committed 2816K, reserved 1048576K
}
 [Times: user=0.04 sys=0.00, real=0.01 secs] 
{Heap before GC invocations=3 (full 0):
 garbage-first heap   total 262144K, used 156181K [0x00000000f0000000, 0x00000000f0100800, 0x0000000100000000)
  region size 1024K, 153 young (156672K), 8 survivors (8192K)
 Metaspace       used 25895K, capacity 27136K, committed 27392K, reserved 1073152K
  class space    used 3269K, capacity 3542K, committed 3584K, reserved 1048576K
2023-10-03T06:44:53.374+0800: 1.237: [GC pause (G1 Evacuation Pause) (young), 0.0063171 secs]
   [Parallel Time: 4.6 ms, GC Workers: 10]
      [GC Worker Start (ms): Min: 1236.8, Avg: 1236.9, Max: 1237.0, Diff: 0.1]
      [Ext Root Scanning (ms): Min: 0.1, Avg: 0.3, Max: 1.3, Diff: 1.2, Sum: 3.2]
      [Update RS (ms): Min: 0.0, Avg: 0.0, Max: 0.0, Diff: 0.0, Sum: 0.0]
         [Processed Buffers: Min: 0, Avg: 0.0, Max: 0, Diff: 0, Sum: 0]
      [Scan RS (ms): Min: 0.0, Avg: 0.0, Max: 0.0, Diff: 0.0, Sum: 0.1]
      [Code Root Scanning (ms): Min: 0.0, Avg: 0.3, Max: 1.7, Diff: 1.7, Sum: 2.8]
      [Object Copy (ms): Min: 2.3, Avg: 3.6, Max: 4.0, Diff: 1.7, Sum: 35.6]
      [Termination (ms): Min: 0.0, Avg: 0.0, Max: 0.0, Diff: 0.0, Sum: 0.3]
         [Termination Attempts: Min: 1, Avg: 71.3, Max: 89, Diff: 88, Sum: 713]
      [GC Worker Other (ms): Min: 0.0, Avg: 0.0, Max: 0.0, Diff: 0.0, Sum: 0.1]
      [GC Worker Total (ms): Min: 4.1, Avg: 4.2, Max: 4.3, Diff: 0.1, Sum: 42.1]
      [GC Worker End (ms): Min: 1241.1, Avg: 1241.1, Max: 1241.1, Diff: 0.0]
   [Code Root Fixup: 0.1 ms]
   [Code Root Purge: 0.0 ms]
   [Clear CT: 0.4 ms]
   [Other: 1.2 ms]
      [Choose CSet: 0.0 ms]
      [Ref Proc: 0.8 ms]
      [Ref Enq: 0.0 ms]
      [Redirty Cards: 0.3 ms]
      [Humongous Register: 0.0 ms]
      [Humongous Reclaim: 0.0 ms]
      [Free CSet: 0.1 ms]
   [Eden: 145.0M(145.0M)->0.0B(141.0M) Survivors: 8192.0K->12288.0K Heap: 152.5M(256.0M)->11743.9K(256.0M)]
Heap after GC invocations=4 (full 0):
 garbage-first heap   total 262144K, used 11743K [0x00000000f0000000, 0x00000000f0100800, 0x0000000100000000)
  region size 1024K, 12 young (12288K), 12 survivors (12288K)
 Metaspace       used 25895K, capacity 27136K, committed 27392K, reserved 1073152K
  class space    used 3269K, capacity 3542K, committed 3584K, reserved 1048576K
}
 [Times: user=0.05 sys=0.00, real=0.01 secs] 
{Heap before GC invocations=4 (full 0):
 garbage-first heap   total 262144K, used 156127K [0x00000000f0000000, 0x00000000f0100800, 0x0000000100000000)
  region size 1024K, 153 young (156672K), 12 survivors (12288K)
 Metaspace       used 36492K, capacity 38702K, committed 39040K, reserved 1083392K
  class space    used 4717K, capacity 5127K, committed 5248K, reserved 1048576K
2023-10-03T06:44:53.949+0800: 1.812: [GC pause (G1 Evacuation Pause) (young), 0.0099631 secs]
   [Parallel Time: 7.6 ms, GC Workers: 10]
      [GC Worker Start (ms): Min: 1811.8, Avg: 1811.9, Max: 1812.0, Diff: 0.1]
      [Ext Root Scanning (ms): Min: 0.1, Avg: 0.4, Max: 2.0, Diff: 1.9, Sum: 4.1]
      [Update RS (ms): Min: 0.0, Avg: 0.0, Max: 0.0, Diff: 0.0, Sum: 0.0]
         [Processed Buffers: Min: 0, Avg: 0.0, Max: 0, Diff: 0, Sum: 0]
      [Scan RS (ms): Min: 0.0, Avg: 0.0, Max: 0.0, Diff: 0.0, Sum: 0.1]
      [Code Root Scanning (ms): Min: 0.0, Avg: 2.1, Max: 7.1, Diff: 7.1, Sum: 21.4]
      [Object Copy (ms): Min: 0.2, Avg: 4.4, Max: 6.7, Diff: 6.5, Sum: 44.4]
      [Termination (ms): Min: 0.0, Avg: 0.5, Max: 0.6, Diff: 0.6, Sum: 4.9]
         [Termination Attempts: Min: 1, Avg: 63.9, Max: 106, Diff: 105, Sum: 639]
      [GC Worker Other (ms): Min: 0.0, Avg: 0.0, Max: 0.0, Diff: 0.0, Sum: 0.1]
      [GC Worker Total (ms): Min: 7.4, Avg: 7.5, Max: 7.6, Diff: 0.1, Sum: 75.0]
      [GC Worker End (ms): Min: 1819.4, Avg: 1819.4, Max: 1819.4, Diff: 0.0]
   [Code Root Fixup: 0.2 ms]
   [Code Root Purge: 0.0 ms]
   [Clear CT: 0.3 ms]
   [Other: 1.8 ms]
      [Choose CSet: 0.0 ms]
      [Ref Proc: 1.4 ms]
      [Ref Enq: 0.0 ms]
      [Redirty Cards: 0.2 ms]
      [Humongous Register: 0.0 ms]
      [Humongous Reclaim: 0.0 ms]
      [Free CSet: 0.2 ms]
   [Eden: 141.0M(141.0M)->0.0B(137.0M) Survivors: 12288.0K->16384.0K Heap: 152.5M(256.0M)->16384.0K(256.0M)]
Heap after GC invocations=5 (full 0):
 garbage-first heap   total 262144K, used 16383K [0x00000000f0000000, 0x00000000f0100800, 0x0000000100000000)
  region size 1024K, 16 young (16384K), 16 survivors (16384K)
 Metaspace       used 36492K, capacity 38702K, committed 39040K, reserved 1083392K
  class space    used 4717K, capacity 5127K, committed 5248K, reserved 1048576K
}
 [Times: user=0.10 sys=0.00, real=0.01 secs] 
{Heap before GC invocations=5 (full 0):
 garbage-first heap   total 262144K, used 156671K [0x00000000f0000000, 0x00000000f0100800, 0x0000000100000000)
  region size 1024K, 153 young (156672K), 16 survivors (16384K)
 Metaspace       used 44664K, capacity 47520K, committed 47872K, reserved 1091584K
  class space    used 5763K, capacity 6278K, committed 6400K, reserved 1048576K
2023-10-03T06:45:33.754+0800: 41.617: [GC pause (G1 Evacuation Pause) (young), 0.0121247 secs]
   [Parallel Time: 9.8 ms, GC Workers: 10]
      [GC Worker Start (ms): Min: 41617.1, Avg: 41617.2, Max: 41617.3, Diff: 0.2]
      [Ext Root Scanning (ms): Min: 0.1, Avg: 0.7, Max: 3.6, Diff: 3.4, Sum: 7.4]
      [Update RS (ms): Min: 0.0, Avg: 0.0, Max: 0.0, Diff: 0.0, Sum: 0.0]
         [Processed Buffers: Min: 0, Avg: 0.0, Max: 0, Diff: 0, Sum: 0]
      [Scan RS (ms): Min: 0.0, Avg: 0.0, Max: 0.0, Diff: 0.0, Sum: 0.1]
      [Code Root Scanning (ms): Min: 0.0, Avg: 0.4, Max: 1.0, Diff: 1.0, Sum: 4.2]
      [Object Copy (ms): Min: 5.9, Avg: 8.1, Max: 8.9, Diff: 3.0, Sum: 80.8]
      [Termination (ms): Min: 0.0, Avg: 0.1, Max: 0.1, Diff: 0.1, Sum: 0.7]
         [Termination Attempts: Min: 1, Avg: 155.7, Max: 190, Diff: 189, Sum: 1557]
      [GC Worker Other (ms): Min: 0.0, Avg: 0.0, Max: 0.1, Diff: 0.1, Sum: 0.3]
      [GC Worker Total (ms): Min: 9.2, Avg: 9.3, Max: 9.5, Diff: 0.3, Sum: 93.5]
      [GC Worker End (ms): Min: 41626.6, Avg: 41626.6, Max: 41626.6, Diff: 0.1]
   [Code Root Fixup: 0.1 ms]
   [Code Root Purge: 0.0 ms]
   [Clear CT: 0.5 ms]
   [Other: 1.7 ms]
      [Choose CSet: 0.0 ms]
      [Ref Proc: 0.8 ms]
      [Ref Enq: 0.0 ms]
      [Redirty Cards: 0.6 ms]
      [Humongous Register: 0.0 ms]
      [Humongous Reclaim: 0.0 ms]
      [Free CSet: 0.1 ms]
   [Eden: 137.0M(137.0M)->0.0B(138.0M) Survivors: 16384.0K->15360.0K Heap: 153.0M(256.0M)->19208.5K(256.0M)]
Heap after GC invocations=6 (full 0):
 garbage-first heap   total 262144K, used 19208K [0x00000000f0000000, 0x00000000f0100800, 0x0000000100000000)
  region size 1024K, 15 young (15360K), 15 survivors (15360K)
 Metaspace       used 44664K, capacity 47520K, committed 47872K, reserved 1091584K
  class space    used 5763K, capacity 6278K, committed 6400K, reserved 1048576K
}
 [Times: user=0.09 sys=0.02, real=0.01 secs] 
{Heap before GC invocations=6 (full 0):
 garbage-first heap   total 262144K, used 70408K [0x00000000f0000000, 0x00000000f0100800, 0x0000000100000000)
  region size 1024K, 65 young (66560K), 15 survivors (15360K)
 Metaspace       used 50795K, capacity 54006K, committed 54144K, reserved 1095680K
  class space    used 6445K, capacity 7021K, committed 7040K, reserved 1048576K
2023-10-03T06:45:34.381+0800: 42.244: [GC pause (G1 Evacuation Pause) (young), 0.0080207 secs]
   [Parallel Time: 6.6 ms, GC Workers: 10]
      [GC Worker Start (ms): Min: 42244.4, Avg: 42244.5, Max: 42244.6, Diff: 0.1]
      [Ext Root Scanning (ms): Min: 0.1, Avg: 0.5, Max: 2.2, Diff: 2.1, Sum: 4.7]
      [Update RS (ms): Min: 0.0, Avg: 0.2, Max: 0.4, Diff: 0.4, Sum: 1.9]
         [Processed Buffers: Min: 0, Avg: 2.0, Max: 6, Diff: 6, Sum: 20]
      [Scan RS (ms): Min: 0.0, Avg: 0.1, Max: 0.2, Diff: 0.2, Sum: 1.5]
      [Code Root Scanning (ms): Min: 0.0, Avg: 0.4, Max: 1.8, Diff: 1.8, Sum: 3.8]
      [Object Copy (ms): Min: 4.3, Avg: 5.2, Max: 5.6, Diff: 1.3, Sum: 51.9]
      [Termination (ms): Min: 0.0, Avg: 0.1, Max: 0.1, Diff: 0.1, Sum: 0.8]
         [Termination Attempts: Min: 1, Avg: 37.3, Max: 57, Diff: 56, Sum: 373]
      [GC Worker Other (ms): Min: 0.0, Avg: 0.0, Max: 0.0, Diff: 0.0, Sum: 0.1]
      [GC Worker Total (ms): Min: 6.4, Avg: 6.5, Max: 6.6, Diff: 0.2, Sum: 64.7]
      [GC Worker End (ms): Min: 42251.0, Avg: 42251.0, Max: 42251.0, Diff: 0.0]
   [Code Root Fixup: 0.0 ms]
   [Code Root Purge: 0.0 ms]
   [Clear CT: 0.3 ms]
   [Other: 1.1 ms]
      [Choose CSet: 0.0 ms]
      [Ref Proc: 0.5 ms]
      [Ref Enq: 0.0 ms]
      [Redirty Cards: 0.4 ms]
      [Humongous Register: 0.0 ms]
      [Humongous Reclaim: 0.0 ms]
      [Free CSet: 0.1 ms]
   [Eden: 51200.0K(1024.0K)->0.0B(151.0M) Survivors: 15360.0K->2048.0K Heap: 70408.5K(256.0M)->25142.5K(256.0M)]
Heap after GC invocations=7 (full 0):
 garbage-first heap   total 262144K, used 25142K [0x00000000f0000000, 0x00000000f0100800, 0x0000000100000000)
  region size 1024K, 2 young (2048K), 2 survivors (2048K)
 Metaspace       used 50795K, capacity 54006K, committed 54144K, reserved 1095680K
  class space    used 6445K, capacity 7021K, committed 7040K, reserved 1048576K
}
 [Times: user=0.09 sys=0.00, real=0.00 secs] 
{Heap before GC invocations=7 (full 0):
 garbage-first heap   total 262144K, used 179766K [0x00000000f0000000, 0x00000000f0100800, 0x0000000100000000)
  region size 1024K, 153 young (156672K), 2 survivors (2048K)
 Metaspace       used 52416K, capacity 55638K, committed 55680K, reserved 1097728K
  class space    used 6447K, capacity 7021K, committed 7040K, reserved 1048576K
2023-10-03T06:45:37.498+0800: 45.361: [GC pause (G1 Evacuation Pause) (young), 0.0032052 secs]
   [Parallel Time: 1.9 ms, GC Workers: 10]
      [GC Worker Start (ms): Min: 45361.3, Avg: 45361.4, Max: 45361.5, Diff: 0.1]
      [Ext Root Scanning (ms): Min: 0.1, Avg: 0.3, Max: 0.8, Diff: 0.7, Sum: 2.6]
      [Update RS (ms): Min: 0.1, Avg: 0.6, Max: 0.7, Diff: 0.6, Sum: 5.7]
         [Processed Buffers: Min: 2, Avg: 4.1, Max: 8, Diff: 6, Sum: 41]
      [Scan RS (ms): Min: 0.0, Avg: 0.1, Max: 0.2, Diff: 0.2, Sum: 1.1]
      [Code Root Scanning (ms): Min: 0.0, Avg: 0.1, Max: 0.6, Diff: 0.6, Sum: 1.4]
      [Object Copy (ms): Min: 0.1, Avg: 0.3, Max: 0.5, Diff: 0.4, Sum: 3.2]
      [Termination (ms): Min: 0.0, Avg: 0.1, Max: 0.2, Diff: 0.2, Sum: 1.4]
         [Termination Attempts: Min: 1, Avg: 3.3, Max: 6, Diff: 5, Sum: 33]
      [GC Worker Other (ms): Min: 0.0, Avg: 0.0, Max: 0.0, Diff: 0.0, Sum: 0.1]
      [GC Worker Total (ms): Min: 1.5, Avg: 1.5, Max: 1.6, Diff: 0.1, Sum: 15.4]
      [GC Worker End (ms): Min: 45362.9, Avg: 45363.0, Max: 45363.0, Diff: 0.0]
   [Code Root Fixup: 0.0 ms]
   [Code Root Purge: 0.0 ms]
   [Clear CT: 0.4 ms]
   [Other: 0.9 ms]
      [Choose CSet: 0.0 ms]
      [Ref Proc: 0.4 ms]
      [Ref Enq: 0.0 ms]
      [Redirty Cards: 0.4 ms]
      [Humongous Register: 0.0 ms]
      [Humongous Reclaim: 0.0 ms]
      [Free CSet: 0.0 ms]
   [Eden: 151.0M(151.0M)->0.0B(147.0M) Survivors: 2048.0K->6144.0K Heap: 175.6M(256.0M)->29106.6K(256.0M)]
Heap after GC invocations=8 (full 0):
 garbage-first heap   total 262144K, used 29106K [0x00000000f0000000, 0x00000000f0100800, 0x0000000100000000)
  region size 1024K, 6 young (6144K), 6 survivors (6144K)
 Metaspace       used 52416K, capacity 55638K, committed 55680K, reserved 1097728K
  class space    used 6447K, capacity 7021K, committed 7040K, reserved 1048576K
}
 [Times: user=0.03 sys=0.00, real=0.01 secs] 
{Heap before GC invocations=8 (full 0):
 garbage-first heap   total 262144K, used 179634K [0x00000000f0000000, 0x00000000f0100800, 0x0000000100000000)
  region size 1024K, 153 young (156672K), 6 survivors (6144K)
 Metaspace       used 52423K, capacity 55644K, committed 55680K, reserved 1097728K
  class space    used 6449K, capacity 7022K, committed 7040K, reserved 1048576K
2023-10-03T06:45:40.643+0800: 48.506: [GC pause (G1 Evacuation Pause) (young), 0.0062838 secs]
   [Parallel Time: 3.6 ms, GC Workers: 10]
      [GC Worker Start (ms): Min: 48506.5, Avg: 48506.7, Max: 48506.9, Diff: 0.4]
      [Ext Root Scanning (ms): Min: 0.4, Avg: 0.8, Max: 2.0, Diff: 1.6, Sum: 7.6]
      [Update RS (ms): Min: 0.0, Avg: 0.5, Max: 1.0, Diff: 1.0, Sum: 5.4]
         [Processed Buffers: Min: 0, Avg: 2.8, Max: 11, Diff: 11, Sum: 28]
      [Scan RS (ms): Min: 0.0, Avg: 0.0, Max: 0.1, Diff: 0.1, Sum: 0.3]
      [Code Root Scanning (ms): Min: 0.0, Avg: 0.4, Max: 0.9, Diff: 0.9, Sum: 4.0]
      [Object Copy (ms): Min: 0.7, Avg: 1.0, Max: 1.5, Diff: 0.8, Sum: 10.2]
      [Termination (ms): Min: 0.0, Avg: 0.0, Max: 0.0, Diff: 0.0, Sum: 0.0]
         [Termination Attempts: Min: 1, Avg: 1.1, Max: 2, Diff: 1, Sum: 11]
      [GC Worker Other (ms): Min: 0.0, Avg: 0.0, Max: 0.1, Diff: 0.1, Sum: 0.3]
      [GC Worker Total (ms): Min: 2.6, Avg: 2.8, Max: 3.0, Diff: 0.4, Sum: 27.8]
      [GC Worker End (ms): Min: 48509.5, Avg: 48509.5, Max: 48509.6, Diff: 0.1]
   [Code Root Fixup: 0.0 ms]
   [Code Root Purge: 0.0 ms]
   [Clear CT: 1.1 ms]
   [Other: 1.6 ms]
      [Choose CSet: 0.0 ms]
      [Ref Proc: 0.6 ms]
      [Ref Enq: 0.0 ms]
      [Redirty Cards: 0.8 ms]
      [Humongous Register: 0.0 ms]
      [Humongous Reclaim: 0.0 ms]
      [Free CSet: 0.1 ms]
   [Eden: 147.0M(147.0M)->0.0B(150.0M) Survivors: 6144.0K->3072.0K Heap: 175.4M(256.0M)->25778.2K(256.0M)]
Heap after GC invocations=9 (full 0):
 garbage-first heap   total 262144K, used 25778K [0x00000000f0000000, 0x00000000f0100800, 0x0000000100000000)
  region size 1024K, 3 young (3072K), 3 survivors (3072K)
 Metaspace       used 52423K, capacity 55644K, committed 55680K, reserved 1097728K
  class space    used 6449K, capacity 7022K, committed 7040K, reserved 1048576K
}
 [Times: user=0.04 sys=0.00, real=0.00 secs] 
{Heap before GC invocations=9 (full 0):
 garbage-first heap   total 262144K, used 179378K [0x00000000f0000000, 0x00000000f0100800, 0x0000000100000000)
  region size 1024K, 153 young (156672K), 3 survivors (3072K)
 Metaspace       used 52436K, capacity 55644K, committed 55680K, reserved 1097728K
  class space    used 6451K, capacity 7022K, committed 7040K, reserved 1048576K
2023-10-03T06:45:43.985+0800: 51.848: [GC pause (G1 Evacuation Pause) (young), 0.0022885 secs]
   [Parallel Time: 1.2 ms, GC Workers: 10]
      [GC Worker Start (ms): Min: 51848.2, Avg: 51848.3, Max: 51848.3, Diff: 0.1]
      [Ext Root Scanning (ms): Min: 0.1, Avg: 0.3, Max: 0.9, Diff: 0.7, Sum: 2.7]
      [Update RS (ms): Min: 0.0, Avg: 0.2, Max: 0.3, Diff: 0.3, Sum: 1.8]
         [Processed Buffers: Min: 0, Avg: 2.9, Max: 10, Diff: 10, Sum: 29]
      [Scan RS (ms): Min: 0.0, Avg: 0.0, Max: 0.0, Diff: 0.0, Sum: 0.1]
      [Code Root Scanning (ms): Min: 0.0, Avg: 0.1, Max: 0.6, Diff: 0.6, Sum: 1.1]
      [Object Copy (ms): Min: 0.0, Avg: 0.4, Max: 0.5, Diff: 0.5, Sum: 3.6]
      [Termination (ms): Min: 0.0, Avg: 0.1, Max: 0.1, Diff: 0.1, Sum: 0.6]
         [Termination Attempts: Min: 1, Avg: 4.9, Max: 9, Diff: 8, Sum: 49]
      [GC Worker Other (ms): Min: 0.0, Avg: 0.0, Max: 0.0, Diff: 0.0, Sum: 0.1]
      [GC Worker Total (ms): Min: 0.9, Avg: 1.0, Max: 1.1, Diff: 0.2, Sum: 10.1]
      [GC Worker End (ms): Min: 51849.3, Avg: 51849.3, Max: 51849.3, Diff: 0.0]
   [Code Root Fixup: 0.0 ms]
   [Code Root Purge: 0.0 ms]
   [Clear CT: 0.3 ms]
   [Other: 0.8 ms]
      [Choose CSet: 0.0 ms]
      [Ref Proc: 0.4 ms]
      [Ref Enq: 0.0 ms]
      [Redirty Cards: 0.3 ms]
      [Humongous Register: 0.0 ms]
      [Humongous Reclaim: 0.0 ms]
      [Free CSet: 0.0 ms]
   [Eden: 150.0M(150.0M)->0.0B(150.0M) Survivors: 3072.0K->3072.0K Heap: 175.2M(256.0M)->26043.5K(256.0M)]
Heap after GC invocations=10 (full 0):
 garbage-first heap   total 262144K, used 26043K [0x00000000f0000000, 0x00000000f0100800, 0x0000000100000000)
  region size 1024K, 3 young (3072K), 3 survivors (3072K)
 Metaspace       used 52436K, capacity 55644K, committed 55680K, reserved 1097728K
  class space    used 6451K, capacity 7022K, committed 7040K, reserved 1048576K
}
 [Times: user=0.01 sys=0.00, real=0.00 secs] 
{Heap before GC invocations=10 (full 0):
 garbage-first heap   total 262144K, used 179643K [0x00000000f0000000, 0x00000000f0100800, 0x0000000100000000)
  region size 1024K, 153 young (156672K), 3 survivors (3072K)
 Metaspace       used 52474K, capacity 55644K, committed 55680K, reserved 1097728K
  class space    used 6456K, capacity 7022K, committed 7040K, reserved 1048576K
2023-10-03T06:45:47.528+0800: 55.391: [GC pause (G1 Evacuation Pause) (young), 0.0021154 secs]
   [Parallel Time: 1.1 ms, GC Workers: 10]
      [GC Worker Start (ms): Min: 55391.5, Avg: 55391.6, Max: 55391.6, Diff: 0.2]
      [Ext Root Scanning (ms): Min: 0.1, Avg: 0.2, Max: 0.8, Diff: 0.7, Sum: 2.3]
      [Update RS (ms): Min: 0.0, Avg: 0.2, Max: 0.3, Diff: 0.3, Sum: 1.6]
         [Processed Buffers: Min: 0, Avg: 2.5, Max: 11, Diff: 11, Sum: 25]
      [Scan RS (ms): Min: 0.0, Avg: 0.0, Max: 0.0, Diff: 0.0, Sum: 0.1]
      [Code Root Scanning (ms): Min: 0.0, Avg: 0.1, Max: 0.6, Diff: 0.6, Sum: 1.1]
      [Object Copy (ms): Min: 0.0, Avg: 0.3, Max: 0.5, Diff: 0.5, Sum: 3.4]
      [Termination (ms): Min: 0.0, Avg: 0.1, Max: 0.1, Diff: 0.1, Sum: 0.7]
         [Termination Attempts: Min: 1, Avg: 6.3, Max: 12, Diff: 11, Sum: 63]
      [GC Worker Other (ms): Min: 0.0, Avg: 0.0, Max: 0.0, Diff: 0.0, Sum: 0.1]
      [GC Worker Total (ms): Min: 0.9, Avg: 0.9, Max: 1.0, Diff: 0.2, Sum: 9.2]
      [GC Worker End (ms): Min: 55392.5, Avg: 55392.5, Max: 55392.5, Diff: 0.0]
   [Code Root Fixup: 0.0 ms]
   [Code Root Purge: 0.0 ms]
   [Clear CT: 0.4 ms]
   [Other: 0.7 ms]
      [Choose CSet: 0.0 ms]
      [Ref Proc: 0.4 ms]
      [Ref Enq: 0.0 ms]
      [Redirty Cards: 0.2 ms]
      [Humongous Register: 0.0 ms]
      [Humongous Reclaim: 0.0 ms]
      [Free CSet: 0.0 ms]
   [Eden: 150.0M(150.0M)->0.0B(150.0M) Survivors: 3072.0K->3072.0K Heap: 175.4M(256.0M)->26060.0K(256.0M)]
Heap after GC invocations=11 (full 0):
 garbage-first heap   total 262144K, used 26059K [0x00000000f0000000, 0x00000000f0100800, 0x0000000100000000)
  region size 1024K, 3 young (3072K), 3 survivors (3072K)
 Metaspace       used 52474K, capacity 55644K, committed 55680K, reserved 1097728K
  class space    used 6456K, capacity 7022K, committed 7040K, reserved 1048576K
}
 [Times: user=0.01 sys=0.00, real=0.01 secs] 
{Heap before GC invocations=11 (full 0):
 garbage-first heap   total 262144K, used 179659K [0x00000000f0000000, 0x00000000f0100800, 0x0000000100000000)
  region size 1024K, 153 young (156672K), 3 survivors (3072K)
 Metaspace       used 52475K, capacity 55644K, committed 55680K, reserved 1097728K
  class space    used 6456K, capacity 7022K, committed 7040K, reserved 1048576K
2023-10-03T06:45:51.078+0800: 58.942: [GC pause (G1 Evacuation Pause) (young), 0.0021731 secs]
   [Parallel Time: 1.3 ms, GC Workers: 10]
      [GC Worker Start (ms): Min: 58941.6, Avg: 58941.7, Max: 58941.7, Diff: 0.1]
      [Ext Root Scanning (ms): Min: 0.1, Avg: 0.2, Max: 0.9, Diff: 0.8, Sum: 2.4]
      [Update RS (ms): Min: 0.0, Avg: 0.2, Max: 0.3, Diff: 0.3, Sum: 1.6]
         [Processed Buffers: Min: 0, Avg: 2.6, Max: 10, Diff: 10, Sum: 26]
      [Scan RS (ms): Min: 0.0, Avg: 0.0, Max: 0.0, Diff: 0.0, Sum: 0.1]
      [Code Root Scanning (ms): Min: 0.0, Avg: 0.1, Max: 0.7, Diff: 0.7, Sum: 1.1]
      [Object Copy (ms): Min: 0.0, Avg: 0.3, Max: 0.5, Diff: 0.5, Sum: 3.2]
      [Termination (ms): Min: 0.0, Avg: 0.1, Max: 0.2, Diff: 0.2, Sum: 1.3]
         [Termination Attempts: Min: 1, Avg: 4.5, Max: 7, Diff: 6, Sum: 45]
      [GC Worker Other (ms): Min: 0.0, Avg: 0.0, Max: 0.0, Diff: 0.0, Sum: 0.1]
      [GC Worker Total (ms): Min: 0.9, Avg: 1.0, Max: 1.1, Diff: 0.2, Sum: 9.8]
      [GC Worker End (ms): Min: 58942.6, Avg: 58942.6, Max: 58942.7, Diff: 0.1]
   [Code Root Fixup: 0.0 ms]
   [Code Root Purge: 0.0 ms]
   [Clear CT: 0.4 ms]
   [Other: 0.5 ms]
      [Choose CSet: 0.0 ms]
      [Ref Proc: 0.2 ms]
      [Ref Enq: 0.0 ms]
      [Redirty Cards: 0.2 ms]
      [Humongous Register: 0.0 ms]
      [Humongous Reclaim: 0.0 ms]
      [Free CSet: 0.1 ms]
   [Eden: 150.0M(150.0M)->0.0B(150.0M) Survivors: 3072.0K->3072.0K Heap: 175.4M(256.0M)->26111.2K(256.0M)]
Heap after GC invocations=12 (full 0):
 garbage-first heap   total 262144K, used 26111K [0x00000000f0000000, 0x00000000f0100800, 0x0000000100000000)
  region size 1024K, 3 young (3072K), 3 survivors (3072K)
 Metaspace       used 52475K, capacity 55644K, committed 55680K, reserved 1097728K
  class space    used 6456K, capacity 7022K, committed 7040K, reserved 1048576K
}
 [Times: user=0.01 sys=0.00, real=0.01 secs] 
{Heap before GC invocations=12 (full 0):
 garbage-first heap   total 262144K, used 179711K [0x00000000f0000000, 0x00000000f0100800, 0x0000000100000000)
  region size 1024K, 153 young (156672K), 3 survivors (3072K)
 Metaspace       used 52481K, capacity 55708K, committed 55936K, reserved 1097728K
  class space    used 6456K, capacity 7022K, committed 7040K, reserved 1048576K
2023-10-03T06:45:54.750+0800: 62.613: [GC pause (G1 Evacuation Pause) (young), 0.0092193 secs]
   [Parallel Time: 4.7 ms, GC Workers: 10]
      [GC Worker Start (ms): Min: 62613.2, Avg: 62613.5, Max: 62613.7, Diff: 0.5]
      [Ext Root Scanning (ms): Min: 0.6, Avg: 1.0, Max: 2.7, Diff: 2.1, Sum: 10.0]
      [Update RS (ms): Min: 0.0, Avg: 0.8, Max: 1.5, Diff: 1.5, Sum: 8.1]
         [Processed Buffers: Min: 0, Avg: 2.4, Max: 8, Diff: 8, Sum: 24]
      [Scan RS (ms): Min: 0.0, Avg: 0.0, Max: 0.1, Diff: 0.1, Sum: 0.4]
      [Code Root Scanning (ms): Min: 0.0, Avg: 0.5, Max: 2.6, Diff: 2.6, Sum: 5.2]
      [Object Copy (ms): Min: 0.2, Avg: 1.5, Max: 2.4, Diff: 2.2, Sum: 15.1]
      [Termination (ms): Min: 0.0, Avg: 0.3, Max: 0.4, Diff: 0.4, Sum: 3.5]
         [Termination Attempts: Min: 1, Avg: 2.2, Max: 3, Diff: 2, Sum: 22]
      [GC Worker Other (ms): Min: 0.0, Avg: 0.0, Max: 0.0, Diff: 0.0, Sum: 0.3]
      [GC Worker Total (ms): Min: 4.0, Avg: 4.3, Max: 4.5, Diff: 0.6, Sum: 42.6]
      [GC Worker End (ms): Min: 62617.6, Avg: 62617.7, Max: 62617.8, Diff: 0.1]
   [Code Root Fixup: 0.0 ms]
   [Code Root Purge: 0.0 ms]
   [Clear CT: 1.3 ms]
   [Other: 3.1 ms]
      [Choose CSet: 0.0 ms]
      [Ref Proc: 1.3 ms]
      [Ref Enq: 0.0 ms]
      [Redirty Cards: 1.5 ms]
      [Humongous Register: 0.0 ms]
      [Humongous Reclaim: 0.0 ms]
      [Free CSet: 0.2 ms]
   [Eden: 150.0M(150.0M)->0.0B(149.0M) Survivors: 3072.0K->4096.0K Heap: 175.5M(256.0M)->26273.5K(256.0M)]
Heap after GC invocations=13 (full 0):
 garbage-first heap   total 262144K, used 26273K [0x00000000f0000000, 0x00000000f0100800, 0x0000000100000000)
  region size 1024K, 4 young (4096K), 4 survivors (4096K)
 Metaspace       used 52481K, capacity 55708K, committed 55936K, reserved 1097728K
  class space    used 6456K, capacity 7022K, committed 7040K, reserved 1048576K
}
 [Times: user=0.05 sys=0.00, real=0.00 secs] 
{Heap before GC invocations=13 (full 0):
 garbage-first heap   total 262144K, used 178849K [0x00000000f0000000, 0x00000000f0100800, 0x0000000100000000)
  region size 1024K, 153 young (156672K), 4 survivors (4096K)
 Metaspace       used 52499K, capacity 55712K, committed 55936K, reserved 1097728K
  class space    used 6456K, capacity 7022K, committed 7040K, reserved 1048576K
2023-10-03T06:45:58.347+0800: 66.210: [GC pause (G1 Evacuation Pause) (young), 0.0100037 secs]
   [Parallel Time: 5.3 ms, GC Workers: 10]
      [GC Worker Start (ms): Min: 66209.9, Avg: 66210.2, Max: 66210.4, Diff: 0.5]
      [Ext Root Scanning (ms): Min: 0.7, Avg: 1.1, Max: 2.6, Diff: 1.9, Sum: 10.7]
      [Update RS (ms): Min: 0.0, Avg: 0.8, Max: 1.4, Diff: 1.4, Sum: 7.9]
         [Processed Buffers: Min: 0, Avg: 2.3, Max: 11, Diff: 11, Sum: 23]
      [Scan RS (ms): Min: 0.0, Avg: 0.0, Max: 0.1, Diff: 0.1, Sum: 0.4]
      [Code Root Scanning (ms): Min: 0.0, Avg: 0.5, Max: 2.5, Diff: 2.5, Sum: 4.9]
      [Object Copy (ms): Min: 0.2, Avg: 1.6, Max: 2.5, Diff: 2.3, Sum: 16.2]
      [Termination (ms): Min: 0.0, Avg: 0.0, Max: 0.1, Diff: 0.1, Sum: 0.4]
         [Termination Attempts: Min: 1, Avg: 1.0, Max: 1, Diff: 0, Sum: 10]
      [GC Worker Other (ms): Min: 0.0, Avg: 0.1, Max: 0.2, Diff: 0.2, Sum: 0.5]
      [GC Worker Total (ms): Min: 3.9, Avg: 4.1, Max: 4.3, Diff: 0.5, Sum: 41.0]
      [GC Worker End (ms): Min: 66214.3, Avg: 66214.3, Max: 66214.4, Diff: 0.2]
   [Code Root Fixup: 0.0 ms]
   [Code Root Purge: 0.0 ms]
   [Clear CT: 1.4 ms]
   [Other: 3.3 ms]
      [Choose CSet: 0.0 ms]
      [Ref Proc: 1.7 ms]
      [Ref Enq: 0.0 ms]
      [Redirty Cards: 1.3 ms]
      [Humongous Register: 0.0 ms]
      [Humongous Reclaim: 0.0 ms]
      [Free CSet: 0.2 ms]
   [Eden: 149.0M(149.0M)->0.0B(150.0M) Survivors: 4096.0K->3072.0K Heap: 174.7M(256.0M)->26136.9K(256.0M)]
Heap after GC invocations=14 (full 0):
 garbage-first heap   total 262144K, used 26136K [0x00000000f0000000, 0x00000000f0100800, 0x0000000100000000)
  region size 1024K, 3 young (3072K), 3 survivors (3072K)
 Metaspace       used 52499K, capacity 55712K, committed 55936K, reserved 1097728K
  class space    used 6456K, capacity 7022K, committed 7040K, reserved 1048576K
}
 [Times: user=0.04 sys=0.01, real=0.01 secs] 
{Heap before GC invocations=14 (full 0):
 garbage-first heap   total 262144K, used 179736K [0x00000000f0000000, 0x00000000f0100800, 0x0000000100000000)
  region size 1024K, 153 young (156672K), 3 survivors (3072K)
 Metaspace       used 52509K, capacity 55712K, committed 55936K, reserved 1097728K
  class space    used 6456K, capacity 7022K, committed 7040K, reserved 1048576K
2023-10-03T06:46:02.059+0800: 69.922: [GC pause (G1 Evacuation Pause) (young), 0.0094307 secs]
   [Parallel Time: 4.7 ms, GC Workers: 10]
      [GC Worker Start (ms): Min: 69922.1, Avg: 69922.4, Max: 69922.6, Diff: 0.5]
      [Ext Root Scanning (ms): Min: 0.7, Avg: 1.1, Max: 2.5, Diff: 1.9, Sum: 10.7]
      [Update RS (ms): Min: 0.0, Avg: 0.8, Max: 1.5, Diff: 1.5, Sum: 8.0]
         [Processed Buffers: Min: 0, Avg: 2.3, Max: 9, Diff: 9, Sum: 23]
      [Scan RS (ms): Min: 0.0, Avg: 0.0, Max: 0.1, Diff: 0.1, Sum: 0.4]
      [Code Root Scanning (ms): Min: 0.0, Avg: 0.4, Max: 2.1, Diff: 2.1, Sum: 4.1]
      [Object Copy (ms): Min: 0.1, Avg: 1.4, Max: 2.1, Diff: 2.0, Sum: 13.9]
      [Termination (ms): Min: 0.0, Avg: 0.0, Max: 0.0, Diff: 0.0, Sum: 0.1]
         [Termination Attempts: Min: 1, Avg: 1.7, Max: 3, Diff: 2, Sum: 17]
      [GC Worker Other (ms): Min: 0.0, Avg: 0.0, Max: 0.1, Diff: 0.1, Sum: 0.5]
      [GC Worker Total (ms): Min: 3.5, Avg: 3.8, Max: 4.0, Diff: 0.5, Sum: 37.6]
      [GC Worker End (ms): Min: 69926.1, Avg: 69926.1, Max: 69926.2, Diff: 0.1]
   [Code Root Fixup: 0.0 ms]
   [Code Root Purge: 0.0 ms]
   [Clear CT: 1.3 ms]
   [Other: 3.4 ms]
      [Choose CSet: 0.0 ms]
      [Ref Proc: 1.7 ms]
      [Ref Enq: 0.0 ms]
      [Redirty Cards: 1.4 ms]
      [Humongous Register: 0.0 ms]
      [Humongous Reclaim: 0.0 ms]
      [Free CSet: 0.2 ms]
   [Eden: 150.0M(150.0M)->0.0B(149.0M) Survivors: 3072.0K->4096.0K Heap: 175.5M(256.0M)->26343.6K(256.0M)]
Heap after GC invocations=15 (full 0):
 garbage-first heap   total 262144K, used 26343K [0x00000000f0000000, 0x00000000f0100800, 0x0000000100000000)
  region size 1024K, 4 young (4096K), 4 survivors (4096K)
 Metaspace       used 52509K, capacity 55712K, committed 55936K, reserved 1097728K
  class space    used 6456K, capacity 7022K, committed 7040K, reserved 1048576K
}
 [Times: user=0.04 sys=0.00, real=0.01 secs] 
{Heap before GC invocations=15 (full 0):
 garbage-first heap   total 262144K, used 178919K [0x00000000f0000000, 0x00000000f0100800, 0x0000000100000000)
  region size 1024K, 153 young (156672K), 4 survivors (4096K)
 Metaspace       used 52512K, capacity 55712K, committed 55936K, reserved 1097728K
  class space    used 6456K, capacity 7022K, committed 7040K, reserved 1048576K
2023-10-03T06:46:05.755+0800: 73.618: [GC pause (G1 Evacuation Pause) (young), 0.0104753 secs]
   [Parallel Time: 5.4 ms, GC Workers: 10]
      [GC Worker Start (ms): Min: 73618.5, Avg: 73618.8, Max: 73619.0, Diff: 0.5]
      [Ext Root Scanning (ms): Min: 0.7, Avg: 1.1, Max: 2.6, Diff: 1.9, Sum: 10.7]
      [Update RS (ms): Min: 0.0, Avg: 0.8, Max: 1.5, Diff: 1.5, Sum: 8.0]
         [Processed Buffers: Min: 0, Avg: 2.8, Max: 12, Diff: 12, Sum: 28]
      [Scan RS (ms): Min: 0.0, Avg: 0.0, Max: 0.1, Diff: 0.1, Sum: 0.4]
      [Code Root Scanning (ms): Min: 0.0, Avg: 0.4, Max: 2.1, Diff: 2.1, Sum: 4.2]
      [Object Copy (ms): Min: 0.5, Avg: 1.5, Max: 2.2, Diff: 1.7, Sum: 15.3]
      [Termination (ms): Min: 0.0, Avg: 0.0, Max: 0.0, Diff: 0.0, Sum: 0.0]
         [Termination Attempts: Min: 1, Avg: 1.1, Max: 2, Diff: 1, Sum: 11]
      [GC Worker Other (ms): Min: 0.0, Avg: 0.0, Max: 0.1, Diff: 0.1, Sum: 0.4]
      [GC Worker Total (ms): Min: 3.7, Avg: 3.9, Max: 4.2, Diff: 0.5, Sum: 39.0]
      [GC Worker End (ms): Min: 73622.7, Avg: 73622.7, Max: 73622.7, Diff: 0.1]
   [Code Root Fixup: 0.0 ms]
   [Code Root Purge: 0.0 ms]
   [Clear CT: 1.5 ms]
   [Other: 3.5 ms]
      [Choose CSet: 0.0 ms]
      [Ref Proc: 1.7 ms]
      [Ref Enq: 0.0 ms]
      [Redirty Cards: 1.5 ms]
      [Humongous Register: 0.0 ms]
      [Humongous Reclaim: 0.0 ms]
      [Free CSet: 0.2 ms]
   [Eden: 149.0M(149.0M)->0.0B(149.0M) Survivors: 4096.0K->4096.0K Heap: 174.7M(256.0M)->26340.0K(256.0M)]
Heap after GC invocations=16 (full 0):
 garbage-first heap   total 262144K, used 26339K [0x00000000f0000000, 0x00000000f0100800, 0x0000000100000000)
  region size 1024K, 4 young (4096K), 4 survivors (4096K)
 Metaspace       used 52512K, capacity 55712K, committed 55936K, reserved 1097728K
  class space    used 6456K, capacity 7022K, committed 7040K, reserved 1048576K
}
 [Times: user=0.05 sys=0.00, real=0.01 secs] 
{Heap before GC invocations=16 (full 0):
 garbage-first heap   total 262144K, used 178915K [0x00000000f0000000, 0x00000000f0100800, 0x0000000100000000)
  region size 1024K, 153 young (156672K), 4 survivors (4096K)
 Metaspace       used 52525K, capacity 55712K, committed 55936K, reserved 1097728K
  class space    used 6456K, capacity 7022K, committed 7040K, reserved 1048576K
2023-10-03T06:46:09.663+0800: 77.526: [GC pause (G1 Evacuation Pause) (young), 0.0089306 secs]
   [Parallel Time: 4.4 ms, GC Workers: 10]
      [GC Worker Start (ms): Min: 77526.3, Avg: 77526.6, Max: 77526.8, Diff: 0.5]
      [Ext Root Scanning (ms): Min: 0.6, Avg: 1.0, Max: 2.5, Diff: 1.9, Sum: 10.1]
      [Update RS (ms): Min: 0.0, Avg: 0.8, Max: 1.4, Diff: 1.4, Sum: 8.1]
         [Processed Buffers: Min: 0, Avg: 2.5, Max: 9, Diff: 9, Sum: 25]
      [Scan RS (ms): Min: 0.0, Avg: 0.0, Max: 0.1, Diff: 0.1, Sum: 0.4]
      [Code Root Scanning (ms): Min: 0.0, Avg: 0.4, Max: 2.1, Diff: 2.1, Sum: 4.1]
      [Object Copy (ms): Min: 0.7, Avg: 1.6, Max: 2.4, Diff: 1.7, Sum: 16.3]
      [Termination (ms): Min: 0.0, Avg: 0.0, Max: 0.0, Diff: 0.0, Sum: 0.0]
         [Termination Attempts: Min: 1, Avg: 1.0, Max: 1, Diff: 0, Sum: 10]
      [GC Worker Other (ms): Min: 0.0, Avg: 0.0, Max: 0.1, Diff: 0.0, Sum: 0.3]
      [GC Worker Total (ms): Min: 3.7, Avg: 3.9, Max: 4.2, Diff: 0.5, Sum: 39.2]
      [GC Worker End (ms): Min: 77530.5, Avg: 77530.5, Max: 77530.5, Diff: 0.0]
   [Code Root Fixup: 0.0 ms]
   [Code Root Purge: 0.0 ms]
   [Clear CT: 1.3 ms]
   [Other: 3.2 ms]
      [Choose CSet: 0.0 ms]
      [Ref Proc: 1.5 ms]
      [Ref Enq: 0.0 ms]
      [Redirty Cards: 1.4 ms]
      [Humongous Register: 0.0 ms]
      [Humongous Reclaim: 0.0 ms]
      [Free CSet: 0.1 ms]
   [Eden: 149.0M(149.0M)->0.0B(149.0M) Survivors: 4096.0K->4096.0K Heap: 174.7M(256.0M)->26683.9K(256.0M)]
Heap after GC invocations=17 (full 0):
 garbage-first heap   total 262144K, used 26683K [0x00000000f0000000, 0x00000000f0100800, 0x0000000100000000)
  region size 1024K, 4 young (4096K), 4 survivors (4096K)
 Metaspace       used 52525K, capacity 55712K, committed 55936K, reserved 1097728K
  class space    used 6456K, capacity 7022K, committed 7040K, reserved 1048576K
}
 [Times: user=0.05 sys=0.00, real=0.01 secs] 
{Heap before GC invocations=17 (full 0):
 garbage-first heap   total 262144K, used 179259K [0x00000000f0000000, 0x00000000f0100800, 0x0000000100000000)
  region size 1024K, 153 young (156672K), 4 survivors (4096K)
 Metaspace       used 52534K, capacity 55712K, committed 55936K, reserved 1097728K
  class space    used 6456K, capacity 7022K, committed 7040K, reserved 1048576K
2023-10-03T06:46:13.374+0800: 81.237: [GC pause (G1 Evacuation Pause) (young), 0.0098935 secs]
   [Parallel Time: 5.0 ms, GC Workers: 10]
      [GC Worker Start (ms): Min: 81237.6, Avg: 81237.9, Max: 81238.1, Diff: 0.6]
      [Ext Root Scanning (ms): Min: 0.7, Avg: 1.0, Max: 2.5, Diff: 1.8, Sum: 10.4]
      [Update RS (ms): Min: 0.0, Avg: 0.9, Max: 1.5, Diff: 1.5, Sum: 8.6]
         [Processed Buffers: Min: 0, Avg: 2.6, Max: 10, Diff: 10, Sum: 26]
      [Scan RS (ms): Min: 0.0, Avg: 0.0, Max: 0.1, Diff: 0.1, Sum: 0.4]
      [Code Root Scanning (ms): Min: 0.0, Avg: 0.3, Max: 1.7, Diff: 1.7, Sum: 3.4]
      [Object Copy (ms): Min: 0.9, Avg: 1.6, Max: 2.0, Diff: 1.1, Sum: 15.5]
      [Termination (ms): Min: 0.0, Avg: 0.0, Max: 0.0, Diff: 0.0, Sum: 0.0]
         [Termination Attempts: Min: 1, Avg: 1.1, Max: 2, Diff: 1, Sum: 11]
      [GC Worker Other (ms): Min: 0.0, Avg: 0.0, Max: 0.1, Diff: 0.1, Sum: 0.4]
      [GC Worker Total (ms): Min: 3.6, Avg: 3.9, Max: 4.2, Diff: 0.6, Sum: 38.7]
      [GC Worker End (ms): Min: 81241.7, Avg: 81241.7, Max: 81241.8, Diff: 0.1]
   [Code Root Fixup: 0.0 ms]
   [Code Root Purge: 0.0 ms]
   [Clear CT: 1.5 ms]
   [Other: 3.4 ms]
      [Choose CSet: 0.0 ms]
      [Ref Proc: 1.6 ms]
      [Ref Enq: 0.0 ms]
      [Redirty Cards: 1.5 ms]
      [Humongous Register: 0.0 ms]
      [Humongous Reclaim: 0.0 ms]
      [Free CSet: 0.2 ms]
   [Eden: 149.0M(149.0M)->0.0B(150.0M) Survivors: 4096.0K->3072.0K Heap: 175.1M(256.0M)->25666.9K(256.0M)]
Heap after GC invocations=18 (full 0):
 garbage-first heap   total 262144K, used 25666K [0x00000000f0000000, 0x00000000f0100800, 0x0000000100000000)
  region size 1024K, 3 young (3072K), 3 survivors (3072K)
 Metaspace       used 52534K, capacity 55712K, committed 55936K, reserved 1097728K
  class space    used 6456K, capacity 7022K, committed 7040K, reserved 1048576K
}
 [Times: user=0.05 sys=0.00, real=0.01 secs] 
{Heap before GC invocations=18 (full 0):
 garbage-first heap   total 262144K, used 179266K [0x00000000f0000000, 0x00000000f0100800, 0x0000000100000000)
  region size 1024K, 153 young (156672K), 3 survivors (3072K)
 Metaspace       used 52538K, capacity 55712K, committed 55936K, reserved 1097728K
  class space    used 6456K, capacity 7022K, committed 7040K, reserved 1048576K
2023-10-03T06:46:17.130+0800: 84.993: [GC pause (G1 Evacuation Pause) (young), 0.0108461 secs]
   [Parallel Time: 5.8 ms, GC Workers: 10]
      [GC Worker Start (ms): Min: 84993.2, Avg: 84993.5, Max: 84993.8, Diff: 0.6]
      [Ext Root Scanning (ms): Min: 0.6, Avg: 1.0, Max: 2.6, Diff: 1.9, Sum: 10.5]
      [Update RS (ms): Min: 0.0, Avg: 0.8, Max: 1.5, Diff: 1.5, Sum: 8.1]
         [Processed Buffers: Min: 0, Avg: 2.5, Max: 10, Diff: 10, Sum: 25]
      [Scan RS (ms): Min: 0.0, Avg: 0.0, Max: 0.1, Diff: 0.1, Sum: 0.4]
      [Code Root Scanning (ms): Min: 0.0, Avg: 0.4, Max: 3.2, Diff: 3.2, Sum: 3.6]
      [Object Copy (ms): Min: 0.3, Avg: 1.5, Max: 2.0, Diff: 1.7, Sum: 15.2]
      [Termination (ms): Min: 0.0, Avg: 1.4, Max: 1.6, Diff: 1.6, Sum: 14.5]
         [Termination Attempts: Min: 1, Avg: 1.0, Max: 1, Diff: 0, Sum: 10]
      [GC Worker Other (ms): Min: 0.0, Avg: 0.0, Max: 0.1, Diff: 0.1, Sum: 0.3]
      [GC Worker Total (ms): Min: 4.8, Avg: 5.3, Max: 5.6, Diff: 0.8, Sum: 52.5]
      [GC Worker End (ms): Min: 84998.3, Avg: 84998.8, Max: 84998.9, Diff: 0.6]
   [Code Root Fixup: 0.0 ms]
   [Code Root Purge: 0.0 ms]
   [Clear CT: 1.5 ms]
   [Other: 3.5 ms]
      [Choose CSet: 0.0 ms]
      [Ref Proc: 1.7 ms]
      [Ref Enq: 0.0 ms]
      [Redirty Cards: 1.5 ms]
      [Humongous Register: 0.0 ms]
      [Humongous Reclaim: 0.0 ms]
      [Free CSet: 0.1 ms]
   [Eden: 150.0M(150.0M)->0.0B(150.0M) Survivors: 3072.0K->3072.0K Heap: 175.1M(256.0M)->25956.0K(256.0M)]
Heap after GC invocations=19 (full 0):
 garbage-first heap   total 262144K, used 25955K [0x00000000f0000000, 0x00000000f0100800, 0x0000000100000000)
  region size 1024K, 3 young (3072K), 3 survivors (3072K)
 Metaspace       used 52538K, capacity 55712K, committed 55936K, reserved 1097728K
  class space    used 6456K, capacity 7022K, committed 7040K, reserved 1048576K
}
 [Times: user=0.06 sys=0.00, real=0.01 secs] 
{Heap before GC invocations=19 (full 0):
 garbage-first heap   total 262144K, used 179555K [0x00000000f0000000, 0x00000000f0100800, 0x0000000100000000)
  region size 1024K, 153 young (156672K), 3 survivors (3072K)
 Metaspace       used 52553K, capacity 55776K, committed 55936K, reserved 1097728K
  class space    used 6456K, capacity 7022K, committed 7040K, reserved 1048576K
2023-10-03T06:46:20.468+0800: 88.332: [GC pause (G1 Evacuation Pause) (young), 0.0023854 secs]
   [Parallel Time: 1.2 ms, GC Workers: 10]
      [GC Worker Start (ms): Min: 88331.5, Avg: 88331.6, Max: 88331.7, Diff: 0.2]
      [Ext Root Scanning (ms): Min: 0.1, Avg: 0.3, Max: 0.9, Diff: 0.7, Sum: 2.5]
      [Update RS (ms): Min: 0.0, Avg: 0.2, Max: 0.3, Diff: 0.3, Sum: 1.7]
         [Processed Buffers: Min: 0, Avg: 2.5, Max: 9, Diff: 9, Sum: 25]
      [Scan RS (ms): Min: 0.0, Avg: 0.0, Max: 0.0, Diff: 0.0, Sum: 0.1]
      [Code Root Scanning (ms): Min: 0.0, Avg: 0.1, Max: 0.5, Diff: 0.5, Sum: 0.8]
      [Object Copy (ms): Min: 0.1, Avg: 0.4, Max: 0.5, Diff: 0.4, Sum: 3.9]
      [Termination (ms): Min: 0.0, Avg: 0.0, Max: 0.0, Diff: 0.0, Sum: 0.0]
         [Termination Attempts: Min: 1, Avg: 6.4, Max: 9, Diff: 8, Sum: 64]
      [GC Worker Other (ms): Min: 0.0, Avg: 0.0, Max: 0.0, Diff: 0.0, Sum: 0.2]
      [GC Worker Total (ms): Min: 0.8, Avg: 0.9, Max: 1.0, Diff: 0.2, Sum: 9.2]
      [GC Worker End (ms): Min: 88332.5, Avg: 88332.6, Max: 88332.6, Diff: 0.0]
   [Code Root Fixup: 0.0 ms]
   [Code Root Purge: 0.0 ms]
   [Clear CT: 0.4 ms]
   [Other: 0.8 ms]
      [Choose CSet: 0.0 ms]
      [Ref Proc: 0.3 ms]
      [Ref Enq: 0.0 ms]
      [Redirty Cards: 0.3 ms]
      [Humongous Register: 0.0 ms]
      [Humongous Reclaim: 0.0 ms]
      [Free CSet: 0.0 ms]
   [Eden: 150.0M(150.0M)->0.0B(149.0M) Survivors: 3072.0K->4096.0K Heap: 175.3M(256.0M)->26222.5K(256.0M)]
Heap after GC invocations=20 (full 0):
 garbage-first heap   total 262144K, used 26222K [0x00000000f0000000, 0x00000000f0100800, 0x0000000100000000)
  region size 1024K, 4 young (4096K), 4 survivors (4096K)
 Metaspace       used 52553K, capacity 55776K, committed 55936K, reserved 1097728K
  class space    used 6456K, capacity 7022K, committed 7040K, reserved 1048576K
}
 [Times: user=0.01 sys=0.00, real=0.01 secs] 
{Heap before GC invocations=20 (full 0):
 garbage-first heap   total 262144K, used 178798K [0x00000000f0000000, 0x00000000f0100800, 0x0000000100000000)
  region size 1024K, 153 young (156672K), 4 survivors (4096K)
 Metaspace       used 52561K, capacity 55776K, committed 55936K, reserved 1097728K
  class space    used 6456K, capacity 7022K, committed 7040K, reserved 1048576K
2023-10-03T06:46:22.310+0800: 90.173: [GC pause (G1 Evacuation Pause) (young), 0.0022923 secs]
   [Parallel Time: 1.1 ms, GC Workers: 10]
      [GC Worker Start (ms): Min: 90173.2, Avg: 90173.3, Max: 90173.3, Diff: 0.1]
      [Ext Root Scanning (ms): Min: 0.1, Avg: 0.3, Max: 0.9, Diff: 0.8, Sum: 2.7]
      [Update RS (ms): Min: 0.0, Avg: 0.2, Max: 0.3, Diff: 0.3, Sum: 1.7]
         [Processed Buffers: Min: 0, Avg: 2.5, Max: 10, Diff: 10, Sum: 25]
      [Scan RS (ms): Min: 0.0, Avg: 0.0, Max: 0.0, Diff: 0.0, Sum: 0.1]
      [Code Root Scanning (ms): Min: 0.0, Avg: 0.1, Max: 0.4, Diff: 0.4, Sum: 0.7]
      [Object Copy (ms): Min: 0.1, Avg: 0.4, Max: 0.5, Diff: 0.4, Sum: 3.9]
      [Termination (ms): Min: 0.0, Avg: 0.0, Max: 0.0, Diff: 0.0, Sum: 0.0]
         [Termination Attempts: Min: 1, Avg: 6.3, Max: 10, Diff: 9, Sum: 63]
      [GC Worker Other (ms): Min: 0.0, Avg: 0.0, Max: 0.0, Diff: 0.0, Sum: 0.1]
      [GC Worker Total (ms): Min: 0.9, Avg: 0.9, Max: 1.0, Diff: 0.2, Sum: 9.2]
      [GC Worker End (ms): Min: 90174.2, Avg: 90174.2, Max: 90174.2, Diff: 0.0]
   [Code Root Fixup: 0.0 ms]
   [Code Root Purge: 0.0 ms]
   [Clear CT: 0.4 ms]
   [Other: 0.8 ms]
      [Choose CSet: 0.0 ms]
      [Ref Proc: 0.4 ms]
      [Ref Enq: 0.0 ms]
      [Redirty Cards: 0.3 ms]
      [Humongous Register: 0.0 ms]
      [Humongous Reclaim: 0.0 ms]
      [Free CSet: 0.0 ms]
   [Eden: 149.0M(149.0M)->0.0B(149.0M) Survivors: 4096.0K->4096.0K Heap: 174.6M(256.0M)->26412.2K(256.0M)]
Heap after GC invocations=21 (full 0):
 garbage-first heap   total 262144K, used 26412K [0x00000000f0000000, 0x00000000f0100800, 0x0000000100000000)
  region size 1024K, 4 young (4096K), 4 survivors (4096K)
 Metaspace       used 52561K, capacity 55776K, committed 55936K, reserved 1097728K
  class space    used 6456K, capacity 7022K, committed 7040K, reserved 1048576K
}
 [Times: user=0.01 sys=0.00, real=0.00 secs] 
{Heap before GC invocations=21 (full 0):
 garbage-first heap   total 262144K, used 178988K [0x00000000f0000000, 0x00000000f0100800, 0x0000000100000000)
  region size 1024K, 153 young (156672K), 4 survivors (4096K)
 Metaspace       used 52562K, capacity 55776K, committed 55936K, reserved 1097728K
  class space    used 6456K, capacity 7022K, committed 7040K, reserved 1048576K
2023-10-03T06:46:24.018+0800: 91.881: [GC pause (G1 Evacuation Pause) (young), 0.0024088 secs]
   [Parallel Time: 1.3 ms, GC Workers: 10]
      [GC Worker Start (ms): Min: 91881.5, Avg: 91881.5, Max: 91881.6, Diff: 0.1]
      [Ext Root Scanning (ms): Min: 0.1, Avg: 0.3, Max: 0.9, Diff: 0.7, Sum: 2.7]
      [Update RS (ms): Min: 0.0, Avg: 0.2, Max: 0.3, Diff: 0.3, Sum: 1.8]
         [Processed Buffers: Min: 0, Avg: 2.5, Max: 8, Diff: 8, Sum: 25]
      [Scan RS (ms): Min: 0.0, Avg: 0.0, Max: 0.0, Diff: 0.0, Sum: 0.1]
      [Code Root Scanning (ms): Min: 0.0, Avg: 0.1, Max: 0.5, Diff: 0.5, Sum: 0.9]
      [Object Copy (ms): Min: 0.1, Avg: 0.4, Max: 0.6, Diff: 0.5, Sum: 4.3]
      [Termination (ms): Min: 0.0, Avg: 0.0, Max: 0.0, Diff: 0.0, Sum: 0.1]
         [Termination Attempts: Min: 1, Avg: 11.8, Max: 16, Diff: 15, Sum: 118]
      [GC Worker Other (ms): Min: 0.0, Avg: 0.0, Max: 0.0, Diff: 0.0, Sum: 0.1]
      [GC Worker Total (ms): Min: 0.9, Avg: 1.0, Max: 1.1, Diff: 0.1, Sum: 10.1]
      [GC Worker End (ms): Min: 91882.5, Avg: 91882.5, Max: 91882.6, Diff: 0.0]
   [Code Root Fixup: 0.0 ms]
   [Code Root Purge: 0.0 ms]
   [Clear CT: 0.3 ms]
   [Other: 0.8 ms]
      [Choose CSet: 0.0 ms]
      [Ref Proc: 0.3 ms]
      [Ref Enq: 0.0 ms]
      [Redirty Cards: 0.3 ms]
      [Humongous Register: 0.0 ms]
      [Humongous Reclaim: 0.0 ms]
      [Free CSet: 0.0 ms]
   [Eden: 149.0M(149.0M)->0.0B(150.0M) Survivors: 4096.0K->3072.0K Heap: 174.8M(256.0M)->27028.9K(256.0M)]
Heap after GC invocations=22 (full 0):
 garbage-first heap   total 262144K, used 27028K [0x00000000f0000000, 0x00000000f0100800, 0x0000000100000000)
  region size 1024K, 3 young (3072K), 3 survivors (3072K)
 Metaspace       used 52562K, capacity 55776K, committed 55936K, reserved 1097728K
  class space    used 6456K, capacity 7022K, committed 7040K, reserved 1048576K
}
 [Times: user=0.01 sys=0.00, real=0.01 secs] 
{Heap before GC invocations=22 (full 0):
 garbage-first heap   total 262144K, used 180628K [0x00000000f0000000, 0x00000000f0100800, 0x0000000100000000)
  region size 1024K, 153 young (156672K), 3 survivors (3072K)
 Metaspace       used 52563K, capacity 55776K, committed 55936K, reserved 1097728K
  class space    used 6456K, capacity 7022K, committed 7040K, reserved 1048576K
2023-10-03T06:46:25.860+0800: 93.723: [GC pause (G1 Evacuation Pause) (young), 0.0106052 secs]
   [Parallel Time: 5.8 ms, GC Workers: 10]
      [GC Worker Start (ms): Min: 93723.4, Avg: 93723.6, Max: 93723.9, Diff: 0.5]
      [Ext Root Scanning (ms): Min: 0.4, Avg: 1.6, Max: 2.5, Diff: 2.0, Sum: 15.6]
      [Update RS (ms): Min: 1.6, Avg: 1.8, Max: 2.0, Diff: 0.3, Sum: 17.5]
         [Processed Buffers: Min: 1, Avg: 3.3, Max: 9, Diff: 8, Sum: 33]
      [Scan RS (ms): Min: 0.0, Avg: 0.0, Max: 0.1, Diff: 0.1, Sum: 0.4]
      [Code Root Scanning (ms): Min: 0.0, Avg: 0.2, Max: 0.7, Diff: 0.7, Sum: 2.2]
      [Object Copy (ms): Min: 0.7, Avg: 1.2, Max: 2.2, Diff: 1.5, Sum: 12.2]
      [Termination (ms): Min: 0.0, Avg: 0.0, Max: 0.0, Diff: 0.0, Sum: 0.0]
         [Termination Attempts: Min: 1, Avg: 1.0, Max: 1, Diff: 0, Sum: 10]
      [GC Worker Other (ms): Min: 0.0, Avg: 0.0, Max: 0.1, Diff: 0.1, Sum: 0.4]
      [GC Worker Total (ms): Min: 4.6, Avg: 4.8, Max: 5.1, Diff: 0.5, Sum: 48.4]
      [GC Worker End (ms): Min: 93728.4, Avg: 93728.5, Max: 93728.5, Diff: 0.1]
   [Code Root Fixup: 0.0 ms]
   [Code Root Purge: 0.0 ms]
   [Clear CT: 2.0 ms]
   [Other: 2.8 ms]
      [Choose CSet: 0.0 ms]
      [Ref Proc: 1.1 ms]
      [Ref Enq: 0.0 ms]
      [Redirty Cards: 1.5 ms]
      [Humongous Register: 0.0 ms]
      [Humongous Reclaim: 0.0 ms]
      [Free CSet: 0.1 ms]
   [Eden: 150.0M(150.0M)->0.0B(151.0M) Survivors: 3072.0K->2048.0K Heap: 176.4M(256.0M)->26398.8K(256.0M)]
Heap after GC invocations=23 (full 0):
 garbage-first heap   total 262144K, used 26398K [0x00000000f0000000, 0x00000000f0100800, 0x0000000100000000)
  region size 1024K, 2 young (2048K), 2 survivors (2048K)
 Metaspace       used 52563K, capacity 55776K, committed 55936K, reserved 1097728K
  class space    used 6456K, capacity 7022K, committed 7040K, reserved 1048576K
}
 [Times: user=0.05 sys=0.00, real=0.01 secs] 
{Heap before GC invocations=23 (full 0):
 garbage-first heap   total 262144K, used 181022K [0x00000000f0000000, 0x00000000f0100800, 0x0000000100000000)
  region size 1024K, 153 young (156672K), 2 survivors (2048K)
 Metaspace       used 52575K, capacity 55776K, committed 55936K, reserved 1097728K
  class space    used 6456K, capacity 7022K, committed 7040K, reserved 1048576K
2023-10-03T06:46:27.780+0800: 95.644: [GC pause (G1 Evacuation Pause) (young), 0.0018713 secs]
   [Parallel Time: 0.8 ms, GC Workers: 10]
      [GC Worker Start (ms): Min: 95643.6, Avg: 95643.7, Max: 95643.7, Diff: 0.2]
      [Ext Root Scanning (ms): Min: 0.1, Avg: 0.2, Max: 0.6, Diff: 0.5, Sum: 2.4]
      [Update RS (ms): Min: 0.0, Avg: 0.1, Max: 0.2, Diff: 0.2, Sum: 1.0]
         [Processed Buffers: Min: 0, Avg: 2.4, Max: 7, Diff: 7, Sum: 24]
      [Scan RS (ms): Min: 0.0, Avg: 0.0, Max: 0.0, Diff: 0.0, Sum: 0.1]
      [Code Root Scanning (ms): Min: 0.0, Avg: 0.0, Max: 0.1, Diff: 0.1, Sum: 0.1]
      [Object Copy (ms): Min: 0.0, Avg: 0.1, Max: 0.2, Diff: 0.2, Sum: 1.1]
      [Termination (ms): Min: 0.0, Avg: 0.1, Max: 0.2, Diff: 0.2, Sum: 1.4]
         [Termination Attempts: Min: 1, Avg: 1.0, Max: 1, Diff: 0, Sum: 10]
      [GC Worker Other (ms): Min: 0.0, Avg: 0.0, Max: 0.0, Diff: 0.0, Sum: 0.1]
      [GC Worker Total (ms): Min: 0.6, Avg: 0.6, Max: 0.7, Diff: 0.1, Sum: 6.2]
      [GC Worker End (ms): Min: 95644.2, Avg: 95644.3, Max: 95644.3, Diff: 0.1]
   [Code Root Fixup: 0.0 ms]
   [Code Root Purge: 0.0 ms]
   [Clear CT: 0.3 ms]
   [Other: 0.7 ms]
      [Choose CSet: 0.0 ms]
      [Ref Proc: 0.4 ms]
      [Ref Enq: 0.0 ms]
      [Redirty Cards: 0.3 ms]
      [Humongous Register: 0.0 ms]
      [Humongous Reclaim: 0.0 ms]
      [Free CSet: 0.0 ms]
   [Eden: 151.0M(151.0M)->0.0B(152.0M) Survivors: 2048.0K->1024.0K Heap: 176.8M(256.0M)->26280.6K(256.0M)]
Heap after GC invocations=24 (full 0):
 garbage-first heap   total 262144K, used 26280K [0x00000000f0000000, 0x00000000f0100800, 0x0000000100000000)
  region size 1024K, 1 young (1024K), 1 survivors (1024K)
 Metaspace       used 52575K, capacity 55776K, committed 55936K, reserved 1097728K
  class space    used 6456K, capacity 7022K, committed 7040K, reserved 1048576K
}
 [Times: user=0.00 sys=0.00, real=0.00 secs] 
{Heap before GC invocations=24 (full 0):
 garbage-first heap   total 262144K, used 181928K [0x00000000f0000000, 0x00000000f0100800, 0x0000000100000000)
  region size 1024K, 153 young (156672K), 1 survivors (1024K)
 Metaspace       used 52577K, capacity 55776K, committed 55936K, reserved 1097728K
  class space    used 6456K, capacity 7022K, committed 7040K, reserved 1048576K
2023-10-03T06:46:29.546+0800: 97.410: [GC pause (G1 Evacuation Pause) (young), 0.0073020 secs]
   [Parallel Time: 3.0 ms, GC Workers: 10]
      [GC Worker Start (ms): Min: 97409.8, Avg: 97410.1, Max: 97410.3, Diff: 0.5]
      [Ext Root Scanning (ms): Min: 0.7, Avg: 1.0, Max: 1.5, Diff: 0.8, Sum: 10.0]
      [Update RS (ms): Min: 0.1, Avg: 0.3, Max: 0.4, Diff: 0.3, Sum: 2.8]
         [Processed Buffers: Min: 1, Avg: 2.6, Max: 7, Diff: 6, Sum: 26]
      [Scan RS (ms): Min: 0.0, Avg: 0.0, Max: 0.1, Diff: 0.1, Sum: 0.5]
      [Code Root Scanning (ms): Min: 0.0, Avg: 0.0, Max: 0.3, Diff: 0.3, Sum: 0.3]
      [Object Copy (ms): Min: 0.2, Avg: 0.4, Max: 0.5, Diff: 0.3, Sum: 4.0]
      [Termination (ms): Min: 0.0, Avg: 0.0, Max: 0.0, Diff: 0.0, Sum: 0.1]
         [Termination Attempts: Min: 1, Avg: 1.2, Max: 2, Diff: 1, Sum: 12]
      [GC Worker Other (ms): Min: 0.0, Avg: 0.0, Max: 0.1, Diff: 0.1, Sum: 0.3]
      [GC Worker Total (ms): Min: 1.6, Avg: 1.8, Max: 2.1, Diff: 0.5, Sum: 18.0]
      [GC Worker End (ms): Min: 97411.9, Avg: 97411.9, Max: 97411.9, Diff: 0.1]
   [Code Root Fixup: 0.0 ms]
   [Code Root Purge: 0.0 ms]
   [Clear CT: 1.5 ms]
   [Other: 2.8 ms]
      [Choose CSet: 0.0 ms]
      [Ref Proc: 1.3 ms]
      [Ref Enq: 0.0 ms]
      [Redirty Cards: 1.2 ms]
      [Humongous Register: 0.0 ms]
      [Humongous Reclaim: 0.0 ms]
      [Free CSet: 0.1 ms]
   [Eden: 152.0M(152.0M)->0.0B(152.0M) Survivors: 1024.0K->1024.0K Heap: 177.7M(256.0M)->26151.7K(256.0M)]
Heap after GC invocations=25 (full 0):
 garbage-first heap   total 262144K, used 26151K [0x00000000f0000000, 0x00000000f0100800, 0x0000000100000000)
  region size 1024K, 1 young (1024K), 1 survivors (1024K)
 Metaspace       used 52577K, capacity 55776K, committed 55936K, reserved 1097728K
  class space    used 6456K, capacity 7022K, committed 7040K, reserved 1048576K
}
 [Times: user=0.02 sys=0.00, real=0.01 secs] 
{Heap before GC invocations=25 (full 0):
 garbage-first heap   total 262144K, used 181799K [0x00000000f0000000, 0x00000000f0100800, 0x0000000100000000)
  region size 1024K, 153 young (156672K), 1 survivors (1024K)
 Metaspace       used 52591K, capacity 55776K, committed 55936K, reserved 1097728K
  class space    used 6456K, capacity 7022K, committed 7040K, reserved 1048576K
2023-10-03T06:46:31.397+0800: 99.261: [GC pause (G1 Evacuation Pause) (young), 0.0075957 secs]
   [Parallel Time: 2.7 ms, GC Workers: 10]
      [GC Worker Start (ms): Min: 99260.8, Avg: 99261.1, Max: 99261.3, Diff: 0.5]
      [Ext Root Scanning (ms): Min: 0.7, Avg: 1.0, Max: 1.4, Diff: 0.7, Sum: 9.9]
      [Update RS (ms): Min: 0.1, Avg: 0.3, Max: 0.4, Diff: 0.3, Sum: 2.9]
         [Processed Buffers: Min: 1, Avg: 2.5, Max: 5, Diff: 4, Sum: 25]
      [Scan RS (ms): Min: 0.0, Avg: 0.0, Max: 0.1, Diff: 0.1, Sum: 0.4]
      [Code Root Scanning (ms): Min: 0.0, Avg: 0.0, Max: 0.3, Diff: 0.3, Sum: 0.3]
      [Object Copy (ms): Min: 0.1, Avg: 0.4, Max: 0.5, Diff: 0.4, Sum: 3.9]
      [Termination (ms): Min: 0.0, Avg: 0.0, Max: 0.0, Diff: 0.0, Sum: 0.1]
         [Termination Attempts: Min: 1, Avg: 1.3, Max: 2, Diff: 1, Sum: 13]
      [GC Worker Other (ms): Min: 0.0, Avg: 0.0, Max: 0.1, Diff: 0.1, Sum: 0.3]
      [GC Worker Total (ms): Min: 1.5, Avg: 1.8, Max: 2.0, Diff: 0.5, Sum: 17.8]
      [GC Worker End (ms): Min: 99262.8, Avg: 99262.8, Max: 99262.9, Diff: 0.1]
   [Code Root Fixup: 0.0 ms]
   [Code Root Purge: 0.0 ms]
   [Clear CT: 1.5 ms]
   [Other: 3.4 ms]
      [Choose CSet: 0.0 ms]
      [Ref Proc: 1.7 ms]
      [Ref Enq: 0.0 ms]
      [Redirty Cards: 1.4 ms]
      [Humongous Register: 0.0 ms]
      [Humongous Reclaim: 0.0 ms]
      [Free CSet: 0.1 ms]
   [Eden: 152.0M(152.0M)->0.0B(152.0M) Survivors: 1024.0K->1024.0K Heap: 177.5M(256.0M)->26185.0K(256.0M)]
Heap after GC invocations=26 (full 0):
 garbage-first heap   total 262144K, used 26185K [0x00000000f0000000, 0x00000000f0100800, 0x0000000100000000)
  region size 1024K, 1 young (1024K), 1 survivors (1024K)
 Metaspace       used 52591K, capacity 55776K, committed 55936K, reserved 1097728K
  class space    used 6456K, capacity 7022K, committed 7040K, reserved 1048576K
}
 [Times: user=0.02 sys=0.01, real=0.01 secs] 
{Heap before GC invocations=26 (full 0):
 garbage-first heap   total 262144K, used 181833K [0x00000000f0000000, 0x00000000f0100800, 0x0000000100000000)
  region size 1024K, 153 young (156672K), 1 survivors (1024K)
 Metaspace       used 52603K, capacity 55840K, committed 55936K, reserved 1097728K
  class space    used 6456K, capacity 7022K, committed 7040K, reserved 1048576K
2023-10-03T06:46:33.334+0800: 101.197: [GC pause (G1 Evacuation Pause) (young), 0.0071800 secs]
   [Parallel Time: 2.8 ms, GC Workers: 10]
      [GC Worker Start (ms): Min: 101197.6, Avg: 101197.9, Max: 101198.1, Diff: 0.5]
      [Ext Root Scanning (ms): Min: 0.8, Avg: 1.1, Max: 1.5, Diff: 0.7, Sum: 10.7]
      [Update RS (ms): Min: 0.1, Avg: 0.2, Max: 0.4, Diff: 0.3, Sum: 2.3]
         [Processed Buffers: Min: 1, Avg: 2.4, Max: 5, Diff: 4, Sum: 24]
      [Scan RS (ms): Min: 0.0, Avg: 0.1, Max: 0.1, Diff: 0.1, Sum: 0.6]
      [Code Root Scanning (ms): Min: 0.0, Avg: 0.0, Max: 0.2, Diff: 0.2, Sum: 0.2]
      [Object Copy (ms): Min: 0.2, Avg: 0.4, Max: 0.5, Diff: 0.3, Sum: 4.1]
      [Termination (ms): Min: 0.0, Avg: 0.0, Max: 0.0, Diff: 0.0, Sum: 0.0]
         [Termination Attempts: Min: 1, Avg: 1.0, Max: 1, Diff: 0, Sum: 10]
      [GC Worker Other (ms): Min: 0.0, Avg: 0.0, Max: 0.1, Diff: 0.1, Sum: 0.4]
      [GC Worker Total (ms): Min: 1.6, Avg: 1.8, Max: 2.1, Diff: 0.5, Sum: 18.3]
      [GC Worker End (ms): Min: 101199.7, Avg: 101199.7, Max: 101199.8, Diff: 0.1]
   [Code Root Fixup: 0.0 ms]
   [Code Root Purge: 0.0 ms]
   [Clear CT: 1.5 ms]
   [Other: 2.9 ms]
      [Choose CSet: 0.0 ms]
      [Ref Proc: 1.3 ms]
      [Ref Enq: 0.0 ms]
      [Redirty Cards: 1.3 ms]
      [Humongous Register: 0.0 ms]
      [Humongous Reclaim: 0.0 ms]
      [Free CSet: 0.1 ms]
   [Eden: 152.0M(152.0M)->0.0B(152.0M) Survivors: 1024.0K->1024.0K Heap: 177.6M(256.0M)->26169.2K(256.0M)]
Heap after GC invocations=27 (full 0):
 garbage-first heap   total 262144K, used 26169K [0x00000000f0000000, 0x00000000f0100800, 0x0000000100000000)
  region size 1024K, 1 young (1024K), 1 survivors (1024K)
 Metaspace       used 52603K, capacity 55840K, committed 55936K, reserved 1097728K
  class space    used 6456K, capacity 7022K, committed 7040K, reserved 1048576K
}
 [Times: user=0.02 sys=0.00, real=0.01 secs] 
{Heap before GC invocations=27 (full 0):
 garbage-first heap   total 262144K, used 181817K [0x00000000f0000000, 0x00000000f0100800, 0x0000000100000000)
  region size 1024K, 153 young (156672K), 1 survivors (1024K)
 Metaspace       used 52603K, capacity 55840K, committed 55936K, reserved 1097728K
  class space    used 6456K, capacity 7022K, committed 7040K, reserved 1048576K
2023-10-03T06:46:35.203+0800: 103.066: [GC pause (G1 Evacuation Pause) (young), 0.0074098 secs]
   [Parallel Time: 2.8 ms, GC Workers: 10]
      [GC Worker Start (ms): Min: 103066.6, Avg: 103066.9, Max: 103067.1, Diff: 0.5]
      [Ext Root Scanning (ms): Min: 0.7, Avg: 1.0, Max: 1.7, Diff: 1.0, Sum: 10.5]
      [Update RS (ms): Min: 0.0, Avg: 0.2, Max: 0.3, Diff: 0.3, Sum: 1.9]
         [Processed Buffers: Min: 0, Avg: 2.7, Max: 5, Diff: 5, Sum: 27]
      [Scan RS (ms): Min: 0.0, Avg: 0.1, Max: 0.1, Diff: 0.1, Sum: 0.6]
      [Code Root Scanning (ms): Min: 0.0, Avg: 0.0, Max: 0.3, Diff: 0.3, Sum: 0.3]
      [Object Copy (ms): Min: 0.2, Avg: 0.4, Max: 0.5, Diff: 0.3, Sum: 4.0]
      [Termination (ms): Min: 0.0, Avg: 0.0, Max: 0.0, Diff: 0.0, Sum: 0.1]
         [Termination Attempts: Min: 1, Avg: 1.0, Max: 1, Diff: 0, Sum: 10]
      [GC Worker Other (ms): Min: 0.0, Avg: 0.1, Max: 0.2, Diff: 0.1, Sum: 0.6]
      [GC Worker Total (ms): Min: 1.5, Avg: 1.8, Max: 2.2, Diff: 0.7, Sum: 17.9]
      [GC Worker End (ms): Min: 103068.6, Avg: 103068.7, Max: 103068.8, Diff: 0.2]
   [Code Root Fixup: 0.0 ms]
   [Code Root Purge: 0.0 ms]
   [Clear CT: 1.4 ms]
   [Other: 3.2 ms]
      [Choose CSet: 0.0 ms]
      [Ref Proc: 1.5 ms]
      [Ref Enq: 0.0 ms]
      [Redirty Cards: 1.5 ms]
      [Humongous Register: 0.0 ms]
      [Humongous Reclaim: 0.0 ms]
      [Free CSet: 0.1 ms]
   [Eden: 152.0M(152.0M)->0.0B(152.0M) Survivors: 1024.0K->1024.0K Heap: 177.6M(256.0M)->26234.0K(256.0M)]
Heap after GC invocations=28 (full 0):
 garbage-first heap   total 262144K, used 26233K [0x00000000f0000000, 0x00000000f0100800, 0x0000000100000000)
  region size 1024K, 1 young (1024K), 1 survivors (1024K)
 Metaspace       used 52603K, capacity 55840K, committed 55936K, reserved 1097728K
  class space    used 6456K, capacity 7022K, committed 7040K, reserved 1048576K
}
 [Times: user=0.02 sys=0.01, real=0.01 secs] 
{Heap before GC invocations=28 (full 0):
 garbage-first heap   total 262144K, used 181881K [0x00000000f0000000, 0x00000000f0100800, 0x0000000100000000)
  region size 1024K, 153 young (156672K), 1 survivors (1024K)
 Metaspace       used 52603K, capacity 55840K, committed 55936K, reserved 1097728K
  class space    used 6456K, capacity 7022K, committed 7040K, reserved 1048576K
2023-10-03T06:46:37.030+0800: 104.893: [GC pause (G1 Evacuation Pause) (young), 0.0020066 secs]
   [Parallel Time: 0.9 ms, GC Workers: 10]
      [GC Worker Start (ms): Min: 104892.8, Avg: 104892.9, Max: 104893.0, Diff: 0.1]
      [Ext Root Scanning (ms): Min: 0.2, Avg: 0.3, Max: 0.6, Diff: 0.5, Sum: 2.5]
      [Update RS (ms): Min: 0.0, Avg: 0.0, Max: 0.1, Diff: 0.1, Sum: 0.4]
         [Processed Buffers: Min: 0, Avg: 2.5, Max: 5, Diff: 5, Sum: 25]
      [Scan RS (ms): Min: 0.0, Avg: 0.0, Max: 0.0, Diff: 0.0, Sum: 0.1]
      [Code Root Scanning (ms): Min: 0.0, Avg: 0.0, Max: 0.1, Diff: 0.1, Sum: 0.1]
      [Object Copy (ms): Min: 0.0, Avg: 0.1, Max: 0.1, Diff: 0.1, Sum: 0.6]
      [Termination (ms): Min: 0.0, Avg: 0.3, Max: 0.3, Diff: 0.3, Sum: 2.6]
         [Termination Attempts: Min: 1, Avg: 1.0, Max: 1, Diff: 0, Sum: 10]
      [GC Worker Other (ms): Min: 0.0, Avg: 0.0, Max: 0.0, Diff: 0.0, Sum: 0.1]
      [GC Worker Total (ms): Min: 0.6, Avg: 0.6, Max: 0.7, Diff: 0.1, Sum: 6.4]
      [GC Worker End (ms): Min: 104893.5, Avg: 104893.5, Max: 104893.6, Diff: 0.1]
   [Code Root Fixup: 0.0 ms]
   [Code Root Purge: 0.0 ms]
   [Clear CT: 0.3 ms]
   [Other: 0.8 ms]
      [Choose CSet: 0.0 ms]
      [Ref Proc: 0.4 ms]
      [Ref Enq: 0.0 ms]
      [Redirty Cards: 0.3 ms]
      [Humongous Register: 0.0 ms]
      [Humongous Reclaim: 0.0 ms]
      [Free CSet: 0.0 ms]
   [Eden: 152.0M(152.0M)->0.0B(152.0M) Survivors: 1024.0K->1024.0K Heap: 177.6M(256.0M)->26249.2K(256.0M)]
Heap after GC invocations=29 (full 0):
 garbage-first heap   total 262144K, used 26249K [0x00000000f0000000, 0x00000000f0100800, 0x0000000100000000)
  region size 1024K, 1 young (1024K), 1 survivors (1024K)
 Metaspace       used 52603K, capacity 55840K, committed 55936K, reserved 1097728K
  class space    used 6456K, capacity 7022K, committed 7040K, reserved 1048576K
}
 [Times: user=0.01 sys=0.00, real=0.01 secs] 
{Heap before GC invocations=29 (full 0):
 garbage-first heap   total 262144K, used 181897K [0x00000000f0000000, 0x00000000f0100800, 0x0000000100000000)
  region size 1024K, 153 young (156672K), 1 survivors (1024K)
 Metaspace       used 52603K, capacity 55840K, committed 55936K, reserved 1097728K
  class space    used 6456K, capacity 7022K, committed 7040K, reserved 1048576K
2023-10-03T06:46:38.853+0800: 106.716: [GC pause (G1 Evacuation Pause) (young), 0.0073595 secs]
   [Parallel Time: 2.7 ms, GC Workers: 10]
      [GC Worker Start (ms): Min: 106716.0, Avg: 106716.2, Max: 106716.5, Diff: 0.5]
      [Ext Root Scanning (ms): Min: 0.9, Avg: 1.1, Max: 1.5, Diff: 0.6, Sum: 10.9]
      [Update RS (ms): Min: 0.1, Avg: 0.2, Max: 0.2, Diff: 0.1, Sum: 1.9]
         [Processed Buffers: Min: 1, Avg: 2.5, Max: 3, Diff: 2, Sum: 25]
      [Scan RS (ms): Min: 0.0, Avg: 0.1, Max: 0.1, Diff: 0.1, Sum: 0.7]
      [Code Root Scanning (ms): Min: 0.0, Avg: 0.0, Max: 0.2, Diff: 0.2, Sum: 0.2]
      [Object Copy (ms): Min: 0.2, Avg: 0.4, Max: 0.5, Diff: 0.3, Sum: 4.0]
      [Termination (ms): Min: 0.0, Avg: 0.0, Max: 0.0, Diff: 0.0, Sum: 0.0]
         [Termination Attempts: Min: 1, Avg: 1.0, Max: 1, Diff: 0, Sum: 10]
      [GC Worker Other (ms): Min: 0.0, Avg: 0.0, Max: 0.1, Diff: 0.1, Sum: 0.4]
      [GC Worker Total (ms): Min: 1.6, Avg: 1.8, Max: 2.1, Diff: 0.5, Sum: 18.1]
      [GC Worker End (ms): Min: 106718.0, Avg: 106718.1, Max: 106718.1, Diff: 0.1]
   [Code Root Fixup: 0.0 ms]
   [Code Root Purge: 0.0 ms]
   [Clear CT: 1.5 ms]
   [Other: 3.2 ms]
      [Choose CSet: 0.0 ms]
      [Ref Proc: 1.5 ms]
      [Ref Enq: 0.0 ms]
      [Redirty Cards: 1.5 ms]
      [Humongous Register: 0.0 ms]
      [Humongous Reclaim: 0.0 ms]
      [Free CSet: 0.1 ms]
   [Eden: 152.0M(152.0M)->0.0B(152.0M) Survivors: 1024.0K->1024.0K Heap: 177.6M(256.0M)->26292.6K(256.0M)]
Heap after GC invocations=30 (full 0):
 garbage-first heap   total 262144K, used 26292K [0x00000000f0000000, 0x00000000f0100800, 0x0000000100000000)
  region size 1024K, 1 young (1024K), 1 survivors (1024K)
 Metaspace       used 52603K, capacity 55840K, committed 55936K, reserved 1097728K
  class space    used 6456K, capacity 7022K, committed 7040K, reserved 1048576K
}
 [Times: user=0.02 sys=0.00, real=0.01 secs] 
{Heap before GC invocations=30 (full 0):
 garbage-first heap   total 262144K, used 181940K [0x00000000f0000000, 0x00000000f0100800, 0x0000000100000000)
  region size 1024K, 153 young (156672K), 1 survivors (1024K)
 Metaspace       used 52603K, capacity 55840K, committed 55936K, reserved 1097728K
  class space    used 6456K, capacity 7022K, committed 7040K, reserved 1048576K
2023-10-03T06:46:40.765+0800: 108.628: [GC pause (G1 Evacuation Pause) (young), 0.0068899 secs]
   [Parallel Time: 2.7 ms, GC Workers: 10]
      [GC Worker Start (ms): Min: 108628.7, Avg: 108628.9, Max: 108629.2, Diff: 0.5]
      [Ext Root Scanning (ms): Min: 0.7, Avg: 1.0, Max: 1.5, Diff: 0.7, Sum: 9.9]
      [Update RS (ms): Min: 0.1, Avg: 0.2, Max: 0.3, Diff: 0.2, Sum: 1.9]
         [Processed Buffers: Min: 1, Avg: 2.5, Max: 3, Diff: 2, Sum: 25]
      [Scan RS (ms): Min: 0.0, Avg: 0.1, Max: 0.1, Diff: 0.1, Sum: 0.5]
      [Code Root Scanning (ms): Min: 0.0, Avg: 0.0, Max: 0.2, Diff: 0.2, Sum: 0.2]
      [Object Copy (ms): Min: 0.2, Avg: 0.4, Max: 0.5, Diff: 0.2, Sum: 3.6]
      [Termination (ms): Min: 0.0, Avg: 0.0, Max: 0.0, Diff: 0.0, Sum: 0.0]
         [Termination Attempts: Min: 1, Avg: 1.0, Max: 1, Diff: 0, Sum: 10]
      [GC Worker Other (ms): Min: 0.0, Avg: 0.0, Max: 0.2, Diff: 0.1, Sum: 0.5]
      [GC Worker Total (ms): Min: 1.5, Avg: 1.7, Max: 1.9, Diff: 0.4, Sum: 16.6]
      [GC Worker End (ms): Min: 108630.6, Avg: 108630.6, Max: 108630.7, Diff: 0.1]
   [Code Root Fixup: 0.0 ms]
   [Code Root Purge: 0.0 ms]
   [Clear CT: 1.2 ms]
   [Other: 3.0 ms]
      [Choose CSet: 0.0 ms]
      [Ref Proc: 1.4 ms]
      [Ref Enq: 0.0 ms]
      [Redirty Cards: 1.3 ms]
      [Humongous Register: 0.0 ms]
      [Humongous Reclaim: 0.0 ms]
      [Free CSet: 0.1 ms]
   [Eden: 152.0M(152.0M)->0.0B(152.0M) Survivors: 1024.0K->1024.0K Heap: 177.7M(256.0M)->26182.8K(256.0M)]
Heap after GC invocations=31 (full 0):
 garbage-first heap   total 262144K, used 26182K [0x00000000f0000000, 0x00000000f0100800, 0x0000000100000000)
  region size 1024K, 1 young (1024K), 1 survivors (1024K)
 Metaspace       used 52603K, capacity 55840K, committed 55936K, reserved 1097728K
  class space    used 6456K, capacity 7022K, committed 7040K, reserved 1048576K
}
 [Times: user=0.02 sys=0.00, real=0.01 secs] 
{Heap before GC invocations=31 (full 0):
 garbage-first heap   total 262144K, used 181830K [0x00000000f0000000, 0x00000000f0100800, 0x0000000100000000)
  region size 1024K, 153 young (156672K), 1 survivors (1024K)
 Metaspace       used 52614K, capacity 55840K, committed 55936K, reserved 1097728K
  class space    used 6456K, capacity 7022K, committed 7040K, reserved 1048576K
2023-10-03T06:46:42.692+0800: 110.555: [GC pause (G1 Evacuation Pause) (young), 0.0016935 secs]
   [Parallel Time: 0.8 ms, GC Workers: 10]
      [GC Worker Start (ms): Min: 110554.8, Avg: 110554.9, Max: 110555.0, Diff: 0.2]
      [Ext Root Scanning (ms): Min: 0.1, Avg: 0.2, Max: 0.7, Diff: 0.5, Sum: 2.5]
      [Update RS (ms): Min: 0.0, Avg: 0.0, Max: 0.1, Diff: 0.1, Sum: 0.4]
         [Processed Buffers: Min: 0, Avg: 2.5, Max: 5, Diff: 5, Sum: 25]
      [Scan RS (ms): Min: 0.0, Avg: 0.0, Max: 0.0, Diff: 0.0, Sum: 0.1]
      [Code Root Scanning (ms): Min: 0.0, Avg: 0.0, Max: 0.1, Diff: 0.1, Sum: 0.1]
      [Object Copy (ms): Min: 0.0, Avg: 0.1, Max: 0.1, Diff: 0.1, Sum: 0.7]
      [Termination (ms): Min: 0.0, Avg: 0.3, Max: 0.3, Diff: 0.3, Sum: 2.8]
         [Termination Attempts: Min: 1, Avg: 1.0, Max: 1, Diff: 0, Sum: 10]
      [GC Worker Other (ms): Min: 0.0, Avg: 0.0, Max: 0.0, Diff: 0.0, Sum: 0.0]
      [GC Worker Total (ms): Min: 0.6, Avg: 0.7, Max: 0.7, Diff: 0.1, Sum: 6.6]
      [GC Worker End (ms): Min: 110555.5, Avg: 110555.6, Max: 110555.6, Diff: 0.1]
   [Code Root Fixup: 0.0 ms]
   [Code Root Purge: 0.0 ms]
   [Clear CT: 0.2 ms]
   [Other: 0.8 ms]
      [Choose CSet: 0.0 ms]
      [Ref Proc: 0.5 ms]
      [Ref Enq: 0.0 ms]
      [Redirty Cards: 0.2 ms]
      [Humongous Register: 0.0 ms]
      [Humongous Reclaim: 0.0 ms]
      [Free CSet: 0.0 ms]
   [Eden: 152.0M(152.0M)->0.0B(152.0M) Survivors: 1024.0K->1024.0K Heap: 177.6M(256.0M)->26222.3K(256.0M)]
Heap after GC invocations=32 (full 0):
 garbage-first heap   total 262144K, used 26222K [0x00000000f0000000, 0x00000000f0100800, 0x0000000100000000)
  region size 1024K, 1 young (1024K), 1 survivors (1024K)
 Metaspace       used 52614K, capacity 55840K, committed 55936K, reserved 1097728K
  class space    used 6456K, capacity 7022K, committed 7040K, reserved 1048576K
}
 [Times: user=0.00 sys=0.01, real=0.00 secs] 
{Heap before GC invocations=32 (full 0):
 garbage-first heap   total 262144K, used 181870K [0x00000000f0000000, 0x00000000f0100800, 0x0000000100000000)
  region size 1024K, 153 young (156672K), 1 survivors (1024K)
 Metaspace       used 52626K, capacity 55840K, committed 55936K, reserved 1097728K
  class space    used 6456K, capacity 7022K, committed 7040K, reserved 1048576K
2023-10-03T06:46:44.482+0800: 112.345: [GC pause (G1 Evacuation Pause) (young), 0.0075050 secs]
   [Parallel Time: 2.7 ms, GC Workers: 10]
      [GC Worker Start (ms): Min: 112345.5, Avg: 112345.8, Max: 112346.0, Diff: 0.5]
      [Ext Root Scanning (ms): Min: 0.8, Avg: 1.1, Max: 1.5, Diff: 0.7, Sum: 10.8]
      [Update RS (ms): Min: 0.2, Avg: 0.2, Max: 0.2, Diff: 0.1, Sum: 1.9]
         [Processed Buffers: Min: 1, Avg: 2.5, Max: 4, Diff: 3, Sum: 25]
      [Scan RS (ms): Min: 0.0, Avg: 0.1, Max: 0.1, Diff: 0.0, Sum: 0.7]
      [Code Root Scanning (ms): Min: 0.0, Avg: 0.0, Max: 0.1, Diff: 0.1, Sum: 0.2]
      [Object Copy (ms): Min: 0.3, Avg: 0.4, Max: 0.4, Diff: 0.2, Sum: 3.8]
      [Termination (ms): Min: 0.0, Avg: 0.0, Max: 0.0, Diff: 0.0, Sum: 0.0]
         [Termination Attempts: Min: 1, Avg: 1.1, Max: 2, Diff: 1, Sum: 11]
      [GC Worker Other (ms): Min: 0.0, Avg: 0.1, Max: 0.1, Diff: 0.1, Sum: 0.5]
      [GC Worker Total (ms): Min: 1.6, Avg: 1.8, Max: 2.0, Diff: 0.5, Sum: 17.9]
      [GC Worker End (ms): Min: 112347.5, Avg: 112347.6, Max: 112347.7, Diff: 0.1]
   [Code Root Fixup: 0.0 ms]
   [Code Root Purge: 0.0 ms]
   [Clear CT: 1.5 ms]
   [Other: 3.3 ms]
      [Choose CSet: 0.0 ms]
      [Ref Proc: 1.6 ms]
      [Ref Enq: 0.0 ms]
      [Redirty Cards: 1.5 ms]
      [Humongous Register: 0.0 ms]
      [Humongous Reclaim: 0.0 ms]
      [Free CSet: 0.1 ms]
   [Eden: 152.0M(152.0M)->0.0B(152.0M) Survivors: 1024.0K->1024.0K Heap: 177.6M(256.0M)->26345.5K(256.0M)]
Heap after GC invocations=33 (full 0):
 garbage-first heap   total 262144K, used 26345K [0x00000000f0000000, 0x00000000f0100800, 0x0000000100000000)
  region size 1024K, 1 young (1024K), 1 survivors (1024K)
 Metaspace       used 52626K, capacity 55840K, committed 55936K, reserved 1097728K
  class space    used 6456K, capacity 7022K, committed 7040K, reserved 1048576K
}
 [Times: user=0.02 sys=0.01, real=0.01 secs] 
{Heap before GC invocations=33 (full 0):
 garbage-first heap   total 262144K, used 181993K [0x00000000f0000000, 0x00000000f0100800, 0x0000000100000000)
  region size 1024K, 153 young (156672K), 1 survivors (1024K)
 Metaspace       used 52626K, capacity 55840K, committed 55936K, reserved 1097728K
  class space    used 6456K, capacity 7022K, committed 7040K, reserved 1048576K
2023-10-03T06:46:46.396+0800: 114.259: [GC pause (G1 Evacuation Pause) (young), 0.0069278 secs]
   [Parallel Time: 2.8 ms, GC Workers: 10]
      [GC Worker Start (ms): Min: 114259.7, Avg: 114259.9, Max: 114260.2, Diff: 0.5]
      [Ext Root Scanning (ms): Min: 0.7, Avg: 1.0, Max: 1.5, Diff: 0.8, Sum: 10.4]
      [Update RS (ms): Min: 0.0, Avg: 0.2, Max: 0.2, Diff: 0.2, Sum: 1.8]
         [Processed Buffers: Min: 1, Avg: 2.5, Max: 4, Diff: 3, Sum: 25]
      [Scan RS (ms): Min: 0.0, Avg: 0.1, Max: 0.1, Diff: 0.1, Sum: 0.6]
      [Code Root Scanning (ms): Min: 0.0, Avg: 0.0, Max: 0.2, Diff: 0.2, Sum: 0.2]
      [Object Copy (ms): Min: 0.2, Avg: 0.4, Max: 0.4, Diff: 0.2, Sum: 3.5]
      [Termination (ms): Min: 0.0, Avg: 0.0, Max: 0.0, Diff: 0.0, Sum: 0.0]
         [Termination Attempts: Min: 1, Avg: 1.0, Max: 1, Diff: 0, Sum: 10]
      [GC Worker Other (ms): Min: 0.0, Avg: 0.0, Max: 0.2, Diff: 0.1, Sum: 0.5]
      [GC Worker Total (ms): Min: 1.5, Avg: 1.7, Max: 2.0, Diff: 0.5, Sum: 17.1]
      [GC Worker End (ms): Min: 114261.6, Avg: 114261.6, Max: 114261.7, Diff: 0.1]
   [Code Root Fixup: 0.0 ms]
   [Code Root Purge: 0.0 ms]
   [Clear CT: 1.6 ms]
   [Other: 2.6 ms]
      [Choose CSet: 0.0 ms]
      [Ref Proc: 1.1 ms]
      [Ref Enq: 0.0 ms]
      [Redirty Cards: 1.2 ms]
      [Humongous Register: 0.0 ms]
      [Humongous Reclaim: 0.0 ms]
      [Free CSet: 0.1 ms]
   [Eden: 152.0M(152.0M)->0.0B(152.0M) Survivors: 1024.0K->1024.0K Heap: 177.7M(256.0M)->26336.0K(256.0M)]
Heap after GC invocations=34 (full 0):
 garbage-first heap   total 262144K, used 26335K [0x00000000f0000000, 0x00000000f0100800, 0x0000000100000000)
  region size 1024K, 1 young (1024K), 1 survivors (1024K)
 Metaspace       used 52626K, capacity 55840K, committed 55936K, reserved 1097728K
  class space    used 6456K, capacity 7022K, committed 7040K, reserved 1048576K
}
 [Times: user=0.03 sys=0.00, real=0.01 secs] 
{Heap before GC invocations=34 (full 0):
 garbage-first heap   total 262144K, used 181983K [0x00000000f0000000, 0x00000000f0100800, 0x0000000100000000)
  region size 1024K, 153 young (156672K), 1 survivors (1024K)
 Metaspace       used 52627K, capacity 55840K, committed 55936K, reserved 1097728K
  class space    used 6456K, capacity 7022K, committed 7040K, reserved 1048576K
2023-10-03T06:46:48.184+0800: 116.047: [GC pause (G1 Evacuation Pause) (young), 0.0019175 secs]
   [Parallel Time: 0.9 ms, GC Workers: 10]
      [GC Worker Start (ms): Min: 116047.4, Avg: 116047.5, Max: 116047.6, Diff: 0.1]
      [Ext Root Scanning (ms): Min: 0.1, Avg: 0.3, Max: 0.6, Diff: 0.5, Sum: 2.5]
      [Update RS (ms): Min: 0.0, Avg: 0.0, Max: 0.1, Diff: 0.1, Sum: 0.4]
         [Processed Buffers: Min: 0, Avg: 2.5, Max: 6, Diff: 6, Sum: 25]
      [Scan RS (ms): Min: 0.0, Avg: 0.0, Max: 0.0, Diff: 0.0, Sum: 0.1]
      [Code Root Scanning (ms): Min: 0.0, Avg: 0.0, Max: 0.0, Diff: 0.0, Sum: 0.0]
      [Object Copy (ms): Min: 0.0, Avg: 0.1, Max: 0.1, Diff: 0.1, Sum: 0.7]
      [Termination (ms): Min: 0.0, Avg: 0.3, Max: 0.3, Diff: 0.3, Sum: 2.7]
         [Termination Attempts: Min: 1, Avg: 1.2, Max: 2, Diff: 1, Sum: 12]
      [GC Worker Other (ms): Min: 0.0, Avg: 0.0, Max: 0.0, Diff: 0.0, Sum: 0.1]
      [GC Worker Total (ms): Min: 0.6, Avg: 0.6, Max: 0.7, Diff: 0.1, Sum: 6.4]
      [GC Worker End (ms): Min: 116048.1, Avg: 116048.1, Max: 116048.2, Diff: 0.1]
   [Code Root Fixup: 0.0 ms]
   [Code Root Purge: 0.0 ms]
   [Clear CT: 0.4 ms]
   [Other: 0.6 ms]
      [Choose CSet: 0.0 ms]
      [Ref Proc: 0.3 ms]
      [Ref Enq: 0.0 ms]
      [Redirty Cards: 0.2 ms]
      [Humongous Register: 0.0 ms]
      [Humongous Reclaim: 0.0 ms]
      [Free CSet: 0.0 ms]
   [Eden: 152.0M(152.0M)->0.0B(152.0M) Survivors: 1024.0K->1024.0K Heap: 177.7M(256.0M)->26417.2K(256.0M)]
Heap after GC invocations=35 (full 0):
 garbage-first heap   total 262144K, used 26417K [0x00000000f0000000, 0x00000000f0100800, 0x0000000100000000)
  region size 1024K, 1 young (1024K), 1 survivors (1024K)
 Metaspace       used 52627K, capacity 55840K, committed 55936K, reserved 1097728K
  class space    used 6456K, capacity 7022K, committed 7040K, reserved 1048576K
}
 [Times: user=0.00 sys=0.00, real=0.00 secs] 
{Heap before GC invocations=35 (full 0):
 garbage-first heap   total 262144K, used 182065K [0x00000000f0000000, 0x00000000f0100800, 0x0000000100000000)
  region size 1024K, 153 young (156672K), 1 survivors (1024K)
 Metaspace       used 52627K, capacity 55840K, committed 55936K, reserved 1097728K
  class space    used 6456K, capacity 7022K, committed 7040K, reserved 1048576K
2023-10-03T06:46:49.944+0800: 117.807: [GC pause (G1 Evacuation Pause) (young), 0.0021452 secs]
   [Parallel Time: 0.9 ms, GC Workers: 10]
      [GC Worker Start (ms): Min: 117807.3, Avg: 117807.4, Max: 117807.4, Diff: 0.1]
      [Ext Root Scanning (ms): Min: 0.2, Avg: 0.3, Max: 0.7, Diff: 0.5, Sum: 3.3]
      [Update RS (ms): Min: 0.0, Avg: 0.1, Max: 0.1, Diff: 0.1, Sum: 0.7]
         [Processed Buffers: Min: 0, Avg: 2.4, Max: 5, Diff: 5, Sum: 24]
      [Scan RS (ms): Min: 0.0, Avg: 0.0, Max: 0.0, Diff: 0.0, Sum: 0.1]
      [Code Root Scanning (ms): Min: 0.0, Avg: 0.0, Max: 0.0, Diff: 0.0, Sum: 0.0]
      [Object Copy (ms): Min: 0.0, Avg: 0.1, Max: 0.1, Diff: 0.1, Sum: 0.5]
      [Termination (ms): Min: 0.0, Avg: 0.3, Max: 0.3, Diff: 0.3, Sum: 2.8]
         [Termination Attempts: Min: 1, Avg: 1.0, Max: 1, Diff: 0, Sum: 10]
      [GC Worker Other (ms): Min: 0.0, Avg: 0.0, Max: 0.0, Diff: 0.0, Sum: 0.0]
      [GC Worker Total (ms): Min: 0.7, Avg: 0.8, Max: 0.8, Diff: 0.1, Sum: 7.5]
      [GC Worker End (ms): Min: 117808.0, Avg: 117808.1, Max: 117808.1, Diff: 0.1]
   [Code Root Fixup: 0.0 ms]
   [Code Root Purge: 0.0 ms]
   [Clear CT: 0.4 ms]
   [Other: 0.8 ms]
      [Choose CSet: 0.0 ms]
      [Ref Proc: 0.4 ms]
      [Ref Enq: 0.0 ms]
      [Redirty Cards: 0.3 ms]
      [Humongous Register: 0.0 ms]
      [Humongous Reclaim: 0.0 ms]
      [Free CSet: 0.0 ms]
   [Eden: 152.0M(152.0M)->0.0B(152.0M) Survivors: 1024.0K->1024.0K Heap: 177.8M(256.0M)->26257.9K(256.0M)]
Heap after GC invocations=36 (full 0):
 garbage-first heap   total 262144K, used 26257K [0x00000000f0000000, 0x00000000f0100800, 0x0000000100000000)
  region size 1024K, 1 young (1024K), 1 survivors (1024K)
 Metaspace       used 52627K, capacity 55840K, committed 55936K, reserved 1097728K
  class space    used 6456K, capacity 7022K, committed 7040K, reserved 1048576K
}
 [Times: user=0.01 sys=0.01, real=0.00 secs] 
{Heap before GC invocations=36 (full 0):
 garbage-first heap   total 262144K, used 181905K [0x00000000f0000000, 0x00000000f0100800, 0x0000000100000000)
  region size 1024K, 153 young (156672K), 1 survivors (1024K)
 Metaspace       used 52643K, capacity 55840K, committed 55936K, reserved 1097728K
  class space    used 6456K, capacity 7022K, committed 7040K, reserved 1048576K
2023-10-03T06:46:51.831+0800: 119.694: [GC pause (G1 Evacuation Pause) (young), 0.0071279 secs]
   [Parallel Time: 2.6 ms, GC Workers: 10]
      [GC Worker Start (ms): Min: 119693.9, Avg: 119694.2, Max: 119694.4, Diff: 0.5]
      [Ext Root Scanning (ms): Min: 0.7, Avg: 1.0, Max: 1.4, Diff: 0.7, Sum: 10.0]
      [Update RS (ms): Min: 0.2, Avg: 0.2, Max: 0.3, Diff: 0.1, Sum: 2.1]
         [Processed Buffers: Min: 1, Avg: 2.4, Max: 6, Diff: 5, Sum: 24]
      [Scan RS (ms): Min: 0.0, Avg: 0.1, Max: 0.1, Diff: 0.1, Sum: 0.6]
      [Code Root Scanning (ms): Min: 0.0, Avg: 0.0, Max: 0.1, Diff: 0.1, Sum: 0.2]
      [Object Copy (ms): Min: 0.2, Avg: 0.2, Max: 0.3, Diff: 0.1, Sum: 2.4]
      [Termination (ms): Min: 0.0, Avg: 0.0, Max: 0.0, Diff: 0.0, Sum: 0.0]
         [Termination Attempts: Min: 1, Avg: 1.0, Max: 1, Diff: 0, Sum: 10]
      [GC Worker Other (ms): Min: 0.0, Avg: 0.0, Max: 0.1, Diff: 0.1, Sum: 0.5]
      [GC Worker Total (ms): Min: 1.3, Avg: 1.6, Max: 1.8, Diff: 0.5, Sum: 15.9]
      [GC Worker End (ms): Min: 119695.7, Avg: 119695.8, Max: 119695.9, Diff: 0.1]
   [Code Root Fixup: 0.0 ms]
   [Code Root Purge: 0.0 ms]
   [Clear CT: 1.4 ms]
   [Other: 3.1 ms]
      [Choose CSet: 0.0 ms]
      [Ref Proc: 1.5 ms]
      [Ref Enq: 0.0 ms]
      [Redirty Cards: 1.4 ms]
      [Humongous Register: 0.0 ms]
      [Humongous Reclaim: 0.0 ms]
      [Free CSet: 0.1 ms]
   [Eden: 152.0M(152.0M)->0.0B(152.0M) Survivors: 1024.0K->1024.0K Heap: 177.6M(256.0M)->26250.6K(256.0M)]
Heap after GC invocations=37 (full 0):
 garbage-first heap   total 262144K, used 26250K [0x00000000f0000000, 0x00000000f0100800, 0x0000000100000000)
  region size 1024K, 1 young (1024K), 1 survivors (1024K)
 Metaspace       used 52643K, capacity 55840K, committed 55936K, reserved 1097728K
  class space    used 6456K, capacity 7022K, committed 7040K, reserved 1048576K
}
 [Times: user=0.02 sys=0.00, real=0.00 secs] 
{Heap before GC invocations=37 (full 0):
 garbage-first heap   total 262144K, used 181898K [0x00000000f0000000, 0x00000000f0100800, 0x0000000100000000)
  region size 1024K, 153 young (156672K), 1 survivors (1024K)
 Metaspace       used 52645K, capacity 55840K, committed 55936K, reserved 1097728K
  class space    used 6456K, capacity 7022K, committed 7040K, reserved 1048576K
2023-10-03T06:46:53.652+0800: 121.515: [GC pause (G1 Evacuation Pause) (young), 0.0015831 secs]
   [Parallel Time: 0.8 ms, GC Workers: 10]
      [GC Worker Start (ms): Min: 121514.8, Avg: 121514.9, Max: 121515.0, Diff: 0.1]
      [Ext Root Scanning (ms): Min: 0.1, Avg: 0.2, Max: 0.6, Diff: 0.5, Sum: 2.4]
      [Update RS (ms): Min: 0.0, Avg: 0.0, Max: 0.1, Diff: 0.1, Sum: 0.4]
         [Processed Buffers: Min: 0, Avg: 2.6, Max: 4, Diff: 4, Sum: 26]
      [Scan RS (ms): Min: 0.0, Avg: 0.0, Max: 0.0, Diff: 0.0, Sum: 0.1]
      [Code Root Scanning (ms): Min: 0.0, Avg: 0.0, Max: 0.0, Diff: 0.0, Sum: 0.0]
      [Object Copy (ms): Min: 0.0, Avg: 0.0, Max: 0.1, Diff: 0.1, Sum: 0.5]
      [Termination (ms): Min: 0.0, Avg: 0.3, Max: 0.3, Diff: 0.3, Sum: 2.6]
         [Termination Attempts: Min: 1, Avg: 1.0, Max: 1, Diff: 0, Sum: 10]
      [GC Worker Other (ms): Min: 0.0, Avg: 0.0, Max: 0.0, Diff: 0.0, Sum: 0.0]
      [GC Worker Total (ms): Min: 0.6, Avg: 0.6, Max: 0.7, Diff: 0.1, Sum: 6.2]
      [GC Worker End (ms): Min: 121515.5, Avg: 121515.5, Max: 121515.6, Diff: 0.1]
   [Code Root Fixup: 0.0 ms]
   [Code Root Purge: 0.0 ms]
   [Clear CT: 0.2 ms]
   [Other: 0.6 ms]
      [Choose CSet: 0.0 ms]
      [Ref Proc: 0.4 ms]
      [Ref Enq: 0.0 ms]
      [Redirty Cards: 0.2 ms]
      [Humongous Register: 0.0 ms]
      [Humongous Reclaim: 0.0 ms]
      [Free CSet: 0.0 ms]
   [Eden: 152.0M(152.0M)->0.0B(152.0M) Survivors: 1024.0K->1024.0K Heap: 177.6M(256.0M)->26237.1K(256.0M)]
Heap after GC invocations=38 (full 0):
 garbage-first heap   total 262144K, used 26237K [0x00000000f0000000, 0x00000000f0100800, 0x0000000100000000)
  region size 1024K, 1 young (1024K), 1 survivors (1024K)
 Metaspace       used 52645K, capacity 55840K, committed 55936K, reserved 1097728K
  class space    used 6456K, capacity 7022K, committed 7040K, reserved 1048576K
}
 [Times: user=0.00 sys=0.00, real=0.00 secs] 
{Heap before GC invocations=38 (full 0):
 garbage-first heap   total 262144K, used 181885K [0x00000000f0000000, 0x00000000f0100800, 0x0000000100000000)
  region size 1024K, 153 young (156672K), 1 survivors (1024K)
 Metaspace       used 52645K, capacity 55840K, committed 55936K, reserved 1097728K
  class space    used 6456K, capacity 7022K, committed 7040K, reserved 1048576K
2023-10-03T06:46:55.546+0800: 123.409: [GC pause (G1 Evacuation Pause) (young), 0.0070651 secs]
   [Parallel Time: 2.5 ms, GC Workers: 10]
      [GC Worker Start (ms): Min: 123408.9, Avg: 123409.1, Max: 123409.4, Diff: 0.5]
      [Ext Root Scanning (ms): Min: 0.7, Avg: 1.0, Max: 1.5, Diff: 0.7, Sum: 10.2]
      [Update RS (ms): Min: 0.1, Avg: 0.2, Max: 0.3, Diff: 0.2, Sum: 2.1]
         [Processed Buffers: Min: 1, Avg: 2.5, Max: 4, Diff: 3, Sum: 25]
      [Scan RS (ms): Min: 0.0, Avg: 0.1, Max: 0.1, Diff: 0.1, Sum: 0.6]
      [Code Root Scanning (ms): Min: 0.0, Avg: 0.0, Max: 0.1, Diff: 0.1, Sum: 0.1]
      [Object Copy (ms): Min: 0.1, Avg: 0.2, Max: 0.3, Diff: 0.2, Sum: 1.9]
      [Termination (ms): Min: 0.0, Avg: 0.0, Max: 0.0, Diff: 0.0, Sum: 0.0]
         [Termination Attempts: Min: 1, Avg: 1.0, Max: 1, Diff: 0, Sum: 10]
      [GC Worker Other (ms): Min: 0.0, Avg: 0.0, Max: 0.1, Diff: 0.1, Sum: 0.5]
      [GC Worker Total (ms): Min: 1.3, Avg: 1.6, Max: 1.8, Diff: 0.5, Sum: 15.5]
      [GC Worker End (ms): Min: 123410.7, Avg: 123410.7, Max: 123410.8, Diff: 0.1]
   [Code Root Fixup: 0.0 ms]
   [Code Root Purge: 0.0 ms]
   [Clear CT: 1.6 ms]
   [Other: 2.9 ms]
      [Choose CSet: 0.0 ms]
      [Ref Proc: 1.2 ms]
      [Ref Enq: 0.0 ms]
      [Redirty Cards: 1.5 ms]
      [Humongous Register: 0.0 ms]
      [Humongous Reclaim: 0.0 ms]
      [Free CSet: 0.1 ms]
   [Eden: 152.0M(152.0M)->0.0B(152.0M) Survivors: 1024.0K->1024.0K Heap: 177.6M(256.0M)->26230.4K(256.0M)]
Heap after GC invocations=39 (full 0):
 garbage-first heap   total 262144K, used 26230K [0x00000000f0000000, 0x00000000f0100800, 0x0000000100000000)
  region size 1024K, 1 young (1024K), 1 survivors (1024K)
 Metaspace       used 52645K, capacity 55840K, committed 55936K, reserved 1097728K
  class space    used 6456K, capacity 7022K, committed 7040K, reserved 1048576K
}
 [Times: user=0.02 sys=0.00, real=0.01 secs] 
{Heap before GC invocations=39 (full 0):
 garbage-first heap   total 262144K, used 181878K [0x00000000f0000000, 0x00000000f0100800, 0x0000000100000000)
  region size 1024K, 153 young (156672K), 1 survivors (1024K)
 Metaspace       used 52645K, capacity 55840K, committed 55936K, reserved 1097728K
  class space    used 6456K, capacity 7022K, committed 7040K, reserved 1048576K
2023-10-03T06:46:57.495+0800: 125.358: [GC pause (G1 Evacuation Pause) (young), 0.0066897 secs]
   [Parallel Time: 2.1 ms, GC Workers: 10]
      [GC Worker Start (ms): Min: 125358.0, Avg: 125358.4, Max: 125358.6, Diff: 0.6]
      [Ext Root Scanning (ms): Min: 0.7, Avg: 1.0, Max: 1.4, Diff: 0.7, Sum: 10.2]
      [Update RS (ms): Min: 0.2, Avg: 0.3, Max: 0.3, Diff: 0.1, Sum: 2.6]
         [Processed Buffers: Min: 1, Avg: 2.5, Max: 5, Diff: 4, Sum: 25]
      [Scan RS (ms): Min: 0.0, Avg: 0.1, Max: 0.1, Diff: 0.1, Sum: 0.7]
      [Code Root Scanning (ms): Min: 0.0, Avg: 0.0, Max: 0.2, Diff: 0.2, Sum: 0.2]
      [Object Copy (ms): Min: 0.2, Avg: 0.3, Max: 0.4, Diff: 0.2, Sum: 2.9]
      [Termination (ms): Min: 0.0, Avg: 0.0, Max: 0.0, Diff: 0.0, Sum: 0.0]
         [Termination Attempts: Min: 1, Avg: 1.0, Max: 1, Diff: 0, Sum: 10]
      [GC Worker Other (ms): Min: 0.0, Avg: 0.0, Max: 0.0, Diff: 0.0, Sum: 0.3]
      [GC Worker Total (ms): Min: 1.4, Avg: 1.7, Max: 2.0, Diff: 0.6, Sum: 16.9]
      [GC Worker End (ms): Min: 125360.0, Avg: 125360.0, Max: 125360.1, Diff: 0.0]
   [Code Root Fixup: 0.0 ms]
   [Code Root Purge: 0.0 ms]
   [Clear CT: 1.4 ms]
   [Other: 3.2 ms]
      [Choose CSet: 0.0 ms]
      [Ref Proc: 1.4 ms]
      [Ref Enq: 0.0 ms]
      [Redirty Cards: 1.5 ms]
      [Humongous Register: 0.0 ms]
      [Humongous Reclaim: 0.0 ms]
      [Free CSet: 0.1 ms]
   [Eden: 152.0M(152.0M)->0.0B(152.0M) Survivors: 1024.0K->1024.0K Heap: 177.6M(256.0M)->26272.2K(256.0M)]
Heap after GC invocations=40 (full 0):
 garbage-first heap   total 262144K, used 26272K [0x00000000f0000000, 0x00000000f0100800, 0x0000000100000000)
  region size 1024K, 1 young (1024K), 1 survivors (1024K)
 Metaspace       used 52645K, capacity 55840K, committed 55936K, reserved 1097728K
  class space    used 6456K, capacity 7022K, committed 7040K, reserved 1048576K
}
 [Times: user=0.02 sys=0.00, real=0.01 secs] 
{Heap before GC invocations=40 (full 0):
 garbage-first heap   total 262144K, used 181920K [0x00000000f0000000, 0x00000000f0100800, 0x0000000100000000)
  region size 1024K, 153 young (156672K), 1 survivors (1024K)
 Metaspace       used 52656K, capacity 55904K, committed 55936K, reserved 1097728K
  class space    used 6456K, capacity 7022K, committed 7040K, reserved 1048576K
2023-10-03T06:46:59.370+0800: 127.233: [GC pause (G1 Evacuation Pause) (young), 0.0021475 secs]
   [Parallel Time: 0.8 ms, GC Workers: 10]
      [GC Worker Start (ms): Min: 127233.0, Avg: 127233.1, Max: 127233.1, Diff: 0.1]
      [Ext Root Scanning (ms): Min: 0.1, Avg: 0.2, Max: 0.6, Diff: 0.5, Sum: 2.4]
      [Update RS (ms): Min: 0.0, Avg: 0.1, Max: 0.1, Diff: 0.1, Sum: 0.5]
         [Processed Buffers: Min: 0, Avg: 2.7, Max: 4, Diff: 4, Sum: 27]
      [Scan RS (ms): Min: 0.0, Avg: 0.0, Max: 0.0, Diff: 0.0, Sum: 0.1]
      [Code Root Scanning (ms): Min: 0.0, Avg: 0.0, Max: 0.0, Diff: 0.0, Sum: 0.0]
      [Object Copy (ms): Min: 0.0, Avg: 0.1, Max: 0.1, Diff: 0.1, Sum: 0.5]
      [Termination (ms): Min: 0.0, Avg: 0.3, Max: 0.3, Diff: 0.3, Sum: 2.8]
         [Termination Attempts: Min: 1, Avg: 1.5, Max: 2, Diff: 1, Sum: 15]
      [GC Worker Other (ms): Min: 0.0, Avg: 0.0, Max: 0.0, Diff: 0.0, Sum: 0.1]
      [GC Worker Total (ms): Min: 0.6, Avg: 0.6, Max: 0.7, Diff: 0.1, Sum: 6.5]
      [GC Worker End (ms): Min: 127233.6, Avg: 127233.7, Max: 127233.7, Diff: 0.1]
   [Code Root Fixup: 0.0 ms]
   [Code Root Purge: 0.0 ms]
   [Clear CT: 0.4 ms]
   [Other: 1.0 ms]
      [Choose CSet: 0.0 ms]
      [Ref Proc: 0.5 ms]
      [Ref Enq: 0.0 ms]
      [Redirty Cards: 0.4 ms]
      [Humongous Register: 0.0 ms]
      [Humongous Reclaim: 0.0 ms]
      [Free CSet: 0.0 ms]
   [Eden: 152.0M(152.0M)->0.0B(152.0M) Survivors: 1024.0K->1024.0K Heap: 177.7M(256.0M)->26304.2K(256.0M)]
Heap after GC invocations=41 (full 0):
 garbage-first heap   total 262144K, used 26304K [0x00000000f0000000, 0x00000000f0100800, 0x0000000100000000)
  region size 1024K, 1 young (1024K), 1 survivors (1024K)
 Metaspace       used 52656K, capacity 55904K, committed 55936K, reserved 1097728K
  class space    used 6456K, capacity 7022K, committed 7040K, reserved 1048576K
}
 [Times: user=0.00 sys=0.00, real=0.00 secs] 
{Heap before GC invocations=41 (full 0):
 garbage-first heap   total 262144K, used 181952K [0x00000000f0000000, 0x00000000f0100800, 0x0000000100000000)
  region size 1024K, 153 young (156672K), 1 survivors (1024K)
 Metaspace       used 52656K, capacity 55904K, committed 55936K, reserved 1097728K
  class space    used 6456K, capacity 7022K, committed 7040K, reserved 1048576K
2023-10-03T06:47:01.155+0800: 129.018: [GC pause (G1 Evacuation Pause) (young), 0.0070990 secs]
   [Parallel Time: 2.7 ms, GC Workers: 10]
      [GC Worker Start (ms): Min: 129018.6, Avg: 129018.9, Max: 129019.2, Diff: 0.6]
      [Ext Root Scanning (ms): Min: 0.8, Avg: 1.1, Max: 1.4, Diff: 0.6, Sum: 10.5]
      [Update RS (ms): Min: 0.2, Avg: 0.2, Max: 0.3, Diff: 0.1, Sum: 2.2]
         [Processed Buffers: Min: 1, Avg: 2.3, Max: 4, Diff: 3, Sum: 23]
      [Scan RS (ms): Min: 0.0, Avg: 0.1, Max: 0.1, Diff: 0.1, Sum: 0.6]
      [Code Root Scanning (ms): Min: 0.0, Avg: 0.0, Max: 0.1, Diff: 0.1, Sum: 0.1]
      [Object Copy (ms): Min: 0.2, Avg: 0.3, Max: 0.4, Diff: 0.2, Sum: 2.9]
      [Termination (ms): Min: 0.0, Avg: 0.0, Max: 0.0, Diff: 0.0, Sum: 0.0]
         [Termination Attempts: Min: 1, Avg: 1.0, Max: 1, Diff: 0, Sum: 10]
      [GC Worker Other (ms): Min: 0.0, Avg: 0.0, Max: 0.1, Diff: 0.1, Sum: 0.5]
      [GC Worker Total (ms): Min: 1.4, Avg: 1.7, Max: 2.0, Diff: 0.6, Sum: 16.9]
      [GC Worker End (ms): Min: 129020.6, Avg: 129020.6, Max: 129020.7, Diff: 0.1]
   [Code Root Fixup: 0.0 ms]
   [Code Root Purge: 0.0 ms]
   [Clear CT: 1.5 ms]
   [Other: 2.9 ms]
      [Choose CSet: 0.0 ms]
      [Ref Proc: 1.2 ms]
      [Ref Enq: 0.0 ms]
      [Redirty Cards: 1.4 ms]
      [Humongous Register: 0.0 ms]
      [Humongous Reclaim: 0.0 ms]
      [Free CSet: 0.1 ms]
   [Eden: 152.0M(152.0M)->0.0B(152.0M) Survivors: 1024.0K->1024.0K Heap: 177.7M(256.0M)->26314.4K(256.0M)]
Heap after GC invocations=42 (full 0):
 garbage-first heap   total 262144K, used 26314K [0x00000000f0000000, 0x00000000f0100800, 0x0000000100000000)
  region size 1024K, 1 young (1024K), 1 survivors (1024K)
 Metaspace       used 52656K, capacity 55904K, committed 55936K, reserved 1097728K
  class space    used 6456K, capacity 7022K, committed 7040K, reserved 1048576K
}
 [Times: user=0.02 sys=0.00, real=0.01 secs] 
{Heap before GC invocations=42 (full 0):
 garbage-first heap   total 262144K, used 181962K [0x00000000f0000000, 0x00000000f0100800, 0x0000000100000000)
  region size 1024K, 153 young (156672K), 1 survivors (1024K)
 Metaspace       used 52656K, capacity 55904K, committed 55936K, reserved 1097728K
  class space    used 6456K, capacity 7022K, committed 7040K, reserved 1048576K
2023-10-03T06:47:02.946+0800: 130.809: [GC pause (G1 Evacuation Pause) (young), 0.0021190 secs]
   [Parallel Time: 0.9 ms, GC Workers: 10]
      [GC Worker Start (ms): Min: 130809.4, Avg: 130809.5, Max: 130809.5, Diff: 0.1]
      [Ext Root Scanning (ms): Min: 0.2, Avg: 0.2, Max: 0.6, Diff: 0.5, Sum: 2.4]
      [Update RS (ms): Min: 0.0, Avg: 0.0, Max: 0.1, Diff: 0.1, Sum: 0.4]
         [Processed Buffers: Min: 0, Avg: 2.5, Max: 4, Diff: 4, Sum: 25]
      [Scan RS (ms): Min: 0.0, Avg: 0.0, Max: 0.0, Diff: 0.0, Sum: 0.1]
      [Code Root Scanning (ms): Min: 0.0, Avg: 0.0, Max: 0.0, Diff: 0.0, Sum: 0.0]
      [Object Copy (ms): Min: 0.0, Avg: 0.0, Max: 0.1, Diff: 0.1, Sum: 0.4]
      [Termination (ms): Min: 0.0, Avg: 0.3, Max: 0.3, Diff: 0.3, Sum: 2.7]
         [Termination Attempts: Min: 1, Avg: 1.0, Max: 1, Diff: 0, Sum: 10]
      [GC Worker Other (ms): Min: 0.0, Avg: 0.0, Max: 0.1, Diff: 0.1, Sum: 0.1]
      [GC Worker Total (ms): Min: 0.6, Avg: 0.6, Max: 0.7, Diff: 0.1, Sum: 6.1]
      [GC Worker End (ms): Min: 130810.0, Avg: 130810.1, Max: 130810.1, Diff: 0.1]
   [Code Root Fixup: 0.0 ms]
   [Code Root Purge: 0.0 ms]
   [Clear CT: 0.3 ms]
   [Other: 0.9 ms]
      [Choose CSet: 0.0 ms]
      [Ref Proc: 0.5 ms]
      [Ref Enq: 0.0 ms]
      [Redirty Cards: 0.3 ms]
      [Humongous Register: 0.0 ms]
      [Humongous Reclaim: 0.0 ms]
      [Free CSet: 0.0 ms]
   [Eden: 152.0M(152.0M)->0.0B(152.0M) Survivors: 1024.0K->1024.0K Heap: 177.7M(256.0M)->26271.3K(256.0M)]
Heap after GC invocations=43 (full 0):
 garbage-first heap   total 262144K, used 26271K [0x00000000f0000000, 0x00000000f0100800, 0x0000000100000000)
  region size 1024K, 1 young (1024K), 1 survivors (1024K)
 Metaspace       used 52656K, capacity 55904K, committed 55936K, reserved 1097728K
  class space    used 6456K, capacity 7022K, committed 7040K, reserved 1048576K
}
 [Times: user=0.01 sys=0.00, real=0.00 secs] 
{Heap before GC invocations=43 (full 0):
 garbage-first heap   total 262144K, used 181919K [0x00000000f0000000, 0x00000000f0100800, 0x0000000100000000)
  region size 1024K, 153 young (156672K), 1 survivors (1024K)
 Metaspace       used 52658K, capacity 55904K, committed 55936K, reserved 1097728K
  class space    used 6456K, capacity 7022K, committed 7040K, reserved 1048576K
2023-10-03T06:47:05.463+0800: 133.327: [GC pause (G1 Evacuation Pause) (young), 0.0020883 secs]
   [Parallel Time: 0.8 ms, GC Workers: 10]
      [GC Worker Start (ms): Min: 133326.6, Avg: 133326.6, Max: 133326.7, Diff: 0.2]
      [Ext Root Scanning (ms): Min: 0.2, Avg: 0.3, Max: 0.6, Diff: 0.5, Sum: 2.6]
      [Update RS (ms): Min: 0.0, Avg: 0.0, Max: 0.1, Diff: 0.1, Sum: 0.5]
         [Processed Buffers: Min: 0, Avg: 2.8, Max: 5, Diff: 5, Sum: 28]
      [Scan RS (ms): Min: 0.0, Avg: 0.0, Max: 0.0, Diff: 0.0, Sum: 0.1]
      [Code Root Scanning (ms): Min: 0.0, Avg: 0.0, Max: 0.0, Diff: 0.0, Sum: 0.0]
      [Object Copy (ms): Min: 0.0, Avg: 0.1, Max: 0.1, Diff: 0.1, Sum: 0.8]
      [Termination (ms): Min: 0.0, Avg: 0.3, Max: 0.3, Diff: 0.3, Sum: 2.8]
         [Termination Attempts: Min: 1, Avg: 1.0, Max: 1, Diff: 0, Sum: 10]
      [GC Worker Other (ms): Min: 0.0, Avg: 0.0, Max: 0.0, Diff: 0.0, Sum: 0.0]
      [GC Worker Total (ms): Min: 0.6, Avg: 0.7, Max: 0.8, Diff: 0.1, Sum: 6.9]
      [GC Worker End (ms): Min: 133327.2, Avg: 133327.3, Max: 133327.4, Diff: 0.2]
   [Code Root Fixup: 0.0 ms]
   [Code Root Purge: 0.0 ms]
   [Clear CT: 0.4 ms]
   [Other: 0.9 ms]
      [Choose CSet: 0.0 ms]
      [Ref Proc: 0.4 ms]
      [Ref Enq: 0.0 ms]
      [Redirty Cards: 0.4 ms]
      [Humongous Register: 0.0 ms]
      [Humongous Reclaim: 0.0 ms]
      [Free CSet: 0.0 ms]
   [Eden: 152.0M(152.0M)->0.0B(152.0M) Survivors: 1024.0K->1024.0K Heap: 177.7M(256.0M)->26807.9K(256.0M)]
Heap after GC invocations=44 (full 0):
 garbage-first heap   total 262144K, used 26807K [0x00000000f0000000, 0x00000000f0100800, 0x0000000100000000)
  region size 1024K, 1 young (1024K), 1 survivors (1024K)
 Metaspace       used 52658K, capacity 55904K, committed 55936K, reserved 1097728K
  class space    used 6456K, capacity 7022K, committed 7040K, reserved 1048576K
}
 [Times: user=0.01 sys=0.00, real=0.00 secs] 
{Heap before GC invocations=44 (full 0):
 garbage-first heap   total 262144K, used 182455K [0x00000000f0000000, 0x00000000f0100800, 0x0000000100000000)
  region size 1024K, 153 young (156672K), 1 survivors (1024K)
 Metaspace       used 52688K, capacity 55904K, committed 55936K, reserved 1097728K
  class space    used 6456K, capacity 7022K, committed 7040K, reserved 1048576K
2023-10-03T06:47:06.826+0800: 134.690: [GC pause (G1 Evacuation Pause) (young), 0.0019905 secs]
   [Parallel Time: 1.0 ms, GC Workers: 10]
      [GC Worker Start (ms): Min: 134689.7, Avg: 134689.8, Max: 134689.9, Diff: 0.1]
      [Ext Root Scanning (ms): Min: 0.1, Avg: 0.2, Max: 0.6, Diff: 0.5, Sum: 2.5]
      [Update RS (ms): Min: 0.0, Avg: 0.0, Max: 0.1, Diff: 0.1, Sum: 0.4]
         [Processed Buffers: Min: 0, Avg: 3.0, Max: 6, Diff: 6, Sum: 30]
      [Scan RS (ms): Min: 0.0, Avg: 0.0, Max: 0.0, Diff: 0.0, Sum: 0.1]
      [Code Root Scanning (ms): Min: 0.0, Avg: 0.0, Max: 0.0, Diff: 0.0, Sum: 0.0]
      [Object Copy (ms): Min: 0.0, Avg: 0.1, Max: 0.1, Diff: 0.1, Sum: 0.9]
      [Termination (ms): Min: 0.0, Avg: 0.3, Max: 0.3, Diff: 0.3, Sum: 2.7]
         [Termination Attempts: Min: 1, Avg: 1.1, Max: 2, Diff: 1, Sum: 11]
      [GC Worker Other (ms): Min: 0.0, Avg: 0.0, Max: 0.0, Diff: 0.0, Sum: 0.1]
      [GC Worker Total (ms): Min: 0.6, Avg: 0.7, Max: 0.7, Diff: 0.1, Sum: 6.7]
      [GC Worker End (ms): Min: 134690.4, Avg: 134690.4, Max: 134690.5, Diff: 0.1]
   [Code Root Fixup: 0.0 ms]
   [Code Root Purge: 0.0 ms]
   [Clear CT: 0.4 ms]
   [Other: 0.6 ms]
      [Choose CSet: 0.0 ms]
      [Ref Proc: 0.3 ms]
      [Ref Enq: 0.0 ms]
      [Redirty Cards: 0.2 ms]
      [Humongous Register: 0.0 ms]
      [Humongous Reclaim: 0.0 ms]
      [Free CSet: 0.0 ms]
   [Eden: 152.0M(152.0M)->0.0B(152.0M) Survivors: 1024.0K->1024.0K Heap: 178.2M(256.0M)->26910.0K(256.0M)]
Heap after GC invocations=45 (full 0):
 garbage-first heap   total 262144K, used 26910K [0x00000000f0000000, 0x00000000f0100800, 0x0000000100000000)
  region size 1024K, 1 young (1024K), 1 survivors (1024K)
 Metaspace       used 52688K, capacity 55904K, committed 55936K, reserved 1097728K
  class space    used 6456K, capacity 7022K, committed 7040K, reserved 1048576K
}
 [Times: user=0.01 sys=0.01, real=0.00 secs] 
{Heap before GC invocations=45 (full 0):
 garbage-first heap   total 262144K, used 182558K [0x00000000f0000000, 0x00000000f0100800, 0x0000000100000000)
  region size 1024K, 153 young (156672K), 1 survivors (1024K)
 Metaspace       used 52688K, capacity 55904K, committed 55936K, reserved 1097728K
  class space    used 6456K, capacity 7022K, committed 7040K, reserved 1048576K
2023-10-03T06:47:08.252+0800: 136.115: [GC pause (G1 Evacuation Pause) (young), 0.0074325 secs]
   [Parallel Time: 2.9 ms, GC Workers: 10]
      [GC Worker Start (ms): Min: 136115.3, Avg: 136115.5, Max: 136115.8, Diff: 0.5]
      [Ext Root Scanning (ms): Min: 0.8, Avg: 1.1, Max: 1.6, Diff: 0.8, Sum: 11.2]
      [Update RS (ms): Min: 0.0, Avg: 0.2, Max: 0.3, Diff: 0.3, Sum: 2.2]
         [Processed Buffers: Min: 1, Avg: 2.9, Max: 6, Diff: 5, Sum: 29]
      [Scan RS (ms): Min: 0.0, Avg: 0.1, Max: 0.1, Diff: 0.1, Sum: 0.5]
      [Code Root Scanning (ms): Min: 0.0, Avg: 0.0, Max: 0.1, Diff: 0.1, Sum: 0.2]
      [Object Copy (ms): Min: 0.4, Avg: 0.5, Max: 0.5, Diff: 0.2, Sum: 4.7]
      [Termination (ms): Min: 0.0, Avg: 0.0, Max: 0.0, Diff: 0.0, Sum: 0.0]
         [Termination Attempts: Min: 1, Avg: 1.0, Max: 1, Diff: 0, Sum: 10]
      [GC Worker Other (ms): Min: 0.0, Avg: 0.0, Max: 0.1, Diff: 0.1, Sum: 0.4]
      [GC Worker Total (ms): Min: 1.7, Avg: 1.9, Max: 2.2, Diff: 0.5, Sum: 19.2]
      [GC Worker End (ms): Min: 136117.4, Avg: 136117.4, Max: 136117.5, Diff: 0.1]
   [Code Root Fixup: 0.0 ms]
   [Code Root Purge: 0.0 ms]
   [Clear CT: 1.4 ms]
   [Other: 3.2 ms]
      [Choose CSet: 0.0 ms]
      [Ref Proc: 1.5 ms]
      [Ref Enq: 0.0 ms]
      [Redirty Cards: 1.4 ms]
      [Humongous Register: 0.0 ms]
      [Humongous Reclaim: 0.0 ms]
      [Free CSet: 0.1 ms]
   [Eden: 152.0M(152.0M)->0.0B(152.0M) Survivors: 1024.0K->1024.0K Heap: 178.3M(256.0M)->27005.2K(256.0M)]
Heap after GC invocations=46 (full 0):
 garbage-first heap   total 262144K, used 27005K [0x00000000f0000000, 0x00000000f0100800, 0x0000000100000000)
  region size 1024K, 1 young (1024K), 1 survivors (1024K)
 Metaspace       used 52688K, capacity 55904K, committed 55936K, reserved 1097728K
  class space    used 6456K, capacity 7022K, committed 7040K, reserved 1048576K
}
 [Times: user=0.03 sys=0.00, real=0.00 secs] 
{Heap before GC invocations=46 (full 0):
 garbage-first heap   total 262144K, used 182653K [0x00000000f0000000, 0x00000000f0100800, 0x0000000100000000)
  region size 1024K, 153 young (156672K), 1 survivors (1024K)
 Metaspace       used 52690K, capacity 55904K, committed 55936K, reserved 1097728K
  class space    used 6456K, capacity 7022K, committed 7040K, reserved 1048576K
2023-10-03T06:47:09.571+0800: 137.435: [GC pause (G1 Evacuation Pause) (young), 0.0071727 secs]
   [Parallel Time: 3.0 ms, GC Workers: 10]
      [GC Worker Start (ms): Min: 137434.8, Avg: 137435.1, Max: 137435.3, Diff: 0.5]
      [Ext Root Scanning (ms): Min: 0.9, Avg: 1.1, Max: 1.5, Diff: 0.6, Sum: 11.2]
      [Update RS (ms): Min: 0.2, Avg: 0.2, Max: 0.4, Diff: 0.2, Sum: 2.3]
         [Processed Buffers: Min: 1, Avg: 2.9, Max: 7, Diff: 6, Sum: 29]
      [Scan RS (ms): Min: 0.0, Avg: 0.1, Max: 0.1, Diff: 0.1, Sum: 0.6]
      [Code Root Scanning (ms): Min: 0.0, Avg: 0.0, Max: 0.1, Diff: 0.1, Sum: 0.1]
      [Object Copy (ms): Min: 0.4, Avg: 0.5, Max: 0.6, Diff: 0.2, Sum: 5.1]
      [Termination (ms): Min: 0.0, Avg: 0.0, Max: 0.0, Diff: 0.0, Sum: 0.0]
         [Termination Attempts: Min: 1, Avg: 1.3, Max: 2, Diff: 1, Sum: 13]
      [GC Worker Other (ms): Min: 0.0, Avg: 0.0, Max: 0.1, Diff: 0.1, Sum: 0.4]
      [GC Worker Total (ms): Min: 1.7, Avg: 2.0, Max: 2.2, Diff: 0.5, Sum: 19.7]
      [GC Worker End (ms): Min: 137437.1, Avg: 137437.1, Max: 137437.1, Diff: 0.1]
   [Code Root Fixup: 0.0 ms]
   [Code Root Purge: 0.0 ms]
   [Clear CT: 1.4 ms]
   [Other: 2.7 ms]
      [Choose CSet: 0.0 ms]
      [Ref Proc: 1.2 ms]
      [Ref Enq: 0.0 ms]
      [Redirty Cards: 1.2 ms]
      [Humongous Register: 0.0 ms]
      [Humongous Reclaim: 0.0 ms]
      [Free CSet: 0.1 ms]
   [Eden: 152.0M(152.0M)->0.0B(152.0M) Survivors: 1024.0K->1024.0K Heap: 178.4M(256.0M)->27114.1K(256.0M)]
Heap after GC invocations=47 (full 0):
 garbage-first heap   total 262144K, used 27114K [0x00000000f0000000, 0x00000000f0100800, 0x0000000100000000)
  region size 1024K, 1 young (1024K), 1 survivors (1024K)
 Metaspace       used 52690K, capacity 55904K, committed 55936K, reserved 1097728K
  class space    used 6456K, capacity 7022K, committed 7040K, reserved 1048576K
}
 [Times: user=0.03 sys=0.00, real=0.00 secs] 
{Heap before GC invocations=47 (full 0):
 garbage-first heap   total 262144K, used 182762K [0x00000000f0000000, 0x00000000f0100800, 0x0000000100000000)
  region size 1024K, 153 young (156672K), 1 survivors (1024K)
 Metaspace       used 52695K, capacity 55904K, committed 55936K, reserved 1097728K
  class space    used 6456K, capacity 7022K, committed 7040K, reserved 1048576K
2023-10-03T06:47:10.946+0800: 138.809: [GC pause (G1 Evacuation Pause) (young), 0.0074845 secs]
   [Parallel Time: 2.6 ms, GC Workers: 10]
      [GC Worker Start (ms): Min: 138809.6, Avg: 138809.9, Max: 138810.2, Diff: 0.7]
      [Ext Root Scanning (ms): Min: 0.5, Avg: 0.9, Max: 1.6, Diff: 1.0, Sum: 9.1]
      [Update RS (ms): Min: 0.0, Avg: 0.2, Max: 0.3, Diff: 0.3, Sum: 2.2]
         [Processed Buffers: Min: 0, Avg: 3.0, Max: 5, Diff: 5, Sum: 30]
      [Scan RS (ms): Min: 0.0, Avg: 0.1, Max: 0.1, Diff: 0.1, Sum: 0.6]
      [Code Root Scanning (ms): Min: 0.0, Avg: 0.0, Max: 0.1, Diff: 0.1, Sum: 0.2]
      [Object Copy (ms): Min: 0.2, Avg: 0.3, Max: 0.4, Diff: 0.2, Sum: 3.4]
      [Termination (ms): Min: 0.0, Avg: 0.0, Max: 0.0, Diff: 0.0, Sum: 0.0]
         [Termination Attempts: Min: 1, Avg: 1.2, Max: 2, Diff: 1, Sum: 12]
      [GC Worker Other (ms): Min: 0.0, Avg: 0.0, Max: 0.1, Diff: 0.1, Sum: 0.3]
      [GC Worker Total (ms): Min: 1.2, Avg: 1.6, Max: 1.9, Diff: 0.6, Sum: 15.8]
      [GC Worker End (ms): Min: 138811.4, Avg: 138811.5, Max: 138811.5, Diff: 0.1]
   [Code Root Fixup: 0.0 ms]
   [Code Root Purge: 0.0 ms]
   [Clear CT: 1.5 ms]
   [Other: 3.4 ms]
      [Choose CSet: 0.0 ms]
      [Ref Proc: 1.7 ms]
      [Ref Enq: 0.0 ms]
      [Redirty Cards: 1.4 ms]
      [Humongous Register: 0.0 ms]
      [Humongous Reclaim: 0.0 ms]
      [Free CSet: 0.1 ms]
   [Eden: 152.0M(152.0M)->0.0B(152.0M) Survivors: 1024.0K->1024.0K Heap: 178.5M(256.0M)->27076.0K(256.0M)]
Heap after GC invocations=48 (full 0):
 garbage-first heap   total 262144K, used 27076K [0x00000000f0000000, 0x00000000f0100800, 0x0000000100000000)
  region size 1024K, 1 young (1024K), 1 survivors (1024K)
 Metaspace       used 52695K, capacity 55904K, committed 55936K, reserved 1097728K
  class space    used 6456K, capacity 7022K, committed 7040K, reserved 1048576K
}
 [Times: user=0.02 sys=0.00, real=0.01 secs] 
{Heap before GC invocations=48 (full 0):
 garbage-first heap   total 262144K, used 182724K [0x00000000f0000000, 0x00000000f0100800, 0x0000000100000000)
  region size 1024K, 153 young (156672K), 1 survivors (1024K)
 Metaspace       used 52697K, capacity 55904K, committed 55936K, reserved 1097728K
  class space    used 6456K, capacity 7022K, committed 7040K, reserved 1048576K
2023-10-03T06:47:12.264+0800: 140.127: [GC pause (G1 Evacuation Pause) (young), 0.0074357 secs]
   [Parallel Time: 2.9 ms, GC Workers: 10]
      [GC Worker Start (ms): Min: 140127.6, Avg: 140127.9, Max: 140128.1, Diff: 0.5]
      [Ext Root Scanning (ms): Min: 0.8, Avg: 1.1, Max: 1.6, Diff: 0.8, Sum: 10.7]
      [Update RS (ms): Min: 0.1, Avg: 0.2, Max: 0.3, Diff: 0.2, Sum: 2.2]
         [Processed Buffers: Min: 1, Avg: 3.0, Max: 6, Diff: 5, Sum: 30]
      [Scan RS (ms): Min: 0.0, Avg: 0.1, Max: 0.1, Diff: 0.1, Sum: 0.5]
      [Code Root Scanning (ms): Min: 0.0, Avg: 0.0, Max: 0.1, Diff: 0.1, Sum: 0.1]
      [Object Copy (ms): Min: 0.4, Avg: 0.5, Max: 0.6, Diff: 0.2, Sum: 4.9]
      [Termination (ms): Min: 0.0, Avg: 0.0, Max: 0.0, Diff: 0.0, Sum: 0.2]
         [Termination Attempts: Min: 1, Avg: 1.0, Max: 1, Diff: 0, Sum: 10]
      [GC Worker Other (ms): Min: 0.0, Avg: 0.0, Max: 0.1, Diff: 0.1, Sum: 0.3]
      [GC Worker Total (ms): Min: 1.7, Avg: 1.9, Max: 2.2, Diff: 0.5, Sum: 19.1]
      [GC Worker End (ms): Min: 140129.8, Avg: 140129.8, Max: 140129.8, Diff: 0.1]
   [Code Root Fixup: 0.0 ms]
   [Code Root Purge: 0.0 ms]
   [Clear CT: 1.5 ms]
   [Other: 3.0 ms]
      [Choose CSet: 0.0 ms]
      [Ref Proc: 1.4 ms]
      [Ref Enq: 0.0 ms]
      [Redirty Cards: 1.4 ms]
      [Humongous Register: 0.0 ms]
      [Humongous Reclaim: 0.0 ms]
      [Free CSet: 0.1 ms]
   [Eden: 152.0M(152.0M)->0.0B(152.0M) Survivors: 1024.0K->1024.0K Heap: 178.4M(256.0M)->27181.2K(256.0M)]
Heap after GC invocations=49 (full 0):
 garbage-first heap   total 262144K, used 27181K [0x00000000f0000000, 0x00000000f0100800, 0x0000000100000000)
  region size 1024K, 1 young (1024K), 1 survivors (1024K)
 Metaspace       used 52697K, capacity 55904K, committed 55936K, reserved 1097728K
  class space    used 6456K, capacity 7022K, committed 7040K, reserved 1048576K
}
 [Times: user=0.03 sys=0.00, real=0.01 secs] 
{Heap before GC invocations=49 (full 0):
 garbage-first heap   total 262144K, used 182829K [0x00000000f0000000, 0x00000000f0100800, 0x0000000100000000)
  region size 1024K, 153 young (156672K), 1 survivors (1024K)
 Metaspace       used 52699K, capacity 55904K, committed 55936K, reserved 1097728K
  class space    used 6456K, capacity 7022K, committed 7040K, reserved 1048576K
2023-10-03T06:47:13.583+0800: 141.447: [GC pause (G1 Evacuation Pause) (young), 0.0073543 secs]
   [Parallel Time: 2.6 ms, GC Workers: 10]
      [GC Worker Start (ms): Min: 141446.8, Avg: 141447.0, Max: 141447.3, Diff: 0.5]
      [Ext Root Scanning (ms): Min: 0.7, Avg: 1.0, Max: 1.5, Diff: 0.8, Sum: 9.6]
      [Update RS (ms): Min: 0.1, Avg: 0.2, Max: 0.3, Diff: 0.2, Sum: 2.2]
         [Processed Buffers: Min: 1, Avg: 3.0, Max: 6, Diff: 5, Sum: 30]
      [Scan RS (ms): Min: 0.0, Avg: 0.1, Max: 0.1, Diff: 0.1, Sum: 0.6]
      [Code Root Scanning (ms): Min: 0.0, Avg: 0.0, Max: 0.1, Diff: 0.1, Sum: 0.1]
      [Object Copy (ms): Min: 0.2, Avg: 0.3, Max: 0.4, Diff: 0.2, Sum: 3.5]
      [Termination (ms): Min: 0.0, Avg: 0.0, Max: 0.0, Diff: 0.0, Sum: 0.0]
         [Termination Attempts: Min: 1, Avg: 1.2, Max: 2, Diff: 1, Sum: 12]
      [GC Worker Other (ms): Min: 0.0, Avg: 0.0, Max: 0.1, Diff: 0.1, Sum: 0.4]
      [GC Worker Total (ms): Min: 1.4, Avg: 1.6, Max: 1.9, Diff: 0.5, Sum: 16.3]
      [GC Worker End (ms): Min: 141448.7, Avg: 141448.7, Max: 141448.7, Diff: 0.1]
   [Code Root Fixup: 0.0 ms]
   [Code Root Purge: 0.0 ms]
   [Clear CT: 1.4 ms]
   [Other: 3.3 ms]
      [Choose CSet: 0.0 ms]
      [Ref Proc: 1.7 ms]
      [Ref Enq: 0.0 ms]
      [Redirty Cards: 1.4 ms]
      [Humongous Register: 0.0 ms]
      [Humongous Reclaim: 0.0 ms]
      [Free CSet: 0.1 ms]
   [Eden: 152.0M(152.0M)->0.0B(152.0M) Survivors: 1024.0K->1024.0K Heap: 178.5M(256.0M)->26985.6K(256.0M)]
Heap after GC invocations=50 (full 0):
 garbage-first heap   total 262144K, used 26985K [0x00000000f0000000, 0x00000000f0100800, 0x0000000100000000)
  region size 1024K, 1 young (1024K), 1 survivors (1024K)
 Metaspace       used 52699K, capacity 55904K, committed 55936K, reserved 1097728K
  class space    used 6456K, capacity 7022K, committed 7040K, reserved 1048576K
}
 [Times: user=0.02 sys=0.00, real=0.01 secs] 
{Heap before GC invocations=50 (full 0):
 garbage-first heap   total 262144K, used 182633K [0x00000000f0000000, 0x00000000f0100800, 0x0000000100000000)
  region size 1024K, 153 young (156672K), 1 survivors (1024K)
 Metaspace       used 52699K, capacity 55904K, committed 55936K, reserved 1097728K
  class space    used 6456K, capacity 7022K, committed 7040K, reserved 1048576K
2023-10-03T06:47:14.893+0800: 142.756: [GC pause (G1 Evacuation Pause) (young), 0.0073193 secs]
   [Parallel Time: 2.8 ms, GC Workers: 10]
      [GC Worker Start (ms): Min: 142756.2, Avg: 142756.4, Max: 142756.7, Diff: 0.5]
      [Ext Root Scanning (ms): Min: 0.9, Avg: 1.1, Max: 1.6, Diff: 0.7, Sum: 11.0]
      [Update RS (ms): Min: 0.1, Avg: 0.2, Max: 0.4, Diff: 0.3, Sum: 2.2]
         [Processed Buffers: Min: 1, Avg: 3.2, Max: 5, Diff: 4, Sum: 32]
      [Scan RS (ms): Min: 0.0, Avg: 0.1, Max: 0.1, Diff: 0.1, Sum: 0.6]
      [Code Root Scanning (ms): Min: 0.0, Avg: 0.0, Max: 0.1, Diff: 0.1, Sum: 0.1]
      [Object Copy (ms): Min: 0.3, Avg: 0.4, Max: 0.5, Diff: 0.2, Sum: 4.4]
      [Termination (ms): Min: 0.0, Avg: 0.0, Max: 0.0, Diff: 0.0, Sum: 0.0]
         [Termination Attempts: Min: 1, Avg: 1.1, Max: 2, Diff: 1, Sum: 11]
      [GC Worker Other (ms): Min: 0.0, Avg: 0.1, Max: 0.1, Diff: 0.1, Sum: 0.5]
      [GC Worker Total (ms): Min: 1.6, Avg: 1.9, Max: 2.1, Diff: 0.5, Sum: 18.8]
      [GC Worker End (ms): Min: 142758.3, Avg: 142758.3, Max: 142758.4, Diff: 0.1]
   [Code Root Fixup: 0.0 ms]
   [Code Root Purge: 0.0 ms]
   [Clear CT: 1.6 ms]
   [Other: 2.8 ms]
      [Choose CSet: 0.0 ms]
      [Ref Proc: 1.3 ms]
      [Ref Enq: 0.0 ms]
      [Redirty Cards: 1.3 ms]
      [Humongous Register: 0.0 ms]
      [Humongous Reclaim: 0.0 ms]
      [Free CSet: 0.1 ms]
   [Eden: 152.0M(152.0M)->0.0B(152.0M) Survivors: 1024.0K->1024.0K Heap: 178.4M(256.0M)->27089.4K(256.0M)]
Heap after GC invocations=51 (full 0):
 garbage-first heap   total 262144K, used 27089K [0x00000000f0000000, 0x00000000f0100800, 0x0000000100000000)
  region size 1024K, 1 young (1024K), 1 survivors (1024K)
 Metaspace       used 52699K, capacity 55904K, committed 55936K, reserved 1097728K
  class space    used 6456K, capacity 7022K, committed 7040K, reserved 1048576K
}
 [Times: user=0.02 sys=0.01, real=0.01 secs] 
{Heap before GC invocations=51 (full 0):
 garbage-first heap   total 262144K, used 182737K [0x00000000f0000000, 0x00000000f0100800, 0x0000000100000000)
  region size 1024K, 153 young (156672K), 1 survivors (1024K)
 Metaspace       used 52700K, capacity 55904K, committed 55936K, reserved 1097728K
  class space    used 6456K, capacity 7022K, committed 7040K, reserved 1048576K
2023-10-03T06:47:16.210+0800: 144.073: [GC pause (G1 Evacuation Pause) (young), 0.0072850 secs]
   [Parallel Time: 2.7 ms, GC Workers: 10]
      [GC Worker Start (ms): Min: 144073.6, Avg: 144073.9, Max: 144074.1, Diff: 0.5]
      [Ext Root Scanning (ms): Min: 0.8, Avg: 1.0, Max: 1.5, Diff: 0.7, Sum: 10.2]
      [Update RS (ms): Min: 0.1, Avg: 0.2, Max: 0.3, Diff: 0.2, Sum: 2.2]
         [Processed Buffers: Min: 1, Avg: 3.1, Max: 6, Diff: 5, Sum: 31]
      [Scan RS (ms): Min: 0.0, Avg: 0.1, Max: 0.1, Diff: 0.1, Sum: 0.7]
      [Code Root Scanning (ms): Min: 0.0, Avg: 0.0, Max: 0.1, Diff: 0.1, Sum: 0.1]
      [Object Copy (ms): Min: 0.3, Avg: 0.4, Max: 0.5, Diff: 0.1, Sum: 4.1]
      [Termination (ms): Min: 0.0, Avg: 0.0, Max: 0.0, Diff: 0.0, Sum: 0.0]
         [Termination Attempts: Min: 1, Avg: 1.0, Max: 1, Diff: 0, Sum: 10]
      [GC Worker Other (ms): Min: 0.0, Avg: 0.1, Max: 0.2, Diff: 0.1, Sum: 0.5]
      [GC Worker Total (ms): Min: 1.5, Avg: 1.8, Max: 2.0, Diff: 0.5, Sum: 17.9]
      [GC Worker End (ms): Min: 144075.6, Avg: 144075.6, Max: 144075.7, Diff: 0.1]
   [Code Root Fixup: 0.0 ms]
   [Code Root Purge: 0.0 ms]
   [Clear CT: 1.4 ms]
   [Other: 3.2 ms]
      [Choose CSet: 0.0 ms]
      [Ref Proc: 1.6 ms]
      [Ref Enq: 0.0 ms]
      [Redirty Cards: 1.4 ms]
      [Humongous Register: 0.0 ms]
      [Humongous Reclaim: 0.0 ms]
      [Free CSet: 0.1 ms]
   [Eden: 152.0M(152.0M)->0.0B(152.0M) Survivors: 1024.0K->1024.0K Heap: 178.5M(256.0M)->26966.0K(256.0M)]
Heap after GC invocations=52 (full 0):
 garbage-first heap   total 262144K, used 26965K [0x00000000f0000000, 0x00000000f0100800, 0x0000000100000000)
  region size 1024K, 1 young (1024K), 1 survivors (1024K)
 Metaspace       used 52700K, capacity 55904K, committed 55936K, reserved 1097728K
  class space    used 6456K, capacity 7022K, committed 7040K, reserved 1048576K
}
 [Times: user=0.02 sys=0.00, real=0.00 secs] 
{Heap before GC invocations=52 (full 0):
 garbage-first heap   total 262144K, used 182613K [0x00000000f0000000, 0x00000000f0100800, 0x0000000100000000)
  region size 1024K, 153 young (156672K), 1 survivors (1024K)
 Metaspace       used 52700K, capacity 55904K, committed 55936K, reserved 1097728K
  class space    used 6456K, capacity 7022K, committed 7040K, reserved 1048576K
2023-10-03T06:47:17.553+0800: 145.416: [GC pause (G1 Evacuation Pause) (young), 0.0069552 secs]
   [Parallel Time: 2.8 ms, GC Workers: 10]
      [GC Worker Start (ms): Min: 145416.4, Avg: 145416.7, Max: 145416.9, Diff: 0.5]
      [Ext Root Scanning (ms): Min: 0.9, Avg: 1.1, Max: 1.5, Diff: 0.7, Sum: 11.2]
      [Update RS (ms): Min: 0.1, Avg: 0.2, Max: 0.3, Diff: 0.2, Sum: 2.3]
         [Processed Buffers: Min: 2, Avg: 3.0, Max: 4, Diff: 2, Sum: 30]
      [Scan RS (ms): Min: 0.0, Avg: 0.0, Max: 0.1, Diff: 0.1, Sum: 0.5]
      [Code Root Scanning (ms): Min: 0.0, Avg: 0.0, Max: 0.1, Diff: 0.1, Sum: 0.1]
      [Object Copy (ms): Min: 0.4, Avg: 0.5, Max: 0.5, Diff: 0.2, Sum: 4.7]
      [Termination (ms): Min: 0.0, Avg: 0.0, Max: 0.0, Diff: 0.0, Sum: 0.1]
         [Termination Attempts: Min: 1, Avg: 1.0, Max: 1, Diff: 0, Sum: 10]
      [GC Worker Other (ms): Min: 0.0, Avg: 0.0, Max: 0.1, Diff: 0.1, Sum: 0.4]
      [GC Worker Total (ms): Min: 1.7, Avg: 1.9, Max: 2.1, Diff: 0.5, Sum: 19.1]
      [GC Worker End (ms): Min: 145418.6, Avg: 145418.6, Max: 145418.7, Diff: 0.1]
   [Code Root Fixup: 0.0 ms]
   [Code Root Purge: 0.0 ms]
   [Clear CT: 1.7 ms]
   [Other: 2.5 ms]
      [Choose CSet: 0.0 ms]
      [Ref Proc: 0.9 ms]
      [Ref Enq: 0.0 ms]
      [Redirty Cards: 1.3 ms]
      [Humongous Register: 0.0 ms]
      [Humongous Reclaim: 0.0 ms]
      [Free CSet: 0.1 ms]
   [Eden: 152.0M(152.0M)->0.0B(152.0M) Survivors: 1024.0K->1024.0K Heap: 178.3M(256.0M)->27094.8K(256.0M)]
Heap after GC invocations=53 (full 0):
 garbage-first heap   total 262144K, used 27094K [0x00000000f0000000, 0x00000000f0100800, 0x0000000100000000)
  region size 1024K, 1 young (1024K), 1 survivors (1024K)
 Metaspace       used 52700K, capacity 55904K, committed 55936K, reserved 1097728K
  class space    used 6456K, capacity 7022K, committed 7040K, reserved 1048576K
}
 [Times: user=0.03 sys=0.00, real=0.01 secs] 
{Heap before GC invocations=53 (full 0):
 garbage-first heap   total 262144K, used 182742K [0x00000000f0000000, 0x00000000f0100800, 0x0000000100000000)
  region size 1024K, 153 young (156672K), 1 survivors (1024K)
 Metaspace       used 52700K, capacity 55904K, committed 55936K, reserved 1097728K
  class space    used 6456K, capacity 7022K, committed 7040K, reserved 1048576K
2023-10-03T06:47:18.889+0800: 146.752: [GC pause (G1 Evacuation Pause) (young), 0.0074943 secs]
   [Parallel Time: 3.0 ms, GC Workers: 10]
      [GC Worker Start (ms): Min: 146752.6, Avg: 146752.9, Max: 146753.1, Diff: 0.5]
      [Ext Root Scanning (ms): Min: 0.8, Avg: 1.1, Max: 1.5, Diff: 0.7, Sum: 10.6]
      [Update RS (ms): Min: 0.2, Avg: 0.2, Max: 0.3, Diff: 0.1, Sum: 2.2]
         [Processed Buffers: Min: 1, Avg: 3.1, Max: 7, Diff: 6, Sum: 31]
      [Scan RS (ms): Min: 0.0, Avg: 0.1, Max: 0.1, Diff: 0.0, Sum: 0.7]
      [Code Root Scanning (ms): Min: 0.0, Avg: 0.0, Max: 0.1, Diff: 0.1, Sum: 0.1]
      [Object Copy (ms): Min: 0.4, Avg: 0.5, Max: 0.6, Diff: 0.2, Sum: 4.8]
      [Termination (ms): Min: 0.0, Avg: 0.0, Max: 0.0, Diff: 0.0, Sum: 0.1]
         [Termination Attempts: Min: 1, Avg: 1.8, Max: 3, Diff: 2, Sum: 18]
      [GC Worker Other (ms): Min: 0.0, Avg: 0.1, Max: 0.2, Diff: 0.1, Sum: 0.5]
      [GC Worker Total (ms): Min: 1.7, Avg: 1.9, Max: 2.2, Diff: 0.5, Sum: 18.9]
      [GC Worker End (ms): Min: 146754.8, Avg: 146754.8, Max: 146754.9, Diff: 0.1]
   [Code Root Fixup: 0.0 ms]
   [Code Root Purge: 0.0 ms]
   [Clear CT: 1.3 ms]
   [Other: 3.1 ms]
      [Choose CSet: 0.0 ms]
      [Ref Proc: 1.6 ms]
      [Ref Enq: 0.0 ms]
      [Redirty Cards: 1.3 ms]
      [Humongous Register: 0.0 ms]
      [Humongous Reclaim: 0.0 ms]
      [Free CSet: 0.1 ms]
   [Eden: 152.0M(152.0M)->0.0B(152.0M) Survivors: 1024.0K->1024.0K Heap: 178.5M(256.0M)->27231.6K(256.0M)]
Heap after GC invocations=54 (full 0):
 garbage-first heap   total 262144K, used 27231K [0x00000000f0000000, 0x00000000f0100800, 0x0000000100000000)
  region size 1024K, 1 young (1024K), 1 survivors (1024K)
 Metaspace       used 52700K, capacity 55904K, committed 55936K, reserved 1097728K
  class space    used 6456K, capacity 7022K, committed 7040K, reserved 1048576K
}
 [Times: user=0.03 sys=0.00, real=0.01 secs] 
{Heap before GC invocations=54 (full 0):
 garbage-first heap   total 262144K, used 182879K [0x00000000f0000000, 0x00000000f0100800, 0x0000000100000000)
  region size 1024K, 153 young (156672K), 1 survivors (1024K)
 Metaspace       used 52700K, capacity 55904K, committed 55936K, reserved 1097728K
  class space    used 6456K, capacity 7022K, committed 7040K, reserved 1048576K
2023-10-03T06:47:20.357+0800: 148.220: [GC pause (G1 Evacuation Pause) (young), 0.0070067 secs]
   [Parallel Time: 2.8 ms, GC Workers: 10]
      [GC Worker Start (ms): Min: 148220.3, Avg: 148220.6, Max: 148220.8, Diff: 0.5]
      [Ext Root Scanning (ms): Min: 0.8, Avg: 1.1, Max: 1.5, Diff: 0.7, Sum: 11.2]
      [Update RS (ms): Min: 0.2, Avg: 0.2, Max: 0.3, Diff: 0.1, Sum: 2.2]
         [Processed Buffers: Min: 1, Avg: 3.0, Max: 5, Diff: 4, Sum: 30]
      [Scan RS (ms): Min: 0.0, Avg: 0.0, Max: 0.1, Diff: 0.1, Sum: 0.5]
      [Code Root Scanning (ms): Min: 0.0, Avg: 0.0, Max: 0.1, Diff: 0.1, Sum: 0.1]
      [Object Copy (ms): Min: 0.3, Avg: 0.5, Max: 0.5, Diff: 0.2, Sum: 4.9]
      [Termination (ms): Min: 0.0, Avg: 0.0, Max: 0.0, Diff: 0.0, Sum: 0.0]
         [Termination Attempts: Min: 1, Avg: 1.0, Max: 1, Diff: 0, Sum: 10]
      [GC Worker Other (ms): Min: 0.0, Avg: 0.0, Max: 0.1, Diff: 0.1, Sum: 0.5]
      [GC Worker Total (ms): Min: 1.7, Avg: 1.9, Max: 2.2, Diff: 0.5, Sum: 19.4]
      [GC Worker End (ms): Min: 148222.5, Avg: 148222.5, Max: 148222.6, Diff: 0.1]
   [Code Root Fixup: 0.0 ms]
   [Code Root Purge: 0.0 ms]
   [Clear CT: 1.1 ms]
   [Other: 3.1 ms]
      [Choose CSet: 0.0 ms]
      [Ref Proc: 1.4 ms]
      [Ref Enq: 0.0 ms]
      [Redirty Cards: 1.4 ms]
      [Humongous Register: 0.0 ms]
      [Humongous Reclaim: 0.0 ms]
      [Free CSet: 0.1 ms]
   [Eden: 152.0M(152.0M)->0.0B(152.0M) Survivors: 1024.0K->1024.0K Heap: 178.6M(256.0M)->27185.8K(256.0M)]
Heap after GC invocations=55 (full 0):
 garbage-first heap   total 262144K, used 27185K [0x00000000f0000000, 0x00000000f0100800, 0x0000000100000000)
  region size 1024K, 1 young (1024K), 1 survivors (1024K)
 Metaspace       used 52700K, capacity 55904K, committed 55936K, reserved 1097728K
  class space    used 6456K, capacity 7022K, committed 7040K, reserved 1048576K
}
 [Times: user=0.02 sys=0.00, real=0.01 secs] 
{Heap before GC invocations=55 (full 0):
 garbage-first heap   total 262144K, used 182833K [0x00000000f0000000, 0x00000000f0100800, 0x0000000100000000)
  region size 1024K, 153 young (156672K), 1 survivors (1024K)
 Metaspace       used 52700K, capacity 55904K, committed 55936K, reserved 1097728K
  class space    used 6456K, capacity 7022K, committed 7040K, reserved 1048576K
2023-10-03T06:47:21.711+0800: 149.574: [GC pause (G1 Evacuation Pause) (young), 0.0073880 secs]
   [Parallel Time: 2.9 ms, GC Workers: 10]
      [GC Worker Start (ms): Min: 149574.2, Avg: 149574.5, Max: 149574.7, Diff: 0.5]
      [Ext Root Scanning (ms): Min: 0.8, Avg: 1.1, Max: 1.4, Diff: 0.6, Sum: 10.6]
      [Update RS (ms): Min: 0.2, Avg: 0.2, Max: 0.3, Diff: 0.1, Sum: 2.2]
         [Processed Buffers: Min: 1, Avg: 3.0, Max: 6, Diff: 5, Sum: 30]
      [Scan RS (ms): Min: 0.0, Avg: 0.1, Max: 0.1, Diff: 0.1, Sum: 0.6]
      [Code Root Scanning (ms): Min: 0.0, Avg: 0.0, Max: 0.1, Diff: 0.1, Sum: 0.1]
      [Object Copy (ms): Min: 0.4, Avg: 0.5, Max: 0.6, Diff: 0.2, Sum: 5.0]
      [Termination (ms): Min: 0.0, Avg: 0.0, Max: 0.1, Diff: 0.1, Sum: 0.5]
         [Termination Attempts: Min: 1, Avg: 1.0, Max: 1, Diff: 0, Sum: 10]
      [GC Worker Other (ms): Min: 0.0, Avg: 0.0, Max: 0.1, Diff: 0.1, Sum: 0.3]
      [GC Worker Total (ms): Min: 1.7, Avg: 1.9, Max: 2.2, Diff: 0.5, Sum: 19.4]
      [GC Worker End (ms): Min: 149576.4, Avg: 149576.4, Max: 149576.5, Diff: 0.1]
   [Code Root Fixup: 0.0 ms]
   [Code Root Purge: 0.0 ms]
   [Clear CT: 1.8 ms]
   [Other: 2.7 ms]
      [Choose CSet: 0.0 ms]
      [Ref Proc: 1.0 ms]
      [Ref Enq: 0.0 ms]
      [Redirty Cards: 1.4 ms]
      [Humongous Register: 0.0 ms]
      [Humongous Reclaim: 0.0 ms]
      [Free CSet: 0.1 ms]
   [Eden: 152.0M(152.0M)->0.0B(152.0M) Survivors: 1024.0K->1024.0K Heap: 178.5M(256.0M)->27107.7K(256.0M)]
Heap after GC invocations=56 (full 0):
 garbage-first heap   total 262144K, used 27107K [0x00000000f0000000, 0x00000000f0100800, 0x0000000100000000)
  region size 1024K, 1 young (1024K), 1 survivors (1024K)
 Metaspace       used 52700K, capacity 55904K, committed 55936K, reserved 1097728K
  class space    used 6456K, capacity 7022K, committed 7040K, reserved 1048576K
}
 [Times: user=0.03 sys=0.00, real=0.00 secs] 
{Heap before GC invocations=56 (full 0):
 garbage-first heap   total 262144K, used 182755K [0x00000000f0000000, 0x00000000f0100800, 0x0000000100000000)
  region size 1024K, 153 young (156672K), 1 survivors (1024K)
 Metaspace       used 52700K, capacity 55904K, committed 55936K, reserved 1097728K
  class space    used 6456K, capacity 7022K, committed 7040K, reserved 1048576K
2023-10-03T06:47:23.078+0800: 150.941: [GC pause (G1 Evacuation Pause) (young), 0.0063607 secs]
   [Parallel Time: 2.5 ms, GC Workers: 10]
      [GC Worker Start (ms): Min: 150941.1, Avg: 150941.3, Max: 150941.5, Diff: 0.4]
      [Ext Root Scanning (ms): Min: 0.7, Avg: 0.9, Max: 1.4, Diff: 0.7, Sum: 8.8]
      [Update RS (ms): Min: 0.0, Avg: 0.2, Max: 0.3, Diff: 0.3, Sum: 1.8]
         [Processed Buffers: Min: 0, Avg: 3.0, Max: 5, Diff: 5, Sum: 30]
      [Scan RS (ms): Min: 0.0, Avg: 0.0, Max: 0.1, Diff: 0.1, Sum: 0.5]
      [Code Root Scanning (ms): Min: 0.0, Avg: 0.0, Max: 0.0, Diff: 0.0, Sum: 0.1]
      [Object Copy (ms): Min: 0.3, Avg: 0.4, Max: 0.4, Diff: 0.1, Sum: 3.5]
      [Termination (ms): Min: 0.0, Avg: 0.0, Max: 0.0, Diff: 0.0, Sum: 0.0]
         [Termination Attempts: Min: 1, Avg: 1.0, Max: 1, Diff: 0, Sum: 10]
      [GC Worker Other (ms): Min: 0.0, Avg: 0.0, Max: 0.1, Diff: 0.1, Sum: 0.4]
      [GC Worker Total (ms): Min: 1.3, Avg: 1.5, Max: 1.7, Diff: 0.4, Sum: 15.1]
      [GC Worker End (ms): Min: 150942.8, Avg: 150942.8, Max: 150942.9, Diff: 0.1]
   [Code Root Fixup: 0.0 ms]
   [Code Root Purge: 0.0 ms]
   [Clear CT: 1.4 ms]
   [Other: 2.4 ms]
      [Choose CSet: 0.0 ms]
      [Ref Proc: 1.0 ms]
      [Ref Enq: 0.0 ms]
      [Redirty Cards: 1.2 ms]
      [Humongous Register: 0.0 ms]
      [Humongous Reclaim: 0.0 ms]
      [Free CSet: 0.1 ms]
   [Eden: 152.0M(152.0M)->0.0B(152.0M) Survivors: 1024.0K->1024.0K Heap: 178.5M(256.0M)->27141.1K(256.0M)]
Heap after GC invocations=57 (full 0):
 garbage-first heap   total 262144K, used 27141K [0x00000000f0000000, 0x00000000f0100800, 0x0000000100000000)
  region size 1024K, 1 young (1024K), 1 survivors (1024K)
 Metaspace       used 52700K, capacity 55904K, committed 55936K, reserved 1097728K
  class space    used 6456K, capacity 7022K, committed 7040K, reserved 1048576K
}
 [Times: user=0.01 sys=0.01, real=0.01 secs] 
{Heap before GC invocations=57 (full 0):
 garbage-first heap   total 262144K, used 182789K [0x00000000f0000000, 0x00000000f0100800, 0x0000000100000000)
  region size 1024K, 153 young (156672K), 1 survivors (1024K)
 Metaspace       used 52701K, capacity 55904K, committed 55936K, reserved 1097728K
  class space    used 6456K, capacity 7022K, committed 7040K, reserved 1048576K
2023-10-03T06:47:24.512+0800: 152.375: [GC pause (G1 Evacuation Pause) (young), 0.0068502 secs]
   [Parallel Time: 2.4 ms, GC Workers: 10]
      [GC Worker Start (ms): Min: 152375.3, Avg: 152375.6, Max: 152375.9, Diff: 0.6]
      [Ext Root Scanning (ms): Min: 0.9, Avg: 1.2, Max: 1.5, Diff: 0.6, Sum: 11.5]
      [Update RS (ms): Min: 0.2, Avg: 0.2, Max: 0.3, Diff: 0.2, Sum: 2.3]
         [Processed Buffers: Min: 2, Avg: 3.1, Max: 5, Diff: 3, Sum: 31]
      [Scan RS (ms): Min: 0.0, Avg: 0.1, Max: 0.1, Diff: 0.1, Sum: 0.6]
      [Code Root Scanning (ms): Min: 0.0, Avg: 0.0, Max: 0.0, Diff: 0.0, Sum: 0.1]
      [Object Copy (ms): Min: 0.4, Avg: 0.5, Max: 0.6, Diff: 0.2, Sum: 5.3]
      [Termination (ms): Min: 0.0, Avg: 0.0, Max: 0.0, Diff: 0.0, Sum: 0.0]
         [Termination Attempts: Min: 1, Avg: 1.0, Max: 1, Diff: 0, Sum: 10]
      [GC Worker Other (ms): Min: 0.0, Avg: 0.0, Max: 0.0, Diff: 0.0, Sum: 0.3]
      [GC Worker Total (ms): Min: 1.7, Avg: 2.0, Max: 2.3, Diff: 0.6, Sum: 20.1]
      [GC Worker End (ms): Min: 152377.6, Avg: 152377.6, Max: 152377.6, Diff: 0.0]
   [Code Root Fixup: 0.0 ms]
   [Code Root Purge: 0.0 ms]
   [Clear CT: 1.3 ms]
   [Other: 3.1 ms]
      [Choose CSet: 0.0 ms]
      [Ref Proc: 1.5 ms]
      [Ref Enq: 0.0 ms]
      [Redirty Cards: 1.4 ms]
      [Humongous Register: 0.0 ms]
      [Humongous Reclaim: 0.0 ms]
      [Free CSet: 0.1 ms]
   [Eden: 152.0M(152.0M)->0.0B(152.0M) Survivors: 1024.0K->1024.0K Heap: 178.5M(256.0M)->27054.5K(256.0M)]
Heap after GC invocations=58 (full 0):
 garbage-first heap   total 262144K, used 27054K [0x00000000f0000000, 0x00000000f0100800, 0x0000000100000000)
  region size 1024K, 1 young (1024K), 1 survivors (1024K)
 Metaspace       used 52701K, capacity 55904K, committed 55936K, reserved 1097728K
  class space    used 6456K, capacity 7022K, committed 7040K, reserved 1048576K
}
 [Times: user=0.02 sys=0.00, real=0.00 secs] 
{Heap before GC invocations=58 (full 0):
 garbage-first heap   total 262144K, used 182702K [0x00000000f0000000, 0x00000000f0100800, 0x0000000100000000)
  region size 1024K, 153 young (156672K), 1 survivors (1024K)
 Metaspace       used 52701K, capacity 55904K, committed 55936K, reserved 1097728K
  class space    used 6456K, capacity 7022K, committed 7040K, reserved 1048576K
2023-10-03T06:47:25.875+0800: 153.738: [GC pause (G1 Evacuation Pause) (young), 0.0100692 secs]
   [Parallel Time: 5.4 ms, GC Workers: 10]
      [GC Worker Start (ms): Min: 153738.5, Avg: 153738.8, Max: 153739.0, Diff: 0.5]
      [Ext Root Scanning (ms): Min: 0.9, Avg: 1.2, Max: 1.5, Diff: 0.5, Sum: 11.5]
      [Update RS (ms): Min: 0.2, Avg: 0.2, Max: 0.3, Diff: 0.1, Sum: 2.2]
         [Processed Buffers: Min: 1, Avg: 3.1, Max: 7, Diff: 6, Sum: 31]
      [Scan RS (ms): Min: 0.0, Avg: 0.1, Max: 0.1, Diff: 0.1, Sum: 0.5]
      [Code Root Scanning (ms): Min: 0.0, Avg: 0.0, Max: 0.0, Diff: 0.0, Sum: 0.1]
      [Object Copy (ms): Min: 0.5, Avg: 2.0, Max: 2.3, Diff: 1.8, Sum: 19.7]
      [Termination (ms): Min: 0.0, Avg: 0.4, Max: 2.5, Diff: 2.5, Sum: 3.7]
         [Termination Attempts: Min: 1, Avg: 1.0, Max: 1, Diff: 0, Sum: 10]
      [GC Worker Other (ms): Min: 0.0, Avg: 0.0, Max: 0.0, Diff: 0.0, Sum: 0.2]
      [GC Worker Total (ms): Min: 3.5, Avg: 3.8, Max: 4.6, Diff: 1.1, Sum: 38.0]
      [GC Worker End (ms): Min: 153742.5, Avg: 153742.6, Max: 153743.3, Diff: 0.8]
   [Code Root Fixup: 0.0 ms]
   [Code Root Purge: 0.0 ms]
   [Clear CT: 1.2 ms]
   [Other: 3.4 ms]
      [Choose CSet: 0.0 ms]
      [Ref Proc: 1.6 ms]
      [Ref Enq: 0.0 ms]
      [Redirty Cards: 1.5 ms]
      [Humongous Register: 0.0 ms]
      [Humongous Reclaim: 0.0 ms]
      [Free CSet: 0.1 ms]
   [Eden: 152.0M(152.0M)->0.0B(152.0M) Survivors: 1024.0K->1024.0K Heap: 178.4M(256.0M)->27321.6K(256.0M)]
Heap after GC invocations=59 (full 0):
 garbage-first heap   total 262144K, used 27321K [0x00000000f0000000, 0x00000000f0100800, 0x0000000100000000)
  region size 1024K, 1 young (1024K), 1 survivors (1024K)
 Metaspace       used 52701K, capacity 55904K, committed 55936K, reserved 1097728K
  class space    used 6456K, capacity 7022K, committed 7040K, reserved 1048576K
}
 [Times: user=0.04 sys=0.00, real=0.01 secs] 
{Heap before GC invocations=59 (full 0):
 garbage-first heap   total 262144K, used 182969K [0x00000000f0000000, 0x00000000f0100800, 0x0000000100000000)
  region size 1024K, 153 young (156672K), 1 survivors (1024K)
 Metaspace       used 52701K, capacity 55904K, committed 55936K, reserved 1097728K
  class space    used 6456K, capacity 7022K, committed 7040K, reserved 1048576K
2023-10-03T06:47:27.297+0800: 155.160: [GC pause (G1 Evacuation Pause) (young), 0.0069612 secs]
   [Parallel Time: 2.9 ms, GC Workers: 10]
      [GC Worker Start (ms): Min: 155160.2, Avg: 155160.5, Max: 155160.7, Diff: 0.5]
      [Ext Root Scanning (ms): Min: 0.8, Avg: 1.1, Max: 1.5, Diff: 0.6, Sum: 11.1]
      [Update RS (ms): Min: 0.2, Avg: 0.3, Max: 0.4, Diff: 0.1, Sum: 3.0]
         [Processed Buffers: Min: 1, Avg: 3.1, Max: 8, Diff: 7, Sum: 31]
      [Scan RS (ms): Min: 0.0, Avg: 0.1, Max: 0.1, Diff: 0.1, Sum: 0.6]
      [Code Root Scanning (ms): Min: 0.0, Avg: 0.0, Max: 0.0, Diff: 0.0, Sum: 0.1]
      [Object Copy (ms): Min: 0.3, Avg: 0.4, Max: 0.5, Diff: 0.2, Sum: 4.1]
      [Termination (ms): Min: 0.0, Avg: 0.0, Max: 0.0, Diff: 0.0, Sum: 0.0]
         [Termination Attempts: Min: 1, Avg: 1.0, Max: 1, Diff: 0, Sum: 10]
      [GC Worker Other (ms): Min: 0.0, Avg: 0.1, Max: 0.2, Diff: 0.1, Sum: 0.5]
      [GC Worker Total (ms): Min: 1.7, Avg: 1.9, Max: 2.2, Diff: 0.5, Sum: 19.4]
      [GC Worker End (ms): Min: 155162.4, Avg: 155162.4, Max: 155162.5, Diff: 0.1]
   [Code Root Fixup: 0.0 ms]
   [Code Root Purge: 0.0 ms]
   [Clear CT: 1.6 ms]
   [Other: 2.4 ms]
      [Choose CSet: 0.0 ms]
      [Ref Proc: 0.8 ms]
      [Ref Enq: 0.0 ms]
      [Redirty Cards: 1.3 ms]
      [Humongous Register: 0.0 ms]
      [Humongous Reclaim: 0.0 ms]
      [Free CSet: 0.1 ms]
   [Eden: 152.0M(152.0M)->0.0B(152.0M) Survivors: 1024.0K->1024.0K Heap: 178.7M(256.0M)->27060.1K(256.0M)]
Heap after GC invocations=60 (full 0):
 garbage-first heap   total 262144K, used 27060K [0x00000000f0000000, 0x00000000f0100800, 0x0000000100000000)
  region size 1024K, 1 young (1024K), 1 survivors (1024K)
 Metaspace       used 52701K, capacity 55904K, committed 55936K, reserved 1097728K
  class space    used 6456K, capacity 7022K, committed 7040K, reserved 1048576K
}
 [Times: user=0.03 sys=0.00, real=0.01 secs] 
{Heap before GC invocations=60 (full 0):
 garbage-first heap   total 262144K, used 182708K [0x00000000f0000000, 0x00000000f0100800, 0x0000000100000000)
  region size 1024K, 153 young (156672K), 1 survivors (1024K)
 Metaspace       used 52707K, capacity 55904K, committed 55936K, reserved 1097728K
  class space    used 6456K, capacity 7022K, committed 7040K, reserved 1048576K
2023-10-03T06:47:28.689+0800: 156.552: [GC pause (G1 Evacuation Pause) (young), 0.0068122 secs]
   [Parallel Time: 2.7 ms, GC Workers: 10]
      [GC Worker Start (ms): Min: 156552.0, Avg: 156552.3, Max: 156552.5, Diff: 0.5]
      [Ext Root Scanning (ms): Min: 0.8, Avg: 1.0, Max: 1.5, Diff: 0.7, Sum: 10.4]
      [Update RS (ms): Min: 0.2, Avg: 0.3, Max: 0.3, Diff: 0.1, Sum: 2.8]
         [Processed Buffers: Min: 2, Avg: 3.2, Max: 5, Diff: 3, Sum: 32]
      [Scan RS (ms): Min: 0.0, Avg: 0.1, Max: 0.1, Diff: 0.0, Sum: 0.5]
      [Code Root Scanning (ms): Min: 0.0, Avg: 0.0, Max: 0.0, Diff: 0.0, Sum: 0.1]
      [Object Copy (ms): Min: 0.2, Avg: 0.2, Max: 0.3, Diff: 0.2, Sum: 2.5]
      [Termination (ms): Min: 0.0, Avg: 0.0, Max: 0.0, Diff: 0.0, Sum: 0.0]
         [Termination Attempts: Min: 1, Avg: 1.0, Max: 1, Diff: 0, Sum: 10]
      [GC Worker Other (ms): Min: 0.0, Avg: 0.1, Max: 0.2, Diff: 0.2, Sum: 0.5]
      [GC Worker Total (ms): Min: 1.4, Avg: 1.7, Max: 1.9, Diff: 0.5, Sum: 16.8]
      [GC Worker End (ms): Min: 156553.9, Avg: 156554.0, Max: 156554.1, Diff: 0.2]
   [Code Root Fixup: 0.0 ms]
   [Code Root Purge: 0.0 ms]
   [Clear CT: 1.2 ms]
   [Other: 2.8 ms]
      [Choose CSet: 0.0 ms]
      [Ref Proc: 1.1 ms]
      [Ref Enq: 0.0 ms]
      [Redirty Cards: 1.5 ms]
      [Humongous Register: 0.0 ms]
      [Humongous Reclaim: 0.0 ms]
      [Free CSet: 0.1 ms]
   [Eden: 152.0M(152.0M)->0.0B(152.0M) Survivors: 1024.0K->1024.0K Heap: 178.4M(256.0M)->27033.7K(256.0M)]
Heap after GC invocations=61 (full 0):
 garbage-first heap   total 262144K, used 27033K [0x00000000f0000000, 0x00000000f0100800, 0x0000000100000000)
  region size 1024K, 1 young (1024K), 1 survivors (1024K)
 Metaspace       used 52707K, capacity 55904K, committed 55936K, reserved 1097728K
  class space    used 6456K, capacity 7022K, committed 7040K, reserved 1048576K
}
 [Times: user=0.02 sys=0.00, real=0.01 secs] 
{Heap before GC invocations=61 (full 0):
 garbage-first heap   total 262144K, used 182681K [0x00000000f0000000, 0x00000000f0100800, 0x0000000100000000)
  region size 1024K, 153 young (156672K), 1 survivors (1024K)
 Metaspace       used 52707K, capacity 55904K, committed 55936K, reserved 1097728K
  class space    used 6456K, capacity 7022K, committed 7040K, reserved 1048576K
2023-10-03T06:47:30.111+0800: 157.974: [GC pause (G1 Evacuation Pause) (young), 0.0067666 secs]
   [Parallel Time: 2.5 ms, GC Workers: 10]
      [GC Worker Start (ms): Min: 157973.9, Avg: 157974.2, Max: 157974.4, Diff: 0.5]
      [Ext Root Scanning (ms): Min: 0.7, Avg: 1.0, Max: 1.5, Diff: 0.8, Sum: 9.6]
      [Update RS (ms): Min: 0.0, Avg: 0.2, Max: 0.4, Diff: 0.3, Sum: 2.5]
         [Processed Buffers: Min: 2, Avg: 3.1, Max: 6, Diff: 4, Sum: 31]
      [Scan RS (ms): Min: 0.0, Avg: 0.1, Max: 0.1, Diff: 0.1, Sum: 0.7]
      [Code Root Scanning (ms): Min: 0.0, Avg: 0.0, Max: 0.0, Diff: 0.0, Sum: 0.1]
      [Object Copy (ms): Min: 0.1, Avg: 0.2, Max: 0.3, Diff: 0.1, Sum: 2.0]
      [Termination (ms): Min: 0.0, Avg: 0.0, Max: 0.0, Diff: 0.0, Sum: 0.0]
         [Termination Attempts: Min: 1, Avg: 1.1, Max: 2, Diff: 1, Sum: 11]
      [GC Worker Other (ms): Min: 0.0, Avg: 0.0, Max: 0.1, Diff: 0.1, Sum: 0.4]
      [GC Worker Total (ms): Min: 1.3, Avg: 1.5, Max: 1.8, Diff: 0.5, Sum: 15.2]
      [GC Worker End (ms): Min: 157975.7, Avg: 157975.7, Max: 157975.8, Diff: 0.1]
   [Code Root Fixup: 0.0 ms]
   [Code Root Purge: 0.0 ms]
   [Clear CT: 1.4 ms]
   [Other: 2.8 ms]
      [Choose CSet: 0.0 ms]
      [Ref Proc: 1.2 ms]
      [Ref Enq: 0.0 ms]
      [Redirty Cards: 1.4 ms]
      [Humongous Register: 0.0 ms]
      [Humongous Reclaim: 0.0 ms]
      [Free CSet: 0.1 ms]
   [Eden: 152.0M(152.0M)->0.0B(152.0M) Survivors: 1024.0K->1024.0K Heap: 178.4M(256.0M)->26990.4K(256.0M)]
Heap after GC invocations=62 (full 0):
 garbage-first heap   total 262144K, used 26990K [0x00000000f0000000, 0x00000000f0100800, 0x0000000100000000)
  region size 1024K, 1 young (1024K), 1 survivors (1024K)
 Metaspace       used 52707K, capacity 55904K, committed 55936K, reserved 1097728K
  class space    used 6456K, capacity 7022K, committed 7040K, reserved 1048576K
}
 [Times: user=0.02 sys=0.00, real=0.00 secs] 
{Heap before GC invocations=62 (full 0):
 garbage-first heap   total 262144K, used 182638K [0x00000000f0000000, 0x00000000f0100800, 0x0000000100000000)
  region size 1024K, 153 young (156672K), 1 survivors (1024K)
 Metaspace       used 52707K, capacity 55904K, committed 55936K, reserved 1097728K
  class space    used 6456K, capacity 7022K, committed 7040K, reserved 1048576K
2023-10-03T06:47:31.535+0800: 159.398: [GC pause (G1 Evacuation Pause) (young), 0.0073121 secs]
   [Parallel Time: 2.7 ms, GC Workers: 10]
      [GC Worker Start (ms): Min: 159398.1, Avg: 159398.3, Max: 159398.6, Diff: 0.5]
      [Ext Root Scanning (ms): Min: 0.7, Avg: 1.0, Max: 1.4, Diff: 0.7, Sum: 9.8]
      [Update RS (ms): Min: 0.1, Avg: 0.3, Max: 0.3, Diff: 0.2, Sum: 2.8]
         [Processed Buffers: Min: 2, Avg: 3.1, Max: 4, Diff: 2, Sum: 31]
      [Scan RS (ms): Min: 0.0, Avg: 0.1, Max: 0.1, Diff: 0.1, Sum: 0.7]
      [Code Root Scanning (ms): Min: 0.0, Avg: 0.0, Max: 0.0, Diff: 0.0, Sum: 0.1]
      [Object Copy (ms): Min: 0.1, Avg: 0.2, Max: 0.3, Diff: 0.1, Sum: 2.2]
      [Termination (ms): Min: 0.0, Avg: 0.0, Max: 0.0, Diff: 0.0, Sum: 0.0]
         [Termination Attempts: Min: 1, Avg: 1.0, Max: 1, Diff: 0, Sum: 10]
      [GC Worker Other (ms): Min: 0.0, Avg: 0.0, Max: 0.2, Diff: 0.1, Sum: 0.5]
      [GC Worker Total (ms): Min: 1.4, Avg: 1.6, Max: 1.8, Diff: 0.5, Sum: 16.1]
      [GC Worker End (ms): Min: 159399.9, Avg: 159400.0, Max: 159400.1, Diff: 0.1]
   [Code Root Fixup: 0.0 ms]
   [Code Root Purge: 0.0 ms]
   [Clear CT: 1.7 ms]
   [Other: 2.9 ms]
      [Choose CSet: 0.0 ms]
      [Ref Proc: 1.3 ms]
      [Ref Enq: 0.0 ms]
      [Redirty Cards: 1.4 ms]
      [Humongous Register: 0.0 ms]
      [Humongous Reclaim: 0.0 ms]
      [Free CSet: 0.1 ms]
   [Eden: 152.0M(152.0M)->0.0B(152.0M) Survivors: 1024.0K->1024.0K Heap: 178.4M(256.0M)->27000.4K(256.0M)]
Heap after GC invocations=63 (full 0):
 garbage-first heap   total 262144K, used 27000K [0x00000000f0000000, 0x00000000f0100800, 0x0000000100000000)
  region size 1024K, 1 young (1024K), 1 survivors (1024K)
 Metaspace       used 52707K, capacity 55904K, committed 55936K, reserved 1097728K
  class space    used 6456K, capacity 7022K, committed 7040K, reserved 1048576K
}
 [Times: user=0.02 sys=0.00, real=0.01 secs] 
{Heap before GC invocations=63 (full 0):
 garbage-first heap   total 262144K, used 182648K [0x00000000f0000000, 0x00000000f0100800, 0x0000000100000000)
  region size 1024K, 153 young (156672K), 1 survivors (1024K)
 Metaspace       used 52707K, capacity 55904K, committed 55936K, reserved 1097728K
  class space    used 6456K, capacity 7022K, committed 7040K, reserved 1048576K
2023-10-03T06:47:32.897+0800: 160.760: [GC pause (G1 Evacuation Pause) (young), 0.0073616 secs]
   [Parallel Time: 2.6 ms, GC Workers: 10]
      [GC Worker Start (ms): Min: 160760.5, Avg: 160760.8, Max: 160761.1, Diff: 0.6]
      [Ext Root Scanning (ms): Min: 0.8, Avg: 1.0, Max: 1.4, Diff: 0.7, Sum: 10.5]
      [Update RS (ms): Min: 0.0, Avg: 0.2, Max: 0.4, Diff: 0.4, Sum: 2.5]
         [Processed Buffers: Min: 0, Avg: 3.1, Max: 5, Diff: 5, Sum: 31]
      [Scan RS (ms): Min: 0.0, Avg: 0.1, Max: 0.1, Diff: 0.1, Sum: 0.6]
      [Code Root Scanning (ms): Min: 0.0, Avg: 0.0, Max: 0.0, Diff: 0.0, Sum: 0.0]
      [Object Copy (ms): Min: 0.2, Avg: 0.2, Max: 0.3, Diff: 0.1, Sum: 2.4]
      [Termination (ms): Min: 0.0, Avg: 0.0, Max: 0.0, Diff: 0.0, Sum: 0.0]
         [Termination Attempts: Min: 1, Avg: 1.0, Max: 1, Diff: 0, Sum: 10]
      [GC Worker Other (ms): Min: 0.0, Avg: 0.0, Max: 0.1, Diff: 0.1, Sum: 0.3]
      [GC Worker Total (ms): Min: 1.4, Avg: 1.6, Max: 1.9, Diff: 0.5, Sum: 16.3]
      [GC Worker End (ms): Min: 160762.5, Avg: 160762.5, Max: 160762.5, Diff: 0.1]
   [Code Root Fixup: 0.0 ms]
   [Code Root Purge: 0.0 ms]
   [Clear CT: 1.9 ms]
   [Other: 2.9 ms]
      [Choose CSet: 0.0 ms]
      [Ref Proc: 1.2 ms]
      [Ref Enq: 0.0 ms]
      [Redirty Cards: 1.4 ms]
      [Humongous Register: 0.0 ms]
      [Humongous Reclaim: 0.0 ms]
      [Free CSet: 0.1 ms]
   [Eden: 152.0M(152.0M)->0.0B(152.0M) Survivors: 1024.0K->1024.0K Heap: 178.4M(256.0M)->27022.6K(256.0M)]
Heap after GC invocations=64 (full 0):
 garbage-first heap   total 262144K, used 27022K [0x00000000f0000000, 0x00000000f0100800, 0x0000000100000000)
  region size 1024K, 1 young (1024K), 1 survivors (1024K)
 Metaspace       used 52707K, capacity 55904K, committed 55936K, reserved 1097728K
  class space    used 6456K, capacity 7022K, committed 7040K, reserved 1048576K
}
 [Times: user=0.02 sys=0.01, real=0.01 secs] 
{Heap before GC invocations=64 (full 0):
 garbage-first heap   total 262144K, used 182670K [0x00000000f0000000, 0x00000000f0100800, 0x0000000100000000)
  region size 1024K, 153 young (156672K), 1 survivors (1024K)
 Metaspace       used 52707K, capacity 55904K, committed 55936K, reserved 1097728K
  class space    used 6456K, capacity 7022K, committed 7040K, reserved 1048576K
2023-10-03T06:47:34.280+0800: 162.143: [GC pause (G1 Evacuation Pause) (young), 0.0066701 secs]
   [Parallel Time: 2.7 ms, GC Workers: 10]
      [GC Worker Start (ms): Min: 162143.5, Avg: 162143.8, Max: 162144.0, Diff: 0.5]
      [Ext Root Scanning (ms): Min: 0.8, Avg: 1.1, Max: 1.7, Diff: 0.9, Sum: 10.7]
      [Update RS (ms): Min: 0.0, Avg: 0.3, Max: 0.4, Diff: 0.4, Sum: 2.6]
         [Processed Buffers: Min: 1, Avg: 3.3, Max: 5, Diff: 4, Sum: 33]
      [Scan RS (ms): Min: 0.0, Avg: 0.1, Max: 0.1, Diff: 0.1, Sum: 0.5]
      [Code Root Scanning (ms): Min: 0.0, Avg: 0.0, Max: 0.0, Diff: 0.0, Sum: 0.0]
      [Object Copy (ms): Min: 0.2, Avg: 0.3, Max: 0.4, Diff: 0.2, Sum: 3.1]
      [Termination (ms): Min: 0.0, Avg: 0.0, Max: 0.0, Diff: 0.0, Sum: 0.0]
         [Termination Attempts: Min: 1, Avg: 1.1, Max: 2, Diff: 1, Sum: 11]
      [GC Worker Other (ms): Min: 0.0, Avg: 0.0, Max: 0.1, Diff: 0.1, Sum: 0.5]
      [GC Worker Total (ms): Min: 1.5, Avg: 1.8, Max: 2.0, Diff: 0.5, Sum: 17.5]
      [GC Worker End (ms): Min: 162145.5, Avg: 162145.5, Max: 162145.6, Diff: 0.1]
   [Code Root Fixup: 0.0 ms]
   [Code Root Purge: 0.0 ms]
   [Clear CT: 1.2 ms]
   [Other: 2.8 ms]
      [Choose CSet: 0.0 ms]
      [Ref Proc: 1.4 ms]
      [Ref Enq: 0.0 ms]
      [Redirty Cards: 1.1 ms]
      [Humongous Register: 0.0 ms]
      [Humongous Reclaim: 0.0 ms]
      [Free CSet: 0.1 ms]
   [Eden: 152.0M(152.0M)->0.0B(152.0M) Survivors: 1024.0K->1024.0K Heap: 178.4M(256.0M)->27079.6K(256.0M)]
Heap after GC invocations=65 (full 0):
 garbage-first heap   total 262144K, used 27079K [0x00000000f0000000, 0x00000000f0100800, 0x0000000100000000)
  region size 1024K, 1 young (1024K), 1 survivors (1024K)
 Metaspace       used 52707K, capacity 55904K, committed 55936K, reserved 1097728K
  class space    used 6456K, capacity 7022K, committed 7040K, reserved 1048576K
}
 [Times: user=0.02 sys=0.00, real=0.00 secs] 
{Heap before GC invocations=65 (full 0):
 garbage-first heap   total 262144K, used 182727K [0x00000000f0000000, 0x00000000f0100800, 0x0000000100000000)
  region size 1024K, 153 young (156672K), 1 survivors (1024K)
 Metaspace       used 52707K, capacity 55904K, committed 55936K, reserved 1097728K
  class space    used 6456K, capacity 7022K, committed 7040K, reserved 1048576K
2023-10-03T06:47:35.653+0800: 163.516: [GC pause (G1 Evacuation Pause) (young), 0.0066381 secs]
   [Parallel Time: 2.7 ms, GC Workers: 10]
      [GC Worker Start (ms): Min: 163516.0, Avg: 163516.3, Max: 163516.5, Diff: 0.5]
      [Ext Root Scanning (ms): Min: 0.9, Avg: 1.1, Max: 1.6, Diff: 0.7, Sum: 11.1]
      [Update RS (ms): Min: 0.1, Avg: 0.3, Max: 0.3, Diff: 0.2, Sum: 2.7]
         [Processed Buffers: Min: 2, Avg: 3.0, Max: 5, Diff: 3, Sum: 30]
      [Scan RS (ms): Min: 0.0, Avg: 0.1, Max: 0.1, Diff: 0.0, Sum: 0.7]
      [Code Root Scanning (ms): Min: 0.0, Avg: 0.0, Max: 0.0, Diff: 0.0, Sum: 0.0]
      [Object Copy (ms): Min: 0.2, Avg: 0.3, Max: 0.5, Diff: 0.3, Sum: 3.2]
      [Termination (ms): Min: 0.0, Avg: 0.0, Max: 0.0, Diff: 0.0, Sum: 0.0]
         [Termination Attempts: Min: 1, Avg: 1.0, Max: 1, Diff: 0, Sum: 10]
      [GC Worker Other (ms): Min: 0.0, Avg: 0.0, Max: 0.1, Diff: 0.1, Sum: 0.3]
      [GC Worker Total (ms): Min: 1.6, Avg: 1.8, Max: 2.1, Diff: 0.5, Sum: 18.1]
      [GC Worker End (ms): Min: 163518.1, Avg: 163518.1, Max: 163518.1, Diff: 0.1]
   [Code Root Fixup: 0.0 ms]
   [Code Root Purge: 0.0 ms]
   [Clear CT: 1.3 ms]
   [Other: 2.7 ms]
      [Choose CSet: 0.0 ms]
      [Ref Proc: 1.3 ms]
      [Ref Enq: 0.0 ms]
      [Redirty Cards: 1.2 ms]
      [Humongous Register: 0.0 ms]
      [Humongous Reclaim: 0.0 ms]
      [Free CSet: 0.1 ms]
   [Eden: 152.0M(152.0M)->0.0B(152.0M) Survivors: 1024.0K->1024.0K Heap: 178.4M(256.0M)->27086.4K(256.0M)]
Heap after GC invocations=66 (full 0):
 garbage-first heap   total 262144K, used 27086K [0x00000000f0000000, 0x00000000f0100800, 0x0000000100000000)
  region size 1024K, 1 young (1024K), 1 survivors (1024K)
 Metaspace       used 52707K, capacity 55904K, committed 55936K, reserved 1097728K
  class space    used 6456K, capacity 7022K, committed 7040K, reserved 1048576K
}
 [Times: user=0.02 sys=0.00, real=0.00 secs] 
{Heap before GC invocations=66 (full 0):
 garbage-first heap   total 262144K, used 182734K [0x00000000f0000000, 0x00000000f0100800, 0x0000000100000000)
  region size 1024K, 153 young (156672K), 1 survivors (1024K)
 Metaspace       used 52711K, capacity 55904K, committed 55936K, reserved 1097728K
  class space    used 6456K, capacity 7022K, committed 7040K, reserved 1048576K
2023-10-03T06:47:37.003+0800: 164.866: [GC pause (G1 Evacuation Pause) (young), 0.0070849 secs]
   [Parallel Time: 2.8 ms, GC Workers: 10]
      [GC Worker Start (ms): Min: 164866.6, Avg: 164866.9, Max: 164867.1, Diff: 0.5]
      [Ext Root Scanning (ms): Min: 0.8, Avg: 1.0, Max: 1.5, Diff: 0.7, Sum: 10.4]
      [Update RS (ms): Min: 0.1, Avg: 0.3, Max: 0.4, Diff: 0.3, Sum: 2.5]
         [Processed Buffers: Min: 1, Avg: 3.1, Max: 6, Diff: 5, Sum: 31]
      [Scan RS (ms): Min: 0.0, Avg: 0.0, Max: 0.1, Diff: 0.1, Sum: 0.4]
      [Code Root Scanning (ms): Min: 0.0, Avg: 0.0, Max: 0.0, Diff: 0.0, Sum: 0.0]
      [Object Copy (ms): Min: 0.2, Avg: 0.4, Max: 0.6, Diff: 0.3, Sum: 4.0]
      [Termination (ms): Min: 0.0, Avg: 0.0, Max: 0.0, Diff: 0.0, Sum: 0.0]
         [Termination Attempts: Min: 1, Avg: 1.3, Max: 2, Diff: 1, Sum: 13]
      [GC Worker Other (ms): Min: 0.0, Avg: 0.0, Max: 0.1, Diff: 0.1, Sum: 0.4]
      [GC Worker Total (ms): Min: 1.6, Avg: 1.8, Max: 2.0, Diff: 0.5, Sum: 17.9]
      [GC Worker End (ms): Min: 164868.6, Avg: 164868.6, Max: 164868.7, Diff: 0.1]
   [Code Root Fixup: 0.0 ms]
   [Code Root Purge: 0.0 ms]
   [Clear CT: 1.3 ms]
   [Other: 3.0 ms]
      [Choose CSet: 0.0 ms]
      [Ref Proc: 1.5 ms]
      [Ref Enq: 0.0 ms]
      [Redirty Cards: 1.2 ms]
      [Humongous Register: 0.0 ms]
      [Humongous Reclaim: 0.0 ms]
      [Free CSet: 0.1 ms]
   [Eden: 152.0M(152.0M)->0.0B(152.0M) Survivors: 1024.0K->1024.0K Heap: 178.5M(256.0M)->27115.8K(256.0M)]
Heap after GC invocations=67 (full 0):
 garbage-first heap   total 262144K, used 27115K [0x00000000f0000000, 0x00000000f0100800, 0x0000000100000000)
  region size 1024K, 1 young (1024K), 1 survivors (1024K)
 Metaspace       used 52711K, capacity 55904K, committed 55936K, reserved 1097728K
  class space    used 6456K, capacity 7022K, committed 7040K, reserved 1048576K
}
 [Times: user=0.02 sys=0.00, real=0.01 secs] 
{Heap before GC invocations=67 (full 0):
 garbage-first heap   total 262144K, used 182763K [0x00000000f0000000, 0x00000000f0100800, 0x0000000100000000)
  region size 1024K, 153 young (156672K), 1 survivors (1024K)
 Metaspace       used 52711K, capacity 55904K, committed 55936K, reserved 1097728K
  class space    used 6456K, capacity 7022K, committed 7040K, reserved 1048576K
2023-10-03T06:47:38.415+0800: 166.279: [GC pause (G1 Evacuation Pause) (young), 0.0064570 secs]
   [Parallel Time: 2.3 ms, GC Workers: 10]
      [GC Worker Start (ms): Min: 166278.7, Avg: 166279.0, Max: 166279.2, Diff: 0.4]
      [Ext Root Scanning (ms): Min: 0.8, Avg: 1.1, Max: 1.5, Diff: 0.7, Sum: 10.6]
      [Update RS (ms): Min: 0.2, Avg: 0.3, Max: 0.3, Diff: 0.1, Sum: 2.8]
         [Processed Buffers: Min: 2, Avg: 3.1, Max: 6, Diff: 4, Sum: 31]
      [Scan RS (ms): Min: 0.0, Avg: 0.1, Max: 0.1, Diff: 0.1, Sum: 0.6]
      [Code Root Scanning (ms): Min: 0.0, Avg: 0.0, Max: 0.0, Diff: 0.0, Sum: 0.0]
      [Object Copy (ms): Min: 0.2, Avg: 0.4, Max: 0.4, Diff: 0.2, Sum: 3.5]
      [Termination (ms): Min: 0.0, Avg: 0.0, Max: 0.0, Diff: 0.0, Sum: 0.0]
         [Termination Attempts: Min: 1, Avg: 1.0, Max: 1, Diff: 0, Sum: 10]
      [GC Worker Other (ms): Min: 0.0, Avg: 0.1, Max: 0.2, Diff: 0.2, Sum: 0.6]
      [GC Worker Total (ms): Min: 1.7, Avg: 1.8, Max: 2.0, Diff: 0.4, Sum: 18.2]
      [GC Worker End (ms): Min: 166280.7, Avg: 166280.8, Max: 166280.9, Diff: 0.2]
   [Code Root Fixup: 0.0 ms]
   [Code Root Purge: 0.0 ms]
   [Clear CT: 1.4 ms]
   [Other: 2.8 ms]
      [Choose CSet: 0.0 ms]
      [Ref Proc: 1.2 ms]
      [Ref Enq: 0.0 ms]
      [Redirty Cards: 1.3 ms]
      [Humongous Register: 0.0 ms]
      [Humongous Reclaim: 0.0 ms]
      [Free CSet: 0.1 ms]
   [Eden: 152.0M(152.0M)->0.0B(152.0M) Survivors: 1024.0K->1024.0K Heap: 178.5M(256.0M)->27079.1K(256.0M)]
Heap after GC invocations=68 (full 0):
 garbage-first heap   total 262144K, used 27079K [0x00000000f0000000, 0x00000000f0100800, 0x0000000100000000)
  region size 1024K, 1 young (1024K), 1 survivors (1024K)
 Metaspace       used 52711K, capacity 55904K, committed 55936K, reserved 1097728K
  class space    used 6456K, capacity 7022K, committed 7040K, reserved 1048576K
}
 [Times: user=0.02 sys=0.00, real=0.01 secs] 
{Heap before GC invocations=68 (full 0):
 garbage-first heap   total 262144K, used 182727K [0x00000000f0000000, 0x00000000f0100800, 0x0000000100000000)
  region size 1024K, 153 young (156672K), 1 survivors (1024K)
 Metaspace       used 52713K, capacity 55904K, committed 55936K, reserved 1097728K
  class space    used 6456K, capacity 7022K, committed 7040K, reserved 1048576K
2023-10-03T06:47:39.787+0800: 167.650: [GC pause (G1 Evacuation Pause) (young), 0.0067487 secs]
   [Parallel Time: 2.7 ms, GC Workers: 10]
      [GC Worker Start (ms): Min: 167650.6, Avg: 167650.8, Max: 167651.0, Diff: 0.4]
      [Ext Root Scanning (ms): Min: 0.8, Avg: 1.0, Max: 1.6, Diff: 0.7, Sum: 10.4]
      [Update RS (ms): Min: 0.1, Avg: 0.3, Max: 0.3, Diff: 0.2, Sum: 2.6]
         [Processed Buffers: Min: 1, Avg: 3.2, Max: 6, Diff: 5, Sum: 32]
      [Scan RS (ms): Min: 0.0, Avg: 0.1, Max: 0.1, Diff: 0.1, Sum: 0.5]
      [Code Root Scanning (ms): Min: 0.0, Avg: 0.0, Max: 0.0, Diff: 0.0, Sum: 0.0]
      [Object Copy (ms): Min: 0.2, Avg: 0.3, Max: 0.4, Diff: 0.2, Sum: 3.5]
      [Termination (ms): Min: 0.0, Avg: 0.0, Max: 0.0, Diff: 0.0, Sum: 0.0]
         [Termination Attempts: Min: 1, Avg: 1.5, Max: 3, Diff: 2, Sum: 15]
      [GC Worker Other (ms): Min: 0.0, Avg: 0.1, Max: 0.2, Diff: 0.1, Sum: 0.7]
      [GC Worker Total (ms): Min: 1.5, Avg: 1.8, Max: 2.1, Diff: 0.5, Sum: 17.8]
      [GC Worker End (ms): Min: 167652.6, Avg: 167652.6, Max: 167652.7, Diff: 0.1]
   [Code Root Fixup: 0.0 ms]
   [Code Root Purge: 0.0 ms]
   [Clear CT: 1.2 ms]
   [Other: 2.8 ms]
      [Choose CSet: 0.0 ms]
      [Ref Proc: 1.4 ms]
      [Ref Enq: 0.0 ms]
      [Redirty Cards: 1.2 ms]
      [Humongous Register: 0.0 ms]
      [Humongous Reclaim: 0.0 ms]
      [Free CSet: 0.1 ms]
   [Eden: 152.0M(152.0M)->0.0B(152.0M) Survivors: 1024.0K->1024.0K Heap: 178.4M(256.0M)->27095.6K(256.0M)]
Heap after GC invocations=69 (full 0):
 garbage-first heap   total 262144K, used 27095K [0x00000000f0000000, 0x00000000f0100800, 0x0000000100000000)
  region size 1024K, 1 young (1024K), 1 survivors (1024K)
 Metaspace       used 52713K, capacity 55904K, committed 55936K, reserved 1097728K
  class space    used 6456K, capacity 7022K, committed 7040K, reserved 1048576K
}
 [Times: user=0.02 sys=0.00, real=0.01 secs] 
{Heap before GC invocations=69 (full 0):
 garbage-first heap   total 262144K, used 182743K [0x00000000f0000000, 0x00000000f0100800, 0x0000000100000000)
  region size 1024K, 153 young (156672K), 1 survivors (1024K)
 Metaspace       used 52714K, capacity 55904K, committed 55936K, reserved 1097728K
  class space    used 6456K, capacity 7022K, committed 7040K, reserved 1048576K
2023-10-03T06:47:41.177+0800: 169.040: [GC pause (G1 Evacuation Pause) (young), 0.0062860 secs]
   [Parallel Time: 2.0 ms, GC Workers: 10]
      [GC Worker Start (ms): Min: 169040.3, Avg: 169040.6, Max: 169040.8, Diff: 0.5]
      [Ext Root Scanning (ms): Min: 0.7, Avg: 1.0, Max: 1.5, Diff: 0.8, Sum: 9.8]
      [Update RS (ms): Min: 0.1, Avg: 0.3, Max: 0.4, Diff: 0.4, Sum: 2.7]
         [Processed Buffers: Min: 1, Avg: 3.0, Max: 5, Diff: 4, Sum: 30]
      [Scan RS (ms): Min: 0.0, Avg: 0.1, Max: 0.1, Diff: 0.1, Sum: 0.5]
      [Code Root Scanning (ms): Min: 0.0, Avg: 0.0, Max: 0.0, Diff: 0.0, Sum: 0.0]
      [Object Copy (ms): Min: 0.2, Avg: 0.2, Max: 0.3, Diff: 0.1, Sum: 2.5]
      [Termination (ms): Min: 0.0, Avg: 0.0, Max: 0.0, Diff: 0.0, Sum: 0.0]
         [Termination Attempts: Min: 1, Avg: 1.0, Max: 1, Diff: 0, Sum: 10]
      [GC Worker Other (ms): Min: 0.0, Avg: 0.0, Max: 0.1, Diff: 0.1, Sum: 0.3]
      [GC Worker Total (ms): Min: 1.3, Avg: 1.6, Max: 1.8, Diff: 0.5, Sum: 15.9]
      [GC Worker End (ms): Min: 169042.2, Avg: 169042.2, Max: 169042.2, Diff: 0.1]
   [Code Root Fixup: 0.0 ms]
   [Code Root Purge: 0.0 ms]
   [Clear CT: 1.6 ms]
   [Other: 2.7 ms]
      [Choose CSet: 0.0 ms]
      [Ref Proc: 1.2 ms]
      [Ref Enq: 0.0 ms]
      [Redirty Cards: 1.2 ms]
      [Humongous Register: 0.0 ms]
      [Humongous Reclaim: 0.0 ms]
      [Free CSet: 0.1 ms]
   [Eden: 152.0M(152.0M)->0.0B(152.0M) Survivors: 1024.0K->1024.0K Heap: 178.5M(256.0M)->27046.2K(256.0M)]
Heap after GC invocations=70 (full 0):
 garbage-first heap   total 262144K, used 27046K [0x00000000f0000000, 0x00000000f0100800, 0x0000000100000000)
  region size 1024K, 1 young (1024K), 1 survivors (1024K)
 Metaspace       used 52714K, capacity 55904K, committed 55936K, reserved 1097728K
  class space    used 6456K, capacity 7022K, committed 7040K, reserved 1048576K
}
 [Times: user=0.02 sys=0.01, real=0.01 secs] 
{Heap before GC invocations=70 (full 0):
 garbage-first heap   total 262144K, used 182694K [0x00000000f0000000, 0x00000000f0100800, 0x0000000100000000)
  region size 1024K, 153 young (156672K), 1 survivors (1024K)
 Metaspace       used 52714K, capacity 55904K, committed 55936K, reserved 1097728K
  class space    used 6456K, capacity 7022K, committed 7040K, reserved 1048576K
2023-10-03T06:47:42.522+0800: 170.385: [GC pause (G1 Evacuation Pause) (young), 0.0070916 secs]
   [Parallel Time: 2.7 ms, GC Workers: 10]
      [GC Worker Start (ms): Min: 170385.5, Avg: 170385.7, Max: 170385.9, Diff: 0.4]
      [Ext Root Scanning (ms): Min: 0.8, Avg: 1.1, Max: 1.4, Diff: 0.6, Sum: 10.7]
      [Update RS (ms): Min: 0.2, Avg: 0.3, Max: 0.3, Diff: 0.2, Sum: 2.7]
         [Processed Buffers: Min: 2, Avg: 3.0, Max: 4, Diff: 2, Sum: 30]
      [Scan RS (ms): Min: 0.0, Avg: 0.1, Max: 0.1, Diff: 0.1, Sum: 0.6]
      [Code Root Scanning (ms): Min: 0.0, Avg: 0.0, Max: 0.0, Diff: 0.0, Sum: 0.0]
      [Object Copy (ms): Min: 0.2, Avg: 0.3, Max: 0.4, Diff: 0.2, Sum: 3.1]
      [Termination (ms): Min: 0.0, Avg: 0.0, Max: 0.0, Diff: 0.0, Sum: 0.0]
         [Termination Attempts: Min: 1, Avg: 1.0, Max: 1, Diff: 0, Sum: 10]
      [GC Worker Other (ms): Min: 0.0, Avg: 0.1, Max: 0.2, Diff: 0.2, Sum: 0.7]
      [GC Worker Total (ms): Min: 1.5, Avg: 1.8, Max: 2.0, Diff: 0.5, Sum: 17.8]
      [GC Worker End (ms): Min: 170387.4, Avg: 170387.5, Max: 170387.6, Diff: 0.2]
   [Code Root Fixup: 0.0 ms]
   [Code Root Purge: 0.0 ms]
   [Clear CT: 1.4 ms]
   [Other: 2.9 ms]
      [Choose CSet: 0.0 ms]
      [Ref Proc: 1.3 ms]
      [Ref Enq: 0.0 ms]
      [Redirty Cards: 1.4 ms]
      [Humongous Register: 0.0 ms]
      [Humongous Reclaim: 0.0 ms]
      [Free CSet: 0.1 ms]
   [Eden: 152.0M(152.0M)->0.0B(152.0M) Survivors: 1024.0K->1024.0K Heap: 178.4M(256.0M)->27080.9K(256.0M)]
Heap after GC invocations=71 (full 0):
 garbage-first heap   total 262144K, used 27080K [0x00000000f0000000, 0x00000000f0100800, 0x0000000100000000)
  region size 1024K, 1 young (1024K), 1 survivors (1024K)
 Metaspace       used 52714K, capacity 55904K, committed 55936K, reserved 1097728K
  class space    used 6456K, capacity 7022K, committed 7040K, reserved 1048576K
}
 [Times: user=0.02 sys=0.00, real=0.00 secs] 
{Heap before GC invocations=71 (full 0):
 garbage-first heap   total 262144K, used 182728K [0x00000000f0000000, 0x00000000f0100800, 0x0000000100000000)
  region size 1024K, 153 young (156672K), 1 survivors (1024K)
 Metaspace       used 52715K, capacity 55908K, committed 55936K, reserved 1097728K
  class space    used 6456K, capacity 7022K, committed 7040K, reserved 1048576K
2023-10-03T06:47:43.942+0800: 171.805: [GC pause (G1 Evacuation Pause) (young), 0.0069754 secs]
   [Parallel Time: 2.8 ms, GC Workers: 10]
      [GC Worker Start (ms): Min: 171805.5, Avg: 171805.8, Max: 171806.0, Diff: 0.5]
      [Ext Root Scanning (ms): Min: 0.8, Avg: 1.0, Max: 1.5, Diff: 0.8, Sum: 10.1]
      [Update RS (ms): Min: 0.1, Avg: 0.3, Max: 0.4, Diff: 0.2, Sum: 2.8]
         [Processed Buffers: Min: 2, Avg: 3.1, Max: 4, Diff: 2, Sum: 31]
      [Scan RS (ms): Min: 0.0, Avg: 0.1, Max: 0.1, Diff: 0.1, Sum: 0.6]
      [Code Root Scanning (ms): Min: 0.0, Avg: 0.0, Max: 0.0, Diff: 0.0, Sum: 0.0]
      [Object Copy (ms): Min: 0.2, Avg: 0.3, Max: 0.3, Diff: 0.2, Sum: 2.7]
      [Termination (ms): Min: 0.0, Avg: 0.0, Max: 0.0, Diff: 0.0, Sum: 0.0]
         [Termination Attempts: Min: 1, Avg: 1.1, Max: 2, Diff: 1, Sum: 11]
      [GC Worker Other (ms): Min: 0.0, Avg: 0.1, Max: 0.2, Diff: 0.1, Sum: 0.5]
      [GC Worker Total (ms): Min: 1.4, Avg: 1.7, Max: 2.1, Diff: 0.6, Sum: 16.8]
      [GC Worker End (ms): Min: 171807.4, Avg: 171807.4, Max: 171807.5, Diff: 0.1]
   [Code Root Fixup: 0.0 ms]
   [Code Root Purge: 0.0 ms]
   [Clear CT: 1.4 ms]
   [Other: 2.7 ms]
      [Choose CSet: 0.0 ms]
      [Ref Proc: 1.2 ms]
      [Ref Enq: 0.0 ms]
      [Redirty Cards: 1.3 ms]
      [Humongous Register: 0.0 ms]
      [Humongous Reclaim: 0.0 ms]
      [Free CSet: 0.1 ms]
   [Eden: 152.0M(152.0M)->0.0B(152.0M) Survivors: 1024.0K->1024.0K Heap: 178.4M(256.0M)->27031.8K(256.0M)]
Heap after GC invocations=72 (full 0):
 garbage-first heap   total 262144K, used 27031K [0x00000000f0000000, 0x00000000f0100800, 0x0000000100000000)
  region size 1024K, 1 young (1024K), 1 survivors (1024K)
 Metaspace       used 52715K, capacity 55908K, committed 55936K, reserved 1097728K
  class space    used 6456K, capacity 7022K, committed 7040K, reserved 1048576K
}
 [Times: user=0.02 sys=0.01, real=0.00 secs] 
{Heap before GC invocations=72 (full 0):
 garbage-first heap   total 262144K, used 182679K [0x00000000f0000000, 0x00000000f0100800, 0x0000000100000000)
  region size 1024K, 153 young (156672K), 1 survivors (1024K)
 Metaspace       used 52718K, capacity 55908K, committed 55936K, reserved 1097728K
  class space    used 6456K, capacity 7022K, committed 7040K, reserved 1048576K
2023-10-03T06:47:45.317+0800: 173.180: [GC pause (G1 Evacuation Pause) (young), 0.0071864 secs]
   [Parallel Time: 2.9 ms, GC Workers: 10]
      [GC Worker Start (ms): Min: 173180.3, Avg: 173180.6, Max: 173180.8, Diff: 0.5]
      [Ext Root Scanning (ms): Min: 0.8, Avg: 1.1, Max: 1.5, Diff: 0.7, Sum: 10.6]
      [Update RS (ms): Min: 0.2, Avg: 0.3, Max: 0.4, Diff: 0.2, Sum: 2.8]
         [Processed Buffers: Min: 1, Avg: 3.1, Max: 5, Diff: 4, Sum: 31]
      [Scan RS (ms): Min: 0.0, Avg: 0.1, Max: 0.1, Diff: 0.1, Sum: 0.5]
      [Code Root Scanning (ms): Min: 0.0, Avg: 0.0, Max: 0.0, Diff: 0.0, Sum: 0.0]
      [Object Copy (ms): Min: 0.2, Avg: 0.4, Max: 0.4, Diff: 0.2, Sum: 3.8]
      [Termination (ms): Min: 0.0, Avg: 0.0, Max: 0.0, Diff: 0.0, Sum: 0.0]
         [Termination Attempts: Min: 1, Avg: 1.0, Max: 1, Diff: 0, Sum: 10]
      [GC Worker Other (ms): Min: 0.0, Avg: 0.1, Max: 0.2, Diff: 0.2, Sum: 0.7]
      [GC Worker Total (ms): Min: 1.6, Avg: 1.8, Max: 2.1, Diff: 0.5, Sum: 18.4]
      [GC Worker End (ms): Min: 173182.4, Avg: 173182.4, Max: 173182.6, Diff: 0.2]
   [Code Root Fixup: 0.0 ms]
   [Code Root Purge: 0.0 ms]
   [Clear CT: 1.4 ms]
   [Other: 2.9 ms]
      [Choose CSet: 0.0 ms]
      [Ref Proc: 1.4 ms]
      [Ref Enq: 0.0 ms]
      [Redirty Cards: 1.3 ms]
      [Humongous Register: 0.0 ms]
      [Humongous Reclaim: 0.0 ms]
      [Free CSet: 0.1 ms]
   [Eden: 152.0M(152.0M)->0.0B(152.0M) Survivors: 1024.0K->1024.0K Heap: 178.4M(256.0M)->27105.4K(256.0M)]
Heap after GC invocations=73 (full 0):
 garbage-first heap   total 262144K, used 27105K [0x00000000f0000000, 0x00000000f0100800, 0x0000000100000000)
  region size 1024K, 1 young (1024K), 1 survivors (1024K)
 Metaspace       used 52718K, capacity 55908K, committed 55936K, reserved 1097728K
  class space    used 6456K, capacity 7022K, committed 7040K, reserved 1048576K
}
 [Times: user=0.02 sys=0.01, real=0.01 secs] 
{Heap before GC invocations=73 (full 0):
 garbage-first heap   total 262144K, used 182753K [0x00000000f0000000, 0x00000000f0100800, 0x0000000100000000)
  region size 1024K, 153 young (156672K), 1 survivors (1024K)
 Metaspace       used 52718K, capacity 55908K, committed 55936K, reserved 1097728K
  class space    used 6456K, capacity 7022K, committed 7040K, reserved 1048576K
2023-10-03T06:47:46.662+0800: 174.526: [GC pause (G1 Evacuation Pause) (young), 0.0070188 secs]
   [Parallel Time: 2.8 ms, GC Workers: 10]
      [GC Worker Start (ms): Min: 174525.8, Avg: 174526.0, Max: 174526.3, Diff: 0.5]
      [Ext Root Scanning (ms): Min: 0.8, Avg: 1.1, Max: 1.5, Diff: 0.7, Sum: 10.6]
      [Update RS (ms): Min: 0.2, Avg: 0.3, Max: 0.3, Diff: 0.2, Sum: 2.7]
         [Processed Buffers: Min: 2, Avg: 3.0, Max: 4, Diff: 2, Sum: 30]
      [Scan RS (ms): Min: 0.0, Avg: 0.1, Max: 0.1, Diff: 0.0, Sum: 0.6]
      [Code Root Scanning (ms): Min: 0.0, Avg: 0.0, Max: 0.0, Diff: 0.0, Sum: 0.0]
      [Object Copy (ms): Min: 0.2, Avg: 0.3, Max: 0.4, Diff: 0.3, Sum: 3.2]
      [Termination (ms): Min: 0.0, Avg: 0.0, Max: 0.0, Diff: 0.0, Sum: 0.0]
         [Termination Attempts: Min: 1, Avg: 1.0, Max: 1, Diff: 0, Sum: 10]
      [GC Worker Other (ms): Min: 0.0, Avg: 0.0, Max: 0.1, Diff: 0.1, Sum: 0.4]
      [GC Worker Total (ms): Min: 1.5, Avg: 1.8, Max: 2.1, Diff: 0.6, Sum: 17.6]
      [GC Worker End (ms): Min: 174527.7, Avg: 174527.8, Max: 174527.8, Diff: 0.1]
   [Code Root Fixup: 0.0 ms]
   [Code Root Purge: 0.0 ms]
   [Clear CT: 1.4 ms]
   [Other: 2.9 ms]
      [Choose CSet: 0.0 ms]
      [Ref Proc: 1.2 ms]
      [Ref Enq: 0.0 ms]
      [Redirty Cards: 1.4 ms]
      [Humongous Register: 0.0 ms]
      [Humongous Reclaim: 0.0 ms]
      [Free CSet: 0.1 ms]
   [Eden: 152.0M(152.0M)->0.0B(152.0M) Survivors: 1024.0K->1024.0K Heap: 178.5M(256.0M)->27066.7K(256.0M)]
Heap after GC invocations=74 (full 0):
 garbage-first heap   total 262144K, used 27066K [0x00000000f0000000, 0x00000000f0100800, 0x0000000100000000)
  region size 1024K, 1 young (1024K), 1 survivors (1024K)
 Metaspace       used 52718K, capacity 55908K, committed 55936K, reserved 1097728K
  class space    used 6456K, capacity 7022K, committed 7040K, reserved 1048576K
}
 [Times: user=0.03 sys=0.00, real=0.00 secs] 
{Heap before GC invocations=74 (full 0):
 garbage-first heap   total 262144K, used 182714K [0x00000000f0000000, 0x00000000f0100800, 0x0000000100000000)
  region size 1024K, 153 young (156672K), 1 survivors (1024K)
 Metaspace       used 52718K, capacity 55908K, committed 55936K, reserved 1097728K
  class space    used 6456K, capacity 7022K, committed 7040K, reserved 1048576K
2023-10-03T06:47:48.043+0800: 175.906: [GC pause (G1 Evacuation Pause) (young), 0.0075325 secs]
   [Parallel Time: 2.9 ms, GC Workers: 10]
      [GC Worker Start (ms): Min: 175906.1, Avg: 175906.4, Max: 175906.7, Diff: 0.6]
      [Ext Root Scanning (ms): Min: 0.7, Avg: 1.0, Max: 1.6, Diff: 0.8, Sum: 10.0]
      [Update RS (ms): Min: 0.2, Avg: 0.3, Max: 0.3, Diff: 0.2, Sum: 2.6]
         [Processed Buffers: Min: 1, Avg: 3.0, Max: 5, Diff: 4, Sum: 30]
      [Scan RS (ms): Min: 0.0, Avg: 0.1, Max: 0.1, Diff: 0.1, Sum: 0.6]
      [Code Root Scanning (ms): Min: 0.0, Avg: 0.0, Max: 0.0, Diff: 0.0, Sum: 0.0]
      [Object Copy (ms): Min: 0.1, Avg: 0.2, Max: 0.3, Diff: 0.2, Sum: 2.4]
      [Termination (ms): Min: 0.0, Avg: 0.0, Max: 0.0, Diff: 0.0, Sum: 0.0]
         [Termination Attempts: Min: 1, Avg: 1.0, Max: 1, Diff: 0, Sum: 10]
      [GC Worker Other (ms): Min: 0.0, Avg: 0.1, Max: 0.2, Diff: 0.1, Sum: 0.5]
      [GC Worker Total (ms): Min: 1.4, Avg: 1.6, Max: 2.0, Diff: 0.6, Sum: 16.2]
      [GC Worker End (ms): Min: 175908.0, Avg: 175908.0, Max: 175908.2, Diff: 0.1]
   [Code Root Fixup: 0.0 ms]
   [Code Root Purge: 0.0 ms]
   [Clear CT: 2.0 ms]
   [Other: 2.7 ms]
      [Choose CSet: 0.0 ms]
      [Ref Proc: 1.0 ms]
      [Ref Enq: 0.0 ms]
      [Redirty Cards: 1.4 ms]
      [Humongous Register: 0.0 ms]
      [Humongous Reclaim: 0.0 ms]
      [Free CSet: 0.1 ms]
   [Eden: 152.0M(152.0M)->0.0B(152.0M) Survivors: 1024.0K->1024.0K Heap: 178.4M(256.0M)->27042.0K(256.0M)]
Heap after GC invocations=75 (full 0):
 garbage-first heap   total 262144K, used 27042K [0x00000000f0000000, 0x00000000f0100800, 0x0000000100000000)
  region size 1024K, 1 young (1024K), 1 survivors (1024K)
 Metaspace       used 52718K, capacity 55908K, committed 55936K, reserved 1097728K
  class space    used 6456K, capacity 7022K, committed 7040K, reserved 1048576K
}
 [Times: user=0.02 sys=0.00, real=0.01 secs] 
{Heap before GC invocations=75 (full 0):
 garbage-first heap   total 262144K, used 182690K [0x00000000f0000000, 0x00000000f0100800, 0x0000000100000000)
  region size 1024K, 153 young (156672K), 1 survivors (1024K)
 Metaspace       used 52718K, capacity 55908K, committed 55936K, reserved 1097728K
  class space    used 6456K, capacity 7022K, committed 7040K, reserved 1048576K
2023-10-03T06:47:49.436+0800: 177.300: [GC pause (G1 Evacuation Pause) (young), 0.0069471 secs]
   [Parallel Time: 2.6 ms, GC Workers: 10]
      [GC Worker Start (ms): Min: 177299.9, Avg: 177300.1, Max: 177300.3, Diff: 0.4]
      [Ext Root Scanning (ms): Min: 0.7, Avg: 1.0, Max: 1.5, Diff: 0.8, Sum: 9.8]
      [Update RS (ms): Min: 0.1, Avg: 0.3, Max: 0.4, Diff: 0.2, Sum: 2.6]
         [Processed Buffers: Min: 1, Avg: 3.1, Max: 5, Diff: 4, Sum: 31]
      [Scan RS (ms): Min: 0.0, Avg: 0.1, Max: 0.1, Diff: 0.1, Sum: 0.5]
      [Code Root Scanning (ms): Min: 0.0, Avg: 0.0, Max: 0.0, Diff: 0.0, Sum: 0.0]
      [Object Copy (ms): Min: 0.2, Avg: 0.3, Max: 0.4, Diff: 0.2, Sum: 2.8]
      [Termination (ms): Min: 0.0, Avg: 0.0, Max: 0.0, Diff: 0.0, Sum: 0.0]
         [Termination Attempts: Min: 1, Avg: 1.0, Max: 1, Diff: 0, Sum: 10]
      [GC Worker Other (ms): Min: 0.0, Avg: 0.1, Max: 0.2, Diff: 0.2, Sum: 0.7]
      [GC Worker Total (ms): Min: 1.4, Avg: 1.6, Max: 1.8, Diff: 0.4, Sum: 16.5]
      [GC Worker End (ms): Min: 177301.7, Avg: 177301.7, Max: 177301.9, Diff: 0.2]
   [Code Root Fixup: 0.0 ms]
   [Code Root Purge: 0.0 ms]
   [Clear CT: 1.3 ms]
   [Other: 3.1 ms]
      [Choose CSet: 0.0 ms]
      [Ref Proc: 1.6 ms]
      [Ref Enq: 0.0 ms]
      [Redirty Cards: 1.3 ms]
      [Humongous Register: 0.0 ms]
      [Humongous Reclaim: 0.0 ms]
      [Free CSet: 0.1 ms]
   [Eden: 152.0M(152.0M)->0.0B(152.0M) Survivors: 1024.0K->1024.0K Heap: 178.4M(256.0M)->27058.3K(256.0M)]
Heap after GC invocations=76 (full 0):
 garbage-first heap   total 262144K, used 27058K [0x00000000f0000000, 0x00000000f0100800, 0x0000000100000000)
  region size 1024K, 1 young (1024K), 1 survivors (1024K)
 Metaspace       used 52718K, capacity 55908K, committed 55936K, reserved 1097728K
  class space    used 6456K, capacity 7022K, committed 7040K, reserved 1048576K
}
 [Times: user=0.02 sys=0.01, real=0.01 secs] 
{Heap before GC invocations=76 (full 0):
 garbage-first heap   total 262144K, used 182706K [0x00000000f0000000, 0x00000000f0100800, 0x0000000100000000)
  region size 1024K, 153 young (156672K), 1 survivors (1024K)
 Metaspace       used 52718K, capacity 55908K, committed 55936K, reserved 1097728K
  class space    used 6456K, capacity 7022K, committed 7040K, reserved 1048576K
2023-10-03T06:47:50.833+0800: 178.697: [GC pause (G1 Evacuation Pause) (young), 0.0064499 secs]
   [Parallel Time: 2.7 ms, GC Workers: 10]
      [GC Worker Start (ms): Min: 178696.8, Avg: 178697.1, Max: 178697.3, Diff: 0.5]
      [Ext Root Scanning (ms): Min: 0.7, Avg: 1.0, Max: 1.7, Diff: 1.0, Sum: 10.2]
      [Update RS (ms): Min: 0.0, Avg: 0.3, Max: 0.4, Diff: 0.4, Sum: 2.7]
         [Processed Buffers: Min: 0, Avg: 3.0, Max: 4, Diff: 4, Sum: 30]
      [Scan RS (ms): Min: 0.0, Avg: 0.1, Max: 0.1, Diff: 0.1, Sum: 0.5]
      [Code Root Scanning (ms): Min: 0.0, Avg: 0.0, Max: 0.0, Diff: 0.0, Sum: 0.0]
      [Object Copy (ms): Min: 0.1, Avg: 0.3, Max: 0.3, Diff: 0.2, Sum: 2.6]
      [Termination (ms): Min: 0.0, Avg: 0.0, Max: 0.0, Diff: 0.0, Sum: 0.0]
         [Termination Attempts: Min: 1, Avg: 1.2, Max: 2, Diff: 1, Sum: 12]
      [GC Worker Other (ms): Min: 0.0, Avg: 0.0, Max: 0.1, Diff: 0.1, Sum: 0.5]
      [GC Worker Total (ms): Min: 1.4, Avg: 1.7, Max: 1.9, Diff: 0.5, Sum: 16.6]
      [GC Worker End (ms): Min: 178698.7, Avg: 178698.7, Max: 178698.8, Diff: 0.1]
   [Code Root Fixup: 0.0 ms]
   [Code Root Purge: 0.0 ms]
   [Clear CT: 1.1 ms]
   [Other: 2.7 ms]
      [Choose CSet: 0.0 ms]
      [Ref Proc: 1.1 ms]
      [Ref Enq: 0.0 ms]
      [Redirty Cards: 1.3 ms]
      [Humongous Register: 0.0 ms]
      [Humongous Reclaim: 0.0 ms]
      [Free CSet: 0.1 ms]
   [Eden: 152.0M(152.0M)->0.0B(152.0M) Survivors: 1024.0K->1024.0K Heap: 178.4M(256.0M)->27066.6K(256.0M)]
Heap after GC invocations=77 (full 0):
 garbage-first heap   total 262144K, used 27066K [0x00000000f0000000, 0x00000000f0100800, 0x0000000100000000)
  region size 1024K, 1 young (1024K), 1 survivors (1024K)
 Metaspace       used 52718K, capacity 55908K, committed 55936K, reserved 1097728K
  class space    used 6456K, capacity 7022K, committed 7040K, reserved 1048576K
}
 [Times: user=0.02 sys=0.00, real=0.01 secs] 
{Heap before GC invocations=77 (full 0):
 garbage-first heap   total 262144K, used 182714K [0x00000000f0000000, 0x00000000f0100800, 0x0000000100000000)
  region size 1024K, 153 young (156672K), 1 survivors (1024K)
 Metaspace       used 52718K, capacity 55908K, committed 55936K, reserved 1097728K
  class space    used 6456K, capacity 7022K, committed 7040K, reserved 1048576K
2023-10-03T06:47:52.160+0800: 180.023: [GC pause (G1 Evacuation Pause) (young), 0.0068043 secs]
   [Parallel Time: 2.2 ms, GC Workers: 10]
      [GC Worker Start (ms): Min: 180023.5, Avg: 180023.7, Max: 180024.0, Diff: 0.5]
      [Ext Root Scanning (ms): Min: 0.7, Avg: 1.0, Max: 1.5, Diff: 0.8, Sum: 10.1]
      [Update RS (ms): Min: 0.2, Avg: 0.3, Max: 0.4, Diff: 0.2, Sum: 2.8]
         [Processed Buffers: Min: 1, Avg: 3.1, Max: 5, Diff: 4, Sum: 31]
      [Scan RS (ms): Min: 0.0, Avg: 0.0, Max: 0.1, Diff: 0.1, Sum: 0.5]
      [Code Root Scanning (ms): Min: 0.0, Avg: 0.0, Max: 0.0, Diff: 0.0, Sum: 0.0]
      [Object Copy (ms): Min: 0.2, Avg: 0.2, Max: 0.3, Diff: 0.1, Sum: 2.5]
      [Termination (ms): Min: 0.0, Avg: 0.0, Max: 0.0, Diff: 0.0, Sum: 0.0]
         [Termination Attempts: Min: 1, Avg: 1.0, Max: 1, Diff: 0, Sum: 10]
      [GC Worker Other (ms): Min: 0.0, Avg: 0.0, Max: 0.1, Diff: 0.1, Sum: 0.4]
      [GC Worker Total (ms): Min: 1.4, Avg: 1.6, Max: 1.9, Diff: 0.5, Sum: 16.3]
      [GC Worker End (ms): Min: 180025.3, Avg: 180025.4, Max: 180025.4, Diff: 0.1]
   [Code Root Fixup: 0.0 ms]
   [Code Root Purge: 0.0 ms]
   [Clear CT: 1.8 ms]
   [Other: 2.8 ms]
      [Choose CSet: 0.0 ms]
      [Ref Proc: 1.1 ms]
      [Ref Enq: 0.0 ms]
      [Redirty Cards: 1.4 ms]
      [Humongous Register: 0.0 ms]
      [Humongous Reclaim: 0.0 ms]
      [Free CSet: 0.1 ms]
   [Eden: 152.0M(152.0M)->0.0B(152.0M) Survivors: 1024.0K->1024.0K Heap: 178.4M(256.0M)->27065.6K(256.0M)]
Heap after GC invocations=78 (full 0):
 garbage-first heap   total 262144K, used 27065K [0x00000000f0000000, 0x00000000f0100800, 0x0000000100000000)
  region size 1024K, 1 young (1024K), 1 survivors (1024K)
 Metaspace       used 52718K, capacity 55908K, committed 55936K, reserved 1097728K
  class space    used 6456K, capacity 7022K, committed 7040K, reserved 1048576K
}
 [Times: user=0.01 sys=0.01, real=0.00 secs] 
{Heap before GC invocations=78 (full 0):
 garbage-first heap   total 262144K, used 182713K [0x00000000f0000000, 0x00000000f0100800, 0x0000000100000000)
  region size 1024K, 153 young (156672K), 1 survivors (1024K)
 Metaspace       used 52718K, capacity 55908K, committed 55936K, reserved 1097728K
  class space    used 6456K, capacity 7022K, committed 7040K, reserved 1048576K
2023-10-03T06:47:53.516+0800: 181.380: [GC pause (G1 Evacuation Pause) (young), 0.0067009 secs]
   [Parallel Time: 2.3 ms, GC Workers: 10]
      [GC Worker Start (ms): Min: 181379.8, Avg: 181380.1, Max: 181380.4, Diff: 0.6]
      [Ext Root Scanning (ms): Min: 0.7, Avg: 1.0, Max: 1.7, Diff: 1.0, Sum: 10.4]
      [Update RS (ms): Min: 0.0, Avg: 0.3, Max: 0.4, Diff: 0.4, Sum: 2.7]
         [Processed Buffers: Min: 0, Avg: 3.0, Max: 6, Diff: 6, Sum: 30]
      [Scan RS (ms): Min: 0.0, Avg: 0.1, Max: 0.1, Diff: 0.1, Sum: 0.5]
      [Code Root Scanning (ms): Min: 0.0, Avg: 0.0, Max: 0.0, Diff: 0.0, Sum: 0.0]
      [Object Copy (ms): Min: 0.3, Avg: 0.4, Max: 0.4, Diff: 0.1, Sum: 3.7]
      [Termination (ms): Min: 0.0, Avg: 0.0, Max: 0.0, Diff: 0.0, Sum: 0.0]
         [Termination Attempts: Min: 1, Avg: 1.2, Max: 2, Diff: 1, Sum: 12]
      [GC Worker Other (ms): Min: 0.0, Avg: 0.0, Max: 0.2, Diff: 0.1, Sum: 0.5]
      [GC Worker Total (ms): Min: 1.5, Avg: 1.8, Max: 2.1, Diff: 0.5, Sum: 17.9]
      [GC Worker End (ms): Min: 181381.9, Avg: 181381.9, Max: 181382.0, Diff: 0.1]
   [Code Root Fixup: 0.0 ms]
   [Code Root Purge: 0.0 ms]
   [Clear CT: 1.4 ms]
   [Other: 3.1 ms]
      [Choose CSet: 0.0 ms]
      [Ref Proc: 1.4 ms]
      [Ref Enq: 0.0 ms]
      [Redirty Cards: 1.4 ms]
      [Humongous Register: 0.0 ms]
      [Humongous Reclaim: 0.0 ms]
      [Free CSet: 0.1 ms]
   [Eden: 152.0M(152.0M)->0.0B(152.0M) Survivors: 1024.0K->1024.0K Heap: 178.4M(256.0M)->27100.4K(256.0M)]
Heap after GC invocations=79 (full 0):
 garbage-first heap   total 262144K, used 27100K [0x00000000f0000000, 0x00000000f0100800, 0x0000000100000000)
  region size 1024K, 1 young (1024K), 1 survivors (1024K)
 Metaspace       used 52718K, capacity 55908K, committed 55936K, reserved 1097728K
  class space    used 6456K, capacity 7022K, committed 7040K, reserved 1048576K
}
 [Times: user=0.01 sys=0.01, real=0.01 secs] 
{Heap before GC invocations=79 (full 0):
 garbage-first heap   total 262144K, used 182748K [0x00000000f0000000, 0x00000000f0100800, 0x0000000100000000)
  region size 1024K, 153 young (156672K), 1 survivors (1024K)
 Metaspace       used 52718K, capacity 55908K, committed 55936K, reserved 1097728K
  class space    used 6456K, capacity 7022K, committed 7040K, reserved 1048576K
2023-10-03T06:47:55.443+0800: 183.307: [GC pause (G1 Evacuation Pause) (young), 0.0073646 secs]
   [Parallel Time: 2.5 ms, GC Workers: 10]
      [GC Worker Start (ms): Min: 183306.8, Avg: 183307.0, Max: 183307.3, Diff: 0.5]
      [Ext Root Scanning (ms): Min: 0.7, Avg: 0.9, Max: 1.5, Diff: 0.8, Sum: 9.3]
      [Update RS (ms): Min: 0.1, Avg: 0.3, Max: 0.3, Diff: 0.2, Sum: 2.6]
         [Processed Buffers: Min: 1, Avg: 3.2, Max: 5, Diff: 4, Sum: 32]
      [Scan RS (ms): Min: 0.0, Avg: 0.1, Max: 0.1, Diff: 0.1, Sum: 0.7]
      [Code Root Scanning (ms): Min: 0.0, Avg: 0.0, Max: 0.0, Diff: 0.0, Sum: 0.0]
      [Object Copy (ms): Min: 0.1, Avg: 0.2, Max: 0.2, Diff: 0.1, Sum: 1.8]
      [Termination (ms): Min: 0.0, Avg: 0.0, Max: 0.0, Diff: 0.0, Sum: 0.0]
         [Termination Attempts: Min: 1, Avg: 1.0, Max: 1, Diff: 0, Sum: 10]
      [GC Worker Other (ms): Min: 0.0, Avg: 0.0, Max: 0.1, Diff: 0.1, Sum: 0.4]
      [GC Worker Total (ms): Min: 1.3, Avg: 1.5, Max: 1.8, Diff: 0.5, Sum: 14.9]
      [GC Worker End (ms): Min: 183308.5, Avg: 183308.5, Max: 183308.6, Diff: 0.1]
   [Code Root Fixup: 0.0 ms]
   [Code Root Purge: 0.0 ms]
   [Clear CT: 1.4 ms]
   [Other: 3.4 ms]
      [Choose CSet: 0.0 ms]
      [Ref Proc: 1.7 ms]
      [Ref Enq: 0.0 ms]
      [Redirty Cards: 1.4 ms]
      [Humongous Register: 0.0 ms]
      [Humongous Reclaim: 0.0 ms]
      [Free CSet: 0.1 ms]
   [Eden: 152.0M(152.0M)->0.0B(152.0M) Survivors: 1024.0K->1024.0K Heap: 178.5M(256.0M)->27061.0K(256.0M)]
Heap after GC invocations=80 (full 0):
 garbage-first heap   total 262144K, used 27061K [0x00000000f0000000, 0x00000000f0100800, 0x0000000100000000)
  region size 1024K, 1 young (1024K), 1 survivors (1024K)
 Metaspace       used 52718K, capacity 55908K, committed 55936K, reserved 1097728K
  class space    used 6456K, capacity 7022K, committed 7040K, reserved 1048576K
}
 [Times: user=0.02 sys=0.01, real=0.01 secs] 
{Heap before GC invocations=80 (full 0):
 garbage-first heap   total 262144K, used 182709K [0x00000000f0000000, 0x00000000f0100800, 0x0000000100000000)
  region size 1024K, 153 young (156672K), 1 survivors (1024K)
 Metaspace       used 52718K, capacity 55908K, committed 55936K, reserved 1097728K
  class space    used 6456K, capacity 7022K, committed 7040K, reserved 1048576K
2023-10-03T06:47:56.854+0800: 184.718: [GC pause (G1 Evacuation Pause) (young), 0.0054754 secs]
   [Parallel Time: 2.3 ms, GC Workers: 10]
      [GC Worker Start (ms): Min: 184717.8, Avg: 184718.0, Max: 184718.2, Diff: 0.4]
      [Ext Root Scanning (ms): Min: 0.6, Avg: 0.8, Max: 1.3, Diff: 0.7, Sum: 8.4]
      [Update RS (ms): Min: 0.0, Avg: 0.2, Max: 0.3, Diff: 0.3, Sum: 1.9]
         [Processed Buffers: Min: 0, Avg: 3.0, Max: 5, Diff: 5, Sum: 30]
      [Scan RS (ms): Min: 0.0, Avg: 0.0, Max: 0.1, Diff: 0.1, Sum: 0.3]
      [Code Root Scanning (ms): Min: 0.0, Avg: 0.0, Max: 0.0, Diff: 0.0, Sum: 0.0]
      [Object Copy (ms): Min: 0.3, Avg: 0.4, Max: 0.4, Diff: 0.1, Sum: 3.9]
      [Termination (ms): Min: 0.0, Avg: 0.0, Max: 0.0, Diff: 0.0, Sum: 0.0]
         [Termination Attempts: Min: 1, Avg: 1.0, Max: 1, Diff: 0, Sum: 10]
      [GC Worker Other (ms): Min: 0.0, Avg: 0.0, Max: 0.1, Diff: 0.1, Sum: 0.5]
      [GC Worker Total (ms): Min: 1.3, Avg: 1.5, Max: 1.7, Diff: 0.4, Sum: 15.0]
      [GC Worker End (ms): Min: 184719.5, Avg: 184719.5, Max: 184719.6, Diff: 0.1]
   [Code Root Fixup: 0.0 ms]
   [Code Root Purge: 0.0 ms]
   [Clear CT: 1.1 ms]
   [Other: 2.1 ms]
      [Choose CSet: 0.0 ms]
      [Ref Proc: 0.9 ms]
      [Ref Enq: 0.0 ms]
      [Redirty Cards: 0.9 ms]
      [Humongous Register: 0.0 ms]
      [Humongous Reclaim: 0.0 ms]
      [Free CSet: 0.1 ms]
   [Eden: 152.0M(152.0M)->0.0B(152.0M) Survivors: 1024.0K->1024.0K Heap: 178.4M(256.0M)->27738.2K(256.0M)]
Heap after GC invocations=81 (full 0):
 garbage-first heap   total 262144K, used 27738K [0x00000000f0000000, 0x00000000f0100800, 0x0000000100000000)
  region size 1024K, 1 young (1024K), 1 survivors (1024K)
 Metaspace       used 52718K, capacity 55908K, committed 55936K, reserved 1097728K
  class space    used 6456K, capacity 7022K, committed 7040K, reserved 1048576K
}
 [Times: user=0.01 sys=0.01, real=0.01 secs] 
{Heap before GC invocations=81 (full 0):
 garbage-first heap   total 262144K, used 183386K [0x00000000f0000000, 0x00000000f0100800, 0x0000000100000000)
  region size 1024K, 153 young (156672K), 1 survivors (1024K)
 Metaspace       used 52719K, capacity 55908K, committed 55936K, reserved 1097728K
  class space    used 6456K, capacity 7022K, committed 7040K, reserved 1048576K
2023-10-03T06:47:57.852+0800: 185.715: [GC pause (G1 Evacuation Pause) (young), 0.0052742 secs]
   [Parallel Time: 2.1 ms, GC Workers: 10]
      [GC Worker Start (ms): Min: 185715.0, Avg: 185715.2, Max: 185715.4, Diff: 0.4]
      [Ext Root Scanning (ms): Min: 0.6, Avg: 0.8, Max: 1.4, Diff: 0.8, Sum: 8.0]
      [Update RS (ms): Min: 0.0, Avg: 0.2, Max: 0.3, Diff: 0.3, Sum: 2.1]
         [Processed Buffers: Min: 0, Avg: 3.4, Max: 7, Diff: 7, Sum: 34]
      [Scan RS (ms): Min: 0.0, Avg: 0.0, Max: 0.1, Diff: 0.0, Sum: 0.4]
      [Code Root Scanning (ms): Min: 0.0, Avg: 0.0, Max: 0.0, Diff: 0.0, Sum: 0.0]
      [Object Copy (ms): Min: 0.3, Avg: 0.4, Max: 0.4, Diff: 0.2, Sum: 4.0]
      [Termination (ms): Min: 0.0, Avg: 0.0, Max: 0.0, Diff: 0.0, Sum: 0.0]
         [Termination Attempts: Min: 1, Avg: 1.3, Max: 2, Diff: 1, Sum: 13]
      [GC Worker Other (ms): Min: 0.0, Avg: 0.0, Max: 0.1, Diff: 0.0, Sum: 0.2]
      [GC Worker Total (ms): Min: 1.3, Avg: 1.5, Max: 1.7, Diff: 0.4, Sum: 14.8]
      [GC Worker End (ms): Min: 185716.7, Avg: 185716.7, Max: 185716.7, Diff: 0.0]
   [Code Root Fixup: 0.0 ms]
   [Code Root Purge: 0.0 ms]
   [Clear CT: 1.2 ms]
   [Other: 1.9 ms]
      [Choose CSet: 0.0 ms]
      [Ref Proc: 0.8 ms]
      [Ref Enq: 0.0 ms]
      [Redirty Cards: 0.9 ms]
      [Humongous Register: 0.0 ms]
      [Humongous Reclaim: 0.0 ms]
      [Free CSet: 0.1 ms]
   [Eden: 152.0M(152.0M)->0.0B(152.0M) Survivors: 1024.0K->1024.0K Heap: 179.1M(256.0M)->27732.8K(256.0M)]
Heap after GC invocations=82 (full 0):
 garbage-first heap   total 262144K, used 27732K [0x00000000f0000000, 0x00000000f0100800, 0x0000000100000000)
  region size 1024K, 1 young (1024K), 1 survivors (1024K)
 Metaspace       used 52719K, capacity 55908K, committed 55936K, reserved 1097728K
  class space    used 6456K, capacity 7022K, committed 7040K, reserved 1048576K
}
 [Times: user=0.02 sys=0.00, real=0.00 secs] 
{Heap before GC invocations=82 (full 0):
 garbage-first heap   total 262144K, used 183380K [0x00000000f0000000, 0x00000000f0100800, 0x0000000100000000)
  region size 1024K, 153 young (156672K), 1 survivors (1024K)
 Metaspace       used 52719K, capacity 55908K, committed 55936K, reserved 1097728K
  class space    used 6456K, capacity 7022K, committed 7040K, reserved 1048576K
2023-10-03T06:47:58.918+0800: 186.782: [GC pause (G1 Evacuation Pause) (young), 0.0073774 secs]
   [Parallel Time: 3.0 ms, GC Workers: 10]
      [GC Worker Start (ms): Min: 186781.9, Avg: 186782.2, Max: 186782.4, Diff: 0.5]
      [Ext Root Scanning (ms): Min: 0.9, Avg: 1.1, Max: 1.6, Diff: 0.7, Sum: 11.3]
      [Update RS (ms): Min: 0.2, Avg: 0.3, Max: 0.4, Diff: 0.2, Sum: 2.7]
         [Processed Buffers: Min: 1, Avg: 3.6, Max: 7, Diff: 6, Sum: 36]
      [Scan RS (ms): Min: 0.0, Avg: 0.1, Max: 0.1, Diff: 0.1, Sum: 0.7]
      [Code Root Scanning (ms): Min: 0.0, Avg: 0.0, Max: 0.0, Diff: 0.0, Sum: 0.0]
      [Object Copy (ms): Min: 0.4, Avg: 0.5, Max: 0.6, Diff: 0.2, Sum: 5.2]
      [Termination (ms): Min: 0.0, Avg: 0.0, Max: 0.0, Diff: 0.0, Sum: 0.0]
         [Termination Attempts: Min: 1, Avg: 1.3, Max: 2, Diff: 1, Sum: 13]
      [GC Worker Other (ms): Min: 0.0, Avg: 0.1, Max: 0.1, Diff: 0.1, Sum: 0.5]
      [GC Worker Total (ms): Min: 1.8, Avg: 2.0, Max: 2.4, Diff: 0.6, Sum: 20.5]
      [GC Worker End (ms): Min: 186784.2, Avg: 186784.2, Max: 186784.3, Diff: 0.1]
   [Code Root Fixup: 0.0 ms]
   [Code Root Purge: 0.0 ms]
   [Clear CT: 1.3 ms]
   [Other: 3.0 ms]
      [Choose CSet: 0.0 ms]
      [Ref Proc: 1.5 ms]
      [Ref Enq: 0.0 ms]
      [Redirty Cards: 1.3 ms]
      [Humongous Register: 0.0 ms]
      [Humongous Reclaim: 0.0 ms]
      [Free CSet: 0.1 ms]
   [Eden: 152.0M(152.0M)->0.0B(152.0M) Survivors: 1024.0K->1024.0K Heap: 179.1M(256.0M)->27880.2K(256.0M)]
Heap after GC invocations=83 (full 0):
 garbage-first heap   total 262144K, used 27880K [0x00000000f0000000, 0x00000000f0100800, 0x0000000100000000)
  region size 1024K, 1 young (1024K), 1 survivors (1024K)
 Metaspace       used 52719K, capacity 55908K, committed 55936K, reserved 1097728K
  class space    used 6456K, capacity 7022K, committed 7040K, reserved 1048576K
}
 [Times: user=0.02 sys=0.00, real=0.01 secs] 
{Heap before GC invocations=83 (full 0):
 garbage-first heap   total 262144K, used 183528K [0x00000000f0000000, 0x00000000f0100800, 0x0000000100000000)
  region size 1024K, 153 young (156672K), 1 survivors (1024K)
 Metaspace       used 52719K, capacity 55908K, committed 55936K, reserved 1097728K
  class space    used 6456K, capacity 7022K, committed 7040K, reserved 1048576K
2023-10-03T06:48:00.017+0800: 187.881: [GC pause (G1 Evacuation Pause) (young), 0.0074877 secs]
   [Parallel Time: 3.0 ms, GC Workers: 10]
      [GC Worker Start (ms): Min: 187880.7, Avg: 187881.0, Max: 187881.2, Diff: 0.5]
      [Ext Root Scanning (ms): Min: 0.9, Avg: 1.1, Max: 1.5, Diff: 0.6, Sum: 11.4]
      [Update RS (ms): Min: 0.2, Avg: 0.3, Max: 0.3, Diff: 0.1, Sum: 2.8]
         [Processed Buffers: Min: 2, Avg: 3.5, Max: 6, Diff: 4, Sum: 35]
      [Scan RS (ms): Min: 0.0, Avg: 0.1, Max: 0.1, Diff: 0.1, Sum: 0.6]
      [Code Root Scanning (ms): Min: 0.0, Avg: 0.0, Max: 0.0, Diff: 0.0, Sum: 0.0]
      [Object Copy (ms): Min: 0.4, Avg: 0.5, Max: 0.6, Diff: 0.1, Sum: 5.3]
      [Termination (ms): Min: 0.0, Avg: 0.0, Max: 0.0, Diff: 0.0, Sum: 0.1]
         [Termination Attempts: Min: 1, Avg: 1.4, Max: 2, Diff: 1, Sum: 14]
      [GC Worker Other (ms): Min: 0.0, Avg: 0.0, Max: 0.1, Diff: 0.1, Sum: 0.3]
      [GC Worker Total (ms): Min: 1.8, Avg: 2.1, Max: 2.3, Diff: 0.5, Sum: 20.5]
      [GC Worker End (ms): Min: 187883.0, Avg: 187883.0, Max: 187883.1, Diff: 0.1]
   [Code Root Fixup: 0.0 ms]
   [Code Root Purge: 0.0 ms]
   [Clear CT: 1.2 ms]
   [Other: 3.3 ms]
      [Choose CSet: 0.0 ms]
      [Ref Proc: 1.7 ms]
      [Ref Enq: 0.0 ms]
      [Redirty Cards: 1.3 ms]
      [Humongous Register: 0.0 ms]
      [Humongous Reclaim: 0.0 ms]
      [Free CSet: 0.1 ms]
   [Eden: 152.0M(152.0M)->0.0B(152.0M) Survivors: 1024.0K->1024.0K Heap: 179.2M(256.0M)->27947.8K(256.0M)]
Heap after GC invocations=84 (full 0):
 garbage-first heap   total 262144K, used 27947K [0x00000000f0000000, 0x00000000f0100800, 0x0000000100000000)
  region size 1024K, 1 young (1024K), 1 survivors (1024K)
 Metaspace       used 52719K, capacity 55908K, committed 55936K, reserved 1097728K
  class space    used 6456K, capacity 7022K, committed 7040K, reserved 1048576K
}
 [Times: user=0.03 sys=0.00, real=0.01 secs] 
{Heap before GC invocations=84 (full 0):
 garbage-first heap   total 262144K, used 183595K [0x00000000f0000000, 0x00000000f0100800, 0x0000000100000000)
  region size 1024K, 153 young (156672K), 1 survivors (1024K)
 Metaspace       used 52720K, capacity 55908K, committed 55936K, reserved 1097728K
  class space    used 6456K, capacity 7022K, committed 7040K, reserved 1048576K
2023-10-03T06:48:01.082+0800: 188.946: [GC pause (G1 Evacuation Pause) (young), 0.0073840 secs]
   [Parallel Time: 2.8 ms, GC Workers: 10]
      [GC Worker Start (ms): Min: 188945.9, Avg: 188946.2, Max: 188946.4, Diff: 0.5]
      [Ext Root Scanning (ms): Min: 0.8, Avg: 1.0, Max: 1.5, Diff: 0.7, Sum: 10.5]
      [Update RS (ms): Min: 0.2, Avg: 0.3, Max: 0.3, Diff: 0.1, Sum: 2.5]
         [Processed Buffers: Min: 1, Avg: 3.4, Max: 6, Diff: 5, Sum: 34]
      [Scan RS (ms): Min: 0.0, Avg: 0.1, Max: 0.1, Diff: 0.1, Sum: 0.7]
      [Code Root Scanning (ms): Min: 0.0, Avg: 0.0, Max: 0.0, Diff: 0.0, Sum: 0.0]
      [Object Copy (ms): Min: 0.3, Avg: 0.4, Max: 0.5, Diff: 0.1, Sum: 4.4]
      [Termination (ms): Min: 0.0, Avg: 0.0, Max: 0.0, Diff: 0.0, Sum: 0.0]
         [Termination Attempts: Min: 1, Avg: 1.0, Max: 1, Diff: 0, Sum: 10]
      [GC Worker Other (ms): Min: 0.0, Avg: 0.0, Max: 0.1, Diff: 0.1, Sum: 0.4]
      [GC Worker Total (ms): Min: 1.6, Avg: 1.9, Max: 2.1, Diff: 0.6, Sum: 18.6]
      [GC Worker End (ms): Min: 188948.0, Avg: 188948.1, Max: 188948.1, Diff: 0.1]
   [Code Root Fixup: 0.0 ms]
   [Code Root Purge: 0.0 ms]
   [Clear CT: 1.4 ms]
   [Other: 3.1 ms]
      [Choose CSet: 0.0 ms]
      [Ref Proc: 1.4 ms]
      [Ref Enq: 0.0 ms]
      [Redirty Cards: 1.4 ms]
      [Humongous Register: 0.0 ms]
      [Humongous Reclaim: 0.0 ms]
      [Free CSet: 0.1 ms]
   [Eden: 152.0M(152.0M)->0.0B(152.0M) Survivors: 1024.0K->1024.0K Heap: 179.3M(256.0M)->27942.6K(256.0M)]
Heap after GC invocations=85 (full 0):
 garbage-first heap   total 262144K, used 27942K [0x00000000f0000000, 0x00000000f0100800, 0x0000000100000000)
  region size 1024K, 1 young (1024K), 1 survivors (1024K)
 Metaspace       used 52720K, capacity 55908K, committed 55936K, reserved 1097728K
  class space    used 6456K, capacity 7022K, committed 7040K, reserved 1048576K
}
 [Times: user=0.02 sys=0.00, real=0.01 secs] 
{Heap before GC invocations=85 (full 0):
 garbage-first heap   total 262144K, used 183590K [0x00000000f0000000, 0x00000000f0100800, 0x0000000100000000)
  region size 1024K, 153 young (156672K), 1 survivors (1024K)
 Metaspace       used 52720K, capacity 55908K, committed 55936K, reserved 1097728K
  class space    used 6456K, capacity 7022K, committed 7040K, reserved 1048576K
2023-10-03T06:48:02.194+0800: 190.058: [GC pause (G1 Evacuation Pause) (young), 0.0072785 secs]
   [Parallel Time: 2.9 ms, GC Workers: 10]
      [GC Worker Start (ms): Min: 190057.8, Avg: 190058.0, Max: 190058.2, Diff: 0.4]
      [Ext Root Scanning (ms): Min: 0.9, Avg: 1.1, Max: 1.5, Diff: 0.6, Sum: 10.9]
      [Update RS (ms): Min: 0.2, Avg: 0.3, Max: 0.4, Diff: 0.1, Sum: 2.9]
         [Processed Buffers: Min: 2, Avg: 3.4, Max: 7, Diff: 5, Sum: 34]
      [Scan RS (ms): Min: 0.0, Avg: 0.1, Max: 0.1, Diff: 0.1, Sum: 0.6]
      [Code Root Scanning (ms): Min: 0.0, Avg: 0.0, Max: 0.1, Diff: 0.1, Sum: 0.1]
      [Object Copy (ms): Min: 0.4, Avg: 0.5, Max: 0.6, Diff: 0.2, Sum: 5.4]
      [Termination (ms): Min: 0.0, Avg: 0.0, Max: 0.0, Diff: 0.0, Sum: 0.0]
         [Termination Attempts: Min: 1, Avg: 1.0, Max: 1, Diff: 0, Sum: 10]
      [GC Worker Other (ms): Min: 0.0, Avg: 0.0, Max: 0.1, Diff: 0.1, Sum: 0.4]
      [GC Worker Total (ms): Min: 1.8, Avg: 2.0, Max: 2.3, Diff: 0.4, Sum: 20.4]
      [GC Worker End (ms): Min: 190060.1, Avg: 190060.1, Max: 190060.1, Diff: 0.1]
   [Code Root Fixup: 0.0 ms]
   [Code Root Purge: 0.0 ms]
   [Clear CT: 1.3 ms]
   [Other: 3.0 ms]
      [Choose CSet: 0.0 ms]
      [Ref Proc: 1.4 ms]
      [Ref Enq: 0.0 ms]
      [Redirty Cards: 1.4 ms]
      [Humongous Register: 0.0 ms]
      [Humongous Reclaim: 0.0 ms]
      [Free CSet: 0.1 ms]
   [Eden: 152.0M(152.0M)->0.0B(152.0M) Survivors: 1024.0K->1024.0K Heap: 179.3M(256.0M)->27962.8K(256.0M)]
Heap after GC invocations=86 (full 0):
 garbage-first heap   total 262144K, used 27962K [0x00000000f0000000, 0x00000000f0100800, 0x0000000100000000)
  region size 1024K, 1 young (1024K), 1 survivors (1024K)
 Metaspace       used 52720K, capacity 55908K, committed 55936K, reserved 1097728K
  class space    used 6456K, capacity 7022K, committed 7040K, reserved 1048576K
}
 [Times: user=0.02 sys=0.00, real=0.01 secs] 
{Heap before GC invocations=86 (full 0):
 garbage-first heap   total 262144K, used 183610K [0x00000000f0000000, 0x00000000f0100800, 0x0000000100000000)
  region size 1024K, 153 young (156672K), 1 survivors (1024K)
 Metaspace       used 52721K, capacity 55908K, committed 55936K, reserved 1097728K
  class space    used 6456K, capacity 7022K, committed 7040K, reserved 1048576K
2023-10-03T06:48:03.262+0800: 191.125: [GC pause (G1 Evacuation Pause) (young), 0.0074964 secs]
   [Parallel Time: 3.1 ms, GC Workers: 10]
      [GC Worker Start (ms): Min: 191125.5, Avg: 191125.8, Max: 191126.0, Diff: 0.5]
      [Ext Root Scanning (ms): Min: 0.8, Avg: 1.1, Max: 1.7, Diff: 0.8, Sum: 11.2]
      [Update RS (ms): Min: 0.1, Avg: 0.3, Max: 0.4, Diff: 0.3, Sum: 2.7]
         [Processed Buffers: Min: 2, Avg: 3.5, Max: 6, Diff: 4, Sum: 35]
      [Scan RS (ms): Min: 0.0, Avg: 0.1, Max: 0.1, Diff: 0.1, Sum: 0.7]
      [Code Root Scanning (ms): Min: 0.0, Avg: 0.0, Max: 0.0, Diff: 0.0, Sum: 0.0]
      [Object Copy (ms): Min: 0.4, Avg: 0.5, Max: 0.6, Diff: 0.2, Sum: 5.1]
      [Termination (ms): Min: 0.0, Avg: 0.0, Max: 0.0, Diff: 0.0, Sum: 0.0]
         [Termination Attempts: Min: 1, Avg: 1.1, Max: 2, Diff: 1, Sum: 11]
      [GC Worker Other (ms): Min: 0.0, Avg: 0.1, Max: 0.2, Diff: 0.1, Sum: 0.5]
      [GC Worker Total (ms): Min: 1.8, Avg: 2.0, Max: 2.3, Diff: 0.5, Sum: 20.3]
      [GC Worker End (ms): Min: 191127.8, Avg: 191127.8, Max: 191127.9, Diff: 0.1]
   [Code Root Fixup: 0.0 ms]
   [Code Root Purge: 0.0 ms]
   [Clear CT: 1.4 ms]
   [Other: 3.0 ms]
      [Choose CSet: 0.0 ms]
      [Ref Proc: 1.3 ms]
      [Ref Enq: 0.0 ms]
      [Redirty Cards: 1.4 ms]
      [Humongous Register: 0.0 ms]
      [Humongous Reclaim: 0.0 ms]
      [Free CSet: 0.1 ms]
   [Eden: 152.0M(152.0M)->0.0B(152.0M) Survivors: 1024.0K->1024.0K Heap: 179.3M(256.0M)->27924.7K(256.0M)]
Heap after GC invocations=87 (full 0):
 garbage-first heap   total 262144K, used 27924K [0x00000000f0000000, 0x00000000f0100800, 0x0000000100000000)
  region size 1024K, 1 young (1024K), 1 survivors (1024K)
 Metaspace       used 52721K, capacity 55908K, committed 55936K, reserved 1097728K
  class space    used 6456K, capacity 7022K, committed 7040K, reserved 1048576K
}
 [Times: user=0.03 sys=0.00, real=0.01 secs] 
{Heap before GC invocations=87 (full 0):
 garbage-first heap   total 262144K, used 183572K [0x00000000f0000000, 0x00000000f0100800, 0x0000000100000000)
  region size 1024K, 153 young (156672K), 1 survivors (1024K)
 Metaspace       used 52721K, capacity 55908K, committed 55936K, reserved 1097728K
  class space    used 6456K, capacity 7022K, committed 7040K, reserved 1048576K
2023-10-03T06:48:04.338+0800: 192.201: [GC pause (G1 Evacuation Pause) (young), 0.0070413 secs]
   [Parallel Time: 2.3 ms, GC Workers: 10]
      [GC Worker Start (ms): Min: 192201.1, Avg: 192201.4, Max: 192201.6, Diff: 0.5]
      [Ext Root Scanning (ms): Min: 0.8, Avg: 1.1, Max: 1.5, Diff: 0.7, Sum: 10.6]
      [Update RS (ms): Min: 0.1, Avg: 0.3, Max: 0.3, Diff: 0.2, Sum: 2.7]
         [Processed Buffers: Min: 1, Avg: 3.8, Max: 9, Diff: 8, Sum: 38]
      [Scan RS (ms): Min: 0.0, Avg: 0.1, Max: 0.1, Diff: 0.1, Sum: 0.5]
      [Code Root Scanning (ms): Min: 0.0, Avg: 0.0, Max: 0.0, Diff: 0.0, Sum: 0.0]
      [Object Copy (ms): Min: 0.4, Avg: 0.5, Max: 0.5, Diff: 0.1, Sum: 4.9]
      [Termination (ms): Min: 0.0, Avg: 0.0, Max: 0.0, Diff: 0.0, Sum: 0.1]
         [Termination Attempts: Min: 1, Avg: 1.7, Max: 3, Diff: 2, Sum: 17]
      [GC Worker Other (ms): Min: 0.0, Avg: 0.0, Max: 0.1, Diff: 0.1, Sum: 0.4]
      [GC Worker Total (ms): Min: 1.7, Avg: 1.9, Max: 2.1, Diff: 0.5, Sum: 19.1]
      [GC Worker End (ms): Min: 192203.2, Avg: 192203.3, Max: 192203.3, Diff: 0.1]
   [Code Root Fixup: 0.0 ms]
   [Code Root Purge: 0.0 ms]
   [Clear CT: 1.4 ms]
   [Other: 3.3 ms]
      [Choose CSet: 0.0 ms]
      [Ref Proc: 1.6 ms]
      [Ref Enq: 0.0 ms]
      [Redirty Cards: 1.5 ms]
      [Humongous Register: 0.0 ms]
      [Humongous Reclaim: 0.0 ms]
      [Free CSet: 0.1 ms]
   [Eden: 152.0M(152.0M)->0.0B(152.0M) Survivors: 1024.0K->1024.0K Heap: 179.3M(256.0M)->27915.3K(256.0M)]
Heap after GC invocations=88 (full 0):
 garbage-first heap   total 262144K, used 27915K [0x00000000f0000000, 0x00000000f0100800, 0x0000000100000000)
  region size 1024K, 1 young (1024K), 1 survivors (1024K)
 Metaspace       used 52721K, capacity 55908K, committed 55936K, reserved 1097728K
  class space    used 6456K, capacity 7022K, committed 7040K, reserved 1048576K
}
 [Times: user=0.03 sys=0.00, real=0.01 secs] 
{Heap before GC invocations=88 (full 0):
 garbage-first heap   total 262144K, used 183563K [0x00000000f0000000, 0x00000000f0100800, 0x0000000100000000)
  region size 1024K, 153 young (156672K), 1 survivors (1024K)
 Metaspace       used 52721K, capacity 55908K, committed 55936K, reserved 1097728K
  class space    used 6456K, capacity 7022K, committed 7040K, reserved 1048576K
2023-10-03T06:48:05.437+0800: 193.300: [GC pause (G1 Evacuation Pause) (young), 0.0068668 secs]
   [Parallel Time: 2.7 ms, GC Workers: 10]
      [GC Worker Start (ms): Min: 193300.6, Avg: 193300.9, Max: 193301.1, Diff: 0.5]
      [Ext Root Scanning (ms): Min: 0.8, Avg: 1.0, Max: 1.4, Diff: 0.7, Sum: 10.4]
      [Update RS (ms): Min: 0.2, Avg: 0.3, Max: 0.3, Diff: 0.1, Sum: 2.6]
         [Processed Buffers: Min: 1, Avg: 3.5, Max: 6, Diff: 5, Sum: 35]
      [Scan RS (ms): Min: 0.0, Avg: 0.0, Max: 0.1, Diff: 0.1, Sum: 0.4]
      [Code Root Scanning (ms): Min: 0.0, Avg: 0.0, Max: 0.0, Diff: 0.0, Sum: 0.0]
      [Object Copy (ms): Min: 0.3, Avg: 0.4, Max: 0.5, Diff: 0.2, Sum: 4.4]
      [Termination (ms): Min: 0.0, Avg: 0.0, Max: 0.0, Diff: 0.0, Sum: 0.0]
         [Termination Attempts: Min: 1, Avg: 1.0, Max: 1, Diff: 0, Sum: 10]
      [GC Worker Other (ms): Min: 0.0, Avg: 0.0, Max: 0.1, Diff: 0.1, Sum: 0.5]
      [GC Worker Total (ms): Min: 1.6, Avg: 1.8, Max: 2.1, Diff: 0.5, Sum: 18.4]
      [GC Worker End (ms): Min: 193302.7, Avg: 193302.7, Max: 193302.8, Diff: 0.1]
   [Code Root Fixup: 0.0 ms]
   [Code Root Purge: 0.0 ms]
   [Clear CT: 1.8 ms]
   [Other: 2.4 ms]
      [Choose CSet: 0.0 ms]
      [Ref Proc: 1.0 ms]
      [Ref Enq: 0.0 ms]
      [Redirty Cards: 1.0 ms]
      [Humongous Register: 0.0 ms]
      [Humongous Reclaim: 0.0 ms]
      [Free CSet: 0.2 ms]
   [Eden: 152.0M(152.0M)->0.0B(152.0M) Survivors: 1024.0K->1024.0K Heap: 179.3M(256.0M)->27860.6K(256.0M)]
Heap after GC invocations=89 (full 0):
 garbage-first heap   total 262144K, used 27860K [0x00000000f0000000, 0x00000000f0100800, 0x0000000100000000)
  region size 1024K, 1 young (1024K), 1 survivors (1024K)
 Metaspace       used 52721K, capacity 55908K, committed 55936K, reserved 1097728K
  class space    used 6456K, capacity 7022K, committed 7040K, reserved 1048576K
}
 [Times: user=0.02 sys=0.00, real=0.01 secs] 
{Heap before GC invocations=89 (full 0):
 garbage-first heap   total 262144K, used 183508K [0x00000000f0000000, 0x00000000f0100800, 0x0000000100000000)
  region size 1024K, 153 young (156672K), 1 survivors (1024K)
 Metaspace       used 52722K, capacity 55908K, committed 55936K, reserved 1097728K
  class space    used 6456K, capacity 7022K, committed 7040K, reserved 1048576K
2023-10-03T06:48:06.481+0800: 194.345: [GC pause (G1 Evacuation Pause) (young), 0.0066661 secs]
   [Parallel Time: 2.3 ms, GC Workers: 10]
      [GC Worker Start (ms): Min: 194344.8, Avg: 194345.0, Max: 194345.2, Diff: 0.5]
      [Ext Root Scanning (ms): Min: 0.8, Avg: 1.0, Max: 1.5, Diff: 0.7, Sum: 10.5]
      [Update RS (ms): Min: 0.2, Avg: 0.3, Max: 0.3, Diff: 0.1, Sum: 2.8]
         [Processed Buffers: Min: 2, Avg: 3.5, Max: 5, Diff: 3, Sum: 35]
      [Scan RS (ms): Min: 0.0, Avg: 0.1, Max: 0.1, Diff: 0.1, Sum: 0.7]
      [Code Root Scanning (ms): Min: 0.0, Avg: 0.0, Max: 0.0, Diff: 0.0, Sum: 0.0]
      [Object Copy (ms): Min: 0.4, Avg: 0.5, Max: 0.6, Diff: 0.2, Sum: 5.0]
      [Termination (ms): Min: 0.0, Avg: 0.0, Max: 0.0, Diff: 0.0, Sum: 0.1]
         [Termination Attempts: Min: 1, Avg: 1.3, Max: 2, Diff: 1, Sum: 13]
      [GC Worker Other (ms): Min: 0.0, Avg: 0.0, Max: 0.0, Diff: 0.0, Sum: 0.3]
      [GC Worker Total (ms): Min: 1.7, Avg: 1.9, Max: 2.2, Diff: 0.5, Sum: 19.4]
      [GC Worker End (ms): Min: 194347.0, Avg: 194347.0, Max: 194347.0, Diff: 0.0]
   [Code Root Fixup: 0.0 ms]
   [Code Root Purge: 0.0 ms]
   [Clear CT: 1.3 ms]
   [Other: 3.0 ms]
      [Choose CSet: 0.0 ms]
      [Ref Proc: 1.3 ms]
      [Ref Enq: 0.0 ms]
      [Redirty Cards: 1.4 ms]
      [Humongous Register: 0.0 ms]
      [Humongous Reclaim: 0.0 ms]
      [Free CSet: 0.1 ms]
   [Eden: 152.0M(152.0M)->0.0B(152.0M) Survivors: 1024.0K->1024.0K Heap: 179.2M(256.0M)->27918.3K(256.0M)]
Heap after GC invocations=90 (full 0):
 garbage-first heap   total 262144K, used 27918K [0x00000000f0000000, 0x00000000f0100800, 0x0000000100000000)
  region size 1024K, 1 young (1024K), 1 survivors (1024K)
 Metaspace       used 52722K, capacity 55908K, committed 55936K, reserved 1097728K
  class space    used 6456K, capacity 7022K, committed 7040K, reserved 1048576K
}
 [Times: user=0.02 sys=0.00, real=0.00 secs] 
{Heap before GC invocations=90 (full 0):
 garbage-first heap   total 262144K, used 183566K [0x00000000f0000000, 0x00000000f0100800, 0x0000000100000000)
  region size 1024K, 153 young (156672K), 1 survivors (1024K)
 Metaspace       used 52726K, capacity 55908K, committed 55936K, reserved 1097728K
  class space    used 6456K, capacity 7022K, committed 7040K, reserved 1048576K
2023-10-03T06:48:07.593+0800: 195.456: [GC pause (G1 Evacuation Pause) (young), 0.0075986 secs]
   [Parallel Time: 3.0 ms, GC Workers: 10]
      [GC Worker Start (ms): Min: 195456.4, Avg: 195456.7, Max: 195456.9, Diff: 0.5]
      [Ext Root Scanning (ms): Min: 0.9, Avg: 1.2, Max: 1.5, Diff: 0.5, Sum: 11.6]
      [Update RS (ms): Min: 0.2, Avg: 0.3, Max: 0.3, Diff: 0.1, Sum: 2.7]
         [Processed Buffers: Min: 2, Avg: 3.5, Max: 5, Diff: 3, Sum: 35]
      [Scan RS (ms): Min: 0.0, Avg: 0.1, Max: 0.1, Diff: 0.1, Sum: 0.5]
      [Code Root Scanning (ms): Min: 0.0, Avg: 0.0, Max: 0.0, Diff: 0.0, Sum: 0.0]
      [Object Copy (ms): Min: 0.4, Avg: 0.5, Max: 0.6, Diff: 0.2, Sum: 5.3]
      [Termination (ms): Min: 0.0, Avg: 0.0, Max: 0.0, Diff: 0.0, Sum: 0.0]
         [Termination Attempts: Min: 1, Avg: 1.0, Max: 1, Diff: 0, Sum: 10]
      [GC Worker Other (ms): Min: 0.0, Avg: 0.0, Max: 0.1, Diff: 0.1, Sum: 0.4]
      [GC Worker Total (ms): Min: 1.9, Avg: 2.1, Max: 2.3, Diff: 0.4, Sum: 20.7]
      [GC Worker End (ms): Min: 195458.7, Avg: 195458.8, Max: 195458.8, Diff: 0.1]
   [Code Root Fixup: 0.0 ms]
   [Code Root Purge: 0.0 ms]
   [Clear CT: 1.3 ms]
   [Other: 3.3 ms]
      [Choose CSet: 0.0 ms]
      [Ref Proc: 1.7 ms]
      [Ref Enq: 0.0 ms]
      [Redirty Cards: 1.4 ms]
      [Humongous Register: 0.0 ms]
      [Humongous Reclaim: 0.0 ms]
      [Free CSet: 0.1 ms]
   [Eden: 152.0M(152.0M)->0.0B(152.0M) Survivors: 1024.0K->1024.0K Heap: 179.3M(256.0M)->27931.3K(256.0M)]
Heap after GC invocations=91 (full 0):
 garbage-first heap   total 262144K, used 27931K [0x00000000f0000000, 0x00000000f0100800, 0x0000000100000000)
  region size 1024K, 1 young (1024K), 1 survivors (1024K)
 Metaspace       used 52726K, capacity 55908K, committed 55936K, reserved 1097728K
  class space    used 6456K, capacity 7022K, committed 7040K, reserved 1048576K
}
 [Times: user=0.02 sys=0.00, real=0.01 secs] 
{Heap before GC invocations=91 (full 0):
 garbage-first heap   total 262144K, used 183579K [0x00000000f0000000, 0x00000000f0100800, 0x0000000100000000)
  region size 1024K, 153 young (156672K), 1 survivors (1024K)
 Metaspace       used 52726K, capacity 55908K, committed 55936K, reserved 1097728K
  class space    used 6456K, capacity 7022K, committed 7040K, reserved 1048576K
2023-10-03T06:48:08.664+0800: 196.527: [GC pause (G1 Evacuation Pause) (young), 0.0072162 secs]
   [Parallel Time: 2.8 ms, GC Workers: 10]
      [GC Worker Start (ms): Min: 196527.2, Avg: 196527.4, Max: 196527.7, Diff: 0.5]
      [Ext Root Scanning (ms): Min: 0.9, Avg: 1.1, Max: 1.6, Diff: 0.7, Sum: 11.3]
      [Update RS (ms): Min: 0.2, Avg: 0.3, Max: 0.3, Diff: 0.1, Sum: 2.5]
         [Processed Buffers: Min: 1, Avg: 3.5, Max: 6, Diff: 5, Sum: 35]
      [Scan RS (ms): Min: 0.0, Avg: 0.1, Max: 0.1, Diff: 0.1, Sum: 0.5]
      [Code Root Scanning (ms): Min: 0.0, Avg: 0.0, Max: 0.0, Diff: 0.0, Sum: 0.0]
      [Object Copy (ms): Min: 0.4, Avg: 0.5, Max: 0.6, Diff: 0.2, Sum: 4.7]
      [Termination (ms): Min: 0.0, Avg: 0.0, Max: 0.0, Diff: 0.0, Sum: 0.0]
         [Termination Attempts: Min: 1, Avg: 1.0, Max: 1, Diff: 0, Sum: 10]
      [GC Worker Other (ms): Min: 0.0, Avg: 0.0, Max: 0.1, Diff: 0.1, Sum: 0.4]
      [GC Worker Total (ms): Min: 1.7, Avg: 2.0, Max: 2.2, Diff: 0.5, Sum: 19.6]
      [GC Worker End (ms): Min: 196529.3, Avg: 196529.4, Max: 196529.4, Diff: 0.1]
   [Code Root Fixup: 0.0 ms]
   [Code Root Purge: 0.0 ms]
   [Clear CT: 1.8 ms]
   [Other: 2.6 ms]
      [Choose CSet: 0.0 ms]
      [Ref Proc: 1.0 ms]
      [Ref Enq: 0.0 ms]
      [Redirty Cards: 1.3 ms]
      [Humongous Register: 0.0 ms]
      [Humongous Reclaim: 0.0 ms]
      [Free CSet: 0.1 ms]
   [Eden: 152.0M(152.0M)->0.0B(152.0M) Survivors: 1024.0K->1024.0K Heap: 179.3M(256.0M)->27892.2K(256.0M)]
Heap after GC invocations=92 (full 0):
 garbage-first heap   total 262144K, used 27892K [0x00000000f0000000, 0x00000000f0100800, 0x0000000100000000)
  region size 1024K, 1 young (1024K), 1 survivors (1024K)
 Metaspace       used 52726K, capacity 55908K, committed 55936K, reserved 1097728K
  class space    used 6456K, capacity 7022K, committed 7040K, reserved 1048576K
}
 [Times: user=0.02 sys=0.01, real=0.01 secs] 
{Heap before GC invocations=92 (full 0):
 garbage-first heap   total 262144K, used 183540K [0x00000000f0000000, 0x00000000f0100800, 0x0000000100000000)
  region size 1024K, 153 young (156672K), 1 survivors (1024K)
 Metaspace       used 52726K, capacity 55908K, committed 55936K, reserved 1097728K
  class space    used 6456K, capacity 7022K, committed 7040K, reserved 1048576K
2023-10-03T06:48:09.740+0800: 197.603: [GC pause (G1 Evacuation Pause) (young), 0.0071809 secs]
   [Parallel Time: 2.8 ms, GC Workers: 10]
      [GC Worker Start (ms): Min: 197603.1, Avg: 197603.4, Max: 197603.6, Diff: 0.4]
      [Ext Root Scanning (ms): Min: 0.8, Avg: 1.1, Max: 1.8, Diff: 1.0, Sum: 10.9]
      [Update RS (ms): Min: 0.0, Avg: 0.3, Max: 0.3, Diff: 0.3, Sum: 2.6]
         [Processed Buffers: Min: 0, Avg: 3.6, Max: 6, Diff: 6, Sum: 36]
      [Scan RS (ms): Min: 0.0, Avg: 0.1, Max: 0.1, Diff: 0.1, Sum: 0.7]
      [Code Root Scanning (ms): Min: 0.0, Avg: 0.0, Max: 0.0, Diff: 0.0, Sum: 0.0]
      [Object Copy (ms): Min: 0.3, Avg: 0.5, Max: 0.5, Diff: 0.2, Sum: 4.7]
      [Termination (ms): Min: 0.0, Avg: 0.0, Max: 0.0, Diff: 0.0, Sum: 0.0]
         [Termination Attempts: Min: 1, Avg: 1.0, Max: 1, Diff: 0, Sum: 10]
      [GC Worker Other (ms): Min: 0.0, Avg: 0.1, Max: 0.2, Diff: 0.1, Sum: 0.5]
      [GC Worker Total (ms): Min: 1.7, Avg: 1.9, Max: 2.2, Diff: 0.5, Sum: 19.4]
      [GC Worker End (ms): Min: 197605.3, Avg: 197605.3, Max: 197605.4, Diff: 0.1]
   [Code Root Fixup: 0.0 ms]
   [Code Root Purge: 0.0 ms]
   [Clear CT: 1.9 ms]
   [Other: 2.5 ms]
      [Choose CSet: 0.0 ms]
      [Ref Proc: 0.9 ms]
      [Ref Enq: 0.0 ms]
      [Redirty Cards: 1.4 ms]
      [Humongous Register: 0.0 ms]
      [Humongous Reclaim: 0.0 ms]
      [Free CSet: 0.1 ms]
   [Eden: 152.0M(152.0M)->0.0B(152.0M) Survivors: 1024.0K->1024.0K Heap: 179.2M(256.0M)->27991.4K(256.0M)]
Heap after GC invocations=93 (full 0):
 garbage-first heap   total 262144K, used 27991K [0x00000000f0000000, 0x00000000f0100800, 0x0000000100000000)
  region size 1024K, 1 young (1024K), 1 survivors (1024K)
 Metaspace       used 52726K, capacity 55908K, committed 55936K, reserved 1097728K
  class space    used 6456K, capacity 7022K, committed 7040K, reserved 1048576K
}
 [Times: user=0.02 sys=0.00, real=0.00 secs] 
{Heap before GC invocations=93 (full 0):
 garbage-first heap   total 262144K, used 183639K [0x00000000f0000000, 0x00000000f0100800, 0x0000000100000000)
  region size 1024K, 153 young (156672K), 1 survivors (1024K)
 Metaspace       used 52726K, capacity 55908K, committed 55936K, reserved 1097728K
  class space    used 6456K, capacity 7022K, committed 7040K, reserved 1048576K
2023-10-03T06:48:10.830+0800: 198.693: [GC pause (G1 Evacuation Pause) (young), 0.0073553 secs]
   [Parallel Time: 3.0 ms, GC Workers: 10]
      [GC Worker Start (ms): Min: 198693.5, Avg: 198693.7, Max: 198694.0, Diff: 0.5]
      [Ext Root Scanning (ms): Min: 0.8, Avg: 1.1, Max: 1.5, Diff: 0.6, Sum: 10.9]
      [Update RS (ms): Min: 0.2, Avg: 0.3, Max: 0.3, Diff: 0.1, Sum: 2.6]
         [Processed Buffers: Min: 2, Avg: 3.5, Max: 5, Diff: 3, Sum: 35]
      [Scan RS (ms): Min: 0.0, Avg: 0.1, Max: 0.1, Diff: 0.1, Sum: 0.5]
      [Code Root Scanning (ms): Min: 0.0, Avg: 0.0, Max: 0.0, Diff: 0.0, Sum: 0.0]
      [Object Copy (ms): Min: 0.4, Avg: 0.5, Max: 0.6, Diff: 0.2, Sum: 4.6]
      [Termination (ms): Min: 0.0, Avg: 0.0, Max: 0.0, Diff: 0.0, Sum: 0.1]
         [Termination Attempts: Min: 1, Avg: 1.1, Max: 2, Diff: 1, Sum: 11]
      [GC Worker Other (ms): Min: 0.0, Avg: 0.0, Max: 0.2, Diff: 0.1, Sum: 0.5]
      [GC Worker Total (ms): Min: 1.7, Avg: 1.9, Max: 2.2, Diff: 0.5, Sum: 19.2]
      [GC Worker End (ms): Min: 198695.6, Avg: 198695.7, Max: 198695.8, Diff: 0.1]
   [Code Root Fixup: 0.0 ms]
   [Code Root Purge: 0.0 ms]
   [Clear CT: 1.7 ms]
   [Other: 2.7 ms]
      [Choose CSet: 0.0 ms]
      [Ref Proc: 1.0 ms]
      [Ref Enq: 0.0 ms]
      [Redirty Cards: 1.4 ms]
      [Humongous Register: 0.0 ms]
      [Humongous Reclaim: 0.0 ms]
      [Free CSet: 0.1 ms]
   [Eden: 152.0M(152.0M)->0.0B(152.0M) Survivors: 1024.0K->1024.0K Heap: 179.3M(256.0M)->27977.9K(256.0M)]
Heap after GC invocations=94 (full 0):
 garbage-first heap   total 262144K, used 27977K [0x00000000f0000000, 0x00000000f0100800, 0x0000000100000000)
  region size 1024K, 1 young (1024K), 1 survivors (1024K)
 Metaspace       used 52726K, capacity 55908K, committed 55936K, reserved 1097728K
  class space    used 6456K, capacity 7022K, committed 7040K, reserved 1048576K
}
 [Times: user=0.02 sys=0.01, real=0.00 secs] 
{Heap before GC invocations=94 (full 0):
 garbage-first heap   total 262144K, used 183625K [0x00000000f0000000, 0x00000000f0100800, 0x0000000100000000)
  region size 1024K, 153 young (156672K), 1 survivors (1024K)
 Metaspace       used 52727K, capacity 55972K, committed 56192K, reserved 1097728K
  class space    used 6456K, capacity 7022K, committed 7040K, reserved 1048576K
2023-10-03T06:48:11.871+0800: 199.734: [GC pause (G1 Evacuation Pause) (young), 0.0073604 secs]
   [Parallel Time: 2.9 ms, GC Workers: 10]
      [GC Worker Start (ms): Min: 199734.4, Avg: 199734.7, Max: 199734.9, Diff: 0.5]
      [Ext Root Scanning (ms): Min: 0.8, Avg: 1.1, Max: 1.8, Diff: 1.0, Sum: 10.7]
      [Update RS (ms): Min: 0.0, Avg: 0.3, Max: 0.3, Diff: 0.3, Sum: 2.5]
         [Processed Buffers: Min: 0, Avg: 3.4, Max: 7, Diff: 7, Sum: 34]
      [Scan RS (ms): Min: 0.0, Avg: 0.1, Max: 0.1, Diff: 0.1, Sum: 0.6]
      [Code Root Scanning (ms): Min: 0.0, Avg: 0.0, Max: 0.0, Diff: 0.0, Sum: 0.0]
      [Object Copy (ms): Min: 0.2, Avg: 0.4, Max: 0.5, Diff: 0.2, Sum: 4.2]
      [Termination (ms): Min: 0.0, Avg: 0.0, Max: 0.0, Diff: 0.0, Sum: 0.0]
         [Termination Attempts: Min: 1, Avg: 1.0, Max: 1, Diff: 0, Sum: 10]
      [GC Worker Other (ms): Min: 0.0, Avg: 0.1, Max: 0.2, Diff: 0.1, Sum: 0.5]
      [GC Worker Total (ms): Min: 1.6, Avg: 1.9, Max: 2.1, Diff: 0.5, Sum: 18.5]
      [GC Worker End (ms): Min: 199736.5, Avg: 199736.5, Max: 199736.6, Diff: 0.1]
   [Code Root Fixup: 0.0 ms]
   [Code Root Purge: 0.0 ms]
   [Clear CT: 1.6 ms]
   [Other: 2.8 ms]
      [Choose CSet: 0.0 ms]
      [Ref Proc: 1.2 ms]
      [Ref Enq: 0.0 ms]
      [Redirty Cards: 1.4 ms]
      [Humongous Register: 0.0 ms]
      [Humongous Reclaim: 0.0 ms]
      [Free CSet: 0.1 ms]
   [Eden: 152.0M(152.0M)->0.0B(152.0M) Survivors: 1024.0K->1024.0K Heap: 179.3M(256.0M)->27944.7K(256.0M)]
Heap after GC invocations=95 (full 0):
 garbage-first heap   total 262144K, used 27944K [0x00000000f0000000, 0x00000000f0100800, 0x0000000100000000)
  region size 1024K, 1 young (1024K), 1 survivors (1024K)
 Metaspace       used 52727K, capacity 55972K, committed 56192K, reserved 1097728K
  class space    used 6456K, capacity 7022K, committed 7040K, reserved 1048576K
}
 [Times: user=0.03 sys=0.00, real=0.00 secs] 
{Heap before GC invocations=95 (full 0):
 garbage-first heap   total 262144K, used 183592K [0x00000000f0000000, 0x00000000f0100800, 0x0000000100000000)
  region size 1024K, 153 young (156672K), 1 survivors (1024K)
 Metaspace       used 52728K, capacity 55972K, committed 56192K, reserved 1097728K
  class space    used 6456K, capacity 7022K, committed 7040K, reserved 1048576K
2023-10-03T06:48:12.894+0800: 200.757: [GC pause (G1 Evacuation Pause) (young), 0.0075039 secs]
   [Parallel Time: 3.0 ms, GC Workers: 10]
      [GC Worker Start (ms): Min: 200757.3, Avg: 200757.5, Max: 200757.7, Diff: 0.5]
      [Ext Root Scanning (ms): Min: 0.9, Avg: 1.1, Max: 1.5, Diff: 0.6, Sum: 11.1]
      [Update RS (ms): Min: 0.2, Avg: 0.3, Max: 0.4, Diff: 0.2, Sum: 2.7]
         [Processed Buffers: Min: 2, Avg: 3.5, Max: 6, Diff: 4, Sum: 35]
      [Scan RS (ms): Min: 0.0, Avg: 0.1, Max: 0.1, Diff: 0.1, Sum: 0.6]
      [Code Root Scanning (ms): Min: 0.0, Avg: 0.0, Max: 0.0, Diff: 0.0, Sum: 0.0]
      [Object Copy (ms): Min: 0.4, Avg: 0.5, Max: 0.6, Diff: 0.2, Sum: 5.0]
      [Termination (ms): Min: 0.0, Avg: 0.0, Max: 0.0, Diff: 0.0, Sum: 0.0]
         [Termination Attempts: Min: 1, Avg: 1.0, Max: 1, Diff: 0, Sum: 10]
      [GC Worker Other (ms): Min: 0.0, Avg: 0.0, Max: 0.1, Diff: 0.1, Sum: 0.4]
      [GC Worker Total (ms): Min: 1.8, Avg: 2.0, Max: 2.2, Diff: 0.5, Sum: 19.9]
      [GC Worker End (ms): Min: 200759.5, Avg: 200759.5, Max: 200759.6, Diff: 0.1]
   [Code Root Fixup: 0.0 ms]
   [Code Root Purge: 0.0 ms]
   [Clear CT: 1.7 ms]
   [Other: 2.7 ms]
      [Choose CSet: 0.0 ms]
      [Ref Proc: 1.1 ms]
      [Ref Enq: 0.0 ms]
      [Redirty Cards: 1.4 ms]
      [Humongous Register: 0.0 ms]
      [Humongous Reclaim: 0.0 ms]
      [Free CSet: 0.1 ms]
   [Eden: 152.0M(152.0M)->0.0B(152.0M) Survivors: 1024.0K->1024.0K Heap: 179.3M(256.0M)->28205.3K(256.0M)]
Heap after GC invocations=96 (full 0):
 garbage-first heap   total 262144K, used 28205K [0x00000000f0000000, 0x00000000f0100800, 0x0000000100000000)
  region size 1024K, 1 young (1024K), 1 survivors (1024K)
 Metaspace       used 52728K, capacity 55972K, committed 56192K, reserved 1097728K
  class space    used 6456K, capacity 7022K, committed 7040K, reserved 1048576K
}
 [Times: user=0.02 sys=0.01, real=0.01 secs] 
{Heap before GC invocations=96 (full 0):
 garbage-first heap   total 262144K, used 183853K [0x00000000f0000000, 0x00000000f0100800, 0x0000000100000000)
  region size 1024K, 153 young (156672K), 1 survivors (1024K)
 Metaspace       used 52733K, capacity 55972K, committed 56192K, reserved 1097728K
  class space    used 6456K, capacity 7022K, committed 7040K, reserved 1048576K
2023-10-03T06:48:13.959+0800: 201.822: [GC pause (G1 Evacuation Pause) (young), 0.0070827 secs]
   [Parallel Time: 2.8 ms, GC Workers: 10]
      [GC Worker Start (ms): Min: 201822.5, Avg: 201822.8, Max: 201823.0, Diff: 0.5]
      [Ext Root Scanning (ms): Min: 0.8, Avg: 1.1, Max: 1.6, Diff: 0.7, Sum: 11.0]
      [Update RS (ms): Min: 0.2, Avg: 0.4, Max: 0.4, Diff: 0.2, Sum: 3.5]
         [Processed Buffers: Min: 2, Avg: 3.7, Max: 6, Diff: 4, Sum: 37]
      [Scan RS (ms): Min: 0.0, Avg: 0.1, Max: 0.1, Diff: 0.1, Sum: 0.6]
      [Code Root Scanning (ms): Min: 0.0, Avg: 0.0, Max: 0.0, Diff: 0.0, Sum: 0.0]
      [Object Copy (ms): Min: 0.2, Avg: 0.3, Max: 0.3, Diff: 0.1, Sum: 2.8]
      [Termination (ms): Min: 0.0, Avg: 0.0, Max: 0.0, Diff: 0.0, Sum: 0.1]
         [Termination Attempts: Min: 1, Avg: 1.1, Max: 2, Diff: 1, Sum: 11]
      [GC Worker Other (ms): Min: 0.0, Avg: 0.0, Max: 0.1, Diff: 0.1, Sum: 0.3]
      [GC Worker Total (ms): Min: 1.6, Avg: 1.8, Max: 2.1, Diff: 0.4, Sum: 18.3]
      [GC Worker End (ms): Min: 201824.6, Avg: 201824.6, Max: 201824.7, Diff: 0.1]
   [Code Root Fixup: 0.0 ms]
   [Code Root Purge: 0.0 ms]
   [Clear CT: 1.3 ms]
   [Other: 3.0 ms]
      [Choose CSet: 0.0 ms]
      [Ref Proc: 1.4 ms]
      [Ref Enq: 0.0 ms]
      [Redirty Cards: 1.3 ms]
      [Humongous Register: 0.0 ms]
      [Humongous Reclaim: 0.0 ms]
      [Free CSet: 0.1 ms]
   [Eden: 152.0M(152.0M)->0.0B(152.0M) Survivors: 1024.0K->1024.0K Heap: 179.5M(256.0M)->27797.2K(256.0M)]
Heap after GC invocations=97 (full 0):
 garbage-first heap   total 262144K, used 27797K [0x00000000f0000000, 0x00000000f0100800, 0x0000000100000000)
  region size 1024K, 1 young (1024K), 1 survivors (1024K)
 Metaspace       used 52733K, capacity 55972K, committed 56192K, reserved 1097728K
  class space    used 6456K, capacity 7022K, committed 7040K, reserved 1048576K
}
 [Times: user=0.02 sys=0.00, real=0.01 secs] 
{Heap before GC invocations=97 (full 0):
 garbage-first heap   total 262144K, used 183445K [0x00000000f0000000, 0x00000000f0100800, 0x0000000100000000)
  region size 1024K, 153 young (156672K), 1 survivors (1024K)
 Metaspace       used 52735K, capacity 55972K, committed 56192K, reserved 1097728K
  class space    used 6456K, capacity 7022K, committed 7040K, reserved 1048576K
2023-10-03T06:48:15.001+0800: 202.864: [GC pause (G1 Evacuation Pause) (young), 0.0072674 secs]
   [Parallel Time: 2.8 ms, GC Workers: 10]
      [GC Worker Start (ms): Min: 202864.0, Avg: 202864.2, Max: 202864.4, Diff: 0.4]
      [Ext Root Scanning (ms): Min: 0.9, Avg: 1.1, Max: 1.5, Diff: 0.6, Sum: 11.2]
      [Update RS (ms): Min: 0.2, Avg: 0.3, Max: 0.4, Diff: 0.2, Sum: 3.1]
         [Processed Buffers: Min: 2, Avg: 3.6, Max: 8, Diff: 6, Sum: 36]
      [Scan RS (ms): Min: 0.0, Avg: 0.1, Max: 0.1, Diff: 0.1, Sum: 0.6]
      [Code Root Scanning (ms): Min: 0.0, Avg: 0.0, Max: 0.0, Diff: 0.0, Sum: 0.0]
      [Object Copy (ms): Min: 0.3, Avg: 0.4, Max: 0.4, Diff: 0.2, Sum: 3.8]
      [Termination (ms): Min: 0.0, Avg: 0.0, Max: 0.0, Diff: 0.0, Sum: 0.0]
         [Termination Attempts: Min: 1, Avg: 1.1, Max: 2, Diff: 1, Sum: 11]
      [GC Worker Other (ms): Min: 0.0, Avg: 0.0, Max: 0.1, Diff: 0.1, Sum: 0.5]
      [GC Worker Total (ms): Min: 1.7, Avg: 1.9, Max: 2.2, Diff: 0.5, Sum: 19.2]
      [GC Worker End (ms): Min: 202866.1, Avg: 202866.2, Max: 202866.2, Diff: 0.1]
   [Code Root Fixup: 0.0 ms]
   [Code Root Purge: 0.0 ms]
   [Clear CT: 1.3 ms]
   [Other: 3.1 ms]
      [Choose CSet: 0.0 ms]
      [Ref Proc: 1.4 ms]
      [Ref Enq: 0.0 ms]
      [Redirty Cards: 1.5 ms]
      [Humongous Register: 0.0 ms]
      [Humongous Reclaim: 0.0 ms]
      [Free CSet: 0.1 ms]
   [Eden: 152.0M(152.0M)->0.0B(152.0M) Survivors: 1024.0K->1024.0K Heap: 179.1M(256.0M)->27836.7K(256.0M)]
Heap after GC invocations=98 (full 0):
 garbage-first heap   total 262144K, used 27836K [0x00000000f0000000, 0x00000000f0100800, 0x0000000100000000)
  region size 1024K, 1 young (1024K), 1 survivors (1024K)
 Metaspace       used 52735K, capacity 55972K, committed 56192K, reserved 1097728K
  class space    used 6456K, capacity 7022K, committed 7040K, reserved 1048576K
}
 [Times: user=0.02 sys=0.01, real=0.00 secs] 
{Heap before GC invocations=98 (full 0):
 garbage-first heap   total 262144K, used 183484K [0x00000000f0000000, 0x00000000f0100800, 0x0000000100000000)
  region size 1024K, 153 young (156672K), 1 survivors (1024K)
 Metaspace       used 52735K, capacity 55972K, committed 56192K, reserved 1097728K
  class space    used 6456K, capacity 7022K, committed 7040K, reserved 1048576K
2023-10-03T06:48:16.045+0800: 203.908: [GC pause (G1 Evacuation Pause) (young), 0.0076488 secs]
   [Parallel Time: 2.9 ms, GC Workers: 10]
      [GC Worker Start (ms): Min: 203908.6, Avg: 203908.8, Max: 203909.0, Diff: 0.5]
      [Ext Root Scanning (ms): Min: 0.9, Avg: 1.1, Max: 1.5, Diff: 0.6, Sum: 11.2]
      [Update RS (ms): Min: 0.3, Avg: 0.3, Max: 0.3, Diff: 0.1, Sum: 3.0]
         [Processed Buffers: Min: 1, Avg: 3.6, Max: 6, Diff: 5, Sum: 36]
      [Scan RS (ms): Min: 0.0, Avg: 0.1, Max: 0.1, Diff: 0.1, Sum: 0.7]
      [Code Root Scanning (ms): Min: 0.0, Avg: 0.0, Max: 0.0, Diff: 0.0, Sum: 0.0]
      [Object Copy (ms): Min: 0.2, Avg: 0.3, Max: 0.4, Diff: 0.1, Sum: 3.5]
      [Termination (ms): Min: 0.0, Avg: 0.0, Max: 0.0, Diff: 0.0, Sum: 0.0]
         [Termination Attempts: Min: 1, Avg: 1.0, Max: 1, Diff: 0, Sum: 10]
      [GC Worker Other (ms): Min: 0.0, Avg: 0.0, Max: 0.1, Diff: 0.1, Sum: 0.4]
      [GC Worker Total (ms): Min: 1.7, Avg: 1.9, Max: 2.1, Diff: 0.4, Sum: 18.8]
      [GC Worker End (ms): Min: 203910.7, Avg: 203910.7, Max: 203910.8, Diff: 0.1]
   [Code Root Fixup: 0.0 ms]
   [Code Root Purge: 0.0 ms]
   [Clear CT: 1.5 ms]
   [Other: 3.3 ms]
      [Choose CSet: 0.0 ms]
      [Ref Proc: 1.6 ms]
      [Ref Enq: 0.0 ms]
      [Redirty Cards: 1.5 ms]
      [Humongous Register: 0.0 ms]
      [Humongous Reclaim: 0.0 ms]
      [Free CSet: 0.1 ms]
   [Eden: 152.0M(152.0M)->0.0B(152.0M) Survivors: 1024.0K->1024.0K Heap: 179.2M(256.0M)->27826.6K(256.0M)]
Heap after GC invocations=99 (full 0):
 garbage-first heap   total 262144K, used 27826K [0x00000000f0000000, 0x00000000f0100800, 0x0000000100000000)
  region size 1024K, 1 young (1024K), 1 survivors (1024K)
 Metaspace       used 52735K, capacity 55972K, committed 56192K, reserved 1097728K
  class space    used 6456K, capacity 7022K, committed 7040K, reserved 1048576K
}
 [Times: user=0.03 sys=0.00, real=0.01 secs] 
{Heap before GC invocations=99 (full 0):
 garbage-first heap   total 262144K, used 183474K [0x00000000f0000000, 0x00000000f0100800, 0x0000000100000000)
  region size 1024K, 153 young (156672K), 1 survivors (1024K)
 Metaspace       used 52735K, capacity 55972K, committed 56192K, reserved 1097728K
  class space    used 6456K, capacity 7022K, committed 7040K, reserved 1048576K
2023-10-03T06:48:17.145+0800: 205.008: [GC pause (G1 Evacuation Pause) (young), 0.0051901 secs]
   [Parallel Time: 2.2 ms, GC Workers: 10]
      [GC Worker Start (ms): Min: 205008.6, Avg: 205008.7, Max: 205008.9, Diff: 0.3]
      [Ext Root Scanning (ms): Min: 0.6, Avg: 0.8, Max: 1.3, Diff: 0.7, Sum: 8.4]
      [Update RS (ms): Min: 0.0, Avg: 0.2, Max: 0.3, Diff: 0.3, Sum: 2.1]
         [Processed Buffers: Min: 0, Avg: 3.6, Max: 9, Diff: 9, Sum: 36]
      [Scan RS (ms): Min: 0.0, Avg: 0.0, Max: 0.1, Diff: 0.1, Sum: 0.4]
      [Code Root Scanning (ms): Min: 0.0, Avg: 0.0, Max: 0.0, Diff: 0.0, Sum: 0.0]
      [Object Copy (ms): Min: 0.2, Avg: 0.2, Max: 0.3, Diff: 0.1, Sum: 2.4]
      [Termination (ms): Min: 0.0, Avg: 0.0, Max: 0.0, Diff: 0.0, Sum: 0.0]
         [Termination Attempts: Min: 1, Avg: 1.0, Max: 1, Diff: 0, Sum: 10]
      [GC Worker Other (ms): Min: 0.0, Avg: 0.0, Max: 0.1, Diff: 0.1, Sum: 0.4]
      [GC Worker Total (ms): Min: 1.2, Avg: 1.4, Max: 1.5, Diff: 0.3, Sum: 13.8]
      [GC Worker End (ms): Min: 205010.1, Avg: 205010.1, Max: 205010.2, Diff: 0.1]
   [Code Root Fixup: 0.0 ms]
   [Code Root Purge: 0.0 ms]
   [Clear CT: 0.8 ms]
   [Other: 2.2 ms]
      [Choose CSet: 0.0 ms]
      [Ref Proc: 1.1 ms]
      [Ref Enq: 0.0 ms]
      [Redirty Cards: 0.9 ms]
      [Humongous Register: 0.0 ms]
      [Humongous Reclaim: 0.0 ms]
      [Free CSet: 0.1 ms]
   [Eden: 152.0M(152.0M)->0.0B(152.0M) Survivors: 1024.0K->1024.0K Heap: 179.2M(256.0M)->27866.7K(256.0M)]
Heap after GC invocations=100 (full 0):
 garbage-first heap   total 262144K, used 27866K [0x00000000f0000000, 0x00000000f0100800, 0x0000000100000000)
  region size 1024K, 1 young (1024K), 1 survivors (1024K)
 Metaspace       used 52735K, capacity 55972K, committed 56192K, reserved 1097728K
  class space    used 6456K, capacity 7022K, committed 7040K, reserved 1048576K
}
 [Times: user=0.02 sys=0.00, real=0.01 secs] 
{Heap before GC invocations=100 (full 0):
 garbage-first heap   total 262144K, used 183514K [0x00000000f0000000, 0x00000000f0100800, 0x0000000100000000)
  region size 1024K, 153 young (156672K), 1 survivors (1024K)
 Metaspace       used 52737K, capacity 55972K, committed 56192K, reserved 1097728K
  class space    used 6456K, capacity 7022K, committed 7040K, reserved 1048576K
2023-10-03T06:48:18.202+0800: 206.065: [GC pause (G1 Evacuation Pause) (young), 0.0074484 secs]
   [Parallel Time: 3.1 ms, GC Workers: 10]
      [GC Worker Start (ms): Min: 206065.1, Avg: 206065.4, Max: 206065.7, Diff: 0.5]
      [Ext Root Scanning (ms): Min: 0.8, Avg: 1.1, Max: 1.5, Diff: 0.7, Sum: 11.0]
      [Update RS (ms): Min: 0.2, Avg: 0.3, Max: 0.4, Diff: 0.1, Sum: 2.8]
         [Processed Buffers: Min: 2, Avg: 3.5, Max: 7, Diff: 5, Sum: 35]
      [Scan RS (ms): Min: 0.0, Avg: 0.1, Max: 0.1, Diff: 0.1, Sum: 0.6]
      [Code Root Scanning (ms): Min: 0.0, Avg: 0.0, Max: 0.0, Diff: 0.0, Sum: 0.0]
      [Object Copy (ms): Min: 0.1, Avg: 0.2, Max: 0.3, Diff: 0.1, Sum: 2.4]
      [Termination (ms): Min: 0.0, Avg: 0.0, Max: 0.0, Diff: 0.0, Sum: 0.0]
         [Termination Attempts: Min: 1, Avg: 1.0, Max: 1, Diff: 0, Sum: 10]
      [GC Worker Other (ms): Min: 0.0, Avg: 0.0, Max: 0.1, Diff: 0.1, Sum: 0.5]
      [GC Worker Total (ms): Min: 1.5, Avg: 1.7, Max: 2.0, Diff: 0.5, Sum: 17.4]
      [GC Worker End (ms): Min: 206067.1, Avg: 206067.2, Max: 206067.3, Diff: 0.1]
   [Code Root Fixup: 0.0 ms]
   [Code Root Purge: 0.0 ms]
   [Clear CT: 1.3 ms]
   [Other: 3.1 ms]
      [Choose CSet: 0.0 ms]
      [Ref Proc: 1.5 ms]
      [Ref Enq: 0.0 ms]
      [Redirty Cards: 1.3 ms]
      [Humongous Register: 0.0 ms]
      [Humongous Reclaim: 0.0 ms]
      [Free CSet: 0.1 ms]
   [Eden: 152.0M(152.0M)->0.0B(152.0M) Survivors: 1024.0K->1024.0K Heap: 179.2M(256.0M)->27780.0K(256.0M)]
Heap after GC invocations=101 (full 0):
 garbage-first heap   total 262144K, used 27780K [0x00000000f0000000, 0x00000000f0100800, 0x0000000100000000)
  region size 1024K, 1 young (1024K), 1 survivors (1024K)
 Metaspace       used 52737K, capacity 55972K, committed 56192K, reserved 1097728K
  class space    used 6456K, capacity 7022K, committed 7040K, reserved 1048576K
}
 [Times: user=0.03 sys=0.00, real=0.00 secs] 
{Heap before GC invocations=101 (full 0):
 garbage-first heap   total 262144K, used 183428K [0x00000000f0000000, 0x00000000f0100800, 0x0000000100000000)
  region size 1024K, 153 young (156672K), 1 survivors (1024K)
 Metaspace       used 52737K, capacity 55972K, committed 56192K, reserved 1097728K
  class space    used 6456K, capacity 7022K, committed 7040K, reserved 1048576K
2023-10-03T06:48:19.271+0800: 207.134: [GC pause (G1 Evacuation Pause) (young), 0.0068388 secs]
   [Parallel Time: 2.6 ms, GC Workers: 10]
      [GC Worker Start (ms): Min: 207133.9, Avg: 207134.2, Max: 207134.4, Diff: 0.5]
      [Ext Root Scanning (ms): Min: 0.8, Avg: 1.1, Max: 1.7, Diff: 0.8, Sum: 11.2]
      [Update RS (ms): Min: 0.1, Avg: 0.3, Max: 0.4, Diff: 0.3, Sum: 3.0]
         [Processed Buffers: Min: 1, Avg: 3.7, Max: 6, Diff: 5, Sum: 37]
      [Scan RS (ms): Min: 0.0, Avg: 0.1, Max: 0.1, Diff: 0.1, Sum: 0.6]
      [Code Root Scanning (ms): Min: 0.0, Avg: 0.0, Max: 0.0, Diff: 0.0, Sum: 0.0]
      [Object Copy (ms): Min: 0.3, Avg: 0.4, Max: 0.4, Diff: 0.1, Sum: 3.6]
      [Termination (ms): Min: 0.0, Avg: 0.0, Max: 0.0, Diff: 0.0, Sum: 0.0]
         [Termination Attempts: Min: 1, Avg: 1.0, Max: 1, Diff: 0, Sum: 10]
      [GC Worker Other (ms): Min: 0.0, Avg: 0.0, Max: 0.1, Diff: 0.1, Sum: 0.4]
      [GC Worker Total (ms): Min: 1.6, Avg: 1.9, Max: 2.1, Diff: 0.5, Sum: 18.8]
      [GC Worker End (ms): Min: 207136.0, Avg: 207136.0, Max: 207136.1, Diff: 0.1]
   [Code Root Fixup: 0.0 ms]
   [Code Root Purge: 0.0 ms]
   [Clear CT: 1.4 ms]
   [Other: 2.8 ms]
      [Choose CSet: 0.0 ms]
      [Ref Proc: 1.3 ms]
      [Ref Enq: 0.0 ms]
      [Redirty Cards: 1.3 ms]
      [Humongous Register: 0.0 ms]
      [Humongous Reclaim: 0.0 ms]
      [Free CSet: 0.1 ms]
   [Eden: 152.0M(152.0M)->0.0B(152.0M) Survivors: 1024.0K->1024.0K Heap: 179.1M(256.0M)->27848.8K(256.0M)]
Heap after GC invocations=102 (full 0):
 garbage-first heap   total 262144K, used 27848K [0x00000000f0000000, 0x00000000f0100800, 0x0000000100000000)
  region size 1024K, 1 young (1024K), 1 survivors (1024K)
 Metaspace       used 52737K, capacity 55972K, committed 56192K, reserved 1097728K
  class space    used 6456K, capacity 7022K, committed 7040K, reserved 1048576K
}
 [Times: user=0.02 sys=0.00, real=0.00 secs] 
{Heap before GC invocations=102 (full 0):
 garbage-first heap   total 262144K, used 183496K [0x00000000f0000000, 0x00000000f0100800, 0x0000000100000000)
  region size 1024K, 153 young (156672K), 1 survivors (1024K)
 Metaspace       used 52737K, capacity 55972K, committed 56192K, reserved 1097728K
  class space    used 6456K, capacity 7022K, committed 7040K, reserved 1048576K
2023-10-03T06:48:20.331+0800: 208.195: [GC pause (G1 Evacuation Pause) (young), 0.0066652 secs]
   [Parallel Time: 2.6 ms, GC Workers: 10]
      [GC Worker Start (ms): Min: 208194.8, Avg: 208195.0, Max: 208195.3, Diff: 0.5]
      [Ext Root Scanning (ms): Min: 0.8, Avg: 1.1, Max: 1.7, Diff: 0.9, Sum: 10.8]
      [Update RS (ms): Min: 0.0, Avg: 0.3, Max: 0.4, Diff: 0.4, Sum: 3.2]
         [Processed Buffers: Min: 1, Avg: 3.6, Max: 7, Diff: 6, Sum: 36]
      [Scan RS (ms): Min: 0.0, Avg: 0.1, Max: 0.1, Diff: 0.1, Sum: 0.7]
      [Code Root Scanning (ms): Min: 0.0, Avg: 0.0, Max: 0.0, Diff: 0.0, Sum: 0.0]
      [Object Copy (ms): Min: 0.2, Avg: 0.3, Max: 0.3, Diff: 0.1, Sum: 2.6]
      [Termination (ms): Min: 0.0, Avg: 0.0, Max: 0.0, Diff: 0.0, Sum: 0.0]
         [Termination Attempts: Min: 1, Avg: 1.0, Max: 1, Diff: 0, Sum: 10]
      [GC Worker Other (ms): Min: 0.0, Avg: 0.0, Max: 0.1, Diff: 0.1, Sum: 0.4]
      [GC Worker Total (ms): Min: 1.5, Avg: 1.8, Max: 2.0, Diff: 0.5, Sum: 17.7]
      [GC Worker End (ms): Min: 208196.8, Avg: 208196.8, Max: 208196.8, Diff: 0.1]
   [Code Root Fixup: 0.0 ms]
   [Code Root Purge: 0.0 ms]
   [Clear CT: 1.3 ms]
   [Other: 2.7 ms]
      [Choose CSet: 0.0 ms]
      [Ref Proc: 1.1 ms]
      [Ref Enq: 0.0 ms]
      [Redirty Cards: 1.3 ms]
      [Humongous Register: 0.0 ms]
      [Humongous Reclaim: 0.0 ms]
      [Free CSet: 0.1 ms]
   [Eden: 152.0M(152.0M)->0.0B(152.0M) Survivors: 1024.0K->1024.0K Heap: 179.2M(256.0M)->27788.6K(256.0M)]
Heap after GC invocations=103 (full 0):
 garbage-first heap   total 262144K, used 27788K [0x00000000f0000000, 0x00000000f0100800, 0x0000000100000000)
  region size 1024K, 1 young (1024K), 1 survivors (1024K)
 Metaspace       used 52737K, capacity 55972K, committed 56192K, reserved 1097728K
  class space    used 6456K, capacity 7022K, committed 7040K, reserved 1048576K
}
 [Times: user=0.03 sys=0.00, real=0.00 secs] 
{Heap before GC invocations=103 (full 0):
 garbage-first heap   total 262144K, used 183436K [0x00000000f0000000, 0x00000000f0100800, 0x0000000100000000)
  region size 1024K, 153 young (156672K), 1 survivors (1024K)
 Metaspace       used 52737K, capacity 55972K, committed 56192K, reserved 1097728K
  class space    used 6456K, capacity 7022K, committed 7040K, reserved 1048576K
2023-10-03T06:48:21.378+0800: 209.241: [GC pause (G1 Evacuation Pause) (young), 0.0070854 secs]
   [Parallel Time: 2.9 ms, GC Workers: 10]
      [GC Worker Start (ms): Min: 209240.9, Avg: 209241.2, Max: 209241.5, Diff: 0.5]
      [Ext Root Scanning (ms): Min: 0.8, Avg: 1.1, Max: 1.5, Diff: 0.7, Sum: 11.0]
      [Update RS (ms): Min: 0.3, Avg: 0.3, Max: 0.3, Diff: 0.1, Sum: 3.0]
         [Processed Buffers: Min: 2, Avg: 3.5, Max: 6, Diff: 4, Sum: 35]
      [Scan RS (ms): Min: 0.0, Avg: 0.1, Max: 0.2, Diff: 0.1, Sum: 0.7]
      [Code Root Scanning (ms): Min: 0.0, Avg: 0.0, Max: 0.0, Diff: 0.0, Sum: 0.0]
      [Object Copy (ms): Min: 0.2, Avg: 0.3, Max: 0.4, Diff: 0.1, Sum: 3.3]
      [Termination (ms): Min: 0.0, Avg: 0.0, Max: 0.0, Diff: 0.0, Sum: 0.0]
         [Termination Attempts: Min: 1, Avg: 1.0, Max: 1, Diff: 0, Sum: 10]
      [GC Worker Other (ms): Min: 0.0, Avg: 0.0, Max: 0.1, Diff: 0.1, Sum: 0.5]
      [GC Worker Total (ms): Min: 1.6, Avg: 1.8, Max: 2.1, Diff: 0.5, Sum: 18.5]
      [GC Worker End (ms): Min: 209243.0, Avg: 209243.0, Max: 209243.1, Diff: 0.1]
   [Code Root Fixup: 0.0 ms]
   [Code Root Purge: 0.0 ms]
   [Clear CT: 1.1 ms]
   [Other: 3.1 ms]
      [Choose CSet: 0.0 ms]
      [Ref Proc: 1.4 ms]
      [Ref Enq: 0.0 ms]
      [Redirty Cards: 1.5 ms]
      [Humongous Register: 0.0 ms]
      [Humongous Reclaim: 0.0 ms]
      [Free CSet: 0.1 ms]
   [Eden: 152.0M(152.0M)->0.0B(152.0M) Survivors: 1024.0K->1024.0K Heap: 179.1M(256.0M)->27823.4K(256.0M)]
Heap after GC invocations=104 (full 0):
 garbage-first heap   total 262144K, used 27823K [0x00000000f0000000, 0x00000000f0100800, 0x0000000100000000)
  region size 1024K, 1 young (1024K), 1 survivors (1024K)
 Metaspace       used 52737K, capacity 55972K, committed 56192K, reserved 1097728K
  class space    used 6456K, capacity 7022K, committed 7040K, reserved 1048576K
}
 [Times: user=0.02 sys=0.01, real=0.01 secs] 
{Heap before GC invocations=104 (full 0):
 garbage-first heap   total 262144K, used 183471K [0x00000000f0000000, 0x00000000f0100800, 0x0000000100000000)
  region size 1024K, 153 young (156672K), 1 survivors (1024K)
 Metaspace       used 52738K, capacity 55972K, committed 56192K, reserved 1097728K
  class space    used 6456K, capacity 7022K, committed 7040K, reserved 1048576K
2023-10-03T06:48:22.458+0800: 210.321: [GC pause (G1 Evacuation Pause) (young), 0.0070428 secs]
   [Parallel Time: 2.9 ms, GC Workers: 10]
      [GC Worker Start (ms): Min: 210321.3, Avg: 210321.6, Max: 210321.8, Diff: 0.5]
      [Ext Root Scanning (ms): Min: 0.8, Avg: 1.0, Max: 1.6, Diff: 0.9, Sum: 10.4]
      [Update RS (ms): Min: 0.1, Avg: 0.3, Max: 0.6, Diff: 0.5, Sum: 3.4]
         [Processed Buffers: Min: 1, Avg: 3.5, Max: 6, Diff: 5, Sum: 35]
      [Scan RS (ms): Min: 0.0, Avg: 0.1, Max: 0.1, Diff: 0.1, Sum: 0.5]
      [Code Root Scanning (ms): Min: 0.0, Avg: 0.0, Max: 0.0, Diff: 0.0, Sum: 0.0]
      [Object Copy (ms): Min: 0.2, Avg: 0.3, Max: 0.4, Diff: 0.2, Sum: 3.0]
      [Termination (ms): Min: 0.0, Avg: 0.0, Max: 0.0, Diff: 0.0, Sum: 0.0]
         [Termination Attempts: Min: 1, Avg: 1.0, Max: 1, Diff: 0, Sum: 10]
      [GC Worker Other (ms): Min: 0.0, Avg: 0.1, Max: 0.2, Diff: 0.2, Sum: 0.5]
      [GC Worker Total (ms): Min: 1.6, Avg: 1.8, Max: 2.0, Diff: 0.5, Sum: 17.9]
      [GC Worker End (ms): Min: 210323.3, Avg: 210323.4, Max: 210323.5, Diff: 0.2]
   [Code Root Fixup: 0.0 ms]
   [Code Root Purge: 0.0 ms]
   [Clear CT: 1.1 ms]
   [Other: 3.0 ms]
      [Choose CSet: 0.0 ms]
      [Ref Proc: 1.3 ms]
      [Ref Enq: 0.0 ms]
      [Redirty Cards: 1.4 ms]
      [Humongous Register: 0.0 ms]
      [Humongous Reclaim: 0.0 ms]
      [Free CSet: 0.1 ms]
   [Eden: 152.0M(152.0M)->0.0B(152.0M) Survivors: 1024.0K->1024.0K Heap: 179.2M(256.0M)->27817.1K(256.0M)]
Heap after GC invocations=105 (full 0):
 garbage-first heap   total 262144K, used 27817K [0x00000000f0000000, 0x00000000f0100800, 0x0000000100000000)
  region size 1024K, 1 young (1024K), 1 survivors (1024K)
 Metaspace       used 52738K, capacity 55972K, committed 56192K, reserved 1097728K
  class space    used 6456K, capacity 7022K, committed 7040K, reserved 1048576K
}
 [Times: user=0.02 sys=0.00, real=0.01 secs] 
{Heap before GC invocations=105 (full 0):
 garbage-first heap   total 262144K, used 183465K [0x00000000f0000000, 0x00000000f0100800, 0x0000000100000000)
  region size 1024K, 153 young (156672K), 1 survivors (1024K)
 Metaspace       used 52738K, capacity 55972K, committed 56192K, reserved 1097728K
  class space    used 6456K, capacity 7022K, committed 7040K, reserved 1048576K
2023-10-03T06:48:23.530+0800: 211.393: [GC pause (G1 Evacuation Pause) (young), 0.0072770 secs]
   [Parallel Time: 2.8 ms, GC Workers: 10]
      [GC Worker Start (ms): Min: 211393.2, Avg: 211393.5, Max: 211393.7, Diff: 0.5]
      [Ext Root Scanning (ms): Min: 0.9, Avg: 1.1, Max: 1.5, Diff: 0.6, Sum: 11.2]
      [Update RS (ms): Min: 0.3, Avg: 0.3, Max: 0.4, Diff: 0.1, Sum: 3.0]
         [Processed Buffers: Min: 1, Avg: 3.5, Max: 7, Diff: 6, Sum: 35]
      [Scan RS (ms): Min: 0.0, Avg: 0.1, Max: 0.1, Diff: 0.1, Sum: 0.6]
      [Code Root Scanning (ms): Min: 0.0, Avg: 0.0, Max: 0.0, Diff: 0.0, Sum: 0.0]
      [Object Copy (ms): Min: 0.2, Avg: 0.3, Max: 0.4, Diff: 0.1, Sum: 3.1]
      [Termination (ms): Min: 0.0, Avg: 0.0, Max: 0.0, Diff: 0.0, Sum: 0.0]
         [Termination Attempts: Min: 1, Avg: 1.0, Max: 1, Diff: 0, Sum: 10]
      [GC Worker Other (ms): Min: 0.0, Avg: 0.0, Max: 0.1, Diff: 0.1, Sum: 0.5]
      [GC Worker Total (ms): Min: 1.6, Avg: 1.8, Max: 2.1, Diff: 0.5, Sum: 18.4]
      [GC Worker End (ms): Min: 211395.3, Avg: 211395.3, Max: 211395.4, Diff: 0.1]
   [Code Root Fixup: 0.0 ms]
   [Code Root Purge: 0.0 ms]
   [Clear CT: 1.4 ms]
   [Other: 3.0 ms]
      [Choose CSet: 0.0 ms]
      [Ref Proc: 1.5 ms]
      [Ref Enq: 0.0 ms]
      [Redirty Cards: 1.3 ms]
      [Humongous Register: 0.0 ms]
      [Humongous Reclaim: 0.0 ms]
      [Free CSet: 0.1 ms]
   [Eden: 152.0M(152.0M)->0.0B(152.0M) Survivors: 1024.0K->1024.0K Heap: 179.2M(256.0M)->27854.6K(256.0M)]
Heap after GC invocations=106 (full 0):
 garbage-first heap   total 262144K, used 27854K [0x00000000f0000000, 0x00000000f0100800, 0x0000000100000000)
  region size 1024K, 1 young (1024K), 1 survivors (1024K)
 Metaspace       used 52738K, capacity 55972K, committed 56192K, reserved 1097728K
  class space    used 6456K, capacity 7022K, committed 7040K, reserved 1048576K
}
 [Times: user=0.02 sys=0.01, real=0.00 secs] 
{Heap before GC invocations=106 (full 0):
 garbage-first heap   total 262144K, used 183502K [0x00000000f0000000, 0x00000000f0100800, 0x0000000100000000)
  region size 1024K, 153 young (156672K), 1 survivors (1024K)
 Metaspace       used 52742K, capacity 55972K, committed 56192K, reserved 1097728K
  class space    used 6456K, capacity 7022K, committed 7040K, reserved 1048576K
2023-10-03T06:48:24.599+0800: 212.462: [GC pause (G1 Evacuation Pause) (young), 0.0070895 secs]
   [Parallel Time: 2.8 ms, GC Workers: 10]
      [GC Worker Start (ms): Min: 212462.4, Avg: 212462.6, Max: 212462.8, Diff: 0.5]
      [Ext Root Scanning (ms): Min: 0.9, Avg: 1.2, Max: 1.5, Diff: 0.6, Sum: 11.5]
      [Update RS (ms): Min: 0.3, Avg: 0.3, Max: 0.4, Diff: 0.1, Sum: 3.0]
         [Processed Buffers: Min: 1, Avg: 3.7, Max: 8, Diff: 7, Sum: 37]
      [Scan RS (ms): Min: 0.0, Avg: 0.1, Max: 0.1, Diff: 0.1, Sum: 0.5]
      [Code Root Scanning (ms): Min: 0.0, Avg: 0.0, Max: 0.0, Diff: 0.0, Sum: 0.0]
      [Object Copy (ms): Min: 0.2, Avg: 0.3, Max: 0.4, Diff: 0.2, Sum: 3.3]
      [Termination (ms): Min: 0.0, Avg: 0.0, Max: 0.0, Diff: 0.0, Sum: 0.0]
         [Termination Attempts: Min: 1, Avg: 1.0, Max: 1, Diff: 0, Sum: 10]
      [GC Worker Other (ms): Min: 0.0, Avg: 0.0, Max: 0.1, Diff: 0.1, Sum: 0.5]
      [GC Worker Total (ms): Min: 1.7, Avg: 1.9, Max: 2.1, Diff: 0.5, Sum: 18.9]
      [GC Worker End (ms): Min: 212464.5, Avg: 212464.5, Max: 212464.6, Diff: 0.1]
   [Code Root Fixup: 0.0 ms]
   [Code Root Purge: 0.0 ms]
   [Clear CT: 1.3 ms]
   [Other: 2.9 ms]
      [Choose CSet: 0.0 ms]
      [Ref Proc: 1.4 ms]
      [Ref Enq: 0.0 ms]
      [Redirty Cards: 1.2 ms]
      [Humongous Register: 0.0 ms]
      [Humongous Reclaim: 0.0 ms]
      [Free CSet: 0.1 ms]
   [Eden: 152.0M(152.0M)->0.0B(152.0M) Survivors: 1024.0K->1024.0K Heap: 179.2M(256.0M)->27853.8K(256.0M)]
Heap after GC invocations=107 (full 0):
 garbage-first heap   total 262144K, used 27853K [0x00000000f0000000, 0x00000000f0100800, 0x0000000100000000)
  region size 1024K, 1 young (1024K), 1 survivors (1024K)
 Metaspace       used 52742K, capacity 55972K, committed 56192K, reserved 1097728K
  class space    used 6456K, capacity 7022K, committed 7040K, reserved 1048576K
}
 [Times: user=0.02 sys=0.00, real=0.01 secs] 
{Heap before GC invocations=107 (full 0):
 garbage-first heap   total 262144K, used 183501K [0x00000000f0000000, 0x00000000f0100800, 0x0000000100000000)
  region size 1024K, 153 young (156672K), 1 survivors (1024K)
 Metaspace       used 52745K, capacity 55972K, committed 56192K, reserved 1097728K
  class space    used 6456K, capacity 7022K, committed 7040K, reserved 1048576K
2023-10-03T06:48:25.664+0800: 213.528: [GC pause (G1 Evacuation Pause) (young), 0.0069726 secs]
   [Parallel Time: 2.8 ms, GC Workers: 10]
      [GC Worker Start (ms): Min: 213527.9, Avg: 213528.1, Max: 213528.3, Diff: 0.4]
      [Ext Root Scanning (ms): Min: 0.9, Avg: 1.1, Max: 1.5, Diff: 0.6, Sum: 10.7]
      [Update RS (ms): Min: 0.2, Avg: 0.3, Max: 0.4, Diff: 0.2, Sum: 3.2]
         [Processed Buffers: Min: 2, Avg: 3.6, Max: 8, Diff: 6, Sum: 36]
      [Scan RS (ms): Min: 0.0, Avg: 0.1, Max: 0.1, Diff: 0.1, Sum: 0.7]
      [Code Root Scanning (ms): Min: 0.0, Avg: 0.0, Max: 0.0, Diff: 0.0, Sum: 0.0]
      [Object Copy (ms): Min: 0.2, Avg: 0.3, Max: 0.4, Diff: 0.2, Sum: 3.3]
      [Termination (ms): Min: 0.0, Avg: 0.0, Max: 0.0, Diff: 0.0, Sum: 0.0]
         [Termination Attempts: Min: 1, Avg: 1.0, Max: 1, Diff: 0, Sum: 10]
      [GC Worker Other (ms): Min: 0.0, Avg: 0.0, Max: 0.1, Diff: 0.1, Sum: 0.4]
      [GC Worker Total (ms): Min: 1.6, Avg: 1.8, Max: 2.0, Diff: 0.4, Sum: 18.4]
      [GC Worker End (ms): Min: 213529.9, Avg: 213529.9, Max: 213530.0, Diff: 0.1]
   [Code Root Fixup: 0.0 ms]
   [Code Root Purge: 0.0 ms]
   [Clear CT: 1.3 ms]
   [Other: 2.9 ms]
      [Choose CSet: 0.0 ms]
      [Ref Proc: 1.2 ms]
      [Ref Enq: 0.0 ms]
      [Redirty Cards: 1.4 ms]
      [Humongous Register: 0.0 ms]
      [Humongous Reclaim: 0.0 ms]
      [Free CSet: 0.1 ms]
   [Eden: 152.0M(152.0M)->0.0B(152.0M) Survivors: 1024.0K->1024.0K Heap: 179.2M(256.0M)->27873.1K(256.0M)]
Heap after GC invocations=108 (full 0):
 garbage-first heap   total 262144K, used 27873K [0x00000000f0000000, 0x00000000f0100800, 0x0000000100000000)
  region size 1024K, 1 young (1024K), 1 survivors (1024K)
 Metaspace       used 52745K, capacity 55972K, committed 56192K, reserved 1097728K
  class space    used 6456K, capacity 7022K, committed 7040K, reserved 1048576K
}
 [Times: user=0.02 sys=0.00, real=0.01 secs] 
{Heap before GC invocations=108 (full 0):
 garbage-first heap   total 262144K, used 183521K [0x00000000f0000000, 0x00000000f0100800, 0x0000000100000000)
  region size 1024K, 153 young (156672K), 1 survivors (1024K)
 Metaspace       used 52745K, capacity 55972K, committed 56192K, reserved 1097728K
  class space    used 6456K, capacity 7022K, committed 7040K, reserved 1048576K
2023-10-03T06:48:26.764+0800: 214.627: [GC pause (G1 Evacuation Pause) (young), 0.0069505 secs]
   [Parallel Time: 2.6 ms, GC Workers: 10]
      [GC Worker Start (ms): Min: 214627.4, Avg: 214627.6, Max: 214627.9, Diff: 0.5]
      [Ext Root Scanning (ms): Min: 0.9, Avg: 1.1, Max: 1.5, Diff: 0.6, Sum: 10.5]
      [Update RS (ms): Min: 0.2, Avg: 0.3, Max: 0.4, Diff: 0.1, Sum: 2.9]
         [Processed Buffers: Min: 1, Avg: 3.6, Max: 6, Diff: 5, Sum: 36]
      [Scan RS (ms): Min: 0.0, Avg: 0.1, Max: 0.1, Diff: 0.1, Sum: 0.7]
      [Code Root Scanning (ms): Min: 0.0, Avg: 0.0, Max: 0.0, Diff: 0.0, Sum: 0.0]
      [Object Copy (ms): Min: 0.2, Avg: 0.3, Max: 0.4, Diff: 0.1, Sum: 3.1]
      [Termination (ms): Min: 0.0, Avg: 0.0, Max: 0.0, Diff: 0.0, Sum: 0.0]
         [Termination Attempts: Min: 1, Avg: 1.2, Max: 2, Diff: 1, Sum: 12]
      [GC Worker Other (ms): Min: 0.0, Avg: 0.0, Max: 0.1, Diff: 0.1, Sum: 0.3]
      [GC Worker Total (ms): Min: 1.5, Avg: 1.8, Max: 2.0, Diff: 0.5, Sum: 17.7]
      [GC Worker End (ms): Min: 214629.4, Avg: 214629.4, Max: 214629.5, Diff: 0.1]
   [Code Root Fixup: 0.0 ms]
   [Code Root Purge: 0.0 ms]
   [Clear CT: 1.4 ms]
   [Other: 2.9 ms]
      [Choose CSet: 0.0 ms]
      [Ref Proc: 1.3 ms]
      [Ref Enq: 0.0 ms]
      [Redirty Cards: 1.4 ms]
      [Humongous Register: 0.0 ms]
      [Humongous Reclaim: 0.0 ms]
      [Free CSet: 0.1 ms]
   [Eden: 152.0M(152.0M)->0.0B(152.0M) Survivors: 1024.0K->1024.0K Heap: 179.2M(256.0M)->27808.5K(256.0M)]
Heap after GC invocations=109 (full 0):
 garbage-first heap   total 262144K, used 27808K [0x00000000f0000000, 0x00000000f0100800, 0x0000000100000000)
  region size 1024K, 1 young (1024K), 1 survivors (1024K)
 Metaspace       used 52745K, capacity 55972K, committed 56192K, reserved 1097728K
  class space    used 6456K, capacity 7022K, committed 7040K, reserved 1048576K
}
 [Times: user=0.02 sys=0.00, real=0.01 secs] 
{Heap before GC invocations=109 (full 0):
 garbage-first heap   total 262144K, used 183456K [0x00000000f0000000, 0x00000000f0100800, 0x0000000100000000)
  region size 1024K, 153 young (156672K), 1 survivors (1024K)
 Metaspace       used 52746K, capacity 55972K, committed 56192K, reserved 1097728K
  class space    used 6456K, capacity 7022K, committed 7040K, reserved 1048576K
2023-10-03T06:48:27.810+0800: 215.674: [GC pause (G1 Evacuation Pause) (young), 0.0068813 secs]
   [Parallel Time: 2.8 ms, GC Workers: 10]
      [GC Worker Start (ms): Min: 215673.8, Avg: 215674.0, Max: 215674.3, Diff: 0.5]
      [Ext Root Scanning (ms): Min: 0.9, Avg: 1.1, Max: 1.5, Diff: 0.6, Sum: 11.2]
      [Update RS (ms): Min: 0.2, Avg: 0.3, Max: 0.4, Diff: 0.2, Sum: 2.9]
         [Processed Buffers: Min: 2, Avg: 3.6, Max: 5, Diff: 3, Sum: 36]
      [Scan RS (ms): Min: 0.0, Avg: 0.1, Max: 0.1, Diff: 0.1, Sum: 0.6]
      [Code Root Scanning (ms): Min: 0.0, Avg: 0.0, Max: 0.0, Diff: 0.0, Sum: 0.0]
      [Object Copy (ms): Min: 0.2, Avg: 0.3, Max: 0.4, Diff: 0.2, Sum: 3.2]
      [Termination (ms): Min: 0.0, Avg: 0.0, Max: 0.0, Diff: 0.0, Sum: 0.1]
         [Termination Attempts: Min: 1, Avg: 1.3, Max: 2, Diff: 1, Sum: 13]
      [GC Worker Other (ms): Min: 0.0, Avg: 0.0, Max: 0.1, Diff: 0.1, Sum: 0.4]
      [GC Worker Total (ms): Min: 1.6, Avg: 1.8, Max: 2.1, Diff: 0.5, Sum: 18.3]
      [GC Worker End (ms): Min: 215675.8, Avg: 215675.9, Max: 215675.9, Diff: 0.1]
   [Code Root Fixup: 0.0 ms]
   [Code Root Purge: 0.0 ms]
   [Clear CT: 1.1 ms]
   [Other: 3.0 ms]
      [Choose CSet: 0.0 ms]
      [Ref Proc: 1.4 ms]
      [Ref Enq: 0.0 ms]
      [Redirty Cards: 1.3 ms]
      [Humongous Register: 0.0 ms]
      [Humongous Reclaim: 0.0 ms]
      [Free CSet: 0.1 ms]
   [Eden: 152.0M(152.0M)->0.0B(152.0M) Survivors: 1024.0K->1024.0K Heap: 179.2M(256.0M)->27855.9K(256.0M)]
Heap after GC invocations=110 (full 0):
 garbage-first heap   total 262144K, used 27855K [0x00000000f0000000, 0x00000000f0100800, 0x0000000100000000)
  region size 1024K, 1 young (1024K), 1 survivors (1024K)
 Metaspace       used 52746K, capacity 55972K, committed 56192K, reserved 1097728K
  class space    used 6456K, capacity 7022K, committed 7040K, reserved 1048576K
}
 [Times: user=0.03 sys=0.00, real=0.00 secs] 
{Heap before GC invocations=110 (full 0):
 garbage-first heap   total 262144K, used 183503K [0x00000000f0000000, 0x00000000f0100800, 0x0000000100000000)
  region size 1024K, 153 young (156672K), 1 survivors (1024K)
 Metaspace       used 52746K, capacity 55972K, committed 56192K, reserved 1097728K
  class space    used 6456K, capacity 7022K, committed 7040K, reserved 1048576K
2023-10-03T06:48:28.866+0800: 216.729: [GC pause (G1 Evacuation Pause) (young), 0.0073248 secs]
   [Parallel Time: 2.7 ms, GC Workers: 10]
      [GC Worker Start (ms): Min: 216729.3, Avg: 216729.5, Max: 216729.8, Diff: 0.5]
      [Ext Root Scanning (ms): Min: 0.8, Avg: 1.1, Max: 1.5, Diff: 0.7, Sum: 10.7]
      [Update RS (ms): Min: 0.2, Avg: 0.3, Max: 0.4, Diff: 0.1, Sum: 2.9]
         [Processed Buffers: Min: 2, Avg: 3.7, Max: 6, Diff: 4, Sum: 37]
      [Scan RS (ms): Min: 0.0, Avg: 0.1, Max: 0.1, Diff: 0.1, Sum: 0.7]
      [Code Root Scanning (ms): Min: 0.0, Avg: 0.0, Max: 0.0, Diff: 0.0, Sum: 0.0]
      [Object Copy (ms): Min: 0.2, Avg: 0.2, Max: 0.3, Diff: 0.1, Sum: 2.4]
      [Termination (ms): Min: 0.0, Avg: 0.0, Max: 0.0, Diff: 0.0, Sum: 0.0]
         [Termination Attempts: Min: 1, Avg: 1.0, Max: 1, Diff: 0, Sum: 10]
      [GC Worker Other (ms): Min: 0.0, Avg: 0.0, Max: 0.1, Diff: 0.1, Sum: 0.4]
      [GC Worker Total (ms): Min: 1.4, Avg: 1.7, Max: 2.0, Diff: 0.6, Sum: 17.0]
      [GC Worker End (ms): Min: 216731.2, Avg: 216731.2, Max: 216731.3, Diff: 0.1]
   [Code Root Fixup: 0.0 ms]
   [Code Root Purge: 0.0 ms]
   [Clear CT: 1.9 ms]
   [Other: 2.7 ms]
      [Choose CSet: 0.0 ms]
      [Ref Proc: 1.1 ms]
      [Ref Enq: 0.0 ms]
      [Redirty Cards: 1.4 ms]
      [Humongous Register: 0.0 ms]
      [Humongous Reclaim: 0.0 ms]
      [Free CSet: 0.1 ms]
   [Eden: 152.0M(152.0M)->0.0B(152.0M) Survivors: 1024.0K->1024.0K Heap: 179.2M(256.0M)->27802.2K(256.0M)]
Heap after GC invocations=111 (full 0):
 garbage-first heap   total 262144K, used 27802K [0x00000000f0000000, 0x00000000f0100800, 0x0000000100000000)
  region size 1024K, 1 young (1024K), 1 survivors (1024K)
 Metaspace       used 52746K, capacity 55972K, committed 56192K, reserved 1097728K
  class space    used 6456K, capacity 7022K, committed 7040K, reserved 1048576K
}
 [Times: user=0.02 sys=0.01, real=0.01 secs] 
{Heap before GC invocations=111 (full 0):
 garbage-first heap   total 262144K, used 183450K [0x00000000f0000000, 0x00000000f0100800, 0x0000000100000000)
  region size 1024K, 153 young (156672K), 1 survivors (1024K)
 Metaspace       used 52747K, capacity 55972K, committed 56192K, reserved 1097728K
  class space    used 6456K, capacity 7022K, committed 7040K, reserved 1048576K
2023-10-03T06:48:29.935+0800: 217.798: [GC pause (G1 Evacuation Pause) (young), 0.0064473 secs]
   [Parallel Time: 2.7 ms, GC Workers: 10]
      [GC Worker Start (ms): Min: 217798.2, Avg: 217798.4, Max: 217798.7, Diff: 0.5]
      [Ext Root Scanning (ms): Min: 0.7, Avg: 1.0, Max: 1.5, Diff: 0.8, Sum: 10.2]
      [Update RS (ms): Min: 0.2, Avg: 0.3, Max: 0.4, Diff: 0.2, Sum: 3.0]
         [Processed Buffers: Min: 2, Avg: 3.6, Max: 6, Diff: 4, Sum: 36]
      [Scan RS (ms): Min: 0.0, Avg: 0.1, Max: 0.1, Diff: 0.0, Sum: 0.7]
      [Code Root Scanning (ms): Min: 0.0, Avg: 0.0, Max: 0.0, Diff: 0.0, Sum: 0.0]
      [Object Copy (ms): Min: 0.2, Avg: 0.3, Max: 0.3, Diff: 0.2, Sum: 2.5]
      [Termination (ms): Min: 0.0, Avg: 0.0, Max: 0.0, Diff: 0.0, Sum: 0.0]
         [Termination Attempts: Min: 1, Avg: 1.0, Max: 1, Diff: 0, Sum: 10]
      [GC Worker Other (ms): Min: 0.0, Avg: 0.0, Max: 0.1, Diff: 0.1, Sum: 0.4]
      [GC Worker Total (ms): Min: 1.4, Avg: 1.7, Max: 1.9, Diff: 0.5, Sum: 16.9]
      [GC Worker End (ms): Min: 217800.1, Avg: 217800.1, Max: 217800.2, Diff: 0.1]
   [Code Root Fixup: 0.0 ms]
   [Code Root Purge: 0.0 ms]
   [Clear CT: 1.1 ms]
   [Other: 2.6 ms]
      [Choose CSet: 0.0 ms]
      [Ref Proc: 1.0 ms]
      [Ref Enq: 0.0 ms]
      [Redirty Cards: 1.3 ms]
      [Humongous Register: 0.0 ms]
      [Humongous Reclaim: 0.0 ms]
      [Free CSet: 0.1 ms]
   [Eden: 152.0M(152.0M)->0.0B(152.0M) Survivors: 1024.0K->1024.0K Heap: 179.2M(256.0M)->27794.2K(256.0M)]
Heap after GC invocations=112 (full 0):
 garbage-first heap   total 262144K, used 27794K [0x00000000f0000000, 0x00000000f0100800, 0x0000000100000000)
  region size 1024K, 1 young (1024K), 1 survivors (1024K)
 Metaspace       used 52747K, capacity 55972K, committed 56192K, reserved 1097728K
  class space    used 6456K, capacity 7022K, committed 7040K, reserved 1048576K
}
 [Times: user=0.03 sys=0.00, real=0.01 secs] 
{Heap before GC invocations=112 (full 0):
 garbage-first heap   total 262144K, used 183442K [0x00000000f0000000, 0x00000000f0100800, 0x0000000100000000)
  region size 1024K, 153 young (156672K), 1 survivors (1024K)
 Metaspace       used 52747K, capacity 55972K, committed 56192K, reserved 1097728K
  class space    used 6456K, capacity 7022K, committed 7040K, reserved 1048576K
2023-10-03T06:48:30.990+0800: 218.853: [GC pause (G1 Evacuation Pause) (young), 0.0071395 secs]
   [Parallel Time: 2.7 ms, GC Workers: 10]
      [GC Worker Start (ms): Min: 218853.3, Avg: 218853.5, Max: 218853.8, Diff: 0.5]
      [Ext Root Scanning (ms): Min: 0.8, Avg: 1.1, Max: 1.5, Diff: 0.7, Sum: 10.8]
      [Update RS (ms): Min: 0.2, Avg: 0.3, Max: 0.4, Diff: 0.1, Sum: 3.0]
         [Processed Buffers: Min: 2, Avg: 3.6, Max: 5, Diff: 3, Sum: 36]
      [Scan RS (ms): Min: 0.0, Avg: 0.1, Max: 0.1, Diff: 0.1, Sum: 0.5]
      [Code Root Scanning (ms): Min: 0.0, Avg: 0.0, Max: 0.0, Diff: 0.0, Sum: 0.0]
      [Object Copy (ms): Min: 0.1, Avg: 0.3, Max: 0.4, Diff: 0.2, Sum: 3.1]
      [Termination (ms): Min: 0.0, Avg: 0.0, Max: 0.0, Diff: 0.0, Sum: 0.0]
         [Termination Attempts: Min: 1, Avg: 1.0, Max: 1, Diff: 0, Sum: 10]
      [GC Worker Other (ms): Min: 0.0, Avg: 0.0, Max: 0.1, Diff: 0.1, Sum: 0.4]
      [GC Worker Total (ms): Min: 1.5, Avg: 1.8, Max: 2.0, Diff: 0.5, Sum: 17.9]
      [GC Worker End (ms): Min: 218855.3, Avg: 218855.3, Max: 218855.4, Diff: 0.1]
   [Code Root Fixup: 0.0 ms]
   [Code Root Purge: 0.0 ms]
   [Clear CT: 1.8 ms]
   [Other: 2.6 ms]
      [Choose CSet: 0.0 ms]
      [Ref Proc: 1.1 ms]
      [Ref Enq: 0.0 ms]
      [Redirty Cards: 1.3 ms]
      [Humongous Register: 0.0 ms]
      [Humongous Reclaim: 0.0 ms]
      [Free CSet: 0.1 ms]
   [Eden: 152.0M(152.0M)->0.0B(152.0M) Survivors: 1024.0K->1024.0K Heap: 179.1M(256.0M)->27856.5K(256.0M)]
Heap after GC invocations=113 (full 0):
 garbage-first heap   total 262144K, used 27856K [0x00000000f0000000, 0x00000000f0100800, 0x0000000100000000)
  region size 1024K, 1 young (1024K), 1 survivors (1024K)
 Metaspace       used 52747K, capacity 55972K, committed 56192K, reserved 1097728K
  class space    used 6456K, capacity 7022K, committed 7040K, reserved 1048576K
}
 [Times: user=0.02 sys=0.00, real=0.00 secs] 
{Heap before GC invocations=113 (full 0):
 garbage-first heap   total 262144K, used 183504K [0x00000000f0000000, 0x00000000f0100800, 0x0000000100000000)
  region size 1024K, 153 young (156672K), 1 survivors (1024K)
 Metaspace       used 52747K, capacity 55972K, committed 56192K, reserved 1097728K
  class space    used 6456K, capacity 7022K, committed 7040K, reserved 1048576K
2023-10-03T06:48:32.028+0800: 219.891: [GC pause (G1 Evacuation Pause) (young), 0.0065964 secs]
   [Parallel Time: 2.4 ms, GC Workers: 10]
      [GC Worker Start (ms): Min: 219891.2, Avg: 219891.5, Max: 219891.7, Diff: 0.5]
      [Ext Root Scanning (ms): Min: 0.8, Avg: 1.1, Max: 1.4, Diff: 0.6, Sum: 10.6]
      [Update RS (ms): Min: 0.3, Avg: 0.3, Max: 0.4, Diff: 0.1, Sum: 3.4]
         [Processed Buffers: Min: 2, Avg: 3.6, Max: 5, Diff: 3, Sum: 36]
      [Scan RS (ms): Min: 0.0, Avg: 0.1, Max: 0.1, Diff: 0.1, Sum: 0.7]
      [Code Root Scanning (ms): Min: 0.0, Avg: 0.0, Max: 0.0, Diff: 0.0, Sum: 0.0]
      [Object Copy (ms): Min: 0.2, Avg: 0.3, Max: 0.4, Diff: 0.2, Sum: 3.0]
      [Termination (ms): Min: 0.0, Avg: 0.0, Max: 0.0, Diff: 0.0, Sum: 0.0]
         [Termination Attempts: Min: 1, Avg: 1.1, Max: 2, Diff: 1, Sum: 11]
      [GC Worker Other (ms): Min: 0.0, Avg: 0.0, Max: 0.1, Diff: 0.1, Sum: 0.4]
      [GC Worker Total (ms): Min: 1.6, Avg: 1.8, Max: 2.0, Diff: 0.4, Sum: 18.1]
      [GC Worker End (ms): Min: 219893.3, Avg: 219893.3, Max: 219893.3, Diff: 0.1]
   [Code Root Fixup: 0.0 ms]
   [Code Root Purge: 0.0 ms]
   [Clear CT: 1.3 ms]
   [Other: 2.9 ms]
      [Choose CSet: 0.0 ms]
      [Ref Proc: 1.4 ms]
      [Ref Enq: 0.0 ms]
      [Redirty Cards: 1.2 ms]
      [Humongous Register: 0.0 ms]
      [Humongous Reclaim: 0.0 ms]
      [Free CSet: 0.1 ms]
   [Eden: 152.0M(152.0M)->0.0B(152.0M) Survivors: 1024.0K->1024.0K Heap: 179.2M(256.0M)->27827.5K(256.0M)]
Heap after GC invocations=114 (full 0):
 garbage-first heap   total 262144K, used 27827K [0x00000000f0000000, 0x00000000f0100800, 0x0000000100000000)
  region size 1024K, 1 young (1024K), 1 survivors (1024K)
 Metaspace       used 52747K, capacity 55972K, committed 56192K, reserved 1097728K
  class space    used 6456K, capacity 7022K, committed 7040K, reserved 1048576K
}
 [Times: user=0.02 sys=0.00, real=0.01 secs] 
{Heap before GC invocations=114 (full 0):
 garbage-first heap   total 262144K, used 183475K [0x00000000f0000000, 0x00000000f0100800, 0x0000000100000000)
  region size 1024K, 153 young (156672K), 1 survivors (1024K)
 Metaspace       used 52747K, capacity 55972K, committed 56192K, reserved 1097728K
  class space    used 6456K, capacity 7022K, committed 7040K, reserved 1048576K
2023-10-03T06:48:33.054+0800: 220.917: [GC pause (G1 Evacuation Pause) (young), 0.0073850 secs]
   [Parallel Time: 2.6 ms, GC Workers: 10]
      [GC Worker Start (ms): Min: 220917.3, Avg: 220917.5, Max: 220917.7, Diff: 0.4]
      [Ext Root Scanning (ms): Min: 0.9, Avg: 1.1, Max: 1.5, Diff: 0.6, Sum: 10.7]
      [Update RS (ms): Min: 0.2, Avg: 0.3, Max: 0.4, Diff: 0.2, Sum: 3.0]
         [Processed Buffers: Min: 2, Avg: 3.6, Max: 5, Diff: 3, Sum: 36]
      [Scan RS (ms): Min: 0.0, Avg: 0.1, Max: 0.1, Diff: 0.1, Sum: 0.6]
      [Code Root Scanning (ms): Min: 0.0, Avg: 0.0, Max: 0.0, Diff: 0.0, Sum: 0.0]
      [Object Copy (ms): Min: 0.2, Avg: 0.3, Max: 0.4, Diff: 0.1, Sum: 3.1]
      [Termination (ms): Min: 0.0, Avg: 0.0, Max: 0.0, Diff: 0.0, Sum: 0.0]
         [Termination Attempts: Min: 1, Avg: 1.0, Max: 1, Diff: 0, Sum: 10]
      [GC Worker Other (ms): Min: 0.0, Avg: 0.0, Max: 0.1, Diff: 0.1, Sum: 0.4]
      [GC Worker Total (ms): Min: 1.6, Avg: 1.8, Max: 2.0, Diff: 0.4, Sum: 17.8]
      [GC Worker End (ms): Min: 220919.3, Avg: 220919.3, Max: 220919.4, Diff: 0.1]
   [Code Root Fixup: 0.0 ms]
   [Code Root Purge: 0.0 ms]
   [Clear CT: 1.8 ms]
   [Other: 3.0 ms]
      [Choose CSet: 0.0 ms]
      [Ref Proc: 1.3 ms]
      [Ref Enq: 0.0 ms]
      [Redirty Cards: 1.3 ms]
      [Humongous Register: 0.0 ms]
      [Humongous Reclaim: 0.0 ms]
      [Free CSet: 0.2 ms]
   [Eden: 152.0M(152.0M)->0.0B(152.0M) Survivors: 1024.0K->1024.0K Heap: 179.2M(256.0M)->27851.1K(256.0M)]
Heap after GC invocations=115 (full 0):
 garbage-first heap   total 262144K, used 27851K [0x00000000f0000000, 0x00000000f0100800, 0x0000000100000000)
  region size 1024K, 1 young (1024K), 1 survivors (1024K)
 Metaspace       used 52747K, capacity 55972K, committed 56192K, reserved 1097728K
  class space    used 6456K, capacity 7022K, committed 7040K, reserved 1048576K
}
 [Times: user=0.02 sys=0.01, real=0.01 secs] 
{Heap before GC invocations=115 (full 0):
 garbage-first heap   total 262144K, used 183499K [0x00000000f0000000, 0x00000000f0100800, 0x0000000100000000)
  region size 1024K, 153 young (156672K), 1 survivors (1024K)
 Metaspace       used 52747K, capacity 55972K, committed 56192K, reserved 1097728K
  class space    used 6456K, capacity 7022K, committed 7040K, reserved 1048576K
2023-10-03T06:48:34.113+0800: 221.977: [GC pause (G1 Evacuation Pause) (young), 0.0069603 secs]
   [Parallel Time: 2.8 ms, GC Workers: 10]
      [GC Worker Start (ms): Min: 221976.7, Avg: 221977.0, Max: 221977.2, Diff: 0.5]
      [Ext Root Scanning (ms): Min: 0.8, Avg: 1.1, Max: 1.6, Diff: 0.8, Sum: 10.9]
      [Update RS (ms): Min: 0.2, Avg: 0.3, Max: 0.4, Diff: 0.2, Sum: 3.2]
         [Processed Buffers: Min: 2, Avg: 3.8, Max: 5, Diff: 3, Sum: 38]
      [Scan RS (ms): Min: 0.0, Avg: 0.1, Max: 0.1, Diff: 0.1, Sum: 0.7]
      [Code Root Scanning (ms): Min: 0.0, Avg: 0.0, Max: 0.0, Diff: 0.0, Sum: 0.0]
      [Object Copy (ms): Min: 0.2, Avg: 0.4, Max: 0.4, Diff: 0.2, Sum: 3.6]
      [Termination (ms): Min: 0.0, Avg: 0.0, Max: 0.0, Diff: 0.0, Sum: 0.1]
         [Termination Attempts: Min: 1, Avg: 1.1, Max: 2, Diff: 1, Sum: 11]
      [GC Worker Other (ms): Min: 0.0, Avg: 0.0, Max: 0.2, Diff: 0.1, Sum: 0.5]
      [GC Worker Total (ms): Min: 1.6, Avg: 1.9, Max: 2.2, Diff: 0.5, Sum: 18.9]
      [GC Worker End (ms): Min: 221978.8, Avg: 221978.9, Max: 221979.0, Diff: 0.1]
   [Code Root Fixup: 0.0 ms]
   [Code Root Purge: 0.0 ms]
   [Clear CT: 1.3 ms]
   [Other: 2.8 ms]
      [Choose CSet: 0.0 ms]
      [Ref Proc: 1.4 ms]
      [Ref Enq: 0.0 ms]
      [Redirty Cards: 1.2 ms]
      [Humongous Register: 0.0 ms]
      [Humongous Reclaim: 0.0 ms]
      [Free CSet: 0.1 ms]
   [Eden: 152.0M(152.0M)->0.0B(152.0M) Survivors: 1024.0K->1024.0K Heap: 179.2M(256.0M)->27895.7K(256.0M)]
Heap after GC invocations=116 (full 0):
 garbage-first heap   total 262144K, used 27895K [0x00000000f0000000, 0x00000000f0100800, 0x0000000100000000)
  region size 1024K, 1 young (1024K), 1 survivors (1024K)
 Metaspace       used 52747K, capacity 55972K, committed 56192K, reserved 1097728K
  class space    used 6456K, capacity 7022K, committed 7040K, reserved 1048576K
}
 [Times: user=0.03 sys=0.00, real=0.01 secs] 
{Heap before GC invocations=116 (full 0):
 garbage-first heap   total 262144K, used 183543K [0x00000000f0000000, 0x00000000f0100800, 0x0000000100000000)
  region size 1024K, 153 young (156672K), 1 survivors (1024K)
 Metaspace       used 52748K, capacity 55972K, committed 56192K, reserved 1097728K
  class space    used 6456K, capacity 7022K, committed 7040K, reserved 1048576K
2023-10-03T06:48:35.172+0800: 223.035: [GC pause (G1 Evacuation Pause) (young), 0.0072462 secs]
   [Parallel Time: 2.7 ms, GC Workers: 10]
      [GC Worker Start (ms): Min: 223035.2, Avg: 223035.4, Max: 223035.6, Diff: 0.4]
      [Ext Root Scanning (ms): Min: 0.9, Avg: 1.1, Max: 1.5, Diff: 0.7, Sum: 11.0]
      [Update RS (ms): Min: 0.2, Avg: 0.3, Max: 0.4, Diff: 0.2, Sum: 3.3]
         [Processed Buffers: Min: 2, Avg: 3.6, Max: 6, Diff: 4, Sum: 36]
      [Scan RS (ms): Min: 0.0, Avg: 0.1, Max: 0.1, Diff: 0.1, Sum: 0.6]
      [Code Root Scanning (ms): Min: 0.0, Avg: 0.0, Max: 0.0, Diff: 0.0, Sum: 0.0]
      [Object Copy (ms): Min: 0.2, Avg: 0.3, Max: 0.4, Diff: 0.1, Sum: 3.2]
      [Termination (ms): Min: 0.0, Avg: 0.0, Max: 0.0, Diff: 0.0, Sum: 0.0]
         [Termination Attempts: Min: 1, Avg: 1.0, Max: 1, Diff: 0, Sum: 10]
      [GC Worker Other (ms): Min: 0.0, Avg: 0.1, Max: 0.2, Diff: 0.1, Sum: 0.5]
      [GC Worker Total (ms): Min: 1.7, Avg: 1.9, Max: 2.0, Diff: 0.4, Sum: 18.6]
      [GC Worker End (ms): Min: 223037.3, Avg: 223037.3, Max: 223037.4, Diff: 0.1]
   [Code Root Fixup: 0.0 ms]
   [Code Root Purge: 0.0 ms]
   [Clear CT: 1.5 ms]
   [Other: 3.0 ms]
      [Choose CSet: 0.0 ms]
      [Ref Proc: 1.3 ms]
      [Ref Enq: 0.0 ms]
      [Redirty Cards: 1.5 ms]
      [Humongous Register: 0.0 ms]
      [Humongous Reclaim: 0.0 ms]
      [Free CSet: 0.1 ms]
   [Eden: 152.0M(152.0M)->0.0B(152.0M) Survivors: 1024.0K->1024.0K Heap: 179.2M(256.0M)->27879.9K(256.0M)]
Heap after GC invocations=117 (full 0):
 garbage-first heap   total 262144K, used 27879K [0x00000000f0000000, 0x00000000f0100800, 0x0000000100000000)
  region size 1024K, 1 young (1024K), 1 survivors (1024K)
 Metaspace       used 52748K, capacity 55972K, committed 56192K, reserved 1097728K
  class space    used 6456K, capacity 7022K, committed 7040K, reserved 1048576K
}
 [Times: user=0.02 sys=0.00, real=0.00 secs] 
{Heap before GC invocations=117 (full 0):
 garbage-first heap   total 262144K, used 183527K [0x00000000f0000000, 0x00000000f0100800, 0x0000000100000000)
  region size 1024K, 153 young (156672K), 1 survivors (1024K)
 Metaspace       used 52748K, capacity 55972K, committed 56192K, reserved 1097728K
  class space    used 6456K, capacity 7022K, committed 7040K, reserved 1048576K
2023-10-03T06:48:36.204+0800: 224.067: [GC pause (G1 Evacuation Pause) (young), 0.0076338 secs]
   [Parallel Time: 3.0 ms, GC Workers: 10]
      [GC Worker Start (ms): Min: 224067.6, Avg: 224067.9, Max: 224068.1, Diff: 0.5]
      [Ext Root Scanning (ms): Min: 0.8, Avg: 1.0, Max: 1.5, Diff: 0.7, Sum: 10.4]
      [Update RS (ms): Min: 0.2, Avg: 0.3, Max: 0.4, Diff: 0.2, Sum: 3.1]
         [Processed Buffers: Min: 2, Avg: 3.6, Max: 6, Diff: 4, Sum: 36]
      [Scan RS (ms): Min: 0.0, Avg: 0.0, Max: 0.1, Diff: 0.1, Sum: 0.4]
      [Code Root Scanning (ms): Min: 0.0, Avg: 0.0, Max: 0.0, Diff: 0.0, Sum: 0.0]
      [Object Copy (ms): Min: 0.3, Avg: 0.4, Max: 0.5, Diff: 0.2, Sum: 3.9]
      [Termination (ms): Min: 0.0, Avg: 0.0, Max: 0.0, Diff: 0.0, Sum: 0.0]
         [Termination Attempts: Min: 1, Avg: 1.0, Max: 1, Diff: 0, Sum: 10]
      [GC Worker Other (ms): Min: 0.0, Avg: 0.1, Max: 0.2, Diff: 0.2, Sum: 0.6]
      [GC Worker Total (ms): Min: 1.6, Avg: 1.8, Max: 2.1, Diff: 0.4, Sum: 18.4]
      [GC Worker End (ms): Min: 224069.7, Avg: 224069.7, Max: 224069.8, Diff: 0.2]
   [Code Root Fixup: 0.0 ms]
   [Code Root Purge: 0.0 ms]
   [Clear CT: 1.6 ms]
   [Other: 3.0 ms]
      [Choose CSet: 0.0 ms]
      [Ref Proc: 1.3 ms]
      [Ref Enq: 0.0 ms]
      [Redirty Cards: 1.5 ms]
      [Humongous Register: 0.0 ms]
      [Humongous Reclaim: 0.0 ms]
      [Free CSet: 0.1 ms]
   [Eden: 152.0M(152.0M)->0.0B(152.0M) Survivors: 1024.0K->1024.0K Heap: 179.2M(256.0M)->27869.3K(256.0M)]
Heap after GC invocations=118 (full 0):
 garbage-first heap   total 262144K, used 27869K [0x00000000f0000000, 0x00000000f0100800, 0x0000000100000000)
  region size 1024K, 1 young (1024K), 1 survivors (1024K)
 Metaspace       used 52748K, capacity 55972K, committed 56192K, reserved 1097728K
  class space    used 6456K, capacity 7022K, committed 7040K, reserved 1048576K
}
 [Times: user=0.02 sys=0.00, real=0.01 secs] 
{Heap before GC invocations=118 (full 0):
 garbage-first heap   total 262144K, used 183517K [0x00000000f0000000, 0x00000000f0100800, 0x0000000100000000)
  region size 1024K, 153 young (156672K), 1 survivors (1024K)
 Metaspace       used 52748K, capacity 55972K, committed 56192K, reserved 1097728K
  class space    used 6456K, capacity 7022K, committed 7040K, reserved 1048576K
2023-10-03T06:48:37.272+0800: 225.135: [GC pause (G1 Evacuation Pause) (young), 0.0070102 secs]
   [Parallel Time: 2.8 ms, GC Workers: 10]
      [GC Worker Start (ms): Min: 225135.5, Avg: 225135.7, Max: 225135.9, Diff: 0.5]
      [Ext Root Scanning (ms): Min: 0.9, Avg: 1.1, Max: 1.8, Diff: 0.9, Sum: 11.3]
      [Update RS (ms): Min: 0.0, Avg: 0.3, Max: 0.5, Diff: 0.5, Sum: 3.1]
         [Processed Buffers: Min: 0, Avg: 3.6, Max: 6, Diff: 6, Sum: 36]
      [Scan RS (ms): Min: 0.0, Avg: 0.1, Max: 0.1, Diff: 0.1, Sum: 0.6]
      [Code Root Scanning (ms): Min: 0.0, Avg: 0.0, Max: 0.0, Diff: 0.0, Sum: 0.0]
      [Object Copy (ms): Min: 0.3, Avg: 0.4, Max: 0.5, Diff: 0.2, Sum: 3.8]
      [Termination (ms): Min: 0.0, Avg: 0.0, Max: 0.0, Diff: 0.0, Sum: 0.0]
         [Termination Attempts: Min: 1, Avg: 1.1, Max: 2, Diff: 1, Sum: 11]
      [GC Worker Other (ms): Min: 0.0, Avg: 0.0, Max: 0.1, Diff: 0.1, Sum: 0.5]
      [GC Worker Total (ms): Min: 1.7, Avg: 1.9, Max: 2.2, Diff: 0.4, Sum: 19.3]
      [GC Worker End (ms): Min: 225137.6, Avg: 225137.7, Max: 225137.8, Diff: 0.1]
   [Code Root Fixup: 0.0 ms]
   [Code Root Purge: 0.0 ms]
   [Clear CT: 1.4 ms]
   [Other: 2.8 ms]
      [Choose CSet: 0.0 ms]
      [Ref Proc: 1.2 ms]
      [Ref Enq: 0.0 ms]
      [Redirty Cards: 1.4 ms]
      [Humongous Register: 0.0 ms]
      [Humongous Reclaim: 0.0 ms]
      [Free CSet: 0.1 ms]
   [Eden: 152.0M(152.0M)->0.0B(152.0M) Survivors: 1024.0K->1024.0K Heap: 179.2M(256.0M)->27935.6K(256.0M)]
Heap after GC invocations=119 (full 0):
 garbage-first heap   total 262144K, used 27935K [0x00000000f0000000, 0x00000000f0100800, 0x0000000100000000)
  region size 1024K, 1 young (1024K), 1 survivors (1024K)
 Metaspace       used 52748K, capacity 55972K, committed 56192K, reserved 1097728K
  class space    used 6456K, capacity 7022K, committed 7040K, reserved 1048576K
}
 [Times: user=0.03 sys=0.00, real=0.00 secs] 
{Heap before GC invocations=119 (full 0):
 garbage-first heap   total 262144K, used 183583K [0x00000000f0000000, 0x00000000f0100800, 0x0000000100000000)
  region size 1024K, 153 young (156672K), 1 survivors (1024K)
 Metaspace       used 52748K, capacity 55972K, committed 56192K, reserved 1097728K
  class space    used 6456K, capacity 7022K, committed 7040K, reserved 1048576K
2023-10-03T06:48:38.372+0800: 226.235: [GC pause (G1 Evacuation Pause) (young), 0.0069252 secs]
   [Parallel Time: 2.8 ms, GC Workers: 10]
      [GC Worker Start (ms): Min: 226235.3, Avg: 226235.5, Max: 226235.7, Diff: 0.4]
      [Ext Root Scanning (ms): Min: 0.9, Avg: 1.1, Max: 1.5, Diff: 0.6, Sum: 11.0]
      [Update RS (ms): Min: 0.2, Avg: 0.3, Max: 0.5, Diff: 0.3, Sum: 3.1]
         [Processed Buffers: Min: 2, Avg: 3.5, Max: 5, Diff: 3, Sum: 35]
      [Scan RS (ms): Min: 0.0, Avg: 0.1, Max: 0.1, Diff: 0.1, Sum: 0.6]
      [Code Root Scanning (ms): Min: 0.0, Avg: 0.0, Max: 0.0, Diff: 0.0, Sum: 0.0]
      [Object Copy (ms): Min: 0.2, Avg: 0.3, Max: 0.4, Diff: 0.3, Sum: 3.2]
      [Termination (ms): Min: 0.0, Avg: 0.0, Max: 0.0, Diff: 0.0, Sum: 0.0]
         [Termination Attempts: Min: 1, Avg: 1.1, Max: 2, Diff: 1, Sum: 11]
      [GC Worker Other (ms): Min: 0.0, Avg: 0.1, Max: 0.2, Diff: 0.2, Sum: 0.8]
      [GC Worker Total (ms): Min: 1.6, Avg: 1.9, Max: 2.2, Diff: 0.6, Sum: 18.7]
      [GC Worker End (ms): Min: 226237.3, Avg: 226237.4, Max: 226237.5, Diff: 0.2]
   [Code Root Fixup: 0.0 ms]
   [Code Root Purge: 0.0 ms]
   [Clear CT: 1.2 ms]
   [Other: 2.9 ms]
      [Choose CSet: 0.0 ms]
      [Ref Proc: 1.3 ms]
      [Ref Enq: 0.0 ms]
      [Redirty Cards: 1.4 ms]
      [Humongous Register: 0.0 ms]
      [Humongous Reclaim: 0.0 ms]
      [Free CSet: 0.1 ms]
   [Eden: 152.0M(152.0M)->0.0B(152.0M) Survivors: 1024.0K->1024.0K Heap: 179.3M(256.0M)->27840.0K(256.0M)]
Heap after GC invocations=120 (full 0):
 garbage-first heap   total 262144K, used 27840K [0x00000000f0000000, 0x00000000f0100800, 0x0000000100000000)
  region size 1024K, 1 young (1024K), 1 survivors (1024K)
 Metaspace       used 52748K, capacity 55972K, committed 56192K, reserved 1097728K
  class space    used 6456K, capacity 7022K, committed 7040K, reserved 1048576K
}
 [Times: user=0.03 sys=0.00, real=0.00 secs] 
{Heap before GC invocations=120 (full 0):
 garbage-first heap   total 262144K, used 183488K [0x00000000f0000000, 0x00000000f0100800, 0x0000000100000000)
  region size 1024K, 153 young (156672K), 1 survivors (1024K)
 Metaspace       used 52748K, capacity 55972K, committed 56192K, reserved 1097728K
  class space    used 6456K, capacity 7022K, committed 7040K, reserved 1048576K
2023-10-03T06:48:39.388+0800: 227.251: [GC pause (G1 Evacuation Pause) (young), 0.0065271 secs]
   [Parallel Time: 3.0 ms, GC Workers: 10]
      [GC Worker Start (ms): Min: 227251.0, Avg: 227251.2, Max: 227251.4, Diff: 0.4]
      [Ext Root Scanning (ms): Min: 0.9, Avg: 1.1, Max: 1.5, Diff: 0.6, Sum: 10.9]
      [Update RS (ms): Min: 0.2, Avg: 0.3, Max: 0.4, Diff: 0.2, Sum: 3.1]
         [Processed Buffers: Min: 2, Avg: 3.7, Max: 5, Diff: 3, Sum: 37]
      [Scan RS (ms): Min: 0.0, Avg: 0.1, Max: 0.1, Diff: 0.1, Sum: 0.6]
      [Code Root Scanning (ms): Min: 0.0, Avg: 0.0, Max: 0.0, Diff: 0.0, Sum: 0.0]
      [Object Copy (ms): Min: 0.3, Avg: 0.4, Max: 0.5, Diff: 0.2, Sum: 4.0]
      [Termination (ms): Min: 0.0, Avg: 0.0, Max: 0.0, Diff: 0.0, Sum: 0.0]
         [Termination Attempts: Min: 1, Avg: 1.0, Max: 1, Diff: 0, Sum: 10]
      [GC Worker Other (ms): Min: 0.0, Avg: 0.1, Max: 0.2, Diff: 0.2, Sum: 0.6]
      [GC Worker Total (ms): Min: 1.7, Avg: 1.9, Max: 2.2, Diff: 0.5, Sum: 19.4]
      [GC Worker End (ms): Min: 227253.1, Avg: 227253.2, Max: 227253.3, Diff: 0.2]
   [Code Root Fixup: 0.0 ms]
   [Code Root Purge: 0.0 ms]
   [Clear CT: 1.1 ms]
   [Other: 2.4 ms]
      [Choose CSet: 0.0 ms]
      [Ref Proc: 1.0 ms]
      [Ref Enq: 0.0 ms]
      [Redirty Cards: 1.1 ms]
      [Humongous Register: 0.0 ms]
      [Humongous Reclaim: 0.0 ms]
      [Free CSet: 0.1 ms]
   [Eden: 152.0M(152.0M)->0.0B(152.0M) Survivors: 1024.0K->1024.0K Heap: 179.2M(256.0M)->27935.6K(256.0M)]
Heap after GC invocations=121 (full 0):
 garbage-first heap   total 262144K, used 27935K [0x00000000f0000000, 0x00000000f0100800, 0x0000000100000000)
  region size 1024K, 1 young (1024K), 1 survivors (1024K)
 Metaspace       used 52748K, capacity 55972K, committed 56192K, reserved 1097728K
  class space    used 6456K, capacity 7022K, committed 7040K, reserved 1048576K
}
 [Times: user=0.03 sys=0.00, real=0.01 secs] 
{Heap before GC invocations=121 (full 0):
 garbage-first heap   total 262144K, used 183583K [0x00000000f0000000, 0x00000000f0100800, 0x0000000100000000)
  region size 1024K, 153 young (156672K), 1 survivors (1024K)
 Metaspace       used 52748K, capacity 55972K, committed 56192K, reserved 1097728K
  class space    used 6456K, capacity 7022K, committed 7040K, reserved 1048576K
2023-10-03T06:48:40.452+0800: 228.316: [GC pause (G1 Evacuation Pause) (young), 0.0072983 secs]
   [Parallel Time: 2.9 ms, GC Workers: 10]
      [GC Worker Start (ms): Min: 228315.7, Avg: 228315.9, Max: 228316.1, Diff: 0.4]
      [Ext Root Scanning (ms): Min: 0.9, Avg: 1.1, Max: 1.6, Diff: 0.7, Sum: 11.4]
      [Update RS (ms): Min: 0.2, Avg: 0.3, Max: 0.5, Diff: 0.3, Sum: 3.1]
         [Processed Buffers: Min: 2, Avg: 3.5, Max: 6, Diff: 4, Sum: 35]
      [Scan RS (ms): Min: 0.0, Avg: 0.1, Max: 0.1, Diff: 0.1, Sum: 0.5]
      [Code Root Scanning (ms): Min: 0.0, Avg: 0.0, Max: 0.0, Diff: 0.0, Sum: 0.0]
      [Object Copy (ms): Min: 0.3, Avg: 0.4, Max: 0.6, Diff: 0.3, Sum: 4.4]
      [Termination (ms): Min: 0.0, Avg: 0.0, Max: 0.0, Diff: 0.0, Sum: 0.0]
         [Termination Attempts: Min: 1, Avg: 1.0, Max: 1, Diff: 0, Sum: 10]
      [GC Worker Other (ms): Min: 0.0, Avg: 0.0, Max: 0.1, Diff: 0.1, Sum: 0.4]
      [GC Worker Total (ms): Min: 1.8, Avg: 2.0, Max: 2.2, Diff: 0.4, Sum: 19.9]
      [GC Worker End (ms): Min: 228317.8, Avg: 228317.9, Max: 228318.0, Diff: 0.1]
   [Code Root Fixup: 0.0 ms]
   [Code Root Purge: 0.0 ms]
   [Clear CT: 1.9 ms]
   [Other: 2.5 ms]
      [Choose CSet: 0.0 ms]
      [Ref Proc: 0.8 ms]
      [Ref Enq: 0.0 ms]
      [Redirty Cards: 1.5 ms]
      [Humongous Register: 0.0 ms]
      [Humongous Reclaim: 0.0 ms]
      [Free CSet: 0.1 ms]
   [Eden: 152.0M(152.0M)->0.0B(152.0M) Survivors: 1024.0K->1024.0K Heap: 179.3M(256.0M)->27944.3K(256.0M)]
Heap after GC invocations=122 (full 0):
 garbage-first heap   total 262144K, used 27944K [0x00000000f0000000, 0x00000000f0100800, 0x0000000100000000)
  region size 1024K, 1 young (1024K), 1 survivors (1024K)
 Metaspace       used 52748K, capacity 55972K, committed 56192K, reserved 1097728K
  class space    used 6456K, capacity 7022K, committed 7040K, reserved 1048576K
}
 [Times: user=0.03 sys=0.00, real=0.01 secs] 
{Heap before GC invocations=122 (full 0):
 garbage-first heap   total 262144K, used 183592K [0x00000000f0000000, 0x00000000f0100800, 0x0000000100000000)
  region size 1024K, 153 young (156672K), 1 survivors (1024K)
 Metaspace       used 52748K, capacity 55972K, committed 56192K, reserved 1097728K
  class space    used 6456K, capacity 7022K, committed 7040K, reserved 1048576K
2023-10-03T06:48:41.499+0800: 229.363: [GC pause (G1 Evacuation Pause) (young), 0.0049241 secs]
   [Parallel Time: 2.1 ms, GC Workers: 10]
      [GC Worker Start (ms): Min: 229362.7, Avg: 229362.9, Max: 229363.0, Diff: 0.3]
      [Ext Root Scanning (ms): Min: 0.6, Avg: 0.8, Max: 1.3, Diff: 0.7, Sum: 8.0]
      [Update RS (ms): Min: 0.0, Avg: 0.2, Max: 0.3, Diff: 0.3, Sum: 2.1]
         [Processed Buffers: Min: 0, Avg: 3.6, Max: 7, Diff: 7, Sum: 36]
      [Scan RS (ms): Min: 0.0, Avg: 0.0, Max: 0.1, Diff: 0.1, Sum: 0.5]
      [Code Root Scanning (ms): Min: 0.0, Avg: 0.0, Max: 0.0, Diff: 0.0, Sum: 0.0]
      [Object Copy (ms): Min: 0.2, Avg: 0.3, Max: 0.4, Diff: 0.2, Sum: 2.9]
      [Termination (ms): Min: 0.0, Avg: 0.0, Max: 0.0, Diff: 0.0, Sum: 0.0]
         [Termination Attempts: Min: 1, Avg: 1.0, Max: 1, Diff: 0, Sum: 10]
      [GC Worker Other (ms): Min: 0.0, Avg: 0.1, Max: 0.2, Diff: 0.1, Sum: 0.5]
      [GC Worker Total (ms): Min: 1.2, Avg: 1.4, Max: 1.7, Diff: 0.4, Sum: 14.1]
      [GC Worker End (ms): Min: 229364.3, Avg: 229364.3, Max: 229364.4, Diff: 0.1]
   [Code Root Fixup: 0.0 ms]
   [Code Root Purge: 0.0 ms]
   [Clear CT: 0.9 ms]
   [Other: 1.9 ms]
      [Choose CSet: 0.0 ms]
      [Ref Proc: 0.8 ms]
      [Ref Enq: 0.0 ms]
      [Redirty Cards: 0.9 ms]
      [Humongous Register: 0.0 ms]
      [Humongous Reclaim: 0.0 ms]
      [Free CSet: 0.1 ms]
   [Eden: 152.0M(152.0M)->0.0B(152.0M) Survivors: 1024.0K->1024.0K Heap: 179.3M(256.0M)->27864.8K(256.0M)]
Heap after GC invocations=123 (full 0):
 garbage-first heap   total 262144K, used 27864K [0x00000000f0000000, 0x00000000f0100800, 0x0000000100000000)
  region size 1024K, 1 young (1024K), 1 survivors (1024K)
 Metaspace       used 52748K, capacity 55972K, committed 56192K, reserved 1097728K
  class space    used 6456K, capacity 7022K, committed 7040K, reserved 1048576K
}
 [Times: user=0.02 sys=0.00, real=0.01 secs] 
{Heap before GC invocations=123 (full 0):
 garbage-first heap   total 262144K, used 183512K [0x00000000f0000000, 0x00000000f0100800, 0x0000000100000000)
  region size 1024K, 153 young (156672K), 1 survivors (1024K)
 Metaspace       used 52748K, capacity 55972K, committed 56192K, reserved 1097728K
  class space    used 6456K, capacity 7022K, committed 7040K, reserved 1048576K
2023-10-03T06:48:42.573+0800: 230.437: [GC pause (G1 Evacuation Pause) (young), 0.0065353 secs]
   [Parallel Time: 2.7 ms, GC Workers: 10]
      [GC Worker Start (ms): Min: 230436.8, Avg: 230437.1, Max: 230437.3, Diff: 0.5]
      [Ext Root Scanning (ms): Min: 0.9, Avg: 1.1, Max: 1.5, Diff: 0.6, Sum: 11.2]
      [Update RS (ms): Min: 0.2, Avg: 0.3, Max: 0.4, Diff: 0.2, Sum: 3.0]
         [Processed Buffers: Min: 2, Avg: 3.5, Max: 5, Diff: 3, Sum: 35]
      [Scan RS (ms): Min: 0.0, Avg: 0.0, Max: 0.1, Diff: 0.1, Sum: 0.5]
      [Code Root Scanning (ms): Min: 0.0, Avg: 0.0, Max: 0.0, Diff: 0.0, Sum: 0.0]
      [Object Copy (ms): Min: 0.2, Avg: 0.3, Max: 0.4, Diff: 0.2, Sum: 3.2]
      [Termination (ms): Min: 0.0, Avg: 0.0, Max: 0.0, Diff: 0.0, Sum: 0.0]
         [Termination Attempts: Min: 1, Avg: 1.2, Max: 2, Diff: 1, Sum: 12]
      [GC Worker Other (ms): Min: 0.0, Avg: 0.1, Max: 0.2, Diff: 0.2, Sum: 0.7]
      [GC Worker Total (ms): Min: 1.6, Avg: 1.9, Max: 2.1, Diff: 0.5, Sum: 18.6]
      [GC Worker End (ms): Min: 230438.9, Avg: 230438.9, Max: 230439.1, Diff: 0.2]
   [Code Root Fixup: 0.0 ms]
   [Code Root Purge: 0.0 ms]
   [Clear CT: 1.2 ms]
   [Other: 2.5 ms]
      [Choose CSet: 0.0 ms]
      [Ref Proc: 1.1 ms]
      [Ref Enq: 0.0 ms]
      [Redirty Cards: 1.2 ms]
      [Humongous Register: 0.0 ms]
      [Humongous Reclaim: 0.0 ms]
      [Free CSet: 0.1 ms]
   [Eden: 152.0M(152.0M)->0.0B(152.0M) Survivors: 1024.0K->1024.0K Heap: 179.2M(256.0M)->27889.5K(256.0M)]
Heap after GC invocations=124 (full 0):
 garbage-first heap   total 262144K, used 27889K [0x00000000f0000000, 0x00000000f0100800, 0x0000000100000000)
  region size 1024K, 1 young (1024K), 1 survivors (1024K)
 Metaspace       used 52748K, capacity 55972K, committed 56192K, reserved 1097728K
  class space    used 6456K, capacity 7022K, committed 7040K, reserved 1048576K
}
 [Times: user=0.02 sys=0.01, real=0.01 secs] 
{Heap before GC invocations=124 (full 0):
 garbage-first heap   total 262144K, used 183537K [0x00000000f0000000, 0x00000000f0100800, 0x0000000100000000)
  region size 1024K, 153 young (156672K), 1 survivors (1024K)
 Metaspace       used 52768K, capacity 56008K, committed 56192K, reserved 1097728K
  class space    used 6460K, capacity 7028K, committed 7040K, reserved 1048576K
2023-10-03T06:48:43.617+0800: 231.481: [GC pause (G1 Evacuation Pause) (young), 0.0068724 secs]
   [Parallel Time: 2.8 ms, GC Workers: 10]
      [GC Worker Start (ms): Min: 231480.7, Avg: 231480.9, Max: 231481.2, Diff: 0.5]
      [Ext Root Scanning (ms): Min: 0.9, Avg: 1.1, Max: 1.6, Diff: 0.7, Sum: 11.4]
      [Update RS (ms): Min: 0.1, Avg: 0.3, Max: 0.4, Diff: 0.3, Sum: 3.2]
         [Processed Buffers: Min: 1, Avg: 3.6, Max: 7, Diff: 6, Sum: 36]
      [Scan RS (ms): Min: 0.0, Avg: 0.1, Max: 0.1, Diff: 0.1, Sum: 0.6]
      [Code Root Scanning (ms): Min: 0.0, Avg: 0.0, Max: 0.0, Diff: 0.0, Sum: 0.0]
      [Object Copy (ms): Min: 0.2, Avg: 0.3, Max: 0.4, Diff: 0.1, Sum: 3.3]
      [Termination (ms): Min: 0.0, Avg: 0.0, Max: 0.0, Diff: 0.0, Sum: 0.0]
         [Termination Attempts: Min: 1, Avg: 1.0, Max: 1, Diff: 0, Sum: 10]
      [GC Worker Other (ms): Min: 0.0, Avg: 0.0, Max: 0.1, Diff: 0.1, Sum: 0.5]
      [GC Worker Total (ms): Min: 1.6, Avg: 1.9, Max: 2.1, Diff: 0.5, Sum: 19.0]
      [GC Worker End (ms): Min: 231482.8, Avg: 231482.8, Max: 231482.9, Diff: 0.1]
   [Code Root Fixup: 0.0 ms]
   [Code Root Purge: 0.0 ms]
   [Clear CT: 1.5 ms]
   [Other: 2.6 ms]
      [Choose CSet: 0.0 ms]
      [Ref Proc: 1.1 ms]
      [Ref Enq: 0.0 ms]
      [Redirty Cards: 1.2 ms]
      [Humongous Register: 0.0 ms]
      [Humongous Reclaim: 0.0 ms]
      [Free CSet: 0.1 ms]
   [Eden: 152.0M(152.0M)->0.0B(152.0M) Survivors: 1024.0K->1024.0K Heap: 179.2M(256.0M)->27956.7K(256.0M)]
Heap after GC invocations=125 (full 0):
 garbage-first heap   total 262144K, used 27956K [0x00000000f0000000, 0x00000000f0100800, 0x0000000100000000)
  region size 1024K, 1 young (1024K), 1 survivors (1024K)
 Metaspace       used 52768K, capacity 56008K, committed 56192K, reserved 1097728K
  class space    used 6460K, capacity 7028K, committed 7040K, reserved 1048576K
}
 [Times: user=0.02 sys=0.01, real=0.01 secs] 
{Heap before GC invocations=125 (full 0):
 garbage-first heap   total 262144K, used 183604K [0x00000000f0000000, 0x00000000f0100800, 0x0000000100000000)
  region size 1024K, 153 young (156672K), 1 survivors (1024K)
 Metaspace       used 52768K, capacity 56008K, committed 56192K, reserved 1097728K
  class space    used 6460K, capacity 7028K, committed 7040K, reserved 1048576K
2023-10-03T06:48:44.650+0800: 232.513: [GC pause (G1 Evacuation Pause) (young), 0.0075476 secs]
   [Parallel Time: 2.8 ms, GC Workers: 10]
      [GC Worker Start (ms): Min: 232513.5, Avg: 232513.7, Max: 232514.0, Diff: 0.5]
      [Ext Root Scanning (ms): Min: 0.9, Avg: 1.1, Max: 1.5, Diff: 0.6, Sum: 11.1]
      [Update RS (ms): Min: 0.3, Avg: 0.3, Max: 0.3, Diff: 0.1, Sum: 3.2]
         [Processed Buffers: Min: 2, Avg: 3.7, Max: 6, Diff: 4, Sum: 37]
      [Scan RS (ms): Min: 0.0, Avg: 0.1, Max: 0.1, Diff: 0.1, Sum: 0.6]
      [Code Root Scanning (ms): Min: 0.0, Avg: 0.0, Max: 0.0, Diff: 0.0, Sum: 0.0]
      [Object Copy (ms): Min: 0.2, Avg: 0.3, Max: 0.5, Diff: 0.2, Sum: 3.3]
      [Termination (ms): Min: 0.0, Avg: 0.0, Max: 0.0, Diff: 0.0, Sum: 0.0]
         [Termination Attempts: Min: 1, Avg: 1.1, Max: 2, Diff: 1, Sum: 11]
      [GC Worker Other (ms): Min: 0.0, Avg: 0.0, Max: 0.1, Diff: 0.1, Sum: 0.5]
      [GC Worker Total (ms): Min: 1.6, Avg: 1.9, Max: 2.1, Diff: 0.5, Sum: 18.8]
      [GC Worker End (ms): Min: 232515.6, Avg: 232515.6, Max: 232515.7, Diff: 0.1]
   [Code Root Fixup: 0.0 ms]
   [Code Root Purge: 0.0 ms]
   [Clear CT: 1.4 ms]
   [Other: 3.3 ms]
      [Choose CSet: 0.0 ms]
      [Ref Proc: 1.7 ms]
      [Ref Enq: 0.0 ms]
      [Redirty Cards: 1.4 ms]
      [Humongous Register: 0.0 ms]
      [Humongous Reclaim: 0.0 ms]
      [Free CSet: 0.1 ms]
   [Eden: 152.0M(152.0M)->0.0B(152.0M) Survivors: 1024.0K->1024.0K Heap: 179.3M(256.0M)->27912.8K(256.0M)]
Heap after GC invocations=126 (full 0):
 garbage-first heap   total 262144K, used 27912K [0x00000000f0000000, 0x00000000f0100800, 0x0000000100000000)
  region size 1024K, 1 young (1024K), 1 survivors (1024K)
 Metaspace       used 52768K, capacity 56008K, committed 56192K, reserved 1097728K
  class space    used 6460K, capacity 7028K, committed 7040K, reserved 1048576K
}
 [Times: user=0.02 sys=0.01, real=0.00 secs] 
{Heap before GC invocations=126 (full 0):
 garbage-first heap   total 262144K, used 183560K [0x00000000f0000000, 0x00000000f0100800, 0x0000000100000000)
  region size 1024K, 153 young (156672K), 1 survivors (1024K)
 Metaspace       used 52768K, capacity 56008K, committed 56192K, reserved 1097728K
  class space    used 6460K, capacity 7028K, committed 7040K, reserved 1048576K
2023-10-03T06:48:45.741+0800: 233.604: [GC pause (G1 Evacuation Pause) (young), 0.0054026 secs]
   [Parallel Time: 2.2 ms, GC Workers: 10]
      [GC Worker Start (ms): Min: 233604.2, Avg: 233604.4, Max: 233604.6, Diff: 0.4]
      [Ext Root Scanning (ms): Min: 0.7, Avg: 0.9, Max: 1.3, Diff: 0.6, Sum: 8.6]
      [Update RS (ms): Min: 0.1, Avg: 0.2, Max: 0.3, Diff: 0.2, Sum: 2.3]
         [Processed Buffers: Min: 2, Avg: 3.5, Max: 8, Diff: 6, Sum: 35]
      [Scan RS (ms): Min: 0.0, Avg: 0.0, Max: 0.1, Diff: 0.1, Sum: 0.4]
      [Code Root Scanning (ms): Min: 0.0, Avg: 0.0, Max: 0.0, Diff: 0.0, Sum: 0.0]
      [Object Copy (ms): Min: 0.2, Avg: 0.3, Max: 0.3, Diff: 0.1, Sum: 2.9]
      [Termination (ms): Min: 0.0, Avg: 0.0, Max: 0.0, Diff: 0.0, Sum: 0.0]
         [Termination Attempts: Min: 1, Avg: 1.2, Max: 2, Diff: 1, Sum: 12]
      [GC Worker Other (ms): Min: 0.0, Avg: 0.0, Max: 0.1, Diff: 0.1, Sum: 0.4]
      [GC Worker Total (ms): Min: 1.3, Avg: 1.5, Max: 1.7, Diff: 0.4, Sum: 14.6]
      [GC Worker End (ms): Min: 233605.9, Avg: 233605.9, Max: 233606.0, Diff: 0.1]
   [Code Root Fixup: 0.0 ms]
   [Code Root Purge: 0.0 ms]
   [Clear CT: 0.9 ms]
   [Other: 2.3 ms]
      [Choose CSet: 0.0 ms]
      [Ref Proc: 1.2 ms]
      [Ref Enq: 0.0 ms]
      [Redirty Cards: 0.9 ms]
      [Humongous Register: 0.0 ms]
      [Humongous Reclaim: 0.0 ms]
      [Free CSet: 0.1 ms]
   [Eden: 152.0M(152.0M)->0.0B(152.0M) Survivors: 1024.0K->1024.0K Heap: 179.3M(256.0M)->28005.3K(256.0M)]
Heap after GC invocations=127 (full 0):
 garbage-first heap   total 262144K, used 28005K [0x00000000f0000000, 0x00000000f0100800, 0x0000000100000000)
  region size 1024K, 1 young (1024K), 1 survivors (1024K)
 Metaspace       used 52768K, capacity 56008K, committed 56192K, reserved 1097728K
  class space    used 6460K, capacity 7028K, committed 7040K, reserved 1048576K
}
 [Times: user=0.02 sys=0.01, real=0.00 secs] 
{Heap before GC invocations=127 (full 0):
 garbage-first heap   total 262144K, used 183653K [0x00000000f0000000, 0x00000000f0100800, 0x0000000100000000)
  region size 1024K, 153 young (156672K), 1 survivors (1024K)
 Metaspace       used 52768K, capacity 56008K, committed 56192K, reserved 1097728K
  class space    used 6460K, capacity 7028K, committed 7040K, reserved 1048576K
2023-10-03T06:48:46.776+0800: 234.639: [GC pause (G1 Evacuation Pause) (young), 0.0072824 secs]
   [Parallel Time: 2.8 ms, GC Workers: 10]
      [GC Worker Start (ms): Min: 234639.2, Avg: 234639.5, Max: 234639.7, Diff: 0.5]
      [Ext Root Scanning (ms): Min: 0.8, Avg: 1.0, Max: 1.5, Diff: 0.7, Sum: 10.5]
      [Update RS (ms): Min: 0.2, Avg: 0.3, Max: 0.3, Diff: 0.2, Sum: 3.0]
         [Processed Buffers: Min: 2, Avg: 3.5, Max: 5, Diff: 3, Sum: 35]
      [Scan RS (ms): Min: 0.0, Avg: 0.1, Max: 0.1, Diff: 0.1, Sum: 0.6]
      [Code Root Scanning (ms): Min: 0.0, Avg: 0.0, Max: 0.0, Diff: 0.0, Sum: 0.0]
      [Object Copy (ms): Min: 0.2, Avg: 0.3, Max: 0.4, Diff: 0.1, Sum: 3.3]
      [Termination (ms): Min: 0.0, Avg: 0.0, Max: 0.0, Diff: 0.0, Sum: 0.0]
         [Termination Attempts: Min: 1, Avg: 1.0, Max: 1, Diff: 0, Sum: 10]
      [GC Worker Other (ms): Min: 0.0, Avg: 0.0, Max: 0.1, Diff: 0.1, Sum: 0.4]
      [GC Worker Total (ms): Min: 1.6, Avg: 1.8, Max: 2.0, Diff: 0.5, Sum: 17.8]
      [GC Worker End (ms): Min: 234641.2, Avg: 234641.2, Max: 234641.3, Diff: 0.1]
   [Code Root Fixup: 0.0 ms]
   [Code Root Purge: 0.0 ms]
   [Clear CT: 1.3 ms]
   [Other: 3.2 ms]
      [Choose CSet: 0.0 ms]
      [Ref Proc: 1.5 ms]
      [Ref Enq: 0.0 ms]
      [Redirty Cards: 1.3 ms]
      [Humongous Register: 0.0 ms]
      [Humongous Reclaim: 0.0 ms]
      [Free CSet: 0.2 ms]
   [Eden: 152.0M(152.0M)->0.0B(152.0M) Survivors: 1024.0K->1024.0K Heap: 179.3M(256.0M)->27916.9K(256.0M)]
Heap after GC invocations=128 (full 0):
 garbage-first heap   total 262144K, used 27916K [0x00000000f0000000, 0x00000000f0100800, 0x0000000100000000)
  region size 1024K, 1 young (1024K), 1 survivors (1024K)
 Metaspace       used 52768K, capacity 56008K, committed 56192K, reserved 1097728K
  class space    used 6460K, capacity 7028K, committed 7040K, reserved 1048576K
}
 [Times: user=0.02 sys=0.01, real=0.01 secs] 
{Heap before GC invocations=128 (full 0):
 garbage-first heap   total 262144K, used 183564K [0x00000000f0000000, 0x00000000f0100800, 0x0000000100000000)
  region size 1024K, 153 young (156672K), 1 survivors (1024K)
 Metaspace       used 52768K, capacity 56008K, committed 56192K, reserved 1097728K
  class space    used 6460K, capacity 7028K, committed 7040K, reserved 1048576K
2023-10-03T06:48:48.705+0800: 236.568: [GC pause (G1 Evacuation Pause) (young), 0.0051924 secs]
   [Parallel Time: 2.2 ms, GC Workers: 10]
      [GC Worker Start (ms): Min: 236568.1, Avg: 236568.3, Max: 236568.5, Diff: 0.4]
      [Ext Root Scanning (ms): Min: 0.7, Avg: 0.8, Max: 1.4, Diff: 0.7, Sum: 8.4]
      [Update RS (ms): Min: 0.0, Avg: 0.2, Max: 0.4, Diff: 0.4, Sum: 2.3]
         [Processed Buffers: Min: 0, Avg: 3.6, Max: 7, Diff: 7, Sum: 36]
      [Scan RS (ms): Min: 0.0, Avg: 0.0, Max: 0.1, Diff: 0.0, Sum: 0.4]
      [Code Root Scanning (ms): Min: 0.0, Avg: 0.0, Max: 0.0, Diff: 0.0, Sum: 0.0]
      [Object Copy (ms): Min: 0.2, Avg: 0.3, Max: 0.3, Diff: 0.1, Sum: 2.8]
      [Termination (ms): Min: 0.0, Avg: 0.0, Max: 0.0, Diff: 0.0, Sum: 0.0]
         [Termination Attempts: Min: 1, Avg: 1.0, Max: 1, Diff: 0, Sum: 10]
      [GC Worker Other (ms): Min: 0.0, Avg: 0.0, Max: 0.1, Diff: 0.1, Sum: 0.4]
      [GC Worker Total (ms): Min: 1.3, Avg: 1.4, Max: 1.7, Diff: 0.4, Sum: 14.4]
      [GC Worker End (ms): Min: 236569.7, Avg: 236569.7, Max: 236569.8, Diff: 0.1]
   [Code Root Fixup: 0.0 ms]
   [Code Root Purge: 0.0 ms]
   [Clear CT: 1.0 ms]
   [Other: 2.0 ms]
      [Choose CSet: 0.0 ms]
      [Ref Proc: 0.9 ms]
      [Ref Enq: 0.0 ms]
      [Redirty Cards: 0.9 ms]
      [Humongous Register: 0.0 ms]
      [Humongous Reclaim: 0.0 ms]
      [Free CSet: 0.1 ms]
   [Eden: 152.0M(152.0M)->0.0B(152.0M) Survivors: 1024.0K->1024.0K Heap: 179.3M(256.0M)->28035.8K(256.0M)]
Heap after GC invocations=129 (full 0):
 garbage-first heap   total 262144K, used 28035K [0x00000000f0000000, 0x00000000f0100800, 0x0000000100000000)
  region size 1024K, 1 young (1024K), 1 survivors (1024K)
 Metaspace       used 52768K, capacity 56008K, committed 56192K, reserved 1097728K
  class space    used 6460K, capacity 7028K, committed 7040K, reserved 1048576K
}
 [Times: user=0.02 sys=0.00, real=0.01 secs] 
{Heap before GC invocations=129 (full 0):
 garbage-first heap   total 262144K, used 183683K [0x00000000f0000000, 0x00000000f0100800, 0x0000000100000000)
  region size 1024K, 153 young (156672K), 1 survivors (1024K)
 Metaspace       used 52768K, capacity 56008K, committed 56192K, reserved 1097728K
  class space    used 6460K, capacity 7028K, committed 7040K, reserved 1048576K
2023-10-03T06:48:49.655+0800: 237.519: [GC pause (G1 Evacuation Pause) (young), 0.0075245 secs]
   [Parallel Time: 3.0 ms, GC Workers: 10]
      [GC Worker Start (ms): Min: 237518.8, Avg: 237519.0, Max: 237519.3, Diff: 0.5]
      [Ext Root Scanning (ms): Min: 1.0, Avg: 1.2, Max: 1.9, Diff: 0.9, Sum: 12.0]
      [Update RS (ms): Min: 0.0, Avg: 0.3, Max: 0.4, Diff: 0.4, Sum: 2.9]
         [Processed Buffers: Min: 0, Avg: 3.6, Max: 7, Diff: 7, Sum: 36]
      [Scan RS (ms): Min: 0.0, Avg: 0.0, Max: 0.1, Diff: 0.1, Sum: 0.5]
      [Code Root Scanning (ms): Min: 0.0, Avg: 0.0, Max: 0.0, Diff: 0.0, Sum: 0.0]
      [Object Copy (ms): Min: 0.4, Avg: 0.5, Max: 0.6, Diff: 0.1, Sum: 5.3]
      [Termination (ms): Min: 0.0, Avg: 0.0, Max: 0.0, Diff: 0.0, Sum: 0.2]
         [Termination Attempts: Min: 1, Avg: 1.1, Max: 2, Diff: 1, Sum: 11]
      [GC Worker Other (ms): Min: 0.0, Avg: 0.0, Max: 0.1, Diff: 0.1, Sum: 0.3]
      [GC Worker Total (ms): Min: 1.9, Avg: 2.1, Max: 2.4, Diff: 0.5, Sum: 21.3]
      [GC Worker End (ms): Min: 237521.2, Avg: 237521.2, Max: 237521.2, Diff: 0.1]
   [Code Root Fixup: 0.0 ms]
   [Code Root Purge: 0.0 ms]
   [Clear CT: 1.7 ms]
   [Other: 2.8 ms]
      [Choose CSet: 0.0 ms]
      [Ref Proc: 1.1 ms]
      [Ref Enq: 0.0 ms]
      [Redirty Cards: 1.4 ms]
      [Humongous Register: 0.0 ms]
      [Humongous Reclaim: 0.0 ms]
      [Free CSet: 0.2 ms]
   [Eden: 152.0M(152.0M)->0.0B(152.0M) Survivors: 1024.0K->1024.0K Heap: 179.4M(256.0M)->28547.3K(256.0M)]
Heap after GC invocations=130 (full 0):
 garbage-first heap   total 262144K, used 28547K [0x00000000f0000000, 0x00000000f0100800, 0x0000000100000000)
  region size 1024K, 1 young (1024K), 1 survivors (1024K)
 Metaspace       used 52768K, capacity 56008K, committed 56192K, reserved 1097728K
  class space    used 6460K, capacity 7028K, committed 7040K, reserved 1048576K
}
 [Times: user=0.03 sys=0.00, real=0.01 secs] 
{Heap before GC invocations=130 (full 0):
 garbage-first heap   total 262144K, used 184195K [0x00000000f0000000, 0x00000000f0100800, 0x0000000100000000)
  region size 1024K, 153 young (156672K), 1 survivors (1024K)
 Metaspace       used 52772K, capacity 56008K, committed 56192K, reserved 1097728K
  class space    used 6460K, capacity 7028K, committed 7040K, reserved 1048576K
2023-10-03T06:48:50.532+0800: 238.395: [GC pause (G1 Evacuation Pause) (young), 0.0070073 secs]
   [Parallel Time: 3.2 ms, GC Workers: 10]
      [GC Worker Start (ms): Min: 238395.4, Avg: 238395.7, Max: 238395.9, Diff: 0.5]
      [Ext Root Scanning (ms): Min: 0.9, Avg: 1.1, Max: 1.5, Diff: 0.6, Sum: 11.3]
      [Update RS (ms): Min: 0.3, Avg: 0.3, Max: 0.4, Diff: 0.1, Sum: 3.0]
         [Processed Buffers: Min: 2, Avg: 4.2, Max: 6, Diff: 4, Sum: 42]
      [Scan RS (ms): Min: 0.0, Avg: 0.1, Max: 0.1, Diff: 0.1, Sum: 0.6]
      [Code Root Scanning (ms): Min: 0.0, Avg: 0.0, Max: 0.0, Diff: 0.0, Sum: 0.0]
      [Object Copy (ms): Min: 0.4, Avg: 0.5, Max: 0.5, Diff: 0.2, Sum: 4.9]
      [Termination (ms): Min: 0.0, Avg: 0.0, Max: 0.0, Diff: 0.0, Sum: 0.0]
         [Termination Attempts: Min: 1, Avg: 1.0, Max: 1, Diff: 0, Sum: 10]
      [GC Worker Other (ms): Min: 0.0, Avg: 0.1, Max: 0.3, Diff: 0.2, Sum: 0.6]
      [GC Worker Total (ms): Min: 1.8, Avg: 2.0, Max: 2.4, Diff: 0.6, Sum: 20.4]
      [GC Worker End (ms): Min: 238397.7, Avg: 238397.8, Max: 238397.9, Diff: 0.2]
   [Code Root Fixup: 0.0 ms]
   [Code Root Purge: 0.0 ms]
   [Clear CT: 1.2 ms]
   [Other: 2.6 ms]
      [Choose CSet: 0.0 ms]
      [Ref Proc: 1.0 ms]
      [Ref Enq: 0.0 ms]
      [Redirty Cards: 1.3 ms]
      [Humongous Register: 0.0 ms]
      [Humongous Reclaim: 0.0 ms]
      [Free CSet: 0.1 ms]
   [Eden: 152.0M(152.0M)->0.0B(152.0M) Survivors: 1024.0K->1024.0K Heap: 179.9M(256.0M)->28594.7K(256.0M)]
Heap after GC invocations=131 (full 0):
 garbage-first heap   total 262144K, used 28594K [0x00000000f0000000, 0x00000000f0100800, 0x0000000100000000)
  region size 1024K, 1 young (1024K), 1 survivors (1024K)
 Metaspace       used 52772K, capacity 56008K, committed 56192K, reserved 1097728K
  class space    used 6460K, capacity 7028K, committed 7040K, reserved 1048576K
}
 [Times: user=0.02 sys=0.00, real=0.00 secs] 
{Heap before GC invocations=131 (full 0):
 garbage-first heap   total 262144K, used 184242K [0x00000000f0000000, 0x00000000f0100800, 0x0000000100000000)
  region size 1024K, 153 young (156672K), 1 survivors (1024K)
 Metaspace       used 52772K, capacity 56008K, committed 56192K, reserved 1097728K
  class space    used 6460K, capacity 7028K, committed 7040K, reserved 1048576K
2023-10-03T06:48:51.407+0800: 239.270: [GC pause (G1 Evacuation Pause) (young), 0.0071063 secs]
   [Parallel Time: 2.9 ms, GC Workers: 10]
      [GC Worker Start (ms): Min: 239270.0, Avg: 239270.2, Max: 239270.5, Diff: 0.5]
      [Ext Root Scanning (ms): Min: 0.8, Avg: 1.1, Max: 1.5, Diff: 0.7, Sum: 11.1]
      [Update RS (ms): Min: 0.3, Avg: 0.3, Max: 0.4, Diff: 0.1, Sum: 3.1]
         [Processed Buffers: Min: 2, Avg: 3.9, Max: 8, Diff: 6, Sum: 39]
      [Scan RS (ms): Min: 0.0, Avg: 0.0, Max: 0.1, Diff: 0.1, Sum: 0.5]
      [Code Root Scanning (ms): Min: 0.0, Avg: 0.0, Max: 0.0, Diff: 0.0, Sum: 0.0]
      [Object Copy (ms): Min: 0.3, Avg: 0.5, Max: 0.5, Diff: 0.2, Sum: 4.8]
      [Termination (ms): Min: 0.0, Avg: 0.0, Max: 0.0, Diff: 0.0, Sum: 0.0]
         [Termination Attempts: Min: 1, Avg: 1.0, Max: 1, Diff: 0, Sum: 10]
      [GC Worker Other (ms): Min: 0.0, Avg: 0.0, Max: 0.1, Diff: 0.1, Sum: 0.4]
      [GC Worker Total (ms): Min: 1.8, Avg: 2.0, Max: 2.2, Diff: 0.5, Sum: 19.9]
      [GC Worker End (ms): Min: 239272.2, Avg: 239272.2, Max: 239272.2, Diff: 0.1]
   [Code Root Fixup: 0.0 ms]
   [Code Root Purge: 0.0 ms]
   [Clear CT: 1.3 ms]
   [Other: 2.9 ms]
      [Choose CSet: 0.0 ms]
      [Ref Proc: 1.4 ms]
      [Ref Enq: 0.0 ms]
      [Redirty Cards: 1.3 ms]
      [Humongous Register: 0.0 ms]
      [Humongous Reclaim: 0.0 ms]
      [Free CSet: 0.1 ms]
   [Eden: 152.0M(152.0M)->0.0B(152.0M) Survivors: 1024.0K->1024.0K Heap: 179.9M(256.0M)->28621.8K(256.0M)]
Heap after GC invocations=132 (full 0):
 garbage-first heap   total 262144K, used 28621K [0x00000000f0000000, 0x00000000f0100800, 0x0000000100000000)
  region size 1024K, 1 young (1024K), 1 survivors (1024K)
 Metaspace       used 52772K, capacity 56008K, committed 56192K, reserved 1097728K
  class space    used 6460K, capacity 7028K, committed 7040K, reserved 1048576K
}
 [Times: user=0.03 sys=0.00, real=0.01 secs] 
{Heap before GC invocations=132 (full 0):
 garbage-first heap   total 262144K, used 184269K [0x00000000f0000000, 0x00000000f0100800, 0x0000000100000000)
  region size 1024K, 153 young (156672K), 1 survivors (1024K)
 Metaspace       used 52774K, capacity 56008K, committed 56192K, reserved 1097728K
  class space    used 6460K, capacity 7028K, committed 7040K, reserved 1048576K
2023-10-03T06:48:52.305+0800: 240.168: [GC pause (G1 Evacuation Pause) (young), 0.0077508 secs]
   [Parallel Time: 3.0 ms, GC Workers: 10]
      [GC Worker Start (ms): Min: 240168.1, Avg: 240168.3, Max: 240168.5, Diff: 0.4]
      [Ext Root Scanning (ms): Min: 0.9, Avg: 1.1, Max: 1.5, Diff: 0.6, Sum: 11.3]
      [Update RS (ms): Min: 0.3, Avg: 0.3, Max: 0.4, Diff: 0.1, Sum: 3.1]
         [Processed Buffers: Min: 2, Avg: 3.9, Max: 6, Diff: 4, Sum: 39]
      [Scan RS (ms): Min: 0.0, Avg: 0.1, Max: 0.1, Diff: 0.1, Sum: 0.6]
      [Code Root Scanning (ms): Min: 0.0, Avg: 0.0, Max: 0.0, Diff: 0.0, Sum: 0.0]
      [Object Copy (ms): Min: 0.4, Avg: 0.6, Max: 0.7, Diff: 0.3, Sum: 5.6]
      [Termination (ms): Min: 0.0, Avg: 0.0, Max: 0.0, Diff: 0.0, Sum: 0.1]
         [Termination Attempts: Min: 1, Avg: 1.1, Max: 2, Diff: 1, Sum: 11]
      [GC Worker Other (ms): Min: 0.0, Avg: 0.0, Max: 0.1, Diff: 0.1, Sum: 0.4]
      [GC Worker Total (ms): Min: 1.9, Avg: 2.1, Max: 2.3, Diff: 0.4, Sum: 21.1]
      [GC Worker End (ms): Min: 240170.4, Avg: 240170.4, Max: 240170.4, Diff: 0.1]
   [Code Root Fixup: 0.0 ms]
   [Code Root Purge: 0.0 ms]
   [Clear CT: 1.5 ms]
   [Other: 3.2 ms]
      [Choose CSet: 0.0 ms]
      [Ref Proc: 1.6 ms]
      [Ref Enq: 0.0 ms]
      [Redirty Cards: 1.4 ms]
      [Humongous Register: 0.0 ms]
      [Humongous Reclaim: 0.0 ms]
      [Free CSet: 0.1 ms]
   [Eden: 152.0M(152.0M)->0.0B(152.0M) Survivors: 1024.0K->1024.0K Heap: 180.0M(256.0M)->28718.0K(256.0M)]
Heap after GC invocations=133 (full 0):
 garbage-first heap   total 262144K, used 28718K [0x00000000f0000000, 0x00000000f0100800, 0x0000000100000000)
  region size 1024K, 1 young (1024K), 1 survivors (1024K)
 Metaspace       used 52774K, capacity 56008K, committed 56192K, reserved 1097728K
  class space    used 6460K, capacity 7028K, committed 7040K, reserved 1048576K
}
 [Times: user=0.02 sys=0.01, real=0.01 secs] 
{Heap before GC invocations=133 (full 0):
 garbage-first heap   total 262144K, used 184366K [0x00000000f0000000, 0x00000000f0100800, 0x0000000100000000)
  region size 1024K, 153 young (156672K), 1 survivors (1024K)
 Metaspace       used 52774K, capacity 56008K, committed 56192K, reserved 1097728K
  class space    used 6460K, capacity 7028K, committed 7040K, reserved 1048576K
2023-10-03T06:48:53.183+0800: 241.046: [GC pause (G1 Evacuation Pause) (young), 0.0071455 secs]
   [Parallel Time: 2.9 ms, GC Workers: 10]
      [GC Worker Start (ms): Min: 241046.0, Avg: 241046.2, Max: 241046.4, Diff: 0.3]
      [Ext Root Scanning (ms): Min: 1.0, Avg: 1.2, Max: 1.7, Diff: 0.7, Sum: 12.1]
      [Update RS (ms): Min: 0.1, Avg: 0.3, Max: 0.4, Diff: 0.3, Sum: 3.2]
         [Processed Buffers: Min: 2, Avg: 3.8, Max: 5, Diff: 3, Sum: 38]
      [Scan RS (ms): Min: 0.0, Avg: 0.1, Max: 0.1, Diff: 0.1, Sum: 0.6]
      [Code Root Scanning (ms): Min: 0.0, Avg: 0.0, Max: 0.0, Diff: 0.0, Sum: 0.0]
      [Object Copy (ms): Min: 0.4, Avg: 0.5, Max: 0.6, Diff: 0.2, Sum: 5.4]
      [Termination (ms): Min: 0.0, Avg: 0.0, Max: 0.0, Diff: 0.0, Sum: 0.1]
         [Termination Attempts: Min: 1, Avg: 1.1, Max: 2, Diff: 1, Sum: 11]
      [GC Worker Other (ms): Min: 0.0, Avg: 0.0, Max: 0.1, Diff: 0.1, Sum: 0.4]
      [GC Worker Total (ms): Min: 2.0, Avg: 2.2, Max: 2.3, Diff: 0.3, Sum: 21.7]
      [GC Worker End (ms): Min: 241048.4, Avg: 241048.4, Max: 241048.4, Diff: 0.1]
   [Code Root Fixup: 0.0 ms]
   [Code Root Purge: 0.0 ms]
   [Clear CT: 1.9 ms]
   [Other: 2.4 ms]
      [Choose CSet: 0.0 ms]
      [Ref Proc: 0.8 ms]
      [Ref Enq: 0.0 ms]
      [Redirty Cards: 1.2 ms]
      [Humongous Register: 0.0 ms]
      [Humongous Reclaim: 0.0 ms]
      [Free CSet: 0.1 ms]
   [Eden: 152.0M(152.0M)->0.0B(152.0M) Survivors: 1024.0K->1024.0K Heap: 180.0M(256.0M)->28691.3K(256.0M)]
Heap after GC invocations=134 (full 0):
 garbage-first heap   total 262144K, used 28691K [0x00000000f0000000, 0x00000000f0100800, 0x0000000100000000)
  region size 1024K, 1 young (1024K), 1 survivors (1024K)
 Metaspace       used 52774K, capacity 56008K, committed 56192K, reserved 1097728K
  class space    used 6460K, capacity 7028K, committed 7040K, reserved 1048576K
}
 [Times: user=0.02 sys=0.00, real=0.01 secs] 
{Heap before GC invocations=134 (full 0):
 garbage-first heap   total 262144K, used 184339K [0x00000000f0000000, 0x00000000f0100800, 0x0000000100000000)
  region size 1024K, 153 young (156672K), 1 survivors (1024K)
 Metaspace       used 52774K, capacity 56008K, committed 56192K, reserved 1097728K
  class space    used 6460K, capacity 7028K, committed 7040K, reserved 1048576K
2023-10-03T06:48:54.020+0800: 241.884: [GC pause (G1 Evacuation Pause) (young), 0.0073400 secs]
   [Parallel Time: 2.9 ms, GC Workers: 10]
      [GC Worker Start (ms): Min: 241883.7, Avg: 241884.0, Max: 241884.2, Diff: 0.5]
      [Ext Root Scanning (ms): Min: 0.9, Avg: 1.2, Max: 1.6, Diff: 0.6, Sum: 11.7]
      [Update RS (ms): Min: 0.2, Avg: 0.3, Max: 0.5, Diff: 0.2, Sum: 3.2]
         [Processed Buffers: Min: 1, Avg: 4.2, Max: 7, Diff: 6, Sum: 42]
      [Scan RS (ms): Min: 0.0, Avg: 0.1, Max: 0.1, Diff: 0.1, Sum: 0.6]
      [Code Root Scanning (ms): Min: 0.0, Avg: 0.0, Max: 0.0, Diff: 0.0, Sum: 0.0]
      [Object Copy (ms): Min: 0.4, Avg: 0.5, Max: 0.6, Diff: 0.2, Sum: 5.1]
      [Termination (ms): Min: 0.0, Avg: 0.0, Max: 0.0, Diff: 0.0, Sum: 0.1]
         [Termination Attempts: Min: 1, Avg: 1.0, Max: 1, Diff: 0, Sum: 10]
      [GC Worker Other (ms): Min: 0.0, Avg: 0.0, Max: 0.1, Diff: 0.1, Sum: 0.4]
      [GC Worker Total (ms): Min: 1.9, Avg: 2.1, Max: 2.3, Diff: 0.5, Sum: 21.1]
      [GC Worker End (ms): Min: 241886.0, Avg: 241886.1, Max: 241886.1, Diff: 0.1]
   [Code Root Fixup: 0.0 ms]
   [Code Root Purge: 0.0 ms]
   [Clear CT: 1.5 ms]
   [Other: 3.0 ms]
      [Choose CSet: 0.0 ms]
      [Ref Proc: 1.3 ms]
      [Ref Enq: 0.0 ms]
      [Redirty Cards: 1.4 ms]
      [Humongous Register: 0.0 ms]
      [Humongous Reclaim: 0.0 ms]
      [Free CSet: 0.1 ms]
   [Eden: 152.0M(152.0M)->0.0B(152.0M) Survivors: 1024.0K->1024.0K Heap: 180.0M(256.0M)->28713.7K(256.0M)]
Heap after GC invocations=135 (full 0):
 garbage-first heap   total 262144K, used 28713K [0x00000000f0000000, 0x00000000f0100800, 0x0000000100000000)
  region size 1024K, 1 young (1024K), 1 survivors (1024K)
 Metaspace       used 52774K, capacity 56008K, committed 56192K, reserved 1097728K
  class space    used 6460K, capacity 7028K, committed 7040K, reserved 1048576K
}
 [Times: user=0.02 sys=0.01, real=0.00 secs] 
{Heap before GC invocations=135 (full 0):
 garbage-first heap   total 262144K, used 184361K [0x00000000f0000000, 0x00000000f0100800, 0x0000000100000000)
  region size 1024K, 153 young (156672K), 1 survivors (1024K)
 Metaspace       used 52774K, capacity 56008K, committed 56192K, reserved 1097728K
  class space    used 6460K, capacity 7028K, committed 7040K, reserved 1048576K
2023-10-03T06:48:54.902+0800: 242.765: [GC pause (G1 Evacuation Pause) (young), 0.0077764 secs]
   [Parallel Time: 3.0 ms, GC Workers: 10]
      [GC Worker Start (ms): Min: 242765.2, Avg: 242765.4, Max: 242765.7, Diff: 0.5]
      [Ext Root Scanning (ms): Min: 0.9, Avg: 1.2, Max: 1.5, Diff: 0.6, Sum: 11.8]
      [Update RS (ms): Min: 0.3, Avg: 0.3, Max: 0.4, Diff: 0.1, Sum: 3.1]
         [Processed Buffers: Min: 1, Avg: 4.0, Max: 10, Diff: 9, Sum: 40]
      [Scan RS (ms): Min: 0.0, Avg: 0.1, Max: 0.1, Diff: 0.1, Sum: 0.7]
      [Code Root Scanning (ms): Min: 0.0, Avg: 0.0, Max: 0.0, Diff: 0.0, Sum: 0.0]
      [Object Copy (ms): Min: 0.4, Avg: 0.5, Max: 0.5, Diff: 0.2, Sum: 4.7]
      [Termination (ms): Min: 0.0, Avg: 0.0, Max: 0.0, Diff: 0.0, Sum: 0.0]
         [Termination Attempts: Min: 1, Avg: 1.0, Max: 1, Diff: 0, Sum: 10]
      [GC Worker Other (ms): Min: 0.0, Avg: 0.0, Max: 0.1, Diff: 0.1, Sum: 0.4]
      [GC Worker Total (ms): Min: 1.8, Avg: 2.1, Max: 2.3, Diff: 0.5, Sum: 20.6]
      [GC Worker End (ms): Min: 242767.5, Avg: 242767.5, Max: 242767.6, Diff: 0.1]
   [Code Root Fixup: 0.0 ms]
   [Code Root Purge: 0.0 ms]
   [Clear CT: 1.5 ms]
   [Other: 3.3 ms]
      [Choose CSet: 0.0 ms]
      [Ref Proc: 1.5 ms]
      [Ref Enq: 0.0 ms]
      [Redirty Cards: 1.5 ms]
      [Humongous Register: 0.0 ms]
      [Humongous Reclaim: 0.0 ms]
      [Free CSet: 0.1 ms]
   [Eden: 152.0M(152.0M)->0.0B(152.0M) Survivors: 1024.0K->1024.0K Heap: 180.0M(256.0M)->28706.7K(256.0M)]
Heap after GC invocations=136 (full 0):
 garbage-first heap   total 262144K, used 28706K [0x00000000f0000000, 0x00000000f0100800, 0x0000000100000000)
  region size 1024K, 1 young (1024K), 1 survivors (1024K)
 Metaspace       used 52774K, capacity 56008K, committed 56192K, reserved 1097728K
  class space    used 6460K, capacity 7028K, committed 7040K, reserved 1048576K
}
 [Times: user=0.03 sys=0.00, real=0.01 secs] 
{Heap before GC invocations=136 (full 0):
 garbage-first heap   total 262144K, used 184354K [0x00000000f0000000, 0x00000000f0100800, 0x0000000100000000)
  region size 1024K, 153 young (156672K), 1 survivors (1024K)
 Metaspace       used 52774K, capacity 56008K, committed 56192K, reserved 1097728K
  class space    used 6460K, capacity 7028K, committed 7040K, reserved 1048576K
2023-10-03T06:48:55.777+0800: 243.640: [GC pause (G1 Evacuation Pause) (young), 0.0070256 secs]
   [Parallel Time: 2.9 ms, GC Workers: 10]
      [GC Worker Start (ms): Min: 243640.1, Avg: 243640.4, Max: 243640.6, Diff: 0.5]
      [Ext Root Scanning (ms): Min: 0.9, Avg: 1.1, Max: 1.5, Diff: 0.6, Sum: 11.1]
      [Update RS (ms): Min: 0.3, Avg: 0.3, Max: 0.4, Diff: 0.1, Sum: 3.1]
         [Processed Buffers: Min: 2, Avg: 4.1, Max: 7, Diff: 5, Sum: 41]
      [Scan RS (ms): Min: 0.0, Avg: 0.1, Max: 0.1, Diff: 0.1, Sum: 0.6]
      [Code Root Scanning (ms): Min: 0.0, Avg: 0.0, Max: 0.0, Diff: 0.0, Sum: 0.0]
      [Object Copy (ms): Min: 0.4, Avg: 0.5, Max: 0.6, Diff: 0.2, Sum: 5.3]
      [Termination (ms): Min: 0.0, Avg: 0.0, Max: 0.0, Diff: 0.0, Sum: 0.1]
         [Termination Attempts: Min: 1, Avg: 1.0, Max: 1, Diff: 0, Sum: 10]
      [GC Worker Other (ms): Min: 0.0, Avg: 0.0, Max: 0.1, Diff: 0.1, Sum: 0.3]
      [GC Worker Total (ms): Min: 1.8, Avg: 2.1, Max: 2.3, Diff: 0.5, Sum: 20.5]
      [GC Worker End (ms): Min: 243642.4, Avg: 243642.4, Max: 243642.5, Diff: 0.1]
   [Code Root Fixup: 0.0 ms]
   [Code Root Purge: 0.0 ms]
   [Clear CT: 1.2 ms]
   [Other: 3.0 ms]
      [Choose CSet: 0.0 ms]
      [Ref Proc: 1.5 ms]
      [Ref Enq: 0.0 ms]
      [Redirty Cards: 1.2 ms]
      [Humongous Register: 0.0 ms]
      [Humongous Reclaim: 0.0 ms]
      [Free CSet: 0.1 ms]
   [Eden: 152.0M(152.0M)->0.0B(151.0M) Survivors: 1024.0K->2048.0K Heap: 180.0M(256.0M)->28822.6K(256.0M)]
Heap after GC invocations=137 (full 0):
 garbage-first heap   total 262144K, used 28822K [0x00000000f0000000, 0x00000000f0100800, 0x0000000100000000)
  region size 1024K, 2 young (2048K), 2 survivors (2048K)
 Metaspace       used 52774K, capacity 56008K, committed 56192K, reserved 1097728K
  class space    used 6460K, capacity 7028K, committed 7040K, reserved 1048576K
}
 [Times: user=0.03 sys=0.01, real=0.01 secs] 
{Heap before GC invocations=137 (full 0):
 garbage-first heap   total 262144K, used 183446K [0x00000000f0000000, 0x00000000f0100800, 0x0000000100000000)
  region size 1024K, 153 young (156672K), 2 survivors (2048K)
 Metaspace       used 52774K, capacity 56008K, committed 56192K, reserved 1097728K
  class space    used 6460K, capacity 7028K, committed 7040K, reserved 1048576K
2023-10-03T06:48:56.640+0800: 244.503: [GC pause (G1 Evacuation Pause) (young), 0.0076490 secs]
   [Parallel Time: 3.1 ms, GC Workers: 10]
      [GC Worker Start (ms): Min: 244503.2, Avg: 244503.5, Max: 244503.7, Diff: 0.5]
      [Ext Root Scanning (ms): Min: 0.9, Avg: 1.1, Max: 1.5, Diff: 0.6, Sum: 11.4]
      [Update RS (ms): Min: 0.3, Avg: 0.3, Max: 0.4, Diff: 0.1, Sum: 3.2]
         [Processed Buffers: Min: 2, Avg: 4.1, Max: 8, Diff: 6, Sum: 41]
      [Scan RS (ms): Min: 0.0, Avg: 0.1, Max: 0.1, Diff: 0.1, Sum: 0.6]
      [Code Root Scanning (ms): Min: 0.0, Avg: 0.0, Max: 0.0, Diff: 0.0, Sum: 0.0]
      [Object Copy (ms): Min: 0.4, Avg: 0.6, Max: 0.6, Diff: 0.2, Sum: 5.5]
      [Termination (ms): Min: 0.0, Avg: 0.0, Max: 0.0, Diff: 0.0, Sum: 0.0]
         [Termination Attempts: Min: 1, Avg: 1.0, Max: 1, Diff: 0, Sum: 10]
      [GC Worker Other (ms): Min: 0.0, Avg: 0.0, Max: 0.1, Diff: 0.1, Sum: 0.5]
      [GC Worker Total (ms): Min: 1.9, Avg: 2.1, Max: 2.4, Diff: 0.5, Sum: 21.2]
      [GC Worker End (ms): Min: 244505.6, Avg: 244505.6, Max: 244505.7, Diff: 0.1]
   [Code Root Fixup: 0.0 ms]
   [Code Root Purge: 0.0 ms]
   [Clear CT: 1.4 ms]
   [Other: 3.2 ms]
      [Choose CSet: 0.0 ms]
      [Ref Proc: 1.6 ms]
      [Ref Enq: 0.0 ms]
      [Redirty Cards: 1.3 ms]
      [Humongous Register: 0.0 ms]
      [Humongous Reclaim: 0.0 ms]
      [Free CSet: 0.1 ms]
   [Eden: 151.0M(151.0M)->0.0B(151.0M) Survivors: 2048.0K->2048.0K Heap: 179.1M(256.0M)->28824.2K(256.0M)]
Heap after GC invocations=138 (full 0):
 garbage-first heap   total 262144K, used 28824K [0x00000000f0000000, 0x00000000f0100800, 0x0000000100000000)
  region size 1024K, 2 young (2048K), 2 survivors (2048K)
 Metaspace       used 52774K, capacity 56008K, committed 56192K, reserved 1097728K
  class space    used 6460K, capacity 7028K, committed 7040K, reserved 1048576K
}
 [Times: user=0.02 sys=0.00, real=0.00 secs] 
{Heap before GC invocations=138 (full 0):
 garbage-first heap   total 262144K, used 183448K [0x00000000f0000000, 0x00000000f0100800, 0x0000000100000000)
  region size 1024K, 153 young (156672K), 2 survivors (2048K)
 Metaspace       used 52774K, capacity 56008K, committed 56192K, reserved 1097728K
  class space    used 6460K, capacity 7028K, committed 7040K, reserved 1048576K
2023-10-03T06:48:57.512+0800: 245.375: [GC pause (G1 Evacuation Pause) (young), 0.0071733 secs]
   [Parallel Time: 3.3 ms, GC Workers: 10]
      [GC Worker Start (ms): Min: 245375.0, Avg: 245375.3, Max: 245375.5, Diff: 0.4]
      [Ext Root Scanning (ms): Min: 0.9, Avg: 1.1, Max: 1.6, Diff: 0.7, Sum: 11.5]
      [Update RS (ms): Min: 0.3, Avg: 0.3, Max: 0.4, Diff: 0.1, Sum: 3.0]
         [Processed Buffers: Min: 2, Avg: 4.0, Max: 6, Diff: 4, Sum: 40]
      [Scan RS (ms): Min: 0.0, Avg: 0.1, Max: 0.1, Diff: 0.1, Sum: 0.6]
      [Code Root Scanning (ms): Min: 0.0, Avg: 0.0, Max: 0.0, Diff: 0.0, Sum: 0.0]
      [Object Copy (ms): Min: 0.4, Avg: 0.5, Max: 0.6, Diff: 0.2, Sum: 5.3]
      [Termination (ms): Min: 0.0, Avg: 0.0, Max: 0.0, Diff: 0.0, Sum: 0.0]
         [Termination Attempts: Min: 1, Avg: 1.0, Max: 1, Diff: 0, Sum: 10]
      [GC Worker Other (ms): Min: 0.0, Avg: 0.1, Max: 0.2, Diff: 0.2, Sum: 0.7]
      [GC Worker Total (ms): Min: 1.9, Avg: 2.1, Max: 2.5, Diff: 0.6, Sum: 21.2]
      [GC Worker End (ms): Min: 245377.3, Avg: 245377.4, Max: 245377.5, Diff: 0.2]
   [Code Root Fixup: 0.0 ms]
   [Code Root Purge: 0.0 ms]
   [Clear CT: 1.1 ms]
   [Other: 2.7 ms]
      [Choose CSet: 0.0 ms]
      [Ref Proc: 1.3 ms]
      [Ref Enq: 0.0 ms]
      [Redirty Cards: 1.1 ms]
      [Humongous Register: 0.0 ms]
      [Humongous Reclaim: 0.0 ms]
      [Free CSet: 0.1 ms]
   [Eden: 151.0M(151.0M)->0.0B(152.0M) Survivors: 2048.0K->1024.0K Heap: 179.1M(256.0M)->28741.7K(256.0M)]
Heap after GC invocations=139 (full 0):
 garbage-first heap   total 262144K, used 28741K [0x00000000f0000000, 0x00000000f0100800, 0x0000000100000000)
  region size 1024K, 1 young (1024K), 1 survivors (1024K)
 Metaspace       used 52774K, capacity 56008K, committed 56192K, reserved 1097728K
  class space    used 6460K, capacity 7028K, committed 7040K, reserved 1048576K
}
 [Times: user=0.02 sys=0.00, real=0.00 secs] 
{Heap before GC invocations=139 (full 0):
 garbage-first heap   total 262144K, used 184389K [0x00000000f0000000, 0x00000000f0100800, 0x0000000100000000)
  region size 1024K, 153 young (156672K), 1 survivors (1024K)
 Metaspace       used 52775K, capacity 56008K, committed 56192K, reserved 1097728K
  class space    used 6460K, capacity 7028K, committed 7040K, reserved 1048576K
2023-10-03T06:48:58.396+0800: 246.259: [GC pause (G1 Evacuation Pause) (young), 0.0075341 secs]
   [Parallel Time: 3.1 ms, GC Workers: 10]
      [GC Worker Start (ms): Min: 246259.4, Avg: 246259.6, Max: 246259.8, Diff: 0.5]
      [Ext Root Scanning (ms): Min: 0.8, Avg: 1.1, Max: 1.6, Diff: 0.8, Sum: 11.2]
      [Update RS (ms): Min: 0.2, Avg: 0.3, Max: 0.4, Diff: 0.3, Sum: 3.2]
         [Processed Buffers: Min: 1, Avg: 3.9, Max: 8, Diff: 7, Sum: 39]
      [Scan RS (ms): Min: 0.0, Avg: 0.1, Max: 0.1, Diff: 0.1, Sum: 0.7]
      [Code Root Scanning (ms): Min: 0.0, Avg: 0.0, Max: 0.0, Diff: 0.0, Sum: 0.0]
      [Object Copy (ms): Min: 0.5, Avg: 0.6, Max: 0.6, Diff: 0.2, Sum: 5.9]
      [Termination (ms): Min: 0.0, Avg: 0.0, Max: 0.0, Diff: 0.0, Sum: 0.1]
         [Termination Attempts: Min: 1, Avg: 1.7, Max: 3, Diff: 2, Sum: 17]
      [GC Worker Other (ms): Min: 0.0, Avg: 0.0, Max: 0.1, Diff: 0.1, Sum: 0.4]
      [GC Worker Total (ms): Min: 1.9, Avg: 2.1, Max: 2.4, Diff: 0.5, Sum: 21.4]
      [GC Worker End (ms): Min: 246261.7, Avg: 246261.7, Max: 246261.8, Diff: 0.1]
   [Code Root Fixup: 0.0 ms]
   [Code Root Purge: 0.0 ms]
   [Clear CT: 1.3 ms]
   [Other: 3.1 ms]
      [Choose CSet: 0.0 ms]
      [Ref Proc: 1.6 ms]
      [Ref Enq: 0.0 ms]
      [Redirty Cards: 1.3 ms]
      [Humongous Register: 0.0 ms]
      [Humongous Reclaim: 0.0 ms]
      [Free CSet: 0.1 ms]
   [Eden: 152.0M(152.0M)->0.0B(151.0M) Survivors: 1024.0K->2048.0K Heap: 180.1M(256.0M)->28911.3K(256.0M)]
Heap after GC invocations=140 (full 0):
 garbage-first heap   total 262144K, used 28911K [0x00000000f0000000, 0x00000000f0100800, 0x0000000100000000)
  region size 1024K, 2 young (2048K), 2 survivors (2048K)
 Metaspace       used 52775K, capacity 56008K, committed 56192K, reserved 1097728K
  class space    used 6460K, capacity 7028K, committed 7040K, reserved 1048576K
}
 [Times: user=0.02 sys=0.01, real=0.01 secs] 
{Heap before GC invocations=140 (full 0):
 garbage-first heap   total 262144K, used 183535K [0x00000000f0000000, 0x00000000f0100800, 0x0000000100000000)
  region size 1024K, 153 young (156672K), 2 survivors (2048K)
 Metaspace       used 52775K, capacity 56008K, committed 56192K, reserved 1097728K
  class space    used 6460K, capacity 7028K, committed 7040K, reserved 1048576K
2023-10-03T06:48:59.250+0800: 247.113: [GC pause (G1 Evacuation Pause) (young), 0.0065446 secs]
   [Parallel Time: 2.4 ms, GC Workers: 10]
      [GC Worker Start (ms): Min: 247113.2, Avg: 247113.5, Max: 247113.8, Diff: 0.5]
      [Ext Root Scanning (ms): Min: 0.8, Avg: 1.1, Max: 1.5, Diff: 0.7, Sum: 11.3]
      [Update RS (ms): Min: 0.2, Avg: 0.3, Max: 0.4, Diff: 0.2, Sum: 3.1]
         [Processed Buffers: Min: 1, Avg: 4.2, Max: 7, Diff: 6, Sum: 42]
      [Scan RS (ms): Min: 0.0, Avg: 0.1, Max: 0.1, Diff: 0.1, Sum: 0.7]
      [Code Root Scanning (ms): Min: 0.0, Avg: 0.0, Max: 0.0, Diff: 0.0, Sum: 0.0]
      [Object Copy (ms): Min: 0.4, Avg: 0.5, Max: 0.6, Diff: 0.2, Sum: 5.1]
      [Termination (ms): Min: 0.0, Avg: 0.0, Max: 0.0, Diff: 0.0, Sum: 0.0]
         [Termination Attempts: Min: 1, Avg: 1.1, Max: 2, Diff: 1, Sum: 11]
      [GC Worker Other (ms): Min: 0.0, Avg: 0.0, Max: 0.0, Diff: 0.0, Sum: 0.3]
      [GC Worker Total (ms): Min: 1.8, Avg: 2.1, Max: 2.3, Diff: 0.5, Sum: 20.5]
      [GC Worker End (ms): Min: 247115.5, Avg: 247115.5, Max: 247115.5, Diff: 0.0]
   [Code Root Fixup: 0.0 ms]
   [Code Root Purge: 0.0 ms]
   [Clear CT: 1.6 ms]
   [Other: 2.5 ms]
      [Choose CSet: 0.0 ms]
      [Ref Proc: 1.1 ms]
      [Ref Enq: 0.0 ms]
      [Redirty Cards: 1.1 ms]
      [Humongous Register: 0.0 ms]
      [Humongous Reclaim: 0.0 ms]
      [Free CSet: 0.1 ms]
   [Eden: 151.0M(151.0M)->0.0B(152.0M) Survivors: 2048.0K->1024.0K Heap: 179.2M(256.0M)->28781.8K(256.0M)]
Heap after GC invocations=141 (full 0):
 garbage-first heap   total 262144K, used 28781K [0x00000000f0000000, 0x00000000f0100800, 0x0000000100000000)
  region size 1024K, 1 young (1024K), 1 survivors (1024K)
 Metaspace       used 52775K, capacity 56008K, committed 56192K, reserved 1097728K
  class space    used 6460K, capacity 7028K, committed 7040K, reserved 1048576K
}
 [Times: user=0.03 sys=0.00, real=0.00 secs] 
{Heap before GC invocations=141 (full 0):
 garbage-first heap   total 262144K, used 184429K [0x00000000f0000000, 0x00000000f0100800, 0x0000000100000000)
  region size 1024K, 153 young (156672K), 1 survivors (1024K)
 Metaspace       used 52775K, capacity 56008K, committed 56192K, reserved 1097728K
  class space    used 6460K, capacity 7028K, committed 7040K, reserved 1048576K
2023-10-03T06:49:00.160+0800: 248.023: [GC pause (G1 Evacuation Pause) (young), 0.0071322 secs]
   [Parallel Time: 3.0 ms, GC Workers: 10]
      [GC Worker Start (ms): Min: 248023.2, Avg: 248023.5, Max: 248023.7, Diff: 0.5]
      [Ext Root Scanning (ms): Min: 0.9, Avg: 1.1, Max: 1.5, Diff: 0.6, Sum: 11.0]
      [Update RS (ms): Min: 0.2, Avg: 0.3, Max: 0.4, Diff: 0.1, Sum: 3.0]
         [Processed Buffers: Min: 1, Avg: 3.9, Max: 7, Diff: 6, Sum: 39]
      [Scan RS (ms): Min: 0.0, Avg: 0.1, Max: 0.1, Diff: 0.1, Sum: 0.5]
      [Code Root Scanning (ms): Min: 0.0, Avg: 0.0, Max: 0.0, Diff: 0.0, Sum: 0.0]
      [Object Copy (ms): Min: 0.3, Avg: 0.5, Max: 0.5, Diff: 0.2, Sum: 4.6]
      [Termination (ms): Min: 0.0, Avg: 0.0, Max: 0.0, Diff: 0.0, Sum: 0.1]
         [Termination Attempts: Min: 1, Avg: 1.3, Max: 2, Diff: 1, Sum: 13]
      [GC Worker Other (ms): Min: 0.0, Avg: 0.0, Max: 0.1, Diff: 0.1, Sum: 0.5]
      [GC Worker Total (ms): Min: 1.7, Avg: 2.0, Max: 2.2, Diff: 0.5, Sum: 19.7]
      [GC Worker End (ms): Min: 248025.4, Avg: 248025.4, Max: 248025.5, Diff: 0.1]
   [Code Root Fixup: 0.0 ms]
   [Code Root Purge: 0.0 ms]
   [Clear CT: 1.3 ms]
   [Other: 2.8 ms]
      [Choose CSet: 0.0 ms]
      [Ref Proc: 1.2 ms]
      [Ref Enq: 0.0 ms]
      [Redirty Cards: 1.3 ms]
      [Humongous Register: 0.0 ms]
      [Humongous Reclaim: 0.0 ms]
      [Free CSet: 0.1 ms]
   [Eden: 152.0M(152.0M)->0.0B(152.0M) Survivors: 1024.0K->1024.0K Heap: 180.1M(256.0M)->28735.8K(256.0M)]
Heap after GC invocations=142 (full 0):
 garbage-first heap   total 262144K, used 28735K [0x00000000f0000000, 0x00000000f0100800, 0x0000000100000000)
  region size 1024K, 1 young (1024K), 1 survivors (1024K)
 Metaspace       used 52775K, capacity 56008K, committed 56192K, reserved 1097728K
  class space    used 6460K, capacity 7028K, committed 7040K, reserved 1048576K
}
 [Times: user=0.02 sys=0.00, real=0.00 secs] 
{Heap before GC invocations=142 (full 0):
 garbage-first heap   total 262144K, used 184383K [0x00000000f0000000, 0x00000000f0100800, 0x0000000100000000)
  region size 1024K, 153 young (156672K), 1 survivors (1024K)
 Metaspace       used 52775K, capacity 56008K, committed 56192K, reserved 1097728K
  class space    used 6460K, capacity 7028K, committed 7040K, reserved 1048576K
2023-10-03T06:49:01.066+0800: 248.929: [GC pause (G1 Evacuation Pause) (young), 0.0072029 secs]
   [Parallel Time: 2.8 ms, GC Workers: 10]
      [GC Worker Start (ms): Min: 248929.0, Avg: 248929.2, Max: 248929.5, Diff: 0.5]
      [Ext Root Scanning (ms): Min: 0.8, Avg: 1.1, Max: 1.5, Diff: 0.7, Sum: 11.1]
      [Update RS (ms): Min: 0.2, Avg: 0.3, Max: 0.4, Diff: 0.2, Sum: 2.9]
         [Processed Buffers: Min: 2, Avg: 4.1, Max: 6, Diff: 4, Sum: 41]
      [Scan RS (ms): Min: 0.0, Avg: 0.1, Max: 0.1, Diff: 0.1, Sum: 0.5]
      [Code Root Scanning (ms): Min: 0.0, Avg: 0.0, Max: 0.0, Diff: 0.0, Sum: 0.0]
      [Object Copy (ms): Min: 0.4, Avg: 0.5, Max: 0.5, Diff: 0.2, Sum: 4.8]
      [Termination (ms): Min: 0.0, Avg: 0.0, Max: 0.0, Diff: 0.0, Sum: 0.0]
         [Termination Attempts: Min: 1, Avg: 1.2, Max: 2, Diff: 1, Sum: 12]
      [GC Worker Other (ms): Min: 0.0, Avg: 0.0, Max: 0.1, Diff: 0.1, Sum: 0.4]
      [GC Worker Total (ms): Min: 1.8, Avg: 2.0, Max: 2.2, Diff: 0.5, Sum: 19.8]
      [GC Worker End (ms): Min: 248931.2, Avg: 248931.2, Max: 248931.3, Diff: 0.1]
   [Code Root Fixup: 0.0 ms]
   [Code Root Purge: 0.0 ms]
   [Clear CT: 1.4 ms]
   [Other: 3.0 ms]
      [Choose CSet: 0.0 ms]
      [Ref Proc: 1.4 ms]
      [Ref Enq: 0.0 ms]
      [Redirty Cards: 1.3 ms]
      [Humongous Register: 0.0 ms]
      [Humongous Reclaim: 0.0 ms]
      [Free CSet: 0.1 ms]
   [Eden: 152.0M(152.0M)->0.0B(152.0M) Survivors: 1024.0K->1024.0K Heap: 180.1M(256.0M)->28764.9K(256.0M)]
Heap after GC invocations=143 (full 0):
 garbage-first heap   total 262144K, used 28764K [0x00000000f0000000, 0x00000000f0100800, 0x0000000100000000)
  region size 1024K, 1 young (1024K), 1 survivors (1024K)
 Metaspace       used 52775K, capacity 56008K, committed 56192K, reserved 1097728K
  class space    used 6460K, capacity 7028K, committed 7040K, reserved 1048576K
}
 [Times: user=0.02 sys=0.00, real=0.01 secs] 
{Heap before GC invocations=143 (full 0):
 garbage-first heap   total 262144K, used 184412K [0x00000000f0000000, 0x00000000f0100800, 0x0000000100000000)
  region size 1024K, 153 young (156672K), 1 survivors (1024K)
 Metaspace       used 52775K, capacity 56008K, committed 56192K, reserved 1097728K
  class space    used 6460K, capacity 7028K, committed 7040K, reserved 1048576K
2023-10-03T06:49:01.926+0800: 249.789: [GC pause (G1 Evacuation Pause) (young), 0.0065947 secs]
   [Parallel Time: 2.7 ms, GC Workers: 10]
      [GC Worker Start (ms): Min: 249789.1, Avg: 249789.4, Max: 249789.6, Diff: 0.5]
      [Ext Root Scanning (ms): Min: 0.8, Avg: 1.1, Max: 1.7, Diff: 0.9, Sum: 10.8]
      [Update RS (ms): Min: 0.0, Avg: 0.3, Max: 0.4, Diff: 0.4, Sum: 2.8]
         [Processed Buffers: Min: 0, Avg: 4.1, Max: 7, Diff: 7, Sum: 41]
      [Scan RS (ms): Min: 0.0, Avg: 0.1, Max: 0.1, Diff: 0.1, Sum: 0.6]
      [Code Root Scanning (ms): Min: 0.0, Avg: 0.0, Max: 0.0, Diff: 0.0, Sum: 0.0]
      [Object Copy (ms): Min: 0.3, Avg: 0.4, Max: 0.5, Diff: 0.1, Sum: 4.3]
      [Termination (ms): Min: 0.0, Avg: 0.0, Max: 0.0, Diff: 0.0, Sum: 0.1]
         [Termination Attempts: Min: 1, Avg: 1.0, Max: 1, Diff: 0, Sum: 10]
      [GC Worker Other (ms): Min: 0.0, Avg: 0.0, Max: 0.1, Diff: 0.1, Sum: 0.3]
      [GC Worker Total (ms): Min: 1.7, Avg: 1.9, Max: 2.1, Diff: 0.5, Sum: 19.0]
      [GC Worker End (ms): Min: 249791.3, Avg: 249791.3, Max: 249791.3, Diff: 0.1]
   [Code Root Fixup: 0.0 ms]
   [Code Root Purge: 0.0 ms]
   [Clear CT: 1.2 ms]
   [Other: 2.7 ms]
      [Choose CSet: 0.0 ms]
      [Ref Proc: 1.3 ms]
      [Ref Enq: 0.0 ms]
      [Redirty Cards: 1.2 ms]
      [Humongous Register: 0.0 ms]
      [Humongous Reclaim: 0.0 ms]
      [Free CSet: 0.1 ms]
   [Eden: 152.0M(152.0M)->0.0B(152.0M) Survivors: 1024.0K->1024.0K Heap: 180.1M(256.0M)->28797.0K(256.0M)]
Heap after GC invocations=144 (full 0):
 garbage-first heap   total 262144K, used 28797K [0x00000000f0000000, 0x00000000f0100800, 0x0000000100000000)
  region size 1024K, 1 young (1024K), 1 survivors (1024K)
 Metaspace       used 52775K, capacity 56008K, committed 56192K, reserved 1097728K
  class space    used 6460K, capacity 7028K, committed 7040K, reserved 1048576K
}
 [Times: user=0.03 sys=0.00, real=0.01 secs] 
{Heap before GC invocations=144 (full 0):
 garbage-first heap   total 262144K, used 184445K [0x00000000f0000000, 0x00000000f0100800, 0x0000000100000000)
  region size 1024K, 153 young (156672K), 1 survivors (1024K)
 Metaspace       used 52775K, capacity 56008K, committed 56192K, reserved 1097728K
  class space    used 6460K, capacity 7028K, committed 7040K, reserved 1048576K
2023-10-03T06:49:02.818+0800: 250.682: [GC pause (G1 Evacuation Pause) (young), 0.0074057 secs]
   [Parallel Time: 3.1 ms, GC Workers: 10]
      [GC Worker Start (ms): Min: 250681.9, Avg: 250682.1, Max: 250682.3, Diff: 0.5]
      [Ext Root Scanning (ms): Min: 0.9, Avg: 1.1, Max: 1.5, Diff: 0.7, Sum: 11.3]
      [Update RS (ms): Min: 0.3, Avg: 0.3, Max: 0.3, Diff: 0.1, Sum: 3.1]
         [Processed Buffers: Min: 1, Avg: 3.9, Max: 6, Diff: 5, Sum: 39]
      [Scan RS (ms): Min: 0.0, Avg: 0.1, Max: 0.1, Diff: 0.1, Sum: 0.6]
      [Code Root Scanning (ms): Min: 0.0, Avg: 0.0, Max: 0.0, Diff: 0.0, Sum: 0.0]
      [Object Copy (ms): Min: 0.4, Avg: 0.5, Max: 0.6, Diff: 0.2, Sum: 5.3]
      [Termination (ms): Min: 0.0, Avg: 0.0, Max: 0.0, Diff: 0.0, Sum: 0.1]
         [Termination Attempts: Min: 1, Avg: 1.0, Max: 1, Diff: 0, Sum: 10]
      [GC Worker Other (ms): Min: 0.0, Avg: 0.0, Max: 0.1, Diff: 0.1, Sum: 0.3]
      [GC Worker Total (ms): Min: 1.9, Avg: 2.1, Max: 2.3, Diff: 0.4, Sum: 20.8]
      [GC Worker End (ms): Min: 250684.2, Avg: 250684.2, Max: 250684.3, Diff: 0.1]
   [Code Root Fixup: 0.0 ms]
   [Code Root Purge: 0.0 ms]
   [Clear CT: 1.7 ms]
   [Other: 2.6 ms]
      [Choose CSet: 0.0 ms]
      [Ref Proc: 1.1 ms]
      [Ref Enq: 0.0 ms]
      [Redirty Cards: 1.3 ms]
      [Humongous Register: 0.0 ms]
      [Humongous Reclaim: 0.0 ms]
      [Free CSet: 0.1 ms]
   [Eden: 152.0M(152.0M)->0.0B(152.0M) Survivors: 1024.0K->1024.0K Heap: 180.1M(256.0M)->29016.4K(256.0M)]
Heap after GC invocations=145 (full 0):
 garbage-first heap   total 262144K, used 29016K [0x00000000f0000000, 0x00000000f0100800, 0x0000000100000000)
  region size 1024K, 1 young (1024K), 1 survivors (1024K)
 Metaspace       used 52775K, capacity 56008K, committed 56192K, reserved 1097728K
  class space    used 6460K, capacity 7028K, committed 7040K, reserved 1048576K
}
 [Times: user=0.03 sys=0.00, real=0.01 secs] 
{Heap before GC invocations=145 (full 0):
 garbage-first heap   total 262144K, used 184664K [0x00000000f0000000, 0x00000000f0100800, 0x0000000100000000)
  region size 1024K, 153 young (156672K), 1 survivors (1024K)
 Metaspace       used 52775K, capacity 56008K, committed 56192K, reserved 1097728K
  class space    used 6460K, capacity 7028K, committed 7040K, reserved 1048576K
2023-10-03T06:49:03.703+0800: 251.567: [GC pause (G1 Evacuation Pause) (young), 0.0073822 secs]
   [Parallel Time: 2.8 ms, GC Workers: 10]
      [GC Worker Start (ms): Min: 251566.8, Avg: 251567.1, Max: 251567.3, Diff: 0.5]
      [Ext Root Scanning (ms): Min: 0.9, Avg: 1.1, Max: 1.5, Diff: 0.6, Sum: 11.1]
      [Update RS (ms): Min: 0.3, Avg: 0.4, Max: 0.5, Diff: 0.1, Sum: 3.9]
         [Processed Buffers: Min: 2, Avg: 4.2, Max: 10, Diff: 8, Sum: 42]
      [Scan RS (ms): Min: 0.0, Avg: 0.1, Max: 0.1, Diff: 0.1, Sum: 0.6]
      [Code Root Scanning (ms): Min: 0.0, Avg: 0.0, Max: 0.0, Diff: 0.0, Sum: 0.0]
      [Object Copy (ms): Min: 0.2, Avg: 0.3, Max: 0.4, Diff: 0.1, Sum: 3.4]
      [Termination (ms): Min: 0.0, Avg: 0.0, Max: 0.0, Diff: 0.0, Sum: 0.0]
         [Termination Attempts: Min: 1, Avg: 1.0, Max: 1, Diff: 0, Sum: 10]
      [GC Worker Other (ms): Min: 0.0, Avg: 0.0, Max: 0.1, Diff: 0.1, Sum: 0.4]
      [GC Worker Total (ms): Min: 1.8, Avg: 1.9, Max: 2.2, Diff: 0.4, Sum: 19.5]
      [GC Worker End (ms): Min: 251569.0, Avg: 251569.0, Max: 251569.1, Diff: 0.1]
   [Code Root Fixup: 0.0 ms]
   [Code Root Purge: 0.0 ms]
   [Clear CT: 1.7 ms]
   [Other: 2.8 ms]
      [Choose CSet: 0.0 ms]
      [Ref Proc: 1.1 ms]
      [Ref Enq: 0.0 ms]
      [Redirty Cards: 1.4 ms]
      [Humongous Register: 0.0 ms]
      [Humongous Reclaim: 0.0 ms]
      [Free CSet: 0.1 ms]
   [Eden: 152.0M(152.0M)->0.0B(152.0M) Survivors: 1024.0K->1024.0K Heap: 180.3M(256.0M)->28614.6K(256.0M)]
Heap after GC invocations=146 (full 0):
 garbage-first heap   total 262144K, used 28614K [0x00000000f0000000, 0x00000000f0100800, 0x0000000100000000)
  region size 1024K, 1 young (1024K), 1 survivors (1024K)
 Metaspace       used 52775K, capacity 56008K, committed 56192K, reserved 1097728K
  class space    used 6460K, capacity 7028K, committed 7040K, reserved 1048576K
}
 [Times: user=0.03 sys=0.00, real=0.01 secs] 
{Heap before GC invocations=146 (full 0):
 garbage-first heap   total 262144K, used 184262K [0x00000000f0000000, 0x00000000f0100800, 0x0000000100000000)
  region size 1024K, 153 young (156672K), 1 survivors (1024K)
 Metaspace       used 52776K, capacity 56008K, committed 56192K, reserved 1097728K
  class space    used 6460K, capacity 7028K, committed 7040K, reserved 1048576K
2023-10-03T06:49:04.585+0800: 252.448: [GC pause (G1 Evacuation Pause) (young), 0.0069956 secs]
   [Parallel Time: 2.8 ms, GC Workers: 10]
      [GC Worker Start (ms): Min: 252448.1, Avg: 252448.3, Max: 252448.6, Diff: 0.5]
      [Ext Root Scanning (ms): Min: 0.8, Avg: 1.1, Max: 1.5, Diff: 0.7, Sum: 10.5]
      [Update RS (ms): Min: 0.3, Avg: 0.4, Max: 0.4, Diff: 0.2, Sum: 3.7]
         [Processed Buffers: Min: 2, Avg: 4.3, Max: 6, Diff: 4, Sum: 43]
      [Scan RS (ms): Min: 0.0, Avg: 0.1, Max: 0.1, Diff: 0.1, Sum: 0.8]
      [Code Root Scanning (ms): Min: 0.0, Avg: 0.0, Max: 0.0, Diff: 0.0, Sum: 0.0]
      [Object Copy (ms): Min: 0.2, Avg: 0.3, Max: 0.4, Diff: 0.2, Sum: 3.2]
      [Termination (ms): Min: 0.0, Avg: 0.0, Max: 0.0, Diff: 0.0, Sum: 0.0]
         [Termination Attempts: Min: 1, Avg: 1.1, Max: 2, Diff: 1, Sum: 11]
      [GC Worker Other (ms): Min: 0.0, Avg: 0.0, Max: 0.1, Diff: 0.1, Sum: 0.3]
      [GC Worker Total (ms): Min: 1.6, Avg: 1.9, Max: 2.1, Diff: 0.5, Sum: 18.5]
      [GC Worker End (ms): Min: 252450.2, Avg: 252450.2, Max: 252450.2, Diff: 0.1]
   [Code Root Fixup: 0.0 ms]
   [Code Root Purge: 0.0 ms]
   [Clear CT: 1.1 ms]
   [Other: 3.1 ms]
      [Choose CSet: 0.0 ms]
      [Ref Proc: 1.4 ms]
      [Ref Enq: 0.0 ms]
      [Redirty Cards: 1.4 ms]
      [Humongous Register: 0.0 ms]
      [Humongous Reclaim: 0.0 ms]
      [Free CSet: 0.1 ms]
   [Eden: 152.0M(152.0M)->0.0B(152.0M) Survivors: 1024.0K->1024.0K Heap: 179.9M(256.0M)->28570.2K(256.0M)]
Heap after GC invocations=147 (full 0):
 garbage-first heap   total 262144K, used 28570K [0x00000000f0000000, 0x00000000f0100800, 0x0000000100000000)
  region size 1024K, 1 young (1024K), 1 survivors (1024K)
 Metaspace       used 52776K, capacity 56008K, committed 56192K, reserved 1097728K
  class space    used 6460K, capacity 7028K, committed 7040K, reserved 1048576K
}
 [Times: user=0.03 sys=0.00, real=0.01 secs] 
{Heap before GC invocations=147 (full 0):
 garbage-first heap   total 262144K, used 184218K [0x00000000f0000000, 0x00000000f0100800, 0x0000000100000000)
  region size 1024K, 153 young (156672K), 1 survivors (1024K)
 Metaspace       used 52776K, capacity 56008K, committed 56192K, reserved 1097728K
  class space    used 6460K, capacity 7028K, committed 7040K, reserved 1048576K
2023-10-03T06:49:05.472+0800: 253.336: [GC pause (G1 Evacuation Pause) (young), 0.0075506 secs]
   [Parallel Time: 2.9 ms, GC Workers: 10]
      [GC Worker Start (ms): Min: 253335.8, Avg: 253336.1, Max: 253336.3, Diff: 0.5]
      [Ext Root Scanning (ms): Min: 0.9, Avg: 1.2, Max: 1.6, Diff: 0.8, Sum: 11.5]
      [Update RS (ms): Min: 0.2, Avg: 0.3, Max: 0.4, Diff: 0.3, Sum: 3.3]
         [Processed Buffers: Min: 2, Avg: 4.2, Max: 6, Diff: 4, Sum: 42]
      [Scan RS (ms): Min: 0.0, Avg: 0.1, Max: 0.1, Diff: 0.1, Sum: 0.5]
      [Code Root Scanning (ms): Min: 0.0, Avg: 0.0, Max: 0.0, Diff: 0.0, Sum: 0.0]
      [Object Copy (ms): Min: 0.3, Avg: 0.4, Max: 0.5, Diff: 0.2, Sum: 4.0]
      [Termination (ms): Min: 0.0, Avg: 0.0, Max: 0.0, Diff: 0.0, Sum: 0.0]
         [Termination Attempts: Min: 1, Avg: 1.0, Max: 1, Diff: 0, Sum: 10]
      [GC Worker Other (ms): Min: 0.0, Avg: 0.0, Max: 0.1, Diff: 0.1, Sum: 0.5]
      [GC Worker Total (ms): Min: 1.8, Avg: 2.0, Max: 2.2, Diff: 0.5, Sum: 19.8]
      [GC Worker End (ms): Min: 253338.0, Avg: 253338.0, Max: 253338.1, Diff: 0.1]
   [Code Root Fixup: 0.0 ms]
   [Code Root Purge: 0.0 ms]
   [Clear CT: 1.4 ms]
   [Other: 3.2 ms]
      [Choose CSet: 0.0 ms]
      [Ref Proc: 1.5 ms]
      [Ref Enq: 0.0 ms]
      [Redirty Cards: 1.5 ms]
      [Humongous Register: 0.0 ms]
      [Humongous Reclaim: 0.0 ms]
      [Free CSet: 0.1 ms]
   [Eden: 152.0M(152.0M)->0.0B(152.0M) Survivors: 1024.0K->1024.0K Heap: 179.9M(256.0M)->28651.9K(256.0M)]
Heap after GC invocations=148 (full 0):
 garbage-first heap   total 262144K, used 28651K [0x00000000f0000000, 0x00000000f0100800, 0x0000000100000000)
  region size 1024K, 1 young (1024K), 1 survivors (1024K)
 Metaspace       used 52776K, capacity 56008K, committed 56192K, reserved 1097728K
  class space    used 6460K, capacity 7028K, committed 7040K, reserved 1048576K
}
 [Times: user=0.02 sys=0.00, real=0.01 secs] 
{Heap before GC invocations=148 (full 0):
 garbage-first heap   total 262144K, used 184299K [0x00000000f0000000, 0x00000000f0100800, 0x0000000100000000)
  region size 1024K, 153 young (156672K), 1 survivors (1024K)
 Metaspace       used 52776K, capacity 56008K, committed 56192K, reserved 1097728K
  class space    used 6460K, capacity 7028K, committed 7040K, reserved 1048576K
2023-10-03T06:49:06.344+0800: 254.207: [GC pause (G1 Evacuation Pause) (young), 0.0068226 secs]
   [Parallel Time: 2.5 ms, GC Workers: 10]
      [GC Worker Start (ms): Min: 254207.4, Avg: 254207.7, Max: 254208.0, Diff: 0.5]
      [Ext Root Scanning (ms): Min: 0.8, Avg: 1.1, Max: 1.6, Diff: 0.8, Sum: 11.0]
      [Update RS (ms): Min: 0.2, Avg: 0.4, Max: 0.5, Diff: 0.3, Sum: 3.6]
         [Processed Buffers: Min: 1, Avg: 4.1, Max: 7, Diff: 6, Sum: 41]
      [Scan RS (ms): Min: 0.0, Avg: 0.1, Max: 0.1, Diff: 0.1, Sum: 0.5]
      [Code Root Scanning (ms): Min: 0.0, Avg: 0.0, Max: 0.0, Diff: 0.0, Sum: 0.0]
      [Object Copy (ms): Min: 0.3, Avg: 0.4, Max: 0.6, Diff: 0.3, Sum: 4.4]
      [Termination (ms): Min: 0.0, Avg: 0.0, Max: 0.0, Diff: 0.0, Sum: 0.0]
         [Termination Attempts: Min: 1, Avg: 1.1, Max: 2, Diff: 1, Sum: 11]
      [GC Worker Other (ms): Min: 0.0, Avg: 0.0, Max: 0.1, Diff: 0.1, Sum: 0.4]
      [GC Worker Total (ms): Min: 1.8, Avg: 2.0, Max: 2.3, Diff: 0.5, Sum: 19.9]
      [GC Worker End (ms): Min: 254209.7, Avg: 254209.7, Max: 254209.8, Diff: 0.1]
   [Code Root Fixup: 0.0 ms]
   [Code Root Purge: 0.0 ms]
   [Clear CT: 1.2 ms]
   [Other: 3.1 ms]
      [Choose CSet: 0.0 ms]
      [Ref Proc: 1.5 ms]
      [Ref Enq: 0.0 ms]
      [Redirty Cards: 1.3 ms]
      [Humongous Register: 0.0 ms]
      [Humongous Reclaim: 0.0 ms]
      [Free CSet: 0.1 ms]
   [Eden: 152.0M(152.0M)->0.0B(152.0M) Survivors: 1024.0K->1024.0K Heap: 180.0M(256.0M)->28587.6K(256.0M)]
Heap after GC invocations=149 (full 0):
 garbage-first heap   total 262144K, used 28587K [0x00000000f0000000, 0x00000000f0100800, 0x0000000100000000)
  region size 1024K, 1 young (1024K), 1 survivors (1024K)
 Metaspace       used 52776K, capacity 56008K, committed 56192K, reserved 1097728K
  class space    used 6460K, capacity 7028K, committed 7040K, reserved 1048576K
}
 [Times: user=0.02 sys=0.00, real=0.01 secs] 
{Heap before GC invocations=149 (full 0):
 garbage-first heap   total 262144K, used 184235K [0x00000000f0000000, 0x00000000f0100800, 0x0000000100000000)
  region size 1024K, 153 young (156672K), 1 survivors (1024K)
 Metaspace       used 52776K, capacity 56008K, committed 56192K, reserved 1097728K
  class space    used 6460K, capacity 7028K, committed 7040K, reserved 1048576K
2023-10-03T06:49:07.222+0800: 255.086: [GC pause (G1 Evacuation Pause) (young), 0.0071566 secs]
   [Parallel Time: 2.9 ms, GC Workers: 10]
      [GC Worker Start (ms): Min: 255085.6, Avg: 255085.9, Max: 255086.1, Diff: 0.4]
      [Ext Root Scanning (ms): Min: 0.9, Avg: 1.1, Max: 1.8, Diff: 0.8, Sum: 11.3]
      [Update RS (ms): Min: 0.1, Avg: 0.3, Max: 0.5, Diff: 0.4, Sum: 3.4]
         [Processed Buffers: Min: 1, Avg: 4.0, Max: 7, Diff: 6, Sum: 40]
      [Scan RS (ms): Min: 0.0, Avg: 0.0, Max: 0.1, Diff: 0.1, Sum: 0.5]
      [Code Root Scanning (ms): Min: 0.0, Avg: 0.0, Max: 0.0, Diff: 0.0, Sum: 0.0]
      [Object Copy (ms): Min: 0.3, Avg: 0.4, Max: 0.5, Diff: 0.2, Sum: 3.9]
      [Termination (ms): Min: 0.0, Avg: 0.0, Max: 0.0, Diff: 0.0, Sum: 0.0]
         [Termination Attempts: Min: 1, Avg: 1.0, Max: 1, Diff: 0, Sum: 10]
      [GC Worker Other (ms): Min: 0.0, Avg: 0.0, Max: 0.1, Diff: 0.1, Sum: 0.4]
      [GC Worker Total (ms): Min: 1.8, Avg: 2.0, Max: 2.2, Diff: 0.4, Sum: 19.5]
      [GC Worker End (ms): Min: 255087.8, Avg: 255087.8, Max: 255087.9, Diff: 0.1]
   [Code Root Fixup: 0.0 ms]
   [Code Root Purge: 0.0 ms]
   [Clear CT: 1.4 ms]
   [Other: 2.9 ms]
      [Choose CSet: 0.0 ms]
      [Ref Proc: 1.1 ms]
      [Ref Enq: 0.0 ms]
      [Redirty Cards: 1.5 ms]
      [Humongous Register: 0.0 ms]
      [Humongous Reclaim: 0.0 ms]
      [Free CSet: 0.1 ms]
   [Eden: 152.0M(152.0M)->0.0B(152.0M) Survivors: 1024.0K->1024.0K Heap: 179.9M(256.0M)->28610.1K(256.0M)]
Heap after GC invocations=150 (full 0):
 garbage-first heap   total 262144K, used 28610K [0x00000000f0000000, 0x00000000f0100800, 0x0000000100000000)
  region size 1024K, 1 young (1024K), 1 survivors (1024K)
 Metaspace       used 52776K, capacity 56008K, committed 56192K, reserved 1097728K
  class space    used 6460K, capacity 7028K, committed 7040K, reserved 1048576K
}
 [Times: user=0.02 sys=0.01, real=0.00 secs] 
{Heap before GC invocations=150 (full 0):
 garbage-first heap   total 262144K, used 184258K [0x00000000f0000000, 0x00000000f0100800, 0x0000000100000000)
  region size 1024K, 153 young (156672K), 1 survivors (1024K)
 Metaspace       used 52776K, capacity 56008K, committed 56192K, reserved 1097728K
  class space    used 6460K, capacity 7028K, committed 7040K, reserved 1048576K
2023-10-03T06:49:08.120+0800: 255.983: [GC pause (G1 Evacuation Pause) (young), 0.0066564 secs]
   [Parallel Time: 2.8 ms, GC Workers: 10]
      [GC Worker Start (ms): Min: 255983.5, Avg: 255983.8, Max: 255984.0, Diff: 0.5]
      [Ext Root Scanning (ms): Min: 0.9, Avg: 1.1, Max: 1.4, Diff: 0.5, Sum: 11.3]
      [Update RS (ms): Min: 0.3, Avg: 0.3, Max: 0.4, Diff: 0.1, Sum: 3.5]
         [Processed Buffers: Min: 2, Avg: 4.2, Max: 8, Diff: 6, Sum: 42]
      [Scan RS (ms): Min: 0.0, Avg: 0.1, Max: 0.1, Diff: 0.1, Sum: 0.6]
      [Code Root Scanning (ms): Min: 0.0, Avg: 0.0, Max: 0.0, Diff: 0.0, Sum: 0.0]
      [Object Copy (ms): Min: 0.2, Avg: 0.4, Max: 0.5, Diff: 0.2, Sum: 3.8]
      [Termination (ms): Min: 0.0, Avg: 0.0, Max: 0.0, Diff: 0.0, Sum: 0.0]
         [Termination Attempts: Min: 1, Avg: 1.0, Max: 1, Diff: 0, Sum: 10]
      [GC Worker Other (ms): Min: 0.0, Avg: 0.0, Max: 0.1, Diff: 0.1, Sum: 0.4]
      [GC Worker Total (ms): Min: 1.8, Avg: 2.0, Max: 2.2, Diff: 0.5, Sum: 19.6]
      [GC Worker End (ms): Min: 255985.7, Avg: 255985.7, Max: 255985.8, Diff: 0.1]
   [Code Root Fixup: 0.0 ms]
   [Code Root Purge: 0.0 ms]
   [Clear CT: 1.0 ms]
   [Other: 2.9 ms]
      [Choose CSet: 0.0 ms]
      [Ref Proc: 1.5 ms]
      [Ref Enq: 0.0 ms]
      [Redirty Cards: 1.2 ms]
      [Humongous Register: 0.0 ms]
      [Humongous Reclaim: 0.0 ms]
      [Free CSet: 0.1 ms]
   [Eden: 152.0M(152.0M)->0.0B(152.0M) Survivors: 1024.0K->1024.0K Heap: 179.9M(256.0M)->28644.6K(256.0M)]
Heap after GC invocations=151 (full 0):
 garbage-first heap   total 262144K, used 28644K [0x00000000f0000000, 0x00000000f0100800, 0x0000000100000000)
  region size 1024K, 1 young (1024K), 1 survivors (1024K)
 Metaspace       used 52776K, capacity 56008K, committed 56192K, reserved 1097728K
  class space    used 6460K, capacity 7028K, committed 7040K, reserved 1048576K
}
 [Times: user=0.02 sys=0.00, real=0.00 secs] 
{Heap before GC invocations=151 (full 0):
 garbage-first heap   total 262144K, used 184292K [0x00000000f0000000, 0x00000000f0100800, 0x0000000100000000)
  region size 1024K, 153 young (156672K), 1 survivors (1024K)
 Metaspace       used 52776K, capacity 56008K, committed 56192K, reserved 1097728K
  class space    used 6460K, capacity 7028K, committed 7040K, reserved 1048576K
2023-10-03T06:49:08.979+0800: 256.842: [GC pause (G1 Evacuation Pause) (young), 0.0076660 secs]
   [Parallel Time: 2.9 ms, GC Workers: 10]
      [GC Worker Start (ms): Min: 256842.2, Avg: 256842.4, Max: 256842.7, Diff: 0.5]
      [Ext Root Scanning (ms): Min: 0.8, Avg: 1.1, Max: 1.6, Diff: 0.8, Sum: 11.3]
      [Update RS (ms): Min: 0.2, Avg: 0.3, Max: 0.4, Diff: 0.2, Sum: 3.4]
         [Processed Buffers: Min: 2, Avg: 4.3, Max: 9, Diff: 7, Sum: 43]
      [Scan RS (ms): Min: 0.0, Avg: 0.1, Max: 0.1, Diff: 0.1, Sum: 0.6]
      [Code Root Scanning (ms): Min: 0.0, Avg: 0.0, Max: 0.0, Diff: 0.0, Sum: 0.0]
      [Object Copy (ms): Min: 0.3, Avg: 0.4, Max: 0.5, Diff: 0.3, Sum: 4.0]
      [Termination (ms): Min: 0.0, Avg: 0.0, Max: 0.0, Diff: 0.0, Sum: 0.0]
         [Termination Attempts: Min: 1, Avg: 1.0, Max: 1, Diff: 0, Sum: 10]
      [GC Worker Other (ms): Min: 0.0, Avg: 0.0, Max: 0.1, Diff: 0.1, Sum: 0.4]
      [GC Worker Total (ms): Min: 1.7, Avg: 2.0, Max: 2.2, Diff: 0.5, Sum: 19.8]
      [GC Worker End (ms): Min: 256844.4, Avg: 256844.4, Max: 256844.4, Diff: 0.1]
   [Code Root Fixup: 0.0 ms]
   [Code Root Purge: 0.0 ms]
   [Clear CT: 1.5 ms]
   [Other: 3.3 ms]
      [Choose CSet: 0.0 ms]
      [Ref Proc: 1.5 ms]
      [Ref Enq: 0.0 ms]
      [Redirty Cards: 1.4 ms]
      [Humongous Register: 0.0 ms]
      [Humongous Reclaim: 0.0 ms]
      [Free CSet: 0.2 ms]
   [Eden: 152.0M(152.0M)->0.0B(152.0M) Survivors: 1024.0K->1024.0K Heap: 180.0M(256.0M)->28618.8K(256.0M)]
Heap after GC invocations=152 (full 0):
 garbage-first heap   total 262144K, used 28618K [0x00000000f0000000, 0x00000000f0100800, 0x0000000100000000)
  region size 1024K, 1 young (1024K), 1 survivors (1024K)
 Metaspace       used 52776K, capacity 56008K, committed 56192K, reserved 1097728K
  class space    used 6460K, capacity 7028K, committed 7040K, reserved 1048576K
}
 [Times: user=0.03 sys=0.00, real=0.01 secs] 
{Heap before GC invocations=152 (full 0):
 garbage-first heap   total 262144K, used 184266K [0x00000000f0000000, 0x00000000f0100800, 0x0000000100000000)
  region size 1024K, 153 young (156672K), 1 survivors (1024K)
 Metaspace       used 52776K, capacity 56008K, committed 56192K, reserved 1097728K
  class space    used 6460K, capacity 7028K, committed 7040K, reserved 1048576K
2023-10-03T06:49:09.855+0800: 257.718: [GC pause (G1 Evacuation Pause) (young), 0.0075240 secs]
   [Parallel Time: 3.1 ms, GC Workers: 10]
      [GC Worker Start (ms): Min: 257718.0, Avg: 257718.3, Max: 257718.5, Diff: 0.5]
      [Ext Root Scanning (ms): Min: 1.0, Avg: 1.2, Max: 1.5, Diff: 0.5, Sum: 11.6]
      [Update RS (ms): Min: 0.3, Avg: 0.4, Max: 0.4, Diff: 0.2, Sum: 3.5]
         [Processed Buffers: Min: 3, Avg: 4.2, Max: 7, Diff: 4, Sum: 42]
      [Scan RS (ms): Min: 0.0, Avg: 0.1, Max: 0.1, Diff: 0.1, Sum: 0.7]
      [Code Root Scanning (ms): Min: 0.0, Avg: 0.0, Max: 0.0, Diff: 0.0, Sum: 0.0]
      [Object Copy (ms): Min: 0.3, Avg: 0.4, Max: 0.5, Diff: 0.3, Sum: 4.1]
      [Termination (ms): Min: 0.0, Avg: 0.0, Max: 0.0, Diff: 0.0, Sum: 0.0]
         [Termination Attempts: Min: 1, Avg: 1.0, Max: 1, Diff: 0, Sum: 10]
      [GC Worker Other (ms): Min: 0.0, Avg: 0.0, Max: 0.1, Diff: 0.1, Sum: 0.5]
      [GC Worker Total (ms): Min: 1.8, Avg: 2.1, Max: 2.3, Diff: 0.4, Sum: 20.5]
      [GC Worker End (ms): Min: 257720.3, Avg: 257720.3, Max: 257720.4, Diff: 0.1]
   [Code Root Fixup: 0.0 ms]
   [Code Root Purge: 0.0 ms]
   [Clear CT: 1.4 ms]
   [Other: 3.0 ms]
      [Choose CSet: 0.0 ms]
      [Ref Proc: 1.3 ms]
      [Ref Enq: 0.0 ms]
      [Redirty Cards: 1.4 ms]
      [Humongous Register: 0.0 ms]
      [Humongous Reclaim: 0.0 ms]
      [Free CSet: 0.1 ms]
   [Eden: 152.0M(152.0M)->0.0B(152.0M) Survivors: 1024.0K->1024.0K Heap: 179.9M(256.0M)->28672.4K(256.0M)]
Heap after GC invocations=153 (full 0):
 garbage-first heap   total 262144K, used 28672K [0x00000000f0000000, 0x00000000f0100800, 0x0000000100000000)
  region size 1024K, 1 young (1024K), 1 survivors (1024K)
 Metaspace       used 52776K, capacity 56008K, committed 56192K, reserved 1097728K
  class space    used 6460K, capacity 7028K, committed 7040K, reserved 1048576K
}
 [Times: user=0.03 sys=0.00, real=0.01 secs] 
{Heap before GC invocations=153 (full 0):
 garbage-first heap   total 262144K, used 184320K [0x00000000f0000000, 0x00000000f0100800, 0x0000000100000000)
  region size 1024K, 153 young (156672K), 1 survivors (1024K)
 Metaspace       used 52777K, capacity 56008K, committed 56192K, reserved 1097728K
  class space    used 6460K, capacity 7028K, committed 7040K, reserved 1048576K
2023-10-03T06:49:10.750+0800: 258.613: [GC pause (G1 Evacuation Pause) (young), 0.0071455 secs]
   [Parallel Time: 2.7 ms, GC Workers: 10]
      [GC Worker Start (ms): Min: 258613.0, Avg: 258613.3, Max: 258613.5, Diff: 0.5]
      [Ext Root Scanning (ms): Min: 0.8, Avg: 1.0, Max: 1.4, Diff: 0.7, Sum: 10.4]
      [Update RS (ms): Min: 0.2, Avg: 0.3, Max: 0.4, Diff: 0.2, Sum: 3.3]
         [Processed Buffers: Min: 3, Avg: 4.2, Max: 7, Diff: 4, Sum: 42]
      [Scan RS (ms): Min: 0.0, Avg: 0.1, Max: 0.1, Diff: 0.1, Sum: 0.7]
      [Code Root Scanning (ms): Min: 0.0, Avg: 0.0, Max: 0.0, Diff: 0.0, Sum: 0.0]
      [Object Copy (ms): Min: 0.2, Avg: 0.3, Max: 0.4, Diff: 0.2, Sum: 2.9]
      [Termination (ms): Min: 0.0, Avg: 0.0, Max: 0.0, Diff: 0.0, Sum: 0.2]
         [Termination Attempts: Min: 1, Avg: 1.0, Max: 1, Diff: 0, Sum: 10]
      [GC Worker Other (ms): Min: 0.0, Avg: 0.0, Max: 0.1, Diff: 0.1, Sum: 0.4]
      [GC Worker Total (ms): Min: 1.6, Avg: 1.8, Max: 2.1, Diff: 0.5, Sum: 17.9]
      [GC Worker End (ms): Min: 258615.0, Avg: 258615.1, Max: 258615.1, Diff: 0.1]
   [Code Root Fixup: 0.0 ms]
   [Code Root Purge: 0.0 ms]
   [Clear CT: 1.6 ms]
   [Other: 2.8 ms]
      [Choose CSet: 0.0 ms]
      [Ref Proc: 1.4 ms]
      [Ref Enq: 0.0 ms]
      [Redirty Cards: 1.2 ms]
      [Humongous Register: 0.0 ms]
      [Humongous Reclaim: 0.0 ms]
      [Free CSet: 0.1 ms]
   [Eden: 152.0M(152.0M)->0.0B(152.0M) Survivors: 1024.0K->1024.0K Heap: 180.0M(256.0M)->28610.0K(256.0M)]
Heap after GC invocations=154 (full 0):
 garbage-first heap   total 262144K, used 28610K [0x00000000f0000000, 0x00000000f0100800, 0x0000000100000000)
  region size 1024K, 1 young (1024K), 1 survivors (1024K)
 Metaspace       used 52777K, capacity 56008K, committed 56192K, reserved 1097728K
  class space    used 6460K, capacity 7028K, committed 7040K, reserved 1048576K
}
 [Times: user=0.03 sys=0.01, real=0.01 secs] 
{Heap before GC invocations=154 (full 0):
 garbage-first heap   total 262144K, used 184258K [0x00000000f0000000, 0x00000000f0100800, 0x0000000100000000)
  region size 1024K, 153 young (156672K), 1 survivors (1024K)
 Metaspace       used 52777K, capacity 56008K, committed 56192K, reserved 1097728K
  class space    used 6460K, capacity 7028K, committed 7040K, reserved 1048576K
2023-10-03T06:49:11.636+0800: 259.499: [GC pause (G1 Evacuation Pause) (young), 0.0074431 secs]
   [Parallel Time: 2.9 ms, GC Workers: 10]
      [GC Worker Start (ms): Min: 259499.1, Avg: 259499.3, Max: 259499.5, Diff: 0.5]
      [Ext Root Scanning (ms): Min: 1.0, Avg: 1.2, Max: 1.5, Diff: 0.5, Sum: 11.8]
      [Update RS (ms): Min: 0.3, Avg: 0.3, Max: 0.4, Diff: 0.2, Sum: 3.4]
         [Processed Buffers: Min: 2, Avg: 4.2, Max: 6, Diff: 4, Sum: 42]
      [Scan RS (ms): Min: 0.0, Avg: 0.1, Max: 0.1, Diff: 0.1, Sum: 0.6]
      [Code Root Scanning (ms): Min: 0.0, Avg: 0.0, Max: 0.0, Diff: 0.0, Sum: 0.0]
      [Object Copy (ms): Min: 0.3, Avg: 0.4, Max: 0.5, Diff: 0.2, Sum: 4.1]
      [Termination (ms): Min: 0.0, Avg: 0.0, Max: 0.0, Diff: 0.0, Sum: 0.0]
         [Termination Attempts: Min: 1, Avg: 1.0, Max: 1, Diff: 0, Sum: 10]
      [GC Worker Other (ms): Min: 0.0, Avg: 0.0, Max: 0.1, Diff: 0.1, Sum: 0.4]
      [GC Worker Total (ms): Min: 1.8, Avg: 2.0, Max: 2.3, Diff: 0.5, Sum: 20.4]
      [GC Worker End (ms): Min: 259501.3, Avg: 259501.3, Max: 259501.4, Diff: 0.1]
   [Code Root Fixup: 0.0 ms]
   [Code Root Purge: 0.0 ms]
   [Clear CT: 1.5 ms]
   [Other: 3.0 ms]
      [Choose CSet: 0.0 ms]
      [Ref Proc: 1.3 ms]
      [Ref Enq: 0.0 ms]
      [Redirty Cards: 1.4 ms]
      [Humongous Register: 0.0 ms]
      [Humongous Reclaim: 0.0 ms]
      [Free CSet: 0.2 ms]
   [Eden: 152.0M(152.0M)->0.0B(152.0M) Survivors: 1024.0K->1024.0K Heap: 179.9M(256.0M)->28723.8K(256.0M)]
Heap after GC invocations=155 (full 0):
 garbage-first heap   total 262144K, used 28723K [0x00000000f0000000, 0x00000000f0100800, 0x0000000100000000)
  region size 1024K, 1 young (1024K), 1 survivors (1024K)
 Metaspace       used 52777K, capacity 56008K, committed 56192K, reserved 1097728K
  class space    used 6460K, capacity 7028K, committed 7040K, reserved 1048576K
}
 [Times: user=0.03 sys=0.01, real=0.01 secs] 
{Heap before GC invocations=155 (full 0):
 garbage-first heap   total 262144K, used 184371K [0x00000000f0000000, 0x00000000f0100800, 0x0000000100000000)
  region size 1024K, 153 young (156672K), 1 survivors (1024K)
 Metaspace       used 52777K, capacity 56008K, committed 56192K, reserved 1097728K
  class space    used 6460K, capacity 7028K, committed 7040K, reserved 1048576K
2023-10-03T06:49:12.517+0800: 260.380: [GC pause (G1 Evacuation Pause) (young), 0.0071941 secs]
   [Parallel Time: 2.7 ms, GC Workers: 10]
      [GC Worker Start (ms): Min: 260380.5, Avg: 260380.8, Max: 260381.0, Diff: 0.5]
      [Ext Root Scanning (ms): Min: 0.8, Avg: 1.1, Max: 1.4, Diff: 0.6, Sum: 11.0]
      [Update RS (ms): Min: 0.3, Avg: 0.3, Max: 0.4, Diff: 0.1, Sum: 3.4]
         [Processed Buffers: Min: 2, Avg: 4.2, Max: 9, Diff: 7, Sum: 42]
      [Scan RS (ms): Min: 0.0, Avg: 0.1, Max: 0.1, Diff: 0.1, Sum: 0.5]
      [Code Root Scanning (ms): Min: 0.0, Avg: 0.0, Max: 0.0, Diff: 0.0, Sum: 0.0]
      [Object Copy (ms): Min: 0.3, Avg: 0.4, Max: 0.4, Diff: 0.2, Sum: 3.8]
      [Termination (ms): Min: 0.0, Avg: 0.0, Max: 0.0, Diff: 0.0, Sum: 0.0]
         [Termination Attempts: Min: 1, Avg: 1.0, Max: 1, Diff: 0, Sum: 10]
      [GC Worker Other (ms): Min: 0.0, Avg: 0.0, Max: 0.1, Diff: 0.1, Sum: 0.5]
      [GC Worker Total (ms): Min: 1.7, Avg: 1.9, Max: 2.3, Diff: 0.6, Sum: 19.3]
      [GC Worker End (ms): Min: 260382.7, Avg: 260382.7, Max: 260382.8, Diff: 0.1]
   [Code Root Fixup: 0.0 ms]
   [Code Root Purge: 0.0 ms]
   [Clear CT: 1.2 ms]
   [Other: 3.2 ms]
      [Choose CSet: 0.0 ms]
      [Ref Proc: 1.6 ms]
      [Ref Enq: 0.0 ms]
      [Redirty Cards: 1.4 ms]
      [Humongous Register: 0.0 ms]
      [Humongous Reclaim: 0.0 ms]
      [Free CSet: 0.1 ms]
   [Eden: 152.0M(152.0M)->0.0B(152.0M) Survivors: 1024.0K->1024.0K Heap: 180.1M(256.0M)->28662.3K(256.0M)]
Heap after GC invocations=156 (full 0):
 garbage-first heap   total 262144K, used 28662K [0x00000000f0000000, 0x00000000f0100800, 0x0000000100000000)
  region size 1024K, 1 young (1024K), 1 survivors (1024K)
 Metaspace       used 52777K, capacity 56008K, committed 56192K, reserved 1097728K
  class space    used 6460K, capacity 7028K, committed 7040K, reserved 1048576K
}
 [Times: user=0.02 sys=0.00, real=0.01 secs] 
{Heap before GC invocations=156 (full 0):
 garbage-first heap   total 262144K, used 184310K [0x00000000f0000000, 0x00000000f0100800, 0x0000000100000000)
  region size 1024K, 153 young (156672K), 1 survivors (1024K)
 Metaspace       used 52777K, capacity 56008K, committed 56192K, reserved 1097728K
  class space    used 6460K, capacity 7028K, committed 7040K, reserved 1048576K
2023-10-03T06:49:13.395+0800: 261.258: [GC pause (G1 Evacuation Pause) (young), 0.0078262 secs]
   [Parallel Time: 3.4 ms, GC Workers: 10]
      [GC Worker Start (ms): Min: 261258.5, Avg: 261258.7, Max: 261258.9, Diff: 0.5]
      [Ext Root Scanning (ms): Min: 1.0, Avg: 1.2, Max: 1.6, Diff: 0.6, Sum: 12.4]
      [Update RS (ms): Min: 0.3, Avg: 0.3, Max: 0.4, Diff: 0.1, Sum: 3.4]
         [Processed Buffers: Min: 2, Avg: 4.1, Max: 9, Diff: 7, Sum: 41]
      [Scan RS (ms): Min: 0.0, Avg: 0.1, Max: 0.1, Diff: 0.1, Sum: 0.7]
      [Code Root Scanning (ms): Min: 0.0, Avg: 0.0, Max: 0.0, Diff: 0.0, Sum: 0.0]
      [Object Copy (ms): Min: 0.2, Avg: 0.4, Max: 0.4, Diff: 0.2, Sum: 3.5]
      [Termination (ms): Min: 0.0, Avg: 0.0, Max: 0.0, Diff: 0.0, Sum: 0.0]
         [Termination Attempts: Min: 1, Avg: 1.0, Max: 1, Diff: 0, Sum: 10]
      [GC Worker Other (ms): Min: 0.0, Avg: 0.0, Max: 0.1, Diff: 0.1, Sum: 0.5]
      [GC Worker Total (ms): Min: 1.8, Avg: 2.1, Max: 2.3, Diff: 0.5, Sum: 20.5]
      [GC Worker End (ms): Min: 261260.7, Avg: 261260.7, Max: 261260.8, Diff: 0.1]
   [Code Root Fixup: 0.0 ms]
   [Code Root Purge: 0.0 ms]
   [Clear CT: 1.6 ms]
   [Other: 2.9 ms]
      [Choose CSet: 0.0 ms]
      [Ref Proc: 1.2 ms]
      [Ref Enq: 0.0 ms]
      [Redirty Cards: 1.4 ms]
      [Humongous Register: 0.0 ms]
      [Humongous Reclaim: 0.0 ms]
      [Free CSet: 0.1 ms]
   [Eden: 152.0M(152.0M)->0.0B(152.0M) Survivors: 1024.0K->1024.0K Heap: 180.0M(256.0M)->28691.7K(256.0M)]
Heap after GC invocations=157 (full 0):
 garbage-first heap   total 262144K, used 28691K [0x00000000f0000000, 0x00000000f0100800, 0x0000000100000000)
  region size 1024K, 1 young (1024K), 1 survivors (1024K)
 Metaspace       used 52777K, capacity 56008K, committed 56192K, reserved 1097728K
  class space    used 6460K, capacity 7028K, committed 7040K, reserved 1048576K
}
 [Times: user=0.03 sys=0.00, real=0.01 secs] 
{Heap before GC invocations=157 (full 0):
 garbage-first heap   total 262144K, used 184339K [0x00000000f0000000, 0x00000000f0100800, 0x0000000100000000)
  region size 1024K, 153 young (156672K), 1 survivors (1024K)
 Metaspace       used 52778K, capacity 56012K, committed 56192K, reserved 1097728K
  class space    used 6460K, capacity 7028K, committed 7040K, reserved 1048576K
2023-10-03T06:49:14.239+0800: 262.102: [GC pause (G1 Evacuation Pause) (young), 0.0067216 secs]
   [Parallel Time: 2.8 ms, GC Workers: 10]
      [GC Worker Start (ms): Min: 262102.6, Avg: 262102.9, Max: 262103.1, Diff: 0.5]
      [Ext Root Scanning (ms): Min: 0.9, Avg: 1.1, Max: 1.5, Diff: 0.6, Sum: 10.9]
      [Update RS (ms): Min: 0.2, Avg: 0.3, Max: 0.4, Diff: 0.2, Sum: 3.3]
         [Processed Buffers: Min: 2, Avg: 4.3, Max: 7, Diff: 5, Sum: 43]
      [Scan RS (ms): Min: 0.0, Avg: 0.1, Max: 0.1, Diff: 0.1, Sum: 0.5]
      [Code Root Scanning (ms): Min: 0.0, Avg: 0.0, Max: 0.0, Diff: 0.0, Sum: 0.0]
      [Object Copy (ms): Min: 0.2, Avg: 0.3, Max: 0.5, Diff: 0.2, Sum: 3.2]
      [Termination (ms): Min: 0.0, Avg: 0.0, Max: 0.0, Diff: 0.0, Sum: 0.0]
         [Termination Attempts: Min: 1, Avg: 1.0, Max: 1, Diff: 0, Sum: 10]
      [GC Worker Other (ms): Min: 0.0, Avg: 0.1, Max: 0.2, Diff: 0.2, Sum: 0.7]
      [GC Worker Total (ms): Min: 1.6, Avg: 1.9, Max: 2.1, Diff: 0.5, Sum: 18.7]
      [GC Worker End (ms): Min: 262104.7, Avg: 262104.7, Max: 262104.9, Diff: 0.2]
   [Code Root Fixup: 0.0 ms]
   [Code Root Purge: 0.0 ms]
   [Clear CT: 1.4 ms]
   [Other: 2.4 ms]
      [Choose CSet: 0.0 ms]
      [Ref Proc: 0.9 ms]
      [Ref Enq: 0.0 ms]
      [Redirty Cards: 1.3 ms]
      [Humongous Register: 0.0 ms]
      [Humongous Reclaim: 0.0 ms]
      [Free CSet: 0.1 ms]
   [Eden: 152.0M(152.0M)->0.0B(152.0M) Survivors: 1024.0K->1024.0K Heap: 180.0M(256.0M)->28628.7K(256.0M)]
Heap after GC invocations=158 (full 0):
 garbage-first heap   total 262144K, used 28628K [0x00000000f0000000, 0x00000000f0100800, 0x0000000100000000)
  region size 1024K, 1 young (1024K), 1 survivors (1024K)
 Metaspace       used 52778K, capacity 56012K, committed 56192K, reserved 1097728K
  class space    used 6460K, capacity 7028K, committed 7040K, reserved 1048576K
}
 [Times: user=0.02 sys=0.00, real=0.01 secs] 
{Heap before GC invocations=158 (full 0):
 garbage-first heap   total 262144K, used 184276K [0x00000000f0000000, 0x00000000f0100800, 0x0000000100000000)
  region size 1024K, 153 young (156672K), 1 survivors (1024K)
 Metaspace       used 52778K, capacity 56012K, committed 56192K, reserved 1097728K
  class space    used 6460K, capacity 7028K, committed 7040K, reserved 1048576K
2023-10-03T06:49:15.104+0800: 262.967: [GC pause (G1 Evacuation Pause) (young), 0.0072474 secs]
   [Parallel Time: 2.9 ms, GC Workers: 10]
      [GC Worker Start (ms): Min: 262967.5, Avg: 262967.7, Max: 262967.9, Diff: 0.4]
      [Ext Root Scanning (ms): Min: 0.9, Avg: 1.1, Max: 1.5, Diff: 0.6, Sum: 11.1]
      [Update RS (ms): Min: 0.3, Avg: 0.4, Max: 0.5, Diff: 0.2, Sum: 3.5]
         [Processed Buffers: Min: 2, Avg: 4.0, Max: 5, Diff: 3, Sum: 40]
      [Scan RS (ms): Min: 0.0, Avg: 0.0, Max: 0.1, Diff: 0.1, Sum: 0.5]
      [Code Root Scanning (ms): Min: 0.0, Avg: 0.0, Max: 0.0, Diff: 0.0, Sum: 0.0]
      [Object Copy (ms): Min: 0.3, Avg: 0.4, Max: 0.4, Diff: 0.1, Sum: 3.9]
      [Termination (ms): Min: 0.0, Avg: 0.0, Max: 0.0, Diff: 0.0, Sum: 0.0]
         [Termination Attempts: Min: 1, Avg: 1.2, Max: 2, Diff: 1, Sum: 12]
      [GC Worker Other (ms): Min: 0.0, Avg: 0.0, Max: 0.1, Diff: 0.1, Sum: 0.4]
      [GC Worker Total (ms): Min: 1.8, Avg: 2.0, Max: 2.2, Diff: 0.4, Sum: 19.5]
      [GC Worker End (ms): Min: 262969.7, Avg: 262969.7, Max: 262969.7, Diff: 0.1]
   [Code Root Fixup: 0.0 ms]
   [Code Root Purge: 0.0 ms]
   [Clear CT: 1.1 ms]
   [Other: 3.2 ms]
      [Choose CSet: 0.0 ms]
      [Ref Proc: 1.5 ms]
      [Ref Enq: 0.0 ms]
      [Redirty Cards: 1.5 ms]
      [Humongous Register: 0.0 ms]
      [Humongous Reclaim: 0.0 ms]
      [Free CSet: 0.1 ms]
   [Eden: 152.0M(152.0M)->0.0B(152.0M) Survivors: 1024.0K->1024.0K Heap: 180.0M(256.0M)->28709.3K(256.0M)]
Heap after GC invocations=159 (full 0):
 garbage-first heap   total 262144K, used 28709K [0x00000000f0000000, 0x00000000f0100800, 0x0000000100000000)
  region size 1024K, 1 young (1024K), 1 survivors (1024K)
 Metaspace       used 52778K, capacity 56012K, committed 56192K, reserved 1097728K
  class space    used 6460K, capacity 7028K, committed 7040K, reserved 1048576K
}
 [Times: user=0.03 sys=0.00, real=0.01 secs] 
{Heap before GC invocations=159 (full 0):
 garbage-first heap   total 262144K, used 184357K [0x00000000f0000000, 0x00000000f0100800, 0x0000000100000000)
  region size 1024K, 153 young (156672K), 1 survivors (1024K)
 Metaspace       used 52778K, capacity 56012K, committed 56192K, reserved 1097728K
  class space    used 6460K, capacity 7028K, committed 7040K, reserved 1048576K
2023-10-03T06:49:15.989+0800: 263.852: [GC pause (G1 Evacuation Pause) (young), 0.0070463 secs]
   [Parallel Time: 2.9 ms, GC Workers: 10]
      [GC Worker Start (ms): Min: 263852.2, Avg: 263852.4, Max: 263852.6, Diff: 0.4]
      [Ext Root Scanning (ms): Min: 0.9, Avg: 1.1, Max: 1.6, Diff: 0.7, Sum: 11.2]
      [Update RS (ms): Min: 0.2, Avg: 0.3, Max: 0.4, Diff: 0.3, Sum: 3.4]
         [Processed Buffers: Min: 2, Avg: 4.2, Max: 7, Diff: 5, Sum: 42]
      [Scan RS (ms): Min: 0.0, Avg: 0.1, Max: 0.1, Diff: 0.1, Sum: 0.6]
      [Code Root Scanning (ms): Min: 0.0, Avg: 0.0, Max: 0.0, Diff: 0.0, Sum: 0.0]
      [Object Copy (ms): Min: 0.2, Avg: 0.3, Max: 0.4, Diff: 0.1, Sum: 3.3]
      [Termination (ms): Min: 0.0, Avg: 0.0, Max: 0.0, Diff: 0.0, Sum: 0.0]
         [Termination Attempts: Min: 1, Avg: 1.0, Max: 1, Diff: 0, Sum: 10]
      [GC Worker Other (ms): Min: 0.0, Avg: 0.0, Max: 0.1, Diff: 0.1, Sum: 0.4]
      [GC Worker Total (ms): Min: 1.7, Avg: 1.9, Max: 2.1, Diff: 0.4, Sum: 19.0]
      [GC Worker End (ms): Min: 263854.3, Avg: 263854.3, Max: 263854.4, Diff: 0.1]
   [Code Root Fixup: 0.0 ms]
   [Code Root Purge: 0.0 ms]
   [Clear CT: 1.6 ms]
   [Other: 2.6 ms]
      [Choose CSet: 0.0 ms]
      [Ref Proc: 1.0 ms]
      [Ref Enq: 0.0 ms]
      [Redirty Cards: 1.3 ms]
      [Humongous Register: 0.0 ms]
      [Humongous Reclaim: 0.0 ms]
      [Free CSet: 0.1 ms]
   [Eden: 152.0M(152.0M)->0.0B(152.0M) Survivors: 1024.0K->1024.0K Heap: 180.0M(256.0M)->28650.7K(256.0M)]
Heap after GC invocations=160 (full 0):
 garbage-first heap   total 262144K, used 28650K [0x00000000f0000000, 0x00000000f0100800, 0x0000000100000000)
  region size 1024K, 1 young (1024K), 1 survivors (1024K)
 Metaspace       used 52778K, capacity 56012K, committed 56192K, reserved 1097728K
  class space    used 6460K, capacity 7028K, committed 7040K, reserved 1048576K
}
 [Times: user=0.02 sys=0.00, real=0.01 secs] 
{Heap before GC invocations=160 (full 0):
 garbage-first heap   total 262144K, used 184298K [0x00000000f0000000, 0x00000000f0100800, 0x0000000100000000)
  region size 1024K, 153 young (156672K), 1 survivors (1024K)
 Metaspace       used 52782K, capacity 56012K, committed 56192K, reserved 1097728K
  class space    used 6460K, capacity 7028K, committed 7040K, reserved 1048576K
2023-10-03T06:49:16.879+0800: 264.742: [GC pause (G1 Evacuation Pause) (young), 0.0072761 secs]
   [Parallel Time: 2.8 ms, GC Workers: 10]
      [GC Worker Start (ms): Min: 264742.1, Avg: 264742.3, Max: 264742.6, Diff: 0.5]
      [Ext Root Scanning (ms): Min: 0.9, Avg: 1.2, Max: 1.5, Diff: 0.6, Sum: 11.9]
      [Update RS (ms): Min: 0.3, Avg: 0.3, Max: 0.4, Diff: 0.1, Sum: 3.4]
         [Processed Buffers: Min: 2, Avg: 4.2, Max: 6, Diff: 4, Sum: 42]
      [Scan RS (ms): Min: 0.0, Avg: 0.1, Max: 0.1, Diff: 0.1, Sum: 0.5]
      [Code Root Scanning (ms): Min: 0.0, Avg: 0.0, Max: 0.0, Diff: 0.0, Sum: 0.0]
      [Object Copy (ms): Min: 0.3, Avg: 0.4, Max: 0.4, Diff: 0.2, Sum: 3.7]
      [Termination (ms): Min: 0.0, Avg: 0.0, Max: 0.0, Diff: 0.0, Sum: 0.0]
         [Termination Attempts: Min: 1, Avg: 1.0, Max: 1, Diff: 0, Sum: 10]
      [GC Worker Other (ms): Min: 0.0, Avg: 0.0, Max: 0.1, Diff: 0.1, Sum: 0.4]
      [GC Worker Total (ms): Min: 1.7, Avg: 2.0, Max: 2.2, Diff: 0.5, Sum: 19.9]
      [GC Worker End (ms): Min: 264744.3, Avg: 264744.3, Max: 264744.4, Diff: 0.1]
   [Code Root Fixup: 0.0 ms]
   [Code Root Purge: 0.0 ms]
   [Clear CT: 1.4 ms]
   [Other: 3.0 ms]
      [Choose CSet: 0.0 ms]
      [Ref Proc: 1.4 ms]
      [Ref Enq: 0.0 ms]
      [Redirty Cards: 1.3 ms]
      [Humongous Register: 0.0 ms]
      [Humongous Reclaim: 0.0 ms]
      [Free CSet: 0.1 ms]
   [Eden: 152.0M(152.0M)->0.0B(152.0M) Survivors: 1024.0K->1024.0K Heap: 180.0M(256.0M)->28703.4K(256.0M)]
Heap after GC invocations=161 (full 0):
 garbage-first heap   total 262144K, used 28703K [0x00000000f0000000, 0x00000000f0100800, 0x0000000100000000)
  region size 1024K, 1 young (1024K), 1 survivors (1024K)
 Metaspace       used 52782K, capacity 56012K, committed 56192K, reserved 1097728K
  class space    used 6460K, capacity 7028K, committed 7040K, reserved 1048576K
}
 [Times: user=0.03 sys=0.00, real=0.01 secs] 
{Heap before GC invocations=161 (full 0):
 garbage-first heap   total 262144K, used 184351K [0x00000000f0000000, 0x00000000f0100800, 0x0000000100000000)
  region size 1024K, 153 young (156672K), 1 survivors (1024K)
 Metaspace       used 52782K, capacity 56012K, committed 56192K, reserved 1097728K
  class space    used 6460K, capacity 7028K, committed 7040K, reserved 1048576K
2023-10-03T06:49:17.753+0800: 265.616: [GC pause (G1 Evacuation Pause) (young), 0.0070613 secs]
   [Parallel Time: 2.9 ms, GC Workers: 10]
      [GC Worker Start (ms): Min: 265615.9, Avg: 265616.1, Max: 265616.4, Diff: 0.5]
      [Ext Root Scanning (ms): Min: 0.9, Avg: 1.1, Max: 1.5, Diff: 0.7, Sum: 11.0]
      [Update RS (ms): Min: 0.2, Avg: 0.3, Max: 0.4, Diff: 0.2, Sum: 3.5]
         [Processed Buffers: Min: 2, Avg: 4.3, Max: 7, Diff: 5, Sum: 43]
      [Scan RS (ms): Min: 0.0, Avg: 0.1, Max: 0.1, Diff: 0.1, Sum: 0.5]
      [Code Root Scanning (ms): Min: 0.0, Avg: 0.0, Max: 0.0, Diff: 0.0, Sum: 0.0]
      [Object Copy (ms): Min: 0.3, Avg: 0.4, Max: 0.4, Diff: 0.1, Sum: 3.6]
      [Termination (ms): Min: 0.0, Avg: 0.0, Max: 0.0, Diff: 0.0, Sum: 0.0]
         [Termination Attempts: Min: 1, Avg: 1.0, Max: 1, Diff: 0, Sum: 10]
      [GC Worker Other (ms): Min: 0.0, Avg: 0.0, Max: 0.2, Diff: 0.1, Sum: 0.5]
      [GC Worker Total (ms): Min: 1.7, Avg: 1.9, Max: 2.3, Diff: 0.6, Sum: 19.2]
      [GC Worker End (ms): Min: 265618.0, Avg: 265618.1, Max: 265618.2, Diff: 0.1]
   [Code Root Fixup: 0.0 ms]
   [Code Root Purge: 0.0 ms]
   [Clear CT: 1.6 ms]
   [Other: 2.6 ms]
      [Choose CSet: 0.0 ms]
      [Ref Proc: 1.1 ms]
      [Ref Enq: 0.0 ms]
      [Redirty Cards: 1.2 ms]
      [Humongous Register: 0.0 ms]
      [Humongous Reclaim: 0.0 ms]
      [Free CSet: 0.1 ms]
   [Eden: 152.0M(152.0M)->0.0B(152.0M) Survivors: 1024.0K->1024.0K Heap: 180.0M(256.0M)->28670.1K(256.0M)]
Heap after GC invocations=162 (full 0):
 garbage-first heap   total 262144K, used 28670K [0x00000000f0000000, 0x00000000f0100800, 0x0000000100000000)
  region size 1024K, 1 young (1024K), 1 survivors (1024K)
 Metaspace       used 52782K, capacity 56012K, committed 56192K, reserved 1097728K
  class space    used 6460K, capacity 7028K, committed 7040K, reserved 1048576K
}
 [Times: user=0.02 sys=0.00, real=0.01 secs] 
{Heap before GC invocations=162 (full 0):
 garbage-first heap   total 262144K, used 184318K [0x00000000f0000000, 0x00000000f0100800, 0x0000000100000000)
  region size 1024K, 153 young (156672K), 1 survivors (1024K)
 Metaspace       used 52782K, capacity 56012K, committed 56192K, reserved 1097728K
  class space    used 6460K, capacity 7028K, committed 7040K, reserved 1048576K
2023-10-03T06:49:18.656+0800: 266.519: [GC pause (G1 Evacuation Pause) (young), 0.0068539 secs]
   [Parallel Time: 2.7 ms, GC Workers: 10]
      [GC Worker Start (ms): Min: 266519.6, Avg: 266519.8, Max: 266520.1, Diff: 0.5]
      [Ext Root Scanning (ms): Min: 0.8, Avg: 1.1, Max: 1.4, Diff: 0.6, Sum: 11.1]
      [Update RS (ms): Min: 0.3, Avg: 0.3, Max: 0.4, Diff: 0.1, Sum: 3.3]
         [Processed Buffers: Min: 1, Avg: 4.2, Max: 7, Diff: 6, Sum: 42]
      [Scan RS (ms): Min: 0.0, Avg: 0.1, Max: 0.1, Diff: 0.1, Sum: 0.8]
      [Code Root Scanning (ms): Min: 0.0, Avg: 0.0, Max: 0.0, Diff: 0.0, Sum: 0.0]
      [Object Copy (ms): Min: 0.2, Avg: 0.3, Max: 0.4, Diff: 0.2, Sum: 3.1]
      [Termination (ms): Min: 0.0, Avg: 0.0, Max: 0.0, Diff: 0.0, Sum: 0.1]
         [Termination Attempts: Min: 1, Avg: 1.0, Max: 1, Diff: 0, Sum: 10]
      [GC Worker Other (ms): Min: 0.0, Avg: 0.0, Max: 0.1, Diff: 0.1, Sum: 0.5]
      [GC Worker Total (ms): Min: 1.6, Avg: 1.9, Max: 2.1, Diff: 0.5, Sum: 18.9]
      [GC Worker End (ms): Min: 266521.7, Avg: 266521.7, Max: 266521.8, Diff: 0.1]
   [Code Root Fixup: 0.0 ms]
   [Code Root Purge: 0.0 ms]
   [Clear CT: 1.5 ms]
   [Other: 2.6 ms]
      [Choose CSet: 0.0 ms]
      [Ref Proc: 1.1 ms]
      [Ref Enq: 0.0 ms]
      [Redirty Cards: 1.2 ms]
      [Humongous Register: 0.0 ms]
      [Humongous Reclaim: 0.0 ms]
      [Free CSet: 0.1 ms]
   [Eden: 152.0M(152.0M)->0.0B(152.0M) Survivors: 1024.0K->1024.0K Heap: 180.0M(256.0M)->28645.9K(256.0M)]
Heap after GC invocations=163 (full 0):
 garbage-first heap   total 262144K, used 28645K [0x00000000f0000000, 0x00000000f0100800, 0x0000000100000000)
  region size 1024K, 1 young (1024K), 1 survivors (1024K)
 Metaspace       used 52782K, capacity 56012K, committed 56192K, reserved 1097728K
  class space    used 6460K, capacity 7028K, committed 7040K, reserved 1048576K
}
 [Times: user=0.03 sys=0.01, real=0.01 secs] 
{Heap before GC invocations=163 (full 0):
 garbage-first heap   total 262144K, used 184293K [0x00000000f0000000, 0x00000000f0100800, 0x0000000100000000)
  region size 1024K, 153 young (156672K), 1 survivors (1024K)
 Metaspace       used 52782K, capacity 56012K, committed 56192K, reserved 1097728K
  class space    used 6460K, capacity 7028K, committed 7040K, reserved 1048576K
2023-10-03T06:49:19.561+0800: 267.424: [GC pause (G1 Evacuation Pause) (young), 0.0070743 secs]
   [Parallel Time: 2.9 ms, GC Workers: 10]
      [GC Worker Start (ms): Min: 267424.6, Avg: 267424.8, Max: 267425.0, Diff: 0.4]
      [Ext Root Scanning (ms): Min: 0.9, Avg: 1.2, Max: 1.5, Diff: 0.6, Sum: 11.6]
      [Update RS (ms): Min: 0.3, Avg: 0.4, Max: 0.4, Diff: 0.1, Sum: 3.8]
         [Processed Buffers: Min: 2, Avg: 4.3, Max: 9, Diff: 7, Sum: 43]
      [Scan RS (ms): Min: 0.0, Avg: 0.1, Max: 0.1, Diff: 0.1, Sum: 0.5]
      [Code Root Scanning (ms): Min: 0.0, Avg: 0.0, Max: 0.0, Diff: 0.0, Sum: 0.0]
      [Object Copy (ms): Min: 0.3, Avg: 0.4, Max: 0.4, Diff: 0.1, Sum: 3.6]
      [Termination (ms): Min: 0.0, Avg: 0.0, Max: 0.0, Diff: 0.0, Sum: 0.0]
         [Termination Attempts: Min: 1, Avg: 1.0, Max: 1, Diff: 0, Sum: 10]
      [GC Worker Other (ms): Min: 0.0, Avg: 0.0, Max: 0.1, Diff: 0.1, Sum: 0.4]
      [GC Worker Total (ms): Min: 1.8, Avg: 2.0, Max: 2.2, Diff: 0.4, Sum: 20.0]
      [GC Worker End (ms): Min: 267426.7, Avg: 267426.8, Max: 267426.8, Diff: 0.1]
   [Code Root Fixup: 0.0 ms]
   [Code Root Purge: 0.0 ms]
   [Clear CT: 1.0 ms]
   [Other: 3.2 ms]
      [Choose CSet: 0.0 ms]
      [Ref Proc: 1.4 ms]
      [Ref Enq: 0.0 ms]
      [Redirty Cards: 1.5 ms]
      [Humongous Register: 0.0 ms]
      [Humongous Reclaim: 0.0 ms]
      [Free CSet: 0.1 ms]
   [Eden: 152.0M(152.0M)->0.0B(152.0M) Survivors: 1024.0K->1024.0K Heap: 180.0M(256.0M)->28705.4K(256.0M)]
Heap after GC invocations=164 (full 0):
 garbage-first heap   total 262144K, used 28705K [0x00000000f0000000, 0x00000000f0100800, 0x0000000100000000)
  region size 1024K, 1 young (1024K), 1 survivors (1024K)
 Metaspace       used 52782K, capacity 56012K, committed 56192K, reserved 1097728K
  class space    used 6460K, capacity 7028K, committed 7040K, reserved 1048576K
}
 [Times: user=0.03 sys=0.00, real=0.00 secs] 
{Heap before GC invocations=164 (full 0):
 garbage-first heap   total 262144K, used 184353K [0x00000000f0000000, 0x00000000f0100800, 0x0000000100000000)
  region size 1024K, 153 young (156672K), 1 survivors (1024K)
 Metaspace       used 52782K, capacity 56012K, committed 56192K, reserved 1097728K
  class space    used 6460K, capacity 7028K, committed 7040K, reserved 1048576K
2023-10-03T06:49:20.490+0800: 268.354: [GC pause (G1 Evacuation Pause) (young), 0.0074596 secs]
   [Parallel Time: 2.9 ms, GC Workers: 10]
      [GC Worker Start (ms): Min: 268353.7, Avg: 268354.0, Max: 268354.1, Diff: 0.4]
      [Ext Root Scanning (ms): Min: 0.9, Avg: 1.1, Max: 1.6, Diff: 0.7, Sum: 11.3]
      [Update RS (ms): Min: 0.2, Avg: 0.3, Max: 0.4, Diff: 0.2, Sum: 3.3]
         [Processed Buffers: Min: 2, Avg: 4.2, Max: 7, Diff: 5, Sum: 42]
      [Scan RS (ms): Min: 0.0, Avg: 0.1, Max: 0.1, Diff: 0.1, Sum: 0.7]
      [Code Root Scanning (ms): Min: 0.0, Avg: 0.0, Max: 0.0, Diff: 0.0, Sum: 0.0]
      [Object Copy (ms): Min: 0.3, Avg: 0.4, Max: 0.4, Diff: 0.1, Sum: 3.5]
      [Termination (ms): Min: 0.0, Avg: 0.0, Max: 0.0, Diff: 0.0, Sum: 0.0]
         [Termination Attempts: Min: 1, Avg: 1.0, Max: 1, Diff: 0, Sum: 10]
      [GC Worker Other (ms): Min: 0.0, Avg: 0.0, Max: 0.1, Diff: 0.1, Sum: 0.5]
      [GC Worker Total (ms): Min: 1.7, Avg: 1.9, Max: 2.2, Diff: 0.4, Sum: 19.4]
      [GC Worker End (ms): Min: 268355.9, Avg: 268355.9, Max: 268356.0, Diff: 0.1]
   [Code Root Fixup: 0.0 ms]
   [Code Root Purge: 0.0 ms]
   [Clear CT: 1.3 ms]
   [Other: 3.2 ms]
      [Choose CSet: 0.0 ms]
      [Ref Proc: 1.5 ms]
      [Ref Enq: 0.0 ms]
      [Redirty Cards: 1.5 ms]
      [Humongous Register: 0.0 ms]
      [Humongous Reclaim: 0.0 ms]
      [Free CSet: 0.1 ms]
   [Eden: 152.0M(152.0M)->0.0B(152.0M) Survivors: 1024.0K->1024.0K Heap: 180.0M(256.0M)->28694.7K(256.0M)]
Heap after GC invocations=165 (full 0):
 garbage-first heap   total 262144K, used 28694K [0x00000000f0000000, 0x00000000f0100800, 0x0000000100000000)
  region size 1024K, 1 young (1024K), 1 survivors (1024K)
 Metaspace       used 52782K, capacity 56012K, committed 56192K, reserved 1097728K
  class space    used 6460K, capacity 7028K, committed 7040K, reserved 1048576K
}
 [Times: user=0.02 sys=0.01, real=0.00 secs] 
{Heap before GC invocations=165 (full 0):
 garbage-first heap   total 262144K, used 184342K [0x00000000f0000000, 0x00000000f0100800, 0x0000000100000000)
  region size 1024K, 153 young (156672K), 1 survivors (1024K)
 Metaspace       used 52782K, capacity 56012K, committed 56192K, reserved 1097728K
  class space    used 6460K, capacity 7028K, committed 7040K, reserved 1048576K
2023-10-03T06:49:21.418+0800: 269.281: [GC pause (G1 Evacuation Pause) (young), 0.0067617 secs]
   [Parallel Time: 2.8 ms, GC Workers: 10]
      [GC Worker Start (ms): Min: 269281.3, Avg: 269281.6, Max: 269281.8, Diff: 0.5]
      [Ext Root Scanning (ms): Min: 0.8, Avg: 1.1, Max: 1.4, Diff: 0.6, Sum: 10.6]
      [Update RS (ms): Min: 0.3, Avg: 0.4, Max: 0.4, Diff: 0.1, Sum: 3.6]
         [Processed Buffers: Min: 2, Avg: 4.2, Max: 8, Diff: 6, Sum: 42]
      [Scan RS (ms): Min: 0.0, Avg: 0.1, Max: 0.1, Diff: 0.1, Sum: 0.6]
      [Code Root Scanning (ms): Min: 0.0, Avg: 0.0, Max: 0.0, Diff: 0.0, Sum: 0.0]
      [Object Copy (ms): Min: 0.2, Avg: 0.3, Max: 0.3, Diff: 0.1, Sum: 2.7]
      [Termination (ms): Min: 0.0, Avg: 0.0, Max: 0.0, Diff: 0.0, Sum: 0.0]
         [Termination Attempts: Min: 1, Avg: 1.1, Max: 2, Diff: 1, Sum: 11]
      [GC Worker Other (ms): Min: 0.0, Avg: 0.0, Max: 0.1, Diff: 0.1, Sum: 0.5]
      [GC Worker Total (ms): Min: 1.6, Avg: 1.8, Max: 2.1, Diff: 0.5, Sum: 18.1]
      [GC Worker End (ms): Min: 269283.4, Avg: 269283.4, Max: 269283.5, Diff: 0.1]
   [Code Root Fixup: 0.0 ms]
   [Code Root Purge: 0.0 ms]
   [Clear CT: 1.1 ms]
   [Other: 2.9 ms]
      [Choose CSet: 0.0 ms]
      [Ref Proc: 1.3 ms]
      [Ref Enq: 0.0 ms]
      [Redirty Cards: 1.3 ms]
      [Humongous Register: 0.0 ms]
      [Humongous Reclaim: 0.0 ms]
      [Free CSet: 0.1 ms]
   [Eden: 152.0M(152.0M)->0.0B(152.0M) Survivors: 1024.0K->1024.0K Heap: 180.0M(256.0M)->28644.8K(256.0M)]
Heap after GC invocations=166 (full 0):
 garbage-first heap   total 262144K, used 28644K [0x00000000f0000000, 0x00000000f0100800, 0x0000000100000000)
  region size 1024K, 1 young (1024K), 1 survivors (1024K)
 Metaspace       used 52782K, capacity 56012K, committed 56192K, reserved 1097728K
  class space    used 6460K, capacity 7028K, committed 7040K, reserved 1048576K
}
 [Times: user=0.03 sys=0.00, real=0.01 secs] 
{Heap before GC invocations=166 (full 0):
 garbage-first heap   total 262144K, used 184292K [0x00000000f0000000, 0x00000000f0100800, 0x0000000100000000)
  region size 1024K, 153 young (156672K), 1 survivors (1024K)
 Metaspace       used 52782K, capacity 56012K, committed 56192K, reserved 1097728K
  class space    used 6460K, capacity 7028K, committed 7040K, reserved 1048576K
2023-10-03T06:49:22.285+0800: 270.148: [GC pause (G1 Evacuation Pause) (young), 0.0067730 secs]
   [Parallel Time: 2.9 ms, GC Workers: 10]
      [GC Worker Start (ms): Min: 270148.0, Avg: 270148.3, Max: 270148.5, Diff: 0.5]
      [Ext Root Scanning (ms): Min: 0.8, Avg: 1.1, Max: 1.5, Diff: 0.6, Sum: 10.8]
      [Update RS (ms): Min: 0.3, Avg: 0.4, Max: 0.6, Diff: 0.3, Sum: 3.8]
         [Processed Buffers: Min: 2, Avg: 4.2, Max: 7, Diff: 5, Sum: 42]
      [Scan RS (ms): Min: 0.0, Avg: 0.1, Max: 0.1, Diff: 0.1, Sum: 0.5]
      [Code Root Scanning (ms): Min: 0.0, Avg: 0.0, Max: 0.0, Diff: 0.0, Sum: 0.0]
      [Object Copy (ms): Min: 0.2, Avg: 0.4, Max: 0.4, Diff: 0.2, Sum: 3.7]
      [Termination (ms): Min: 0.0, Avg: 0.0, Max: 0.0, Diff: 0.0, Sum: 0.0]
         [Termination Attempts: Min: 1, Avg: 1.0, Max: 1, Diff: 0, Sum: 10]
      [GC Worker Other (ms): Min: 0.0, Avg: 0.0, Max: 0.1, Diff: 0.1, Sum: 0.5]
      [GC Worker Total (ms): Min: 1.7, Avg: 1.9, Max: 2.2, Diff: 0.5, Sum: 19.4]
      [GC Worker End (ms): Min: 270150.2, Avg: 270150.2, Max: 270150.3, Diff: 0.1]
   [Code Root Fixup: 0.0 ms]
   [Code Root Purge: 0.0 ms]
   [Clear CT: 1.0 ms]
   [Other: 2.9 ms]
      [Choose CSet: 0.0 ms]
      [Ref Proc: 1.4 ms]
      [Ref Enq: 0.0 ms]
      [Redirty Cards: 1.2 ms]
      [Humongous Register: 0.0 ms]
      [Humongous Reclaim: 0.0 ms]
      [Free CSet: 0.1 ms]
   [Eden: 152.0M(152.0M)->0.0B(152.0M) Survivors: 1024.0K->1024.0K Heap: 180.0M(256.0M)->28680.0K(256.0M)]
Heap after GC invocations=167 (full 0):
 garbage-first heap   total 262144K, used 28679K [0x00000000f0000000, 0x00000000f0100800, 0x0000000100000000)
  region size 1024K, 1 young (1024K), 1 survivors (1024K)
 Metaspace       used 52782K, capacity 56012K, committed 56192K, reserved 1097728K
  class space    used 6460K, capacity 7028K, committed 7040K, reserved 1048576K
}
 [Times: user=0.02 sys=0.00, real=0.01 secs] 
{Heap before GC invocations=167 (full 0):
 garbage-first heap   total 262144K, used 184327K [0x00000000f0000000, 0x00000000f0100800, 0x0000000100000000)
  region size 1024K, 153 young (156672K), 1 survivors (1024K)
 Metaspace       used 52782K, capacity 56012K, committed 56192K, reserved 1097728K
  class space    used 6460K, capacity 7028K, committed 7040K, reserved 1048576K
2023-10-03T06:49:23.198+0800: 271.061: [GC pause (G1 Evacuation Pause) (young), 0.0075037 secs]
   [Parallel Time: 3.1 ms, GC Workers: 10]
      [GC Worker Start (ms): Min: 271061.0, Avg: 271061.3, Max: 271061.6, Diff: 0.6]
      [Ext Root Scanning (ms): Min: 0.8, Avg: 1.1, Max: 1.4, Diff: 0.7, Sum: 10.9]
      [Update RS (ms): Min: 0.2, Avg: 0.3, Max: 0.4, Diff: 0.2, Sum: 3.5]
         [Processed Buffers: Min: 2, Avg: 4.0, Max: 8, Diff: 6, Sum: 40]
      [Scan RS (ms): Min: 0.0, Avg: 0.1, Max: 0.1, Diff: 0.1, Sum: 0.7]
      [Code Root Scanning (ms): Min: 0.0, Avg: 0.0, Max: 0.0, Diff: 0.0, Sum: 0.0]
      [Object Copy (ms): Min: 0.2, Avg: 0.3, Max: 0.4, Diff: 0.2, Sum: 3.4]
      [Termination (ms): Min: 0.0, Avg: 0.0, Max: 0.0, Diff: 0.0, Sum: 0.0]
         [Termination Attempts: Min: 1, Avg: 1.2, Max: 2, Diff: 1, Sum: 12]
      [GC Worker Other (ms): Min: 0.0, Avg: 0.1, Max: 0.2, Diff: 0.2, Sum: 0.9]
      [GC Worker Total (ms): Min: 1.6, Avg: 1.9, Max: 2.3, Diff: 0.6, Sum: 19.4]
      [GC Worker End (ms): Min: 271063.2, Avg: 271063.3, Max: 271063.4, Diff: 0.2]
   [Code Root Fixup: 0.0 ms]
   [Code Root Purge: 0.0 ms]
   [Clear CT: 1.3 ms]
   [Other: 3.1 ms]
      [Choose CSet: 0.0 ms]
      [Ref Proc: 1.4 ms]
      [Ref Enq: 0.0 ms]
      [Redirty Cards: 1.5 ms]
      [Humongous Register: 0.0 ms]
      [Humongous Reclaim: 0.0 ms]
      [Free CSet: 0.1 ms]
   [Eden: 152.0M(152.0M)->0.0B(152.0M) Survivors: 1024.0K->1024.0K Heap: 180.0M(256.0M)->28704.3K(256.0M)]
Heap after GC invocations=168 (full 0):
 garbage-first heap   total 262144K, used 28704K [0x00000000f0000000, 0x00000000f0100800, 0x0000000100000000)
  region size 1024K, 1 young (1024K), 1 survivors (1024K)
 Metaspace       used 52782K, capacity 56012K, committed 56192K, reserved 1097728K
  class space    used 6460K, capacity 7028K, committed 7040K, reserved 1048576K
}
 [Times: user=0.02 sys=0.00, real=0.01 secs] 
{Heap before GC invocations=168 (full 0):
 garbage-first heap   total 262144K, used 184352K [0x00000000f0000000, 0x00000000f0100800, 0x0000000100000000)
  region size 1024K, 153 young (156672K), 1 survivors (1024K)
 Metaspace       used 52782K, capacity 56012K, committed 56192K, reserved 1097728K
  class space    used 6460K, capacity 7028K, committed 7040K, reserved 1048576K
2023-10-03T06:49:24.073+0800: 271.936: [GC pause (G1 Evacuation Pause) (young), 0.0064210 secs]
   [Parallel Time: 2.7 ms, GC Workers: 10]
      [GC Worker Start (ms): Min: 271936.1, Avg: 271936.4, Max: 271936.6, Diff: 0.4]
      [Ext Root Scanning (ms): Min: 0.9, Avg: 1.1, Max: 1.6, Diff: 0.7, Sum: 11.4]
      [Update RS (ms): Min: 0.2, Avg: 0.3, Max: 0.4, Diff: 0.2, Sum: 3.4]
         [Processed Buffers: Min: 3, Avg: 4.3, Max: 6, Diff: 3, Sum: 43]
      [Scan RS (ms): Min: 0.0, Avg: 0.1, Max: 0.1, Diff: 0.1, Sum: 0.6]
      [Code Root Scanning (ms): Min: 0.0, Avg: 0.0, Max: 0.0, Diff: 0.0, Sum: 0.0]
      [Object Copy (ms): Min: 0.2, Avg: 0.3, Max: 0.4, Diff: 0.2, Sum: 3.3]
      [Termination (ms): Min: 0.0, Avg: 0.0, Max: 0.0, Diff: 0.0, Sum: 0.0]
         [Termination Attempts: Min: 1, Avg: 1.0, Max: 1, Diff: 0, Sum: 10]
      [GC Worker Other (ms): Min: 0.0, Avg: 0.0, Max: 0.1, Diff: 0.1, Sum: 0.4]
      [GC Worker Total (ms): Min: 1.7, Avg: 1.9, Max: 2.1, Diff: 0.4, Sum: 19.0]
      [GC Worker End (ms): Min: 271938.2, Avg: 271938.3, Max: 271938.3, Diff: 0.1]
   [Code Root Fixup: 0.0 ms]
   [Code Root Purge: 0.0 ms]
   [Clear CT: 1.2 ms]
   [Other: 2.5 ms]
      [Choose CSet: 0.0 ms]
      [Ref Proc: 1.0 ms]
      [Ref Enq: 0.0 ms]
      [Redirty Cards: 1.2 ms]
      [Humongous Register: 0.0 ms]
      [Humongous Reclaim: 0.0 ms]
      [Free CSet: 0.1 ms]
   [Eden: 152.0M(152.0M)->0.0B(152.0M) Survivors: 1024.0K->1024.0K Heap: 180.0M(256.0M)->28679.5K(256.0M)]
Heap after GC invocations=169 (full 0):
 garbage-first heap   total 262144K, used 28679K [0x00000000f0000000, 0x00000000f0100800, 0x0000000100000000)
  region size 1024K, 1 young (1024K), 1 survivors (1024K)
 Metaspace       used 52782K, capacity 56012K, committed 56192K, reserved 1097728K
  class space    used 6460K, capacity 7028K, committed 7040K, reserved 1048576K
}
 [Times: user=0.02 sys=0.00, real=0.00 secs] 
{Heap before GC invocations=169 (full 0):
 garbage-first heap   total 262144K, used 184327K [0x00000000f0000000, 0x00000000f0100800, 0x0000000100000000)
  region size 1024K, 153 young (156672K), 1 survivors (1024K)
 Metaspace       used 52782K, capacity 56012K, committed 56192K, reserved 1097728K
  class space    used 6460K, capacity 7028K, committed 7040K, reserved 1048576K
2023-10-03T06:49:24.962+0800: 272.825: [GC pause (G1 Evacuation Pause) (young), 0.0073208 secs]
   [Parallel Time: 3.0 ms, GC Workers: 10]
      [GC Worker Start (ms): Min: 272824.9, Avg: 272825.2, Max: 272825.4, Diff: 0.5]
      [Ext Root Scanning (ms): Min: 0.9, Avg: 1.1, Max: 1.4, Diff: 0.6, Sum: 11.1]
      [Update RS (ms): Min: 0.3, Avg: 0.3, Max: 0.5, Diff: 0.2, Sum: 3.4]
         [Processed Buffers: Min: 2, Avg: 4.2, Max: 8, Diff: 6, Sum: 42]
      [Scan RS (ms): Min: 0.0, Avg: 0.1, Max: 0.1, Diff: 0.1, Sum: 0.5]
      [Code Root Scanning (ms): Min: 0.0, Avg: 0.0, Max: 0.0, Diff: 0.0, Sum: 0.0]
      [Object Copy (ms): Min: 0.3, Avg: 0.4, Max: 0.5, Diff: 0.2, Sum: 4.0]
      [Termination (ms): Min: 0.0, Avg: 0.0, Max: 0.0, Diff: 0.0, Sum: 0.0]
         [Termination Attempts: Min: 1, Avg: 1.3, Max: 2, Diff: 1, Sum: 13]
      [GC Worker Other (ms): Min: 0.0, Avg: 0.0, Max: 0.2, Diff: 0.1, Sum: 0.5]
      [GC Worker Total (ms): Min: 1.7, Avg: 2.0, Max: 2.3, Diff: 0.5, Sum: 19.7]
      [GC Worker End (ms): Min: 272827.1, Avg: 272827.2, Max: 272827.3, Diff: 0.1]
   [Code Root Fixup: 0.0 ms]
   [Code Root Purge: 0.0 ms]
   [Clear CT: 1.3 ms]
   [Other: 3.0 ms]
      [Choose CSet: 0.0 ms]
      [Ref Proc: 1.4 ms]
      [Ref Enq: 0.0 ms]
      [Redirty Cards: 1.4 ms]
      [Humongous Register: 0.0 ms]
      [Humongous Reclaim: 0.0 ms]
      [Free CSet: 0.1 ms]
   [Eden: 152.0M(152.0M)->0.0B(152.0M) Survivors: 1024.0K->1024.0K Heap: 180.0M(256.0M)->28727.2K(256.0M)]
Heap after GC invocations=170 (full 0):
 garbage-first heap   total 262144K, used 28727K [0x00000000f0000000, 0x00000000f0100800, 0x0000000100000000)
  region size 1024K, 1 young (1024K), 1 survivors (1024K)
 Metaspace       used 52782K, capacity 56012K, committed 56192K, reserved 1097728K
  class space    used 6460K, capacity 7028K, committed 7040K, reserved 1048576K
}
 [Times: user=0.03 sys=0.00, real=0.00 secs] 
{Heap before GC invocations=170 (full 0):
 garbage-first heap   total 262144K, used 184375K [0x00000000f0000000, 0x00000000f0100800, 0x0000000100000000)
  region size 1024K, 153 young (156672K), 1 survivors (1024K)
 Metaspace       used 52782K, capacity 56012K, committed 56192K, reserved 1097728K
  class space    used 6460K, capacity 7028K, committed 7040K, reserved 1048576K
2023-10-03T06:49:25.847+0800: 273.711: [GC pause (G1 Evacuation Pause) (young), 0.0067779 secs]
   [Parallel Time: 2.8 ms, GC Workers: 10]
      [GC Worker Start (ms): Min: 273710.8, Avg: 273711.0, Max: 273711.3, Diff: 0.5]
      [Ext Root Scanning (ms): Min: 0.9, Avg: 1.1, Max: 1.5, Diff: 0.6, Sum: 11.0]
      [Update RS (ms): Min: 0.3, Avg: 0.3, Max: 0.4, Diff: 0.1, Sum: 3.3]
         [Processed Buffers: Min: 2, Avg: 4.1, Max: 6, Diff: 4, Sum: 41]
      [Scan RS (ms): Min: 0.0, Avg: 0.1, Max: 0.1, Diff: 0.1, Sum: 0.6]
      [Code Root Scanning (ms): Min: 0.0, Avg: 0.0, Max: 0.0, Diff: 0.0, Sum: 0.0]
      [Object Copy (ms): Min: 0.3, Avg: 0.4, Max: 0.4, Diff: 0.1, Sum: 3.8]
      [Termination (ms): Min: 0.0, Avg: 0.0, Max: 0.0, Diff: 0.0, Sum: 0.0]
         [Termination Attempts: Min: 1, Avg: 1.0, Max: 1, Diff: 0, Sum: 10]
      [GC Worker Other (ms): Min: 0.0, Avg: 0.0, Max: 0.1, Diff: 0.1, Sum: 0.4]
      [GC Worker Total (ms): Min: 1.7, Avg: 1.9, Max: 2.2, Diff: 0.5, Sum: 19.1]
      [GC Worker End (ms): Min: 273712.9, Avg: 273713.0, Max: 273713.0, Diff: 0.1]
   [Code Root Fixup: 0.0 ms]
   [Code Root Purge: 0.0 ms]
   [Clear CT: 1.4 ms]
   [Other: 2.5 ms]
      [Choose CSet: 0.0 ms]
      [Ref Proc: 1.0 ms]
      [Ref Enq: 0.0 ms]
      [Redirty Cards: 1.2 ms]
      [Humongous Register: 0.0 ms]
      [Humongous Reclaim: 0.0 ms]
      [Free CSet: 0.1 ms]
   [Eden: 152.0M(152.0M)->0.0B(152.0M) Survivors: 1024.0K->1024.0K Heap: 180.1M(256.0M)->28759.4K(256.0M)]
Heap after GC invocations=171 (full 0):
 garbage-first heap   total 262144K, used 28759K [0x00000000f0000000, 0x00000000f0100800, 0x0000000100000000)
  region size 1024K, 1 young (1024K), 1 survivors (1024K)
 Metaspace       used 52782K, capacity 56012K, committed 56192K, reserved 1097728K
  class space    used 6460K, capacity 7028K, committed 7040K, reserved 1048576K
}
 [Times: user=0.02 sys=0.00, real=0.01 secs] 
{Heap before GC invocations=171 (full 0):
 garbage-first heap   total 262144K, used 184407K [0x00000000f0000000, 0x00000000f0100800, 0x0000000100000000)
  region size 1024K, 153 young (156672K), 1 survivors (1024K)
 Metaspace       used 52782K, capacity 56012K, committed 56192K, reserved 1097728K
  class space    used 6460K, capacity 7028K, committed 7040K, reserved 1048576K
2023-10-03T06:49:26.750+0800: 274.613: [GC pause (G1 Evacuation Pause) (young), 0.0070716 secs]
   [Parallel Time: 2.7 ms, GC Workers: 10]
      [GC Worker Start (ms): Min: 274613.6, Avg: 274613.9, Max: 274614.1, Diff: 0.5]
      [Ext Root Scanning (ms): Min: 0.8, Avg: 1.0, Max: 1.5, Diff: 0.7, Sum: 10.4]
      [Update RS (ms): Min: 0.3, Avg: 0.3, Max: 0.4, Diff: 0.1, Sum: 3.4]
         [Processed Buffers: Min: 1, Avg: 4.1, Max: 7, Diff: 6, Sum: 41]
      [Scan RS (ms): Min: 0.0, Avg: 0.1, Max: 0.1, Diff: 0.1, Sum: 0.6]
      [Code Root Scanning (ms): Min: 0.0, Avg: 0.0, Max: 0.0, Diff: 0.0, Sum: 0.0]
      [Object Copy (ms): Min: 0.2, Avg: 0.3, Max: 0.3, Diff: 0.1, Sum: 2.7]
      [Termination (ms): Min: 0.0, Avg: 0.0, Max: 0.0, Diff: 0.0, Sum: 0.0]
         [Termination Attempts: Min: 1, Avg: 1.2, Max: 2, Diff: 1, Sum: 12]
      [GC Worker Other (ms): Min: 0.0, Avg: 0.0, Max: 0.1, Diff: 0.1, Sum: 0.3]
      [GC Worker Total (ms): Min: 1.5, Avg: 1.8, Max: 2.0, Diff: 0.5, Sum: 17.6]
      [GC Worker End (ms): Min: 274615.6, Avg: 274615.7, Max: 274615.7, Diff: 0.1]
   [Code Root Fixup: 0.0 ms]
   [Code Root Purge: 0.0 ms]
   [Clear CT: 1.3 ms]
   [Other: 3.0 ms]
      [Choose CSet: 0.0 ms]
      [Ref Proc: 1.4 ms]
      [Ref Enq: 0.0 ms]
      [Redirty Cards: 1.3 ms]
      [Humongous Register: 0.0 ms]
      [Humongous Reclaim: 0.0 ms]
      [Free CSet: 0.1 ms]
   [Eden: 152.0M(152.0M)->0.0B(152.0M) Survivors: 1024.0K->1024.0K Heap: 180.1M(256.0M)->28658.2K(256.0M)]
Heap after GC invocations=172 (full 0):
 garbage-first heap   total 262144K, used 28658K [0x00000000f0000000, 0x00000000f0100800, 0x0000000100000000)
  region size 1024K, 1 young (1024K), 1 survivors (1024K)
 Metaspace       used 52782K, capacity 56012K, committed 56192K, reserved 1097728K
  class space    used 6460K, capacity 7028K, committed 7040K, reserved 1048576K
}
 [Times: user=0.03 sys=0.00, real=0.00 secs] 
{Heap before GC invocations=172 (full 0):
 garbage-first heap   total 262144K, used 184306K [0x00000000f0000000, 0x00000000f0100800, 0x0000000100000000)
  region size 1024K, 153 young (156672K), 1 survivors (1024K)
 Metaspace       used 52782K, capacity 56012K, committed 56192K, reserved 1097728K
  class space    used 6460K, capacity 7028K, committed 7040K, reserved 1048576K
2023-10-03T06:49:27.641+0800: 275.504: [GC pause (G1 Evacuation Pause) (young), 0.0068417 secs]
   [Parallel Time: 2.6 ms, GC Workers: 10]
      [GC Worker Start (ms): Min: 275504.0, Avg: 275504.2, Max: 275504.4, Diff: 0.5]
      [Ext Root Scanning (ms): Min: 0.8, Avg: 1.1, Max: 1.5, Diff: 0.7, Sum: 10.8]
      [Update RS (ms): Min: 0.3, Avg: 0.3, Max: 0.4, Diff: 0.1, Sum: 3.5]
         [Processed Buffers: Min: 2, Avg: 4.1, Max: 6, Diff: 4, Sum: 41]
      [Scan RS (ms): Min: 0.0, Avg: 0.1, Max: 0.1, Diff: 0.1, Sum: 0.5]
      [Code Root Scanning (ms): Min: 0.0, Avg: 0.0, Max: 0.0, Diff: 0.0, Sum: 0.0]
      [Object Copy (ms): Min: 0.2, Avg: 0.4, Max: 0.4, Diff: 0.2, Sum: 3.5]
      [Termination (ms): Min: 0.0, Avg: 0.0, Max: 0.0, Diff: 0.0, Sum: 0.0]
         [Termination Attempts: Min: 1, Avg: 1.0, Max: 1, Diff: 0, Sum: 10]
      [GC Worker Other (ms): Min: 0.0, Avg: 0.0, Max: 0.1, Diff: 0.1, Sum: 0.5]
      [GC Worker Total (ms): Min: 1.6, Avg: 1.9, Max: 2.1, Diff: 0.5, Sum: 18.8]
      [GC Worker End (ms): Min: 275506.0, Avg: 275506.1, Max: 275506.1, Diff: 0.1]
   [Code Root Fixup: 0.0 ms]
   [Code Root Purge: 0.0 ms]
   [Clear CT: 1.3 ms]
   [Other: 2.9 ms]
      [Choose CSet: 0.0 ms]
      [Ref Proc: 1.2 ms]
      [Ref Enq: 0.0 ms]
      [Redirty Cards: 1.4 ms]
      [Humongous Register: 0.0 ms]
      [Humongous Reclaim: 0.0 ms]
      [Free CSet: 0.1 ms]
   [Eden: 152.0M(152.0M)->0.0B(152.0M) Survivors: 1024.0K->1024.0K Heap: 180.0M(256.0M)->28675.3K(256.0M)]
Heap after GC invocations=173 (full 0):
 garbage-first heap   total 262144K, used 28675K [0x00000000f0000000, 0x00000000f0100800, 0x0000000100000000)
  region size 1024K, 1 young (1024K), 1 survivors (1024K)
 Metaspace       used 52782K, capacity 56012K, committed 56192K, reserved 1097728K
  class space    used 6460K, capacity 7028K, committed 7040K, reserved 1048576K
}
 [Times: user=0.02 sys=0.00, real=0.00 secs] 
{Heap before GC invocations=173 (full 0):
 garbage-first heap   total 262144K, used 184323K [0x00000000f0000000, 0x00000000f0100800, 0x0000000100000000)
  region size 1024K, 153 young (156672K), 1 survivors (1024K)
 Metaspace       used 52791K, capacity 56012K, committed 56192K, reserved 1097728K
  class space    used 6460K, capacity 7028K, committed 7040K, reserved 1048576K
2023-10-03T06:49:28.551+0800: 276.414: [GC pause (G1 Evacuation Pause) (young), 0.0068397 secs]
   [Parallel Time: 3.0 ms, GC Workers: 10]
      [GC Worker Start (ms): Min: 276414.3, Avg: 276414.5, Max: 276414.8, Diff: 0.5]
      [Ext Root Scanning (ms): Min: 0.9, Avg: 1.1, Max: 1.4, Diff: 0.6, Sum: 11.0]
      [Update RS (ms): Min: 0.3, Avg: 0.3, Max: 0.4, Diff: 0.1, Sum: 3.4]
         [Processed Buffers: Min: 2, Avg: 4.1, Max: 9, Diff: 7, Sum: 41]
      [Scan RS (ms): Min: 0.0, Avg: 0.1, Max: 0.1, Diff: 0.1, Sum: 0.6]
      [Code Root Scanning (ms): Min: 0.0, Avg: 0.0, Max: 0.0, Diff: 0.0, Sum: 0.0]
      [Object Copy (ms): Min: 0.3, Avg: 0.4, Max: 0.4, Diff: 0.1, Sum: 4.0]
      [Termination (ms): Min: 0.0, Avg: 0.0, Max: 0.0, Diff: 0.0, Sum: 0.0]
         [Termination Attempts: Min: 1, Avg: 1.1, Max: 2, Diff: 1, Sum: 11]
      [GC Worker Other (ms): Min: 0.0, Avg: 0.0, Max: 0.1, Diff: 0.1, Sum: 0.4]
      [GC Worker Total (ms): Min: 1.7, Avg: 1.9, Max: 2.2, Diff: 0.5, Sum: 19.5]
      [GC Worker End (ms): Min: 276416.5, Avg: 276416.5, Max: 276416.5, Diff: 0.1]
   [Code Root Fixup: 0.0 ms]
   [Code Root Purge: 0.0 ms]
   [Clear CT: 0.9 ms]
   [Other: 2.9 ms]
      [Choose CSet: 0.0 ms]
      [Ref Proc: 1.4 ms]
      [Ref Enq: 0.0 ms]
      [Redirty Cards: 1.2 ms]
      [Humongous Register: 0.0 ms]
      [Humongous Reclaim: 0.0 ms]
      [Free CSet: 0.1 ms]
   [Eden: 152.0M(152.0M)->0.0B(152.0M) Survivors: 1024.0K->1024.0K Heap: 180.0M(256.0M)->28699.1K(256.0M)]
Heap after GC invocations=174 (full 0):
 garbage-first heap   total 262144K, used 28699K [0x00000000f0000000, 0x00000000f0100800, 0x0000000100000000)
  region size 1024K, 1 young (1024K), 1 survivors (1024K)
 Metaspace       used 52791K, capacity 56012K, committed 56192K, reserved 1097728K
  class space    used 6460K, capacity 7028K, committed 7040K, reserved 1048576K
}
 [Times: user=0.03 sys=0.00, real=0.00 secs] 
{Heap before GC invocations=174 (full 0):
 garbage-first heap   total 262144K, used 184347K [0x00000000f0000000, 0x00000000f0100800, 0x0000000100000000)
  region size 1024K, 153 young (156672K), 1 survivors (1024K)
 Metaspace       used 52791K, capacity 56012K, committed 56192K, reserved 1097728K
  class space    used 6460K, capacity 7028K, committed 7040K, reserved 1048576K
2023-10-03T06:49:29.443+0800: 277.306: [GC pause (G1 Evacuation Pause) (young), 0.0067868 secs]
   [Parallel Time: 2.7 ms, GC Workers: 10]
      [GC Worker Start (ms): Min: 277306.6, Avg: 277306.9, Max: 277307.1, Diff: 0.5]
      [Ext Root Scanning (ms): Min: 0.8, Avg: 1.1, Max: 1.4, Diff: 0.6, Sum: 10.6]
      [Update RS (ms): Min: 0.3, Avg: 0.3, Max: 0.4, Diff: 0.1, Sum: 3.3]
         [Processed Buffers: Min: 2, Avg: 4.2, Max: 8, Diff: 6, Sum: 42]
      [Scan RS (ms): Min: 0.0, Avg: 0.1, Max: 0.1, Diff: 0.1, Sum: 0.6]
      [Code Root Scanning (ms): Min: 0.0, Avg: 0.0, Max: 0.0, Diff: 0.0, Sum: 0.0]
      [Object Copy (ms): Min: 0.2, Avg: 0.3, Max: 0.3, Diff: 0.1, Sum: 2.9]
      [Termination (ms): Min: 0.0, Avg: 0.0, Max: 0.0, Diff: 0.0, Sum: 0.0]
         [Termination Attempts: Min: 1, Avg: 1.0, Max: 1, Diff: 0, Sum: 10]
      [GC Worker Other (ms): Min: 0.0, Avg: 0.0, Max: 0.1, Diff: 0.1, Sum: 0.5]
      [GC Worker Total (ms): Min: 1.6, Avg: 1.8, Max: 2.0, Diff: 0.4, Sum: 18.0]
      [GC Worker End (ms): Min: 277308.7, Avg: 277308.7, Max: 277308.7, Diff: 0.1]
   [Code Root Fixup: 0.0 ms]
   [Code Root Purge: 0.0 ms]
   [Clear CT: 1.5 ms]
   [Other: 2.6 ms]
      [Choose CSet: 0.0 ms]
      [Ref Proc: 1.2 ms]
      [Ref Enq: 0.0 ms]
      [Redirty Cards: 1.1 ms]
      [Humongous Register: 0.0 ms]
      [Humongous Reclaim: 0.0 ms]
      [Free CSet: 0.1 ms]
   [Eden: 152.0M(152.0M)->0.0B(152.0M) Survivors: 1024.0K->1024.0K Heap: 180.0M(256.0M)->28637.9K(256.0M)]
Heap after GC invocations=175 (full 0):
 garbage-first heap   total 262144K, used 28637K [0x00000000f0000000, 0x00000000f0100800, 0x0000000100000000)
  region size 1024K, 1 young (1024K), 1 survivors (1024K)
 Metaspace       used 52791K, capacity 56012K, committed 56192K, reserved 1097728K
  class space    used 6460K, capacity 7028K, committed 7040K, reserved 1048576K
}
 [Times: user=0.03 sys=0.00, real=0.01 secs] 
{Heap before GC invocations=175 (full 0):
 garbage-first heap   total 262144K, used 184285K [0x00000000f0000000, 0x00000000f0100800, 0x0000000100000000)
  region size 1024K, 153 young (156672K), 1 survivors (1024K)
 Metaspace       used 52793K, capacity 56012K, committed 56192K, reserved 1097728K
  class space    used 6460K, capacity 7028K, committed 7040K, reserved 1048576K
2023-10-03T06:49:30.340+0800: 278.203: [GC pause (G1 Evacuation Pause) (young), 0.0070469 secs]
   [Parallel Time: 2.7 ms, GC Workers: 10]
      [GC Worker Start (ms): Min: 278203.3, Avg: 278203.5, Max: 278203.8, Diff: 0.5]
      [Ext Root Scanning (ms): Min: 0.7, Avg: 1.0, Max: 1.4, Diff: 0.7, Sum: 9.8]
      [Update RS (ms): Min: 0.2, Avg: 0.3, Max: 0.4, Diff: 0.1, Sum: 3.3]
         [Processed Buffers: Min: 3, Avg: 4.1, Max: 6, Diff: 3, Sum: 41]
      [Scan RS (ms): Min: 0.0, Avg: 0.1, Max: 0.1, Diff: 0.1, Sum: 0.6]
      [Code Root Scanning (ms): Min: 0.0, Avg: 0.0, Max: 0.0, Diff: 0.0, Sum: 0.0]
      [Object Copy (ms): Min: 0.2, Avg: 0.2, Max: 0.3, Diff: 0.1, Sum: 2.4]
      [Termination (ms): Min: 0.0, Avg: 0.0, Max: 0.0, Diff: 0.0, Sum: 0.0]
         [Termination Attempts: Min: 1, Avg: 1.0, Max: 1, Diff: 0, Sum: 10]
      [GC Worker Other (ms): Min: 0.0, Avg: 0.0, Max: 0.1, Diff: 0.1, Sum: 0.4]
      [GC Worker Total (ms): Min: 1.4, Avg: 1.6, Max: 1.9, Diff: 0.5, Sum: 16.5]
      [GC Worker End (ms): Min: 278205.2, Avg: 278205.2, Max: 278205.3, Diff: 0.1]
   [Code Root Fixup: 0.0 ms]
   [Code Root Purge: 0.0 ms]
   [Clear CT: 1.5 ms]
   [Other: 2.9 ms]
      [Choose CSet: 0.0 ms]
      [Ref Proc: 1.4 ms]
      [Ref Enq: 0.0 ms]
      [Redirty Cards: 1.3 ms]
      [Humongous Register: 0.0 ms]
      [Humongous Reclaim: 0.0 ms]
      [Free CSet: 0.1 ms]
   [Eden: 152.0M(152.0M)->0.0B(152.0M) Survivors: 1024.0K->1024.0K Heap: 180.0M(256.0M)->28614.2K(256.0M)]
Heap after GC invocations=176 (full 0):
 garbage-first heap   total 262144K, used 28614K [0x00000000f0000000, 0x00000000f0100800, 0x0000000100000000)
  region size 1024K, 1 young (1024K), 1 survivors (1024K)
 Metaspace       used 52793K, capacity 56012K, committed 56192K, reserved 1097728K
  class space    used 6460K, capacity 7028K, committed 7040K, reserved 1048576K
}
 [Times: user=0.02 sys=0.00, real=0.00 secs] 
{Heap before GC invocations=176 (full 0):
 garbage-first heap   total 262144K, used 184262K [0x00000000f0000000, 0x00000000f0100800, 0x0000000100000000)
  region size 1024K, 153 young (156672K), 1 survivors (1024K)
 Metaspace       used 52793K, capacity 56012K, committed 56192K, reserved 1097728K
  class space    used 6460K, capacity 7028K, committed 7040K, reserved 1048576K
2023-10-03T06:49:31.225+0800: 279.088: [GC pause (G1 Evacuation Pause) (young), 0.0072558 secs]
   [Parallel Time: 2.8 ms, GC Workers: 10]
      [GC Worker Start (ms): Min: 279088.6, Avg: 279088.8, Max: 279089.0, Diff: 0.4]
      [Ext Root Scanning (ms): Min: 0.9, Avg: 1.1, Max: 1.6, Diff: 0.7, Sum: 11.4]
      [Update RS (ms): Min: 0.2, Avg: 0.3, Max: 0.4, Diff: 0.2, Sum: 3.3]
         [Processed Buffers: Min: 2, Avg: 4.0, Max: 6, Diff: 4, Sum: 40]
      [Scan RS (ms): Min: 0.0, Avg: 0.1, Max: 0.1, Diff: 0.1, Sum: 0.5]
      [Code Root Scanning (ms): Min: 0.0, Avg: 0.0, Max: 0.0, Diff: 0.0, Sum: 0.0]
      [Object Copy (ms): Min: 0.3, Avg: 0.4, Max: 0.4, Diff: 0.2, Sum: 3.7]
      [Termination (ms): Min: 0.0, Avg: 0.0, Max: 0.0, Diff: 0.0, Sum: 0.0]
         [Termination Attempts: Min: 1, Avg: 1.0, Max: 1, Diff: 0, Sum: 10]
      [GC Worker Other (ms): Min: 0.0, Avg: 0.0, Max: 0.1, Diff: 0.1, Sum: 0.4]
      [GC Worker Total (ms): Min: 1.7, Avg: 1.9, Max: 2.1, Diff: 0.4, Sum: 19.4]
      [GC Worker End (ms): Min: 279090.7, Avg: 279090.7, Max: 279090.8, Diff: 0.1]
   [Code Root Fixup: 0.0 ms]
   [Code Root Purge: 0.0 ms]
   [Clear CT: 1.6 ms]
   [Other: 2.9 ms]
      [Choose CSet: 0.0 ms]
      [Ref Proc: 1.2 ms]
      [Ref Enq: 0.0 ms]
      [Redirty Cards: 1.4 ms]
      [Humongous Register: 0.0 ms]
      [Humongous Reclaim: 0.0 ms]
      [Free CSet: 0.1 ms]
   [Eden: 152.0M(152.0M)->0.0B(152.0M) Survivors: 1024.0K->1024.0K Heap: 179.9M(256.0M)->28686.7K(256.0M)]
Heap after GC invocations=177 (full 0):
 garbage-first heap   total 262144K, used 28686K [0x00000000f0000000, 0x00000000f0100800, 0x0000000100000000)
  region size 1024K, 1 young (1024K), 1 survivors (1024K)
 Metaspace       used 52793K, capacity 56012K, committed 56192K, reserved 1097728K
  class space    used 6460K, capacity 7028K, committed 7040K, reserved 1048576K
}
 [Times: user=0.03 sys=0.00, real=0.01 secs] 
{Heap before GC invocations=177 (full 0):
 garbage-first heap   total 262144K, used 184334K [0x00000000f0000000, 0x00000000f0100800, 0x0000000100000000)
  region size 1024K, 153 young (156672K), 1 survivors (1024K)
 Metaspace       used 52793K, capacity 56012K, committed 56192K, reserved 1097728K
  class space    used 6460K, capacity 7028K, committed 7040K, reserved 1048576K
2023-10-03T06:49:32.102+0800: 279.965: [GC pause (G1 Evacuation Pause) (young), 0.0067886 secs]
   [Parallel Time: 3.0 ms, GC Workers: 10]
      [GC Worker Start (ms): Min: 279965.0, Avg: 279965.2, Max: 279965.4, Diff: 0.5]
      [Ext Root Scanning (ms): Min: 0.9, Avg: 1.2, Max: 1.6, Diff: 0.7, Sum: 11.9]
      [Update RS (ms): Min: 0.3, Avg: 0.3, Max: 0.4, Diff: 0.1, Sum: 3.4]
         [Processed Buffers: Min: 2, Avg: 4.1, Max: 7, Diff: 5, Sum: 41]
      [Scan RS (ms): Min: 0.0, Avg: 0.1, Max: 0.1, Diff: 0.1, Sum: 0.7]
      [Code Root Scanning (ms): Min: 0.0, Avg: 0.0, Max: 0.0, Diff: 0.0, Sum: 0.0]
      [Object Copy (ms): Min: 0.3, Avg: 0.4, Max: 0.5, Diff: 0.2, Sum: 4.1]
      [Termination (ms): Min: 0.0, Avg: 0.0, Max: 0.0, Diff: 0.0, Sum: 0.0]
         [Termination Attempts: Min: 1, Avg: 1.0, Max: 1, Diff: 0, Sum: 10]
      [GC Worker Other (ms): Min: 0.0, Avg: 0.0, Max: 0.1, Diff: 0.1, Sum: 0.3]
      [GC Worker Total (ms): Min: 1.8, Avg: 2.1, Max: 2.3, Diff: 0.5, Sum: 20.5]
      [GC Worker End (ms): Min: 279967.3, Avg: 279967.3, Max: 279967.3, Diff: 0.1]
   [Code Root Fixup: 0.0 ms]
   [Code Root Purge: 0.0 ms]
   [Clear CT: 1.0 ms]
   [Other: 2.7 ms]
      [Choose CSet: 0.0 ms]
      [Ref Proc: 1.1 ms]
      [Ref Enq: 0.0 ms]
      [Redirty Cards: 1.4 ms]
      [Humongous Register: 0.0 ms]
      [Humongous Reclaim: 0.0 ms]
      [Free CSet: 0.1 ms]
   [Eden: 152.0M(152.0M)->0.0B(152.0M) Survivors: 1024.0K->1024.0K Heap: 180.0M(256.0M)->28734.0K(256.0M)]
Heap after GC invocations=178 (full 0):
 garbage-first heap   total 262144K, used 28734K [0x00000000f0000000, 0x00000000f0100800, 0x0000000100000000)
  region size 1024K, 1 young (1024K), 1 survivors (1024K)
 Metaspace       used 52793K, capacity 56012K, committed 56192K, reserved 1097728K
  class space    used 6460K, capacity 7028K, committed 7040K, reserved 1048576K
}
 [Times: user=0.02 sys=0.00, real=0.00 secs] 
{Heap before GC invocations=178 (full 0):
 garbage-first heap   total 262144K, used 184382K [0x00000000f0000000, 0x00000000f0100800, 0x0000000100000000)
  region size 1024K, 153 young (156672K), 1 survivors (1024K)
 Metaspace       used 52793K, capacity 56012K, committed 56192K, reserved 1097728K
  class space    used 6460K, capacity 7028K, committed 7040K, reserved 1048576K
2023-10-03T06:49:32.964+0800: 280.827: [GC pause (G1 Evacuation Pause) (young), 0.0076505 secs]
   [Parallel Time: 3.1 ms, GC Workers: 10]
      [GC Worker Start (ms): Min: 280827.6, Avg: 280827.9, Max: 280828.1, Diff: 0.5]
      [Ext Root Scanning (ms): Min: 0.9, Avg: 1.1, Max: 1.6, Diff: 0.8, Sum: 11.3]
      [Update RS (ms): Min: 0.2, Avg: 0.4, Max: 0.4, Diff: 0.2, Sum: 3.5]
         [Processed Buffers: Min: 2, Avg: 4.1, Max: 7, Diff: 5, Sum: 41]
      [Scan RS (ms): Min: 0.0, Avg: 0.1, Max: 0.1, Diff: 0.1, Sum: 0.7]
      [Code Root Scanning (ms): Min: 0.0, Avg: 0.0, Max: 0.0, Diff: 0.0, Sum: 0.0]
      [Object Copy (ms): Min: 0.2, Avg: 0.4, Max: 0.5, Diff: 0.3, Sum: 4.0]
      [Termination (ms): Min: 0.0, Avg: 0.0, Max: 0.0, Diff: 0.0, Sum: 0.0]
         [Termination Attempts: Min: 1, Avg: 1.0, Max: 1, Diff: 0, Sum: 10]
      [GC Worker Other (ms): Min: 0.0, Avg: 0.1, Max: 0.2, Diff: 0.1, Sum: 0.7]
      [GC Worker Total (ms): Min: 1.8, Avg: 2.0, Max: 2.3, Diff: 0.5, Sum: 20.3]
      [GC Worker End (ms): Min: 280829.9, Avg: 280829.9, Max: 280830.0, Diff: 0.1]
   [Code Root Fixup: 0.0 ms]
   [Code Root Purge: 0.0 ms]
   [Clear CT: 1.3 ms]
   [Other: 3.3 ms]
      [Choose CSet: 0.0 ms]
      [Ref Proc: 1.6 ms]
      [Ref Enq: 0.0 ms]
      [Redirty Cards: 1.4 ms]
      [Humongous Register: 0.0 ms]
      [Humongous Reclaim: 0.0 ms]
      [Free CSet: 0.1 ms]
   [Eden: 152.0M(152.0M)->0.0B(152.0M) Survivors: 1024.0K->1024.0K Heap: 180.1M(256.0M)->28732.0K(256.0M)]
Heap after GC invocations=179 (full 0):
 garbage-first heap   total 262144K, used 28732K [0x00000000f0000000, 0x00000000f0100800, 0x0000000100000000)
  region size 1024K, 1 young (1024K), 1 survivors (1024K)
 Metaspace       used 52793K, capacity 56012K, committed 56192K, reserved 1097728K
  class space    used 6460K, capacity 7028K, committed 7040K, reserved 1048576K
}
 [Times: user=0.02 sys=0.01, real=0.01 secs] 
{Heap before GC invocations=179 (full 0):
 garbage-first heap   total 262144K, used 184380K [0x00000000f0000000, 0x00000000f0100800, 0x0000000100000000)
  region size 1024K, 153 young (156672K), 1 survivors (1024K)
 Metaspace       used 52793K, capacity 56012K, committed 56192K, reserved 1097728K
  class space    used 6460K, capacity 7028K, committed 7040K, reserved 1048576K
2023-10-03T06:49:33.849+0800: 281.712: [GC pause (G1 Evacuation Pause) (young), 0.0073884 secs]
   [Parallel Time: 2.9 ms, GC Workers: 10]
      [GC Worker Start (ms): Min: 281712.6, Avg: 281712.9, Max: 281713.1, Diff: 0.5]
      [Ext Root Scanning (ms): Min: 0.9, Avg: 1.1, Max: 1.5, Diff: 0.5, Sum: 11.5]
      [Update RS (ms): Min: 0.3, Avg: 0.3, Max: 0.4, Diff: 0.2, Sum: 3.4]
         [Processed Buffers: Min: 2, Avg: 4.3, Max: 8, Diff: 6, Sum: 43]
      [Scan RS (ms): Min: 0.0, Avg: 0.1, Max: 0.1, Diff: 0.1, Sum: 0.7]
      [Code Root Scanning (ms): Min: 0.0, Avg: 0.0, Max: 0.0, Diff: 0.0, Sum: 0.0]
      [Object Copy (ms): Min: 0.2, Avg: 0.4, Max: 0.4, Diff: 0.2, Sum: 3.6]
      [Termination (ms): Min: 0.0, Avg: 0.0, Max: 0.0, Diff: 0.0, Sum: 0.1]
         [Termination Attempts: Min: 1, Avg: 1.0, Max: 1, Diff: 0, Sum: 10]
      [GC Worker Other (ms): Min: 0.0, Avg: 0.0, Max: 0.1, Diff: 0.1, Sum: 0.4]
      [GC Worker Total (ms): Min: 1.7, Avg: 2.0, Max: 2.2, Diff: 0.5, Sum: 19.6]
      [GC Worker End (ms): Min: 281714.8, Avg: 281714.8, Max: 281714.9, Diff: 0.1]
   [Code Root Fixup: 0.0 ms]
   [Code Root Purge: 0.0 ms]
   [Clear CT: 1.6 ms]
   [Other: 2.9 ms]
      [Choose CSet: 0.0 ms]
      [Ref Proc: 1.3 ms]
      [Ref Enq: 0.0 ms]
      [Redirty Cards: 1.3 ms]
      [Humongous Register: 0.0 ms]
      [Humongous Reclaim: 0.0 ms]
      [Free CSet: 0.1 ms]
   [Eden: 152.0M(152.0M)->0.0B(152.0M) Survivors: 1024.0K->1024.0K Heap: 180.1M(256.0M)->28743.7K(256.0M)]
Heap after GC invocations=180 (full 0):
 garbage-first heap   total 262144K, used 28743K [0x00000000f0000000, 0x00000000f0100800, 0x0000000100000000)
  region size 1024K, 1 young (1024K), 1 survivors (1024K)
 Metaspace       used 52793K, capacity 56012K, committed 56192K, reserved 1097728K
  class space    used 6460K, capacity 7028K, committed 7040K, reserved 1048576K
}
 [Times: user=0.02 sys=0.00, real=0.01 secs] 
{Heap before GC invocations=180 (full 0):
 garbage-first heap   total 262144K, used 184391K [0x00000000f0000000, 0x00000000f0100800, 0x0000000100000000)
  region size 1024K, 153 young (156672K), 1 survivors (1024K)
 Metaspace       used 52793K, capacity 56012K, committed 56192K, reserved 1097728K
  class space    used 6460K, capacity 7028K, committed 7040K, reserved 1048576K
2023-10-03T06:49:34.716+0800: 282.579: [GC pause (G1 Evacuation Pause) (young), 0.0072102 secs]
   [Parallel Time: 2.9 ms, GC Workers: 10]
      [GC Worker Start (ms): Min: 282579.5, Avg: 282579.7, Max: 282579.9, Diff: 0.4]
      [Ext Root Scanning (ms): Min: 0.9, Avg: 1.1, Max: 1.5, Diff: 0.6, Sum: 11.5]
      [Update RS (ms): Min: 0.2, Avg: 0.4, Max: 0.6, Diff: 0.4, Sum: 3.8]
         [Processed Buffers: Min: 2, Avg: 4.2, Max: 7, Diff: 5, Sum: 42]
      [Scan RS (ms): Min: 0.0, Avg: 0.1, Max: 0.1, Diff: 0.1, Sum: 0.7]
      [Code Root Scanning (ms): Min: 0.0, Avg: 0.0, Max: 0.0, Diff: 0.0, Sum: 0.0]
      [Object Copy (ms): Min: 0.3, Avg: 0.4, Max: 0.6, Diff: 0.3, Sum: 4.3]
      [Termination (ms): Min: 0.0, Avg: 0.0, Max: 0.0, Diff: 0.0, Sum: 0.1]
         [Termination Attempts: Min: 1, Avg: 1.6, Max: 2, Diff: 1, Sum: 16]
      [GC Worker Other (ms): Min: 0.0, Avg: 0.0, Max: 0.1, Diff: 0.1, Sum: 0.4]
      [GC Worker Total (ms): Min: 1.9, Avg: 2.1, Max: 2.3, Diff: 0.4, Sum: 20.7]
      [GC Worker End (ms): Min: 282581.7, Avg: 282581.8, Max: 282581.8, Diff: 0.1]
   [Code Root Fixup: 0.0 ms]
   [Code Root Purge: 0.0 ms]
   [Clear CT: 1.4 ms]
   [Other: 2.9 ms]
      [Choose CSet: 0.0 ms]
      [Ref Proc: 1.4 ms]
      [Ref Enq: 0.0 ms]
      [Redirty Cards: 1.2 ms]
      [Humongous Register: 0.0 ms]
      [Humongous Reclaim: 0.0 ms]
      [Free CSet: 0.1 ms]
   [Eden: 152.0M(152.0M)->0.0B(152.0M) Survivors: 1024.0K->1024.0K Heap: 180.1M(256.0M)->28773.9K(256.0M)]
Heap after GC invocations=181 (full 0):
 garbage-first heap   total 262144K, used 28773K [0x00000000f0000000, 0x00000000f0100800, 0x0000000100000000)
  region size 1024K, 1 young (1024K), 1 survivors (1024K)
 Metaspace       used 52793K, capacity 56012K, committed 56192K, reserved 1097728K
  class space    used 6460K, capacity 7028K, committed 7040K, reserved 1048576K
}
 [Times: user=0.02 sys=0.00, real=0.01 secs] 
{Heap before GC invocations=181 (full 0):
 garbage-first heap   total 262144K, used 184421K [0x00000000f0000000, 0x00000000f0100800, 0x0000000100000000)
  region size 1024K, 153 young (156672K), 1 survivors (1024K)
 Metaspace       used 52793K, capacity 56012K, committed 56192K, reserved 1097728K
  class space    used 6460K, capacity 7028K, committed 7040K, reserved 1048576K
2023-10-03T06:49:35.571+0800: 283.434: [GC pause (G1 Evacuation Pause) (young), 0.0068700 secs]
   [Parallel Time: 3.0 ms, GC Workers: 10]
      [GC Worker Start (ms): Min: 283434.5, Avg: 283434.8, Max: 283435.0, Diff: 0.5]
      [Ext Root Scanning (ms): Min: 0.8, Avg: 1.1, Max: 1.5, Diff: 0.6, Sum: 10.8]
      [Update RS (ms): Min: 0.3, Avg: 0.4, Max: 0.5, Diff: 0.2, Sum: 3.8]
         [Processed Buffers: Min: 2, Avg: 4.2, Max: 7, Diff: 5, Sum: 42]
      [Scan RS (ms): Min: 0.0, Avg: 0.1, Max: 0.1, Diff: 0.1, Sum: 0.5]
      [Code Root Scanning (ms): Min: 0.0, Avg: 0.0, Max: 0.0, Diff: 0.0, Sum: 0.0]
      [Object Copy (ms): Min: 0.3, Avg: 0.4, Max: 0.5, Diff: 0.3, Sum: 4.0]
      [Termination (ms): Min: 0.0, Avg: 0.0, Max: 0.0, Diff: 0.0, Sum: 0.0]
         [Termination Attempts: Min: 1, Avg: 1.0, Max: 1, Diff: 0, Sum: 10]
      [GC Worker Other (ms): Min: 0.0, Avg: 0.0, Max: 0.1, Diff: 0.1, Sum: 0.5]
      [GC Worker Total (ms): Min: 1.7, Avg: 2.0, Max: 2.2, Diff: 0.5, Sum: 19.7]
      [GC Worker End (ms): Min: 283436.7, Avg: 283436.7, Max: 283436.8, Diff: 0.1]
   [Code Root Fixup: 0.0 ms]
   [Code Root Purge: 0.0 ms]
   [Clear CT: 1.3 ms]
   [Other: 2.6 ms]
      [Choose CSet: 0.0 ms]
      [Ref Proc: 1.0 ms]
      [Ref Enq: 0.0 ms]
      [Redirty Cards: 1.2 ms]
      [Humongous Register: 0.0 ms]
      [Humongous Reclaim: 0.0 ms]
      [Free CSet: 0.1 ms]
   [Eden: 152.0M(152.0M)->0.0B(152.0M) Survivors: 1024.0K->1024.0K Heap: 180.1M(256.0M)->28714.4K(256.0M)]
Heap after GC invocations=182 (full 0):
 garbage-first heap   total 262144K, used 28714K [0x00000000f0000000, 0x00000000f0100800, 0x0000000100000000)
  region size 1024K, 1 young (1024K), 1 survivors (1024K)
 Metaspace       used 52793K, capacity 56012K, committed 56192K, reserved 1097728K
  class space    used 6460K, capacity 7028K, committed 7040K, reserved 1048576K
}
 [Times: user=0.03 sys=0.00, real=0.00 secs] 
{Heap before GC invocations=182 (full 0):
 garbage-first heap   total 262144K, used 184362K [0x00000000f0000000, 0x00000000f0100800, 0x0000000100000000)
  region size 1024K, 153 young (156672K), 1 survivors (1024K)
 Metaspace       used 52793K, capacity 56012K, committed 56192K, reserved 1097728K
  class space    used 6460K, capacity 7028K, committed 7040K, reserved 1048576K
2023-10-03T06:49:36.441+0800: 284.304: [GC pause (G1 Evacuation Pause) (young), 0.0075837 secs]
   [Parallel Time: 3.0 ms, GC Workers: 10]
      [GC Worker Start (ms): Min: 284304.6, Avg: 284304.8, Max: 284305.0, Diff: 0.4]
      [Ext Root Scanning (ms): Min: 0.9, Avg: 1.1, Max: 1.5, Diff: 0.6, Sum: 11.3]
      [Update RS (ms): Min: 0.3, Avg: 0.4, Max: 0.5, Diff: 0.2, Sum: 3.8]
         [Processed Buffers: Min: 1, Avg: 4.2, Max: 8, Diff: 7, Sum: 42]
      [Scan RS (ms): Min: 0.0, Avg: 0.1, Max: 0.1, Diff: 0.1, Sum: 0.6]
      [Code Root Scanning (ms): Min: 0.0, Avg: 0.0, Max: 0.0, Diff: 0.0, Sum: 0.0]
      [Object Copy (ms): Min: 0.3, Avg: 0.4, Max: 0.5, Diff: 0.2, Sum: 3.7]
      [Termination (ms): Min: 0.0, Avg: 0.0, Max: 0.0, Diff: 0.0, Sum: 0.2]
         [Termination Attempts: Min: 1, Avg: 1.0, Max: 1, Diff: 0, Sum: 10]
      [GC Worker Other (ms): Min: 0.0, Avg: 0.0, Max: 0.1, Diff: 0.1, Sum: 0.3]
      [GC Worker Total (ms): Min: 1.8, Avg: 2.0, Max: 2.3, Diff: 0.5, Sum: 20.0]
      [GC Worker End (ms): Min: 284306.8, Avg: 284306.8, Max: 284306.8, Diff: 0.1]
   [Code Root Fixup: 0.0 ms]
   [Code Root Purge: 0.0 ms]
   [Clear CT: 1.3 ms]
   [Other: 3.3 ms]
      [Choose CSet: 0.0 ms]
      [Ref Proc: 1.6 ms]
      [Ref Enq: 0.0 ms]
      [Redirty Cards: 1.5 ms]
      [Humongous Register: 0.0 ms]
      [Humongous Reclaim: 0.0 ms]
      [Free CSet: 0.1 ms]
   [Eden: 152.0M(152.0M)->0.0B(152.0M) Survivors: 1024.0K->1024.0K Heap: 180.0M(256.0M)->28742.4K(256.0M)]
Heap after GC invocations=183 (full 0):
 garbage-first heap   total 262144K, used 28742K [0x00000000f0000000, 0x00000000f0100800, 0x0000000100000000)
  region size 1024K, 1 young (1024K), 1 survivors (1024K)
 Metaspace       used 52793K, capacity 56012K, committed 56192K, reserved 1097728K
  class space    used 6460K, capacity 7028K, committed 7040K, reserved 1048576K
}
 [Times: user=0.03 sys=0.00, real=0.00 secs] 
{Heap before GC invocations=183 (full 0):
 garbage-first heap   total 262144K, used 184390K [0x00000000f0000000, 0x00000000f0100800, 0x0000000100000000)
  region size 1024K, 153 young (156672K), 1 survivors (1024K)
 Metaspace       used 52793K, capacity 56012K, committed 56192K, reserved 1097728K
  class space    used 6460K, capacity 7028K, committed 7040K, reserved 1048576K
2023-10-03T06:49:37.335+0800: 285.198: [GC pause (G1 Evacuation Pause) (young), 0.0069719 secs]
   [Parallel Time: 2.8 ms, GC Workers: 10]
      [GC Worker Start (ms): Min: 285198.4, Avg: 285198.6, Max: 285198.8, Diff: 0.4]
      [Ext Root Scanning (ms): Min: 0.9, Avg: 1.1, Max: 1.5, Diff: 0.6, Sum: 11.4]
      [Update RS (ms): Min: 0.3, Avg: 0.3, Max: 0.4, Diff: 0.1, Sum: 3.4]
         [Processed Buffers: Min: 1, Avg: 4.2, Max: 7, Diff: 6, Sum: 42]
      [Scan RS (ms): Min: 0.0, Avg: 0.1, Max: 0.1, Diff: 0.1, Sum: 0.7]
      [Code Root Scanning (ms): Min: 0.0, Avg: 0.0, Max: 0.0, Diff: 0.0, Sum: 0.0]
      [Object Copy (ms): Min: 0.2, Avg: 0.4, Max: 0.4, Diff: 0.2, Sum: 3.8]
      [Termination (ms): Min: 0.0, Avg: 0.0, Max: 0.0, Diff: 0.0, Sum: 0.0]
         [Termination Attempts: Min: 1, Avg: 1.0, Max: 1, Diff: 0, Sum: 10]
      [GC Worker Other (ms): Min: 0.0, Avg: 0.0, Max: 0.1, Diff: 0.1, Sum: 0.3]
      [GC Worker Total (ms): Min: 1.8, Avg: 2.0, Max: 2.2, Diff: 0.4, Sum: 19.7]
      [GC Worker End (ms): Min: 285200.6, Avg: 285200.6, Max: 285200.7, Diff: 0.1]
   [Code Root Fixup: 0.0 ms]
   [Code Root Purge: 0.0 ms]
   [Clear CT: 1.2 ms]
   [Other: 2.9 ms]
      [Choose CSet: 0.0 ms]
      [Ref Proc: 1.4 ms]
      [Ref Enq: 0.0 ms]
      [Redirty Cards: 1.3 ms]
      [Humongous Register: 0.0 ms]
      [Humongous Reclaim: 0.0 ms]
      [Free CSet: 0.1 ms]
   [Eden: 152.0M(152.0M)->0.0B(152.0M) Survivors: 1024.0K->1024.0K Heap: 180.1M(256.0M)->28745.4K(256.0M)]
Heap after GC invocations=184 (full 0):
 garbage-first heap   total 262144K, used 28745K [0x00000000f0000000, 0x00000000f0100800, 0x0000000100000000)
  region size 1024K, 1 young (1024K), 1 survivors (1024K)
 Metaspace       used 52793K, capacity 56012K, committed 56192K, reserved 1097728K
  class space    used 6460K, capacity 7028K, committed 7040K, reserved 1048576K
}
 [Times: user=0.03 sys=0.00, real=0.01 secs] 
{Heap before GC invocations=184 (full 0):
 garbage-first heap   total 262144K, used 184393K [0x00000000f0000000, 0x00000000f0100800, 0x0000000100000000)
  region size 1024K, 153 young (156672K), 1 survivors (1024K)
 Metaspace       used 52793K, capacity 56012K, committed 56192K, reserved 1097728K
  class space    used 6460K, capacity 7028K, committed 7040K, reserved 1048576K
2023-10-03T06:49:38.243+0800: 286.106: [GC pause (G1 Evacuation Pause) (young), 0.0073626 secs]
   [Parallel Time: 3.0 ms, GC Workers: 10]
      [GC Worker Start (ms): Min: 286106.1, Avg: 286106.4, Max: 286106.6, Diff: 0.5]
      [Ext Root Scanning (ms): Min: 0.9, Avg: 1.2, Max: 1.5, Diff: 0.6, Sum: 11.9]
      [Update RS (ms): Min: 0.3, Avg: 0.3, Max: 0.4, Diff: 0.1, Sum: 3.4]
         [Processed Buffers: Min: 2, Avg: 4.2, Max: 6, Diff: 4, Sum: 42]
      [Scan RS (ms): Min: 0.0, Avg: 0.1, Max: 0.1, Diff: 0.1, Sum: 0.6]
      [Code Root Scanning (ms): Min: 0.0, Avg: 0.0, Max: 0.0, Diff: 0.0, Sum: 0.0]
      [Object Copy (ms): Min: 0.3, Avg: 0.4, Max: 0.5, Diff: 0.2, Sum: 4.0]
      [Termination (ms): Min: 0.0, Avg: 0.0, Max: 0.0, Diff: 0.0, Sum: 0.0]
         [Termination Attempts: Min: 1, Avg: 1.0, Max: 1, Diff: 0, Sum: 10]
      [GC Worker Other (ms): Min: 0.0, Avg: 0.0, Max: 0.1, Diff: 0.1, Sum: 0.5]
      [GC Worker Total (ms): Min: 1.8, Avg: 2.0, Max: 2.3, Diff: 0.5, Sum: 20.4]
      [GC Worker End (ms): Min: 286108.4, Avg: 286108.4, Max: 286108.5, Diff: 0.1]
   [Code Root Fixup: 0.0 ms]
   [Code Root Purge: 0.0 ms]
   [Clear CT: 1.3 ms]
   [Other: 3.0 ms]
      [Choose CSet: 0.0 ms]
      [Ref Proc: 1.5 ms]
      [Ref Enq: 0.0 ms]
      [Redirty Cards: 1.2 ms]
      [Humongous Register: 0.0 ms]
      [Humongous Reclaim: 0.0 ms]
      [Free CSet: 0.1 ms]
   [Eden: 152.0M(152.0M)->0.0B(152.0M) Survivors: 1024.0K->1024.0K Heap: 180.1M(256.0M)->28780.4K(256.0M)]
Heap after GC invocations=185 (full 0):
 garbage-first heap   total 262144K, used 28780K [0x00000000f0000000, 0x00000000f0100800, 0x0000000100000000)
  region size 1024K, 1 young (1024K), 1 survivors (1024K)
 Metaspace       used 52793K, capacity 56012K, committed 56192K, reserved 1097728K
  class space    used 6460K, capacity 7028K, committed 7040K, reserved 1048576K
}
 [Times: user=0.03 sys=0.01, real=0.01 secs] 
{Heap before GC invocations=185 (full 0):
 garbage-first heap   total 262144K, used 184428K [0x00000000f0000000, 0x00000000f0100800, 0x0000000100000000)
  region size 1024K, 153 young (156672K), 1 survivors (1024K)
 Metaspace       used 52793K, capacity 56012K, committed 56192K, reserved 1097728K
  class space    used 6460K, capacity 7028K, committed 7040K, reserved 1048576K
2023-10-03T06:49:39.128+0800: 286.991: [GC pause (G1 Evacuation Pause) (young), 0.0068522 secs]
   [Parallel Time: 2.8 ms, GC Workers: 10]
      [GC Worker Start (ms): Min: 286991.0, Avg: 286991.3, Max: 286991.5, Diff: 0.5]
      [Ext Root Scanning (ms): Min: 0.9, Avg: 1.1, Max: 1.5, Diff: 0.6, Sum: 11.2]
      [Update RS (ms): Min: 0.3, Avg: 0.3, Max: 0.5, Diff: 0.2, Sum: 3.4]
         [Processed Buffers: Min: 2, Avg: 4.1, Max: 8, Diff: 6, Sum: 41]
      [Scan RS (ms): Min: 0.0, Avg: 0.1, Max: 0.1, Diff: 0.1, Sum: 0.8]
      [Code Root Scanning (ms): Min: 0.0, Avg: 0.0, Max: 0.0, Diff: 0.0, Sum: 0.0]
      [Object Copy (ms): Min: 0.3, Avg: 0.3, Max: 0.4, Diff: 0.2, Sum: 3.5]
      [Termination (ms): Min: 0.0, Avg: 0.0, Max: 0.0, Diff: 0.0, Sum: 0.0]
         [Termination Attempts: Min: 1, Avg: 1.0, Max: 1, Diff: 0, Sum: 10]
      [GC Worker Other (ms): Min: 0.0, Avg: 0.0, Max: 0.1, Diff: 0.1, Sum: 0.5]
      [GC Worker Total (ms): Min: 1.7, Avg: 1.9, Max: 2.2, Diff: 0.5, Sum: 19.3]
      [GC Worker End (ms): Min: 286993.2, Avg: 286993.2, Max: 286993.3, Diff: 0.1]
   [Code Root Fixup: 0.0 ms]
   [Code Root Purge: 0.0 ms]
   [Clear CT: 1.4 ms]
   [Other: 2.6 ms]
      [Choose CSet: 0.0 ms]
      [Ref Proc: 1.0 ms]
      [Ref Enq: 0.0 ms]
      [Redirty Cards: 1.4 ms]
      [Humongous Register: 0.0 ms]
      [Humongous Reclaim: 0.0 ms]
      [Free CSet: 0.1 ms]
   [Eden: 152.0M(152.0M)->0.0B(152.0M) Survivors: 1024.0K->1024.0K Heap: 180.1M(256.0M)->28681.4K(256.0M)]
Heap after GC invocations=186 (full 0):
 garbage-first heap   total 262144K, used 28681K [0x00000000f0000000, 0x00000000f0100800, 0x0000000100000000)
  region size 1024K, 1 young (1024K), 1 survivors (1024K)
 Metaspace       used 52793K, capacity 56012K, committed 56192K, reserved 1097728K
  class space    used 6460K, capacity 7028K, committed 7040K, reserved 1048576K
}
 [Times: user=0.03 sys=0.00, real=0.01 secs] 
{Heap before GC invocations=186 (full 0):
 garbage-first heap   total 262144K, used 184329K [0x00000000f0000000, 0x00000000f0100800, 0x0000000100000000)
  region size 1024K, 153 young (156672K), 1 survivors (1024K)
 Metaspace       used 52793K, capacity 56012K, committed 56192K, reserved 1097728K
  class space    used 6460K, capacity 7028K, committed 7040K, reserved 1048576K
2023-10-03T06:49:40.004+0800: 287.867: [GC pause (G1 Evacuation Pause) (young), 0.0064346 secs]
   [Parallel Time: 2.8 ms, GC Workers: 10]
      [GC Worker Start (ms): Min: 287867.1, Avg: 287867.3, Max: 287867.5, Diff: 0.4]
      [Ext Root Scanning (ms): Min: 0.9, Avg: 1.1, Max: 1.4, Diff: 0.5, Sum: 11.0]
      [Update RS (ms): Min: 0.2, Avg: 0.3, Max: 0.4, Diff: 0.2, Sum: 3.4]
         [Processed Buffers: Min: 2, Avg: 4.2, Max: 6, Diff: 4, Sum: 42]
      [Scan RS (ms): Min: 0.0, Avg: 0.1, Max: 0.1, Diff: 0.1, Sum: 0.6]
      [Code Root Scanning (ms): Min: 0.0, Avg: 0.0, Max: 0.0, Diff: 0.0, Sum: 0.0]
      [Object Copy (ms): Min: 0.2, Avg: 0.4, Max: 0.5, Diff: 0.2, Sum: 3.7]
      [Termination (ms): Min: 0.0, Avg: 0.0, Max: 0.0, Diff: 0.0, Sum: 0.0]
         [Termination Attempts: Min: 1, Avg: 1.0, Max: 1, Diff: 0, Sum: 10]
      [GC Worker Other (ms): Min: 0.0, Avg: 0.1, Max: 0.1, Diff: 0.1, Sum: 0.6]
      [GC Worker Total (ms): Min: 1.7, Avg: 1.9, Max: 2.1, Diff: 0.4, Sum: 19.2]
      [GC Worker End (ms): Min: 287869.2, Avg: 287869.3, Max: 287869.3, Diff: 0.1]
   [Code Root Fixup: 0.0 ms]
   [Code Root Purge: 0.0 ms]
   [Clear CT: 1.2 ms]
   [Other: 2.4 ms]
      [Choose CSet: 0.0 ms]
      [Ref Proc: 1.0 ms]
      [Ref Enq: 0.0 ms]
      [Redirty Cards: 1.2 ms]
      [Humongous Register: 0.0 ms]
      [Humongous Reclaim: 0.0 ms]
      [Free CSet: 0.1 ms]
   [Eden: 152.0M(152.0M)->0.0B(152.0M) Survivors: 1024.0K->1024.0K Heap: 180.0M(256.0M)->28742.5K(256.0M)]
Heap after GC invocations=187 (full 0):
 garbage-first heap   total 262144K, used 28742K [0x00000000f0000000, 0x00000000f0100800, 0x0000000100000000)
  region size 1024K, 1 young (1024K), 1 survivors (1024K)
 Metaspace       used 52793K, capacity 56012K, committed 56192K, reserved 1097728K
  class space    used 6460K, capacity 7028K, committed 7040K, reserved 1048576K
}
 [Times: user=0.01 sys=0.01, real=0.01 secs] 
{Heap before GC invocations=187 (full 0):
 garbage-first heap   total 262144K, used 184390K [0x00000000f0000000, 0x00000000f0100800, 0x0000000100000000)
  region size 1024K, 153 young (156672K), 1 survivors (1024K)
 Metaspace       used 52793K, capacity 56012K, committed 56192K, reserved 1097728K
  class space    used 6460K, capacity 7028K, committed 7040K, reserved 1048576K
2023-10-03T06:49:40.898+0800: 288.761: [GC pause (G1 Evacuation Pause) (young), 0.0075302 secs]
   [Parallel Time: 3.0 ms, GC Workers: 10]
      [GC Worker Start (ms): Min: 288760.9, Avg: 288761.1, Max: 288761.3, Diff: 0.4]
      [Ext Root Scanning (ms): Min: 0.9, Avg: 1.2, Max: 1.5, Diff: 0.6, Sum: 11.6]
      [Update RS (ms): Min: 0.2, Avg: 0.3, Max: 0.4, Diff: 0.2, Sum: 3.4]
         [Processed Buffers: Min: 3, Avg: 4.2, Max: 6, Diff: 3, Sum: 42]
      [Scan RS (ms): Min: 0.0, Avg: 0.1, Max: 0.1, Diff: 0.1, Sum: 0.6]
      [Code Root Scanning (ms): Min: 0.0, Avg: 0.0, Max: 0.0, Diff: 0.0, Sum: 0.0]
      [Object Copy (ms): Min: 0.3, Avg: 0.4, Max: 0.6, Diff: 0.3, Sum: 4.3]
      [Termination (ms): Min: 0.0, Avg: 0.0, Max: 0.0, Diff: 0.0, Sum: 0.0]
         [Termination Attempts: Min: 1, Avg: 1.0, Max: 1, Diff: 0, Sum: 10]
      [GC Worker Other (ms): Min: 0.0, Avg: 0.0, Max: 0.1, Diff: 0.1, Sum: 0.4]
      [GC Worker Total (ms): Min: 1.8, Avg: 2.0, Max: 2.2, Diff: 0.4, Sum: 20.3]
      [GC Worker End (ms): Min: 288763.1, Avg: 288763.2, Max: 288763.2, Diff: 0.1]
   [Code Root Fixup: 0.0 ms]
   [Code Root Purge: 0.0 ms]
   [Clear CT: 1.4 ms]
   [Other: 3.1 ms]
      [Choose CSet: 0.0 ms]
      [Ref Proc: 1.4 ms]
      [Ref Enq: 0.0 ms]
      [Redirty Cards: 1.5 ms]
      [Humongous Register: 0.0 ms]
      [Humongous Reclaim: 0.0 ms]
      [Free CSet: 0.1 ms]
   [Eden: 152.0M(152.0M)->0.0B(152.0M) Survivors: 1024.0K->1024.0K Heap: 180.1M(256.0M)->28718.0K(256.0M)]
Heap after GC invocations=188 (full 0):
 garbage-first heap   total 262144K, used 28718K [0x00000000f0000000, 0x00000000f0100800, 0x0000000100000000)
  region size 1024K, 1 young (1024K), 1 survivors (1024K)
 Metaspace       used 52793K, capacity 56012K, committed 56192K, reserved 1097728K
  class space    used 6460K, capacity 7028K, committed 7040K, reserved 1048576K
}
 [Times: user=0.02 sys=0.00, real=0.01 secs] 
{Heap before GC invocations=188 (full 0):
 garbage-first heap   total 262144K, used 184366K [0x00000000f0000000, 0x00000000f0100800, 0x0000000100000000)
  region size 1024K, 153 young (156672K), 1 survivors (1024K)
 Metaspace       used 52794K, capacity 56012K, committed 56192K, reserved 1097728K
  class space    used 6460K, capacity 7028K, committed 7040K, reserved 1048576K
2023-10-03T06:49:41.971+0800: 289.834: [GC pause (G1 Evacuation Pause) (young), 0.0077196 secs]
   [Parallel Time: 3.0 ms, GC Workers: 10]
      [GC Worker Start (ms): Min: 289834.3, Avg: 289834.5, Max: 289834.7, Diff: 0.5]
      [Ext Root Scanning (ms): Min: 0.9, Avg: 1.1, Max: 1.5, Diff: 0.6, Sum: 11.1]
      [Update RS (ms): Min: 0.3, Avg: 0.3, Max: 0.4, Diff: 0.1, Sum: 3.3]
         [Processed Buffers: Min: 1, Avg: 4.2, Max: 7, Diff: 6, Sum: 42]
      [Scan RS (ms): Min: 0.0, Avg: 0.1, Max: 0.1, Diff: 0.1, Sum: 0.5]
      [Code Root Scanning (ms): Min: 0.0, Avg: 0.0, Max: 0.0, Diff: 0.0, Sum: 0.0]
      [Object Copy (ms): Min: 0.3, Avg: 0.4, Max: 0.5, Diff: 0.2, Sum: 3.9]
      [Termination (ms): Min: 0.0, Avg: 0.0, Max: 0.0, Diff: 0.0, Sum: 0.0]
         [Termination Attempts: Min: 1, Avg: 1.0, Max: 1, Diff: 0, Sum: 10]
      [GC Worker Other (ms): Min: 0.0, Avg: 0.0, Max: 0.1, Diff: 0.1, Sum: 0.4]
      [GC Worker Total (ms): Min: 1.7, Avg: 1.9, Max: 2.2, Diff: 0.5, Sum: 19.3]
      [GC Worker End (ms): Min: 289836.4, Avg: 289836.5, Max: 289836.5, Diff: 0.1]
   [Code Root Fixup: 0.0 ms]
   [Code Root Purge: 0.0 ms]
   [Clear CT: 1.3 ms]
   [Other: 3.4 ms]
      [Choose CSet: 0.0 ms]
      [Ref Proc: 1.6 ms]
      [Ref Enq: 0.0 ms]
      [Redirty Cards: 1.5 ms]
      [Humongous Register: 0.0 ms]
      [Humongous Reclaim: 0.0 ms]
      [Free CSet: 0.1 ms]
   [Eden: 152.0M(152.0M)->0.0B(152.0M) Survivors: 1024.0K->1024.0K Heap: 180.0M(256.0M)->28712.7K(256.0M)]
Heap after GC invocations=189 (full 0):
 garbage-first heap   total 262144K, used 28712K [0x00000000f0000000, 0x00000000f0100800, 0x0000000100000000)
  region size 1024K, 1 young (1024K), 1 survivors (1024K)
 Metaspace       used 52794K, capacity 56012K, committed 56192K, reserved 1097728K
  class space    used 6460K, capacity 7028K, committed 7040K, reserved 1048576K
}
 [Times: user=0.03 sys=0.00, real=0.00 secs] 
{Heap before GC invocations=189 (full 0):
 garbage-first heap   total 262144K, used 184360K [0x00000000f0000000, 0x00000000f0100800, 0x0000000100000000)
  region size 1024K, 153 young (156672K), 1 survivors (1024K)
 Metaspace       used 52795K, capacity 56012K, committed 56192K, reserved 1097728K
  class space    used 6460K, capacity 7028K, committed 7040K, reserved 1048576K
2023-10-03T06:49:43.426+0800: 291.289: [GC pause (G1 Evacuation Pause) (young), 0.0055721 secs]
   [Parallel Time: 2.4 ms, GC Workers: 10]
      [GC Worker Start (ms): Min: 291289.2, Avg: 291289.4, Max: 291289.7, Diff: 0.5]
      [Ext Root Scanning (ms): Min: 0.6, Avg: 0.9, Max: 1.3, Diff: 0.7, Sum: 8.5]
      [Update RS (ms): Min: 0.2, Avg: 0.3, Max: 0.3, Diff: 0.1, Sum: 2.6]
         [Processed Buffers: Min: 3, Avg: 4.2, Max: 6, Diff: 3, Sum: 42]
      [Scan RS (ms): Min: 0.0, Avg: 0.0, Max: 0.1, Diff: 0.1, Sum: 0.4]
      [Code Root Scanning (ms): Min: 0.0, Avg: 0.0, Max: 0.0, Diff: 0.0, Sum: 0.0]
      [Object Copy (ms): Min: 0.3, Avg: 0.4, Max: 0.4, Diff: 0.2, Sum: 3.8]
      [Termination (ms): Min: 0.0, Avg: 0.0, Max: 0.0, Diff: 0.0, Sum: 0.0]
         [Termination Attempts: Min: 1, Avg: 1.2, Max: 2, Diff: 1, Sum: 12]
      [GC Worker Other (ms): Min: 0.0, Avg: 0.0, Max: 0.1, Diff: 0.1, Sum: 0.4]
      [GC Worker Total (ms): Min: 1.3, Avg: 1.6, Max: 1.8, Diff: 0.5, Sum: 15.6]
      [GC Worker End (ms): Min: 291291.0, Avg: 291291.0, Max: 291291.1, Diff: 0.1]
   [Code Root Fixup: 0.0 ms]
   [Code Root Purge: 0.0 ms]
   [Clear CT: 0.9 ms]
   [Other: 2.3 ms]
      [Choose CSet: 0.0 ms]
      [Ref Proc: 1.0 ms]
      [Ref Enq: 0.0 ms]
      [Redirty Cards: 1.0 ms]
      [Humongous Register: 0.0 ms]
      [Humongous Reclaim: 0.0 ms]
      [Free CSet: 0.1 ms]
   [Eden: 152.0M(152.0M)->0.0B(152.0M) Survivors: 1024.0K->1024.0K Heap: 180.0M(256.0M)->28919.2K(256.0M)]
Heap after GC invocations=190 (full 0):
 garbage-first heap   total 262144K, used 28919K [0x00000000f0000000, 0x00000000f0100800, 0x0000000100000000)
  region size 1024K, 1 young (1024K), 1 survivors (1024K)
 Metaspace       used 52795K, capacity 56012K, committed 56192K, reserved 1097728K
  class space    used 6460K, capacity 7028K, committed 7040K, reserved 1048576K
}
 [Times: user=0.01 sys=0.01, real=0.01 secs] 
{Heap before GC invocations=190 (full 0):
 garbage-first heap   total 262144K, used 184567K [0x00000000f0000000, 0x00000000f0100800, 0x0000000100000000)
  region size 1024K, 153 young (156672K), 1 survivors (1024K)
 Metaspace       used 52795K, capacity 56012K, committed 56192K, reserved 1097728K
  class space    used 6460K, capacity 7028K, committed 7040K, reserved 1048576K
2023-10-03T06:49:44.242+0800: 292.105: [GC pause (G1 Evacuation Pause) (young), 0.0075066 secs]
   [Parallel Time: 3.0 ms, GC Workers: 10]
      [GC Worker Start (ms): Min: 292105.2, Avg: 292105.5, Max: 292105.6, Diff: 0.4]
      [Ext Root Scanning (ms): Min: 0.9, Avg: 1.2, Max: 1.7, Diff: 0.8, Sum: 11.7]
      [Update RS (ms): Min: 0.1, Avg: 0.3, Max: 0.4, Diff: 0.3, Sum: 3.5]
         [Processed Buffers: Min: 2, Avg: 4.6, Max: 9, Diff: 7, Sum: 46]
      [Scan RS (ms): Min: 0.0, Avg: 0.1, Max: 0.1, Diff: 0.1, Sum: 0.5]
      [Code Root Scanning (ms): Min: 0.0, Avg: 0.0, Max: 0.0, Diff: 0.0, Sum: 0.0]
      [Object Copy (ms): Min: 0.4, Avg: 0.5, Max: 0.6, Diff: 0.2, Sum: 5.4]
      [Termination (ms): Min: 0.0, Avg: 0.0, Max: 0.0, Diff: 0.0, Sum: 0.1]
         [Termination Attempts: Min: 1, Avg: 1.0, Max: 1, Diff: 0, Sum: 10]
      [GC Worker Other (ms): Min: 0.0, Avg: 0.0, Max: 0.1, Diff: 0.1, Sum: 0.4]
      [GC Worker Total (ms): Min: 2.0, Avg: 2.1, Max: 2.4, Diff: 0.4, Sum: 21.5]
      [GC Worker End (ms): Min: 292107.6, Avg: 292107.6, Max: 292107.6, Diff: 0.1]
   [Code Root Fixup: 0.0 ms]
   [Code Root Purge: 0.0 ms]
   [Clear CT: 1.4 ms]
   [Other: 3.1 ms]
      [Choose CSet: 0.0 ms]
      [Ref Proc: 1.4 ms]
      [Ref Enq: 0.0 ms]
      [Redirty Cards: 1.4 ms]
      [Humongous Register: 0.0 ms]
      [Humongous Reclaim: 0.0 ms]
      [Free CSet: 0.1 ms]
   [Eden: 152.0M(152.0M)->0.0B(152.0M) Survivors: 1024.0K->1024.0K Heap: 180.2M(256.0M)->29352.7K(256.0M)]
Heap after GC invocations=191 (full 0):
 garbage-first heap   total 262144K, used 29352K [0x00000000f0000000, 0x00000000f0100800, 0x0000000100000000)
  region size 1024K, 1 young (1024K), 1 survivors (1024K)
 Metaspace       used 52795K, capacity 56012K, committed 56192K, reserved 1097728K
  class space    used 6460K, capacity 7028K, committed 7040K, reserved 1048576K
}
 [Times: user=0.02 sys=0.00, real=0.00 secs] 
{Heap before GC invocations=191 (full 0):
 garbage-first heap   total 262144K, used 185000K [0x00000000f0000000, 0x00000000f0100800, 0x0000000100000000)
  region size 1024K, 153 young (156672K), 1 survivors (1024K)
 Metaspace       used 52795K, capacity 56012K, committed 56192K, reserved 1097728K
  class space    used 6460K, capacity 7028K, committed 7040K, reserved 1048576K
2023-10-03T06:49:45.043+0800: 292.907: [GC pause (G1 Evacuation Pause) (young), 0.0076450 secs]
   [Parallel Time: 3.0 ms, GC Workers: 10]
      [GC Worker Start (ms): Min: 292906.8, Avg: 292907.0, Max: 292907.3, Diff: 0.5]
      [Ext Root Scanning (ms): Min: 0.9, Avg: 1.1, Max: 1.7, Diff: 0.8, Sum: 11.4]
      [Update RS (ms): Min: 0.2, Avg: 0.3, Max: 0.4, Diff: 0.2, Sum: 3.4]
         [Processed Buffers: Min: 1, Avg: 4.4, Max: 7, Diff: 6, Sum: 44]
      [Scan RS (ms): Min: 0.0, Avg: 0.1, Max: 0.1, Diff: 0.1, Sum: 0.6]
      [Code Root Scanning (ms): Min: 0.0, Avg: 0.0, Max: 0.0, Diff: 0.0, Sum: 0.0]
      [Object Copy (ms): Min: 0.4, Avg: 0.6, Max: 0.6, Diff: 0.2, Sum: 5.5]
      [Termination (ms): Min: 0.0, Avg: 0.0, Max: 0.0, Diff: 0.0, Sum: 0.1]
         [Termination Attempts: Min: 1, Avg: 1.0, Max: 1, Diff: 0, Sum: 10]
      [GC Worker Other (ms): Min: 0.0, Avg: 0.1, Max: 0.2, Diff: 0.2, Sum: 0.6]
      [GC Worker Total (ms): Min: 2.0, Avg: 2.2, Max: 2.4, Diff: 0.4, Sum: 21.7]
      [GC Worker End (ms): Min: 292909.2, Avg: 292909.2, Max: 292909.3, Diff: 0.1]
   [Code Root Fixup: 0.0 ms]
   [Code Root Purge: 0.0 ms]
   [Clear CT: 1.5 ms]
   [Other: 3.2 ms]
      [Choose CSet: 0.0 ms]
      [Ref Proc: 1.5 ms]
      [Ref Enq: 0.0 ms]
      [Redirty Cards: 1.4 ms]
      [Humongous Register: 0.0 ms]
      [Humongous Reclaim: 0.0 ms]
      [Free CSet: 0.1 ms]
   [Eden: 152.0M(152.0M)->0.0B(152.0M) Survivors: 1024.0K->1024.0K Heap: 180.7M(256.0M)->29461.2K(256.0M)]
Heap after GC invocations=192 (full 0):
 garbage-first heap   total 262144K, used 29461K [0x00000000f0000000, 0x00000000f0100800, 0x0000000100000000)
  region size 1024K, 1 young (1024K), 1 survivors (1024K)
 Metaspace       used 52795K, capacity 56012K, committed 56192K, reserved 1097728K
  class space    used 6460K, capacity 7028K, committed 7040K, reserved 1048576K
}
 [Times: user=0.03 sys=0.00, real=0.01 secs] 
{Heap before GC invocations=192 (full 0):
 garbage-first heap   total 262144K, used 185109K [0x00000000f0000000, 0x00000000f0100800, 0x0000000100000000)
  region size 1024K, 153 young (156672K), 1 survivors (1024K)
 Metaspace       used 52795K, capacity 56012K, committed 56192K, reserved 1097728K
  class space    used 6460K, capacity 7028K, committed 7040K, reserved 1048576K
2023-10-03T06:49:45.866+0800: 293.730: [GC pause (G1 Evacuation Pause) (young), 0.0073565 secs]
   [Parallel Time: 3.1 ms, GC Workers: 10]
      [GC Worker Start (ms): Min: 293729.8, Avg: 293730.0, Max: 293730.3, Diff: 0.5]
      [Ext Root Scanning (ms): Min: 0.8, Avg: 1.1, Max: 1.5, Diff: 0.7, Sum: 10.6]
      [Update RS (ms): Min: 0.3, Avg: 0.3, Max: 0.4, Diff: 0.1, Sum: 3.3]
         [Processed Buffers: Min: 2, Avg: 4.6, Max: 7, Diff: 5, Sum: 46]
      [Scan RS (ms): Min: 0.0, Avg: 0.0, Max: 0.1, Diff: 0.1, Sum: 0.5]
      [Code Root Scanning (ms): Min: 0.0, Avg: 0.0, Max: 0.0, Diff: 0.0, Sum: 0.0]
      [Object Copy (ms): Min: 0.4, Avg: 0.5, Max: 0.5, Diff: 0.2, Sum: 4.5]
      [Termination (ms): Min: 0.0, Avg: 0.0, Max: 0.0, Diff: 0.0, Sum: 0.0]
         [Termination Attempts: Min: 1, Avg: 1.0, Max: 1, Diff: 0, Sum: 10]
      [GC Worker Other (ms): Min: 0.0, Avg: 0.1, Max: 0.2, Diff: 0.2, Sum: 0.6]
      [GC Worker Total (ms): Min: 1.7, Avg: 2.0, Max: 2.2, Diff: 0.5, Sum: 19.6]
      [GC Worker End (ms): Min: 293731.9, Avg: 293732.0, Max: 293732.1, Diff: 0.2]
   [Code Root Fixup: 0.0 ms]
   [Code Root Purge: 0.0 ms]
   [Clear CT: 1.4 ms]
   [Other: 2.9 ms]
      [Choose CSet: 0.0 ms]
      [Ref Proc: 1.3 ms]
      [Ref Enq: 0.0 ms]
      [Redirty Cards: 1.3 ms]
      [Humongous Register: 0.0 ms]
      [Humongous Reclaim: 0.0 ms]
      [Free CSet: 0.1 ms]
   [Eden: 152.0M(152.0M)->0.0B(152.0M) Survivors: 1024.0K->1024.0K Heap: 180.8M(256.0M)->29390.5K(256.0M)]
Heap after GC invocations=193 (full 0):
 garbage-first heap   total 262144K, used 29390K [0x00000000f0000000, 0x00000000f0100800, 0x0000000100000000)
  region size 1024K, 1 young (1024K), 1 survivors (1024K)
 Metaspace       used 52795K, capacity 56012K, committed 56192K, reserved 1097728K
  class space    used 6460K, capacity 7028K, committed 7040K, reserved 1048576K
}
 [Times: user=0.02 sys=0.01, real=0.01 secs] 
{Heap before GC invocations=193 (full 0):
 garbage-first heap   total 262144K, used 185038K [0x00000000f0000000, 0x00000000f0100800, 0x0000000100000000)
  region size 1024K, 153 young (156672K), 1 survivors (1024K)
 Metaspace       used 52795K, capacity 56012K, committed 56192K, reserved 1097728K
  class space    used 6460K, capacity 7028K, committed 7040K, reserved 1048576K
2023-10-03T06:49:46.689+0800: 294.553: [GC pause (G1 Evacuation Pause) (young), 0.0074112 secs]
   [Parallel Time: 3.2 ms, GC Workers: 10]
      [GC Worker Start (ms): Min: 294552.8, Avg: 294553.1, Max: 294553.3, Diff: 0.5]
      [Ext Root Scanning (ms): Min: 0.9, Avg: 1.2, Max: 1.5, Diff: 0.6, Sum: 11.6]
      [Update RS (ms): Min: 0.3, Avg: 0.3, Max: 0.4, Diff: 0.1, Sum: 3.5]
         [Processed Buffers: Min: 2, Avg: 4.5, Max: 8, Diff: 6, Sum: 45]
      [Scan RS (ms): Min: 0.0, Avg: 0.1, Max: 0.1, Diff: 0.1, Sum: 0.6]
      [Code Root Scanning (ms): Min: 0.0, Avg: 0.0, Max: 0.0, Diff: 0.0, Sum: 0.0]
      [Object Copy (ms): Min: 0.4, Avg: 0.5, Max: 0.7, Diff: 0.3, Sum: 5.3]
      [Termination (ms): Min: 0.0, Avg: 0.0, Max: 0.0, Diff: 0.0, Sum: 0.1]
         [Termination Attempts: Min: 1, Avg: 1.0, Max: 1, Diff: 0, Sum: 10]
      [GC Worker Other (ms): Min: 0.0, Avg: 0.1, Max: 0.2, Diff: 0.2, Sum: 0.7]
      [GC Worker Total (ms): Min: 1.9, Avg: 2.2, Max: 2.4, Diff: 0.5, Sum: 21.8]
      [GC Worker End (ms): Min: 294555.2, Avg: 294555.3, Max: 294555.4, Diff: 0.2]
   [Code Root Fixup: 0.0 ms]
   [Code Root Purge: 0.0 ms]
   [Clear CT: 1.4 ms]
   [Other: 2.7 ms]
      [Choose CSet: 0.0 ms]
      [Ref Proc: 1.3 ms]
      [Ref Enq: 0.0 ms]
      [Redirty Cards: 1.2 ms]
      [Humongous Register: 0.0 ms]
      [Humongous Reclaim: 0.0 ms]
      [Free CSet: 0.1 ms]
   [Eden: 152.0M(152.0M)->0.0B(152.0M) Survivors: 1024.0K->1024.0K Heap: 180.7M(256.0M)->29394.6K(256.0M)]
Heap after GC invocations=194 (full 0):
 garbage-first heap   total 262144K, used 29394K [0x00000000f0000000, 0x00000000f0100800, 0x0000000100000000)
  region size 1024K, 1 young (1024K), 1 survivors (1024K)
 Metaspace       used 52795K, capacity 56012K, committed 56192K, reserved 1097728K
  class space    used 6460K, capacity 7028K, committed 7040K, reserved 1048576K
}
 [Times: user=0.03 sys=0.00, real=0.01 secs] 
{Heap before GC invocations=194 (full 0):
 garbage-first heap   total 262144K, used 185042K [0x00000000f0000000, 0x00000000f0100800, 0x0000000100000000)
  region size 1024K, 153 young (156672K), 1 survivors (1024K)
 Metaspace       used 52795K, capacity 56012K, committed 56192K, reserved 1097728K
  class space    used 6460K, capacity 7028K, committed 7040K, reserved 1048576K
2023-10-03T06:49:47.519+0800: 295.382: [GC pause (G1 Evacuation Pause) (young), 0.0075615 secs]
   [Parallel Time: 3.1 ms, GC Workers: 10]
      [GC Worker Start (ms): Min: 295382.6, Avg: 295382.8, Max: 295383.0, Diff: 0.4]
      [Ext Root Scanning (ms): Min: 1.0, Avg: 1.2, Max: 1.5, Diff: 0.6, Sum: 11.7]
      [Update RS (ms): Min: 0.3, Avg: 0.4, Max: 0.4, Diff: 0.1, Sum: 3.5]
         [Processed Buffers: Min: 2, Avg: 4.6, Max: 7, Diff: 5, Sum: 46]
      [Scan RS (ms): Min: 0.0, Avg: 0.1, Max: 0.1, Diff: 0.1, Sum: 0.6]
      [Code Root Scanning (ms): Min: 0.0, Avg: 0.0, Max: 0.0, Diff: 0.0, Sum: 0.0]
      [Object Copy (ms): Min: 0.5, Avg: 0.6, Max: 0.7, Diff: 0.2, Sum: 6.1]
      [Termination (ms): Min: 0.0, Avg: 0.0, Max: 0.0, Diff: 0.0, Sum: 0.1]
         [Termination Attempts: Min: 1, Avg: 1.0, Max: 1, Diff: 0, Sum: 10]
      [GC Worker Other (ms): Min: 0.0, Avg: 0.0, Max: 0.1, Diff: 0.1, Sum: 0.5]
      [GC Worker Total (ms): Min: 2.1, Avg: 2.3, Max: 2.4, Diff: 0.3, Sum: 22.5]
      [GC Worker End (ms): Min: 295385.0, Avg: 295385.1, Max: 295385.1, Diff: 0.1]
   [Code Root Fixup: 0.0 ms]
   [Code Root Purge: 0.0 ms]
   [Clear CT: 1.4 ms]
   [Other: 3.0 ms]
      [Choose CSet: 0.0 ms]
      [Ref Proc: 1.4 ms]
      [Ref Enq: 0.0 ms]
      [Redirty Cards: 1.3 ms]
      [Humongous Register: 0.0 ms]
      [Humongous Reclaim: 0.0 ms]
      [Free CSet: 0.1 ms]
   [Eden: 152.0M(152.0M)->0.0B(151.0M) Survivors: 1024.0K->2048.0K Heap: 180.7M(256.0M)->29572.5K(256.0M)]
Heap after GC invocations=195 (full 0):
 garbage-first heap   total 262144K, used 29572K [0x00000000f0000000, 0x00000000f0100800, 0x0000000100000000)
  region size 1024K, 2 young (2048K), 2 survivors (2048K)
 Metaspace       used 52795K, capacity 56012K, committed 56192K, reserved 1097728K
  class space    used 6460K, capacity 7028K, committed 7040K, reserved 1048576K
}
 [Times: user=0.03 sys=0.00, real=0.01 secs] 
{Heap before GC invocations=195 (full 0):
 garbage-first heap   total 262144K, used 184196K [0x00000000f0000000, 0x00000000f0100800, 0x0000000100000000)
  region size 1024K, 153 young (156672K), 2 survivors (2048K)
 Metaspace       used 52795K, capacity 56012K, committed 56192K, reserved 1097728K
  class space    used 6460K, capacity 7028K, committed 7040K, reserved 1048576K
2023-10-03T06:49:48.348+0800: 296.211: [GC pause (G1 Evacuation Pause) (young), 0.0074812 secs]
   [Parallel Time: 3.2 ms, GC Workers: 10]
      [GC Worker Start (ms): Min: 296211.0, Avg: 296211.2, Max: 296211.4, Diff: 0.4]
      [Ext Root Scanning (ms): Min: 0.9, Avg: 1.2, Max: 1.5, Diff: 0.6, Sum: 11.5]
      [Update RS (ms): Min: 0.3, Avg: 0.3, Max: 0.4, Diff: 0.1, Sum: 3.4]
         [Processed Buffers: Min: 2, Avg: 4.5, Max: 11, Diff: 9, Sum: 45]
      [Scan RS (ms): Min: 0.1, Avg: 0.1, Max: 0.1, Diff: 0.0, Sum: 0.9]
      [Code Root Scanning (ms): Min: 0.0, Avg: 0.0, Max: 0.0, Diff: 0.0, Sum: 0.1]
      [Object Copy (ms): Min: 0.4, Avg: 0.5, Max: 0.6, Diff: 0.2, Sum: 5.4]
      [Termination (ms): Min: 0.0, Avg: 0.0, Max: 0.0, Diff: 0.0, Sum: 0.0]
         [Termination Attempts: Min: 1, Avg: 1.0, Max: 1, Diff: 0, Sum: 10]
      [GC Worker Other (ms): Min: 0.0, Avg: 0.0, Max: 0.1, Diff: 0.1, Sum: 0.5]
      [GC Worker Total (ms): Min: 2.0, Avg: 2.2, Max: 2.4, Diff: 0.3, Sum: 21.7]
      [GC Worker End (ms): Min: 296213.4, Avg: 296213.4, Max: 296213.5, Diff: 0.1]
   [Code Root Fixup: 0.0 ms]
   [Code Root Purge: 0.0 ms]
   [Clear CT: 1.6 ms]
   [Other: 2.7 ms]
      [Choose CSet: 0.0 ms]
      [Ref Proc: 1.0 ms]
      [Ref Enq: 0.0 ms]
      [Redirty Cards: 1.4 ms]
      [Humongous Register: 0.0 ms]
      [Humongous Reclaim: 0.0 ms]
      [Free CSet: 0.1 ms]
   [Eden: 151.0M(151.0M)->0.0B(151.0M) Survivors: 2048.0K->2048.0K Heap: 179.9M(256.0M)->29635.6K(256.0M)]
Heap after GC invocations=196 (full 0):
 garbage-first heap   total 262144K, used 29635K [0x00000000f0000000, 0x00000000f0100800, 0x0000000100000000)
  region size 1024K, 2 young (2048K), 2 survivors (2048K)
 Metaspace       used 52795K, capacity 56012K, committed 56192K, reserved 1097728K
  class space    used 6460K, capacity 7028K, committed 7040K, reserved 1048576K
}
 [Times: user=0.03 sys=0.00, real=0.01 secs] 
{Heap before GC invocations=196 (full 0):
 garbage-first heap   total 262144K, used 184259K [0x00000000f0000000, 0x00000000f0100800, 0x0000000100000000)
  region size 1024K, 153 young (156672K), 2 survivors (2048K)
 Metaspace       used 52804K, capacity 56012K, committed 56192K, reserved 1097728K
  class space    used 6460K, capacity 7028K, committed 7040K, reserved 1048576K
2023-10-03T06:49:49.152+0800: 297.015: [GC pause (G1 Evacuation Pause) (young), 0.0077112 secs]
   [Parallel Time: 3.1 ms, GC Workers: 10]
      [GC Worker Start (ms): Min: 297015.1, Avg: 297015.4, Max: 297015.5, Diff: 0.4]
      [Ext Root Scanning (ms): Min: 1.0, Avg: 1.2, Max: 1.5, Diff: 0.5, Sum: 11.8]
      [Update RS (ms): Min: 0.3, Avg: 0.3, Max: 0.4, Diff: 0.1, Sum: 3.4]
         [Processed Buffers: Min: 2, Avg: 4.5, Max: 10, Diff: 8, Sum: 45]
      [Scan RS (ms): Min: 0.0, Avg: 0.1, Max: 0.1, Diff: 0.1, Sum: 0.5]
      [Code Root Scanning (ms): Min: 0.0, Avg: 0.0, Max: 0.0, Diff: 0.0, Sum: 0.1]
      [Object Copy (ms): Min: 0.4, Avg: 0.5, Max: 0.6, Diff: 0.2, Sum: 5.5]
      [Termination (ms): Min: 0.0, Avg: 0.0, Max: 0.0, Diff: 0.0, Sum: 0.0]
         [Termination Attempts: Min: 1, Avg: 1.3, Max: 2, Diff: 1, Sum: 13]
      [GC Worker Other (ms): Min: 0.0, Avg: 0.0, Max: 0.1, Diff: 0.1, Sum: 0.4]
      [GC Worker Total (ms): Min: 2.0, Avg: 2.2, Max: 2.4, Diff: 0.4, Sum: 21.6]
      [GC Worker End (ms): Min: 297017.5, Avg: 297017.5, Max: 297017.6, Diff: 0.1]
   [Code Root Fixup: 0.0 ms]
   [Code Root Purge: 0.0 ms]
   [Clear CT: 1.5 ms]
   [Other: 3.1 ms]
      [Choose CSet: 0.0 ms]
      [Ref Proc: 1.5 ms]
      [Ref Enq: 0.0 ms]
      [Redirty Cards: 1.4 ms]
      [Humongous Register: 0.0 ms]
      [Humongous Reclaim: 0.0 ms]
      [Free CSet: 0.1 ms]
   [Eden: 151.0M(151.0M)->0.0B(151.0M) Survivors: 2048.0K->2048.0K Heap: 179.9M(256.0M)->29624.9K(256.0M)]
Heap after GC invocations=197 (full 0):
 garbage-first heap   total 262144K, used 29624K [0x00000000f0000000, 0x00000000f0100800, 0x0000000100000000)
  region size 1024K, 2 young (2048K), 2 survivors (2048K)
 Metaspace       used 52804K, capacity 56012K, committed 56192K, reserved 1097728K
  class space    used 6460K, capacity 7028K, committed 7040K, reserved 1048576K
}
 [Times: user=0.03 sys=0.00, real=0.00 secs] 
{Heap before GC invocations=197 (full 0):
 garbage-first heap   total 262144K, used 184248K [0x00000000f0000000, 0x00000000f0100800, 0x0000000100000000)
  region size 1024K, 153 young (156672K), 2 survivors (2048K)
 Metaspace       used 52804K, capacity 56012K, committed 56192K, reserved 1097728K
  class space    used 6460K, capacity 7028K, committed 7040K, reserved 1048576K
2023-10-03T06:49:49.962+0800: 297.825: [GC pause (G1 Evacuation Pause) (young), 0.0049595 secs]
   [Parallel Time: 2.3 ms, GC Workers: 10]
      [GC Worker Start (ms): Min: 297824.9, Avg: 297825.1, Max: 297825.2, Diff: 0.3]
      [Ext Root Scanning (ms): Min: 0.7, Avg: 0.9, Max: 1.3, Diff: 0.6, Sum: 8.6]
      [Update RS (ms): Min: 0.0, Avg: 0.3, Max: 0.4, Diff: 0.3, Sum: 2.7]
         [Processed Buffers: Min: 2, Avg: 4.6, Max: 7, Diff: 5, Sum: 46]
      [Scan RS (ms): Min: 0.0, Avg: 0.0, Max: 0.1, Diff: 0.1, Sum: 0.4]
      [Code Root Scanning (ms): Min: 0.0, Avg: 0.0, Max: 0.0, Diff: 0.0, Sum: 0.0]
      [Object Copy (ms): Min: 0.3, Avg: 0.4, Max: 0.5, Diff: 0.2, Sum: 3.9]
      [Termination (ms): Min: 0.0, Avg: 0.0, Max: 0.0, Diff: 0.0, Sum: 0.0]
         [Termination Attempts: Min: 1, Avg: 1.0, Max: 1, Diff: 0, Sum: 10]
      [GC Worker Other (ms): Min: 0.0, Avg: 0.0, Max: 0.1, Diff: 0.1, Sum: 0.3]
      [GC Worker Total (ms): Min: 1.4, Avg: 1.6, Max: 1.8, Diff: 0.3, Sum: 16.0]
      [GC Worker End (ms): Min: 297826.6, Avg: 297826.7, Max: 297826.7, Diff: 0.1]
   [Code Root Fixup: 0.0 ms]
   [Code Root Purge: 0.0 ms]
   [Clear CT: 0.9 ms]
   [Other: 1.8 ms]
      [Choose CSet: 0.0 ms]
      [Ref Proc: 0.7 ms]
      [Ref Enq: 0.0 ms]
      [Redirty Cards: 0.8 ms]
      [Humongous Register: 0.0 ms]
      [Humongous Reclaim: 0.0 ms]
      [Free CSet: 0.1 ms]
   [Eden: 151.0M(151.0M)->0.0B(152.0M) Survivors: 2048.0K->1024.0K Heap: 179.9M(256.0M)->29445.8K(256.0M)]
Heap after GC invocations=198 (full 0):
 garbage-first heap   total 262144K, used 29445K [0x00000000f0000000, 0x00000000f0100800, 0x0000000100000000)
  region size 1024K, 1 young (1024K), 1 survivors (1024K)
 Metaspace       used 52804K, capacity 56012K, committed 56192K, reserved 1097728K
  class space    used 6460K, capacity 7028K, committed 7040K, reserved 1048576K
}
 [Times: user=0.02 sys=0.00, real=0.00 secs] 
{Heap before GC invocations=198 (full 0):
 garbage-first heap   total 262144K, used 185093K [0x00000000f0000000, 0x00000000f0100800, 0x0000000100000000)
  region size 1024K, 153 young (156672K), 1 survivors (1024K)
 Metaspace       used 52804K, capacity 56012K, committed 56192K, reserved 1097728K
  class space    used 6460K, capacity 7028K, committed 7040K, reserved 1048576K
2023-10-03T06:49:50.736+0800: 298.599: [GC pause (G1 Evacuation Pause) (young), 0.0071550 secs]
   [Parallel Time: 2.6 ms, GC Workers: 10]
      [GC Worker Start (ms): Min: 298599.5, Avg: 298599.7, Max: 298599.9, Diff: 0.4]
      [Ext Root Scanning (ms): Min: 1.0, Avg: 1.2, Max: 1.5, Diff: 0.4, Sum: 11.8]
      [Update RS (ms): Min: 0.3, Avg: 0.3, Max: 0.4, Diff: 0.1, Sum: 3.4]
         [Processed Buffers: Min: 2, Avg: 4.6, Max: 9, Diff: 7, Sum: 46]
      [Scan RS (ms): Min: 0.0, Avg: 0.1, Max: 0.1, Diff: 0.1, Sum: 0.6]
      [Code Root Scanning (ms): Min: 0.0, Avg: 0.0, Max: 0.0, Diff: 0.0, Sum: 0.1]
      [Object Copy (ms): Min: 0.4, Avg: 0.5, Max: 0.6, Diff: 0.2, Sum: 5.5]
      [Termination (ms): Min: 0.0, Avg: 0.0, Max: 0.0, Diff: 0.0, Sum: 0.0]
         [Termination Attempts: Min: 1, Avg: 1.0, Max: 1, Diff: 0, Sum: 10]
      [GC Worker Other (ms): Min: 0.0, Avg: 0.0, Max: 0.1, Diff: 0.1, Sum: 0.4]
      [GC Worker Total (ms): Min: 2.0, Avg: 2.2, Max: 2.4, Diff: 0.4, Sum: 21.7]
      [GC Worker End (ms): Min: 298601.9, Avg: 298601.9, Max: 298601.9, Diff: 0.1]
   [Code Root Fixup: 0.0 ms]
   [Code Root Purge: 0.0 ms]
   [Clear CT: 1.8 ms]
   [Other: 2.7 ms]
      [Choose CSet: 0.0 ms]
      [Ref Proc: 1.1 ms]
      [Ref Enq: 0.0 ms]
      [Redirty Cards: 1.3 ms]
      [Humongous Register: 0.0 ms]
      [Humongous Reclaim: 0.0 ms]
      [Free CSet: 0.1 ms]
   [Eden: 152.0M(152.0M)->0.0B(151.0M) Survivors: 1024.0K->2048.0K Heap: 180.8M(256.0M)->29632.7K(256.0M)]
Heap after GC invocations=199 (full 0):
 garbage-first heap   total 262144K, used 29632K [0x00000000f0000000, 0x00000000f0100800, 0x0000000100000000)
  region size 1024K, 2 young (2048K), 2 survivors (2048K)
 Metaspace       used 52804K, capacity 56012K, committed 56192K, reserved 1097728K
  class space    used 6460K, capacity 7028K, committed 7040K, reserved 1048576K
}
 [Times: user=0.02 sys=0.01, real=0.01 secs] 
{Heap before GC invocations=199 (full 0):
 garbage-first heap   total 262144K, used 184256K [0x00000000f0000000, 0x00000000f0100800, 0x0000000100000000)
  region size 1024K, 153 young (156672K), 2 survivors (2048K)
 Metaspace       used 52804K, capacity 56012K, committed 56192K, reserved 1097728K
  class space    used 6460K, capacity 7028K, committed 7040K, reserved 1048576K
2023-10-03T06:49:51.590+0800: 299.453: [GC pause (G1 Evacuation Pause) (young), 0.0071665 secs]
   [Parallel Time: 3.0 ms, GC Workers: 10]
      [GC Worker Start (ms): Min: 299453.2, Avg: 299453.5, Max: 299453.7, Diff: 0.4]
      [Ext Root Scanning (ms): Min: 0.9, Avg: 1.2, Max: 1.5, Diff: 0.7, Sum: 11.7]
      [Update RS (ms): Min: 0.3, Avg: 0.4, Max: 0.4, Diff: 0.2, Sum: 3.6]
         [Processed Buffers: Min: 1, Avg: 4.6, Max: 13, Diff: 12, Sum: 46]
      [Scan RS (ms): Min: 0.0, Avg: 0.0, Max: 0.1, Diff: 0.1, Sum: 0.5]
      [Code Root Scanning (ms): Min: 0.0, Avg: 0.0, Max: 0.0, Diff: 0.0, Sum: 0.1]
      [Object Copy (ms): Min: 0.4, Avg: 0.6, Max: 0.6, Diff: 0.2, Sum: 5.8]
      [Termination (ms): Min: 0.0, Avg: 0.0, Max: 0.0, Diff: 0.0, Sum: 0.0]
         [Termination Attempts: Min: 1, Avg: 1.1, Max: 2, Diff: 1, Sum: 11]
      [GC Worker Other (ms): Min: 0.0, Avg: 0.1, Max: 0.2, Diff: 0.1, Sum: 0.5]
      [GC Worker Total (ms): Min: 2.0, Avg: 2.2, Max: 2.6, Diff: 0.6, Sum: 22.1]
      [GC Worker End (ms): Min: 299455.7, Avg: 299455.7, Max: 299455.8, Diff: 0.1]
   [Code Root Fixup: 0.0 ms]
   [Code Root Purge: 0.0 ms]
   [Clear CT: 1.3 ms]
   [Other: 2.8 ms]
      [Choose CSet: 0.0 ms]
      [Ref Proc: 1.3 ms]
      [Ref Enq: 0.0 ms]
      [Redirty Cards: 1.2 ms]
      [Humongous Register: 0.0 ms]
      [Humongous Reclaim: 0.0 ms]
      [Free CSet: 0.1 ms]
   [Eden: 151.0M(151.0M)->0.0B(151.0M) Survivors: 2048.0K->2048.0K Heap: 179.9M(256.0M)->29705.8K(256.0M)]
Heap after GC invocations=200 (full 0):
 garbage-first heap   total 262144K, used 29705K [0x00000000f0000000, 0x00000000f0100800, 0x0000000100000000)
  region size 1024K, 2 young (2048K), 2 survivors (2048K)
 Metaspace       used 52804K, capacity 56012K, committed 56192K, reserved 1097728K
  class space    used 6460K, capacity 7028K, committed 7040K, reserved 1048576K
}
 [Times: user=0.02 sys=0.00, real=0.00 secs] 
{Heap before GC invocations=200 (full 0):
 garbage-first heap   total 262144K, used 184329K [0x00000000f0000000, 0x00000000f0100800, 0x0000000100000000)
  region size 1024K, 153 young (156672K), 2 survivors (2048K)
 Metaspace       used 52804K, capacity 56012K, committed 56192K, reserved 1097728K
  class space    used 6460K, capacity 7028K, committed 7040K, reserved 1048576K
2023-10-03T06:49:52.407+0800: 300.270: [GC pause (G1 Evacuation Pause) (young), 0.0066091 secs]
   [Parallel Time: 2.5 ms, GC Workers: 10]
      [GC Worker Start (ms): Min: 300270.6, Avg: 300270.8, Max: 300271.1, Diff: 0.5]
      [Ext Root Scanning (ms): Min: 0.9, Avg: 1.1, Max: 1.4, Diff: 0.6, Sum: 11.3]
      [Update RS (ms): Min: 0.3, Avg: 0.3, Max: 0.4, Diff: 0.1, Sum: 3.4]
         [Processed Buffers: Min: 2, Avg: 4.6, Max: 11, Diff: 9, Sum: 46]
      [Scan RS (ms): Min: 0.0, Avg: 0.1, Max: 0.1, Diff: 0.1, Sum: 0.6]
      [Code Root Scanning (ms): Min: 0.0, Avg: 0.0, Max: 0.0, Diff: 0.0, Sum: 0.1]
      [Object Copy (ms): Min: 0.4, Avg: 0.5, Max: 0.6, Diff: 0.2, Sum: 5.0]
      [Termination (ms): Min: 0.0, Avg: 0.0, Max: 0.0, Diff: 0.0, Sum: 0.0]
         [Termination Attempts: Min: 1, Avg: 1.2, Max: 2, Diff: 1, Sum: 12]
      [GC Worker Other (ms): Min: 0.0, Avg: 0.1, Max: 0.1, Diff: 0.0, Sum: 0.6]
      [GC Worker Total (ms): Min: 1.9, Avg: 2.1, Max: 2.3, Diff: 0.5, Sum: 21.0]
      [GC Worker End (ms): Min: 300272.9, Avg: 300272.9, Max: 300272.9, Diff: 0.0]
   [Code Root Fixup: 0.0 ms]
   [Code Root Purge: 0.0 ms]
   [Clear CT: 1.4 ms]
   [Other: 2.8 ms]
      [Choose CSet: 0.0 ms]
      [Ref Proc: 1.3 ms]
      [Ref Enq: 0.0 ms]
      [Redirty Cards: 1.2 ms]
      [Humongous Register: 0.0 ms]
      [Humongous Reclaim: 0.0 ms]
      [Free CSet: 0.1 ms]
   [Eden: 151.0M(151.0M)->0.0B(152.0M) Survivors: 2048.0K->1024.0K Heap: 180.0M(256.0M)->29427.3K(256.0M)]
Heap after GC invocations=201 (full 0):
 garbage-first heap   total 262144K, used 29427K [0x00000000f0000000, 0x00000000f0100800, 0x0000000100000000)
  region size 1024K, 1 young (1024K), 1 survivors (1024K)
 Metaspace       used 52804K, capacity 56012K, committed 56192K, reserved 1097728K
  class space    used 6460K, capacity 7028K, committed 7040K, reserved 1048576K
}
 [Times: user=0.03 sys=0.00, real=0.01 secs] 
{Heap before GC invocations=201 (full 0):
 garbage-first heap   total 262144K, used 185075K [0x00000000f0000000, 0x00000000f0100800, 0x0000000100000000)
  region size 1024K, 153 young (156672K), 1 survivors (1024K)
 Metaspace       used 52804K, capacity 56012K, committed 56192K, reserved 1097728K
  class space    used 6460K, capacity 7028K, committed 7040K, reserved 1048576K
2023-10-03T06:49:53.252+0800: 301.115: [GC pause (G1 Evacuation Pause) (young), 0.0075338 secs]
   [Parallel Time: 3.1 ms, GC Workers: 10]
      [GC Worker Start (ms): Min: 301115.2, Avg: 301115.4, Max: 301115.6, Diff: 0.4]
      [Ext Root Scanning (ms): Min: 1.0, Avg: 1.2, Max: 1.5, Diff: 0.6, Sum: 12.3]
      [Update RS (ms): Min: 0.3, Avg: 0.3, Max: 0.5, Diff: 0.2, Sum: 3.4]
         [Processed Buffers: Min: 2, Avg: 4.6, Max: 8, Diff: 6, Sum: 46]
      [Scan RS (ms): Min: 0.0, Avg: 0.1, Max: 0.1, Diff: 0.1, Sum: 0.6]
      [Code Root Scanning (ms): Min: 0.0, Avg: 0.0, Max: 0.0, Diff: 0.0, Sum: 0.1]
      [Object Copy (ms): Min: 0.5, Avg: 0.6, Max: 0.7, Diff: 0.2, Sum: 5.8]
      [Termination (ms): Min: 0.0, Avg: 0.0, Max: 0.0, Diff: 0.0, Sum: 0.0]
         [Termination Attempts: Min: 1, Avg: 1.0, Max: 1, Diff: 0, Sum: 10]
      [GC Worker Other (ms): Min: 0.0, Avg: 0.1, Max: 0.2, Diff: 0.1, Sum: 0.5]
      [GC Worker Total (ms): Min: 2.1, Avg: 2.3, Max: 2.4, Diff: 0.4, Sum: 22.6]
      [GC Worker End (ms): Min: 301117.7, Avg: 301117.7, Max: 301117.8, Diff: 0.1]
   [Code Root Fixup: 0.0 ms]
   [Code Root Purge: 0.0 ms]
   [Clear CT: 1.6 ms]
   [Other: 2.8 ms]
      [Choose CSet: 0.0 ms]
      [Ref Proc: 1.0 ms]
      [Ref Enq: 0.0 ms]
      [Redirty Cards: 1.5 ms]
      [Humongous Register: 0.0 ms]
      [Humongous Reclaim: 0.0 ms]
      [Free CSet: 0.1 ms]
   [Eden: 152.0M(152.0M)->0.0B(152.0M) Survivors: 1024.0K->1024.0K Heap: 180.7M(256.0M)->29544.6K(256.0M)]
Heap after GC invocations=202 (full 0):
 garbage-first heap   total 262144K, used 29544K [0x00000000f0000000, 0x00000000f0100800, 0x0000000100000000)
  region size 1024K, 1 young (1024K), 1 survivors (1024K)
 Metaspace       used 52804K, capacity 56012K, committed 56192K, reserved 1097728K
  class space    used 6460K, capacity 7028K, committed 7040K, reserved 1048576K
}
 [Times: user=0.02 sys=0.00, real=0.00 secs] 
{Heap before GC invocations=202 (full 0):
 garbage-first heap   total 262144K, used 185192K [0x00000000f0000000, 0x00000000f0100800, 0x0000000100000000)
  region size 1024K, 153 young (156672K), 1 survivors (1024K)
 Metaspace       used 52805K, capacity 56012K, committed 56192K, reserved 1097728K
  class space    used 6460K, capacity 7028K, committed 7040K, reserved 1048576K
2023-10-03T06:49:54.080+0800: 301.943: [GC pause (G1 Evacuation Pause) (young), 0.0073478 secs]
   [Parallel Time: 3.0 ms, GC Workers: 10]
      [GC Worker Start (ms): Min: 301943.3, Avg: 301943.5, Max: 301943.6, Diff: 0.4]
      [Ext Root Scanning (ms): Min: 1.0, Avg: 1.2, Max: 1.5, Diff: 0.5, Sum: 12.0]
      [Update RS (ms): Min: 0.3, Avg: 0.4, Max: 0.4, Diff: 0.1, Sum: 3.6]
         [Processed Buffers: Min: 1, Avg: 4.6, Max: 8, Diff: 7, Sum: 46]
      [Scan RS (ms): Min: 0.0, Avg: 0.1, Max: 0.1, Diff: 0.1, Sum: 0.5]
      [Code Root Scanning (ms): Min: 0.0, Avg: 0.0, Max: 0.0, Diff: 0.0, Sum: 0.1]
      [Object Copy (ms): Min: 0.5, Avg: 0.6, Max: 0.7, Diff: 0.3, Sum: 6.0]
      [Termination (ms): Min: 0.0, Avg: 0.0, Max: 0.0, Diff: 0.0, Sum: 0.0]
         [Termination Attempts: Min: 1, Avg: 1.2, Max: 2, Diff: 1, Sum: 12]
      [GC Worker Other (ms): Min: 0.0, Avg: 0.1, Max: 0.2, Diff: 0.1, Sum: 0.5]
      [GC Worker Total (ms): Min: 2.1, Avg: 2.3, Max: 2.5, Diff: 0.4, Sum: 22.8]
      [GC Worker End (ms): Min: 301945.7, Avg: 301945.7, Max: 301945.8, Diff: 0.1]
   [Code Root Fixup: 0.0 ms]
   [Code Root Purge: 0.0 ms]
   [Clear CT: 1.2 ms]
   [Other: 3.1 ms]
      [Choose CSet: 0.0 ms]
      [Ref Proc: 1.5 ms]
      [Ref Enq: 0.0 ms]
      [Redirty Cards: 1.3 ms]
      [Humongous Register: 0.0 ms]
      [Humongous Reclaim: 0.0 ms]
      [Free CSet: 0.1 ms]
   [Eden: 152.0M(152.0M)->0.0B(152.0M) Survivors: 1024.0K->1024.0K Heap: 180.9M(256.0M)->29529.5K(256.0M)]
Heap after GC invocations=203 (full 0):
 garbage-first heap   total 262144K, used 29529K [0x00000000f0000000, 0x00000000f0100800, 0x0000000100000000)
  region size 1024K, 1 young (1024K), 1 survivors (1024K)
 Metaspace       used 52805K, capacity 56012K, committed 56192K, reserved 1097728K
  class space    used 6460K, capacity 7028K, committed 7040K, reserved 1048576K
}
 [Times: user=0.02 sys=0.01, real=0.00 secs] 
{Heap before GC invocations=203 (full 0):
 garbage-first heap   total 262144K, used 185177K [0x00000000f0000000, 0x00000000f0100800, 0x0000000100000000)
  region size 1024K, 153 young (156672K), 1 survivors (1024K)
 Metaspace       used 52805K, capacity 56012K, committed 56192K, reserved 1097728K
  class space    used 6460K, capacity 7028K, committed 7040K, reserved 1048576K
2023-10-03T06:49:54.892+0800: 302.756: [GC pause (G1 Evacuation Pause) (young), 0.0065599 secs]
   [Parallel Time: 2.6 ms, GC Workers: 10]
      [GC Worker Start (ms): Min: 302755.7, Avg: 302755.9, Max: 302756.1, Diff: 0.4]
      [Ext Root Scanning (ms): Min: 0.9, Avg: 1.2, Max: 1.7, Diff: 0.7, Sum: 12.0]
      [Update RS (ms): Min: 0.2, Avg: 0.4, Max: 0.5, Diff: 0.2, Sum: 3.6]
         [Processed Buffers: Min: 1, Avg: 4.5, Max: 8, Diff: 7, Sum: 45]
      [Scan RS (ms): Min: 0.0, Avg: 0.1, Max: 0.1, Diff: 0.1, Sum: 0.7]
      [Code Root Scanning (ms): Min: 0.0, Avg: 0.0, Max: 0.0, Diff: 0.0, Sum: 0.1]
      [Object Copy (ms): Min: 0.5, Avg: 0.6, Max: 0.7, Diff: 0.2, Sum: 6.0]
      [Termination (ms): Min: 0.0, Avg: 0.0, Max: 0.0, Diff: 0.0, Sum: 0.0]
         [Termination Attempts: Min: 1, Avg: 1.3, Max: 2, Diff: 1, Sum: 13]
      [GC Worker Other (ms): Min: 0.0, Avg: 0.0, Max: 0.1, Diff: 0.1, Sum: 0.4]
      [GC Worker Total (ms): Min: 2.1, Avg: 2.3, Max: 2.5, Diff: 0.4, Sum: 22.9]
      [GC Worker End (ms): Min: 302758.2, Avg: 302758.2, Max: 302758.2, Diff: 0.1]
   [Code Root Fixup: 0.0 ms]
   [Code Root Purge: 0.0 ms]
   [Clear CT: 1.4 ms]
   [Other: 2.6 ms]
      [Choose CSet: 0.0 ms]
      [Ref Proc: 1.1 ms]
      [Ref Enq: 0.0 ms]
      [Redirty Cards: 1.2 ms]
      [Humongous Register: 0.0 ms]
      [Humongous Reclaim: 0.0 ms]
      [Free CSet: 0.1 ms]
   [Eden: 152.0M(152.0M)->0.0B(152.0M) Survivors: 1024.0K->1024.0K Heap: 180.8M(256.0M)->29494.4K(256.0M)]
Heap after GC invocations=204 (full 0):
 garbage-first heap   total 262144K, used 29494K [0x00000000f0000000, 0x00000000f0100800, 0x0000000100000000)
  region size 1024K, 1 young (1024K), 1 survivors (1024K)
 Metaspace       used 52805K, capacity 56012K, committed 56192K, reserved 1097728K
  class space    used 6460K, capacity 7028K, committed 7040K, reserved 1048576K
}
 [Times: user=0.02 sys=0.00, real=0.00 secs] 
{Heap before GC invocations=204 (full 0):
 garbage-first heap   total 262144K, used 185142K [0x00000000f0000000, 0x00000000f0100800, 0x0000000100000000)
  region size 1024K, 153 young (156672K), 1 survivors (1024K)
 Metaspace       used 52805K, capacity 56012K, committed 56192K, reserved 1097728K
  class space    used 6460K, capacity 7028K, committed 7040K, reserved 1048576K
2023-10-03T06:49:55.710+0800: 303.573: [GC pause (G1 Evacuation Pause) (young), 0.0084513 secs]
   [Parallel Time: 4.2 ms, GC Workers: 10]
      [GC Worker Start (ms): Min: 303573.4, Avg: 303573.7, Max: 303573.9, Diff: 0.5]
      [Ext Root Scanning (ms): Min: 0.8, Avg: 1.1, Max: 1.5, Diff: 0.7, Sum: 10.9]
      [Update RS (ms): Min: 0.3, Avg: 0.3, Max: 0.4, Diff: 0.1, Sum: 3.5]
         [Processed Buffers: Min: 2, Avg: 4.6, Max: 8, Diff: 6, Sum: 46]
      [Scan RS (ms): Min: 0.0, Avg: 0.1, Max: 0.1, Diff: 0.1, Sum: 0.7]
      [Code Root Scanning (ms): Min: 0.0, Avg: 0.0, Max: 0.0, Diff: 0.0, Sum: 0.1]
      [Object Copy (ms): Min: 0.5, Avg: 1.4, Max: 2.0, Diff: 1.5, Sum: 13.8]
      [Termination (ms): Min: 0.0, Avg: 0.8, Max: 1.7, Diff: 1.7, Sum: 7.5]
         [Termination Attempts: Min: 1, Avg: 1.1, Max: 2, Diff: 1, Sum: 11]
      [GC Worker Other (ms): Min: 0.0, Avg: 0.0, Max: 0.0, Diff: 0.0, Sum: 0.2]
      [GC Worker Total (ms): Min: 3.3, Avg: 3.7, Max: 4.1, Diff: 0.8, Sum: 36.6]
      [GC Worker End (ms): Min: 303577.2, Avg: 303577.4, Max: 303577.5, Diff: 0.3]
   [Code Root Fixup: 0.0 ms]
   [Code Root Purge: 0.0 ms]
   [Clear CT: 1.4 ms]
   [Other: 2.8 ms]
      [Choose CSet: 0.0 ms]
      [Ref Proc: 1.2 ms]
      [Ref Enq: 0.0 ms]
      [Redirty Cards: 1.3 ms]
      [Humongous Register: 0.0 ms]
      [Humongous Reclaim: 0.0 ms]
      [Free CSet: 0.1 ms]
   [Eden: 152.0M(152.0M)->0.0B(152.0M) Survivors: 1024.0K->1024.0K Heap: 180.8M(256.0M)->29665.5K(256.0M)]
Heap after GC invocations=205 (full 0):
 garbage-first heap   total 262144K, used 29665K [0x00000000f0000000, 0x00000000f0100800, 0x0000000100000000)
  region size 1024K, 1 young (1024K), 1 survivors (1024K)
 Metaspace       used 52805K, capacity 56012K, committed 56192K, reserved 1097728K
  class space    used 6460K, capacity 7028K, committed 7040K, reserved 1048576K
}
 [Times: user=0.02 sys=0.03, real=0.00 secs] 
{Heap before GC invocations=205 (full 0):
 garbage-first heap   total 262144K, used 185313K [0x00000000f0000000, 0x00000000f0100800, 0x0000000100000000)
  region size 1024K, 153 young (156672K), 1 survivors (1024K)
 Metaspace       used 52805K, capacity 56012K, committed 56192K, reserved 1097728K
  class space    used 6460K, capacity 7028K, committed 7040K, reserved 1048576K
2023-10-03T06:49:56.519+0800: 304.382: [GC pause (G1 Evacuation Pause) (young), 0.0074004 secs]
   [Parallel Time: 3.2 ms, GC Workers: 10]
      [GC Worker Start (ms): Min: 304382.3, Avg: 304382.5, Max: 304382.7, Diff: 0.4]
      [Ext Root Scanning (ms): Min: 0.9, Avg: 1.2, Max: 1.4, Diff: 0.5, Sum: 11.6]
      [Update RS (ms): Min: 0.3, Avg: 0.4, Max: 0.4, Diff: 0.1, Sum: 3.6]
         [Processed Buffers: Min: 2, Avg: 4.5, Max: 7, Diff: 5, Sum: 45]
      [Scan RS (ms): Min: 0.0, Avg: 0.1, Max: 0.1, Diff: 0.1, Sum: 0.6]
      [Code Root Scanning (ms): Min: 0.0, Avg: 0.0, Max: 0.0, Diff: 0.0, Sum: 0.1]
      [Object Copy (ms): Min: 0.5, Avg: 0.6, Max: 0.6, Diff: 0.2, Sum: 5.8]
      [Termination (ms): Min: 0.0, Avg: 0.0, Max: 0.0, Diff: 0.0, Sum: 0.0]
         [Termination Attempts: Min: 1, Avg: 1.0, Max: 1, Diff: 0, Sum: 10]
      [GC Worker Other (ms): Min: 0.0, Avg: 0.1, Max: 0.2, Diff: 0.1, Sum: 0.6]
      [GC Worker Total (ms): Min: 2.1, Avg: 2.2, Max: 2.5, Diff: 0.4, Sum: 22.3]
      [GC Worker End (ms): Min: 304384.7, Avg: 304384.7, Max: 304384.8, Diff: 0.1]
   [Code Root Fixup: 0.0 ms]
   [Code Root Purge: 0.0 ms]
   [Clear CT: 1.3 ms]
   [Other: 2.9 ms]
      [Choose CSet: 0.0 ms]
      [Ref Proc: 1.3 ms]
      [Ref Enq: 0.0 ms]
      [Redirty Cards: 1.3 ms]
      [Humongous Register: 0.0 ms]
      [Humongous Reclaim: 0.0 ms]
      [Free CSet: 0.1 ms]
   [Eden: 152.0M(152.0M)->0.0B(152.0M) Survivors: 1024.0K->1024.0K Heap: 181.0M(256.0M)->29702.8K(256.0M)]
Heap after GC invocations=206 (full 0):
 garbage-first heap   total 262144K, used 29702K [0x00000000f0000000, 0x00000000f0100800, 0x0000000100000000)
  region size 1024K, 1 young (1024K), 1 survivors (1024K)
 Metaspace       used 52805K, capacity 56012K, committed 56192K, reserved 1097728K
  class space    used 6460K, capacity 7028K, committed 7040K, reserved 1048576K
}
 [Times: user=0.02 sys=0.00, real=0.01 secs] 
{Heap before GC invocations=206 (full 0):
 garbage-first heap   total 262144K, used 185350K [0x00000000f0000000, 0x00000000f0100800, 0x0000000100000000)
  region size 1024K, 153 young (156672K), 1 survivors (1024K)
 Metaspace       used 52808K, capacity 56012K, committed 56192K, reserved 1097728K
  class space    used 6460K, capacity 7028K, committed 7040K, reserved 1048576K
2023-10-03T06:49:57.354+0800: 305.218: [GC pause (G1 Evacuation Pause) (young), 0.0071578 secs]
   [Parallel Time: 3.1 ms, GC Workers: 10]
      [GC Worker Start (ms): Min: 305217.8, Avg: 305218.1, Max: 305218.3, Diff: 0.5]
      [Ext Root Scanning (ms): Min: 0.9, Avg: 1.2, Max: 1.5, Diff: 0.6, Sum: 11.7]
      [Update RS (ms): Min: 0.4, Avg: 0.5, Max: 0.6, Diff: 0.2, Sum: 4.8]
         [Processed Buffers: Min: 2, Avg: 4.5, Max: 7, Diff: 5, Sum: 45]
      [Scan RS (ms): Min: 0.0, Avg: 0.1, Max: 0.1, Diff: 0.1, Sum: 0.6]
      [Code Root Scanning (ms): Min: 0.0, Avg: 0.0, Max: 0.0, Diff: 0.0, Sum: 0.1]
      [Object Copy (ms): Min: 0.3, Avg: 0.5, Max: 0.5, Diff: 0.2, Sum: 4.6]
      [Termination (ms): Min: 0.0, Avg: 0.0, Max: 0.0, Diff: 0.0, Sum: 0.1]
         [Termination Attempts: Min: 1, Avg: 1.1, Max: 2, Diff: 1, Sum: 11]
      [GC Worker Other (ms): Min: 0.0, Avg: 0.0, Max: 0.1, Diff: 0.1, Sum: 0.4]
      [GC Worker Total (ms): Min: 2.0, Avg: 2.2, Max: 2.5, Diff: 0.5, Sum: 22.1]
      [GC Worker End (ms): Min: 305220.3, Avg: 305220.3, Max: 305220.3, Diff: 0.1]
   [Code Root Fixup: 0.0 ms]
   [Code Root Purge: 0.0 ms]
   [Clear CT: 1.0 ms]
   [Other: 3.0 ms]
      [Choose CSet: 0.0 ms]
      [Ref Proc: 1.4 ms]
      [Ref Enq: 0.0 ms]
      [Redirty Cards: 1.2 ms]
      [Humongous Register: 0.0 ms]
      [Humongous Reclaim: 0.0 ms]
      [Free CSet: 0.2 ms]
   [Eden: 152.0M(152.0M)->0.0B(152.0M) Survivors: 1024.0K->1024.0K Heap: 181.0M(256.0M)->29477.4K(256.0M)]
Heap after GC invocations=207 (full 0):
 garbage-first heap   total 262144K, used 29477K [0x00000000f0000000, 0x00000000f0100800, 0x0000000100000000)
  region size 1024K, 1 young (1024K), 1 survivors (1024K)
 Metaspace       used 52808K, capacity 56012K, committed 56192K, reserved 1097728K
  class space    used 6460K, capacity 7028K, committed 7040K, reserved 1048576K
}
 [Times: user=0.04 sys=0.00, real=0.01 secs] 
{Heap before GC invocations=207 (full 0):
 garbage-first heap   total 262144K, used 185125K [0x00000000f0000000, 0x00000000f0100800, 0x0000000100000000)
  region size 1024K, 153 young (156672K), 1 survivors (1024K)
 Metaspace       used 52809K, capacity 56012K, committed 56192K, reserved 1097728K
  class space    used 6460K, capacity 7028K, committed 7040K, reserved 1048576K
2023-10-03T06:49:58.177+0800: 306.040: [GC pause (G1 Evacuation Pause) (young), 0.0072294 secs]
   [Parallel Time: 3.1 ms, GC Workers: 10]
      [GC Worker Start (ms): Min: 306040.6, Avg: 306040.8, Max: 306041.0, Diff: 0.5]
      [Ext Root Scanning (ms): Min: 0.9, Avg: 1.1, Max: 1.5, Diff: 0.7, Sum: 11.1]
      [Update RS (ms): Min: 0.4, Avg: 0.4, Max: 0.4, Diff: 0.1, Sum: 4.0]
         [Processed Buffers: Min: 2, Avg: 4.4, Max: 7, Diff: 5, Sum: 44]
      [Scan RS (ms): Min: 0.0, Avg: 0.1, Max: 0.1, Diff: 0.1, Sum: 0.5]
      [Code Root Scanning (ms): Min: 0.0, Avg: 0.0, Max: 0.0, Diff: 0.0, Sum: 0.1]
      [Object Copy (ms): Min: 0.3, Avg: 0.4, Max: 0.5, Diff: 0.2, Sum: 4.3]
      [Termination (ms): Min: 0.0, Avg: 0.0, Max: 0.0, Diff: 0.0, Sum: 0.0]
         [Termination Attempts: Min: 1, Avg: 1.0, Max: 1, Diff: 0, Sum: 10]
      [GC Worker Other (ms): Min: 0.0, Avg: 0.1, Max: 0.1, Diff: 0.1, Sum: 0.6]
      [GC Worker Total (ms): Min: 1.9, Avg: 2.1, Max: 2.3, Diff: 0.4, Sum: 20.6]
      [GC Worker End (ms): Min: 306042.9, Avg: 306042.9, Max: 306043.0, Diff: 0.1]
   [Code Root Fixup: 0.0 ms]
   [Code Root Purge: 0.0 ms]
   [Clear CT: 1.0 ms]
   [Other: 3.0 ms]
      [Choose CSet: 0.0 ms]
      [Ref Proc: 1.5 ms]
      [Ref Enq: 0.0 ms]
      [Redirty Cards: 1.3 ms]
      [Humongous Register: 0.0 ms]
      [Humongous Reclaim: 0.0 ms]
      [Free CSet: 0.1 ms]
   [Eden: 152.0M(152.0M)->0.0B(152.0M) Survivors: 1024.0K->1024.0K Heap: 180.8M(256.0M)->29456.4K(256.0M)]
Heap after GC invocations=208 (full 0):
 garbage-first heap   total 262144K, used 29456K [0x00000000f0000000, 0x00000000f0100800, 0x0000000100000000)
  region size 1024K, 1 young (1024K), 1 survivors (1024K)
 Metaspace       used 52809K, capacity 56012K, committed 56192K, reserved 1097728K
  class space    used 6460K, capacity 7028K, committed 7040K, reserved 1048576K
}
 [Times: user=0.02 sys=0.01, real=0.01 secs] 
{Heap before GC invocations=208 (full 0):
 garbage-first heap   total 262144K, used 185104K [0x00000000f0000000, 0x00000000f0100800, 0x0000000100000000)
  region size 1024K, 153 young (156672K), 1 survivors (1024K)
 Metaspace       used 52809K, capacity 56012K, committed 56192K, reserved 1097728K
  class space    used 6460K, capacity 7028K, committed 7040K, reserved 1048576K
2023-10-03T06:49:59.006+0800: 306.869: [GC pause (G1 Evacuation Pause) (young), 0.0075413 secs]
   [Parallel Time: 3.1 ms, GC Workers: 10]
      [GC Worker Start (ms): Min: 306869.0, Avg: 306869.3, Max: 306869.5, Diff: 0.4]
      [Ext Root Scanning (ms): Min: 0.9, Avg: 1.2, Max: 1.5, Diff: 0.6, Sum: 11.5]
      [Update RS (ms): Min: 0.3, Avg: 0.4, Max: 0.5, Diff: 0.1, Sum: 4.0]
         [Processed Buffers: Min: 1, Avg: 4.6, Max: 7, Diff: 6, Sum: 46]
      [Scan RS (ms): Min: 0.0, Avg: 0.1, Max: 0.1, Diff: 0.1, Sum: 0.6]
      [Code Root Scanning (ms): Min: 0.0, Avg: 0.0, Max: 0.0, Diff: 0.0, Sum: 0.1]
      [Object Copy (ms): Min: 0.3, Avg: 0.4, Max: 0.5, Diff: 0.2, Sum: 4.1]
      [Termination (ms): Min: 0.0, Avg: 0.0, Max: 0.0, Diff: 0.0, Sum: 0.0]
         [Termination Attempts: Min: 1, Avg: 1.2, Max: 2, Diff: 1, Sum: 12]
      [GC Worker Other (ms): Min: 0.0, Avg: 0.1, Max: 0.2, Diff: 0.1, Sum: 0.5]
      [GC Worker Total (ms): Min: 1.8, Avg: 2.1, Max: 2.3, Diff: 0.4, Sum: 20.8]
      [GC Worker End (ms): Min: 306871.3, Avg: 306871.4, Max: 306871.5, Diff: 0.1]
   [Code Root Fixup: 0.0 ms]
   [Code Root Purge: 0.0 ms]
   [Clear CT: 1.4 ms]
   [Other: 3.0 ms]
      [Choose CSet: 0.0 ms]
      [Ref Proc: 1.4 ms]
      [Ref Enq: 0.0 ms]
      [Redirty Cards: 1.3 ms]
      [Humongous Register: 0.0 ms]
      [Humongous Reclaim: 0.0 ms]
      [Free CSet: 0.1 ms]
   [Eden: 152.0M(152.0M)->0.0B(152.0M) Survivors: 1024.0K->1024.0K Heap: 180.8M(256.0M)->29401.3K(256.0M)]
Heap after GC invocations=209 (full 0):
 garbage-first heap   total 262144K, used 29401K [0x00000000f0000000, 0x00000000f0100800, 0x0000000100000000)
  region size 1024K, 1 young (1024K), 1 survivors (1024K)
 Metaspace       used 52809K, capacity 56012K, committed 56192K, reserved 1097728K
  class space    used 6460K, capacity 7028K, committed 7040K, reserved 1048576K
}
 [Times: user=0.03 sys=0.00, real=0.01 secs] 
{Heap before GC invocations=209 (full 0):
 garbage-first heap   total 262144K, used 185049K [0x00000000f0000000, 0x00000000f0100800, 0x0000000100000000)
  region size 1024K, 153 young (156672K), 1 survivors (1024K)
 Metaspace       used 52810K, capacity 56012K, committed 56192K, reserved 1097728K
  class space    used 6460K, capacity 7028K, committed 7040K, reserved 1048576K
2023-10-03T06:49:59.831+0800: 307.695: [GC pause (G1 Evacuation Pause) (young), 0.0069979 secs]
   [Parallel Time: 3.0 ms, GC Workers: 10]
      [GC Worker Start (ms): Min: 307694.9, Avg: 307695.1, Max: 307695.4, Diff: 0.5]
      [Ext Root Scanning (ms): Min: 0.9, Avg: 1.2, Max: 1.6, Diff: 0.6, Sum: 12.0]
      [Update RS (ms): Min: 0.3, Avg: 0.4, Max: 0.4, Diff: 0.1, Sum: 3.9]
         [Processed Buffers: Min: 3, Avg: 4.5, Max: 6, Diff: 3, Sum: 45]
      [Scan RS (ms): Min: 0.0, Avg: 0.1, Max: 0.1, Diff: 0.1, Sum: 0.5]
      [Code Root Scanning (ms): Min: 0.0, Avg: 0.0, Max: 0.0, Diff: 0.0, Sum: 0.1]
      [Object Copy (ms): Min: 0.3, Avg: 0.4, Max: 0.5, Diff: 0.2, Sum: 4.1]
      [Termination (ms): Min: 0.0, Avg: 0.0, Max: 0.0, Diff: 0.0, Sum: 0.0]
         [Termination Attempts: Min: 1, Avg: 1.1, Max: 2, Diff: 1, Sum: 11]
      [GC Worker Other (ms): Min: 0.0, Avg: 0.0, Max: 0.1, Diff: 0.1, Sum: 0.5]
      [GC Worker Total (ms): Min: 1.8, Avg: 2.1, Max: 2.4, Diff: 0.5, Sum: 21.1]
      [GC Worker End (ms): Min: 307697.2, Avg: 307697.2, Max: 307697.3, Diff: 0.1]
   [Code Root Fixup: 0.0 ms]
   [Code Root Purge: 0.0 ms]
   [Clear CT: 1.1 ms]
   [Other: 2.9 ms]
      [Choose CSet: 0.0 ms]
      [Ref Proc: 1.3 ms]
      [Ref Enq: 0.0 ms]
      [Redirty Cards: 1.3 ms]
      [Humongous Register: 0.0 ms]
      [Humongous Reclaim: 0.0 ms]
      [Free CSet: 0.1 ms]
   [Eden: 152.0M(152.0M)->0.0B(152.0M) Survivors: 1024.0K->1024.0K Heap: 180.7M(256.0M)->29446.5K(256.0M)]
Heap after GC invocations=210 (full 0):
 garbage-first heap   total 262144K, used 29446K [0x00000000f0000000, 0x00000000f0100800, 0x0000000100000000)
  region size 1024K, 1 young (1024K), 1 survivors (1024K)
 Metaspace       used 52810K, capacity 56012K, committed 56192K, reserved 1097728K
  class space    used 6460K, capacity 7028K, committed 7040K, reserved 1048576K
}
 [Times: user=0.03 sys=0.00, real=0.00 secs] 
{Heap before GC invocations=210 (full 0):
 garbage-first heap   total 262144K, used 185094K [0x00000000f0000000, 0x00000000f0100800, 0x0000000100000000)
  region size 1024K, 153 young (156672K), 1 survivors (1024K)
 Metaspace       used 52810K, capacity 56012K, committed 56192K, reserved 1097728K
  class space    used 6460K, capacity 7028K, committed 7040K, reserved 1048576K
2023-10-03T06:50:00.663+0800: 308.526: [GC pause (G1 Evacuation Pause) (young), 0.0074024 secs]
   [Parallel Time: 3.0 ms, GC Workers: 10]
      [GC Worker Start (ms): Min: 308526.3, Avg: 308526.6, Max: 308526.8, Diff: 0.5]
      [Ext Root Scanning (ms): Min: 0.8, Avg: 1.1, Max: 1.6, Diff: 0.8, Sum: 11.4]
      [Update RS (ms): Min: 0.3, Avg: 0.4, Max: 0.5, Diff: 0.2, Sum: 3.9]
         [Processed Buffers: Min: 1, Avg: 4.5, Max: 9, Diff: 8, Sum: 45]
      [Scan RS (ms): Min: 0.0, Avg: 0.1, Max: 0.1, Diff: 0.1, Sum: 0.5]
      [Code Root Scanning (ms): Min: 0.0, Avg: 0.0, Max: 0.0, Diff: 0.0, Sum: 0.1]
      [Object Copy (ms): Min: 0.3, Avg: 0.4, Max: 0.5, Diff: 0.2, Sum: 4.4]
      [Termination (ms): Min: 0.0, Avg: 0.0, Max: 0.0, Diff: 0.0, Sum: 0.1]
         [Termination Attempts: Min: 1, Avg: 1.0, Max: 1, Diff: 0, Sum: 10]
      [GC Worker Other (ms): Min: 0.0, Avg: 0.0, Max: 0.1, Diff: 0.1, Sum: 0.3]
      [GC Worker Total (ms): Min: 1.8, Avg: 2.1, Max: 2.3, Diff: 0.5, Sum: 20.7]
      [GC Worker End (ms): Min: 308528.6, Avg: 308528.7, Max: 308528.7, Diff: 0.1]
   [Code Root Fixup: 0.0 ms]
   [Code Root Purge: 0.0 ms]
   [Clear CT: 1.6 ms]
   [Other: 2.7 ms]
      [Choose CSet: 0.0 ms]
      [Ref Proc: 1.1 ms]
      [Ref Enq: 0.0 ms]
      [Redirty Cards: 1.2 ms]
      [Humongous Register: 0.0 ms]
      [Humongous Reclaim: 0.0 ms]
      [Free CSet: 0.1 ms]
   [Eden: 152.0M(152.0M)->0.0B(152.0M) Survivors: 1024.0K->1024.0K Heap: 180.8M(256.0M)->29473.1K(256.0M)]
Heap after GC invocations=211 (full 0):
 garbage-first heap   total 262144K, used 29473K [0x00000000f0000000, 0x00000000f0100800, 0x0000000100000000)
  region size 1024K, 1 young (1024K), 1 survivors (1024K)
 Metaspace       used 52810K, capacity 56012K, committed 56192K, reserved 1097728K
  class space    used 6460K, capacity 7028K, committed 7040K, reserved 1048576K
}
 [Times: user=0.03 sys=0.01, real=0.01 secs] 
{Heap before GC invocations=211 (full 0):
 garbage-first heap   total 262144K, used 185121K [0x00000000f0000000, 0x00000000f0100800, 0x0000000100000000)
  region size 1024K, 153 young (156672K), 1 survivors (1024K)
 Metaspace       used 52810K, capacity 56012K, committed 56192K, reserved 1097728K
  class space    used 6460K, capacity 7028K, committed 7040K, reserved 1048576K
2023-10-03T06:50:01.481+0800: 309.344: [GC pause (G1 Evacuation Pause) (young), 0.0067892 secs]
   [Parallel Time: 3.1 ms, GC Workers: 10]
      [GC Worker Start (ms): Min: 309344.3, Avg: 309344.6, Max: 309344.8, Diff: 0.4]
      [Ext Root Scanning (ms): Min: 0.9, Avg: 1.1, Max: 1.6, Diff: 0.7, Sum: 11.4]
      [Update RS (ms): Min: 0.4, Avg: 0.4, Max: 0.5, Diff: 0.1, Sum: 4.5]
         [Processed Buffers: Min: 1, Avg: 4.5, Max: 9, Diff: 8, Sum: 45]
      [Scan RS (ms): Min: 0.0, Avg: 0.1, Max: 0.1, Diff: 0.1, Sum: 0.6]
      [Code Root Scanning (ms): Min: 0.0, Avg: 0.0, Max: 0.0, Diff: 0.0, Sum: 0.1]
      [Object Copy (ms): Min: 0.3, Avg: 0.5, Max: 0.6, Diff: 0.3, Sum: 5.1]
      [Termination (ms): Min: 0.0, Avg: 0.0, Max: 0.0, Diff: 0.0, Sum: 0.0]
         [Termination Attempts: Min: 1, Avg: 1.0, Max: 1, Diff: 0, Sum: 10]
      [GC Worker Other (ms): Min: 0.0, Avg: 0.1, Max: 0.2, Diff: 0.1, Sum: 0.5]
      [GC Worker Total (ms): Min: 2.0, Avg: 2.2, Max: 2.4, Diff: 0.4, Sum: 22.2]
      [GC Worker End (ms): Min: 309346.8, Avg: 309346.8, Max: 309346.9, Diff: 0.1]
   [Code Root Fixup: 0.0 ms]
   [Code Root Purge: 0.0 ms]
   [Clear CT: 1.0 ms]
   [Other: 2.7 ms]
      [Choose CSet: 0.0 ms]
      [Ref Proc: 1.3 ms]
      [Ref Enq: 0.0 ms]
      [Redirty Cards: 1.2 ms]
      [Humongous Register: 0.0 ms]
      [Humongous Reclaim: 0.0 ms]
      [Free CSet: 0.1 ms]
   [Eden: 152.0M(152.0M)->0.0B(152.0M) Survivors: 1024.0K->1024.0K Heap: 180.8M(256.0M)->29451.6K(256.0M)]
Heap after GC invocations=212 (full 0):
 garbage-first heap   total 262144K, used 29451K [0x00000000f0000000, 0x00000000f0100800, 0x0000000100000000)
  region size 1024K, 1 young (1024K), 1 survivors (1024K)
 Metaspace       used 52810K, capacity 56012K, committed 56192K, reserved 1097728K
  class space    used 6460K, capacity 7028K, committed 7040K, reserved 1048576K
}
 [Times: user=0.03 sys=0.00, real=0.00 secs] 
{Heap before GC invocations=212 (full 0):
 garbage-first heap   total 262144K, used 185099K [0x00000000f0000000, 0x00000000f0100800, 0x0000000100000000)
  region size 1024K, 153 young (156672K), 1 survivors (1024K)
 Metaspace       used 52810K, capacity 56012K, committed 56192K, reserved 1097728K
  class space    used 6460K, capacity 7028K, committed 7040K, reserved 1048576K
2023-10-03T06:50:02.289+0800: 310.152: [GC pause (G1 Evacuation Pause) (young), 0.0070501 secs]
   [Parallel Time: 3.0 ms, GC Workers: 10]
      [GC Worker Start (ms): Min: 310152.5, Avg: 310152.7, Max: 310152.9, Diff: 0.4]
      [Ext Root Scanning (ms): Min: 0.9, Avg: 1.2, Max: 1.5, Diff: 0.6, Sum: 11.9]
      [Update RS (ms): Min: 0.3, Avg: 0.4, Max: 0.5, Diff: 0.2, Sum: 3.8]
         [Processed Buffers: Min: 2, Avg: 4.6, Max: 7, Diff: 5, Sum: 46]
      [Scan RS (ms): Min: 0.0, Avg: 0.1, Max: 0.1, Diff: 0.1, Sum: 0.7]
      [Code Root Scanning (ms): Min: 0.0, Avg: 0.0, Max: 0.0, Diff: 0.0, Sum: 0.0]
      [Object Copy (ms): Min: 0.3, Avg: 0.5, Max: 0.5, Diff: 0.2, Sum: 4.6]
      [Termination (ms): Min: 0.0, Avg: 0.0, Max: 0.0, Diff: 0.0, Sum: 0.0]
         [Termination Attempts: Min: 1, Avg: 1.0, Max: 1, Diff: 0, Sum: 10]
      [GC Worker Other (ms): Min: 0.0, Avg: 0.1, Max: 0.2, Diff: 0.1, Sum: 0.5]
      [GC Worker Total (ms): Min: 2.0, Avg: 2.2, Max: 2.3, Diff: 0.3, Sum: 21.5]
      [GC Worker End (ms): Min: 310154.8, Avg: 310154.8, Max: 310154.9, Diff: 0.1]
   [Code Root Fixup: 0.0 ms]
   [Code Root Purge: 0.0 ms]
   [Clear CT: 1.3 ms]
   [Other: 2.8 ms]
      [Choose CSet: 0.0 ms]
      [Ref Proc: 1.1 ms]
      [Ref Enq: 0.0 ms]
      [Redirty Cards: 1.4 ms]
      [Humongous Register: 0.0 ms]
      [Humongous Reclaim: 0.0 ms]
      [Free CSet: 0.1 ms]
   [Eden: 152.0M(152.0M)->0.0B(152.0M) Survivors: 1024.0K->1024.0K Heap: 180.8M(256.0M)->29436.8K(256.0M)]
Heap after GC invocations=213 (full 0):
 garbage-first heap   total 262144K, used 29436K [0x00000000f0000000, 0x00000000f0100800, 0x0000000100000000)
  region size 1024K, 1 young (1024K), 1 survivors (1024K)
 Metaspace       used 52810K, capacity 56012K, committed 56192K, reserved 1097728K
  class space    used 6460K, capacity 7028K, committed 7040K, reserved 1048576K
}
 [Times: user=0.02 sys=0.01, real=0.01 secs] 
{Heap before GC invocations=213 (full 0):
 garbage-first heap   total 262144K, used 185084K [0x00000000f0000000, 0x00000000f0100800, 0x0000000100000000)
  region size 1024K, 153 young (156672K), 1 survivors (1024K)
 Metaspace       used 52810K, capacity 56012K, committed 56192K, reserved 1097728K
  class space    used 6460K, capacity 7028K, committed 7040K, reserved 1048576K
2023-10-03T06:50:03.167+0800: 311.030: [GC pause (G1 Evacuation Pause) (young), 0.0075962 secs]
   [Parallel Time: 3.2 ms, GC Workers: 10]
      [GC Worker Start (ms): Min: 311030.1, Avg: 311030.4, Max: 311030.6, Diff: 0.5]
      [Ext Root Scanning (ms): Min: 0.9, Avg: 1.2, Max: 1.6, Diff: 0.6, Sum: 11.6]
      [Update RS (ms): Min: 0.2, Avg: 0.4, Max: 0.5, Diff: 0.3, Sum: 3.8]
         [Processed Buffers: Min: 1, Avg: 4.4, Max: 7, Diff: 6, Sum: 44]
      [Scan RS (ms): Min: 0.0, Avg: 0.1, Max: 0.1, Diff: 0.1, Sum: 0.5]
      [Code Root Scanning (ms): Min: 0.0, Avg: 0.0, Max: 0.0, Diff: 0.0, Sum: 0.0]
      [Object Copy (ms): Min: 0.3, Avg: 0.4, Max: 0.6, Diff: 0.3, Sum: 4.2]
      [Termination (ms): Min: 0.0, Avg: 0.0, Max: 0.0, Diff: 0.0, Sum: 0.0]
         [Termination Attempts: Min: 1, Avg: 1.0, Max: 1, Diff: 0, Sum: 10]
      [GC Worker Other (ms): Min: 0.0, Avg: 0.0, Max: 0.1, Diff: 0.1, Sum: 0.4]
      [GC Worker Total (ms): Min: 1.8, Avg: 2.1, Max: 2.3, Diff: 0.5, Sum: 20.7]
      [GC Worker End (ms): Min: 311032.4, Avg: 311032.4, Max: 311032.5, Diff: 0.1]
   [Code Root Fixup: 0.0 ms]
   [Code Root Purge: 0.0 ms]
   [Clear CT: 1.2 ms]
   [Other: 3.2 ms]
      [Choose CSet: 0.0 ms]
      [Ref Proc: 1.7 ms]
      [Ref Enq: 0.0 ms]
      [Redirty Cards: 1.2 ms]
      [Humongous Register: 0.0 ms]
      [Humongous Reclaim: 0.0 ms]
      [Free CSet: 0.1 ms]
   [Eden: 152.0M(152.0M)->0.0B(152.0M) Survivors: 1024.0K->1024.0K Heap: 180.7M(256.0M)->29385.2K(256.0M)]
Heap after GC invocations=214 (full 0):
 garbage-first heap   total 262144K, used 29385K [0x00000000f0000000, 0x00000000f0100800, 0x0000000100000000)
  region size 1024K, 1 young (1024K), 1 survivors (1024K)
 Metaspace       used 52810K, capacity 56012K, committed 56192K, reserved 1097728K
  class space    used 6460K, capacity 7028K, committed 7040K, reserved 1048576K
}
 [Times: user=0.03 sys=0.00, real=0.01 secs] 
{Heap before GC invocations=214 (full 0):
 garbage-first heap   total 262144K, used 185033K [0x00000000f0000000, 0x00000000f0100800, 0x0000000100000000)
  region size 1024K, 153 young (156672K), 1 survivors (1024K)
 Metaspace       used 52810K, capacity 56012K, committed 56192K, reserved 1097728K
  class space    used 6460K, capacity 7028K, committed 7040K, reserved 1048576K
2023-10-03T06:50:03.993+0800: 311.856: [GC pause (G1 Evacuation Pause) (young), 0.0072101 secs]
   [Parallel Time: 3.0 ms, GC Workers: 10]
      [GC Worker Start (ms): Min: 311856.6, Avg: 311856.9, Max: 311857.1, Diff: 0.5]
      [Ext Root Scanning (ms): Min: 0.9, Avg: 1.2, Max: 1.5, Diff: 0.6, Sum: 12.0]
      [Update RS (ms): Min: 0.3, Avg: 0.4, Max: 0.5, Diff: 0.1, Sum: 3.9]
         [Processed Buffers: Min: 1, Avg: 4.7, Max: 8, Diff: 7, Sum: 47]
      [Scan RS (ms): Min: 0.0, Avg: 0.1, Max: 0.1, Diff: 0.1, Sum: 0.6]
      [Code Root Scanning (ms): Min: 0.0, Avg: 0.0, Max: 0.0, Diff: 0.0, Sum: 0.0]
      [Object Copy (ms): Min: 0.3, Avg: 0.4, Max: 0.5, Diff: 0.2, Sum: 4.0]
      [Termination (ms): Min: 0.0, Avg: 0.0, Max: 0.0, Diff: 0.0, Sum: 0.0]
         [Termination Attempts: Min: 1, Avg: 1.0, Max: 1, Diff: 0, Sum: 10]
      [GC Worker Other (ms): Min: 0.0, Avg: 0.1, Max: 0.2, Diff: 0.1, Sum: 0.5]
      [GC Worker Total (ms): Min: 1.9, Avg: 2.1, Max: 2.4, Diff: 0.5, Sum: 21.1]
      [GC Worker End (ms): Min: 311859.0, Avg: 311859.0, Max: 311859.1, Diff: 0.1]
   [Code Root Fixup: 0.0 ms]
   [Code Root Purge: 0.0 ms]
   [Clear CT: 1.3 ms]
   [Other: 2.9 ms]
      [Choose CSet: 0.0 ms]
      [Ref Proc: 1.4 ms]
      [Ref Enq: 0.0 ms]
      [Redirty Cards: 1.2 ms]
      [Humongous Register: 0.0 ms]
      [Humongous Reclaim: 0.0 ms]
      [Free CSet: 0.1 ms]
   [Eden: 152.0M(152.0M)->0.0B(152.0M) Survivors: 1024.0K->1024.0K Heap: 180.7M(256.0M)->29436.7K(256.0M)]
Heap after GC invocations=215 (full 0):
 garbage-first heap   total 262144K, used 29436K [0x00000000f0000000, 0x00000000f0100800, 0x0000000100000000)
  region size 1024K, 1 young (1024K), 1 survivors (1024K)
 Metaspace       used 52810K, capacity 56012K, committed 56192K, reserved 1097728K
  class space    used 6460K, capacity 7028K, committed 7040K, reserved 1048576K
}
 [Times: user=0.02 sys=0.01, real=0.01 secs] 
{Heap before GC invocations=215 (full 0):
 garbage-first heap   total 262144K, used 185084K [0x00000000f0000000, 0x00000000f0100800, 0x0000000100000000)
  region size 1024K, 153 young (156672K), 1 survivors (1024K)
 Metaspace       used 52810K, capacity 56012K, committed 56192K, reserved 1097728K
  class space    used 6460K, capacity 7028K, committed 7040K, reserved 1048576K
2023-10-03T06:50:04.811+0800: 312.674: [GC pause (G1 Evacuation Pause) (young), 0.0071977 secs]
   [Parallel Time: 3.0 ms, GC Workers: 10]
      [GC Worker Start (ms): Min: 312674.1, Avg: 312674.4, Max: 312674.6, Diff: 0.5]
      [Ext Root Scanning (ms): Min: 0.9, Avg: 1.1, Max: 1.5, Diff: 0.6, Sum: 11.0]
      [Update RS (ms): Min: 0.2, Avg: 0.4, Max: 0.5, Diff: 0.2, Sum: 3.8]
         [Processed Buffers: Min: 3, Avg: 4.7, Max: 9, Diff: 6, Sum: 47]
      [Scan RS (ms): Min: 0.0, Avg: 0.1, Max: 0.1, Diff: 0.0, Sum: 0.7]
      [Code Root Scanning (ms): Min: 0.0, Avg: 0.0, Max: 0.0, Diff: 0.0, Sum: 0.0]
      [Object Copy (ms): Min: 0.3, Avg: 0.5, Max: 0.6, Diff: 0.3, Sum: 4.5]
      [Termination (ms): Min: 0.0, Avg: 0.0, Max: 0.0, Diff: 0.0, Sum: 0.0]
         [Termination Attempts: Min: 1, Avg: 1.0, Max: 1, Diff: 0, Sum: 10]
      [GC Worker Other (ms): Min: 0.0, Avg: 0.0, Max: 0.1, Diff: 0.1, Sum: 0.4]
      [GC Worker Total (ms): Min: 1.8, Avg: 2.1, Max: 2.3, Diff: 0.5, Sum: 20.5]
      [GC Worker End (ms): Min: 312676.4, Avg: 312676.4, Max: 312676.5, Diff: 0.1]
   [Code Root Fixup: 0.0 ms]
   [Code Root Purge: 0.0 ms]
   [Clear CT: 1.1 ms]
   [Other: 3.1 ms]
      [Choose CSet: 0.0 ms]
      [Ref Proc: 1.5 ms]
      [Ref Enq: 0.0 ms]
      [Redirty Cards: 1.3 ms]
      [Humongous Register: 0.0 ms]
      [Humongous Reclaim: 0.0 ms]
      [Free CSet: 0.1 ms]
   [Eden: 152.0M(152.0M)->0.0B(152.0M) Survivors: 1024.0K->1024.0K Heap: 180.7M(256.0M)->29377.2K(256.0M)]
Heap after GC invocations=216 (full 0):
 garbage-first heap   total 262144K, used 29377K [0x00000000f0000000, 0x00000000f0100800, 0x0000000100000000)
  region size 1024K, 1 young (1024K), 1 survivors (1024K)
 Metaspace       used 52810K, capacity 56012K, committed 56192K, reserved 1097728K
  class space    used 6460K, capacity 7028K, committed 7040K, reserved 1048576K
}
 [Times: user=0.02 sys=0.00, real=0.00 secs] 
{Heap before GC invocations=216 (full 0):
 garbage-first heap   total 262144K, used 185025K [0x00000000f0000000, 0x00000000f0100800, 0x0000000100000000)
  region size 1024K, 153 young (156672K), 1 survivors (1024K)
 Metaspace       used 52810K, capacity 56012K, committed 56192K, reserved 1097728K
  class space    used 6460K, capacity 7028K, committed 7040K, reserved 1048576K
2023-10-03T06:50:05.631+0800: 313.494: [GC pause (G1 Evacuation Pause) (young), 0.0072337 secs]
   [Parallel Time: 3.1 ms, GC Workers: 10]
      [GC Worker Start (ms): Min: 313493.9, Avg: 313494.2, Max: 313494.4, Diff: 0.5]
      [Ext Root Scanning (ms): Min: 0.9, Avg: 1.1, Max: 1.6, Diff: 0.7, Sum: 11.4]
      [Update RS (ms): Min: 0.3, Avg: 0.4, Max: 0.5, Diff: 0.2, Sum: 3.9]
         [Processed Buffers: Min: 2, Avg: 4.6, Max: 9, Diff: 7, Sum: 46]
      [Scan RS (ms): Min: 0.0, Avg: 0.1, Max: 0.1, Diff: 0.1, Sum: 0.6]
      [Code Root Scanning (ms): Min: 0.0, Avg: 0.0, Max: 0.0, Diff: 0.0, Sum: 0.0]
      [Object Copy (ms): Min: 0.4, Avg: 0.5, Max: 0.6, Diff: 0.2, Sum: 5.1]
      [Termination (ms): Min: 0.0, Avg: 0.0, Max: 0.0, Diff: 0.0, Sum: 0.0]
         [Termination Attempts: Min: 1, Avg: 1.0, Max: 1, Diff: 0, Sum: 10]
      [GC Worker Other (ms): Min: 0.0, Avg: 0.0, Max: 0.1, Diff: 0.1, Sum: 0.4]
      [GC Worker Total (ms): Min: 1.9, Avg: 2.1, Max: 2.4, Diff: 0.5, Sum: 21.4]
      [GC Worker End (ms): Min: 313496.3, Avg: 313496.3, Max: 313496.4, Diff: 0.1]
   [Code Root Fixup: 0.0 ms]
   [Code Root Purge: 0.0 ms]
   [Clear CT: 1.1 ms]
   [Other: 3.1 ms]
      [Choose CSet: 0.0 ms]
      [Ref Proc: 1.4 ms]
      [Ref Enq: 0.0 ms]
      [Redirty Cards: 1.4 ms]
      [Humongous Register: 0.0 ms]
      [Humongous Reclaim: 0.0 ms]
      [Free CSet: 0.1 ms]
   [Eden: 152.0M(152.0M)->0.0B(152.0M) Survivors: 1024.0K->1024.0K Heap: 180.7M(256.0M)->29477.9K(256.0M)]
Heap after GC invocations=217 (full 0):
 garbage-first heap   total 262144K, used 29477K [0x00000000f0000000, 0x00000000f0100800, 0x0000000100000000)
  region size 1024K, 1 young (1024K), 1 survivors (1024K)
 Metaspace       used 52810K, capacity 56012K, committed 56192K, reserved 1097728K
  class space    used 6460K, capacity 7028K, committed 7040K, reserved 1048576K
}
 [Times: user=0.03 sys=0.00, real=0.00 secs] 
{Heap before GC invocations=217 (full 0):
 garbage-first heap   total 262144K, used 185125K [0x00000000f0000000, 0x00000000f0100800, 0x0000000100000000)
  region size 1024K, 153 young (156672K), 1 survivors (1024K)
 Metaspace       used 52810K, capacity 56012K, committed 56192K, reserved 1097728K
  class space    used 6460K, capacity 7028K, committed 7040K, reserved 1048576K
2023-10-03T06:50:06.458+0800: 314.321: [GC pause (G1 Evacuation Pause) (young), 0.0073039 secs]
   [Parallel Time: 3.2 ms, GC Workers: 10]
      [GC Worker Start (ms): Min: 314321.0, Avg: 314321.2, Max: 314321.4, Diff: 0.5]
      [Ext Root Scanning (ms): Min: 0.9, Avg: 1.2, Max: 1.5, Diff: 0.6, Sum: 11.6]
      [Update RS (ms): Min: 0.3, Avg: 0.4, Max: 0.5, Diff: 0.2, Sum: 4.3]
         [Processed Buffers: Min: 2, Avg: 4.5, Max: 8, Diff: 6, Sum: 45]
      [Scan RS (ms): Min: 0.0, Avg: 0.1, Max: 0.1, Diff: 0.1, Sum: 0.7]
      [Code Root Scanning (ms): Min: 0.0, Avg: 0.0, Max: 0.0, Diff: 0.0, Sum: 0.0]
      [Object Copy (ms): Min: 0.4, Avg: 0.5, Max: 0.6, Diff: 0.3, Sum: 5.2]
      [Termination (ms): Min: 0.0, Avg: 0.0, Max: 0.0, Diff: 0.0, Sum: 0.0]
         [Termination Attempts: Min: 1, Avg: 1.0, Max: 1, Diff: 0, Sum: 10]
      [GC Worker Other (ms): Min: 0.0, Avg: 0.1, Max: 0.2, Diff: 0.1, Sum: 0.5]
      [GC Worker Total (ms): Min: 2.0, Avg: 2.2, Max: 2.5, Diff: 0.4, Sum: 22.4]
      [GC Worker End (ms): Min: 314323.4, Avg: 314323.5, Max: 314323.6, Diff: 0.1]
   [Code Root Fixup: 0.0 ms]
   [Code Root Purge: 0.0 ms]
   [Clear CT: 1.1 ms]
   [Other: 3.0 ms]
      [Choose CSet: 0.0 ms]
      [Ref Proc: 1.3 ms]
      [Ref Enq: 0.0 ms]
      [Redirty Cards: 1.5 ms]
      [Humongous Register: 0.0 ms]
      [Humongous Reclaim: 0.0 ms]
      [Free CSet: 0.1 ms]
   [Eden: 152.0M(152.0M)->0.0B(152.0M) Survivors: 1024.0K->1024.0K Heap: 180.8M(256.0M)->29429.1K(256.0M)]
Heap after GC invocations=218 (full 0):
 garbage-first heap   total 262144K, used 29429K [0x00000000f0000000, 0x00000000f0100800, 0x0000000100000000)
  region size 1024K, 1 young (1024K), 1 survivors (1024K)
 Metaspace       used 52810K, capacity 56012K, committed 56192K, reserved 1097728K
  class space    used 6460K, capacity 7028K, committed 7040K, reserved 1048576K
}
 [Times: user=0.03 sys=0.00, real=0.01 secs] 
{Heap before GC invocations=218 (full 0):
 garbage-first heap   total 262144K, used 185077K [0x00000000f0000000, 0x00000000f0100800, 0x0000000100000000)
  region size 1024K, 153 young (156672K), 1 survivors (1024K)
 Metaspace       used 52810K, capacity 56012K, committed 56192K, reserved 1097728K
  class space    used 6460K, capacity 7028K, committed 7040K, reserved 1048576K
2023-10-03T06:50:07.305+0800: 315.168: [GC pause (G1 Evacuation Pause) (young), 0.0071216 secs]
   [Parallel Time: 2.9 ms, GC Workers: 10]
      [GC Worker Start (ms): Min: 315168.2, Avg: 315168.4, Max: 315168.6, Diff: 0.5]
      [Ext Root Scanning (ms): Min: 0.9, Avg: 1.2, Max: 1.5, Diff: 0.6, Sum: 11.8]
      [Update RS (ms): Min: 0.3, Avg: 0.4, Max: 0.5, Diff: 0.2, Sum: 3.9]
         [Processed Buffers: Min: 3, Avg: 4.6, Max: 9, Diff: 6, Sum: 46]
      [Scan RS (ms): Min: 0.0, Avg: 0.1, Max: 0.1, Diff: 0.1, Sum: 0.6]
      [Code Root Scanning (ms): Min: 0.0, Avg: 0.0, Max: 0.0, Diff: 0.0, Sum: 0.0]
      [Object Copy (ms): Min: 0.3, Avg: 0.4, Max: 0.5, Diff: 0.3, Sum: 4.2]
      [Termination (ms): Min: 0.0, Avg: 0.0, Max: 0.0, Diff: 0.0, Sum: 0.0]
         [Termination Attempts: Min: 1, Avg: 1.0, Max: 1, Diff: 0, Sum: 10]
      [GC Worker Other (ms): Min: 0.0, Avg: 0.0, Max: 0.1, Diff: 0.0, Sum: 0.4]
      [GC Worker Total (ms): Min: 1.9, Avg: 2.1, Max: 2.3, Diff: 0.5, Sum: 20.9]
      [GC Worker End (ms): Min: 315170.5, Avg: 315170.5, Max: 315170.5, Diff: 0.0]
   [Code Root Fixup: 0.0 ms]
   [Code Root Purge: 0.0 ms]
   [Clear CT: 1.6 ms]
   [Other: 2.6 ms]
      [Choose CSet: 0.0 ms]
      [Ref Proc: 1.0 ms]
      [Ref Enq: 0.0 ms]
      [Redirty Cards: 1.4 ms]
      [Humongous Register: 0.0 ms]
      [Humongous Reclaim: 0.0 ms]
      [Free CSet: 0.1 ms]
   [Eden: 152.0M(152.0M)->0.0B(152.0M) Survivors: 1024.0K->1024.0K Heap: 180.7M(256.0M)->29436.1K(256.0M)]
Heap after GC invocations=219 (full 0):
 garbage-first heap   total 262144K, used 29436K [0x00000000f0000000, 0x00000000f0100800, 0x0000000100000000)
  region size 1024K, 1 young (1024K), 1 survivors (1024K)
 Metaspace       used 52810K, capacity 56012K, committed 56192K, reserved 1097728K
  class space    used 6460K, capacity 7028K, committed 7040K, reserved 1048576K
}
 [Times: user=0.03 sys=0.00, real=0.01 secs] 
{Heap before GC invocations=219 (full 0):
 garbage-first heap   total 262144K, used 185084K [0x00000000f0000000, 0x00000000f0100800, 0x0000000100000000)
  region size 1024K, 153 young (156672K), 1 survivors (1024K)
 Metaspace       used 52810K, capacity 56012K, committed 56192K, reserved 1097728K
  class space    used 6460K, capacity 7028K, committed 7040K, reserved 1048576K
2023-10-03T06:50:08.143+0800: 316.006: [GC pause (G1 Evacuation Pause) (young), 0.0072412 secs]
   [Parallel Time: 3.1 ms, GC Workers: 10]
      [GC Worker Start (ms): Min: 316006.2, Avg: 316006.5, Max: 316006.7, Diff: 0.5]
      [Ext Root Scanning (ms): Min: 0.9, Avg: 1.2, Max: 1.6, Diff: 0.6, Sum: 11.9]
      [Update RS (ms): Min: 0.3, Avg: 0.4, Max: 0.5, Diff: 0.2, Sum: 3.9]
         [Processed Buffers: Min: 2, Avg: 4.4, Max: 8, Diff: 6, Sum: 44]
      [Scan RS (ms): Min: 0.0, Avg: 0.0, Max: 0.1, Diff: 0.1, Sum: 0.5]
      [Code Root Scanning (ms): Min: 0.0, Avg: 0.0, Max: 0.0, Diff: 0.0, Sum: 0.0]
      [Object Copy (ms): Min: 0.3, Avg: 0.4, Max: 0.6, Diff: 0.2, Sum: 4.5]
      [Termination (ms): Min: 0.0, Avg: 0.0, Max: 0.0, Diff: 0.0, Sum: 0.0]
         [Termination Attempts: Min: 1, Avg: 1.3, Max: 2, Diff: 1, Sum: 13]
      [GC Worker Other (ms): Min: 0.0, Avg: 0.1, Max: 0.2, Diff: 0.2, Sum: 0.7]
      [GC Worker Total (ms): Min: 1.9, Avg: 2.2, Max: 2.4, Diff: 0.5, Sum: 21.5]
      [GC Worker End (ms): Min: 316008.6, Avg: 316008.6, Max: 316008.7, Diff: 0.2]
   [Code Root Fixup: 0.0 ms]
   [Code Root Purge: 0.0 ms]
   [Clear CT: 1.2 ms]
   [Other: 2.9 ms]
      [Choose CSet: 0.0 ms]
      [Ref Proc: 1.4 ms]
      [Ref Enq: 0.0 ms]
      [Redirty Cards: 1.3 ms]
      [Humongous Register: 0.0 ms]
      [Humongous Reclaim: 0.0 ms]
      [Free CSet: 0.1 ms]
   [Eden: 152.0M(152.0M)->0.0B(152.0M) Survivors: 1024.0K->1024.0K Heap: 180.7M(256.0M)->29431.7K(256.0M)]
Heap after GC invocations=220 (full 0):
 garbage-first heap   total 262144K, used 29431K [0x00000000f0000000, 0x00000000f0100800, 0x0000000100000000)
  region size 1024K, 1 young (1024K), 1 survivors (1024K)
 Metaspace       used 52810K, capacity 56012K, committed 56192K, reserved 1097728K
  class space    used 6460K, capacity 7028K, committed 7040K, reserved 1048576K
}
 [Times: user=0.02 sys=0.01, real=0.01 secs] 
{Heap before GC invocations=220 (full 0):
 garbage-first heap   total 262144K, used 185079K [0x00000000f0000000, 0x00000000f0100800, 0x0000000100000000)
  region size 1024K, 153 young (156672K), 1 survivors (1024K)
 Metaspace       used 52810K, capacity 56012K, committed 56192K, reserved 1097728K
  class space    used 6460K, capacity 7028K, committed 7040K, reserved 1048576K
2023-10-03T06:50:08.965+0800: 316.828: [GC pause (G1 Evacuation Pause) (young), 0.0074082 secs]
   [Parallel Time: 3.1 ms, GC Workers: 10]
      [GC Worker Start (ms): Min: 316828.0, Avg: 316828.2, Max: 316828.4, Diff: 0.5]
      [Ext Root Scanning (ms): Min: 0.9, Avg: 1.1, Max: 1.5, Diff: 0.6, Sum: 11.2]
      [Update RS (ms): Min: 0.3, Avg: 0.4, Max: 0.5, Diff: 0.3, Sum: 4.1]
         [Processed Buffers: Min: 2, Avg: 4.7, Max: 11, Diff: 9, Sum: 47]
      [Scan RS (ms): Min: 0.0, Avg: 0.1, Max: 0.1, Diff: 0.1, Sum: 0.7]
      [Code Root Scanning (ms): Min: 0.0, Avg: 0.0, Max: 0.0, Diff: 0.0, Sum: 0.0]
      [Object Copy (ms): Min: 0.3, Avg: 0.5, Max: 0.7, Diff: 0.4, Sum: 5.4]
      [Termination (ms): Min: 0.0, Avg: 0.0, Max: 0.0, Diff: 0.0, Sum: 0.1]
         [Termination Attempts: Min: 1, Avg: 1.1, Max: 2, Diff: 1, Sum: 11]
      [GC Worker Other (ms): Min: 0.0, Avg: 0.0, Max: 0.1, Diff: 0.0, Sum: 0.3]
      [GC Worker Total (ms): Min: 2.0, Avg: 2.2, Max: 2.4, Diff: 0.5, Sum: 21.9]
      [GC Worker End (ms): Min: 316830.4, Avg: 316830.4, Max: 316830.4, Diff: 0.1]
   [Code Root Fixup: 0.0 ms]
   [Code Root Purge: 0.0 ms]
   [Clear CT: 1.6 ms]
   [Other: 2.7 ms]
      [Choose CSet: 0.0 ms]
      [Ref Proc: 1.1 ms]
      [Ref Enq: 0.0 ms]
      [Redirty Cards: 1.4 ms]
      [Humongous Register: 0.0 ms]
      [Humongous Reclaim: 0.0 ms]
      [Free CSet: 0.1 ms]
   [Eden: 152.0M(152.0M)->0.0B(152.0M) Survivors: 1024.0K->1024.0K Heap: 180.7M(256.0M)->29520.9K(256.0M)]
Heap after GC invocations=221 (full 0):
 garbage-first heap   total 262144K, used 29520K [0x00000000f0000000, 0x00000000f0100800, 0x0000000100000000)
  region size 1024K, 1 young (1024K), 1 survivors (1024K)
 Metaspace       used 52810K, capacity 56012K, committed 56192K, reserved 1097728K
  class space    used 6460K, capacity 7028K, committed 7040K, reserved 1048576K
}
 [Times: user=0.03 sys=0.00, real=0.01 secs] 
{Heap before GC invocations=221 (full 0):
 garbage-first heap   total 262144K, used 185168K [0x00000000f0000000, 0x00000000f0100800, 0x0000000100000000)
  region size 1024K, 153 young (156672K), 1 survivors (1024K)
 Metaspace       used 52810K, capacity 56012K, committed 56192K, reserved 1097728K
  class space    used 6460K, capacity 7028K, committed 7040K, reserved 1048576K
2023-10-03T06:50:09.796+0800: 317.659: [GC pause (G1 Evacuation Pause) (young), 0.0066148 secs]
   [Parallel Time: 2.8 ms, GC Workers: 10]
      [GC Worker Start (ms): Min: 317659.5, Avg: 317659.7, Max: 317660.0, Diff: 0.5]
      [Ext Root Scanning (ms): Min: 0.8, Avg: 1.1, Max: 1.5, Diff: 0.7, Sum: 11.0]
      [Update RS (ms): Min: 0.3, Avg: 0.4, Max: 0.5, Diff: 0.2, Sum: 3.8]
         [Processed Buffers: Min: 2, Avg: 4.6, Max: 8, Diff: 6, Sum: 46]
      [Scan RS (ms): Min: 0.0, Avg: 0.1, Max: 0.1, Diff: 0.1, Sum: 0.6]
      [Code Root Scanning (ms): Min: 0.0, Avg: 0.0, Max: 0.0, Diff: 0.0, Sum: 0.0]
      [Object Copy (ms): Min: 0.3, Avg: 0.4, Max: 0.5, Diff: 0.2, Sum: 3.9]
      [Termination (ms): Min: 0.0, Avg: 0.0, Max: 0.0, Diff: 0.0, Sum: 0.0]
         [Termination Attempts: Min: 1, Avg: 1.0, Max: 1, Diff: 0, Sum: 10]
      [GC Worker Other (ms): Min: 0.0, Avg: 0.0, Max: 0.1, Diff: 0.1, Sum: 0.4]
      [GC Worker Total (ms): Min: 1.7, Avg: 2.0, Max: 2.2, Diff: 0.5, Sum: 19.8]
      [GC Worker End (ms): Min: 317661.7, Avg: 317661.7, Max: 317661.8, Diff: 0.1]
   [Code Root Fixup: 0.0 ms]
   [Code Root Purge: 0.0 ms]
   [Clear CT: 1.1 ms]
   [Other: 2.7 ms]
      [Choose CSet: 0.0 ms]
      [Ref Proc: 1.3 ms]
      [Ref Enq: 0.0 ms]
      [Redirty Cards: 1.1 ms]
      [Humongous Register: 0.0 ms]
      [Humongous Reclaim: 0.0 ms]
      [Free CSet: 0.1 ms]
   [Eden: 152.0M(152.0M)->0.0B(152.0M) Survivors: 1024.0K->1024.0K Heap: 180.8M(256.0M)->29435.2K(256.0M)]
Heap after GC invocations=222 (full 0):
 garbage-first heap   total 262144K, used 29435K [0x00000000f0000000, 0x00000000f0100800, 0x0000000100000000)
  region size 1024K, 1 young (1024K), 1 survivors (1024K)
 Metaspace       used 52810K, capacity 56012K, committed 56192K, reserved 1097728K
  class space    used 6460K, capacity 7028K, committed 7040K, reserved 1048576K
}
 [Times: user=0.03 sys=0.00, real=0.01 secs] 
{Heap before GC invocations=222 (full 0):
 garbage-first heap   total 262144K, used 185083K [0x00000000f0000000, 0x00000000f0100800, 0x0000000100000000)
  region size 1024K, 153 young (156672K), 1 survivors (1024K)
 Metaspace       used 52810K, capacity 56012K, committed 56192K, reserved 1097728K
  class space    used 6460K, capacity 7028K, committed 7040K, reserved 1048576K
2023-10-03T06:50:10.623+0800: 318.486: [GC pause (G1 Evacuation Pause) (young), 0.0074905 secs]
   [Parallel Time: 3.1 ms, GC Workers: 10]
      [GC Worker Start (ms): Min: 318486.5, Avg: 318486.7, Max: 318486.9, Diff: 0.5]
      [Ext Root Scanning (ms): Min: 0.9, Avg: 1.1, Max: 1.6, Diff: 0.6, Sum: 11.5]
      [Update RS (ms): Min: 0.3, Avg: 0.4, Max: 0.5, Diff: 0.2, Sum: 3.8]
         [Processed Buffers: Min: 2, Avg: 4.6, Max: 9, Diff: 7, Sum: 46]
      [Scan RS (ms): Min: 0.0, Avg: 0.1, Max: 0.1, Diff: 0.1, Sum: 0.6]
      [Code Root Scanning (ms): Min: 0.0, Avg: 0.0, Max: 0.0, Diff: 0.0, Sum: 0.0]
      [Object Copy (ms): Min: 0.3, Avg: 0.4, Max: 0.5, Diff: 0.2, Sum: 4.3]
      [Termination (ms): Min: 0.0, Avg: 0.0, Max: 0.0, Diff: 0.0, Sum: 0.0]
         [Termination Attempts: Min: 1, Avg: 1.0, Max: 1, Diff: 0, Sum: 10]
      [GC Worker Other (ms): Min: 0.0, Avg: 0.1, Max: 0.3, Diff: 0.2, Sum: 0.8]
      [GC Worker Total (ms): Min: 1.8, Avg: 2.1, Max: 2.3, Diff: 0.5, Sum: 21.1]
      [GC Worker End (ms): Min: 318488.7, Avg: 318488.8, Max: 318489.0, Diff: 0.2]
   [Code Root Fixup: 0.0 ms]
   [Code Root Purge: 0.0 ms]
   [Clear CT: 1.6 ms]
   [Other: 2.7 ms]
      [Choose CSet: 0.0 ms]
      [Ref Proc: 1.2 ms]
      [Ref Enq: 0.0 ms]
      [Redirty Cards: 1.2 ms]
      [Humongous Register: 0.0 ms]
      [Humongous Reclaim: 0.0 ms]
      [Free CSet: 0.1 ms]
   [Eden: 152.0M(152.0M)->0.0B(152.0M) Survivors: 1024.0K->1024.0K Heap: 180.7M(256.0M)->29476.8K(256.0M)]
Heap after GC invocations=223 (full 0):
 garbage-first heap   total 262144K, used 29476K [0x00000000f0000000, 0x00000000f0100800, 0x0000000100000000)
  region size 1024K, 1 young (1024K), 1 survivors (1024K)
 Metaspace       used 52810K, capacity 56012K, committed 56192K, reserved 1097728K
  class space    used 6460K, capacity 7028K, committed 7040K, reserved 1048576K
}
 [Times: user=0.02 sys=0.00, real=0.01 secs] 
{Heap before GC invocations=223 (full 0):
 garbage-first heap   total 262144K, used 185124K [0x00000000f0000000, 0x00000000f0100800, 0x0000000100000000)
  region size 1024K, 153 young (156672K), 1 survivors (1024K)
 Metaspace       used 52810K, capacity 56012K, committed 56192K, reserved 1097728K
  class space    used 6460K, capacity 7028K, committed 7040K, reserved 1048576K
2023-10-03T06:50:11.451+0800: 319.315: [GC pause (G1 Evacuation Pause) (young), 0.0072133 secs]
   [Parallel Time: 3.0 ms, GC Workers: 10]
      [GC Worker Start (ms): Min: 319314.7, Avg: 319314.9, Max: 319315.1, Diff: 0.4]
      [Ext Root Scanning (ms): Min: 1.0, Avg: 1.1, Max: 1.6, Diff: 0.7, Sum: 11.3]
      [Update RS (ms): Min: 0.3, Avg: 0.4, Max: 0.5, Diff: 0.2, Sum: 3.9]
         [Processed Buffers: Min: 3, Avg: 4.6, Max: 6, Diff: 3, Sum: 46]
      [Scan RS (ms): Min: 0.0, Avg: 0.1, Max: 0.1, Diff: 0.1, Sum: 0.6]
      [Code Root Scanning (ms): Min: 0.0, Avg: 0.0, Max: 0.0, Diff: 0.0, Sum: 0.0]
      [Object Copy (ms): Min: 0.3, Avg: 0.5, Max: 0.7, Diff: 0.4, Sum: 4.6]
      [Termination (ms): Min: 0.0, Avg: 0.0, Max: 0.1, Diff: 0.1, Sum: 0.5]
         [Termination Attempts: Min: 1, Avg: 1.0, Max: 1, Diff: 0, Sum: 10]
      [GC Worker Other (ms): Min: 0.0, Avg: 0.0, Max: 0.1, Diff: 0.1, Sum: 0.3]
      [GC Worker Total (ms): Min: 1.9, Avg: 2.1, Max: 2.4, Diff: 0.5, Sum: 21.2]
      [GC Worker End (ms): Min: 319317.0, Avg: 319317.1, Max: 319317.1, Diff: 0.1]
   [Code Root Fixup: 0.0 ms]
   [Code Root Purge: 0.0 ms]
   [Clear CT: 1.5 ms]
   [Other: 2.7 ms]
      [Choose CSet: 0.0 ms]
      [Ref Proc: 1.1 ms]
      [Ref Enq: 0.0 ms]
      [Redirty Cards: 1.4 ms]
      [Humongous Register: 0.0 ms]
      [Humongous Reclaim: 0.0 ms]
      [Free CSet: 0.1 ms]
   [Eden: 152.0M(152.0M)->0.0B(152.0M) Survivors: 1024.0K->1024.0K Heap: 180.8M(256.0M)->29427.1K(256.0M)]
Heap after GC invocations=224 (full 0):
 garbage-first heap   total 262144K, used 29427K [0x00000000f0000000, 0x00000000f0100800, 0x0000000100000000)
  region size 1024K, 1 young (1024K), 1 survivors (1024K)
 Metaspace       used 52810K, capacity 56012K, committed 56192K, reserved 1097728K
  class space    used 6460K, capacity 7028K, committed 7040K, reserved 1048576K
}
 [Times: user=0.03 sys=0.00, real=0.00 secs] 
{Heap before GC invocations=224 (full 0):
 garbage-first heap   total 262144K, used 185075K [0x00000000f0000000, 0x00000000f0100800, 0x0000000100000000)
  region size 1024K, 153 young (156672K), 1 survivors (1024K)
 Metaspace       used 52810K, capacity 56012K, committed 56192K, reserved 1097728K
  class space    used 6460K, capacity 7028K, committed 7040K, reserved 1048576K
2023-10-03T06:50:12.262+0800: 320.125: [GC pause (G1 Evacuation Pause) (young), 0.0065974 secs]
   [Parallel Time: 2.5 ms, GC Workers: 10]
      [GC Worker Start (ms): Min: 320125.5, Avg: 320125.7, Max: 320125.9, Diff: 0.4]
      [Ext Root Scanning (ms): Min: 0.9, Avg: 1.2, Max: 1.5, Diff: 0.5, Sum: 11.6]
      [Update RS (ms): Min: 0.2, Avg: 0.4, Max: 0.5, Diff: 0.3, Sum: 3.9]
         [Processed Buffers: Min: 2, Avg: 4.5, Max: 8, Diff: 6, Sum: 45]
      [Scan RS (ms): Min: 0.0, Avg: 0.1, Max: 0.1, Diff: 0.1, Sum: 0.6]
      [Code Root Scanning (ms): Min: 0.0, Avg: 0.0, Max: 0.0, Diff: 0.0, Sum: 0.0]
      [Object Copy (ms): Min: 0.3, Avg: 0.5, Max: 0.7, Diff: 0.4, Sum: 5.3]
      [Termination (ms): Min: 0.0, Avg: 0.0, Max: 0.1, Diff: 0.1, Sum: 0.5]
         [Termination Attempts: Min: 1, Avg: 1.0, Max: 1, Diff: 0, Sum: 10]
      [GC Worker Other (ms): Min: 0.0, Avg: 0.0, Max: 0.0, Diff: 0.0, Sum: 0.2]
      [GC Worker Total (ms): Min: 2.0, Avg: 2.2, Max: 2.4, Diff: 0.4, Sum: 22.0]
      [GC Worker End (ms): Min: 320127.9, Avg: 320127.9, Max: 320127.9, Diff: 0.0]
   [Code Root Fixup: 0.0 ms]
   [Code Root Purge: 0.0 ms]
   [Clear CT: 1.3 ms]
   [Other: 2.7 ms]
      [Choose CSet: 0.0 ms]
      [Ref Proc: 1.2 ms]
      [Ref Enq: 0.0 ms]
      [Redirty Cards: 1.2 ms]
      [Humongous Register: 0.0 ms]
      [Humongous Reclaim: 0.0 ms]
      [Free CSet: 0.1 ms]
   [Eden: 152.0M(152.0M)->0.0B(152.0M) Survivors: 1024.0K->1024.0K Heap: 180.7M(256.0M)->29507.5K(256.0M)]
Heap after GC invocations=225 (full 0):
 garbage-first heap   total 262144K, used 29507K [0x00000000f0000000, 0x00000000f0100800, 0x0000000100000000)
  region size 1024K, 1 young (1024K), 1 survivors (1024K)
 Metaspace       used 52810K, capacity 56012K, committed 56192K, reserved 1097728K
  class space    used 6460K, capacity 7028K, committed 7040K, reserved 1048576K
}
 [Times: user=0.03 sys=0.00, real=0.00 secs] 
{Heap before GC invocations=225 (full 0):
 garbage-first heap   total 262144K, used 185155K [0x00000000f0000000, 0x00000000f0100800, 0x0000000100000000)
  region size 1024K, 153 young (156672K), 1 survivors (1024K)
 Metaspace       used 52812K, capacity 56012K, committed 56192K, reserved 1097728K
  class space    used 6460K, capacity 7028K, committed 7040K, reserved 1048576K
2023-10-03T06:50:13.091+0800: 320.954: [GC pause (G1 Evacuation Pause) (young), 0.0073774 secs]
   [Parallel Time: 3.0 ms, GC Workers: 10]
      [GC Worker Start (ms): Min: 320954.6, Avg: 320954.8, Max: 320955.2, Diff: 0.6]
      [Ext Root Scanning (ms): Min: 0.7, Avg: 1.1, Max: 1.5, Diff: 0.8, Sum: 11.2]
      [Update RS (ms): Min: 0.3, Avg: 0.4, Max: 0.5, Diff: 0.1, Sum: 4.3]
         [Processed Buffers: Min: 3, Avg: 4.4, Max: 7, Diff: 4, Sum: 44]
      [Scan RS (ms): Min: 0.0, Avg: 0.1, Max: 0.1, Diff: 0.1, Sum: 0.6]
      [Code Root Scanning (ms): Min: 0.0, Avg: 0.0, Max: 0.0, Diff: 0.0, Sum: 0.0]
      [Object Copy (ms): Min: 0.2, Avg: 0.4, Max: 0.5, Diff: 0.2, Sum: 3.7]
      [Termination (ms): Min: 0.0, Avg: 0.0, Max: 0.0, Diff: 0.0, Sum: 0.1]
         [Termination Attempts: Min: 1, Avg: 1.0, Max: 1, Diff: 0, Sum: 10]
      [GC Worker Other (ms): Min: 0.0, Avg: 0.0, Max: 0.1, Diff: 0.1, Sum: 0.4]
      [GC Worker Total (ms): Min: 1.7, Avg: 2.0, Max: 2.3, Diff: 0.6, Sum: 20.3]
      [GC Worker End (ms): Min: 320956.8, Avg: 320956.9, Max: 320956.9, Diff: 0.1]
   [Code Root Fixup: 0.0 ms]
   [Code Root Purge: 0.0 ms]
   [Clear CT: 1.5 ms]
   [Other: 2.9 ms]
      [Choose CSet: 0.0 ms]
      [Ref Proc: 1.2 ms]
      [Ref Enq: 0.0 ms]
      [Redirty Cards: 1.4 ms]
      [Humongous Register: 0.0 ms]
      [Humongous Reclaim: 0.0 ms]
      [Free CSet: 0.1 ms]
   [Eden: 152.0M(152.0M)->0.0B(152.0M) Survivors: 1024.0K->1024.0K Heap: 180.8M(256.0M)->29418.7K(256.0M)]
Heap after GC invocations=226 (full 0):
 garbage-first heap   total 262144K, used 29418K [0x00000000f0000000, 0x00000000f0100800, 0x0000000100000000)
  region size 1024K, 1 young (1024K), 1 survivors (1024K)
 Metaspace       used 52812K, capacity 56012K, committed 56192K, reserved 1097728K
  class space    used 6460K, capacity 7028K, committed 7040K, reserved 1048576K
}
 [Times: user=0.03 sys=0.00, real=0.00 secs] 
{Heap before GC invocations=226 (full 0):
 garbage-first heap   total 262144K, used 185066K [0x00000000f0000000, 0x00000000f0100800, 0x0000000100000000)
  region size 1024K, 153 young (156672K), 1 survivors (1024K)
 Metaspace       used 52812K, capacity 56012K, committed 56192K, reserved 1097728K
  class space    used 6460K, capacity 7028K, committed 7040K, reserved 1048576K
2023-10-03T06:50:13.944+0800: 321.807: [GC pause (G1 Evacuation Pause) (young), 0.0073915 secs]
   [Parallel Time: 2.9 ms, GC Workers: 10]
      [GC Worker Start (ms): Min: 321807.0, Avg: 321807.3, Max: 321807.5, Diff: 0.5]
      [Ext Root Scanning (ms): Min: 0.9, Avg: 1.1, Max: 1.6, Diff: 0.7, Sum: 10.9]
      [Update RS (ms): Min: 0.3, Avg: 0.4, Max: 0.5, Diff: 0.2, Sum: 3.8]
         [Processed Buffers: Min: 3, Avg: 4.6, Max: 7, Diff: 4, Sum: 46]
      [Scan RS (ms): Min: 0.0, Avg: 0.1, Max: 0.1, Diff: 0.1, Sum: 0.6]
      [Code Root Scanning (ms): Min: 0.0, Avg: 0.0, Max: 0.0, Diff: 0.0, Sum: 0.0]
      [Object Copy (ms): Min: 0.2, Avg: 0.4, Max: 0.5, Diff: 0.3, Sum: 3.8]
      [Termination (ms): Min: 0.0, Avg: 0.0, Max: 0.0, Diff: 0.0, Sum: 0.0]
         [Termination Attempts: Min: 1, Avg: 1.0, Max: 1, Diff: 0, Sum: 10]
      [GC Worker Other (ms): Min: 0.0, Avg: 0.0, Max: 0.1, Diff: 0.1, Sum: 0.5]
      [GC Worker Total (ms): Min: 1.8, Avg: 2.0, Max: 2.2, Diff: 0.4, Sum: 19.6]
      [GC Worker End (ms): Min: 321809.2, Avg: 321809.2, Max: 321809.3, Diff: 0.1]
   [Code Root Fixup: 0.0 ms]
   [Code Root Purge: 0.0 ms]
   [Clear CT: 1.4 ms]
   [Other: 3.1 ms]
      [Choose CSet: 0.0 ms]
      [Ref Proc: 1.5 ms]
      [Ref Enq: 0.0 ms]
      [Redirty Cards: 1.4 ms]
      [Humongous Register: 0.0 ms]
      [Humongous Reclaim: 0.0 ms]
      [Free CSet: 0.1 ms]
   [Eden: 152.0M(152.0M)->0.0B(152.0M) Survivors: 1024.0K->1024.0K Heap: 180.7M(256.0M)->29408.1K(256.0M)]
Heap after GC invocations=227 (full 0):
 garbage-first heap   total 262144K, used 29408K [0x00000000f0000000, 0x00000000f0100800, 0x0000000100000000)
  region size 1024K, 1 young (1024K), 1 survivors (1024K)
 Metaspace       used 52812K, capacity 56012K, committed 56192K, reserved 1097728K
  class space    used 6460K, capacity 7028K, committed 7040K, reserved 1048576K
}
 [Times: user=0.02 sys=0.01, real=0.01 secs] 
{Heap before GC invocations=227 (full 0):
 garbage-first heap   total 262144K, used 185056K [0x00000000f0000000, 0x00000000f0100800, 0x0000000100000000)
  region size 1024K, 153 young (156672K), 1 survivors (1024K)
 Metaspace       used 52812K, capacity 56012K, committed 56192K, reserved 1097728K
  class space    used 6460K, capacity 7028K, committed 7040K, reserved 1048576K
2023-10-03T06:50:14.766+0800: 322.629: [GC pause (G1 Evacuation Pause) (young), 0.0073124 secs]
   [Parallel Time: 3.3 ms, GC Workers: 10]
      [GC Worker Start (ms): Min: 322629.5, Avg: 322629.7, Max: 322629.9, Diff: 0.5]
      [Ext Root Scanning (ms): Min: 0.9, Avg: 1.2, Max: 1.5, Diff: 0.6, Sum: 11.9]
      [Update RS (ms): Min: 0.3, Avg: 0.4, Max: 0.5, Diff: 0.2, Sum: 4.0]
         [Processed Buffers: Min: 3, Avg: 4.6, Max: 6, Diff: 3, Sum: 46]
      [Scan RS (ms): Min: 0.0, Avg: 0.1, Max: 0.1, Diff: 0.1, Sum: 0.6]
      [Code Root Scanning (ms): Min: 0.0, Avg: 0.0, Max: 0.0, Diff: 0.0, Sum: 0.0]
      [Object Copy (ms): Min: 0.4, Avg: 0.5, Max: 0.7, Diff: 0.3, Sum: 5.1]
      [Termination (ms): Min: 0.0, Avg: 0.0, Max: 0.0, Diff: 0.0, Sum: 0.0]
         [Termination Attempts: Min: 1, Avg: 1.1, Max: 2, Diff: 1, Sum: 11]
      [GC Worker Other (ms): Min: 0.0, Avg: 0.0, Max: 0.1, Diff: 0.1, Sum: 0.5]
      [GC Worker Total (ms): Min: 2.0, Avg: 2.2, Max: 2.5, Diff: 0.5, Sum: 22.1]
      [GC Worker End (ms): Min: 322631.9, Avg: 322631.9, Max: 322632.0, Diff: 0.1]
   [Code Root Fixup: 0.0 ms]
   [Code Root Purge: 0.0 ms]
   [Clear CT: 1.4 ms]
   [Other: 2.7 ms]
      [Choose CSet: 0.0 ms]
      [Ref Proc: 1.2 ms]
      [Ref Enq: 0.0 ms]
      [Redirty Cards: 1.2 ms]
      [Humongous Register: 0.0 ms]
      [Humongous Reclaim: 0.0 ms]
      [Free CSet: 0.1 ms]
   [Eden: 152.0M(152.0M)->0.0B(152.0M) Survivors: 1024.0K->1024.0K Heap: 180.7M(256.0M)->29517.0K(256.0M)]
Heap after GC invocations=228 (full 0):
 garbage-first heap   total 262144K, used 29516K [0x00000000f0000000, 0x00000000f0100800, 0x0000000100000000)
  region size 1024K, 1 young (1024K), 1 survivors (1024K)
 Metaspace       used 52812K, capacity 56012K, committed 56192K, reserved 1097728K
  class space    used 6460K, capacity 7028K, committed 7040K, reserved 1048576K
}
 [Times: user=0.02 sys=0.00, real=0.01 secs] 
{Heap before GC invocations=228 (full 0):
 garbage-first heap   total 262144K, used 185164K [0x00000000f0000000, 0x00000000f0100800, 0x0000000100000000)
  region size 1024K, 153 young (156672K), 1 survivors (1024K)
 Metaspace       used 52813K, capacity 56012K, committed 56192K, reserved 1097728K
  class space    used 6460K, capacity 7028K, committed 7040K, reserved 1048576K
2023-10-03T06:50:15.584+0800: 323.447: [GC pause (G1 Evacuation Pause) (young), 0.0072133 secs]
   [Parallel Time: 3.0 ms, GC Workers: 10]
      [GC Worker Start (ms): Min: 323447.2, Avg: 323447.4, Max: 323447.6, Diff: 0.5]
      [Ext Root Scanning (ms): Min: 0.9, Avg: 1.1, Max: 1.5, Diff: 0.6, Sum: 11.3]
      [Update RS (ms): Min: 0.3, Avg: 0.4, Max: 0.4, Diff: 0.1, Sum: 3.7]
         [Processed Buffers: Min: 2, Avg: 4.5, Max: 8, Diff: 6, Sum: 45]
      [Scan RS (ms): Min: 0.0, Avg: 0.1, Max: 0.1, Diff: 0.1, Sum: 0.6]
      [Code Root Scanning (ms): Min: 0.0, Avg: 0.0, Max: 0.0, Diff: 0.0, Sum: 0.0]
      [Object Copy (ms): Min: 0.3, Avg: 0.4, Max: 0.5, Diff: 0.2, Sum: 4.4]
      [Termination (ms): Min: 0.0, Avg: 0.0, Max: 0.0, Diff: 0.0, Sum: 0.0]
         [Termination Attempts: Min: 1, Avg: 1.0, Max: 1, Diff: 0, Sum: 10]
      [GC Worker Other (ms): Min: 0.0, Avg: 0.0, Max: 0.1, Diff: 0.1, Sum: 0.4]
      [GC Worker Total (ms): Min: 1.8, Avg: 2.0, Max: 2.3, Diff: 0.4, Sum: 20.4]
      [GC Worker End (ms): Min: 323449.5, Avg: 323449.5, Max: 323449.5, Diff: 0.1]
   [Code Root Fixup: 0.0 ms]
   [Code Root Purge: 0.0 ms]
   [Clear CT: 1.2 ms]
   [Other: 3.1 ms]
      [Choose CSet: 0.0 ms]
      [Ref Proc: 1.5 ms]
      [Ref Enq: 0.0 ms]
      [Redirty Cards: 1.3 ms]
      [Humongous Register: 0.0 ms]
      [Humongous Reclaim: 0.0 ms]
      [Free CSet: 0.1 ms]
   [Eden: 152.0M(152.0M)->0.0B(152.0M) Survivors: 1024.0K->1024.0K Heap: 180.8M(256.0M)->29455.4K(256.0M)]
Heap after GC invocations=229 (full 0):
 garbage-first heap   total 262144K, used 29455K [0x00000000f0000000, 0x00000000f0100800, 0x0000000100000000)
  region size 1024K, 1 young (1024K), 1 survivors (1024K)
 Metaspace       used 52813K, capacity 56012K, committed 56192K, reserved 1097728K
  class space    used 6460K, capacity 7028K, committed 7040K, reserved 1048576K
}
 [Times: user=0.03 sys=0.01, real=0.01 secs] 
{Heap before GC invocations=229 (full 0):
 garbage-first heap   total 262144K, used 185103K [0x00000000f0000000, 0x00000000f0100800, 0x0000000100000000)
  region size 1024K, 153 young (156672K), 1 survivors (1024K)
 Metaspace       used 52813K, capacity 56012K, committed 56192K, reserved 1097728K
  class space    used 6460K, capacity 7028K, committed 7040K, reserved 1048576K
2023-10-03T06:50:16.409+0800: 324.272: [GC pause (G1 Evacuation Pause) (young), 0.0069564 secs]
   [Parallel Time: 2.5 ms, GC Workers: 10]
      [GC Worker Start (ms): Min: 324272.5, Avg: 324272.7, Max: 324272.9, Diff: 0.4]
      [Ext Root Scanning (ms): Min: 0.9, Avg: 1.1, Max: 1.5, Diff: 0.6, Sum: 11.3]
      [Update RS (ms): Min: 0.3, Avg: 0.4, Max: 0.5, Diff: 0.2, Sum: 4.0]
         [Processed Buffers: Min: 2, Avg: 4.6, Max: 6, Diff: 4, Sum: 46]
      [Scan RS (ms): Min: 0.0, Avg: 0.1, Max: 0.1, Diff: 0.0, Sum: 0.7]
      [Code Root Scanning (ms): Min: 0.0, Avg: 0.0, Max: 0.0, Diff: 0.0, Sum: 0.0]
      [Object Copy (ms): Min: 0.3, Avg: 0.4, Max: 0.5, Diff: 0.3, Sum: 4.4]
      [Termination (ms): Min: 0.0, Avg: 0.0, Max: 0.0, Diff: 0.0, Sum: 0.0]
         [Termination Attempts: Min: 1, Avg: 1.0, Max: 1, Diff: 0, Sum: 10]
      [GC Worker Other (ms): Min: 0.0, Avg: 0.0, Max: 0.1, Diff: 0.1, Sum: 0.4]
      [GC Worker Total (ms): Min: 1.9, Avg: 2.1, Max: 2.3, Diff: 0.5, Sum: 20.7]
      [GC Worker End (ms): Min: 324274.8, Avg: 324274.8, Max: 324274.8, Diff: 0.1]
   [Code Root Fixup: 0.0 ms]
   [Code Root Purge: 0.0 ms]
   [Clear CT: 1.4 ms]
   [Other: 3.1 ms]
      [Choose CSet: 0.0 ms]
      [Ref Proc: 1.5 ms]
      [Ref Enq: 0.0 ms]
      [Redirty Cards: 1.4 ms]
      [Humongous Register: 0.0 ms]
      [Humongous Reclaim: 0.0 ms]
      [Free CSet: 0.1 ms]
   [Eden: 152.0M(152.0M)->0.0B(152.0M) Survivors: 1024.0K->1024.0K Heap: 180.8M(256.0M)->29424.4K(256.0M)]
Heap after GC invocations=230 (full 0):
 garbage-first heap   total 262144K, used 29424K [0x00000000f0000000, 0x00000000f0100800, 0x0000000100000000)
  region size 1024K, 1 young (1024K), 1 survivors (1024K)
 Metaspace       used 52813K, capacity 56012K, committed 56192K, reserved 1097728K
  class space    used 6460K, capacity 7028K, committed 7040K, reserved 1048576K
}
 [Times: user=0.03 sys=0.00, real=0.01 secs] 
{Heap before GC invocations=230 (full 0):
 garbage-first heap   total 262144K, used 185072K [0x00000000f0000000, 0x00000000f0100800, 0x0000000100000000)
  region size 1024K, 153 young (156672K), 1 survivors (1024K)
 Metaspace       used 52813K, capacity 56012K, committed 56192K, reserved 1097728K
  class space    used 6460K, capacity 7028K, committed 7040K, reserved 1048576K
2023-10-03T06:50:17.245+0800: 325.108: [GC pause (G1 Evacuation Pause) (young), 0.0077110 secs]
   [Parallel Time: 3.0 ms, GC Workers: 10]
      [GC Worker Start (ms): Min: 325108.5, Avg: 325108.7, Max: 325108.9, Diff: 0.5]
      [Ext Root Scanning (ms): Min: 0.9, Avg: 1.1, Max: 1.4, Diff: 0.5, Sum: 11.3]
      [Update RS (ms): Min: 0.3, Avg: 0.4, Max: 0.4, Diff: 0.2, Sum: 3.7]
         [Processed Buffers: Min: 2, Avg: 4.6, Max: 9, Diff: 7, Sum: 46]
      [Scan RS (ms): Min: 0.0, Avg: 0.1, Max: 0.1, Diff: 0.1, Sum: 0.6]
      [Code Root Scanning (ms): Min: 0.0, Avg: 0.0, Max: 0.0, Diff: 0.0, Sum: 0.0]
      [Object Copy (ms): Min: 0.3, Avg: 0.5, Max: 0.6, Diff: 0.3, Sum: 4.5]
      [Termination (ms): Min: 0.0, Avg: 0.0, Max: 0.0, Diff: 0.0, Sum: 0.0]
         [Termination Attempts: Min: 1, Avg: 1.0, Max: 1, Diff: 0, Sum: 10]
      [GC Worker Other (ms): Min: 0.0, Avg: 0.0, Max: 0.1, Diff: 0.1, Sum: 0.4]
      [GC Worker Total (ms): Min: 1.9, Avg: 2.1, Max: 2.3, Diff: 0.4, Sum: 20.5]
      [GC Worker End (ms): Min: 325110.8, Avg: 325110.8, Max: 325110.8, Diff: 0.1]
   [Code Root Fixup: 0.0 ms]
   [Code Root Purge: 0.0 ms]
   [Clear CT: 1.5 ms]
   [Other: 3.2 ms]
      [Choose CSet: 0.0 ms]
      [Ref Proc: 1.5 ms]
      [Ref Enq: 0.0 ms]
      [Redirty Cards: 1.5 ms]
      [Humongous Register: 0.0 ms]
      [Humongous Reclaim: 0.0 ms]
      [Free CSet: 0.1 ms]
   [Eden: 152.0M(152.0M)->0.0B(152.0M) Survivors: 1024.0K->1024.0K Heap: 180.7M(256.0M)->29460.8K(256.0M)]
Heap after GC invocations=231 (full 0):
 garbage-first heap   total 262144K, used 29460K [0x00000000f0000000, 0x00000000f0100800, 0x0000000100000000)
  region size 1024K, 1 young (1024K), 1 survivors (1024K)
 Metaspace       used 52813K, capacity 56012K, committed 56192K, reserved 1097728K
  class space    used 6460K, capacity 7028K, committed 7040K, reserved 1048576K
}
 [Times: user=0.03 sys=0.00, real=0.01 secs] 
{Heap before GC invocations=231 (full 0):
 garbage-first heap   total 262144K, used 185108K [0x00000000f0000000, 0x00000000f0100800, 0x0000000100000000)
  region size 1024K, 153 young (156672K), 1 survivors (1024K)
 Metaspace       used 52813K, capacity 56012K, committed 56192K, reserved 1097728K
  class space    used 6460K, capacity 7028K, committed 7040K, reserved 1048576K
2023-10-03T06:50:18.066+0800: 325.929: [GC pause (G1 Evacuation Pause) (young), 0.0078821 secs]
   [Parallel Time: 3.2 ms, GC Workers: 10]
      [GC Worker Start (ms): Min: 325929.0, Avg: 325929.3, Max: 325929.5, Diff: 0.4]
      [Ext Root Scanning (ms): Min: 1.1, Avg: 1.2, Max: 1.5, Diff: 0.5, Sum: 12.4]
      [Update RS (ms): Min: 0.2, Avg: 0.4, Max: 0.5, Diff: 0.3, Sum: 3.8]
         [Processed Buffers: Min: 1, Avg: 4.4, Max: 7, Diff: 6, Sum: 44]
      [Scan RS (ms): Min: 0.0, Avg: 0.1, Max: 0.1, Diff: 0.1, Sum: 0.6]
      [Code Root Scanning (ms): Min: 0.0, Avg: 0.0, Max: 0.0, Diff: 0.0, Sum: 0.0]
      [Object Copy (ms): Min: 0.3, Avg: 0.4, Max: 0.5, Diff: 0.3, Sum: 4.3]
      [Termination (ms): Min: 0.0, Avg: 0.0, Max: 0.0, Diff: 0.0, Sum: 0.0]
         [Termination Attempts: Min: 1, Avg: 1.0, Max: 1, Diff: 0, Sum: 10]
      [GC Worker Other (ms): Min: 0.0, Avg: 0.0, Max: 0.1, Diff: 0.1, Sum: 0.4]
      [GC Worker Total (ms): Min: 1.9, Avg: 2.2, Max: 2.4, Diff: 0.4, Sum: 21.6]
      [GC Worker End (ms): Min: 325931.4, Avg: 325931.4, Max: 325931.5, Diff: 0.1]
   [Code Root Fixup: 0.0 ms]
   [Code Root Purge: 0.0 ms]
   [Clear CT: 1.6 ms]
   [Other: 3.0 ms]
      [Choose CSet: 0.0 ms]
      [Ref Proc: 1.4 ms]
      [Ref Enq: 0.0 ms]
      [Redirty Cards: 1.4 ms]
      [Humongous Register: 0.0 ms]
      [Humongous Reclaim: 0.0 ms]
      [Free CSet: 0.1 ms]
   [Eden: 152.0M(152.0M)->0.0B(152.0M) Survivors: 1024.0K->1024.0K Heap: 180.8M(256.0M)->29479.2K(256.0M)]
Heap after GC invocations=232 (full 0):
 garbage-first heap   total 262144K, used 29479K [0x00000000f0000000, 0x00000000f0100800, 0x0000000100000000)
  region size 1024K, 1 young (1024K), 1 survivors (1024K)
 Metaspace       used 52813K, capacity 56012K, committed 56192K, reserved 1097728K
  class space    used 6460K, capacity 7028K, committed 7040K, reserved 1048576K
}
 [Times: user=0.02 sys=0.01, real=0.01 secs] 
{Heap before GC invocations=232 (full 0):
 garbage-first heap   total 262144K, used 185127K [0x00000000f0000000, 0x00000000f0100800, 0x0000000100000000)
  region size 1024K, 153 young (156672K), 1 survivors (1024K)
 Metaspace       used 52813K, capacity 56012K, committed 56192K, reserved 1097728K
  class space    used 6460K, capacity 7028K, committed 7040K, reserved 1048576K
2023-10-03T06:50:18.920+0800: 326.783: [GC pause (G1 Evacuation Pause) (young), 0.0067029 secs]
   [Parallel Time: 2.9 ms, GC Workers: 10]
      [GC Worker Start (ms): Min: 326783.3, Avg: 326783.5, Max: 326783.8, Diff: 0.5]
      [Ext Root Scanning (ms): Min: 0.9, Avg: 1.1, Max: 1.4, Diff: 0.5, Sum: 11.4]
      [Update RS (ms): Min: 0.3, Avg: 0.4, Max: 0.5, Diff: 0.2, Sum: 3.8]
         [Processed Buffers: Min: 2, Avg: 4.6, Max: 8, Diff: 6, Sum: 46]
      [Scan RS (ms): Min: 0.0, Avg: 0.1, Max: 0.1, Diff: 0.1, Sum: 0.5]
      [Code Root Scanning (ms): Min: 0.0, Avg: 0.0, Max: 0.0, Diff: 0.0, Sum: 0.0]
      [Object Copy (ms): Min: 0.3, Avg: 0.4, Max: 0.6, Diff: 0.3, Sum: 4.5]
      [Termination (ms): Min: 0.0, Avg: 0.0, Max: 0.0, Diff: 0.0, Sum: 0.0]
         [Termination Attempts: Min: 1, Avg: 1.0, Max: 1, Diff: 0, Sum: 10]
      [GC Worker Other (ms): Min: 0.0, Avg: 0.0, Max: 0.1, Diff: 0.1, Sum: 0.4]
      [GC Worker Total (ms): Min: 1.8, Avg: 2.1, Max: 2.3, Diff: 0.5, Sum: 20.5]
      [GC Worker End (ms): Min: 326785.6, Avg: 326785.6, Max: 326785.6, Diff: 0.1]
   [Code Root Fixup: 0.0 ms]
   [Code Root Purge: 0.0 ms]
   [Clear CT: 1.7 ms]
   [Other: 2.1 ms]
      [Choose CSet: 0.0 ms]
      [Ref Proc: 0.7 ms]
      [Ref Enq: 0.0 ms]
      [Redirty Cards: 1.1 ms]
      [Humongous Register: 0.0 ms]
      [Humongous Reclaim: 0.0 ms]
      [Free CSet: 0.1 ms]
   [Eden: 152.0M(152.0M)->0.0B(152.0M) Survivors: 1024.0K->1024.0K Heap: 180.8M(256.0M)->29502.9K(256.0M)]
Heap after GC invocations=233 (full 0):
 garbage-first heap   total 262144K, used 29502K [0x00000000f0000000, 0x00000000f0100800, 0x0000000100000000)
  region size 1024K, 1 young (1024K), 1 survivors (1024K)
 Metaspace       used 52813K, capacity 56012K, committed 56192K, reserved 1097728K
  class space    used 6460K, capacity 7028K, committed 7040K, reserved 1048576K
}
 [Times: user=0.02 sys=0.01, real=0.00 secs] 
{Heap before GC invocations=233 (full 0):
 garbage-first heap   total 262144K, used 185150K [0x00000000f0000000, 0x00000000f0100800, 0x0000000100000000)
  region size 1024K, 153 young (156672K), 1 survivors (1024K)
 Metaspace       used 52813K, capacity 56012K, committed 56192K, reserved 1097728K
  class space    used 6460K, capacity 7028K, committed 7040K, reserved 1048576K
2023-10-03T06:50:19.705+0800: 327.568: [GC pause (G1 Evacuation Pause) (young), 0.0072407 secs]
   [Parallel Time: 2.9 ms, GC Workers: 10]
      [GC Worker Start (ms): Min: 327568.7, Avg: 327568.8, Max: 327569.0, Diff: 0.3]
      [Ext Root Scanning (ms): Min: 1.0, Avg: 1.2, Max: 1.5, Diff: 0.5, Sum: 11.5]
      [Update RS (ms): Min: 0.3, Avg: 0.4, Max: 0.4, Diff: 0.1, Sum: 3.7]
         [Processed Buffers: Min: 2, Avg: 4.5, Max: 7, Diff: 5, Sum: 45]
      [Scan RS (ms): Min: 0.0, Avg: 0.1, Max: 0.1, Diff: 0.1, Sum: 0.6]
      [Code Root Scanning (ms): Min: 0.0, Avg: 0.0, Max: 0.0, Diff: 0.0, Sum: 0.0]
      [Object Copy (ms): Min: 0.3, Avg: 0.4, Max: 0.5, Diff: 0.2, Sum: 4.1]
      [Termination (ms): Min: 0.0, Avg: 0.0, Max: 0.0, Diff: 0.0, Sum: 0.0]
         [Termination Attempts: Min: 1, Avg: 1.0, Max: 1, Diff: 0, Sum: 10]
      [GC Worker Other (ms): Min: 0.0, Avg: 0.0, Max: 0.1, Diff: 0.1, Sum: 0.4]
      [GC Worker Total (ms): Min: 1.8, Avg: 2.0, Max: 2.2, Diff: 0.3, Sum: 20.4]
      [GC Worker End (ms): Min: 327570.9, Avg: 327570.9, Max: 327570.9, Diff: 0.1]
   [Code Root Fixup: 0.0 ms]
   [Code Root Purge: 0.0 ms]
   [Clear CT: 1.4 ms]
   [Other: 3.0 ms]
      [Choose CSet: 0.0 ms]
      [Ref Proc: 1.5 ms]
      [Ref Enq: 0.0 ms]
      [Redirty Cards: 1.3 ms]
      [Humongous Register: 0.0 ms]
      [Humongous Reclaim: 0.0 ms]
      [Free CSet: 0.1 ms]
   [Eden: 152.0M(152.0M)->0.0B(152.0M) Survivors: 1024.0K->1024.0K Heap: 180.8M(256.0M)->29428.8K(256.0M)]
Heap after GC invocations=234 (full 0):
 garbage-first heap   total 262144K, used 29428K [0x00000000f0000000, 0x00000000f0100800, 0x0000000100000000)
  region size 1024K, 1 young (1024K), 1 survivors (1024K)
 Metaspace       used 52813K, capacity 56012K, committed 56192K, reserved 1097728K
  class space    used 6460K, capacity 7028K, committed 7040K, reserved 1048576K
}
 [Times: user=0.03 sys=0.00, real=0.01 secs] 
{Heap before GC invocations=234 (full 0):
 garbage-first heap   total 262144K, used 185076K [0x00000000f0000000, 0x00000000f0100800, 0x0000000100000000)
  region size 1024K, 153 young (156672K), 1 survivors (1024K)
 Metaspace       used 52813K, capacity 56012K, committed 56192K, reserved 1097728K
  class space    used 6460K, capacity 7028K, committed 7040K, reserved 1048576K
2023-10-03T06:50:20.490+0800: 328.353: [GC pause (G1 Evacuation Pause) (young), 0.0058623 secs]
   [Parallel Time: 2.4 ms, GC Workers: 10]
      [GC Worker Start (ms): Min: 328353.3, Avg: 328353.5, Max: 328353.7, Diff: 0.4]
      [Ext Root Scanning (ms): Min: 0.7, Avg: 1.0, Max: 1.5, Diff: 0.8, Sum: 9.7]
      [Update RS (ms): Min: 0.0, Avg: 0.3, Max: 0.4, Diff: 0.4, Sum: 2.9]
         [Processed Buffers: Min: 2, Avg: 4.5, Max: 10, Diff: 8, Sum: 45]
      [Scan RS (ms): Min: 0.0, Avg: 0.0, Max: 0.1, Diff: 0.1, Sum: 0.4]
      [Code Root Scanning (ms): Min: 0.0, Avg: 0.0, Max: 0.0, Diff: 0.0, Sum: 0.0]
      [Object Copy (ms): Min: 0.3, Avg: 0.4, Max: 0.5, Diff: 0.2, Sum: 3.8]
      [Termination (ms): Min: 0.0, Avg: 0.0, Max: 0.0, Diff: 0.0, Sum: 0.0]
         [Termination Attempts: Min: 1, Avg: 1.0, Max: 1, Diff: 0, Sum: 10]
      [GC Worker Other (ms): Min: 0.0, Avg: 0.0, Max: 0.1, Diff: 0.1, Sum: 0.3]
      [GC Worker Total (ms): Min: 1.5, Avg: 1.7, Max: 1.9, Diff: 0.4, Sum: 17.3]
      [GC Worker End (ms): Min: 328355.2, Avg: 328355.2, Max: 328355.3, Diff: 0.1]
   [Code Root Fixup: 0.0 ms]
   [Code Root Purge: 0.0 ms]
   [Clear CT: 1.0 ms]
   [Other: 2.5 ms]
      [Choose CSet: 0.0 ms]
      [Ref Proc: 1.3 ms]
      [Ref Enq: 0.0 ms]
      [Redirty Cards: 0.9 ms]
      [Humongous Register: 0.0 ms]
      [Humongous Reclaim: 0.0 ms]
      [Free CSet: 0.1 ms]
   [Eden: 152.0M(152.0M)->0.0B(152.0M) Survivors: 1024.0K->1024.0K Heap: 180.7M(256.0M)->29508.7K(256.0M)]
Heap after GC invocations=235 (full 0):
 garbage-first heap   total 262144K, used 29508K [0x00000000f0000000, 0x00000000f0100800, 0x0000000100000000)
  region size 1024K, 1 young (1024K), 1 survivors (1024K)
 Metaspace       used 52813K, capacity 56012K, committed 56192K, reserved 1097728K
  class space    used 6460K, capacity 7028K, committed 7040K, reserved 1048576K
}
 [Times: user=0.01 sys=0.01, real=0.00 secs] 
{Heap before GC invocations=235 (full 0):
 garbage-first heap   total 262144K, used 185156K [0x00000000f0000000, 0x00000000f0100800, 0x0000000100000000)
  region size 1024K, 153 young (156672K), 1 survivors (1024K)
 Metaspace       used 52813K, capacity 56012K, committed 56192K, reserved 1097728K
  class space    used 6460K, capacity 7028K, committed 7040K, reserved 1048576K
2023-10-03T06:50:21.285+0800: 329.148: [GC pause (G1 Evacuation Pause) (young), 0.0074443 secs]
   [Parallel Time: 3.1 ms, GC Workers: 10]
      [GC Worker Start (ms): Min: 329148.5, Avg: 329148.7, Max: 329149.0, Diff: 0.5]
      [Ext Root Scanning (ms): Min: 0.9, Avg: 1.2, Max: 1.5, Diff: 0.6, Sum: 11.7]
      [Update RS (ms): Min: 0.3, Avg: 0.4, Max: 0.5, Diff: 0.2, Sum: 3.8]
         [Processed Buffers: Min: 1, Avg: 4.4, Max: 7, Diff: 6, Sum: 44]
      [Scan RS (ms): Min: 0.0, Avg: 0.1, Max: 0.1, Diff: 0.1, Sum: 0.6]
      [Code Root Scanning (ms): Min: 0.0, Avg: 0.0, Max: 0.0, Diff: 0.0, Sum: 0.0]
      [Object Copy (ms): Min: 0.3, Avg: 0.4, Max: 0.5, Diff: 0.2, Sum: 4.3]
      [Termination (ms): Min: 0.0, Avg: 0.0, Max: 0.0, Diff: 0.0, Sum: 0.0]
         [Termination Attempts: Min: 1, Avg: 1.0, Max: 1, Diff: 0, Sum: 10]
      [GC Worker Other (ms): Min: 0.0, Avg: 0.0, Max: 0.1, Diff: 0.1, Sum: 0.5]
      [GC Worker Total (ms): Min: 1.8, Avg: 2.1, Max: 2.3, Diff: 0.5, Sum: 20.9]
      [GC Worker End (ms): Min: 329150.8, Avg: 329150.8, Max: 329150.9, Diff: 0.1]
   [Code Root Fixup: 0.0 ms]
   [Code Root Purge: 0.0 ms]
   [Clear CT: 1.3 ms]
   [Other: 3.0 ms]
      [Choose CSet: 0.0 ms]
      [Ref Proc: 1.3 ms]
      [Ref Enq: 0.0 ms]
      [Redirty Cards: 1.3 ms]
      [Humongous Register: 0.0 ms]
      [Humongous Reclaim: 0.0 ms]
      [Free CSet: 0.1 ms]
   [Eden: 152.0M(152.0M)->0.0B(152.0M) Survivors: 1024.0K->1024.0K Heap: 180.8M(256.0M)->29395.2K(256.0M)]
Heap after GC invocations=236 (full 0):
 garbage-first heap   total 262144K, used 29395K [0x00000000f0000000, 0x00000000f0100800, 0x0000000100000000)
  region size 1024K, 1 young (1024K), 1 survivors (1024K)
 Metaspace       used 52813K, capacity 56012K, committed 56192K, reserved 1097728K
  class space    used 6460K, capacity 7028K, committed 7040K, reserved 1048576K
}
 [Times: user=0.02 sys=0.00, real=0.01 secs] 
{Heap before GC invocations=236 (full 0):
 garbage-first heap   total 262144K, used 185043K [0x00000000f0000000, 0x00000000f0100800, 0x0000000100000000)
  region size 1024K, 153 young (156672K), 1 survivors (1024K)
 Metaspace       used 52813K, capacity 56012K, committed 56192K, reserved 1097728K
  class space    used 6460K, capacity 7028K, committed 7040K, reserved 1048576K
2023-10-03T06:50:22.098+0800: 329.961: [GC pause (G1 Evacuation Pause) (young), 0.0076994 secs]
   [Parallel Time: 3.2 ms, GC Workers: 10]
      [GC Worker Start (ms): Min: 329961.0, Avg: 329961.3, Max: 329961.6, Diff: 0.5]
      [Ext Root Scanning (ms): Min: 0.9, Avg: 1.1, Max: 1.5, Diff: 0.6, Sum: 11.4]
      [Update RS (ms): Min: 0.3, Avg: 0.4, Max: 0.5, Diff: 0.2, Sum: 4.1]
         [Processed Buffers: Min: 2, Avg: 4.4, Max: 7, Diff: 5, Sum: 44]
      [Scan RS (ms): Min: 0.0, Avg: 0.1, Max: 0.1, Diff: 0.1, Sum: 0.6]
      [Code Root Scanning (ms): Min: 0.0, Avg: 0.0, Max: 0.0, Diff: 0.0, Sum: 0.0]
      [Object Copy (ms): Min: 0.3, Avg: 0.5, Max: 0.6, Diff: 0.3, Sum: 4.8]
      [Termination (ms): Min: 0.0, Avg: 0.0, Max: 0.0, Diff: 0.0, Sum: 0.0]
         [Termination Attempts: Min: 1, Avg: 1.0, Max: 1, Diff: 0, Sum: 10]
      [GC Worker Other (ms): Min: 0.0, Avg: 0.0, Max: 0.1, Diff: 0.1, Sum: 0.4]
      [GC Worker Total (ms): Min: 1.9, Avg: 2.1, Max: 2.4, Diff: 0.5, Sum: 21.3]
      [GC Worker End (ms): Min: 329963.4, Avg: 329963.5, Max: 329963.5, Diff: 0.1]
   [Code Root Fixup: 0.0 ms]
   [Code Root Purge: 0.0 ms]
   [Clear CT: 1.3 ms]
   [Other: 3.2 ms]
      [Choose CSet: 0.0 ms]
      [Ref Proc: 1.6 ms]
      [Ref Enq: 0.0 ms]
      [Redirty Cards: 1.3 ms]
      [Humongous Register: 0.0 ms]
      [Humongous Reclaim: 0.0 ms]
      [Free CSet: 0.1 ms]
   [Eden: 152.0M(152.0M)->0.0B(152.0M) Survivors: 1024.0K->1024.0K Heap: 180.7M(256.0M)->29567.9K(256.0M)]
Heap after GC invocations=237 (full 0):
 garbage-first heap   total 262144K, used 29567K [0x00000000f0000000, 0x00000000f0100800, 0x0000000100000000)
  region size 1024K, 1 young (1024K), 1 survivors (1024K)
 Metaspace       used 52813K, capacity 56012K, committed 56192K, reserved 1097728K
  class space    used 6460K, capacity 7028K, committed 7040K, reserved 1048576K
}
 [Times: user=0.03 sys=0.00, real=0.01 secs] 
{Heap before GC invocations=237 (full 0):
 garbage-first heap   total 262144K, used 185215K [0x00000000f0000000, 0x00000000f0100800, 0x0000000100000000)
  region size 1024K, 153 young (156672K), 1 survivors (1024K)
 Metaspace       used 52813K, capacity 56012K, committed 56192K, reserved 1097728K
  class space    used 6460K, capacity 7028K, committed 7040K, reserved 1048576K
2023-10-03T06:50:22.923+0800: 330.786: [GC pause (G1 Evacuation Pause) (young), 0.0068748 secs]
   [Parallel Time: 3.0 ms, GC Workers: 10]
      [GC Worker Start (ms): Min: 330786.6, Avg: 330786.8, Max: 330787.0, Diff: 0.4]
      [Ext Root Scanning (ms): Min: 1.0, Avg: 1.2, Max: 1.5, Diff: 0.5, Sum: 11.9]
      [Update RS (ms): Min: 0.3, Avg: 0.4, Max: 0.5, Diff: 0.1, Sum: 3.8]
         [Processed Buffers: Min: 2, Avg: 4.5, Max: 8, Diff: 6, Sum: 45]
      [Scan RS (ms): Min: 0.0, Avg: 0.1, Max: 0.1, Diff: 0.1, Sum: 0.5]
      [Code Root Scanning (ms): Min: 0.0, Avg: 0.0, Max: 0.0, Diff: 0.0, Sum: 0.0]
      [Object Copy (ms): Min: 0.3, Avg: 0.4, Max: 0.5, Diff: 0.2, Sum: 4.2]
      [Termination (ms): Min: 0.0, Avg: 0.0, Max: 0.0, Diff: 0.0, Sum: 0.0]
         [Termination Attempts: Min: 1, Avg: 1.0, Max: 1, Diff: 0, Sum: 10]
      [GC Worker Other (ms): Min: 0.0, Avg: 0.0, Max: 0.1, Diff: 0.1, Sum: 0.3]
      [GC Worker Total (ms): Min: 1.9, Avg: 2.1, Max: 2.3, Diff: 0.4, Sum: 20.8]
      [GC Worker End (ms): Min: 330788.9, Avg: 330788.9, Max: 330788.9, Diff: 0.1]
   [Code Root Fixup: 0.0 ms]
   [Code Root Purge: 0.0 ms]
   [Clear CT: 1.3 ms]
   [Other: 2.6 ms]
      [Choose CSet: 0.0 ms]
      [Ref Proc: 1.1 ms]
      [Ref Enq: 0.0 ms]
      [Redirty Cards: 1.2 ms]
      [Humongous Register: 0.0 ms]
      [Humongous Reclaim: 0.0 ms]
      [Free CSet: 0.1 ms]
   [Eden: 152.0M(152.0M)->0.0B(152.0M) Survivors: 1024.0K->1024.0K Heap: 180.9M(256.0M)->29457.9K(256.0M)]
Heap after GC invocations=238 (full 0):
 garbage-first heap   total 262144K, used 29457K [0x00000000f0000000, 0x00000000f0100800, 0x0000000100000000)
  region size 1024K, 1 young (1024K), 1 survivors (1024K)
 Metaspace       used 52813K, capacity 56012K, committed 56192K, reserved 1097728K
  class space    used 6460K, capacity 7028K, committed 7040K, reserved 1048576K
}
 [Times: user=0.01 sys=0.01, real=0.01 secs] 
{Heap before GC invocations=238 (full 0):
 garbage-first heap   total 262144K, used 185105K [0x00000000f0000000, 0x00000000f0100800, 0x0000000100000000)
  region size 1024K, 153 young (156672K), 1 survivors (1024K)
 Metaspace       used 52813K, capacity 56012K, committed 56192K, reserved 1097728K
  class space    used 6460K, capacity 7028K, committed 7040K, reserved 1048576K
2023-10-03T06:50:23.755+0800: 331.618: [GC pause (G1 Evacuation Pause) (young), 0.0072745 secs]
   [Parallel Time: 3.1 ms, GC Workers: 10]
      [GC Worker Start (ms): Min: 331618.4, Avg: 331618.6, Max: 331618.8, Diff: 0.4]
      [Ext Root Scanning (ms): Min: 1.0, Avg: 1.2, Max: 1.6, Diff: 0.6, Sum: 11.9]
      [Update RS (ms): Min: 0.3, Avg: 0.4, Max: 0.4, Diff: 0.1, Sum: 3.8]
         [Processed Buffers: Min: 2, Avg: 4.7, Max: 8, Diff: 6, Sum: 47]
      [Scan RS (ms): Min: 0.0, Avg: 0.1, Max: 0.1, Diff: 0.1, Sum: 0.6]
      [Code Root Scanning (ms): Min: 0.0, Avg: 0.0, Max: 0.0, Diff: 0.0, Sum: 0.0]
      [Object Copy (ms): Min: 0.2, Avg: 0.5, Max: 0.6, Diff: 0.3, Sum: 4.6]
      [Termination (ms): Min: 0.0, Avg: 0.0, Max: 0.0, Diff: 0.0, Sum: 0.0]
         [Termination Attempts: Min: 1, Avg: 1.2, Max: 2, Diff: 1, Sum: 12]
      [GC Worker Other (ms): Min: 0.0, Avg: 0.0, Max: 0.1, Diff: 0.1, Sum: 0.5]
      [GC Worker Total (ms): Min: 1.9, Avg: 2.1, Max: 2.3, Diff: 0.4, Sum: 21.3]
      [GC Worker End (ms): Min: 331620.7, Avg: 331620.8, Max: 331620.8, Diff: 0.1]
   [Code Root Fixup: 0.0 ms]
   [Code Root Purge: 0.0 ms]
   [Clear CT: 1.3 ms]
   [Other: 2.9 ms]
      [Choose CSet: 0.0 ms]
      [Ref Proc: 1.3 ms]
      [Ref Enq: 0.0 ms]
      [Redirty Cards: 1.4 ms]
      [Humongous Register: 0.0 ms]
      [Humongous Reclaim: 0.0 ms]
      [Free CSet: 0.1 ms]
   [Eden: 152.0M(152.0M)->0.0B(152.0M) Survivors: 1024.0K->1024.0K Heap: 180.8M(256.0M)->29520.9K(256.0M)]
Heap after GC invocations=239 (full 0):
 garbage-first heap   total 262144K, used 29520K [0x00000000f0000000, 0x00000000f0100800, 0x0000000100000000)
  region size 1024K, 1 young (1024K), 1 survivors (1024K)
 Metaspace       used 52813K, capacity 56012K, committed 56192K, reserved 1097728K
  class space    used 6460K, capacity 7028K, committed 7040K, reserved 1048576K
}
 [Times: user=0.03 sys=0.00, real=0.01 secs] 
{Heap before GC invocations=239 (full 0):
 garbage-first heap   total 262144K, used 185168K [0x00000000f0000000, 0x00000000f0100800, 0x0000000100000000)
  region size 1024K, 153 young (156672K), 1 survivors (1024K)
 Metaspace       used 52813K, capacity 56012K, committed 56192K, reserved 1097728K
  class space    used 6460K, capacity 7028K, committed 7040K, reserved 1048576K
2023-10-03T06:50:24.575+0800: 332.438: [GC pause (G1 Evacuation Pause) (young), 0.0071891 secs]
   [Parallel Time: 3.1 ms, GC Workers: 10]
      [GC Worker Start (ms): Min: 332438.1, Avg: 332438.3, Max: 332438.5, Diff: 0.4]
      [Ext Root Scanning (ms): Min: 0.9, Avg: 1.2, Max: 1.6, Diff: 0.7, Sum: 11.9]
      [Update RS (ms): Min: 0.2, Avg: 0.4, Max: 0.4, Diff: 0.3, Sum: 3.8]
         [Processed Buffers: Min: 2, Avg: 4.7, Max: 7, Diff: 5, Sum: 47]
      [Scan RS (ms): Min: 0.0, Avg: 0.1, Max: 0.1, Diff: 0.1, Sum: 0.5]
      [Code Root Scanning (ms): Min: 0.0, Avg: 0.0, Max: 0.0, Diff: 0.0, Sum: 0.0]
      [Object Copy (ms): Min: 0.3, Avg: 0.4, Max: 0.4, Diff: 0.2, Sum: 4.1]
      [Termination (ms): Min: 0.0, Avg: 0.0, Max: 0.1, Diff: 0.1, Sum: 0.5]
         [Termination Attempts: Min: 1, Avg: 1.1, Max: 2, Diff: 1, Sum: 11]
      [GC Worker Other (ms): Min: 0.0, Avg: 0.0, Max: 0.1, Diff: 0.1, Sum: 0.4]
      [GC Worker Total (ms): Min: 1.9, Avg: 2.1, Max: 2.3, Diff: 0.4, Sum: 21.2]
      [GC Worker End (ms): Min: 332440.4, Avg: 332440.4, Max: 332440.5, Diff: 0.1]
   [Code Root Fixup: 0.0 ms]
   [Code Root Purge: 0.0 ms]
   [Clear CT: 1.3 ms]
   [Other: 2.8 ms]
      [Choose CSet: 0.0 ms]
      [Ref Proc: 1.2 ms]
      [Ref Enq: 0.0 ms]
      [Redirty Cards: 1.3 ms]
      [Humongous Register: 0.0 ms]
      [Humongous Reclaim: 0.0 ms]
      [Free CSet: 0.1 ms]
   [Eden: 152.0M(152.0M)->0.0B(152.0M) Survivors: 1024.0K->1024.0K Heap: 180.8M(256.0M)->29432.0K(256.0M)]
Heap after GC invocations=240 (full 0):
 garbage-first heap   total 262144K, used 29431K [0x00000000f0000000, 0x00000000f0100800, 0x0000000100000000)
  region size 1024K, 1 young (1024K), 1 survivors (1024K)
 Metaspace       used 52813K, capacity 56012K, committed 56192K, reserved 1097728K
  class space    used 6460K, capacity 7028K, committed 7040K, reserved 1048576K
}
 [Times: user=0.02 sys=0.00, real=0.01 secs] 
{Heap before GC invocations=240 (full 0):
 garbage-first heap   total 262144K, used 185079K [0x00000000f0000000, 0x00000000f0100800, 0x0000000100000000)
  region size 1024K, 153 young (156672K), 1 survivors (1024K)
 Metaspace       used 52813K, capacity 56012K, committed 56192K, reserved 1097728K
  class space    used 6460K, capacity 7028K, committed 7040K, reserved 1048576K
2023-10-03T06:50:25.407+0800: 333.271: [GC pause (G1 Evacuation Pause) (young), 0.0071251 secs]
   [Parallel Time: 3.0 ms, GC Workers: 10]
      [GC Worker Start (ms): Min: 333270.7, Avg: 333271.0, Max: 333271.2, Diff: 0.5]
      [Ext Root Scanning (ms): Min: 0.9, Avg: 1.2, Max: 1.4, Diff: 0.5, Sum: 11.5]
      [Update RS (ms): Min: 0.4, Avg: 0.4, Max: 0.5, Diff: 0.1, Sum: 4.0]
         [Processed Buffers: Min: 1, Avg: 4.5, Max: 7, Diff: 6, Sum: 45]
      [Scan RS (ms): Min: 0.0, Avg: 0.1, Max: 0.1, Diff: 0.1, Sum: 0.6]
      [Code Root Scanning (ms): Min: 0.0, Avg: 0.0, Max: 0.0, Diff: 0.0, Sum: 0.0]
      [Object Copy (ms): Min: 0.3, Avg: 0.4, Max: 0.5, Diff: 0.1, Sum: 4.3]
      [Termination (ms): Min: 0.0, Avg: 0.0, Max: 0.0, Diff: 0.0, Sum: 0.0]
         [Termination Attempts: Min: 1, Avg: 1.0, Max: 1, Diff: 0, Sum: 10]
      [GC Worker Other (ms): Min: 0.0, Avg: 0.0, Max: 0.1, Diff: 0.1, Sum: 0.4]
      [GC Worker Total (ms): Min: 1.8, Avg: 2.1, Max: 2.3, Diff: 0.5, Sum: 20.8]
      [GC Worker End (ms): Min: 333273.0, Avg: 333273.1, Max: 333273.1, Diff: 0.1]
   [Code Root Fixup: 0.0 ms]
   [Code Root Purge: 0.0 ms]
   [Clear CT: 1.5 ms]
   [Other: 2.6 ms]
      [Choose CSet: 0.0 ms]
      [Ref Proc: 1.0 ms]
      [Ref Enq: 0.0 ms]
      [Redirty Cards: 1.3 ms]
      [Humongous Register: 0.0 ms]
      [Humongous Reclaim: 0.0 ms]
      [Free CSet: 0.1 ms]
   [Eden: 152.0M(152.0M)->0.0B(152.0M) Survivors: 1024.0K->1024.0K Heap: 180.7M(256.0M)->29479.9K(256.0M)]
Heap after GC invocations=241 (full 0):
 garbage-first heap   total 262144K, used 29479K [0x00000000f0000000, 0x00000000f0100800, 0x0000000100000000)
  region size 1024K, 1 young (1024K), 1 survivors (1024K)
 Metaspace       used 52813K, capacity 56012K, committed 56192K, reserved 1097728K
  class space    used 6460K, capacity 7028K, committed 7040K, reserved 1048576K
}
 [Times: user=0.02 sys=0.01, real=0.01 secs] 
{Heap before GC invocations=241 (full 0):
 garbage-first heap   total 262144K, used 185127K [0x00000000f0000000, 0x00000000f0100800, 0x0000000100000000)
  region size 1024K, 153 young (156672K), 1 survivors (1024K)
 Metaspace       used 52813K, capacity 56012K, committed 56192K, reserved 1097728K
  class space    used 6460K, capacity 7028K, committed 7040K, reserved 1048576K
2023-10-03T06:50:26.228+0800: 334.091: [GC pause (G1 Evacuation Pause) (young), 0.0076254 secs]
   [Parallel Time: 3.0 ms, GC Workers: 10]
      [GC Worker Start (ms): Min: 334091.5, Avg: 334091.8, Max: 334092.0, Diff: 0.5]
      [Ext Root Scanning (ms): Min: 0.9, Avg: 1.1, Max: 1.5, Diff: 0.6, Sum: 11.5]
      [Update RS (ms): Min: 0.3, Avg: 0.4, Max: 0.5, Diff: 0.1, Sum: 3.8]
         [Processed Buffers: Min: 2, Avg: 4.4, Max: 8, Diff: 6, Sum: 44]
      [Scan RS (ms): Min: 0.0, Avg: 0.1, Max: 0.1, Diff: 0.1, Sum: 0.5]
      [Code Root Scanning (ms): Min: 0.0, Avg: 0.0, Max: 0.0, Diff: 0.0, Sum: 0.0]
      [Object Copy (ms): Min: 0.3, Avg: 0.4, Max: 0.4, Diff: 0.2, Sum: 3.9]
      [Termination (ms): Min: 0.0, Avg: 0.0, Max: 0.0, Diff: 0.0, Sum: 0.0]
         [Termination Attempts: Min: 1, Avg: 1.5, Max: 2, Diff: 1, Sum: 15]
      [GC Worker Other (ms): Min: 0.0, Avg: 0.0, Max: 0.1, Diff: 0.1, Sum: 0.4]
      [GC Worker Total (ms): Min: 1.8, Avg: 2.0, Max: 2.3, Diff: 0.5, Sum: 20.2]
      [GC Worker End (ms): Min: 334093.8, Avg: 334093.8, Max: 334093.8, Diff: 0.1]
   [Code Root Fixup: 0.0 ms]
   [Code Root Purge: 0.0 ms]
   [Clear CT: 1.7 ms]
   [Other: 2.9 ms]
      [Choose CSet: 0.0 ms]
      [Ref Proc: 1.2 ms]
      [Ref Enq: 0.0 ms]
      [Redirty Cards: 1.4 ms]
      [Humongous Register: 0.0 ms]
      [Humongous Reclaim: 0.0 ms]
      [Free CSet: 0.1 ms]
   [Eden: 152.0M(152.0M)->0.0B(152.0M) Survivors: 1024.0K->1024.0K Heap: 180.8M(256.0M)->29460.4K(256.0M)]
Heap after GC invocations=242 (full 0):
 garbage-first heap   total 262144K, used 29460K [0x00000000f0000000, 0x00000000f0100800, 0x0000000100000000)
  region size 1024K, 1 young (1024K), 1 survivors (1024K)
 Metaspace       used 52813K, capacity 56012K, committed 56192K, reserved 1097728K
  class space    used 6460K, capacity 7028K, committed 7040K, reserved 1048576K
}
 [Times: user=0.02 sys=0.00, real=0.01 secs] 
{Heap before GC invocations=242 (full 0):
 garbage-first heap   total 262144K, used 185108K [0x00000000f0000000, 0x00000000f0100800, 0x0000000100000000)
  region size 1024K, 153 young (156672K), 1 survivors (1024K)
 Metaspace       used 52813K, capacity 56012K, committed 56192K, reserved 1097728K
  class space    used 6460K, capacity 7028K, committed 7040K, reserved 1048576K
2023-10-03T06:50:27.047+0800: 334.910: [GC pause (G1 Evacuation Pause) (young), 0.0069543 secs]
   [Parallel Time: 3.1 ms, GC Workers: 10]
      [GC Worker Start (ms): Min: 334910.5, Avg: 334910.8, Max: 334911.1, Diff: 0.6]
      [Ext Root Scanning (ms): Min: 0.8, Avg: 1.1, Max: 1.5, Diff: 0.7, Sum: 11.1]
      [Update RS (ms): Min: 0.3, Avg: 0.4, Max: 0.4, Diff: 0.1, Sum: 3.8]
         [Processed Buffers: Min: 2, Avg: 4.5, Max: 8, Diff: 6, Sum: 45]
      [Scan RS (ms): Min: 0.0, Avg: 0.0, Max: 0.1, Diff: 0.1, Sum: 0.5]
      [Code Root Scanning (ms): Min: 0.0, Avg: 0.0, Max: 0.0, Diff: 0.0, Sum: 0.0]
      [Object Copy (ms): Min: 0.3, Avg: 0.4, Max: 0.5, Diff: 0.2, Sum: 4.1]
      [Termination (ms): Min: 0.0, Avg: 0.1, Max: 0.1, Diff: 0.1, Sum: 0.9]
         [Termination Attempts: Min: 1, Avg: 1.0, Max: 1, Diff: 0, Sum: 10]
      [GC Worker Other (ms): Min: 0.0, Avg: 0.0, Max: 0.1, Diff: 0.1, Sum: 0.5]
      [GC Worker Total (ms): Min: 1.8, Avg: 2.1, Max: 2.4, Diff: 0.6, Sum: 20.9]
      [GC Worker End (ms): Min: 334912.8, Avg: 334912.9, Max: 334912.9, Diff: 0.1]
   [Code Root Fixup: 0.0 ms]
   [Code Root Purge: 0.0 ms]
   [Clear CT: 1.2 ms]
   [Other: 2.6 ms]
      [Choose CSet: 0.0 ms]
      [Ref Proc: 1.2 ms]
      [Ref Enq: 0.0 ms]
      [Redirty Cards: 1.2 ms]
      [Humongous Register: 0.0 ms]
      [Humongous Reclaim: 0.0 ms]
      [Free CSet: 0.1 ms]
   [Eden: 152.0M(152.0M)->0.0B(152.0M) Survivors: 1024.0K->1024.0K Heap: 180.8M(256.0M)->29492.2K(256.0M)]
Heap after GC invocations=243 (full 0):
 garbage-first heap   total 262144K, used 29492K [0x00000000f0000000, 0x00000000f0100800, 0x0000000100000000)
  region size 1024K, 1 young (1024K), 1 survivors (1024K)
 Metaspace       used 52813K, capacity 56012K, committed 56192K, reserved 1097728K
  class space    used 6460K, capacity 7028K, committed 7040K, reserved 1048576K
}
 [Times: user=0.01 sys=0.01, real=0.01 secs] 
{Heap before GC invocations=243 (full 0):
 garbage-first heap   total 262144K, used 185140K [0x00000000f0000000, 0x00000000f0100800, 0x0000000100000000)
  region size 1024K, 153 young (156672K), 1 survivors (1024K)
 Metaspace       used 52813K, capacity 56012K, committed 56192K, reserved 1097728K
  class space    used 6460K, capacity 7028K, committed 7040K, reserved 1048576K
2023-10-03T06:50:27.849+0800: 335.712: [GC pause (G1 Evacuation Pause) (young), 0.0073209 secs]
   [Parallel Time: 3.1 ms, GC Workers: 10]
      [GC Worker Start (ms): Min: 335712.6, Avg: 335712.8, Max: 335713.0, Diff: 0.4]
      [Ext Root Scanning (ms): Min: 1.0, Avg: 1.2, Max: 1.6, Diff: 0.6, Sum: 12.3]
      [Update RS (ms): Min: 0.3, Avg: 0.4, Max: 0.4, Diff: 0.1, Sum: 3.8]
         [Processed Buffers: Min: 2, Avg: 4.5, Max: 7, Diff: 5, Sum: 45]
      [Scan RS (ms): Min: 0.0, Avg: 0.1, Max: 0.1, Diff: 0.1, Sum: 0.6]
      [Code Root Scanning (ms): Min: 0.0, Avg: 0.0, Max: 0.0, Diff: 0.0, Sum: 0.0]
      [Object Copy (ms): Min: 0.3, Avg: 0.5, Max: 0.5, Diff: 0.2, Sum: 4.5]
      [Termination (ms): Min: 0.0, Avg: 0.0, Max: 0.0, Diff: 0.0, Sum: 0.0]
         [Termination Attempts: Min: 1, Avg: 1.0, Max: 1, Diff: 0, Sum: 10]
      [GC Worker Other (ms): Min: 0.0, Avg: 0.0, Max: 0.1, Diff: 0.1, Sum: 0.3]
      [GC Worker Total (ms): Min: 1.9, Avg: 2.2, Max: 2.4, Diff: 0.4, Sum: 21.6]
      [GC Worker End (ms): Min: 335714.9, Avg: 335714.9, Max: 335715.0, Diff: 0.1]
   [Code Root Fixup: 0.0 ms]
   [Code Root Purge: 0.0 ms]
   [Clear CT: 1.5 ms]
   [Other: 2.7 ms]
      [Choose CSet: 0.0 ms]
      [Ref Proc: 1.2 ms]
      [Ref Enq: 0.0 ms]
      [Redirty Cards: 1.2 ms]
      [Humongous Register: 0.0 ms]
      [Humongous Reclaim: 0.0 ms]
      [Free CSet: 0.1 ms]
   [Eden: 152.0M(152.0M)->0.0B(152.0M) Survivors: 1024.0K->1024.0K Heap: 180.8M(256.0M)->29536.7K(256.0M)]
Heap after GC invocations=244 (full 0):
 garbage-first heap   total 262144K, used 29536K [0x00000000f0000000, 0x00000000f0100800, 0x0000000100000000)
  region size 1024K, 1 young (1024K), 1 survivors (1024K)
 Metaspace       used 52813K, capacity 56012K, committed 56192K, reserved 1097728K
  class space    used 6460K, capacity 7028K, committed 7040K, reserved 1048576K
}
 [Times: user=0.02 sys=0.00, real=0.01 secs] 
{Heap before GC invocations=244 (full 0):
 garbage-first heap   total 262144K, used 185184K [0x00000000f0000000, 0x00000000f0100800, 0x0000000100000000)
  region size 1024K, 153 young (156672K), 1 survivors (1024K)
 Metaspace       used 52813K, capacity 56012K, committed 56192K, reserved 1097728K
  class space    used 6460K, capacity 7028K, committed 7040K, reserved 1048576K
2023-10-03T06:50:28.640+0800: 336.503: [GC pause (G1 Evacuation Pause) (young), 0.0032293 secs]
   [Parallel Time: 1.3 ms, GC Workers: 10]
      [GC Worker Start (ms): Min: 336503.1, Avg: 336503.2, Max: 336503.3, Diff: 0.2]
      [Ext Root Scanning (ms): Min: 0.4, Avg: 0.5, Max: 0.9, Diff: 0.5, Sum: 5.1]
      [Update RS (ms): Min: 0.0, Avg: 0.2, Max: 0.2, Diff: 0.2, Sum: 1.7]
         [Processed Buffers: Min: 0, Avg: 4.5, Max: 7, Diff: 7, Sum: 45]
      [Scan RS (ms): Min: 0.0, Avg: 0.0, Max: 0.0, Diff: 0.0, Sum: 0.3]
      [Code Root Scanning (ms): Min: 0.0, Avg: 0.0, Max: 0.0, Diff: 0.0, Sum: 0.0]
      [Object Copy (ms): Min: 0.1, Avg: 0.2, Max: 0.2, Diff: 0.1, Sum: 1.9]
      [Termination (ms): Min: 0.0, Avg: 0.0, Max: 0.0, Diff: 0.0, Sum: 0.0]
         [Termination Attempts: Min: 1, Avg: 1.0, Max: 1, Diff: 0, Sum: 10]
      [GC Worker Other (ms): Min: 0.0, Avg: 0.0, Max: 0.0, Diff: 0.0, Sum: 0.2]
      [GC Worker Total (ms): Min: 0.8, Avg: 0.9, Max: 1.0, Diff: 0.2, Sum: 9.2]
      [GC Worker End (ms): Min: 336504.1, Avg: 336504.1, Max: 336504.1, Diff: 0.0]
   [Code Root Fixup: 0.0 ms]
   [Code Root Purge: 0.0 ms]
   [Clear CT: 0.6 ms]
   [Other: 1.4 ms]
      [Choose CSet: 0.0 ms]
      [Ref Proc: 0.6 ms]
      [Ref Enq: 0.0 ms]
      [Redirty Cards: 0.6 ms]
      [Humongous Register: 0.0 ms]
      [Humongous Reclaim: 0.0 ms]
      [Free CSet: 0.1 ms]
   [Eden: 152.0M(152.0M)->0.0B(152.0M) Survivors: 1024.0K->1024.0K Heap: 180.8M(256.0M)->29542.8K(256.0M)]
Heap after GC invocations=245 (full 0):
 garbage-first heap   total 262144K, used 29542K [0x00000000f0000000, 0x00000000f0100800, 0x0000000100000000)
  region size 1024K, 1 young (1024K), 1 survivors (1024K)
 Metaspace       used 52813K, capacity 56012K, committed 56192K, reserved 1097728K
  class space    used 6460K, capacity 7028K, committed 7040K, reserved 1048576K
}
 [Times: user=0.01 sys=0.00, real=0.00 secs] 
{Heap before GC invocations=245 (full 0):
 garbage-first heap   total 262144K, used 185190K [0x00000000f0000000, 0x00000000f0100800, 0x0000000100000000)
  region size 1024K, 153 young (156672K), 1 survivors (1024K)
 Metaspace       used 52813K, capacity 56012K, committed 56192K, reserved 1097728K
  class space    used 6460K, capacity 7028K, committed 7040K, reserved 1048576K
2023-10-03T06:50:29.349+0800: 337.212: [GC pause (G1 Evacuation Pause) (young), 0.0035511 secs]
   [Parallel Time: 1.6 ms, GC Workers: 10]
      [GC Worker Start (ms): Min: 337212.6, Avg: 337212.7, Max: 337212.8, Diff: 0.2]
      [Ext Root Scanning (ms): Min: 0.5, Avg: 0.6, Max: 1.0, Diff: 0.5, Sum: 6.5]
      [Update RS (ms): Min: 0.0, Avg: 0.2, Max: 0.3, Diff: 0.3, Sum: 2.0]
         [Processed Buffers: Min: 0, Avg: 4.5, Max: 7, Diff: 7, Sum: 45]
      [Scan RS (ms): Min: 0.0, Avg: 0.0, Max: 0.1, Diff: 0.0, Sum: 0.3]
      [Code Root Scanning (ms): Min: 0.0, Avg: 0.0, Max: 0.0, Diff: 0.0, Sum: 0.0]
      [Object Copy (ms): Min: 0.2, Avg: 0.2, Max: 0.3, Diff: 0.1, Sum: 2.3]
      [Termination (ms): Min: 0.0, Avg: 0.0, Max: 0.0, Diff: 0.0, Sum: 0.0]
         [Termination Attempts: Min: 1, Avg: 1.0, Max: 1, Diff: 0, Sum: 10]
      [GC Worker Other (ms): Min: 0.0, Avg: 0.0, Max: 0.1, Diff: 0.1, Sum: 0.2]
      [GC Worker Total (ms): Min: 1.0, Avg: 1.1, Max: 1.3, Diff: 0.2, Sum: 11.3]
      [GC Worker End (ms): Min: 337213.8, Avg: 337213.8, Max: 337213.9, Diff: 0.1]
   [Code Root Fixup: 0.0 ms]
   [Code Root Purge: 0.0 ms]
   [Clear CT: 0.6 ms]
   [Other: 1.3 ms]
      [Choose CSet: 0.0 ms]
      [Ref Proc: 0.5 ms]
      [Ref Enq: 0.0 ms]
      [Redirty Cards: 0.6 ms]
      [Humongous Register: 0.0 ms]
      [Humongous Reclaim: 0.0 ms]
      [Free CSet: 0.1 ms]
   [Eden: 152.0M(152.0M)->0.0B(152.0M) Survivors: 1024.0K->1024.0K Heap: 180.9M(256.0M)->29466.0K(256.0M)]
Heap after GC invocations=246 (full 0):
 garbage-first heap   total 262144K, used 29466K [0x00000000f0000000, 0x00000000f0100800, 0x0000000100000000)
  region size 1024K, 1 young (1024K), 1 survivors (1024K)
 Metaspace       used 52813K, capacity 56012K, committed 56192K, reserved 1097728K
  class space    used 6460K, capacity 7028K, committed 7040K, reserved 1048576K
}
 [Times: user=0.02 sys=0.00, real=0.01 secs] 
{Heap before GC invocations=246 (full 0):
 garbage-first heap   total 262144K, used 185114K [0x00000000f0000000, 0x00000000f0100800, 0x0000000100000000)
  region size 1024K, 153 young (156672K), 1 survivors (1024K)
 Metaspace       used 52813K, capacity 56012K, committed 56192K, reserved 1097728K
  class space    used 6460K, capacity 7028K, committed 7040K, reserved 1048576K
2023-10-03T06:50:30.138+0800: 338.001: [GC pause (G1 Evacuation Pause) (young), 0.0075995 secs]
   [Parallel Time: 3.0 ms, GC Workers: 10]
      [GC Worker Start (ms): Min: 338001.1, Avg: 338001.4, Max: 338001.6, Diff: 0.5]
      [Ext Root Scanning (ms): Min: 0.9, Avg: 1.1, Max: 1.4, Diff: 0.6, Sum: 10.9]
      [Update RS (ms): Min: 0.3, Avg: 0.4, Max: 0.5, Diff: 0.2, Sum: 4.2]
         [Processed Buffers: Min: 1, Avg: 4.3, Max: 6, Diff: 5, Sum: 43]
      [Scan RS (ms): Min: 0.0, Avg: 0.1, Max: 0.1, Diff: 0.1, Sum: 0.5]
      [Code Root Scanning (ms): Min: 0.0, Avg: 0.0, Max: 0.0, Diff: 0.0, Sum: 0.0]
      [Object Copy (ms): Min: 0.3, Avg: 0.4, Max: 0.5, Diff: 0.3, Sum: 3.6]
      [Termination (ms): Min: 0.0, Avg: 0.0, Max: 0.0, Diff: 0.0, Sum: 0.0]
         [Termination Attempts: Min: 1, Avg: 1.0, Max: 1, Diff: 0, Sum: 10]
      [GC Worker Other (ms): Min: 0.0, Avg: 0.0, Max: 0.1, Diff: 0.1, Sum: 0.4]
      [GC Worker Total (ms): Min: 1.7, Avg: 2.0, Max: 2.2, Diff: 0.5, Sum: 19.6]
      [GC Worker End (ms): Min: 338003.3, Avg: 338003.3, Max: 338003.4, Diff: 0.1]
   [Code Root Fixup: 0.0 ms]
   [Code Root Purge: 0.0 ms]
   [Clear CT: 1.2 ms]
   [Other: 3.4 ms]
      [Choose CSet: 0.0 ms]
      [Ref Proc: 1.6 ms]
      [Ref Enq: 0.0 ms]
      [Redirty Cards: 1.5 ms]
      [Humongous Register: 0.0 ms]
      [Humongous Reclaim: 0.0 ms]
      [Free CSet: 0.1 ms]
   [Eden: 152.0M(152.0M)->0.0B(152.0M) Survivors: 1024.0K->1024.0K Heap: 180.8M(256.0M)->29421.3K(256.0M)]
Heap after GC invocations=247 (full 0):
 garbage-first heap   total 262144K, used 29421K [0x00000000f0000000, 0x00000000f0100800, 0x0000000100000000)
  region size 1024K, 1 young (1024K), 1 survivors (1024K)
 Metaspace       used 52813K, capacity 56012K, committed 56192K, reserved 1097728K
  class space    used 6460K, capacity 7028K, committed 7040K, reserved 1048576K
}
 [Times: user=0.03 sys=0.00, real=0.01 secs] 
{Heap before GC invocations=247 (full 0):
 garbage-first heap   total 262144K, used 185069K [0x00000000f0000000, 0x00000000f0100800, 0x0000000100000000)
  region size 1024K, 153 young (156672K), 1 survivors (1024K)
 Metaspace       used 52813K, capacity 56012K, committed 56192K, reserved 1097728K
  class space    used 6460K, capacity 7028K, committed 7040K, reserved 1048576K
2023-10-03T06:50:30.970+0800: 338.833: [GC pause (G1 Evacuation Pause) (young), 0.0074794 secs]
   [Parallel Time: 2.9 ms, GC Workers: 10]
      [GC Worker Start (ms): Min: 338833.5, Avg: 338833.8, Max: 338834.0, Diff: 0.5]
      [Ext Root Scanning (ms): Min: 0.9, Avg: 1.1, Max: 1.5, Diff: 0.6, Sum: 11.2]
      [Update RS (ms): Min: 0.3, Avg: 0.4, Max: 0.5, Diff: 0.1, Sum: 4.0]
         [Processed Buffers: Min: 3, Avg: 4.5, Max: 7, Diff: 4, Sum: 45]
      [Scan RS (ms): Min: 0.0, Avg: 0.1, Max: 0.1, Diff: 0.1, Sum: 0.6]
      [Code Root Scanning (ms): Min: 0.0, Avg: 0.0, Max: 0.0, Diff: 0.0, Sum: 0.0]
      [Object Copy (ms): Min: 0.3, Avg: 0.4, Max: 0.5, Diff: 0.2, Sum: 4.4]
      [Termination (ms): Min: 0.0, Avg: 0.0, Max: 0.0, Diff: 0.0, Sum: 0.0]
         [Termination Attempts: Min: 1, Avg: 1.1, Max: 2, Diff: 1, Sum: 11]
      [GC Worker Other (ms): Min: 0.0, Avg: 0.0, Max: 0.1, Diff: 0.1, Sum: 0.5]
      [GC Worker Total (ms): Min: 1.9, Avg: 2.1, Max: 2.3, Diff: 0.4, Sum: 20.7]
      [GC Worker End (ms): Min: 338835.8, Avg: 338835.9, Max: 338835.9, Diff: 0.1]
   [Code Root Fixup: 0.0 ms]
   [Code Root Purge: 0.0 ms]
   [Clear CT: 1.3 ms]
   [Other: 3.2 ms]
      [Choose CSet: 0.0 ms]
      [Ref Proc: 1.6 ms]
      [Ref Enq: 0.0 ms]
      [Redirty Cards: 1.4 ms]
      [Humongous Register: 0.0 ms]
      [Humongous Reclaim: 0.0 ms]
      [Free CSet: 0.1 ms]
   [Eden: 152.0M(152.0M)->0.0B(152.0M) Survivors: 1024.0K->1024.0K Heap: 180.7M(256.0M)->29523.3K(256.0M)]
Heap after GC invocations=248 (full 0):
 garbage-first heap   total 262144K, used 29523K [0x00000000f0000000, 0x00000000f0100800, 0x0000000100000000)
  region size 1024K, 1 young (1024K), 1 survivors (1024K)
 Metaspace       used 52813K, capacity 56012K, committed 56192K, reserved 1097728K
  class space    used 6460K, capacity 7028K, committed 7040K, reserved 1048576K
}
 [Times: user=0.02 sys=0.01, real=0.00 secs] 
{Heap before GC invocations=248 (full 0):
 garbage-first heap   total 262144K, used 185171K [0x00000000f0000000, 0x00000000f0100800, 0x0000000100000000)
  region size 1024K, 153 young (156672K), 1 survivors (1024K)
 Metaspace       used 52813K, capacity 56012K, committed 56192K, reserved 1097728K
  class space    used 6460K, capacity 7028K, committed 7040K, reserved 1048576K
2023-10-03T06:50:31.782+0800: 339.645: [GC pause (G1 Evacuation Pause) (young), 0.0074580 secs]
   [Parallel Time: 3.2 ms, GC Workers: 10]
      [GC Worker Start (ms): Min: 339645.3, Avg: 339645.6, Max: 339645.7, Diff: 0.4]
      [Ext Root Scanning (ms): Min: 0.9, Avg: 1.2, Max: 1.6, Diff: 0.7, Sum: 11.6]
      [Update RS (ms): Min: 0.3, Avg: 0.4, Max: 0.4, Diff: 0.1, Sum: 3.8]
         [Processed Buffers: Min: 1, Avg: 4.5, Max: 8, Diff: 7, Sum: 45]
      [Scan RS (ms): Min: 0.0, Avg: 0.1, Max: 0.1, Diff: 0.0, Sum: 0.6]
      [Code Root Scanning (ms): Min: 0.0, Avg: 0.0, Max: 0.0, Diff: 0.0, Sum: 0.0]
      [Object Copy (ms): Min: 0.3, Avg: 0.4, Max: 0.5, Diff: 0.2, Sum: 4.4]
      [Termination (ms): Min: 0.0, Avg: 0.0, Max: 0.0, Diff: 0.0, Sum: 0.0]
         [Termination Attempts: Min: 1, Avg: 1.0, Max: 1, Diff: 0, Sum: 10]
      [GC Worker Other (ms): Min: 0.0, Avg: 0.1, Max: 0.2, Diff: 0.2, Sum: 0.6]
      [GC Worker Total (ms): Min: 1.9, Avg: 2.1, Max: 2.3, Diff: 0.4, Sum: 21.1]
      [GC Worker End (ms): Min: 339647.6, Avg: 339647.7, Max: 339647.8, Diff: 0.2]
   [Code Root Fixup: 0.0 ms]
   [Code Root Purge: 0.0 ms]
   [Clear CT: 1.2 ms]
   [Other: 3.0 ms]
      [Choose CSet: 0.0 ms]
      [Ref Proc: 1.4 ms]
      [Ref Enq: 0.0 ms]
      [Redirty Cards: 1.2 ms]
      [Humongous Register: 0.0 ms]
      [Humongous Reclaim: 0.0 ms]
      [Free CSet: 0.2 ms]
   [Eden: 152.0M(152.0M)->0.0B(152.0M) Survivors: 1024.0K->1024.0K Heap: 180.8M(256.0M)->29515.4K(256.0M)]
Heap after GC invocations=249 (full 0):
 garbage-first heap   total 262144K, used 29515K [0x00000000f0000000, 0x00000000f0100800, 0x0000000100000000)
  region size 1024K, 1 young (1024K), 1 survivors (1024K)
 Metaspace       used 52813K, capacity 56012K, committed 56192K, reserved 1097728K
  class space    used 6460K, capacity 7028K, committed 7040K, reserved 1048576K
}
 [Times: user=0.02 sys=0.00, real=0.00 secs] 
{Heap before GC invocations=249 (full 0):
 garbage-first heap   total 262144K, used 185163K [0x00000000f0000000, 0x00000000f0100800, 0x0000000100000000)
  region size 1024K, 153 young (156672K), 1 survivors (1024K)
 Metaspace       used 52813K, capacity 56012K, committed 56192K, reserved 1097728K
  class space    used 6460K, capacity 7028K, committed 7040K, reserved 1048576K
2023-10-03T06:50:32.594+0800: 340.457: [GC pause (G1 Evacuation Pause) (young), 0.0075528 secs]
   [Parallel Time: 3.1 ms, GC Workers: 10]
      [GC Worker Start (ms): Min: 340457.3, Avg: 340457.5, Max: 340457.8, Diff: 0.5]
      [Ext Root Scanning (ms): Min: 0.9, Avg: 1.2, Max: 1.5, Diff: 0.5, Sum: 11.7]
      [Update RS (ms): Min: 0.3, Avg: 0.4, Max: 0.5, Diff: 0.2, Sum: 4.0]
         [Processed Buffers: Min: 2, Avg: 4.5, Max: 7, Diff: 5, Sum: 45]
      [Scan RS (ms): Min: 0.0, Avg: 0.1, Max: 0.1, Diff: 0.1, Sum: 0.5]
      [Code Root Scanning (ms): Min: 0.0, Avg: 0.0, Max: 0.0, Diff: 0.0, Sum: 0.0]
      [Object Copy (ms): Min: 0.4, Avg: 0.5, Max: 0.6, Diff: 0.2, Sum: 4.7]
      [Termination (ms): Min: 0.0, Avg: 0.0, Max: 0.0, Diff: 0.0, Sum: 0.0]
         [Termination Attempts: Min: 1, Avg: 1.0, Max: 1, Diff: 0, Sum: 10]
      [GC Worker Other (ms): Min: 0.0, Avg: 0.0, Max: 0.1, Diff: 0.1, Sum: 0.3]
      [GC Worker Total (ms): Min: 1.9, Avg: 2.1, Max: 2.4, Diff: 0.5, Sum: 21.3]
      [GC Worker End (ms): Min: 340459.7, Avg: 340459.7, Max: 340459.7, Diff: 0.1]
   [Code Root Fixup: 0.0 ms]
   [Code Root Purge: 0.0 ms]
   [Clear CT: 1.3 ms]
   [Other: 3.1 ms]
      [Choose CSet: 0.0 ms]
      [Ref Proc: 1.5 ms]
      [Ref Enq: 0.0 ms]
      [Redirty Cards: 1.4 ms]
      [Humongous Register: 0.0 ms]
      [Humongous Reclaim: 0.0 ms]
      [Free CSet: 0.1 ms]
   [Eden: 152.0M(152.0M)->0.0B(152.0M) Survivors: 1024.0K->1024.0K Heap: 180.8M(256.0M)->29484.2K(256.0M)]
Heap after GC invocations=250 (full 0):
 garbage-first heap   total 262144K, used 29484K [0x00000000f0000000, 0x00000000f0100800, 0x0000000100000000)
  region size 1024K, 1 young (1024K), 1 survivors (1024K)
 Metaspace       used 52813K, capacity 56012K, committed 56192K, reserved 1097728K
  class space    used 6460K, capacity 7028K, committed 7040K, reserved 1048576K
}
 [Times: user=0.03 sys=0.00, real=0.01 secs] 
{Heap before GC invocations=250 (full 0):
 garbage-first heap   total 262144K, used 185132K [0x00000000f0000000, 0x00000000f0100800, 0x0000000100000000)
  region size 1024K, 153 young (156672K), 1 survivors (1024K)
 Metaspace       used 52813K, capacity 56012K, committed 56192K, reserved 1097728K
  class space    used 6460K, capacity 7028K, committed 7040K, reserved 1048576K
2023-10-03T06:50:33.425+0800: 341.288: [GC pause (G1 Evacuation Pause) (young), 0.0078585 secs]
   [Parallel Time: 3.1 ms, GC Workers: 10]
      [GC Worker Start (ms): Min: 341288.0, Avg: 341288.3, Max: 341288.5, Diff: 0.5]
      [Ext Root Scanning (ms): Min: 0.9, Avg: 1.1, Max: 1.5, Diff: 0.6, Sum: 11.2]
      [Update RS (ms): Min: 0.4, Avg: 0.4, Max: 0.5, Diff: 0.1, Sum: 4.2]
         [Processed Buffers: Min: 2, Avg: 4.5, Max: 7, Diff: 5, Sum: 45]
      [Scan RS (ms): Min: 0.0, Avg: 0.1, Max: 0.1, Diff: 0.1, Sum: 0.5]
      [Code Root Scanning (ms): Min: 0.0, Avg: 0.0, Max: 0.0, Diff: 0.0, Sum: 0.0]
      [Object Copy (ms): Min: 0.3, Avg: 0.4, Max: 0.4, Diff: 0.2, Sum: 4.0]
      [Termination (ms): Min: 0.0, Avg: 0.0, Max: 0.0, Diff: 0.0, Sum: 0.0]
         [Termination Attempts: Min: 1, Avg: 1.0, Max: 1, Diff: 0, Sum: 10]
      [GC Worker Other (ms): Min: 0.0, Avg: 0.0, Max: 0.1, Diff: 0.1, Sum: 0.5]
      [GC Worker Total (ms): Min: 1.8, Avg: 2.1, Max: 2.3, Diff: 0.5, Sum: 20.5]
      [GC Worker End (ms): Min: 341290.3, Avg: 341290.3, Max: 341290.4, Diff: 0.1]
   [Code Root Fixup: 0.0 ms]
   [Code Root Purge: 0.0 ms]
   [Clear CT: 1.5 ms]
   [Other: 3.2 ms]
      [Choose CSet: 0.0 ms]
      [Ref Proc: 1.4 ms]
      [Ref Enq: 0.0 ms]
      [Redirty Cards: 1.5 ms]
      [Humongous Register: 0.0 ms]
      [Humongous Reclaim: 0.0 ms]
      [Free CSet: 0.1 ms]
   [Eden: 152.0M(152.0M)->0.0B(152.0M) Survivors: 1024.0K->1024.0K Heap: 180.8M(256.0M)->29535.5K(256.0M)]
Heap after GC invocations=251 (full 0):
 garbage-first heap   total 262144K, used 29535K [0x00000000f0000000, 0x00000000f0100800, 0x0000000100000000)
  region size 1024K, 1 young (1024K), 1 survivors (1024K)
 Metaspace       used 52813K, capacity 56012K, committed 56192K, reserved 1097728K
  class space    used 6460K, capacity 7028K, committed 7040K, reserved 1048576K
}
 [Times: user=0.02 sys=0.00, real=0.01 secs] 
{Heap before GC invocations=251 (full 0):
 garbage-first heap   total 262144K, used 185183K [0x00000000f0000000, 0x00000000f0100800, 0x0000000100000000)
  region size 1024K, 153 young (156672K), 1 survivors (1024K)
 Metaspace       used 52813K, capacity 56012K, committed 56192K, reserved 1097728K
  class space    used 6460K, capacity 7028K, committed 7040K, reserved 1048576K
2023-10-03T06:50:34.242+0800: 342.105: [GC pause (G1 Evacuation Pause) (young), 0.0073420 secs]
   [Parallel Time: 3.1 ms, GC Workers: 10]
      [GC Worker Start (ms): Min: 342104.9, Avg: 342105.1, Max: 342105.3, Diff: 0.4]
      [Ext Root Scanning (ms): Min: 0.9, Avg: 1.2, Max: 1.5, Diff: 0.6, Sum: 11.8]
      [Update RS (ms): Min: 0.4, Avg: 0.4, Max: 0.5, Diff: 0.1, Sum: 4.1]
         [Processed Buffers: Min: 4, Avg: 4.8, Max: 7, Diff: 3, Sum: 48]
      [Scan RS (ms): Min: 0.0, Avg: 0.1, Max: 0.1, Diff: 0.1, Sum: 0.7]
      [Code Root Scanning (ms): Min: 0.0, Avg: 0.0, Max: 0.0, Diff: 0.0, Sum: 0.0]
      [Object Copy (ms): Min: 0.3, Avg: 0.4, Max: 0.5, Diff: 0.2, Sum: 4.2]
      [Termination (ms): Min: 0.0, Avg: 0.0, Max: 0.0, Diff: 0.0, Sum: 0.0]
         [Termination Attempts: Min: 1, Avg: 1.0, Max: 1, Diff: 0, Sum: 10]
      [GC Worker Other (ms): Min: 0.0, Avg: 0.0, Max: 0.1, Diff: 0.1, Sum: 0.5]
      [GC Worker Total (ms): Min: 2.0, Avg: 2.1, Max: 2.3, Diff: 0.4, Sum: 21.3]
      [GC Worker End (ms): Min: 342107.2, Avg: 342107.3, Max: 342107.4, Diff: 0.1]
   [Code Root Fixup: 0.0 ms]
   [Code Root Purge: 0.0 ms]
   [Clear CT: 1.3 ms]
   [Other: 2.9 ms]
      [Choose CSet: 0.0 ms]
      [Ref Proc: 1.2 ms]
      [Ref Enq: 0.0 ms]
      [Redirty Cards: 1.4 ms]
      [Humongous Register: 0.0 ms]
      [Humongous Reclaim: 0.0 ms]
      [Free CSet: 0.1 ms]
   [Eden: 152.0M(152.0M)->0.0B(152.0M) Survivors: 1024.0K->1024.0K Heap: 180.8M(256.0M)->29433.8K(256.0M)]
Heap after GC invocations=252 (full 0):
 garbage-first heap   total 262144K, used 29433K [0x00000000f0000000, 0x00000000f0100800, 0x0000000100000000)
  region size 1024K, 1 young (1024K), 1 survivors (1024K)
 Metaspace       used 52813K, capacity 56012K, committed 56192K, reserved 1097728K
  class space    used 6460K, capacity 7028K, committed 7040K, reserved 1048576K
}
 [Times: user=0.03 sys=0.00, real=0.00 secs] 
{Heap before GC invocations=252 (full 0):
 garbage-first heap   total 262144K, used 185081K [0x00000000f0000000, 0x00000000f0100800, 0x0000000100000000)
  region size 1024K, 153 young (156672K), 1 survivors (1024K)
 Metaspace       used 52814K, capacity 56012K, committed 56192K, reserved 1097728K
  class space    used 6460K, capacity 7028K, committed 7040K, reserved 1048576K
2023-10-03T06:50:35.069+0800: 342.932: [GC pause (G1 Evacuation Pause) (young), 0.0076969 secs]
   [Parallel Time: 3.0 ms, GC Workers: 10]
      [GC Worker Start (ms): Min: 342932.0, Avg: 342932.2, Max: 342932.4, Diff: 0.4]
      [Ext Root Scanning (ms): Min: 0.9, Avg: 1.2, Max: 1.7, Diff: 0.8, Sum: 12.0]
      [Update RS (ms): Min: 0.3, Avg: 0.4, Max: 0.5, Diff: 0.1, Sum: 4.0]
         [Processed Buffers: Min: 2, Avg: 4.4, Max: 8, Diff: 6, Sum: 44]
      [Scan RS (ms): Min: 0.0, Avg: 0.1, Max: 0.1, Diff: 0.1, Sum: 0.5]
      [Code Root Scanning (ms): Min: 0.0, Avg: 0.0, Max: 0.0, Diff: 0.0, Sum: 0.0]
      [Object Copy (ms): Min: 0.3, Avg: 0.4, Max: 0.6, Diff: 0.3, Sum: 4.4]
      [Termination (ms): Min: 0.0, Avg: 0.0, Max: 0.0, Diff: 0.0, Sum: 0.0]
         [Termination Attempts: Min: 1, Avg: 1.0, Max: 1, Diff: 0, Sum: 10]
      [GC Worker Other (ms): Min: 0.0, Avg: 0.0, Max: 0.1, Diff: 0.1, Sum: 0.4]
      [GC Worker Total (ms): Min: 1.9, Avg: 2.1, Max: 2.4, Diff: 0.5, Sum: 21.5]
      [GC Worker End (ms): Min: 342934.3, Avg: 342934.3, Max: 342934.4, Diff: 0.1]
   [Code Root Fixup: 0.0 ms]
   [Code Root Purge: 0.0 ms]
   [Clear CT: 1.5 ms]
   [Other: 3.2 ms]
      [Choose CSet: 0.0 ms]
      [Ref Proc: 1.4 ms]
      [Ref Enq: 0.0 ms]
      [Redirty Cards: 1.5 ms]
      [Humongous Register: 0.0 ms]
      [Humongous Reclaim: 0.0 ms]
      [Free CSet: 0.1 ms]
   [Eden: 152.0M(152.0M)->0.0B(152.0M) Survivors: 1024.0K->1024.0K Heap: 180.7M(256.0M)->29468.4K(256.0M)]
Heap after GC invocations=253 (full 0):
 garbage-first heap   total 262144K, used 29468K [0x00000000f0000000, 0x00000000f0100800, 0x0000000100000000)
  region size 1024K, 1 young (1024K), 1 survivors (1024K)
 Metaspace       used 52814K, capacity 56012K, committed 56192K, reserved 1097728K
  class space    used 6460K, capacity 7028K, committed 7040K, reserved 1048576K
}
 [Times: user=0.03 sys=0.01, real=0.01 secs] 
{Heap before GC invocations=253 (full 0):
 garbage-first heap   total 262144K, used 185116K [0x00000000f0000000, 0x00000000f0100800, 0x0000000100000000)
  region size 1024K, 153 young (156672K), 1 survivors (1024K)
 Metaspace       used 52814K, capacity 56012K, committed 56192K, reserved 1097728K
  class space    used 6460K, capacity 7028K, committed 7040K, reserved 1048576K
2023-10-03T06:50:35.854+0800: 343.717: [GC pause (G1 Evacuation Pause) (young), 0.0071863 secs]
   [Parallel Time: 3.1 ms, GC Workers: 10]
      [GC Worker Start (ms): Min: 343717.5, Avg: 343717.7, Max: 343718.0, Diff: 0.5]
      [Ext Root Scanning (ms): Min: 0.9, Avg: 1.1, Max: 1.5, Diff: 0.5, Sum: 11.3]
      [Update RS (ms): Min: 0.3, Avg: 0.4, Max: 0.4, Diff: 0.1, Sum: 3.7]
         [Processed Buffers: Min: 1, Avg: 4.5, Max: 8, Diff: 7, Sum: 45]
      [Scan RS (ms): Min: 0.0, Avg: 0.1, Max: 0.1, Diff: 0.1, Sum: 0.7]
      [Code Root Scanning (ms): Min: 0.0, Avg: 0.0, Max: 0.0, Diff: 0.0, Sum: 0.0]
      [Object Copy (ms): Min: 0.3, Avg: 0.4, Max: 0.5, Diff: 0.2, Sum: 4.1]
      [Termination (ms): Min: 0.0, Avg: 0.0, Max: 0.0, Diff: 0.0, Sum: 0.0]
         [Termination Attempts: Min: 1, Avg: 1.0, Max: 1, Diff: 0, Sum: 10]
      [GC Worker Other (ms): Min: 0.0, Avg: 0.0, Max: 0.1, Diff: 0.1, Sum: 0.4]
      [GC Worker Total (ms): Min: 1.8, Avg: 2.0, Max: 2.4, Diff: 0.5, Sum: 20.3]
      [GC Worker End (ms): Min: 343719.7, Avg: 343719.8, Max: 343719.8, Diff: 0.1]
   [Code Root Fixup: 0.0 ms]
   [Code Root Purge: 0.0 ms]
   [Clear CT: 1.1 ms]
   [Other: 3.0 ms]
      [Choose CSet: 0.0 ms]
      [Ref Proc: 1.5 ms]
      [Ref Enq: 0.0 ms]
      [Redirty Cards: 1.2 ms]
      [Humongous Register: 0.0 ms]
      [Humongous Reclaim: 0.0 ms]
      [Free CSet: 0.1 ms]
   [Eden: 152.0M(152.0M)->0.0B(152.0M) Survivors: 1024.0K->1024.0K Heap: 180.8M(256.0M)->29435.1K(256.0M)]
Heap after GC invocations=254 (full 0):
 garbage-first heap   total 262144K, used 29435K [0x00000000f0000000, 0x00000000f0100800, 0x0000000100000000)
  region size 1024K, 1 young (1024K), 1 survivors (1024K)
 Metaspace       used 52814K, capacity 56012K, committed 56192K, reserved 1097728K
  class space    used 6460K, capacity 7028K, committed 7040K, reserved 1048576K
}
 [Times: user=0.03 sys=0.00, real=0.01 secs] 
{Heap before GC invocations=254 (full 0):
 garbage-first heap   total 262144K, used 185083K [0x00000000f0000000, 0x00000000f0100800, 0x0000000100000000)
  region size 1024K, 153 young (156672K), 1 survivors (1024K)
 Metaspace       used 52814K, capacity 56012K, committed 56192K, reserved 1097728K
  class space    used 6460K, capacity 7028K, committed 7040K, reserved 1048576K
2023-10-03T06:50:36.671+0800: 344.534: [GC pause (G1 Evacuation Pause) (young), 0.0073797 secs]
   [Parallel Time: 3.0 ms, GC Workers: 10]
      [GC Worker Start (ms): Min: 344534.3, Avg: 344534.5, Max: 344534.7, Diff: 0.4]
      [Ext Root Scanning (ms): Min: 0.9, Avg: 1.1, Max: 1.4, Diff: 0.5, Sum: 11.5]
      [Update RS (ms): Min: 0.3, Avg: 0.4, Max: 0.5, Diff: 0.1, Sum: 4.1]
         [Processed Buffers: Min: 1, Avg: 4.5, Max: 9, Diff: 8, Sum: 45]
      [Scan RS (ms): Min: 0.0, Avg: 0.1, Max: 0.1, Diff: 0.1, Sum: 0.6]
      [Code Root Scanning (ms): Min: 0.0, Avg: 0.0, Max: 0.0, Diff: 0.0, Sum: 0.0]
      [Object Copy (ms): Min: 0.3, Avg: 0.4, Max: 0.5, Diff: 0.2, Sum: 4.2]
      [Termination (ms): Min: 0.0, Avg: 0.0, Max: 0.0, Diff: 0.0, Sum: 0.0]
         [Termination Attempts: Min: 1, Avg: 1.2, Max: 2, Diff: 1, Sum: 12]
      [GC Worker Other (ms): Min: 0.0, Avg: 0.0, Max: 0.2, Diff: 0.1, Sum: 0.5]
      [GC Worker Total (ms): Min: 1.9, Avg: 2.1, Max: 2.3, Diff: 0.4, Sum: 20.9]
      [GC Worker End (ms): Min: 344536.6, Avg: 344536.6, Max: 344536.7, Diff: 0.1]
   [Code Root Fixup: 0.0 ms]
   [Code Root Purge: 0.0 ms]
   [Clear CT: 1.7 ms]
   [Other: 2.7 ms]
      [Choose CSet: 0.0 ms]
      [Ref Proc: 1.0 ms]
      [Ref Enq: 0.0 ms]
      [Redirty Cards: 1.4 ms]
      [Humongous Register: 0.0 ms]
      [Humongous Reclaim: 0.0 ms]
      [Free CSet: 0.1 ms]
   [Eden: 152.0M(152.0M)->0.0B(152.0M) Survivors: 1024.0K->1024.0K Heap: 180.7M(256.0M)->29527.0K(256.0M)]
Heap after GC invocations=255 (full 0):
 garbage-first heap   total 262144K, used 29527K [0x00000000f0000000, 0x00000000f0100800, 0x0000000100000000)
  region size 1024K, 1 young (1024K), 1 survivors (1024K)
 Metaspace       used 52814K, capacity 56012K, committed 56192K, reserved 1097728K
  class space    used 6460K, capacity 7028K, committed 7040K, reserved 1048576K
}
 [Times: user=0.02 sys=0.00, real=0.00 secs] 
{Heap before GC invocations=255 (full 0):
 garbage-first heap   total 262144K, used 185175K [0x00000000f0000000, 0x00000000f0100800, 0x0000000100000000)
  region size 1024K, 153 young (156672K), 1 survivors (1024K)
 Metaspace       used 52814K, capacity 56012K, committed 56192K, reserved 1097728K
  class space    used 6460K, capacity 7028K, committed 7040K, reserved 1048576K
2023-10-03T06:50:37.508+0800: 345.371: [GC pause (G1 Evacuation Pause) (young), 0.0074467 secs]
   [Parallel Time: 3.0 ms, GC Workers: 10]
      [GC Worker Start (ms): Min: 345371.6, Avg: 345371.8, Max: 345372.0, Diff: 0.4]
      [Ext Root Scanning (ms): Min: 1.0, Avg: 1.2, Max: 1.5, Diff: 0.5, Sum: 11.8]
      [Update RS (ms): Min: 0.4, Avg: 0.4, Max: 0.5, Diff: 0.1, Sum: 4.0]
         [Processed Buffers: Min: 2, Avg: 4.6, Max: 8, Diff: 6, Sum: 46]
      [Scan RS (ms): Min: 0.0, Avg: 0.1, Max: 0.1, Diff: 0.1, Sum: 0.7]
      [Code Root Scanning (ms): Min: 0.0, Avg: 0.0, Max: 0.0, Diff: 0.0, Sum: 0.0]
      [Object Copy (ms): Min: 0.3, Avg: 0.4, Max: 0.5, Diff: 0.2, Sum: 4.2]
      [Termination (ms): Min: 0.0, Avg: 0.0, Max: 0.0, Diff: 0.0, Sum: 0.1]
         [Termination Attempts: Min: 1, Avg: 1.1, Max: 2, Diff: 1, Sum: 11]
      [GC Worker Other (ms): Min: 0.0, Avg: 0.0, Max: 0.1, Diff: 0.1, Sum: 0.4]
      [GC Worker Total (ms): Min: 1.9, Avg: 2.1, Max: 2.3, Diff: 0.4, Sum: 21.1]
      [GC Worker End (ms): Min: 345373.9, Avg: 345373.9, Max: 345374.0, Diff: 0.1]
   [Code Root Fixup: 0.0 ms]
   [Code Root Purge: 0.0 ms]
   [Clear CT: 1.3 ms]
   [Other: 3.1 ms]
      [Choose CSet: 0.0 ms]
      [Ref Proc: 1.4 ms]
      [Ref Enq: 0.0 ms]
      [Redirty Cards: 1.5 ms]
      [Humongous Register: 0.0 ms]
      [Humongous Reclaim: 0.0 ms]
      [Free CSet: 0.1 ms]
   [Eden: 152.0M(152.0M)->0.0B(152.0M) Survivors: 1024.0K->1024.0K Heap: 180.8M(256.0M)->29496.0K(256.0M)]
Heap after GC invocations=256 (full 0):
 garbage-first heap   total 262144K, used 29496K [0x00000000f0000000, 0x00000000f0100800, 0x0000000100000000)
  region size 1024K, 1 young (1024K), 1 survivors (1024K)
 Metaspace       used 52814K, capacity 56012K, committed 56192K, reserved 1097728K
  class space    used 6460K, capacity 7028K, committed 7040K, reserved 1048576K
}
 [Times: user=0.02 sys=0.00, real=0.01 secs] 
{Heap before GC invocations=256 (full 0):
 garbage-first heap   total 262144K, used 185144K [0x00000000f0000000, 0x00000000f0100800, 0x0000000100000000)
  region size 1024K, 153 young (156672K), 1 survivors (1024K)
 Metaspace       used 52814K, capacity 56012K, committed 56192K, reserved 1097728K
  class space    used 6460K, capacity 7028K, committed 7040K, reserved 1048576K
2023-10-03T06:50:38.339+0800: 346.203: [GC pause (G1 Evacuation Pause) (young), 0.0071181 secs]
   [Parallel Time: 2.8 ms, GC Workers: 10]
      [GC Worker Start (ms): Min: 346202.8, Avg: 346203.0, Max: 346203.2, Diff: 0.4]
      [Ext Root Scanning (ms): Min: 0.9, Avg: 1.1, Max: 1.5, Diff: 0.6, Sum: 11.4]
      [Update RS (ms): Min: 0.3, Avg: 0.4, Max: 0.5, Diff: 0.1, Sum: 4.0]
         [Processed Buffers: Min: 2, Avg: 4.6, Max: 8, Diff: 6, Sum: 46]
      [Scan RS (ms): Min: 0.0, Avg: 0.1, Max: 0.1, Diff: 0.1, Sum: 0.6]
      [Code Root Scanning (ms): Min: 0.0, Avg: 0.0, Max: 0.0, Diff: 0.0, Sum: 0.0]
      [Object Copy (ms): Min: 0.3, Avg: 0.4, Max: 0.5, Diff: 0.2, Sum: 3.8]
      [Termination (ms): Min: 0.0, Avg: 0.0, Max: 0.0, Diff: 0.0, Sum: 0.0]
         [Termination Attempts: Min: 1, Avg: 1.1, Max: 2, Diff: 1, Sum: 11]
      [GC Worker Other (ms): Min: 0.0, Avg: 0.0, Max: 0.1, Diff: 0.1, Sum: 0.4]
      [GC Worker Total (ms): Min: 1.8, Avg: 2.0, Max: 2.2, Diff: 0.4, Sum: 20.2]
      [GC Worker End (ms): Min: 346205.0, Avg: 346205.1, Max: 346205.1, Diff: 0.1]
   [Code Root Fixup: 0.0 ms]
   [Code Root Purge: 0.0 ms]
   [Clear CT: 1.9 ms]
   [Other: 2.4 ms]
      [Choose CSet: 0.0 ms]
      [Ref Proc: 0.8 ms]
      [Ref Enq: 0.0 ms]
      [Redirty Cards: 1.4 ms]
      [Humongous Register: 0.0 ms]
      [Humongous Reclaim: 0.0 ms]
      [Free CSet: 0.1 ms]
   [Eden: 152.0M(152.0M)->0.0B(152.0M) Survivors: 1024.0K->1024.0K Heap: 180.8M(256.0M)->29445.8K(256.0M)]
Heap after GC invocations=257 (full 0):
 garbage-first heap   total 262144K, used 29445K [0x00000000f0000000, 0x00000000f0100800, 0x0000000100000000)
  region size 1024K, 1 young (1024K), 1 survivors (1024K)
 Metaspace       used 52814K, capacity 56012K, committed 56192K, reserved 1097728K
  class space    used 6460K, capacity 7028K, committed 7040K, reserved 1048576K
}
 [Times: user=0.03 sys=0.00, real=0.01 secs] 
{Heap before GC invocations=257 (full 0):
 garbage-first heap   total 262144K, used 185093K [0x00000000f0000000, 0x00000000f0100800, 0x0000000100000000)
  region size 1024K, 153 young (156672K), 1 survivors (1024K)
 Metaspace       used 52815K, capacity 56012K, committed 56192K, reserved 1097728K
  class space    used 6460K, capacity 7028K, committed 7040K, reserved 1048576K
2023-10-03T06:50:39.180+0800: 347.043: [GC pause (G1 Evacuation Pause) (young), 0.0074399 secs]
   [Parallel Time: 3.0 ms, GC Workers: 10]
      [GC Worker Start (ms): Min: 347043.2, Avg: 347043.5, Max: 347043.7, Diff: 0.5]
      [Ext Root Scanning (ms): Min: 0.9, Avg: 1.1, Max: 1.5, Diff: 0.6, Sum: 11.0]
      [Update RS (ms): Min: 0.4, Avg: 0.4, Max: 0.5, Diff: 0.1, Sum: 4.0]
         [Processed Buffers: Min: 3, Avg: 4.5, Max: 7, Diff: 4, Sum: 45]
      [Scan RS (ms): Min: 0.0, Avg: 0.1, Max: 0.1, Diff: 0.1, Sum: 0.7]
      [Code Root Scanning (ms): Min: 0.0, Avg: 0.0, Max: 0.0, Diff: 0.0, Sum: 0.0]
      [Object Copy (ms): Min: 0.3, Avg: 0.4, Max: 0.5, Diff: 0.2, Sum: 4.1]
      [Termination (ms): Min: 0.0, Avg: 0.0, Max: 0.0, Diff: 0.0, Sum: 0.0]
         [Termination Attempts: Min: 1, Avg: 1.0, Max: 1, Diff: 0, Sum: 10]
      [GC Worker Other (ms): Min: 0.0, Avg: 0.0, Max: 0.1, Diff: 0.1, Sum: 0.4]
      [GC Worker Total (ms): Min: 1.8, Avg: 2.0, Max: 2.3, Diff: 0.5, Sum: 20.3]
      [GC Worker End (ms): Min: 347045.5, Avg: 347045.5, Max: 347045.6, Diff: 0.1]
   [Code Root Fixup: 0.0 ms]
   [Code Root Purge: 0.0 ms]
   [Clear CT: 1.3 ms]
   [Other: 3.1 ms]
      [Choose CSet: 0.0 ms]
      [Ref Proc: 1.5 ms]
      [Ref Enq: 0.0 ms]
      [Redirty Cards: 1.4 ms]
      [Humongous Register: 0.0 ms]
      [Humongous Reclaim: 0.0 ms]
      [Free CSet: 0.1 ms]
   [Eden: 152.0M(152.0M)->0.0B(152.0M) Survivors: 1024.0K->1024.0K Heap: 180.8M(256.0M)->29433.2K(256.0M)]
Heap after GC invocations=258 (full 0):
 garbage-first heap   total 262144K, used 29433K [0x00000000f0000000, 0x00000000f0100800, 0x0000000100000000)
  region size 1024K, 1 young (1024K), 1 survivors (1024K)
 Metaspace       used 52815K, capacity 56012K, committed 56192K, reserved 1097728K
  class space    used 6460K, capacity 7028K, committed 7040K, reserved 1048576K
}
 [Times: user=0.03 sys=0.01, real=0.00 secs] 
{Heap before GC invocations=258 (full 0):
 garbage-first heap   total 262144K, used 185081K [0x00000000f0000000, 0x00000000f0100800, 0x0000000100000000)
  region size 1024K, 153 young (156672K), 1 survivors (1024K)
 Metaspace       used 52815K, capacity 56012K, committed 56192K, reserved 1097728K
  class space    used 6460K, capacity 7028K, committed 7040K, reserved 1048576K
2023-10-03T06:50:39.998+0800: 347.861: [GC pause (G1 Evacuation Pause) (young), 0.0065238 secs]
   [Parallel Time: 2.9 ms, GC Workers: 10]
      [GC Worker Start (ms): Min: 347861.1, Avg: 347861.4, Max: 347861.6, Diff: 0.5]
      [Ext Root Scanning (ms): Min: 0.9, Avg: 1.1, Max: 1.8, Diff: 0.9, Sum: 11.0]
      [Update RS (ms): Min: 0.1, Avg: 0.4, Max: 0.5, Diff: 0.5, Sum: 4.4]
         [Processed Buffers: Min: 2, Avg: 4.5, Max: 8, Diff: 6, Sum: 45]
      [Scan RS (ms): Min: 0.0, Avg: 0.1, Max: 0.1, Diff: 0.1, Sum: 0.6]
      [Code Root Scanning (ms): Min: 0.0, Avg: 0.0, Max: 0.0, Diff: 0.0, Sum: 0.0]
      [Object Copy (ms): Min: 0.3, Avg: 0.4, Max: 0.4, Diff: 0.2, Sum: 4.0]
      [Termination (ms): Min: 0.0, Avg: 0.0, Max: 0.0, Diff: 0.0, Sum: 0.0]
         [Termination Attempts: Min: 1, Avg: 1.3, Max: 2, Diff: 1, Sum: 13]
      [GC Worker Other (ms): Min: 0.0, Avg: 0.0, Max: 0.1, Diff: 0.1, Sum: 0.5]
      [GC Worker Total (ms): Min: 1.8, Avg: 2.0, Max: 2.3, Diff: 0.5, Sum: 20.4]
      [GC Worker End (ms): Min: 347863.4, Avg: 347863.4, Max: 347863.5, Diff: 0.1]
   [Code Root Fixup: 0.0 ms]
   [Code Root Purge: 0.0 ms]
   [Clear CT: 0.9 ms]
   [Other: 2.7 ms]
      [Choose CSet: 0.0 ms]
      [Ref Proc: 1.1 ms]
      [Ref Enq: 0.0 ms]
      [Redirty Cards: 1.3 ms]
      [Humongous Register: 0.0 ms]
      [Humongous Reclaim: 0.0 ms]
      [Free CSet: 0.1 ms]
   [Eden: 152.0M(152.0M)->0.0B(152.0M) Survivors: 1024.0K->1024.0K Heap: 180.7M(256.0M)->29407.5K(256.0M)]
Heap after GC invocations=259 (full 0):
 garbage-first heap   total 262144K, used 29407K [0x00000000f0000000, 0x00000000f0100800, 0x0000000100000000)
  region size 1024K, 1 young (1024K), 1 survivors (1024K)
 Metaspace       used 52815K, capacity 56012K, committed 56192K, reserved 1097728K
  class space    used 6460K, capacity 7028K, committed 7040K, reserved 1048576K
}
 [Times: user=0.02 sys=0.00, real=0.01 secs] 
{Heap before GC invocations=259 (full 0):
 garbage-first heap   total 262144K, used 185055K [0x00000000f0000000, 0x00000000f0100800, 0x0000000100000000)
  region size 1024K, 153 young (156672K), 1 survivors (1024K)
 Metaspace       used 52818K, capacity 56012K, committed 56192K, reserved 1097728K
  class space    used 6460K, capacity 7028K, committed 7040K, reserved 1048576K
2023-10-03T06:50:40.811+0800: 348.675: [GC pause (G1 Evacuation Pause) (young), 0.0068174 secs]
   [Parallel Time: 2.5 ms, GC Workers: 10]
      [GC Worker Start (ms): Min: 348674.8, Avg: 348675.1, Max: 348675.3, Diff: 0.5]
      [Ext Root Scanning (ms): Min: 1.0, Avg: 1.2, Max: 1.5, Diff: 0.5, Sum: 11.6]
      [Update RS (ms): Min: 0.3, Avg: 0.4, Max: 0.5, Diff: 0.2, Sum: 3.9]
         [Processed Buffers: Min: 2, Avg: 4.7, Max: 8, Diff: 6, Sum: 47]
      [Scan RS (ms): Min: 0.0, Avg: 0.1, Max: 0.1, Diff: 0.1, Sum: 0.7]
      [Code Root Scanning (ms): Min: 0.0, Avg: 0.0, Max: 0.0, Diff: 0.0, Sum: 0.1]
      [Object Copy (ms): Min: 0.3, Avg: 0.4, Max: 0.5, Diff: 0.2, Sum: 4.2]
      [Termination (ms): Min: 0.0, Avg: 0.0, Max: 0.0, Diff: 0.0, Sum: 0.0]
         [Termination Attempts: Min: 1, Avg: 1.2, Max: 2, Diff: 1, Sum: 12]
      [GC Worker Other (ms): Min: 0.0, Avg: 0.0, Max: 0.0, Diff: 0.0, Sum: 0.3]
      [GC Worker Total (ms): Min: 1.8, Avg: 2.1, Max: 2.3, Diff: 0.5, Sum: 20.7]
      [GC Worker End (ms): Min: 348677.1, Avg: 348677.1, Max: 348677.2, Diff: 0.0]
   [Code Root Fixup: 0.0 ms]
   [Code Root Purge: 0.0 ms]
   [Clear CT: 1.5 ms]
   [Other: 2.9 ms]
      [Choose CSet: 0.0 ms]
      [Ref Proc: 1.1 ms]
      [Ref Enq: 0.0 ms]
      [Redirty Cards: 1.5 ms]
      [Humongous Register: 0.0 ms]
      [Humongous Reclaim: 0.0 ms]
      [Free CSet: 0.1 ms]
   [Eden: 152.0M(152.0M)->0.0B(152.0M) Survivors: 1024.0K->1024.0K Heap: 180.7M(256.0M)->29518.9K(256.0M)]
Heap after GC invocations=260 (full 0):
 garbage-first heap   total 262144K, used 29518K [0x00000000f0000000, 0x00000000f0100800, 0x0000000100000000)
  region size 1024K, 1 young (1024K), 1 survivors (1024K)
 Metaspace       used 52818K, capacity 56012K, committed 56192K, reserved 1097728K
  class space    used 6460K, capacity 7028K, committed 7040K, reserved 1048576K
}
 [Times: user=0.03 sys=0.00, real=0.00 secs] 
{Heap before GC invocations=260 (full 0):
 garbage-first heap   total 262144K, used 185166K [0x00000000f0000000, 0x00000000f0100800, 0x0000000100000000)
  region size 1024K, 153 young (156672K), 1 survivors (1024K)
 Metaspace       used 52823K, capacity 56076K, committed 56192K, reserved 1097728K
  class space    used 6460K, capacity 7028K, committed 7040K, reserved 1048576K
2023-10-03T06:50:41.642+0800: 349.506: [GC pause (G1 Evacuation Pause) (young), 0.0077883 secs]
   [Parallel Time: 3.1 ms, GC Workers: 10]
      [GC Worker Start (ms): Min: 349505.8, Avg: 349506.0, Max: 349506.2, Diff: 0.4]
      [Ext Root Scanning (ms): Min: 1.0, Avg: 1.1, Max: 1.5, Diff: 0.5, Sum: 11.5]
      [Update RS (ms): Min: 0.3, Avg: 0.4, Max: 0.5, Diff: 0.1, Sum: 4.0]
         [Processed Buffers: Min: 3, Avg: 4.6, Max: 7, Diff: 4, Sum: 46]
      [Scan RS (ms): Min: 0.0, Avg: 0.1, Max: 0.1, Diff: 0.1, Sum: 0.6]
      [Code Root Scanning (ms): Min: 0.0, Avg: 0.0, Max: 0.0, Diff: 0.0, Sum: 0.1]
      [Object Copy (ms): Min: 0.3, Avg: 0.4, Max: 0.5, Diff: 0.2, Sum: 3.9]
      [Termination (ms): Min: 0.0, Avg: 0.0, Max: 0.0, Diff: 0.0, Sum: 0.1]
         [Termination Attempts: Min: 1, Avg: 1.0, Max: 1, Diff: 0, Sum: 10]
      [GC Worker Other (ms): Min: 0.0, Avg: 0.0, Max: 0.1, Diff: 0.1, Sum: 0.4]
      [GC Worker Total (ms): Min: 1.9, Avg: 2.1, Max: 2.3, Diff: 0.4, Sum: 20.5]
      [GC Worker End (ms): Min: 349508.0, Avg: 349508.0, Max: 349508.1, Diff: 0.1]
   [Code Root Fixup: 0.0 ms]
   [Code Root Purge: 0.0 ms]
   [Clear CT: 2.0 ms]
   [Other: 2.8 ms]
      [Choose CSet: 0.0 ms]
      [Ref Proc: 1.0 ms]
      [Ref Enq: 0.0 ms]
      [Redirty Cards: 1.4 ms]
      [Humongous Register: 0.0 ms]
      [Humongous Reclaim: 0.0 ms]
      [Free CSet: 0.1 ms]
   [Eden: 152.0M(152.0M)->0.0B(152.0M) Survivors: 1024.0K->1024.0K Heap: 180.8M(256.0M)->29459.3K(256.0M)]
Heap after GC invocations=261 (full 0):
 garbage-first heap   total 262144K, used 29459K [0x00000000f0000000, 0x00000000f0100800, 0x0000000100000000)
  region size 1024K, 1 young (1024K), 1 survivors (1024K)
 Metaspace       used 52823K, capacity 56076K, committed 56192K, reserved 1097728K
  class space    used 6460K, capacity 7028K, committed 7040K, reserved 1048576K
}
 [Times: user=0.03 sys=0.00, real=0.01 secs] 
{Heap before GC invocations=261 (full 0):
 garbage-first heap   total 262144K, used 185107K [0x00000000f0000000, 0x00000000f0100800, 0x0000000100000000)
  region size 1024K, 153 young (156672K), 1 survivors (1024K)
 Metaspace       used 52827K, capacity 56076K, committed 56192K, reserved 1097728K
  class space    used 6460K, capacity 7028K, committed 7040K, reserved 1048576K
2023-10-03T06:50:43.112+0800: 350.975: [GC pause (G1 Evacuation Pause) (young), 0.0074004 secs]
   [Parallel Time: 3.0 ms, GC Workers: 10]
      [GC Worker Start (ms): Min: 350975.1, Avg: 350975.4, Max: 350975.6, Diff: 0.5]
      [Ext Root Scanning (ms): Min: 0.9, Avg: 1.1, Max: 1.6, Diff: 0.7, Sum: 11.3]
      [Update RS (ms): Min: 0.3, Avg: 0.4, Max: 0.4, Diff: 0.2, Sum: 3.6]
         [Processed Buffers: Min: 2, Avg: 4.6, Max: 8, Diff: 6, Sum: 46]
      [Scan RS (ms): Min: 0.0, Avg: 0.1, Max: 0.1, Diff: 0.1, Sum: 0.5]
      [Code Root Scanning (ms): Min: 0.0, Avg: 0.0, Max: 0.0, Diff: 0.0, Sum: 0.1]
      [Object Copy (ms): Min: 0.2, Avg: 0.3, Max: 0.4, Diff: 0.2, Sum: 3.3]
      [Termination (ms): Min: 0.0, Avg: 0.0, Max: 0.0, Diff: 0.0, Sum: 0.0]
         [Termination Attempts: Min: 1, Avg: 1.2, Max: 2, Diff: 1, Sum: 12]
      [GC Worker Other (ms): Min: 0.0, Avg: 0.0, Max: 0.2, Diff: 0.1, Sum: 0.5]
      [GC Worker Total (ms): Min: 1.7, Avg: 1.9, Max: 2.2, Diff: 0.5, Sum: 19.3]
      [GC Worker End (ms): Min: 350977.3, Avg: 350977.3, Max: 350977.4, Diff: 0.1]
   [Code Root Fixup: 0.0 ms]
   [Code Root Purge: 0.0 ms]
   [Clear CT: 1.5 ms]
   [Other: 2.8 ms]
      [Choose CSet: 0.0 ms]
      [Ref Proc: 1.1 ms]
      [Ref Enq: 0.0 ms]
      [Redirty Cards: 1.4 ms]
      [Humongous Register: 0.0 ms]
      [Humongous Reclaim: 0.0 ms]
      [Free CSet: 0.1 ms]
   [Eden: 152.0M(152.0M)->0.0B(152.0M) Survivors: 1024.0K->1024.0K Heap: 180.8M(256.0M)->29451.0K(256.0M)]
Heap after GC invocations=262 (full 0):
 garbage-first heap   total 262144K, used 29451K [0x00000000f0000000, 0x00000000f0100800, 0x0000000100000000)
  region size 1024K, 1 young (1024K), 1 survivors (1024K)
 Metaspace       used 52827K, capacity 56076K, committed 56192K, reserved 1097728K
  class space    used 6460K, capacity 7028K, committed 7040K, reserved 1048576K
}
 [Times: user=0.02 sys=0.00, real=0.00 secs] 
{Heap before GC invocations=262 (full 0):
 garbage-first heap   total 262144K, used 185099K [0x00000000f0000000, 0x00000000f0100800, 0x0000000100000000)
  region size 1024K, 153 young (156672K), 1 survivors (1024K)
 Metaspace       used 52827K, capacity 56076K, committed 56192K, reserved 1097728K
  class space    used 6460K, capacity 7028K, committed 7040K, reserved 1048576K
2023-10-03T06:50:44.030+0800: 351.893: [GC pause (G1 Evacuation Pause) (young), 0.0040596 secs]
   [Parallel Time: 1.7 ms, GC Workers: 10]
      [GC Worker Start (ms): Min: 351893.5, Avg: 351893.6, Max: 351893.8, Diff: 0.3]
      [Ext Root Scanning (ms): Min: 0.5, Avg: 0.7, Max: 1.1, Diff: 0.5, Sum: 6.7]
      [Update RS (ms): Min: 0.0, Avg: 0.2, Max: 0.3, Diff: 0.2, Sum: 2.1]
         [Processed Buffers: Min: 2, Avg: 4.8, Max: 7, Diff: 5, Sum: 48]
      [Scan RS (ms): Min: 0.0, Avg: 0.0, Max: 0.0, Diff: 0.0, Sum: 0.3]
      [Code Root Scanning (ms): Min: 0.0, Avg: 0.0, Max: 0.0, Diff: 0.0, Sum: 0.0]
      [Object Copy (ms): Min: 0.2, Avg: 0.3, Max: 0.4, Diff: 0.1, Sum: 2.9]
      [Termination (ms): Min: 0.0, Avg: 0.0, Max: 0.0, Diff: 0.0, Sum: 0.0]
         [Termination Attempts: Min: 1, Avg: 1.4, Max: 2, Diff: 1, Sum: 14]
      [GC Worker Other (ms): Min: 0.0, Avg: 0.0, Max: 0.1, Diff: 0.0, Sum: 0.2]
      [GC Worker Total (ms): Min: 1.1, Avg: 1.2, Max: 1.4, Diff: 0.3, Sum: 12.3]
      [GC Worker End (ms): Min: 351894.8, Avg: 351894.8, Max: 351894.9, Diff: 0.1]
   [Code Root Fixup: 0.0 ms]
   [Code Root Purge: 0.0 ms]
   [Clear CT: 0.7 ms]
   [Other: 1.7 ms]
      [Choose CSet: 0.0 ms]
      [Ref Proc: 0.9 ms]
      [Ref Enq: 0.0 ms]
      [Redirty Cards: 0.7 ms]
      [Humongous Register: 0.0 ms]
      [Humongous Reclaim: 0.0 ms]
      [Free CSet: 0.1 ms]
   [Eden: 152.0M(152.0M)->0.0B(152.0M) Survivors: 1024.0K->1024.0K Heap: 180.8M(256.0M)->29720.9K(256.0M)]
Heap after GC invocations=263 (full 0):
 garbage-first heap   total 262144K, used 29720K [0x00000000f0000000, 0x00000000f0100800, 0x0000000100000000)
  region size 1024K, 1 young (1024K), 1 survivors (1024K)
 Metaspace       used 52827K, capacity 56076K, committed 56192K, reserved 1097728K
  class space    used 6460K, capacity 7028K, committed 7040K, reserved 1048576K
}
 [Times: user=0.01 sys=0.01, real=0.00 secs] 
{Heap before GC invocations=263 (full 0):
 garbage-first heap   total 262144K, used 185368K [0x00000000f0000000, 0x00000000f0100800, 0x0000000100000000)
  region size 1024K, 153 young (156672K), 1 survivors (1024K)
 Metaspace       used 52827K, capacity 56076K, committed 56192K, reserved 1097728K
  class space    used 6460K, capacity 7028K, committed 7040K, reserved 1048576K
2023-10-03T06:50:44.832+0800: 352.695: [GC pause (G1 Evacuation Pause) (young), 0.0079633 secs]
   [Parallel Time: 3.4 ms, GC Workers: 10]
      [GC Worker Start (ms): Min: 352695.3, Avg: 352695.6, Max: 352695.8, Diff: 0.5]
      [Ext Root Scanning (ms): Min: 1.0, Avg: 1.2, Max: 1.5, Diff: 0.6, Sum: 11.9]
      [Update RS (ms): Min: 0.4, Avg: 0.4, Max: 0.5, Diff: 0.1, Sum: 4.1]
         [Processed Buffers: Min: 3, Avg: 4.9, Max: 6, Diff: 3, Sum: 49]
      [Scan RS (ms): Min: 0.0, Avg: 0.1, Max: 0.1, Diff: 0.1, Sum: 0.7]
      [Code Root Scanning (ms): Min: 0.0, Avg: 0.0, Max: 0.0, Diff: 0.0, Sum: 0.1]
      [Object Copy (ms): Min: 0.5, Avg: 0.6, Max: 0.7, Diff: 0.2, Sum: 6.3]
      [Termination (ms): Min: 0.0, Avg: 0.0, Max: 0.0, Diff: 0.0, Sum: 0.1]
         [Termination Attempts: Min: 1, Avg: 1.1, Max: 2, Diff: 1, Sum: 11]
      [GC Worker Other (ms): Min: 0.0, Avg: 0.0, Max: 0.1, Diff: 0.1, Sum: 0.4]
      [GC Worker Total (ms): Min: 2.1, Avg: 2.4, Max: 2.6, Diff: 0.5, Sum: 23.5]
      [GC Worker End (ms): Min: 352697.9, Avg: 352697.9, Max: 352698.0, Diff: 0.1]
   [Code Root Fixup: 0.0 ms]
   [Code Root Purge: 0.0 ms]
   [Clear CT: 1.9 ms]
   [Other: 2.7 ms]
      [Choose CSet: 0.0 ms]
      [Ref Proc: 1.0 ms]
      [Ref Enq: 0.0 ms]
      [Redirty Cards: 1.3 ms]
      [Humongous Register: 0.0 ms]
      [Humongous Reclaim: 0.0 ms]
      [Free CSet: 0.1 ms]
   [Eden: 152.0M(152.0M)->0.0B(152.0M) Survivors: 1024.0K->1024.0K Heap: 181.0M(256.0M)->30207.6K(256.0M)]
Heap after GC invocations=264 (full 0):
 garbage-first heap   total 262144K, used 30207K [0x00000000f0000000, 0x00000000f0100800, 0x0000000100000000)
  region size 1024K, 1 young (1024K), 1 survivors (1024K)
 Metaspace       used 52827K, capacity 56076K, committed 56192K, reserved 1097728K
  class space    used 6460K, capacity 7028K, committed 7040K, reserved 1048576K
}
 [Times: user=0.03 sys=0.00, real=0.01 secs] 
{Heap before GC invocations=264 (full 0):
 garbage-first heap   total 262144K, used 185855K [0x00000000f0000000, 0x00000000f0100800, 0x0000000100000000)
  region size 1024K, 153 young (156672K), 1 survivors (1024K)
 Metaspace       used 52827K, capacity 56076K, committed 56192K, reserved 1097728K
  class space    used 6460K, capacity 7028K, committed 7040K, reserved 1048576K
2023-10-03T06:50:45.641+0800: 353.505: [GC pause (G1 Evacuation Pause) (young), 0.0080545 secs]
   [Parallel Time: 3.5 ms, GC Workers: 10]
      [GC Worker Start (ms): Min: 353504.9, Avg: 353505.1, Max: 353505.3, Diff: 0.5]
      [Ext Root Scanning (ms): Min: 1.0, Avg: 1.3, Max: 1.6, Diff: 0.5, Sum: 12.6]
      [Update RS (ms): Min: 0.3, Avg: 0.4, Max: 0.4, Diff: 0.1, Sum: 3.9]
         [Processed Buffers: Min: 2, Avg: 5.0, Max: 11, Diff: 9, Sum: 50]
      [Scan RS (ms): Min: 0.0, Avg: 0.1, Max: 0.1, Diff: 0.1, Sum: 0.7]
      [Code Root Scanning (ms): Min: 0.0, Avg: 0.0, Max: 0.0, Diff: 0.0, Sum: 0.1]
      [Object Copy (ms): Min: 0.5, Avg: 0.7, Max: 0.7, Diff: 0.2, Sum: 6.6]
      [Termination (ms): Min: 0.0, Avg: 0.0, Max: 0.0, Diff: 0.0, Sum: 0.0]
         [Termination Attempts: Min: 1, Avg: 1.0, Max: 1, Diff: 0, Sum: 10]
      [GC Worker Other (ms): Min: 0.0, Avg: 0.1, Max: 0.2, Diff: 0.2, Sum: 0.7]
      [GC Worker Total (ms): Min: 2.3, Avg: 2.5, Max: 2.7, Diff: 0.4, Sum: 24.6]
      [GC Worker End (ms): Min: 353507.5, Avg: 353507.6, Max: 353507.7, Diff: 0.2]
   [Code Root Fixup: 0.0 ms]
   [Code Root Purge: 0.0 ms]
   [Clear CT: 1.5 ms]
   [Other: 3.1 ms]
      [Choose CSet: 0.0 ms]
      [Ref Proc: 1.3 ms]
      [Ref Enq: 0.0 ms]
      [Redirty Cards: 1.5 ms]
      [Humongous Register: 0.0 ms]
      [Humongous Reclaim: 0.0 ms]
      [Free CSet: 0.2 ms]
   [Eden: 152.0M(152.0M)->0.0B(151.0M) Survivors: 1024.0K->2048.0K Heap: 181.5M(256.0M)->30340.0K(256.0M)]
Heap after GC invocations=265 (full 0):
 garbage-first heap   total 262144K, used 30339K [0x00000000f0000000, 0x00000000f0100800, 0x0000000100000000)
  region size 1024K, 2 young (2048K), 2 survivors (2048K)
 Metaspace       used 52827K, capacity 56076K, committed 56192K, reserved 1097728K
  class space    used 6460K, capacity 7028K, committed 7040K, reserved 1048576K
}
 [Times: user=0.03 sys=0.00, real=0.01 secs] 
{Heap before GC invocations=265 (full 0):
 garbage-first heap   total 262144K, used 184963K [0x00000000f0000000, 0x00000000f0100800, 0x0000000100000000)
  region size 1024K, 153 young (156672K), 2 survivors (2048K)
 Metaspace       used 52827K, capacity 56076K, committed 56192K, reserved 1097728K
  class space    used 6460K, capacity 7028K, committed 7040K, reserved 1048576K
2023-10-03T06:50:46.382+0800: 354.245: [GC pause (G1 Evacuation Pause) (young), 0.0073917 secs]
   [Parallel Time: 3.1 ms, GC Workers: 10]
      [GC Worker Start (ms): Min: 354245.3, Avg: 354245.5, Max: 354245.7, Diff: 0.4]
      [Ext Root Scanning (ms): Min: 1.0, Avg: 1.2, Max: 1.5, Diff: 0.4, Sum: 12.3]
      [Update RS (ms): Min: 0.3, Avg: 0.4, Max: 0.5, Diff: 0.2, Sum: 4.0]
         [Processed Buffers: Min: 1, Avg: 5.0, Max: 11, Diff: 10, Sum: 50]
      [Scan RS (ms): Min: 0.0, Avg: 0.0, Max: 0.1, Diff: 0.1, Sum: 0.5]
      [Code Root Scanning (ms): Min: 0.0, Avg: 0.0, Max: 0.0, Diff: 0.0, Sum: 0.1]
      [Object Copy (ms): Min: 0.5, Avg: 0.6, Max: 0.7, Diff: 0.2, Sum: 6.2]
      [Termination (ms): Min: 0.0, Avg: 0.0, Max: 0.0, Diff: 0.0, Sum: 0.0]
         [Termination Attempts: Min: 1, Avg: 1.0, Max: 1, Diff: 0, Sum: 10]
      [GC Worker Other (ms): Min: 0.0, Avg: 0.0, Max: 0.1, Diff: 0.1, Sum: 0.4]
      [GC Worker Total (ms): Min: 2.1, Avg: 2.3, Max: 2.5, Diff: 0.4, Sum: 23.5]
      [GC Worker End (ms): Min: 354247.8, Avg: 354247.9, Max: 354247.9, Diff: 0.1]
   [Code Root Fixup: 0.0 ms]
   [Code Root Purge: 0.0 ms]
   [Clear CT: 1.4 ms]
   [Other: 2.9 ms]
      [Choose CSet: 0.0 ms]
      [Ref Proc: 1.3 ms]
      [Ref Enq: 0.0 ms]
      [Redirty Cards: 1.3 ms]
      [Humongous Register: 0.0 ms]
      [Humongous Reclaim: 0.0 ms]
      [Free CSet: 0.1 ms]
   [Eden: 151.0M(151.0M)->0.0B(151.0M) Survivors: 2048.0K->2048.0K Heap: 180.6M(256.0M)->30515.9K(256.0M)]
Heap after GC invocations=266 (full 0):
 garbage-first heap   total 262144K, used 30515K [0x00000000f0000000, 0x00000000f0100800, 0x0000000100000000)
  region size 1024K, 2 young (2048K), 2 survivors (2048K)
 Metaspace       used 52827K, capacity 56076K, committed 56192K, reserved 1097728K
  class space    used 6460K, capacity 7028K, committed 7040K, reserved 1048576K
}
 [Times: user=0.03 sys=0.00, real=0.00 secs] 
{Heap before GC invocations=266 (full 0):
 garbage-first heap   total 262144K, used 185139K [0x00000000f0000000, 0x00000000f0100800, 0x0000000100000000)
  region size 1024K, 153 young (156672K), 2 survivors (2048K)
 Metaspace       used 52827K, capacity 56076K, committed 56192K, reserved 1097728K
  class space    used 6460K, capacity 7028K, committed 7040K, reserved 1048576K
2023-10-03T06:50:47.198+0800: 355.061: [GC pause (G1 Evacuation Pause) (young), 0.0078612 secs]
   [Parallel Time: 3.4 ms, GC Workers: 10]
      [GC Worker Start (ms): Min: 355061.5, Avg: 355061.8, Max: 355062.0, Diff: 0.5]
      [Ext Root Scanning (ms): Min: 1.0, Avg: 1.2, Max: 1.6, Diff: 0.6, Sum: 12.1]
      [Update RS (ms): Min: 0.3, Avg: 0.4, Max: 0.5, Diff: 0.2, Sum: 3.9]
         [Processed Buffers: Min: 3, Avg: 4.9, Max: 12, Diff: 9, Sum: 49]
      [Scan RS (ms): Min: 0.0, Avg: 0.1, Max: 0.1, Diff: 0.1, Sum: 0.6]
      [Code Root Scanning (ms): Min: 0.0, Avg: 0.0, Max: 0.1, Diff: 0.1, Sum: 0.1]
      [Object Copy (ms): Min: 0.5, Avg: 0.6, Max: 0.7, Diff: 0.2, Sum: 6.4]
      [Termination (ms): Min: 0.0, Avg: 0.0, Max: 0.0, Diff: 0.0, Sum: 0.0]
         [Termination Attempts: Min: 1, Avg: 1.3, Max: 2, Diff: 1, Sum: 13]
      [GC Worker Other (ms): Min: 0.0, Avg: 0.1, Max: 0.1, Diff: 0.1, Sum: 0.6]
      [GC Worker Total (ms): Min: 2.1, Avg: 2.4, Max: 2.7, Diff: 0.6, Sum: 23.7]
      [GC Worker End (ms): Min: 355064.1, Avg: 355064.2, Max: 355064.2, Diff: 0.1]
   [Code Root Fixup: 0.0 ms]
   [Code Root Purge: 0.0 ms]
   [Clear CT: 1.4 ms]
   [Other: 3.1 ms]
      [Choose CSet: 0.0 ms]
      [Ref Proc: 1.4 ms]
      [Ref Enq: 0.0 ms]
      [Redirty Cards: 1.3 ms]
      [Humongous Register: 0.0 ms]
      [Humongous Reclaim: 0.0 ms]
      [Free CSet: 0.1 ms]
   [Eden: 151.0M(151.0M)->0.0B(151.0M) Survivors: 2048.0K->2048.0K Heap: 180.8M(256.0M)->30447.0K(256.0M)]
Heap after GC invocations=267 (full 0):
 garbage-first heap   total 262144K, used 30447K [0x00000000f0000000, 0x00000000f0100800, 0x0000000100000000)
  region size 1024K, 2 young (2048K), 2 survivors (2048K)
 Metaspace       used 52827K, capacity 56076K, committed 56192K, reserved 1097728K
  class space    used 6460K, capacity 7028K, committed 7040K, reserved 1048576K
}
 [Times: user=0.03 sys=0.00, real=0.01 secs] 
{Heap before GC invocations=267 (full 0):
 garbage-first heap   total 262144K, used 185071K [0x00000000f0000000, 0x00000000f0100800, 0x0000000100000000)
  region size 1024K, 153 young (156672K), 2 survivors (2048K)
 Metaspace       used 52827K, capacity 56076K, committed 56192K, reserved 1097728K
  class space    used 6460K, capacity 7028K, committed 7040K, reserved 1048576K
2023-10-03T06:50:47.985+0800: 355.848: [GC pause (G1 Evacuation Pause) (young), 0.0075751 secs]
   [Parallel Time: 3.1 ms, GC Workers: 10]
      [GC Worker Start (ms): Min: 355848.5, Avg: 355848.7, Max: 355848.9, Diff: 0.5]
      [Ext Root Scanning (ms): Min: 0.9, Avg: 1.2, Max: 1.6, Diff: 0.7, Sum: 11.7]
      [Update RS (ms): Min: 0.2, Avg: 0.4, Max: 0.5, Diff: 0.2, Sum: 3.7]
         [Processed Buffers: Min: 1, Avg: 5.1, Max: 8, Diff: 7, Sum: 51]
      [Scan RS (ms): Min: 0.0, Avg: 0.1, Max: 0.1, Diff: 0.1, Sum: 0.6]
      [Code Root Scanning (ms): Min: 0.0, Avg: 0.0, Max: 0.0, Diff: 0.0, Sum: 0.1]
      [Object Copy (ms): Min: 0.5, Avg: 0.6, Max: 0.7, Diff: 0.2, Sum: 6.0]
      [Termination (ms): Min: 0.0, Avg: 0.0, Max: 0.0, Diff: 0.0, Sum: 0.1]
         [Termination Attempts: Min: 1, Avg: 1.1, Max: 2, Diff: 1, Sum: 11]
      [GC Worker Other (ms): Min: 0.0, Avg: 0.1, Max: 0.2, Diff: 0.2, Sum: 0.6]
      [GC Worker Total (ms): Min: 2.0, Avg: 2.3, Max: 2.5, Diff: 0.5, Sum: 22.7]
      [GC Worker End (ms): Min: 355850.9, Avg: 355851.0, Max: 355851.1, Diff: 0.2]
   [Code Root Fixup: 0.0 ms]
   [Code Root Purge: 0.0 ms]
   [Clear CT: 1.3 ms]
   [Other: 3.1 ms]
      [Choose CSet: 0.0 ms]
      [Ref Proc: 1.5 ms]
      [Ref Enq: 0.0 ms]
      [Redirty Cards: 1.3 ms]
      [Humongous Register: 0.0 ms]
      [Humongous Reclaim: 0.0 ms]
      [Free CSet: 0.1 ms]
   [Eden: 151.0M(151.0M)->0.0B(151.0M) Survivors: 2048.0K->2048.0K Heap: 180.7M(256.0M)->30450.2K(256.0M)]
Heap after GC invocations=268 (full 0):
 garbage-first heap   total 262144K, used 30450K [0x00000000f0000000, 0x00000000f0100800, 0x0000000100000000)
  region size 1024K, 2 young (2048K), 2 survivors (2048K)
 Metaspace       used 52827K, capacity 56076K, committed 56192K, reserved 1097728K
  class space    used 6460K, capacity 7028K, committed 7040K, reserved 1048576K
}
 [Times: user=0.03 sys=0.00, real=0.01 secs] 
{Heap before GC invocations=268 (full 0):
 garbage-first heap   total 262144K, used 185074K [0x00000000f0000000, 0x00000000f0100800, 0x0000000100000000)
  region size 1024K, 153 young (156672K), 2 survivors (2048K)
 Metaspace       used 52827K, capacity 56076K, committed 56192K, reserved 1097728K
  class space    used 6460K, capacity 7028K, committed 7040K, reserved 1048576K
2023-10-03T06:50:48.805+0800: 356.669: [GC pause (G1 Evacuation Pause) (young), 0.0074541 secs]
   [Parallel Time: 3.2 ms, GC Workers: 10]
      [GC Worker Start (ms): Min: 356668.9, Avg: 356669.2, Max: 356669.4, Diff: 0.5]
      [Ext Root Scanning (ms): Min: 0.9, Avg: 1.2, Max: 1.5, Diff: 0.6, Sum: 11.7]
      [Update RS (ms): Min: 0.3, Avg: 0.4, Max: 0.5, Diff: 0.1, Sum: 4.0]
         [Processed Buffers: Min: 3, Avg: 5.2, Max: 10, Diff: 7, Sum: 52]
      [Scan RS (ms): Min: 0.0, Avg: 0.1, Max: 0.1, Diff: 0.1, Sum: 0.6]
      [Code Root Scanning (ms): Min: 0.0, Avg: 0.0, Max: 0.0, Diff: 0.0, Sum: 0.1]
      [Object Copy (ms): Min: 0.5, Avg: 0.6, Max: 0.6, Diff: 0.2, Sum: 5.8]
      [Termination (ms): Min: 0.0, Avg: 0.0, Max: 0.0, Diff: 0.0, Sum: 0.0]
         [Termination Attempts: Min: 1, Avg: 1.1, Max: 2, Diff: 1, Sum: 11]
      [GC Worker Other (ms): Min: 0.0, Avg: 0.0, Max: 0.1, Diff: 0.1, Sum: 0.4]
      [GC Worker Total (ms): Min: 2.0, Avg: 2.3, Max: 2.5, Diff: 0.5, Sum: 22.6]
      [GC Worker End (ms): Min: 356671.4, Avg: 356671.5, Max: 356671.5, Diff: 0.1]
   [Code Root Fixup: 0.0 ms]
   [Code Root Purge: 0.0 ms]
   [Clear CT: 1.2 ms]
   [Other: 3.0 ms]
      [Choose CSet: 0.0 ms]
      [Ref Proc: 1.6 ms]
      [Ref Enq: 0.0 ms]
      [Redirty Cards: 1.2 ms]
      [Humongous Register: 0.0 ms]
      [Humongous Reclaim: 0.0 ms]
      [Free CSet: 0.1 ms]
   [Eden: 151.0M(151.0M)->0.0B(152.0M) Survivors: 2048.0K->1024.0K Heap: 180.7M(256.0M)->30263.5K(256.0M)]
Heap after GC invocations=269 (full 0):
 garbage-first heap   total 262144K, used 30263K [0x00000000f0000000, 0x00000000f0100800, 0x0000000100000000)
  region size 1024K, 1 young (1024K), 1 survivors (1024K)
 Metaspace       used 52827K, capacity 56076K, committed 56192K, reserved 1097728K
  class space    used 6460K, capacity 7028K, committed 7040K, reserved 1048576K
}
 [Times: user=0.03 sys=0.00, real=0.01 secs] 
{Heap before GC invocations=269 (full 0):
 garbage-first heap   total 262144K, used 185911K [0x00000000f0000000, 0x00000000f0100800, 0x0000000100000000)
  region size 1024K, 153 young (156672K), 1 survivors (1024K)
 Metaspace       used 52827K, capacity 56076K, committed 56192K, reserved 1097728K
  class space    used 6460K, capacity 7028K, committed 7040K, reserved 1048576K
2023-10-03T06:50:49.614+0800: 357.477: [GC pause (G1 Evacuation Pause) (young), 0.0075321 secs]
   [Parallel Time: 3.4 ms, GC Workers: 10]
      [GC Worker Start (ms): Min: 357477.1, Avg: 357477.4, Max: 357477.6, Diff: 0.5]
      [Ext Root Scanning (ms): Min: 0.9, Avg: 1.1, Max: 1.5, Diff: 0.6, Sum: 11.3]
      [Update RS (ms): Min: 0.3, Avg: 0.4, Max: 0.5, Diff: 0.2, Sum: 4.1]
         [Processed Buffers: Min: 2, Avg: 5.1, Max: 11, Diff: 9, Sum: 51]
      [Scan RS (ms): Min: 0.0, Avg: 0.0, Max: 0.1, Diff: 0.1, Sum: 0.5]
      [Code Root Scanning (ms): Min: 0.0, Avg: 0.0, Max: 0.1, Diff: 0.1, Sum: 0.1]
      [Object Copy (ms): Min: 0.5, Avg: 0.6, Max: 0.7, Diff: 0.2, Sum: 6.4]
      [Termination (ms): Min: 0.0, Avg: 0.0, Max: 0.0, Diff: 0.0, Sum: 0.1]
         [Termination Attempts: Min: 1, Avg: 1.0, Max: 1, Diff: 0, Sum: 10]
      [GC Worker Other (ms): Min: 0.0, Avg: 0.0, Max: 0.1, Diff: 0.1, Sum: 0.5]
      [GC Worker Total (ms): Min: 2.0, Avg: 2.3, Max: 2.6, Diff: 0.5, Sum: 22.9]
      [GC Worker End (ms): Min: 357479.7, Avg: 357479.7, Max: 357479.7, Diff: 0.1]
   [Code Root Fixup: 0.0 ms]
   [Code Root Purge: 0.0 ms]
   [Clear CT: 1.1 ms]
   [Other: 3.0 ms]
      [Choose CSet: 0.0 ms]
      [Ref Proc: 1.4 ms]
      [Ref Enq: 0.0 ms]
      [Redirty Cards: 1.3 ms]
      [Humongous Register: 0.0 ms]
      [Humongous Reclaim: 0.0 ms]
      [Free CSet: 0.1 ms]
   [Eden: 152.0M(152.0M)->0.0B(151.0M) Survivors: 1024.0K->2048.0K Heap: 181.6M(256.0M)->30406.0K(256.0M)]
Heap after GC invocations=270 (full 0):
 garbage-first heap   total 262144K, used 30406K [0x00000000f0000000, 0x00000000f0100800, 0x0000000100000000)
  region size 1024K, 2 young (2048K), 2 survivors (2048K)
 Metaspace       used 52827K, capacity 56076K, committed 56192K, reserved 1097728K
  class space    used 6460K, capacity 7028K, committed 7040K, reserved 1048576K
}
 [Times: user=0.02 sys=0.00, real=0.01 secs] 
{Heap before GC invocations=270 (full 0):
 garbage-first heap   total 262144K, used 185030K [0x00000000f0000000, 0x00000000f0100800, 0x0000000100000000)
  region size 1024K, 153 young (156672K), 2 survivors (2048K)
 Metaspace       used 52827K, capacity 56076K, committed 56192K, reserved 1097728K
  class space    used 6460K, capacity 7028K, committed 7040K, reserved 1048576K
2023-10-03T06:50:50.424+0800: 358.287: [GC pause (G1 Evacuation Pause) (young), 0.0071992 secs]
   [Parallel Time: 3.4 ms, GC Workers: 10]
      [GC Worker Start (ms): Min: 358286.9, Avg: 358287.2, Max: 358287.4, Diff: 0.5]
      [Ext Root Scanning (ms): Min: 0.9, Avg: 1.2, Max: 1.7, Diff: 0.7, Sum: 12.1]
      [Update RS (ms): Min: 0.4, Avg: 0.4, Max: 0.4, Diff: 0.1, Sum: 4.1]
         [Processed Buffers: Min: 2, Avg: 5.0, Max: 11, Diff: 9, Sum: 50]
      [Scan RS (ms): Min: 0.0, Avg: 0.1, Max: 0.1, Diff: 0.1, Sum: 0.5]
      [Code Root Scanning (ms): Min: 0.0, Avg: 0.0, Max: 0.0, Diff: 0.0, Sum: 0.1]
      [Object Copy (ms): Min: 0.5, Avg: 0.6, Max: 0.7, Diff: 0.2, Sum: 6.2]
      [Termination (ms): Min: 0.0, Avg: 0.0, Max: 0.0, Diff: 0.0, Sum: 0.0]
         [Termination Attempts: Min: 1, Avg: 1.0, Max: 1, Diff: 0, Sum: 10]
      [GC Worker Other (ms): Min: 0.0, Avg: 0.0, Max: 0.1, Diff: 0.1, Sum: 0.5]
      [GC Worker Total (ms): Min: 2.1, Avg: 2.3, Max: 2.6, Diff: 0.6, Sum: 23.4]
      [GC Worker End (ms): Min: 358289.5, Avg: 358289.5, Max: 358289.6, Diff: 0.1]
   [Code Root Fixup: 0.0 ms]
   [Code Root Purge: 0.0 ms]
   [Clear CT: 1.4 ms]
   [Other: 2.5 ms]
      [Choose CSet: 0.0 ms]
      [Ref Proc: 1.1 ms]
      [Ref Enq: 0.0 ms]
      [Redirty Cards: 1.1 ms]
      [Humongous Register: 0.0 ms]
      [Humongous Reclaim: 0.0 ms]
      [Free CSet: 0.1 ms]
   [Eden: 151.0M(151.0M)->0.0B(151.0M) Survivors: 2048.0K->2048.0K Heap: 180.7M(256.0M)->30484.3K(256.0M)]
Heap after GC invocations=271 (full 0):
 garbage-first heap   total 262144K, used 30484K [0x00000000f0000000, 0x00000000f0100800, 0x0000000100000000)
  region size 1024K, 2 young (2048K), 2 survivors (2048K)
 Metaspace       used 52827K, capacity 56076K, committed 56192K, reserved 1097728K
  class space    used 6460K, capacity 7028K, committed 7040K, reserved 1048576K
}
 [Times: user=0.02 sys=0.01, real=0.01 secs] 
{Heap before GC invocations=271 (full 0):
 garbage-first heap   total 262144K, used 185108K [0x00000000f0000000, 0x00000000f0100800, 0x0000000100000000)
  region size 1024K, 153 young (156672K), 2 survivors (2048K)
 Metaspace       used 52827K, capacity 56076K, committed 56192K, reserved 1097728K
  class space    used 6460K, capacity 7028K, committed 7040K, reserved 1048576K
2023-10-03T06:50:51.227+0800: 359.090: [GC pause (G1 Evacuation Pause) (young), 0.0068670 secs]
   [Parallel Time: 3.0 ms, GC Workers: 10]
      [GC Worker Start (ms): Min: 359090.2, Avg: 359090.4, Max: 359090.6, Diff: 0.5]
      [Ext Root Scanning (ms): Min: 0.9, Avg: 1.1, Max: 1.8, Diff: 0.9, Sum: 11.2]
      [Update RS (ms): Min: 0.1, Avg: 0.4, Max: 0.5, Diff: 0.4, Sum: 3.8]
         [Processed Buffers: Min: 3, Avg: 5.0, Max: 7, Diff: 4, Sum: 50]
      [Scan RS (ms): Min: 0.0, Avg: 0.1, Max: 0.1, Diff: 0.1, Sum: 0.7]
      [Code Root Scanning (ms): Min: 0.0, Avg: 0.0, Max: 0.1, Diff: 0.1, Sum: 0.1]
      [Object Copy (ms): Min: 0.4, Avg: 0.6, Max: 0.6, Diff: 0.2, Sum: 5.5]
      [Termination (ms): Min: 0.0, Avg: 0.0, Max: 0.0, Diff: 0.0, Sum: 0.1]
         [Termination Attempts: Min: 1, Avg: 1.1, Max: 2, Diff: 1, Sum: 11]
      [GC Worker Other (ms): Min: 0.0, Avg: 0.0, Max: 0.1, Diff: 0.1, Sum: 0.4]
      [GC Worker Total (ms): Min: 1.9, Avg: 2.2, Max: 2.4, Diff: 0.5, Sum: 21.8]
      [GC Worker End (ms): Min: 359092.6, Avg: 359092.6, Max: 359092.6, Diff: 0.1]
   [Code Root Fixup: 0.0 ms]
   [Code Root Purge: 0.0 ms]
   [Clear CT: 1.1 ms]
   [Other: 2.8 ms]
      [Choose CSet: 0.0 ms]
      [Ref Proc: 1.3 ms]
      [Ref Enq: 0.0 ms]
      [Redirty Cards: 1.2 ms]
      [Humongous Register: 0.0 ms]
      [Humongous Reclaim: 0.0 ms]
      [Free CSet: 0.1 ms]
   [Eden: 151.0M(151.0M)->0.0B(151.0M) Survivors: 2048.0K->2048.0K Heap: 180.8M(256.0M)->30382.5K(256.0M)]
Heap after GC invocations=272 (full 0):
 garbage-first heap   total 262144K, used 30382K [0x00000000f0000000, 0x00000000f0100800, 0x0000000100000000)
  region size 1024K, 2 young (2048K), 2 survivors (2048K)
 Metaspace       used 52827K, capacity 56076K, committed 56192K, reserved 1097728K
  class space    used 6460K, capacity 7028K, committed 7040K, reserved 1048576K
}
 [Times: user=0.02 sys=0.01, real=0.01 secs] 
{Heap before GC invocations=272 (full 0):
 garbage-first heap   total 262144K, used 185006K [0x00000000f0000000, 0x00000000f0100800, 0x0000000100000000)
  region size 1024K, 153 young (156672K), 2 survivors (2048K)
 Metaspace       used 52827K, capacity 56076K, committed 56192K, reserved 1097728K
  class space    used 6460K, capacity 7028K, committed 7040K, reserved 1048576K
2023-10-03T06:50:52.030+0800: 359.893: [GC pause (G1 Evacuation Pause) (young), 0.0067864 secs]
   [Parallel Time: 3.0 ms, GC Workers: 10]
      [GC Worker Start (ms): Min: 359893.4, Avg: 359893.7, Max: 359893.9, Diff: 0.5]
      [Ext Root Scanning (ms): Min: 0.9, Avg: 1.2, Max: 1.6, Diff: 0.7, Sum: 11.7]
      [Update RS (ms): Min: 0.3, Avg: 0.4, Max: 0.4, Diff: 0.1, Sum: 3.7]
         [Processed Buffers: Min: 2, Avg: 5.1, Max: 10, Diff: 8, Sum: 51]
      [Scan RS (ms): Min: 0.0, Avg: 0.1, Max: 0.1, Diff: 0.1, Sum: 0.6]
      [Code Root Scanning (ms): Min: 0.0, Avg: 0.0, Max: 0.0, Diff: 0.0, Sum: 0.1]
      [Object Copy (ms): Min: 0.5, Avg: 0.6, Max: 0.6, Diff: 0.2, Sum: 5.8]
      [Termination (ms): Min: 0.0, Avg: 0.0, Max: 0.0, Diff: 0.0, Sum: 0.1]
         [Termination Attempts: Min: 1, Avg: 1.2, Max: 2, Diff: 1, Sum: 12]
      [GC Worker Other (ms): Min: 0.0, Avg: 0.0, Max: 0.1, Diff: 0.1, Sum: 0.5]
      [GC Worker Total (ms): Min: 2.0, Avg: 2.2, Max: 2.5, Diff: 0.5, Sum: 22.3]
      [GC Worker End (ms): Min: 359895.9, Avg: 359895.9, Max: 359896.0, Diff: 0.1]
   [Code Root Fixup: 0.0 ms]
   [Code Root Purge: 0.0 ms]
   [Clear CT: 1.1 ms]
   [Other: 2.7 ms]
      [Choose CSet: 0.0 ms]
      [Ref Proc: 1.2 ms]
      [Ref Enq: 0.0 ms]
      [Redirty Cards: 1.2 ms]
      [Humongous Register: 0.0 ms]
      [Humongous Reclaim: 0.0 ms]
      [Free CSet: 0.1 ms]
   [Eden: 151.0M(151.0M)->0.0B(152.0M) Survivors: 2048.0K->1024.0K Heap: 180.7M(256.0M)->30278.1K(256.0M)]
Heap after GC invocations=273 (full 0):
 garbage-first heap   total 262144K, used 30278K [0x00000000f0000000, 0x00000000f0100800, 0x0000000100000000)
  region size 1024K, 1 young (1024K), 1 survivors (1024K)
 Metaspace       used 52827K, capacity 56076K, committed 56192K, reserved 1097728K
  class space    used 6460K, capacity 7028K, committed 7040K, reserved 1048576K
}
 [Times: user=0.02 sys=0.01, real=0.00 secs] 
{Heap before GC invocations=273 (full 0):
 garbage-first heap   total 262144K, used 185926K [0x00000000f0000000, 0x00000000f0100800, 0x0000000100000000)
  region size 1024K, 153 young (156672K), 1 survivors (1024K)
 Metaspace       used 52827K, capacity 56076K, committed 56192K, reserved 1097728K
  class space    used 6460K, capacity 7028K, committed 7040K, reserved 1048576K
2023-10-03T06:50:52.853+0800: 360.716: [GC pause (G1 Evacuation Pause) (young), 0.0070616 secs]
   [Parallel Time: 3.1 ms, GC Workers: 10]
      [GC Worker Start (ms): Min: 360716.4, Avg: 360716.7, Max: 360716.9, Diff: 0.5]
      [Ext Root Scanning (ms): Min: 0.9, Avg: 1.2, Max: 1.6, Diff: 0.7, Sum: 11.7]
      [Update RS (ms): Min: 0.3, Avg: 0.4, Max: 0.5, Diff: 0.2, Sum: 3.9]
         [Processed Buffers: Min: 3, Avg: 5.2, Max: 10, Diff: 7, Sum: 52]
      [Scan RS (ms): Min: 0.0, Avg: 0.1, Max: 0.1, Diff: 0.1, Sum: 0.5]
      [Code Root Scanning (ms): Min: 0.0, Avg: 0.0, Max: 0.0, Diff: 0.0, Sum: 0.1]
      [Object Copy (ms): Min: 0.5, Avg: 0.6, Max: 0.6, Diff: 0.2, Sum: 5.7]
      [Termination (ms): Min: 0.0, Avg: 0.0, Max: 0.0, Diff: 0.0, Sum: 0.0]
         [Termination Attempts: Min: 1, Avg: 1.0, Max: 1, Diff: 0, Sum: 10]
      [GC Worker Other (ms): Min: 0.0, Avg: 0.0, Max: 0.1, Diff: 0.1, Sum: 0.4]
      [GC Worker Total (ms): Min: 2.0, Avg: 2.2, Max: 2.5, Diff: 0.5, Sum: 22.3]
      [GC Worker End (ms): Min: 360718.9, Avg: 360718.9, Max: 360718.9, Diff: 0.1]
   [Code Root Fixup: 0.0 ms]
   [Code Root Purge: 0.0 ms]
   [Clear CT: 1.5 ms]
   [Other: 2.5 ms]
      [Choose CSet: 0.0 ms]
      [Ref Proc: 0.9 ms]
      [Ref Enq: 0.0 ms]
      [Redirty Cards: 1.3 ms]
      [Humongous Register: 0.0 ms]
      [Humongous Reclaim: 0.0 ms]
      [Free CSet: 0.1 ms]
   [Eden: 152.0M(152.0M)->0.0B(151.0M) Survivors: 1024.0K->2048.0K Heap: 181.6M(256.0M)->30552.1K(256.0M)]
Heap after GC invocations=274 (full 0):
 garbage-first heap   total 262144K, used 30552K [0x00000000f0000000, 0x00000000f0100800, 0x0000000100000000)
  region size 1024K, 2 young (2048K), 2 survivors (2048K)
 Metaspace       used 52827K, capacity 56076K, committed 56192K, reserved 1097728K
  class space    used 6460K, capacity 7028K, committed 7040K, reserved 1048576K
}
 [Times: user=0.02 sys=0.01, real=0.01 secs] 
{Heap before GC invocations=274 (full 0):
 garbage-first heap   total 262144K, used 185176K [0x00000000f0000000, 0x00000000f0100800, 0x0000000100000000)
  region size 1024K, 153 young (156672K), 2 survivors (2048K)
 Metaspace       used 52827K, capacity 56076K, committed 56192K, reserved 1097728K
  class space    used 6460K, capacity 7028K, committed 7040K, reserved 1048576K
2023-10-03T06:50:53.663+0800: 361.526: [GC pause (G1 Evacuation Pause) (young), 0.0077143 secs]
   [Parallel Time: 3.2 ms, GC Workers: 10]
      [GC Worker Start (ms): Min: 361526.4, Avg: 361526.7, Max: 361527.0, Diff: 0.5]
      [Ext Root Scanning (ms): Min: 1.0, Avg: 1.2, Max: 1.5, Diff: 0.6, Sum: 12.2]
      [Update RS (ms): Min: 0.3, Avg: 0.4, Max: 0.5, Diff: 0.2, Sum: 4.0]
         [Processed Buffers: Min: 1, Avg: 5.1, Max: 10, Diff: 9, Sum: 51]
      [Scan RS (ms): Min: 0.0, Avg: 0.1, Max: 0.1, Diff: 0.1, Sum: 0.5]
      [Code Root Scanning (ms): Min: 0.0, Avg: 0.0, Max: 0.0, Diff: 0.0, Sum: 0.1]
      [Object Copy (ms): Min: 0.5, Avg: 0.6, Max: 0.7, Diff: 0.2, Sum: 6.3]
      [Termination (ms): Min: 0.0, Avg: 0.0, Max: 0.0, Diff: 0.0, Sum: 0.0]
         [Termination Attempts: Min: 1, Avg: 1.0, Max: 1, Diff: 0, Sum: 10]
      [GC Worker Other (ms): Min: 0.0, Avg: 0.0, Max: 0.1, Diff: 0.1, Sum: 0.4]
      [GC Worker Total (ms): Min: 2.1, Avg: 2.4, Max: 2.6, Diff: 0.5, Sum: 23.5]
      [GC Worker End (ms): Min: 361529.0, Avg: 361529.1, Max: 361529.1, Diff: 0.1]
   [Code Root Fixup: 0.0 ms]
   [Code Root Purge: 0.0 ms]
   [Clear CT: 1.3 ms]
   [Other: 3.2 ms]
      [Choose CSet: 0.0 ms]
      [Ref Proc: 1.5 ms]
      [Ref Enq: 0.0 ms]
      [Redirty Cards: 1.4 ms]
      [Humongous Register: 0.0 ms]
      [Humongous Reclaim: 0.0 ms]
      [Free CSet: 0.1 ms]
   [Eden: 151.0M(151.0M)->0.0B(151.0M) Survivors: 2048.0K->2048.0K Heap: 180.8M(256.0M)->30428.5K(256.0M)]
Heap after GC invocations=275 (full 0):
 garbage-first heap   total 262144K, used 30428K [0x00000000f0000000, 0x00000000f0100800, 0x0000000100000000)
  region size 1024K, 2 young (2048K), 2 survivors (2048K)
 Metaspace       used 52827K, capacity 56076K, committed 56192K, reserved 1097728K
  class space    used 6460K, capacity 7028K, committed 7040K, reserved 1048576K
}
 [Times: user=0.02 sys=0.00, real=0.01 secs] 
{Heap before GC invocations=275 (full 0):
 garbage-first heap   total 262144K, used 185052K [0x00000000f0000000, 0x00000000f0100800, 0x0000000100000000)
  region size 1024K, 153 young (156672K), 2 survivors (2048K)
 Metaspace       used 52827K, capacity 56076K, committed 56192K, reserved 1097728K
  class space    used 6460K, capacity 7028K, committed 7040K, reserved 1048576K
2023-10-03T06:50:54.461+0800: 362.325: [GC pause (G1 Evacuation Pause) (young), 0.0079173 secs]
   [Parallel Time: 3.2 ms, GC Workers: 10]
      [GC Worker Start (ms): Min: 362324.9, Avg: 362325.1, Max: 362325.3, Diff: 0.4]
      [Ext Root Scanning (ms): Min: 1.0, Avg: 1.2, Max: 1.4, Diff: 0.4, Sum: 11.9]
      [Update RS (ms): Min: 0.4, Avg: 0.4, Max: 0.5, Diff: 0.1, Sum: 3.9]
         [Processed Buffers: Min: 2, Avg: 5.2, Max: 11, Diff: 9, Sum: 52]
      [Scan RS (ms): Min: 0.0, Avg: 0.1, Max: 0.1, Diff: 0.1, Sum: 0.7]
      [Code Root Scanning (ms): Min: 0.0, Avg: 0.0, Max: 0.0, Diff: 0.0, Sum: 0.0]
      [Object Copy (ms): Min: 0.5, Avg: 0.6, Max: 0.7, Diff: 0.2, Sum: 6.3]
      [Termination (ms): Min: 0.0, Avg: 0.0, Max: 0.0, Diff: 0.0, Sum: 0.0]
         [Termination Attempts: Min: 1, Avg: 1.0, Max: 1, Diff: 0, Sum: 10]
      [GC Worker Other (ms): Min: 0.0, Avg: 0.0, Max: 0.1, Diff: 0.1, Sum: 0.5]
      [GC Worker Total (ms): Min: 2.2, Avg: 2.3, Max: 2.5, Diff: 0.4, Sum: 23.5]
      [GC Worker End (ms): Min: 362327.4, Avg: 362327.4, Max: 362327.5, Diff: 0.1]
   [Code Root Fixup: 0.0 ms]
   [Code Root Purge: 0.0 ms]
   [Clear CT: 1.4 ms]
   [Other: 3.3 ms]
      [Choose CSet: 0.0 ms]
      [Ref Proc: 1.6 ms]
      [Ref Enq: 0.0 ms]
      [Redirty Cards: 1.4 ms]
      [Humongous Register: 0.0 ms]
      [Humongous Reclaim: 0.0 ms]
      [Free CSet: 0.1 ms]
   [Eden: 151.0M(151.0M)->0.0B(151.0M) Survivors: 2048.0K->2048.0K Heap: 180.7M(256.0M)->30496.0K(256.0M)]
Heap after GC invocations=276 (full 0):
 garbage-first heap   total 262144K, used 30496K [0x00000000f0000000, 0x00000000f0100800, 0x0000000100000000)
  region size 1024K, 2 young (2048K), 2 survivors (2048K)
 Metaspace       used 52827K, capacity 56076K, committed 56192K, reserved 1097728K
  class space    used 6460K, capacity 7028K, committed 7040K, reserved 1048576K
}
 [Times: user=0.03 sys=0.00, real=0.00 secs] 
{Heap before GC invocations=276 (full 0):
 garbage-first heap   total 262144K, used 185120K [0x00000000f0000000, 0x00000000f0100800, 0x0000000100000000)
  region size 1024K, 153 young (156672K), 2 survivors (2048K)
 Metaspace       used 52827K, capacity 56076K, committed 56192K, reserved 1097728K
  class space    used 6460K, capacity 7028K, committed 7040K, reserved 1048576K
2023-10-03T06:50:55.284+0800: 363.147: [GC pause (G1 Evacuation Pause) (young), 0.0068669 secs]
   [Parallel Time: 3.2 ms, GC Workers: 10]
      [GC Worker Start (ms): Min: 363147.0, Avg: 363147.2, Max: 363147.5, Diff: 0.5]
      [Ext Root Scanning (ms): Min: 0.9, Avg: 1.2, Max: 1.5, Diff: 0.5, Sum: 11.6]
      [Update RS (ms): Min: 0.3, Avg: 0.4, Max: 0.4, Diff: 0.1, Sum: 3.9]
         [Processed Buffers: Min: 1, Avg: 5.2, Max: 11, Diff: 10, Sum: 52]
      [Scan RS (ms): Min: 0.0, Avg: 0.1, Max: 0.2, Diff: 0.2, Sum: 0.7]
      [Code Root Scanning (ms): Min: 0.0, Avg: 0.0, Max: 0.0, Diff: 0.0, Sum: 0.0]
      [Object Copy (ms): Min: 0.5, Avg: 0.6, Max: 0.7, Diff: 0.2, Sum: 6.1]
      [Termination (ms): Min: 0.0, Avg: 0.0, Max: 0.0, Diff: 0.0, Sum: 0.0]
         [Termination Attempts: Min: 1, Avg: 1.0, Max: 1, Diff: 0, Sum: 10]
      [GC Worker Other (ms): Min: 0.0, Avg: 0.1, Max: 0.1, Diff: 0.1, Sum: 0.5]
      [GC Worker Total (ms): Min: 2.1, Avg: 2.3, Max: 2.5, Diff: 0.4, Sum: 22.8]
      [GC Worker End (ms): Min: 363149.5, Avg: 363149.5, Max: 363149.6, Diff: 0.1]
   [Code Root Fixup: 0.0 ms]
   [Code Root Purge: 0.0 ms]
   [Clear CT: 1.1 ms]
   [Other: 2.6 ms]
      [Choose CSet: 0.0 ms]
      [Ref Proc: 1.1 ms]
      [Ref Enq: 0.0 ms]
      [Redirty Cards: 1.2 ms]
      [Humongous Register: 0.0 ms]
      [Humongous Reclaim: 0.0 ms]
      [Free CSet: 0.1 ms]
   [Eden: 151.0M(151.0M)->0.0B(151.0M) Survivors: 2048.0K->2048.0K Heap: 180.8M(256.0M)->30334.0K(256.0M)]
Heap after GC invocations=277 (full 0):
 garbage-first heap   total 262144K, used 30334K [0x00000000f0000000, 0x00000000f0100800, 0x0000000100000000)
  region size 1024K, 2 young (2048K), 2 survivors (2048K)
 Metaspace       used 52827K, capacity 56076K, committed 56192K, reserved 1097728K
  class space    used 6460K, capacity 7028K, committed 7040K, reserved 1048576K
}
 [Times: user=0.01 sys=0.01, real=0.01 secs] 
{Heap before GC invocations=277 (full 0):
 garbage-first heap   total 262144K, used 184958K [0x00000000f0000000, 0x00000000f0100800, 0x0000000100000000)
  region size 1024K, 153 young (156672K), 2 survivors (2048K)
 Metaspace       used 52827K, capacity 56076K, committed 56192K, reserved 1097728K
  class space    used 6460K, capacity 7028K, committed 7040K, reserved 1048576K
2023-10-03T06:50:56.058+0800: 363.922: [GC pause (G1 Evacuation Pause) (young), 0.0076390 secs]
   [Parallel Time: 3.3 ms, GC Workers: 10]
      [GC Worker Start (ms): Min: 363921.7, Avg: 363922.0, Max: 363922.3, Diff: 0.6]
      [Ext Root Scanning (ms): Min: 0.9, Avg: 1.2, Max: 1.6, Diff: 0.6, Sum: 12.3]
      [Update RS (ms): Min: 0.3, Avg: 0.4, Max: 0.5, Diff: 0.2, Sum: 3.9]
         [Processed Buffers: Min: 1, Avg: 4.9, Max: 9, Diff: 8, Sum: 49]
      [Scan RS (ms): Min: 0.0, Avg: 0.0, Max: 0.1, Diff: 0.1, Sum: 0.5]
      [Code Root Scanning (ms): Min: 0.0, Avg: 0.0, Max: 0.0, Diff: 0.0, Sum: 0.0]
      [Object Copy (ms): Min: 0.6, Avg: 0.7, Max: 0.8, Diff: 0.2, Sum: 7.3]
      [Termination (ms): Min: 0.0, Avg: 0.0, Max: 0.0, Diff: 0.0, Sum: 0.0]
         [Termination Attempts: Min: 1, Avg: 1.5, Max: 2, Diff: 1, Sum: 15]
      [GC Worker Other (ms): Min: 0.0, Avg: 0.0, Max: 0.1, Diff: 0.1, Sum: 0.5]
      [GC Worker Total (ms): Min: 2.2, Avg: 2.4, Max: 2.7, Diff: 0.6, Sum: 24.5]
      [GC Worker End (ms): Min: 363924.4, Avg: 363924.4, Max: 363924.5, Diff: 0.1]
   [Code Root Fixup: 0.0 ms]
   [Code Root Purge: 0.0 ms]
   [Clear CT: 1.4 ms]
   [Other: 3.0 ms]
      [Choose CSet: 0.0 ms]
      [Ref Proc: 1.3 ms]
      [Ref Enq: 0.0 ms]
      [Redirty Cards: 1.4 ms]
      [Humongous Register: 0.0 ms]
      [Humongous Reclaim: 0.0 ms]
      [Free CSet: 0.1 ms]
   [Eden: 151.0M(151.0M)->0.0B(151.0M) Survivors: 2048.0K->2048.0K Heap: 180.6M(256.0M)->30705.0K(256.0M)]
Heap after GC invocations=278 (full 0):
 garbage-first heap   total 262144K, used 30704K [0x00000000f0000000, 0x00000000f0100800, 0x0000000100000000)
  region size 1024K, 2 young (2048K), 2 survivors (2048K)
 Metaspace       used 52827K, capacity 56076K, committed 56192K, reserved 1097728K
  class space    used 6460K, capacity 7028K, committed 7040K, reserved 1048576K
}
 [Times: user=0.03 sys=0.00, real=0.01 secs] 
{Heap before GC invocations=278 (full 0):
 garbage-first heap   total 262144K, used 185328K [0x00000000f0000000, 0x00000000f0100800, 0x0000000100000000)
  region size 1024K, 153 young (156672K), 2 survivors (2048K)
 Metaspace       used 52827K, capacity 56076K, committed 56192K, reserved 1097728K
  class space    used 6460K, capacity 7028K, committed 7040K, reserved 1048576K
2023-10-03T06:50:56.854+0800: 364.717: [GC pause (G1 Evacuation Pause) (young), 0.0078209 secs]
   [Parallel Time: 3.4 ms, GC Workers: 10]
      [GC Worker Start (ms): Min: 364717.0, Avg: 364717.2, Max: 364717.4, Diff: 0.5]
      [Ext Root Scanning (ms): Min: 1.0, Avg: 1.2, Max: 1.6, Diff: 0.6, Sum: 11.9]
      [Update RS (ms): Min: 0.4, Avg: 0.4, Max: 0.5, Diff: 0.1, Sum: 4.2]
         [Processed Buffers: Min: 2, Avg: 5.2, Max: 10, Diff: 8, Sum: 52]
      [Scan RS (ms): Min: 0.0, Avg: 0.1, Max: 0.1, Diff: 0.1, Sum: 0.7]
      [Code Root Scanning (ms): Min: 0.0, Avg: 0.0, Max: 0.0, Diff: 0.0, Sum: 0.0]
      [Object Copy (ms): Min: 0.5, Avg: 0.7, Max: 0.8, Diff: 0.3, Sum: 6.9]
      [Termination (ms): Min: 0.0, Avg: 0.0, Max: 0.0, Diff: 0.0, Sum: 0.1]
         [Termination Attempts: Min: 1, Avg: 1.0, Max: 1, Diff: 0, Sum: 10]
      [GC Worker Other (ms): Min: 0.0, Avg: 0.1, Max: 0.2, Diff: 0.2, Sum: 0.6]
      [GC Worker Total (ms): Min: 2.2, Avg: 2.4, Max: 2.7, Diff: 0.5, Sum: 24.4]
      [GC Worker End (ms): Min: 364719.6, Avg: 364719.6, Max: 364719.7, Diff: 0.1]
   [Code Root Fixup: 0.0 ms]
   [Code Root Purge: 0.0 ms]
   [Clear CT: 1.1 ms]
   [Other: 3.3 ms]
      [Choose CSet: 0.0 ms]
      [Ref Proc: 1.7 ms]
      [Ref Enq: 0.0 ms]
      [Redirty Cards: 1.4 ms]
      [Humongous Register: 0.0 ms]
      [Humongous Reclaim: 0.0 ms]
      [Free CSet: 0.1 ms]
   [Eden: 151.0M(151.0M)->0.0B(152.0M) Survivors: 2048.0K->1024.0K Heap: 181.0M(256.0M)->30373.9K(256.0M)]
Heap after GC invocations=279 (full 0):
 garbage-first heap   total 262144K, used 30373K [0x00000000f0000000, 0x00000000f0100800, 0x0000000100000000)
  region size 1024K, 1 young (1024K), 1 survivors (1024K)
 Metaspace       used 52827K, capacity 56076K, committed 56192K, reserved 1097728K
  class space    used 6460K, capacity 7028K, committed 7040K, reserved 1048576K
}
 [Times: user=0.04 sys=0.00, real=0.01 secs] 
{Heap before GC invocations=279 (full 0):
 garbage-first heap   total 262144K, used 186021K [0x00000000f0000000, 0x00000000f0100800, 0x0000000100000000)
  region size 1024K, 153 young (156672K), 1 survivors (1024K)
 Metaspace       used 52827K, capacity 56076K, committed 56192K, reserved 1097728K
  class space    used 6460K, capacity 7028K, committed 7040K, reserved 1048576K
2023-10-03T06:50:57.670+0800: 365.533: [GC pause (G1 Evacuation Pause) (young), 0.0042349 secs]
   [Parallel Time: 1.8 ms, GC Workers: 10]
      [GC Worker Start (ms): Min: 365533.1, Avg: 365533.3, Max: 365533.5, Diff: 0.3]
      [Ext Root Scanning (ms): Min: 0.5, Avg: 0.7, Max: 1.2, Diff: 0.7, Sum: 6.5]
      [Update RS (ms): Min: 0.0, Avg: 0.2, Max: 0.3, Diff: 0.3, Sum: 2.4]
         [Processed Buffers: Min: 0, Avg: 5.2, Max: 11, Diff: 11, Sum: 52]
      [Scan RS (ms): Min: 0.0, Avg: 0.0, Max: 0.0, Diff: 0.0, Sum: 0.3]
      [Code Root Scanning (ms): Min: 0.0, Avg: 0.0, Max: 0.0, Diff: 0.0, Sum: 0.0]
      [Object Copy (ms): Min: 0.2, Avg: 0.3, Max: 0.4, Diff: 0.2, Sum: 3.0]
      [Termination (ms): Min: 0.0, Avg: 0.0, Max: 0.0, Diff: 0.0, Sum: 0.0]
         [Termination Attempts: Min: 1, Avg: 1.0, Max: 1, Diff: 0, Sum: 10]
      [GC Worker Other (ms): Min: 0.0, Avg: 0.0, Max: 0.1, Diff: 0.1, Sum: 0.2]
      [GC Worker Total (ms): Min: 1.1, Avg: 1.3, Max: 1.4, Diff: 0.3, Sum: 12.5]
      [GC Worker End (ms): Min: 365534.5, Avg: 365534.6, Max: 365534.6, Diff: 0.1]
   [Code Root Fixup: 0.0 ms]
   [Code Root Purge: 0.0 ms]
   [Clear CT: 0.6 ms]
   [Other: 1.8 ms]
      [Choose CSet: 0.0 ms]
      [Ref Proc: 0.9 ms]
      [Ref Enq: 0.0 ms]
      [Redirty Cards: 0.8 ms]
      [Humongous Register: 0.0 ms]
      [Humongous Reclaim: 0.0 ms]
      [Free CSet: 0.1 ms]
   [Eden: 152.0M(152.0M)->0.0B(152.0M) Survivors: 1024.0K->1024.0K Heap: 181.7M(256.0M)->30339.8K(256.0M)]
Heap after GC invocations=280 (full 0):
 garbage-first heap   total 262144K, used 30339K [0x00000000f0000000, 0x00000000f0100800, 0x0000000100000000)
  region size 1024K, 1 young (1024K), 1 survivors (1024K)
 Metaspace       used 52827K, capacity 56076K, committed 56192K, reserved 1097728K
  class space    used 6460K, capacity 7028K, committed 7040K, reserved 1048576K
}
 [Times: user=0.01 sys=0.00, real=0.00 secs] 
{Heap before GC invocations=280 (full 0):
 garbage-first heap   total 262144K, used 185987K [0x00000000f0000000, 0x00000000f0100800, 0x0000000100000000)
  region size 1024K, 153 young (156672K), 1 survivors (1024K)
 Metaspace       used 52828K, capacity 56076K, committed 56192K, reserved 1097728K
  class space    used 6460K, capacity 7028K, committed 7040K, reserved 1048576K
2023-10-03T06:50:58.467+0800: 366.330: [GC pause (G1 Evacuation Pause) (young), 0.0070474 secs]
   [Parallel Time: 3.3 ms, GC Workers: 10]
      [GC Worker Start (ms): Min: 366330.4, Avg: 366330.6, Max: 366330.8, Diff: 0.5]
      [Ext Root Scanning (ms): Min: 1.0, Avg: 1.2, Max: 1.5, Diff: 0.5, Sum: 12.0]
      [Update RS (ms): Min: 0.3, Avg: 0.5, Max: 0.5, Diff: 0.2, Sum: 4.6]
         [Processed Buffers: Min: 1, Avg: 5.1, Max: 8, Diff: 7, Sum: 51]
      [Scan RS (ms): Min: 0.0, Avg: 0.1, Max: 0.1, Diff: 0.1, Sum: 0.5]
      [Code Root Scanning (ms): Min: 0.0, Avg: 0.0, Max: 0.0, Diff: 0.0, Sum: 0.0]
      [Object Copy (ms): Min: 0.3, Avg: 0.5, Max: 0.6, Diff: 0.2, Sum: 4.6]
      [Termination (ms): Min: 0.0, Avg: 0.0, Max: 0.0, Diff: 0.0, Sum: 0.0]
         [Termination Attempts: Min: 1, Avg: 1.0, Max: 1, Diff: 0, Sum: 10]
      [GC Worker Other (ms): Min: 0.0, Avg: 0.0, Max: 0.1, Diff: 0.1, Sum: 0.5]
      [GC Worker Total (ms): Min: 2.0, Avg: 2.2, Max: 2.5, Diff: 0.5, Sum: 22.3]
      [GC Worker End (ms): Min: 366332.8, Avg: 366332.9, Max: 366332.9, Diff: 0.1]
   [Code Root Fixup: 0.0 ms]
   [Code Root Purge: 0.0 ms]
   [Clear CT: 1.2 ms]
   [Other: 2.6 ms]
      [Choose CSet: 0.0 ms]
      [Ref Proc: 1.0 ms]
      [Ref Enq: 0.0 ms]
      [Redirty Cards: 1.2 ms]
      [Humongous Register: 0.0 ms]
      [Humongous Reclaim: 0.0 ms]
      [Free CSet: 0.1 ms]
   [Eden: 152.0M(152.0M)->0.0B(152.0M) Survivors: 1024.0K->1024.0K Heap: 181.6M(256.0M)->30292.3K(256.0M)]
Heap after GC invocations=281 (full 0):
 garbage-first heap   total 262144K, used 30292K [0x00000000f0000000, 0x00000000f0100800, 0x0000000100000000)
  region size 1024K, 1 young (1024K), 1 survivors (1024K)
 Metaspace       used 52828K, capacity 56076K, committed 56192K, reserved 1097728K
  class space    used 6460K, capacity 7028K, committed 7040K, reserved 1048576K
}
 [Times: user=0.03 sys=0.00, real=0.01 secs] 
{Heap before GC invocations=281 (full 0):
 garbage-first heap   total 262144K, used 185940K [0x00000000f0000000, 0x00000000f0100800, 0x0000000100000000)
  region size 1024K, 153 young (156672K), 1 survivors (1024K)
 Metaspace       used 52828K, capacity 56076K, committed 56192K, reserved 1097728K
  class space    used 6460K, capacity 7028K, committed 7040K, reserved 1048576K
2023-10-03T06:50:59.260+0800: 367.123: [GC pause (G1 Evacuation Pause) (young), 0.0074892 secs]
   [Parallel Time: 3.1 ms, GC Workers: 10]
      [GC Worker Start (ms): Min: 367123.3, Avg: 367123.5, Max: 367123.8, Diff: 0.5]
      [Ext Root Scanning (ms): Min: 1.0, Avg: 1.2, Max: 1.8, Diff: 0.8, Sum: 12.0]
      [Update RS (ms): Min: 0.2, Avg: 0.4, Max: 0.5, Diff: 0.2, Sum: 4.3]
         [Processed Buffers: Min: 3, Avg: 5.3, Max: 9, Diff: 6, Sum: 53]
      [Scan RS (ms): Min: 0.0, Avg: 0.1, Max: 0.1, Diff: 0.1, Sum: 0.5]
      [Code Root Scanning (ms): Min: 0.0, Avg: 0.0, Max: 0.0, Diff: 0.0, Sum: 0.0]
      [Object Copy (ms): Min: 0.3, Avg: 0.5, Max: 0.6, Diff: 0.2, Sum: 4.9]
      [Termination (ms): Min: 0.0, Avg: 0.0, Max: 0.0, Diff: 0.0, Sum: 0.0]
         [Termination Attempts: Min: 1, Avg: 1.1, Max: 2, Diff: 1, Sum: 11]
      [GC Worker Other (ms): Min: 0.0, Avg: 0.1, Max: 0.2, Diff: 0.1, Sum: 0.6]
      [GC Worker Total (ms): Min: 1.9, Avg: 2.2, Max: 2.5, Diff: 0.5, Sum: 22.3]
      [GC Worker End (ms): Min: 367125.7, Avg: 367125.8, Max: 367125.9, Diff: 0.1]
   [Code Root Fixup: 0.0 ms]
   [Code Root Purge: 0.0 ms]
   [Clear CT: 1.3 ms]
   [Other: 3.2 ms]
      [Choose CSet: 0.0 ms]
      [Ref Proc: 1.5 ms]
      [Ref Enq: 0.0 ms]
      [Redirty Cards: 1.4 ms]
      [Humongous Register: 0.0 ms]
      [Humongous Reclaim: 0.0 ms]
      [Free CSet: 0.1 ms]
   [Eden: 152.0M(152.0M)->0.0B(152.0M) Survivors: 1024.0K->1024.0K Heap: 181.6M(256.0M)->30296.3K(256.0M)]
Heap after GC invocations=282 (full 0):
 garbage-first heap   total 262144K, used 30296K [0x00000000f0000000, 0x00000000f0100800, 0x0000000100000000)
  region size 1024K, 1 young (1024K), 1 survivors (1024K)
 Metaspace       used 52828K, capacity 56076K, committed 56192K, reserved 1097728K
  class space    used 6460K, capacity 7028K, committed 7040K, reserved 1048576K
}
 [Times: user=0.02 sys=0.01, real=0.00 secs] 
{Heap before GC invocations=282 (full 0):
 garbage-first heap   total 262144K, used 185944K [0x00000000f0000000, 0x00000000f0100800, 0x0000000100000000)
  region size 1024K, 153 young (156672K), 1 survivors (1024K)
 Metaspace       used 52828K, capacity 56076K, committed 56192K, reserved 1097728K
  class space    used 6460K, capacity 7028K, committed 7040K, reserved 1048576K
2023-10-03T06:51:00.070+0800: 367.933: [GC pause (G1 Evacuation Pause) (young), 0.0074600 secs]
   [Parallel Time: 3.1 ms, GC Workers: 10]
      [GC Worker Start (ms): Min: 367933.3, Avg: 367933.5, Max: 367933.7, Diff: 0.5]
      [Ext Root Scanning (ms): Min: 0.9, Avg: 1.2, Max: 1.5, Diff: 0.5, Sum: 11.7]
      [Update RS (ms): Min: 0.3, Avg: 0.4, Max: 0.6, Diff: 0.3, Sum: 4.5]
         [Processed Buffers: Min: 3, Avg: 5.0, Max: 7, Diff: 4, Sum: 50]
      [Scan RS (ms): Min: 0.0, Avg: 0.1, Max: 0.1, Diff: 0.1, Sum: 0.6]
      [Code Root Scanning (ms): Min: 0.0, Avg: 0.0, Max: 0.0, Diff: 0.0, Sum: 0.0]
      [Object Copy (ms): Min: 0.3, Avg: 0.5, Max: 0.6, Diff: 0.3, Sum: 5.0]
      [Termination (ms): Min: 0.0, Avg: 0.0, Max: 0.0, Diff: 0.0, Sum: 0.0]
         [Termination Attempts: Min: 1, Avg: 1.0, Max: 1, Diff: 0, Sum: 10]
      [GC Worker Other (ms): Min: 0.0, Avg: 0.0, Max: 0.1, Diff: 0.1, Sum: 0.4]
      [GC Worker Total (ms): Min: 2.0, Avg: 2.2, Max: 2.5, Diff: 0.4, Sum: 22.2]
      [GC Worker End (ms): Min: 367935.7, Avg: 367935.7, Max: 367935.8, Diff: 0.1]
   [Code Root Fixup: 0.0 ms]
   [Code Root Purge: 0.0 ms]
   [Clear CT: 1.4 ms]
   [Other: 3.0 ms]
      [Choose CSet: 0.0 ms]
      [Ref Proc: 1.5 ms]
      [Ref Enq: 0.0 ms]
      [Redirty Cards: 1.2 ms]
      [Humongous Register: 0.0 ms]
      [Humongous Reclaim: 0.0 ms]
      [Free CSet: 0.1 ms]
   [Eden: 152.0M(152.0M)->0.0B(152.0M) Survivors: 1024.0K->1024.0K Heap: 181.6M(256.0M)->30328.7K(256.0M)]
Heap after GC invocations=283 (full 0):
 garbage-first heap   total 262144K, used 30328K [0x00000000f0000000, 0x00000000f0100800, 0x0000000100000000)
  region size 1024K, 1 young (1024K), 1 survivors (1024K)
 Metaspace       used 52828K, capacity 56076K, committed 56192K, reserved 1097728K
  class space    used 6460K, capacity 7028K, committed 7040K, reserved 1048576K
}
 [Times: user=0.01 sys=0.01, real=0.00 secs] 
{Heap before GC invocations=283 (full 0):
 garbage-first heap   total 262144K, used 185976K [0x00000000f0000000, 0x00000000f0100800, 0x0000000100000000)
  region size 1024K, 153 young (156672K), 1 survivors (1024K)
 Metaspace       used 52828K, capacity 56076K, committed 56192K, reserved 1097728K
  class space    used 6460K, capacity 7028K, committed 7040K, reserved 1048576K
2023-10-03T06:51:00.885+0800: 368.748: [GC pause (G1 Evacuation Pause) (young), 0.0073879 secs]
   [Parallel Time: 3.1 ms, GC Workers: 10]
      [GC Worker Start (ms): Min: 368748.5, Avg: 368748.8, Max: 368749.0, Diff: 0.5]
      [Ext Root Scanning (ms): Min: 1.0, Avg: 1.3, Max: 1.9, Diff: 0.9, Sum: 12.8]
      [Update RS (ms): Min: 0.3, Avg: 0.4, Max: 0.5, Diff: 0.3, Sum: 4.3]
         [Processed Buffers: Min: 3, Avg: 5.2, Max: 10, Diff: 7, Sum: 52]
      [Scan RS (ms): Min: 0.0, Avg: 0.1, Max: 0.1, Diff: 0.1, Sum: 0.6]
      [Code Root Scanning (ms): Min: 0.0, Avg: 0.0, Max: 0.0, Diff: 0.0, Sum: 0.0]
      [Object Copy (ms): Min: 0.3, Avg: 0.4, Max: 0.5, Diff: 0.2, Sum: 4.4]
      [Termination (ms): Min: 0.0, Avg: 0.0, Max: 0.0, Diff: 0.0, Sum: 0.0]
         [Termination Attempts: Min: 1, Avg: 1.0, Max: 1, Diff: 0, Sum: 10]
      [GC Worker Other (ms): Min: 0.0, Avg: 0.0, Max: 0.1, Diff: 0.1, Sum: 0.3]
      [GC Worker Total (ms): Min: 2.0, Avg: 2.3, Max: 2.5, Diff: 0.5, Sum: 22.5]
      [GC Worker End (ms): Min: 368751.0, Avg: 368751.0, Max: 368751.1, Diff: 0.1]
   [Code Root Fixup: 0.0 ms]
   [Code Root Purge: 0.0 ms]
   [Clear CT: 1.7 ms]
   [Other: 2.6 ms]
      [Choose CSet: 0.0 ms]
      [Ref Proc: 0.8 ms]
      [Ref Enq: 0.0 ms]
      [Redirty Cards: 1.5 ms]
      [Humongous Register: 0.0 ms]
      [Humongous Reclaim: 0.0 ms]
      [Free CSet: 0.1 ms]
   [Eden: 152.0M(152.0M)->0.0B(152.0M) Survivors: 1024.0K->1024.0K Heap: 181.6M(256.0M)->30247.5K(256.0M)]
Heap after GC invocations=284 (full 0):
 garbage-first heap   total 262144K, used 30247K [0x00000000f0000000, 0x00000000f0100800, 0x0000000100000000)
  region size 1024K, 1 young (1024K), 1 survivors (1024K)
 Metaspace       used 52828K, capacity 56076K, committed 56192K, reserved 1097728K
  class space    used 6460K, capacity 7028K, committed 7040K, reserved 1048576K
}
 [Times: user=0.02 sys=0.00, real=0.01 secs] 
{Heap before GC invocations=284 (full 0):
 garbage-first heap   total 262144K, used 185895K [0x00000000f0000000, 0x00000000f0100800, 0x0000000100000000)
  region size 1024K, 153 young (156672K), 1 survivors (1024K)
 Metaspace       used 52828K, capacity 56076K, committed 56192K, reserved 1097728K
  class space    used 6460K, capacity 7028K, committed 7040K, reserved 1048576K
2023-10-03T06:51:01.705+0800: 369.568: [GC pause (G1 Evacuation Pause) (young), 0.0075011 secs]
   [Parallel Time: 3.1 ms, GC Workers: 10]
      [GC Worker Start (ms): Min: 369568.5, Avg: 369568.8, Max: 369568.9, Diff: 0.4]
      [Ext Root Scanning (ms): Min: 1.0, Avg: 1.2, Max: 1.5, Diff: 0.5, Sum: 11.9]
      [Update RS (ms): Min: 0.3, Avg: 0.4, Max: 0.5, Diff: 0.2, Sum: 4.3]
         [Processed Buffers: Min: 3, Avg: 5.2, Max: 9, Diff: 6, Sum: 52]
      [Scan RS (ms): Min: 0.0, Avg: 0.1, Max: 0.1, Diff: 0.1, Sum: 0.6]
      [Code Root Scanning (ms): Min: 0.0, Avg: 0.0, Max: 0.0, Diff: 0.0, Sum: 0.0]
      [Object Copy (ms): Min: 0.3, Avg: 0.5, Max: 0.6, Diff: 0.3, Sum: 4.9]
      [Termination (ms): Min: 0.0, Avg: 0.0, Max: 0.0, Diff: 0.0, Sum: 0.0]
         [Termination Attempts: Min: 1, Avg: 1.0, Max: 1, Diff: 0, Sum: 10]
      [GC Worker Other (ms): Min: 0.0, Avg: 0.0, Max: 0.1, Diff: 0.1, Sum: 0.5]
      [GC Worker Total (ms): Min: 2.0, Avg: 2.2, Max: 2.5, Diff: 0.5, Sum: 22.3]
      [GC Worker End (ms): Min: 369571.0, Avg: 369571.0, Max: 369571.1, Diff: 0.1]
   [Code Root Fixup: 0.0 ms]
   [Code Root Purge: 0.0 ms]
   [Clear CT: 1.3 ms]
   [Other: 3.0 ms]
      [Choose CSet: 0.0 ms]
      [Ref Proc: 1.3 ms]
      [Ref Enq: 0.0 ms]
      [Redirty Cards: 1.4 ms]
      [Humongous Register: 0.0 ms]
      [Humongous Reclaim: 0.0 ms]
      [Free CSet: 0.1 ms]
   [Eden: 152.0M(152.0M)->0.0B(152.0M) Survivors: 1024.0K->1024.0K Heap: 181.5M(256.0M)->30326.8K(256.0M)]
Heap after GC invocations=285 (full 0):
 garbage-first heap   total 262144K, used 30326K [0x00000000f0000000, 0x00000000f0100800, 0x0000000100000000)
  region size 1024K, 1 young (1024K), 1 survivors (1024K)
 Metaspace       used 52828K, capacity 56076K, committed 56192K, reserved 1097728K
  class space    used 6460K, capacity 7028K, committed 7040K, reserved 1048576K
}
 [Times: user=0.03 sys=0.00, real=0.01 secs] 
{Heap before GC invocations=285 (full 0):
 garbage-first heap   total 262144K, used 185974K [0x00000000f0000000, 0x00000000f0100800, 0x0000000100000000)
  region size 1024K, 153 young (156672K), 1 survivors (1024K)
 Metaspace       used 52828K, capacity 56076K, committed 56192K, reserved 1097728K
  class space    used 6460K, capacity 7028K, committed 7040K, reserved 1048576K
2023-10-03T06:51:02.524+0800: 370.387: [GC pause (G1 Evacuation Pause) (young), 0.0076185 secs]
   [Parallel Time: 3.2 ms, GC Workers: 10]
      [GC Worker Start (ms): Min: 370387.3, Avg: 370387.5, Max: 370387.7, Diff: 0.4]
      [Ext Root Scanning (ms): Min: 0.9, Avg: 1.1, Max: 1.5, Diff: 0.5, Sum: 11.4]
      [Update RS (ms): Min: 0.3, Avg: 0.4, Max: 0.6, Diff: 0.3, Sum: 4.4]
         [Processed Buffers: Min: 3, Avg: 5.2, Max: 12, Diff: 9, Sum: 52]
      [Scan RS (ms): Min: 0.0, Avg: 0.1, Max: 0.1, Diff: 0.1, Sum: 0.6]
      [Code Root Scanning (ms): Min: 0.0, Avg: 0.0, Max: 0.0, Diff: 0.0, Sum: 0.0]
      [Object Copy (ms): Min: 0.4, Avg: 0.6, Max: 0.7, Diff: 0.3, Sum: 5.7]
      [Termination (ms): Min: 0.0, Avg: 0.0, Max: 0.0, Diff: 0.0, Sum: 0.0]
         [Termination Attempts: Min: 1, Avg: 1.0, Max: 1, Diff: 0, Sum: 10]
      [GC Worker Other (ms): Min: 0.0, Avg: 0.1, Max: 0.1, Diff: 0.1, Sum: 0.5]
      [GC Worker Total (ms): Min: 2.1, Avg: 2.3, Max: 2.5, Diff: 0.4, Sum: 22.7]
      [GC Worker End (ms): Min: 370389.8, Avg: 370389.8, Max: 370389.9, Diff: 0.1]
   [Code Root Fixup: 0.0 ms]
   [Code Root Purge: 0.0 ms]
   [Clear CT: 1.2 ms]
   [Other: 3.2 ms]
      [Choose CSet: 0.0 ms]
      [Ref Proc: 1.4 ms]
      [Ref Enq: 0.0 ms]
      [Redirty Cards: 1.5 ms]
      [Humongous Register: 0.0 ms]
      [Humongous Reclaim: 0.0 ms]
      [Free CSet: 0.1 ms]
   [Eden: 152.0M(152.0M)->0.0B(152.0M) Survivors: 1024.0K->1024.0K Heap: 181.6M(256.0M)->30287.0K(256.0M)]
Heap after GC invocations=286 (full 0):
 garbage-first heap   total 262144K, used 30287K [0x00000000f0000000, 0x00000000f0100800, 0x0000000100000000)
  region size 1024K, 1 young (1024K), 1 survivors (1024K)
 Metaspace       used 52828K, capacity 56076K, committed 56192K, reserved 1097728K
  class space    used 6460K, capacity 7028K, committed 7040K, reserved 1048576K
}
 [Times: user=0.03 sys=0.00, real=0.01 secs] 
{Heap before GC invocations=286 (full 0):
 garbage-first heap   total 262144K, used 185935K [0x00000000f0000000, 0x00000000f0100800, 0x0000000100000000)
  region size 1024K, 153 young (156672K), 1 survivors (1024K)
 Metaspace       used 52828K, capacity 56076K, committed 56192K, reserved 1097728K
  class space    used 6460K, capacity 7028K, committed 7040K, reserved 1048576K
2023-10-03T06:51:03.345+0800: 371.209: [GC pause (G1 Evacuation Pause) (young), 0.0074487 secs]
   [Parallel Time: 3.1 ms, GC Workers: 10]
      [GC Worker Start (ms): Min: 371208.7, Avg: 371209.0, Max: 371209.2, Diff: 0.5]
      [Ext Root Scanning (ms): Min: 1.0, Avg: 1.2, Max: 1.5, Diff: 0.5, Sum: 12.3]
      [Update RS (ms): Min: 0.3, Avg: 0.4, Max: 0.5, Diff: 0.2, Sum: 4.3]
         [Processed Buffers: Min: 2, Avg: 5.1, Max: 8, Diff: 6, Sum: 51]
      [Scan RS (ms): Min: 0.0, Avg: 0.1, Max: 0.1, Diff: 0.1, Sum: 0.8]
      [Code Root Scanning (ms): Min: 0.0, Avg: 0.0, Max: 0.0, Diff: 0.0, Sum: 0.0]
      [Object Copy (ms): Min: 0.3, Avg: 0.5, Max: 0.6, Diff: 0.3, Sum: 4.7]
      [Termination (ms): Min: 0.0, Avg: 0.0, Max: 0.0, Diff: 0.0, Sum: 0.0]
         [Termination Attempts: Min: 1, Avg: 1.0, Max: 1, Diff: 0, Sum: 10]
      [GC Worker Other (ms): Min: 0.0, Avg: 0.0, Max: 0.1, Diff: 0.1, Sum: 0.4]
      [GC Worker Total (ms): Min: 2.0, Avg: 2.2, Max: 2.5, Diff: 0.4, Sum: 22.5]
      [GC Worker End (ms): Min: 371211.2, Avg: 371211.2, Max: 371211.3, Diff: 0.1]
   [Code Root Fixup: 0.0 ms]
   [Code Root Purge: 0.0 ms]
   [Clear CT: 1.4 ms]
   [Other: 3.0 ms]
      [Choose CSet: 0.0 ms]
      [Ref Proc: 1.3 ms]
      [Ref Enq: 0.0 ms]
      [Redirty Cards: 1.3 ms]
      [Humongous Register: 0.0 ms]
      [Humongous Reclaim: 0.0 ms]
      [Free CSet: 0.1 ms]
   [Eden: 152.0M(152.0M)->0.0B(152.0M) Survivors: 1024.0K->1024.0K Heap: 181.6M(256.0M)->30323.2K(256.0M)]
Heap after GC invocations=287 (full 0):
 garbage-first heap   total 262144K, used 30323K [0x00000000f0000000, 0x00000000f0100800, 0x0000000100000000)
  region size 1024K, 1 young (1024K), 1 survivors (1024K)
 Metaspace       used 52828K, capacity 56076K, committed 56192K, reserved 1097728K
  class space    used 6460K, capacity 7028K, committed 7040K, reserved 1048576K
}
 [Times: user=0.03 sys=0.00, real=0.01 secs] 
{Heap before GC invocations=287 (full 0):
 garbage-first heap   total 262144K, used 185971K [0x00000000f0000000, 0x00000000f0100800, 0x0000000100000000)
  region size 1024K, 153 young (156672K), 1 survivors (1024K)
 Metaspace       used 52828K, capacity 56076K, committed 56192K, reserved 1097728K
  class space    used 6460K, capacity 7028K, committed 7040K, reserved 1048576K
2023-10-03T06:51:04.148+0800: 372.012: [GC pause (G1 Evacuation Pause) (young), 0.0076533 secs]
   [Parallel Time: 3.2 ms, GC Workers: 10]
      [GC Worker Start (ms): Min: 372011.7, Avg: 372012.0, Max: 372012.2, Diff: 0.4]
      [Ext Root Scanning (ms): Min: 1.0, Avg: 1.2, Max: 1.5, Diff: 0.5, Sum: 11.8]
      [Update RS (ms): Min: 0.2, Avg: 0.4, Max: 0.5, Diff: 0.3, Sum: 4.2]
         [Processed Buffers: Min: 3, Avg: 5.4, Max: 9, Diff: 6, Sum: 54]
      [Scan RS (ms): Min: 0.0, Avg: 0.1, Max: 0.1, Diff: 0.1, Sum: 0.7]
      [Code Root Scanning (ms): Min: 0.0, Avg: 0.0, Max: 0.0, Diff: 0.0, Sum: 0.0]
      [Object Copy (ms): Min: 0.4, Avg: 0.5, Max: 0.7, Diff: 0.3, Sum: 5.4]
      [Termination (ms): Min: 0.0, Avg: 0.0, Max: 0.0, Diff: 0.0, Sum: 0.1]
         [Termination Attempts: Min: 1, Avg: 1.1, Max: 2, Diff: 1, Sum: 11]
      [GC Worker Other (ms): Min: 0.0, Avg: 0.0, Max: 0.1, Diff: 0.1, Sum: 0.5]
      [GC Worker Total (ms): Min: 2.0, Avg: 2.3, Max: 2.5, Diff: 0.4, Sum: 22.6]
      [GC Worker End (ms): Min: 372014.2, Avg: 372014.2, Max: 372014.3, Diff: 0.1]
   [Code Root Fixup: 0.0 ms]
   [Code Root Purge: 0.0 ms]
   [Clear CT: 1.4 ms]
   [Other: 3.1 ms]
      [Choose CSet: 0.0 ms]
      [Ref Proc: 1.4 ms]
      [Ref Enq: 0.0 ms]
      [Redirty Cards: 1.4 ms]
      [Humongous Register: 0.0 ms]
      [Humongous Reclaim: 0.0 ms]
      [Free CSet: 0.1 ms]
   [Eden: 152.0M(152.0M)->0.0B(152.0M) Survivors: 1024.0K->1024.0K Heap: 181.6M(256.0M)->30352.4K(256.0M)]
Heap after GC invocations=288 (full 0):
 garbage-first heap   total 262144K, used 30352K [0x00000000f0000000, 0x00000000f0100800, 0x0000000100000000)
  region size 1024K, 1 young (1024K), 1 survivors (1024K)
 Metaspace       used 52828K, capacity 56076K, committed 56192K, reserved 1097728K
  class space    used 6460K, capacity 7028K, committed 7040K, reserved 1048576K
}
 [Times: user=0.03 sys=0.01, real=0.01 secs] 
{Heap before GC invocations=288 (full 0):
 garbage-first heap   total 262144K, used 186000K [0x00000000f0000000, 0x00000000f0100800, 0x0000000100000000)
  region size 1024K, 153 young (156672K), 1 survivors (1024K)
 Metaspace       used 52828K, capacity 56076K, committed 56192K, reserved 1097728K
  class space    used 6460K, capacity 7028K, committed 7040K, reserved 1048576K
2023-10-03T06:51:04.972+0800: 372.835: [GC pause (G1 Evacuation Pause) (young), 0.0068887 secs]
   [Parallel Time: 3.1 ms, GC Workers: 10]
      [GC Worker Start (ms): Min: 372835.7, Avg: 372835.9, Max: 372836.1, Diff: 0.4]
      [Ext Root Scanning (ms): Min: 1.1, Avg: 1.3, Max: 1.6, Diff: 0.5, Sum: 13.0]
      [Update RS (ms): Min: 0.3, Avg: 0.4, Max: 0.6, Diff: 0.3, Sum: 4.4]
         [Processed Buffers: Min: 2, Avg: 5.1, Max: 9, Diff: 7, Sum: 51]
      [Scan RS (ms): Min: 0.0, Avg: 0.1, Max: 0.1, Diff: 0.1, Sum: 0.7]
      [Code Root Scanning (ms): Min: 0.0, Avg: 0.0, Max: 0.0, Diff: 0.0, Sum: 0.0]
      [Object Copy (ms): Min: 0.3, Avg: 0.5, Max: 0.6, Diff: 0.3, Sum: 4.7]
      [Termination (ms): Min: 0.0, Avg: 0.0, Max: 0.0, Diff: 0.0, Sum: 0.0]
         [Termination Attempts: Min: 1, Avg: 1.0, Max: 1, Diff: 0, Sum: 10]
      [GC Worker Other (ms): Min: 0.0, Avg: 0.0, Max: 0.1, Diff: 0.1, Sum: 0.5]
      [GC Worker Total (ms): Min: 2.2, Avg: 2.3, Max: 2.5, Diff: 0.4, Sum: 23.3]
      [GC Worker End (ms): Min: 372838.2, Avg: 372838.2, Max: 372838.3, Diff: 0.1]
   [Code Root Fixup: 0.0 ms]
   [Code Root Purge: 0.0 ms]
   [Clear CT: 1.3 ms]
   [Other: 2.5 ms]
      [Choose CSet: 0.0 ms]
      [Ref Proc: 0.9 ms]
      [Ref Enq: 0.0 ms]
      [Redirty Cards: 1.3 ms]
      [Humongous Register: 0.0 ms]
      [Humongous Reclaim: 0.0 ms]
      [Free CSet: 0.1 ms]
   [Eden: 152.0M(152.0M)->0.0B(152.0M) Survivors: 1024.0K->1024.0K Heap: 181.6M(256.0M)->30307.8K(256.0M)]
Heap after GC invocations=289 (full 0):
 garbage-first heap   total 262144K, used 30307K [0x00000000f0000000, 0x00000000f0100800, 0x0000000100000000)
  region size 1024K, 1 young (1024K), 1 survivors (1024K)
 Metaspace       used 52828K, capacity 56076K, committed 56192K, reserved 1097728K
  class space    used 6460K, capacity 7028K, committed 7040K, reserved 1048576K
}
 [Times: user=0.03 sys=0.00, real=0.00 secs] 
{Heap before GC invocations=289 (full 0):
 garbage-first heap   total 262144K, used 185955K [0x00000000f0000000, 0x00000000f0100800, 0x0000000100000000)
  region size 1024K, 153 young (156672K), 1 survivors (1024K)
 Metaspace       used 52828K, capacity 56076K, committed 56192K, reserved 1097728K
  class space    used 6460K, capacity 7028K, committed 7040K, reserved 1048576K
2023-10-03T06:51:05.786+0800: 373.649: [GC pause (G1 Evacuation Pause) (young), 0.0074180 secs]
   [Parallel Time: 3.1 ms, GC Workers: 10]
      [GC Worker Start (ms): Min: 373649.0, Avg: 373649.2, Max: 373649.4, Diff: 0.4]
      [Ext Root Scanning (ms): Min: 1.1, Avg: 1.2, Max: 1.6, Diff: 0.5, Sum: 12.4]
      [Update RS (ms): Min: 0.3, Avg: 0.4, Max: 0.5, Diff: 0.2, Sum: 4.4]
         [Processed Buffers: Min: 2, Avg: 5.1, Max: 8, Diff: 6, Sum: 51]
      [Scan RS (ms): Min: 0.0, Avg: 0.1, Max: 0.1, Diff: 0.1, Sum: 0.6]
      [Code Root Scanning (ms): Min: 0.0, Avg: 0.0, Max: 0.0, Diff: 0.0, Sum: 0.0]
      [Object Copy (ms): Min: 0.4, Avg: 0.5, Max: 0.7, Diff: 0.3, Sum: 5.3]
      [Termination (ms): Min: 0.0, Avg: 0.0, Max: 0.0, Diff: 0.0, Sum: 0.0]
         [Termination Attempts: Min: 1, Avg: 1.0, Max: 1, Diff: 0, Sum: 10]
      [GC Worker Other (ms): Min: 0.0, Avg: 0.0, Max: 0.1, Diff: 0.1, Sum: 0.5]
      [GC Worker Total (ms): Min: 2.1, Avg: 2.3, Max: 2.5, Diff: 0.4, Sum: 23.2]
      [GC Worker End (ms): Min: 373651.5, Avg: 373651.5, Max: 373651.6, Diff: 0.1]
   [Code Root Fixup: 0.0 ms]
   [Code Root Purge: 0.0 ms]
   [Clear CT: 1.5 ms]
   [Other: 2.8 ms]
      [Choose CSet: 0.0 ms]
      [Ref Proc: 1.1 ms]
      [Ref Enq: 0.0 ms]
      [Redirty Cards: 1.4 ms]
      [Humongous Register: 0.0 ms]
      [Humongous Reclaim: 0.0 ms]
      [Free CSet: 0.2 ms]
   [Eden: 152.0M(152.0M)->0.0B(152.0M) Survivors: 1024.0K->1024.0K Heap: 181.6M(256.0M)->30383.5K(256.0M)]
Heap after GC invocations=290 (full 0):
 garbage-first heap   total 262144K, used 30383K [0x00000000f0000000, 0x00000000f0100800, 0x0000000100000000)
  region size 1024K, 1 young (1024K), 1 survivors (1024K)
 Metaspace       used 52828K, capacity 56076K, committed 56192K, reserved 1097728K
  class space    used 6460K, capacity 7028K, committed 7040K, reserved 1048576K
}
 [Times: user=0.03 sys=0.01, real=0.01 secs] 
{Heap before GC invocations=290 (full 0):
 garbage-first heap   total 262144K, used 186031K [0x00000000f0000000, 0x00000000f0100800, 0x0000000100000000)
  region size 1024K, 153 young (156672K), 1 survivors (1024K)
 Metaspace       used 52828K, capacity 56076K, committed 56192K, reserved 1097728K
  class space    used 6460K, capacity 7028K, committed 7040K, reserved 1048576K
2023-10-03T06:51:06.572+0800: 374.436: [GC pause (G1 Evacuation Pause) (young), 0.0074486 secs]
   [Parallel Time: 2.9 ms, GC Workers: 10]
      [GC Worker Start (ms): Min: 374435.8, Avg: 374436.0, Max: 374436.2, Diff: 0.4]
      [Ext Root Scanning (ms): Min: 1.0, Avg: 1.2, Max: 1.6, Diff: 0.6, Sum: 12.1]
      [Update RS (ms): Min: 0.4, Avg: 0.4, Max: 0.5, Diff: 0.1, Sum: 4.3]
         [Processed Buffers: Min: 3, Avg: 5.1, Max: 9, Diff: 6, Sum: 51]
      [Scan RS (ms): Min: 0.0, Avg: 0.1, Max: 0.1, Diff: 0.1, Sum: 0.7]
      [Code Root Scanning (ms): Min: 0.0, Avg: 0.0, Max: 0.0, Diff: 0.0, Sum: 0.0]
      [Object Copy (ms): Min: 0.3, Avg: 0.4, Max: 0.5, Diff: 0.2, Sum: 4.4]
      [Termination (ms): Min: 0.0, Avg: 0.0, Max: 0.0, Diff: 0.0, Sum: 0.0]
         [Termination Attempts: Min: 1, Avg: 1.0, Max: 1, Diff: 0, Sum: 10]
      [GC Worker Other (ms): Min: 0.0, Avg: 0.1, Max: 0.1, Diff: 0.1, Sum: 0.5]
      [GC Worker Total (ms): Min: 2.0, Avg: 2.2, Max: 2.4, Diff: 0.4, Sum: 21.9]
      [GC Worker End (ms): Min: 374438.1, Avg: 374438.2, Max: 374438.2, Diff: 0.1]
   [Code Root Fixup: 0.0 ms]
   [Code Root Purge: 0.0 ms]
   [Clear CT: 1.8 ms]
   [Other: 2.7 ms]
      [Choose CSet: 0.0 ms]
      [Ref Proc: 1.1 ms]
      [Ref Enq: 0.0 ms]
      [Redirty Cards: 1.2 ms]
      [Humongous Register: 0.0 ms]
      [Humongous Reclaim: 0.0 ms]
      [Free CSet: 0.1 ms]
   [Eden: 152.0M(152.0M)->0.0B(152.0M) Survivors: 1024.0K->1024.0K Heap: 181.7M(256.0M)->30303.8K(256.0M)]
Heap after GC invocations=291 (full 0):
 garbage-first heap   total 262144K, used 30303K [0x00000000f0000000, 0x00000000f0100800, 0x0000000100000000)
  region size 1024K, 1 young (1024K), 1 survivors (1024K)
 Metaspace       used 52828K, capacity 56076K, committed 56192K, reserved 1097728K
  class space    used 6460K, capacity 7028K, committed 7040K, reserved 1048576K
}
 [Times: user=0.03 sys=0.00, real=0.01 secs] 
{Heap before GC invocations=291 (full 0):
 garbage-first heap   total 262144K, used 185951K [0x00000000f0000000, 0x00000000f0100800, 0x0000000100000000)
  region size 1024K, 153 young (156672K), 1 survivors (1024K)
 Metaspace       used 52828K, capacity 56076K, committed 56192K, reserved 1097728K
  class space    used 6460K, capacity 7028K, committed 7040K, reserved 1048576K
2023-10-03T06:51:07.378+0800: 375.241: [GC pause (G1 Evacuation Pause) (young), 0.0072825 secs]
   [Parallel Time: 3.1 ms, GC Workers: 10]
      [GC Worker Start (ms): Min: 375241.0, Avg: 375241.2, Max: 375241.4, Diff: 0.5]
      [Ext Root Scanning (ms): Min: 0.9, Avg: 1.1, Max: 1.5, Diff: 0.7, Sum: 11.5]
      [Update RS (ms): Min: 0.4, Avg: 0.5, Max: 0.5, Diff: 0.2, Sum: 4.7]
         [Processed Buffers: Min: 2, Avg: 5.1, Max: 7, Diff: 5, Sum: 51]
      [Scan RS (ms): Min: 0.0, Avg: 0.1, Max: 0.1, Diff: 0.1, Sum: 0.5]
      [Code Root Scanning (ms): Min: 0.0, Avg: 0.0, Max: 0.0, Diff: 0.0, Sum: 0.0]
      [Object Copy (ms): Min: 0.3, Avg: 0.5, Max: 0.6, Diff: 0.2, Sum: 4.8]
      [Termination (ms): Min: 0.0, Avg: 0.0, Max: 0.0, Diff: 0.0, Sum: 0.0]
         [Termination Attempts: Min: 1, Avg: 1.3, Max: 2, Diff: 1, Sum: 13]
      [GC Worker Other (ms): Min: 0.0, Avg: 0.1, Max: 0.2, Diff: 0.1, Sum: 0.5]
      [GC Worker Total (ms): Min: 2.0, Avg: 2.2, Max: 2.5, Diff: 0.5, Sum: 22.0]
      [GC Worker End (ms): Min: 375243.4, Avg: 375243.4, Max: 375243.5, Diff: 0.1]
   [Code Root Fixup: 0.0 ms]
   [Code Root Purge: 0.0 ms]
   [Clear CT: 1.1 ms]
   [Other: 3.1 ms]
      [Choose CSet: 0.0 ms]
      [Ref Proc: 1.4 ms]
      [Ref Enq: 0.0 ms]
      [Redirty Cards: 1.4 ms]
      [Humongous Register: 0.0 ms]
      [Humongous Reclaim: 0.0 ms]
      [Free CSet: 0.1 ms]
   [Eden: 152.0M(152.0M)->0.0B(152.0M) Survivors: 1024.0K->1024.0K Heap: 181.6M(256.0M)->30300.8K(256.0M)]
Heap after GC invocations=292 (full 0):
 garbage-first heap   total 262144K, used 30300K [0x00000000f0000000, 0x00000000f0100800, 0x0000000100000000)
  region size 1024K, 1 young (1024K), 1 survivors (1024K)
 Metaspace       used 52828K, capacity 56076K, committed 56192K, reserved 1097728K
  class space    used 6460K, capacity 7028K, committed 7040K, reserved 1048576K
}
 [Times: user=0.03 sys=0.00, real=0.01 secs] 
{Heap before GC invocations=292 (full 0):
 garbage-first heap   total 262144K, used 185948K [0x00000000f0000000, 0x00000000f0100800, 0x0000000100000000)
  region size 1024K, 153 young (156672K), 1 survivors (1024K)
 Metaspace       used 52828K, capacity 56076K, committed 56192K, reserved 1097728K
  class space    used 6460K, capacity 7028K, committed 7040K, reserved 1048576K
2023-10-03T06:51:08.166+0800: 376.030: [GC pause (G1 Evacuation Pause) (young), 0.0076155 secs]
   [Parallel Time: 3.2 ms, GC Workers: 10]
      [GC Worker Start (ms): Min: 376029.9, Avg: 376030.2, Max: 376030.4, Diff: 0.5]
      [Ext Root Scanning (ms): Min: 0.8, Avg: 1.1, Max: 1.6, Diff: 0.7, Sum: 11.4]
      [Update RS (ms): Min: 0.3, Avg: 0.4, Max: 0.5, Diff: 0.2, Sum: 4.3]
         [Processed Buffers: Min: 2, Avg: 5.0, Max: 8, Diff: 6, Sum: 50]
      [Scan RS (ms): Min: 0.0, Avg: 0.1, Max: 0.1, Diff: 0.1, Sum: 0.5]
      [Code Root Scanning (ms): Min: 0.0, Avg: 0.0, Max: 0.0, Diff: 0.0, Sum: 0.0]
      [Object Copy (ms): Min: 0.4, Avg: 0.5, Max: 0.7, Diff: 0.3, Sum: 5.3]
      [Termination (ms): Min: 0.0, Avg: 0.0, Max: 0.0, Diff: 0.0, Sum: 0.1]
         [Termination Attempts: Min: 1, Avg: 1.6, Max: 2, Diff: 1, Sum: 16]
      [GC Worker Other (ms): Min: 0.0, Avg: 0.0, Max: 0.1, Diff: 0.1, Sum: 0.3]
      [GC Worker Total (ms): Min: 1.9, Avg: 2.2, Max: 2.4, Diff: 0.5, Sum: 21.9]
      [GC Worker End (ms): Min: 376032.3, Avg: 376032.4, Max: 376032.4, Diff: 0.1]
   [Code Root Fixup: 0.0 ms]
   [Code Root Purge: 0.0 ms]
   [Clear CT: 1.3 ms]
   [Other: 3.1 ms]
      [Choose CSet: 0.0 ms]
      [Ref Proc: 1.6 ms]
      [Ref Enq: 0.0 ms]
      [Redirty Cards: 1.3 ms]
      [Humongous Register: 0.0 ms]
      [Humongous Reclaim: 0.0 ms]
      [Free CSet: 0.1 ms]
   [Eden: 152.0M(152.0M)->0.0B(152.0M) Survivors: 1024.0K->1024.0K Heap: 181.6M(256.0M)->30371.2K(256.0M)]
Heap after GC invocations=293 (full 0):
 garbage-first heap   total 262144K, used 30371K [0x00000000f0000000, 0x00000000f0100800, 0x0000000100000000)
  region size 1024K, 1 young (1024K), 1 survivors (1024K)
 Metaspace       used 52828K, capacity 56076K, committed 56192K, reserved 1097728K
  class space    used 6460K, capacity 7028K, committed 7040K, reserved 1048576K
}
 [Times: user=0.02 sys=0.01, real=0.01 secs] 
{Heap before GC invocations=293 (full 0):
 garbage-first heap   total 262144K, used 186019K [0x00000000f0000000, 0x00000000f0100800, 0x0000000100000000)
  region size 1024K, 153 young (156672K), 1 survivors (1024K)
 Metaspace       used 52828K, capacity 56076K, committed 56192K, reserved 1097728K
  class space    used 6460K, capacity 7028K, committed 7040K, reserved 1048576K
2023-10-03T06:51:08.978+0800: 376.841: [GC pause (G1 Evacuation Pause) (young), 0.0077310 secs]
   [Parallel Time: 3.3 ms, GC Workers: 10]
      [GC Worker Start (ms): Min: 376841.6, Avg: 376841.8, Max: 376842.0, Diff: 0.5]
      [Ext Root Scanning (ms): Min: 1.0, Avg: 1.2, Max: 1.5, Diff: 0.5, Sum: 12.3]
      [Update RS (ms): Min: 0.2, Avg: 0.4, Max: 0.6, Diff: 0.3, Sum: 4.2]
         [Processed Buffers: Min: 2, Avg: 5.2, Max: 10, Diff: 8, Sum: 52]
      [Scan RS (ms): Min: 0.0, Avg: 0.1, Max: 0.1, Diff: 0.1, Sum: 0.6]
      [Code Root Scanning (ms): Min: 0.0, Avg: 0.0, Max: 0.0, Diff: 0.0, Sum: 0.0]
      [Object Copy (ms): Min: 0.4, Avg: 0.6, Max: 0.8, Diff: 0.4, Sum: 5.8]
      [Termination (ms): Min: 0.0, Avg: 0.0, Max: 0.0, Diff: 0.0, Sum: 0.1]
         [Termination Attempts: Min: 1, Avg: 1.3, Max: 2, Diff: 1, Sum: 13]
      [GC Worker Other (ms): Min: 0.0, Avg: 0.0, Max: 0.1, Diff: 0.1, Sum: 0.5]
      [GC Worker Total (ms): Min: 2.1, Avg: 2.4, Max: 2.6, Diff: 0.5, Sum: 23.5]
      [GC Worker End (ms): Min: 376844.1, Avg: 376844.1, Max: 376844.2, Diff: 0.1]
   [Code Root Fixup: 0.0 ms]
   [Code Root Purge: 0.0 ms]
   [Clear CT: 1.3 ms]
   [Other: 3.1 ms]
      [Choose CSet: 0.0 ms]
      [Ref Proc: 1.4 ms]
      [Ref Enq: 0.0 ms]
      [Redirty Cards: 1.4 ms]
      [Humongous Register: 0.0 ms]
      [Humongous Reclaim: 0.0 ms]
      [Free CSet: 0.1 ms]
   [Eden: 152.0M(152.0M)->0.0B(152.0M) Survivors: 1024.0K->1024.0K Heap: 181.7M(256.0M)->30307.6K(256.0M)]
Heap after GC invocations=294 (full 0):
 garbage-first heap   total 262144K, used 30307K [0x00000000f0000000, 0x00000000f0100800, 0x0000000100000000)
  region size 1024K, 1 young (1024K), 1 survivors (1024K)
 Metaspace       used 52828K, capacity 56076K, committed 56192K, reserved 1097728K
  class space    used 6460K, capacity 7028K, committed 7040K, reserved 1048576K
}
 [Times: user=0.03 sys=0.00, real=0.01 secs] 
{Heap before GC invocations=294 (full 0):
 garbage-first heap   total 262144K, used 185955K [0x00000000f0000000, 0x00000000f0100800, 0x0000000100000000)
  region size 1024K, 153 young (156672K), 1 survivors (1024K)
 Metaspace       used 52828K, capacity 56076K, committed 56192K, reserved 1097728K
  class space    used 6460K, capacity 7028K, committed 7040K, reserved 1048576K
2023-10-03T06:51:09.809+0800: 377.673: [GC pause (G1 Evacuation Pause) (young), 0.0073812 secs]
   [Parallel Time: 3.3 ms, GC Workers: 10]
      [GC Worker Start (ms): Min: 377673.0, Avg: 377673.2, Max: 377673.4, Diff: 0.5]
      [Ext Root Scanning (ms): Min: 1.0, Avg: 1.2, Max: 1.6, Diff: 0.6, Sum: 12.2]
      [Update RS (ms): Min: 0.3, Avg: 0.4, Max: 0.5, Diff: 0.2, Sum: 4.4]
         [Processed Buffers: Min: 2, Avg: 5.2, Max: 9, Diff: 7, Sum: 52]
      [Scan RS (ms): Min: 0.0, Avg: 0.1, Max: 0.1, Diff: 0.1, Sum: 0.5]
      [Code Root Scanning (ms): Min: 0.0, Avg: 0.0, Max: 0.0, Diff: 0.0, Sum: 0.0]
      [Object Copy (ms): Min: 0.4, Avg: 0.6, Max: 0.7, Diff: 0.3, Sum: 5.6]
      [Termination (ms): Min: 0.0, Avg: 0.0, Max: 0.0, Diff: 0.0, Sum: 0.1]
         [Termination Attempts: Min: 1, Avg: 2.0, Max: 4, Diff: 3, Sum: 20]
      [GC Worker Other (ms): Min: 0.0, Avg: 0.0, Max: 0.1, Diff: 0.1, Sum: 0.5]
      [GC Worker Total (ms): Min: 2.1, Avg: 2.3, Max: 2.6, Diff: 0.5, Sum: 23.3]
      [GC Worker End (ms): Min: 377675.5, Avg: 377675.5, Max: 377675.6, Diff: 0.1]
   [Code Root Fixup: 0.0 ms]
   [Code Root Purge: 0.0 ms]
   [Clear CT: 1.7 ms]
   [Other: 2.3 ms]
      [Choose CSet: 0.0 ms]
      [Ref Proc: 0.8 ms]
      [Ref Enq: 0.0 ms]
      [Redirty Cards: 1.2 ms]
      [Humongous Register: 0.0 ms]
      [Humongous Reclaim: 0.0 ms]
      [Free CSet: 0.1 ms]
   [Eden: 152.0M(152.0M)->0.0B(152.0M) Survivors: 1024.0K->1024.0K Heap: 181.6M(256.0M)->30341.7K(256.0M)]
Heap after GC invocations=295 (full 0):
 garbage-first heap   total 262144K, used 30341K [0x00000000f0000000, 0x00000000f0100800, 0x0000000100000000)
  region size 1024K, 1 young (1024K), 1 survivors (1024K)
 Metaspace       used 52828K, capacity 56076K, committed 56192K, reserved 1097728K
  class space    used 6460K, capacity 7028K, committed 7040K, reserved 1048576K
}
 [Times: user=0.03 sys=0.01, real=0.01 secs] 
{Heap before GC invocations=295 (full 0):
 garbage-first heap   total 262144K, used 185989K [0x00000000f0000000, 0x00000000f0100800, 0x0000000100000000)
  region size 1024K, 153 young (156672K), 1 survivors (1024K)
 Metaspace       used 52828K, capacity 56076K, committed 56192K, reserved 1097728K
  class space    used 6460K, capacity 7028K, committed 7040K, reserved 1048576K
2023-10-03T06:51:10.627+0800: 378.491: [GC pause (G1 Evacuation Pause) (young), 0.0073062 secs]
   [Parallel Time: 3.2 ms, GC Workers: 10]
      [GC Worker Start (ms): Min: 378490.8, Avg: 378491.0, Max: 378491.2, Diff: 0.4]
      [Ext Root Scanning (ms): Min: 0.8, Avg: 1.1, Max: 1.5, Diff: 0.7, Sum: 11.5]
      [Update RS (ms): Min: 0.4, Avg: 0.5, Max: 0.7, Diff: 0.3, Sum: 4.6]
         [Processed Buffers: Min: 1, Avg: 5.2, Max: 9, Diff: 8, Sum: 52]
      [Scan RS (ms): Min: 0.0, Avg: 0.0, Max: 0.1, Diff: 0.1, Sum: 0.5]
      [Code Root Scanning (ms): Min: 0.0, Avg: 0.0, Max: 0.0, Diff: 0.0, Sum: 0.0]
      [Object Copy (ms): Min: 0.4, Avg: 0.6, Max: 0.6, Diff: 0.2, Sum: 5.6]
      [Termination (ms): Min: 0.0, Avg: 0.0, Max: 0.0, Diff: 0.0, Sum: 0.0]
         [Termination Attempts: Min: 1, Avg: 1.0, Max: 1, Diff: 0, Sum: 10]
      [GC Worker Other (ms): Min: 0.0, Avg: 0.0, Max: 0.1, Diff: 0.1, Sum: 0.5]
      [GC Worker Total (ms): Min: 2.0, Avg: 2.3, Max: 2.5, Diff: 0.4, Sum: 22.7]
      [GC Worker End (ms): Min: 378493.3, Avg: 378493.3, Max: 378493.4, Diff: 0.1]
   [Code Root Fixup: 0.0 ms]
   [Code Root Purge: 0.0 ms]
   [Clear CT: 1.3 ms]
   [Other: 2.8 ms]
      [Choose CSet: 0.0 ms]
      [Ref Proc: 1.1 ms]
      [Ref Enq: 0.0 ms]
      [Redirty Cards: 1.5 ms]
      [Humongous Register: 0.0 ms]
      [Humongous Reclaim: 0.0 ms]
      [Free CSet: 0.1 ms]
   [Eden: 152.0M(152.0M)->0.0B(152.0M) Survivors: 1024.0K->1024.0K Heap: 181.6M(256.0M)->30333.9K(256.0M)]
Heap after GC invocations=296 (full 0):
 garbage-first heap   total 262144K, used 30333K [0x00000000f0000000, 0x00000000f0100800, 0x0000000100000000)
  region size 1024K, 1 young (1024K), 1 survivors (1024K)
 Metaspace       used 52828K, capacity 56076K, committed 56192K, reserved 1097728K
  class space    used 6460K, capacity 7028K, committed 7040K, reserved 1048576K
}
 [Times: user=0.03 sys=0.01, real=0.01 secs] 
{Heap before GC invocations=296 (full 0):
 garbage-first heap   total 262144K, used 185981K [0x00000000f0000000, 0x00000000f0100800, 0x0000000100000000)
  region size 1024K, 153 young (156672K), 1 survivors (1024K)
 Metaspace       used 52828K, capacity 56076K, committed 56192K, reserved 1097728K
  class space    used 6460K, capacity 7028K, committed 7040K, reserved 1048576K
2023-10-03T06:51:11.473+0800: 379.336: [GC pause (G1 Evacuation Pause) (young), 0.0077892 secs]
   [Parallel Time: 3.4 ms, GC Workers: 10]
      [GC Worker Start (ms): Min: 379336.1, Avg: 379336.4, Max: 379336.6, Diff: 0.5]
      [Ext Root Scanning (ms): Min: 0.9, Avg: 1.1, Max: 1.6, Diff: 0.7, Sum: 11.2]
      [Update RS (ms): Min: 0.4, Avg: 0.5, Max: 0.5, Diff: 0.1, Sum: 4.6]
         [Processed Buffers: Min: 2, Avg: 5.2, Max: 11, Diff: 9, Sum: 52]
      [Scan RS (ms): Min: 0.0, Avg: 0.1, Max: 0.1, Diff: 0.1, Sum: 0.6]
      [Code Root Scanning (ms): Min: 0.0, Avg: 0.0, Max: 0.0, Diff: 0.0, Sum: 0.0]
      [Object Copy (ms): Min: 0.4, Avg: 0.5, Max: 0.6, Diff: 0.2, Sum: 5.0]
      [Termination (ms): Min: 0.0, Avg: 0.0, Max: 0.0, Diff: 0.0, Sum: 0.0]
         [Termination Attempts: Min: 1, Avg: 1.1, Max: 2, Diff: 1, Sum: 11]
      [GC Worker Other (ms): Min: 0.0, Avg: 0.0, Max: 0.1, Diff: 0.1, Sum: 0.4]
      [GC Worker Total (ms): Min: 1.9, Avg: 2.2, Max: 2.4, Diff: 0.5, Sum: 21.8]
      [GC Worker End (ms): Min: 379338.6, Avg: 379338.6, Max: 379338.6, Diff: 0.1]
   [Code Root Fixup: 0.0 ms]
   [Code Root Purge: 0.0 ms]
   [Clear CT: 1.5 ms]
   [Other: 2.9 ms]
      [Choose CSet: 0.0 ms]
      [Ref Proc: 1.3 ms]
      [Ref Enq: 0.0 ms]
      [Redirty Cards: 1.3 ms]
      [Humongous Register: 0.0 ms]
      [Humongous Reclaim: 0.0 ms]
      [Free CSet: 0.1 ms]
   [Eden: 152.0M(152.0M)->0.0B(152.0M) Survivors: 1024.0K->1024.0K Heap: 181.6M(256.0M)->30339.6K(256.0M)]
Heap after GC invocations=297 (full 0):
 garbage-first heap   total 262144K, used 30339K [0x00000000f0000000, 0x00000000f0100800, 0x0000000100000000)
  region size 1024K, 1 young (1024K), 1 survivors (1024K)
 Metaspace       used 52828K, capacity 56076K, committed 56192K, reserved 1097728K
  class space    used 6460K, capacity 7028K, committed 7040K, reserved 1048576K
}
 [Times: user=0.02 sys=0.01, real=0.01 secs] 
{Heap before GC invocations=297 (full 0):
 garbage-first heap   total 262144K, used 185987K [0x00000000f0000000, 0x00000000f0100800, 0x0000000100000000)
  region size 1024K, 153 young (156672K), 1 survivors (1024K)
 Metaspace       used 52828K, capacity 56076K, committed 56192K, reserved 1097728K
  class space    used 6460K, capacity 7028K, committed 7040K, reserved 1048576K
2023-10-03T06:51:12.281+0800: 380.144: [GC pause (G1 Evacuation Pause) (young), 0.0066180 secs]
   [Parallel Time: 2.6 ms, GC Workers: 10]
      [GC Worker Start (ms): Min: 380144.7, Avg: 380144.9, Max: 380145.1, Diff: 0.4]
      [Ext Root Scanning (ms): Min: 0.9, Avg: 1.2, Max: 1.6, Diff: 0.7, Sum: 11.5]
      [Update RS (ms): Min: 0.4, Avg: 0.4, Max: 0.5, Diff: 0.2, Sum: 4.5]
         [Processed Buffers: Min: 2, Avg: 5.2, Max: 8, Diff: 6, Sum: 52]
      [Scan RS (ms): Min: 0.0, Avg: 0.1, Max: 0.1, Diff: 0.1, Sum: 0.5]
      [Code Root Scanning (ms): Min: 0.0, Avg: 0.0, Max: 0.0, Diff: 0.0, Sum: 0.0]
      [Object Copy (ms): Min: 0.3, Avg: 0.5, Max: 0.6, Diff: 0.2, Sum: 5.2]
      [Termination (ms): Min: 0.0, Avg: 0.0, Max: 0.0, Diff: 0.0, Sum: 0.0]
         [Termination Attempts: Min: 1, Avg: 1.0, Max: 1, Diff: 0, Sum: 10]
      [GC Worker Other (ms): Min: 0.0, Avg: 0.0, Max: 0.1, Diff: 0.1, Sum: 0.4]
      [GC Worker Total (ms): Min: 2.0, Avg: 2.2, Max: 2.4, Diff: 0.4, Sum: 22.1]
      [GC Worker End (ms): Min: 380147.1, Avg: 380147.1, Max: 380147.1, Diff: 0.1]
   [Code Root Fixup: 0.0 ms]
   [Code Root Purge: 0.0 ms]
   [Clear CT: 1.4 ms]
   [Other: 2.6 ms]
      [Choose CSet: 0.0 ms]
      [Ref Proc: 0.9 ms]
      [Ref Enq: 0.0 ms]
      [Redirty Cards: 1.4 ms]
      [Humongous Register: 0.0 ms]
      [Humongous Reclaim: 0.0 ms]
      [Free CSet: 0.1 ms]
   [Eden: 152.0M(152.0M)->0.0B(152.0M) Survivors: 1024.0K->1024.0K Heap: 181.6M(256.0M)->30440.9K(256.0M)]
Heap after GC invocations=298 (full 0):
 garbage-first heap   total 262144K, used 30440K [0x00000000f0000000, 0x00000000f0100800, 0x0000000100000000)
  region size 1024K, 1 young (1024K), 1 survivors (1024K)
 Metaspace       used 52828K, capacity 56076K, committed 56192K, reserved 1097728K
  class space    used 6460K, capacity 7028K, committed 7040K, reserved 1048576K
}
 [Times: user=0.03 sys=0.00, real=0.00 secs] 
{Heap before GC invocations=298 (full 0):
 garbage-first heap   total 262144K, used 186088K [0x00000000f0000000, 0x00000000f0100800, 0x0000000100000000)
  region size 1024K, 153 young (156672K), 1 survivors (1024K)
 Metaspace       used 52840K, capacity 56076K, committed 56192K, reserved 1097728K
  class space    used 6460K, capacity 7028K, committed 7040K, reserved 1048576K
2023-10-03T06:51:13.089+0800: 380.953: [GC pause (G1 Evacuation Pause) (young), 0.0071651 secs]
   [Parallel Time: 3.0 ms, GC Workers: 10]
      [GC Worker Start (ms): Min: 380952.6, Avg: 380952.9, Max: 380953.1, Diff: 0.4]
      [Ext Root Scanning (ms): Min: 1.0, Avg: 1.2, Max: 1.5, Diff: 0.5, Sum: 12.4]
      [Update RS (ms): Min: 0.4, Avg: 0.4, Max: 0.5, Diff: 0.1, Sum: 4.4]
         [Processed Buffers: Min: 1, Avg: 5.1, Max: 9, Diff: 8, Sum: 51]
      [Scan RS (ms): Min: 0.0, Avg: 0.0, Max: 0.1, Diff: 0.1, Sum: 0.5]
      [Code Root Scanning (ms): Min: 0.0, Avg: 0.0, Max: 0.0, Diff: 0.0, Sum: 0.1]
      [Object Copy (ms): Min: 0.3, Avg: 0.4, Max: 0.5, Diff: 0.2, Sum: 4.4]
      [Termination (ms): Min: 0.0, Avg: 0.0, Max: 0.0, Diff: 0.0, Sum: 0.0]
         [Termination Attempts: Min: 1, Avg: 1.0, Max: 1, Diff: 0, Sum: 10]
      [GC Worker Other (ms): Min: 0.0, Avg: 0.0, Max: 0.1, Diff: 0.1, Sum: 0.4]
      [GC Worker Total (ms): Min: 2.0, Avg: 2.2, Max: 2.4, Diff: 0.4, Sum: 22.2]
      [GC Worker End (ms): Min: 380955.1, Avg: 380955.1, Max: 380955.1, Diff: 0.1]
   [Code Root Fixup: 0.0 ms]
   [Code Root Purge: 0.0 ms]
   [Clear CT: 1.8 ms]
   [Other: 2.4 ms]
      [Choose CSet: 0.0 ms]
      [Ref Proc: 0.9 ms]
      [Ref Enq: 0.0 ms]
      [Redirty Cards: 1.1 ms]
      [Humongous Register: 0.0 ms]
      [Humongous Reclaim: 0.0 ms]
      [Free CSet: 0.2 ms]
   [Eden: 152.0M(152.0M)->0.0B(152.0M) Survivors: 1024.0K->1024.0K Heap: 181.7M(256.0M)->30349.5K(256.0M)]
Heap after GC invocations=299 (full 0):
 garbage-first heap   total 262144K, used 30349K [0x00000000f0000000, 0x00000000f0100800, 0x0000000100000000)
  region size 1024K, 1 young (1024K), 1 survivors (1024K)
 Metaspace       used 52840K, capacity 56076K, committed 56192K, reserved 1097728K
  class space    used 6460K, capacity 7028K, committed 7040K, reserved 1048576K
}
 [Times: user=0.03 sys=0.01, real=0.01 secs] 
{Heap before GC invocations=299 (full 0):
 garbage-first heap   total 262144K, used 185997K [0x00000000f0000000, 0x00000000f0100800, 0x0000000100000000)
  region size 1024K, 153 young (156672K), 1 survivors (1024K)
 Metaspace       used 52840K, capacity 56076K, committed 56192K, reserved 1097728K
  class space    used 6460K, capacity 7028K, committed 7040K, reserved 1048576K
2023-10-03T06:51:13.907+0800: 381.770: [GC pause (G1 Evacuation Pause) (young), 0.0061951 secs]
   [Parallel Time: 2.9 ms, GC Workers: 10]
      [GC Worker Start (ms): Min: 381770.2, Avg: 381770.4, Max: 381770.7, Diff: 0.4]
      [Ext Root Scanning (ms): Min: 0.9, Avg: 1.1, Max: 1.4, Diff: 0.5, Sum: 10.8]
      [Update RS (ms): Min: 0.4, Avg: 0.4, Max: 0.5, Diff: 0.2, Sum: 4.3]
         [Processed Buffers: Min: 1, Avg: 5.3, Max: 7, Diff: 6, Sum: 53]
      [Scan RS (ms): Min: 0.0, Avg: 0.1, Max: 0.1, Diff: 0.1, Sum: 0.5]
      [Code Root Scanning (ms): Min: 0.0, Avg: 0.0, Max: 0.0, Diff: 0.0, Sum: 0.1]
      [Object Copy (ms): Min: 0.2, Avg: 0.4, Max: 0.4, Diff: 0.2, Sum: 3.8]
      [Termination (ms): Min: 0.0, Avg: 0.0, Max: 0.0, Diff: 0.0, Sum: 0.0]
         [Termination Attempts: Min: 1, Avg: 1.0, Max: 1, Diff: 0, Sum: 10]
      [GC Worker Other (ms): Min: 0.0, Avg: 0.1, Max: 0.2, Diff: 0.2, Sum: 0.6]
      [GC Worker Total (ms): Min: 1.8, Avg: 2.0, Max: 2.3, Diff: 0.5, Sum: 20.2]
      [GC Worker End (ms): Min: 381772.4, Avg: 381772.5, Max: 381772.6, Diff: 0.2]
   [Code Root Fixup: 0.0 ms]
   [Code Root Purge: 0.0 ms]
   [Clear CT: 1.1 ms]
   [Other: 2.2 ms]
      [Choose CSet: 0.0 ms]
      [Ref Proc: 0.8 ms]
      [Ref Enq: 0.0 ms]
      [Redirty Cards: 1.0 ms]
      [Humongous Register: 0.0 ms]
      [Humongous Reclaim: 0.0 ms]
      [Free CSet: 0.2 ms]
   [Eden: 152.0M(152.0M)->0.0B(152.0M) Survivors: 1024.0K->1024.0K Heap: 181.6M(256.0M)->30254.2K(256.0M)]
Heap after GC invocations=300 (full 0):
 garbage-first heap   total 262144K, used 30254K [0x00000000f0000000, 0x00000000f0100800, 0x0000000100000000)
  region size 1024K, 1 young (1024K), 1 survivors (1024K)
 Metaspace       used 52840K, capacity 56076K, committed 56192K, reserved 1097728K
  class space    used 6460K, capacity 7028K, committed 7040K, reserved 1048576K
}
 [Times: user=0.02 sys=0.01, real=0.01 secs] 
{Heap before GC invocations=300 (full 0):
 garbage-first heap   total 262144K, used 185902K [0x00000000f0000000, 0x00000000f0100800, 0x0000000100000000)
  region size 1024K, 153 young (156672K), 1 survivors (1024K)
 Metaspace       used 52840K, capacity 56076K, committed 56192K, reserved 1097728K
  class space    used 6460K, capacity 7028K, committed 7040K, reserved 1048576K
2023-10-03T06:51:14.716+0800: 382.579: [GC pause (G1 Evacuation Pause) (young), 0.0077284 secs]
   [Parallel Time: 3.3 ms, GC Workers: 10]
      [GC Worker Start (ms): Min: 382579.1, Avg: 382579.4, Max: 382579.6, Diff: 0.5]
      [Ext Root Scanning (ms): Min: 1.0, Avg: 1.2, Max: 1.5, Diff: 0.5, Sum: 12.1]
      [Update RS (ms): Min: 0.4, Avg: 0.4, Max: 0.5, Diff: 0.1, Sum: 4.5]
         [Processed Buffers: Min: 3, Avg: 5.1, Max: 7, Diff: 4, Sum: 51]
      [Scan RS (ms): Min: 0.0, Avg: 0.0, Max: 0.1, Diff: 0.1, Sum: 0.4]
      [Code Root Scanning (ms): Min: 0.0, Avg: 0.0, Max: 0.0, Diff: 0.0, Sum: 0.1]
      [Object Copy (ms): Min: 0.3, Avg: 0.5, Max: 0.5, Diff: 0.2, Sum: 4.5]
      [Termination (ms): Min: 0.0, Avg: 0.0, Max: 0.0, Diff: 0.0, Sum: 0.0]
         [Termination Attempts: Min: 1, Avg: 1.1, Max: 2, Diff: 1, Sum: 11]
      [GC Worker Other (ms): Min: 0.0, Avg: 0.0, Max: 0.1, Diff: 0.1, Sum: 0.4]
      [GC Worker Total (ms): Min: 2.0, Avg: 2.2, Max: 2.4, Diff: 0.5, Sum: 22.0]
      [GC Worker End (ms): Min: 382581.5, Avg: 382581.6, Max: 382581.6, Diff: 0.1]
   [Code Root Fixup: 0.0 ms]
   [Code Root Purge: 0.0 ms]
   [Clear CT: 1.4 ms]
   [Other: 3.1 ms]
      [Choose CSet: 0.0 ms]
      [Ref Proc: 1.6 ms]
      [Ref Enq: 0.0 ms]
      [Redirty Cards: 1.2 ms]
      [Humongous Register: 0.0 ms]
      [Humongous Reclaim: 0.0 ms]
      [Free CSet: 0.1 ms]
   [Eden: 152.0M(152.0M)->0.0B(152.0M) Survivors: 1024.0K->1024.0K Heap: 181.5M(256.0M)->30372.9K(256.0M)]
Heap after GC invocations=301 (full 0):
 garbage-first heap   total 262144K, used 30372K [0x00000000f0000000, 0x00000000f0100800, 0x0000000100000000)
  region size 1024K, 1 young (1024K), 1 survivors (1024K)
 Metaspace       used 52840K, capacity 56076K, committed 56192K, reserved 1097728K
  class space    used 6460K, capacity 7028K, committed 7040K, reserved 1048576K
}
 [Times: user=0.03 sys=0.00, real=0.01 secs] 
{Heap before GC invocations=301 (full 0):
 garbage-first heap   total 262144K, used 186020K [0x00000000f0000000, 0x00000000f0100800, 0x0000000100000000)
  region size 1024K, 153 young (156672K), 1 survivors (1024K)
 Metaspace       used 52840K, capacity 56076K, committed 56192K, reserved 1097728K
  class space    used 6460K, capacity 7028K, committed 7040K, reserved 1048576K
2023-10-03T06:51:15.521+0800: 383.384: [GC pause (G1 Evacuation Pause) (young), 0.0074390 secs]
   [Parallel Time: 3.2 ms, GC Workers: 10]
      [GC Worker Start (ms): Min: 383384.3, Avg: 383384.5, Max: 383384.8, Diff: 0.5]
      [Ext Root Scanning (ms): Min: 0.9, Avg: 1.2, Max: 1.5, Diff: 0.6, Sum: 11.5]
      [Update RS (ms): Min: 0.4, Avg: 0.5, Max: 0.5, Diff: 0.1, Sum: 4.6]
         [Processed Buffers: Min: 3, Avg: 5.1, Max: 8, Diff: 5, Sum: 51]
      [Scan RS (ms): Min: 0.0, Avg: 0.1, Max: 0.1, Diff: 0.0, Sum: 0.7]
      [Code Root Scanning (ms): Min: 0.0, Avg: 0.0, Max: 0.0, Diff: 0.0, Sum: 0.1]
      [Object Copy (ms): Min: 0.3, Avg: 0.4, Max: 0.5, Diff: 0.1, Sum: 4.2]
      [Termination (ms): Min: 0.0, Avg: 0.0, Max: 0.0, Diff: 0.0, Sum: 0.0]
         [Termination Attempts: Min: 1, Avg: 1.0, Max: 1, Diff: 0, Sum: 10]
      [GC Worker Other (ms): Min: 0.0, Avg: 0.1, Max: 0.1, Diff: 0.1, Sum: 0.5]
      [GC Worker Total (ms): Min: 1.9, Avg: 2.2, Max: 2.5, Diff: 0.6, Sum: 21.7]
      [GC Worker End (ms): Min: 383386.7, Avg: 383386.7, Max: 383386.8, Diff: 0.1]
   [Code Root Fixup: 0.0 ms]
   [Code Root Purge: 0.0 ms]
   [Clear CT: 1.3 ms]
   [Other: 3.0 ms]
      [Choose CSet: 0.0 ms]
      [Ref Proc: 1.2 ms]
      [Ref Enq: 0.0 ms]
      [Redirty Cards: 1.5 ms]
      [Humongous Register: 0.0 ms]
      [Humongous Reclaim: 0.0 ms]
      [Free CSet: 0.1 ms]
   [Eden: 152.0M(152.0M)->0.0B(152.0M) Survivors: 1024.0K->1024.0K Heap: 181.7M(256.0M)->30356.8K(256.0M)]
Heap after GC invocations=302 (full 0):
 garbage-first heap   total 262144K, used 30356K [0x00000000f0000000, 0x00000000f0100800, 0x0000000100000000)
  region size 1024K, 1 young (1024K), 1 survivors (1024K)
 Metaspace       used 52840K, capacity 56076K, committed 56192K, reserved 1097728K
  class space    used 6460K, capacity 7028K, committed 7040K, reserved 1048576K
}
 [Times: user=0.03 sys=0.00, real=0.00 secs] 
{Heap before GC invocations=302 (full 0):
 garbage-first heap   total 262144K, used 186004K [0x00000000f0000000, 0x00000000f0100800, 0x0000000100000000)
  region size 1024K, 153 young (156672K), 1 survivors (1024K)
 Metaspace       used 52840K, capacity 56076K, committed 56192K, reserved 1097728K
  class space    used 6460K, capacity 7028K, committed 7040K, reserved 1048576K
2023-10-03T06:51:16.352+0800: 384.215: [GC pause (G1 Evacuation Pause) (young), 0.0077869 secs]
   [Parallel Time: 3.2 ms, GC Workers: 10]
      [GC Worker Start (ms): Min: 384215.1, Avg: 384215.4, Max: 384215.6, Diff: 0.5]
      [Ext Root Scanning (ms): Min: 1.0, Avg: 1.2, Max: 1.5, Diff: 0.6, Sum: 12.0]
      [Update RS (ms): Min: 0.4, Avg: 0.4, Max: 0.5, Diff: 0.1, Sum: 4.5]
         [Processed Buffers: Min: 2, Avg: 5.1, Max: 8, Diff: 6, Sum: 51]
      [Scan RS (ms): Min: 0.0, Avg: 0.1, Max: 0.1, Diff: 0.1, Sum: 0.5]
      [Code Root Scanning (ms): Min: 0.0, Avg: 0.0, Max: 0.0, Diff: 0.0, Sum: 0.1]
      [Object Copy (ms): Min: 0.4, Avg: 0.5, Max: 0.5, Diff: 0.2, Sum: 4.9]
      [Termination (ms): Min: 0.0, Avg: 0.0, Max: 0.0, Diff: 0.0, Sum: 0.1]
         [Termination Attempts: Min: 1, Avg: 1.0, Max: 1, Diff: 0, Sum: 10]
      [GC Worker Other (ms): Min: 0.0, Avg: 0.0, Max: 0.1, Diff: 0.1, Sum: 0.4]
      [GC Worker Total (ms): Min: 2.1, Avg: 2.2, Max: 2.5, Diff: 0.4, Sum: 22.4]
      [GC Worker End (ms): Min: 384217.6, Avg: 384217.6, Max: 384217.7, Diff: 0.1]
   [Code Root Fixup: 0.0 ms]
   [Code Root Purge: 0.0 ms]
   [Clear CT: 1.8 ms]
   [Other: 2.8 ms]
      [Choose CSet: 0.0 ms]
      [Ref Proc: 1.1 ms]
      [Ref Enq: 0.0 ms]
      [Redirty Cards: 1.4 ms]
      [Humongous Register: 0.0 ms]
      [Humongous Reclaim: 0.0 ms]
      [Free CSet: 0.1 ms]
   [Eden: 152.0M(152.0M)->0.0B(152.0M) Survivors: 1024.0K->1024.0K Heap: 181.6M(256.0M)->30412.4K(256.0M)]
Heap after GC invocations=303 (full 0):
 garbage-first heap   total 262144K, used 30412K [0x00000000f0000000, 0x00000000f0100800, 0x0000000100000000)
  region size 1024K, 1 young (1024K), 1 survivors (1024K)
 Metaspace       used 52840K, capacity 56076K, committed 56192K, reserved 1097728K
  class space    used 6460K, capacity 7028K, committed 7040K, reserved 1048576K
}
 [Times: user=0.03 sys=0.00, real=0.01 secs] 
{Heap before GC invocations=303 (full 0):
 garbage-first heap   total 262144K, used 186060K [0x00000000f0000000, 0x00000000f0100800, 0x0000000100000000)
  region size 1024K, 153 young (156672K), 1 survivors (1024K)
 Metaspace       used 52840K, capacity 56076K, committed 56192K, reserved 1097728K
  class space    used 6460K, capacity 7028K, committed 7040K, reserved 1048576K
2023-10-03T06:51:17.124+0800: 384.987: [GC pause (G1 Evacuation Pause) (young), 0.0073938 secs]
   [Parallel Time: 3.4 ms, GC Workers: 10]
      [GC Worker Start (ms): Min: 384987.5, Avg: 384987.7, Max: 384988.0, Diff: 0.5]
      [Ext Root Scanning (ms): Min: 1.0, Avg: 1.2, Max: 1.5, Diff: 0.5, Sum: 12.4]
      [Update RS (ms): Min: 0.5, Avg: 0.5, Max: 0.6, Diff: 0.1, Sum: 5.0]
         [Processed Buffers: Min: 3, Avg: 5.0, Max: 8, Diff: 5, Sum: 50]
      [Scan RS (ms): Min: 0.0, Avg: 0.1, Max: 0.1, Diff: 0.1, Sum: 0.8]
      [Code Root Scanning (ms): Min: 0.0, Avg: 0.0, Max: 0.0, Diff: 0.0, Sum: 0.1]
      [Object Copy (ms): Min: 0.4, Avg: 0.5, Max: 0.6, Diff: 0.2, Sum: 5.4]
      [Termination (ms): Min: 0.0, Avg: 0.0, Max: 0.0, Diff: 0.0, Sum: 0.0]
         [Termination Attempts: Min: 1, Avg: 1.0, Max: 1, Diff: 0, Sum: 10]
      [GC Worker Other (ms): Min: 0.0, Avg: 0.1, Max: 0.2, Diff: 0.1, Sum: 0.5]
      [GC Worker Total (ms): Min: 2.2, Avg: 2.4, Max: 2.6, Diff: 0.5, Sum: 24.1]
      [GC Worker End (ms): Min: 384990.1, Avg: 384990.2, Max: 384990.3, Diff: 0.1]
   [Code Root Fixup: 0.0 ms]
   [Code Root Purge: 0.0 ms]
   [Clear CT: 1.0 ms]
   [Other: 3.0 ms]
      [Choose CSet: 0.0 ms]
      [Ref Proc: 1.5 ms]
      [Ref Enq: 0.0 ms]
      [Redirty Cards: 1.2 ms]
      [Humongous Register: 0.0 ms]
      [Humongous Reclaim: 0.0 ms]
      [Free CSet: 0.1 ms]
   [Eden: 152.0M(152.0M)->0.0B(152.0M) Survivors: 1024.0K->1024.0K Heap: 181.7M(256.0M)->30506.9K(256.0M)]
Heap after GC invocations=304 (full 0):
 garbage-first heap   total 262144K, used 30506K [0x00000000f0000000, 0x00000000f0100800, 0x0000000100000000)
  region size 1024K, 1 young (1024K), 1 survivors (1024K)
 Metaspace       used 52840K, capacity 56076K, committed 56192K, reserved 1097728K
  class space    used 6460K, capacity 7028K, committed 7040K, reserved 1048576K
}
 [Times: user=0.03 sys=0.00, real=0.01 secs] 
{Heap before GC invocations=304 (full 0):
 garbage-first heap   total 262144K, used 186154K [0x00000000f0000000, 0x00000000f0100800, 0x0000000100000000)
  region size 1024K, 153 young (156672K), 1 survivors (1024K)
 Metaspace       used 52840K, capacity 56076K, committed 56192K, reserved 1097728K
  class space    used 6460K, capacity 7028K, committed 7040K, reserved 1048576K
2023-10-03T06:51:17.966+0800: 385.829: [GC pause (G1 Evacuation Pause) (young), 0.0078170 secs]
   [Parallel Time: 3.2 ms, GC Workers: 10]
      [GC Worker Start (ms): Min: 385829.3, Avg: 385829.5, Max: 385829.7, Diff: 0.4]
      [Ext Root Scanning (ms): Min: 1.0, Avg: 1.2, Max: 1.6, Diff: 0.6, Sum: 12.1]
      [Update RS (ms): Min: 0.4, Avg: 0.5, Max: 0.5, Diff: 0.1, Sum: 4.5]
         [Processed Buffers: Min: 2, Avg: 5.1, Max: 10, Diff: 8, Sum: 51]
      [Scan RS (ms): Min: 0.0, Avg: 0.1, Max: 0.1, Diff: 0.1, Sum: 0.5]
      [Code Root Scanning (ms): Min: 0.0, Avg: 0.0, Max: 0.0, Diff: 0.0, Sum: 0.1]
      [Object Copy (ms): Min: 0.4, Avg: 0.5, Max: 0.6, Diff: 0.2, Sum: 5.1]
      [Termination (ms): Min: 0.0, Avg: 0.0, Max: 0.0, Diff: 0.0, Sum: 0.0]
         [Termination Attempts: Min: 1, Avg: 1.0, Max: 1, Diff: 0, Sum: 10]
      [GC Worker Other (ms): Min: 0.0, Avg: 0.0, Max: 0.1, Diff: 0.1, Sum: 0.4]
      [GC Worker Total (ms): Min: 2.1, Avg: 2.3, Max: 2.5, Diff: 0.4, Sum: 22.7]
      [GC Worker End (ms): Min: 385831.7, Avg: 385831.8, Max: 385831.8, Diff: 0.1]
   [Code Root Fixup: 0.0 ms]
   [Code Root Purge: 0.0 ms]
   [Clear CT: 1.7 ms]
   [Other: 2.9 ms]
      [Choose CSet: 0.0 ms]
      [Ref Proc: 1.3 ms]
      [Ref Enq: 0.0 ms]
      [Redirty Cards: 1.3 ms]
      [Humongous Register: 0.0 ms]
      [Humongous Reclaim: 0.0 ms]
      [Free CSet: 0.1 ms]
   [Eden: 152.0M(152.0M)->0.0B(152.0M) Survivors: 1024.0K->1024.0K Heap: 181.8M(256.0M)->30355.6K(256.0M)]
Heap after GC invocations=305 (full 0):
 garbage-first heap   total 262144K, used 30355K [0x00000000f0000000, 0x00000000f0100800, 0x0000000100000000)
  region size 1024K, 1 young (1024K), 1 survivors (1024K)
 Metaspace       used 52840K, capacity 56076K, committed 56192K, reserved 1097728K
  class space    used 6460K, capacity 7028K, committed 7040K, reserved 1048576K
}
 [Times: user=0.03 sys=0.00, real=0.01 secs] 
{Heap before GC invocations=305 (full 0):
 garbage-first heap   total 262144K, used 186003K [0x00000000f0000000, 0x00000000f0100800, 0x0000000100000000)
  region size 1024K, 153 young (156672K), 1 survivors (1024K)
 Metaspace       used 52840K, capacity 56076K, committed 56192K, reserved 1097728K
  class space    used 6460K, capacity 7028K, committed 7040K, reserved 1048576K
2023-10-03T06:51:18.788+0800: 386.651: [GC pause (G1 Evacuation Pause) (young), 0.0077939 secs]
   [Parallel Time: 3.4 ms, GC Workers: 10]
      [GC Worker Start (ms): Min: 386651.1, Avg: 386651.3, Max: 386651.5, Diff: 0.5]
      [Ext Root Scanning (ms): Min: 1.0, Avg: 1.2, Max: 1.5, Diff: 0.6, Sum: 12.0]
      [Update RS (ms): Min: 0.4, Avg: 0.5, Max: 0.6, Diff: 0.1, Sum: 4.9]
         [Processed Buffers: Min: 2, Avg: 5.2, Max: 11, Diff: 9, Sum: 52]
      [Scan RS (ms): Min: 0.0, Avg: 0.1, Max: 0.1, Diff: 0.1, Sum: 0.6]
      [Code Root Scanning (ms): Min: 0.0, Avg: 0.0, Max: 0.0, Diff: 0.0, Sum: 0.1]
      [Object Copy (ms): Min: 0.3, Avg: 0.5, Max: 0.5, Diff: 0.2, Sum: 4.5]
      [Termination (ms): Min: 0.0, Avg: 0.0, Max: 0.0, Diff: 0.0, Sum: 0.0]
         [Termination Attempts: Min: 1, Avg: 1.2, Max: 2, Diff: 1, Sum: 12]
      [GC Worker Other (ms): Min: 0.0, Avg: 0.1, Max: 0.2, Diff: 0.2, Sum: 0.5]
      [GC Worker Total (ms): Min: 2.0, Avg: 2.3, Max: 2.5, Diff: 0.5, Sum: 22.7]
      [GC Worker End (ms): Min: 386653.6, Avg: 386653.6, Max: 386653.7, Diff: 0.2]
   [Code Root Fixup: 0.0 ms]
   [Code Root Purge: 0.0 ms]
   [Clear CT: 1.6 ms]
   [Other: 2.8 ms]
      [Choose CSet: 0.0 ms]
      [Ref Proc: 1.1 ms]
      [Ref Enq: 0.0 ms]
      [Redirty Cards: 1.4 ms]
      [Humongous Register: 0.0 ms]
      [Humongous Reclaim: 0.0 ms]
      [Free CSet: 0.1 ms]
   [Eden: 152.0M(152.0M)->0.0B(152.0M) Survivors: 1024.0K->1024.0K Heap: 181.6M(256.0M)->30328.0K(256.0M)]
Heap after GC invocations=306 (full 0):
 garbage-first heap   total 262144K, used 30328K [0x00000000f0000000, 0x00000000f0100800, 0x0000000100000000)
  region size 1024K, 1 young (1024K), 1 survivors (1024K)
 Metaspace       used 52840K, capacity 56076K, committed 56192K, reserved 1097728K
  class space    used 6460K, capacity 7028K, committed 7040K, reserved 1048576K
}
 [Times: user=0.03 sys=0.00, real=0.01 secs] 
{Heap before GC invocations=306 (full 0):
 garbage-first heap   total 262144K, used 185976K [0x00000000f0000000, 0x00000000f0100800, 0x0000000100000000)
  region size 1024K, 153 young (156672K), 1 survivors (1024K)
 Metaspace       used 52840K, capacity 56076K, committed 56192K, reserved 1097728K
  class space    used 6460K, capacity 7028K, committed 7040K, reserved 1048576K
2023-10-03T06:51:19.591+0800: 387.454: [GC pause (G1 Evacuation Pause) (young), 0.0074612 secs]
   [Parallel Time: 3.2 ms, GC Workers: 10]
      [GC Worker Start (ms): Min: 387454.0, Avg: 387454.2, Max: 387454.4, Diff: 0.4]
      [Ext Root Scanning (ms): Min: 1.0, Avg: 1.2, Max: 1.4, Diff: 0.5, Sum: 11.6]
      [Update RS (ms): Min: 0.4, Avg: 0.5, Max: 0.5, Diff: 0.1, Sum: 4.5]
         [Processed Buffers: Min: 2, Avg: 5.1, Max: 12, Diff: 10, Sum: 51]
      [Scan RS (ms): Min: 0.0, Avg: 0.0, Max: 0.1, Diff: 0.1, Sum: 0.5]
      [Code Root Scanning (ms): Min: 0.0, Avg: 0.0, Max: 0.0, Diff: 0.0, Sum: 0.1]
      [Object Copy (ms): Min: 0.4, Avg: 0.5, Max: 0.5, Diff: 0.2, Sum: 5.1]
      [Termination (ms): Min: 0.0, Avg: 0.0, Max: 0.0, Diff: 0.0, Sum: 0.0]
         [Termination Attempts: Min: 1, Avg: 1.0, Max: 1, Diff: 0, Sum: 10]
      [GC Worker Other (ms): Min: 0.0, Avg: 0.0, Max: 0.1, Diff: 0.1, Sum: 0.5]
      [GC Worker Total (ms): Min: 2.0, Avg: 2.2, Max: 2.4, Diff: 0.4, Sum: 22.3]
      [GC Worker End (ms): Min: 387456.4, Avg: 387456.5, Max: 387456.6, Diff: 0.1]
   [Code Root Fixup: 0.0 ms]
   [Code Root Purge: 0.0 ms]
   [Clear CT: 1.2 ms]
   [Other: 3.0 ms]
      [Choose CSet: 0.0 ms]
      [Ref Proc: 1.4 ms]
      [Ref Enq: 0.0 ms]
      [Redirty Cards: 1.3 ms]
      [Humongous Register: 0.0 ms]
      [Humongous Reclaim: 0.0 ms]
      [Free CSet: 0.1 ms]
   [Eden: 152.0M(152.0M)->0.0B(152.0M) Survivors: 1024.0K->1024.0K Heap: 181.6M(256.0M)->30432.7K(256.0M)]
Heap after GC invocations=307 (full 0):
 garbage-first heap   total 262144K, used 30432K [0x00000000f0000000, 0x00000000f0100800, 0x0000000100000000)
  region size 1024K, 1 young (1024K), 1 survivors (1024K)
 Metaspace       used 52840K, capacity 56076K, committed 56192K, reserved 1097728K
  class space    used 6460K, capacity 7028K, committed 7040K, reserved 1048576K
}
 [Times: user=0.03 sys=0.01, real=0.00 secs] 
{Heap before GC invocations=307 (full 0):
 garbage-first heap   total 262144K, used 186080K [0x00000000f0000000, 0x00000000f0100800, 0x0000000100000000)
  region size 1024K, 153 young (156672K), 1 survivors (1024K)
 Metaspace       used 52840K, capacity 56076K, committed 56192K, reserved 1097728K
  class space    used 6460K, capacity 7028K, committed 7040K, reserved 1048576K
2023-10-03T06:51:20.389+0800: 388.252: [GC pause (G1 Evacuation Pause) (young), 0.0078746 secs]
   [Parallel Time: 3.2 ms, GC Workers: 10]
      [GC Worker Start (ms): Min: 388252.2, Avg: 388252.5, Max: 388252.7, Diff: 0.5]
      [Ext Root Scanning (ms): Min: 1.0, Avg: 1.2, Max: 1.5, Diff: 0.6, Sum: 12.0]
      [Update RS (ms): Min: 0.4, Avg: 0.4, Max: 0.5, Diff: 0.2, Sum: 4.3]
         [Processed Buffers: Min: 2, Avg: 5.2, Max: 11, Diff: 9, Sum: 52]
      [Scan RS (ms): Min: 0.0, Avg: 0.1, Max: 0.1, Diff: 0.1, Sum: 0.6]
      [Code Root Scanning (ms): Min: 0.0, Avg: 0.0, Max: 0.0, Diff: 0.0, Sum: 0.0]
      [Object Copy (ms): Min: 0.4, Avg: 0.5, Max: 0.6, Diff: 0.2, Sum: 4.8]
      [Termination (ms): Min: 0.0, Avg: 0.0, Max: 0.0, Diff: 0.0, Sum: 0.0]
         [Termination Attempts: Min: 1, Avg: 1.0, Max: 1, Diff: 0, Sum: 10]
      [GC Worker Other (ms): Min: 0.0, Avg: 0.1, Max: 0.1, Diff: 0.1, Sum: 0.6]
      [GC Worker Total (ms): Min: 2.0, Avg: 2.2, Max: 2.5, Diff: 0.4, Sum: 22.4]
      [GC Worker End (ms): Min: 388254.7, Avg: 388254.7, Max: 388254.8, Diff: 0.1]
   [Code Root Fixup: 0.0 ms]
   [Code Root Purge: 0.0 ms]
   [Clear CT: 1.4 ms]
   [Other: 3.3 ms]
      [Choose CSet: 0.0 ms]
      [Ref Proc: 1.7 ms]
      [Ref Enq: 0.0 ms]
      [Redirty Cards: 1.3 ms]
      [Humongous Register: 0.0 ms]
      [Humongous Reclaim: 0.0 ms]
      [Free CSet: 0.1 ms]
   [Eden: 152.0M(152.0M)->0.0B(152.0M) Survivors: 1024.0K->1024.0K Heap: 181.7M(256.0M)->30327.8K(256.0M)]
Heap after GC invocations=308 (full 0):
 garbage-first heap   total 262144K, used 30327K [0x00000000f0000000, 0x00000000f0100800, 0x0000000100000000)
  region size 1024K, 1 young (1024K), 1 survivors (1024K)
 Metaspace       used 52840K, capacity 56076K, committed 56192K, reserved 1097728K
  class space    used 6460K, capacity 7028K, committed 7040K, reserved 1048576K
}
 [Times: user=0.03 sys=0.00, real=0.01 secs] 
{Heap before GC invocations=308 (full 0):
 garbage-first heap   total 262144K, used 185975K [0x00000000f0000000, 0x00000000f0100800, 0x0000000100000000)
  region size 1024K, 153 young (156672K), 1 survivors (1024K)
 Metaspace       used 52840K, capacity 56076K, committed 56192K, reserved 1097728K
  class space    used 6460K, capacity 7028K, committed 7040K, reserved 1048576K
2023-10-03T06:51:21.213+0800: 389.076: [GC pause (G1 Evacuation Pause) (young), 0.0073468 secs]
   [Parallel Time: 3.0 ms, GC Workers: 10]
      [GC Worker Start (ms): Min: 389076.0, Avg: 389076.2, Max: 389076.4, Diff: 0.4]
      [Ext Root Scanning (ms): Min: 1.0, Avg: 1.2, Max: 1.5, Diff: 0.5, Sum: 12.2]
      [Update RS (ms): Min: 0.4, Avg: 0.4, Max: 0.5, Diff: 0.1, Sum: 4.4]
         [Processed Buffers: Min: 2, Avg: 5.0, Max: 8, Diff: 6, Sum: 50]
      [Scan RS (ms): Min: 0.0, Avg: 0.0, Max: 0.1, Diff: 0.1, Sum: 0.5]
      [Code Root Scanning (ms): Min: 0.0, Avg: 0.0, Max: 0.0, Diff: 0.0, Sum: 0.1]
      [Object Copy (ms): Min: 0.3, Avg: 0.4, Max: 0.4, Diff: 0.2, Sum: 3.9]
      [Termination (ms): Min: 0.0, Avg: 0.0, Max: 0.0, Diff: 0.0, Sum: 0.0]
         [Termination Attempts: Min: 1, Avg: 1.2, Max: 2, Diff: 1, Sum: 12]
      [GC Worker Other (ms): Min: 0.0, Avg: 0.0, Max: 0.1, Diff: 0.1, Sum: 0.4]
      [GC Worker Total (ms): Min: 1.9, Avg: 2.1, Max: 2.4, Diff: 0.4, Sum: 21.5]
      [GC Worker End (ms): Min: 389078.4, Avg: 389078.4, Max: 389078.4, Diff: 0.1]
   [Code Root Fixup: 0.0 ms]
   [Code Root Purge: 0.0 ms]
   [Clear CT: 1.4 ms]
   [Other: 3.0 ms]
      [Choose CSet: 0.0 ms]
      [Ref Proc: 1.4 ms]
      [Ref Enq: 0.0 ms]
      [Redirty Cards: 1.3 ms]
      [Humongous Register: 0.0 ms]
      [Humongous Reclaim: 0.0 ms]
      [Free CSet: 0.1 ms]
   [Eden: 152.0M(152.0M)->0.0B(152.0M) Survivors: 1024.0K->1024.0K Heap: 181.6M(256.0M)->30297.5K(256.0M)]
Heap after GC invocations=309 (full 0):
 garbage-first heap   total 262144K, used 30297K [0x00000000f0000000, 0x00000000f0100800, 0x0000000100000000)
  region size 1024K, 1 young (1024K), 1 survivors (1024K)
 Metaspace       used 52840K, capacity 56076K, committed 56192K, reserved 1097728K
  class space    used 6460K, capacity 7028K, committed 7040K, reserved 1048576K
}
 [Times: user=0.02 sys=0.00, real=0.01 secs] 
{Heap before GC invocations=309 (full 0):
 garbage-first heap   total 262144K, used 185945K [0x00000000f0000000, 0x00000000f0100800, 0x0000000100000000)
  region size 1024K, 153 young (156672K), 1 survivors (1024K)
 Metaspace       used 52840K, capacity 56076K, committed 56192K, reserved 1097728K
  class space    used 6460K, capacity 7028K, committed 7040K, reserved 1048576K
2023-10-03T06:51:22.030+0800: 389.894: [GC pause (G1 Evacuation Pause) (young), 0.0074983 secs]
   [Parallel Time: 3.1 ms, GC Workers: 10]
      [GC Worker Start (ms): Min: 389893.8, Avg: 389894.0, Max: 389894.2, Diff: 0.4]
      [Ext Root Scanning (ms): Min: 1.0, Avg: 1.2, Max: 1.8, Diff: 0.8, Sum: 12.0]
      [Update RS (ms): Min: 0.2, Avg: 0.5, Max: 0.5, Diff: 0.3, Sum: 4.5]
         [Processed Buffers: Min: 2, Avg: 5.2, Max: 11, Diff: 9, Sum: 52]
      [Scan RS (ms): Min: 0.0, Avg: 0.1, Max: 0.1, Diff: 0.1, Sum: 0.5]
      [Code Root Scanning (ms): Min: 0.0, Avg: 0.0, Max: 0.0, Diff: 0.0, Sum: 0.1]
      [Object Copy (ms): Min: 0.4, Avg: 0.5, Max: 0.5, Diff: 0.2, Sum: 5.0]
      [Termination (ms): Min: 0.0, Avg: 0.0, Max: 0.0, Diff: 0.0, Sum: 0.0]
         [Termination Attempts: Min: 1, Avg: 1.0, Max: 1, Diff: 0, Sum: 10]
      [GC Worker Other (ms): Min: 0.0, Avg: 0.0, Max: 0.1, Diff: 0.1, Sum: 0.4]
      [GC Worker Total (ms): Min: 2.0, Avg: 2.2, Max: 2.5, Diff: 0.4, Sum: 22.5]
      [GC Worker End (ms): Min: 389896.2, Avg: 389896.3, Max: 389896.3, Diff: 0.1]
   [Code Root Fixup: 0.0 ms]
   [Code Root Purge: 0.0 ms]
   [Clear CT: 1.2 ms]
   [Other: 3.2 ms]
      [Choose CSet: 0.0 ms]
      [Ref Proc: 1.5 ms]
      [Ref Enq: 0.0 ms]
      [Redirty Cards: 1.4 ms]
      [Humongous Register: 0.0 ms]
      [Humongous Reclaim: 0.0 ms]
      [Free CSet: 0.1 ms]
   [Eden: 152.0M(152.0M)->0.0B(152.0M) Survivors: 1024.0K->1024.0K Heap: 181.6M(256.0M)->30384.3K(256.0M)]
Heap after GC invocations=310 (full 0):
 garbage-first heap   total 262144K, used 30384K [0x00000000f0000000, 0x00000000f0100800, 0x0000000100000000)
  region size 1024K, 1 young (1024K), 1 survivors (1024K)
 Metaspace       used 52840K, capacity 56076K, committed 56192K, reserved 1097728K
  class space    used 6460K, capacity 7028K, committed 7040K, reserved 1048576K
}
 [Times: user=0.03 sys=0.00, real=0.00 secs] 
{Heap before GC invocations=310 (full 0):
 garbage-first heap   total 262144K, used 186032K [0x00000000f0000000, 0x00000000f0100800, 0x0000000100000000)
  region size 1024K, 153 young (156672K), 1 survivors (1024K)
 Metaspace       used 52840K, capacity 56076K, committed 56192K, reserved 1097728K
  class space    used 6460K, capacity 7028K, committed 7040K, reserved 1048576K
2023-10-03T06:51:22.821+0800: 390.684: [GC pause (G1 Evacuation Pause) (young), 0.0074368 secs]
   [Parallel Time: 3.3 ms, GC Workers: 10]
      [GC Worker Start (ms): Min: 390684.2, Avg: 390684.5, Max: 390684.7, Diff: 0.5]
      [Ext Root Scanning (ms): Min: 1.0, Avg: 1.2, Max: 1.5, Diff: 0.6, Sum: 12.0]
      [Update RS (ms): Min: 0.4, Avg: 0.5, Max: 0.6, Diff: 0.2, Sum: 4.8]
         [Processed Buffers: Min: 3, Avg: 5.2, Max: 8, Diff: 5, Sum: 52]
      [Scan RS (ms): Min: 0.0, Avg: 0.1, Max: 0.1, Diff: 0.1, Sum: 0.6]
      [Code Root Scanning (ms): Min: 0.0, Avg: 0.0, Max: 0.0, Diff: 0.0, Sum: 0.1]
      [Object Copy (ms): Min: 0.3, Avg: 0.5, Max: 0.6, Diff: 0.2, Sum: 4.7]
      [Termination (ms): Min: 0.0, Avg: 0.0, Max: 0.0, Diff: 0.0, Sum: 0.0]
         [Termination Attempts: Min: 1, Avg: 1.0, Max: 1, Diff: 0, Sum: 10]
      [GC Worker Other (ms): Min: 0.0, Avg: 0.0, Max: 0.1, Diff: 0.1, Sum: 0.4]
      [GC Worker Total (ms): Min: 2.0, Avg: 2.3, Max: 2.5, Diff: 0.5, Sum: 22.7]
      [GC Worker End (ms): Min: 390686.7, Avg: 390686.8, Max: 390686.8, Diff: 0.1]
   [Code Root Fixup: 0.0 ms]
   [Code Root Purge: 0.0 ms]
   [Clear CT: 1.0 ms]
   [Other: 3.2 ms]
      [Choose CSet: 0.0 ms]
      [Ref Proc: 1.5 ms]
      [Ref Enq: 0.0 ms]
      [Redirty Cards: 1.4 ms]
      [Humongous Register: 0.0 ms]
      [Humongous Reclaim: 0.0 ms]
      [Free CSet: 0.1 ms]
   [Eden: 152.0M(152.0M)->0.0B(152.0M) Survivors: 1024.0K->1024.0K Heap: 181.7M(256.0M)->30384.5K(256.0M)]
Heap after GC invocations=311 (full 0):
 garbage-first heap   total 262144K, used 30384K [0x00000000f0000000, 0x00000000f0100800, 0x0000000100000000)
  region size 1024K, 1 young (1024K), 1 survivors (1024K)
 Metaspace       used 52840K, capacity 56076K, committed 56192K, reserved 1097728K
  class space    used 6460K, capacity 7028K, committed 7040K, reserved 1048576K
}
 [Times: user=0.03 sys=0.01, real=0.00 secs] 
{Heap before GC invocations=311 (full 0):
 garbage-first heap   total 262144K, used 186032K [0x00000000f0000000, 0x00000000f0100800, 0x0000000100000000)
  region size 1024K, 153 young (156672K), 1 survivors (1024K)
 Metaspace       used 52840K, capacity 56076K, committed 56192K, reserved 1097728K
  class space    used 6460K, capacity 7028K, committed 7040K, reserved 1048576K
2023-10-03T06:51:23.637+0800: 391.500: [GC pause (G1 Evacuation Pause) (young), 0.0076767 secs]
   [Parallel Time: 2.9 ms, GC Workers: 10]
      [GC Worker Start (ms): Min: 391500.2, Avg: 391500.5, Max: 391500.7, Diff: 0.5]
      [Ext Root Scanning (ms): Min: 0.9, Avg: 1.2, Max: 1.8, Diff: 0.9, Sum: 11.9]
      [Update RS (ms): Min: 0.3, Avg: 0.4, Max: 0.5, Diff: 0.2, Sum: 4.5]
         [Processed Buffers: Min: 4, Avg: 5.2, Max: 7, Diff: 3, Sum: 52]
      [Scan RS (ms): Min: 0.0, Avg: 0.1, Max: 0.1, Diff: 0.1, Sum: 0.5]
      [Code Root Scanning (ms): Min: 0.0, Avg: 0.0, Max: 0.0, Diff: 0.0, Sum: 0.1]
      [Object Copy (ms): Min: 0.3, Avg: 0.4, Max: 0.5, Diff: 0.2, Sum: 4.3]
      [Termination (ms): Min: 0.0, Avg: 0.0, Max: 0.0, Diff: 0.0, Sum: 0.0]
         [Termination Attempts: Min: 1, Avg: 1.0, Max: 1, Diff: 0, Sum: 10]
      [GC Worker Other (ms): Min: 0.0, Avg: 0.0, Max: 0.1, Diff: 0.1, Sum: 0.4]
      [GC Worker Total (ms): Min: 1.9, Avg: 2.2, Max: 2.4, Diff: 0.5, Sum: 21.8]
      [GC Worker End (ms): Min: 391502.6, Avg: 391502.6, Max: 391502.7, Diff: 0.1]
   [Code Root Fixup: 0.0 ms]
   [Code Root Purge: 0.0 ms]
   [Clear CT: 1.3 ms]
   [Other: 3.5 ms]
      [Choose CSet: 0.0 ms]
      [Ref Proc: 1.8 ms]
      [Ref Enq: 0.0 ms]
      [Redirty Cards: 1.4 ms]
      [Humongous Register: 0.0 ms]
      [Humongous Reclaim: 0.0 ms]
      [Free CSet: 0.1 ms]
   [Eden: 152.0M(152.0M)->0.0B(152.0M) Survivors: 1024.0K->1024.0K Heap: 181.7M(256.0M)->30292.5K(256.0M)]
Heap after GC invocations=312 (full 0):
 garbage-first heap   total 262144K, used 30292K [0x00000000f0000000, 0x00000000f0100800, 0x0000000100000000)
  region size 1024K, 1 young (1024K), 1 survivors (1024K)
 Metaspace       used 52840K, capacity 56076K, committed 56192K, reserved 1097728K
  class space    used 6460K, capacity 7028K, committed 7040K, reserved 1048576K
}
 [Times: user=0.02 sys=0.00, real=0.01 secs] 
{Heap before GC invocations=312 (full 0):
 garbage-first heap   total 262144K, used 185940K [0x00000000f0000000, 0x00000000f0100800, 0x0000000100000000)
  region size 1024K, 153 young (156672K), 1 survivors (1024K)
 Metaspace       used 52840K, capacity 56076K, committed 56192K, reserved 1097728K
  class space    used 6460K, capacity 7028K, committed 7040K, reserved 1048576K
2023-10-03T06:51:24.475+0800: 392.338: [GC pause (G1 Evacuation Pause) (young), 0.0079008 secs]
   [Parallel Time: 3.3 ms, GC Workers: 10]
      [GC Worker Start (ms): Min: 392338.6, Avg: 392338.9, Max: 392339.1, Diff: 0.5]
      [Ext Root Scanning (ms): Min: 1.0, Avg: 1.3, Max: 1.6, Diff: 0.6, Sum: 12.6]
      [Update RS (ms): Min: 0.4, Avg: 0.4, Max: 0.6, Diff: 0.2, Sum: 4.5]
         [Processed Buffers: Min: 3, Avg: 5.3, Max: 8, Diff: 5, Sum: 53]
      [Scan RS (ms): Min: 0.0, Avg: 0.1, Max: 0.1, Diff: 0.1, Sum: 0.7]
      [Code Root Scanning (ms): Min: 0.0, Avg: 0.0, Max: 0.0, Diff: 0.0, Sum: 0.1]
      [Object Copy (ms): Min: 0.3, Avg: 0.4, Max: 0.5, Diff: 0.2, Sum: 4.5]
      [Termination (ms): Min: 0.0, Avg: 0.0, Max: 0.0, Diff: 0.0, Sum: 0.0]
         [Termination Attempts: Min: 1, Avg: 1.0, Max: 1, Diff: 0, Sum: 10]
      [GC Worker Other (ms): Min: 0.0, Avg: 0.0, Max: 0.1, Diff: 0.1, Sum: 0.5]
      [GC Worker Total (ms): Min: 2.1, Avg: 2.3, Max: 2.6, Diff: 0.5, Sum: 22.8]
      [GC Worker End (ms): Min: 392341.2, Avg: 392341.2, Max: 392341.3, Diff: 0.1]
   [Code Root Fixup: 0.0 ms]
   [Code Root Purge: 0.0 ms]
   [Clear CT: 1.7 ms]
   [Other: 2.9 ms]
      [Choose CSet: 0.0 ms]
      [Ref Proc: 1.1 ms]
      [Ref Enq: 0.0 ms]
      [Redirty Cards: 1.5 ms]
      [Humongous Register: 0.0 ms]
      [Humongous Reclaim: 0.0 ms]
      [Free CSet: 0.2 ms]
   [Eden: 152.0M(152.0M)->0.0B(152.0M) Survivors: 1024.0K->1024.0K Heap: 181.6M(256.0M)->30401.0K(256.0M)]
Heap after GC invocations=313 (full 0):
 garbage-first heap   total 262144K, used 30401K [0x00000000f0000000, 0x00000000f0100800, 0x0000000100000000)
  region size 1024K, 1 young (1024K), 1 survivors (1024K)
 Metaspace       used 52840K, capacity 56076K, committed 56192K, reserved 1097728K
  class space    used 6460K, capacity 7028K, committed 7040K, reserved 1048576K
}
 [Times: user=0.03 sys=0.00, real=0.01 secs] 
{Heap before GC invocations=313 (full 0):
 garbage-first heap   total 262144K, used 186049K [0x00000000f0000000, 0x00000000f0100800, 0x0000000100000000)
  region size 1024K, 153 young (156672K), 1 survivors (1024K)
 Metaspace       used 52840K, capacity 56076K, committed 56192K, reserved 1097728K
  class space    used 6460K, capacity 7028K, committed 7040K, reserved 1048576K
2023-10-03T06:51:25.310+0800: 393.173: [GC pause (G1 Evacuation Pause) (young), 0.0070004 secs]
   [Parallel Time: 3.2 ms, GC Workers: 10]
      [GC Worker Start (ms): Min: 393173.2, Avg: 393173.5, Max: 393173.7, Diff: 0.5]
      [Ext Root Scanning (ms): Min: 0.9, Avg: 1.1, Max: 1.5, Diff: 0.5, Sum: 11.5]
      [Update RS (ms): Min: 0.3, Avg: 0.4, Max: 0.5, Diff: 0.3, Sum: 4.3]
         [Processed Buffers: Min: 1, Avg: 5.1, Max: 11, Diff: 10, Sum: 51]
      [Scan RS (ms): Min: 0.0, Avg: 0.1, Max: 0.1, Diff: 0.1, Sum: 0.7]
      [Code Root Scanning (ms): Min: 0.0, Avg: 0.0, Max: 0.0, Diff: 0.0, Sum: 0.1]
      [Object Copy (ms): Min: 0.3, Avg: 0.5, Max: 0.6, Diff: 0.3, Sum: 5.1]
      [Termination (ms): Min: 0.0, Avg: 0.0, Max: 0.0, Diff: 0.0, Sum: 0.0]
         [Termination Attempts: Min: 1, Avg: 1.0, Max: 1, Diff: 0, Sum: 10]
      [GC Worker Other (ms): Min: 0.0, Avg: 0.0, Max: 0.1, Diff: 0.1, Sum: 0.5]
      [GC Worker Total (ms): Min: 2.0, Avg: 2.2, Max: 2.4, Diff: 0.5, Sum: 22.2]
      [GC Worker End (ms): Min: 393175.7, Avg: 393175.7, Max: 393175.7, Diff: 0.1]
   [Code Root Fixup: 0.0 ms]
   [Code Root Purge: 0.0 ms]
   [Clear CT: 1.1 ms]
   [Other: 2.7 ms]
      [Choose CSet: 0.0 ms]
      [Ref Proc: 1.5 ms]
      [Ref Enq: 0.0 ms]
      [Redirty Cards: 1.0 ms]
      [Humongous Register: 0.0 ms]
      [Humongous Reclaim: 0.0 ms]
      [Free CSet: 0.1 ms]
   [Eden: 152.0M(152.0M)->0.0B(152.0M) Survivors: 1024.0K->1024.0K Heap: 181.7M(256.0M)->30285.0K(256.0M)]
Heap after GC invocations=314 (full 0):
 garbage-first heap   total 262144K, used 30285K [0x00000000f0000000, 0x00000000f0100800, 0x0000000100000000)
  region size 1024K, 1 young (1024K), 1 survivors (1024K)
 Metaspace       used 52840K, capacity 56076K, committed 56192K, reserved 1097728K
  class space    used 6460K, capacity 7028K, committed 7040K, reserved 1048576K
}
 [Times: user=0.03 sys=0.01, real=0.00 secs] 
{Heap before GC invocations=314 (full 0):
 garbage-first heap   total 262144K, used 185933K [0x00000000f0000000, 0x00000000f0100800, 0x0000000100000000)
  region size 1024K, 153 young (156672K), 1 survivors (1024K)
 Metaspace       used 52840K, capacity 56076K, committed 56192K, reserved 1097728K
  class space    used 6460K, capacity 7028K, committed 7040K, reserved 1048576K
2023-10-03T06:51:26.138+0800: 394.002: [GC pause (G1 Evacuation Pause) (young), 0.0079853 secs]
   [Parallel Time: 3.3 ms, GC Workers: 10]
      [GC Worker Start (ms): Min: 394001.8, Avg: 394002.1, Max: 394002.3, Diff: 0.4]
      [Ext Root Scanning (ms): Min: 1.0, Avg: 1.3, Max: 1.6, Diff: 0.5, Sum: 12.6]
      [Update RS (ms): Min: 0.3, Avg: 0.4, Max: 0.6, Diff: 0.3, Sum: 4.5]
         [Processed Buffers: Min: 2, Avg: 5.0, Max: 8, Diff: 6, Sum: 50]
      [Scan RS (ms): Min: 0.0, Avg: 0.1, Max: 0.1, Diff: 0.1, Sum: 0.5]
      [Code Root Scanning (ms): Min: 0.0, Avg: 0.0, Max: 0.0, Diff: 0.0, Sum: 0.0]
      [Object Copy (ms): Min: 0.3, Avg: 0.5, Max: 0.6, Diff: 0.3, Sum: 4.8]
      [Termination (ms): Min: 0.0, Avg: 0.0, Max: 0.0, Diff: 0.0, Sum: 0.0]
         [Termination Attempts: Min: 1, Avg: 1.0, Max: 1, Diff: 0, Sum: 10]
      [GC Worker Other (ms): Min: 0.0, Avg: 0.0, Max: 0.1, Diff: 0.1, Sum: 0.4]
      [GC Worker Total (ms): Min: 2.1, Avg: 2.3, Max: 2.5, Diff: 0.4, Sum: 22.8]
      [GC Worker End (ms): Min: 394004.3, Avg: 394004.3, Max: 394004.4, Diff: 0.1]
   [Code Root Fixup: 0.0 ms]
   [Code Root Purge: 0.0 ms]
   [Clear CT: 1.4 ms]
   [Other: 3.2 ms]
      [Choose CSet: 0.0 ms]
      [Ref Proc: 1.4 ms]
      [Ref Enq: 0.0 ms]
      [Redirty Cards: 1.4 ms]
      [Humongous Register: 0.0 ms]
      [Humongous Reclaim: 0.0 ms]
      [Free CSet: 0.2 ms]
   [Eden: 152.0M(152.0M)->0.0B(152.0M) Survivors: 1024.0K->1024.0K Heap: 181.6M(256.0M)->30385.8K(256.0M)]
Heap after GC invocations=315 (full 0):
 garbage-first heap   total 262144K, used 30385K [0x00000000f0000000, 0x00000000f0100800, 0x0000000100000000)
  region size 1024K, 1 young (1024K), 1 survivors (1024K)
 Metaspace       used 52840K, capacity 56076K, committed 56192K, reserved 1097728K
  class space    used 6460K, capacity 7028K, committed 7040K, reserved 1048576K
}
 [Times: user=0.03 sys=0.00, real=0.01 secs] 
{Heap before GC invocations=315 (full 0):
 garbage-first heap   total 262144K, used 186033K [0x00000000f0000000, 0x00000000f0100800, 0x0000000100000000)
  region size 1024K, 153 young (156672K), 1 survivors (1024K)
 Metaspace       used 52840K, capacity 56076K, committed 56192K, reserved 1097728K
  class space    used 6460K, capacity 7028K, committed 7040K, reserved 1048576K
2023-10-03T06:51:26.924+0800: 394.787: [GC pause (G1 Evacuation Pause) (young), 0.0072181 secs]
   [Parallel Time: 2.7 ms, GC Workers: 10]
      [GC Worker Start (ms): Min: 394787.6, Avg: 394787.9, Max: 394788.1, Diff: 0.5]
      [Ext Root Scanning (ms): Min: 0.9, Avg: 1.2, Max: 1.5, Diff: 0.6, Sum: 11.6]
      [Update RS (ms): Min: 0.3, Avg: 0.5, Max: 0.6, Diff: 0.3, Sum: 4.7]
         [Processed Buffers: Min: 2, Avg: 5.1, Max: 8, Diff: 6, Sum: 51]
      [Scan RS (ms): Min: 0.0, Avg: 0.1, Max: 0.1, Diff: 0.1, Sum: 0.5]
      [Code Root Scanning (ms): Min: 0.0, Avg: 0.0, Max: 0.0, Diff: 0.0, Sum: 0.0]
      [Object Copy (ms): Min: 0.3, Avg: 0.5, Max: 0.7, Diff: 0.4, Sum: 5.0]
      [Termination (ms): Min: 0.0, Avg: 0.0, Max: 0.0, Diff: 0.0, Sum: 0.0]
         [Termination Attempts: Min: 1, Avg: 1.0, Max: 1, Diff: 0, Sum: 10]
      [GC Worker Other (ms): Min: 0.0, Avg: 0.0, Max: 0.1, Diff: 0.1, Sum: 0.5]
      [GC Worker Total (ms): Min: 2.0, Avg: 2.2, Max: 2.5, Diff: 0.5, Sum: 22.4]
      [GC Worker End (ms): Min: 394790.1, Avg: 394790.1, Max: 394790.2, Diff: 0.1]
   [Code Root Fixup: 0.0 ms]
   [Code Root Purge: 0.0 ms]
   [Clear CT: 1.6 ms]
   [Other: 2.9 ms]
      [Choose CSet: 0.0 ms]
      [Ref Proc: 1.2 ms]
      [Ref Enq: 0.0 ms]
      [Redirty Cards: 1.4 ms]
      [Humongous Register: 0.0 ms]
      [Humongous Reclaim: 0.0 ms]
      [Free CSet: 0.1 ms]
   [Eden: 152.0M(152.0M)->0.0B(152.0M) Survivors: 1024.0K->1024.0K Heap: 181.7M(256.0M)->30376.7K(256.0M)]
Heap after GC invocations=316 (full 0):
 garbage-first heap   total 262144K, used 30376K [0x00000000f0000000, 0x00000000f0100800, 0x0000000100000000)
  region size 1024K, 1 young (1024K), 1 survivors (1024K)
 Metaspace       used 52840K, capacity 56076K, committed 56192K, reserved 1097728K
  class space    used 6460K, capacity 7028K, committed 7040K, reserved 1048576K
}
 [Times: user=0.02 sys=0.00, real=0.01 secs] 
{Heap before GC invocations=316 (full 0):
 garbage-first heap   total 262144K, used 186024K [0x00000000f0000000, 0x00000000f0100800, 0x0000000100000000)
  region size 1024K, 153 young (156672K), 1 survivors (1024K)
 Metaspace       used 52840K, capacity 56076K, committed 56192K, reserved 1097728K
  class space    used 6460K, capacity 7028K, committed 7040K, reserved 1048576K
2023-10-03T06:51:27.729+0800: 395.592: [GC pause (G1 Evacuation Pause) (young), 0.0078364 secs]
   [Parallel Time: 3.5 ms, GC Workers: 10]
      [GC Worker Start (ms): Min: 395592.6, Avg: 395592.9, Max: 395593.1, Diff: 0.5]
      [Ext Root Scanning (ms): Min: 1.0, Avg: 1.3, Max: 1.6, Diff: 0.5, Sum: 12.6]
      [Update RS (ms): Min: 0.3, Avg: 0.5, Max: 0.6, Diff: 0.2, Sum: 4.7]
         [Processed Buffers: Min: 3, Avg: 5.1, Max: 8, Diff: 5, Sum: 51]
      [Scan RS (ms): Min: 0.0, Avg: 0.1, Max: 0.1, Diff: 0.1, Sum: 0.5]
      [Code Root Scanning (ms): Min: 0.0, Avg: 0.0, Max: 0.0, Diff: 0.0, Sum: 0.0]
      [Object Copy (ms): Min: 0.4, Avg: 0.5, Max: 0.7, Diff: 0.3, Sum: 5.5]
      [Termination (ms): Min: 0.0, Avg: 0.0, Max: 0.0, Diff: 0.0, Sum: 0.0]
         [Termination Attempts: Min: 1, Avg: 1.3, Max: 2, Diff: 1, Sum: 13]
      [GC Worker Other (ms): Min: 0.0, Avg: 0.1, Max: 0.2, Diff: 0.2, Sum: 0.6]
      [GC Worker Total (ms): Min: 2.2, Avg: 2.4, Max: 2.6, Diff: 0.4, Sum: 24.1]
      [GC Worker End (ms): Min: 395595.2, Avg: 395595.3, Max: 395595.4, Diff: 0.2]
   [Code Root Fixup: 0.0 ms]
   [Code Root Purge: 0.0 ms]
   [Clear CT: 1.7 ms]
   [Other: 2.6 ms]
      [Choose CSet: 0.0 ms]
      [Ref Proc: 1.0 ms]
      [Ref Enq: 0.0 ms]
      [Redirty Cards: 1.3 ms]
      [Humongous Register: 0.0 ms]
      [Humongous Reclaim: 0.0 ms]
      [Free CSet: 0.1 ms]
   [Eden: 152.0M(152.0M)->0.0B(152.0M) Survivors: 1024.0K->1024.0K Heap: 181.7M(256.0M)->30401.8K(256.0M)]
Heap after GC invocations=317 (full 0):
 garbage-first heap   total 262144K, used 30401K [0x00000000f0000000, 0x00000000f0100800, 0x0000000100000000)
  region size 1024K, 1 young (1024K), 1 survivors (1024K)
 Metaspace       used 52840K, capacity 56076K, committed 56192K, reserved 1097728K
  class space    used 6460K, capacity 7028K, committed 7040K, reserved 1048576K
}
 [Times: user=0.03 sys=0.00, real=0.01 secs] 
{Heap before GC invocations=317 (full 0):
 garbage-first heap   total 262144K, used 186049K [0x00000000f0000000, 0x00000000f0100800, 0x0000000100000000)
  region size 1024K, 153 young (156672K), 1 survivors (1024K)
 Metaspace       used 52840K, capacity 56076K, committed 56192K, reserved 1097728K
  class space    used 6460K, capacity 7028K, committed 7040K, reserved 1048576K
2023-10-03T06:51:28.545+0800: 396.408: [GC pause (G1 Evacuation Pause) (young), 0.0076063 secs]
   [Parallel Time: 3.3 ms, GC Workers: 10]
      [GC Worker Start (ms): Min: 396408.6, Avg: 396408.8, Max: 396409.0, Diff: 0.4]
      [Ext Root Scanning (ms): Min: 1.0, Avg: 1.2, Max: 1.9, Diff: 0.9, Sum: 12.1]
      [Update RS (ms): Min: 0.2, Avg: 0.5, Max: 0.5, Diff: 0.4, Sum: 4.5]
         [Processed Buffers: Min: 2, Avg: 5.1, Max: 10, Diff: 8, Sum: 51]
      [Scan RS (ms): Min: 0.0, Avg: 0.1, Max: 0.1, Diff: 0.1, Sum: 0.6]
      [Code Root Scanning (ms): Min: 0.0, Avg: 0.0, Max: 0.0, Diff: 0.0, Sum: 0.0]
      [Object Copy (ms): Min: 0.4, Avg: 0.6, Max: 0.7, Diff: 0.3, Sum: 5.6]
      [Termination (ms): Min: 0.0, Avg: 0.0, Max: 0.0, Diff: 0.0, Sum: 0.0]
         [Termination Attempts: Min: 1, Avg: 1.0, Max: 1, Diff: 0, Sum: 10]
      [GC Worker Other (ms): Min: 0.0, Avg: 0.1, Max: 0.2, Diff: 0.2, Sum: 0.6]
      [GC Worker Total (ms): Min: 2.1, Avg: 2.3, Max: 2.7, Diff: 0.6, Sum: 23.5]
      [GC Worker End (ms): Min: 396411.1, Avg: 396411.1, Max: 396411.3, Diff: 0.2]
   [Code Root Fixup: 0.0 ms]
   [Code Root Purge: 0.0 ms]
   [Clear CT: 1.4 ms]
   [Other: 2.8 ms]
      [Choose CSet: 0.0 ms]
      [Ref Proc: 1.1 ms]
      [Ref Enq: 0.0 ms]
      [Redirty Cards: 1.4 ms]
      [Humongous Register: 0.0 ms]
      [Humongous Reclaim: 0.0 ms]
      [Free CSet: 0.1 ms]
   [Eden: 152.0M(152.0M)->0.0B(152.0M) Survivors: 1024.0K->1024.0K Heap: 181.7M(256.0M)->30451.6K(256.0M)]
Heap after GC invocations=318 (full 0):
 garbage-first heap   total 262144K, used 30451K [0x00000000f0000000, 0x00000000f0100800, 0x0000000100000000)
  region size 1024K, 1 young (1024K), 1 survivors (1024K)
 Metaspace       used 52840K, capacity 56076K, committed 56192K, reserved 1097728K
  class space    used 6460K, capacity 7028K, committed 7040K, reserved 1048576K
}
 [Times: user=0.02 sys=0.00, real=0.01 secs] 
{Heap before GC invocations=318 (full 0):
 garbage-first heap   total 262144K, used 186099K [0x00000000f0000000, 0x00000000f0100800, 0x0000000100000000)
  region size 1024K, 153 young (156672K), 1 survivors (1024K)
 Metaspace       used 52840K, capacity 56076K, committed 56192K, reserved 1097728K
  class space    used 6460K, capacity 7028K, committed 7040K, reserved 1048576K
2023-10-03T06:51:29.383+0800: 397.246: [GC pause (G1 Evacuation Pause) (young), 0.0073249 secs]
   [Parallel Time: 3.1 ms, GC Workers: 10]
      [GC Worker Start (ms): Min: 397246.4, Avg: 397246.7, Max: 397246.9, Diff: 0.5]
      [Ext Root Scanning (ms): Min: 0.9, Avg: 1.2, Max: 1.5, Diff: 0.6, Sum: 12.1]
      [Update RS (ms): Min: 0.4, Avg: 0.5, Max: 0.6, Diff: 0.2, Sum: 4.5]
         [Processed Buffers: Min: 2, Avg: 5.2, Max: 14, Diff: 12, Sum: 52]
      [Scan RS (ms): Min: 0.0, Avg: 0.1, Max: 0.1, Diff: 0.1, Sum: 0.6]
      [Code Root Scanning (ms): Min: 0.0, Avg: 0.0, Max: 0.0, Diff: 0.0, Sum: 0.0]
      [Object Copy (ms): Min: 0.4, Avg: 0.5, Max: 0.6, Diff: 0.2, Sum: 4.9]
      [Termination (ms): Min: 0.0, Avg: 0.0, Max: 0.0, Diff: 0.0, Sum: 0.0]
         [Termination Attempts: Min: 1, Avg: 1.0, Max: 1, Diff: 0, Sum: 10]
      [GC Worker Other (ms): Min: 0.0, Avg: 0.1, Max: 0.1, Diff: 0.1, Sum: 0.5]
      [GC Worker Total (ms): Min: 2.0, Avg: 2.3, Max: 2.5, Diff: 0.5, Sum: 22.7]
      [GC Worker End (ms): Min: 397248.9, Avg: 397248.9, Max: 397249.0, Diff: 0.1]
   [Code Root Fixup: 0.0 ms]
   [Code Root Purge: 0.0 ms]
   [Clear CT: 1.5 ms]
   [Other: 2.7 ms]
      [Choose CSet: 0.0 ms]
      [Ref Proc: 1.2 ms]
      [Ref Enq: 0.0 ms]
      [Redirty Cards: 1.2 ms]
      [Humongous Register: 0.0 ms]
      [Humongous Reclaim: 0.0 ms]
      [Free CSet: 0.1 ms]
   [Eden: 152.0M(152.0M)->0.0B(152.0M) Survivors: 1024.0K->1024.0K Heap: 181.7M(256.0M)->30346.3K(256.0M)]
Heap after GC invocations=319 (full 0):
 garbage-first heap   total 262144K, used 30346K [0x00000000f0000000, 0x00000000f0100800, 0x0000000100000000)
  region size 1024K, 1 young (1024K), 1 survivors (1024K)
 Metaspace       used 52840K, capacity 56076K, committed 56192K, reserved 1097728K
  class space    used 6460K, capacity 7028K, committed 7040K, reserved 1048576K
}
 [Times: user=0.03 sys=0.00, real=0.01 secs] 
{Heap before GC invocations=319 (full 0):
 garbage-first heap   total 262144K, used 185994K [0x00000000f0000000, 0x00000000f0100800, 0x0000000100000000)
  region size 1024K, 153 young (156672K), 1 survivors (1024K)
 Metaspace       used 52840K, capacity 56076K, committed 56192K, reserved 1097728K
  class space    used 6460K, capacity 7028K, committed 7040K, reserved 1048576K
2023-10-03T06:51:30.203+0800: 398.066: [GC pause (G1 Evacuation Pause) (young), 0.0075550 secs]
   [Parallel Time: 3.2 ms, GC Workers: 10]
      [GC Worker Start (ms): Min: 398066.1, Avg: 398066.3, Max: 398066.5, Diff: 0.4]
      [Ext Root Scanning (ms): Min: 0.9, Avg: 1.2, Max: 1.6, Diff: 0.6, Sum: 11.6]
      [Update RS (ms): Min: 0.4, Avg: 0.4, Max: 0.5, Diff: 0.1, Sum: 4.5]
         [Processed Buffers: Min: 1, Avg: 5.0, Max: 11, Diff: 10, Sum: 50]
      [Scan RS (ms): Min: 0.0, Avg: 0.1, Max: 0.1, Diff: 0.1, Sum: 0.6]
      [Code Root Scanning (ms): Min: 0.0, Avg: 0.0, Max: 0.0, Diff: 0.0, Sum: 0.0]
      [Object Copy (ms): Min: 0.4, Avg: 0.5, Max: 0.6, Diff: 0.2, Sum: 5.0]
      [Termination (ms): Min: 0.0, Avg: 0.0, Max: 0.0, Diff: 0.0, Sum: 0.0]
         [Termination Attempts: Min: 1, Avg: 1.0, Max: 1, Diff: 0, Sum: 10]
      [GC Worker Other (ms): Min: 0.0, Avg: 0.1, Max: 0.2, Diff: 0.1, Sum: 0.5]
      [GC Worker Total (ms): Min: 2.0, Avg: 2.2, Max: 2.5, Diff: 0.5, Sum: 22.2]
      [GC Worker End (ms): Min: 398068.5, Avg: 398068.5, Max: 398068.6, Diff: 0.1]
   [Code Root Fixup: 0.0 ms]
   [Code Root Purge: 0.0 ms]
   [Clear CT: 2.0 ms]
   [Other: 2.4 ms]
      [Choose CSet: 0.0 ms]
      [Ref Proc: 0.8 ms]
      [Ref Enq: 0.0 ms]
      [Redirty Cards: 1.3 ms]
      [Humongous Register: 0.0 ms]
      [Humongous Reclaim: 0.0 ms]
      [Free CSet: 0.1 ms]
   [Eden: 152.0M(152.0M)->0.0B(152.0M) Survivors: 1024.0K->1024.0K Heap: 181.6M(256.0M)->30350.3K(256.0M)]
Heap after GC invocations=320 (full 0):
 garbage-first heap   total 262144K, used 30350K [0x00000000f0000000, 0x00000000f0100800, 0x0000000100000000)
  region size 1024K, 1 young (1024K), 1 survivors (1024K)
 Metaspace       used 52840K, capacity 56076K, committed 56192K, reserved 1097728K
  class space    used 6460K, capacity 7028K, committed 7040K, reserved 1048576K
}
 [Times: user=0.03 sys=0.01, real=0.01 secs] 
{Heap before GC invocations=320 (full 0):
 garbage-first heap   total 262144K, used 185998K [0x00000000f0000000, 0x00000000f0100800, 0x0000000100000000)
  region size 1024K, 153 young (156672K), 1 survivors (1024K)
 Metaspace       used 52840K, capacity 56076K, committed 56192K, reserved 1097728K
  class space    used 6460K, capacity 7028K, committed 7040K, reserved 1048576K
2023-10-03T06:51:31.044+0800: 398.907: [GC pause (G1 Evacuation Pause) (young), 0.0077529 secs]
   [Parallel Time: 3.2 ms, GC Workers: 10]
      [GC Worker Start (ms): Min: 398907.0, Avg: 398907.3, Max: 398907.5, Diff: 0.5]
      [Ext Root Scanning (ms): Min: 0.9, Avg: 1.2, Max: 1.5, Diff: 0.6, Sum: 11.5]
      [Update RS (ms): Min: 0.4, Avg: 0.5, Max: 0.5, Diff: 0.1, Sum: 4.6]
         [Processed Buffers: Min: 2, Avg: 5.1, Max: 9, Diff: 7, Sum: 51]
      [Scan RS (ms): Min: 0.0, Avg: 0.1, Max: 0.1, Diff: 0.1, Sum: 0.7]
      [Code Root Scanning (ms): Min: 0.0, Avg: 0.0, Max: 0.0, Diff: 0.0, Sum: 0.0]
      [Object Copy (ms): Min: 0.3, Avg: 0.5, Max: 0.6, Diff: 0.3, Sum: 4.9]
      [Termination (ms): Min: 0.0, Avg: 0.0, Max: 0.0, Diff: 0.0, Sum: 0.0]
         [Termination Attempts: Min: 1, Avg: 1.0, Max: 1, Diff: 0, Sum: 10]
      [GC Worker Other (ms): Min: 0.0, Avg: 0.0, Max: 0.1, Diff: 0.1, Sum: 0.3]
      [GC Worker Total (ms): Min: 2.0, Avg: 2.2, Max: 2.5, Diff: 0.5, Sum: 22.1]
      [GC Worker End (ms): Min: 398909.4, Avg: 398909.5, Max: 398909.5, Diff: 0.1]
   [Code Root Fixup: 0.0 ms]
   [Code Root Purge: 0.0 ms]
   [Clear CT: 1.4 ms]
   [Other: 3.1 ms]
      [Choose CSet: 0.0 ms]
      [Ref Proc: 1.4 ms]
      [Ref Enq: 0.0 ms]
      [Redirty Cards: 1.5 ms]
      [Humongous Register: 0.0 ms]
      [Humongous Reclaim: 0.0 ms]
      [Free CSet: 0.1 ms]
   [Eden: 152.0M(152.0M)->0.0B(152.0M) Survivors: 1024.0K->1024.0K Heap: 181.6M(256.0M)->30405.5K(256.0M)]
Heap after GC invocations=321 (full 0):
 garbage-first heap   total 262144K, used 30405K [0x00000000f0000000, 0x00000000f0100800, 0x0000000100000000)
  region size 1024K, 1 young (1024K), 1 survivors (1024K)
 Metaspace       used 52840K, capacity 56076K, committed 56192K, reserved 1097728K
  class space    used 6460K, capacity 7028K, committed 7040K, reserved 1048576K
}
 [Times: user=0.02 sys=0.01, real=0.01 secs] 
{Heap before GC invocations=321 (full 0):
 garbage-first heap   total 262144K, used 186053K [0x00000000f0000000, 0x00000000f0100800, 0x0000000100000000)
  region size 1024K, 153 young (156672K), 1 survivors (1024K)
 Metaspace       used 52840K, capacity 56076K, committed 56192K, reserved 1097728K
  class space    used 6460K, capacity 7028K, committed 7040K, reserved 1048576K
2023-10-03T06:51:31.857+0800: 399.720: [GC pause (G1 Evacuation Pause) (young), 0.0074720 secs]
   [Parallel Time: 3.0 ms, GC Workers: 10]
      [GC Worker Start (ms): Min: 399720.0, Avg: 399720.2, Max: 399720.4, Diff: 0.5]
      [Ext Root Scanning (ms): Min: 0.9, Avg: 1.2, Max: 1.5, Diff: 0.6, Sum: 11.8]
      [Update RS (ms): Min: 0.4, Avg: 0.4, Max: 0.6, Diff: 0.2, Sum: 4.5]
         [Processed Buffers: Min: 2, Avg: 5.2, Max: 9, Diff: 7, Sum: 52]
      [Scan RS (ms): Min: 0.0, Avg: 0.1, Max: 0.1, Diff: 0.1, Sum: 0.7]
      [Code Root Scanning (ms): Min: 0.0, Avg: 0.0, Max: 0.0, Diff: 0.0, Sum: 0.0]
      [Object Copy (ms): Min: 0.3, Avg: 0.5, Max: 0.6, Diff: 0.2, Sum: 4.9]
      [Termination (ms): Min: 0.0, Avg: 0.0, Max: 0.0, Diff: 0.0, Sum: 0.0]
         [Termination Attempts: Min: 1, Avg: 1.0, Max: 1, Diff: 0, Sum: 10]
      [GC Worker Other (ms): Min: 0.0, Avg: 0.0, Max: 0.1, Diff: 0.1, Sum: 0.4]
      [GC Worker Total (ms): Min: 2.0, Avg: 2.2, Max: 2.5, Diff: 0.5, Sum: 22.2]
      [GC Worker End (ms): Min: 399722.4, Avg: 399722.4, Max: 399722.5, Diff: 0.1]
   [Code Root Fixup: 0.0 ms]
   [Code Root Purge: 0.0 ms]
   [Clear CT: 1.6 ms]
   [Other: 2.9 ms]
      [Choose CSet: 0.0 ms]
      [Ref Proc: 1.2 ms]
      [Ref Enq: 0.0 ms]
      [Redirty Cards: 1.3 ms]
      [Humongous Register: 0.0 ms]
      [Humongous Reclaim: 0.0 ms]
      [Free CSet: 0.1 ms]
   [Eden: 152.0M(152.0M)->0.0B(152.0M) Survivors: 1024.0K->1024.0K Heap: 181.7M(256.0M)->30411.5K(256.0M)]
Heap after GC invocations=322 (full 0):
 garbage-first heap   total 262144K, used 30411K [0x00000000f0000000, 0x00000000f0100800, 0x0000000100000000)
  region size 1024K, 1 young (1024K), 1 survivors (1024K)
 Metaspace       used 52840K, capacity 56076K, committed 56192K, reserved 1097728K
  class space    used 6460K, capacity 7028K, committed 7040K, reserved 1048576K
}
 [Times: user=0.02 sys=0.01, real=0.01 secs] 
{Heap before GC invocations=322 (full 0):
 garbage-first heap   total 262144K, used 186059K [0x00000000f0000000, 0x00000000f0100800, 0x0000000100000000)
  region size 1024K, 153 young (156672K), 1 survivors (1024K)
 Metaspace       used 52840K, capacity 56076K, committed 56192K, reserved 1097728K
  class space    used 6460K, capacity 7028K, committed 7040K, reserved 1048576K
2023-10-03T06:51:32.670+0800: 400.533: [GC pause (G1 Evacuation Pause) (young), 0.0075244 secs]
   [Parallel Time: 3.2 ms, GC Workers: 10]
      [GC Worker Start (ms): Min: 400533.0, Avg: 400533.2, Max: 400533.4, Diff: 0.4]
      [Ext Root Scanning (ms): Min: 0.9, Avg: 1.2, Max: 1.6, Diff: 0.6, Sum: 11.7]
      [Update RS (ms): Min: 0.4, Avg: 0.5, Max: 0.5, Diff: 0.1, Sum: 4.5]
         [Processed Buffers: Min: 3, Avg: 5.1, Max: 10, Diff: 7, Sum: 51]
      [Scan RS (ms): Min: 0.0, Avg: 0.1, Max: 0.1, Diff: 0.1, Sum: 0.5]
      [Code Root Scanning (ms): Min: 0.0, Avg: 0.0, Max: 0.0, Diff: 0.0, Sum: 0.0]
      [Object Copy (ms): Min: 0.3, Avg: 0.5, Max: 0.6, Diff: 0.2, Sum: 4.9]
      [Termination (ms): Min: 0.0, Avg: 0.0, Max: 0.0, Diff: 0.0, Sum: 0.0]
         [Termination Attempts: Min: 1, Avg: 1.0, Max: 1, Diff: 0, Sum: 10]
      [GC Worker Other (ms): Min: 0.0, Avg: 0.1, Max: 0.2, Diff: 0.1, Sum: 0.5]
      [GC Worker Total (ms): Min: 2.0, Avg: 2.2, Max: 2.4, Diff: 0.4, Sum: 22.2]
      [GC Worker End (ms): Min: 400535.4, Avg: 400535.4, Max: 400535.5, Diff: 0.1]
   [Code Root Fixup: 0.0 ms]
   [Code Root Purge: 0.0 ms]
   [Clear CT: 1.7 ms]
   [Other: 2.6 ms]
      [Choose CSet: 0.0 ms]
      [Ref Proc: 1.1 ms]
      [Ref Enq: 0.0 ms]
      [Redirty Cards: 1.2 ms]
      [Humongous Register: 0.0 ms]
      [Humongous Reclaim: 0.0 ms]
      [Free CSet: 0.1 ms]
   [Eden: 152.0M(152.0M)->0.0B(152.0M) Survivors: 1024.0K->1024.0K Heap: 181.7M(256.0M)->30435.6K(256.0M)]
Heap after GC invocations=323 (full 0):
 garbage-first heap   total 262144K, used 30435K [0x00000000f0000000, 0x00000000f0100800, 0x0000000100000000)
  region size 1024K, 1 young (1024K), 1 survivors (1024K)
 Metaspace       used 52840K, capacity 56076K, committed 56192K, reserved 1097728K
  class space    used 6460K, capacity 7028K, committed 7040K, reserved 1048576K
}
 [Times: user=0.02 sys=0.01, real=0.01 secs] 
{Heap before GC invocations=323 (full 0):
 garbage-first heap   total 262144K, used 186083K [0x00000000f0000000, 0x00000000f0100800, 0x0000000100000000)
  region size 1024K, 153 young (156672K), 1 survivors (1024K)
 Metaspace       used 52840K, capacity 56076K, committed 56192K, reserved 1097728K
  class space    used 6460K, capacity 7028K, committed 7040K, reserved 1048576K
2023-10-03T06:51:33.486+0800: 401.349: [GC pause (G1 Evacuation Pause) (young), 0.0073350 secs]
   [Parallel Time: 3.1 ms, GC Workers: 10]
      [GC Worker Start (ms): Min: 401349.6, Avg: 401349.8, Max: 401350.0, Diff: 0.4]
      [Ext Root Scanning (ms): Min: 0.9, Avg: 1.2, Max: 1.5, Diff: 0.5, Sum: 11.6]
      [Update RS (ms): Min: 0.4, Avg: 0.4, Max: 0.5, Diff: 0.2, Sum: 4.4]
         [Processed Buffers: Min: 2, Avg: 5.1, Max: 10, Diff: 8, Sum: 51]
      [Scan RS (ms): Min: 0.0, Avg: 0.1, Max: 0.1, Diff: 0.1, Sum: 0.5]
      [Code Root Scanning (ms): Min: 0.0, Avg: 0.0, Max: 0.0, Diff: 0.0, Sum: 0.0]
      [Object Copy (ms): Min: 0.4, Avg: 0.5, Max: 0.6, Diff: 0.2, Sum: 5.3]
      [Termination (ms): Min: 0.0, Avg: 0.0, Max: 0.0, Diff: 0.0, Sum: 0.0]
         [Termination Attempts: Min: 1, Avg: 1.0, Max: 1, Diff: 0, Sum: 10]
      [GC Worker Other (ms): Min: 0.0, Avg: 0.0, Max: 0.1, Diff: 0.1, Sum: 0.4]
      [GC Worker Total (ms): Min: 2.1, Avg: 2.2, Max: 2.5, Diff: 0.4, Sum: 22.4]
      [GC Worker End (ms): Min: 401352.1, Avg: 401352.1, Max: 401352.2, Diff: 0.1]
   [Code Root Fixup: 0.0 ms]
   [Code Root Purge: 0.0 ms]
   [Clear CT: 1.4 ms]
   [Other: 2.9 ms]
      [Choose CSet: 0.0 ms]
      [Ref Proc: 1.3 ms]
      [Ref Enq: 0.0 ms]
      [Redirty Cards: 1.2 ms]
      [Humongous Register: 0.0 ms]
      [Humongous Reclaim: 0.0 ms]
      [Free CSet: 0.1 ms]
   [Eden: 152.0M(152.0M)->0.0B(152.0M) Survivors: 1024.0K->1024.0K Heap: 181.7M(256.0M)->30434.2K(256.0M)]
Heap after GC invocations=324 (full 0):
 garbage-first heap   total 262144K, used 30434K [0x00000000f0000000, 0x00000000f0100800, 0x0000000100000000)
  region size 1024K, 1 young (1024K), 1 survivors (1024K)
 Metaspace       used 52840K, capacity 56076K, committed 56192K, reserved 1097728K
  class space    used 6460K, capacity 7028K, committed 7040K, reserved 1048576K
}
 [Times: user=0.02 sys=0.01, real=0.01 secs] 
{Heap before GC invocations=324 (full 0):
 garbage-first heap   total 262144K, used 186082K [0x00000000f0000000, 0x00000000f0100800, 0x0000000100000000)
  region size 1024K, 153 young (156672K), 1 survivors (1024K)
 Metaspace       used 52840K, capacity 56076K, committed 56192K, reserved 1097728K
  class space    used 6460K, capacity 7028K, committed 7040K, reserved 1048576K
2023-10-03T06:51:34.341+0800: 402.204: [GC pause (G1 Evacuation Pause) (young), 0.0078594 secs]
   [Parallel Time: 3.3 ms, GC Workers: 10]
      [GC Worker Start (ms): Min: 402204.5, Avg: 402204.7, Max: 402204.9, Diff: 0.5]
      [Ext Root Scanning (ms): Min: 1.0, Avg: 1.2, Max: 1.5, Diff: 0.5, Sum: 11.8]
      [Update RS (ms): Min: 0.4, Avg: 0.5, Max: 0.6, Diff: 0.1, Sum: 4.7]
         [Processed Buffers: Min: 2, Avg: 5.4, Max: 8, Diff: 6, Sum: 54]
      [Scan RS (ms): Min: 0.1, Avg: 0.1, Max: 0.1, Diff: 0.0, Sum: 0.8]
      [Code Root Scanning (ms): Min: 0.0, Avg: 0.0, Max: 0.0, Diff: 0.0, Sum: 0.0]
      [Object Copy (ms): Min: 0.3, Avg: 0.5, Max: 0.6, Diff: 0.3, Sum: 4.7]
      [Termination (ms): Min: 0.0, Avg: 0.0, Max: 0.0, Diff: 0.0, Sum: 0.0]
         [Termination Attempts: Min: 1, Avg: 1.0, Max: 1, Diff: 0, Sum: 10]
      [GC Worker Other (ms): Min: 0.0, Avg: 0.0, Max: 0.1, Diff: 0.1, Sum: 0.4]
      [GC Worker Total (ms): Min: 2.0, Avg: 2.3, Max: 2.5, Diff: 0.5, Sum: 22.5]
      [GC Worker End (ms): Min: 402206.9, Avg: 402207.0, Max: 402207.0, Diff: 0.1]
   [Code Root Fixup: 0.0 ms]
   [Code Root Purge: 0.0 ms]
   [Clear CT: 1.3 ms]
   [Other: 3.2 ms]
      [Choose CSet: 0.0 ms]
      [Ref Proc: 1.5 ms]
      [Ref Enq: 0.0 ms]
      [Redirty Cards: 1.5 ms]
      [Humongous Register: 0.0 ms]
      [Humongous Reclaim: 0.0 ms]
      [Free CSet: 0.1 ms]
   [Eden: 152.0M(152.0M)->0.0B(152.0M) Survivors: 1024.0K->1024.0K Heap: 181.7M(256.0M)->30342.2K(256.0M)]
Heap after GC invocations=325 (full 0):
 garbage-first heap   total 262144K, used 30342K [0x00000000f0000000, 0x00000000f0100800, 0x0000000100000000)
  region size 1024K, 1 young (1024K), 1 survivors (1024K)
 Metaspace       used 52840K, capacity 56076K, committed 56192K, reserved 1097728K
  class space    used 6460K, capacity 7028K, committed 7040K, reserved 1048576K
}
 [Times: user=0.03 sys=0.00, real=0.00 secs] 
{Heap before GC invocations=325 (full 0):
 garbage-first heap   total 262144K, used 185990K [0x00000000f0000000, 0x00000000f0100800, 0x0000000100000000)
  region size 1024K, 153 young (156672K), 1 survivors (1024K)
 Metaspace       used 52840K, capacity 56076K, committed 56192K, reserved 1097728K
  class space    used 6460K, capacity 7028K, committed 7040K, reserved 1048576K
2023-10-03T06:51:35.161+0800: 403.024: [GC pause (G1 Evacuation Pause) (young), 0.0080760 secs]
   [Parallel Time: 3.4 ms, GC Workers: 10]
      [GC Worker Start (ms): Min: 403024.3, Avg: 403024.6, Max: 403024.8, Diff: 0.5]
      [Ext Root Scanning (ms): Min: 0.9, Avg: 1.2, Max: 1.5, Diff: 0.6, Sum: 11.9]
      [Update RS (ms): Min: 0.4, Avg: 0.5, Max: 0.6, Diff: 0.2, Sum: 4.8]
         [Processed Buffers: Min: 2, Avg: 5.0, Max: 10, Diff: 8, Sum: 50]
      [Scan RS (ms): Min: 0.0, Avg: 0.1, Max: 0.1, Diff: 0.1, Sum: 0.6]
      [Code Root Scanning (ms): Min: 0.0, Avg: 0.0, Max: 0.0, Diff: 0.0, Sum: 0.0]
      [Object Copy (ms): Min: 0.4, Avg: 0.5, Max: 0.6, Diff: 0.3, Sum: 5.3]
      [Termination (ms): Min: 0.0, Avg: 0.0, Max: 0.0, Diff: 0.0, Sum: 0.0]
         [Termination Attempts: Min: 1, Avg: 1.3, Max: 2, Diff: 1, Sum: 13]
      [GC Worker Other (ms): Min: 0.0, Avg: 0.0, Max: 0.1, Diff: 0.1, Sum: 0.3]
      [GC Worker Total (ms): Min: 2.1, Avg: 2.3, Max: 2.5, Diff: 0.5, Sum: 23.0]
      [GC Worker End (ms): Min: 403026.9, Avg: 403026.9, Max: 403026.9, Diff: 0.1]
   [Code Root Fixup: 0.0 ms]
   [Code Root Purge: 0.0 ms]
   [Clear CT: 1.5 ms]
   [Other: 3.2 ms]
      [Choose CSet: 0.0 ms]
      [Ref Proc: 1.5 ms]
      [Ref Enq: 0.0 ms]
      [Redirty Cards: 1.4 ms]
      [Humongous Register: 0.0 ms]
      [Humongous Reclaim: 0.0 ms]
      [Free CSet: 0.1 ms]
   [Eden: 152.0M(152.0M)->0.0B(152.0M) Survivors: 1024.0K->1024.0K Heap: 181.6M(256.0M)->30476.1K(256.0M)]
Heap after GC invocations=326 (full 0):
 garbage-first heap   total 262144K, used 30476K [0x00000000f0000000, 0x00000000f0100800, 0x0000000100000000)
  region size 1024K, 1 young (1024K), 1 survivors (1024K)
 Metaspace       used 52840K, capacity 56076K, committed 56192K, reserved 1097728K
  class space    used 6460K, capacity 7028K, committed 7040K, reserved 1048576K
}
 [Times: user=0.03 sys=0.00, real=0.00 secs] 
{Heap before GC invocations=326 (full 0):
 garbage-first heap   total 262144K, used 186124K [0x00000000f0000000, 0x00000000f0100800, 0x0000000100000000)
  region size 1024K, 153 young (156672K), 1 survivors (1024K)
 Metaspace       used 52840K, capacity 56076K, committed 56192K, reserved 1097728K
  class space    used 6460K, capacity 7028K, committed 7040K, reserved 1048576K
2023-10-03T06:51:35.984+0800: 403.847: [GC pause (G1 Evacuation Pause) (young), 0.0073403 secs]
   [Parallel Time: 3.2 ms, GC Workers: 10]
      [GC Worker Start (ms): Min: 403847.6, Avg: 403847.9, Max: 403848.1, Diff: 0.4]
      [Ext Root Scanning (ms): Min: 1.0, Avg: 1.2, Max: 1.6, Diff: 0.5, Sum: 12.0]
      [Update RS (ms): Min: 0.4, Avg: 0.5, Max: 0.6, Diff: 0.1, Sum: 4.9]
         [Processed Buffers: Min: 3, Avg: 5.1, Max: 7, Diff: 4, Sum: 51]
      [Scan RS (ms): Min: 0.0, Avg: 0.1, Max: 0.1, Diff: 0.1, Sum: 0.7]
      [Code Root Scanning (ms): Min: 0.0, Avg: 0.0, Max: 0.0, Diff: 0.0, Sum: 0.0]
      [Object Copy (ms): Min: 0.3, Avg: 0.5, Max: 0.6, Diff: 0.3, Sum: 5.3]
      [Termination (ms): Min: 0.0, Avg: 0.0, Max: 0.0, Diff: 0.0, Sum: 0.0]
         [Termination Attempts: Min: 1, Avg: 1.0, Max: 1, Diff: 0, Sum: 10]
      [GC Worker Other (ms): Min: 0.0, Avg: 0.0, Max: 0.1, Diff: 0.1, Sum: 0.4]
      [GC Worker Total (ms): Min: 2.1, Avg: 2.3, Max: 2.6, Diff: 0.5, Sum: 23.3]
      [GC Worker End (ms): Min: 403850.2, Avg: 403850.2, Max: 403850.2, Diff: 0.1]
   [Code Root Fixup: 0.0 ms]
   [Code Root Purge: 0.0 ms]
   [Clear CT: 1.2 ms]
   [Other: 2.9 ms]
      [Choose CSet: 0.0 ms]
      [Ref Proc: 1.2 ms]
      [Ref Enq: 0.0 ms]
      [Redirty Cards: 1.3 ms]
      [Humongous Register: 0.0 ms]
      [Humongous Reclaim: 0.0 ms]
      [Free CSet: 0.1 ms]
   [Eden: 152.0M(152.0M)->0.0B(152.0M) Survivors: 1024.0K->1024.0K Heap: 181.8M(256.0M)->30385.9K(256.0M)]
Heap after GC invocations=327 (full 0):
 garbage-first heap   total 262144K, used 30385K [0x00000000f0000000, 0x00000000f0100800, 0x0000000100000000)
  region size 1024K, 1 young (1024K), 1 survivors (1024K)
 Metaspace       used 52840K, capacity 56076K, committed 56192K, reserved 1097728K
  class space    used 6460K, capacity 7028K, committed 7040K, reserved 1048576K
}
 [Times: user=0.03 sys=0.00, real=0.01 secs] 
{Heap before GC invocations=327 (full 0):
 garbage-first heap   total 262144K, used 186033K [0x00000000f0000000, 0x00000000f0100800, 0x0000000100000000)
  region size 1024K, 153 young (156672K), 1 survivors (1024K)
 Metaspace       used 52840K, capacity 56076K, committed 56192K, reserved 1097728K
  class space    used 6460K, capacity 7028K, committed 7040K, reserved 1048576K
2023-10-03T06:51:36.805+0800: 404.668: [GC pause (G1 Evacuation Pause) (young), 0.0080576 secs]
   [Parallel Time: 3.2 ms, GC Workers: 10]
      [GC Worker Start (ms): Min: 404668.5, Avg: 404668.7, Max: 404668.9, Diff: 0.4]
      [Ext Root Scanning (ms): Min: 1.0, Avg: 1.2, Max: 1.5, Diff: 0.6, Sum: 12.2]
      [Update RS (ms): Min: 0.2, Avg: 0.4, Max: 0.5, Diff: 0.3, Sum: 4.3]
         [Processed Buffers: Min: 3, Avg: 5.1, Max: 6, Diff: 3, Sum: 51]
      [Scan RS (ms): Min: 0.0, Avg: 0.1, Max: 0.1, Diff: 0.1, Sum: 0.6]
      [Code Root Scanning (ms): Min: 0.0, Avg: 0.0, Max: 0.0, Diff: 0.0, Sum: 0.0]
      [Object Copy (ms): Min: 0.3, Avg: 0.5, Max: 0.7, Diff: 0.4, Sum: 5.0]
      [Termination (ms): Min: 0.0, Avg: 0.0, Max: 0.0, Diff: 0.0, Sum: 0.0]
         [Termination Attempts: Min: 1, Avg: 1.0, Max: 1, Diff: 0, Sum: 10]
      [GC Worker Other (ms): Min: 0.0, Avg: 0.0, Max: 0.1, Diff: 0.1, Sum: 0.4]
      [GC Worker Total (ms): Min: 2.0, Avg: 2.3, Max: 2.5, Diff: 0.4, Sum: 22.6]
      [GC Worker End (ms): Min: 404670.9, Avg: 404671.0, Max: 404671.0, Diff: 0.1]
   [Code Root Fixup: 0.0 ms]
   [Code Root Purge: 0.0 ms]
   [Clear CT: 1.5 ms]
   [Other: 3.3 ms]
      [Choose CSet: 0.0 ms]
      [Ref Proc: 1.6 ms]
      [Ref Enq: 0.0 ms]
      [Redirty Cards: 1.4 ms]
      [Humongous Register: 0.0 ms]
      [Humongous Reclaim: 0.0 ms]
      [Free CSet: 0.2 ms]
   [Eden: 152.0M(152.0M)->0.0B(152.0M) Survivors: 1024.0K->1024.0K Heap: 181.7M(256.0M)->30358.4K(256.0M)]
Heap after GC invocations=328 (full 0):
 garbage-first heap   total 262144K, used 30358K [0x00000000f0000000, 0x00000000f0100800, 0x0000000100000000)
  region size 1024K, 1 young (1024K), 1 survivors (1024K)
 Metaspace       used 52840K, capacity 56076K, committed 56192K, reserved 1097728K
  class space    used 6460K, capacity 7028K, committed 7040K, reserved 1048576K
}
 [Times: user=0.03 sys=0.00, real=0.01 secs] 
{Heap before GC invocations=328 (full 0):
 garbage-first heap   total 262144K, used 186006K [0x00000000f0000000, 0x00000000f0100800, 0x0000000100000000)
  region size 1024K, 153 young (156672K), 1 survivors (1024K)
 Metaspace       used 52840K, capacity 56076K, committed 56192K, reserved 1097728K
  class space    used 6460K, capacity 7028K, committed 7040K, reserved 1048576K
2023-10-03T06:51:37.584+0800: 405.447: [GC pause (G1 Evacuation Pause) (young), 0.0074852 secs]
   [Parallel Time: 3.3 ms, GC Workers: 10]
      [GC Worker Start (ms): Min: 405447.3, Avg: 405447.5, Max: 405447.8, Diff: 0.5]
      [Ext Root Scanning (ms): Min: 0.9, Avg: 1.1, Max: 1.5, Diff: 0.6, Sum: 11.2]
      [Update RS (ms): Min: 0.3, Avg: 0.4, Max: 0.5, Diff: 0.2, Sum: 4.4]
         [Processed Buffers: Min: 3, Avg: 5.1, Max: 8, Diff: 5, Sum: 51]
      [Scan RS (ms): Min: 0.0, Avg: 0.1, Max: 0.1, Diff: 0.1, Sum: 0.6]
      [Code Root Scanning (ms): Min: 0.0, Avg: 0.0, Max: 0.0, Diff: 0.0, Sum: 0.0]
      [Object Copy (ms): Min: 0.4, Avg: 0.5, Max: 0.6, Diff: 0.2, Sum: 5.4]
      [Termination (ms): Min: 0.0, Avg: 0.0, Max: 0.0, Diff: 0.0, Sum: 0.0]
         [Termination Attempts: Min: 1, Avg: 1.4, Max: 2, Diff: 1, Sum: 14]
      [GC Worker Other (ms): Min: 0.0, Avg: 0.0, Max: 0.1, Diff: 0.1, Sum: 0.5]
      [GC Worker Total (ms): Min: 2.0, Avg: 2.2, Max: 2.5, Diff: 0.4, Sum: 22.1]
      [GC Worker End (ms): Min: 405449.7, Avg: 405449.8, Max: 405449.9, Diff: 0.1]
   [Code Root Fixup: 0.0 ms]
   [Code Root Purge: 0.0 ms]
   [Clear CT: 1.2 ms]
   [Other: 3.1 ms]
      [Choose CSet: 0.0 ms]
      [Ref Proc: 1.3 ms]
      [Ref Enq: 0.0 ms]
      [Redirty Cards: 1.4 ms]
      [Humongous Register: 0.0 ms]
      [Humongous Reclaim: 0.0 ms]
      [Free CSet: 0.1 ms]
   [Eden: 152.0M(152.0M)->0.0B(152.0M) Survivors: 1024.0K->1024.0K Heap: 181.6M(256.0M)->30369.4K(256.0M)]
Heap after GC invocations=329 (full 0):
 garbage-first heap   total 262144K, used 30369K [0x00000000f0000000, 0x00000000f0100800, 0x0000000100000000)
  region size 1024K, 1 young (1024K), 1 survivors (1024K)
 Metaspace       used 52840K, capacity 56076K, committed 56192K, reserved 1097728K
  class space    used 6460K, capacity 7028K, committed 7040K, reserved 1048576K
}
 [Times: user=0.03 sys=0.00, real=0.01 secs] 
{Heap before GC invocations=329 (full 0):
 garbage-first heap   total 262144K, used 186017K [0x00000000f0000000, 0x00000000f0100800, 0x0000000100000000)
  region size 1024K, 153 young (156672K), 1 survivors (1024K)
 Metaspace       used 52840K, capacity 56076K, committed 56192K, reserved 1097728K
  class space    used 6460K, capacity 7028K, committed 7040K, reserved 1048576K
2023-10-03T06:51:38.391+0800: 406.254: [GC pause (G1 Evacuation Pause) (young), 0.0074527 secs]
   [Parallel Time: 3.1 ms, GC Workers: 10]
      [GC Worker Start (ms): Min: 406254.1, Avg: 406254.3, Max: 406254.5, Diff: 0.4]
      [Ext Root Scanning (ms): Min: 0.9, Avg: 1.1, Max: 1.5, Diff: 0.6, Sum: 10.9]
      [Update RS (ms): Min: 0.4, Avg: 0.4, Max: 0.5, Diff: 0.1, Sum: 4.3]
         [Processed Buffers: Min: 1, Avg: 5.1, Max: 10, Diff: 9, Sum: 51]
      [Scan RS (ms): Min: 0.0, Avg: 0.1, Max: 0.1, Diff: 0.1, Sum: 0.6]
      [Code Root Scanning (ms): Min: 0.0, Avg: 0.0, Max: 0.0, Diff: 0.0, Sum: 0.0]
      [Object Copy (ms): Min: 0.4, Avg: 0.5, Max: 0.6, Diff: 0.2, Sum: 4.9]
      [Termination (ms): Min: 0.0, Avg: 0.0, Max: 0.0, Diff: 0.0, Sum: 0.0]
         [Termination Attempts: Min: 1, Avg: 1.0, Max: 1, Diff: 0, Sum: 10]
      [GC Worker Other (ms): Min: 0.0, Avg: 0.0, Max: 0.1, Diff: 0.1, Sum: 0.5]
      [GC Worker Total (ms): Min: 2.0, Avg: 2.1, Max: 2.3, Diff: 0.4, Sum: 21.2]
      [GC Worker End (ms): Min: 406256.4, Avg: 406256.4, Max: 406256.5, Diff: 0.1]
   [Code Root Fixup: 0.0 ms]
   [Code Root Purge: 0.0 ms]
   [Clear CT: 1.1 ms]
   [Other: 3.2 ms]
      [Choose CSet: 0.0 ms]
      [Ref Proc: 1.5 ms]
      [Ref Enq: 0.0 ms]
      [Redirty Cards: 1.5 ms]
      [Humongous Register: 0.0 ms]
      [Humongous Reclaim: 0.0 ms]
      [Free CSet: 0.1 ms]
   [Eden: 152.0M(152.0M)->0.0B(152.0M) Survivors: 1024.0K->1024.0K Heap: 181.7M(256.0M)->30388.2K(256.0M)]
Heap after GC invocations=330 (full 0):
 garbage-first heap   total 262144K, used 30388K [0x00000000f0000000, 0x00000000f0100800, 0x0000000100000000)
  region size 1024K, 1 young (1024K), 1 survivors (1024K)
 Metaspace       used 52840K, capacity 56076K, committed 56192K, reserved 1097728K
  class space    used 6460K, capacity 7028K, committed 7040K, reserved 1048576K
}
 [Times: user=0.02 sys=0.00, real=0.00 secs] 
{Heap before GC invocations=330 (full 0):
 garbage-first heap   total 262144K, used 186036K [0x00000000f0000000, 0x00000000f0100800, 0x0000000100000000)
  region size 1024K, 153 young (156672K), 1 survivors (1024K)
 Metaspace       used 52840K, capacity 56076K, committed 56192K, reserved 1097728K
  class space    used 6460K, capacity 7028K, committed 7040K, reserved 1048576K
2023-10-03T06:51:39.193+0800: 407.056: [GC pause (G1 Evacuation Pause) (young), 0.0071734 secs]
   [Parallel Time: 3.1 ms, GC Workers: 10]
      [GC Worker Start (ms): Min: 407056.3, Avg: 407056.5, Max: 407056.7, Diff: 0.5]
      [Ext Root Scanning (ms): Min: 0.9, Avg: 1.1, Max: 1.5, Diff: 0.6, Sum: 11.4]
      [Update RS (ms): Min: 0.3, Avg: 0.4, Max: 0.5, Diff: 0.1, Sum: 4.2]
         [Processed Buffers: Min: 2, Avg: 5.1, Max: 10, Diff: 8, Sum: 51]
      [Scan RS (ms): Min: 0.0, Avg: 0.1, Max: 0.1, Diff: 0.1, Sum: 0.7]
      [Code Root Scanning (ms): Min: 0.0, Avg: 0.0, Max: 0.0, Diff: 0.0, Sum: 0.0]
      [Object Copy (ms): Min: 0.3, Avg: 0.5, Max: 0.5, Diff: 0.2, Sum: 4.6]
      [Termination (ms): Min: 0.0, Avg: 0.0, Max: 0.0, Diff: 0.0, Sum: 0.0]
         [Termination Attempts: Min: 1, Avg: 1.0, Max: 1, Diff: 0, Sum: 10]
      [GC Worker Other (ms): Min: 0.0, Avg: 0.0, Max: 0.1, Diff: 0.1, Sum: 0.5]
      [GC Worker Total (ms): Min: 1.9, Avg: 2.1, Max: 2.3, Diff: 0.4, Sum: 21.4]
      [GC Worker End (ms): Min: 407058.6, Avg: 407058.6, Max: 407058.7, Diff: 0.1]
   [Code Root Fixup: 0.0 ms]
   [Code Root Purge: 0.0 ms]
   [Clear CT: 1.3 ms]
   [Other: 2.8 ms]
      [Choose CSet: 0.0 ms]
      [Ref Proc: 1.3 ms]
      [Ref Enq: 0.0 ms]
      [Redirty Cards: 1.2 ms]
      [Humongous Register: 0.0 ms]
      [Humongous Reclaim: 0.0 ms]
      [Free CSet: 0.1 ms]
   [Eden: 152.0M(152.0M)->0.0B(152.0M) Survivors: 1024.0K->1024.0K Heap: 181.7M(256.0M)->30391.5K(256.0M)]
Heap after GC invocations=331 (full 0):
 garbage-first heap   total 262144K, used 30391K [0x00000000f0000000, 0x00000000f0100800, 0x0000000100000000)
  region size 1024K, 1 young (1024K), 1 survivors (1024K)
 Metaspace       used 52840K, capacity 56076K, committed 56192K, reserved 1097728K
  class space    used 6460K, capacity 7028K, committed 7040K, reserved 1048576K
}
 [Times: user=0.03 sys=0.00, real=0.01 secs] 
{Heap before GC invocations=331 (full 0):
 garbage-first heap   total 262144K, used 186039K [0x00000000f0000000, 0x00000000f0100800, 0x0000000100000000)
  region size 1024K, 153 young (156672K), 1 survivors (1024K)
 Metaspace       used 52840K, capacity 56076K, committed 56192K, reserved 1097728K
  class space    used 6460K, capacity 7028K, committed 7040K, reserved 1048576K
2023-10-03T06:51:40.012+0800: 407.876: [GC pause (G1 Evacuation Pause) (young), 0.0069566 secs]
   [Parallel Time: 3.1 ms, GC Workers: 10]
      [GC Worker Start (ms): Min: 407875.7, Avg: 407876.0, Max: 407876.2, Diff: 0.5]
      [Ext Root Scanning (ms): Min: 0.9, Avg: 1.2, Max: 1.6, Diff: 0.6, Sum: 11.9]
      [Update RS (ms): Min: 0.3, Avg: 0.4, Max: 0.5, Diff: 0.2, Sum: 4.5]
         [Processed Buffers: Min: 4, Avg: 5.1, Max: 8, Diff: 4, Sum: 51]
      [Scan RS (ms): Min: 0.0, Avg: 0.1, Max: 0.1, Diff: 0.1, Sum: 0.6]
      [Code Root Scanning (ms): Min: 0.0, Avg: 0.0, Max: 0.0, Diff: 0.0, Sum: 0.0]
      [Object Copy (ms): Min: 0.4, Avg: 0.5, Max: 0.7, Diff: 0.3, Sum: 5.3]
      [Termination (ms): Min: 0.0, Avg: 0.0, Max: 0.0, Diff: 0.0, Sum: 0.0]
         [Termination Attempts: Min: 1, Avg: 1.4, Max: 2, Diff: 1, Sum: 14]
      [GC Worker Other (ms): Min: 0.0, Avg: 0.0, Max: 0.1, Diff: 0.1, Sum: 0.4]
      [GC Worker Total (ms): Min: 2.0, Avg: 2.3, Max: 2.5, Diff: 0.5, Sum: 22.7]
      [GC Worker End (ms): Min: 407878.2, Avg: 407878.3, Max: 407878.3, Diff: 0.1]
   [Code Root Fixup: 0.0 ms]
   [Code Root Purge: 0.0 ms]
   [Clear CT: 1.4 ms]
   [Other: 2.4 ms]
      [Choose CSet: 0.0 ms]
      [Ref Proc: 0.9 ms]
      [Ref Enq: 0.0 ms]
      [Redirty Cards: 1.3 ms]
      [Humongous Register: 0.0 ms]
      [Humongous Reclaim: 0.0 ms]
      [Free CSet: 0.1 ms]
   [Eden: 152.0M(152.0M)->0.0B(152.0M) Survivors: 1024.0K->1024.0K Heap: 181.7M(256.0M)->30428.2K(256.0M)]
Heap after GC invocations=332 (full 0):
 garbage-first heap   total 262144K, used 30428K [0x00000000f0000000, 0x00000000f0100800, 0x0000000100000000)
  region size 1024K, 1 young (1024K), 1 survivors (1024K)
 Metaspace       used 52840K, capacity 56076K, committed 56192K, reserved 1097728K
  class space    used 6460K, capacity 7028K, committed 7040K, reserved 1048576K
}
 [Times: user=0.02 sys=0.00, real=0.00 secs] 
{Heap before GC invocations=332 (full 0):
 garbage-first heap   total 262144K, used 186076K [0x00000000f0000000, 0x00000000f0100800, 0x0000000100000000)
  region size 1024K, 153 young (156672K), 1 survivors (1024K)
 Metaspace       used 52840K, capacity 56076K, committed 56192K, reserved 1097728K
  class space    used 6460K, capacity 7028K, committed 7040K, reserved 1048576K
2023-10-03T06:51:40.865+0800: 408.728: [GC pause (G1 Evacuation Pause) (young), 0.0073140 secs]
   [Parallel Time: 3.1 ms, GC Workers: 10]
      [GC Worker Start (ms): Min: 408728.2, Avg: 408728.4, Max: 408728.6, Diff: 0.4]
      [Ext Root Scanning (ms): Min: 0.9, Avg: 1.2, Max: 1.6, Diff: 0.6, Sum: 11.7]
      [Update RS (ms): Min: 0.3, Avg: 0.4, Max: 0.5, Diff: 0.3, Sum: 4.3]
         [Processed Buffers: Min: 3, Avg: 5.1, Max: 9, Diff: 6, Sum: 51]
      [Scan RS (ms): Min: 0.0, Avg: 0.1, Max: 0.1, Diff: 0.1, Sum: 0.5]
      [Code Root Scanning (ms): Min: 0.0, Avg: 0.0, Max: 0.0, Diff: 0.0, Sum: 0.0]
      [Object Copy (ms): Min: 0.4, Avg: 0.5, Max: 0.7, Diff: 0.3, Sum: 5.3]
      [Termination (ms): Min: 0.0, Avg: 0.0, Max: 0.0, Diff: 0.0, Sum: 0.1]
         [Termination Attempts: Min: 1, Avg: 1.3, Max: 3, Diff: 2, Sum: 13]
      [GC Worker Other (ms): Min: 0.0, Avg: 0.0, Max: 0.1, Diff: 0.1, Sum: 0.3]
      [GC Worker Total (ms): Min: 2.0, Avg: 2.2, Max: 2.4, Diff: 0.4, Sum: 22.3]
      [GC Worker End (ms): Min: 408730.6, Avg: 408730.6, Max: 408730.7, Diff: 0.1]
   [Code Root Fixup: 0.0 ms]
   [Code Root Purge: 0.0 ms]
   [Clear CT: 1.3 ms]
   [Other: 3.0 ms]
      [Choose CSet: 0.0 ms]
      [Ref Proc: 1.3 ms]
      [Ref Enq: 0.0 ms]
      [Redirty Cards: 1.4 ms]
      [Humongous Register: 0.0 ms]
      [Humongous Reclaim: 0.0 ms]
      [Free CSet: 0.1 ms]
   [Eden: 152.0M(152.0M)->0.0B(152.0M) Survivors: 1024.0K->1024.0K Heap: 181.7M(256.0M)->30359.5K(256.0M)]
Heap after GC invocations=333 (full 0):
 garbage-first heap   total 262144K, used 30359K [0x00000000f0000000, 0x00000000f0100800, 0x0000000100000000)
  region size 1024K, 1 young (1024K), 1 survivors (1024K)
 Metaspace       used 52840K, capacity 56076K, committed 56192K, reserved 1097728K
  class space    used 6460K, capacity 7028K, committed 7040K, reserved 1048576K
}
 [Times: user=0.03 sys=0.00, real=0.01 secs] 
{Heap before GC invocations=333 (full 0):
 garbage-first heap   total 262144K, used 186007K [0x00000000f0000000, 0x00000000f0100800, 0x0000000100000000)
  region size 1024K, 153 young (156672K), 1 survivors (1024K)
 Metaspace       used 52840K, capacity 56076K, committed 56192K, reserved 1097728K
  class space    used 6460K, capacity 7028K, committed 7040K, reserved 1048576K
2023-10-03T06:51:41.708+0800: 409.571: [GC pause (G1 Evacuation Pause) (young), 0.0081471 secs]
   [Parallel Time: 3.3 ms, GC Workers: 10]
      [GC Worker Start (ms): Min: 409571.0, Avg: 409571.3, Max: 409571.5, Diff: 0.5]
      [Ext Root Scanning (ms): Min: 0.9, Avg: 1.1, Max: 1.5, Diff: 0.6, Sum: 11.2]
      [Update RS (ms): Min: 0.4, Avg: 0.5, Max: 0.5, Diff: 0.1, Sum: 4.6]
         [Processed Buffers: Min: 2, Avg: 5.1, Max: 10, Diff: 8, Sum: 51]
      [Scan RS (ms): Min: 0.0, Avg: 0.1, Max: 0.1, Diff: 0.1, Sum: 0.5]
      [Code Root Scanning (ms): Min: 0.0, Avg: 0.0, Max: 0.0, Diff: 0.0, Sum: 0.0]
      [Object Copy (ms): Min: 0.3, Avg: 0.5, Max: 0.5, Diff: 0.2, Sum: 4.6]
      [Termination (ms): Min: 0.0, Avg: 0.0, Max: 0.0, Diff: 0.0, Sum: 0.0]
         [Termination Attempts: Min: 1, Avg: 1.0, Max: 1, Diff: 0, Sum: 10]
      [GC Worker Other (ms): Min: 0.0, Avg: 0.1, Max: 0.2, Diff: 0.2, Sum: 0.8]
      [GC Worker Total (ms): Min: 2.0, Avg: 2.2, Max: 2.5, Diff: 0.5, Sum: 21.9]
      [GC Worker End (ms): Min: 409573.4, Avg: 409573.4, Max: 409573.6, Diff: 0.2]
   [Code Root Fixup: 0.0 ms]
   [Code Root Purge: 0.0 ms]
   [Clear CT: 1.3 ms]
   [Other: 3.5 ms]
      [Choose CSet: 0.0 ms]
      [Ref Proc: 1.6 ms]
      [Ref Enq: 0.0 ms]
      [Redirty Cards: 1.4 ms]
      [Humongous Register: 0.0 ms]
      [Humongous Reclaim: 0.0 ms]
      [Free CSet: 0.1 ms]
   [Eden: 152.0M(152.0M)->0.0B(152.0M) Survivors: 1024.0K->1024.0K Heap: 181.6M(256.0M)->30371.4K(256.0M)]
Heap after GC invocations=334 (full 0):
 garbage-first heap   total 262144K, used 30371K [0x00000000f0000000, 0x00000000f0100800, 0x0000000100000000)
  region size 1024K, 1 young (1024K), 1 survivors (1024K)
 Metaspace       used 52840K, capacity 56076K, committed 56192K, reserved 1097728K
  class space    used 6460K, capacity 7028K, committed 7040K, reserved 1048576K
}
 [Times: user=0.03 sys=0.00, real=0.01 secs] 
{Heap before GC invocations=334 (full 0):
 garbage-first heap   total 262144K, used 186019K [0x00000000f0000000, 0x00000000f0100800, 0x0000000100000000)
  region size 1024K, 153 young (156672K), 1 survivors (1024K)
 Metaspace       used 52840K, capacity 56076K, committed 56192K, reserved 1097728K
  class space    used 6460K, capacity 7028K, committed 7040K, reserved 1048576K
2023-10-03T06:51:42.502+0800: 410.365: [GC pause (G1 Evacuation Pause) (young), 0.0074829 secs]
   [Parallel Time: 3.0 ms, GC Workers: 10]
      [GC Worker Start (ms): Min: 410365.2, Avg: 410365.5, Max: 410365.7, Diff: 0.5]
      [Ext Root Scanning (ms): Min: 0.9, Avg: 1.2, Max: 1.5, Diff: 0.6, Sum: 11.5]
      [Update RS (ms): Min: 0.3, Avg: 0.4, Max: 0.5, Diff: 0.2, Sum: 4.0]
         [Processed Buffers: Min: 2, Avg: 5.1, Max: 9, Diff: 7, Sum: 51]
      [Scan RS (ms): Min: 0.0, Avg: 0.1, Max: 0.1, Diff: 0.1, Sum: 0.5]
      [Code Root Scanning (ms): Min: 0.0, Avg: 0.0, Max: 0.0, Diff: 0.0, Sum: 0.0]
      [Object Copy (ms): Min: 0.3, Avg: 0.5, Max: 0.5, Diff: 0.2, Sum: 4.8]
      [Termination (ms): Min: 0.0, Avg: 0.0, Max: 0.0, Diff: 0.0, Sum: 0.0]
         [Termination Attempts: Min: 1, Avg: 1.0, Max: 1, Diff: 0, Sum: 10]
      [GC Worker Other (ms): Min: 0.0, Avg: 0.0, Max: 0.1, Diff: 0.1, Sum: 0.4]
      [GC Worker Total (ms): Min: 1.9, Avg: 2.1, Max: 2.4, Diff: 0.4, Sum: 21.3]
      [GC Worker End (ms): Min: 410367.6, Avg: 410367.6, Max: 410367.6, Diff: 0.1]
   [Code Root Fixup: 0.0 ms]
   [Code Root Purge: 0.0 ms]
   [Clear CT: 1.3 ms]
   [Other: 3.1 ms]
      [Choose CSet: 0.0 ms]
      [Ref Proc: 1.4 ms]
      [Ref Enq: 0.0 ms]
      [Redirty Cards: 1.4 ms]
      [Humongous Register: 0.0 ms]
      [Humongous Reclaim: 0.0 ms]
      [Free CSet: 0.1 ms]
   [Eden: 152.0M(152.0M)->0.0B(152.0M) Survivors: 1024.0K->1024.0K Heap: 181.7M(256.0M)->30472.2K(256.0M)]
Heap after GC invocations=335 (full 0):
 garbage-first heap   total 262144K, used 30472K [0x00000000f0000000, 0x00000000f0100800, 0x0000000100000000)
  region size 1024K, 1 young (1024K), 1 survivors (1024K)
 Metaspace       used 52840K, capacity 56076K, committed 56192K, reserved 1097728K
  class space    used 6460K, capacity 7028K, committed 7040K, reserved 1048576K
}
 [Times: user=0.03 sys=0.00, real=0.00 secs] 
{Heap before GC invocations=335 (full 0):
 garbage-first heap   total 262144K, used 186120K [0x00000000f0000000, 0x00000000f0100800, 0x0000000100000000)
  region size 1024K, 153 young (156672K), 1 survivors (1024K)
 Metaspace       used 52840K, capacity 56076K, committed 56192K, reserved 1097728K
  class space    used 6460K, capacity 7028K, committed 7040K, reserved 1048576K
2023-10-03T06:51:43.324+0800: 411.187: [GC pause (G1 Evacuation Pause) (young), 0.0076852 secs]
   [Parallel Time: 2.9 ms, GC Workers: 10]
      [GC Worker Start (ms): Min: 411187.0, Avg: 411187.3, Max: 411187.4, Diff: 0.4]
      [Ext Root Scanning (ms): Min: 0.9, Avg: 1.1, Max: 1.4, Diff: 0.5, Sum: 11.3]
      [Update RS (ms): Min: 0.4, Avg: 0.4, Max: 0.5, Diff: 0.2, Sum: 4.3]
         [Processed Buffers: Min: 2, Avg: 5.1, Max: 8, Diff: 6, Sum: 51]
      [Scan RS (ms): Min: 0.0, Avg: 0.1, Max: 0.1, Diff: 0.1, Sum: 0.6]
      [Code Root Scanning (ms): Min: 0.0, Avg: 0.0, Max: 0.0, Diff: 0.0, Sum: 0.0]
      [Object Copy (ms): Min: 0.3, Avg: 0.4, Max: 0.6, Diff: 0.2, Sum: 4.5]
      [Termination (ms): Min: 0.0, Avg: 0.0, Max: 0.0, Diff: 0.0, Sum: 0.1]
         [Termination Attempts: Min: 1, Avg: 1.3, Max: 2, Diff: 1, Sum: 13]
      [GC Worker Other (ms): Min: 0.0, Avg: 0.0, Max: 0.1, Diff: 0.1, Sum: 0.4]
      [GC Worker Total (ms): Min: 1.9, Avg: 2.1, Max: 2.4, Diff: 0.5, Sum: 21.1]
      [GC Worker End (ms): Min: 411189.3, Avg: 411189.4, Max: 411189.4, Diff: 0.1]
   [Code Root Fixup: 0.0 ms]
   [Code Root Purge: 0.0 ms]
   [Clear CT: 1.3 ms]
   [Other: 3.5 ms]
      [Choose CSet: 0.0 ms]
      [Ref Proc: 1.7 ms]
      [Ref Enq: 0.0 ms]
      [Redirty Cards: 1.4 ms]
      [Humongous Register: 0.0 ms]
      [Humongous Reclaim: 0.0 ms]
      [Free CSet: 0.1 ms]
   [Eden: 152.0M(152.0M)->0.0B(152.0M) Survivors: 1024.0K->1024.0K Heap: 181.8M(256.0M)->30358.3K(256.0M)]
Heap after GC invocations=336 (full 0):
 garbage-first heap   total 262144K, used 30358K [0x00000000f0000000, 0x00000000f0100800, 0x0000000100000000)
  region size 1024K, 1 young (1024K), 1 survivors (1024K)
 Metaspace       used 52840K, capacity 56076K, committed 56192K, reserved 1097728K
  class space    used 6460K, capacity 7028K, committed 7040K, reserved 1048576K
}
 [Times: user=0.02 sys=0.01, real=0.01 secs] 
{Heap before GC invocations=336 (full 0):
 garbage-first heap   total 262144K, used 186006K [0x00000000f0000000, 0x00000000f0100800, 0x0000000100000000)
  region size 1024K, 153 young (156672K), 1 survivors (1024K)
 Metaspace       used 52840K, capacity 56076K, committed 56192K, reserved 1097728K
  class space    used 6460K, capacity 7028K, committed 7040K, reserved 1048576K
2023-10-03T06:51:44.157+0800: 412.020: [GC pause (G1 Evacuation Pause) (young), 0.0076625 secs]
   [Parallel Time: 3.2 ms, GC Workers: 10]
      [GC Worker Start (ms): Min: 412020.0, Avg: 412020.3, Max: 412020.5, Diff: 0.5]
      [Ext Root Scanning (ms): Min: 0.9, Avg: 1.2, Max: 1.5, Diff: 0.5, Sum: 11.7]
      [Update RS (ms): Min: 0.3, Avg: 0.4, Max: 0.6, Diff: 0.3, Sum: 4.3]
         [Processed Buffers: Min: 3, Avg: 5.3, Max: 8, Diff: 5, Sum: 53]
      [Scan RS (ms): Min: 0.0, Avg: 0.1, Max: 0.1, Diff: 0.1, Sum: 0.8]
      [Code Root Scanning (ms): Min: 0.0, Avg: 0.0, Max: 0.0, Diff: 0.0, Sum: 0.0]
      [Object Copy (ms): Min: 0.4, Avg: 0.6, Max: 0.7, Diff: 0.3, Sum: 5.7]
      [Termination (ms): Min: 0.0, Avg: 0.0, Max: 0.0, Diff: 0.0, Sum: 0.0]
         [Termination Attempts: Min: 1, Avg: 1.2, Max: 2, Diff: 1, Sum: 12]
      [GC Worker Other (ms): Min: 0.0, Avg: 0.1, Max: 0.2, Diff: 0.1, Sum: 0.6]
      [GC Worker Total (ms): Min: 2.1, Avg: 2.3, Max: 2.6, Diff: 0.5, Sum: 23.2]
      [GC Worker End (ms): Min: 412022.5, Avg: 412022.6, Max: 412022.7, Diff: 0.1]
   [Code Root Fixup: 0.0 ms]
   [Code Root Purge: 0.0 ms]
   [Clear CT: 1.3 ms]
   [Other: 3.1 ms]
      [Choose CSet: 0.0 ms]
      [Ref Proc: 1.5 ms]
      [Ref Enq: 0.0 ms]
      [Redirty Cards: 1.4 ms]
      [Humongous Register: 0.0 ms]
      [Humongous Reclaim: 0.0 ms]
      [Free CSet: 0.1 ms]
   [Eden: 152.0M(152.0M)->0.0B(152.0M) Survivors: 1024.0K->1024.0K Heap: 181.6M(256.0M)->30441.3K(256.0M)]
Heap after GC invocations=337 (full 0):
 garbage-first heap   total 262144K, used 30441K [0x00000000f0000000, 0x00000000f0100800, 0x0000000100000000)
  region size 1024K, 1 young (1024K), 1 survivors (1024K)
 Metaspace       used 52840K, capacity 56076K, committed 56192K, reserved 1097728K
  class space    used 6460K, capacity 7028K, committed 7040K, reserved 1048576K
}
 [Times: user=0.02 sys=0.01, real=0.01 secs] 
{Heap before GC invocations=337 (full 0):
 garbage-first heap   total 262144K, used 186089K [0x00000000f0000000, 0x00000000f0100800, 0x0000000100000000)
  region size 1024K, 153 young (156672K), 1 survivors (1024K)
 Metaspace       used 52840K, capacity 56076K, committed 56192K, reserved 1097728K
  class space    used 6460K, capacity 7028K, committed 7040K, reserved 1048576K
2023-10-03T06:51:44.980+0800: 412.843: [GC pause (G1 Evacuation Pause) (young), 0.0071465 secs]
   [Parallel Time: 3.3 ms, GC Workers: 10]
      [GC Worker Start (ms): Min: 412843.1, Avg: 412843.4, Max: 412843.6, Diff: 0.5]
      [Ext Root Scanning (ms): Min: 0.9, Avg: 1.2, Max: 1.5, Diff: 0.6, Sum: 11.6]
      [Update RS (ms): Min: 0.4, Avg: 0.4, Max: 0.5, Diff: 0.1, Sum: 4.3]
         [Processed Buffers: Min: 1, Avg: 5.1, Max: 9, Diff: 8, Sum: 51]
      [Scan RS (ms): Min: 0.0, Avg: 0.1, Max: 0.1, Diff: 0.0, Sum: 0.7]
      [Code Root Scanning (ms): Min: 0.0, Avg: 0.0, Max: 0.0, Diff: 0.0, Sum: 0.0]
      [Object Copy (ms): Min: 0.3, Avg: 0.5, Max: 0.6, Diff: 0.2, Sum: 4.9]
      [Termination (ms): Min: 0.0, Avg: 0.0, Max: 0.0, Diff: 0.0, Sum: 0.0]
         [Termination Attempts: Min: 1, Avg: 1.0, Max: 1, Diff: 0, Sum: 10]
      [GC Worker Other (ms): Min: 0.0, Avg: 0.0, Max: 0.1, Diff: 0.1, Sum: 0.4]
      [GC Worker Total (ms): Min: 2.0, Avg: 2.2, Max: 2.4, Diff: 0.4, Sum: 21.9]
      [GC Worker End (ms): Min: 412845.5, Avg: 412845.5, Max: 412845.6, Diff: 0.1]
   [Code Root Fixup: 0.0 ms]
   [Code Root Purge: 0.0 ms]
   [Clear CT: 1.2 ms]
   [Other: 2.7 ms]
      [Choose CSet: 0.0 ms]
      [Ref Proc: 1.3 ms]
      [Ref Enq: 0.0 ms]
      [Redirty Cards: 1.0 ms]
      [Humongous Register: 0.0 ms]
      [Humongous Reclaim: 0.0 ms]
      [Free CSet: 0.1 ms]
   [Eden: 152.0M(152.0M)->0.0B(152.0M) Survivors: 1024.0K->1024.0K Heap: 181.7M(256.0M)->30411.5K(256.0M)]
Heap after GC invocations=338 (full 0):
 garbage-first heap   total 262144K, used 30411K [0x00000000f0000000, 0x00000000f0100800, 0x0000000100000000)
  region size 1024K, 1 young (1024K), 1 survivors (1024K)
 Metaspace       used 52840K, capacity 56076K, committed 56192K, reserved 1097728K
  class space    used 6460K, capacity 7028K, committed 7040K, reserved 1048576K
}
 [Times: user=0.02 sys=0.01, real=0.01 secs] 
{Heap before GC invocations=338 (full 0):
 garbage-first heap   total 262144K, used 186059K [0x00000000f0000000, 0x00000000f0100800, 0x0000000100000000)
  region size 1024K, 153 young (156672K), 1 survivors (1024K)
 Metaspace       used 52840K, capacity 56076K, committed 56192K, reserved 1097728K
  class space    used 6460K, capacity 7028K, committed 7040K, reserved 1048576K
2023-10-03T06:51:45.799+0800: 413.662: [GC pause (G1 Evacuation Pause) (young), 0.0074301 secs]
   [Parallel Time: 3.2 ms, GC Workers: 10]
      [GC Worker Start (ms): Min: 413662.5, Avg: 413662.7, Max: 413663.0, Diff: 0.5]
      [Ext Root Scanning (ms): Min: 1.1, Avg: 1.3, Max: 1.6, Diff: 0.5, Sum: 12.7]
      [Update RS (ms): Min: 0.4, Avg: 0.4, Max: 0.6, Diff: 0.3, Sum: 4.4]
         [Processed Buffers: Min: 1, Avg: 5.2, Max: 10, Diff: 9, Sum: 52]
      [Scan RS (ms): Min: 0.0, Avg: 0.1, Max: 0.1, Diff: 0.1, Sum: 0.7]
      [Code Root Scanning (ms): Min: 0.0, Avg: 0.0, Max: 0.0, Diff: 0.0, Sum: 0.0]
      [Object Copy (ms): Min: 0.3, Avg: 0.5, Max: 0.6, Diff: 0.2, Sum: 4.9]
      [Termination (ms): Min: 0.0, Avg: 0.0, Max: 0.0, Diff: 0.0, Sum: 0.0]
         [Termination Attempts: Min: 1, Avg: 1.0, Max: 1, Diff: 0, Sum: 10]
      [GC Worker Other (ms): Min: 0.0, Avg: 0.0, Max: 0.1, Diff: 0.1, Sum: 0.4]
      [GC Worker Total (ms): Min: 2.1, Avg: 2.3, Max: 2.5, Diff: 0.5, Sum: 23.2]
      [GC Worker End (ms): Min: 413665.0, Avg: 413665.1, Max: 413665.1, Diff: 0.1]
   [Code Root Fixup: 0.0 ms]
   [Code Root Purge: 0.0 ms]
   [Clear CT: 1.4 ms]
   [Other: 2.8 ms]
      [Choose CSet: 0.0 ms]
      [Ref Proc: 1.0 ms]
      [Ref Enq: 0.0 ms]
      [Redirty Cards: 1.4 ms]
      [Humongous Register: 0.0 ms]
      [Humongous Reclaim: 0.0 ms]
      [Free CSet: 0.2 ms]
   [Eden: 152.0M(152.0M)->0.0B(152.0M) Survivors: 1024.0K->1024.0K Heap: 181.7M(256.0M)->30470.5K(256.0M)]
Heap after GC invocations=339 (full 0):
 garbage-first heap   total 262144K, used 30470K [0x00000000f0000000, 0x00000000f0100800, 0x0000000100000000)
  region size 1024K, 1 young (1024K), 1 survivors (1024K)
 Metaspace       used 52840K, capacity 56076K, committed 56192K, reserved 1097728K
  class space    used 6460K, capacity 7028K, committed 7040K, reserved 1048576K
}
 [Times: user=0.02 sys=0.01, real=0.01 secs] 
{Heap before GC invocations=339 (full 0):
 garbage-first heap   total 262144K, used 186118K [0x00000000f0000000, 0x00000000f0100800, 0x0000000100000000)
  region size 1024K, 153 young (156672K), 1 survivors (1024K)
 Metaspace       used 52840K, capacity 56076K, committed 56192K, reserved 1097728K
  class space    used 6460K, capacity 7028K, committed 7040K, reserved 1048576K
2023-10-03T06:51:46.601+0800: 414.465: [GC pause (G1 Evacuation Pause) (young), 0.0070656 secs]
   [Parallel Time: 3.2 ms, GC Workers: 10]
      [GC Worker Start (ms): Min: 414464.9, Avg: 414465.0, Max: 414465.3, Diff: 0.4]
      [Ext Root Scanning (ms): Min: 1.1, Avg: 1.3, Max: 1.6, Diff: 0.5, Sum: 12.8]
      [Update RS (ms): Min: 0.3, Avg: 0.5, Max: 0.6, Diff: 0.3, Sum: 4.5]
         [Processed Buffers: Min: 2, Avg: 5.1, Max: 9, Diff: 7, Sum: 51]
      [Scan RS (ms): Min: 0.0, Avg: 0.1, Max: 0.1, Diff: 0.1, Sum: 0.6]
      [Code Root Scanning (ms): Min: 0.0, Avg: 0.0, Max: 0.0, Diff: 0.0, Sum: 0.0]
      [Object Copy (ms): Min: 0.3, Avg: 0.5, Max: 0.6, Diff: 0.3, Sum: 5.1]
      [Termination (ms): Min: 0.0, Avg: 0.0, Max: 0.0, Diff: 0.0, Sum: 0.1]
         [Termination Attempts: Min: 1, Avg: 1.0, Max: 1, Diff: 0, Sum: 10]
      [GC Worker Other (ms): Min: 0.0, Avg: 0.0, Max: 0.1, Diff: 0.1, Sum: 0.3]
      [GC Worker Total (ms): Min: 2.1, Avg: 2.4, Max: 2.5, Diff: 0.4, Sum: 23.5]
      [GC Worker End (ms): Min: 414467.4, Avg: 414467.4, Max: 414467.4, Diff: 0.1]
   [Code Root Fixup: 0.0 ms]
   [Code Root Purge: 0.0 ms]
   [Clear CT: 1.1 ms]
   [Other: 2.7 ms]
      [Choose CSet: 0.0 ms]
      [Ref Proc: 1.2 ms]
      [Ref Enq: 0.0 ms]
      [Redirty Cards: 1.2 ms]
      [Humongous Register: 0.0 ms]
      [Humongous Reclaim: 0.0 ms]
      [Free CSet: 0.1 ms]
   [Eden: 152.0M(152.0M)->0.0B(152.0M) Survivors: 1024.0K->1024.0K Heap: 181.8M(256.0M)->30378.7K(256.0M)]
Heap after GC invocations=340 (full 0):
 garbage-first heap   total 262144K, used 30378K [0x00000000f0000000, 0x00000000f0100800, 0x0000000100000000)
  region size 1024K, 1 young (1024K), 1 survivors (1024K)
 Metaspace       used 52840K, capacity 56076K, committed 56192K, reserved 1097728K
  class space    used 6460K, capacity 7028K, committed 7040K, reserved 1048576K
}
 [Times: user=0.03 sys=0.00, real=0.00 secs] 
{Heap before GC invocations=340 (full 0):
 garbage-first heap   total 262144K, used 186026K [0x00000000f0000000, 0x00000000f0100800, 0x0000000100000000)
  region size 1024K, 153 young (156672K), 1 survivors (1024K)
 Metaspace       used 52840K, capacity 56076K, committed 56192K, reserved 1097728K
  class space    used 6460K, capacity 7028K, committed 7040K, reserved 1048576K
2023-10-03T06:51:47.404+0800: 415.267: [GC pause (G1 Evacuation Pause) (young), 0.0076172 secs]
   [Parallel Time: 3.0 ms, GC Workers: 10]
      [GC Worker Start (ms): Min: 415267.0, Avg: 415267.2, Max: 415267.5, Diff: 0.5]
      [Ext Root Scanning (ms): Min: 0.9, Avg: 1.2, Max: 1.5, Diff: 0.6, Sum: 11.8]
      [Update RS (ms): Min: 0.4, Avg: 0.4, Max: 0.5, Diff: 0.1, Sum: 4.3]
         [Processed Buffers: Min: 1, Avg: 5.2, Max: 10, Diff: 9, Sum: 52]
      [Scan RS (ms): Min: 0.0, Avg: 0.1, Max: 0.1, Diff: 0.1, Sum: 0.7]
      [Code Root Scanning (ms): Min: 0.0, Avg: 0.0, Max: 0.0, Diff: 0.0, Sum: 0.0]
      [Object Copy (ms): Min: 0.3, Avg: 0.5, Max: 0.5, Diff: 0.2, Sum: 4.6]
      [Termination (ms): Min: 0.0, Avg: 0.0, Max: 0.0, Diff: 0.0, Sum: 0.0]
         [Termination Attempts: Min: 1, Avg: 1.0, Max: 1, Diff: 0, Sum: 10]
      [GC Worker Other (ms): Min: 0.0, Avg: 0.0, Max: 0.1, Diff: 0.1, Sum: 0.4]
      [GC Worker Total (ms): Min: 2.0, Avg: 2.2, Max: 2.4, Diff: 0.5, Sum: 21.9]
      [GC Worker End (ms): Min: 415269.4, Avg: 415269.4, Max: 415269.5, Diff: 0.1]
   [Code Root Fixup: 0.0 ms]
   [Code Root Purge: 0.0 ms]
   [Clear CT: 1.2 ms]
   [Other: 3.4 ms]
      [Choose CSet: 0.0 ms]
      [Ref Proc: 1.6 ms]
      [Ref Enq: 0.0 ms]
      [Redirty Cards: 1.4 ms]
      [Humongous Register: 0.0 ms]
      [Humongous Reclaim: 0.0 ms]
      [Free CSet: 0.1 ms]
   [Eden: 152.0M(152.0M)->0.0B(152.0M) Survivors: 1024.0K->1024.0K Heap: 181.7M(256.0M)->30404.8K(256.0M)]
Heap after GC invocations=341 (full 0):
 garbage-first heap   total 262144K, used 30404K [0x00000000f0000000, 0x00000000f0100800, 0x0000000100000000)
  region size 1024K, 1 young (1024K), 1 survivors (1024K)
 Metaspace       used 52840K, capacity 56076K, committed 56192K, reserved 1097728K
  class space    used 6460K, capacity 7028K, committed 7040K, reserved 1048576K
}
 [Times: user=0.02 sys=0.01, real=0.01 secs] 
{Heap before GC invocations=341 (full 0):
 garbage-first heap   total 262144K, used 186052K [0x00000000f0000000, 0x00000000f0100800, 0x0000000100000000)
  region size 1024K, 153 young (156672K), 1 survivors (1024K)
 Metaspace       used 52840K, capacity 56076K, committed 56192K, reserved 1097728K
  class space    used 6460K, capacity 7028K, committed 7040K, reserved 1048576K
2023-10-03T06:51:48.227+0800: 416.090: [GC pause (G1 Evacuation Pause) (young), 0.0074487 secs]
   [Parallel Time: 3.1 ms, GC Workers: 10]
      [GC Worker Start (ms): Min: 416090.1, Avg: 416090.4, Max: 416090.6, Diff: 0.5]
      [Ext Root Scanning (ms): Min: 0.9, Avg: 1.2, Max: 1.6, Diff: 0.7, Sum: 11.8]
      [Update RS (ms): Min: 0.4, Avg: 0.4, Max: 0.6, Diff: 0.2, Sum: 4.4]
         [Processed Buffers: Min: 2, Avg: 5.0, Max: 10, Diff: 8, Sum: 50]
      [Scan RS (ms): Min: 0.0, Avg: 0.0, Max: 0.1, Diff: 0.1, Sum: 0.5]
      [Code Root Scanning (ms): Min: 0.0, Avg: 0.0, Max: 0.0, Diff: 0.0, Sum: 0.0]
      [Object Copy (ms): Min: 0.4, Avg: 0.5, Max: 0.6, Diff: 0.2, Sum: 4.8]
      [Termination (ms): Min: 0.0, Avg: 0.0, Max: 0.0, Diff: 0.0, Sum: 0.0]
         [Termination Attempts: Min: 1, Avg: 1.3, Max: 2, Diff: 1, Sum: 13]
      [GC Worker Other (ms): Min: 0.0, Avg: 0.1, Max: 0.1, Diff: 0.1, Sum: 0.5]
      [GC Worker Total (ms): Min: 2.0, Avg: 2.2, Max: 2.5, Diff: 0.5, Sum: 22.1]
      [GC Worker End (ms): Min: 416092.5, Avg: 416092.6, Max: 416092.7, Diff: 0.1]
   [Code Root Fixup: 0.0 ms]
   [Code Root Purge: 0.0 ms]
   [Clear CT: 1.2 ms]
   [Other: 3.1 ms]
      [Choose CSet: 0.0 ms]
      [Ref Proc: 1.6 ms]
      [Ref Enq: 0.0 ms]
      [Redirty Cards: 1.2 ms]
      [Humongous Register: 0.0 ms]
      [Humongous Reclaim: 0.0 ms]
      [Free CSet: 0.1 ms]
   [Eden: 152.0M(152.0M)->0.0B(152.0M) Survivors: 1024.0K->1024.0K Heap: 181.7M(256.0M)->30437.0K(256.0M)]
Heap after GC invocations=342 (full 0):
 garbage-first heap   total 262144K, used 30437K [0x00000000f0000000, 0x00000000f0100800, 0x0000000100000000)
  region size 1024K, 1 young (1024K), 1 survivors (1024K)
 Metaspace       used 52840K, capacity 56076K, committed 56192K, reserved 1097728K
  class space    used 6460K, capacity 7028K, committed 7040K, reserved 1048576K
}
 [Times: user=0.03 sys=0.01, real=0.01 secs] 
{Heap before GC invocations=342 (full 0):
 garbage-first heap   total 262144K, used 186084K [0x00000000f0000000, 0x00000000f0100800, 0x0000000100000000)
  region size 1024K, 153 young (156672K), 1 survivors (1024K)
 Metaspace       used 52840K, capacity 56076K, committed 56192K, reserved 1097728K
  class space    used 6460K, capacity 7028K, committed 7040K, reserved 1048576K
2023-10-03T06:51:49.040+0800: 416.903: [GC pause (G1 Evacuation Pause) (young), 0.0077107 secs]
   [Parallel Time: 3.2 ms, GC Workers: 10]
      [GC Worker Start (ms): Min: 416903.2, Avg: 416903.5, Max: 416903.8, Diff: 0.5]
      [Ext Root Scanning (ms): Min: 0.9, Avg: 1.2, Max: 1.5, Diff: 0.6, Sum: 12.0]
      [Update RS (ms): Min: 0.3, Avg: 0.4, Max: 0.6, Diff: 0.2, Sum: 4.3]
         [Processed Buffers: Min: 2, Avg: 5.3, Max: 8, Diff: 6, Sum: 53]
      [Scan RS (ms): Min: 0.0, Avg: 0.1, Max: 0.1, Diff: 0.1, Sum: 0.5]
      [Code Root Scanning (ms): Min: 0.0, Avg: 0.0, Max: 0.0, Diff: 0.0, Sum: 0.0]
      [Object Copy (ms): Min: 0.3, Avg: 0.5, Max: 0.5, Diff: 0.2, Sum: 4.6]
      [Termination (ms): Min: 0.0, Avg: 0.0, Max: 0.0, Diff: 0.0, Sum: 0.0]
         [Termination Attempts: Min: 1, Avg: 1.4, Max: 2, Diff: 1, Sum: 14]
      [GC Worker Other (ms): Min: 0.0, Avg: 0.1, Max: 0.1, Diff: 0.1, Sum: 0.6]
      [GC Worker Total (ms): Min: 1.9, Avg: 2.2, Max: 2.5, Diff: 0.5, Sum: 22.1]
      [GC Worker End (ms): Min: 416905.7, Avg: 416905.7, Max: 416905.8, Diff: 0.1]
   [Code Root Fixup: 0.0 ms]
   [Code Root Purge: 0.0 ms]
   [Clear CT: 1.3 ms]
   [Other: 3.2 ms]
      [Choose CSet: 0.0 ms]
      [Ref Proc: 1.5 ms]
      [Ref Enq: 0.0 ms]
      [Redirty Cards: 1.4 ms]
      [Humongous Register: 0.0 ms]
      [Humongous Reclaim: 0.0 ms]
      [Free CSet: 0.1 ms]
   [Eden: 152.0M(152.0M)->0.0B(152.0M) Survivors: 1024.0K->1024.0K Heap: 181.7M(256.0M)->30404.3K(256.0M)]
Heap after GC invocations=343 (full 0):
 garbage-first heap   total 262144K, used 30404K [0x00000000f0000000, 0x00000000f0100800, 0x0000000100000000)
  region size 1024K, 1 young (1024K), 1 survivors (1024K)
 Metaspace       used 52840K, capacity 56076K, committed 56192K, reserved 1097728K
  class space    used 6460K, capacity 7028K, committed 7040K, reserved 1048576K
}
 [Times: user=0.02 sys=0.01, real=0.00 secs] 
{Heap before GC invocations=343 (full 0):
 garbage-first heap   total 262144K, used 186052K [0x00000000f0000000, 0x00000000f0100800, 0x0000000100000000)
  region size 1024K, 153 young (156672K), 1 survivors (1024K)
 Metaspace       used 52840K, capacity 56076K, committed 56192K, reserved 1097728K
  class space    used 6460K, capacity 7028K, committed 7040K, reserved 1048576K
2023-10-03T06:51:49.862+0800: 417.725: [GC pause (G1 Evacuation Pause) (young), 0.0074797 secs]
   [Parallel Time: 3.2 ms, GC Workers: 10]
      [GC Worker Start (ms): Min: 417725.4, Avg: 417725.7, Max: 417725.9, Diff: 0.6]
      [Ext Root Scanning (ms): Min: 1.0, Avg: 1.2, Max: 1.7, Diff: 0.7, Sum: 12.2]
      [Update RS (ms): Min: 0.4, Avg: 0.4, Max: 0.5, Diff: 0.1, Sum: 4.4]
         [Processed Buffers: Min: 1, Avg: 5.2, Max: 9, Diff: 8, Sum: 52]
      [Scan RS (ms): Min: 0.0, Avg: 0.1, Max: 0.1, Diff: 0.1, Sum: 0.7]
      [Code Root Scanning (ms): Min: 0.0, Avg: 0.0, Max: 0.0, Diff: 0.0, Sum: 0.0]
      [Object Copy (ms): Min: 0.3, Avg: 0.5, Max: 0.6, Diff: 0.2, Sum: 4.8]
      [Termination (ms): Min: 0.0, Avg: 0.0, Max: 0.0, Diff: 0.0, Sum: 0.0]
         [Termination Attempts: Min: 1, Avg: 1.0, Max: 1, Diff: 0, Sum: 10]
      [GC Worker Other (ms): Min: 0.0, Avg: 0.0, Max: 0.1, Diff: 0.1, Sum: 0.4]
      [GC Worker Total (ms): Min: 2.0, Avg: 2.3, Max: 2.6, Diff: 0.6, Sum: 22.6]
      [GC Worker End (ms): Min: 417727.9, Avg: 417727.9, Max: 417728.0, Diff: 0.1]
   [Code Root Fixup: 0.0 ms]
   [Code Root Purge: 0.0 ms]
   [Clear CT: 1.4 ms]
   [Other: 2.9 ms]
      [Choose CSet: 0.0 ms]
      [Ref Proc: 1.1 ms]
      [Ref Enq: 0.0 ms]
      [Redirty Cards: 1.4 ms]
      [Humongous Register: 0.0 ms]
      [Humongous Reclaim: 0.0 ms]
      [Free CSet: 0.1 ms]
   [Eden: 152.0M(152.0M)->0.0B(152.0M) Survivors: 1024.0K->1024.0K Heap: 181.7M(256.0M)->30468.0K(256.0M)]
Heap after GC invocations=344 (full 0):
 garbage-first heap   total 262144K, used 30468K [0x00000000f0000000, 0x00000000f0100800, 0x0000000100000000)
  region size 1024K, 1 young (1024K), 1 survivors (1024K)
 Metaspace       used 52840K, capacity 56076K, committed 56192K, reserved 1097728K
  class space    used 6460K, capacity 7028K, committed 7040K, reserved 1048576K
}
 [Times: user=0.03 sys=0.00, real=0.00 secs] 
{Heap before GC invocations=344 (full 0):
 garbage-first heap   total 262144K, used 186116K [0x00000000f0000000, 0x00000000f0100800, 0x0000000100000000)
  region size 1024K, 153 young (156672K), 1 survivors (1024K)
 Metaspace       used 52840K, capacity 56076K, committed 56192K, reserved 1097728K
  class space    used 6460K, capacity 7028K, committed 7040K, reserved 1048576K
2023-10-03T06:51:50.665+0800: 418.528: [GC pause (G1 Evacuation Pause) (young), 0.0075750 secs]
   [Parallel Time: 3.2 ms, GC Workers: 10]
      [GC Worker Start (ms): Min: 418528.1, Avg: 418528.3, Max: 418528.5, Diff: 0.4]
      [Ext Root Scanning (ms): Min: 1.0, Avg: 1.2, Max: 1.6, Diff: 0.7, Sum: 11.7]
      [Update RS (ms): Min: 0.3, Avg: 0.4, Max: 0.6, Diff: 0.2, Sum: 4.3]
         [Processed Buffers: Min: 2, Avg: 5.2, Max: 11, Diff: 9, Sum: 52]
      [Scan RS (ms): Min: 0.0, Avg: 0.1, Max: 0.1, Diff: 0.1, Sum: 0.6]
      [Code Root Scanning (ms): Min: 0.0, Avg: 0.0, Max: 0.0, Diff: 0.0, Sum: 0.0]
      [Object Copy (ms): Min: 0.3, Avg: 0.5, Max: 0.6, Diff: 0.3, Sum: 4.9]
      [Termination (ms): Min: 0.0, Avg: 0.0, Max: 0.0, Diff: 0.0, Sum: 0.0]
         [Termination Attempts: Min: 1, Avg: 1.0, Max: 1, Diff: 0, Sum: 10]
      [GC Worker Other (ms): Min: 0.0, Avg: 0.0, Max: 0.1, Diff: 0.1, Sum: 0.5]
      [GC Worker Total (ms): Min: 2.0, Avg: 2.2, Max: 2.4, Diff: 0.4, Sum: 22.0]
      [GC Worker End (ms): Min: 418530.5, Avg: 418530.5, Max: 418530.6, Diff: 0.1]
   [Code Root Fixup: 0.0 ms]
   [Code Root Purge: 0.0 ms]
   [Clear CT: 1.3 ms]
   [Other: 3.1 ms]
      [Choose CSet: 0.0 ms]
      [Ref Proc: 1.4 ms]
      [Ref Enq: 0.0 ms]
      [Redirty Cards: 1.4 ms]
      [Humongous Register: 0.0 ms]
      [Humongous Reclaim: 0.0 ms]
      [Free CSet: 0.1 ms]
   [Eden: 152.0M(152.0M)->0.0B(152.0M) Survivors: 1024.0K->1024.0K Heap: 181.8M(256.0M)->30373.5K(256.0M)]
Heap after GC invocations=345 (full 0):
 garbage-first heap   total 262144K, used 30373K [0x00000000f0000000, 0x00000000f0100800, 0x0000000100000000)
  region size 1024K, 1 young (1024K), 1 survivors (1024K)
 Metaspace       used 52840K, capacity 56076K, committed 56192K, reserved 1097728K
  class space    used 6460K, capacity 7028K, committed 7040K, reserved 1048576K
}
 [Times: user=0.02 sys=0.01, real=0.01 secs] 
{Heap before GC invocations=345 (full 0):
 garbage-first heap   total 262144K, used 186021K [0x00000000f0000000, 0x00000000f0100800, 0x0000000100000000)
  region size 1024K, 153 young (156672K), 1 survivors (1024K)
 Metaspace       used 52840K, capacity 56076K, committed 56192K, reserved 1097728K
  class space    used 6460K, capacity 7028K, committed 7040K, reserved 1048576K
2023-10-03T06:51:51.487+0800: 419.350: [GC pause (G1 Evacuation Pause) (young), 0.0075028 secs]
   [Parallel Time: 3.0 ms, GC Workers: 10]
      [GC Worker Start (ms): Min: 419350.1, Avg: 419350.4, Max: 419350.6, Diff: 0.5]
      [Ext Root Scanning (ms): Min: 0.8, Avg: 1.1, Max: 1.5, Diff: 0.7, Sum: 11.3]
      [Update RS (ms): Min: 0.4, Avg: 0.4, Max: 0.5, Diff: 0.1, Sum: 4.3]
         [Processed Buffers: Min: 3, Avg: 5.1, Max: 8, Diff: 5, Sum: 51]
      [Scan RS (ms): Min: 0.0, Avg: 0.1, Max: 0.1, Diff: 0.1, Sum: 0.6]
      [Code Root Scanning (ms): Min: 0.0, Avg: 0.0, Max: 0.0, Diff: 0.0, Sum: 0.0]
      [Object Copy (ms): Min: 0.3, Avg: 0.4, Max: 0.5, Diff: 0.3, Sum: 4.3]
      [Termination (ms): Min: 0.0, Avg: 0.0, Max: 0.0, Diff: 0.0, Sum: 0.0]
         [Termination Attempts: Min: 1, Avg: 1.0, Max: 1, Diff: 0, Sum: 10]
      [GC Worker Other (ms): Min: 0.0, Avg: 0.0, Max: 0.1, Diff: 0.1, Sum: 0.4]
      [GC Worker Total (ms): Min: 1.8, Avg: 2.1, Max: 2.4, Diff: 0.5, Sum: 20.9]
      [GC Worker End (ms): Min: 419352.4, Avg: 419352.5, Max: 419352.5, Diff: 0.1]
   [Code Root Fixup: 0.0 ms]
   [Code Root Purge: 0.0 ms]
   [Clear CT: 1.2 ms]
   [Other: 3.3 ms]
      [Choose CSet: 0.0 ms]
      [Ref Proc: 1.7 ms]
      [Ref Enq: 0.0 ms]
      [Redirty Cards: 1.3 ms]
      [Humongous Register: 0.0 ms]
      [Humongous Reclaim: 0.0 ms]
      [Free CSet: 0.1 ms]
   [Eden: 152.0M(152.0M)->0.0B(152.0M) Survivors: 1024.0K->1024.0K Heap: 181.7M(256.0M)->30338.4K(256.0M)]
Heap after GC invocations=346 (full 0):
 garbage-first heap   total 262144K, used 30338K [0x00000000f0000000, 0x00000000f0100800, 0x0000000100000000)
  region size 1024K, 1 young (1024K), 1 survivors (1024K)
 Metaspace       used 52840K, capacity 56076K, committed 56192K, reserved 1097728K
  class space    used 6460K, capacity 7028K, committed 7040K, reserved 1048576K
}
 [Times: user=0.02 sys=0.01, real=0.01 secs] 
{Heap before GC invocations=346 (full 0):
 garbage-first heap   total 262144K, used 185986K [0x00000000f0000000, 0x00000000f0100800, 0x0000000100000000)
  region size 1024K, 153 young (156672K), 1 survivors (1024K)
 Metaspace       used 52840K, capacity 56076K, committed 56192K, reserved 1097728K
  class space    used 6460K, capacity 7028K, committed 7040K, reserved 1048576K
2023-10-03T06:51:52.848+0800: 420.711: [GC pause (G1 Evacuation Pause) (young), 0.0078722 secs]
   [Parallel Time: 3.0 ms, GC Workers: 10]
      [GC Worker Start (ms): Min: 420711.4, Avg: 420711.7, Max: 420711.9, Diff: 0.5]
      [Ext Root Scanning (ms): Min: 0.8, Avg: 1.1, Max: 1.6, Diff: 0.8, Sum: 10.8]
      [Update RS (ms): Min: 0.3, Avg: 0.4, Max: 0.5, Diff: 0.2, Sum: 4.2]
         [Processed Buffers: Min: 2, Avg: 5.1, Max: 9, Diff: 7, Sum: 51]
      [Scan RS (ms): Min: 0.0, Avg: 0.0, Max: 0.1, Diff: 0.1, Sum: 0.5]
      [Code Root Scanning (ms): Min: 0.0, Avg: 0.0, Max: 0.0, Diff: 0.0, Sum: 0.0]
      [Object Copy (ms): Min: 0.2, Avg: 0.3, Max: 0.4, Diff: 0.2, Sum: 3.2]
      [Termination (ms): Min: 0.0, Avg: 0.0, Max: 0.0, Diff: 0.0, Sum: 0.1]
         [Termination Attempts: Min: 1, Avg: 1.0, Max: 1, Diff: 0, Sum: 10]
      [GC Worker Other (ms): Min: 0.0, Avg: 0.0, Max: 0.1, Diff: 0.1, Sum: 0.4]
      [GC Worker Total (ms): Min: 1.7, Avg: 1.9, Max: 2.2, Diff: 0.5, Sum: 19.2]
      [GC Worker End (ms): Min: 420713.6, Avg: 420713.6, Max: 420713.7, Diff: 0.1]
   [Code Root Fixup: 0.0 ms]
   [Code Root Purge: 0.0 ms]
   [Clear CT: 1.5 ms]
   [Other: 3.4 ms]
      [Choose CSet: 0.0 ms]
      [Ref Proc: 1.6 ms]
      [Ref Enq: 0.0 ms]
      [Redirty Cards: 1.5 ms]
      [Humongous Register: 0.0 ms]
      [Humongous Reclaim: 0.0 ms]
      [Free CSet: 0.1 ms]
   [Eden: 152.0M(152.0M)->0.0B(152.0M) Survivors: 1024.0K->1024.0K Heap: 181.6M(256.0M)->30286.7K(256.0M)]
Heap after GC invocations=347 (full 0):
 garbage-first heap   total 262144K, used 30286K [0x00000000f0000000, 0x00000000f0100800, 0x0000000100000000)
  region size 1024K, 1 young (1024K), 1 survivors (1024K)
 Metaspace       used 52840K, capacity 56076K, committed 56192K, reserved 1097728K
  class space    used 6460K, capacity 7028K, committed 7040K, reserved 1048576K
}
 [Times: user=0.03 sys=0.00, real=0.01 secs] 
{Heap before GC invocations=347 (full 0):
 garbage-first heap   total 262144K, used 185934K [0x00000000f0000000, 0x00000000f0100800, 0x0000000100000000)
  region size 1024K, 153 young (156672K), 1 survivors (1024K)
 Metaspace       used 52840K, capacity 56076K, committed 56192K, reserved 1097728K
  class space    used 6460K, capacity 7028K, committed 7040K, reserved 1048576K
2023-10-03T06:51:53.799+0800: 421.663: [GC pause (G1 Evacuation Pause) (young), 0.0026383 secs]
   [Parallel Time: 1.2 ms, GC Workers: 10]
      [GC Worker Start (ms): Min: 421662.6, Avg: 421662.7, Max: 421662.7, Diff: 0.2]
      [Ext Root Scanning (ms): Min: 0.3, Avg: 0.4, Max: 0.8, Diff: 0.5, Sum: 4.0]
      [Update RS (ms): Min: 0.0, Avg: 0.1, Max: 0.2, Diff: 0.2, Sum: 1.5]
         [Processed Buffers: Min: 0, Avg: 5.3, Max: 8, Diff: 8, Sum: 53]
      [Scan RS (ms): Min: 0.0, Avg: 0.0, Max: 0.0, Diff: 0.0, Sum: 0.2]
      [Code Root Scanning (ms): Min: 0.0, Avg: 0.0, Max: 0.0, Diff: 0.0, Sum: 0.0]
      [Object Copy (ms): Min: 0.1, Avg: 0.2, Max: 0.2, Diff: 0.2, Sum: 2.1]
      [Termination (ms): Min: 0.0, Avg: 0.0, Max: 0.0, Diff: 0.0, Sum: 0.0]
         [Termination Attempts: Min: 1, Avg: 1.4, Max: 3, Diff: 2, Sum: 14]
      [GC Worker Other (ms): Min: 0.0, Avg: 0.0, Max: 0.1, Diff: 0.1, Sum: 0.2]
      [GC Worker Total (ms): Min: 0.7, Avg: 0.8, Max: 0.9, Diff: 0.2, Sum: 7.8]
      [GC Worker End (ms): Min: 421663.4, Avg: 421663.5, Max: 421663.5, Diff: 0.1]
   [Code Root Fixup: 0.0 ms]
   [Code Root Purge: 0.0 ms]
   [Clear CT: 0.4 ms]
   [Other: 1.0 ms]
      [Choose CSet: 0.0 ms]
      [Ref Proc: 0.5 ms]
      [Ref Enq: 0.0 ms]
      [Redirty Cards: 0.3 ms]
      [Humongous Register: 0.0 ms]
      [Humongous Reclaim: 0.0 ms]
      [Free CSet: 0.0 ms]
   [Eden: 152.0M(152.0M)->0.0B(152.0M) Survivors: 1024.0K->1024.0K Heap: 181.6M(256.0M)->30984.1K(256.0M)]
Heap after GC invocations=348 (full 0):
 garbage-first heap   total 262144K, used 30984K [0x00000000f0000000, 0x00000000f0100800, 0x0000000100000000)
  region size 1024K, 1 young (1024K), 1 survivors (1024K)
 Metaspace       used 52840K, capacity 56076K, committed 56192K, reserved 1097728K
  class space    used 6460K, capacity 7028K, committed 7040K, reserved 1048576K
}
 [Times: user=0.01 sys=0.00, real=0.01 secs] 
{Heap before GC invocations=348 (full 0):
 garbage-first heap   total 262144K, used 186632K [0x00000000f0000000, 0x00000000f0100800, 0x0000000100000000)
  region size 1024K, 153 young (156672K), 1 survivors (1024K)
 Metaspace       used 52840K, capacity 56076K, committed 56192K, reserved 1097728K
  class space    used 6460K, capacity 7028K, committed 7040K, reserved 1048576K
2023-10-03T06:51:54.495+0800: 422.358: [GC pause (G1 Evacuation Pause) (young), 0.0035400 secs]
   [Parallel Time: 1.5 ms, GC Workers: 10]
      [GC Worker Start (ms): Min: 422358.5, Avg: 422358.7, Max: 422358.8, Diff: 0.3]
      [Ext Root Scanning (ms): Min: 0.4, Avg: 0.5, Max: 0.9, Diff: 0.6, Sum: 5.1]
      [Update RS (ms): Min: 0.0, Avg: 0.2, Max: 0.2, Diff: 0.2, Sum: 1.7]
         [Processed Buffers: Min: 0, Avg: 5.5, Max: 11, Diff: 11, Sum: 55]
      [Scan RS (ms): Min: 0.0, Avg: 0.0, Max: 0.0, Diff: 0.0, Sum: 0.3]
      [Code Root Scanning (ms): Min: 0.0, Avg: 0.0, Max: 0.0, Diff: 0.0, Sum: 0.0]
      [Object Copy (ms): Min: 0.2, Avg: 0.3, Max: 0.3, Diff: 0.1, Sum: 3.0]
      [Termination (ms): Min: 0.0, Avg: 0.0, Max: 0.0, Diff: 0.0, Sum: 0.0]
         [Termination Attempts: Min: 1, Avg: 1.0, Max: 1, Diff: 0, Sum: 10]
      [GC Worker Other (ms): Min: 0.0, Avg: 0.0, Max: 0.0, Diff: 0.0, Sum: 0.2]
      [GC Worker Total (ms): Min: 0.9, Avg: 1.0, Max: 1.2, Diff: 0.2, Sum: 10.3]
      [GC Worker End (ms): Min: 422359.7, Avg: 422359.7, Max: 422359.7, Diff: 0.0]
   [Code Root Fixup: 0.0 ms]
   [Code Root Purge: 0.0 ms]
   [Clear CT: 0.6 ms]
   [Other: 1.5 ms]
      [Choose CSet: 0.0 ms]
      [Ref Proc: 0.8 ms]
      [Ref Enq: 0.0 ms]
      [Redirty Cards: 0.5 ms]
      [Humongous Register: 0.0 ms]
      [Humongous Reclaim: 0.0 ms]
      [Free CSet: 0.1 ms]
   [Eden: 152.0M(152.0M)->0.0B(152.0M) Survivors: 1024.0K->1024.0K Heap: 182.3M(256.0M)->31064.7K(256.0M)]
Heap after GC invocations=349 (full 0):
 garbage-first heap   total 262144K, used 31064K [0x00000000f0000000, 0x00000000f0100800, 0x0000000100000000)
  region size 1024K, 1 young (1024K), 1 survivors (1024K)
 Metaspace       used 52840K, capacity 56076K, committed 56192K, reserved 1097728K
  class space    used 6460K, capacity 7028K, committed 7040K, reserved 1048576K
}
 [Times: user=0.01 sys=0.00, real=0.00 secs] 
{Heap before GC invocations=349 (full 0):
 garbage-first heap   total 262144K, used 186712K [0x00000000f0000000, 0x00000000f0100800, 0x0000000100000000)
  region size 1024K, 153 young (156672K), 1 survivors (1024K)
 Metaspace       used 52840K, capacity 56076K, committed 56192K, reserved 1097728K
  class space    used 6460K, capacity 7028K, committed 7040K, reserved 1048576K
2023-10-03T06:51:55.233+0800: 423.097: [GC pause (G1 Evacuation Pause) (young), 0.0041668 secs]
   [Parallel Time: 1.8 ms, GC Workers: 10]
      [GC Worker Start (ms): Min: 423096.8, Avg: 423097.0, Max: 423097.1, Diff: 0.3]
      [Ext Root Scanning (ms): Min: 0.5, Avg: 0.7, Max: 1.2, Diff: 0.7, Sum: 6.7]
      [Update RS (ms): Min: 0.0, Avg: 0.2, Max: 0.3, Diff: 0.3, Sum: 2.3]
         [Processed Buffers: Min: 0, Avg: 5.6, Max: 9, Diff: 9, Sum: 56]
      [Scan RS (ms): Min: 0.0, Avg: 0.0, Max: 0.0, Diff: 0.0, Sum: 0.3]
      [Code Root Scanning (ms): Min: 0.0, Avg: 0.0, Max: 0.0, Diff: 0.0, Sum: 0.0]
      [Object Copy (ms): Min: 0.3, Avg: 0.3, Max: 0.4, Diff: 0.1, Sum: 3.4]
      [Termination (ms): Min: 0.0, Avg: 0.0, Max: 0.0, Diff: 0.0, Sum: 0.0]
         [Termination Attempts: Min: 1, Avg: 1.0, Max: 1, Diff: 0, Sum: 10]
      [GC Worker Other (ms): Min: 0.0, Avg: 0.0, Max: 0.0, Diff: 0.0, Sum: 0.2]
      [GC Worker Total (ms): Min: 1.2, Avg: 1.3, Max: 1.4, Diff: 0.3, Sum: 12.9]
      [GC Worker End (ms): Min: 423098.2, Avg: 423098.2, Max: 423098.3, Diff: 0.0]
   [Code Root Fixup: 0.0 ms]
   [Code Root Purge: 0.0 ms]
   [Clear CT: 0.7 ms]
   [Other: 1.6 ms]
      [Choose CSet: 0.0 ms]
      [Ref Proc: 0.7 ms]
      [Ref Enq: 0.0 ms]
      [Redirty Cards: 0.8 ms]
      [Humongous Register: 0.0 ms]
      [Humongous Reclaim: 0.0 ms]
      [Free CSet: 0.1 ms]
   [Eden: 152.0M(152.0M)->0.0B(151.0M) Survivors: 1024.0K->2048.0K Heap: 182.3M(256.0M)->31189.5K(256.0M)]
Heap after GC invocations=350 (full 0):
 garbage-first heap   total 262144K, used 31189K [0x00000000f0000000, 0x00000000f0100800, 0x0000000100000000)
  region size 1024K, 2 young (2048K), 2 survivors (2048K)
 Metaspace       used 52840K, capacity 56076K, committed 56192K, reserved 1097728K
  class space    used 6460K, capacity 7028K, committed 7040K, reserved 1048576K
}
 [Times: user=0.01 sys=0.01, real=0.00 secs] 
{Heap before GC invocations=350 (full 0):
 garbage-first heap   total 262144K, used 185813K [0x00000000f0000000, 0x00000000f0100800, 0x0000000100000000)
  region size 1024K, 153 young (156672K), 2 survivors (2048K)
 Metaspace       used 52841K, capacity 56076K, committed 56192K, reserved 1097728K
  class space    used 6460K, capacity 7028K, committed 7040K, reserved 1048576K
2023-10-03T06:51:56.044+0800: 423.908: [GC pause (G1 Evacuation Pause) (young), 0.0076969 secs]
   [Parallel Time: 3.5 ms, GC Workers: 10]
      [GC Worker Start (ms): Min: 423907.8, Avg: 423908.0, Max: 423908.3, Diff: 0.5]
      [Ext Root Scanning (ms): Min: 0.9, Avg: 1.2, Max: 1.5, Diff: 0.6, Sum: 11.9]
      [Update RS (ms): Min: 0.4, Avg: 0.5, Max: 0.5, Diff: 0.1, Sum: 4.9]
         [Processed Buffers: Min: 2, Avg: 5.3, Max: 9, Diff: 7, Sum: 53]
      [Scan RS (ms): Min: 0.0, Avg: 0.1, Max: 0.1, Diff: 0.1, Sum: 0.6]
      [Code Root Scanning (ms): Min: 0.0, Avg: 0.0, Max: 0.0, Diff: 0.0, Sum: 0.0]
      [Object Copy (ms): Min: 0.5, Avg: 0.7, Max: 0.7, Diff: 0.2, Sum: 6.6]
      [Termination (ms): Min: 0.0, Avg: 0.0, Max: 0.0, Diff: 0.0, Sum: 0.0]
         [Termination Attempts: Min: 1, Avg: 1.2, Max: 2, Diff: 1, Sum: 12]
      [GC Worker Other (ms): Min: 0.0, Avg: 0.0, Max: 0.1, Diff: 0.1, Sum: 0.5]
      [GC Worker Total (ms): Min: 2.2, Avg: 2.5, Max: 2.7, Diff: 0.5, Sum: 24.5]
      [GC Worker End (ms): Min: 423910.4, Avg: 423910.5, Max: 423910.5, Diff: 0.1]
   [Code Root Fixup: 0.0 ms]
   [Code Root Purge: 0.0 ms]
   [Clear CT: 1.2 ms]
   [Other: 2.9 ms]
      [Choose CSet: 0.0 ms]
      [Ref Proc: 1.3 ms]
      [Ref Enq: 0.0 ms]
      [Redirty Cards: 1.4 ms]
      [Humongous Register: 0.0 ms]
      [Humongous Reclaim: 0.0 ms]
      [Free CSet: 0.1 ms]
   [Eden: 151.0M(151.0M)->0.0B(151.0M) Survivors: 2048.0K->2048.0K Heap: 181.5M(256.0M)->31210.5K(256.0M)]
Heap after GC invocations=351 (full 0):
 garbage-first heap   total 262144K, used 31210K [0x00000000f0000000, 0x00000000f0100800, 0x0000000100000000)
  region size 1024K, 2 young (2048K), 2 survivors (2048K)
 Metaspace       used 52841K, capacity 56076K, committed 56192K, reserved 1097728K
  class space    used 6460K, capacity 7028K, committed 7040K, reserved 1048576K
}
 [Times: user=0.04 sys=0.00, real=0.01 secs] 
{Heap before GC invocations=351 (full 0):
 garbage-first heap   total 262144K, used 185834K [0x00000000f0000000, 0x00000000f0100800, 0x0000000100000000)
  region size 1024K, 153 young (156672K), 2 survivors (2048K)
 Metaspace       used 52841K, capacity 56076K, committed 56192K, reserved 1097728K
  class space    used 6460K, capacity 7028K, committed 7040K, reserved 1048576K
2023-10-03T06:51:56.847+0800: 424.710: [GC pause (G1 Evacuation Pause) (young), 0.0076778 secs]
   [Parallel Time: 3.5 ms, GC Workers: 10]
      [GC Worker Start (ms): Min: 424710.4, Avg: 424710.6, Max: 424710.8, Diff: 0.4]
      [Ext Root Scanning (ms): Min: 1.0, Avg: 1.2, Max: 1.6, Diff: 0.6, Sum: 12.4]
      [Update RS (ms): Min: 0.4, Avg: 0.4, Max: 0.5, Diff: 0.1, Sum: 4.5]
         [Processed Buffers: Min: 3, Avg: 5.6, Max: 9, Diff: 6, Sum: 56]
      [Scan RS (ms): Min: 0.0, Avg: 0.1, Max: 0.1, Diff: 0.1, Sum: 0.6]
      [Code Root Scanning (ms): Min: 0.0, Avg: 0.0, Max: 0.0, Diff: 0.0, Sum: 0.0]
      [Object Copy (ms): Min: 0.6, Avg: 0.7, Max: 0.8, Diff: 0.2, Sum: 7.2]
      [Termination (ms): Min: 0.0, Avg: 0.0, Max: 0.0, Diff: 0.0, Sum: 0.1]
         [Termination Attempts: Min: 1, Avg: 1.0, Max: 1, Diff: 0, Sum: 10]
      [GC Worker Other (ms): Min: 0.0, Avg: 0.1, Max: 0.2, Diff: 0.1, Sum: 0.6]
      [GC Worker Total (ms): Min: 2.3, Avg: 2.5, Max: 2.7, Diff: 0.5, Sum: 25.4]
      [GC Worker End (ms): Min: 424713.1, Avg: 424713.1, Max: 424713.2, Diff: 0.2]
   [Code Root Fixup: 0.0 ms]
   [Code Root Purge: 0.0 ms]
   [Clear CT: 1.0 ms]
   [Other: 3.1 ms]
      [Choose CSet: 0.0 ms]
      [Ref Proc: 1.5 ms]
      [Ref Enq: 0.0 ms]
      [Redirty Cards: 1.3 ms]
      [Humongous Register: 0.0 ms]
      [Humongous Reclaim: 0.0 ms]
      [Free CSet: 0.1 ms]
   [Eden: 151.0M(151.0M)->0.0B(151.0M) Survivors: 2048.0K->2048.0K Heap: 181.5M(256.0M)->31272.4K(256.0M)]
Heap after GC invocations=352 (full 0):
 garbage-first heap   total 262144K, used 31272K [0x00000000f0000000, 0x00000000f0100800, 0x0000000100000000)
  region size 1024K, 2 young (2048K), 2 survivors (2048K)
 Metaspace       used 52841K, capacity 56076K, committed 56192K, reserved 1097728K
  class space    used 6460K, capacity 7028K, committed 7040K, reserved 1048576K
}
 [Times: user=0.04 sys=0.00, real=0.01 secs] 
{Heap before GC invocations=352 (full 0):
 garbage-first heap   total 262144K, used 185896K [0x00000000f0000000, 0x00000000f0100800, 0x0000000100000000)
  region size 1024K, 153 young (156672K), 2 survivors (2048K)
 Metaspace       used 52841K, capacity 56076K, committed 56192K, reserved 1097728K
  class space    used 6460K, capacity 7028K, committed 7040K, reserved 1048576K
2023-10-03T06:51:57.623+0800: 425.486: [GC pause (G1 Evacuation Pause) (young), 0.0076148 secs]
   [Parallel Time: 3.3 ms, GC Workers: 10]
      [GC Worker Start (ms): Min: 425486.3, Avg: 425486.5, Max: 425486.8, Diff: 0.5]
      [Ext Root Scanning (ms): Min: 0.9, Avg: 1.1, Max: 1.5, Diff: 0.6, Sum: 11.4]
      [Update RS (ms): Min: 0.4, Avg: 0.4, Max: 0.5, Diff: 0.1, Sum: 4.3]
         [Processed Buffers: Min: 1, Avg: 5.6, Max: 14, Diff: 13, Sum: 56]
      [Scan RS (ms): Min: 0.0, Avg: 0.1, Max: 0.1, Diff: 0.1, Sum: 0.7]
      [Code Root Scanning (ms): Min: 0.0, Avg: 0.0, Max: 0.0, Diff: 0.0, Sum: 0.0]
      [Object Copy (ms): Min: 0.5, Avg: 0.6, Max: 0.6, Diff: 0.2, Sum: 6.0]
      [Termination (ms): Min: 0.0, Avg: 0.0, Max: 0.0, Diff: 0.0, Sum: 0.0]
         [Termination Attempts: Min: 1, Avg: 1.0, Max: 1, Diff: 0, Sum: 10]
      [GC Worker Other (ms): Min: 0.0, Avg: 0.0, Max: 0.2, Diff: 0.1, Sum: 0.5]
      [GC Worker Total (ms): Min: 2.1, Avg: 2.3, Max: 2.5, Diff: 0.4, Sum: 22.9]
      [GC Worker End (ms): Min: 425488.8, Avg: 425488.8, Max: 425488.9, Diff: 0.1]
   [Code Root Fixup: 0.0 ms]
   [Code Root Purge: 0.0 ms]
   [Clear CT: 1.2 ms]
   [Other: 3.1 ms]
      [Choose CSet: 0.0 ms]
      [Ref Proc: 1.5 ms]
      [Ref Enq: 0.0 ms]
      [Redirty Cards: 1.3 ms]
      [Humongous Register: 0.0 ms]
      [Humongous Reclaim: 0.0 ms]
      [Free CSet: 0.1 ms]
   [Eden: 151.0M(151.0M)->0.0B(151.0M) Survivors: 2048.0K->2048.0K Heap: 181.5M(256.0M)->31233.3K(256.0M)]
Heap after GC invocations=353 (full 0):
 garbage-first heap   total 262144K, used 31233K [0x00000000f0000000, 0x00000000f0100800, 0x0000000100000000)
  region size 1024K, 2 young (2048K), 2 survivors (2048K)
 Metaspace       used 52841K, capacity 56076K, committed 56192K, reserved 1097728K
  class space    used 6460K, capacity 7028K, committed 7040K, reserved 1048576K
}
 [Times: user=0.01 sys=0.01, real=0.01 secs] 
{Heap before GC invocations=353 (full 0):
 garbage-first heap   total 262144K, used 185857K [0x00000000f0000000, 0x00000000f0100800, 0x0000000100000000)
  region size 1024K, 153 young (156672K), 2 survivors (2048K)
 Metaspace       used 52841K, capacity 56076K, committed 56192K, reserved 1097728K
  class space    used 6460K, capacity 7028K, committed 7040K, reserved 1048576K
2023-10-03T06:51:58.398+0800: 426.261: [GC pause (G1 Evacuation Pause) (young), 0.0068540 secs]
   [Parallel Time: 3.2 ms, GC Workers: 10]
      [GC Worker Start (ms): Min: 426261.5, Avg: 426261.6, Max: 426261.8, Diff: 0.3]
      [Ext Root Scanning (ms): Min: 1.0, Avg: 1.2, Max: 1.6, Diff: 0.5, Sum: 12.4]
      [Update RS (ms): Min: 0.3, Avg: 0.4, Max: 0.6, Diff: 0.3, Sum: 4.5]
         [Processed Buffers: Min: 3, Avg: 5.4, Max: 8, Diff: 5, Sum: 54]
      [Scan RS (ms): Min: 0.0, Avg: 0.1, Max: 0.1, Diff: 0.1, Sum: 0.5]
      [Code Root Scanning (ms): Min: 0.0, Avg: 0.0, Max: 0.0, Diff: 0.0, Sum: 0.0]
      [Object Copy (ms): Min: 0.4, Avg: 0.6, Max: 0.6, Diff: 0.2, Sum: 5.8]
      [Termination (ms): Min: 0.0, Avg: 0.0, Max: 0.0, Diff: 0.0, Sum: 0.0]
         [Termination Attempts: Min: 1, Avg: 1.0, Max: 1, Diff: 0, Sum: 10]
      [GC Worker Other (ms): Min: 0.0, Avg: 0.0, Max: 0.1, Diff: 0.1, Sum: 0.3]
      [GC Worker Total (ms): Min: 2.2, Avg: 2.4, Max: 2.6, Diff: 0.4, Sum: 23.7]
      [GC Worker End (ms): Min: 426264.0, Avg: 426264.0, Max: 426264.1, Diff: 0.1]
   [Code Root Fixup: 0.0 ms]
   [Code Root Purge: 0.0 ms]
   [Clear CT: 0.9 ms]
   [Other: 2.8 ms]
      [Choose CSet: 0.0 ms]
      [Ref Proc: 1.2 ms]
      [Ref Enq: 0.0 ms]
      [Redirty Cards: 1.3 ms]
      [Humongous Register: 0.0 ms]
      [Humongous Reclaim: 0.0 ms]
      [Free CSet: 0.1 ms]
   [Eden: 151.0M(151.0M)->0.0B(151.0M) Survivors: 2048.0K->2048.0K Heap: 181.5M(256.0M)->31208.8K(256.0M)]
Heap after GC invocations=354 (full 0):
 garbage-first heap   total 262144K, used 31208K [0x00000000f0000000, 0x00000000f0100800, 0x0000000100000000)
  region size 1024K, 2 young (2048K), 2 survivors (2048K)
 Metaspace       used 52841K, capacity 56076K, committed 56192K, reserved 1097728K
  class space    used 6460K, capacity 7028K, committed 7040K, reserved 1048576K
}
 [Times: user=0.03 sys=0.00, real=0.01 secs] 
{Heap before GC invocations=354 (full 0):
 garbage-first heap   total 262144K, used 185832K [0x00000000f0000000, 0x00000000f0100800, 0x0000000100000000)
  region size 1024K, 153 young (156672K), 2 survivors (2048K)
 Metaspace       used 52841K, capacity 56076K, committed 56192K, reserved 1097728K
  class space    used 6460K, capacity 7028K, committed 7040K, reserved 1048576K
2023-10-03T06:51:59.190+0800: 427.053: [GC pause (G1 Evacuation Pause) (young), 0.0072016 secs]
   [Parallel Time: 3.3 ms, GC Workers: 10]
      [GC Worker Start (ms): Min: 427053.0, Avg: 427053.2, Max: 427053.5, Diff: 0.5]
      [Ext Root Scanning (ms): Min: 0.9, Avg: 1.2, Max: 1.9, Diff: 0.9, Sum: 12.2]
      [Update RS (ms): Min: 0.2, Avg: 0.5, Max: 0.5, Diff: 0.3, Sum: 4.6]
         [Processed Buffers: Min: 3, Avg: 5.5, Max: 8, Diff: 5, Sum: 55]
      [Scan RS (ms): Min: 0.0, Avg: 0.1, Max: 0.1, Diff: 0.1, Sum: 0.5]
      [Code Root Scanning (ms): Min: 0.0, Avg: 0.0, Max: 0.0, Diff: 0.0, Sum: 0.0]
      [Object Copy (ms): Min: 0.6, Avg: 0.7, Max: 0.8, Diff: 0.2, Sum: 7.1]
      [Termination (ms): Min: 0.0, Avg: 0.0, Max: 0.0, Diff: 0.0, Sum: 0.0]
         [Termination Attempts: Min: 1, Avg: 1.0, Max: 1, Diff: 0, Sum: 10]
      [GC Worker Other (ms): Min: 0.0, Avg: 0.0, Max: 0.1, Diff: 0.1, Sum: 0.5]
      [GC Worker Total (ms): Min: 2.3, Avg: 2.5, Max: 2.7, Diff: 0.5, Sum: 25.0]
      [GC Worker End (ms): Min: 427055.7, Avg: 427055.7, Max: 427055.8, Diff: 0.1]
   [Code Root Fixup: 0.0 ms]
   [Code Root Purge: 0.0 ms]
   [Clear CT: 1.3 ms]
   [Other: 2.6 ms]
      [Choose CSet: 0.0 ms]
      [Ref Proc: 1.3 ms]
      [Ref Enq: 0.0 ms]
      [Redirty Cards: 1.0 ms]
      [Humongous Register: 0.0 ms]
      [Humongous Reclaim: 0.0 ms]
      [Free CSet: 0.1 ms]
   [Eden: 151.0M(151.0M)->0.0B(151.0M) Survivors: 2048.0K->2048.0K Heap: 181.5M(256.0M)->31199.1K(256.0M)]
Heap after GC invocations=355 (full 0):
 garbage-first heap   total 262144K, used 31199K [0x00000000f0000000, 0x00000000f0100800, 0x0000000100000000)
  region size 1024K, 2 young (2048K), 2 survivors (2048K)
 Metaspace       used 52841K, capacity 56076K, committed 56192K, reserved 1097728K
  class space    used 6460K, capacity 7028K, committed 7040K, reserved 1048576K
}
 [Times: user=0.02 sys=0.01, real=0.01 secs] 
{Heap before GC invocations=355 (full 0):
 garbage-first heap   total 262144K, used 185823K [0x00000000f0000000, 0x00000000f0100800, 0x0000000100000000)
  region size 1024K, 153 young (156672K), 2 survivors (2048K)
 Metaspace       used 52841K, capacity 56076K, committed 56192K, reserved 1097728K
  class space    used 6460K, capacity 7028K, committed 7040K, reserved 1048576K
2023-10-03T06:51:59.992+0800: 427.855: [GC pause (G1 Evacuation Pause) (young), 0.0075682 secs]
   [Parallel Time: 3.3 ms, GC Workers: 10]
      [GC Worker Start (ms): Min: 427855.6, Avg: 427855.8, Max: 427856.0, Diff: 0.4]
      [Ext Root Scanning (ms): Min: 1.0, Avg: 1.2, Max: 1.5, Diff: 0.5, Sum: 12.3]
      [Update RS (ms): Min: 0.4, Avg: 0.4, Max: 0.5, Diff: 0.1, Sum: 4.3]
         [Processed Buffers: Min: 2, Avg: 5.5, Max: 9, Diff: 7, Sum: 55]
      [Scan RS (ms): Min: 0.0, Avg: 0.1, Max: 0.1, Diff: 0.1, Sum: 0.5]
      [Code Root Scanning (ms): Min: 0.0, Avg: 0.0, Max: 0.0, Diff: 0.0, Sum: 0.0]
      [Object Copy (ms): Min: 0.5, Avg: 0.7, Max: 0.8, Diff: 0.2, Sum: 6.7]
      [Termination (ms): Min: 0.0, Avg: 0.0, Max: 0.0, Diff: 0.0, Sum: 0.0]
         [Termination Attempts: Min: 1, Avg: 1.0, Max: 1, Diff: 0, Sum: 10]
      [GC Worker Other (ms): Min: 0.0, Avg: 0.0, Max: 0.1, Diff: 0.1, Sum: 0.5]
      [GC Worker Total (ms): Min: 2.2, Avg: 2.4, Max: 2.7, Diff: 0.4, Sum: 24.4]
      [GC Worker End (ms): Min: 427858.2, Avg: 427858.3, Max: 427858.4, Diff: 0.1]
   [Code Root Fixup: 0.0 ms]
   [Code Root Purge: 0.0 ms]
   [Clear CT: 1.5 ms]
   [Other: 2.8 ms]
      [Choose CSet: 0.0 ms]
      [Ref Proc: 1.1 ms]
      [Ref Enq: 0.0 ms]
      [Redirty Cards: 1.2 ms]
      [Humongous Register: 0.0 ms]
      [Humongous Reclaim: 0.0 ms]
      [Free CSet: 0.2 ms]
   [Eden: 151.0M(151.0M)->0.0B(151.0M) Survivors: 2048.0K->2048.0K Heap: 181.5M(256.0M)->31235.0K(256.0M)]
Heap after GC invocations=356 (full 0):
 garbage-first heap   total 262144K, used 31234K [0x00000000f0000000, 0x00000000f0100800, 0x0000000100000000)
  region size 1024K, 2 young (2048K), 2 survivors (2048K)
 Metaspace       used 52841K, capacity 56076K, committed 56192K, reserved 1097728K
  class space    used 6460K, capacity 7028K, committed 7040K, reserved 1048576K
}
 [Times: user=0.03 sys=0.00, real=0.01 secs] 
{Heap before GC invocations=356 (full 0):
 garbage-first heap   total 262144K, used 185858K [0x00000000f0000000, 0x00000000f0100800, 0x0000000100000000)
  region size 1024K, 153 young (156672K), 2 survivors (2048K)
 Metaspace       used 52841K, capacity 56076K, committed 56192K, reserved 1097728K
  class space    used 6460K, capacity 7028K, committed 7040K, reserved 1048576K
2023-10-03T06:52:00.792+0800: 428.655: [GC pause (G1 Evacuation Pause) (young), 0.0072885 secs]
   [Parallel Time: 3.3 ms, GC Workers: 10]
      [GC Worker Start (ms): Min: 428655.4, Avg: 428655.7, Max: 428656.0, Diff: 0.5]
      [Ext Root Scanning (ms): Min: 0.9, Avg: 1.2, Max: 1.6, Diff: 0.7, Sum: 12.0]
      [Update RS (ms): Min: 0.4, Avg: 0.4, Max: 0.5, Diff: 0.1, Sum: 4.2]
         [Processed Buffers: Min: 2, Avg: 5.5, Max: 11, Diff: 9, Sum: 55]
      [Scan RS (ms): Min: 0.0, Avg: 0.1, Max: 0.1, Diff: 0.1, Sum: 0.7]
      [Code Root Scanning (ms): Min: 0.0, Avg: 0.0, Max: 0.0, Diff: 0.0, Sum: 0.0]
      [Object Copy (ms): Min: 0.5, Avg: 0.6, Max: 0.7, Diff: 0.2, Sum: 6.3]
      [Termination (ms): Min: 0.0, Avg: 0.0, Max: 0.0, Diff: 0.0, Sum: 0.0]
         [Termination Attempts: Min: 1, Avg: 1.0, Max: 1, Diff: 0, Sum: 10]
      [GC Worker Other (ms): Min: 0.0, Avg: 0.0, Max: 0.1, Diff: 0.1, Sum: 0.5]
      [GC Worker Total (ms): Min: 2.1, Avg: 2.4, Max: 2.6, Diff: 0.5, Sum: 23.7]
      [GC Worker End (ms): Min: 428658.0, Avg: 428658.1, Max: 428658.1, Diff: 0.1]
   [Code Root Fixup: 0.0 ms]
   [Code Root Purge: 0.0 ms]
   [Clear CT: 1.4 ms]
   [Other: 2.6 ms]
      [Choose CSet: 0.0 ms]
      [Ref Proc: 0.9 ms]
      [Ref Enq: 0.0 ms]
      [Redirty Cards: 1.3 ms]
      [Humongous Register: 0.0 ms]
      [Humongous Reclaim: 0.0 ms]
      [Free CSet: 0.1 ms]
   [Eden: 151.0M(151.0M)->0.0B(151.0M) Survivors: 2048.0K->2048.0K Heap: 181.5M(256.0M)->31211.6K(256.0M)]
Heap after GC invocations=357 (full 0):
 garbage-first heap   total 262144K, used 31211K [0x00000000f0000000, 0x00000000f0100800, 0x0000000100000000)
  region size 1024K, 2 young (2048K), 2 survivors (2048K)
 Metaspace       used 52841K, capacity 56076K, committed 56192K, reserved 1097728K
  class space    used 6460K, capacity 7028K, committed 7040K, reserved 1048576K
}
 [Times: user=0.03 sys=0.01, real=0.00 secs] 
{Heap before GC invocations=357 (full 0):
 garbage-first heap   total 262144K, used 185835K [0x00000000f0000000, 0x00000000f0100800, 0x0000000100000000)
  region size 1024K, 153 young (156672K), 2 survivors (2048K)
 Metaspace       used 52841K, capacity 56076K, committed 56192K, reserved 1097728K
  class space    used 6460K, capacity 7028K, committed 7040K, reserved 1048576K
2023-10-03T06:52:01.609+0800: 429.473: [GC pause (G1 Evacuation Pause) (young), 0.0071803 secs]
   [Parallel Time: 3.3 ms, GC Workers: 10]
      [GC Worker Start (ms): Min: 429472.9, Avg: 429473.1, Max: 429473.3, Diff: 0.4]
      [Ext Root Scanning (ms): Min: 1.0, Avg: 1.2, Max: 1.5, Diff: 0.6, Sum: 12.5]
      [Update RS (ms): Min: 0.4, Avg: 0.4, Max: 0.6, Diff: 0.2, Sum: 4.3]
         [Processed Buffers: Min: 2, Avg: 5.5, Max: 8, Diff: 6, Sum: 55]
      [Scan RS (ms): Min: 0.0, Avg: 0.1, Max: 0.1, Diff: 0.1, Sum: 0.6]
      [Code Root Scanning (ms): Min: 0.0, Avg: 0.0, Max: 0.0, Diff: 0.0, Sum: 0.0]
      [Object Copy (ms): Min: 0.5, Avg: 0.6, Max: 0.7, Diff: 0.2, Sum: 6.0]
      [Termination (ms): Min: 0.0, Avg: 0.0, Max: 0.0, Diff: 0.0, Sum: 0.1]
         [Termination Attempts: Min: 1, Avg: 1.0, Max: 1, Diff: 0, Sum: 10]
      [GC Worker Other (ms): Min: 0.0, Avg: 0.0, Max: 0.1, Diff: 0.1, Sum: 0.4]
      [GC Worker Total (ms): Min: 2.1, Avg: 2.4, Max: 2.6, Diff: 0.4, Sum: 23.9]
      [GC Worker End (ms): Min: 429475.5, Avg: 429475.5, Max: 429475.6, Diff: 0.1]
   [Code Root Fixup: 0.0 ms]
   [Code Root Purge: 0.0 ms]
   [Clear CT: 1.1 ms]
   [Other: 2.7 ms]
      [Choose CSet: 0.0 ms]
      [Ref Proc: 1.2 ms]
      [Ref Enq: 0.0 ms]
      [Redirty Cards: 1.2 ms]
      [Humongous Register: 0.0 ms]
      [Humongous Reclaim: 0.0 ms]
      [Free CSet: 0.1 ms]
   [Eden: 151.0M(151.0M)->0.0B(151.0M) Survivors: 2048.0K->2048.0K Heap: 181.5M(256.0M)->31148.0K(256.0M)]
Heap after GC invocations=358 (full 0):
 garbage-first heap   total 262144K, used 31148K [0x00000000f0000000, 0x00000000f0100800, 0x0000000100000000)
  region size 1024K, 2 young (2048K), 2 survivors (2048K)
 Metaspace       used 52841K, capacity 56076K, committed 56192K, reserved 1097728K
  class space    used 6460K, capacity 7028K, committed 7040K, reserved 1048576K
}
 [Times: user=0.02 sys=0.01, real=0.01 secs] 
{Heap before GC invocations=358 (full 0):
 garbage-first heap   total 262144K, used 185772K [0x00000000f0000000, 0x00000000f0100800, 0x0000000100000000)
  region size 1024K, 153 young (156672K), 2 survivors (2048K)
 Metaspace       used 52841K, capacity 56076K, committed 56192K, reserved 1097728K
  class space    used 6460K, capacity 7028K, committed 7040K, reserved 1048576K
2023-10-03T06:52:02.409+0800: 430.272: [GC pause (G1 Evacuation Pause) (young), 0.0071858 secs]
   [Parallel Time: 2.7 ms, GC Workers: 10]
      [GC Worker Start (ms): Min: 430272.6, Avg: 430272.8, Max: 430273.0, Diff: 0.4]
      [Ext Root Scanning (ms): Min: 1.0, Avg: 1.2, Max: 1.6, Diff: 0.6, Sum: 12.2]
      [Update RS (ms): Min: 0.4, Avg: 0.4, Max: 0.5, Diff: 0.1, Sum: 4.4]
         [Processed Buffers: Min: 3, Avg: 5.6, Max: 9, Diff: 6, Sum: 56]
      [Scan RS (ms): Min: 0.0, Avg: 0.1, Max: 0.1, Diff: 0.1, Sum: 0.6]
      [Code Root Scanning (ms): Min: 0.0, Avg: 0.0, Max: 0.0, Diff: 0.0, Sum: 0.0]
      [Object Copy (ms): Min: 0.5, Avg: 0.6, Max: 0.6, Diff: 0.2, Sum: 6.0]
      [Termination (ms): Min: 0.0, Avg: 0.0, Max: 0.0, Diff: 0.0, Sum: 0.1]
         [Termination Attempts: Min: 1, Avg: 1.2, Max: 2, Diff: 1, Sum: 12]
      [GC Worker Other (ms): Min: 0.0, Avg: 0.0, Max: 0.1, Diff: 0.1, Sum: 0.3]
      [GC Worker Total (ms): Min: 2.2, Avg: 2.4, Max: 2.6, Diff: 0.4, Sum: 23.6]
      [GC Worker End (ms): Min: 430275.1, Avg: 430275.2, Max: 430275.2, Diff: 0.0]
   [Code Root Fixup: 0.0 ms]
   [Code Root Purge: 0.0 ms]
   [Clear CT: 1.7 ms]
   [Other: 2.8 ms]
      [Choose CSet: 0.0 ms]
      [Ref Proc: 1.1 ms]
      [Ref Enq: 0.0 ms]
      [Redirty Cards: 1.4 ms]
      [Humongous Register: 0.0 ms]
      [Humongous Reclaim: 0.0 ms]
      [Free CSet: 0.1 ms]
   [Eden: 151.0M(151.0M)->0.0B(151.0M) Survivors: 2048.0K->2048.0K Heap: 181.4M(256.0M)->31235.7K(256.0M)]
Heap after GC invocations=359 (full 0):
 garbage-first heap   total 262144K, used 31235K [0x00000000f0000000, 0x00000000f0100800, 0x0000000100000000)
  region size 1024K, 2 young (2048K), 2 survivors (2048K)
 Metaspace       used 52841K, capacity 56076K, committed 56192K, reserved 1097728K
  class space    used 6460K, capacity 7028K, committed 7040K, reserved 1048576K
}
 [Times: user=0.02 sys=0.00, real=0.01 secs] 
{Heap before GC invocations=359 (full 0):
 garbage-first heap   total 262144K, used 185859K [0x00000000f0000000, 0x00000000f0100800, 0x0000000100000000)
  region size 1024K, 153 young (156672K), 2 survivors (2048K)
 Metaspace       used 52841K, capacity 56076K, committed 56192K, reserved 1097728K
  class space    used 6460K, capacity 7028K, committed 7040K, reserved 1048576K
2023-10-03T06:52:03.213+0800: 431.077: [GC pause (G1 Evacuation Pause) (young), 0.0073849 secs]
   [Parallel Time: 3.4 ms, GC Workers: 10]
      [GC Worker Start (ms): Min: 431076.8, Avg: 431077.1, Max: 431077.3, Diff: 0.5]
      [Ext Root Scanning (ms): Min: 1.1, Avg: 1.2, Max: 1.6, Diff: 0.5, Sum: 12.4]
      [Update RS (ms): Min: 0.4, Avg: 0.4, Max: 0.5, Diff: 0.1, Sum: 4.4]
         [Processed Buffers: Min: 3, Avg: 5.2, Max: 7, Diff: 4, Sum: 52]
      [Scan RS (ms): Min: 0.0, Avg: 0.1, Max: 0.1, Diff: 0.1, Sum: 0.6]
      [Code Root Scanning (ms): Min: 0.0, Avg: 0.0, Max: 0.0, Diff: 0.0, Sum: 0.0]
      [Object Copy (ms): Min: 0.5, Avg: 0.7, Max: 0.8, Diff: 0.3, Sum: 6.7]
      [Termination (ms): Min: 0.0, Avg: 0.0, Max: 0.0, Diff: 0.0, Sum: 0.0]
         [Termination Attempts: Min: 1, Avg: 1.0, Max: 1, Diff: 0, Sum: 10]
      [GC Worker Other (ms): Min: 0.0, Avg: 0.0, Max: 0.1, Diff: 0.1, Sum: 0.4]
      [GC Worker Total (ms): Min: 2.2, Avg: 2.5, Max: 2.7, Diff: 0.5, Sum: 24.6]
      [GC Worker End (ms): Min: 431079.5, Avg: 431079.5, Max: 431079.6, Diff: 0.1]
   [Code Root Fixup: 0.0 ms]
   [Code Root Purge: 0.0 ms]
   [Clear CT: 1.2 ms]
   [Other: 2.7 ms]
      [Choose CSet: 0.0 ms]
      [Ref Proc: 1.4 ms]
      [Ref Enq: 0.0 ms]
      [Redirty Cards: 1.1 ms]
      [Humongous Register: 0.0 ms]
      [Humongous Reclaim: 0.0 ms]
      [Free CSet: 0.1 ms]
   [Eden: 151.0M(151.0M)->0.0B(152.0M) Survivors: 2048.0K->1024.0K Heap: 181.5M(256.0M)->31064.0K(256.0M)]
Heap after GC invocations=360 (full 0):
 garbage-first heap   total 262144K, used 31064K [0x00000000f0000000, 0x00000000f0100800, 0x0000000100000000)
  region size 1024K, 1 young (1024K), 1 survivors (1024K)
 Metaspace       used 52841K, capacity 56076K, committed 56192K, reserved 1097728K
  class space    used 6460K, capacity 7028K, committed 7040K, reserved 1048576K
}
 [Times: user=0.02 sys=0.00, real=0.01 secs] 
{Heap before GC invocations=360 (full 0):
 garbage-first heap   total 262144K, used 186712K [0x00000000f0000000, 0x00000000f0100800, 0x0000000100000000)
  region size 1024K, 153 young (156672K), 1 survivors (1024K)
 Metaspace       used 52841K, capacity 56076K, committed 56192K, reserved 1097728K
  class space    used 6460K, capacity 7028K, committed 7040K, reserved 1048576K
2023-10-03T06:52:04.032+0800: 431.895: [GC pause (G1 Evacuation Pause) (young), 0.0077772 secs]
   [Parallel Time: 3.6 ms, GC Workers: 10]
      [GC Worker Start (ms): Min: 431895.3, Avg: 431895.5, Max: 431895.8, Diff: 0.5]
      [Ext Root Scanning (ms): Min: 1.0, Avg: 1.2, Max: 1.6, Diff: 0.6, Sum: 12.4]
      [Update RS (ms): Min: 0.4, Avg: 0.4, Max: 0.5, Diff: 0.1, Sum: 4.4]
         [Processed Buffers: Min: 3, Avg: 5.7, Max: 9, Diff: 6, Sum: 57]
      [Scan RS (ms): Min: 0.0, Avg: 0.1, Max: 0.1, Diff: 0.1, Sum: 0.6]
      [Code Root Scanning (ms): Min: 0.0, Avg: 0.0, Max: 0.0, Diff: 0.0, Sum: 0.0]
      [Object Copy (ms): Min: 0.5, Avg: 0.7, Max: 0.7, Diff: 0.2, Sum: 6.6]
      [Termination (ms): Min: 0.0, Avg: 0.0, Max: 0.0, Diff: 0.0, Sum: 0.1]
         [Termination Attempts: Min: 1, Avg: 1.0, Max: 1, Diff: 0, Sum: 10]
      [GC Worker Other (ms): Min: 0.0, Avg: 0.1, Max: 0.2, Diff: 0.1, Sum: 0.5]
      [GC Worker Total (ms): Min: 2.2, Avg: 2.5, Max: 2.7, Diff: 0.5, Sum: 24.7]
      [GC Worker End (ms): Min: 431898.0, Avg: 431898.0, Max: 431898.1, Diff: 0.1]
   [Code Root Fixup: 0.0 ms]
   [Code Root Purge: 0.0 ms]
   [Clear CT: 1.4 ms]
   [Other: 2.8 ms]
      [Choose CSet: 0.0 ms]
      [Ref Proc: 1.1 ms]
      [Ref Enq: 0.0 ms]
      [Redirty Cards: 1.4 ms]
      [Humongous Register: 0.0 ms]
      [Humongous Reclaim: 0.0 ms]
      [Free CSet: 0.1 ms]
   [Eden: 152.0M(152.0M)->0.0B(151.0M) Survivors: 1024.0K->2048.0K Heap: 182.3M(256.0M)->31225.3K(256.0M)]
Heap after GC invocations=361 (full 0):
 garbage-first heap   total 262144K, used 31225K [0x00000000f0000000, 0x00000000f0100800, 0x0000000100000000)
  region size 1024K, 2 young (2048K), 2 survivors (2048K)
 Metaspace       used 52841K, capacity 56076K, committed 56192K, reserved 1097728K
  class space    used 6460K, capacity 7028K, committed 7040K, reserved 1048576K
}
 [Times: user=0.03 sys=0.00, real=0.01 secs] 
{Heap before GC invocations=361 (full 0):
 garbage-first heap   total 262144K, used 185849K [0x00000000f0000000, 0x00000000f0100800, 0x0000000100000000)
  region size 1024K, 153 young (156672K), 2 survivors (2048K)
 Metaspace       used 52841K, capacity 56076K, committed 56192K, reserved 1097728K
  class space    used 6460K, capacity 7028K, committed 7040K, reserved 1048576K
2023-10-03T06:52:04.829+0800: 432.693: [GC pause (G1 Evacuation Pause) (young), 0.0077030 secs]
   [Parallel Time: 3.5 ms, GC Workers: 10]
      [GC Worker Start (ms): Min: 432692.7, Avg: 432693.0, Max: 432693.2, Diff: 0.5]
      [Ext Root Scanning (ms): Min: 1.0, Avg: 1.2, Max: 1.5, Diff: 0.6, Sum: 11.8]
      [Update RS (ms): Min: 0.4, Avg: 0.5, Max: 0.5, Diff: 0.2, Sum: 4.5]
         [Processed Buffers: Min: 3, Avg: 5.7, Max: 9, Diff: 6, Sum: 57]
      [Scan RS (ms): Min: 0.0, Avg: 0.1, Max: 0.1, Diff: 0.1, Sum: 0.6]
      [Code Root Scanning (ms): Min: 0.0, Avg: 0.0, Max: 0.0, Diff: 0.0, Sum: 0.0]
      [Object Copy (ms): Min: 0.5, Avg: 0.7, Max: 0.8, Diff: 0.2, Sum: 6.8]
      [Termination (ms): Min: 0.0, Avg: 0.0, Max: 0.0, Diff: 0.0, Sum: 0.1]
         [Termination Attempts: Min: 1, Avg: 1.9, Max: 3, Diff: 2, Sum: 19]
      [GC Worker Other (ms): Min: 0.0, Avg: 0.1, Max: 0.2, Diff: 0.1, Sum: 0.5]
      [GC Worker Total (ms): Min: 2.2, Avg: 2.4, Max: 2.7, Diff: 0.5, Sum: 24.3]
      [GC Worker End (ms): Min: 432695.4, Avg: 432695.4, Max: 432695.5, Diff: 0.1]
   [Code Root Fixup: 0.0 ms]
   [Code Root Purge: 0.0 ms]
   [Clear CT: 1.3 ms]
   [Other: 2.9 ms]
      [Choose CSet: 0.0 ms]
      [Ref Proc: 1.3 ms]
      [Ref Enq: 0.0 ms]
      [Redirty Cards: 1.3 ms]
      [Humongous Register: 0.0 ms]
      [Humongous Reclaim: 0.0 ms]
      [Free CSet: 0.1 ms]
   [Eden: 151.0M(151.0M)->0.0B(151.0M) Survivors: 2048.0K->2048.0K Heap: 181.5M(256.0M)->31220.6K(256.0M)]
Heap after GC invocations=362 (full 0):
 garbage-first heap   total 262144K, used 31220K [0x00000000f0000000, 0x00000000f0100800, 0x0000000100000000)
  region size 1024K, 2 young (2048K), 2 survivors (2048K)
 Metaspace       used 52841K, capacity 56076K, committed 56192K, reserved 1097728K
  class space    used 6460K, capacity 7028K, committed 7040K, reserved 1048576K
}
 [Times: user=0.03 sys=0.01, real=0.01 secs] 
{Heap before GC invocations=362 (full 0):
 garbage-first heap   total 262144K, used 185844K [0x00000000f0000000, 0x00000000f0100800, 0x0000000100000000)
  region size 1024K, 153 young (156672K), 2 survivors (2048K)
 Metaspace       used 52841K, capacity 56076K, committed 56192K, reserved 1097728K
  class space    used 6460K, capacity 7028K, committed 7040K, reserved 1048576K
2023-10-03T06:52:05.635+0800: 433.498: [GC pause (G1 Evacuation Pause) (young), 0.0079590 secs]
   [Parallel Time: 3.4 ms, GC Workers: 10]
      [GC Worker Start (ms): Min: 433498.1, Avg: 433498.3, Max: 433498.5, Diff: 0.5]
      [Ext Root Scanning (ms): Min: 1.0, Avg: 1.2, Max: 1.6, Diff: 0.6, Sum: 12.0]
      [Update RS (ms): Min: 0.4, Avg: 0.5, Max: 0.6, Diff: 0.2, Sum: 4.6]
         [Processed Buffers: Min: 2, Avg: 5.6, Max: 9, Diff: 7, Sum: 56]
      [Scan RS (ms): Min: 0.0, Avg: 0.1, Max: 0.1, Diff: 0.1, Sum: 0.5]
      [Code Root Scanning (ms): Min: 0.0, Avg: 0.0, Max: 0.0, Diff: 0.0, Sum: 0.0]
      [Object Copy (ms): Min: 0.6, Avg: 0.7, Max: 0.8, Diff: 0.2, Sum: 7.3]
      [Termination (ms): Min: 0.0, Avg: 0.0, Max: 0.0, Diff: 0.0, Sum: 0.0]
         [Termination Attempts: Min: 1, Avg: 1.0, Max: 1, Diff: 0, Sum: 10]
      [GC Worker Other (ms): Min: 0.0, Avg: 0.0, Max: 0.1, Diff: 0.1, Sum: 0.4]
      [GC Worker Total (ms): Min: 2.3, Avg: 2.5, Max: 2.7, Diff: 0.4, Sum: 25.0]
      [GC Worker End (ms): Min: 433500.8, Avg: 433500.8, Max: 433500.9, Diff: 0.1]
   [Code Root Fixup: 0.0 ms]
   [Code Root Purge: 0.0 ms]
   [Clear CT: 1.6 ms]
   [Other: 2.9 ms]
      [Choose CSet: 0.0 ms]
      [Ref Proc: 1.2 ms]
      [Ref Enq: 0.0 ms]
      [Redirty Cards: 1.4 ms]
      [Humongous Register: 0.0 ms]
      [Humongous Reclaim: 0.0 ms]
      [Free CSet: 0.1 ms]
   [Eden: 151.0M(151.0M)->0.0B(152.0M) Survivors: 2048.0K->1024.0K Heap: 181.5M(256.0M)->31426.5K(256.0M)]
Heap after GC invocations=363 (full 0):
 garbage-first heap   total 262144K, used 31426K [0x00000000f0000000, 0x00000000f0100800, 0x0000000100000000)
  region size 1024K, 1 young (1024K), 1 survivors (1024K)
 Metaspace       used 52841K, capacity 56076K, committed 56192K, reserved 1097728K
  class space    used 6460K, capacity 7028K, committed 7040K, reserved 1048576K
}
 [Times: user=0.03 sys=0.00, real=0.01 secs] 
{Heap before GC invocations=363 (full 0):
 garbage-first heap   total 262144K, used 187074K [0x00000000f0000000, 0x00000000f0100800, 0x0000000100000000)
  region size 1024K, 153 young (156672K), 1 survivors (1024K)
 Metaspace       used 52841K, capacity 56076K, committed 56192K, reserved 1097728K
  class space    used 6460K, capacity 7028K, committed 7040K, reserved 1048576K
2023-10-03T06:52:06.437+0800: 434.300: [GC pause (G1 Evacuation Pause) (young), 0.0068403 secs]
   [Parallel Time: 2.8 ms, GC Workers: 10]
      [GC Worker Start (ms): Min: 434300.1, Avg: 434300.4, Max: 434300.6, Diff: 0.5]
      [Ext Root Scanning (ms): Min: 1.0, Avg: 1.2, Max: 1.5, Diff: 0.5, Sum: 11.9]
      [Update RS (ms): Min: 0.5, Avg: 0.5, Max: 0.6, Diff: 0.1, Sum: 5.4]
         [Processed Buffers: Min: 3, Avg: 5.6, Max: 11, Diff: 8, Sum: 56]
      [Scan RS (ms): Min: 0.0, Avg: 0.1, Max: 0.1, Diff: 0.1, Sum: 0.5]
      [Code Root Scanning (ms): Min: 0.0, Avg: 0.0, Max: 0.0, Diff: 0.0, Sum: 0.0]
      [Object Copy (ms): Min: 0.4, Avg: 0.5, Max: 0.5, Diff: 0.2, Sum: 5.1]
      [Termination (ms): Min: 0.0, Avg: 0.0, Max: 0.0, Diff: 0.0, Sum: 0.0]
         [Termination Attempts: Min: 1, Avg: 1.0, Max: 1, Diff: 0, Sum: 10]
      [GC Worker Other (ms): Min: 0.0, Avg: 0.0, Max: 0.1, Diff: 0.1, Sum: 0.5]
      [GC Worker Total (ms): Min: 2.1, Avg: 2.3, Max: 2.6, Diff: 0.4, Sum: 23.4]
      [GC Worker End (ms): Min: 434302.7, Avg: 434302.7, Max: 434302.8, Diff: 0.1]
   [Code Root Fixup: 0.0 ms]
   [Code Root Purge: 0.0 ms]
   [Clear CT: 1.3 ms]
   [Other: 2.7 ms]
      [Choose CSet: 0.0 ms]
      [Ref Proc: 1.1 ms]
      [Ref Enq: 0.0 ms]
      [Redirty Cards: 1.3 ms]
      [Humongous Register: 0.0 ms]
      [Humongous Reclaim: 0.0 ms]
      [Free CSet: 0.1 ms]
   [Eden: 152.0M(152.0M)->0.0B(152.0M) Survivors: 1024.0K->1024.0K Heap: 182.7M(256.0M)->31086.3K(256.0M)]
Heap after GC invocations=364 (full 0):
 garbage-first heap   total 262144K, used 31086K [0x00000000f0000000, 0x00000000f0100800, 0x0000000100000000)
  region size 1024K, 1 young (1024K), 1 survivors (1024K)
 Metaspace       used 52841K, capacity 56076K, committed 56192K, reserved 1097728K
  class space    used 6460K, capacity 7028K, committed 7040K, reserved 1048576K
}
 [Times: user=0.03 sys=0.01, real=0.01 secs] 
{Heap before GC invocations=364 (full 0):
 garbage-first heap   total 262144K, used 186734K [0x00000000f0000000, 0x00000000f0100800, 0x0000000100000000)
  region size 1024K, 153 young (156672K), 1 survivors (1024K)
 Metaspace       used 52841K, capacity 56076K, committed 56192K, reserved 1097728K
  class space    used 6460K, capacity 7028K, committed 7040K, reserved 1048576K
2023-10-03T06:52:07.247+0800: 435.111: [GC pause (G1 Evacuation Pause) (young), 0.0078856 secs]
   [Parallel Time: 3.4 ms, GC Workers: 10]
      [GC Worker Start (ms): Min: 435110.9, Avg: 435111.2, Max: 435111.4, Diff: 0.5]
      [Ext Root Scanning (ms): Min: 0.9, Avg: 1.2, Max: 1.5, Diff: 0.6, Sum: 11.8]
      [Update RS (ms): Min: 0.5, Avg: 0.5, Max: 0.6, Diff: 0.1, Sum: 5.4]
         [Processed Buffers: Min: 3, Avg: 5.6, Max: 9, Diff: 6, Sum: 56]
      [Scan RS (ms): Min: 0.0, Avg: 0.0, Max: 0.1, Diff: 0.1, Sum: 0.5]
      [Code Root Scanning (ms): Min: 0.0, Avg: 0.0, Max: 0.0, Diff: 0.0, Sum: 0.0]
      [Object Copy (ms): Min: 0.3, Avg: 0.5, Max: 0.5, Diff: 0.2, Sum: 4.7]
      [Termination (ms): Min: 0.0, Avg: 0.0, Max: 0.0, Diff: 0.0, Sum: 0.0]
         [Termination Attempts: Min: 1, Avg: 1.1, Max: 2, Diff: 1, Sum: 11]
      [GC Worker Other (ms): Min: 0.0, Avg: 0.1, Max: 0.2, Diff: 0.2, Sum: 0.9]
      [GC Worker Total (ms): Min: 2.0, Avg: 2.3, Max: 2.5, Diff: 0.5, Sum: 23.3]
      [GC Worker End (ms): Min: 435113.4, Avg: 435113.5, Max: 435113.7, Diff: 0.2]
   [Code Root Fixup: 0.0 ms]
   [Code Root Purge: 0.0 ms]
   [Clear CT: 1.2 ms]
   [Other: 3.2 ms]
      [Choose CSet: 0.0 ms]
      [Ref Proc: 1.5 ms]
      [Ref Enq: 0.0 ms]
      [Redirty Cards: 1.5 ms]
      [Humongous Register: 0.0 ms]
      [Humongous Reclaim: 0.0 ms]
      [Free CSet: 0.1 ms]
   [Eden: 152.0M(152.0M)->0.0B(152.0M) Survivors: 1024.0K->1024.0K Heap: 182.4M(256.0M)->31011.6K(256.0M)]
Heap after GC invocations=365 (full 0):
 garbage-first heap   total 262144K, used 31011K [0x00000000f0000000, 0x00000000f0100800, 0x0000000100000000)
  region size 1024K, 1 young (1024K), 1 survivors (1024K)
 Metaspace       used 52841K, capacity 56076K, committed 56192K, reserved 1097728K
  class space    used 6460K, capacity 7028K, committed 7040K, reserved 1048576K
}
 [Times: user=0.03 sys=0.00, real=0.01 secs] 
{Heap before GC invocations=365 (full 0):
 garbage-first heap   total 262144K, used 186659K [0x00000000f0000000, 0x00000000f0100800, 0x0000000100000000)
  region size 1024K, 153 young (156672K), 1 survivors (1024K)
 Metaspace       used 52841K, capacity 56076K, committed 56192K, reserved 1097728K
  class space    used 6460K, capacity 7028K, committed 7040K, reserved 1048576K
2023-10-03T06:52:08.038+0800: 435.901: [GC pause (G1 Evacuation Pause) (young), 0.0077039 secs]
   [Parallel Time: 3.2 ms, GC Workers: 10]
      [GC Worker Start (ms): Min: 435901.0, Avg: 435901.2, Max: 435901.5, Diff: 0.5]
      [Ext Root Scanning (ms): Min: 0.9, Avg: 1.2, Max: 1.5, Diff: 0.6, Sum: 11.8]
      [Update RS (ms): Min: 0.5, Avg: 0.5, Max: 0.6, Diff: 0.1, Sum: 5.4]
         [Processed Buffers: Min: 4, Avg: 5.4, Max: 9, Diff: 5, Sum: 54]
      [Scan RS (ms): Min: 0.0, Avg: 0.0, Max: 0.1, Diff: 0.1, Sum: 0.5]
      [Code Root Scanning (ms): Min: 0.0, Avg: 0.0, Max: 0.0, Diff: 0.0, Sum: 0.0]
      [Object Copy (ms): Min: 0.4, Avg: 0.6, Max: 0.6, Diff: 0.2, Sum: 5.5]
      [Termination (ms): Min: 0.0, Avg: 0.0, Max: 0.0, Diff: 0.0, Sum: 0.0]
         [Termination Attempts: Min: 1, Avg: 1.0, Max: 1, Diff: 0, Sum: 10]
      [GC Worker Other (ms): Min: 0.0, Avg: 0.0, Max: 0.1, Diff: 0.1, Sum: 0.4]
      [GC Worker Total (ms): Min: 2.2, Avg: 2.4, Max: 2.6, Diff: 0.4, Sum: 23.7]
      [GC Worker End (ms): Min: 435903.6, Avg: 435903.6, Max: 435903.7, Diff: 0.1]
   [Code Root Fixup: 0.0 ms]
   [Code Root Purge: 0.0 ms]
   [Clear CT: 1.3 ms]
   [Other: 3.2 ms]
      [Choose CSet: 0.0 ms]
      [Ref Proc: 1.4 ms]
      [Ref Enq: 0.0 ms]
      [Redirty Cards: 1.5 ms]
      [Humongous Register: 0.0 ms]
      [Humongous Reclaim: 0.0 ms]
      [Free CSet: 0.1 ms]
   [Eden: 152.0M(152.0M)->0.0B(152.0M) Survivors: 1024.0K->1024.0K Heap: 182.3M(256.0M)->31164.7K(256.0M)]
Heap after GC invocations=366 (full 0):
 garbage-first heap   total 262144K, used 31164K [0x00000000f0000000, 0x00000000f0100800, 0x0000000100000000)
  region size 1024K, 1 young (1024K), 1 survivors (1024K)
 Metaspace       used 52841K, capacity 56076K, committed 56192K, reserved 1097728K
  class space    used 6460K, capacity 7028K, committed 7040K, reserved 1048576K
}
 [Times: user=0.04 sys=0.00, real=0.01 secs] 
{Heap before GC invocations=366 (full 0):
 garbage-first heap   total 262144K, used 186812K [0x00000000f0000000, 0x00000000f0100800, 0x0000000100000000)
  region size 1024K, 153 young (156672K), 1 survivors (1024K)
 Metaspace       used 52844K, capacity 56076K, committed 56192K, reserved 1097728K
  class space    used 6460K, capacity 7028K, committed 7040K, reserved 1048576K
2023-10-03T06:52:08.843+0800: 436.706: [GC pause (G1 Evacuation Pause) (young), 0.0077381 secs]
   [Parallel Time: 3.3 ms, GC Workers: 10]
      [GC Worker Start (ms): Min: 436706.6, Avg: 436706.9, Max: 436707.1, Diff: 0.5]
      [Ext Root Scanning (ms): Min: 1.0, Avg: 1.2, Max: 1.5, Diff: 0.6, Sum: 11.9]
      [Update RS (ms): Min: 0.5, Avg: 0.5, Max: 0.6, Diff: 0.1, Sum: 4.9]
         [Processed Buffers: Min: 4, Avg: 5.7, Max: 9, Diff: 5, Sum: 57]
      [Scan RS (ms): Min: 0.0, Avg: 0.1, Max: 0.1, Diff: 0.0, Sum: 0.7]
      [Code Root Scanning (ms): Min: 0.0, Avg: 0.0, Max: 0.0, Diff: 0.0, Sum: 0.0]
      [Object Copy (ms): Min: 0.4, Avg: 0.5, Max: 0.6, Diff: 0.2, Sum: 5.4]
      [Termination (ms): Min: 0.0, Avg: 0.0, Max: 0.0, Diff: 0.0, Sum: 0.0]
         [Termination Attempts: Min: 1, Avg: 1.0, Max: 1, Diff: 0, Sum: 10]
      [GC Worker Other (ms): Min: 0.0, Avg: 0.0, Max: 0.1, Diff: 0.1, Sum: 0.5]
      [GC Worker Total (ms): Min: 2.1, Avg: 2.3, Max: 2.7, Diff: 0.6, Sum: 23.4]
      [GC Worker End (ms): Min: 436709.2, Avg: 436709.3, Max: 436709.3, Diff: 0.1]
   [Code Root Fixup: 0.0 ms]
   [Code Root Purge: 0.0 ms]
   [Clear CT: 1.6 ms]
   [Other: 2.8 ms]
      [Choose CSet: 0.0 ms]
      [Ref Proc: 1.1 ms]
      [Ref Enq: 0.0 ms]
      [Redirty Cards: 1.5 ms]
      [Humongous Register: 0.0 ms]
      [Humongous Reclaim: 0.0 ms]
      [Free CSet: 0.1 ms]
   [Eden: 152.0M(152.0M)->0.0B(152.0M) Survivors: 1024.0K->1024.0K Heap: 182.4M(256.0M)->31058.5K(256.0M)]
Heap after GC invocations=367 (full 0):
 garbage-first heap   total 262144K, used 31058K [0x00000000f0000000, 0x00000000f0100800, 0x0000000100000000)
  region size 1024K, 1 young (1024K), 1 survivors (1024K)
 Metaspace       used 52844K, capacity 56076K, committed 56192K, reserved 1097728K
  class space    used 6460K, capacity 7028K, committed 7040K, reserved 1048576K
}
 [Times: user=0.03 sys=0.01, real=0.01 secs] 
{Heap before GC invocations=367 (full 0):
 garbage-first heap   total 262144K, used 186706K [0x00000000f0000000, 0x00000000f0100800, 0x0000000100000000)
  region size 1024K, 153 young (156672K), 1 survivors (1024K)
 Metaspace       used 52844K, capacity 56076K, committed 56192K, reserved 1097728K
  class space    used 6460K, capacity 7028K, committed 7040K, reserved 1048576K
2023-10-03T06:52:09.647+0800: 437.511: [GC pause (G1 Evacuation Pause) (young), 0.0080293 secs]
   [Parallel Time: 3.3 ms, GC Workers: 10]
      [GC Worker Start (ms): Min: 437510.9, Avg: 437511.1, Max: 437511.3, Diff: 0.5]
      [Ext Root Scanning (ms): Min: 1.0, Avg: 1.2, Max: 1.5, Diff: 0.5, Sum: 11.7]
      [Update RS (ms): Min: 0.5, Avg: 0.5, Max: 0.7, Diff: 0.2, Sum: 5.3]
         [Processed Buffers: Min: 3, Avg: 5.6, Max: 9, Diff: 6, Sum: 56]
      [Scan RS (ms): Min: 0.0, Avg: 0.1, Max: 0.1, Diff: 0.1, Sum: 0.6]
      [Code Root Scanning (ms): Min: 0.0, Avg: 0.0, Max: 0.0, Diff: 0.0, Sum: 0.0]
      [Object Copy (ms): Min: 0.4, Avg: 0.5, Max: 0.6, Diff: 0.2, Sum: 5.2]
      [Termination (ms): Min: 0.0, Avg: 0.0, Max: 0.0, Diff: 0.0, Sum: 0.0]
         [Termination Attempts: Min: 1, Avg: 1.1, Max: 2, Diff: 1, Sum: 11]
      [GC Worker Other (ms): Min: 0.0, Avg: 0.1, Max: 0.2, Diff: 0.1, Sum: 0.5]
      [GC Worker Total (ms): Min: 2.1, Avg: 2.3, Max: 2.6, Diff: 0.4, Sum: 23.4]
      [GC Worker End (ms): Min: 437513.4, Avg: 437513.5, Max: 437513.6, Diff: 0.1]
   [Code Root Fixup: 0.0 ms]
   [Code Root Purge: 0.0 ms]
   [Clear CT: 1.9 ms]
   [Other: 2.8 ms]
      [Choose CSet: 0.0 ms]
      [Ref Proc: 1.0 ms]
      [Ref Enq: 0.0 ms]
      [Redirty Cards: 1.5 ms]
      [Humongous Register: 0.0 ms]
      [Humongous Reclaim: 0.0 ms]
      [Free CSet: 0.1 ms]
   [Eden: 152.0M(152.0M)->0.0B(152.0M) Survivors: 1024.0K->1024.0K Heap: 182.3M(256.0M)->31078.4K(256.0M)]
Heap after GC invocations=368 (full 0):
 garbage-first heap   total 262144K, used 31078K [0x00000000f0000000, 0x00000000f0100800, 0x0000000100000000)
  region size 1024K, 1 young (1024K), 1 survivors (1024K)
 Metaspace       used 52844K, capacity 56076K, committed 56192K, reserved 1097728K
  class space    used 6460K, capacity 7028K, committed 7040K, reserved 1048576K
}
 [Times: user=0.03 sys=0.00, real=0.01 secs] 
{Heap before GC invocations=368 (full 0):
 garbage-first heap   total 262144K, used 186726K [0x00000000f0000000, 0x00000000f0100800, 0x0000000100000000)
  region size 1024K, 153 young (156672K), 1 survivors (1024K)
 Metaspace       used 52844K, capacity 56076K, committed 56192K, reserved 1097728K
  class space    used 6460K, capacity 7028K, committed 7040K, reserved 1048576K
2023-10-03T06:52:10.464+0800: 438.327: [GC pause (G1 Evacuation Pause) (young), 0.0078327 secs]
   [Parallel Time: 3.4 ms, GC Workers: 10]
      [GC Worker Start (ms): Min: 438327.7, Avg: 438327.9, Max: 438328.2, Diff: 0.5]
      [Ext Root Scanning (ms): Min: 0.9, Avg: 1.2, Max: 1.6, Diff: 0.6, Sum: 12.2]
      [Update RS (ms): Min: 0.4, Avg: 0.5, Max: 0.6, Diff: 0.2, Sum: 5.4]
         [Processed Buffers: Min: 4, Avg: 5.6, Max: 7, Diff: 3, Sum: 56]
      [Scan RS (ms): Min: 0.0, Avg: 0.1, Max: 0.1, Diff: 0.0, Sum: 0.7]
      [Code Root Scanning (ms): Min: 0.0, Avg: 0.0, Max: 0.0, Diff: 0.0, Sum: 0.0]
      [Object Copy (ms): Min: 0.4, Avg: 0.5, Max: 0.7, Diff: 0.3, Sum: 5.2]
      [Termination (ms): Min: 0.0, Avg: 0.0, Max: 0.0, Diff: 0.0, Sum: 0.0]
         [Termination Attempts: Min: 1, Avg: 1.0, Max: 1, Diff: 0, Sum: 10]
      [GC Worker Other (ms): Min: 0.0, Avg: 0.1, Max: 0.2, Diff: 0.2, Sum: 0.7]
      [GC Worker Total (ms): Min: 2.2, Avg: 2.4, Max: 2.9, Diff: 0.7, Sum: 24.3]
      [GC Worker End (ms): Min: 438330.3, Avg: 438330.4, Max: 438330.5, Diff: 0.2]
   [Code Root Fixup: 0.0 ms]
   [Code Root Purge: 0.0 ms]
   [Clear CT: 1.3 ms]
   [Other: 3.1 ms]
      [Choose CSet: 0.0 ms]
      [Ref Proc: 1.4 ms]
      [Ref Enq: 0.0 ms]
      [Redirty Cards: 1.4 ms]
      [Humongous Register: 0.0 ms]
      [Humongous Reclaim: 0.0 ms]
      [Free CSet: 0.1 ms]
   [Eden: 152.0M(152.0M)->0.0B(152.0M) Survivors: 1024.0K->1024.0K Heap: 182.3M(256.0M)->31023.0K(256.0M)]
Heap after GC invocations=369 (full 0):
 garbage-first heap   total 262144K, used 31022K [0x00000000f0000000, 0x00000000f0100800, 0x0000000100000000)
  region size 1024K, 1 young (1024K), 1 survivors (1024K)
 Metaspace       used 52844K, capacity 56076K, committed 56192K, reserved 1097728K
  class space    used 6460K, capacity 7028K, committed 7040K, reserved 1048576K
}
 [Times: user=0.02 sys=0.00, real=0.01 secs] 
{Heap before GC invocations=369 (full 0):
 garbage-first heap   total 262144K, used 186670K [0x00000000f0000000, 0x00000000f0100800, 0x0000000100000000)
  region size 1024K, 153 young (156672K), 1 survivors (1024K)
 Metaspace       used 52844K, capacity 56076K, committed 56192K, reserved 1097728K
  class space    used 6460K, capacity 7028K, committed 7040K, reserved 1048576K
2023-10-03T06:52:11.283+0800: 439.146: [GC pause (G1 Evacuation Pause) (young), 0.0075846 secs]
   [Parallel Time: 3.3 ms, GC Workers: 10]
      [GC Worker Start (ms): Min: 439146.4, Avg: 439146.6, Max: 439146.8, Diff: 0.5]
      [Ext Root Scanning (ms): Min: 1.0, Avg: 1.2, Max: 1.5, Diff: 0.5, Sum: 12.1]
      [Update RS (ms): Min: 0.4, Avg: 0.5, Max: 0.6, Diff: 0.2, Sum: 4.9]
         [Processed Buffers: Min: 3, Avg: 5.5, Max: 9, Diff: 6, Sum: 55]
      [Scan RS (ms): Min: 0.0, Avg: 0.1, Max: 0.1, Diff: 0.1, Sum: 0.8]
      [Code Root Scanning (ms): Min: 0.0, Avg: 0.0, Max: 0.0, Diff: 0.0, Sum: 0.0]
      [Object Copy (ms): Min: 0.3, Avg: 0.5, Max: 0.6, Diff: 0.2, Sum: 4.9]
      [Termination (ms): Min: 0.0, Avg: 0.0, Max: 0.0, Diff: 0.0, Sum: 0.0]
         [Termination Attempts: Min: 1, Avg: 1.0, Max: 1, Diff: 0, Sum: 10]
      [GC Worker Other (ms): Min: 0.0, Avg: 0.0, Max: 0.1, Diff: 0.1, Sum: 0.4]
      [GC Worker Total (ms): Min: 2.1, Avg: 2.3, Max: 2.5, Diff: 0.5, Sum: 23.1]
      [GC Worker End (ms): Min: 439148.9, Avg: 439148.9, Max: 439149.0, Diff: 0.1]
   [Code Root Fixup: 0.0 ms]
   [Code Root Purge: 0.0 ms]
   [Clear CT: 1.3 ms]
   [Other: 3.1 ms]
      [Choose CSet: 0.0 ms]
      [Ref Proc: 1.5 ms]
      [Ref Enq: 0.0 ms]
      [Redirty Cards: 1.2 ms]
      [Humongous Register: 0.0 ms]
      [Humongous Reclaim: 0.0 ms]
      [Free CSet: 0.1 ms]
   [Eden: 152.0M(152.0M)->0.0B(152.0M) Survivors: 1024.0K->1024.0K Heap: 182.3M(256.0M)->31065.8K(256.0M)]
Heap after GC invocations=370 (full 0):
 garbage-first heap   total 262144K, used 31065K [0x00000000f0000000, 0x00000000f0100800, 0x0000000100000000)
  region size 1024K, 1 young (1024K), 1 survivors (1024K)
 Metaspace       used 52844K, capacity 56076K, committed 56192K, reserved 1097728K
  class space    used 6460K, capacity 7028K, committed 7040K, reserved 1048576K
}
 [Times: user=0.03 sys=0.01, real=0.01 secs] 
{Heap before GC invocations=370 (full 0):
 garbage-first heap   total 262144K, used 186713K [0x00000000f0000000, 0x00000000f0100800, 0x0000000100000000)
  region size 1024K, 153 young (156672K), 1 survivors (1024K)
 Metaspace       used 52844K, capacity 56076K, committed 56192K, reserved 1097728K
  class space    used 6460K, capacity 7028K, committed 7040K, reserved 1048576K
2023-10-03T06:52:12.097+0800: 439.960: [GC pause (G1 Evacuation Pause) (young), 0.0081653 secs]
   [Parallel Time: 3.5 ms, GC Workers: 10]
      [GC Worker Start (ms): Min: 439960.2, Avg: 439960.5, Max: 439960.7, Diff: 0.5]
      [Ext Root Scanning (ms): Min: 1.0, Avg: 1.2, Max: 1.5, Diff: 0.5, Sum: 12.4]
      [Update RS (ms): Min: 0.4, Avg: 0.5, Max: 0.7, Diff: 0.2, Sum: 5.0]
         [Processed Buffers: Min: 3, Avg: 5.4, Max: 9, Diff: 6, Sum: 54]
      [Scan RS (ms): Min: 0.0, Avg: 0.1, Max: 0.1, Diff: 0.1, Sum: 0.5]
      [Code Root Scanning (ms): Min: 0.0, Avg: 0.0, Max: 0.0, Diff: 0.0, Sum: 0.0]
      [Object Copy (ms): Min: 0.5, Avg: 0.6, Max: 0.8, Diff: 0.3, Sum: 6.3]
      [Termination (ms): Min: 0.0, Avg: 0.0, Max: 0.0, Diff: 0.0, Sum: 0.0]
         [Termination Attempts: Min: 1, Avg: 1.0, Max: 1, Diff: 0, Sum: 10]
      [GC Worker Other (ms): Min: 0.0, Avg: 0.0, Max: 0.1, Diff: 0.1, Sum: 0.5]
      [GC Worker Total (ms): Min: 2.2, Avg: 2.5, Max: 2.7, Diff: 0.5, Sum: 24.7]
      [GC Worker End (ms): Min: 439962.9, Avg: 439962.9, Max: 439963.0, Diff: 0.1]
   [Code Root Fixup: 0.0 ms]
   [Code Root Purge: 0.0 ms]
   [Clear CT: 1.4 ms]
   [Other: 3.3 ms]
      [Choose CSet: 0.0 ms]
      [Ref Proc: 1.6 ms]
      [Ref Enq: 0.0 ms]
      [Redirty Cards: 1.5 ms]
      [Humongous Register: 0.0 ms]
      [Humongous Reclaim: 0.0 ms]
      [Free CSet: 0.1 ms]
   [Eden: 152.0M(152.0M)->0.0B(152.0M) Survivors: 1024.0K->1024.0K Heap: 182.3M(256.0M)->31163.7K(256.0M)]
Heap after GC invocations=371 (full 0):
 garbage-first heap   total 262144K, used 31163K [0x00000000f0000000, 0x00000000f0100800, 0x0000000100000000)
  region size 1024K, 1 young (1024K), 1 survivors (1024K)
 Metaspace       used 52844K, capacity 56076K, committed 56192K, reserved 1097728K
  class space    used 6460K, capacity 7028K, committed 7040K, reserved 1048576K
}
 [Times: user=0.03 sys=0.00, real=0.01 secs] 
{Heap before GC invocations=371 (full 0):
 garbage-first heap   total 262144K, used 186811K [0x00000000f0000000, 0x00000000f0100800, 0x0000000100000000)
  region size 1024K, 153 young (156672K), 1 survivors (1024K)
 Metaspace       used 52845K, capacity 56076K, committed 56192K, reserved 1097728K
  class space    used 6460K, capacity 7028K, committed 7040K, reserved 1048576K
2023-10-03T06:52:12.907+0800: 440.771: [GC pause (G1 Evacuation Pause) (young), 0.0081556 secs]
   [Parallel Time: 3.7 ms, GC Workers: 10]
      [GC Worker Start (ms): Min: 440770.7, Avg: 440771.0, Max: 440771.2, Diff: 0.5]
      [Ext Root Scanning (ms): Min: 0.9, Avg: 1.2, Max: 1.8, Diff: 0.8, Sum: 12.1]
      [Update RS (ms): Min: 0.3, Avg: 0.5, Max: 0.5, Diff: 0.2, Sum: 4.8]
         [Processed Buffers: Min: 2, Avg: 5.5, Max: 9, Diff: 7, Sum: 55]
      [Scan RS (ms): Min: 0.1, Avg: 0.1, Max: 0.1, Diff: 0.1, Sum: 1.1]
      [Code Root Scanning (ms): Min: 0.0, Avg: 0.0, Max: 0.0, Diff: 0.0, Sum: 0.0]
      [Object Copy (ms): Min: 0.5, Avg: 0.7, Max: 1.2, Diff: 0.7, Sum: 7.1]
      [Termination (ms): Min: 0.0, Avg: 0.7, Max: 0.8, Diff: 0.8, Sum: 6.9]
         [Termination Attempts: Min: 1, Avg: 1.0, Max: 1, Diff: 0, Sum: 10]
      [GC Worker Other (ms): Min: 0.0, Avg: 0.0, Max: 0.0, Diff: 0.0, Sum: 0.2]
      [GC Worker Total (ms): Min: 3.0, Avg: 3.2, Max: 3.5, Diff: 0.5, Sum: 32.1]
      [GC Worker End (ms): Min: 440774.0, Avg: 440774.2, Max: 440774.2, Diff: 0.2]
   [Code Root Fixup: 0.0 ms]
   [Code Root Purge: 0.0 ms]
   [Clear CT: 1.7 ms]
   [Other: 2.7 ms]
      [Choose CSet: 0.0 ms]
      [Ref Proc: 1.0 ms]
      [Ref Enq: 0.0 ms]
      [Redirty Cards: 1.5 ms]
      [Humongous Register: 0.0 ms]
      [Humongous Reclaim: 0.0 ms]
      [Free CSet: 0.1 ms]
   [Eden: 152.0M(152.0M)->0.0B(152.0M) Survivors: 1024.0K->1024.0K Heap: 182.4M(256.0M)->31177.0K(256.0M)]
Heap after GC invocations=372 (full 0):
 garbage-first heap   total 262144K, used 31177K [0x00000000f0000000, 0x00000000f0100800, 0x0000000100000000)
  region size 1024K, 1 young (1024K), 1 survivors (1024K)
 Metaspace       used 52845K, capacity 56076K, committed 56192K, reserved 1097728K
  class space    used 6460K, capacity 7028K, committed 7040K, reserved 1048576K
}
 [Times: user=0.03 sys=0.01, real=0.01 secs] 
{Heap before GC invocations=372 (full 0):
 garbage-first heap   total 262144K, used 186825K [0x00000000f0000000, 0x00000000f0100800, 0x0000000100000000)
  region size 1024K, 153 young (156672K), 1 survivors (1024K)
 Metaspace       used 52845K, capacity 56076K, committed 56192K, reserved 1097728K
  class space    used 6460K, capacity 7028K, committed 7040K, reserved 1048576K
2023-10-03T06:52:13.724+0800: 441.588: [GC pause (G1 Evacuation Pause) (young), 0.0082022 secs]
   [Parallel Time: 3.6 ms, GC Workers: 10]
      [GC Worker Start (ms): Min: 441587.9, Avg: 441588.1, Max: 441588.3, Diff: 0.5]
      [Ext Root Scanning (ms): Min: 1.0, Avg: 1.2, Max: 1.5, Diff: 0.5, Sum: 12.5]
      [Update RS (ms): Min: 0.4, Avg: 0.5, Max: 0.7, Diff: 0.3, Sum: 5.0]
         [Processed Buffers: Min: 3, Avg: 5.6, Max: 9, Diff: 6, Sum: 56]
      [Scan RS (ms): Min: 0.0, Avg: 0.1, Max: 0.1, Diff: 0.1, Sum: 0.7]
      [Code Root Scanning (ms): Min: 0.0, Avg: 0.0, Max: 0.0, Diff: 0.0, Sum: 0.0]
      [Object Copy (ms): Min: 0.4, Avg: 0.6, Max: 0.7, Diff: 0.3, Sum: 6.1]
      [Termination (ms): Min: 0.0, Avg: 0.0, Max: 0.0, Diff: 0.0, Sum: 0.0]
         [Termination Attempts: Min: 1, Avg: 1.5, Max: 2, Diff: 1, Sum: 15]
      [GC Worker Other (ms): Min: 0.0, Avg: 0.1, Max: 0.1, Diff: 0.1, Sum: 0.5]
      [GC Worker Total (ms): Min: 2.3, Avg: 2.5, Max: 2.7, Diff: 0.4, Sum: 24.9]
      [GC Worker End (ms): Min: 441590.6, Avg: 441590.6, Max: 441590.7, Diff: 0.1]
   [Code Root Fixup: 0.0 ms]
   [Code Root Purge: 0.0 ms]
   [Clear CT: 1.4 ms]
   [Other: 3.3 ms]
      [Choose CSet: 0.0 ms]
      [Ref Proc: 1.6 ms]
      [Ref Enq: 0.0 ms]
      [Redirty Cards: 1.4 ms]
      [Humongous Register: 0.0 ms]
      [Humongous Reclaim: 0.0 ms]
      [Free CSet: 0.1 ms]
   [Eden: 152.0M(152.0M)->0.0B(152.0M) Survivors: 1024.0K->1024.0K Heap: 182.4M(256.0M)->31128.2K(256.0M)]
Heap after GC invocations=373 (full 0):
 garbage-first heap   total 262144K, used 31128K [0x00000000f0000000, 0x00000000f0100800, 0x0000000100000000)
  region size 1024K, 1 young (1024K), 1 survivors (1024K)
 Metaspace       used 52845K, capacity 56076K, committed 56192K, reserved 1097728K
  class space    used 6460K, capacity 7028K, committed 7040K, reserved 1048576K
}
 [Times: user=0.03 sys=0.00, real=0.01 secs] 
{Heap before GC invocations=373 (full 0):
 garbage-first heap   total 262144K, used 186776K [0x00000000f0000000, 0x00000000f0100800, 0x0000000100000000)
  region size 1024K, 153 young (156672K), 1 survivors (1024K)
 Metaspace       used 52845K, capacity 56076K, committed 56192K, reserved 1097728K
  class space    used 6460K, capacity 7028K, committed 7040K, reserved 1048576K
2023-10-03T06:52:14.537+0800: 442.400: [GC pause (G1 Evacuation Pause) (young), 0.0083199 secs]
   [Parallel Time: 3.3 ms, GC Workers: 10]
      [GC Worker Start (ms): Min: 442400.2, Avg: 442400.4, Max: 442400.6, Diff: 0.5]
      [Ext Root Scanning (ms): Min: 1.0, Avg: 1.2, Max: 1.5, Diff: 0.5, Sum: 12.3]
      [Update RS (ms): Min: 0.4, Avg: 0.5, Max: 0.6, Diff: 0.2, Sum: 5.0]
         [Processed Buffers: Min: 3, Avg: 5.6, Max: 9, Diff: 6, Sum: 56]
      [Scan RS (ms): Min: 0.0, Avg: 0.1, Max: 0.1, Diff: 0.1, Sum: 0.6]
      [Code Root Scanning (ms): Min: 0.0, Avg: 0.0, Max: 0.0, Diff: 0.0, Sum: 0.0]
      [Object Copy (ms): Min: 0.4, Avg: 0.6, Max: 0.7, Diff: 0.3, Sum: 5.6]
      [Termination (ms): Min: 0.0, Avg: 0.0, Max: 0.0, Diff: 0.0, Sum: 0.0]
         [Termination Attempts: Min: 1, Avg: 1.0, Max: 1, Diff: 0, Sum: 10]
      [GC Worker Other (ms): Min: 0.0, Avg: 0.0, Max: 0.1, Diff: 0.1, Sum: 0.4]
      [GC Worker Total (ms): Min: 2.2, Avg: 2.4, Max: 2.7, Diff: 0.5, Sum: 23.9]
      [GC Worker End (ms): Min: 442402.8, Avg: 442402.8, Max: 442402.8, Diff: 0.1]
   [Code Root Fixup: 0.0 ms]
   [Code Root Purge: 0.0 ms]
   [Clear CT: 1.3 ms]
   [Other: 3.7 ms]
      [Choose CSet: 0.0 ms]
      [Ref Proc: 1.8 ms]
      [Ref Enq: 0.0 ms]
      [Redirty Cards: 1.4 ms]
      [Humongous Register: 0.0 ms]
      [Humongous Reclaim: 0.0 ms]
      [Free CSet: 0.1 ms]
   [Eden: 152.0M(152.0M)->0.0B(152.0M) Survivors: 1024.0K->1024.0K Heap: 182.4M(256.0M)->31141.0K(256.0M)]
Heap after GC invocations=374 (full 0):
 garbage-first heap   total 262144K, used 31141K [0x00000000f0000000, 0x00000000f0100800, 0x0000000100000000)
  region size 1024K, 1 young (1024K), 1 survivors (1024K)
 Metaspace       used 52845K, capacity 56076K, committed 56192K, reserved 1097728K
  class space    used 6460K, capacity 7028K, committed 7040K, reserved 1048576K
}
 [Times: user=0.03 sys=0.01, real=0.01 secs] 
{Heap before GC invocations=374 (full 0):
 garbage-first heap   total 262144K, used 186789K [0x00000000f0000000, 0x00000000f0100800, 0x0000000100000000)
  region size 1024K, 153 young (156672K), 1 survivors (1024K)
 Metaspace       used 52845K, capacity 56076K, committed 56192K, reserved 1097728K
  class space    used 6460K, capacity 7028K, committed 7040K, reserved 1048576K
2023-10-03T06:52:15.357+0800: 443.220: [GC pause (G1 Evacuation Pause) (young), 0.0078758 secs]
   [Parallel Time: 3.3 ms, GC Workers: 10]
      [GC Worker Start (ms): Min: 443220.2, Avg: 443220.5, Max: 443220.7, Diff: 0.5]
      [Ext Root Scanning (ms): Min: 0.9, Avg: 1.2, Max: 1.5, Diff: 0.5, Sum: 11.5]
      [Update RS (ms): Min: 0.4, Avg: 0.5, Max: 0.6, Diff: 0.2, Sum: 4.8]
         [Processed Buffers: Min: 3, Avg: 5.5, Max: 8, Diff: 5, Sum: 55]
      [Scan RS (ms): Min: 0.0, Avg: 0.1, Max: 0.1, Diff: 0.1, Sum: 0.7]
      [Code Root Scanning (ms): Min: 0.0, Avg: 0.0, Max: 0.0, Diff: 0.0, Sum: 0.0]
      [Object Copy (ms): Min: 0.4, Avg: 0.6, Max: 0.7, Diff: 0.3, Sum: 5.6]
      [Termination (ms): Min: 0.0, Avg: 0.0, Max: 0.0, Diff: 0.0, Sum: 0.0]
         [Termination Attempts: Min: 1, Avg: 1.4, Max: 2, Diff: 1, Sum: 14]
      [GC Worker Other (ms): Min: 0.0, Avg: 0.0, Max: 0.1, Diff: 0.1, Sum: 0.4]
      [GC Worker Total (ms): Min: 2.1, Avg: 2.3, Max: 2.6, Diff: 0.5, Sum: 23.1]
      [GC Worker End (ms): Min: 443222.8, Avg: 443222.8, Max: 443222.8, Diff: 0.1]
   [Code Root Fixup: 0.0 ms]
   [Code Root Purge: 0.0 ms]
   [Clear CT: 1.2 ms]
   [Other: 3.3 ms]
      [Choose CSet: 0.0 ms]
      [Ref Proc: 1.7 ms]
      [Ref Enq: 0.0 ms]
      [Redirty Cards: 1.4 ms]
      [Humongous Register: 0.0 ms]
      [Humongous Reclaim: 0.0 ms]
      [Free CSet: 0.1 ms]
   [Eden: 152.0M(152.0M)->0.0B(152.0M) Survivors: 1024.0K->1024.0K Heap: 182.4M(256.0M)->31083.6K(256.0M)]
Heap after GC invocations=375 (full 0):
 garbage-first heap   total 262144K, used 31083K [0x00000000f0000000, 0x00000000f0100800, 0x0000000100000000)
  region size 1024K, 1 young (1024K), 1 survivors (1024K)
 Metaspace       used 52845K, capacity 56076K, committed 56192K, reserved 1097728K
  class space    used 6460K, capacity 7028K, committed 7040K, reserved 1048576K
}
 [Times: user=0.02 sys=0.01, real=0.01 secs] 
{Heap before GC invocations=375 (full 0):
 garbage-first heap   total 262144K, used 186731K [0x00000000f0000000, 0x00000000f0100800, 0x0000000100000000)
  region size 1024K, 153 young (156672K), 1 survivors (1024K)
 Metaspace       used 52845K, capacity 56076K, committed 56192K, reserved 1097728K
  class space    used 6460K, capacity 7028K, committed 7040K, reserved 1048576K
2023-10-03T06:52:16.168+0800: 444.031: [GC pause (G1 Evacuation Pause) (young), 0.0077371 secs]
   [Parallel Time: 3.2 ms, GC Workers: 10]
      [GC Worker Start (ms): Min: 444031.3, Avg: 444031.6, Max: 444031.8, Diff: 0.5]
      [Ext Root Scanning (ms): Min: 0.9, Avg: 1.2, Max: 1.5, Diff: 0.5, Sum: 11.8]
      [Update RS (ms): Min: 0.4, Avg: 0.5, Max: 0.6, Diff: 0.2, Sum: 5.0]
         [Processed Buffers: Min: 1, Avg: 5.4, Max: 8, Diff: 7, Sum: 54]
      [Scan RS (ms): Min: 0.0, Avg: 0.1, Max: 0.1, Diff: 0.1, Sum: 0.5]
      [Code Root Scanning (ms): Min: 0.0, Avg: 0.0, Max: 0.0, Diff: 0.0, Sum: 0.0]
      [Object Copy (ms): Min: 0.4, Avg: 0.6, Max: 0.7, Diff: 0.3, Sum: 5.9]
      [Termination (ms): Min: 0.0, Avg: 0.0, Max: 0.0, Diff: 0.0, Sum: 0.0]
         [Termination Attempts: Min: 1, Avg: 1.0, Max: 1, Diff: 0, Sum: 10]
      [GC Worker Other (ms): Min: 0.0, Avg: 0.0, Max: 0.1, Diff: 0.1, Sum: 0.4]
      [GC Worker Total (ms): Min: 2.1, Avg: 2.4, Max: 2.6, Diff: 0.5, Sum: 23.6]
      [GC Worker End (ms): Min: 444033.9, Avg: 444033.9, Max: 444034.0, Diff: 0.1]
   [Code Root Fixup: 0.0 ms]
   [Code Root Purge: 0.0 ms]
   [Clear CT: 1.7 ms]
   [Other: 2.9 ms]
      [Choose CSet: 0.0 ms]
      [Ref Proc: 1.1 ms]
      [Ref Enq: 0.0 ms]
      [Redirty Cards: 1.5 ms]
      [Humongous Register: 0.0 ms]
      [Humongous Reclaim: 0.0 ms]
      [Free CSet: 0.1 ms]
   [Eden: 152.0M(152.0M)->0.0B(152.0M) Survivors: 1024.0K->1024.0K Heap: 182.4M(256.0M)->31050.8K(256.0M)]
Heap after GC invocations=376 (full 0):
 garbage-first heap   total 262144K, used 31050K [0x00000000f0000000, 0x00000000f0100800, 0x0000000100000000)
  region size 1024K, 1 young (1024K), 1 survivors (1024K)
 Metaspace       used 52845K, capacity 56076K, committed 56192K, reserved 1097728K
  class space    used 6460K, capacity 7028K, committed 7040K, reserved 1048576K
}
 [Times: user=0.03 sys=0.01, real=0.01 secs] 
{Heap before GC invocations=376 (full 0):
 garbage-first heap   total 262144K, used 186698K [0x00000000f0000000, 0x00000000f0100800, 0x0000000100000000)
  region size 1024K, 153 young (156672K), 1 survivors (1024K)
 Metaspace       used 52845K, capacity 56076K, committed 56192K, reserved 1097728K
  class space    used 6460K, capacity 7028K, committed 7040K, reserved 1048576K
2023-10-03T06:52:16.972+0800: 444.835: [GC pause (G1 Evacuation Pause) (young), 0.0074747 secs]
   [Parallel Time: 3.5 ms, GC Workers: 10]
      [GC Worker Start (ms): Min: 444835.3, Avg: 444835.5, Max: 444835.7, Diff: 0.4]
      [Ext Root Scanning (ms): Min: 1.0, Avg: 1.2, Max: 1.5, Diff: 0.5, Sum: 12.4]
      [Update RS (ms): Min: 0.3, Avg: 0.5, Max: 0.7, Diff: 0.4, Sum: 4.9]
         [Processed Buffers: Min: 2, Avg: 5.5, Max: 9, Diff: 7, Sum: 55]
      [Scan RS (ms): Min: 0.0, Avg: 0.1, Max: 0.1, Diff: 0.1, Sum: 0.7]
      [Code Root Scanning (ms): Min: 0.0, Avg: 0.0, Max: 0.0, Diff: 0.0, Sum: 0.0]
      [Object Copy (ms): Min: 0.5, Avg: 0.7, Max: 0.8, Diff: 0.3, Sum: 6.7]
      [Termination (ms): Min: 0.0, Avg: 0.0, Max: 0.0, Diff: 0.0, Sum: 0.0]
         [Termination Attempts: Min: 1, Avg: 1.1, Max: 2, Diff: 1, Sum: 11]
      [GC Worker Other (ms): Min: 0.0, Avg: 0.0, Max: 0.1, Diff: 0.1, Sum: 0.4]
      [GC Worker Total (ms): Min: 2.3, Avg: 2.5, Max: 2.7, Diff: 0.5, Sum: 25.2]
      [GC Worker End (ms): Min: 444838.0, Avg: 444838.1, Max: 444838.1, Diff: 0.1]
   [Code Root Fixup: 0.0 ms]
   [Code Root Purge: 0.0 ms]
   [Clear CT: 1.4 ms]
   [Other: 2.6 ms]
      [Choose CSet: 0.0 ms]
      [Ref Proc: 0.8 ms]
      [Ref Enq: 0.0 ms]
      [Redirty Cards: 1.5 ms]
      [Humongous Register: 0.0 ms]
      [Humongous Reclaim: 0.0 ms]
      [Free CSet: 0.1 ms]
   [Eden: 152.0M(152.0M)->0.0B(152.0M) Survivors: 1024.0K->1024.0K Heap: 182.3M(256.0M)->31191.2K(256.0M)]
Heap after GC invocations=377 (full 0):
 garbage-first heap   total 262144K, used 31191K [0x00000000f0000000, 0x00000000f0100800, 0x0000000100000000)
  region size 1024K, 1 young (1024K), 1 survivors (1024K)
 Metaspace       used 52845K, capacity 56076K, committed 56192K, reserved 1097728K
  class space    used 6460K, capacity 7028K, committed 7040K, reserved 1048576K
}
 [Times: user=0.04 sys=0.00, real=0.00 secs] 
{Heap before GC invocations=377 (full 0):
 garbage-first heap   total 262144K, used 186839K [0x00000000f0000000, 0x00000000f0100800, 0x0000000100000000)
  region size 1024K, 153 young (156672K), 1 survivors (1024K)
 Metaspace       used 52845K, capacity 56076K, committed 56192K, reserved 1097728K
  class space    used 6460K, capacity 7028K, committed 7040K, reserved 1048576K
2023-10-03T06:52:17.782+0800: 445.645: [GC pause (G1 Evacuation Pause) (young), 0.0073883 secs]
   [Parallel Time: 3.3 ms, GC Workers: 10]
      [GC Worker Start (ms): Min: 445645.3, Avg: 445645.5, Max: 445645.7, Diff: 0.4]
      [Ext Root Scanning (ms): Min: 1.0, Avg: 1.2, Max: 1.5, Diff: 0.5, Sum: 12.0]
      [Update RS (ms): Min: 0.4, Avg: 0.5, Max: 0.7, Diff: 0.2, Sum: 5.0]
         [Processed Buffers: Min: 1, Avg: 5.6, Max: 12, Diff: 11, Sum: 56]
      [Scan RS (ms): Min: 0.0, Avg: 0.1, Max: 0.1, Diff: 0.1, Sum: 0.5]
      [Code Root Scanning (ms): Min: 0.0, Avg: 0.0, Max: 0.0, Diff: 0.0, Sum: 0.0]
      [Object Copy (ms): Min: 0.4, Avg: 0.6, Max: 0.7, Diff: 0.3, Sum: 5.7]
      [Termination (ms): Min: 0.0, Avg: 0.0, Max: 0.0, Diff: 0.0, Sum: 0.0]
         [Termination Attempts: Min: 1, Avg: 1.0, Max: 1, Diff: 0, Sum: 10]
      [GC Worker Other (ms): Min: 0.0, Avg: 0.1, Max: 0.2, Diff: 0.1, Sum: 0.5]
      [GC Worker Total (ms): Min: 2.2, Avg: 2.4, Max: 2.6, Diff: 0.5, Sum: 23.8]
      [GC Worker End (ms): Min: 445647.9, Avg: 445647.9, Max: 445648.0, Diff: 0.1]
   [Code Root Fixup: 0.0 ms]
   [Code Root Purge: 0.0 ms]
   [Clear CT: 1.8 ms]
   [Other: 2.3 ms]
      [Choose CSet: 0.0 ms]
      [Ref Proc: 0.7 ms]
      [Ref Enq: 0.0 ms]
      [Redirty Cards: 1.3 ms]
      [Humongous Register: 0.0 ms]
      [Humongous Reclaim: 0.0 ms]
      [Free CSet: 0.1 ms]
   [Eden: 152.0M(152.0M)->0.0B(152.0M) Survivors: 1024.0K->1024.0K Heap: 182.5M(256.0M)->31061.9K(256.0M)]
Heap after GC invocations=378 (full 0):
 garbage-first heap   total 262144K, used 31061K [0x00000000f0000000, 0x00000000f0100800, 0x0000000100000000)
  region size 1024K, 1 young (1024K), 1 survivors (1024K)
 Metaspace       used 52845K, capacity 56076K, committed 56192K, reserved 1097728K
  class space    used 6460K, capacity 7028K, committed 7040K, reserved 1048576K
}
 [Times: user=0.03 sys=0.00, real=0.00 secs] 
{Heap before GC invocations=378 (full 0):
 garbage-first heap   total 262144K, used 186709K [0x00000000f0000000, 0x00000000f0100800, 0x0000000100000000)
  region size 1024K, 153 young (156672K), 1 survivors (1024K)
 Metaspace       used 52845K, capacity 56076K, committed 56192K, reserved 1097728K
  class space    used 6460K, capacity 7028K, committed 7040K, reserved 1048576K
2023-10-03T06:52:18.554+0800: 446.417: [GC pause (G1 Evacuation Pause) (young), 0.0072335 secs]
   [Parallel Time: 2.8 ms, GC Workers: 10]
      [GC Worker Start (ms): Min: 446417.1, Avg: 446417.3, Max: 446417.5, Diff: 0.5]
      [Ext Root Scanning (ms): Min: 0.9, Avg: 1.2, Max: 1.4, Diff: 0.5, Sum: 11.6]
      [Update RS (ms): Min: 0.4, Avg: 0.5, Max: 0.6, Diff: 0.2, Sum: 4.9]
         [Processed Buffers: Min: 1, Avg: 5.6, Max: 12, Diff: 11, Sum: 56]
      [Scan RS (ms): Min: 0.0, Avg: 0.1, Max: 0.1, Diff: 0.1, Sum: 0.5]
      [Code Root Scanning (ms): Min: 0.0, Avg: 0.0, Max: 0.0, Diff: 0.0, Sum: 0.0]
      [Object Copy (ms): Min: 0.5, Avg: 0.6, Max: 0.7, Diff: 0.3, Sum: 6.1]
      [Termination (ms): Min: 0.0, Avg: 0.0, Max: 0.0, Diff: 0.0, Sum: 0.0]
         [Termination Attempts: Min: 1, Avg: 1.2, Max: 2, Diff: 1, Sum: 12]
      [GC Worker Other (ms): Min: 0.0, Avg: 0.1, Max: 0.2, Diff: 0.1, Sum: 0.5]
      [GC Worker Total (ms): Min: 2.1, Avg: 2.4, Max: 2.6, Diff: 0.4, Sum: 23.7]
      [GC Worker End (ms): Min: 446419.7, Avg: 446419.7, Max: 446419.8, Diff: 0.1]
   [Code Root Fixup: 0.0 ms]
   [Code Root Purge: 0.0 ms]
   [Clear CT: 1.6 ms]
   [Other: 2.8 ms]
      [Choose CSet: 0.0 ms]
      [Ref Proc: 1.1 ms]
      [Ref Enq: 0.0 ms]
      [Redirty Cards: 1.4 ms]
      [Humongous Register: 0.0 ms]
      [Humongous Reclaim: 0.0 ms]
      [Free CSet: 0.1 ms]
   [Eden: 152.0M(152.0M)->0.0B(152.0M) Survivors: 1024.0K->1024.0K Heap: 182.3M(256.0M)->31201.1K(256.0M)]
Heap after GC invocations=379 (full 0):
 garbage-first heap   total 262144K, used 31201K [0x00000000f0000000, 0x00000000f0100800, 0x0000000100000000)
  region size 1024K, 1 young (1024K), 1 survivors (1024K)
 Metaspace       used 52845K, capacity 56076K, committed 56192K, reserved 1097728K
  class space    used 6460K, capacity 7028K, committed 7040K, reserved 1048576K
}
 [Times: user=0.03 sys=0.00, real=0.01 secs] 
{Heap before GC invocations=379 (full 0):
 garbage-first heap   total 262144K, used 186849K [0x00000000f0000000, 0x00000000f0100800, 0x0000000100000000)
  region size 1024K, 153 young (156672K), 1 survivors (1024K)
 Metaspace       used 52845K, capacity 56076K, committed 56192K, reserved 1097728K
  class space    used 6460K, capacity 7028K, committed 7040K, reserved 1048576K
2023-10-03T06:52:19.351+0800: 447.214: [GC pause (G1 Evacuation Pause) (young), 0.0077326 secs]
   [Parallel Time: 3.4 ms, GC Workers: 10]
      [GC Worker Start (ms): Min: 447214.5, Avg: 447214.8, Max: 447215.0, Diff: 0.5]
      [Ext Root Scanning (ms): Min: 0.9, Avg: 1.2, Max: 1.5, Diff: 0.5, Sum: 11.5]
      [Update RS (ms): Min: 0.4, Avg: 0.5, Max: 0.6, Diff: 0.3, Sum: 5.1]
         [Processed Buffers: Min: 2, Avg: 5.7, Max: 11, Diff: 9, Sum: 57]
      [Scan RS (ms): Min: 0.0, Avg: 0.1, Max: 0.1, Diff: 0.1, Sum: 0.7]
      [Code Root Scanning (ms): Min: 0.0, Avg: 0.0, Max: 0.0, Diff: 0.0, Sum: 0.0]
      [Object Copy (ms): Min: 0.4, Avg: 0.6, Max: 0.7, Diff: 0.3, Sum: 6.1]
      [Termination (ms): Min: 0.0, Avg: 0.0, Max: 0.0, Diff: 0.0, Sum: 0.1]
         [Termination Attempts: Min: 1, Avg: 1.1, Max: 2, Diff: 1, Sum: 11]
      [GC Worker Other (ms): Min: 0.0, Avg: 0.0, Max: 0.1, Diff: 0.1, Sum: 0.5]
      [GC Worker Total (ms): Min: 2.2, Avg: 2.4, Max: 2.7, Diff: 0.5, Sum: 24.0]
      [GC Worker End (ms): Min: 447217.1, Avg: 447217.2, Max: 447217.2, Diff: 0.1]
   [Code Root Fixup: 0.1 ms]
   [Code Root Purge: 0.0 ms]
   [Clear CT: 1.3 ms]
   [Other: 3.0 ms]
      [Choose CSet: 0.0 ms]
      [Ref Proc: 1.1 ms]
      [Ref Enq: 0.0 ms]
      [Redirty Cards: 1.5 ms]
      [Humongous Register: 0.0 ms]
      [Humongous Reclaim: 0.0 ms]
      [Free CSet: 0.1 ms]
   [Eden: 152.0M(152.0M)->0.0B(152.0M) Survivors: 1024.0K->1024.0K Heap: 182.5M(256.0M)->31105.8K(256.0M)]
Heap after GC invocations=380 (full 0):
 garbage-first heap   total 262144K, used 31105K [0x00000000f0000000, 0x00000000f0100800, 0x0000000100000000)
  region size 1024K, 1 young (1024K), 1 survivors (1024K)
 Metaspace       used 52845K, capacity 56076K, committed 56192K, reserved 1097728K
  class space    used 6460K, capacity 7028K, committed 7040K, reserved 1048576K
}
 [Times: user=0.03 sys=0.00, real=0.00 secs] 
{Heap before GC invocations=380 (full 0):
 garbage-first heap   total 262144K, used 186753K [0x00000000f0000000, 0x00000000f0100800, 0x0000000100000000)
  region size 1024K, 153 young (156672K), 1 survivors (1024K)
 Metaspace       used 52845K, capacity 56076K, committed 56192K, reserved 1097728K
  class space    used 6460K, capacity 7028K, committed 7040K, reserved 1048576K
2023-10-03T06:52:20.182+0800: 448.045: [GC pause (G1 Evacuation Pause) (young), 0.0069801 secs]
   [Parallel Time: 2.8 ms, GC Workers: 10]
      [GC Worker Start (ms): Min: 448045.2, Avg: 448045.5, Max: 448045.7, Diff: 0.5]
      [Ext Root Scanning (ms): Min: 1.0, Avg: 1.3, Max: 1.6, Diff: 0.6, Sum: 12.6]
      [Update RS (ms): Min: 0.4, Avg: 0.5, Max: 0.6, Diff: 0.2, Sum: 4.8]
         [Processed Buffers: Min: 1, Avg: 5.4, Max: 9, Diff: 8, Sum: 54]
      [Scan RS (ms): Min: 0.0, Avg: 0.1, Max: 0.1, Diff: 0.1, Sum: 0.6]
      [Code Root Scanning (ms): Min: 0.0, Avg: 0.0, Max: 0.0, Diff: 0.0, Sum: 0.0]
      [Object Copy (ms): Min: 0.4, Avg: 0.5, Max: 0.6, Diff: 0.2, Sum: 5.3]
      [Termination (ms): Min: 0.0, Avg: 0.0, Max: 0.0, Diff: 0.0, Sum: 0.0]
         [Termination Attempts: Min: 1, Avg: 1.1, Max: 2, Diff: 1, Sum: 11]
      [GC Worker Other (ms): Min: 0.0, Avg: 0.0, Max: 0.0, Diff: 0.0, Sum: 0.3]
      [GC Worker Total (ms): Min: 2.1, Avg: 2.4, Max: 2.6, Diff: 0.5, Sum: 23.6]
      [GC Worker End (ms): Min: 448047.8, Avg: 448047.8, Max: 448047.9, Diff: 0.0]
   [Code Root Fixup: 0.0 ms]
   [Code Root Purge: 0.0 ms]
   [Clear CT: 1.6 ms]
   [Other: 2.6 ms]
      [Choose CSet: 0.0 ms]
      [Ref Proc: 0.9 ms]
      [Ref Enq: 0.0 ms]
      [Redirty Cards: 1.4 ms]
      [Humongous Register: 0.0 ms]
      [Humongous Reclaim: 0.0 ms]
      [Free CSet: 0.1 ms]
   [Eden: 152.0M(152.0M)->0.0B(152.0M) Survivors: 1024.0K->1024.0K Heap: 182.4M(256.0M)->31103.8K(256.0M)]
Heap after GC invocations=381 (full 0):
 garbage-first heap   total 262144K, used 31103K [0x00000000f0000000, 0x00000000f0100800, 0x0000000100000000)
  region size 1024K, 1 young (1024K), 1 survivors (1024K)
 Metaspace       used 52845K, capacity 56076K, committed 56192K, reserved 1097728K
  class space    used 6460K, capacity 7028K, committed 7040K, reserved 1048576K
}
 [Times: user=0.03 sys=0.01, real=0.00 secs] 
{Heap before GC invocations=381 (full 0):
 garbage-first heap   total 262144K, used 186751K [0x00000000f0000000, 0x00000000f0100800, 0x0000000100000000)
  region size 1024K, 153 young (156672K), 1 survivors (1024K)
 Metaspace       used 52845K, capacity 56076K, committed 56192K, reserved 1097728K
  class space    used 6460K, capacity 7028K, committed 7040K, reserved 1048576K
2023-10-03T06:52:20.991+0800: 448.855: [GC pause (G1 Evacuation Pause) (young), 0.0077111 secs]
   [Parallel Time: 3.4 ms, GC Workers: 10]
      [GC Worker Start (ms): Min: 448854.8, Avg: 448855.1, Max: 448855.3, Diff: 0.5]
      [Ext Root Scanning (ms): Min: 0.9, Avg: 1.2, Max: 1.6, Diff: 0.6, Sum: 12.1]
      [Update RS (ms): Min: 0.3, Avg: 0.5, Max: 0.6, Diff: 0.3, Sum: 4.6]
         [Processed Buffers: Min: 2, Avg: 5.6, Max: 11, Diff: 9, Sum: 56]
      [Scan RS (ms): Min: 0.0, Avg: 0.1, Max: 0.1, Diff: 0.1, Sum: 0.6]
      [Code Root Scanning (ms): Min: 0.0, Avg: 0.0, Max: 0.0, Diff: 0.0, Sum: 0.0]
      [Object Copy (ms): Min: 0.4, Avg: 0.6, Max: 0.8, Diff: 0.3, Sum: 6.1]
      [Termination (ms): Min: 0.0, Avg: 0.0, Max: 0.0, Diff: 0.0, Sum: 0.0]
         [Termination Attempts: Min: 1, Avg: 1.1, Max: 2, Diff: 1, Sum: 11]
      [GC Worker Other (ms): Min: 0.0, Avg: 0.0, Max: 0.1, Diff: 0.1, Sum: 0.5]
      [GC Worker Total (ms): Min: 2.1, Avg: 2.4, Max: 2.8, Diff: 0.6, Sum: 24.0]
      [GC Worker End (ms): Min: 448857.5, Avg: 448857.5, Max: 448857.6, Diff: 0.1]
   [Code Root Fixup: 0.0 ms]
   [Code Root Purge: 0.0 ms]
   [Clear CT: 1.3 ms]
   [Other: 3.0 ms]
      [Choose CSet: 0.0 ms]
      [Ref Proc: 1.4 ms]
      [Ref Enq: 0.0 ms]
      [Redirty Cards: 1.3 ms]
      [Humongous Register: 0.0 ms]
      [Humongous Reclaim: 0.0 ms]
      [Free CSet: 0.1 ms]
   [Eden: 152.0M(152.0M)->0.0B(152.0M) Survivors: 1024.0K->1024.0K Heap: 182.4M(256.0M)->31219.3K(256.0M)]
Heap after GC invocations=382 (full 0):
 garbage-first heap   total 262144K, used 31219K [0x00000000f0000000, 0x00000000f0100800, 0x0000000100000000)
  region size 1024K, 1 young (1024K), 1 survivors (1024K)
 Metaspace       used 52845K, capacity 56076K, committed 56192K, reserved 1097728K
  class space    used 6460K, capacity 7028K, committed 7040K, reserved 1048576K
}
 [Times: user=0.03 sys=0.00, real=0.00 secs] 
{Heap before GC invocations=382 (full 0):
 garbage-first heap   total 262144K, used 186867K [0x00000000f0000000, 0x00000000f0100800, 0x0000000100000000)
  region size 1024K, 153 young (156672K), 1 survivors (1024K)
 Metaspace       used 52845K, capacity 56076K, committed 56192K, reserved 1097728K
  class space    used 6460K, capacity 7028K, committed 7040K, reserved 1048576K
2023-10-03T06:52:21.801+0800: 449.664: [GC pause (G1 Evacuation Pause) (young), 0.0075276 secs]
   [Parallel Time: 3.4 ms, GC Workers: 10]
      [GC Worker Start (ms): Min: 449664.6, Avg: 449664.8, Max: 449665.1, Diff: 0.5]
      [Ext Root Scanning (ms): Min: 1.0, Avg: 1.2, Max: 1.7, Diff: 0.7, Sum: 12.0]
      [Update RS (ms): Min: 0.4, Avg: 0.5, Max: 0.6, Diff: 0.2, Sum: 5.0]
         [Processed Buffers: Min: 2, Avg: 5.5, Max: 10, Diff: 8, Sum: 55]
      [Scan RS (ms): Min: 0.0, Avg: 0.1, Max: 0.1, Diff: 0.1, Sum: 0.5]
      [Code Root Scanning (ms): Min: 0.0, Avg: 0.0, Max: 0.0, Diff: 0.0, Sum: 0.0]
      [Object Copy (ms): Min: 0.4, Avg: 0.5, Max: 0.6, Diff: 0.2, Sum: 5.0]
      [Termination (ms): Min: 0.0, Avg: 0.0, Max: 0.0, Diff: 0.0, Sum: 0.0]
         [Termination Attempts: Min: 1, Avg: 1.0, Max: 1, Diff: 0, Sum: 10]
      [GC Worker Other (ms): Min: 0.0, Avg: 0.1, Max: 0.2, Diff: 0.2, Sum: 0.6]
      [GC Worker Total (ms): Min: 2.1, Avg: 2.3, Max: 2.6, Diff: 0.4, Sum: 23.3]
      [GC Worker End (ms): Min: 449667.1, Avg: 449667.2, Max: 449667.3, Diff: 0.2]
   [Code Root Fixup: 0.0 ms]
   [Code Root Purge: 0.0 ms]
   [Clear CT: 1.2 ms]
   [Other: 2.9 ms]
      [Choose CSet: 0.0 ms]
      [Ref Proc: 1.4 ms]
      [Ref Enq: 0.0 ms]
      [Redirty Cards: 1.2 ms]
      [Humongous Register: 0.0 ms]
      [Humongous Reclaim: 0.0 ms]
      [Free CSet: 0.1 ms]
   [Eden: 152.0M(152.0M)->0.0B(152.0M) Survivors: 1024.0K->1024.0K Heap: 182.5M(256.0M)->31117.3K(256.0M)]
Heap after GC invocations=383 (full 0):
 garbage-first heap   total 262144K, used 31117K [0x00000000f0000000, 0x00000000f0100800, 0x0000000100000000)
  region size 1024K, 1 young (1024K), 1 survivors (1024K)
 Metaspace       used 52845K, capacity 56076K, committed 56192K, reserved 1097728K
  class space    used 6460K, capacity 7028K, committed 7040K, reserved 1048576K
}
 [Times: user=0.03 sys=0.00, real=0.00 secs] 
{Heap before GC invocations=383 (full 0):
 garbage-first heap   total 262144K, used 186765K [0x00000000f0000000, 0x00000000f0100800, 0x0000000100000000)
  region size 1024K, 153 young (156672K), 1 survivors (1024K)
 Metaspace       used 52845K, capacity 56076K, committed 56192K, reserved 1097728K
  class space    used 6460K, capacity 7028K, committed 7040K, reserved 1048576K
2023-10-03T06:52:22.644+0800: 450.507: [GC pause (G1 Evacuation Pause) (young), 0.0078011 secs]
   [Parallel Time: 3.5 ms, GC Workers: 10]
      [GC Worker Start (ms): Min: 450507.7, Avg: 450507.9, Max: 450508.1, Diff: 0.5]
      [Ext Root Scanning (ms): Min: 0.8, Avg: 1.2, Max: 1.5, Diff: 0.7, Sum: 11.6]
      [Update RS (ms): Min: 0.5, Avg: 0.5, Max: 0.6, Diff: 0.1, Sum: 5.1]
         [Processed Buffers: Min: 3, Avg: 5.5, Max: 10, Diff: 7, Sum: 55]
      [Scan RS (ms): Min: 0.0, Avg: 0.1, Max: 0.1, Diff: 0.1, Sum: 0.5]
      [Code Root Scanning (ms): Min: 0.0, Avg: 0.0, Max: 0.0, Diff: 0.0, Sum: 0.0]
      [Object Copy (ms): Min: 0.4, Avg: 0.5, Max: 0.6, Diff: 0.2, Sum: 5.1]
      [Termination (ms): Min: 0.0, Avg: 0.0, Max: 0.0, Diff: 0.0, Sum: 0.0]
         [Termination Attempts: Min: 1, Avg: 1.0, Max: 1, Diff: 0, Sum: 10]
      [GC Worker Other (ms): Min: 0.0, Avg: 0.1, Max: 0.2, Diff: 0.2, Sum: 0.6]
      [GC Worker Total (ms): Min: 2.1, Avg: 2.3, Max: 2.7, Diff: 0.6, Sum: 23.0]
      [GC Worker End (ms): Min: 450510.2, Avg: 450510.2, Max: 450510.4, Diff: 0.2]
   [Code Root Fixup: 0.0 ms]
   [Code Root Purge: 0.0 ms]
   [Clear CT: 1.4 ms]
   [Other: 2.9 ms]
      [Choose CSet: 0.0 ms]
      [Ref Proc: 1.2 ms]
      [Ref Enq: 0.0 ms]
      [Redirty Cards: 1.4 ms]
      [Humongous Register: 0.0 ms]
      [Humongous Reclaim: 0.0 ms]
      [Free CSet: 0.1 ms]
   [Eden: 152.0M(152.0M)->0.0B(152.0M) Survivors: 1024.0K->1024.0K Heap: 182.4M(256.0M)->31104.5K(256.0M)]
Heap after GC invocations=384 (full 0):
 garbage-first heap   total 262144K, used 31104K [0x00000000f0000000, 0x00000000f0100800, 0x0000000100000000)
  region size 1024K, 1 young (1024K), 1 survivors (1024K)
 Metaspace       used 52845K, capacity 56076K, committed 56192K, reserved 1097728K
  class space    used 6460K, capacity 7028K, committed 7040K, reserved 1048576K
}
 [Times: user=0.03 sys=0.00, real=0.01 secs] 
{Heap before GC invocations=384 (full 0):
 garbage-first heap   total 262144K, used 186752K [0x00000000f0000000, 0x00000000f0100800, 0x0000000100000000)
  region size 1024K, 153 young (156672K), 1 survivors (1024K)
 Metaspace       used 52845K, capacity 56076K, committed 56192K, reserved 1097728K
  class space    used 6460K, capacity 7028K, committed 7040K, reserved 1048576K
2023-10-03T06:52:23.449+0800: 451.312: [GC pause (G1 Evacuation Pause) (young), 0.0066174 secs]
   [Parallel Time: 3.1 ms, GC Workers: 10]
      [GC Worker Start (ms): Min: 451312.4, Avg: 451312.6, Max: 451312.8, Diff: 0.4]
      [Ext Root Scanning (ms): Min: 1.1, Avg: 1.2, Max: 1.6, Diff: 0.6, Sum: 12.3]
      [Update RS (ms): Min: 0.4, Avg: 0.5, Max: 0.6, Diff: 0.2, Sum: 4.7]
         [Processed Buffers: Min: 2, Avg: 5.6, Max: 9, Diff: 7, Sum: 56]
      [Scan RS (ms): Min: 0.0, Avg: 0.1, Max: 0.1, Diff: 0.1, Sum: 0.7]
      [Code Root Scanning (ms): Min: 0.0, Avg: 0.0, Max: 0.0, Diff: 0.0, Sum: 0.0]
      [Object Copy (ms): Min: 0.4, Avg: 0.5, Max: 0.6, Diff: 0.2, Sum: 4.8]
      [Termination (ms): Min: 0.0, Avg: 0.0, Max: 0.0, Diff: 0.0, Sum: 0.0]
         [Termination Attempts: Min: 1, Avg: 1.0, Max: 1, Diff: 0, Sum: 10]
      [GC Worker Other (ms): Min: 0.0, Avg: 0.0, Max: 0.1, Diff: 0.1, Sum: 0.4]
      [GC Worker Total (ms): Min: 2.1, Avg: 2.3, Max: 2.5, Diff: 0.4, Sum: 23.0]
      [GC Worker End (ms): Min: 451314.9, Avg: 451314.9, Max: 451314.9, Diff: 0.1]
   [Code Root Fixup: 0.0 ms]
   [Code Root Purge: 0.0 ms]
   [Clear CT: 1.1 ms]
   [Other: 2.5 ms]
      [Choose CSet: 0.0 ms]
      [Ref Proc: 0.8 ms]
      [Ref Enq: 0.0 ms]
      [Redirty Cards: 1.3 ms]
      [Humongous Register: 0.0 ms]
      [Humongous Reclaim: 0.0 ms]
      [Free CSet: 0.1 ms]
   [Eden: 152.0M(152.0M)->0.0B(152.0M) Survivors: 1024.0K->1024.0K Heap: 182.4M(256.0M)->31152.8K(256.0M)]
Heap after GC invocations=385 (full 0):
 garbage-first heap   total 262144K, used 31152K [0x00000000f0000000, 0x00000000f0100800, 0x0000000100000000)
  region size 1024K, 1 young (1024K), 1 survivors (1024K)
 Metaspace       used 52845K, capacity 56076K, committed 56192K, reserved 1097728K
  class space    used 6460K, capacity 7028K, committed 7040K, reserved 1048576K
}
 [Times: user=0.03 sys=0.00, real=0.01 secs] 
{Heap before GC invocations=385 (full 0):
 garbage-first heap   total 262144K, used 186800K [0x00000000f0000000, 0x00000000f0100800, 0x0000000100000000)
  region size 1024K, 153 young (156672K), 1 survivors (1024K)
 Metaspace       used 52845K, capacity 56076K, committed 56192K, reserved 1097728K
  class space    used 6460K, capacity 7028K, committed 7040K, reserved 1048576K
2023-10-03T06:52:24.266+0800: 452.130: [GC pause (G1 Evacuation Pause) (young), 0.0074896 secs]
   [Parallel Time: 3.2 ms, GC Workers: 10]
      [GC Worker Start (ms): Min: 452129.8, Avg: 452130.1, Max: 452130.4, Diff: 0.5]
      [Ext Root Scanning (ms): Min: 0.9, Avg: 1.2, Max: 1.5, Diff: 0.6, Sum: 11.5]
      [Update RS (ms): Min: 0.4, Avg: 0.5, Max: 0.6, Diff: 0.1, Sum: 5.1]
         [Processed Buffers: Min: 4, Avg: 5.7, Max: 10, Diff: 6, Sum: 57]
      [Scan RS (ms): Min: 0.0, Avg: 0.1, Max: 0.1, Diff: 0.1, Sum: 0.6]
      [Code Root Scanning (ms): Min: 0.0, Avg: 0.0, Max: 0.0, Diff: 0.0, Sum: 0.0]
      [Object Copy (ms): Min: 0.4, Avg: 0.5, Max: 0.6, Diff: 0.2, Sum: 5.2]
      [Termination (ms): Min: 0.0, Avg: 0.0, Max: 0.0, Diff: 0.0, Sum: 0.0]
         [Termination Attempts: Min: 1, Avg: 1.2, Max: 2, Diff: 1, Sum: 12]
      [GC Worker Other (ms): Min: 0.0, Avg: 0.0, Max: 0.1, Diff: 0.1, Sum: 0.5]
      [GC Worker Total (ms): Min: 2.1, Avg: 2.3, Max: 2.6, Diff: 0.5, Sum: 23.0]
      [GC Worker End (ms): Min: 452132.4, Avg: 452132.4, Max: 452132.5, Diff: 0.1]
   [Code Root Fixup: 0.0 ms]
   [Code Root Purge: 0.0 ms]
   [Clear CT: 1.3 ms]
   [Other: 3.0 ms]
      [Choose CSet: 0.0 ms]
      [Ref Proc: 1.4 ms]
      [Ref Enq: 0.0 ms]
      [Redirty Cards: 1.3 ms]
      [Humongous Register: 0.0 ms]
      [Humongous Reclaim: 0.0 ms]
      [Free CSet: 0.1 ms]
   [Eden: 152.0M(152.0M)->0.0B(152.0M) Survivors: 1024.0K->1024.0K Heap: 182.4M(256.0M)->31202.3K(256.0M)]
Heap after GC invocations=386 (full 0):
 garbage-first heap   total 262144K, used 31202K [0x00000000f0000000, 0x00000000f0100800, 0x0000000100000000)
  region size 1024K, 1 young (1024K), 1 survivors (1024K)
 Metaspace       used 52845K, capacity 56076K, committed 56192K, reserved 1097728K
  class space    used 6460K, capacity 7028K, committed 7040K, reserved 1048576K
}
 [Times: user=0.02 sys=0.01, real=0.01 secs] 
{Heap before GC invocations=386 (full 0):
 garbage-first heap   total 262144K, used 186850K [0x00000000f0000000, 0x00000000f0100800, 0x0000000100000000)
  region size 1024K, 153 young (156672K), 1 survivors (1024K)
 Metaspace       used 52845K, capacity 56076K, committed 56192K, reserved 1097728K
  class space    used 6460K, capacity 7028K, committed 7040K, reserved 1048576K
2023-10-03T06:52:25.096+0800: 452.959: [GC pause (G1 Evacuation Pause) (young), 0.0071775 secs]
   [Parallel Time: 3.2 ms, GC Workers: 10]
      [GC Worker Start (ms): Min: 452959.4, Avg: 452959.5, Max: 452959.7, Diff: 0.3]
      [Ext Root Scanning (ms): Min: 1.0, Avg: 1.2, Max: 1.7, Diff: 0.6, Sum: 12.4]
      [Update RS (ms): Min: 0.4, Avg: 0.5, Max: 0.6, Diff: 0.2, Sum: 5.0]
         [Processed Buffers: Min: 3, Avg: 5.4, Max: 8, Diff: 5, Sum: 54]
      [Scan RS (ms): Min: 0.0, Avg: 0.1, Max: 0.1, Diff: 0.1, Sum: 0.6]
      [Code Root Scanning (ms): Min: 0.0, Avg: 0.0, Max: 0.0, Diff: 0.0, Sum: 0.0]
      [Object Copy (ms): Min: 0.4, Avg: 0.6, Max: 0.6, Diff: 0.3, Sum: 5.6]
      [Termination (ms): Min: 0.0, Avg: 0.0, Max: 0.0, Diff: 0.0, Sum: 0.0]
         [Termination Attempts: Min: 1, Avg: 1.0, Max: 1, Diff: 0, Sum: 10]
      [GC Worker Other (ms): Min: 0.0, Avg: 0.0, Max: 0.2, Diff: 0.1, Sum: 0.5]
      [GC Worker Total (ms): Min: 2.2, Avg: 2.4, Max: 2.7, Diff: 0.4, Sum: 24.3]
      [GC Worker End (ms): Min: 452961.9, Avg: 452962.0, Max: 452962.1, Diff: 0.1]
   [Code Root Fixup: 0.0 ms]
   [Code Root Purge: 0.0 ms]
   [Clear CT: 1.4 ms]
   [Other: 2.6 ms]
      [Choose CSet: 0.0 ms]
      [Ref Proc: 1.2 ms]
      [Ref Enq: 0.0 ms]
      [Redirty Cards: 1.1 ms]
      [Humongous Register: 0.0 ms]
      [Humongous Reclaim: 0.0 ms]
      [Free CSet: 0.1 ms]
   [Eden: 152.0M(152.0M)->0.0B(152.0M) Survivors: 1024.0K->1024.0K Heap: 182.5M(256.0M)->31093.4K(256.0M)]
Heap after GC invocations=387 (full 0):
 garbage-first heap   total 262144K, used 31093K [0x00000000f0000000, 0x00000000f0100800, 0x0000000100000000)
  region size 1024K, 1 young (1024K), 1 survivors (1024K)
 Metaspace       used 52845K, capacity 56076K, committed 56192K, reserved 1097728K
  class space    used 6460K, capacity 7028K, committed 7040K, reserved 1048576K
}
 [Times: user=0.03 sys=0.00, real=0.01 secs] 
{Heap before GC invocations=387 (full 0):
 garbage-first heap   total 262144K, used 186741K [0x00000000f0000000, 0x00000000f0100800, 0x0000000100000000)
  region size 1024K, 153 young (156672K), 1 survivors (1024K)
 Metaspace       used 52845K, capacity 56076K, committed 56192K, reserved 1097728K
  class space    used 6460K, capacity 7028K, committed 7040K, reserved 1048576K
2023-10-03T06:52:25.895+0800: 453.758: [GC pause (G1 Evacuation Pause) (young), 0.0072140 secs]
   [Parallel Time: 3.3 ms, GC Workers: 10]
      [GC Worker Start (ms): Min: 453758.6, Avg: 453758.7, Max: 453758.9, Diff: 0.3]
      [Ext Root Scanning (ms): Min: 1.1, Avg: 1.2, Max: 1.5, Diff: 0.5, Sum: 12.4]
      [Update RS (ms): Min: 0.4, Avg: 0.5, Max: 0.5, Diff: 0.1, Sum: 4.9]
         [Processed Buffers: Min: 3, Avg: 5.5, Max: 10, Diff: 7, Sum: 55]
      [Scan RS (ms): Min: 0.0, Avg: 0.1, Max: 0.1, Diff: 0.1, Sum: 0.6]
      [Code Root Scanning (ms): Min: 0.0, Avg: 0.0, Max: 0.0, Diff: 0.0, Sum: 0.0]
      [Object Copy (ms): Min: 0.4, Avg: 0.6, Max: 0.6, Diff: 0.2, Sum: 5.7]
      [Termination (ms): Min: 0.0, Avg: 0.0, Max: 0.0, Diff: 0.0, Sum: 0.0]
         [Termination Attempts: Min: 1, Avg: 1.0, Max: 1, Diff: 0, Sum: 10]
      [GC Worker Other (ms): Min: 0.0, Avg: 0.0, Max: 0.1, Diff: 0.1, Sum: 0.5]
      [GC Worker Total (ms): Min: 2.3, Avg: 2.4, Max: 2.5, Diff: 0.3, Sum: 24.1]
      [GC Worker End (ms): Min: 453761.1, Avg: 453761.2, Max: 453761.2, Diff: 0.1]
   [Code Root Fixup: 0.0 ms]
   [Code Root Purge: 0.0 ms]
   [Clear CT: 1.4 ms]
   [Other: 2.6 ms]
      [Choose CSet: 0.0 ms]
      [Ref Proc: 0.9 ms]
      [Ref Enq: 0.0 ms]
      [Redirty Cards: 1.4 ms]
      [Humongous Register: 0.0 ms]
      [Humongous Reclaim: 0.0 ms]
      [Free CSet: 0.1 ms]
   [Eden: 152.0M(152.0M)->0.0B(152.0M) Survivors: 1024.0K->1024.0K Heap: 182.4M(256.0M)->31240.2K(256.0M)]
Heap after GC invocations=388 (full 0):
 garbage-first heap   total 262144K, used 31240K [0x00000000f0000000, 0x00000000f0100800, 0x0000000100000000)
  region size 1024K, 1 young (1024K), 1 survivors (1024K)
 Metaspace       used 52845K, capacity 56076K, committed 56192K, reserved 1097728K
  class space    used 6460K, capacity 7028K, committed 7040K, reserved 1048576K
}
 [Times: user=0.03 sys=0.00, real=0.01 secs] 
{Heap before GC invocations=388 (full 0):
 garbage-first heap   total 262144K, used 186888K [0x00000000f0000000, 0x00000000f0100800, 0x0000000100000000)
  region size 1024K, 153 young (156672K), 1 survivors (1024K)
 Metaspace       used 52850K, capacity 56076K, committed 56192K, reserved 1097728K
  class space    used 6460K, capacity 7028K, committed 7040K, reserved 1048576K
2023-10-03T06:52:26.697+0800: 454.561: [GC pause (G1 Evacuation Pause) (young), 0.0082583 secs]
   [Parallel Time: 3.5 ms, GC Workers: 10]
      [GC Worker Start (ms): Min: 454560.8, Avg: 454561.0, Max: 454561.3, Diff: 0.5]
      [Ext Root Scanning (ms): Min: 1.0, Avg: 1.3, Max: 1.6, Diff: 0.6, Sum: 13.0]
      [Update RS (ms): Min: 0.5, Avg: 0.5, Max: 0.6, Diff: 0.1, Sum: 5.3]
         [Processed Buffers: Min: 1, Avg: 5.6, Max: 10, Diff: 9, Sum: 56]
      [Scan RS (ms): Min: 0.0, Avg: 0.1, Max: 0.1, Diff: 0.1, Sum: 0.6]
      [Code Root Scanning (ms): Min: 0.0, Avg: 0.0, Max: 0.0, Diff: 0.0, Sum: 0.0]
      [Object Copy (ms): Min: 0.4, Avg: 0.6, Max: 0.7, Diff: 0.3, Sum: 5.7]
      [Termination (ms): Min: 0.0, Avg: 0.0, Max: 0.0, Diff: 0.0, Sum: 0.0]
         [Termination Attempts: Min: 1, Avg: 1.2, Max: 2, Diff: 1, Sum: 12]
      [GC Worker Other (ms): Min: 0.0, Avg: 0.0, Max: 0.1, Diff: 0.1, Sum: 0.3]
      [GC Worker Total (ms): Min: 2.3, Avg: 2.5, Max: 2.7, Diff: 0.5, Sum: 25.1]
      [GC Worker End (ms): Min: 454563.5, Avg: 454563.5, Max: 454563.6, Diff: 0.1]
   [Code Root Fixup: 0.0 ms]
   [Code Root Purge: 0.0 ms]
   [Clear CT: 1.4 ms]
   [Other: 3.3 ms]
      [Choose CSet: 0.0 ms]
      [Ref Proc: 1.6 ms]
      [Ref Enq: 0.0 ms]
      [Redirty Cards: 1.5 ms]
      [Humongous Register: 0.0 ms]
      [Humongous Reclaim: 0.0 ms]
      [Free CSet: 0.1 ms]
   [Eden: 152.0M(152.0M)->0.0B(152.0M) Survivors: 1024.0K->1024.0K Heap: 182.5M(256.0M)->31270.9K(256.0M)]
Heap after GC invocations=389 (full 0):
 garbage-first heap   total 262144K, used 31270K [0x00000000f0000000, 0x00000000f0100800, 0x0000000100000000)
  region size 1024K, 1 young (1024K), 1 survivors (1024K)
 Metaspace       used 52850K, capacity 56076K, committed 56192K, reserved 1097728K
  class space    used 6460K, capacity 7028K, committed 7040K, reserved 1048576K
}
 [Times: user=0.03 sys=0.00, real=0.01 secs] 
{Heap before GC invocations=389 (full 0):
 garbage-first heap   total 262144K, used 186918K [0x00000000f0000000, 0x00000000f0100800, 0x0000000100000000)
  region size 1024K, 153 young (156672K), 1 survivors (1024K)
 Metaspace       used 52850K, capacity 56076K, committed 56192K, reserved 1097728K
  class space    used 6460K, capacity 7028K, committed 7040K, reserved 1048576K
2023-10-03T06:52:27.511+0800: 455.374: [GC pause (G1 Evacuation Pause) (young), 0.0072513 secs]
   [Parallel Time: 3.2 ms, GC Workers: 10]
      [GC Worker Start (ms): Min: 455374.2, Avg: 455374.4, Max: 455374.7, Diff: 0.5]
      [Ext Root Scanning (ms): Min: 0.9, Avg: 1.2, Max: 1.6, Diff: 0.7, Sum: 11.8]
      [Update RS (ms): Min: 0.5, Avg: 0.5, Max: 0.6, Diff: 0.1, Sum: 5.3]
         [Processed Buffers: Min: 2, Avg: 5.5, Max: 8, Diff: 6, Sum: 55]
      [Scan RS (ms): Min: 0.0, Avg: 0.0, Max: 0.1, Diff: 0.1, Sum: 0.5]
      [Code Root Scanning (ms): Min: 0.0, Avg: 0.0, Max: 0.0, Diff: 0.0, Sum: 0.0]
      [Object Copy (ms): Min: 0.4, Avg: 0.5, Max: 0.6, Diff: 0.2, Sum: 5.3]
      [Termination (ms): Min: 0.0, Avg: 0.0, Max: 0.0, Diff: 0.0, Sum: 0.0]
         [Termination Attempts: Min: 1, Avg: 1.0, Max: 1, Diff: 0, Sum: 10]
      [GC Worker Other (ms): Min: 0.0, Avg: 0.0, Max: 0.1, Diff: 0.1, Sum: 0.4]
      [GC Worker Total (ms): Min: 2.1, Avg: 2.3, Max: 2.6, Diff: 0.4, Sum: 23.4]
      [GC Worker End (ms): Min: 455376.8, Avg: 455376.8, Max: 455376.8, Diff: 0.1]
   [Code Root Fixup: 0.0 ms]
   [Code Root Purge: 0.0 ms]
   [Clear CT: 1.5 ms]
   [Other: 2.5 ms]
      [Choose CSet: 0.0 ms]
      [Ref Proc: 0.9 ms]
      [Ref Enq: 0.0 ms]
      [Redirty Cards: 1.4 ms]
      [Humongous Register: 0.0 ms]
      [Humongous Reclaim: 0.0 ms]
      [Free CSet: 0.1 ms]
   [Eden: 152.0M(152.0M)->0.0B(152.0M) Survivors: 1024.0K->1024.0K Heap: 182.5M(256.0M)->31153.6K(256.0M)]
Heap after GC invocations=390 (full 0):
 garbage-first heap   total 262144K, used 31153K [0x00000000f0000000, 0x00000000f0100800, 0x0000000100000000)
  region size 1024K, 1 young (1024K), 1 survivors (1024K)
 Metaspace       used 52850K, capacity 56076K, committed 56192K, reserved 1097728K
  class space    used 6460K, capacity 7028K, committed 7040K, reserved 1048576K
}
 [Times: user=0.03 sys=0.00, real=0.00 secs] 
{Heap before GC invocations=390 (full 0):
 garbage-first heap   total 262144K, used 186801K [0x00000000f0000000, 0x00000000f0100800, 0x0000000100000000)
  region size 1024K, 153 young (156672K), 1 survivors (1024K)
 Metaspace       used 52852K, capacity 56076K, committed 56192K, reserved 1097728K
  class space    used 6460K, capacity 7028K, committed 7040K, reserved 1048576K
2023-10-03T06:52:28.311+0800: 456.174: [GC pause (G1 Evacuation Pause) (young), 0.0077629 secs]
   [Parallel Time: 3.3 ms, GC Workers: 10]
      [GC Worker Start (ms): Min: 456174.5, Avg: 456174.7, Max: 456174.9, Diff: 0.5]
      [Ext Root Scanning (ms): Min: 0.9, Avg: 1.2, Max: 1.6, Diff: 0.7, Sum: 11.7]
      [Update RS (ms): Min: 0.5, Avg: 0.5, Max: 0.6, Diff: 0.2, Sum: 5.2]
         [Processed Buffers: Min: 3, Avg: 5.6, Max: 10, Diff: 7, Sum: 56]
      [Scan RS (ms): Min: 0.0, Avg: 0.1, Max: 0.1, Diff: 0.1, Sum: 0.5]
      [Code Root Scanning (ms): Min: 0.0, Avg: 0.0, Max: 0.0, Diff: 0.0, Sum: 0.0]
      [Object Copy (ms): Min: 0.4, Avg: 0.5, Max: 0.6, Diff: 0.3, Sum: 5.0]
      [Termination (ms): Min: 0.0, Avg: 0.0, Max: 0.0, Diff: 0.0, Sum: 0.0]
         [Termination Attempts: Min: 1, Avg: 1.0, Max: 1, Diff: 0, Sum: 10]
      [GC Worker Other (ms): Min: 0.0, Avg: 0.0, Max: 0.1, Diff: 0.1, Sum: 0.4]
      [GC Worker Total (ms): Min: 2.1, Avg: 2.3, Max: 2.5, Diff: 0.5, Sum: 22.8]
      [GC Worker End (ms): Min: 456177.0, Avg: 456177.0, Max: 456177.0, Diff: 0.1]
   [Code Root Fixup: 0.0 ms]
   [Code Root Purge: 0.0 ms]
   [Clear CT: 1.4 ms]
   [Other: 3.1 ms]
      [Choose CSet: 0.0 ms]
      [Ref Proc: 1.4 ms]
      [Ref Enq: 0.0 ms]
      [Redirty Cards: 1.4 ms]
      [Humongous Register: 0.0 ms]
      [Humongous Reclaim: 0.0 ms]
      [Free CSet: 0.1 ms]
   [Eden: 152.0M(152.0M)->0.0B(152.0M) Survivors: 1024.0K->1024.0K Heap: 182.4M(256.0M)->31196.9K(256.0M)]
Heap after GC invocations=391 (full 0):
 garbage-first heap   total 262144K, used 31196K [0x00000000f0000000, 0x00000000f0100800, 0x0000000100000000)
  region size 1024K, 1 young (1024K), 1 survivors (1024K)
 Metaspace       used 52852K, capacity 56076K, committed 56192K, reserved 1097728K
  class space    used 6460K, capacity 7028K, committed 7040K, reserved 1048576K
}
 [Times: user=0.03 sys=0.00, real=0.00 secs] 
{Heap before GC invocations=391 (full 0):
 garbage-first heap   total 262144K, used 186844K [0x00000000f0000000, 0x00000000f0100800, 0x0000000100000000)
  region size 1024K, 153 young (156672K), 1 survivors (1024K)
 Metaspace       used 52852K, capacity 56076K, committed 56192K, reserved 1097728K
  class space    used 6460K, capacity 7028K, committed 7040K, reserved 1048576K
2023-10-03T06:52:29.129+0800: 456.992: [GC pause (G1 Evacuation Pause) (young), 0.0084170 secs]
   [Parallel Time: 3.6 ms, GC Workers: 10]
      [GC Worker Start (ms): Min: 456992.6, Avg: 456992.8, Max: 456993.0, Diff: 0.5]
      [Ext Root Scanning (ms): Min: 1.0, Avg: 1.2, Max: 1.5, Diff: 0.5, Sum: 12.3]
      [Update RS (ms): Min: 0.4, Avg: 0.5, Max: 0.6, Diff: 0.1, Sum: 5.0]
         [Processed Buffers: Min: 1, Avg: 5.5, Max: 10, Diff: 9, Sum: 55]
      [Scan RS (ms): Min: 0.0, Avg: 0.1, Max: 0.1, Diff: 0.1, Sum: 0.5]
      [Code Root Scanning (ms): Min: 0.0, Avg: 0.0, Max: 0.0, Diff: 0.0, Sum: 0.0]
      [Object Copy (ms): Min: 0.4, Avg: 0.6, Max: 0.7, Diff: 0.2, Sum: 5.9]
      [Termination (ms): Min: 0.0, Avg: 0.0, Max: 0.0, Diff: 0.0, Sum: 0.0]
         [Termination Attempts: Min: 1, Avg: 1.2, Max: 2, Diff: 1, Sum: 12]
      [GC Worker Other (ms): Min: 0.0, Avg: 0.0, Max: 0.1, Diff: 0.1, Sum: 0.4]
      [GC Worker Total (ms): Min: 2.2, Avg: 2.4, Max: 2.6, Diff: 0.5, Sum: 24.2]
      [GC Worker End (ms): Min: 456995.2, Avg: 456995.2, Max: 456995.3, Diff: 0.1]
   [Code Root Fixup: 0.0 ms]
   [Code Root Purge: 0.0 ms]
   [Clear CT: 1.4 ms]
   [Other: 3.4 ms]
      [Choose CSet: 0.0 ms]
      [Ref Proc: 1.7 ms]
      [Ref Enq: 0.0 ms]
      [Redirty Cards: 1.4 ms]
      [Humongous Register: 0.0 ms]
      [Humongous Reclaim: 0.0 ms]
      [Free CSet: 0.1 ms]
   [Eden: 152.0M(152.0M)->0.0B(152.0M) Survivors: 1024.0K->1024.0K Heap: 182.5M(256.0M)->31284.8K(256.0M)]
Heap after GC invocations=392 (full 0):
 garbage-first heap   total 262144K, used 31284K [0x00000000f0000000, 0x00000000f0100800, 0x0000000100000000)
  region size 1024K, 1 young (1024K), 1 survivors (1024K)
 Metaspace       used 52852K, capacity 56076K, committed 56192K, reserved 1097728K
  class space    used 6460K, capacity 7028K, committed 7040K, reserved 1048576K
}
 [Times: user=0.03 sys=0.00, real=0.01 secs] 
{Heap before GC invocations=392 (full 0):
 garbage-first heap   total 262144K, used 186932K [0x00000000f0000000, 0x00000000f0100800, 0x0000000100000000)
  region size 1024K, 153 young (156672K), 1 survivors (1024K)
 Metaspace       used 52852K, capacity 56076K, committed 56192K, reserved 1097728K
  class space    used 6460K, capacity 7028K, committed 7040K, reserved 1048576K
2023-10-03T06:52:29.939+0800: 457.803: [GC pause (G1 Evacuation Pause) (young), 0.0076573 secs]
   [Parallel Time: 3.3 ms, GC Workers: 10]
      [GC Worker Start (ms): Min: 457802.7, Avg: 457802.9, Max: 457803.1, Diff: 0.4]
      [Ext Root Scanning (ms): Min: 1.0, Avg: 1.2, Max: 1.6, Diff: 0.6, Sum: 11.8]
      [Update RS (ms): Min: 0.4, Avg: 0.5, Max: 0.5, Diff: 0.2, Sum: 4.6]
         [Processed Buffers: Min: 1, Avg: 5.5, Max: 11, Diff: 10, Sum: 55]
      [Scan RS (ms): Min: 0.0, Avg: 0.1, Max: 0.1, Diff: 0.1, Sum: 0.7]
      [Code Root Scanning (ms): Min: 0.0, Avg: 0.0, Max: 0.0, Diff: 0.0, Sum: 0.0]
      [Object Copy (ms): Min: 0.4, Avg: 0.5, Max: 0.6, Diff: 0.2, Sum: 5.0]
      [Termination (ms): Min: 0.0, Avg: 0.0, Max: 0.0, Diff: 0.0, Sum: 0.0]
         [Termination Attempts: Min: 1, Avg: 1.0, Max: 1, Diff: 0, Sum: 10]
      [GC Worker Other (ms): Min: 0.0, Avg: 0.1, Max: 0.2, Diff: 0.2, Sum: 0.6]
      [GC Worker Total (ms): Min: 2.1, Avg: 2.3, Max: 2.5, Diff: 0.4, Sum: 22.8]
      [GC Worker End (ms): Min: 457805.2, Avg: 457805.2, Max: 457805.4, Diff: 0.2]
   [Code Root Fixup: 0.0 ms]
   [Code Root Purge: 0.0 ms]
   [Clear CT: 1.5 ms]
   [Other: 2.9 ms]
      [Choose CSet: 0.0 ms]
      [Ref Proc: 1.4 ms]
      [Ref Enq: 0.0 ms]
      [Redirty Cards: 1.2 ms]
      [Humongous Register: 0.0 ms]
      [Humongous Reclaim: 0.0 ms]
      [Free CSet: 0.1 ms]
   [Eden: 152.0M(152.0M)->0.0B(152.0M) Survivors: 1024.0K->1024.0K Heap: 182.6M(256.0M)->31127.8K(256.0M)]
Heap after GC invocations=393 (full 0):
 garbage-first heap   total 262144K, used 31127K [0x00000000f0000000, 0x00000000f0100800, 0x0000000100000000)
  region size 1024K, 1 young (1024K), 1 survivors (1024K)
 Metaspace       used 52852K, capacity 56076K, committed 56192K, reserved 1097728K
  class space    used 6460K, capacity 7028K, committed 7040K, reserved 1048576K
}
 [Times: user=0.03 sys=0.00, real=0.01 secs] 
{Heap before GC invocations=393 (full 0):
 garbage-first heap   total 262144K, used 186775K [0x00000000f0000000, 0x00000000f0100800, 0x0000000100000000)
  region size 1024K, 153 young (156672K), 1 survivors (1024K)
 Metaspace       used 52852K, capacity 56076K, committed 56192K, reserved 1097728K
  class space    used 6460K, capacity 7028K, committed 7040K, reserved 1048576K
2023-10-03T06:52:30.757+0800: 458.620: [GC pause (G1 Evacuation Pause) (young), 0.0076095 secs]
   [Parallel Time: 3.2 ms, GC Workers: 10]
      [GC Worker Start (ms): Min: 458620.0, Avg: 458620.3, Max: 458620.5, Diff: 0.5]
      [Ext Root Scanning (ms): Min: 0.9, Avg: 1.2, Max: 1.5, Diff: 0.6, Sum: 11.9]
      [Update RS (ms): Min: 0.4, Avg: 0.5, Max: 0.5, Diff: 0.1, Sum: 4.8]
         [Processed Buffers: Min: 3, Avg: 5.6, Max: 11, Diff: 8, Sum: 56]
      [Scan RS (ms): Min: 0.0, Avg: 0.1, Max: 0.1, Diff: 0.1, Sum: 0.6]
      [Code Root Scanning (ms): Min: 0.0, Avg: 0.0, Max: 0.0, Diff: 0.0, Sum: 0.0]
      [Object Copy (ms): Min: 0.4, Avg: 0.5, Max: 0.6, Diff: 0.2, Sum: 5.1]
      [Termination (ms): Min: 0.0, Avg: 0.0, Max: 0.0, Diff: 0.0, Sum: 0.0]
         [Termination Attempts: Min: 1, Avg: 1.1, Max: 2, Diff: 1, Sum: 11]
      [GC Worker Other (ms): Min: 0.0, Avg: 0.0, Max: 0.1, Diff: 0.1, Sum: 0.4]
      [GC Worker Total (ms): Min: 2.1, Avg: 2.3, Max: 2.5, Diff: 0.5, Sum: 22.8]
      [GC Worker End (ms): Min: 458622.5, Avg: 458622.5, Max: 458622.6, Diff: 0.1]
   [Code Root Fixup: 0.0 ms]
   [Code Root Purge: 0.0 ms]
   [Clear CT: 1.5 ms]
   [Other: 2.9 ms]
      [Choose CSet: 0.0 ms]
      [Ref Proc: 1.3 ms]
      [Ref Enq: 0.0 ms]
      [Redirty Cards: 1.3 ms]
      [Humongous Register: 0.0 ms]
      [Humongous Reclaim: 0.0 ms]
      [Free CSet: 0.1 ms]
   [Eden: 152.0M(152.0M)->0.0B(152.0M) Survivors: 1024.0K->1024.0K Heap: 182.4M(256.0M)->31157.1K(256.0M)]
Heap after GC invocations=394 (full 0):
 garbage-first heap   total 262144K, used 31157K [0x00000000f0000000, 0x00000000f0100800, 0x0000000100000000)
  region size 1024K, 1 young (1024K), 1 survivors (1024K)
 Metaspace       used 52852K, capacity 56076K, committed 56192K, reserved 1097728K
  class space    used 6460K, capacity 7028K, committed 7040K, reserved 1048576K
}
 [Times: user=0.02 sys=0.01, real=0.01 secs] 
{Heap before GC invocations=394 (full 0):
 garbage-first heap   total 262144K, used 186805K [0x00000000f0000000, 0x00000000f0100800, 0x0000000100000000)
  region size 1024K, 153 young (156672K), 1 survivors (1024K)
 Metaspace       used 52852K, capacity 56076K, committed 56192K, reserved 1097728K
  class space    used 6460K, capacity 7028K, committed 7040K, reserved 1048576K
2023-10-03T06:52:31.562+0800: 459.425: [GC pause (G1 Evacuation Pause) (young), 0.0076654 secs]
   [Parallel Time: 3.3 ms, GC Workers: 10]
      [GC Worker Start (ms): Min: 459425.6, Avg: 459425.8, Max: 459426.0, Diff: 0.4]
      [Ext Root Scanning (ms): Min: 1.0, Avg: 1.3, Max: 1.7, Diff: 0.7, Sum: 12.6]
      [Update RS (ms): Min: 0.4, Avg: 0.5, Max: 0.6, Diff: 0.2, Sum: 4.8]
         [Processed Buffers: Min: 1, Avg: 5.6, Max: 10, Diff: 9, Sum: 56]
      [Scan RS (ms): Min: 0.0, Avg: 0.1, Max: 0.1, Diff: 0.1, Sum: 0.6]
      [Code Root Scanning (ms): Min: 0.0, Avg: 0.0, Max: 0.0, Diff: 0.0, Sum: 0.0]
      [Object Copy (ms): Min: 0.4, Avg: 0.5, Max: 0.6, Diff: 0.2, Sum: 5.1]
      [Termination (ms): Min: 0.0, Avg: 0.0, Max: 0.0, Diff: 0.0, Sum: 0.0]
         [Termination Attempts: Min: 1, Avg: 1.0, Max: 1, Diff: 0, Sum: 10]
      [GC Worker Other (ms): Min: 0.0, Avg: 0.1, Max: 0.2, Diff: 0.2, Sum: 0.5]
      [GC Worker Total (ms): Min: 2.2, Avg: 2.4, Max: 2.6, Diff: 0.4, Sum: 23.7]
      [GC Worker End (ms): Min: 459428.2, Avg: 459428.2, Max: 459428.3, Diff: 0.2]
   [Code Root Fixup: 0.0 ms]
   [Code Root Purge: 0.0 ms]
   [Clear CT: 1.8 ms]
   [Other: 2.6 ms]
      [Choose CSet: 0.0 ms]
      [Ref Proc: 1.1 ms]
      [Ref Enq: 0.0 ms]
      [Redirty Cards: 1.2 ms]
      [Humongous Register: 0.0 ms]
      [Humongous Reclaim: 0.0 ms]
      [Free CSet: 0.1 ms]
   [Eden: 152.0M(152.0M)->0.0B(152.0M) Survivors: 1024.0K->1024.0K Heap: 182.4M(256.0M)->31172.9K(256.0M)]
Heap after GC invocations=395 (full 0):
 garbage-first heap   total 262144K, used 31172K [0x00000000f0000000, 0x00000000f0100800, 0x0000000100000000)
  region size 1024K, 1 young (1024K), 1 survivors (1024K)
 Metaspace       used 52852K, capacity 56076K, committed 56192K, reserved 1097728K
  class space    used 6460K, capacity 7028K, committed 7040K, reserved 1048576K
}
 [Times: user=0.03 sys=0.00, real=0.01 secs] 
{Heap before GC invocations=395 (full 0):
 garbage-first heap   total 262144K, used 186820K [0x00000000f0000000, 0x00000000f0100800, 0x0000000100000000)
  region size 1024K, 153 young (156672K), 1 survivors (1024K)
 Metaspace       used 52852K, capacity 56076K, committed 56192K, reserved 1097728K
  class space    used 6460K, capacity 7028K, committed 7040K, reserved 1048576K
2023-10-03T06:52:32.369+0800: 460.233: [GC pause (G1 Evacuation Pause) (young), 0.0072643 secs]
   [Parallel Time: 3.0 ms, GC Workers: 10]
      [GC Worker Start (ms): Min: 460232.8, Avg: 460233.0, Max: 460233.2, Diff: 0.4]
      [Ext Root Scanning (ms): Min: 0.9, Avg: 1.1, Max: 1.6, Diff: 0.7, Sum: 11.4]
      [Update RS (ms): Min: 0.4, Avg: 0.5, Max: 0.6, Diff: 0.2, Sum: 5.0]
         [Processed Buffers: Min: 3, Avg: 5.5, Max: 8, Diff: 5, Sum: 55]
      [Scan RS (ms): Min: 0.0, Avg: 0.0, Max: 0.1, Diff: 0.1, Sum: 0.5]
      [Code Root Scanning (ms): Min: 0.0, Avg: 0.0, Max: 0.0, Diff: 0.0, Sum: 0.0]
      [Object Copy (ms): Min: 0.3, Avg: 0.4, Max: 0.5, Diff: 0.1, Sum: 4.2]
      [Termination (ms): Min: 0.0, Avg: 0.0, Max: 0.0, Diff: 0.0, Sum: 0.0]
         [Termination Attempts: Min: 1, Avg: 1.0, Max: 1, Diff: 0, Sum: 10]
      [GC Worker Other (ms): Min: 0.0, Avg: 0.0, Max: 0.1, Diff: 0.1, Sum: 0.5]
      [GC Worker Total (ms): Min: 1.9, Avg: 2.2, Max: 2.4, Diff: 0.4, Sum: 21.6]
      [GC Worker End (ms): Min: 460235.1, Avg: 460235.2, Max: 460235.2, Diff: 0.1]
   [Code Root Fixup: 0.0 ms]
   [Code Root Purge: 0.0 ms]
   [Clear CT: 1.1 ms]
   [Other: 3.2 ms]
      [Choose CSet: 0.0 ms]
      [Ref Proc: 1.7 ms]
      [Ref Enq: 0.0 ms]
      [Redirty Cards: 1.2 ms]
      [Humongous Register: 0.0 ms]
      [Humongous Reclaim: 0.0 ms]
      [Free CSet: 0.1 ms]
   [Eden: 152.0M(152.0M)->0.0B(152.0M) Survivors: 1024.0K->1024.0K Heap: 182.4M(256.0M)->31040.7K(256.0M)]
Heap after GC invocations=396 (full 0):
 garbage-first heap   total 262144K, used 31040K [0x00000000f0000000, 0x00000000f0100800, 0x0000000100000000)
  region size 1024K, 1 young (1024K), 1 survivors (1024K)
 Metaspace       used 52852K, capacity 56076K, committed 56192K, reserved 1097728K
  class space    used 6460K, capacity 7028K, committed 7040K, reserved 1048576K
}
 [Times: user=0.03 sys=0.00, real=0.01 secs] 
{Heap before GC invocations=396 (full 0):
 garbage-first heap   total 262144K, used 186688K [0x00000000f0000000, 0x00000000f0100800, 0x0000000100000000)
  region size 1024K, 153 young (156672K), 1 survivors (1024K)
 Metaspace       used 52852K, capacity 56076K, committed 56192K, reserved 1097728K
  class space    used 6460K, capacity 7028K, committed 7040K, reserved 1048576K
2023-10-03T06:52:33.185+0800: 461.048: [GC pause (G1 Evacuation Pause) (young), 0.0072381 secs]
   [Parallel Time: 3.2 ms, GC Workers: 10]
      [GC Worker Start (ms): Min: 461048.7, Avg: 461048.9, Max: 461049.1, Diff: 0.4]
      [Ext Root Scanning (ms): Min: 1.0, Avg: 1.2, Max: 1.5, Diff: 0.5, Sum: 12.4]
      [Update RS (ms): Min: 0.4, Avg: 0.5, Max: 0.5, Diff: 0.1, Sum: 4.9]
         [Processed Buffers: Min: 3, Avg: 5.4, Max: 11, Diff: 8, Sum: 54]
      [Scan RS (ms): Min: 0.0, Avg: 0.0, Max: 0.1, Diff: 0.1, Sum: 0.4]
      [Code Root Scanning (ms): Min: 0.0, Avg: 0.0, Max: 0.0, Diff: 0.0, Sum: 0.0]
      [Object Copy (ms): Min: 0.4, Avg: 0.5, Max: 0.6, Diff: 0.2, Sum: 5.2]
      [Termination (ms): Min: 0.0, Avg: 0.0, Max: 0.0, Diff: 0.0, Sum: 0.0]
         [Termination Attempts: Min: 1, Avg: 1.0, Max: 1, Diff: 0, Sum: 10]
      [GC Worker Other (ms): Min: 0.0, Avg: 0.1, Max: 0.2, Diff: 0.2, Sum: 0.7]
      [GC Worker Total (ms): Min: 2.1, Avg: 2.4, Max: 2.6, Diff: 0.5, Sum: 23.7]
      [GC Worker End (ms): Min: 461051.2, Avg: 461051.3, Max: 461051.4, Diff: 0.2]
   [Code Root Fixup: 0.0 ms]
   [Code Root Purge: 0.0 ms]
   [Clear CT: 1.3 ms]
   [Other: 2.7 ms]
      [Choose CSet: 0.0 ms]
      [Ref Proc: 1.1 ms]
      [Ref Enq: 0.0 ms]
      [Redirty Cards: 1.3 ms]
      [Humongous Register: 0.0 ms]
      [Humongous Reclaim: 0.0 ms]
      [Free CSet: 0.1 ms]
   [Eden: 152.0M(152.0M)->0.0B(152.0M) Survivors: 1024.0K->1024.0K Heap: 182.3M(256.0M)->31183.0K(256.0M)]
Heap after GC invocations=397 (full 0):
 garbage-first heap   total 262144K, used 31183K [0x00000000f0000000, 0x00000000f0100800, 0x0000000100000000)
  region size 1024K, 1 young (1024K), 1 survivors (1024K)
 Metaspace       used 52852K, capacity 56076K, committed 56192K, reserved 1097728K
  class space    used 6460K, capacity 7028K, committed 7040K, reserved 1048576K
}
 [Times: user=0.03 sys=0.00, real=0.01 secs] 
{Heap before GC invocations=397 (full 0):
 garbage-first heap   total 262144K, used 186831K [0x00000000f0000000, 0x00000000f0100800, 0x0000000100000000)
  region size 1024K, 153 young (156672K), 1 survivors (1024K)
 Metaspace       used 52852K, capacity 56076K, committed 56192K, reserved 1097728K
  class space    used 6460K, capacity 7028K, committed 7040K, reserved 1048576K
2023-10-03T06:52:34.010+0800: 461.873: [GC pause (G1 Evacuation Pause) (young), 0.0068376 secs]
   [Parallel Time: 3.1 ms, GC Workers: 10]
      [GC Worker Start (ms): Min: 461873.2, Avg: 461873.5, Max: 461873.7, Diff: 0.5]
      [Ext Root Scanning (ms): Min: 0.9, Avg: 1.2, Max: 1.4, Diff: 0.5, Sum: 11.5]
      [Update RS (ms): Min: 0.4, Avg: 0.5, Max: 0.5, Diff: 0.1, Sum: 4.9]
         [Processed Buffers: Min: 3, Avg: 5.7, Max: 10, Diff: 7, Sum: 57]
      [Scan RS (ms): Min: 0.0, Avg: 0.1, Max: 0.1, Diff: 0.1, Sum: 0.6]
      [Code Root Scanning (ms): Min: 0.0, Avg: 0.0, Max: 0.0, Diff: 0.0, Sum: 0.0]
      [Object Copy (ms): Min: 0.4, Avg: 0.5, Max: 0.6, Diff: 0.2, Sum: 5.2]
      [Termination (ms): Min: 0.0, Avg: 0.0, Max: 0.0, Diff: 0.0, Sum: 0.0]
         [Termination Attempts: Min: 1, Avg: 1.4, Max: 2, Diff: 1, Sum: 14]
      [GC Worker Other (ms): Min: 0.0, Avg: 0.0, Max: 0.1, Diff: 0.1, Sum: 0.5]
      [GC Worker Total (ms): Min: 2.0, Avg: 2.3, Max: 2.5, Diff: 0.5, Sum: 22.8]
      [GC Worker End (ms): Min: 461875.7, Avg: 461875.7, Max: 461875.8, Diff: 0.1]
   [Code Root Fixup: 0.0 ms]
   [Code Root Purge: 0.0 ms]
   [Clear CT: 1.3 ms]
   [Other: 2.4 ms]
      [Choose CSet: 0.0 ms]
      [Ref Proc: 1.1 ms]
      [Ref Enq: 0.0 ms]
      [Redirty Cards: 1.0 ms]
      [Humongous Register: 0.0 ms]
      [Humongous Reclaim: 0.0 ms]
      [Free CSet: 0.1 ms]
   [Eden: 152.0M(152.0M)->0.0B(152.0M) Survivors: 1024.0K->1024.0K Heap: 182.5M(256.0M)->31207.3K(256.0M)]
Heap after GC invocations=398 (full 0):
 garbage-first heap   total 262144K, used 31207K [0x00000000f0000000, 0x00000000f0100800, 0x0000000100000000)
  region size 1024K, 1 young (1024K), 1 survivors (1024K)
 Metaspace       used 52852K, capacity 56076K, committed 56192K, reserved 1097728K
  class space    used 6460K, capacity 7028K, committed 7040K, reserved 1048576K
}
 [Times: user=0.02 sys=0.00, real=0.00 secs] 
{Heap before GC invocations=398 (full 0):
 garbage-first heap   total 262144K, used 186855K [0x00000000f0000000, 0x00000000f0100800, 0x0000000100000000)
  region size 1024K, 153 young (156672K), 1 survivors (1024K)
 Metaspace       used 52852K, capacity 56076K, committed 56192K, reserved 1097728K
  class space    used 6460K, capacity 7028K, committed 7040K, reserved 1048576K
2023-10-03T06:52:34.816+0800: 462.679: [GC pause (G1 Evacuation Pause) (young), 0.0074507 secs]
   [Parallel Time: 3.2 ms, GC Workers: 10]
      [GC Worker Start (ms): Min: 462679.4, Avg: 462679.6, Max: 462679.8, Diff: 0.5]
      [Ext Root Scanning (ms): Min: 1.0, Avg: 1.2, Max: 1.5, Diff: 0.5, Sum: 12.2]
      [Update RS (ms): Min: 0.4, Avg: 0.5, Max: 0.6, Diff: 0.1, Sum: 4.8]
         [Processed Buffers: Min: 4, Avg: 5.7, Max: 7, Diff: 3, Sum: 57]
      [Scan RS (ms): Min: 0.0, Avg: 0.0, Max: 0.1, Diff: 0.1, Sum: 0.5]
      [Code Root Scanning (ms): Min: 0.0, Avg: 0.0, Max: 0.0, Diff: 0.0, Sum: 0.0]
      [Object Copy (ms): Min: 0.3, Avg: 0.5, Max: 0.5, Diff: 0.2, Sum: 4.7]
      [Termination (ms): Min: 0.0, Avg: 0.0, Max: 0.0, Diff: 0.0, Sum: 0.0]
         [Termination Attempts: Min: 1, Avg: 1.1, Max: 2, Diff: 1, Sum: 11]
      [GC Worker Other (ms): Min: 0.0, Avg: 0.0, Max: 0.1, Diff: 0.1, Sum: 0.4]
      [GC Worker Total (ms): Min: 2.0, Avg: 2.3, Max: 2.5, Diff: 0.4, Sum: 22.6]
      [GC Worker End (ms): Min: 462681.8, Avg: 462681.8, Max: 462681.9, Diff: 0.1]
   [Code Root Fixup: 0.0 ms]
   [Code Root Purge: 0.0 ms]
   [Clear CT: 1.3 ms]
   [Other: 2.9 ms]
      [Choose CSet: 0.0 ms]
      [Ref Proc: 1.4 ms]
      [Ref Enq: 0.0 ms]
      [Redirty Cards: 1.2 ms]
      [Humongous Register: 0.0 ms]
      [Humongous Reclaim: 0.0 ms]
      [Free CSet: 0.1 ms]
   [Eden: 152.0M(152.0M)->0.0B(152.0M) Survivors: 1024.0K->1024.0K Heap: 182.5M(256.0M)->31112.4K(256.0M)]
Heap after GC invocations=399 (full 0):
 garbage-first heap   total 262144K, used 31112K [0x00000000f0000000, 0x00000000f0100800, 0x0000000100000000)
  region size 1024K, 1 young (1024K), 1 survivors (1024K)
 Metaspace       used 52852K, capacity 56076K, committed 56192K, reserved 1097728K
  class space    used 6460K, capacity 7028K, committed 7040K, reserved 1048576K
}
 [Times: user=0.03 sys=0.00, real=0.01 secs] 
{Heap before GC invocations=399 (full 0):
 garbage-first heap   total 262144K, used 186760K [0x00000000f0000000, 0x00000000f0100800, 0x0000000100000000)
  region size 1024K, 153 young (156672K), 1 survivors (1024K)
 Metaspace       used 52852K, capacity 56076K, committed 56192K, reserved 1097728K
  class space    used 6460K, capacity 7028K, committed 7040K, reserved 1048576K
2023-10-03T06:52:35.625+0800: 463.488: [GC pause (G1 Evacuation Pause) (young), 0.0074188 secs]
   [Parallel Time: 3.3 ms, GC Workers: 10]
      [GC Worker Start (ms): Min: 463488.4, Avg: 463488.6, Max: 463488.9, Diff: 0.5]
      [Ext Root Scanning (ms): Min: 1.0, Avg: 1.2, Max: 1.5, Diff: 0.5, Sum: 12.5]
      [Update RS (ms): Min: 0.4, Avg: 0.5, Max: 0.6, Diff: 0.1, Sum: 4.8]
         [Processed Buffers: Min: 3, Avg: 5.6, Max: 11, Diff: 8, Sum: 56]
      [Scan RS (ms): Min: 0.0, Avg: 0.1, Max: 0.1, Diff: 0.1, Sum: 0.6]
      [Code Root Scanning (ms): Min: 0.0, Avg: 0.0, Max: 0.0, Diff: 0.0, Sum: 0.0]
      [Object Copy (ms): Min: 0.4, Avg: 0.5, Max: 0.6, Diff: 0.2, Sum: 5.3]
      [Termination (ms): Min: 0.0, Avg: 0.0, Max: 0.0, Diff: 0.0, Sum: 0.0]
         [Termination Attempts: Min: 1, Avg: 1.2, Max: 2, Diff: 1, Sum: 12]
      [GC Worker Other (ms): Min: 0.0, Avg: 0.0, Max: 0.1, Diff: 0.1, Sum: 0.5]
      [GC Worker Total (ms): Min: 2.1, Avg: 2.4, Max: 2.7, Diff: 0.6, Sum: 23.7]
      [GC Worker End (ms): Min: 463491.0, Avg: 463491.0, Max: 463491.1, Diff: 0.1]
   [Code Root Fixup: 0.0 ms]
   [Code Root Purge: 0.0 ms]
   [Clear CT: 1.3 ms]
   [Other: 2.8 ms]
      [Choose CSet: 0.0 ms]
      [Ref Proc: 1.3 ms]
      [Ref Enq: 0.0 ms]
      [Redirty Cards: 1.2 ms]
      [Humongous Register: 0.0 ms]
      [Humongous Reclaim: 0.0 ms]
      [Free CSet: 0.1 ms]
   [Eden: 152.0M(152.0M)->0.0B(152.0M) Survivors: 1024.0K->1024.0K Heap: 182.4M(256.0M)->31254.8K(256.0M)]
Heap after GC invocations=400 (full 0):
 garbage-first heap   total 262144K, used 31254K [0x00000000f0000000, 0x00000000f0100800, 0x0000000100000000)
  region size 1024K, 1 young (1024K), 1 survivors (1024K)
 Metaspace       used 52852K, capacity 56076K, committed 56192K, reserved 1097728K
  class space    used 6460K, capacity 7028K, committed 7040K, reserved 1048576K
}
 [Times: user=0.03 sys=0.00, real=0.01 secs] 
{Heap before GC invocations=400 (full 0):
 garbage-first heap   total 262144K, used 186902K [0x00000000f0000000, 0x00000000f0100800, 0x0000000100000000)
  region size 1024K, 153 young (156672K), 1 survivors (1024K)
 Metaspace       used 52852K, capacity 56076K, committed 56192K, reserved 1097728K
  class space    used 6460K, capacity 7028K, committed 7040K, reserved 1048576K
2023-10-03T06:52:36.436+0800: 464.299: [GC pause (G1 Evacuation Pause) (young), 0.0073458 secs]
   [Parallel Time: 3.3 ms, GC Workers: 10]
      [GC Worker Start (ms): Min: 464299.5, Avg: 464299.7, Max: 464299.9, Diff: 0.4]
      [Ext Root Scanning (ms): Min: 1.0, Avg: 1.2, Max: 1.6, Diff: 0.5, Sum: 12.2]
      [Update RS (ms): Min: 0.5, Avg: 0.5, Max: 0.6, Diff: 0.2, Sum: 4.9]
         [Processed Buffers: Min: 3, Avg: 5.6, Max: 9, Diff: 6, Sum: 56]
      [Scan RS (ms): Min: 0.0, Avg: 0.1, Max: 0.1, Diff: 0.0, Sum: 0.7]
      [Code Root Scanning (ms): Min: 0.0, Avg: 0.0, Max: 0.0, Diff: 0.0, Sum: 0.0]
      [Object Copy (ms): Min: 0.4, Avg: 0.5, Max: 0.6, Diff: 0.2, Sum: 5.1]
      [Termination (ms): Min: 0.0, Avg: 0.0, Max: 0.0, Diff: 0.0, Sum: 0.0]
         [Termination Attempts: Min: 1, Avg: 1.0, Max: 1, Diff: 0, Sum: 10]
      [GC Worker Other (ms): Min: 0.0, Avg: 0.1, Max: 0.2, Diff: 0.2, Sum: 0.7]
      [GC Worker Total (ms): Min: 2.2, Avg: 2.4, Max: 2.6, Diff: 0.4, Sum: 23.6]
      [GC Worker End (ms): Min: 464302.0, Avg: 464302.1, Max: 464302.2, Diff: 0.2]
   [Code Root Fixup: 0.0 ms]
   [Code Root Purge: 0.0 ms]
   [Clear CT: 1.3 ms]
   [Other: 2.7 ms]
      [Choose CSet: 0.0 ms]
      [Ref Proc: 1.1 ms]
      [Ref Enq: 0.0 ms]
      [Redirty Cards: 1.4 ms]
      [Humongous Register: 0.0 ms]
      [Humongous Reclaim: 0.0 ms]
      [Free CSet: 0.1 ms]
   [Eden: 152.0M(152.0M)->0.0B(152.0M) Survivors: 1024.0K->1024.0K Heap: 182.5M(256.0M)->31164.7K(256.0M)]
Heap after GC invocations=401 (full 0):
 garbage-first heap   total 262144K, used 31164K [0x00000000f0000000, 0x00000000f0100800, 0x0000000100000000)
  region size 1024K, 1 young (1024K), 1 survivors (1024K)
 Metaspace       used 52852K, capacity 56076K, committed 56192K, reserved 1097728K
  class space    used 6460K, capacity 7028K, committed 7040K, reserved 1048576K
}
 [Times: user=0.02 sys=0.01, real=0.01 secs] 
{Heap before GC invocations=401 (full 0):
 garbage-first heap   total 262144K, used 186812K [0x00000000f0000000, 0x00000000f0100800, 0x0000000100000000)
  region size 1024K, 153 young (156672K), 1 survivors (1024K)
 Metaspace       used 52852K, capacity 56076K, committed 56192K, reserved 1097728K
  class space    used 6460K, capacity 7028K, committed 7040K, reserved 1048576K
2023-10-03T06:52:37.245+0800: 465.108: [GC pause (G1 Evacuation Pause) (young), 0.0073272 secs]
   [Parallel Time: 3.3 ms, GC Workers: 10]
      [GC Worker Start (ms): Min: 465108.2, Avg: 465108.4, Max: 465108.5, Diff: 0.4]
      [Ext Root Scanning (ms): Min: 1.1, Avg: 1.3, Max: 1.6, Diff: 0.5, Sum: 12.7]
      [Update RS (ms): Min: 0.4, Avg: 0.5, Max: 0.5, Diff: 0.1, Sum: 4.7]
         [Processed Buffers: Min: 4, Avg: 5.6, Max: 9, Diff: 5, Sum: 56]
      [Scan RS (ms): Min: 0.0, Avg: 0.1, Max: 0.1, Diff: 0.1, Sum: 0.8]
      [Code Root Scanning (ms): Min: 0.0, Avg: 0.0, Max: 0.0, Diff: 0.0, Sum: 0.0]
      [Object Copy (ms): Min: 0.4, Avg: 0.5, Max: 0.6, Diff: 0.2, Sum: 5.1]
      [Termination (ms): Min: 0.0, Avg: 0.0, Max: 0.0, Diff: 0.0, Sum: 0.0]
         [Termination Attempts: Min: 1, Avg: 1.0, Max: 1, Diff: 0, Sum: 10]
      [GC Worker Other (ms): Min: 0.0, Avg: 0.1, Max: 0.1, Diff: 0.1, Sum: 0.5]
      [GC Worker Total (ms): Min: 2.2, Avg: 2.4, Max: 2.6, Diff: 0.4, Sum: 23.8]
      [GC Worker End (ms): Min: 465110.7, Avg: 465110.7, Max: 465110.8, Diff: 0.1]
   [Code Root Fixup: 0.0 ms]
   [Code Root Purge: 0.0 ms]
   [Clear CT: 1.6 ms]
   [Other: 2.5 ms]
      [Choose CSet: 0.0 ms]
      [Ref Proc: 0.8 ms]
      [Ref Enq: 0.0 ms]
      [Redirty Cards: 1.3 ms]
      [Humongous Register: 0.0 ms]
      [Humongous Reclaim: 0.0 ms]
      [Free CSet: 0.1 ms]
   [Eden: 152.0M(152.0M)->0.0B(152.0M) Survivors: 1024.0K->1024.0K Heap: 182.4M(256.0M)->31180.2K(256.0M)]
Heap after GC invocations=402 (full 0):
 garbage-first heap   total 262144K, used 31180K [0x00000000f0000000, 0x00000000f0100800, 0x0000000100000000)
  region size 1024K, 1 young (1024K), 1 survivors (1024K)
 Metaspace       used 52852K, capacity 56076K, committed 56192K, reserved 1097728K
  class space    used 6460K, capacity 7028K, committed 7040K, reserved 1048576K
}
 [Times: user=0.02 sys=0.01, real=0.01 secs] 
{Heap before GC invocations=402 (full 0):
 garbage-first heap   total 262144K, used 186828K [0x00000000f0000000, 0x00000000f0100800, 0x0000000100000000)
  region size 1024K, 153 young (156672K), 1 survivors (1024K)
 Metaspace       used 52852K, capacity 56076K, committed 56192K, reserved 1097728K
  class space    used 6460K, capacity 7028K, committed 7040K, reserved 1048576K
2023-10-03T06:52:38.066+0800: 465.929: [GC pause (G1 Evacuation Pause) (young), 0.0071090 secs]
   [Parallel Time: 3.2 ms, GC Workers: 10]
      [GC Worker Start (ms): Min: 465929.1, Avg: 465929.3, Max: 465929.4, Diff: 0.3]
      [Ext Root Scanning (ms): Min: 1.1, Avg: 1.3, Max: 1.6, Diff: 0.5, Sum: 12.6]
      [Update RS (ms): Min: 0.4, Avg: 0.5, Max: 0.5, Diff: 0.1, Sum: 4.6]
         [Processed Buffers: Min: 3, Avg: 5.4, Max: 10, Diff: 7, Sum: 54]
      [Scan RS (ms): Min: 0.0, Avg: 0.1, Max: 0.1, Diff: 0.1, Sum: 0.6]
      [Code Root Scanning (ms): Min: 0.0, Avg: 0.0, Max: 0.0, Diff: 0.0, Sum: 0.0]
      [Object Copy (ms): Min: 0.4, Avg: 0.5, Max: 0.6, Diff: 0.2, Sum: 5.4]
      [Termination (ms): Min: 0.0, Avg: 0.0, Max: 0.0, Diff: 0.0, Sum: 0.1]
         [Termination Attempts: Min: 1, Avg: 1.4, Max: 3, Diff: 2, Sum: 14]
      [GC Worker Other (ms): Min: 0.0, Avg: 0.0, Max: 0.1, Diff: 0.1, Sum: 0.3]
      [GC Worker Total (ms): Min: 2.2, Avg: 2.4, Max: 2.6, Diff: 0.4, Sum: 23.6]
      [GC Worker End (ms): Min: 465931.6, Avg: 465931.6, Max: 465931.7, Diff: 0.1]
   [Code Root Fixup: 0.0 ms]
   [Code Root Purge: 0.0 ms]
   [Clear CT: 1.5 ms]
   [Other: 2.4 ms]
      [Choose CSet: 0.0 ms]
      [Ref Proc: 1.0 ms]
      [Ref Enq: 0.0 ms]
      [Redirty Cards: 1.2 ms]
      [Humongous Register: 0.0 ms]
      [Humongous Reclaim: 0.0 ms]
      [Free CSet: 0.1 ms]
   [Eden: 152.0M(152.0M)->0.0B(152.0M) Survivors: 1024.0K->1024.0K Heap: 182.4M(256.0M)->31151.2K(256.0M)]
Heap after GC invocations=403 (full 0):
 garbage-first heap   total 262144K, used 31151K [0x00000000f0000000, 0x00000000f0100800, 0x0000000100000000)
  region size 1024K, 1 young (1024K), 1 survivors (1024K)
 Metaspace       used 52852K, capacity 56076K, committed 56192K, reserved 1097728K
  class space    used 6460K, capacity 7028K, committed 7040K, reserved 1048576K
}
 [Times: user=0.03 sys=0.00, real=0.01 secs] 
{Heap before GC invocations=403 (full 0):
 garbage-first heap   total 262144K, used 186799K [0x00000000f0000000, 0x00000000f0100800, 0x0000000100000000)
  region size 1024K, 153 young (156672K), 1 survivors (1024K)
 Metaspace       used 52852K, capacity 56076K, committed 56192K, reserved 1097728K
  class space    used 6460K, capacity 7028K, committed 7040K, reserved 1048576K
2023-10-03T06:52:38.829+0800: 466.692: [GC pause (G1 Evacuation Pause) (young), 0.0078968 secs]
   [Parallel Time: 3.4 ms, GC Workers: 10]
      [GC Worker Start (ms): Min: 466692.4, Avg: 466692.6, Max: 466692.9, Diff: 0.6]
      [Ext Root Scanning (ms): Min: 0.9, Avg: 1.2, Max: 1.7, Diff: 0.9, Sum: 12.1]
      [Update RS (ms): Min: 0.4, Avg: 0.5, Max: 0.5, Diff: 0.2, Sum: 4.9]
         [Processed Buffers: Min: 4, Avg: 5.7, Max: 10, Diff: 6, Sum: 57]
      [Scan RS (ms): Min: 0.0, Avg: 0.1, Max: 0.1, Diff: 0.1, Sum: 0.6]
      [Code Root Scanning (ms): Min: 0.0, Avg: 0.0, Max: 0.0, Diff: 0.0, Sum: 0.0]
      [Object Copy (ms): Min: 0.4, Avg: 0.5, Max: 0.6, Diff: 0.2, Sum: 5.3]
      [Termination (ms): Min: 0.0, Avg: 0.0, Max: 0.0, Diff: 0.0, Sum: 0.0]
         [Termination Attempts: Min: 1, Avg: 1.2, Max: 2, Diff: 1, Sum: 12]
      [GC Worker Other (ms): Min: 0.0, Avg: 0.0, Max: 0.1, Diff: 0.1, Sum: 0.4]
      [GC Worker Total (ms): Min: 2.1, Avg: 2.3, Max: 2.6, Diff: 0.5, Sum: 23.4]
      [GC Worker End (ms): Min: 466695.0, Avg: 466695.0, Max: 466695.0, Diff: 0.1]
   [Code Root Fixup: 0.0 ms]
   [Code Root Purge: 0.0 ms]
   [Clear CT: 1.6 ms]
   [Other: 2.9 ms]
      [Choose CSet: 0.0 ms]
      [Ref Proc: 1.3 ms]
      [Ref Enq: 0.0 ms]
      [Redirty Cards: 1.2 ms]
      [Humongous Register: 0.0 ms]
      [Humongous Reclaim: 0.0 ms]
      [Free CSet: 0.1 ms]
   [Eden: 152.0M(152.0M)->0.0B(152.0M) Survivors: 1024.0K->1024.0K Heap: 182.4M(256.0M)->31132.2K(256.0M)]
Heap after GC invocations=404 (full 0):
 garbage-first heap   total 262144K, used 31132K [0x00000000f0000000, 0x00000000f0100800, 0x0000000100000000)
  region size 1024K, 1 young (1024K), 1 survivors (1024K)
 Metaspace       used 52852K, capacity 56076K, committed 56192K, reserved 1097728K
  class space    used 6460K, capacity 7028K, committed 7040K, reserved 1048576K
}
 [Times: user=0.03 sys=0.00, real=0.01 secs] 
{Heap before GC invocations=404 (full 0):
 garbage-first heap   total 262144K, used 186780K [0x00000000f0000000, 0x00000000f0100800, 0x0000000100000000)
  region size 1024K, 153 young (156672K), 1 survivors (1024K)
 Metaspace       used 52852K, capacity 56076K, committed 56192K, reserved 1097728K
  class space    used 6460K, capacity 7028K, committed 7040K, reserved 1048576K
2023-10-03T06:52:39.622+0800: 467.485: [GC pause (G1 Evacuation Pause) (young), 0.0078491 secs]
   [Parallel Time: 3.4 ms, GC Workers: 10]
      [GC Worker Start (ms): Min: 467484.9, Avg: 467485.2, Max: 467485.4, Diff: 0.4]
      [Ext Root Scanning (ms): Min: 1.0, Avg: 1.2, Max: 1.5, Diff: 0.5, Sum: 12.4]
      [Update RS (ms): Min: 0.3, Avg: 0.5, Max: 0.6, Diff: 0.3, Sum: 4.8]
         [Processed Buffers: Min: 3, Avg: 5.6, Max: 9, Diff: 6, Sum: 56]
      [Scan RS (ms): Min: 0.0, Avg: 0.1, Max: 0.1, Diff: 0.1, Sum: 0.6]
      [Code Root Scanning (ms): Min: 0.0, Avg: 0.0, Max: 0.0, Diff: 0.0, Sum: 0.0]
      [Object Copy (ms): Min: 0.4, Avg: 0.6, Max: 0.8, Diff: 0.4, Sum: 5.7]
      [Termination (ms): Min: 0.0, Avg: 0.0, Max: 0.0, Diff: 0.0, Sum: 0.0]
         [Termination Attempts: Min: 1, Avg: 1.4, Max: 2, Diff: 1, Sum: 14]
      [GC Worker Other (ms): Min: 0.0, Avg: 0.0, Max: 0.1, Diff: 0.1, Sum: 0.5]
      [GC Worker Total (ms): Min: 2.2, Avg: 2.4, Max: 2.6, Diff: 0.4, Sum: 24.1]
      [GC Worker End (ms): Min: 467487.5, Avg: 467487.6, Max: 467487.6, Diff: 0.1]
   [Code Root Fixup: 0.0 ms]
   [Code Root Purge: 0.0 ms]
   [Clear CT: 1.4 ms]
   [Other: 3.0 ms]
      [Choose CSet: 0.0 ms]
      [Ref Proc: 1.3 ms]
      [Ref Enq: 0.0 ms]
      [Redirty Cards: 1.4 ms]
      [Humongous Register: 0.0 ms]
      [Humongous Reclaim: 0.0 ms]
      [Free CSet: 0.1 ms]
   [Eden: 152.0M(152.0M)->0.0B(152.0M) Survivors: 1024.0K->1024.0K Heap: 182.4M(256.0M)->31190.9K(256.0M)]
Heap after GC invocations=405 (full 0):
 garbage-first heap   total 262144K, used 31190K [0x00000000f0000000, 0x00000000f0100800, 0x0000000100000000)
  region size 1024K, 1 young (1024K), 1 survivors (1024K)
 Metaspace       used 52852K, capacity 56076K, committed 56192K, reserved 1097728K
  class space    used 6460K, capacity 7028K, committed 7040K, reserved 1048576K
}
 [Times: user=0.03 sys=0.00, real=0.00 secs] 
{Heap before GC invocations=405 (full 0):
 garbage-first heap   total 262144K, used 186838K [0x00000000f0000000, 0x00000000f0100800, 0x0000000100000000)
  region size 1024K, 153 young (156672K), 1 survivors (1024K)
 Metaspace       used 52852K, capacity 56076K, committed 56192K, reserved 1097728K
  class space    used 6460K, capacity 7028K, committed 7040K, reserved 1048576K
2023-10-03T06:52:40.439+0800: 468.302: [GC pause (G1 Evacuation Pause) (young), 0.0073947 secs]
   [Parallel Time: 3.1 ms, GC Workers: 10]
      [GC Worker Start (ms): Min: 468302.3, Avg: 468302.5, Max: 468302.7, Diff: 0.4]
      [Ext Root Scanning (ms): Min: 1.0, Avg: 1.2, Max: 1.6, Diff: 0.5, Sum: 12.2]
      [Update RS (ms): Min: 0.4, Avg: 0.5, Max: 0.6, Diff: 0.2, Sum: 4.8]
         [Processed Buffers: Min: 3, Avg: 5.6, Max: 11, Diff: 8, Sum: 56]
      [Scan RS (ms): Min: 0.0, Avg: 0.1, Max: 0.1, Diff: 0.1, Sum: 0.6]
      [Code Root Scanning (ms): Min: 0.0, Avg: 0.0, Max: 0.0, Diff: 0.0, Sum: 0.0]
      [Object Copy (ms): Min: 0.3, Avg: 0.4, Max: 0.6, Diff: 0.2, Sum: 4.5]
      [Termination (ms): Min: 0.0, Avg: 0.0, Max: 0.0, Diff: 0.0, Sum: 0.0]
         [Termination Attempts: Min: 1, Avg: 1.0, Max: 1, Diff: 0, Sum: 10]
      [GC Worker Other (ms): Min: 0.0, Avg: 0.0, Max: 0.1, Diff: 0.1, Sum: 0.4]
      [GC Worker Total (ms): Min: 2.0, Avg: 2.2, Max: 2.5, Diff: 0.4, Sum: 22.5]
      [GC Worker End (ms): Min: 468304.7, Avg: 468304.7, Max: 468304.8, Diff: 0.1]
   [Code Root Fixup: 0.0 ms]
   [Code Root Purge: 0.0 ms]
   [Clear CT: 1.4 ms]
   [Other: 2.9 ms]
      [Choose CSet: 0.0 ms]
      [Ref Proc: 1.1 ms]
      [Ref Enq: 0.0 ms]
      [Redirty Cards: 1.5 ms]
      [Humongous Register: 0.0 ms]
      [Humongous Reclaim: 0.0 ms]
      [Free CSet: 0.1 ms]
   [Eden: 152.0M(152.0M)->0.0B(152.0M) Survivors: 1024.0K->1024.0K Heap: 182.5M(256.0M)->31063.6K(256.0M)]
Heap after GC invocations=406 (full 0):
 garbage-first heap   total 262144K, used 31063K [0x00000000f0000000, 0x00000000f0100800, 0x0000000100000000)
  region size 1024K, 1 young (1024K), 1 survivors (1024K)
 Metaspace       used 52852K, capacity 56076K, committed 56192K, reserved 1097728K
  class space    used 6460K, capacity 7028K, committed 7040K, reserved 1048576K
}
 [Times: user=0.03 sys=0.00, real=0.01 secs] 
{Heap before GC invocations=406 (full 0):
 garbage-first heap   total 262144K, used 186711K [0x00000000f0000000, 0x00000000f0100800, 0x0000000100000000)
  region size 1024K, 153 young (156672K), 1 survivors (1024K)
 Metaspace       used 52852K, capacity 56076K, committed 56192K, reserved 1097728K
  class space    used 6460K, capacity 7028K, committed 7040K, reserved 1048576K
2023-10-03T06:52:41.240+0800: 469.103: [GC pause (G1 Evacuation Pause) (young), 0.0075771 secs]
   [Parallel Time: 2.8 ms, GC Workers: 10]
      [GC Worker Start (ms): Min: 469103.4, Avg: 469103.6, Max: 469103.8, Diff: 0.5]
      [Ext Root Scanning (ms): Min: 0.9, Avg: 1.2, Max: 1.6, Diff: 0.6, Sum: 12.3]
      [Update RS (ms): Min: 0.5, Avg: 0.5, Max: 0.6, Diff: 0.1, Sum: 5.0]
         [Processed Buffers: Min: 3, Avg: 5.6, Max: 12, Diff: 9, Sum: 56]
      [Scan RS (ms): Min: 0.0, Avg: 0.1, Max: 0.1, Diff: 0.1, Sum: 0.7]
      [Code Root Scanning (ms): Min: 0.0, Avg: 0.0, Max: 0.0, Diff: 0.0, Sum: 0.0]
      [Object Copy (ms): Min: 0.4, Avg: 0.5, Max: 0.6, Diff: 0.2, Sum: 4.9]
      [Termination (ms): Min: 0.0, Avg: 0.0, Max: 0.0, Diff: 0.0, Sum: 0.0]
         [Termination Attempts: Min: 1, Avg: 1.0, Max: 1, Diff: 0, Sum: 10]
      [GC Worker Other (ms): Min: 0.0, Avg: 0.0, Max: 0.1, Diff: 0.1, Sum: 0.3]
      [GC Worker Total (ms): Min: 2.1, Avg: 2.3, Max: 2.6, Diff: 0.5, Sum: 23.3]
      [GC Worker End (ms): Min: 469105.9, Avg: 469105.9, Max: 469106.0, Diff: 0.1]
   [Code Root Fixup: 0.0 ms]
   [Code Root Purge: 0.0 ms]
   [Clear CT: 1.5 ms]
   [Other: 3.3 ms]
      [Choose CSet: 0.0 ms]
      [Ref Proc: 1.6 ms]
      [Ref Enq: 0.0 ms]
      [Redirty Cards: 1.5 ms]
      [Humongous Register: 0.0 ms]
      [Humongous Reclaim: 0.0 ms]
      [Free CSet: 0.1 ms]
   [Eden: 152.0M(152.0M)->0.0B(152.0M) Survivors: 1024.0K->1024.0K Heap: 182.3M(256.0M)->31208.5K(256.0M)]
Heap after GC invocations=407 (full 0):
 garbage-first heap   total 262144K, used 31208K [0x00000000f0000000, 0x00000000f0100800, 0x0000000100000000)
  region size 1024K, 1 young (1024K), 1 survivors (1024K)
 Metaspace       used 52852K, capacity 56076K, committed 56192K, reserved 1097728K
  class space    used 6460K, capacity 7028K, committed 7040K, reserved 1048576K
}
 [Times: user=0.02 sys=0.00, real=0.00 secs] 
{Heap before GC invocations=407 (full 0):
 garbage-first heap   total 262144K, used 186856K [0x00000000f0000000, 0x00000000f0100800, 0x0000000100000000)
  region size 1024K, 153 young (156672K), 1 survivors (1024K)
 Metaspace       used 52852K, capacity 56076K, committed 56192K, reserved 1097728K
  class space    used 6460K, capacity 7028K, committed 7040K, reserved 1048576K
2023-10-03T06:52:42.051+0800: 469.914: [GC pause (G1 Evacuation Pause) (young), 0.0075743 secs]
   [Parallel Time: 3.4 ms, GC Workers: 10]
      [GC Worker Start (ms): Min: 469914.2, Avg: 469914.5, Max: 469914.7, Diff: 0.5]
      [Ext Root Scanning (ms): Min: 1.0, Avg: 1.3, Max: 1.6, Diff: 0.6, Sum: 12.5]
      [Update RS (ms): Min: 0.4, Avg: 0.5, Max: 0.7, Diff: 0.2, Sum: 5.3]
         [Processed Buffers: Min: 3, Avg: 5.4, Max: 10, Diff: 7, Sum: 54]
      [Scan RS (ms): Min: 0.0, Avg: 0.1, Max: 0.1, Diff: 0.1, Sum: 0.6]
      [Code Root Scanning (ms): Min: 0.0, Avg: 0.0, Max: 0.0, Diff: 0.0, Sum: 0.0]
      [Object Copy (ms): Min: 0.4, Avg: 0.6, Max: 0.7, Diff: 0.3, Sum: 5.7]
      [Termination (ms): Min: 0.0, Avg: 0.0, Max: 0.0, Diff: 0.0, Sum: 0.0]
         [Termination Attempts: Min: 1, Avg: 1.0, Max: 1, Diff: 0, Sum: 10]
      [GC Worker Other (ms): Min: 0.0, Avg: 0.0, Max: 0.1, Diff: 0.1, Sum: 0.4]
      [GC Worker Total (ms): Min: 2.2, Avg: 2.5, Max: 2.7, Diff: 0.5, Sum: 24.5]
      [GC Worker End (ms): Min: 469916.9, Avg: 469916.9, Max: 469917.0, Diff: 0.1]
   [Code Root Fixup: 0.0 ms]
   [Code Root Purge: 0.0 ms]
   [Clear CT: 1.4 ms]
   [Other: 2.7 ms]
      [Choose CSet: 0.0 ms]
      [Ref Proc: 1.1 ms]
      [Ref Enq: 0.0 ms]
      [Redirty Cards: 1.4 ms]
      [Humongous Register: 0.0 ms]
      [Humongous Reclaim: 0.0 ms]
      [Free CSet: 0.1 ms]
   [Eden: 152.0M(152.0M)->0.0B(152.0M) Survivors: 1024.0K->1024.0K Heap: 182.5M(256.0M)->31256.1K(256.0M)]
Heap after GC invocations=408 (full 0):
 garbage-first heap   total 262144K, used 31256K [0x00000000f0000000, 0x00000000f0100800, 0x0000000100000000)
  region size 1024K, 1 young (1024K), 1 survivors (1024K)
 Metaspace       used 52852K, capacity 56076K, committed 56192K, reserved 1097728K
  class space    used 6460K, capacity 7028K, committed 7040K, reserved 1048576K
}
 [Times: user=0.03 sys=0.00, real=0.00 secs] 
{Heap before GC invocations=408 (full 0):
 garbage-first heap   total 262144K, used 186904K [0x00000000f0000000, 0x00000000f0100800, 0x0000000100000000)
  region size 1024K, 153 young (156672K), 1 survivors (1024K)
 Metaspace       used 52854K, capacity 56076K, committed 56192K, reserved 1097728K
  class space    used 6460K, capacity 7028K, committed 7040K, reserved 1048576K
2023-10-03T06:52:42.857+0800: 470.720: [GC pause (G1 Evacuation Pause) (young), 0.0081153 secs]
   [Parallel Time: 3.6 ms, GC Workers: 10]
      [GC Worker Start (ms): Min: 470720.4, Avg: 470720.7, Max: 470720.9, Diff: 0.4]
      [Ext Root Scanning (ms): Min: 1.0, Avg: 1.2, Max: 1.5, Diff: 0.5, Sum: 12.5]
      [Update RS (ms): Min: 0.4, Avg: 0.5, Max: 0.6, Diff: 0.2, Sum: 5.0]
         [Processed Buffers: Min: 4, Avg: 5.5, Max: 8, Diff: 4, Sum: 55]
      [Scan RS (ms): Min: 0.0, Avg: 0.1, Max: 0.1, Diff: 0.1, Sum: 0.6]
      [Code Root Scanning (ms): Min: 0.0, Avg: 0.0, Max: 0.0, Diff: 0.0, Sum: 0.0]
      [Object Copy (ms): Min: 0.4, Avg: 0.6, Max: 0.7, Diff: 0.3, Sum: 5.7]
      [Termination (ms): Min: 0.0, Avg: 0.0, Max: 0.0, Diff: 0.0, Sum: 0.0]
         [Termination Attempts: Min: 1, Avg: 1.1, Max: 2, Diff: 1, Sum: 11]
      [GC Worker Other (ms): Min: 0.0, Avg: 0.0, Max: 0.1, Diff: 0.1, Sum: 0.4]
      [GC Worker Total (ms): Min: 2.2, Avg: 2.4, Max: 2.7, Diff: 0.5, Sum: 24.3]
      [GC Worker End (ms): Min: 470723.1, Avg: 470723.1, Max: 470723.1, Diff: 0.1]
   [Code Root Fixup: 0.0 ms]
   [Code Root Purge: 0.0 ms]
   [Clear CT: 1.5 ms]
   [Other: 3.0 ms]
      [Choose CSet: 0.0 ms]
      [Ref Proc: 1.2 ms]
      [Ref Enq: 0.0 ms]
      [Redirty Cards: 1.5 ms]
      [Humongous Register: 0.0 ms]
      [Humongous Reclaim: 0.0 ms]
      [Free CSet: 0.1 ms]
   [Eden: 152.0M(152.0M)->0.0B(152.0M) Survivors: 1024.0K->1024.0K Heap: 182.5M(256.0M)->31244.0K(256.0M)]
Heap after GC invocations=409 (full 0):
 garbage-first heap   total 262144K, used 31244K [0x00000000f0000000, 0x00000000f0100800, 0x0000000100000000)
  region size 1024K, 1 young (1024K), 1 survivors (1024K)
 Metaspace       used 52854K, capacity 56076K, committed 56192K, reserved 1097728K
  class space    used 6460K, capacity 7028K, committed 7040K, reserved 1048576K
}
 [Times: user=0.03 sys=0.00, real=0.01 secs] 
{Heap before GC invocations=409 (full 0):
 garbage-first heap   total 262144K, used 186892K [0x00000000f0000000, 0x00000000f0100800, 0x0000000100000000)
  region size 1024K, 153 young (156672K), 1 survivors (1024K)
 Metaspace       used 52854K, capacity 56076K, committed 56192K, reserved 1097728K
  class space    used 6460K, capacity 7028K, committed 7040K, reserved 1048576K
2023-10-03T06:52:43.678+0800: 471.541: [GC pause (G1 Evacuation Pause) (young), 0.0081100 secs]
   [Parallel Time: 3.3 ms, GC Workers: 10]
      [GC Worker Start (ms): Min: 471541.5, Avg: 471541.8, Max: 471542.0, Diff: 0.5]
      [Ext Root Scanning (ms): Min: 1.0, Avg: 1.3, Max: 1.6, Diff: 0.6, Sum: 12.6]
      [Update RS (ms): Min: 0.4, Avg: 0.5, Max: 0.5, Diff: 0.1, Sum: 4.8]
         [Processed Buffers: Min: 3, Avg: 5.5, Max: 8, Diff: 5, Sum: 55]
      [Scan RS (ms): Min: 0.0, Avg: 0.1, Max: 0.1, Diff: 0.1, Sum: 0.6]
      [Code Root Scanning (ms): Min: 0.0, Avg: 0.0, Max: 0.0, Diff: 0.0, Sum: 0.0]
      [Object Copy (ms): Min: 0.4, Avg: 0.5, Max: 0.6, Diff: 0.2, Sum: 5.3]
      [Termination (ms): Min: 0.0, Avg: 0.0, Max: 0.0, Diff: 0.0, Sum: 0.0]
         [Termination Attempts: Min: 1, Avg: 1.0, Max: 1, Diff: 0, Sum: 10]
      [GC Worker Other (ms): Min: 0.0, Avg: 0.0, Max: 0.1, Diff: 0.1, Sum: 0.4]
      [GC Worker Total (ms): Min: 2.2, Avg: 2.4, Max: 2.6, Diff: 0.5, Sum: 23.8]
      [GC Worker End (ms): Min: 471544.1, Avg: 471544.2, Max: 471544.2, Diff: 0.1]
   [Code Root Fixup: 0.0 ms]
   [Code Root Purge: 0.0 ms]
   [Clear CT: 1.4 ms]
   [Other: 3.4 ms]
      [Choose CSet: 0.0 ms]
      [Ref Proc: 1.6 ms]
      [Ref Enq: 0.0 ms]
      [Redirty Cards: 1.5 ms]
      [Humongous Register: 0.0 ms]
      [Humongous Reclaim: 0.0 ms]
      [Free CSet: 0.1 ms]
   [Eden: 152.0M(152.0M)->0.0B(152.0M) Survivors: 1024.0K->1024.0K Heap: 182.5M(256.0M)->31246.1K(256.0M)]
Heap after GC invocations=410 (full 0):
 garbage-first heap   total 262144K, used 31246K [0x00000000f0000000, 0x00000000f0100800, 0x0000000100000000)
  region size 1024K, 1 young (1024K), 1 survivors (1024K)
 Metaspace       used 52854K, capacity 56076K, committed 56192K, reserved 1097728K
  class space    used 6460K, capacity 7028K, committed 7040K, reserved 1048576K
}
 [Times: user=0.03 sys=0.00, real=0.01 secs] 
{Heap before GC invocations=410 (full 0):
 garbage-first heap   total 262144K, used 186894K [0x00000000f0000000, 0x00000000f0100800, 0x0000000100000000)
  region size 1024K, 153 young (156672K), 1 survivors (1024K)
 Metaspace       used 52854K, capacity 56076K, committed 56192K, reserved 1097728K
  class space    used 6460K, capacity 7028K, committed 7040K, reserved 1048576K
2023-10-03T06:52:44.485+0800: 472.349: [GC pause (G1 Evacuation Pause) (young), 0.0073556 secs]
   [Parallel Time: 3.3 ms, GC Workers: 10]
      [GC Worker Start (ms): Min: 472348.7, Avg: 472349.0, Max: 472349.1, Diff: 0.4]
      [Ext Root Scanning (ms): Min: 1.0, Avg: 1.2, Max: 1.5, Diff: 0.5, Sum: 12.5]
      [Update RS (ms): Min: 0.4, Avg: 0.5, Max: 0.6, Diff: 0.1, Sum: 4.9]
         [Processed Buffers: Min: 1, Avg: 5.7, Max: 9, Diff: 8, Sum: 57]
      [Scan RS (ms): Min: 0.0, Avg: 0.1, Max: 0.1, Diff: 0.1, Sum: 0.7]
      [Code Root Scanning (ms): Min: 0.0, Avg: 0.0, Max: 0.0, Diff: 0.0, Sum: 0.0]
      [Object Copy (ms): Min: 0.3, Avg: 0.5, Max: 0.5, Diff: 0.2, Sum: 4.7]
      [Termination (ms): Min: 0.0, Avg: 0.0, Max: 0.0, Diff: 0.0, Sum: 0.0]
         [Termination Attempts: Min: 1, Avg: 1.0, Max: 1, Diff: 0, Sum: 10]
      [GC Worker Other (ms): Min: 0.0, Avg: 0.0, Max: 0.1, Diff: 0.1, Sum: 0.4]
      [GC Worker Total (ms): Min: 2.1, Avg: 2.3, Max: 2.5, Diff: 0.4, Sum: 23.1]
      [GC Worker End (ms): Min: 472351.2, Avg: 472351.3, Max: 472351.3, Diff: 0.1]
   [Code Root Fixup: 0.0 ms]
   [Code Root Purge: 0.0 ms]
   [Clear CT: 1.6 ms]
   [Other: 2.5 ms]
      [Choose CSet: 0.0 ms]
      [Ref Proc: 0.8 ms]
      [Ref Enq: 0.0 ms]
      [Redirty Cards: 1.4 ms]
      [Humongous Register: 0.0 ms]
      [Humongous Reclaim: 0.0 ms]
      [Free CSet: 0.1 ms]
   [Eden: 152.0M(152.0M)->0.0B(152.0M) Survivors: 1024.0K->1024.0K Heap: 182.5M(256.0M)->31128.2K(256.0M)]
Heap after GC invocations=411 (full 0):
 garbage-first heap   total 262144K, used 31128K [0x00000000f0000000, 0x00000000f0100800, 0x0000000100000000)
  region size 1024K, 1 young (1024K), 1 survivors (1024K)
 Metaspace       used 52854K, capacity 56076K, committed 56192K, reserved 1097728K
  class space    used 6460K, capacity 7028K, committed 7040K, reserved 1048576K
}
 [Times: user=0.03 sys=0.00, real=0.01 secs] 
{Heap before GC invocations=411 (full 0):
 garbage-first heap   total 262144K, used 186776K [0x00000000f0000000, 0x00000000f0100800, 0x0000000100000000)
  region size 1024K, 153 young (156672K), 1 survivors (1024K)
 Metaspace       used 52854K, capacity 56076K, committed 56192K, reserved 1097728K
  class space    used 6460K, capacity 7028K, committed 7040K, reserved 1048576K
2023-10-03T06:52:45.288+0800: 473.151: [GC pause (G1 Evacuation Pause) (young), 0.0080125 secs]
   [Parallel Time: 3.4 ms, GC Workers: 10]
      [GC Worker Start (ms): Min: 473151.4, Avg: 473151.7, Max: 473151.9, Diff: 0.5]
      [Ext Root Scanning (ms): Min: 0.9, Avg: 1.2, Max: 1.8, Diff: 0.9, Sum: 12.1]
      [Update RS (ms): Min: 0.3, Avg: 0.5, Max: 0.6, Diff: 0.4, Sum: 4.9]
         [Processed Buffers: Min: 3, Avg: 5.6, Max: 9, Diff: 6, Sum: 56]
      [Scan RS (ms): Min: 0.0, Avg: 0.1, Max: 0.1, Diff: 0.1, Sum: 0.5]
      [Code Root Scanning (ms): Min: 0.0, Avg: 0.0, Max: 0.0, Diff: 0.0, Sum: 0.0]
      [Object Copy (ms): Min: 0.4, Avg: 0.5, Max: 0.6, Diff: 0.2, Sum: 5.1]
      [Termination (ms): Min: 0.0, Avg: 0.0, Max: 0.0, Diff: 0.0, Sum: 0.0]
         [Termination Attempts: Min: 1, Avg: 1.0, Max: 1, Diff: 0, Sum: 10]
      [GC Worker Other (ms): Min: 0.0, Avg: 0.0, Max: 0.1, Diff: 0.1, Sum: 0.5]
      [GC Worker Total (ms): Min: 2.1, Avg: 2.3, Max: 2.6, Diff: 0.5, Sum: 23.1]
      [GC Worker End (ms): Min: 473154.0, Avg: 473154.0, Max: 473154.1, Diff: 0.1]
   [Code Root Fixup: 0.0 ms]
   [Code Root Purge: 0.0 ms]
   [Clear CT: 1.4 ms]
   [Other: 3.3 ms]
      [Choose CSet: 0.0 ms]
      [Ref Proc: 1.5 ms]
      [Ref Enq: 0.0 ms]
      [Redirty Cards: 1.5 ms]
      [Humongous Register: 0.0 ms]
      [Humongous Reclaim: 0.0 ms]
      [Free CSet: 0.1 ms]
   [Eden: 152.0M(152.0M)->0.0B(152.0M) Survivors: 1024.0K->1024.0K Heap: 182.4M(256.0M)->31176.8K(256.0M)]
Heap after GC invocations=412 (full 0):
 garbage-first heap   total 262144K, used 31176K [0x00000000f0000000, 0x00000000f0100800, 0x0000000100000000)
  region size 1024K, 1 young (1024K), 1 survivors (1024K)
 Metaspace       used 52854K, capacity 56076K, committed 56192K, reserved 1097728K
  class space    used 6460K, capacity 7028K, committed 7040K, reserved 1048576K
}
 [Times: user=0.03 sys=0.00, real=0.01 secs] 
{Heap before GC invocations=412 (full 0):
 garbage-first heap   total 262144K, used 186824K [0x00000000f0000000, 0x00000000f0100800, 0x0000000100000000)
  region size 1024K, 153 young (156672K), 1 survivors (1024K)
 Metaspace       used 52854K, capacity 56076K, committed 56192K, reserved 1097728K
  class space    used 6460K, capacity 7028K, committed 7040K, reserved 1048576K
2023-10-03T06:52:46.094+0800: 473.957: [GC pause (G1 Evacuation Pause) (young), 0.0074166 secs]
   [Parallel Time: 3.3 ms, GC Workers: 10]
      [GC Worker Start (ms): Min: 473957.6, Avg: 473957.8, Max: 473958.0, Diff: 0.5]
      [Ext Root Scanning (ms): Min: 0.9, Avg: 1.2, Max: 1.5, Diff: 0.6, Sum: 12.0]
      [Update RS (ms): Min: 0.5, Avg: 0.5, Max: 0.6, Diff: 0.1, Sum: 5.2]
         [Processed Buffers: Min: 2, Avg: 5.4, Max: 10, Diff: 8, Sum: 54]
      [Scan RS (ms): Min: 0.0, Avg: 0.1, Max: 0.1, Diff: 0.1, Sum: 0.6]
      [Code Root Scanning (ms): Min: 0.0, Avg: 0.0, Max: 0.0, Diff: 0.0, Sum: 0.0]
      [Object Copy (ms): Min: 0.4, Avg: 0.6, Max: 0.6, Diff: 0.2, Sum: 5.6]
      [Termination (ms): Min: 0.0, Avg: 0.0, Max: 0.0, Diff: 0.0, Sum: 0.0]
         [Termination Attempts: Min: 1, Avg: 1.1, Max: 2, Diff: 1, Sum: 11]
      [GC Worker Other (ms): Min: 0.0, Avg: 0.0, Max: 0.1, Diff: 0.1, Sum: 0.4]
      [GC Worker Total (ms): Min: 2.2, Avg: 2.4, Max: 2.6, Diff: 0.5, Sum: 23.9]
      [GC Worker End (ms): Min: 473960.2, Avg: 473960.2, Max: 473960.3, Diff: 0.1]
   [Code Root Fixup: 0.0 ms]
   [Code Root Purge: 0.0 ms]
   [Clear CT: 1.0 ms]
   [Other: 3.1 ms]
      [Choose CSet: 0.0 ms]
      [Ref Proc: 1.3 ms]
      [Ref Enq: 0.0 ms]
      [Redirty Cards: 1.5 ms]
      [Humongous Register: 0.0 ms]
      [Humongous Reclaim: 0.0 ms]
      [Free CSet: 0.1 ms]
   [Eden: 152.0M(152.0M)->0.0B(152.0M) Survivors: 1024.0K->1024.0K Heap: 182.4M(256.0M)->31293.5K(256.0M)]
Heap after GC invocations=413 (full 0):
 garbage-first heap   total 262144K, used 31293K [0x00000000f0000000, 0x00000000f0100800, 0x0000000100000000)
  region size 1024K, 1 young (1024K), 1 survivors (1024K)
 Metaspace       used 52854K, capacity 56076K, committed 56192K, reserved 1097728K
  class space    used 6460K, capacity 7028K, committed 7040K, reserved 1048576K
}
 [Times: user=0.03 sys=0.00, real=0.01 secs] 
{Heap before GC invocations=413 (full 0):
 garbage-first heap   total 262144K, used 186941K [0x00000000f0000000, 0x00000000f0100800, 0x0000000100000000)
  region size 1024K, 153 young (156672K), 1 survivors (1024K)
 Metaspace       used 52854K, capacity 56076K, committed 56192K, reserved 1097728K
  class space    used 6460K, capacity 7028K, committed 7040K, reserved 1048576K
2023-10-03T06:52:46.903+0800: 474.766: [GC pause (G1 Evacuation Pause) (young), 0.0080894 secs]
   [Parallel Time: 3.3 ms, GC Workers: 10]
      [GC Worker Start (ms): Min: 474766.4, Avg: 474766.7, Max: 474767.0, Diff: 0.5]
      [Ext Root Scanning (ms): Min: 1.0, Avg: 1.2, Max: 1.5, Diff: 0.6, Sum: 12.2]
      [Update RS (ms): Min: 0.5, Avg: 0.5, Max: 0.6, Diff: 0.1, Sum: 5.0]
         [Processed Buffers: Min: 3, Avg: 5.6, Max: 14, Diff: 11, Sum: 56]
      [Scan RS (ms): Min: 0.0, Avg: 0.1, Max: 0.1, Diff: 0.1, Sum: 0.6]
      [Code Root Scanning (ms): Min: 0.0, Avg: 0.0, Max: 0.0, Diff: 0.0, Sum: 0.0]
      [Object Copy (ms): Min: 0.4, Avg: 0.6, Max: 0.7, Diff: 0.2, Sum: 5.9]
      [Termination (ms): Min: 0.0, Avg: 0.0, Max: 0.0, Diff: 0.0, Sum: 0.0]
         [Termination Attempts: Min: 1, Avg: 1.0, Max: 1, Diff: 0, Sum: 10]
      [GC Worker Other (ms): Min: 0.0, Avg: 0.0, Max: 0.1, Diff: 0.1, Sum: 0.4]
      [GC Worker Total (ms): Min: 2.2, Avg: 2.4, Max: 2.7, Diff: 0.6, Sum: 24.1]
      [GC Worker End (ms): Min: 474769.1, Avg: 474769.1, Max: 474769.2, Diff: 0.1]
   [Code Root Fixup: 0.0 ms]
   [Code Root Purge: 0.0 ms]
   [Clear CT: 1.4 ms]
   [Other: 3.4 ms]
      [Choose CSet: 0.0 ms]
      [Ref Proc: 1.7 ms]
      [Ref Enq: 0.0 ms]
      [Redirty Cards: 1.4 ms]
      [Humongous Register: 0.0 ms]
      [Humongous Reclaim: 0.0 ms]
      [Free CSet: 0.1 ms]
   [Eden: 152.0M(152.0M)->0.0B(152.0M) Survivors: 1024.0K->1024.0K Heap: 182.6M(256.0M)->31323.2K(256.0M)]
Heap after GC invocations=414 (full 0):
 garbage-first heap   total 262144K, used 31323K [0x00000000f0000000, 0x00000000f0100800, 0x0000000100000000)
  region size 1024K, 1 young (1024K), 1 survivors (1024K)
 Metaspace       used 52854K, capacity 56076K, committed 56192K, reserved 1097728K
  class space    used 6460K, capacity 7028K, committed 7040K, reserved 1048576K
}
 [Times: user=0.02 sys=0.00, real=0.01 secs] 
{Heap before GC invocations=414 (full 0):
 garbage-first heap   total 262144K, used 186971K [0x00000000f0000000, 0x00000000f0100800, 0x0000000100000000)
  region size 1024K, 153 young (156672K), 1 survivors (1024K)
 Metaspace       used 52854K, capacity 56076K, committed 56192K, reserved 1097728K
  class space    used 6460K, capacity 7028K, committed 7040K, reserved 1048576K
2023-10-03T06:52:47.720+0800: 475.583: [GC pause (G1 Evacuation Pause) (young), 0.0075738 secs]
   [Parallel Time: 3.1 ms, GC Workers: 10]
      [GC Worker Start (ms): Min: 475583.2, Avg: 475583.5, Max: 475583.7, Diff: 0.5]
      [Ext Root Scanning (ms): Min: 0.9, Avg: 1.1, Max: 1.5, Diff: 0.5, Sum: 11.5]
      [Update RS (ms): Min: 0.4, Avg: 0.5, Max: 0.6, Diff: 0.1, Sum: 4.9]
         [Processed Buffers: Min: 1, Avg: 5.6, Max: 9, Diff: 8, Sum: 56]
      [Scan RS (ms): Min: 0.0, Avg: 0.1, Max: 0.1, Diff: 0.1, Sum: 0.8]
      [Code Root Scanning (ms): Min: 0.0, Avg: 0.0, Max: 0.0, Diff: 0.0, Sum: 0.0]
      [Object Copy (ms): Min: 0.4, Avg: 0.5, Max: 0.6, Diff: 0.3, Sum: 4.8]
      [Termination (ms): Min: 0.0, Avg: 0.0, Max: 0.0, Diff: 0.0, Sum: 0.0]
         [Termination Attempts: Min: 1, Avg: 1.0, Max: 1, Diff: 0, Sum: 10]
      [GC Worker Other (ms): Min: 0.0, Avg: 0.1, Max: 0.2, Diff: 0.1, Sum: 0.5]
      [GC Worker Total (ms): Min: 2.0, Avg: 2.3, Max: 2.5, Diff: 0.5, Sum: 22.6]
      [GC Worker End (ms): Min: 475585.7, Avg: 475585.7, Max: 475585.8, Diff: 0.1]
   [Code Root Fixup: 0.0 ms]
   [Code Root Purge: 0.0 ms]
   [Clear CT: 1.2 ms]
   [Other: 3.2 ms]
      [Choose CSet: 0.0 ms]
      [Ref Proc: 1.6 ms]
      [Ref Enq: 0.0 ms]
      [Redirty Cards: 1.3 ms]
      [Humongous Register: 0.0 ms]
      [Humongous Reclaim: 0.0 ms]
      [Free CSet: 0.1 ms]
   [Eden: 152.0M(152.0M)->0.0B(152.0M) Survivors: 1024.0K->1024.0K Heap: 182.6M(256.0M)->31170.5K(256.0M)]
Heap after GC invocations=415 (full 0):
 garbage-first heap   total 262144K, used 31170K [0x00000000f0000000, 0x00000000f0100800, 0x0000000100000000)
  region size 1024K, 1 young (1024K), 1 survivors (1024K)
 Metaspace       used 52854K, capacity 56076K, committed 56192K, reserved 1097728K
  class space    used 6460K, capacity 7028K, committed 7040K, reserved 1048576K
}
 [Times: user=0.02 sys=0.00, real=0.00 secs] 
{Heap before GC invocations=415 (full 0):
 garbage-first heap   total 262144K, used 186818K [0x00000000f0000000, 0x00000000f0100800, 0x0000000100000000)
  region size 1024K, 153 young (156672K), 1 survivors (1024K)
 Metaspace       used 52854K, capacity 56076K, committed 56192K, reserved 1097728K
  class space    used 6460K, capacity 7028K, committed 7040K, reserved 1048576K
2023-10-03T06:52:48.528+0800: 476.391: [GC pause (G1 Evacuation Pause) (young), 0.0075451 secs]
   [Parallel Time: 3.4 ms, GC Workers: 10]
      [GC Worker Start (ms): Min: 476391.6, Avg: 476391.8, Max: 476392.0, Diff: 0.4]
      [Ext Root Scanning (ms): Min: 1.1, Avg: 1.3, Max: 1.6, Diff: 0.5, Sum: 12.9]
      [Update RS (ms): Min: 0.4, Avg: 0.5, Max: 0.7, Diff: 0.3, Sum: 4.7]
         [Processed Buffers: Min: 2, Avg: 5.5, Max: 9, Diff: 7, Sum: 55]
      [Scan RS (ms): Min: 0.0, Avg: 0.1, Max: 0.1, Diff: 0.1, Sum: 0.6]
      [Code Root Scanning (ms): Min: 0.0, Avg: 0.0, Max: 0.0, Diff: 0.0, Sum: 0.0]
      [Object Copy (ms): Min: 0.4, Avg: 0.6, Max: 0.6, Diff: 0.3, Sum: 5.6]
      [Termination (ms): Min: 0.0, Avg: 0.0, Max: 0.0, Diff: 0.0, Sum: 0.0]
         [Termination Attempts: Min: 1, Avg: 1.1, Max: 2, Diff: 1, Sum: 11]
      [GC Worker Other (ms): Min: 0.0, Avg: 0.0, Max: 0.1, Diff: 0.1, Sum: 0.5]
      [GC Worker Total (ms): Min: 2.2, Avg: 2.4, Max: 2.6, Diff: 0.4, Sum: 24.3]
      [GC Worker End (ms): Min: 476394.2, Avg: 476394.2, Max: 476394.3, Diff: 0.1]
   [Code Root Fixup: 0.0 ms]
   [Code Root Purge: 0.0 ms]
   [Clear CT: 1.2 ms]
   [Other: 2.9 ms]
      [Choose CSet: 0.0 ms]
      [Ref Proc: 1.4 ms]
      [Ref Enq: 0.0 ms]
      [Redirty Cards: 1.2 ms]
      [Humongous Register: 0.0 ms]
      [Humongous Reclaim: 0.0 ms]
      [Free CSet: 0.1 ms]
   [Eden: 152.0M(152.0M)->0.0B(152.0M) Survivors: 1024.0K->1024.0K Heap: 182.4M(256.0M)->31293.5K(256.0M)]
Heap after GC invocations=416 (full 0):
 garbage-first heap   total 262144K, used 31293K [0x00000000f0000000, 0x00000000f0100800, 0x0000000100000000)
  region size 1024K, 1 young (1024K), 1 survivors (1024K)
 Metaspace       used 52854K, capacity 56076K, committed 56192K, reserved 1097728K
  class space    used 6460K, capacity 7028K, committed 7040K, reserved 1048576K
}
 [Times: user=0.03 sys=0.00, real=0.01 secs] 
{Heap before GC invocations=416 (full 0):
 garbage-first heap   total 262144K, used 186941K [0x00000000f0000000, 0x00000000f0100800, 0x0000000100000000)
  region size 1024K, 153 young (156672K), 1 survivors (1024K)
 Metaspace       used 52854K, capacity 56076K, committed 56192K, reserved 1097728K
  class space    used 6460K, capacity 7028K, committed 7040K, reserved 1048576K
2023-10-03T06:52:49.276+0800: 477.140: [GC pause (G1 Evacuation Pause) (young), 0.0078479 secs]
   [Parallel Time: 3.2 ms, GC Workers: 10]
      [GC Worker Start (ms): Min: 477139.9, Avg: 477140.1, Max: 477140.3, Diff: 0.5]
      [Ext Root Scanning (ms): Min: 1.0, Avg: 1.2, Max: 1.6, Diff: 0.6, Sum: 12.0]
      [Update RS (ms): Min: 0.4, Avg: 0.5, Max: 0.5, Diff: 0.1, Sum: 4.8]
         [Processed Buffers: Min: 3, Avg: 5.6, Max: 12, Diff: 9, Sum: 56]
      [Scan RS (ms): Min: 0.0, Avg: 0.1, Max: 0.1, Diff: 0.1, Sum: 0.6]
      [Code Root Scanning (ms): Min: 0.0, Avg: 0.0, Max: 0.0, Diff: 0.0, Sum: 0.0]
      [Object Copy (ms): Min: 0.4, Avg: 0.6, Max: 0.7, Diff: 0.3, Sum: 5.8]
      [Termination (ms): Min: 0.0, Avg: 0.0, Max: 0.0, Diff: 0.0, Sum: 0.0]
         [Termination Attempts: Min: 1, Avg: 1.4, Max: 2, Diff: 1, Sum: 14]
      [GC Worker Other (ms): Min: 0.0, Avg: 0.1, Max: 0.1, Diff: 0.1, Sum: 0.5]
      [GC Worker Total (ms): Min: 2.2, Avg: 2.4, Max: 2.7, Diff: 0.5, Sum: 23.8]
      [GC Worker End (ms): Min: 477142.5, Avg: 477142.5, Max: 477142.6, Diff: 0.1]
   [Code Root Fixup: 0.0 ms]
   [Code Root Purge: 0.0 ms]
   [Clear CT: 1.5 ms]
   [Other: 3.2 ms]
      [Choose CSet: 0.0 ms]
      [Ref Proc: 1.6 ms]
      [Ref Enq: 0.0 ms]
      [Redirty Cards: 1.3 ms]
      [Humongous Register: 0.0 ms]
      [Humongous Reclaim: 0.0 ms]
      [Free CSet: 0.1 ms]
   [Eden: 152.0M(152.0M)->0.0B(152.0M) Survivors: 1024.0K->1024.0K Heap: 182.6M(256.0M)->31233.1K(256.0M)]
Heap after GC invocations=417 (full 0):
 garbage-first heap   total 262144K, used 31233K [0x00000000f0000000, 0x00000000f0100800, 0x0000000100000000)
  region size 1024K, 1 young (1024K), 1 survivors (1024K)
 Metaspace       used 52854K, capacity 56076K, committed 56192K, reserved 1097728K
  class space    used 6460K, capacity 7028K, committed 7040K, reserved 1048576K
}
 [Times: user=0.03 sys=0.01, real=0.01 secs] 
{Heap before GC invocations=417 (full 0):
 garbage-first heap   total 262144K, used 186881K [0x00000000f0000000, 0x00000000f0100800, 0x0000000100000000)
  region size 1024K, 153 young (156672K), 1 survivors (1024K)
 Metaspace       used 52854K, capacity 56076K, committed 56192K, reserved 1097728K
  class space    used 6460K, capacity 7028K, committed 7040K, reserved 1048576K
2023-10-03T06:52:50.104+0800: 477.968: [GC pause (G1 Evacuation Pause) (young), 0.0080385 secs]
   [Parallel Time: 3.4 ms, GC Workers: 10]
      [GC Worker Start (ms): Min: 477967.9, Avg: 477968.1, Max: 477968.4, Diff: 0.5]
      [Ext Root Scanning (ms): Min: 1.0, Avg: 1.3, Max: 1.6, Diff: 0.5, Sum: 12.8]
      [Update RS (ms): Min: 0.4, Avg: 0.5, Max: 0.7, Diff: 0.2, Sum: 5.0]
         [Processed Buffers: Min: 2, Avg: 5.4, Max: 8, Diff: 6, Sum: 54]
      [Scan RS (ms): Min: 0.0, Avg: 0.1, Max: 0.1, Diff: 0.1, Sum: 0.6]
      [Code Root Scanning (ms): Min: 0.0, Avg: 0.0, Max: 0.0, Diff: 0.0, Sum: 0.0]
      [Object Copy (ms): Min: 0.4, Avg: 0.6, Max: 0.7, Diff: 0.3, Sum: 6.0]
      [Termination (ms): Min: 0.0, Avg: 0.0, Max: 0.0, Diff: 0.0, Sum: 0.0]
         [Termination Attempts: Min: 1, Avg: 1.3, Max: 2, Diff: 1, Sum: 13]
      [GC Worker Other (ms): Min: 0.0, Avg: 0.0, Max: 0.1, Diff: 0.1, Sum: 0.4]
      [GC Worker Total (ms): Min: 2.2, Avg: 2.5, Max: 2.7, Diff: 0.4, Sum: 24.8]
      [GC Worker End (ms): Min: 477970.6, Avg: 477970.6, Max: 477970.6, Diff: 0.1]
   [Code Root Fixup: 0.0 ms]
   [Code Root Purge: 0.0 ms]
   [Clear CT: 1.4 ms]
   [Other: 3.3 ms]
      [Choose CSet: 0.0 ms]
      [Ref Proc: 1.6 ms]
      [Ref Enq: 0.0 ms]
      [Redirty Cards: 1.4 ms]
      [Humongous Register: 0.0 ms]
      [Humongous Reclaim: 0.0 ms]
      [Free CSet: 0.1 ms]
   [Eden: 152.0M(152.0M)->0.0B(152.0M) Survivors: 1024.0K->1024.0K Heap: 182.5M(256.0M)->31262.3K(256.0M)]
Heap after GC invocations=418 (full 0):
 garbage-first heap   total 262144K, used 31262K [0x00000000f0000000, 0x00000000f0100800, 0x0000000100000000)
  region size 1024K, 1 young (1024K), 1 survivors (1024K)
 Metaspace       used 52854K, capacity 56076K, committed 56192K, reserved 1097728K
  class space    used 6460K, capacity 7028K, committed 7040K, reserved 1048576K
}
 [Times: user=0.03 sys=0.00, real=0.01 secs] 
{Heap before GC invocations=418 (full 0):
 garbage-first heap   total 262144K, used 186910K [0x00000000f0000000, 0x00000000f0100800, 0x0000000100000000)
  region size 1024K, 153 young (156672K), 1 survivors (1024K)
 Metaspace       used 52854K, capacity 56076K, committed 56192K, reserved 1097728K
  class space    used 6460K, capacity 7028K, committed 7040K, reserved 1048576K
2023-10-03T06:52:50.906+0800: 478.770: [GC pause (G1 Evacuation Pause) (young), 0.0070610 secs]
   [Parallel Time: 2.7 ms, GC Workers: 10]
      [GC Worker Start (ms): Min: 478769.8, Avg: 478770.1, Max: 478770.2, Diff: 0.4]
      [Ext Root Scanning (ms): Min: 1.0, Avg: 1.2, Max: 1.5, Diff: 0.5, Sum: 11.8]
      [Update RS (ms): Min: 0.4, Avg: 0.5, Max: 0.6, Diff: 0.1, Sum: 4.9]
         [Processed Buffers: Min: 1, Avg: 5.6, Max: 14, Diff: 13, Sum: 56]
      [Scan RS (ms): Min: 0.0, Avg: 0.1, Max: 0.1, Diff: 0.1, Sum: 0.8]
      [Code Root Scanning (ms): Min: 0.0, Avg: 0.0, Max: 0.0, Diff: 0.0, Sum: 0.0]
      [Object Copy (ms): Min: 0.4, Avg: 0.5, Max: 0.6, Diff: 0.2, Sum: 5.4]
      [Termination (ms): Min: 0.0, Avg: 0.0, Max: 0.0, Diff: 0.0, Sum: 0.0]
         [Termination Attempts: Min: 1, Avg: 1.5, Max: 3, Diff: 2, Sum: 15]
      [GC Worker Other (ms): Min: 0.0, Avg: 0.0, Max: 0.1, Diff: 0.1, Sum: 0.4]
      [GC Worker Total (ms): Min: 2.1, Avg: 2.3, Max: 2.5, Diff: 0.4, Sum: 23.3]
      [GC Worker End (ms): Min: 478772.4, Avg: 478772.4, Max: 478772.4, Diff: 0.1]
   [Code Root Fixup: 0.0 ms]
   [Code Root Purge: 0.0 ms]
   [Clear CT: 1.7 ms]
   [Other: 2.7 ms]
      [Choose CSet: 0.0 ms]
      [Ref Proc: 1.2 ms]
      [Ref Enq: 0.0 ms]
      [Redirty Cards: 1.1 ms]
      [Humongous Register: 0.0 ms]
      [Humongous Reclaim: 0.0 ms]
      [Free CSet: 0.1 ms]
   [Eden: 152.0M(152.0M)->0.0B(152.0M) Survivors: 1024.0K->1024.0K Heap: 182.5M(256.0M)->31130.8K(256.0M)]
Heap after GC invocations=419 (full 0):
 garbage-first heap   total 262144K, used 31130K [0x00000000f0000000, 0x00000000f0100800, 0x0000000100000000)
  region size 1024K, 1 young (1024K), 1 survivors (1024K)
 Metaspace       used 52854K, capacity 56076K, committed 56192K, reserved 1097728K
  class space    used 6460K, capacity 7028K, committed 7040K, reserved 1048576K
}
 [Times: user=0.03 sys=0.00, real=0.01 secs] 
{Heap before GC invocations=419 (full 0):
 garbage-first heap   total 262144K, used 186778K [0x00000000f0000000, 0x00000000f0100800, 0x0000000100000000)
  region size 1024K, 153 young (156672K), 1 survivors (1024K)
 Metaspace       used 52854K, capacity 56076K, committed 56192K, reserved 1097728K
  class space    used 6460K, capacity 7028K, committed 7040K, reserved 1048576K
2023-10-03T06:52:51.722+0800: 479.585: [GC pause (G1 Evacuation Pause) (young), 0.0075650 secs]
   [Parallel Time: 3.3 ms, GC Workers: 10]
      [GC Worker Start (ms): Min: 479585.1, Avg: 479585.3, Max: 479585.5, Diff: 0.4]
      [Ext Root Scanning (ms): Min: 1.1, Avg: 1.3, Max: 1.5, Diff: 0.5, Sum: 12.9]
      [Update RS (ms): Min: 0.4, Avg: 0.5, Max: 0.5, Diff: 0.1, Sum: 4.9]
         [Processed Buffers: Min: 3, Avg: 5.5, Max: 9, Diff: 6, Sum: 55]
      [Scan RS (ms): Min: 0.0, Avg: 0.1, Max: 0.1, Diff: 0.1, Sum: 0.5]
      [Code Root Scanning (ms): Min: 0.0, Avg: 0.0, Max: 0.0, Diff: 0.0, Sum: 0.0]
      [Object Copy (ms): Min: 0.4, Avg: 0.5, Max: 0.6, Diff: 0.2, Sum: 5.2]
      [Termination (ms): Min: 0.0, Avg: 0.0, Max: 0.0, Diff: 0.0, Sum: 0.0]
         [Termination Attempts: Min: 1, Avg: 1.0, Max: 1, Diff: 0, Sum: 10]
      [GC Worker Other (ms): Min: 0.0, Avg: 0.0, Max: 0.1, Diff: 0.1, Sum: 0.5]
      [GC Worker Total (ms): Min: 2.2, Avg: 2.4, Max: 2.6, Diff: 0.4, Sum: 24.0]
      [GC Worker End (ms): Min: 479587.7, Avg: 479587.7, Max: 479587.8, Diff: 0.1]
   [Code Root Fixup: 0.0 ms]
   [Code Root Purge: 0.0 ms]
   [Clear CT: 1.3 ms]
   [Other: 2.9 ms]
      [Choose CSet: 0.0 ms]
      [Ref Proc: 1.3 ms]
      [Ref Enq: 0.0 ms]
      [Redirty Cards: 1.4 ms]
      [Humongous Register: 0.0 ms]
      [Humongous Reclaim: 0.0 ms]
      [Free CSet: 0.1 ms]
   [Eden: 152.0M(152.0M)->0.0B(152.0M) Survivors: 1024.0K->1024.0K Heap: 182.4M(256.0M)->31271.5K(256.0M)]
Heap after GC invocations=420 (full 0):
 garbage-first heap   total 262144K, used 31271K [0x00000000f0000000, 0x00000000f0100800, 0x0000000100000000)
  region size 1024K, 1 young (1024K), 1 survivors (1024K)
 Metaspace       used 52854K, capacity 56076K, committed 56192K, reserved 1097728K
  class space    used 6460K, capacity 7028K, committed 7040K, reserved 1048576K
}
 [Times: user=0.03 sys=0.00, real=0.00 secs] 
{Heap before GC invocations=420 (full 0):
 garbage-first heap   total 262144K, used 186919K [0x00000000f0000000, 0x00000000f0100800, 0x0000000100000000)
  region size 1024K, 153 young (156672K), 1 survivors (1024K)
 Metaspace       used 52854K, capacity 56076K, committed 56192K, reserved 1097728K
  class space    used 6460K, capacity 7028K, committed 7040K, reserved 1048576K
2023-10-03T06:52:52.540+0800: 480.403: [GC pause (G1 Evacuation Pause) (young), 0.0075866 secs]
   [Parallel Time: 3.2 ms, GC Workers: 10]
      [GC Worker Start (ms): Min: 480403.4, Avg: 480403.6, Max: 480403.8, Diff: 0.4]
      [Ext Root Scanning (ms): Min: 1.0, Avg: 1.2, Max: 1.5, Diff: 0.6, Sum: 12.2]
      [Update RS (ms): Min: 0.4, Avg: 0.5, Max: 0.6, Diff: 0.1, Sum: 4.9]
         [Processed Buffers: Min: 2, Avg: 5.5, Max: 12, Diff: 10, Sum: 55]
      [Scan RS (ms): Min: 0.0, Avg: 0.1, Max: 0.1, Diff: 0.1, Sum: 0.7]
      [Code Root Scanning (ms): Min: 0.0, Avg: 0.0, Max: 0.0, Diff: 0.0, Sum: 0.0]
      [Object Copy (ms): Min: 0.4, Avg: 0.6, Max: 0.6, Diff: 0.2, Sum: 5.7]
      [Termination (ms): Min: 0.0, Avg: 0.0, Max: 0.0, Diff: 0.0, Sum: 0.0]
         [Termination Attempts: Min: 1, Avg: 1.0, Max: 1, Diff: 0, Sum: 10]
      [GC Worker Other (ms): Min: 0.0, Avg: 0.0, Max: 0.1, Diff: 0.1, Sum: 0.4]
      [GC Worker Total (ms): Min: 2.2, Avg: 2.4, Max: 2.7, Diff: 0.5, Sum: 24.0]
      [GC Worker End (ms): Min: 480406.0, Avg: 480406.0, Max: 480406.0, Diff: 0.1]
   [Code Root Fixup: 0.0 ms]
   [Code Root Purge: 0.0 ms]
   [Clear CT: 1.6 ms]
   [Other: 2.8 ms]
      [Choose CSet: 0.0 ms]
      [Ref Proc: 1.2 ms]
      [Ref Enq: 0.0 ms]
      [Redirty Cards: 1.3 ms]
      [Humongous Register: 0.0 ms]
      [Humongous Reclaim: 0.0 ms]
      [Free CSet: 0.1 ms]
   [Eden: 152.0M(152.0M)->0.0B(152.0M) Survivors: 1024.0K->1024.0K Heap: 182.5M(256.0M)->31288.6K(256.0M)]
Heap after GC invocations=421 (full 0):
 garbage-first heap   total 262144K, used 31288K [0x00000000f0000000, 0x00000000f0100800, 0x0000000100000000)
  region size 1024K, 1 young (1024K), 1 survivors (1024K)
 Metaspace       used 52854K, capacity 56076K, committed 56192K, reserved 1097728K
  class space    used 6460K, capacity 7028K, committed 7040K, reserved 1048576K
}
 [Times: user=0.02 sys=0.01, real=0.00 secs] 
{Heap before GC invocations=421 (full 0):
 garbage-first heap   total 262144K, used 186936K [0x00000000f0000000, 0x00000000f0100800, 0x0000000100000000)
  region size 1024K, 153 young (156672K), 1 survivors (1024K)
 Metaspace       used 52854K, capacity 56076K, committed 56192K, reserved 1097728K
  class space    used 6460K, capacity 7028K, committed 7040K, reserved 1048576K
2023-10-03T06:52:53.359+0800: 481.222: [GC pause (G1 Evacuation Pause) (young), 0.0082890 secs]
   [Parallel Time: 3.4 ms, GC Workers: 10]
      [GC Worker Start (ms): Min: 481222.4, Avg: 481222.7, Max: 481222.9, Diff: 0.5]
      [Ext Root Scanning (ms): Min: 1.0, Avg: 1.2, Max: 1.5, Diff: 0.6, Sum: 12.2]
      [Update RS (ms): Min: 0.4, Avg: 0.5, Max: 0.6, Diff: 0.1, Sum: 4.8]
         [Processed Buffers: Min: 3, Avg: 5.5, Max: 10, Diff: 7, Sum: 55]
      [Scan RS (ms): Min: 0.0, Avg: 0.1, Max: 0.1, Diff: 0.1, Sum: 0.6]
      [Code Root Scanning (ms): Min: 0.0, Avg: 0.0, Max: 0.0, Diff: 0.0, Sum: 0.0]
      [Object Copy (ms): Min: 0.4, Avg: 0.6, Max: 0.6, Diff: 0.2, Sum: 5.5]
      [Termination (ms): Min: 0.0, Avg: 0.0, Max: 0.0, Diff: 0.0, Sum: 0.0]
         [Termination Attempts: Min: 1, Avg: 1.2, Max: 2, Diff: 1, Sum: 12]
      [GC Worker Other (ms): Min: 0.0, Avg: 0.1, Max: 0.2, Diff: 0.1, Sum: 0.5]
      [GC Worker Total (ms): Min: 2.1, Avg: 2.4, Max: 2.7, Diff: 0.6, Sum: 23.8]
      [GC Worker End (ms): Min: 481225.0, Avg: 481225.1, Max: 481225.2, Diff: 0.1]
   [Code Root Fixup: 0.0 ms]
   [Code Root Purge: 0.0 ms]
   [Clear CT: 1.4 ms]
   [Other: 3.4 ms]
      [Choose CSet: 0.0 ms]
      [Ref Proc: 1.7 ms]
      [Ref Enq: 0.0 ms]
      [Redirty Cards: 1.4 ms]
      [Humongous Register: 0.0 ms]
      [Humongous Reclaim: 0.0 ms]
      [Free CSet: 0.1 ms]
   [Eden: 152.0M(152.0M)->0.0B(152.0M) Survivors: 1024.0K->1024.0K Heap: 182.6M(256.0M)->31239.7K(256.0M)]
Heap after GC invocations=422 (full 0):
 garbage-first heap   total 262144K, used 31239K [0x00000000f0000000, 0x00000000f0100800, 0x0000000100000000)
  region size 1024K, 1 young (1024K), 1 survivors (1024K)
 Metaspace       used 52854K, capacity 56076K, committed 56192K, reserved 1097728K
  class space    used 6460K, capacity 7028K, committed 7040K, reserved 1048576K
}
 [Times: user=0.03 sys=0.00, real=0.01 secs] 
{Heap before GC invocations=422 (full 0):
 garbage-first heap   total 262144K, used 186887K [0x00000000f0000000, 0x00000000f0100800, 0x0000000100000000)
  region size 1024K, 153 young (156672K), 1 survivors (1024K)
 Metaspace       used 52854K, capacity 56076K, committed 56192K, reserved 1097728K
  class space    used 6460K, capacity 7028K, committed 7040K, reserved 1048576K
2023-10-03T06:52:54.167+0800: 482.030: [GC pause (G1 Evacuation Pause) (young), 0.0076078 secs]
   [Parallel Time: 3.4 ms, GC Workers: 10]
      [GC Worker Start (ms): Min: 482030.2, Avg: 482030.4, Max: 482030.8, Diff: 0.6]
      [Ext Root Scanning (ms): Min: 0.8, Avg: 1.2, Max: 1.6, Diff: 0.7, Sum: 12.1]
      [Update RS (ms): Min: 0.4, Avg: 0.5, Max: 0.6, Diff: 0.2, Sum: 4.9]
         [Processed Buffers: Min: 1, Avg: 5.6, Max: 12, Diff: 11, Sum: 56]
      [Scan RS (ms): Min: 0.0, Avg: 0.1, Max: 0.1, Diff: 0.1, Sum: 0.7]
      [Code Root Scanning (ms): Min: 0.0, Avg: 0.0, Max: 0.0, Diff: 0.0, Sum: 0.0]
      [Object Copy (ms): Min: 0.4, Avg: 0.6, Max: 0.7, Diff: 0.3, Sum: 5.8]
      [Termination (ms): Min: 0.0, Avg: 0.0, Max: 0.0, Diff: 0.0, Sum: 0.0]
         [Termination Attempts: Min: 1, Avg: 1.0, Max: 1, Diff: 0, Sum: 10]
      [GC Worker Other (ms): Min: 0.0, Avg: 0.0, Max: 0.1, Diff: 0.1, Sum: 0.4]
      [GC Worker Total (ms): Min: 2.1, Avg: 2.4, Max: 2.7, Diff: 0.6, Sum: 23.9]
      [GC Worker End (ms): Min: 482032.8, Avg: 482032.8, Max: 482032.9, Diff: 0.1]
   [Code Root Fixup: 0.0 ms]
   [Code Root Purge: 0.0 ms]
   [Clear CT: 1.2 ms]
   [Other: 3.0 ms]
      [Choose CSet: 0.0 ms]
      [Ref Proc: 1.4 ms]
      [Ref Enq: 0.0 ms]
      [Redirty Cards: 1.2 ms]
      [Humongous Register: 0.0 ms]
      [Humongous Reclaim: 0.0 ms]
      [Free CSet: 0.1 ms]
   [Eden: 152.0M(152.0M)->0.0B(152.0M) Survivors: 1024.0K->1024.0K Heap: 182.5M(256.0M)->31274.6K(256.0M)]
Heap after GC invocations=423 (full 0):
 garbage-first heap   total 262144K, used 31274K [0x00000000f0000000, 0x00000000f0100800, 0x0000000100000000)
  region size 1024K, 1 young (1024K), 1 survivors (1024K)
 Metaspace       used 52854K, capacity 56076K, committed 56192K, reserved 1097728K
  class space    used 6460K, capacity 7028K, committed 7040K, reserved 1048576K
}
 [Times: user=0.02 sys=0.01, real=0.01 secs] 
{Heap before GC invocations=423 (full 0):
 garbage-first heap   total 262144K, used 186922K [0x00000000f0000000, 0x00000000f0100800, 0x0000000100000000)
  region size 1024K, 153 young (156672K), 1 survivors (1024K)
 Metaspace       used 52854K, capacity 56076K, committed 56192K, reserved 1097728K
  class space    used 6460K, capacity 7028K, committed 7040K, reserved 1048576K
2023-10-03T06:52:54.995+0800: 482.858: [GC pause (G1 Evacuation Pause) (young), 0.0080864 secs]
   [Parallel Time: 3.2 ms, GC Workers: 10]
      [GC Worker Start (ms): Min: 482858.2, Avg: 482858.4, Max: 482858.6, Diff: 0.5]
      [Ext Root Scanning (ms): Min: 1.0, Avg: 1.2, Max: 1.7, Diff: 0.7, Sum: 12.2]
      [Update RS (ms): Min: 0.4, Avg: 0.5, Max: 0.6, Diff: 0.2, Sum: 4.8]
         [Processed Buffers: Min: 2, Avg: 5.6, Max: 12, Diff: 10, Sum: 56]
      [Scan RS (ms): Min: 0.0, Avg: 0.1, Max: 0.1, Diff: 0.1, Sum: 0.5]
      [Code Root Scanning (ms): Min: 0.0, Avg: 0.0, Max: 0.0, Diff: 0.0, Sum: 0.0]
      [Object Copy (ms): Min: 0.4, Avg: 0.5, Max: 0.6, Diff: 0.2, Sum: 5.2]
      [Termination (ms): Min: 0.0, Avg: 0.0, Max: 0.0, Diff: 0.0, Sum: 0.0]
         [Termination Attempts: Min: 1, Avg: 1.0, Max: 1, Diff: 0, Sum: 10]
      [GC Worker Other (ms): Min: 0.0, Avg: 0.0, Max: 0.1, Diff: 0.1, Sum: 0.4]
      [GC Worker Total (ms): Min: 2.1, Avg: 2.3, Max: 2.5, Diff: 0.4, Sum: 23.2]
      [GC Worker End (ms): Min: 482860.7, Avg: 482860.8, Max: 482860.8, Diff: 0.1]
   [Code Root Fixup: 0.0 ms]
   [Code Root Purge: 0.0 ms]
   [Clear CT: 1.5 ms]
   [Other: 3.4 ms]
      [Choose CSet: 0.0 ms]
      [Ref Proc: 1.6 ms]
      [Ref Enq: 0.0 ms]
      [Redirty Cards: 1.5 ms]
      [Humongous Register: 0.1 ms]
      [Humongous Reclaim: 0.0 ms]
      [Free CSet: 0.1 ms]
   [Eden: 152.0M(152.0M)->0.0B(152.0M) Survivors: 1024.0K->1024.0K Heap: 182.5M(256.0M)->31220.9K(256.0M)]
Heap after GC invocations=424 (full 0):
 garbage-first heap   total 262144K, used 31220K [0x00000000f0000000, 0x00000000f0100800, 0x0000000100000000)
  region size 1024K, 1 young (1024K), 1 survivors (1024K)
 Metaspace       used 52854K, capacity 56076K, committed 56192K, reserved 1097728K
  class space    used 6460K, capacity 7028K, committed 7040K, reserved 1048576K
}
 [Times: user=0.03 sys=0.00, real=0.01 secs] 
{Heap before GC invocations=424 (full 0):
 garbage-first heap   total 262144K, used 186868K [0x00000000f0000000, 0x00000000f0100800, 0x0000000100000000)
  region size 1024K, 153 young (156672K), 1 survivors (1024K)
 Metaspace       used 52854K, capacity 56076K, committed 56192K, reserved 1097728K
  class space    used 6460K, capacity 7028K, committed 7040K, reserved 1048576K
2023-10-03T06:52:55.811+0800: 483.674: [GC pause (G1 Evacuation Pause) (young), 0.0081080 secs]
   [Parallel Time: 3.4 ms, GC Workers: 10]
      [GC Worker Start (ms): Min: 483674.4, Avg: 483674.7, Max: 483674.9, Diff: 0.5]
      [Ext Root Scanning (ms): Min: 1.0, Avg: 1.2, Max: 1.5, Diff: 0.5, Sum: 12.1]
      [Update RS (ms): Min: 0.4, Avg: 0.5, Max: 0.7, Diff: 0.2, Sum: 5.2]
         [Processed Buffers: Min: 2, Avg: 5.6, Max: 7, Diff: 5, Sum: 56]
      [Scan RS (ms): Min: 0.0, Avg: 0.1, Max: 0.1, Diff: 0.1, Sum: 0.7]
      [Code Root Scanning (ms): Min: 0.0, Avg: 0.0, Max: 0.0, Diff: 0.0, Sum: 0.0]
      [Object Copy (ms): Min: 0.4, Avg: 0.6, Max: 0.7, Diff: 0.2, Sum: 6.1]
      [Termination (ms): Min: 0.0, Avg: 0.0, Max: 0.0, Diff: 0.0, Sum: 0.0]
         [Termination Attempts: Min: 1, Avg: 1.6, Max: 3, Diff: 2, Sum: 16]
      [GC Worker Other (ms): Min: 0.0, Avg: 0.1, Max: 0.1, Diff: 0.1, Sum: 0.5]
      [GC Worker Total (ms): Min: 2.2, Avg: 2.5, Max: 2.7, Diff: 0.5, Sum: 24.6]
      [GC Worker End (ms): Min: 483677.1, Avg: 483677.1, Max: 483677.2, Diff: 0.1]
   [Code Root Fixup: 0.0 ms]
   [Code Root Purge: 0.0 ms]
   [Clear CT: 1.4 ms]
   [Other: 3.3 ms]
      [Choose CSet: 0.0 ms]
      [Ref Proc: 1.5 ms]
      [Ref Enq: 0.0 ms]
      [Redirty Cards: 1.4 ms]
      [Humongous Register: 0.0 ms]
      [Humongous Reclaim: 0.0 ms]
      [Free CSet: 0.1 ms]
   [Eden: 152.0M(152.0M)->0.0B(152.0M) Survivors: 1024.0K->1024.0K Heap: 182.5M(256.0M)->31291.6K(256.0M)]
Heap after GC invocations=425 (full 0):
 garbage-first heap   total 262144K, used 31291K [0x00000000f0000000, 0x00000000f0100800, 0x0000000100000000)
  region size 1024K, 1 young (1024K), 1 survivors (1024K)
 Metaspace       used 52854K, capacity 56076K, committed 56192K, reserved 1097728K
  class space    used 6460K, capacity 7028K, committed 7040K, reserved 1048576K
}
 [Times: user=0.02 sys=0.01, real=0.00 secs] 
{Heap before GC invocations=425 (full 0):
 garbage-first heap   total 262144K, used 186939K [0x00000000f0000000, 0x00000000f0100800, 0x0000000100000000)
  region size 1024K, 153 young (156672K), 1 survivors (1024K)
 Metaspace       used 52854K, capacity 56076K, committed 56192K, reserved 1097728K
  class space    used 6460K, capacity 7028K, committed 7040K, reserved 1048576K
2023-10-03T06:52:56.618+0800: 484.482: [GC pause (G1 Evacuation Pause) (young), 0.0072113 secs]
   [Parallel Time: 3.2 ms, GC Workers: 10]
      [GC Worker Start (ms): Min: 484481.8, Avg: 484482.0, Max: 484482.2, Diff: 0.4]
      [Ext Root Scanning (ms): Min: 1.0, Avg: 1.2, Max: 1.5, Diff: 0.5, Sum: 12.1]
      [Update RS (ms): Min: 0.4, Avg: 0.5, Max: 0.5, Diff: 0.1, Sum: 4.6]
         [Processed Buffers: Min: 3, Avg: 5.6, Max: 10, Diff: 7, Sum: 56]
      [Scan RS (ms): Min: 0.0, Avg: 0.1, Max: 0.1, Diff: 0.1, Sum: 0.6]
      [Code Root Scanning (ms): Min: 0.0, Avg: 0.0, Max: 0.0, Diff: 0.0, Sum: 0.0]
      [Object Copy (ms): Min: 0.4, Avg: 0.5, Max: 0.7, Diff: 0.3, Sum: 5.3]
      [Termination (ms): Min: 0.0, Avg: 0.0, Max: 0.0, Diff: 0.0, Sum: 0.0]
         [Termination Attempts: Min: 1, Avg: 1.3, Max: 2, Diff: 1, Sum: 13]
      [GC Worker Other (ms): Min: 0.0, Avg: 0.1, Max: 0.2, Diff: 0.1, Sum: 0.5]
      [GC Worker Total (ms): Min: 2.1, Avg: 2.3, Max: 2.5, Diff: 0.4, Sum: 23.2]
      [GC Worker End (ms): Min: 484484.3, Avg: 484484.4, Max: 484484.5, Diff: 0.1]
   [Code Root Fixup: 0.0 ms]
   [Code Root Purge: 0.0 ms]
   [Clear CT: 1.2 ms]
   [Other: 2.8 ms]
      [Choose CSet: 0.0 ms]
      [Ref Proc: 1.4 ms]
      [Ref Enq: 0.0 ms]
      [Redirty Cards: 1.1 ms]
      [Humongous Register: 0.0 ms]
      [Humongous Reclaim: 0.0 ms]
      [Free CSet: 0.1 ms]
   [Eden: 152.0M(152.0M)->0.0B(152.0M) Survivors: 1024.0K->1024.0K Heap: 182.6M(256.0M)->31168.5K(256.0M)]
Heap after GC invocations=426 (full 0):
 garbage-first heap   total 262144K, used 31168K [0x00000000f0000000, 0x00000000f0100800, 0x0000000100000000)
  region size 1024K, 1 young (1024K), 1 survivors (1024K)
 Metaspace       used 52854K, capacity 56076K, committed 56192K, reserved 1097728K
  class space    used 6460K, capacity 7028K, committed 7040K, reserved 1048576K
}
 [Times: user=0.03 sys=0.00, real=0.01 secs] 
{Heap before GC invocations=426 (full 0):
 garbage-first heap   total 262144K, used 186816K [0x00000000f0000000, 0x00000000f0100800, 0x0000000100000000)
  region size 1024K, 153 young (156672K), 1 survivors (1024K)
 Metaspace       used 52854K, capacity 56076K, committed 56192K, reserved 1097728K
  class space    used 6460K, capacity 7028K, committed 7040K, reserved 1048576K
2023-10-03T06:52:57.437+0800: 485.300: [GC pause (G1 Evacuation Pause) (young), 0.0079625 secs]
   [Parallel Time: 3.4 ms, GC Workers: 10]
      [GC Worker Start (ms): Min: 485300.1, Avg: 485300.4, Max: 485300.6, Diff: 0.5]
      [Ext Root Scanning (ms): Min: 1.0, Avg: 1.3, Max: 1.6, Diff: 0.5, Sum: 12.7]
      [Update RS (ms): Min: 0.4, Avg: 0.5, Max: 0.6, Diff: 0.2, Sum: 5.0]
         [Processed Buffers: Min: 2, Avg: 5.6, Max: 11, Diff: 9, Sum: 56]
      [Scan RS (ms): Min: 0.0, Avg: 0.1, Max: 0.1, Diff: 0.1, Sum: 0.6]
      [Code Root Scanning (ms): Min: 0.0, Avg: 0.0, Max: 0.0, Diff: 0.0, Sum: 0.0]
      [Object Copy (ms): Min: 0.4, Avg: 0.5, Max: 0.6, Diff: 0.3, Sum: 5.5]
      [Termination (ms): Min: 0.0, Avg: 0.0, Max: 0.0, Diff: 0.0, Sum: 0.0]
         [Termination Attempts: Min: 1, Avg: 1.0, Max: 1, Diff: 0, Sum: 10]
      [GC Worker Other (ms): Min: 0.0, Avg: 0.0, Max: 0.1, Diff: 0.1, Sum: 0.4]
      [GC Worker Total (ms): Min: 2.2, Avg: 2.4, Max: 2.6, Diff: 0.4, Sum: 24.2]
      [GC Worker End (ms): Min: 485302.8, Avg: 485302.8, Max: 485302.8, Diff: 0.1]
   [Code Root Fixup: 0.0 ms]
   [Code Root Purge: 0.0 ms]
   [Clear CT: 1.8 ms]
   [Other: 2.8 ms]
      [Choose CSet: 0.0 ms]
      [Ref Proc: 1.1 ms]
      [Ref Enq: 0.0 ms]
      [Redirty Cards: 1.4 ms]
      [Humongous Register: 0.0 ms]
      [Humongous Reclaim: 0.0 ms]
      [Free CSet: 0.1 ms]
   [Eden: 152.0M(152.0M)->0.0B(152.0M) Survivors: 1024.0K->1024.0K Heap: 182.4M(256.0M)->31317.2K(256.0M)]
Heap after GC invocations=427 (full 0):
 garbage-first heap   total 262144K, used 31317K [0x00000000f0000000, 0x00000000f0100800, 0x0000000100000000)
  region size 1024K, 1 young (1024K), 1 survivors (1024K)
 Metaspace       used 52854K, capacity 56076K, committed 56192K, reserved 1097728K
  class space    used 6460K, capacity 7028K, committed 7040K, reserved 1048576K
}
 [Times: user=0.02 sys=0.00, real=0.01 secs] 
{Heap before GC invocations=427 (full 0):
 garbage-first heap   total 262144K, used 186965K [0x00000000f0000000, 0x00000000f0100800, 0x0000000100000000)
  region size 1024K, 153 young (156672K), 1 survivors (1024K)
 Metaspace       used 52857K, capacity 56076K, committed 56192K, reserved 1097728K
  class space    used 6460K, capacity 7028K, committed 7040K, reserved 1048576K
2023-10-03T06:52:58.226+0800: 486.089: [GC pause (G1 Evacuation Pause) (young), 0.0076913 secs]
   [Parallel Time: 3.1 ms, GC Workers: 10]
      [GC Worker Start (ms): Min: 486089.3, Avg: 486089.5, Max: 486089.7, Diff: 0.4]
      [Ext Root Scanning (ms): Min: 1.0, Avg: 1.2, Max: 1.5, Diff: 0.5, Sum: 12.1]
      [Update RS (ms): Min: 0.4, Avg: 0.5, Max: 0.5, Diff: 0.1, Sum: 4.7]
         [Processed Buffers: Min: 2, Avg: 5.4, Max: 8, Diff: 6, Sum: 54]
      [Scan RS (ms): Min: 0.0, Avg: 0.1, Max: 0.1, Diff: 0.1, Sum: 0.6]
      [Code Root Scanning (ms): Min: 0.0, Avg: 0.0, Max: 0.0, Diff: 0.0, Sum: 0.0]
      [Object Copy (ms): Min: 0.4, Avg: 0.5, Max: 0.6, Diff: 0.2, Sum: 5.3]
      [Termination (ms): Min: 0.0, Avg: 0.0, Max: 0.0, Diff: 0.0, Sum: 0.0]
         [Termination Attempts: Min: 1, Avg: 1.0, Max: 1, Diff: 0, Sum: 10]
      [GC Worker Other (ms): Min: 0.0, Avg: 0.0, Max: 0.1, Diff: 0.1, Sum: 0.5]
      [GC Worker Total (ms): Min: 2.1, Avg: 2.3, Max: 2.5, Diff: 0.4, Sum: 23.2]
      [GC Worker End (ms): Min: 486091.8, Avg: 486091.8, Max: 486091.9, Diff: 0.1]
   [Code Root Fixup: 0.0 ms]
   [Code Root Purge: 0.0 ms]
   [Clear CT: 1.4 ms]
   [Other: 3.2 ms]
      [Choose CSet: 0.0 ms]
      [Ref Proc: 1.6 ms]
      [Ref Enq: 0.0 ms]
      [Redirty Cards: 1.3 ms]
      [Humongous Register: 0.0 ms]
      [Humongous Reclaim: 0.0 ms]
      [Free CSet: 0.1 ms]
   [Eden: 152.0M(152.0M)->0.0B(152.0M) Survivors: 1024.0K->1024.0K Heap: 182.6M(256.0M)->31228.4K(256.0M)]
Heap after GC invocations=428 (full 0):
 garbage-first heap   total 262144K, used 31228K [0x00000000f0000000, 0x00000000f0100800, 0x0000000100000000)
  region size 1024K, 1 young (1024K), 1 survivors (1024K)
 Metaspace       used 52857K, capacity 56076K, committed 56192K, reserved 1097728K
  class space    used 6460K, capacity 7028K, committed 7040K, reserved 1048576K
}
 [Times: user=0.03 sys=0.01, real=0.01 secs] 
{Heap before GC invocations=428 (full 0):
 garbage-first heap   total 262144K, used 186876K [0x00000000f0000000, 0x00000000f0100800, 0x0000000100000000)
  region size 1024K, 153 young (156672K), 1 survivors (1024K)
 Metaspace       used 52857K, capacity 56076K, committed 56192K, reserved 1097728K
  class space    used 6460K, capacity 7028K, committed 7040K, reserved 1048576K
2023-10-03T06:52:59.025+0800: 486.888: [GC pause (G1 Evacuation Pause) (young), 0.0080841 secs]
   [Parallel Time: 3.4 ms, GC Workers: 10]
      [GC Worker Start (ms): Min: 486888.0, Avg: 486888.2, Max: 486888.4, Diff: 0.4]
      [Ext Root Scanning (ms): Min: 1.1, Avg: 1.3, Max: 1.6, Diff: 0.5, Sum: 12.8]
      [Update RS (ms): Min: 0.3, Avg: 0.5, Max: 0.6, Diff: 0.3, Sum: 4.8]
         [Processed Buffers: Min: 4, Avg: 5.7, Max: 8, Diff: 4, Sum: 57]
      [Scan RS (ms): Min: 0.0, Avg: 0.1, Max: 0.1, Diff: 0.1, Sum: 0.7]
      [Code Root Scanning (ms): Min: 0.0, Avg: 0.0, Max: 0.0, Diff: 0.0, Sum: 0.0]
      [Object Copy (ms): Min: 0.4, Avg: 0.6, Max: 0.9, Diff: 0.5, Sum: 6.2]
      [Termination (ms): Min: 0.0, Avg: 0.0, Max: 0.0, Diff: 0.0, Sum: 0.0]
         [Termination Attempts: Min: 1, Avg: 1.3, Max: 2, Diff: 1, Sum: 13]
      [GC Worker Other (ms): Min: 0.0, Avg: 0.0, Max: 0.1, Diff: 0.1, Sum: 0.5]
      [GC Worker Total (ms): Min: 2.3, Avg: 2.5, Max: 2.7, Diff: 0.4, Sum: 25.0]
      [GC Worker End (ms): Min: 486890.7, Avg: 486890.7, Max: 486890.8, Diff: 0.1]
   [Code Root Fixup: 0.0 ms]
   [Code Root Purge: 0.0 ms]
   [Clear CT: 1.9 ms]
   [Other: 2.7 ms]
      [Choose CSet: 0.0 ms]
      [Ref Proc: 1.0 ms]
      [Ref Enq: 0.0 ms]
      [Redirty Cards: 1.5 ms]
      [Humongous Register: 0.0 ms]
      [Humongous Reclaim: 0.0 ms]
      [Free CSet: 0.1 ms]
   [Eden: 152.0M(152.0M)->0.0B(152.0M) Survivors: 1024.0K->1024.0K Heap: 182.5M(256.0M)->31220.4K(256.0M)]
Heap after GC invocations=429 (full 0):
 garbage-first heap   total 262144K, used 31220K [0x00000000f0000000, 0x00000000f0100800, 0x0000000100000000)
  region size 1024K, 1 young (1024K), 1 survivors (1024K)
 Metaspace       used 52857K, capacity 56076K, committed 56192K, reserved 1097728K
  class space    used 6460K, capacity 7028K, committed 7040K, reserved 1048576K
}
 [Times: user=0.03 sys=0.00, real=0.01 secs] 
{Heap before GC invocations=429 (full 0):
 garbage-first heap   total 262144K, used 186868K [0x00000000f0000000, 0x00000000f0100800, 0x0000000100000000)
  region size 1024K, 153 young (156672K), 1 survivors (1024K)
 Metaspace       used 52857K, capacity 56076K, committed 56192K, reserved 1097728K
  class space    used 6460K, capacity 7028K, committed 7040K, reserved 1048576K
2023-10-03T06:52:59.818+0800: 487.681: [GC pause (G1 Evacuation Pause) (young), 0.0073595 secs]
   [Parallel Time: 3.4 ms, GC Workers: 10]
      [GC Worker Start (ms): Min: 487681.3, Avg: 487681.5, Max: 487681.7, Diff: 0.4]
      [Ext Root Scanning (ms): Min: 1.0, Avg: 1.2, Max: 1.5, Diff: 0.5, Sum: 12.2]
      [Update RS (ms): Min: 0.4, Avg: 0.5, Max: 0.6, Diff: 0.2, Sum: 4.7]
         [Processed Buffers: Min: 4, Avg: 5.6, Max: 8, Diff: 4, Sum: 56]
      [Scan RS (ms): Min: 0.0, Avg: 0.1, Max: 0.1, Diff: 0.0, Sum: 0.7]
      [Code Root Scanning (ms): Min: 0.0, Avg: 0.0, Max: 0.0, Diff: 0.0, Sum: 0.0]
      [Object Copy (ms): Min: 0.4, Avg: 0.5, Max: 0.6, Diff: 0.2, Sum: 5.3]
      [Termination (ms): Min: 0.0, Avg: 0.0, Max: 0.0, Diff: 0.0, Sum: 0.0]
         [Termination Attempts: Min: 1, Avg: 1.0, Max: 1, Diff: 0, Sum: 10]
      [GC Worker Other (ms): Min: 0.0, Avg: 0.0, Max: 0.1, Diff: 0.1, Sum: 0.5]
      [GC Worker Total (ms): Min: 2.1, Avg: 2.3, Max: 2.6, Diff: 0.4, Sum: 23.5]
      [GC Worker End (ms): Min: 487683.8, Avg: 487683.9, Max: 487683.9, Diff: 0.1]
   [Code Root Fixup: 0.0 ms]
   [Code Root Purge: 0.0 ms]
   [Clear CT: 1.0 ms]
   [Other: 2.9 ms]
      [Choose CSet: 0.0 ms]
      [Ref Proc: 1.4 ms]
      [Ref Enq: 0.0 ms]
      [Redirty Cards: 1.3 ms]
      [Humongous Register: 0.0 ms]
      [Humongous Reclaim: 0.0 ms]
      [Free CSet: 0.1 ms]
   [Eden: 152.0M(152.0M)->0.0B(152.0M) Survivors: 1024.0K->1024.0K Heap: 182.5M(256.0M)->31204.5K(256.0M)]
Heap after GC invocations=430 (full 0):
 garbage-first heap   total 262144K, used 31204K [0x00000000f0000000, 0x00000000f0100800, 0x0000000100000000)
  region size 1024K, 1 young (1024K), 1 survivors (1024K)
 Metaspace       used 52857K, capacity 56076K, committed 56192K, reserved 1097728K
  class space    used 6460K, capacity 7028K, committed 7040K, reserved 1048576K
}
 [Times: user=0.02 sys=0.00, real=0.01 secs] 
{Heap before GC invocations=430 (full 0):
 garbage-first heap   total 262144K, used 186852K [0x00000000f0000000, 0x00000000f0100800, 0x0000000100000000)
  region size 1024K, 153 young (156672K), 1 survivors (1024K)
 Metaspace       used 52857K, capacity 56076K, committed 56192K, reserved 1097728K
  class space    used 6460K, capacity 7028K, committed 7040K, reserved 1048576K
2023-10-03T06:53:00.620+0800: 488.483: [GC pause (G1 Evacuation Pause) (young), 0.0080893 secs]
   [Parallel Time: 3.2 ms, GC Workers: 10]
      [GC Worker Start (ms): Min: 488483.1, Avg: 488483.3, Max: 488483.5, Diff: 0.5]
      [Ext Root Scanning (ms): Min: 1.0, Avg: 1.2, Max: 1.5, Diff: 0.6, Sum: 12.3]
      [Update RS (ms): Min: 0.3, Avg: 0.5, Max: 0.6, Diff: 0.3, Sum: 4.9]
         [Processed Buffers: Min: 2, Avg: 5.5, Max: 10, Diff: 8, Sum: 55]
      [Scan RS (ms): Min: 0.0, Avg: 0.1, Max: 0.1, Diff: 0.1, Sum: 0.6]
      [Code Root Scanning (ms): Min: 0.0, Avg: 0.0, Max: 0.0, Diff: 0.0, Sum: 0.0]
      [Object Copy (ms): Min: 0.4, Avg: 0.6, Max: 0.7, Diff: 0.3, Sum: 5.8]
      [Termination (ms): Min: 0.0, Avg: 0.0, Max: 0.0, Diff: 0.0, Sum: 0.0]
         [Termination Attempts: Min: 1, Avg: 1.0, Max: 1, Diff: 0, Sum: 10]
      [GC Worker Other (ms): Min: 0.0, Avg: 0.0, Max: 0.1, Diff: 0.1, Sum: 0.5]
      [GC Worker Total (ms): Min: 2.2, Avg: 2.4, Max: 2.7, Diff: 0.5, Sum: 24.2]
      [GC Worker End (ms): Min: 488485.7, Avg: 488485.7, Max: 488485.8, Diff: 0.1]
   [Code Root Fixup: 0.0 ms]
   [Code Root Purge: 0.0 ms]
   [Clear CT: 1.9 ms]
   [Other: 3.0 ms]
      [Choose CSet: 0.0 ms]
      [Ref Proc: 1.2 ms]
      [Ref Enq: 0.0 ms]
      [Redirty Cards: 1.5 ms]
      [Humongous Register: 0.0 ms]
      [Humongous Reclaim: 0.0 ms]
      [Free CSet: 0.1 ms]
   [Eden: 152.0M(152.0M)->0.0B(152.0M) Survivors: 1024.0K->1024.0K Heap: 182.5M(256.0M)->31242.9K(256.0M)]
Heap after GC invocations=431 (full 0):
 garbage-first heap   total 262144K, used 31242K [0x00000000f0000000, 0x00000000f0100800, 0x0000000100000000)
  region size 1024K, 1 young (1024K), 1 survivors (1024K)
 Metaspace       used 52857K, capacity 56076K, committed 56192K, reserved 1097728K
  class space    used 6460K, capacity 7028K, committed 7040K, reserved 1048576K
}
 [Times: user=0.03 sys=0.00, real=0.01 secs] 
{Heap before GC invocations=431 (full 0):
 garbage-first heap   total 262144K, used 186890K [0x00000000f0000000, 0x00000000f0100800, 0x0000000100000000)
  region size 1024K, 153 young (156672K), 1 survivors (1024K)
 Metaspace       used 52857K, capacity 56076K, committed 56192K, reserved 1097728K
  class space    used 6460K, capacity 7028K, committed 7040K, reserved 1048576K
2023-10-03T06:53:01.423+0800: 489.287: [GC pause (G1 Evacuation Pause) (young), 0.0078701 secs]
   [Parallel Time: 3.4 ms, GC Workers: 10]
      [GC Worker Start (ms): Min: 489286.9, Avg: 489287.1, Max: 489287.4, Diff: 0.5]
      [Ext Root Scanning (ms): Min: 0.9, Avg: 1.2, Max: 1.8, Diff: 0.9, Sum: 11.6]
      [Update RS (ms): Min: 0.3, Avg: 0.5, Max: 0.6, Diff: 0.3, Sum: 4.7]
         [Processed Buffers: Min: 3, Avg: 5.5, Max: 9, Diff: 6, Sum: 55]
      [Scan RS (ms): Min: 0.0, Avg: 0.1, Max: 0.1, Diff: 0.1, Sum: 0.6]
      [Code Root Scanning (ms): Min: 0.0, Avg: 0.0, Max: 0.0, Diff: 0.0, Sum: 0.0]
      [Object Copy (ms): Min: 0.4, Avg: 0.6, Max: 0.7, Diff: 0.3, Sum: 5.8]
      [Termination (ms): Min: 0.0, Avg: 0.0, Max: 0.0, Diff: 0.0, Sum: 0.0]
         [Termination Attempts: Min: 1, Avg: 1.3, Max: 2, Diff: 1, Sum: 13]
      [GC Worker Other (ms): Min: 0.0, Avg: 0.1, Max: 0.1, Diff: 0.1, Sum: 0.5]
      [GC Worker Total (ms): Min: 2.1, Avg: 2.3, Max: 2.6, Diff: 0.5, Sum: 23.3]
      [GC Worker End (ms): Min: 489289.5, Avg: 489289.5, Max: 489289.6, Diff: 0.1]
   [Code Root Fixup: 0.0 ms]
   [Code Root Purge: 0.0 ms]
   [Clear CT: 1.4 ms]
   [Other: 3.1 ms]
      [Choose CSet: 0.0 ms]
      [Ref Proc: 1.4 ms]
      [Ref Enq: 0.0 ms]
      [Redirty Cards: 1.4 ms]
      [Humongous Register: 0.0 ms]
      [Humongous Reclaim: 0.0 ms]
      [Free CSet: 0.1 ms]
   [Eden: 152.0M(152.0M)->0.0B(152.0M) Survivors: 1024.0K->1024.0K Heap: 182.5M(256.0M)->31188.2K(256.0M)]
Heap after GC invocations=432 (full 0):
 garbage-first heap   total 262144K, used 31188K [0x00000000f0000000, 0x00000000f0100800, 0x0000000100000000)
  region size 1024K, 1 young (1024K), 1 survivors (1024K)
 Metaspace       used 52857K, capacity 56076K, committed 56192K, reserved 1097728K
  class space    used 6460K, capacity 7028K, committed 7040K, reserved 1048576K
}
 [Times: user=0.02 sys=0.00, real=0.01 secs] 
{Heap before GC invocations=432 (full 0):
 garbage-first heap   total 262144K, used 186836K [0x00000000f0000000, 0x00000000f0100800, 0x0000000100000000)
  region size 1024K, 153 young (156672K), 1 survivors (1024K)
 Metaspace       used 52857K, capacity 56076K, committed 56192K, reserved 1097728K
  class space    used 6460K, capacity 7028K, committed 7040K, reserved 1048576K
2023-10-03T06:53:02.216+0800: 490.079: [GC pause (G1 Evacuation Pause) (young), 0.0076001 secs]
   [Parallel Time: 3.2 ms, GC Workers: 10]
      [GC Worker Start (ms): Min: 490079.3, Avg: 490079.6, Max: 490079.8, Diff: 0.5]
      [Ext Root Scanning (ms): Min: 1.0, Avg: 1.2, Max: 1.6, Diff: 0.6, Sum: 11.9]
      [Update RS (ms): Min: 0.4, Avg: 0.5, Max: 0.5, Diff: 0.1, Sum: 4.8]
         [Processed Buffers: Min: 1, Avg: 5.4, Max: 10, Diff: 9, Sum: 54]
      [Scan RS (ms): Min: 0.0, Avg: 0.1, Max: 0.1, Diff: 0.1, Sum: 0.5]
      [Code Root Scanning (ms): Min: 0.0, Avg: 0.0, Max: 0.0, Diff: 0.0, Sum: 0.0]
      [Object Copy (ms): Min: 0.4, Avg: 0.5, Max: 0.6, Diff: 0.2, Sum: 5.4]
      [Termination (ms): Min: 0.0, Avg: 0.0, Max: 0.0, Diff: 0.0, Sum: 0.0]
         [Termination Attempts: Min: 1, Avg: 1.2, Max: 2, Diff: 1, Sum: 12]
      [GC Worker Other (ms): Min: 0.0, Avg: 0.0, Max: 0.1, Diff: 0.1, Sum: 0.4]
      [GC Worker Total (ms): Min: 2.1, Avg: 2.3, Max: 2.5, Diff: 0.4, Sum: 23.1]
      [GC Worker End (ms): Min: 490081.9, Avg: 490081.9, Max: 490081.9, Diff: 0.1]
   [Code Root Fixup: 0.0 ms]
   [Code Root Purge: 0.0 ms]
   [Clear CT: 1.5 ms]
   [Other: 2.9 ms]
      [Choose CSet: 0.0 ms]
      [Ref Proc: 1.4 ms]
      [Ref Enq: 0.0 ms]
      [Redirty Cards: 1.2 ms]
      [Humongous Register: 0.0 ms]
      [Humongous Reclaim: 0.0 ms]
      [Free CSet: 0.1 ms]
   [Eden: 152.0M(152.0M)->0.0B(152.0M) Survivors: 1024.0K->1024.0K Heap: 182.5M(256.0M)->31271.5K(256.0M)]
Heap after GC invocations=433 (full 0):
 garbage-first heap   total 262144K, used 31271K [0x00000000f0000000, 0x00000000f0100800, 0x0000000100000000)
  region size 1024K, 1 young (1024K), 1 survivors (1024K)
 Metaspace       used 52857K, capacity 56076K, committed 56192K, reserved 1097728K
  class space    used 6460K, capacity 7028K, committed 7040K, reserved 1048576K
}
 [Times: user=0.02 sys=0.01, real=0.01 secs] 
{Heap before GC invocations=433 (full 0):
 garbage-first heap   total 262144K, used 186919K [0x00000000f0000000, 0x00000000f0100800, 0x0000000100000000)
  region size 1024K, 153 young (156672K), 1 survivors (1024K)
 Metaspace       used 52857K, capacity 56076K, committed 56192K, reserved 1097728K
  class space    used 6460K, capacity 7028K, committed 7040K, reserved 1048576K
2023-10-03T06:53:03.029+0800: 490.893: [GC pause (G1 Evacuation Pause) (young), 0.0075585 secs]
   [Parallel Time: 3.4 ms, GC Workers: 10]
      [GC Worker Start (ms): Min: 490892.8, Avg: 490893.0, Max: 490893.2, Diff: 0.4]
      [Ext Root Scanning (ms): Min: 1.0, Avg: 1.2, Max: 1.5, Diff: 0.5, Sum: 12.3]
      [Update RS (ms): Min: 0.4, Avg: 0.5, Max: 0.6, Diff: 0.2, Sum: 4.8]
         [Processed Buffers: Min: 1, Avg: 5.5, Max: 11, Diff: 10, Sum: 55]
      [Scan RS (ms): Min: 0.0, Avg: 0.1, Max: 0.1, Diff: 0.1, Sum: 0.7]
      [Code Root Scanning (ms): Min: 0.0, Avg: 0.0, Max: 0.0, Diff: 0.0, Sum: 0.0]
      [Object Copy (ms): Min: 0.4, Avg: 0.5, Max: 0.7, Diff: 0.3, Sum: 5.5]
      [Termination (ms): Min: 0.0, Avg: 0.0, Max: 0.0, Diff: 0.0, Sum: 0.0]
         [Termination Attempts: Min: 1, Avg: 1.0, Max: 1, Diff: 0, Sum: 10]
      [GC Worker Other (ms): Min: 0.0, Avg: 0.1, Max: 0.2, Diff: 0.1, Sum: 0.5]
      [GC Worker Total (ms): Min: 2.1, Avg: 2.4, Max: 2.7, Diff: 0.5, Sum: 23.8]
      [GC Worker End (ms): Min: 490895.4, Avg: 490895.4, Max: 490895.5, Diff: 0.1]
   [Code Root Fixup: 0.0 ms]
   [Code Root Purge: 0.0 ms]
   [Clear CT: 1.2 ms]
   [Other: 3.0 ms]
      [Choose CSet: 0.0 ms]
      [Ref Proc: 1.5 ms]
      [Ref Enq: 0.0 ms]
      [Redirty Cards: 1.2 ms]
      [Humongous Register: 0.0 ms]
      [Humongous Reclaim: 0.0 ms]
      [Free CSet: 0.1 ms]
   [Eden: 152.0M(152.0M)->0.0B(152.0M) Survivors: 1024.0K->1024.0K Heap: 182.5M(256.0M)->31290.6K(256.0M)]
Heap after GC invocations=434 (full 0):
 garbage-first heap   total 262144K, used 31290K [0x00000000f0000000, 0x00000000f0100800, 0x0000000100000000)
  region size 1024K, 1 young (1024K), 1 survivors (1024K)
 Metaspace       used 52857K, capacity 56076K, committed 56192K, reserved 1097728K
  class space    used 6460K, capacity 7028K, committed 7040K, reserved 1048576K
}
 [Times: user=0.03 sys=0.01, real=0.01 secs] 
{Heap before GC invocations=434 (full 0):
 garbage-first heap   total 262144K, used 186938K [0x00000000f0000000, 0x00000000f0100800, 0x0000000100000000)
  region size 1024K, 153 young (156672K), 1 survivors (1024K)
 Metaspace       used 52857K, capacity 56076K, committed 56192K, reserved 1097728K
  class space    used 6460K, capacity 7028K, committed 7040K, reserved 1048576K
2023-10-03T06:53:03.855+0800: 491.718: [GC pause (G1 Evacuation Pause) (young), 0.0068979 secs]
   [Parallel Time: 2.8 ms, GC Workers: 10]
      [GC Worker Start (ms): Min: 491718.3, Avg: 491718.6, Max: 491718.8, Diff: 0.4]
      [Ext Root Scanning (ms): Min: 1.1, Avg: 1.3, Max: 1.6, Diff: 0.5, Sum: 12.8]
      [Update RS (ms): Min: 0.3, Avg: 0.5, Max: 0.6, Diff: 0.3, Sum: 4.8]
         [Processed Buffers: Min: 2, Avg: 5.7, Max: 9, Diff: 7, Sum: 57]
      [Scan RS (ms): Min: 0.0, Avg: 0.1, Max: 0.1, Diff: 0.1, Sum: 0.6]
      [Code Root Scanning (ms): Min: 0.0, Avg: 0.0, Max: 0.0, Diff: 0.0, Sum: 0.0]
      [Object Copy (ms): Min: 0.4, Avg: 0.6, Max: 0.8, Diff: 0.3, Sum: 6.1]
      [Termination (ms): Min: 0.0, Avg: 0.0, Max: 0.0, Diff: 0.0, Sum: 0.0]
         [Termination Attempts: Min: 1, Avg: 1.1, Max: 2, Diff: 1, Sum: 11]
      [GC Worker Other (ms): Min: 0.0, Avg: 0.0, Max: 0.0, Diff: 0.0, Sum: 0.3]
      [GC Worker Total (ms): Min: 2.3, Avg: 2.5, Max: 2.7, Diff: 0.5, Sum: 24.8]
      [GC Worker End (ms): Min: 491721.0, Avg: 491721.0, Max: 491721.0, Diff: 0.0]
   [Code Root Fixup: 0.0 ms]
   [Code Root Purge: 0.0 ms]
   [Clear CT: 1.3 ms]
   [Other: 2.7 ms]
      [Choose CSet: 0.0 ms]
      [Ref Proc: 1.2 ms]
      [Ref Enq: 0.0 ms]
      [Redirty Cards: 1.2 ms]
      [Humongous Register: 0.0 ms]
      [Humongous Reclaim: 0.0 ms]
      [Free CSet: 0.1 ms]
   [Eden: 152.0M(152.0M)->0.0B(152.0M) Survivors: 1024.0K->1024.0K Heap: 182.6M(256.0M)->31319.8K(256.0M)]
Heap after GC invocations=435 (full 0):
 garbage-first heap   total 262144K, used 31319K [0x00000000f0000000, 0x00000000f0100800, 0x0000000100000000)
  region size 1024K, 1 young (1024K), 1 survivors (1024K)
 Metaspace       used 52857K, capacity 56076K, committed 56192K, reserved 1097728K
  class space    used 6460K, capacity 7028K, committed 7040K, reserved 1048576K
}
 [Times: user=0.03 sys=0.00, real=0.01 secs] 
{Heap before GC invocations=435 (full 0):
 garbage-first heap   total 262144K, used 186967K [0x00000000f0000000, 0x00000000f0100800, 0x0000000100000000)
  region size 1024K, 153 young (156672K), 1 survivors (1024K)
 Metaspace       used 52857K, capacity 56076K, committed 56192K, reserved 1097728K
  class space    used 6460K, capacity 7028K, committed 7040K, reserved 1048576K
2023-10-03T06:53:04.663+0800: 492.526: [GC pause (G1 Evacuation Pause) (young), 0.0070865 secs]
   [Parallel Time: 3.2 ms, GC Workers: 10]
      [GC Worker Start (ms): Min: 492526.5, Avg: 492526.8, Max: 492527.0, Diff: 0.5]
      [Ext Root Scanning (ms): Min: 0.9, Avg: 1.2, Max: 1.5, Diff: 0.6, Sum: 12.2]
      [Update RS (ms): Min: 0.4, Avg: 0.5, Max: 0.6, Diff: 0.2, Sum: 4.7]
         [Processed Buffers: Min: 1, Avg: 5.7, Max: 11, Diff: 10, Sum: 57]
      [Scan RS (ms): Min: 0.0, Avg: 0.1, Max: 0.1, Diff: 0.1, Sum: 0.7]
      [Code Root Scanning (ms): Min: 0.0, Avg: 0.0, Max: 0.0, Diff: 0.0, Sum: 0.0]
      [Object Copy (ms): Min: 0.4, Avg: 0.6, Max: 0.6, Diff: 0.2, Sum: 5.6]
      [Termination (ms): Min: 0.0, Avg: 0.0, Max: 0.0, Diff: 0.0, Sum: 0.0]
         [Termination Attempts: Min: 1, Avg: 1.0, Max: 1, Diff: 0, Sum: 10]
      [GC Worker Other (ms): Min: 0.0, Avg: 0.1, Max: 0.2, Diff: 0.1, Sum: 0.5]
      [GC Worker Total (ms): Min: 2.1, Avg: 2.4, Max: 2.6, Diff: 0.5, Sum: 23.7]
      [GC Worker End (ms): Min: 492529.1, Avg: 492529.1, Max: 492529.2, Diff: 0.1]
   [Code Root Fixup: 0.0 ms]
   [Code Root Purge: 0.0 ms]
   [Clear CT: 1.1 ms]
   [Other: 2.7 ms]
      [Choose CSet: 0.0 ms]
      [Ref Proc: 1.3 ms]
      [Ref Enq: 0.0 ms]
      [Redirty Cards: 1.1 ms]
      [Humongous Register: 0.0 ms]
      [Humongous Reclaim: 0.0 ms]
      [Free CSet: 0.1 ms]
   [Eden: 152.0M(152.0M)->0.0B(152.0M) Survivors: 1024.0K->1024.0K Heap: 182.6M(256.0M)->31242.0K(256.0M)]
Heap after GC invocations=436 (full 0):
 garbage-first heap   total 262144K, used 31242K [0x00000000f0000000, 0x00000000f0100800, 0x0000000100000000)
  region size 1024K, 1 young (1024K), 1 survivors (1024K)
 Metaspace       used 52857K, capacity 56076K, committed 56192K, reserved 1097728K
  class space    used 6460K, capacity 7028K, committed 7040K, reserved 1048576K
}
 [Times: user=0.02 sys=0.00, real=0.01 secs] 
{Heap before GC invocations=436 (full 0):
 garbage-first heap   total 262144K, used 186890K [0x00000000f0000000, 0x00000000f0100800, 0x0000000100000000)
  region size 1024K, 153 young (156672K), 1 survivors (1024K)
 Metaspace       used 52857K, capacity 56076K, committed 56192K, reserved 1097728K
  class space    used 6460K, capacity 7028K, committed 7040K, reserved 1048576K
2023-10-03T06:53:05.461+0800: 493.324: [GC pause (G1 Evacuation Pause) (young), 0.0076406 secs]
   [Parallel Time: 3.3 ms, GC Workers: 10]
      [GC Worker Start (ms): Min: 493324.4, Avg: 493324.6, Max: 493324.8, Diff: 0.4]
      [Ext Root Scanning (ms): Min: 1.0, Avg: 1.2, Max: 1.5, Diff: 0.5, Sum: 12.0]
      [Update RS (ms): Min: 0.5, Avg: 0.5, Max: 0.6, Diff: 0.1, Sum: 5.2]
         [Processed Buffers: Min: 2, Avg: 5.6, Max: 9, Diff: 7, Sum: 56]
      [Scan RS (ms): Min: 0.0, Avg: 0.1, Max: 0.1, Diff: 0.1, Sum: 0.7]
      [Code Root Scanning (ms): Min: 0.0, Avg: 0.0, Max: 0.0, Diff: 0.0, Sum: 0.0]
      [Object Copy (ms): Min: 0.4, Avg: 0.5, Max: 0.6, Diff: 0.2, Sum: 5.2]
      [Termination (ms): Min: 0.0, Avg: 0.0, Max: 0.0, Diff: 0.0, Sum: 0.0]
         [Termination Attempts: Min: 1, Avg: 1.0, Max: 1, Diff: 0, Sum: 10]
      [GC Worker Other (ms): Min: 0.0, Avg: 0.0, Max: 0.1, Diff: 0.1, Sum: 0.4]
      [GC Worker Total (ms): Min: 2.2, Avg: 2.4, Max: 2.6, Diff: 0.4, Sum: 23.6]
      [GC Worker End (ms): Min: 493327.0, Avg: 493327.0, Max: 493327.0, Diff: 0.1]
   [Code Root Fixup: 0.0 ms]
   [Code Root Purge: 0.0 ms]
   [Clear CT: 1.2 ms]
   [Other: 3.1 ms]
      [Choose CSet: 0.0 ms]
      [Ref Proc: 1.4 ms]
      [Ref Enq: 0.0 ms]
      [Redirty Cards: 1.5 ms]
      [Humongous Register: 0.0 ms]
      [Humongous Reclaim: 0.0 ms]
      [Free CSet: 0.1 ms]
   [Eden: 152.0M(152.0M)->0.0B(152.0M) Survivors: 1024.0K->1024.0K Heap: 182.5M(256.0M)->31335.8K(256.0M)]
Heap after GC invocations=437 (full 0):
 garbage-first heap   total 262144K, used 31335K [0x00000000f0000000, 0x00000000f0100800, 0x0000000100000000)
  region size 1024K, 1 young (1024K), 1 survivors (1024K)
 Metaspace       used 52857K, capacity 56076K, committed 56192K, reserved 1097728K
  class space    used 6460K, capacity 7028K, committed 7040K, reserved 1048576K
}
 [Times: user=0.03 sys=0.00, real=0.00 secs] 
{Heap before GC invocations=437 (full 0):
 garbage-first heap   total 262144K, used 186983K [0x00000000f0000000, 0x00000000f0100800, 0x0000000100000000)
  region size 1024K, 153 young (156672K), 1 survivors (1024K)
 Metaspace       used 52857K, capacity 56076K, committed 56192K, reserved 1097728K
  class space    used 6460K, capacity 7028K, committed 7040K, reserved 1048576K
2023-10-03T06:53:06.276+0800: 494.140: [GC pause (G1 Evacuation Pause) (young), 0.0071428 secs]
   [Parallel Time: 3.2 ms, GC Workers: 10]
      [GC Worker Start (ms): Min: 494139.7, Avg: 494140.0, Max: 494140.2, Diff: 0.5]
      [Ext Root Scanning (ms): Min: 1.0, Avg: 1.2, Max: 1.6, Diff: 0.6, Sum: 12.4]
      [Update RS (ms): Min: 0.4, Avg: 0.5, Max: 0.5, Diff: 0.1, Sum: 4.7]
         [Processed Buffers: Min: 3, Avg: 5.6, Max: 8, Diff: 5, Sum: 56]
      [Scan RS (ms): Min: 0.0, Avg: 0.1, Max: 0.1, Diff: 0.1, Sum: 0.7]
      [Code Root Scanning (ms): Min: 0.0, Avg: 0.0, Max: 0.0, Diff: 0.0, Sum: 0.0]
      [Object Copy (ms): Min: 0.4, Avg: 0.5, Max: 0.6, Diff: 0.2, Sum: 5.3]
      [Termination (ms): Min: 0.0, Avg: 0.0, Max: 0.0, Diff: 0.0, Sum: 0.0]
         [Termination Attempts: Min: 1, Avg: 1.0, Max: 1, Diff: 0, Sum: 10]
      [GC Worker Other (ms): Min: 0.0, Avg: 0.0, Max: 0.1, Diff: 0.1, Sum: 0.5]
      [GC Worker Total (ms): Min: 2.1, Avg: 2.4, Max: 2.7, Diff: 0.6, Sum: 23.6]
      [GC Worker End (ms): Min: 494142.3, Avg: 494142.4, Max: 494142.4, Diff: 0.1]
   [Code Root Fixup: 0.0 ms]
   [Code Root Purge: 0.0 ms]
   [Clear CT: 1.2 ms]
   [Other: 2.8 ms]
      [Choose CSet: 0.0 ms]
      [Ref Proc: 1.5 ms]
      [Ref Enq: 0.0 ms]
      [Redirty Cards: 1.0 ms]
      [Humongous Register: 0.0 ms]
      [Humongous Reclaim: 0.0 ms]
      [Free CSet: 0.1 ms]
   [Eden: 152.0M(152.0M)->0.0B(152.0M) Survivors: 1024.0K->1024.0K Heap: 182.6M(256.0M)->31221.0K(256.0M)]
Heap after GC invocations=438 (full 0):
 garbage-first heap   total 262144K, used 31220K [0x00000000f0000000, 0x00000000f0100800, 0x0000000100000000)
  region size 1024K, 1 young (1024K), 1 survivors (1024K)
 Metaspace       used 52857K, capacity 56076K, committed 56192K, reserved 1097728K
  class space    used 6460K, capacity 7028K, committed 7040K, reserved 1048576K
}
 [Times: user=0.02 sys=0.01, real=0.01 secs] 
{Heap before GC invocations=438 (full 0):
 garbage-first heap   total 262144K, used 186868K [0x00000000f0000000, 0x00000000f0100800, 0x0000000100000000)
  region size 1024K, 153 young (156672K), 1 survivors (1024K)
 Metaspace       used 52857K, capacity 56076K, committed 56192K, reserved 1097728K
  class space    used 6460K, capacity 7028K, committed 7040K, reserved 1048576K
2023-10-03T06:53:07.127+0800: 494.990: [GC pause (G1 Evacuation Pause) (young), 0.0078345 secs]
   [Parallel Time: 3.4 ms, GC Workers: 10]
      [GC Worker Start (ms): Min: 494990.3, Avg: 494990.6, Max: 494990.9, Diff: 0.5]
      [Ext Root Scanning (ms): Min: 1.0, Avg: 1.2, Max: 1.5, Diff: 0.6, Sum: 12.2]
      [Update RS (ms): Min: 0.4, Avg: 0.5, Max: 0.5, Diff: 0.2, Sum: 4.7]
         [Processed Buffers: Min: 2, Avg: 5.4, Max: 11, Diff: 9, Sum: 54]
      [Scan RS (ms): Min: 0.0, Avg: 0.1, Max: 0.1, Diff: 0.1, Sum: 0.6]
      [Code Root Scanning (ms): Min: 0.0, Avg: 0.0, Max: 0.0, Diff: 0.0, Sum: 0.0]
      [Object Copy (ms): Min: 0.4, Avg: 0.5, Max: 0.6, Diff: 0.2, Sum: 5.4]
      [Termination (ms): Min: 0.0, Avg: 0.0, Max: 0.0, Diff: 0.0, Sum: 0.0]
         [Termination Attempts: Min: 1, Avg: 1.1, Max: 2, Diff: 1, Sum: 11]
      [GC Worker Other (ms): Min: 0.0, Avg: 0.0, Max: 0.1, Diff: 0.1, Sum: 0.4]
      [GC Worker Total (ms): Min: 2.1, Avg: 2.3, Max: 2.7, Diff: 0.6, Sum: 23.3]
      [GC Worker End (ms): Min: 494992.9, Avg: 494992.9, Max: 494993.0, Diff: 0.1]
   [Code Root Fixup: 0.0 ms]
   [Code Root Purge: 0.0 ms]
   [Clear CT: 1.0 ms]
   [Other: 3.4 ms]
      [Choose CSet: 0.0 ms]
      [Ref Proc: 1.7 ms]
      [Ref Enq: 0.0 ms]
      [Redirty Cards: 1.5 ms]
      [Humongous Register: 0.0 ms]
      [Humongous Reclaim: 0.0 ms]
      [Free CSet: 0.1 ms]
   [Eden: 152.0M(152.0M)->0.0B(152.0M) Survivors: 1024.0K->1024.0K Heap: 182.5M(256.0M)->31313.9K(256.0M)]
Heap after GC invocations=439 (full 0):
 garbage-first heap   total 262144K, used 31313K [0x00000000f0000000, 0x00000000f0100800, 0x0000000100000000)
  region size 1024K, 1 young (1024K), 1 survivors (1024K)
 Metaspace       used 52857K, capacity 56076K, committed 56192K, reserved 1097728K
  class space    used 6460K, capacity 7028K, committed 7040K, reserved 1048576K
}
 [Times: user=0.03 sys=0.00, real=0.01 secs] 
{Heap before GC invocations=439 (full 0):
 garbage-first heap   total 262144K, used 186961K [0x00000000f0000000, 0x00000000f0100800, 0x0000000100000000)
  region size 1024K, 153 young (156672K), 1 survivors (1024K)
 Metaspace       used 52857K, capacity 56076K, committed 56192K, reserved 1097728K
  class space    used 6460K, capacity 7028K, committed 7040K, reserved 1048576K
2023-10-03T06:53:07.938+0800: 495.802: [GC pause (G1 Evacuation Pause) (young), 0.0079921 secs]
   [Parallel Time: 3.4 ms, GC Workers: 10]
      [GC Worker Start (ms): Min: 495801.9, Avg: 495802.2, Max: 495802.4, Diff: 0.5]
      [Ext Root Scanning (ms): Min: 1.1, Avg: 1.2, Max: 1.6, Diff: 0.5, Sum: 12.5]
      [Update RS (ms): Min: 0.4, Avg: 0.5, Max: 0.6, Diff: 0.2, Sum: 4.8]
         [Processed Buffers: Min: 1, Avg: 5.5, Max: 9, Diff: 8, Sum: 55]
      [Scan RS (ms): Min: 0.0, Avg: 0.1, Max: 0.1, Diff: 0.1, Sum: 0.6]
      [Code Root Scanning (ms): Min: 0.0, Avg: 0.0, Max: 0.0, Diff: 0.0, Sum: 0.0]
      [Object Copy (ms): Min: 0.4, Avg: 0.5, Max: 0.6, Diff: 0.3, Sum: 5.2]
      [Termination (ms): Min: 0.0, Avg: 0.0, Max: 0.0, Diff: 0.0, Sum: 0.0]
         [Termination Attempts: Min: 1, Avg: 1.0, Max: 1, Diff: 0, Sum: 10]
      [GC Worker Other (ms): Min: 0.0, Avg: 0.0, Max: 0.1, Diff: 0.1, Sum: 0.5]
      [GC Worker Total (ms): Min: 2.1, Avg: 2.4, Max: 2.7, Diff: 0.5, Sum: 23.6]
      [GC Worker End (ms): Min: 495804.5, Avg: 495804.5, Max: 495804.6, Diff: 0.1]
   [Code Root Fixup: 0.0 ms]
   [Code Root Purge: 0.0 ms]
   [Clear CT: 1.7 ms]
   [Other: 2.9 ms]
      [Choose CSet: 0.0 ms]
      [Ref Proc: 1.3 ms]
      [Ref Enq: 0.0 ms]
      [Redirty Cards: 1.3 ms]
      [Humongous Register: 0.0 ms]
      [Humongous Reclaim: 0.0 ms]
      [Free CSet: 0.1 ms]
   [Eden: 152.0M(152.0M)->0.0B(152.0M) Survivors: 1024.0K->1024.0K Heap: 182.6M(256.0M)->31211.5K(256.0M)]
Heap after GC invocations=440 (full 0):
 garbage-first heap   total 262144K, used 31211K [0x00000000f0000000, 0x00000000f0100800, 0x0000000100000000)
  region size 1024K, 1 young (1024K), 1 survivors (1024K)
 Metaspace       used 52857K, capacity 56076K, committed 56192K, reserved 1097728K
  class space    used 6460K, capacity 7028K, committed 7040K, reserved 1048576K
}
 [Times: user=0.03 sys=0.00, real=0.01 secs] 
{Heap before GC invocations=440 (full 0):
 garbage-first heap   total 262144K, used 186859K [0x00000000f0000000, 0x00000000f0100800, 0x0000000100000000)
  region size 1024K, 153 young (156672K), 1 survivors (1024K)
 Metaspace       used 52857K, capacity 56076K, committed 56192K, reserved 1097728K
  class space    used 6460K, capacity 7028K, committed 7040K, reserved 1048576K
2023-10-03T06:53:08.750+0800: 496.613: [GC pause (G1 Evacuation Pause) (young), 0.0072994 secs]
   [Parallel Time: 3.3 ms, GC Workers: 10]
      [GC Worker Start (ms): Min: 496613.6, Avg: 496613.9, Max: 496614.1, Diff: 0.5]
      [Ext Root Scanning (ms): Min: 0.9, Avg: 1.2, Max: 1.6, Diff: 0.7, Sum: 11.7]
      [Update RS (ms): Min: 0.4, Avg: 0.5, Max: 0.6, Diff: 0.2, Sum: 4.7]
         [Processed Buffers: Min: 2, Avg: 5.6, Max: 9, Diff: 7, Sum: 56]
      [Scan RS (ms): Min: 0.0, Avg: 0.1, Max: 0.1, Diff: 0.1, Sum: 0.6]
      [Code Root Scanning (ms): Min: 0.0, Avg: 0.0, Max: 0.0, Diff: 0.0, Sum: 0.0]
      [Object Copy (ms): Min: 0.4, Avg: 0.6, Max: 0.7, Diff: 0.3, Sum: 5.5]
      [Termination (ms): Min: 0.0, Avg: 0.0, Max: 0.0, Diff: 0.0, Sum: 0.1]
         [Termination Attempts: Min: 1, Avg: 1.1, Max: 2, Diff: 1, Sum: 11]
      [GC Worker Other (ms): Min: 0.0, Avg: 0.0, Max: 0.1, Diff: 0.1, Sum: 0.5]
      [GC Worker Total (ms): Min: 2.1, Avg: 2.3, Max: 2.6, Diff: 0.5, Sum: 23.1]
      [GC Worker End (ms): Min: 496616.1, Avg: 496616.2, Max: 496616.2, Diff: 0.1]
   [Code Root Fixup: 0.0 ms]
   [Code Root Purge: 0.0 ms]
   [Clear CT: 1.2 ms]
   [Other: 2.8 ms]
      [Choose CSet: 0.0 ms]
      [Ref Proc: 1.3 ms]
      [Ref Enq: 0.0 ms]
      [Redirty Cards: 1.3 ms]
      [Humongous Register: 0.0 ms]
      [Humongous Reclaim: 0.0 ms]
      [Free CSet: 0.1 ms]
   [Eden: 152.0M(152.0M)->0.0B(152.0M) Survivors: 1024.0K->1024.0K Heap: 182.5M(256.0M)->31293.6K(256.0M)]
Heap after GC invocations=441 (full 0):
 garbage-first heap   total 262144K, used 31293K [0x00000000f0000000, 0x00000000f0100800, 0x0000000100000000)
  region size 1024K, 1 young (1024K), 1 survivors (1024K)
 Metaspace       used 52857K, capacity 56076K, committed 56192K, reserved 1097728K
  class space    used 6460K, capacity 7028K, committed 7040K, reserved 1048576K
}
 [Times: user=0.02 sys=0.01, real=0.00 secs] 
{Heap before GC invocations=441 (full 0):
 garbage-first heap   total 262144K, used 186941K [0x00000000f0000000, 0x00000000f0100800, 0x0000000100000000)
  region size 1024K, 153 young (156672K), 1 survivors (1024K)
 Metaspace       used 52857K, capacity 56076K, committed 56192K, reserved 1097728K
  class space    used 6460K, capacity 7028K, committed 7040K, reserved 1048576K
2023-10-03T06:53:09.527+0800: 497.391: [GC pause (G1 Evacuation Pause) (young), 0.0069131 secs]
   [Parallel Time: 2.7 ms, GC Workers: 10]
      [GC Worker Start (ms): Min: 497390.7, Avg: 497390.9, Max: 497391.1, Diff: 0.5]
      [Ext Root Scanning (ms): Min: 0.9, Avg: 1.2, Max: 1.5, Diff: 0.6, Sum: 11.9]
      [Update RS (ms): Min: 0.4, Avg: 0.5, Max: 0.5, Diff: 0.1, Sum: 4.9]
         [Processed Buffers: Min: 2, Avg: 5.6, Max: 8, Diff: 6, Sum: 56]
      [Scan RS (ms): Min: 0.0, Avg: 0.1, Max: 0.1, Diff: 0.1, Sum: 0.8]
      [Code Root Scanning (ms): Min: 0.0, Avg: 0.0, Max: 0.0, Diff: 0.0, Sum: 0.0]
      [Object Copy (ms): Min: 0.4, Avg: 0.5, Max: 0.7, Diff: 0.3, Sum: 5.3]
      [Termination (ms): Min: 0.0, Avg: 0.0, Max: 0.0, Diff: 0.0, Sum: 0.0]
         [Termination Attempts: Min: 1, Avg: 1.0, Max: 1, Diff: 0, Sum: 10]
      [GC Worker Other (ms): Min: 0.0, Avg: 0.1, Max: 0.2, Diff: 0.1, Sum: 0.7]
      [GC Worker Total (ms): Min: 2.2, Avg: 2.4, Max: 2.6, Diff: 0.5, Sum: 23.6]
      [GC Worker End (ms): Min: 497393.3, Avg: 497393.3, Max: 497393.3, Diff: 0.0]
   [Code Root Fixup: 0.0 ms]
   [Code Root Purge: 0.0 ms]
   [Clear CT: 1.2 ms]
   [Other: 3.0 ms]
      [Choose CSet: 0.0 ms]
      [Ref Proc: 1.5 ms]
      [Ref Enq: 0.0 ms]
      [Redirty Cards: 1.2 ms]
      [Humongous Register: 0.0 ms]
      [Humongous Reclaim: 0.0 ms]
      [Free CSet: 0.2 ms]
   [Eden: 152.0M(152.0M)->0.0B(152.0M) Survivors: 1024.0K->1024.0K Heap: 182.6M(256.0M)->31238.2K(256.0M)]
Heap after GC invocations=442 (full 0):
 garbage-first heap   total 262144K, used 31238K [0x00000000f0000000, 0x00000000f0100800, 0x0000000100000000)
  region size 1024K, 1 young (1024K), 1 survivors (1024K)
 Metaspace       used 52857K, capacity 56076K, committed 56192K, reserved 1097728K
  class space    used 6460K, capacity 7028K, committed 7040K, reserved 1048576K
}
 [Times: user=0.03 sys=0.00, real=0.01 secs] 
{Heap before GC invocations=442 (full 0):
 garbage-first heap   total 262144K, used 186886K [0x00000000f0000000, 0x00000000f0100800, 0x0000000100000000)
  region size 1024K, 153 young (156672K), 1 survivors (1024K)
 Metaspace       used 52857K, capacity 56076K, committed 56192K, reserved 1097728K
  class space    used 6460K, capacity 7028K, committed 7040K, reserved 1048576K
2023-10-03T06:53:10.340+0800: 498.204: [GC pause (G1 Evacuation Pause) (young), 0.0073581 secs]
   [Parallel Time: 3.2 ms, GC Workers: 10]
      [GC Worker Start (ms): Min: 498203.9, Avg: 498204.1, Max: 498204.4, Diff: 0.5]
      [Ext Root Scanning (ms): Min: 0.9, Avg: 1.1, Max: 1.4, Diff: 0.5, Sum: 11.3]
      [Update RS (ms): Min: 0.3, Avg: 0.5, Max: 0.5, Diff: 0.2, Sum: 4.7]
         [Processed Buffers: Min: 2, Avg: 5.6, Max: 10, Diff: 8, Sum: 56]
      [Scan RS (ms): Min: 0.0, Avg: 0.1, Max: 0.1, Diff: 0.1, Sum: 0.6]
      [Code Root Scanning (ms): Min: 0.0, Avg: 0.0, Max: 0.0, Diff: 0.0, Sum: 0.0]
      [Object Copy (ms): Min: 0.4, Avg: 0.5, Max: 0.6, Diff: 0.2, Sum: 5.4]
      [Termination (ms): Min: 0.0, Avg: 0.0, Max: 0.0, Diff: 0.0, Sum: 0.0]
         [Termination Attempts: Min: 1, Avg: 1.0, Max: 1, Diff: 0, Sum: 10]
      [GC Worker Other (ms): Min: 0.0, Avg: 0.0, Max: 0.1, Diff: 0.1, Sum: 0.4]
      [GC Worker Total (ms): Min: 2.0, Avg: 2.2, Max: 2.5, Diff: 0.5, Sum: 22.3]
      [GC Worker End (ms): Min: 498206.4, Avg: 498206.4, Max: 498206.4, Diff: 0.1]
   [Code Root Fixup: 0.0 ms]
   [Code Root Purge: 0.0 ms]
   [Clear CT: 1.0 ms]
   [Other: 3.1 ms]
      [Choose CSet: 0.0 ms]
      [Ref Proc: 1.5 ms]
      [Ref Enq: 0.0 ms]
      [Redirty Cards: 1.3 ms]
      [Humongous Register: 0.0 ms]
      [Humongous Reclaim: 0.0 ms]
      [Free CSet: 0.1 ms]
   [Eden: 152.0M(152.0M)->0.0B(152.0M) Survivors: 1024.0K->1024.0K Heap: 182.5M(256.0M)->31167.4K(256.0M)]
Heap after GC invocations=443 (full 0):
 garbage-first heap   total 262144K, used 31167K [0x00000000f0000000, 0x00000000f0100800, 0x0000000100000000)
  region size 1024K, 1 young (1024K), 1 survivors (1024K)
 Metaspace       used 52857K, capacity 56076K, committed 56192K, reserved 1097728K
  class space    used 6460K, capacity 7028K, committed 7040K, reserved 1048576K
}
 [Times: user=0.03 sys=0.00, real=0.00 secs] 
{Heap before GC invocations=443 (full 0):
 garbage-first heap   total 262144K, used 186815K [0x00000000f0000000, 0x00000000f0100800, 0x0000000100000000)
  region size 1024K, 153 young (156672K), 1 survivors (1024K)
 Metaspace       used 52857K, capacity 56076K, committed 56192K, reserved 1097728K
  class space    used 6460K, capacity 7028K, committed 7040K, reserved 1048576K
2023-10-03T06:53:11.229+0800: 499.092: [GC pause (G1 Evacuation Pause) (young), 0.0075078 secs]
   [Parallel Time: 3.1 ms, GC Workers: 10]
      [GC Worker Start (ms): Min: 499092.5, Avg: 499092.8, Max: 499093.0, Diff: 0.5]
      [Ext Root Scanning (ms): Min: 0.9, Avg: 1.1, Max: 1.7, Diff: 0.7, Sum: 11.4]
      [Update RS (ms): Min: 0.3, Avg: 0.5, Max: 0.6, Diff: 0.3, Sum: 4.6]
         [Processed Buffers: Min: 3, Avg: 5.5, Max: 10, Diff: 7, Sum: 55]
      [Scan RS (ms): Min: 0.0, Avg: 0.0, Max: 0.1, Diff: 0.1, Sum: 0.5]
      [Code Root Scanning (ms): Min: 0.0, Avg: 0.0, Max: 0.0, Diff: 0.0, Sum: 0.0]
      [Object Copy (ms): Min: 0.3, Avg: 0.4, Max: 0.5, Diff: 0.2, Sum: 4.1]
      [Termination (ms): Min: 0.0, Avg: 0.0, Max: 0.0, Diff: 0.0, Sum: 0.0]
         [Termination Attempts: Min: 1, Avg: 1.0, Max: 1, Diff: 0, Sum: 10]
      [GC Worker Other (ms): Min: 0.0, Avg: 0.0, Max: 0.1, Diff: 0.1, Sum: 0.4]
      [GC Worker Total (ms): Min: 1.9, Avg: 2.1, Max: 2.4, Diff: 0.4, Sum: 21.0]
      [GC Worker End (ms): Min: 499094.9, Avg: 499094.9, Max: 499095.0, Diff: 0.1]
   [Code Root Fixup: 0.0 ms]
   [Code Root Purge: 0.0 ms]
   [Clear CT: 1.4 ms]
   [Other: 3.0 ms]
      [Choose CSet: 0.0 ms]
      [Ref Proc: 1.5 ms]
      [Ref Enq: 0.0 ms]
      [Redirty Cards: 1.3 ms]
      [Humongous Register: 0.0 ms]
      [Humongous Reclaim: 0.0 ms]
      [Free CSet: 0.1 ms]
   [Eden: 152.0M(152.0M)->0.0B(152.0M) Survivors: 1024.0K->1024.0K Heap: 182.4M(256.0M)->31138.7K(256.0M)]
Heap after GC invocations=444 (full 0):
 garbage-first heap   total 262144K, used 31138K [0x00000000f0000000, 0x00000000f0100800, 0x0000000100000000)
  region size 1024K, 1 young (1024K), 1 survivors (1024K)
 Metaspace       used 52857K, capacity 56076K, committed 56192K, reserved 1097728K
  class space    used 6460K, capacity 7028K, committed 7040K, reserved 1048576K
}
 [Times: user=0.03 sys=0.00, real=0.01 secs] 
{Heap before GC invocations=444 (full 0):
 garbage-first heap   total 262144K, used 186786K [0x00000000f0000000, 0x00000000f0100800, 0x0000000100000000)
  region size 1024K, 153 young (156672K), 1 survivors (1024K)
 Metaspace       used 52860K, capacity 56076K, committed 56192K, reserved 1097728K
  class space    used 6460K, capacity 7028K, committed 7040K, reserved 1048576K
2023-10-03T06:53:12.835+0800: 500.698: [GC pause (G1 Evacuation Pause) (young), 0.0083449 secs]
   [Parallel Time: 4.1 ms, GC Workers: 10]
      [GC Worker Start (ms): Min: 500698.3, Avg: 500698.5, Max: 500698.7, Diff: 0.5]
      [Ext Root Scanning (ms): Min: 1.2, Avg: 1.4, Max: 1.8, Diff: 0.6, Sum: 14.1]
      [Update RS (ms): Min: 0.4, Avg: 0.5, Max: 0.7, Diff: 0.3, Sum: 5.3]
         [Processed Buffers: Min: 4, Avg: 5.6, Max: 9, Diff: 5, Sum: 56]
      [Scan RS (ms): Min: 0.0, Avg: 0.1, Max: 0.1, Diff: 0.1, Sum: 0.5]
      [Code Root Scanning (ms): Min: 0.0, Avg: 0.0, Max: 0.0, Diff: 0.0, Sum: 0.0]
      [Object Copy (ms): Min: 1.5, Avg: 1.7, Max: 1.8, Diff: 0.3, Sum: 16.9]
      [Termination (ms): Min: 0.0, Avg: 0.0, Max: 0.0, Diff: 0.0, Sum: 0.0]
         [Termination Attempts: Min: 1, Avg: 1.0, Max: 1, Diff: 0, Sum: 10]
      [GC Worker Other (ms): Min: 0.0, Avg: 0.0, Max: 0.1, Diff: 0.1, Sum: 0.4]
      [GC Worker Total (ms): Min: 3.5, Avg: 3.7, Max: 4.0, Diff: 0.5, Sum: 37.2]
      [GC Worker End (ms): Min: 500702.2, Avg: 500702.2, Max: 500702.3, Diff: 0.1]
   [Code Root Fixup: 0.0 ms]
   [Code Root Purge: 0.0 ms]
   [Clear CT: 1.6 ms]
   [Other: 2.6 ms]
      [Choose CSet: 0.0 ms]
      [Ref Proc: 1.3 ms]
      [Ref Enq: 0.0 ms]
      [Redirty Cards: 1.0 ms]
      [Humongous Register: 0.0 ms]
      [Humongous Reclaim: 0.0 ms]
      [Free CSet: 0.1 ms]
   [Eden: 152.0M(152.0M)->0.0B(149.0M) Survivors: 1024.0K->4096.0K Heap: 182.4M(256.0M)->34596.8K(256.0M)]
Heap after GC invocations=445 (full 0):
 garbage-first heap   total 262144K, used 34596K [0x00000000f0000000, 0x00000000f0100800, 0x0000000100000000)
  region size 1024K, 4 young (4096K), 4 survivors (4096K)
 Metaspace       used 52860K, capacity 56076K, committed 56192K, reserved 1097728K
  class space    used 6460K, capacity 7028K, committed 7040K, reserved 1048576K
}
 [Times: user=0.04 sys=0.01, real=0.01 secs] 
{Heap before GC invocations=445 (full 0):
 garbage-first heap   total 262144K, used 187172K [0x00000000f0000000, 0x00000000f0100800, 0x0000000100000000)
  region size 1024K, 153 young (156672K), 4 survivors (4096K)
 Metaspace       used 52863K, capacity 56076K, committed 56192K, reserved 1097728K
  class space    used 6460K, capacity 7028K, committed 7040K, reserved 1048576K
2023-10-03T06:53:13.657+0800: 501.520: [GC pause (G1 Evacuation Pause) (young), 0.0051230 secs]
   [Parallel Time: 2.7 ms, GC Workers: 10]
      [GC Worker Start (ms): Min: 501520.2, Avg: 501520.4, Max: 501520.5, Diff: 0.3]
      [Ext Root Scanning (ms): Min: 0.6, Avg: 0.8, Max: 1.2, Diff: 0.6, Sum: 7.6]
      [Update RS (ms): Min: 0.1, Avg: 0.3, Max: 0.4, Diff: 0.3, Sum: 2.6]
         [Processed Buffers: Min: 2, Avg: 7.6, Max: 13, Diff: 11, Sum: 76]
      [Scan RS (ms): Min: 0.0, Avg: 0.0, Max: 0.1, Diff: 0.0, Sum: 0.4]
      [Code Root Scanning (ms): Min: 0.0, Avg: 0.0, Max: 0.0, Diff: 0.0, Sum: 0.0]
      [Object Copy (ms): Min: 0.9, Avg: 1.1, Max: 1.1, Diff: 0.2, Sum: 10.6]
      [Termination (ms): Min: 0.0, Avg: 0.0, Max: 0.0, Diff: 0.0, Sum: 0.0]
         [Termination Attempts: Min: 1, Avg: 1.0, Max: 1, Diff: 0, Sum: 10]
      [GC Worker Other (ms): Min: 0.0, Avg: 0.0, Max: 0.1, Diff: 0.1, Sum: 0.3]
      [GC Worker Total (ms): Min: 2.0, Avg: 2.2, Max: 2.4, Diff: 0.3, Sum: 21.6]
      [GC Worker End (ms): Min: 501522.5, Avg: 501522.5, Max: 501522.6, Diff: 0.1]
   [Code Root Fixup: 0.0 ms]
   [Code Root Purge: 0.0 ms]
   [Clear CT: 0.8 ms]
   [Other: 1.7 ms]
      [Choose CSet: 0.0 ms]
      [Ref Proc: 0.8 ms]
      [Ref Enq: 0.0 ms]
      [Redirty Cards: 0.7 ms]
      [Humongous Register: 0.0 ms]
      [Humongous Reclaim: 0.0 ms]
      [Free CSet: 0.0 ms]
   [Eden: 149.0M(149.0M)->0.0B(146.0M) Survivors: 4096.0K->7168.0K Heap: 182.8M(256.0M)->37493.2K(256.0M)]
Heap after GC invocations=446 (full 0):
 garbage-first heap   total 262144K, used 37493K [0x00000000f0000000, 0x00000000f0100800, 0x0000000100000000)
  region size 1024K, 7 young (7168K), 7 survivors (7168K)
 Metaspace       used 52863K, capacity 56076K, committed 56192K, reserved 1097728K
  class space    used 6460K, capacity 7028K, committed 7040K, reserved 1048576K
}
 [Times: user=0.02 sys=0.01, real=0.01 secs] 
{Heap before GC invocations=446 (full 0):
 garbage-first heap   total 262144K, used 186997K [0x00000000f0000000, 0x00000000f0100800, 0x0000000100000000)
  region size 1024K, 153 young (156672K), 7 survivors (7168K)
 Metaspace       used 52863K, capacity 56076K, committed 56192K, reserved 1097728K
  class space    used 6460K, capacity 7028K, committed 7040K, reserved 1048576K
2023-10-03T06:53:14.423+0800: 502.286: [GC pause (G1 Evacuation Pause) (young), 0.0097532 secs]
   [Parallel Time: 5.2 ms, GC Workers: 10]
      [GC Worker Start (ms): Min: 502286.6, Avg: 502286.9, Max: 502287.2, Diff: 0.5]
      [Ext Root Scanning (ms): Min: 1.1, Avg: 1.4, Max: 1.9, Diff: 0.7, Sum: 14.4]
      [Update RS (ms): Min: 0.4, Avg: 0.5, Max: 0.6, Diff: 0.3, Sum: 5.0]
         [Processed Buffers: Min: 1, Avg: 8.9, Max: 18, Diff: 17, Sum: 89]
      [Scan RS (ms): Min: 0.0, Avg: 0.1, Max: 0.1, Diff: 0.1, Sum: 0.6]
      [Code Root Scanning (ms): Min: 0.0, Avg: 0.0, Max: 0.0, Diff: 0.0, Sum: 0.0]
      [Object Copy (ms): Min: 1.9, Avg: 2.1, Max: 2.2, Diff: 0.3, Sum: 21.0]
      [Termination (ms): Min: 0.0, Avg: 0.0, Max: 0.0, Diff: 0.0, Sum: 0.1]
         [Termination Attempts: Min: 1, Avg: 1.4, Max: 2, Diff: 1, Sum: 14]
      [GC Worker Other (ms): Min: 0.0, Avg: 0.0, Max: 0.1, Diff: 0.1, Sum: 0.5]
      [GC Worker Total (ms): Min: 3.9, Avg: 4.2, Max: 4.4, Diff: 0.5, Sum: 41.6]
      [GC Worker End (ms): Min: 502291.0, Avg: 502291.1, Max: 502291.1, Diff: 0.1]
   [Code Root Fixup: 0.0 ms]
   [Code Root Purge: 0.0 ms]
   [Clear CT: 1.5 ms]
   [Other: 3.1 ms]
      [Choose CSet: 0.0 ms]
      [Ref Proc: 1.2 ms]
      [Ref Enq: 0.0 ms]
      [Redirty Cards: 1.5 ms]
      [Humongous Register: 0.0 ms]
      [Humongous Reclaim: 0.0 ms]
      [Free CSet: 0.1 ms]
   [Eden: 146.0M(146.0M)->0.0B(143.0M) Survivors: 7168.0K->10240.0K Heap: 182.6M(256.0M)->40961.1K(256.0M)]
Heap after GC invocations=447 (full 0):
 garbage-first heap   total 262144K, used 40961K [0x00000000f0000000, 0x00000000f0100800, 0x0000000100000000)
  region size 1024K, 10 young (10240K), 10 survivors (10240K)
 Metaspace       used 52863K, capacity 56076K, committed 56192K, reserved 1097728K
  class space    used 6460K, capacity 7028K, committed 7040K, reserved 1048576K
}
 [Times: user=0.04 sys=0.00, real=0.01 secs] 
{Heap before GC invocations=447 (full 0):
 garbage-first heap   total 262144K, used 187393K [0x00000000f0000000, 0x00000000f0100800, 0x0000000100000000)
  region size 1024K, 153 young (156672K), 10 survivors (10240K)
 Metaspace       used 52863K, capacity 56076K, committed 56192K, reserved 1097728K
  class space    used 6460K, capacity 7028K, committed 7040K, reserved 1048576K
2023-10-03T06:53:15.181+0800: 503.045: [GC pause (G1 Evacuation Pause) (young), 0.0094755 secs]
   [Parallel Time: 4.8 ms, GC Workers: 10]
      [GC Worker Start (ms): Min: 503044.8, Avg: 503045.1, Max: 503045.3, Diff: 0.5]
      [Ext Root Scanning (ms): Min: 1.2, Avg: 1.4, Max: 1.8, Diff: 0.6, Sum: 14.3]
      [Update RS (ms): Min: 0.3, Avg: 0.5, Max: 0.7, Diff: 0.4, Sum: 5.2]
         [Processed Buffers: Min: 1, Avg: 8.6, Max: 14, Diff: 13, Sum: 86]
      [Scan RS (ms): Min: 0.0, Avg: 0.1, Max: 0.1, Diff: 0.1, Sum: 0.6]
      [Code Root Scanning (ms): Min: 0.0, Avg: 0.0, Max: 0.0, Diff: 0.0, Sum: 0.0]
      [Object Copy (ms): Min: 1.7, Avg: 1.9, Max: 2.0, Diff: 0.3, Sum: 18.9]
      [Termination (ms): Min: 0.0, Avg: 0.0, Max: 0.0, Diff: 0.0, Sum: 0.1]
         [Termination Attempts: Min: 1, Avg: 1.1, Max: 2, Diff: 1, Sum: 11]
      [GC Worker Other (ms): Min: 0.0, Avg: 0.0, Max: 0.1, Diff: 0.1, Sum: 0.5]
      [GC Worker Total (ms): Min: 3.7, Avg: 4.0, Max: 4.2, Diff: 0.5, Sum: 39.6]
      [GC Worker End (ms): Min: 503049.0, Avg: 503049.0, Max: 503049.1, Diff: 0.1]
   [Code Root Fixup: 0.0 ms]
   [Code Root Purge: 0.0 ms]
   [Clear CT: 1.6 ms]
   [Other: 3.1 ms]
      [Choose CSet: 0.0 ms]
      [Ref Proc: 1.4 ms]
      [Ref Enq: 0.0 ms]
      [Redirty Cards: 1.3 ms]
      [Humongous Register: 0.0 ms]
      [Humongous Reclaim: 0.0 ms]
      [Free CSet: 0.1 ms]
   [Eden: 143.0M(143.0M)->0.0B(146.0M) Survivors: 10240.0K->7168.0K Heap: 183.0M(256.0M)->38058.5K(256.0M)]
Heap after GC invocations=448 (full 0):
 garbage-first heap   total 262144K, used 38058K [0x00000000f0000000, 0x00000000f0100800, 0x0000000100000000)
  region size 1024K, 7 young (7168K), 7 survivors (7168K)
 Metaspace       used 52863K, capacity 56076K, committed 56192K, reserved 1097728K
  class space    used 6460K, capacity 7028K, committed 7040K, reserved 1048576K
}
 [Times: user=0.05 sys=0.00, real=0.01 secs] 
{Heap before GC invocations=448 (full 0):
 garbage-first heap   total 262144K, used 187562K [0x00000000f0000000, 0x00000000f0100800, 0x0000000100000000)
  region size 1024K, 153 young (156672K), 7 survivors (7168K)
 Metaspace       used 52863K, capacity 56076K, committed 56192K, reserved 1097728K
  class space    used 6460K, capacity 7028K, committed 7040K, reserved 1048576K
2023-10-03T06:53:15.958+0800: 503.821: [GC pause (G1 Evacuation Pause) (young), 0.0092414 secs]
   [Parallel Time: 4.8 ms, GC Workers: 10]
      [GC Worker Start (ms): Min: 503821.5, Avg: 503821.7, Max: 503822.0, Diff: 0.5]
      [Ext Root Scanning (ms): Min: 1.2, Avg: 1.5, Max: 1.8, Diff: 0.6, Sum: 14.6]
      [Update RS (ms): Min: 0.4, Avg: 0.5, Max: 0.6, Diff: 0.2, Sum: 4.9]
         [Processed Buffers: Min: 3, Avg: 8.0, Max: 12, Diff: 9, Sum: 80]
      [Scan RS (ms): Min: 0.0, Avg: 0.1, Max: 0.1, Diff: 0.1, Sum: 0.8]
      [Code Root Scanning (ms): Min: 0.0, Avg: 0.0, Max: 0.0, Diff: 0.0, Sum: 0.0]
      [Object Copy (ms): Min: 1.8, Avg: 1.9, Max: 2.0, Diff: 0.3, Sum: 19.3]
      [Termination (ms): Min: 0.0, Avg: 0.0, Max: 0.0, Diff: 0.0, Sum: 0.1]
         [Termination Attempts: Min: 1, Avg: 1.5, Max: 3, Diff: 2, Sum: 15]
      [GC Worker Other (ms): Min: 0.0, Avg: 0.1, Max: 0.2, Diff: 0.1, Sum: 0.6]
      [GC Worker Total (ms): Min: 3.7, Avg: 4.0, Max: 4.3, Diff: 0.5, Sum: 40.3]
      [GC Worker End (ms): Min: 503825.7, Avg: 503825.8, Max: 503825.9, Diff: 0.1]
   [Code Root Fixup: 0.0 ms]
   [Code Root Purge: 0.0 ms]
   [Clear CT: 1.6 ms]
   [Other: 2.9 ms]
      [Choose CSet: 0.0 ms]
      [Ref Proc: 1.2 ms]
      [Ref Enq: 0.0 ms]
      [Redirty Cards: 1.3 ms]
      [Humongous Register: 0.0 ms]
      [Humongous Reclaim: 0.0 ms]
      [Free CSet: 0.1 ms]
   [Eden: 146.0M(146.0M)->0.0B(145.0M) Survivors: 7168.0K->8192.0K Heap: 183.2M(256.0M)->39082.5K(256.0M)]
Heap after GC invocations=449 (full 0):
 garbage-first heap   total 262144K, used 39082K [0x00000000f0000000, 0x00000000f0100800, 0x0000000100000000)
  region size 1024K, 8 young (8192K), 8 survivors (8192K)
 Metaspace       used 52863K, capacity 56076K, committed 56192K, reserved 1097728K
  class space    used 6460K, capacity 7028K, committed 7040K, reserved 1048576K
}
 [Times: user=0.05 sys=0.00, real=0.01 secs] 
{Heap before GC invocations=449 (full 0):
 garbage-first heap   total 262144K, used 187562K [0x00000000f0000000, 0x00000000f0100800, 0x0000000100000000)
  region size 1024K, 153 young (156672K), 8 survivors (8192K)
 Metaspace       used 52863K, capacity 56076K, committed 56192K, reserved 1097728K
  class space    used 6460K, capacity 7028K, committed 7040K, reserved 1048576K
2023-10-03T06:53:16.730+0800: 504.593: [GC pause (G1 Evacuation Pause) (young), 0.0093110 secs]
   [Parallel Time: 4.9 ms, GC Workers: 10]
      [GC Worker Start (ms): Min: 504593.5, Avg: 504593.8, Max: 504594.0, Diff: 0.5]
      [Ext Root Scanning (ms): Min: 1.1, Avg: 1.4, Max: 1.8, Diff: 0.7, Sum: 13.9]
      [Update RS (ms): Min: 0.3, Avg: 0.5, Max: 0.6, Diff: 0.2, Sum: 4.9]
         [Processed Buffers: Min: 1, Avg: 8.2, Max: 15, Diff: 14, Sum: 82]
      [Scan RS (ms): Min: 0.0, Avg: 0.1, Max: 0.1, Diff: 0.1, Sum: 0.8]
      [Code Root Scanning (ms): Min: 0.0, Avg: 0.0, Max: 0.0, Diff: 0.0, Sum: 0.0]
      [Object Copy (ms): Min: 1.8, Avg: 2.0, Max: 2.0, Diff: 0.3, Sum: 19.7]
      [Termination (ms): Min: 0.0, Avg: 0.0, Max: 0.0, Diff: 0.0, Sum: 0.1]
         [Termination Attempts: Min: 1, Avg: 1.6, Max: 3, Diff: 2, Sum: 16]
      [GC Worker Other (ms): Min: 0.0, Avg: 0.0, Max: 0.1, Diff: 0.1, Sum: 0.5]
      [GC Worker Total (ms): Min: 3.7, Avg: 4.0, Max: 4.2, Diff: 0.5, Sum: 39.9]
      [GC Worker End (ms): Min: 504597.8, Avg: 504597.8, Max: 504597.8, Diff: 0.1]
   [Code Root Fixup: 0.0 ms]
   [Code Root Purge: 0.0 ms]
   [Clear CT: 1.4 ms]
   [Other: 3.0 ms]
      [Choose CSet: 0.0 ms]
      [Ref Proc: 1.2 ms]
      [Ref Enq: 0.0 ms]
      [Redirty Cards: 1.4 ms]
      [Humongous Register: 0.0 ms]
      [Humongous Reclaim: 0.0 ms]
      [Free CSet: 0.1 ms]
   [Eden: 145.0M(145.0M)->0.0B(145.0M) Survivors: 8192.0K->8192.0K Heap: 183.2M(256.0M)->39082.5K(256.0M)]
Heap after GC invocations=450 (full 0):
 garbage-first heap   total 262144K, used 39082K [0x00000000f0000000, 0x00000000f0100800, 0x0000000100000000)
  region size 1024K, 8 young (8192K), 8 survivors (8192K)
 Metaspace       used 52863K, capacity 56076K, committed 56192K, reserved 1097728K
  class space    used 6460K, capacity 7028K, committed 7040K, reserved 1048576K
}
 [Times: user=0.04 sys=0.00, real=0.00 secs] 
{Heap before GC invocations=450 (full 0):
 garbage-first heap   total 262144K, used 187562K [0x00000000f0000000, 0x00000000f0100800, 0x0000000100000000)
  region size 1024K, 153 young (156672K), 8 survivors (8192K)
 Metaspace       used 52863K, capacity 56076K, committed 56192K, reserved 1097728K
  class space    used 6460K, capacity 7028K, committed 7040K, reserved 1048576K
2023-10-03T06:53:17.488+0800: 505.351: [GC pause (G1 Evacuation Pause) (young), 0.0095190 secs]
   [Parallel Time: 4.8 ms, GC Workers: 10]
      [GC Worker Start (ms): Min: 505351.7, Avg: 505351.9, Max: 505352.1, Diff: 0.4]
      [Ext Root Scanning (ms): Min: 1.1, Avg: 1.4, Max: 1.8, Diff: 0.7, Sum: 14.1]
      [Update RS (ms): Min: 0.4, Avg: 0.5, Max: 0.6, Diff: 0.2, Sum: 4.9]
         [Processed Buffers: Min: 2, Avg: 8.3, Max: 16, Diff: 14, Sum: 83]
      [Scan RS (ms): Min: 0.0, Avg: 0.1, Max: 0.1, Diff: 0.1, Sum: 0.6]
      [Code Root Scanning (ms): Min: 0.0, Avg: 0.0, Max: 0.0, Diff: 0.0, Sum: 0.0]
      [Object Copy (ms): Min: 1.7, Avg: 1.9, Max: 2.0, Diff: 0.3, Sum: 19.3]
      [Termination (ms): Min: 0.0, Avg: 0.0, Max: 0.0, Diff: 0.0, Sum: 0.0]
         [Termination Attempts: Min: 1, Avg: 1.4, Max: 2, Diff: 1, Sum: 14]
      [GC Worker Other (ms): Min: 0.0, Avg: 0.1, Max: 0.1, Diff: 0.1, Sum: 0.6]
      [GC Worker Total (ms): Min: 3.7, Avg: 4.0, Max: 4.2, Diff: 0.4, Sum: 39.6]
      [GC Worker End (ms): Min: 505355.8, Avg: 505355.9, Max: 505356.0, Diff: 0.1]
   [Code Root Fixup: 0.0 ms]
   [Code Root Purge: 0.0 ms]
   [Clear CT: 1.4 ms]
   [Other: 3.4 ms]
      [Choose CSet: 0.0 ms]
      [Ref Proc: 1.6 ms]
      [Ref Enq: 0.0 ms]
      [Redirty Cards: 1.4 ms]
      [Humongous Register: 0.0 ms]
      [Humongous Reclaim: 0.0 ms]
      [Free CSet: 0.1 ms]
   [Eden: 145.0M(145.0M)->0.0B(145.0M) Survivors: 8192.0K->8192.0K Heap: 183.2M(256.0M)->39087.0K(256.0M)]
Heap after GC invocations=451 (full 0):
 garbage-first heap   total 262144K, used 39086K [0x00000000f0000000, 0x00000000f0100800, 0x0000000100000000)
  region size 1024K, 8 young (8192K), 8 survivors (8192K)
 Metaspace       used 52863K, capacity 56076K, committed 56192K, reserved 1097728K
  class space    used 6460K, capacity 7028K, committed 7040K, reserved 1048576K
}
 [Times: user=0.04 sys=0.01, real=0.01 secs] 
{Heap before GC invocations=451 (full 0):
 garbage-first heap   total 262144K, used 187566K [0x00000000f0000000, 0x00000000f0100800, 0x0000000100000000)
  region size 1024K, 153 young (156672K), 8 survivors (8192K)
 Metaspace       used 52863K, capacity 56076K, committed 56192K, reserved 1097728K
  class space    used 6460K, capacity 7028K, committed 7040K, reserved 1048576K
2023-10-03T06:53:18.255+0800: 506.118: [GC pause (G1 Evacuation Pause) (young), 0.0092893 secs]
   [Parallel Time: 4.8 ms, GC Workers: 10]
      [GC Worker Start (ms): Min: 506118.5, Avg: 506118.7, Max: 506118.9, Diff: 0.4]
      [Ext Root Scanning (ms): Min: 1.3, Avg: 1.4, Max: 1.8, Diff: 0.5, Sum: 14.2]
      [Update RS (ms): Min: 0.4, Avg: 0.5, Max: 0.6, Diff: 0.3, Sum: 5.0]
         [Processed Buffers: Min: 1, Avg: 8.5, Max: 23, Diff: 22, Sum: 85]
      [Scan RS (ms): Min: 0.0, Avg: 0.1, Max: 0.1, Diff: 0.1, Sum: 0.7]
      [Code Root Scanning (ms): Min: 0.0, Avg: 0.0, Max: 0.0, Diff: 0.0, Sum: 0.0]
      [Object Copy (ms): Min: 1.7, Avg: 1.9, Max: 2.0, Diff: 0.3, Sum: 19.4]
      [Termination (ms): Min: 0.0, Avg: 0.0, Max: 0.0, Diff: 0.0, Sum: 0.1]
         [Termination Attempts: Min: 1, Avg: 1.7, Max: 2, Diff: 1, Sum: 17]
      [GC Worker Other (ms): Min: 0.0, Avg: 0.0, Max: 0.1, Diff: 0.1, Sum: 0.5]
      [GC Worker Total (ms): Min: 3.8, Avg: 4.0, Max: 4.3, Diff: 0.5, Sum: 39.9]
      [GC Worker End (ms): Min: 506122.6, Avg: 506122.7, Max: 506122.8, Diff: 0.1]
   [Code Root Fixup: 0.0 ms]
   [Code Root Purge: 0.0 ms]
   [Clear CT: 1.2 ms]
   [Other: 3.3 ms]
      [Choose CSet: 0.0 ms]
      [Ref Proc: 1.6 ms]
      [Ref Enq: 0.0 ms]
      [Redirty Cards: 1.3 ms]
      [Humongous Register: 0.0 ms]
      [Humongous Reclaim: 0.0 ms]
      [Free CSet: 0.1 ms]
   [Eden: 145.0M(145.0M)->0.0B(145.0M) Survivors: 8192.0K->8192.0K Heap: 183.2M(256.0M)->39087.0K(256.0M)]
Heap after GC invocations=452 (full 0):
 garbage-first heap   total 262144K, used 39086K [0x00000000f0000000, 0x00000000f0100800, 0x0000000100000000)
  region size 1024K, 8 young (8192K), 8 survivors (8192K)
 Metaspace       used 52863K, capacity 56076K, committed 56192K, reserved 1097728K
  class space    used 6460K, capacity 7028K, committed 7040K, reserved 1048576K
}
 [Times: user=0.04 sys=0.01, real=0.01 secs] 
{Heap before GC invocations=452 (full 0):
 garbage-first heap   total 262144K, used 187566K [0x00000000f0000000, 0x00000000f0100800, 0x0000000100000000)
  region size 1024K, 153 young (156672K), 8 survivors (8192K)
 Metaspace       used 52863K, capacity 56076K, committed 56192K, reserved 1097728K
  class space    used 6460K, capacity 7028K, committed 7040K, reserved 1048576K
2023-10-03T06:53:19.025+0800: 506.888: [GC pause (G1 Evacuation Pause) (young), 0.0092854 secs]
   [Parallel Time: 5.0 ms, GC Workers: 10]
      [GC Worker Start (ms): Min: 506888.6, Avg: 506888.8, Max: 506889.1, Diff: 0.5]
      [Ext Root Scanning (ms): Min: 1.3, Avg: 1.4, Max: 1.9, Diff: 0.6, Sum: 14.2]
      [Update RS (ms): Min: 0.4, Avg: 0.5, Max: 0.6, Diff: 0.3, Sum: 4.9]
         [Processed Buffers: Min: 2, Avg: 8.1, Max: 18, Diff: 16, Sum: 81]
      [Scan RS (ms): Min: 0.0, Avg: 0.1, Max: 0.1, Diff: 0.1, Sum: 0.7]
      [Code Root Scanning (ms): Min: 0.0, Avg: 0.0, Max: 0.0, Diff: 0.0, Sum: 0.0]
      [Object Copy (ms): Min: 1.7, Avg: 2.0, Max: 2.1, Diff: 0.3, Sum: 19.6]
      [Termination (ms): Min: 0.0, Avg: 0.0, Max: 0.0, Diff: 0.0, Sum: 0.1]
         [Termination Attempts: Min: 1, Avg: 1.6, Max: 2, Diff: 1, Sum: 16]
      [GC Worker Other (ms): Min: 0.0, Avg: 0.0, Max: 0.1, Diff: 0.1, Sum: 0.4]
      [GC Worker Total (ms): Min: 3.7, Avg: 4.0, Max: 4.3, Diff: 0.6, Sum: 39.9]
      [GC Worker End (ms): Min: 506892.8, Avg: 506892.8, Max: 506892.9, Diff: 0.1]
   [Code Root Fixup: 0.0 ms]
   [Code Root Purge: 0.0 ms]
   [Clear CT: 1.3 ms]
   [Other: 3.0 ms]
      [Choose CSet: 0.0 ms]
      [Ref Proc: 1.3 ms]
      [Ref Enq: 0.0 ms]
      [Redirty Cards: 1.4 ms]
      [Humongous Register: 0.0 ms]
      [Humongous Reclaim: 0.0 ms]
      [Free CSet: 0.1 ms]
   [Eden: 145.0M(145.0M)->0.0B(144.0M) Survivors: 8192.0K->9216.0K Heap: 183.2M(256.0M)->40111.0K(256.0M)]
Heap after GC invocations=453 (full 0):
 garbage-first heap   total 262144K, used 40110K [0x00000000f0000000, 0x00000000f0100800, 0x0000000100000000)
  region size 1024K, 9 young (9216K), 9 survivors (9216K)
 Metaspace       used 52863K, capacity 56076K, committed 56192K, reserved 1097728K
  class space    used 6460K, capacity 7028K, committed 7040K, reserved 1048576K
}
 [Times: user=0.04 sys=0.01, real=0.01 secs] 
{Heap before GC invocations=453 (full 0):
 garbage-first heap   total 262144K, used 187566K [0x00000000f0000000, 0x00000000f0100800, 0x0000000100000000)
  region size 1024K, 153 young (156672K), 9 survivors (9216K)
 Metaspace       used 52863K, capacity 56076K, committed 56192K, reserved 1097728K
  class space    used 6460K, capacity 7028K, committed 7040K, reserved 1048576K
2023-10-03T06:53:19.761+0800: 507.624: [GC pause (G1 Evacuation Pause) (young), 0.0092385 secs]
   [Parallel Time: 4.8 ms, GC Workers: 10]
      [GC Worker Start (ms): Min: 507624.0, Avg: 507624.3, Max: 507624.5, Diff: 0.5]
      [Ext Root Scanning (ms): Min: 1.0, Avg: 1.3, Max: 1.7, Diff: 0.7, Sum: 13.3]
      [Update RS (ms): Min: 0.5, Avg: 0.6, Max: 0.7, Diff: 0.2, Sum: 5.6]
         [Processed Buffers: Min: 1, Avg: 7.8, Max: 23, Diff: 22, Sum: 78]
      [Scan RS (ms): Min: 0.0, Avg: 0.1, Max: 0.1, Diff: 0.1, Sum: 0.7]
      [Code Root Scanning (ms): Min: 0.0, Avg: 0.0, Max: 0.0, Diff: 0.0, Sum: 0.0]
      [Object Copy (ms): Min: 1.7, Avg: 1.9, Max: 2.2, Diff: 0.5, Sum: 19.3]
      [Termination (ms): Min: 0.0, Avg: 0.0, Max: 0.0, Diff: 0.0, Sum: 0.0]
         [Termination Attempts: Min: 1, Avg: 1.2, Max: 2, Diff: 1, Sum: 12]
      [GC Worker Other (ms): Min: 0.0, Avg: 0.0, Max: 0.1, Diff: 0.1, Sum: 0.5]
      [GC Worker Total (ms): Min: 3.7, Avg: 3.9, Max: 4.2, Diff: 0.5, Sum: 39.5]
      [GC Worker End (ms): Min: 507628.2, Avg: 507628.2, Max: 507628.3, Diff: 0.1]
   [Code Root Fixup: 0.0 ms]
   [Code Root Purge: 0.0 ms]
   [Clear CT: 1.5 ms]
   [Other: 2.9 ms]
      [Choose CSet: 0.0 ms]
      [Ref Proc: 1.2 ms]
      [Ref Enq: 0.0 ms]
      [Redirty Cards: 1.3 ms]
      [Humongous Register: 0.0 ms]
      [Humongous Reclaim: 0.0 ms]
      [Free CSet: 0.1 ms]
   [Eden: 144.0M(144.0M)->0.0B(145.0M) Survivors: 9216.0K->8192.0K Heap: 183.2M(256.0M)->38575.0K(256.0M)]
Heap after GC invocations=454 (full 0):
 garbage-first heap   total 262144K, used 38574K [0x00000000f0000000, 0x00000000f0100800, 0x0000000100000000)
  region size 1024K, 8 young (8192K), 8 survivors (8192K)
 Metaspace       used 52863K, capacity 56076K, committed 56192K, reserved 1097728K
  class space    used 6460K, capacity 7028K, committed 7040K, reserved 1048576K
}
 [Times: user=0.04 sys=0.01, real=0.01 secs] 
{Heap before GC invocations=454 (full 0):
 garbage-first heap   total 262144K, used 187054K [0x00000000f0000000, 0x00000000f0100800, 0x0000000100000000)
  region size 1024K, 153 young (156672K), 8 survivors (8192K)
 Metaspace       used 52863K, capacity 56076K, committed 56192K, reserved 1097728K
  class space    used 6460K, capacity 7028K, committed 7040K, reserved 1048576K
2023-10-03T06:53:20.530+0800: 508.394: [GC pause (G1 Evacuation Pause) (young), 0.0097969 secs]
   [Parallel Time: 4.9 ms, GC Workers: 10]
      [GC Worker Start (ms): Min: 508393.8, Avg: 508394.0, Max: 508394.2, Diff: 0.5]
      [Ext Root Scanning (ms): Min: 1.2, Avg: 1.4, Max: 1.8, Diff: 0.6, Sum: 14.0]
      [Update RS (ms): Min: 0.4, Avg: 0.5, Max: 0.7, Diff: 0.3, Sum: 5.1]
         [Processed Buffers: Min: 2, Avg: 7.9, Max: 17, Diff: 15, Sum: 79]
      [Scan RS (ms): Min: 0.0, Avg: 0.1, Max: 0.1, Diff: 0.1, Sum: 0.8]
      [Code Root Scanning (ms): Min: 0.0, Avg: 0.0, Max: 0.0, Diff: 0.0, Sum: 0.0]
      [Object Copy (ms): Min: 1.8, Avg: 2.0, Max: 2.1, Diff: 0.3, Sum: 20.1]
      [Termination (ms): Min: 0.0, Avg: 0.0, Max: 0.0, Diff: 0.0, Sum: 0.0]
         [Termination Attempts: Min: 1, Avg: 1.0, Max: 1, Diff: 0, Sum: 10]
      [GC Worker Other (ms): Min: 0.0, Avg: 0.1, Max: 0.2, Diff: 0.1, Sum: 0.5]
      [GC Worker Total (ms): Min: 3.8, Avg: 4.1, Max: 4.3, Diff: 0.4, Sum: 40.5]
      [GC Worker End (ms): Min: 508398.0, Avg: 508398.1, Max: 508398.2, Diff: 0.1]
   [Code Root Fixup: 0.0 ms]
   [Code Root Purge: 0.0 ms]
   [Clear CT: 1.5 ms]
   [Other: 3.4 ms]
      [Choose CSet: 0.0 ms]
      [Ref Proc: 1.7 ms]
      [Ref Enq: 0.0 ms]
      [Redirty Cards: 1.4 ms]
      [Humongous Register: 0.0 ms]
      [Humongous Reclaim: 0.0 ms]
      [Free CSet: 0.1 ms]
   [Eden: 145.0M(145.0M)->0.0B(144.0M) Survivors: 8192.0K->9216.0K Heap: 182.7M(256.0M)->40111.0K(256.0M)]
Heap after GC invocations=455 (full 0):
 garbage-first heap   total 262144K, used 40110K [0x00000000f0000000, 0x00000000f0100800, 0x0000000100000000)
  region size 1024K, 9 young (9216K), 9 survivors (9216K)
 Metaspace       used 52863K, capacity 56076K, committed 56192K, reserved 1097728K
  class space    used 6460K, capacity 7028K, committed 7040K, reserved 1048576K
}
 [Times: user=0.04 sys=0.00, real=0.01 secs] 
{Heap before GC invocations=455 (full 0):
 garbage-first heap   total 262144K, used 187566K [0x00000000f0000000, 0x00000000f0100800, 0x0000000100000000)
  region size 1024K, 153 young (156672K), 9 survivors (9216K)
 Metaspace       used 52863K, capacity 56076K, committed 56192K, reserved 1097728K
  class space    used 6460K, capacity 7028K, committed 7040K, reserved 1048576K
2023-10-03T06:53:21.294+0800: 509.157: [GC pause (G1 Evacuation Pause) (young), 0.0092813 secs]
   [Parallel Time: 5.0 ms, GC Workers: 10]
      [GC Worker Start (ms): Min: 509157.7, Avg: 509157.9, Max: 509158.1, Diff: 0.4]
      [Ext Root Scanning (ms): Min: 1.2, Avg: 1.4, Max: 1.7, Diff: 0.5, Sum: 13.7]
      [Update RS (ms): Min: 0.4, Avg: 0.5, Max: 0.8, Diff: 0.3, Sum: 5.3]
         [Processed Buffers: Min: 3, Avg: 8.6, Max: 16, Diff: 13, Sum: 86]
      [Scan RS (ms): Min: 0.0, Avg: 0.1, Max: 0.1, Diff: 0.1, Sum: 0.6]
      [Code Root Scanning (ms): Min: 0.0, Avg: 0.0, Max: 0.0, Diff: 0.0, Sum: 0.0]
      [Object Copy (ms): Min: 1.8, Avg: 2.0, Max: 2.1, Diff: 0.3, Sum: 20.2]
      [Termination (ms): Min: 0.0, Avg: 0.0, Max: 0.0, Diff: 0.0, Sum: 0.0]
         [Termination Attempts: Min: 1, Avg: 1.6, Max: 3, Diff: 2, Sum: 16]
      [GC Worker Other (ms): Min: 0.0, Avg: 0.1, Max: 0.2, Diff: 0.1, Sum: 0.6]
      [GC Worker Total (ms): Min: 3.8, Avg: 4.0, Max: 4.4, Diff: 0.6, Sum: 40.5]
      [GC Worker End (ms): Min: 509161.9, Avg: 509162.0, Max: 509162.1, Diff: 0.1]
   [Code Root Fixup: 0.0 ms]
   [Code Root Purge: 0.0 ms]
   [Clear CT: 1.7 ms]
   [Other: 2.6 ms]
      [Choose CSet: 0.0 ms]
      [Ref Proc: 1.1 ms]
      [Ref Enq: 0.0 ms]
      [Redirty Cards: 1.1 ms]
      [Humongous Register: 0.0 ms]
      [Humongous Reclaim: 0.0 ms]
      [Free CSet: 0.1 ms]
   [Eden: 144.0M(144.0M)->0.0B(144.0M) Survivors: 9216.0K->9216.0K Heap: 183.2M(256.0M)->40111.0K(256.0M)]
Heap after GC invocations=456 (full 0):
 garbage-first heap   total 262144K, used 40110K [0x00000000f0000000, 0x00000000f0100800, 0x0000000100000000)
  region size 1024K, 9 young (9216K), 9 survivors (9216K)
 Metaspace       used 52863K, capacity 56076K, committed 56192K, reserved 1097728K
  class space    used 6460K, capacity 7028K, committed 7040K, reserved 1048576K
}
 [Times: user=0.04 sys=0.00, real=0.01 secs] 
{Heap before GC invocations=456 (full 0):
 garbage-first heap   total 262144K, used 187566K [0x00000000f0000000, 0x00000000f0100800, 0x0000000100000000)
  region size 1024K, 153 young (156672K), 9 survivors (9216K)
 Metaspace       used 52863K, capacity 56076K, committed 56192K, reserved 1097728K
  class space    used 6460K, capacity 7028K, committed 7040K, reserved 1048576K
2023-10-03T06:53:22.051+0800: 509.914: [GC pause (G1 Evacuation Pause) (young), 0.0092016 secs]
   [Parallel Time: 5.0 ms, GC Workers: 10]
      [GC Worker Start (ms): Min: 509914.3, Avg: 509914.6, Max: 509914.8, Diff: 0.4]
      [Ext Root Scanning (ms): Min: 1.2, Avg: 1.5, Max: 1.9, Diff: 0.7, Sum: 14.7]
      [Update RS (ms): Min: 0.4, Avg: 0.5, Max: 0.6, Diff: 0.1, Sum: 5.1]
         [Processed Buffers: Min: 3, Avg: 7.9, Max: 16, Diff: 13, Sum: 79]
      [Scan RS (ms): Min: 0.0, Avg: 0.1, Max: 0.1, Diff: 0.1, Sum: 0.7]
      [Code Root Scanning (ms): Min: 0.0, Avg: 0.0, Max: 0.0, Diff: 0.0, Sum: 0.0]
      [Object Copy (ms): Min: 1.8, Avg: 2.0, Max: 2.1, Diff: 0.3, Sum: 20.1]
      [Termination (ms): Min: 0.0, Avg: 0.0, Max: 0.0, Diff: 0.0, Sum: 0.0]
         [Termination Attempts: Min: 1, Avg: 1.5, Max: 3, Diff: 2, Sum: 15]
      [GC Worker Other (ms): Min: 0.0, Avg: 0.0, Max: 0.1, Diff: 0.1, Sum: 0.5]
      [GC Worker Total (ms): Min: 3.9, Avg: 4.1, Max: 4.3, Diff: 0.4, Sum: 41.2]
      [GC Worker End (ms): Min: 509918.7, Avg: 509918.7, Max: 509918.8, Diff: 0.1]
   [Code Root Fixup: 0.0 ms]
   [Code Root Purge: 0.0 ms]
   [Clear CT: 1.6 ms]
   [Other: 2.6 ms]
      [Choose CSet: 0.0 ms]
      [Ref Proc: 1.2 ms]
      [Ref Enq: 0.0 ms]
      [Redirty Cards: 1.0 ms]
      [Humongous Register: 0.0 ms]
      [Humongous Reclaim: 0.0 ms]
      [Free CSet: 0.1 ms]
   [Eden: 144.0M(144.0M)->0.0B(144.0M) Survivors: 9216.0K->9216.0K Heap: 183.2M(256.0M)->40111.0K(256.0M)]
Heap after GC invocations=457 (full 0):
 garbage-first heap   total 262144K, used 40110K [0x00000000f0000000, 0x00000000f0100800, 0x0000000100000000)
  region size 1024K, 9 young (9216K), 9 survivors (9216K)
 Metaspace       used 52863K, capacity 56076K, committed 56192K, reserved 1097728K
  class space    used 6460K, capacity 7028K, committed 7040K, reserved 1048576K
}
 [Times: user=0.05 sys=0.00, real=0.01 secs] 
{Heap before GC invocations=457 (full 0):
 garbage-first heap   total 262144K, used 187566K [0x00000000f0000000, 0x00000000f0100800, 0x0000000100000000)
  region size 1024K, 153 young (156672K), 9 survivors (9216K)
 Metaspace       used 52863K, capacity 56076K, committed 56192K, reserved 1097728K
  class space    used 6460K, capacity 7028K, committed 7040K, reserved 1048576K
2023-10-03T06:53:22.819+0800: 510.682: [GC pause (G1 Evacuation Pause) (young), 0.0088383 secs]
   [Parallel Time: 4.3 ms, GC Workers: 10]
      [GC Worker Start (ms): Min: 510682.1, Avg: 510682.4, Max: 510682.6, Diff: 0.5]
      [Ext Root Scanning (ms): Min: 1.3, Avg: 1.5, Max: 1.9, Diff: 0.6, Sum: 14.8]
      [Update RS (ms): Min: 0.4, Avg: 0.5, Max: 0.6, Diff: 0.2, Sum: 4.8]
         [Processed Buffers: Min: 4, Avg: 8.3, Max: 20, Diff: 16, Sum: 83]
      [Scan RS (ms): Min: 0.0, Avg: 0.1, Max: 0.1, Diff: 0.1, Sum: 0.5]
      [Code Root Scanning (ms): Min: 0.0, Avg: 0.0, Max: 0.0, Diff: 0.0, Sum: 0.0]
      [Object Copy (ms): Min: 1.7, Avg: 1.9, Max: 2.0, Diff: 0.3, Sum: 19.4]
      [Termination (ms): Min: 0.0, Avg: 0.0, Max: 0.0, Diff: 0.0, Sum: 0.0]
         [Termination Attempts: Min: 1, Avg: 1.1, Max: 2, Diff: 1, Sum: 11]
      [GC Worker Other (ms): Min: 0.0, Avg: 0.0, Max: 0.0, Diff: 0.0, Sum: 0.3]
      [GC Worker Total (ms): Min: 3.7, Avg: 4.0, Max: 4.2, Diff: 0.5, Sum: 39.9]
      [GC Worker End (ms): Min: 510686.4, Avg: 510686.4, Max: 510686.4, Diff: 0.0]
   [Code Root Fixup: 0.0 ms]
   [Code Root Purge: 0.0 ms]
   [Clear CT: 1.7 ms]
   [Other: 2.8 ms]
      [Choose CSet: 0.0 ms]
      [Ref Proc: 1.1 ms]
      [Ref Enq: 0.0 ms]
      [Redirty Cards: 1.3 ms]
      [Humongous Register: 0.0 ms]
      [Humongous Reclaim: 0.0 ms]
      [Free CSet: 0.1 ms]
   [Eden: 144.0M(144.0M)->0.0B(144.0M) Survivors: 9216.0K->9216.0K Heap: 183.2M(256.0M)->40111.0K(256.0M)]
Heap after GC invocations=458 (full 0):
 garbage-first heap   total 262144K, used 40110K [0x00000000f0000000, 0x00000000f0100800, 0x0000000100000000)
  region size 1024K, 9 young (9216K), 9 survivors (9216K)
 Metaspace       used 52863K, capacity 56076K, committed 56192K, reserved 1097728K
  class space    used 6460K, capacity 7028K, committed 7040K, reserved 1048576K
}
 [Times: user=0.05 sys=0.00, real=0.01 secs] 
{Heap before GC invocations=458 (full 0):
 garbage-first heap   total 262144K, used 187566K [0x00000000f0000000, 0x00000000f0100800, 0x0000000100000000)
  region size 1024K, 153 young (156672K), 9 survivors (9216K)
 Metaspace       used 52863K, capacity 56076K, committed 56192K, reserved 1097728K
  class space    used 6460K, capacity 7028K, committed 7040K, reserved 1048576K
2023-10-03T06:53:23.573+0800: 511.436: [GC pause (G1 Evacuation Pause) (young), 0.0090845 secs]
   [Parallel Time: 4.9 ms, GC Workers: 10]
      [GC Worker Start (ms): Min: 511436.7, Avg: 511436.9, Max: 511437.1, Diff: 0.5]
      [Ext Root Scanning (ms): Min: 1.2, Avg: 1.4, Max: 1.8, Diff: 0.6, Sum: 14.4]
      [Update RS (ms): Min: 0.4, Avg: 0.5, Max: 0.6, Diff: 0.2, Sum: 4.7]
         [Processed Buffers: Min: 1, Avg: 8.1, Max: 19, Diff: 18, Sum: 81]
      [Scan RS (ms): Min: 0.0, Avg: 0.1, Max: 0.1, Diff: 0.1, Sum: 0.6]
      [Code Root Scanning (ms): Min: 0.0, Avg: 0.0, Max: 0.0, Diff: 0.0, Sum: 0.0]
      [Object Copy (ms): Min: 1.7, Avg: 1.9, Max: 2.0, Diff: 0.3, Sum: 19.4]
      [Termination (ms): Min: 0.0, Avg: 0.0, Max: 0.0, Diff: 0.0, Sum: 0.0]
         [Termination Attempts: Min: 1, Avg: 1.0, Max: 1, Diff: 0, Sum: 10]
      [GC Worker Other (ms): Min: 0.0, Avg: 0.1, Max: 0.2, Diff: 0.1, Sum: 0.5]
      [GC Worker Total (ms): Min: 3.8, Avg: 4.0, Max: 4.2, Diff: 0.4, Sum: 39.7]
      [GC Worker End (ms): Min: 511440.9, Avg: 511440.9, Max: 511441.0, Diff: 0.1]
   [Code Root Fixup: 0.0 ms]
   [Code Root Purge: 0.0 ms]
   [Clear CT: 1.7 ms]
   [Other: 2.5 ms]
      [Choose CSet: 0.0 ms]
      [Ref Proc: 0.8 ms]
      [Ref Enq: 0.0 ms]
      [Redirty Cards: 1.3 ms]
      [Humongous Register: 0.0 ms]
      [Humongous Reclaim: 0.0 ms]
      [Free CSet: 0.1 ms]
   [Eden: 144.0M(144.0M)->0.0B(144.0M) Survivors: 9216.0K->9216.0K Heap: 183.2M(256.0M)->39627.5K(256.0M)]
Heap after GC invocations=459 (full 0):
 garbage-first heap   total 262144K, used 39627K [0x00000000f0000000, 0x00000000f0100800, 0x0000000100000000)
  region size 1024K, 9 young (9216K), 9 survivors (9216K)
 Metaspace       used 52863K, capacity 56076K, committed 56192K, reserved 1097728K
  class space    used 6460K, capacity 7028K, committed 7040K, reserved 1048576K
}
 [Times: user=0.04 sys=0.01, real=0.01 secs] 
{Heap before GC invocations=459 (full 0):
 garbage-first heap   total 262144K, used 187083K [0x00000000f0000000, 0x00000000f0100800, 0x0000000100000000)
  region size 1024K, 153 young (156672K), 9 survivors (9216K)
 Metaspace       used 52863K, capacity 56076K, committed 56192K, reserved 1097728K
  class space    used 6460K, capacity 7028K, committed 7040K, reserved 1048576K
2023-10-03T06:53:24.337+0800: 512.200: [GC pause (G1 Evacuation Pause) (young), 0.0118019 secs]
   [Parallel Time: 6.8 ms, GC Workers: 10]
      [GC Worker Start (ms): Min: 512200.1, Avg: 512200.4, Max: 512200.6, Diff: 0.5]
      [Ext Root Scanning (ms): Min: 1.3, Avg: 1.4, Max: 1.8, Diff: 0.5, Sum: 14.3]
      [Update RS (ms): Min: 0.3, Avg: 0.5, Max: 0.6, Diff: 0.2, Sum: 4.9]
         [Processed Buffers: Min: 1, Avg: 8.6, Max: 14, Diff: 13, Sum: 86]
      [Scan RS (ms): Min: 0.0, Avg: 0.1, Max: 0.1, Diff: 0.1, Sum: 0.7]
      [Code Root Scanning (ms): Min: 0.0, Avg: 0.0, Max: 0.0, Diff: 0.0, Sum: 0.0]
      [Object Copy (ms): Min: 3.6, Avg: 3.8, Max: 3.8, Diff: 0.3, Sum: 37.6]
      [Termination (ms): Min: 0.0, Avg: 0.0, Max: 0.0, Diff: 0.0, Sum: 0.1]
         [Termination Attempts: Min: 1, Avg: 1.3, Max: 2, Diff: 1, Sum: 13]
      [GC Worker Other (ms): Min: 0.0, Avg: 0.1, Max: 0.2, Diff: 0.2, Sum: 0.9]
      [GC Worker Total (ms): Min: 5.6, Avg: 5.8, Max: 6.1, Diff: 0.5, Sum: 58.4]
      [GC Worker End (ms): Min: 512206.2, Avg: 512206.2, Max: 512206.3, Diff: 0.2]
   [Code Root Fixup: 0.0 ms]
   [Code Root Purge: 0.0 ms]
   [Clear CT: 1.4 ms]
   [Other: 3.5 ms]
      [Choose CSet: 0.0 ms]
      [Ref Proc: 1.6 ms]
      [Ref Enq: 0.0 ms]
      [Redirty Cards: 1.5 ms]
      [Humongous Register: 0.0 ms]
      [Humongous Reclaim: 0.0 ms]
      [Free CSet: 0.1 ms]
   [Eden: 144.0M(144.0M)->0.0B(147.0M) Survivors: 9216.0K->6144.0K Heap: 182.7M(256.0M)->39605.5K(256.0M)]
Heap after GC invocations=460 (full 0):
 garbage-first heap   total 262144K, used 39605K [0x00000000f0000000, 0x00000000f0100800, 0x0000000100000000)
  region size 1024K, 6 young (6144K), 6 survivors (6144K)
 Metaspace       used 52863K, capacity 56076K, committed 56192K, reserved 1097728K
  class space    used 6460K, capacity 7028K, committed 7040K, reserved 1048576K
}
 [Times: user=0.07 sys=0.00, real=0.01 secs] 
{Heap before GC invocations=460 (full 0):
 garbage-first heap   total 262144K, used 190133K [0x00000000f0000000, 0x00000000f0100800, 0x0000000100000000)
  region size 1024K, 153 young (156672K), 6 survivors (6144K)
 Metaspace       used 52863K, capacity 56076K, committed 56192K, reserved 1097728K
  class space    used 6460K, capacity 7028K, committed 7040K, reserved 1048576K
2023-10-03T06:53:25.108+0800: 512.971: [GC pause (G1 Evacuation Pause) (young), 0.0111558 secs]
   [Parallel Time: 6.7 ms, GC Workers: 10]
      [GC Worker Start (ms): Min: 512971.0, Avg: 512971.3, Max: 512971.5, Diff: 0.5]
      [Ext Root Scanning (ms): Min: 1.3, Avg: 1.4, Max: 1.9, Diff: 0.6, Sum: 14.4]
      [Update RS (ms): Min: 0.8, Avg: 1.0, Max: 1.3, Diff: 0.4, Sum: 9.6]
         [Processed Buffers: Min: 1, Avg: 8.8, Max: 17, Diff: 16, Sum: 88]
      [Scan RS (ms): Min: 0.0, Avg: 0.1, Max: 0.1, Diff: 0.1, Sum: 0.5]
      [Code Root Scanning (ms): Min: 0.0, Avg: 0.0, Max: 0.0, Diff: 0.0, Sum: 0.0]
      [Object Copy (ms): Min: 3.0, Avg: 3.2, Max: 3.3, Diff: 0.3, Sum: 32.0]
      [Termination (ms): Min: 0.0, Avg: 0.0, Max: 0.0, Diff: 0.0, Sum: 0.1]
         [Termination Attempts: Min: 1, Avg: 1.3, Max: 2, Diff: 1, Sum: 13]
      [GC Worker Other (ms): Min: 0.0, Avg: 0.0, Max: 0.1, Diff: 0.1, Sum: 0.5]
      [GC Worker Total (ms): Min: 5.5, Avg: 5.7, Max: 6.1, Diff: 0.6, Sum: 57.1]
      [GC Worker End (ms): Min: 512977.0, Avg: 512977.0, Max: 512977.1, Diff: 0.1]
   [Code Root Fixup: 0.0 ms]
   [Code Root Purge: 0.0 ms]
   [Clear CT: 1.2 ms]
   [Other: 3.2 ms]
      [Choose CSet: 0.0 ms]
      [Ref Proc: 1.4 ms]
      [Ref Enq: 0.0 ms]
      [Redirty Cards: 1.4 ms]
      [Humongous Register: 0.0 ms]
      [Humongous Reclaim: 0.0 ms]
      [Free CSet: 0.1 ms]
   [Eden: 147.0M(147.0M)->0.0B(150.0M) Survivors: 6144.0K->3072.0K Heap: 185.7M(256.0M)->38569.6K(256.0M)]
Heap after GC invocations=461 (full 0):
 garbage-first heap   total 262144K, used 38569K [0x00000000f0000000, 0x00000000f0100800, 0x0000000100000000)
  region size 1024K, 3 young (3072K), 3 survivors (3072K)
 Metaspace       used 52863K, capacity 56076K, committed 56192K, reserved 1097728K
  class space    used 6460K, capacity 7028K, committed 7040K, reserved 1048576K
}
 [Times: user=0.03 sys=0.03, real=0.01 secs] 
{Heap before GC invocations=461 (full 0):
 garbage-first heap   total 262144K, used 192169K [0x00000000f0000000, 0x00000000f0100800, 0x0000000100000000)
  region size 1024K, 153 young (156672K), 3 survivors (3072K)
 Metaspace       used 52863K, capacity 56076K, committed 56192K, reserved 1097728K
  class space    used 6460K, capacity 7028K, committed 7040K, reserved 1048576K
2023-10-03T06:53:25.907+0800: 513.771: [GC pause (G1 Evacuation Pause) (young), 0.0091701 secs]
   [Parallel Time: 4.8 ms, GC Workers: 10]
      [GC Worker Start (ms): Min: 513770.8, Avg: 513771.1, Max: 513771.3, Diff: 0.5]
      [Ext Root Scanning (ms): Min: 1.2, Avg: 1.5, Max: 1.9, Diff: 0.7, Sum: 14.6]
      [Update RS (ms): Min: 1.0, Avg: 1.1, Max: 1.2, Diff: 0.2, Sum: 10.7]
         [Processed Buffers: Min: 1, Avg: 9.6, Max: 20, Diff: 19, Sum: 96]
      [Scan RS (ms): Min: 0.0, Avg: 0.0, Max: 0.1, Diff: 0.1, Sum: 0.5]
      [Code Root Scanning (ms): Min: 0.0, Avg: 0.0, Max: 0.0, Diff: 0.0, Sum: 0.0]
      [Object Copy (ms): Min: 0.9, Avg: 1.1, Max: 1.2, Diff: 0.3, Sum: 10.7]
      [Termination (ms): Min: 0.0, Avg: 0.0, Max: 0.0, Diff: 0.0, Sum: 0.0]
         [Termination Attempts: Min: 1, Avg: 1.5, Max: 3, Diff: 2, Sum: 15]
      [GC Worker Other (ms): Min: 0.0, Avg: 0.0, Max: 0.1, Diff: 0.1, Sum: 0.5]
      [GC Worker Total (ms): Min: 3.5, Avg: 3.7, Max: 3.9, Diff: 0.5, Sum: 37.0]
      [GC Worker End (ms): Min: 513774.7, Avg: 513774.8, Max: 513774.8, Diff: 0.1]
   [Code Root Fixup: 0.0 ms]
   [Code Root Purge: 0.0 ms]
   [Clear CT: 1.5 ms]
   [Other: 2.9 ms]
      [Choose CSet: 0.0 ms]
      [Ref Proc: 1.1 ms]
      [Ref Enq: 0.0 ms]
      [Redirty Cards: 1.4 ms]
      [Humongous Register: 0.0 ms]
      [Humongous Reclaim: 0.0 ms]
      [Free CSet: 0.1 ms]
   [Eden: 150.0M(150.0M)->0.0B(152.0M) Survivors: 3072.0K->1024.0K Heap: 187.7M(256.0M)->37525.9K(256.0M)]
Heap after GC invocations=462 (full 0):
 garbage-first heap   total 262144K, used 37525K [0x00000000f0000000, 0x00000000f0100800, 0x0000000100000000)
  region size 1024K, 1 young (1024K), 1 survivors (1024K)
 Metaspace       used 52863K, capacity 56076K, committed 56192K, reserved 1097728K
  class space    used 6460K, capacity 7028K, committed 7040K, reserved 1048576K
}
 [Times: user=0.04 sys=0.00, real=0.01 secs] 
{Heap before GC invocations=462 (full 0):
 garbage-first heap   total 262144K, used 193173K [0x00000000f0000000, 0x00000000f0100800, 0x0000000100000000)
  region size 1024K, 153 young (156672K), 1 survivors (1024K)
 Metaspace       used 52863K, capacity 56076K, committed 56192K, reserved 1097728K
  class space    used 6460K, capacity 7028K, committed 7040K, reserved 1048576K
2023-10-03T06:53:26.710+0800: 514.573: [GC pause (G1 Evacuation Pause) (young), 0.0093687 secs]
   [Parallel Time: 4.5 ms, GC Workers: 10]
      [GC Worker Start (ms): Min: 514573.6, Avg: 514573.8, Max: 514574.1, Diff: 0.5]
      [Ext Root Scanning (ms): Min: 1.2, Avg: 1.4, Max: 1.8, Diff: 0.6, Sum: 14.4]
      [Update RS (ms): Min: 0.8, Avg: 0.9, Max: 1.0, Diff: 0.2, Sum: 9.3]
         [Processed Buffers: Min: 2, Avg: 9.6, Max: 20, Diff: 18, Sum: 96]
      [Scan RS (ms): Min: 0.0, Avg: 0.1, Max: 0.1, Diff: 0.1, Sum: 0.6]
      [Code Root Scanning (ms): Min: 0.0, Avg: 0.0, Max: 0.0, Diff: 0.0, Sum: 0.0]
      [Object Copy (ms): Min: 0.8, Avg: 1.0, Max: 1.1, Diff: 0.3, Sum: 9.8]
      [Termination (ms): Min: 0.0, Avg: 0.0, Max: 0.0, Diff: 0.0, Sum: 0.1]
         [Termination Attempts: Min: 1, Avg: 1.8, Max: 3, Diff: 2, Sum: 18]
      [GC Worker Other (ms): Min: 0.0, Avg: 0.1, Max: 0.1, Diff: 0.1, Sum: 0.5]
      [GC Worker Total (ms): Min: 3.2, Avg: 3.5, Max: 3.7, Diff: 0.5, Sum: 34.7]
      [GC Worker End (ms): Min: 514577.3, Avg: 514577.3, Max: 514577.4, Diff: 0.1]
   [Code Root Fixup: 0.0 ms]
   [Code Root Purge: 0.0 ms]
   [Clear CT: 1.4 ms]
   [Other: 3.4 ms]
      [Choose CSet: 0.0 ms]
      [Ref Proc: 1.6 ms]
      [Ref Enq: 0.0 ms]
      [Redirty Cards: 1.5 ms]
      [Humongous Register: 0.0 ms]
      [Humongous Reclaim: 0.0 ms]
      [Free CSet: 0.1 ms]
   [Eden: 152.0M(152.0M)->0.0B(152.0M) Survivors: 1024.0K->1024.0K Heap: 188.6M(256.0M)->37519.9K(256.0M)]
Heap after GC invocations=463 (full 0):
 garbage-first heap   total 262144K, used 37519K [0x00000000f0000000, 0x00000000f0100800, 0x0000000100000000)
  region size 1024K, 1 young (1024K), 1 survivors (1024K)
 Metaspace       used 52863K, capacity 56076K, committed 56192K, reserved 1097728K
  class space    used 6460K, capacity 7028K, committed 7040K, reserved 1048576K
}
 [Times: user=0.04 sys=0.00, real=0.01 secs] 
{Heap before GC invocations=463 (full 0):
 garbage-first heap   total 262144K, used 193167K [0x00000000f0000000, 0x00000000f0100800, 0x0000000100000000)
  region size 1024K, 153 young (156672K), 1 survivors (1024K)
 Metaspace       used 52863K, capacity 56076K, committed 56192K, reserved 1097728K
  class space    used 6460K, capacity 7028K, committed 7040K, reserved 1048576K
2023-10-03T06:53:27.506+0800: 515.369: [GC pause (G1 Evacuation Pause) (young), 0.0090011 secs]
   [Parallel Time: 4.5 ms, GC Workers: 10]
      [GC Worker Start (ms): Min: 515369.7, Avg: 515370.0, Max: 515370.2, Diff: 0.5]
      [Ext Root Scanning (ms): Min: 1.2, Avg: 1.4, Max: 1.8, Diff: 0.6, Sum: 14.4]
      [Update RS (ms): Min: 0.8, Avg: 0.9, Max: 1.0, Diff: 0.2, Sum: 8.9]
         [Processed Buffers: Min: 1, Avg: 9.7, Max: 19, Diff: 18, Sum: 97]
      [Scan RS (ms): Min: 0.0, Avg: 0.1, Max: 0.1, Diff: 0.1, Sum: 0.5]
      [Code Root Scanning (ms): Min: 0.0, Avg: 0.0, Max: 0.0, Diff: 0.0, Sum: 0.0]
      [Object Copy (ms): Min: 0.9, Avg: 1.0, Max: 1.1, Diff: 0.2, Sum: 10.1]
      [Termination (ms): Min: 0.0, Avg: 0.0, Max: 0.0, Diff: 0.0, Sum: 0.1]
         [Termination Attempts: Min: 1, Avg: 1.4, Max: 2, Diff: 1, Sum: 14]
      [GC Worker Other (ms): Min: 0.0, Avg: 0.0, Max: 0.1, Diff: 0.1, Sum: 0.4]
      [GC Worker Total (ms): Min: 3.2, Avg: 3.4, Max: 3.7, Diff: 0.5, Sum: 34.5]
      [GC Worker End (ms): Min: 515373.4, Avg: 515373.4, Max: 515373.5, Diff: 0.1]
   [Code Root Fixup: 0.0 ms]
   [Code Root Purge: 0.0 ms]
   [Clear CT: 1.5 ms]
   [Other: 3.0 ms]
      [Choose CSet: 0.0 ms]
      [Ref Proc: 1.2 ms]
      [Ref Enq: 0.0 ms]
      [Redirty Cards: 1.3 ms]
      [Humongous Register: 0.0 ms]
      [Humongous Reclaim: 0.0 ms]
      [Free CSet: 0.1 ms]
   [Eden: 152.0M(152.0M)->0.0B(152.0M) Survivors: 1024.0K->1024.0K Heap: 188.6M(256.0M)->37474.3K(256.0M)]
Heap after GC invocations=464 (full 0):
 garbage-first heap   total 262144K, used 37474K [0x00000000f0000000, 0x00000000f0100800, 0x0000000100000000)
  region size 1024K, 1 young (1024K), 1 survivors (1024K)
 Metaspace       used 52863K, capacity 56076K, committed 56192K, reserved 1097728K
  class space    used 6460K, capacity 7028K, committed 7040K, reserved 1048576K
}
 [Times: user=0.04 sys=0.01, real=0.01 secs] 
{Heap before GC invocations=464 (full 0):
 garbage-first heap   total 262144K, used 193122K [0x00000000f0000000, 0x00000000f0100800, 0x0000000100000000)
  region size 1024K, 153 young (156672K), 1 survivors (1024K)
 Metaspace       used 52865K, capacity 56076K, committed 56192K, reserved 1097728K
  class space    used 6460K, capacity 7028K, committed 7040K, reserved 1048576K
2023-10-03T06:53:28.310+0800: 516.173: [GC pause (G1 Evacuation Pause) (young), 0.0092687 secs]
   [Parallel Time: 4.5 ms, GC Workers: 10]
      [GC Worker Start (ms): Min: 516173.7, Avg: 516174.0, Max: 516174.2, Diff: 0.5]
      [Ext Root Scanning (ms): Min: 1.2, Avg: 1.4, Max: 1.8, Diff: 0.6, Sum: 14.5]
      [Update RS (ms): Min: 0.8, Avg: 0.9, Max: 1.0, Diff: 0.2, Sum: 9.3]
         [Processed Buffers: Min: 6, Avg: 9.6, Max: 17, Diff: 11, Sum: 96]
      [Scan RS (ms): Min: 0.0, Avg: 0.1, Max: 0.1, Diff: 0.1, Sum: 0.6]
      [Code Root Scanning (ms): Min: 0.0, Avg: 0.0, Max: 0.0, Diff: 0.0, Sum: 0.0]
      [Object Copy (ms): Min: 0.8, Avg: 0.9, Max: 1.0, Diff: 0.2, Sum: 9.3]
      [Termination (ms): Min: 0.0, Avg: 0.0, Max: 0.0, Diff: 0.0, Sum: 0.0]
         [Termination Attempts: Min: 1, Avg: 1.0, Max: 1, Diff: 0, Sum: 10]
      [GC Worker Other (ms): Min: 0.0, Avg: 0.1, Max: 0.2, Diff: 0.1, Sum: 0.5]
      [GC Worker Total (ms): Min: 3.2, Avg: 3.4, Max: 3.6, Diff: 0.4, Sum: 34.2]
      [GC Worker End (ms): Min: 516177.4, Avg: 516177.4, Max: 516177.5, Diff: 0.1]
   [Code Root Fixup: 0.0 ms]
   [Code Root Purge: 0.0 ms]
   [Clear CT: 1.5 ms]
   [Other: 3.2 ms]
      [Choose CSet: 0.0 ms]
      [Ref Proc: 1.4 ms]
      [Ref Enq: 0.0 ms]
      [Redirty Cards: 1.5 ms]
      [Humongous Register: 0.0 ms]
      [Humongous Reclaim: 0.0 ms]
      [Free CSet: 0.1 ms]
   [Eden: 152.0M(152.0M)->0.0B(152.0M) Survivors: 1024.0K->1024.0K Heap: 188.6M(256.0M)->37539.3K(256.0M)]
Heap after GC invocations=465 (full 0):
 garbage-first heap   total 262144K, used 37539K [0x00000000f0000000, 0x00000000f0100800, 0x0000000100000000)
  region size 1024K, 1 young (1024K), 1 survivors (1024K)
 Metaspace       used 52865K, capacity 56076K, committed 56192K, reserved 1097728K
  class space    used 6460K, capacity 7028K, committed 7040K, reserved 1048576K
}
 [Times: user=0.04 sys=0.00, real=0.01 secs] 
{Heap before GC invocations=465 (full 0):
 garbage-first heap   total 262144K, used 193187K [0x00000000f0000000, 0x00000000f0100800, 0x0000000100000000)
  region size 1024K, 153 young (156672K), 1 survivors (1024K)
 Metaspace       used 52865K, capacity 56076K, committed 56192K, reserved 1097728K
  class space    used 6460K, capacity 7028K, committed 7040K, reserved 1048576K
2023-10-03T06:53:29.111+0800: 516.974: [GC pause (G1 Evacuation Pause) (young), 0.0088515 secs]
   [Parallel Time: 4.3 ms, GC Workers: 10]
      [GC Worker Start (ms): Min: 516974.0, Avg: 516974.3, Max: 516974.5, Diff: 0.5]
      [Ext Root Scanning (ms): Min: 1.2, Avg: 1.4, Max: 1.8, Diff: 0.6, Sum: 14.4]
      [Update RS (ms): Min: 0.8, Avg: 0.9, Max: 1.0, Diff: 0.3, Sum: 9.1]
         [Processed Buffers: Min: 7, Avg: 9.6, Max: 17, Diff: 10, Sum: 96]
      [Scan RS (ms): Min: 0.0, Avg: 0.1, Max: 0.1, Diff: 0.1, Sum: 0.7]
      [Code Root Scanning (ms): Min: 0.0, Avg: 0.0, Max: 0.0, Diff: 0.0, Sum: 0.0]
      [Object Copy (ms): Min: 0.8, Avg: 1.0, Max: 1.0, Diff: 0.2, Sum: 9.8]
      [Termination (ms): Min: 0.0, Avg: 0.0, Max: 0.0, Diff: 0.0, Sum: 0.0]
         [Termination Attempts: Min: 1, Avg: 1.0, Max: 1, Diff: 0, Sum: 10]
      [GC Worker Other (ms): Min: 0.0, Avg: 0.0, Max: 0.1, Diff: 0.1, Sum: 0.4]
      [GC Worker Total (ms): Min: 3.2, Avg: 3.4, Max: 3.7, Diff: 0.5, Sum: 34.3]
      [GC Worker End (ms): Min: 516977.7, Avg: 516977.7, Max: 516977.8, Diff: 0.1]
   [Code Root Fixup: 0.0 ms]
   [Code Root Purge: 0.0 ms]
   [Clear CT: 1.4 ms]
   [Other: 3.1 ms]
      [Choose CSet: 0.0 ms]
      [Ref Proc: 1.4 ms]
      [Ref Enq: 0.0 ms]
      [Redirty Cards: 1.4 ms]
      [Humongous Register: 0.0 ms]
      [Humongous Reclaim: 0.0 ms]
      [Free CSet: 0.1 ms]
   [Eden: 152.0M(152.0M)->0.0B(152.0M) Survivors: 1024.0K->1024.0K Heap: 188.7M(256.0M)->37699.0K(256.0M)]
Heap after GC invocations=466 (full 0):
 garbage-first heap   total 262144K, used 37699K [0x00000000f0000000, 0x00000000f0100800, 0x0000000100000000)
  region size 1024K, 1 young (1024K), 1 survivors (1024K)
 Metaspace       used 52865K, capacity 56076K, committed 56192K, reserved 1097728K
  class space    used 6460K, capacity 7028K, committed 7040K, reserved 1048576K
}
 [Times: user=0.03 sys=0.01, real=0.00 secs] 
{Heap before GC invocations=466 (full 0):
 garbage-first heap   total 262144K, used 193347K [0x00000000f0000000, 0x00000000f0100800, 0x0000000100000000)
  region size 1024K, 153 young (156672K), 1 survivors (1024K)
 Metaspace       used 52865K, capacity 56076K, committed 56192K, reserved 1097728K
  class space    used 6460K, capacity 7028K, committed 7040K, reserved 1048576K
2023-10-03T06:53:29.870+0800: 517.733: [GC pause (G1 Evacuation Pause) (young), 0.0014185 secs]
   [Parallel Time: 0.9 ms, GC Workers: 10]
      [GC Worker Start (ms): Min: 517733.3, Avg: 517733.4, Max: 517733.4, Diff: 0.1]
      [Ext Root Scanning (ms): Min: 0.2, Avg: 0.3, Max: 0.7, Diff: 0.4, Sum: 3.2]
      [Update RS (ms): Min: 0.0, Avg: 0.2, Max: 0.3, Diff: 0.3, Sum: 1.9]
         [Processed Buffers: Min: 0, Avg: 9.6, Max: 18, Diff: 18, Sum: 96]
      [Scan RS (ms): Min: 0.0, Avg: 0.0, Max: 0.0, Diff: 0.0, Sum: 0.1]
      [Code Root Scanning (ms): Min: 0.0, Avg: 0.0, Max: 0.0, Diff: 0.0, Sum: 0.0]
      [Object Copy (ms): Min: 0.1, Avg: 0.2, Max: 0.2, Diff: 0.1, Sum: 1.9]
      [Termination (ms): Min: 0.0, Avg: 0.0, Max: 0.0, Diff: 0.0, Sum: 0.0]
         [Termination Attempts: Min: 1, Avg: 1.6, Max: 3, Diff: 2, Sum: 16]
      [GC Worker Other (ms): Min: 0.0, Avg: 0.0, Max: 0.0, Diff: 0.0, Sum: 0.2]
      [GC Worker Total (ms): Min: 0.7, Avg: 0.7, Max: 0.8, Diff: 0.1, Sum: 7.4]
      [GC Worker End (ms): Min: 517734.1, Avg: 517734.1, Max: 517734.2, Diff: 0.0]
   [Code Root Fixup: 0.0 ms]
   [Code Root Purge: 0.0 ms]
   [Clear CT: 0.1 ms]
   [Other: 0.4 ms]
      [Choose CSet: 0.0 ms]
      [Ref Proc: 0.3 ms]
      [Ref Enq: 0.0 ms]
      [Redirty Cards: 0.1 ms]
      [Humongous Register: 0.0 ms]
      [Humongous Reclaim: 0.0 ms]
      [Free CSet: 0.0 ms]
   [Eden: 152.0M(152.0M)->0.0B(152.0M) Survivors: 1024.0K->1024.0K Heap: 188.8M(256.0M)->37515.9K(256.0M)]
Heap after GC invocations=467 (full 0):
 garbage-first heap   total 262144K, used 37515K [0x00000000f0000000, 0x00000000f0100800, 0x0000000100000000)
  region size 1024K, 1 young (1024K), 1 survivors (1024K)
 Metaspace       used 52865K, capacity 56076K, committed 56192K, reserved 1097728K
  class space    used 6460K, capacity 7028K, committed 7040K, reserved 1048576K
}
 [Times: user=0.01 sys=0.00, real=0.00 secs] 
{Heap before GC invocations=467 (full 0):
 garbage-first heap   total 262144K, used 193163K [0x00000000f0000000, 0x00000000f0100800, 0x0000000100000000)
  region size 1024K, 153 young (156672K), 1 survivors (1024K)
 Metaspace       used 52865K, capacity 56076K, committed 56192K, reserved 1097728K
  class space    used 6460K, capacity 7028K, committed 7040K, reserved 1048576K
2023-10-03T06:53:30.540+0800: 518.404: [GC pause (G1 Evacuation Pause) (young), 0.0033582 secs]
   [Parallel Time: 1.7 ms, GC Workers: 10]
      [GC Worker Start (ms): Min: 518403.8, Avg: 518403.9, Max: 518404.0, Diff: 0.2]
      [Ext Root Scanning (ms): Min: 0.5, Avg: 0.6, Max: 0.9, Diff: 0.4, Sum: 6.3]
      [Update RS (ms): Min: 0.2, Avg: 0.3, Max: 0.4, Diff: 0.2, Sum: 3.5]
         [Processed Buffers: Min: 1, Avg: 9.5, Max: 19, Diff: 18, Sum: 95]
      [Scan RS (ms): Min: 0.0, Avg: 0.0, Max: 0.0, Diff: 0.0, Sum: 0.3]
      [Code Root Scanning (ms): Min: 0.0, Avg: 0.0, Max: 0.0, Diff: 0.0, Sum: 0.0]
      [Object Copy (ms): Min: 0.3, Avg: 0.4, Max: 0.4, Diff: 0.1, Sum: 4.0]
      [Termination (ms): Min: 0.0, Avg: 0.0, Max: 0.0, Diff: 0.0, Sum: 0.0]
         [Termination Attempts: Min: 1, Avg: 1.2, Max: 2, Diff: 1, Sum: 12]
      [GC Worker Other (ms): Min: 0.0, Avg: 0.0, Max: 0.1, Diff: 0.1, Sum: 0.3]
      [GC Worker Total (ms): Min: 1.3, Avg: 1.4, Max: 1.6, Diff: 0.3, Sum: 14.4]
      [GC Worker End (ms): Min: 518405.3, Avg: 518405.3, Max: 518405.4, Diff: 0.1]
   [Code Root Fixup: 0.0 ms]
   [Code Root Purge: 0.0 ms]
   [Clear CT: 0.3 ms]
   [Other: 1.4 ms]
      [Choose CSet: 0.0 ms]
      [Ref Proc: 0.6 ms]
      [Ref Enq: 0.0 ms]
      [Redirty Cards: 0.6 ms]
      [Humongous Register: 0.0 ms]
      [Humongous Reclaim: 0.0 ms]
      [Free CSet: 0.0 ms]
   [Eden: 152.0M(152.0M)->0.0B(152.0M) Survivors: 1024.0K->1024.0K Heap: 188.6M(256.0M)->37616.4K(256.0M)]
Heap after GC invocations=468 (full 0):
 garbage-first heap   total 262144K, used 37616K [0x00000000f0000000, 0x00000000f0100800, 0x0000000100000000)
  region size 1024K, 1 young (1024K), 1 survivors (1024K)
 Metaspace       used 52865K, capacity 56076K, committed 56192K, reserved 1097728K
  class space    used 6460K, capacity 7028K, committed 7040K, reserved 1048576K
}
 [Times: user=0.02 sys=0.00, real=0.00 secs] 
{Heap before GC invocations=468 (full 0):
 garbage-first heap   total 262144K, used 193264K [0x00000000f0000000, 0x00000000f0100800, 0x0000000100000000)
  region size 1024K, 153 young (156672K), 1 survivors (1024K)
 Metaspace       used 52865K, capacity 56076K, committed 56192K, reserved 1097728K
  class space    used 6460K, capacity 7028K, committed 7040K, reserved 1048576K
2023-10-03T06:53:31.270+0800: 519.133: [GC pause (G1 Evacuation Pause) (young), 0.0085894 secs]
   [Parallel Time: 4.3 ms, GC Workers: 10]
      [GC Worker Start (ms): Min: 519133.2, Avg: 519133.4, Max: 519133.7, Diff: 0.5]
      [Ext Root Scanning (ms): Min: 1.2, Avg: 1.4, Max: 1.7, Diff: 0.5, Sum: 13.7]
      [Update RS (ms): Min: 0.8, Avg: 0.9, Max: 1.0, Diff: 0.2, Sum: 8.8]
         [Processed Buffers: Min: 4, Avg: 9.6, Max: 17, Diff: 13, Sum: 96]
      [Scan RS (ms): Min: 0.0, Avg: 0.1, Max: 0.1, Diff: 0.1, Sum: 0.6]
      [Code Root Scanning (ms): Min: 0.0, Avg: 0.0, Max: 0.0, Diff: 0.0, Sum: 0.0]
      [Object Copy (ms): Min: 0.9, Avg: 1.0, Max: 1.1, Diff: 0.2, Sum: 10.0]
      [Termination (ms): Min: 0.0, Avg: 0.0, Max: 0.0, Diff: 0.0, Sum: 0.1]
         [Termination Attempts: Min: 1, Avg: 2.2, Max: 5, Diff: 4, Sum: 22]
      [GC Worker Other (ms): Min: 0.0, Avg: 0.0, Max: 0.1, Diff: 0.1, Sum: 0.4]
      [GC Worker Total (ms): Min: 3.1, Avg: 3.4, Max: 3.6, Diff: 0.5, Sum: 33.6]
      [GC Worker End (ms): Min: 519136.8, Avg: 519136.8, Max: 519136.8, Diff: 0.1]
   [Code Root Fixup: 0.0 ms]
   [Code Root Purge: 0.0 ms]
   [Clear CT: 1.1 ms]
   [Other: 3.2 ms]
      [Choose CSet: 0.0 ms]
      [Ref Proc: 1.3 ms]
      [Ref Enq: 0.0 ms]
      [Redirty Cards: 1.5 ms]
      [Humongous Register: 0.0 ms]
      [Humongous Reclaim: 0.0 ms]
      [Free CSet: 0.1 ms]
   [Eden: 152.0M(152.0M)->0.0B(152.0M) Survivors: 1024.0K->1024.0K Heap: 188.7M(256.0M)->37586.4K(256.0M)]
Heap after GC invocations=469 (full 0):
 garbage-first heap   total 262144K, used 37586K [0x00000000f0000000, 0x00000000f0100800, 0x0000000100000000)
  region size 1024K, 1 young (1024K), 1 survivors (1024K)
 Metaspace       used 52865K, capacity 56076K, committed 56192K, reserved 1097728K
  class space    used 6460K, capacity 7028K, committed 7040K, reserved 1048576K
}
 [Times: user=0.04 sys=0.00, real=0.00 secs] 
{Heap before GC invocations=469 (full 0):
 garbage-first heap   total 262144K, used 193234K [0x00000000f0000000, 0x00000000f0100800, 0x0000000100000000)
  region size 1024K, 153 young (156672K), 1 survivors (1024K)
 Metaspace       used 52865K, capacity 56076K, committed 56192K, reserved 1097728K
  class space    used 6460K, capacity 7028K, committed 7040K, reserved 1048576K
2023-10-03T06:53:32.066+0800: 519.929: [GC pause (G1 Evacuation Pause) (young), 0.0087863 secs]
   [Parallel Time: 4.4 ms, GC Workers: 10]
      [GC Worker Start (ms): Min: 519929.6, Avg: 519929.8, Max: 519930.0, Diff: 0.5]
      [Ext Root Scanning (ms): Min: 1.2, Avg: 1.4, Max: 1.7, Diff: 0.5, Sum: 14.0]
      [Update RS (ms): Min: 0.8, Avg: 0.9, Max: 1.0, Diff: 0.2, Sum: 8.6]
         [Processed Buffers: Min: 6, Avg: 9.5, Max: 16, Diff: 10, Sum: 95]
      [Scan RS (ms): Min: 0.0, Avg: 0.1, Max: 0.1, Diff: 0.1, Sum: 0.5]
      [Code Root Scanning (ms): Min: 0.0, Avg: 0.0, Max: 0.0, Diff: 0.0, Sum: 0.0]
      [Object Copy (ms): Min: 0.8, Avg: 1.0, Max: 1.0, Diff: 0.2, Sum: 9.9]
      [Termination (ms): Min: 0.0, Avg: 0.0, Max: 0.0, Diff: 0.0, Sum: 0.1]
         [Termination Attempts: Min: 1, Avg: 1.1, Max: 2, Diff: 1, Sum: 11]
      [GC Worker Other (ms): Min: 0.0, Avg: 0.0, Max: 0.1, Diff: 0.1, Sum: 0.5]
      [GC Worker Total (ms): Min: 3.1, Avg: 3.4, Max: 3.6, Diff: 0.5, Sum: 33.6]
      [GC Worker End (ms): Min: 519933.2, Avg: 519933.2, Max: 519933.3, Diff: 0.1]
   [Code Root Fixup: 0.0 ms]
   [Code Root Purge: 0.0 ms]
   [Clear CT: 1.3 ms]
   [Other: 3.1 ms]
      [Choose CSet: 0.0 ms]
      [Ref Proc: 1.3 ms]
      [Ref Enq: 0.0 ms]
      [Redirty Cards: 1.5 ms]
      [Humongous Register: 0.0 ms]
      [Humongous Reclaim: 0.0 ms]
      [Free CSet: 0.1 ms]
   [Eden: 152.0M(152.0M)->0.0B(152.0M) Survivors: 1024.0K->1024.0K Heap: 188.7M(256.0M)->37533.5K(256.0M)]
Heap after GC invocations=470 (full 0):
 garbage-first heap   total 262144K, used 37533K [0x00000000f0000000, 0x00000000f0100800, 0x0000000100000000)
  region size 1024K, 1 young (1024K), 1 survivors (1024K)
 Metaspace       used 52865K, capacity 56076K, committed 56192K, reserved 1097728K
  class space    used 6460K, capacity 7028K, committed 7040K, reserved 1048576K
}
 [Times: user=0.04 sys=0.01, real=0.01 secs] 
{Heap before GC invocations=470 (full 0):
 garbage-first heap   total 262144K, used 193181K [0x00000000f0000000, 0x00000000f0100800, 0x0000000100000000)
  region size 1024K, 153 young (156672K), 1 survivors (1024K)
 Metaspace       used 52865K, capacity 56076K, committed 56192K, reserved 1097728K
  class space    used 6460K, capacity 7028K, committed 7040K, reserved 1048576K
2023-10-03T06:53:32.883+0800: 520.747: [GC pause (G1 Evacuation Pause) (young), 0.0083006 secs]
   [Parallel Time: 4.3 ms, GC Workers: 10]
      [GC Worker Start (ms): Min: 520746.8, Avg: 520747.0, Max: 520747.2, Diff: 0.5]
      [Ext Root Scanning (ms): Min: 1.2, Avg: 1.4, Max: 1.7, Diff: 0.6, Sum: 13.9]
      [Update RS (ms): Min: 0.8, Avg: 0.9, Max: 1.0, Diff: 0.2, Sum: 9.1]
         [Processed Buffers: Min: 5, Avg: 9.7, Max: 18, Diff: 13, Sum: 97]
      [Scan RS (ms): Min: 0.0, Avg: 0.1, Max: 0.1, Diff: 0.1, Sum: 0.8]
      [Code Root Scanning (ms): Min: 0.0, Avg: 0.0, Max: 0.0, Diff: 0.0, Sum: 0.0]
      [Object Copy (ms): Min: 0.8, Avg: 0.9, Max: 1.0, Diff: 0.2, Sum: 9.3]
      [Termination (ms): Min: 0.0, Avg: 0.0, Max: 0.0, Diff: 0.0, Sum: 0.0]
         [Termination Attempts: Min: 1, Avg: 1.0, Max: 1, Diff: 0, Sum: 10]
      [GC Worker Other (ms): Min: 0.0, Avg: 0.1, Max: 0.1, Diff: 0.1, Sum: 0.5]
      [GC Worker Total (ms): Min: 3.1, Avg: 3.4, Max: 3.7, Diff: 0.6, Sum: 33.6]
      [GC Worker End (ms): Min: 520750.3, Avg: 520750.4, Max: 520750.5, Diff: 0.1]
   [Code Root Fixup: 0.0 ms]
   [Code Root Purge: 0.0 ms]
   [Clear CT: 1.0 ms]
   [Other: 2.9 ms]
      [Choose CSet: 0.0 ms]
      [Ref Proc: 1.3 ms]
      [Ref Enq: 0.0 ms]
      [Redirty Cards: 1.2 ms]
      [Humongous Register: 0.0 ms]
      [Humongous Reclaim: 0.0 ms]
      [Free CSet: 0.1 ms]
   [Eden: 152.0M(152.0M)->0.0B(152.0M) Survivors: 1024.0K->1024.0K Heap: 188.7M(256.0M)->37703.6K(256.0M)]
Heap after GC invocations=471 (full 0):
 garbage-first heap   total 262144K, used 37703K [0x00000000f0000000, 0x00000000f0100800, 0x0000000100000000)
  region size 1024K, 1 young (1024K), 1 survivors (1024K)
 Metaspace       used 52865K, capacity 56076K, committed 56192K, reserved 1097728K
  class space    used 6460K, capacity 7028K, committed 7040K, reserved 1048576K
}
 [Times: user=0.04 sys=0.01, real=0.01 secs] 
{Heap before GC invocations=471 (full 0):
 garbage-first heap   total 262144K, used 193351K [0x00000000f0000000, 0x00000000f0100800, 0x0000000100000000)
  region size 1024K, 153 young (156672K), 1 survivors (1024K)
 Metaspace       used 52865K, capacity 56076K, committed 56192K, reserved 1097728K
  class space    used 6460K, capacity 7028K, committed 7040K, reserved 1048576K
2023-10-03T06:53:33.700+0800: 521.563: [GC pause (G1 Evacuation Pause) (young), 0.0088113 secs]
   [Parallel Time: 4.3 ms, GC Workers: 10]
      [GC Worker Start (ms): Min: 521563.4, Avg: 521563.7, Max: 521563.9, Diff: 0.5]
      [Ext Root Scanning (ms): Min: 1.1, Avg: 1.4, Max: 1.8, Diff: 0.7, Sum: 13.9]
      [Update RS (ms): Min: 0.7, Avg: 0.8, Max: 0.9, Diff: 0.2, Sum: 8.4]
         [Processed Buffers: Min: 4, Avg: 9.6, Max: 20, Diff: 16, Sum: 96]
      [Scan RS (ms): Min: 0.1, Avg: 0.1, Max: 0.1, Diff: 0.1, Sum: 1.1]
      [Code Root Scanning (ms): Min: 0.0, Avg: 0.0, Max: 0.0, Diff: 0.0, Sum: 0.0]
      [Object Copy (ms): Min: 0.7, Avg: 0.9, Max: 0.9, Diff: 0.3, Sum: 8.6]
      [Termination (ms): Min: 0.0, Avg: 0.0, Max: 0.0, Diff: 0.0, Sum: 0.0]
         [Termination Attempts: Min: 1, Avg: 1.0, Max: 1, Diff: 0, Sum: 10]
      [GC Worker Other (ms): Min: 0.0, Avg: 0.0, Max: 0.1, Diff: 0.1, Sum: 0.5]
      [GC Worker Total (ms): Min: 3.0, Avg: 3.3, Max: 3.6, Diff: 0.6, Sum: 32.5]
      [GC Worker End (ms): Min: 521566.9, Avg: 521567.0, Max: 521567.1, Diff: 0.1]
   [Code Root Fixup: 0.0 ms]
   [Code Root Purge: 0.0 ms]
   [Clear CT: 1.6 ms]
   [Other: 3.0 ms]
      [Choose CSet: 0.0 ms]
      [Ref Proc: 1.2 ms]
      [Ref Enq: 0.0 ms]
      [Redirty Cards: 1.4 ms]
      [Humongous Register: 0.0 ms]
      [Humongous Reclaim: 0.0 ms]
      [Free CSet: 0.1 ms]
   [Eden: 152.0M(152.0M)->0.0B(152.0M) Survivors: 1024.0K->1024.0K Heap: 188.8M(256.0M)->37616.4K(256.0M)]
Heap after GC invocations=472 (full 0):
 garbage-first heap   total 262144K, used 37616K [0x00000000f0000000, 0x00000000f0100800, 0x0000000100000000)
  region size 1024K, 1 young (1024K), 1 survivors (1024K)
 Metaspace       used 52865K, capacity 56076K, committed 56192K, reserved 1097728K
  class space    used 6460K, capacity 7028K, committed 7040K, reserved 1048576K
}
 [Times: user=0.04 sys=0.00, real=0.00 secs] 
{Heap before GC invocations=472 (full 0):
 garbage-first heap   total 262144K, used 193264K [0x00000000f0000000, 0x00000000f0100800, 0x0000000100000000)
  region size 1024K, 153 young (156672K), 1 survivors (1024K)
 Metaspace       used 52866K, capacity 56076K, committed 56192K, reserved 1097728K
  class space    used 6460K, capacity 7028K, committed 7040K, reserved 1048576K
2023-10-03T06:53:34.502+0800: 522.366: [GC pause (G1 Evacuation Pause) (young), 0.0091921 secs]
   [Parallel Time: 4.5 ms, GC Workers: 10]
      [GC Worker Start (ms): Min: 522366.0, Avg: 522366.3, Max: 522366.5, Diff: 0.5]
      [Ext Root Scanning (ms): Min: 1.2, Avg: 1.4, Max: 1.8, Diff: 0.6, Sum: 14.0]
      [Update RS (ms): Min: 0.8, Avg: 0.9, Max: 1.0, Diff: 0.2, Sum: 8.9]
         [Processed Buffers: Min: 6, Avg: 9.9, Max: 16, Diff: 10, Sum: 99]
      [Scan RS (ms): Min: 0.0, Avg: 0.1, Max: 0.1, Diff: 0.1, Sum: 0.8]
      [Code Root Scanning (ms): Min: 0.0, Avg: 0.0, Max: 0.0, Diff: 0.0, Sum: 0.0]
      [Object Copy (ms): Min: 0.9, Avg: 1.0, Max: 1.1, Diff: 0.2, Sum: 10.0]
      [Termination (ms): Min: 0.0, Avg: 0.0, Max: 0.0, Diff: 0.0, Sum: 0.0]
         [Termination Attempts: Min: 1, Avg: 1.2, Max: 2, Diff: 1, Sum: 12]
      [GC Worker Other (ms): Min: 0.0, Avg: 0.1, Max: 0.1, Diff: 0.1, Sum: 0.5]
      [GC Worker Total (ms): Min: 3.2, Avg: 3.4, Max: 3.8, Diff: 0.6, Sum: 34.3]
      [GC Worker End (ms): Min: 522369.7, Avg: 522369.7, Max: 522369.8, Diff: 0.1]
   [Code Root Fixup: 0.0 ms]
   [Code Root Purge: 0.0 ms]
   [Clear CT: 1.3 ms]
   [Other: 3.4 ms]
      [Choose CSet: 0.0 ms]
      [Ref Proc: 1.5 ms]
      [Ref Enq: 0.0 ms]
      [Redirty Cards: 1.5 ms]
      [Humongous Register: 0.0 ms]
      [Humongous Reclaim: 0.0 ms]
      [Free CSet: 0.1 ms]
   [Eden: 152.0M(152.0M)->0.0B(152.0M) Survivors: 1024.0K->1024.0K Heap: 188.7M(256.0M)->37639.7K(256.0M)]
Heap after GC invocations=473 (full 0):
 garbage-first heap   total 262144K, used 37639K [0x00000000f0000000, 0x00000000f0100800, 0x0000000100000000)
  region size 1024K, 1 young (1024K), 1 survivors (1024K)
 Metaspace       used 52866K, capacity 56076K, committed 56192K, reserved 1097728K
  class space    used 6460K, capacity 7028K, committed 7040K, reserved 1048576K
}
 [Times: user=0.04 sys=0.00, real=0.01 secs] 
{Heap before GC invocations=473 (full 0):
 garbage-first heap   total 262144K, used 193287K [0x00000000f0000000, 0x00000000f0100800, 0x0000000100000000)
  region size 1024K, 153 young (156672K), 1 survivors (1024K)
 Metaspace       used 52866K, capacity 56076K, committed 56192K, reserved 1097728K
  class space    used 6460K, capacity 7028K, committed 7040K, reserved 1048576K
2023-10-03T06:53:35.315+0800: 523.179: [GC pause (G1 Evacuation Pause) (young), 0.0085347 secs]
   [Parallel Time: 4.2 ms, GC Workers: 10]
      [GC Worker Start (ms): Min: 523178.8, Avg: 523179.2, Max: 523179.5, Diff: 0.6]
      [Ext Root Scanning (ms): Min: 1.3, Avg: 1.5, Max: 1.9, Diff: 0.6, Sum: 14.6]
      [Update RS (ms): Min: 0.8, Avg: 0.9, Max: 1.0, Diff: 0.2, Sum: 8.7]
         [Processed Buffers: Min: 4, Avg: 9.7, Max: 18, Diff: 14, Sum: 97]
      [Scan RS (ms): Min: 0.0, Avg: 0.1, Max: 0.1, Diff: 0.1, Sum: 0.6]
      [Code Root Scanning (ms): Min: 0.0, Avg: 0.0, Max: 0.0, Diff: 0.0, Sum: 0.0]
      [Object Copy (ms): Min: 0.8, Avg: 0.9, Max: 1.0, Diff: 0.2, Sum: 9.0]
      [Termination (ms): Min: 0.0, Avg: 0.0, Max: 0.0, Diff: 0.0, Sum: 0.0]
         [Termination Attempts: Min: 1, Avg: 1.0, Max: 1, Diff: 0, Sum: 10]
      [GC Worker Other (ms): Min: 0.0, Avg: 0.0, Max: 0.1, Diff: 0.1, Sum: 0.4]
      [GC Worker Total (ms): Min: 3.0, Avg: 3.3, Max: 3.7, Diff: 0.6, Sum: 33.2]
      [GC Worker End (ms): Min: 523182.5, Avg: 523182.5, Max: 523182.5, Diff: 0.1]
   [Code Root Fixup: 0.0 ms]
   [Code Root Purge: 0.0 ms]
   [Clear CT: 1.2 ms]
   [Other: 3.1 ms]
      [Choose CSet: 0.0 ms]
      [Ref Proc: 1.5 ms]
      [Ref Enq: 0.0 ms]
      [Redirty Cards: 1.2 ms]
      [Humongous Register: 0.0 ms]
      [Humongous Reclaim: 0.0 ms]
      [Free CSet: 0.1 ms]
   [Eden: 152.0M(152.0M)->0.0B(152.0M) Survivors: 1024.0K->1024.0K Heap: 188.8M(256.0M)->37601.0K(256.0M)]
Heap after GC invocations=474 (full 0):
 garbage-first heap   total 262144K, used 37601K [0x00000000f0000000, 0x00000000f0100800, 0x0000000100000000)
  region size 1024K, 1 young (1024K), 1 survivors (1024K)
 Metaspace       used 52866K, capacity 56076K, committed 56192K, reserved 1097728K
  class space    used 6460K, capacity 7028K, committed 7040K, reserved 1048576K
}
 [Times: user=0.04 sys=0.01, real=0.01 secs] 
{Heap before GC invocations=474 (full 0):
 garbage-first heap   total 262144K, used 193249K [0x00000000f0000000, 0x00000000f0100800, 0x0000000100000000)
  region size 1024K, 153 young (156672K), 1 survivors (1024K)
 Metaspace       used 52866K, capacity 56076K, committed 56192K, reserved 1097728K
  class space    used 6460K, capacity 7028K, committed 7040K, reserved 1048576K
2023-10-03T06:53:36.084+0800: 523.947: [GC pause (G1 Evacuation Pause) (young), 0.0093821 secs]
   [Parallel Time: 4.8 ms, GC Workers: 10]
      [GC Worker Start (ms): Min: 523947.3, Avg: 523947.6, Max: 523947.8, Diff: 0.5]
      [Ext Root Scanning (ms): Min: 1.2, Avg: 1.4, Max: 1.8, Diff: 0.5, Sum: 14.1]
      [Update RS (ms): Min: 0.8, Avg: 0.9, Max: 1.0, Diff: 0.2, Sum: 9.1]
         [Processed Buffers: Min: 5, Avg: 9.6, Max: 14, Diff: 9, Sum: 96]
      [Scan RS (ms): Min: 0.0, Avg: 0.1, Max: 0.1, Diff: 0.1, Sum: 0.6]
      [Code Root Scanning (ms): Min: 0.0, Avg: 0.0, Max: 0.0, Diff: 0.0, Sum: 0.0]
      [Object Copy (ms): Min: 1.1, Avg: 1.3, Max: 1.4, Diff: 0.2, Sum: 12.8]
      [Termination (ms): Min: 0.0, Avg: 0.0, Max: 0.0, Diff: 0.0, Sum: 0.1]
         [Termination Attempts: Min: 1, Avg: 1.7, Max: 2, Diff: 1, Sum: 17]
      [GC Worker Other (ms): Min: 0.0, Avg: 0.1, Max: 0.2, Diff: 0.2, Sum: 0.7]
      [GC Worker Total (ms): Min: 3.4, Avg: 3.7, Max: 4.0, Diff: 0.6, Sum: 37.3]
      [GC Worker End (ms): Min: 523951.2, Avg: 523951.3, Max: 523951.4, Diff: 0.2]
   [Code Root Fixup: 0.0 ms]
   [Code Root Purge: 0.0 ms]
   [Clear CT: 1.4 ms]
   [Other: 3.3 ms]
      [Choose CSet: 0.0 ms]
      [Ref Proc: 1.6 ms]
      [Ref Enq: 0.0 ms]
      [Redirty Cards: 1.2 ms]
      [Humongous Register: 0.0 ms]
      [Humongous Reclaim: 0.0 ms]
      [Free CSet: 0.1 ms]
   [Eden: 152.0M(152.0M)->0.0B(152.0M) Survivors: 1024.0K->1024.0K Heap: 188.7M(256.0M)->37753.8K(256.0M)]
Heap after GC invocations=475 (full 0):
 garbage-first heap   total 262144K, used 37753K [0x00000000f0000000, 0x00000000f0100800, 0x0000000100000000)
  region size 1024K, 1 young (1024K), 1 survivors (1024K)
 Metaspace       used 52866K, capacity 56076K, committed 56192K, reserved 1097728K
  class space    used 6460K, capacity 7028K, committed 7040K, reserved 1048576K
}
 [Times: user=0.04 sys=0.00, real=0.01 secs] 
{Heap before GC invocations=475 (full 0):
 garbage-first heap   total 262144K, used 193401K [0x00000000f0000000, 0x00000000f0100800, 0x0000000100000000)
  region size 1024K, 153 young (156672K), 1 survivors (1024K)
 Metaspace       used 52867K, capacity 56076K, committed 56192K, reserved 1097728K
  class space    used 6460K, capacity 7028K, committed 7040K, reserved 1048576K
2023-10-03T06:53:36.896+0800: 524.759: [GC pause (G1 Evacuation Pause) (young), 0.0088791 secs]
   [Parallel Time: 4.3 ms, GC Workers: 10]
      [GC Worker Start (ms): Min: 524759.3, Avg: 524759.6, Max: 524759.8, Diff: 0.5]
      [Ext Root Scanning (ms): Min: 1.2, Avg: 1.4, Max: 1.8, Diff: 0.6, Sum: 14.3]
      [Update RS (ms): Min: 0.8, Avg: 0.9, Max: 1.0, Diff: 0.2, Sum: 8.7]
         [Processed Buffers: Min: 4, Avg: 9.7, Max: 19, Diff: 15, Sum: 97]
      [Scan RS (ms): Min: 0.0, Avg: 0.1, Max: 0.1, Diff: 0.1, Sum: 0.5]
      [Code Root Scanning (ms): Min: 0.0, Avg: 0.0, Max: 0.0, Diff: 0.0, Sum: 0.0]
      [Object Copy (ms): Min: 0.8, Avg: 0.9, Max: 1.0, Diff: 0.3, Sum: 9.4]
      [Termination (ms): Min: 0.0, Avg: 0.0, Max: 0.0, Diff: 0.0, Sum: 0.0]
         [Termination Attempts: Min: 1, Avg: 1.1, Max: 2, Diff: 1, Sum: 11]
      [GC Worker Other (ms): Min: 0.0, Avg: 0.0, Max: 0.1, Diff: 0.1, Sum: 0.4]
      [GC Worker Total (ms): Min: 3.1, Avg: 3.3, Max: 3.6, Diff: 0.5, Sum: 33.5]
      [GC Worker End (ms): Min: 524762.9, Avg: 524762.9, Max: 524763.0, Diff: 0.1]
   [Code Root Fixup: 0.0 ms]
   [Code Root Purge: 0.0 ms]
   [Clear CT: 1.3 ms]
   [Other: 3.3 ms]
      [Choose CSet: 0.0 ms]
      [Ref Proc: 1.5 ms]
      [Ref Enq: 0.0 ms]
      [Redirty Cards: 1.5 ms]
      [Humongous Register: 0.0 ms]
      [Humongous Reclaim: 0.0 ms]
      [Free CSet: 0.1 ms]
   [Eden: 152.0M(152.0M)->0.0B(152.0M) Survivors: 1024.0K->1024.0K Heap: 188.9M(256.0M)->37666.7K(256.0M)]
Heap after GC invocations=476 (full 0):
 garbage-first heap   total 262144K, used 37666K [0x00000000f0000000, 0x00000000f0100800, 0x0000000100000000)
  region size 1024K, 1 young (1024K), 1 survivors (1024K)
 Metaspace       used 52867K, capacity 56076K, committed 56192K, reserved 1097728K
  class space    used 6460K, capacity 7028K, committed 7040K, reserved 1048576K
}
 [Times: user=0.03 sys=0.00, real=0.01 secs] 
{Heap before GC invocations=476 (full 0):
 garbage-first heap   total 262144K, used 193314K [0x00000000f0000000, 0x00000000f0100800, 0x0000000100000000)
  region size 1024K, 153 young (156672K), 1 survivors (1024K)
 Metaspace       used 52867K, capacity 56076K, committed 56192K, reserved 1097728K
  class space    used 6460K, capacity 7028K, committed 7040K, reserved 1048576K
2023-10-03T06:53:37.684+0800: 525.547: [GC pause (G1 Evacuation Pause) (young), 0.0083775 secs]
   [Parallel Time: 4.3 ms, GC Workers: 10]
      [GC Worker Start (ms): Min: 525547.5, Avg: 525547.7, Max: 525547.9, Diff: 0.4]
      [Ext Root Scanning (ms): Min: 1.2, Avg: 1.4, Max: 1.7, Diff: 0.5, Sum: 13.8]
      [Update RS (ms): Min: 0.8, Avg: 0.9, Max: 1.0, Diff: 0.2, Sum: 9.1]
         [Processed Buffers: Min: 5, Avg: 9.6, Max: 20, Diff: 15, Sum: 96]
      [Scan RS (ms): Min: 0.0, Avg: 0.1, Max: 0.1, Diff: 0.1, Sum: 0.6]
      [Code Root Scanning (ms): Min: 0.0, Avg: 0.0, Max: 0.0, Diff: 0.0, Sum: 0.0]
      [Object Copy (ms): Min: 0.8, Avg: 1.0, Max: 1.0, Diff: 0.2, Sum: 9.9]
      [Termination (ms): Min: 0.0, Avg: 0.0, Max: 0.0, Diff: 0.0, Sum: 0.0]
         [Termination Attempts: Min: 1, Avg: 1.1, Max: 2, Diff: 1, Sum: 11]
      [GC Worker Other (ms): Min: 0.0, Avg: 0.0, Max: 0.1, Diff: 0.1, Sum: 0.5]
      [GC Worker Total (ms): Min: 3.2, Avg: 3.4, Max: 3.6, Diff: 0.4, Sum: 33.9]
      [GC Worker End (ms): Min: 525551.1, Avg: 525551.1, Max: 525551.2, Diff: 0.1]
   [Code Root Fixup: 0.0 ms]
   [Code Root Purge: 0.0 ms]
   [Clear CT: 1.6 ms]
   [Other: 2.5 ms]
      [Choose CSet: 0.0 ms]
      [Ref Proc: 0.8 ms]
      [Ref Enq: 0.0 ms]
      [Redirty Cards: 1.4 ms]
      [Humongous Register: 0.0 ms]
      [Humongous Reclaim: 0.0 ms]
      [Free CSet: 0.1 ms]
   [Eden: 152.0M(152.0M)->0.0B(152.0M) Survivors: 1024.0K->1024.0K Heap: 188.8M(256.0M)->37879.5K(256.0M)]
Heap after GC invocations=477 (full 0):
 garbage-first heap   total 262144K, used 37879K [0x00000000f0000000, 0x00000000f0100800, 0x0000000100000000)
  region size 1024K, 1 young (1024K), 1 survivors (1024K)
 Metaspace       used 52867K, capacity 56076K, committed 56192K, reserved 1097728K
  class space    used 6460K, capacity 7028K, committed 7040K, reserved 1048576K
}
 [Times: user=0.03 sys=0.00, real=0.01 secs] 
{Heap before GC invocations=477 (full 0):
 garbage-first heap   total 262144K, used 193527K [0x00000000f0000000, 0x00000000f0100800, 0x0000000100000000)
  region size 1024K, 153 young (156672K), 1 survivors (1024K)
 Metaspace       used 52867K, capacity 56076K, committed 56192K, reserved 1097728K
  class space    used 6460K, capacity 7028K, committed 7040K, reserved 1048576K
2023-10-03T06:53:38.490+0800: 526.353: [GC pause (G1 Evacuation Pause) (young), 0.0085074 secs]
   [Parallel Time: 4.3 ms, GC Workers: 10]
      [GC Worker Start (ms): Min: 526353.1, Avg: 526353.3, Max: 526353.6, Diff: 0.5]
      [Ext Root Scanning (ms): Min: 1.2, Avg: 1.4, Max: 1.8, Diff: 0.6, Sum: 14.2]
      [Update RS (ms): Min: 0.6, Avg: 0.9, Max: 1.0, Diff: 0.4, Sum: 8.5]
         [Processed Buffers: Min: 3, Avg: 9.6, Max: 23, Diff: 20, Sum: 96]
      [Scan RS (ms): Min: 0.0, Avg: 0.1, Max: 0.1, Diff: 0.1, Sum: 0.6]
      [Code Root Scanning (ms): Min: 0.0, Avg: 0.0, Max: 0.0, Diff: 0.0, Sum: 0.0]
      [Object Copy (ms): Min: 0.8, Avg: 1.0, Max: 1.1, Diff: 0.3, Sum: 9.7]
      [Termination (ms): Min: 0.0, Avg: 0.0, Max: 0.0, Diff: 0.0, Sum: 0.0]
         [Termination Attempts: Min: 1, Avg: 1.0, Max: 1, Diff: 0, Sum: 10]
      [GC Worker Other (ms): Min: 0.0, Avg: 0.0, Max: 0.1, Diff: 0.1, Sum: 0.5]
      [GC Worker Total (ms): Min: 3.1, Avg: 3.4, Max: 3.6, Diff: 0.5, Sum: 33.6]
      [GC Worker End (ms): Min: 526356.7, Avg: 526356.7, Max: 526356.8, Diff: 0.1]
   [Code Root Fixup: 0.0 ms]
   [Code Root Purge: 0.0 ms]
   [Clear CT: 1.3 ms]
   [Other: 2.9 ms]
      [Choose CSet: 0.0 ms]
      [Ref Proc: 1.1 ms]
      [Ref Enq: 0.0 ms]
      [Redirty Cards: 1.4 ms]
      [Humongous Register: 0.0 ms]
      [Humongous Reclaim: 0.0 ms]
      [Free CSet: 0.1 ms]
   [Eden: 152.0M(152.0M)->0.0B(152.0M) Survivors: 1024.0K->1024.0K Heap: 189.0M(256.0M)->37681.1K(256.0M)]
Heap after GC invocations=478 (full 0):
 garbage-first heap   total 262144K, used 37681K [0x00000000f0000000, 0x00000000f0100800, 0x0000000100000000)
  region size 1024K, 1 young (1024K), 1 survivors (1024K)
 Metaspace       used 52867K, capacity 56076K, committed 56192K, reserved 1097728K
  class space    used 6460K, capacity 7028K, committed 7040K, reserved 1048576K
}
 [Times: user=0.04 sys=0.00, real=0.01 secs] 
{Heap before GC invocations=478 (full 0):
 garbage-first heap   total 262144K, used 193329K [0x00000000f0000000, 0x00000000f0100800, 0x0000000100000000)
  region size 1024K, 153 young (156672K), 1 survivors (1024K)
 Metaspace       used 52867K, capacity 56076K, committed 56192K, reserved 1097728K
  class space    used 6460K, capacity 7028K, committed 7040K, reserved 1048576K
2023-10-03T06:53:39.308+0800: 527.172: [GC pause (G1 Evacuation Pause) (young), 0.0085673 secs]
   [Parallel Time: 4.4 ms, GC Workers: 10]
      [GC Worker Start (ms): Min: 527171.9, Avg: 527172.1, Max: 527172.3, Diff: 0.4]
      [Ext Root Scanning (ms): Min: 1.3, Avg: 1.5, Max: 1.8, Diff: 0.5, Sum: 14.7]
      [Update RS (ms): Min: 0.8, Avg: 0.9, Max: 1.0, Diff: 0.2, Sum: 8.8]
         [Processed Buffers: Min: 5, Avg: 9.8, Max: 19, Diff: 14, Sum: 98]
      [Scan RS (ms): Min: 0.0, Avg: 0.1, Max: 0.1, Diff: 0.1, Sum: 0.7]
      [Code Root Scanning (ms): Min: 0.0, Avg: 0.0, Max: 0.0, Diff: 0.0, Sum: 0.0]
      [Object Copy (ms): Min: 0.8, Avg: 0.9, Max: 1.0, Diff: 0.2, Sum: 9.5]
      [Termination (ms): Min: 0.0, Avg: 0.0, Max: 0.0, Diff: 0.0, Sum: 0.0]
         [Termination Attempts: Min: 1, Avg: 1.0, Max: 1, Diff: 0, Sum: 10]
      [GC Worker Other (ms): Min: 0.0, Avg: 0.1, Max: 0.2, Diff: 0.2, Sum: 0.7]
      [GC Worker Total (ms): Min: 3.2, Avg: 3.4, Max: 3.6, Diff: 0.4, Sum: 34.5]
      [GC Worker End (ms): Min: 527175.5, Avg: 527175.5, Max: 527175.7, Diff: 0.2]
   [Code Root Fixup: 0.0 ms]
   [Code Root Purge: 0.0 ms]
   [Clear CT: 1.2 ms]
   [Other: 2.9 ms]
      [Choose CSet: 0.0 ms]
      [Ref Proc: 1.4 ms]
      [Ref Enq: 0.0 ms]
      [Redirty Cards: 1.2 ms]
      [Humongous Register: 0.0 ms]
      [Humongous Reclaim: 0.0 ms]
      [Free CSet: 0.1 ms]
   [Eden: 152.0M(152.0M)->0.0B(152.0M) Survivors: 1024.0K->1024.0K Heap: 188.8M(256.0M)->37656.8K(256.0M)]
Heap after GC invocations=479 (full 0):
 garbage-first heap   total 262144K, used 37656K [0x00000000f0000000, 0x00000000f0100800, 0x0000000100000000)
  region size 1024K, 1 young (1024K), 1 survivors (1024K)
 Metaspace       used 52867K, capacity 56076K, committed 56192K, reserved 1097728K
  class space    used 6460K, capacity 7028K, committed 7040K, reserved 1048576K
}
 [Times: user=0.03 sys=0.00, real=0.01 secs] 
{Heap before GC invocations=479 (full 0):
 garbage-first heap   total 262144K, used 193304K [0x00000000f0000000, 0x00000000f0100800, 0x0000000100000000)
  region size 1024K, 153 young (156672K), 1 survivors (1024K)
 Metaspace       used 52867K, capacity 56076K, committed 56192K, reserved 1097728K
  class space    used 6460K, capacity 7028K, committed 7040K, reserved 1048576K
2023-10-03T06:53:40.089+0800: 527.952: [GC pause (G1 Evacuation Pause) (young), 0.0071432 secs]
   [Parallel Time: 4.0 ms, GC Workers: 10]
      [GC Worker Start (ms): Min: 527952.0, Avg: 527952.1, Max: 527952.3, Diff: 0.3]
      [Ext Root Scanning (ms): Min: 1.3, Avg: 1.4, Max: 1.8, Diff: 0.5, Sum: 14.5]
      [Update RS (ms): Min: 0.8, Avg: 0.9, Max: 1.0, Diff: 0.2, Sum: 9.3]
         [Processed Buffers: Min: 4, Avg: 9.5, Max: 13, Diff: 9, Sum: 95]
      [Scan RS (ms): Min: 0.0, Avg: 0.1, Max: 0.1, Diff: 0.1, Sum: 0.6]
      [Code Root Scanning (ms): Min: 0.0, Avg: 0.0, Max: 0.0, Diff: 0.0, Sum: 0.0]
      [Object Copy (ms): Min: 0.8, Avg: 1.0, Max: 1.1, Diff: 0.3, Sum: 10.4]
      [Termination (ms): Min: 0.0, Avg: 0.0, Max: 0.0, Diff: 0.0, Sum: 0.0]
         [Termination Attempts: Min: 1, Avg: 1.0, Max: 1, Diff: 0, Sum: 10]
      [GC Worker Other (ms): Min: 0.0, Avg: 0.0, Max: 0.1, Diff: 0.1, Sum: 0.5]
      [GC Worker Total (ms): Min: 3.3, Avg: 3.5, Max: 3.7, Diff: 0.4, Sum: 35.3]
      [GC Worker End (ms): Min: 527955.6, Avg: 527955.7, Max: 527955.7, Diff: 0.1]
   [Code Root Fixup: 0.0 ms]
   [Code Root Purge: 0.0 ms]
   [Clear CT: 0.8 ms]
   [Other: 2.3 ms]
      [Choose CSet: 0.0 ms]
      [Ref Proc: 1.0 ms]
      [Ref Enq: 0.0 ms]
      [Redirty Cards: 0.9 ms]
      [Humongous Register: 0.0 ms]
      [Humongous Reclaim: 0.0 ms]
      [Free CSet: 0.1 ms]
   [Eden: 152.0M(152.0M)->0.0B(151.0M) Survivors: 1024.0K->2048.0K Heap: 188.8M(256.0M)->38043.5K(256.0M)]
Heap after GC invocations=480 (full 0):
 garbage-first heap   total 262144K, used 38043K [0x00000000f0000000, 0x00000000f0100800, 0x0000000100000000)
  region size 1024K, 2 young (2048K), 2 survivors (2048K)
 Metaspace       used 52867K, capacity 56076K, committed 56192K, reserved 1097728K
  class space    used 6460K, capacity 7028K, committed 7040K, reserved 1048576K
}
 [Times: user=0.04 sys=0.00, real=0.01 secs] 
{Heap before GC invocations=480 (full 0):
 garbage-first heap   total 262144K, used 192667K [0x00000000f0000000, 0x00000000f0100800, 0x0000000100000000)
  region size 1024K, 153 young (156672K), 2 survivors (2048K)
 Metaspace       used 52867K, capacity 56076K, committed 56192K, reserved 1097728K
  class space    used 6460K, capacity 7028K, committed 7040K, reserved 1048576K
2023-10-03T06:53:40.883+0800: 528.746: [GC pause (G1 Evacuation Pause) (young), 0.0086890 secs]
   [Parallel Time: 4.3 ms, GC Workers: 10]
      [GC Worker Start (ms): Min: 528746.4, Avg: 528746.6, Max: 528746.8, Diff: 0.4]
      [Ext Root Scanning (ms): Min: 1.3, Avg: 1.4, Max: 1.8, Diff: 0.5, Sum: 14.5]
      [Update RS (ms): Min: 0.8, Avg: 0.9, Max: 1.0, Diff: 0.2, Sum: 8.8]
         [Processed Buffers: Min: 3, Avg: 9.6, Max: 22, Diff: 19, Sum: 96]
      [Scan RS (ms): Min: 0.0, Avg: 0.0, Max: 0.1, Diff: 0.1, Sum: 0.5]
      [Code Root Scanning (ms): Min: 0.0, Avg: 0.0, Max: 0.0, Diff: 0.0, Sum: 0.0]
      [Object Copy (ms): Min: 0.8, Avg: 0.9, Max: 1.0, Diff: 0.3, Sum: 9.5]
      [Termination (ms): Min: 0.0, Avg: 0.0, Max: 0.0, Diff: 0.0, Sum: 0.0]
         [Termination Attempts: Min: 1, Avg: 1.2, Max: 2, Diff: 1, Sum: 12]
      [GC Worker Other (ms): Min: 0.0, Avg: 0.0, Max: 0.1, Diff: 0.1, Sum: 0.4]
      [GC Worker Total (ms): Min: 3.2, Avg: 3.4, Max: 3.6, Diff: 0.4, Sum: 33.7]
      [GC Worker End (ms): Min: 528749.9, Avg: 528750.0, Max: 528750.0, Diff: 0.1]
   [Code Root Fixup: 0.0 ms]
   [Code Root Purge: 0.0 ms]
   [Clear CT: 1.1 ms]
   [Other: 3.2 ms]
      [Choose CSet: 0.0 ms]
      [Ref Proc: 1.4 ms]
      [Ref Enq: 0.0 ms]
      [Redirty Cards: 1.4 ms]
      [Humongous Register: 0.0 ms]
      [Humongous Reclaim: 0.0 ms]
      [Free CSet: 0.1 ms]
   [Eden: 151.0M(151.0M)->0.0B(152.0M) Survivors: 2048.0K->1024.0K Heap: 188.2M(256.0M)->37694.5K(256.0M)]
Heap after GC invocations=481 (full 0):
 garbage-first heap   total 262144K, used 37694K [0x00000000f0000000, 0x00000000f0100800, 0x0000000100000000)
  region size 1024K, 1 young (1024K), 1 survivors (1024K)
 Metaspace       used 52867K, capacity 56076K, committed 56192K, reserved 1097728K
  class space    used 6460K, capacity 7028K, committed 7040K, reserved 1048576K
}
 [Times: user=0.03 sys=0.00, real=0.01 secs] 
{Heap before GC invocations=481 (full 0):
 garbage-first heap   total 262144K, used 193342K [0x00000000f0000000, 0x00000000f0100800, 0x0000000100000000)
  region size 1024K, 153 young (156672K), 1 survivors (1024K)
 Metaspace       used 52867K, capacity 56076K, committed 56192K, reserved 1097728K
  class space    used 6460K, capacity 7028K, committed 7040K, reserved 1048576K
2023-10-03T06:53:41.671+0800: 529.534: [GC pause (G1 Evacuation Pause) (young), 0.0087041 secs]
   [Parallel Time: 4.3 ms, GC Workers: 10]
      [GC Worker Start (ms): Min: 529534.6, Avg: 529534.9, Max: 529535.1, Diff: 0.5]
      [Ext Root Scanning (ms): Min: 1.2, Avg: 1.5, Max: 1.9, Diff: 0.6, Sum: 14.8]
      [Update RS (ms): Min: 0.7, Avg: 0.8, Max: 0.9, Diff: 0.3, Sum: 8.4]
         [Processed Buffers: Min: 4, Avg: 9.7, Max: 17, Diff: 13, Sum: 97]
      [Scan RS (ms): Min: 0.0, Avg: 0.1, Max: 0.1, Diff: 0.1, Sum: 0.7]
      [Code Root Scanning (ms): Min: 0.0, Avg: 0.0, Max: 0.0, Diff: 0.0, Sum: 0.0]
      [Object Copy (ms): Min: 0.8, Avg: 1.0, Max: 1.1, Diff: 0.3, Sum: 9.5]
      [Termination (ms): Min: 0.0, Avg: 0.0, Max: 0.0, Diff: 0.0, Sum: 0.1]
         [Termination Attempts: Min: 1, Avg: 1.6, Max: 3, Diff: 2, Sum: 16]
      [GC Worker Other (ms): Min: 0.0, Avg: 0.0, Max: 0.1, Diff: 0.1, Sum: 0.5]
      [GC Worker Total (ms): Min: 3.2, Avg: 3.4, Max: 3.6, Diff: 0.5, Sum: 34.0]
      [GC Worker End (ms): Min: 529538.3, Avg: 529538.3, Max: 529538.4, Diff: 0.1]
   [Code Root Fixup: 0.0 ms]
   [Code Root Purge: 0.0 ms]
   [Clear CT: 1.4 ms]
   [Other: 3.1 ms]
      [Choose CSet: 0.0 ms]
      [Ref Proc: 1.3 ms]
      [Ref Enq: 0.0 ms]
      [Redirty Cards: 1.3 ms]
      [Humongous Register: 0.0 ms]
      [Humongous Reclaim: 0.0 ms]
      [Free CSet: 0.1 ms]
   [Eden: 152.0M(152.0M)->0.0B(152.0M) Survivors: 1024.0K->1024.0K Heap: 188.8M(256.0M)->37848.4K(256.0M)]
Heap after GC invocations=482 (full 0):
 garbage-first heap   total 262144K, used 37848K [0x00000000f0000000, 0x00000000f0100800, 0x0000000100000000)
  region size 1024K, 1 young (1024K), 1 survivors (1024K)
 Metaspace       used 52867K, capacity 56076K, committed 56192K, reserved 1097728K
  class space    used 6460K, capacity 7028K, committed 7040K, reserved 1048576K
}
 [Times: user=0.04 sys=0.01, real=0.01 secs] 
{Heap before GC invocations=482 (full 0):
 garbage-first heap   total 262144K, used 193496K [0x00000000f0000000, 0x00000000f0100800, 0x0000000100000000)
  region size 1024K, 153 young (156672K), 1 survivors (1024K)
 Metaspace       used 52867K, capacity 56076K, committed 56192K, reserved 1097728K
  class space    used 6460K, capacity 7028K, committed 7040K, reserved 1048576K
2023-10-03T06:53:42.480+0800: 530.343: [GC pause (G1 Evacuation Pause) (young), 0.0090905 secs]
   [Parallel Time: 4.5 ms, GC Workers: 10]
      [GC Worker Start (ms): Min: 530343.3, Avg: 530343.6, Max: 530343.8, Diff: 0.5]
      [Ext Root Scanning (ms): Min: 1.1, Avg: 1.4, Max: 1.8, Diff: 0.7, Sum: 14.2]
      [Update RS (ms): Min: 0.8, Avg: 0.9, Max: 0.9, Diff: 0.2, Sum: 8.6]
         [Processed Buffers: Min: 5, Avg: 9.7, Max: 16, Diff: 11, Sum: 97]
      [Scan RS (ms): Min: 0.0, Avg: 0.1, Max: 0.1, Diff: 0.1, Sum: 0.8]
      [Code Root Scanning (ms): Min: 0.0, Avg: 0.0, Max: 0.0, Diff: 0.0, Sum: 0.0]
      [Object Copy (ms): Min: 0.9, Avg: 1.0, Max: 1.0, Diff: 0.2, Sum: 10.0]
      [Termination (ms): Min: 0.0, Avg: 0.0, Max: 0.0, Diff: 0.0, Sum: 0.0]
         [Termination Attempts: Min: 1, Avg: 1.0, Max: 1, Diff: 0, Sum: 10]
      [GC Worker Other (ms): Min: 0.0, Avg: 0.0, Max: 0.1, Diff: 0.1, Sum: 0.5]
      [GC Worker Total (ms): Min: 3.1, Avg: 3.4, Max: 3.7, Diff: 0.6, Sum: 34.0]
      [GC Worker End (ms): Min: 530347.0, Avg: 530347.0, Max: 530347.1, Diff: 0.1]
   [Code Root Fixup: 0.0 ms]
   [Code Root Purge: 0.0 ms]
   [Clear CT: 1.3 ms]
   [Other: 3.3 ms]
      [Choose CSet: 0.0 ms]
      [Ref Proc: 1.5 ms]
      [Ref Enq: 0.0 ms]
      [Redirty Cards: 1.5 ms]
      [Humongous Register: 0.0 ms]
      [Humongous Reclaim: 0.0 ms]
      [Free CSet: 0.1 ms]
   [Eden: 152.0M(152.0M)->0.0B(152.0M) Survivors: 1024.0K->1024.0K Heap: 189.0M(256.0M)->37753.2K(256.0M)]
Heap after GC invocations=483 (full 0):
 garbage-first heap   total 262144K, used 37753K [0x00000000f0000000, 0x00000000f0100800, 0x0000000100000000)
  region size 1024K, 1 young (1024K), 1 survivors (1024K)
 Metaspace       used 52867K, capacity 56076K, committed 56192K, reserved 1097728K
  class space    used 6460K, capacity 7028K, committed 7040K, reserved 1048576K
}
 [Times: user=0.04 sys=0.01, real=0.00 secs] 
{Heap before GC invocations=483 (full 0):
 garbage-first heap   total 262144K, used 193401K [0x00000000f0000000, 0x00000000f0100800, 0x0000000100000000)
  region size 1024K, 153 young (156672K), 1 survivors (1024K)
 Metaspace       used 52868K, capacity 56076K, committed 56192K, reserved 1097728K
  class space    used 6460K, capacity 7028K, committed 7040K, reserved 1048576K
2023-10-03T06:53:43.280+0800: 531.143: [GC pause (G1 Evacuation Pause) (young), 0.0090136 secs]
   [Parallel Time: 4.4 ms, GC Workers: 10]
      [GC Worker Start (ms): Min: 531143.1, Avg: 531143.4, Max: 531143.6, Diff: 0.5]
      [Ext Root Scanning (ms): Min: 1.3, Avg: 1.5, Max: 1.8, Diff: 0.6, Sum: 14.6]
      [Update RS (ms): Min: 0.8, Avg: 0.9, Max: 0.9, Diff: 0.2, Sum: 8.7]
         [Processed Buffers: Min: 5, Avg: 9.7, Max: 16, Diff: 11, Sum: 97]
      [Scan RS (ms): Min: 0.0, Avg: 0.1, Max: 0.1, Diff: 0.1, Sum: 0.6]
      [Code Root Scanning (ms): Min: 0.0, Avg: 0.0, Max: 0.0, Diff: 0.0, Sum: 0.0]
      [Object Copy (ms): Min: 0.8, Avg: 1.0, Max: 1.1, Diff: 0.2, Sum: 9.9]
      [Termination (ms): Min: 0.0, Avg: 0.0, Max: 0.0, Diff: 0.0, Sum: 0.1]
         [Termination Attempts: Min: 1, Avg: 1.0, Max: 1, Diff: 0, Sum: 10]
      [GC Worker Other (ms): Min: 0.0, Avg: 0.0, Max: 0.1, Diff: 0.1, Sum: 0.4]
      [GC Worker Total (ms): Min: 3.2, Avg: 3.4, Max: 3.7, Diff: 0.5, Sum: 34.4]
      [GC Worker End (ms): Min: 531146.8, Avg: 531146.8, Max: 531146.9, Diff: 0.1]
   [Code Root Fixup: 0.0 ms]
   [Code Root Purge: 0.0 ms]
   [Clear CT: 1.4 ms]
   [Other: 3.3 ms]
      [Choose CSet: 0.0 ms]
      [Ref Proc: 1.4 ms]
      [Ref Enq: 0.0 ms]
      [Redirty Cards: 1.5 ms]
      [Humongous Register: 0.0 ms]
      [Humongous Reclaim: 0.0 ms]
      [Free CSet: 0.1 ms]
   [Eden: 152.0M(152.0M)->0.0B(152.0M) Survivors: 1024.0K->1024.0K Heap: 188.9M(256.0M)->37804.2K(256.0M)]
Heap after GC invocations=484 (full 0):
 garbage-first heap   total 262144K, used 37804K [0x00000000f0000000, 0x00000000f0100800, 0x0000000100000000)
  region size 1024K, 1 young (1024K), 1 survivors (1024K)
 Metaspace       used 52868K, capacity 56076K, committed 56192K, reserved 1097728K
  class space    used 6460K, capacity 7028K, committed 7040K, reserved 1048576K
}
 [Times: user=0.03 sys=0.00, real=0.01 secs] 
{Heap before GC invocations=484 (full 0):
 garbage-first heap   total 262144K, used 193452K [0x00000000f0000000, 0x00000000f0100800, 0x0000000100000000)
  region size 1024K, 153 young (156672K), 1 survivors (1024K)
 Metaspace       used 52868K, capacity 56076K, committed 56192K, reserved 1097728K
  class space    used 6460K, capacity 7028K, committed 7040K, reserved 1048576K
2023-10-03T06:53:44.084+0800: 531.947: [GC pause (G1 Evacuation Pause) (young), 0.0082578 secs]
   [Parallel Time: 4.3 ms, GC Workers: 10]
      [GC Worker Start (ms): Min: 531947.6, Avg: 531947.9, Max: 531948.1, Diff: 0.5]
      [Ext Root Scanning (ms): Min: 1.3, Avg: 1.5, Max: 1.9, Diff: 0.7, Sum: 14.8]
      [Update RS (ms): Min: 0.8, Avg: 0.9, Max: 0.9, Diff: 0.2, Sum: 8.7]
         [Processed Buffers: Min: 4, Avg: 9.8, Max: 19, Diff: 15, Sum: 98]
      [Scan RS (ms): Min: 0.0, Avg: 0.1, Max: 0.1, Diff: 0.1, Sum: 0.6]
      [Code Root Scanning (ms): Min: 0.0, Avg: 0.0, Max: 0.0, Diff: 0.0, Sum: 0.0]
      [Object Copy (ms): Min: 0.9, Avg: 1.0, Max: 1.1, Diff: 0.3, Sum: 10.2]
      [Termination (ms): Min: 0.0, Avg: 0.0, Max: 0.0, Diff: 0.0, Sum: 0.0]
         [Termination Attempts: Min: 1, Avg: 1.5, Max: 2, Diff: 1, Sum: 15]
      [GC Worker Other (ms): Min: 0.0, Avg: 0.0, Max: 0.1, Diff: 0.1, Sum: 0.4]
      [GC Worker Total (ms): Min: 3.3, Avg: 3.5, Max: 3.8, Diff: 0.5, Sum: 34.8]
      [GC Worker End (ms): Min: 531951.4, Avg: 531951.4, Max: 531951.4, Diff: 0.1]
   [Code Root Fixup: 0.0 ms]
   [Code Root Purge: 0.0 ms]
   [Clear CT: 1.5 ms]
   [Other: 2.4 ms]
      [Choose CSet: 0.0 ms]
      [Ref Proc: 0.7 ms]
      [Ref Enq: 0.0 ms]
      [Redirty Cards: 1.3 ms]
      [Humongous Register: 0.0 ms]
      [Humongous Reclaim: 0.0 ms]
      [Free CSet: 0.1 ms]
   [Eden: 152.0M(152.0M)->0.0B(152.0M) Survivors: 1024.0K->1024.0K Heap: 188.9M(256.0M)->37940.6K(256.0M)]
Heap after GC invocations=485 (full 0):
 garbage-first heap   total 262144K, used 37940K [0x00000000f0000000, 0x00000000f0100800, 0x0000000100000000)
  region size 1024K, 1 young (1024K), 1 survivors (1024K)
 Metaspace       used 52868K, capacity 56076K, committed 56192K, reserved 1097728K
  class space    used 6460K, capacity 7028K, committed 7040K, reserved 1048576K
}
 [Times: user=0.03 sys=0.01, real=0.01 secs] 
{Heap before GC invocations=485 (full 0):
 garbage-first heap   total 262144K, used 193588K [0x00000000f0000000, 0x00000000f0100800, 0x0000000100000000)
  region size 1024K, 153 young (156672K), 1 survivors (1024K)
 Metaspace       used 52868K, capacity 56076K, committed 56192K, reserved 1097728K
  class space    used 6460K, capacity 7028K, committed 7040K, reserved 1048576K
2023-10-03T06:53:44.906+0800: 532.769: [GC pause (G1 Evacuation Pause) (young), 0.0087072 secs]
   [Parallel Time: 4.2 ms, GC Workers: 10]
      [GC Worker Start (ms): Min: 532769.0, Avg: 532769.3, Max: 532769.5, Diff: 0.5]
      [Ext Root Scanning (ms): Min: 1.2, Avg: 1.5, Max: 1.8, Diff: 0.6, Sum: 14.5]
      [Update RS (ms): Min: 0.8, Avg: 0.9, Max: 1.0, Diff: 0.2, Sum: 8.6]
         [Processed Buffers: Min: 3, Avg: 9.7, Max: 17, Diff: 14, Sum: 97]
      [Scan RS (ms): Min: 0.0, Avg: 0.1, Max: 0.1, Diff: 0.1, Sum: 0.8]
      [Code Root Scanning (ms): Min: 0.0, Avg: 0.0, Max: 0.0, Diff: 0.0, Sum: 0.0]
      [Object Copy (ms): Min: 0.8, Avg: 1.0, Max: 1.0, Diff: 0.2, Sum: 9.6]
      [Termination (ms): Min: 0.0, Avg: 0.0, Max: 0.0, Diff: 0.0, Sum: 0.0]
         [Termination Attempts: Min: 1, Avg: 1.3, Max: 2, Diff: 1, Sum: 13]
      [GC Worker Other (ms): Min: 0.0, Avg: 0.0, Max: 0.1, Diff: 0.1, Sum: 0.4]
      [GC Worker Total (ms): Min: 3.2, Avg: 3.4, Max: 3.6, Diff: 0.5, Sum: 33.9]
      [GC Worker End (ms): Min: 532772.6, Avg: 532772.7, Max: 532772.7, Diff: 0.1]
   [Code Root Fixup: 0.0 ms]
   [Code Root Purge: 0.0 ms]
   [Clear CT: 1.3 ms]
   [Other: 3.2 ms]
      [Choose CSet: 0.0 ms]
      [Ref Proc: 1.5 ms]
      [Ref Enq: 0.0 ms]
      [Redirty Cards: 1.3 ms]
      [Humongous Register: 0.0 ms]
      [Humongous Reclaim: 0.0 ms]
      [Free CSet: 0.1 ms]
   [Eden: 152.0M(152.0M)->0.0B(152.0M) Survivors: 1024.0K->1024.0K Heap: 189.1M(256.0M)->37671.0K(256.0M)]
Heap after GC invocations=486 (full 0):
 garbage-first heap   total 262144K, used 37670K [0x00000000f0000000, 0x00000000f0100800, 0x0000000100000000)
  region size 1024K, 1 young (1024K), 1 survivors (1024K)
 Metaspace       used 52868K, capacity 56076K, committed 56192K, reserved 1097728K
  class space    used 6460K, capacity 7028K, committed 7040K, reserved 1048576K
}
 [Times: user=0.04 sys=0.00, real=0.01 secs] 
{Heap before GC invocations=486 (full 0):
 garbage-first heap   total 262144K, used 193318K [0x00000000f0000000, 0x00000000f0100800, 0x0000000100000000)
  region size 1024K, 153 young (156672K), 1 survivors (1024K)
 Metaspace       used 52868K, capacity 56076K, committed 56192K, reserved 1097728K
  class space    used 6460K, capacity 7028K, committed 7040K, reserved 1048576K
2023-10-03T06:53:45.696+0800: 533.559: [GC pause (G1 Evacuation Pause) (young), 0.0085490 secs]
   [Parallel Time: 4.1 ms, GC Workers: 10]
      [GC Worker Start (ms): Min: 533559.1, Avg: 533559.3, Max: 533559.6, Diff: 0.4]
      [Ext Root Scanning (ms): Min: 1.3, Avg: 1.5, Max: 1.8, Diff: 0.5, Sum: 14.8]
      [Update RS (ms): Min: 0.8, Avg: 0.9, Max: 0.9, Diff: 0.2, Sum: 8.5]
         [Processed Buffers: Min: 3, Avg: 9.7, Max: 16, Diff: 13, Sum: 97]
      [Scan RS (ms): Min: 0.0, Avg: 0.1, Max: 0.1, Diff: 0.1, Sum: 0.7]
      [Code Root Scanning (ms): Min: 0.0, Avg: 0.0, Max: 0.0, Diff: 0.0, Sum: 0.0]
      [Object Copy (ms): Min: 0.7, Avg: 0.9, Max: 0.9, Diff: 0.2, Sum: 8.5]
      [Termination (ms): Min: 0.0, Avg: 0.0, Max: 0.0, Diff: 0.0, Sum: 0.0]
         [Termination Attempts: Min: 1, Avg: 1.0, Max: 1, Diff: 0, Sum: 10]
      [GC Worker Other (ms): Min: 0.0, Avg: 0.0, Max: 0.1, Diff: 0.1, Sum: 0.5]
      [GC Worker Total (ms): Min: 3.1, Avg: 3.3, Max: 3.5, Diff: 0.4, Sum: 33.1]
      [GC Worker End (ms): Min: 533562.6, Avg: 533562.6, Max: 533562.7, Diff: 0.1]
   [Code Root Fixup: 0.0 ms]
   [Code Root Purge: 0.0 ms]
   [Clear CT: 1.2 ms]
   [Other: 3.2 ms]
      [Choose CSet: 0.0 ms]
      [Ref Proc: 1.6 ms]
      [Ref Enq: 0.0 ms]
      [Redirty Cards: 1.3 ms]
      [Humongous Register: 0.0 ms]
      [Humongous Reclaim: 0.0 ms]
      [Free CSet: 0.1 ms]
   [Eden: 152.0M(152.0M)->0.0B(152.0M) Survivors: 1024.0K->1024.0K Heap: 188.8M(256.0M)->37653.6K(256.0M)]
Heap after GC invocations=487 (full 0):
 garbage-first heap   total 262144K, used 37653K [0x00000000f0000000, 0x00000000f0100800, 0x0000000100000000)
  region size 1024K, 1 young (1024K), 1 survivors (1024K)
 Metaspace       used 52868K, capacity 56076K, committed 56192K, reserved 1097728K
  class space    used 6460K, capacity 7028K, committed 7040K, reserved 1048576K
}
 [Times: user=0.03 sys=0.01, real=0.01 secs] 
{Heap before GC invocations=487 (full 0):
 garbage-first heap   total 262144K, used 193301K [0x00000000f0000000, 0x00000000f0100800, 0x0000000100000000)
  region size 1024K, 153 young (156672K), 1 survivors (1024K)
 Metaspace       used 52868K, capacity 56076K, committed 56192K, reserved 1097728K
  class space    used 6460K, capacity 7028K, committed 7040K, reserved 1048576K
2023-10-03T06:53:46.495+0800: 534.359: [GC pause (G1 Evacuation Pause) (young), 0.0087512 secs]
   [Parallel Time: 4.2 ms, GC Workers: 10]
      [GC Worker Start (ms): Min: 534358.8, Avg: 534359.1, Max: 534359.3, Diff: 0.5]
      [Ext Root Scanning (ms): Min: 1.2, Avg: 1.5, Max: 1.9, Diff: 0.6, Sum: 14.8]
      [Update RS (ms): Min: 0.8, Avg: 0.9, Max: 0.9, Diff: 0.2, Sum: 8.6]
         [Processed Buffers: Min: 4, Avg: 9.7, Max: 15, Diff: 11, Sum: 97]
      [Scan RS (ms): Min: 0.0, Avg: 0.1, Max: 0.1, Diff: 0.1, Sum: 0.6]
      [Code Root Scanning (ms): Min: 0.0, Avg: 0.0, Max: 0.0, Diff: 0.0, Sum: 0.0]
      [Object Copy (ms): Min: 0.8, Avg: 0.9, Max: 1.0, Diff: 0.2, Sum: 9.0]
      [Termination (ms): Min: 0.0, Avg: 0.0, Max: 0.0, Diff: 0.0, Sum: 0.0]
         [Termination Attempts: Min: 1, Avg: 1.2, Max: 2, Diff: 1, Sum: 12]
      [GC Worker Other (ms): Min: 0.0, Avg: 0.0, Max: 0.1, Diff: 0.1, Sum: 0.4]
      [GC Worker Total (ms): Min: 3.1, Avg: 3.4, Max: 3.6, Diff: 0.5, Sum: 33.6]
      [GC Worker End (ms): Min: 534362.4, Avg: 534362.5, Max: 534362.5, Diff: 0.1]
   [Code Root Fixup: 0.0 ms]
   [Code Root Purge: 0.0 ms]
   [Clear CT: 1.4 ms]
   [Other: 3.2 ms]
      [Choose CSet: 0.0 ms]
      [Ref Proc: 1.4 ms]
      [Ref Enq: 0.0 ms]
      [Redirty Cards: 1.4 ms]
      [Humongous Register: 0.0 ms]
      [Humongous Reclaim: 0.0 ms]
      [Free CSet: 0.1 ms]
   [Eden: 152.0M(152.0M)->0.0B(152.0M) Survivors: 1024.0K->1024.0K Heap: 188.8M(256.0M)->37774.0K(256.0M)]
Heap after GC invocations=488 (full 0):
 garbage-first heap   total 262144K, used 37773K [0x00000000f0000000, 0x00000000f0100800, 0x0000000100000000)
  region size 1024K, 1 young (1024K), 1 survivors (1024K)
 Metaspace       used 52868K, capacity 56076K, committed 56192K, reserved 1097728K
  class space    used 6460K, capacity 7028K, committed 7040K, reserved 1048576K
}
 [Times: user=0.04 sys=0.00, real=0.01 secs] 
{Heap before GC invocations=488 (full 0):
 garbage-first heap   total 262144K, used 193421K [0x00000000f0000000, 0x00000000f0100800, 0x0000000100000000)
  region size 1024K, 153 young (156672K), 1 survivors (1024K)
 Metaspace       used 52868K, capacity 56076K, committed 56192K, reserved 1097728K
  class space    used 6460K, capacity 7028K, committed 7040K, reserved 1048576K
2023-10-03T06:53:47.300+0800: 535.163: [GC pause (G1 Evacuation Pause) (young), 0.0091427 secs]
   [Parallel Time: 4.6 ms, GC Workers: 10]
      [GC Worker Start (ms): Min: 535163.4, Avg: 535163.7, Max: 535163.9, Diff: 0.5]
      [Ext Root Scanning (ms): Min: 1.2, Avg: 1.4, Max: 1.8, Diff: 0.6, Sum: 14.4]
      [Update RS (ms): Min: 0.8, Avg: 0.9, Max: 0.9, Diff: 0.1, Sum: 8.6]
         [Processed Buffers: Min: 6, Avg: 9.7, Max: 16, Diff: 10, Sum: 97]
      [Scan RS (ms): Min: 0.0, Avg: 0.1, Max: 0.1, Diff: 0.1, Sum: 1.0]
      [Code Root Scanning (ms): Min: 0.0, Avg: 0.0, Max: 0.0, Diff: 0.0, Sum: 0.1]
      [Object Copy (ms): Min: 0.8, Avg: 0.9, Max: 1.0, Diff: 0.2, Sum: 9.2]
      [Termination (ms): Min: 0.0, Avg: 0.0, Max: 0.0, Diff: 0.0, Sum: 0.0]
         [Termination Attempts: Min: 1, Avg: 1.1, Max: 2, Diff: 1, Sum: 11]
      [GC Worker Other (ms): Min: 0.0, Avg: 0.1, Max: 0.2, Diff: 0.1, Sum: 0.5]
      [GC Worker Total (ms): Min: 3.1, Avg: 3.4, Max: 3.6, Diff: 0.5, Sum: 33.8]
      [GC Worker End (ms): Min: 535167.0, Avg: 535167.0, Max: 535167.1, Diff: 0.1]
   [Code Root Fixup: 0.0 ms]
   [Code Root Purge: 0.0 ms]
   [Clear CT: 1.2 ms]
   [Other: 3.3 ms]
      [Choose CSet: 0.0 ms]
      [Ref Proc: 1.6 ms]
      [Ref Enq: 0.0 ms]
      [Redirty Cards: 1.3 ms]
      [Humongous Register: 0.0 ms]
      [Humongous Reclaim: 0.0 ms]
      [Free CSet: 0.1 ms]
   [Eden: 152.0M(152.0M)->0.0B(152.0M) Survivors: 1024.0K->1024.0K Heap: 188.9M(256.0M)->37683.2K(256.0M)]
Heap after GC invocations=489 (full 0):
 garbage-first heap   total 262144K, used 37683K [0x00000000f0000000, 0x00000000f0100800, 0x0000000100000000)
  region size 1024K, 1 young (1024K), 1 survivors (1024K)
 Metaspace       used 52868K, capacity 56076K, committed 56192K, reserved 1097728K
  class space    used 6460K, capacity 7028K, committed 7040K, reserved 1048576K
}
 [Times: user=0.04 sys=0.00, real=0.00 secs] 
{Heap before GC invocations=489 (full 0):
 garbage-first heap   total 262144K, used 193331K [0x00000000f0000000, 0x00000000f0100800, 0x0000000100000000)
  region size 1024K, 153 young (156672K), 1 survivors (1024K)
 Metaspace       used 52868K, capacity 56076K, committed 56192K, reserved 1097728K
  class space    used 6460K, capacity 7028K, committed 7040K, reserved 1048576K
2023-10-03T06:53:48.107+0800: 535.971: [GC pause (G1 Evacuation Pause) (young), 0.0087841 secs]
   [Parallel Time: 4.3 ms, GC Workers: 10]
      [GC Worker Start (ms): Min: 535970.9, Avg: 535971.1, Max: 535971.3, Diff: 0.4]
      [Ext Root Scanning (ms): Min: 1.3, Avg: 1.5, Max: 1.8, Diff: 0.5, Sum: 14.5]
      [Update RS (ms): Min: 0.8, Avg: 0.9, Max: 0.9, Diff: 0.1, Sum: 9.0]
         [Processed Buffers: Min: 6, Avg: 9.5, Max: 17, Diff: 11, Sum: 95]
      [Scan RS (ms): Min: 0.0, Avg: 0.1, Max: 0.1, Diff: 0.1, Sum: 0.6]
      [Code Root Scanning (ms): Min: 0.0, Avg: 0.0, Max: 0.0, Diff: 0.0, Sum: 0.0]
      [Object Copy (ms): Min: 0.7, Avg: 0.9, Max: 0.9, Diff: 0.2, Sum: 8.8]
      [Termination (ms): Min: 0.0, Avg: 0.0, Max: 0.0, Diff: 0.0, Sum: 0.0]
         [Termination Attempts: Min: 1, Avg: 1.0, Max: 1, Diff: 0, Sum: 10]
      [GC Worker Other (ms): Min: 0.0, Avg: 0.0, Max: 0.1, Diff: 0.1, Sum: 0.4]
      [GC Worker Total (ms): Min: 3.1, Avg: 3.3, Max: 3.6, Diff: 0.5, Sum: 33.4]
      [GC Worker End (ms): Min: 535974.4, Avg: 535974.4, Max: 535974.5, Diff: 0.1]
   [Code Root Fixup: 0.0 ms]
   [Code Root Purge: 0.0 ms]
   [Clear CT: 1.4 ms]
   [Other: 3.1 ms]
      [Choose CSet: 0.0 ms]
      [Ref Proc: 1.4 ms]
      [Ref Enq: 0.0 ms]
      [Redirty Cards: 1.3 ms]
      [Humongous Register: 0.0 ms]
      [Humongous Reclaim: 0.0 ms]
      [Free CSet: 0.1 ms]
   [Eden: 152.0M(152.0M)->0.0B(152.0M) Survivors: 1024.0K->1024.0K Heap: 188.8M(256.0M)->37729.5K(256.0M)]
Heap after GC invocations=490 (full 0):
 garbage-first heap   total 262144K, used 37729K [0x00000000f0000000, 0x00000000f0100800, 0x0000000100000000)
  region size 1024K, 1 young (1024K), 1 survivors (1024K)
 Metaspace       used 52868K, capacity 56076K, committed 56192K, reserved 1097728K
  class space    used 6460K, capacity 7028K, committed 7040K, reserved 1048576K
}
 [Times: user=0.04 sys=0.00, real=0.01 secs] 
{Heap before GC invocations=490 (full 0):
 garbage-first heap   total 262144K, used 193377K [0x00000000f0000000, 0x00000000f0100800, 0x0000000100000000)
  region size 1024K, 153 young (156672K), 1 survivors (1024K)
 Metaspace       used 52868K, capacity 56076K, committed 56192K, reserved 1097728K
  class space    used 6460K, capacity 7028K, committed 7040K, reserved 1048576K
2023-10-03T06:53:48.909+0800: 536.772: [GC pause (G1 Evacuation Pause) (young), 0.0093865 secs]
   [Parallel Time: 4.5 ms, GC Workers: 10]
      [GC Worker Start (ms): Min: 536772.5, Avg: 536772.8, Max: 536773.0, Diff: 0.5]
      [Ext Root Scanning (ms): Min: 1.3, Avg: 1.5, Max: 1.9, Diff: 0.6, Sum: 14.5]
      [Update RS (ms): Min: 0.8, Avg: 0.9, Max: 0.9, Diff: 0.2, Sum: 8.6]
         [Processed Buffers: Min: 5, Avg: 9.8, Max: 21, Diff: 16, Sum: 98]
      [Scan RS (ms): Min: 0.0, Avg: 0.1, Max: 0.1, Diff: 0.1, Sum: 0.6]
      [Code Root Scanning (ms): Min: 0.0, Avg: 0.0, Max: 0.0, Diff: 0.0, Sum: 0.0]
      [Object Copy (ms): Min: 0.9, Avg: 1.0, Max: 1.2, Diff: 0.3, Sum: 10.4]
      [Termination (ms): Min: 0.0, Avg: 0.0, Max: 0.1, Diff: 0.1, Sum: 0.3]
         [Termination Attempts: Min: 1, Avg: 2.2, Max: 4, Diff: 3, Sum: 22]
      [GC Worker Other (ms): Min: 0.0, Avg: 0.0, Max: 0.1, Diff: 0.1, Sum: 0.3]
      [GC Worker Total (ms): Min: 3.2, Avg: 3.5, Max: 3.8, Diff: 0.5, Sum: 34.9]
      [GC Worker End (ms): Min: 536776.3, Avg: 536776.3, Max: 536776.3, Diff: 0.1]
   [Code Root Fixup: 0.0 ms]
   [Code Root Purge: 0.0 ms]
   [Clear CT: 1.4 ms]
   [Other: 3.5 ms]
      [Choose CSet: 0.0 ms]
      [Ref Proc: 1.6 ms]
      [Ref Enq: 0.0 ms]
      [Redirty Cards: 1.5 ms]
      [Humongous Register: 0.0 ms]
      [Humongous Reclaim: 0.0 ms]
      [Free CSet: 0.1 ms]
   [Eden: 152.0M(152.0M)->0.0B(151.0M) Survivors: 1024.0K->2048.0K Heap: 188.8M(256.0M)->38129.1K(256.0M)]
Heap after GC invocations=491 (full 0):
 garbage-first heap   total 262144K, used 38129K [0x00000000f0000000, 0x00000000f0100800, 0x0000000100000000)
  region size 1024K, 2 young (2048K), 2 survivors (2048K)
 Metaspace       used 52868K, capacity 56076K, committed 56192K, reserved 1097728K
  class space    used 6460K, capacity 7028K, committed 7040K, reserved 1048576K
}
 [Times: user=0.04 sys=0.00, real=0.01 secs] 
{Heap before GC invocations=491 (full 0):
 garbage-first heap   total 262144K, used 192753K [0x00000000f0000000, 0x00000000f0100800, 0x0000000100000000)
  region size 1024K, 153 young (156672K), 2 survivors (2048K)
 Metaspace       used 52868K, capacity 56076K, committed 56192K, reserved 1097728K
  class space    used 6460K, capacity 7028K, committed 7040K, reserved 1048576K
2023-10-03T06:53:49.702+0800: 537.565: [GC pause (G1 Evacuation Pause) (young), 0.0082767 secs]
   [Parallel Time: 4.2 ms, GC Workers: 10]
      [GC Worker Start (ms): Min: 537565.2, Avg: 537565.5, Max: 537565.7, Diff: 0.4]
      [Ext Root Scanning (ms): Min: 1.3, Avg: 1.5, Max: 1.8, Diff: 0.5, Sum: 14.7]
      [Update RS (ms): Min: 0.7, Avg: 0.8, Max: 0.9, Diff: 0.2, Sum: 8.4]
         [Processed Buffers: Min: 4, Avg: 9.7, Max: 21, Diff: 17, Sum: 97]
      [Scan RS (ms): Min: 0.0, Avg: 0.1, Max: 0.1, Diff: 0.1, Sum: 0.7]
      [Code Root Scanning (ms): Min: 0.0, Avg: 0.0, Max: 0.0, Diff: 0.0, Sum: 0.0]
      [Object Copy (ms): Min: 0.8, Avg: 0.9, Max: 1.0, Diff: 0.2, Sum: 9.1]
      [Termination (ms): Min: 0.0, Avg: 0.0, Max: 0.0, Diff: 0.0, Sum: 0.0]
         [Termination Attempts: Min: 1, Avg: 1.0, Max: 1, Diff: 0, Sum: 10]
      [GC Worker Other (ms): Min: 0.0, Avg: 0.0, Max: 0.1, Diff: 0.0, Sum: 0.4]
      [GC Worker Total (ms): Min: 3.1, Avg: 3.3, Max: 3.6, Diff: 0.5, Sum: 33.4]
      [GC Worker End (ms): Min: 537568.8, Avg: 537568.8, Max: 537568.9, Diff: 0.1]
   [Code Root Fixup: 0.0 ms]
   [Code Root Purge: 0.0 ms]
   [Clear CT: 1.3 ms]
   [Other: 2.7 ms]
      [Choose CSet: 0.0 ms]
      [Ref Proc: 1.0 ms]
      [Ref Enq: 0.0 ms]
      [Redirty Cards: 1.3 ms]
      [Humongous Register: 0.0 ms]
      [Humongous Reclaim: 0.0 ms]
      [Free CSet: 0.1 ms]
   [Eden: 151.0M(151.0M)->0.0B(152.0M) Survivors: 2048.0K->1024.0K Heap: 188.2M(256.0M)->37812.7K(256.0M)]
Heap after GC invocations=492 (full 0):
 garbage-first heap   total 262144K, used 37812K [0x00000000f0000000, 0x00000000f0100800, 0x0000000100000000)
  region size 1024K, 1 young (1024K), 1 survivors (1024K)
 Metaspace       used 52868K, capacity 56076K, committed 56192K, reserved 1097728K
  class space    used 6460K, capacity 7028K, committed 7040K, reserved 1048576K
}
 [Times: user=0.04 sys=0.00, real=0.01 secs] 
{Heap before GC invocations=492 (full 0):
 garbage-first heap   total 262144K, used 193460K [0x00000000f0000000, 0x00000000f0100800, 0x0000000100000000)
  region size 1024K, 153 young (156672K), 1 survivors (1024K)
 Metaspace       used 52868K, capacity 56076K, committed 56192K, reserved 1097728K
  class space    used 6460K, capacity 7028K, committed 7040K, reserved 1048576K
2023-10-03T06:53:50.480+0800: 538.344: [GC pause (G1 Evacuation Pause) (young), 0.0085797 secs]
   [Parallel Time: 4.5 ms, GC Workers: 10]
      [GC Worker Start (ms): Min: 538343.9, Avg: 538344.1, Max: 538344.3, Diff: 0.4]
      [Ext Root Scanning (ms): Min: 1.2, Avg: 1.5, Max: 1.8, Diff: 0.6, Sum: 14.6]
      [Update RS (ms): Min: 0.9, Avg: 1.0, Max: 1.0, Diff: 0.2, Sum: 9.6]
         [Processed Buffers: Min: 6, Avg: 9.7, Max: 15, Diff: 9, Sum: 97]
      [Scan RS (ms): Min: 0.0, Avg: 0.1, Max: 0.1, Diff: 0.1, Sum: 0.7]
      [Code Root Scanning (ms): Min: 0.0, Avg: 0.0, Max: 0.0, Diff: 0.0, Sum: 0.0]
      [Object Copy (ms): Min: 0.9, Avg: 1.0, Max: 1.1, Diff: 0.2, Sum: 10.1]
      [Termination (ms): Min: 0.0, Avg: 0.0, Max: 0.0, Diff: 0.0, Sum: 0.1]
         [Termination Attempts: Min: 1, Avg: 1.2, Max: 2, Diff: 1, Sum: 12]
      [GC Worker Other (ms): Min: 0.0, Avg: 0.1, Max: 0.2, Diff: 0.2, Sum: 0.7]
      [GC Worker Total (ms): Min: 3.4, Avg: 3.6, Max: 3.8, Diff: 0.4, Sum: 35.7]
      [GC Worker End (ms): Min: 538347.7, Avg: 538347.7, Max: 538347.8, Diff: 0.2]
   [Code Root Fixup: 0.0 ms]
   [Code Root Purge: 0.0 ms]
   [Clear CT: 1.3 ms]
   [Other: 2.8 ms]
      [Choose CSet: 0.0 ms]
      [Ref Proc: 1.2 ms]
      [Ref Enq: 0.0 ms]
      [Redirty Cards: 1.3 ms]
      [Humongous Register: 0.0 ms]
      [Humongous Reclaim: 0.0 ms]
      [Free CSet: 0.1 ms]
   [Eden: 152.0M(152.0M)->0.0B(152.0M) Survivors: 1024.0K->1024.0K Heap: 188.9M(256.0M)->38013.3K(256.0M)]
Heap after GC invocations=493 (full 0):
 garbage-first heap   total 262144K, used 38013K [0x00000000f0000000, 0x00000000f0100800, 0x0000000100000000)
  region size 1024K, 1 young (1024K), 1 survivors (1024K)
 Metaspace       used 52868K, capacity 56076K, committed 56192K, reserved 1097728K
  class space    used 6460K, capacity 7028K, committed 7040K, reserved 1048576K
}
 [Times: user=0.04 sys=0.00, real=0.00 secs] 
{Heap before GC invocations=493 (full 0):
 garbage-first heap   total 262144K, used 193661K [0x00000000f0000000, 0x00000000f0100800, 0x0000000100000000)
  region size 1024K, 153 young (156672K), 1 survivors (1024K)
 Metaspace       used 52868K, capacity 56076K, committed 56192K, reserved 1097728K
  class space    used 6460K, capacity 7028K, committed 7040K, reserved 1048576K
2023-10-03T06:53:51.288+0800: 539.151: [GC pause (G1 Evacuation Pause) (young), 0.0079583 secs]
   [Parallel Time: 3.8 ms, GC Workers: 10]
      [GC Worker Start (ms): Min: 539151.4, Avg: 539151.6, Max: 539151.8, Diff: 0.4]
      [Ext Root Scanning (ms): Min: 1.2, Avg: 1.5, Max: 1.8, Diff: 0.6, Sum: 14.9]
      [Update RS (ms): Min: 0.8, Avg: 0.9, Max: 1.0, Diff: 0.2, Sum: 9.1]
         [Processed Buffers: Min: 5, Avg: 9.7, Max: 13, Diff: 8, Sum: 97]
      [Scan RS (ms): Min: 0.0, Avg: 0.1, Max: 0.1, Diff: 0.1, Sum: 0.6]
      [Code Root Scanning (ms): Min: 0.0, Avg: 0.0, Max: 0.0, Diff: 0.0, Sum: 0.0]
      [Object Copy (ms): Min: 0.8, Avg: 1.0, Max: 1.0, Diff: 0.2, Sum: 9.5]
      [Termination (ms): Min: 0.0, Avg: 0.0, Max: 0.0, Diff: 0.0, Sum: 0.0]
         [Termination Attempts: Min: 1, Avg: 1.0, Max: 1, Diff: 0, Sum: 10]
      [GC Worker Other (ms): Min: 0.0, Avg: 0.0, Max: 0.1, Diff: 0.1, Sum: 0.4]
      [GC Worker Total (ms): Min: 3.2, Avg: 3.5, Max: 3.7, Diff: 0.4, Sum: 34.5]
      [GC Worker End (ms): Min: 539155.0, Avg: 539155.1, Max: 539155.1, Diff: 0.1]
   [Code Root Fixup: 0.0 ms]
   [Code Root Purge: 0.0 ms]
   [Clear CT: 1.2 ms]
   [Other: 2.9 ms]
      [Choose CSet: 0.0 ms]
      [Ref Proc: 1.3 ms]
      [Ref Enq: 0.0 ms]
      [Redirty Cards: 1.2 ms]
      [Humongous Register: 0.0 ms]
      [Humongous Reclaim: 0.0 ms]
      [Free CSet: 0.1 ms]
   [Eden: 152.0M(152.0M)->0.0B(152.0M) Survivors: 1024.0K->1024.0K Heap: 189.1M(256.0M)->37706.0K(256.0M)]
Heap after GC invocations=494 (full 0):
 garbage-first heap   total 262144K, used 37706K [0x00000000f0000000, 0x00000000f0100800, 0x0000000100000000)
  region size 1024K, 1 young (1024K), 1 survivors (1024K)
 Metaspace       used 52868K, capacity 56076K, committed 56192K, reserved 1097728K
  class space    used 6460K, capacity 7028K, committed 7040K, reserved 1048576K
}
 [Times: user=0.03 sys=0.01, real=0.01 secs] 
{Heap before GC invocations=494 (full 0):
 garbage-first heap   total 262144K, used 193354K [0x00000000f0000000, 0x00000000f0100800, 0x0000000100000000)
  region size 1024K, 153 young (156672K), 1 survivors (1024K)
 Metaspace       used 52868K, capacity 56076K, committed 56192K, reserved 1097728K
  class space    used 6460K, capacity 7028K, committed 7040K, reserved 1048576K
2023-10-03T06:53:52.082+0800: 539.945: [GC pause (G1 Evacuation Pause) (young), 0.0084239 secs]
   [Parallel Time: 4.1 ms, GC Workers: 10]
      [GC Worker Start (ms): Min: 539945.5, Avg: 539945.7, Max: 539945.9, Diff: 0.4]
      [Ext Root Scanning (ms): Min: 1.3, Avg: 1.5, Max: 1.8, Diff: 0.5, Sum: 14.7]
      [Update RS (ms): Min: 0.8, Avg: 0.9, Max: 0.9, Diff: 0.2, Sum: 8.8]
         [Processed Buffers: Min: 4, Avg: 9.5, Max: 20, Diff: 16, Sum: 95]
      [Scan RS (ms): Min: 0.0, Avg: 0.1, Max: 0.1, Diff: 0.1, Sum: 0.6]
      [Code Root Scanning (ms): Min: 0.0, Avg: 0.0, Max: 0.0, Diff: 0.0, Sum: 0.0]
      [Object Copy (ms): Min: 0.8, Avg: 1.0, Max: 1.0, Diff: 0.2, Sum: 9.6]
      [Termination (ms): Min: 0.0, Avg: 0.0, Max: 0.0, Diff: 0.0, Sum: 0.0]
         [Termination Attempts: Min: 1, Avg: 1.0, Max: 1, Diff: 0, Sum: 10]
      [GC Worker Other (ms): Min: 0.0, Avg: 0.1, Max: 0.2, Diff: 0.2, Sum: 0.7]
      [GC Worker Total (ms): Min: 3.2, Avg: 3.4, Max: 3.7, Diff: 0.5, Sum: 34.4]
      [GC Worker End (ms): Min: 539949.1, Avg: 539949.1, Max: 539949.2, Diff: 0.2]
   [Code Root Fixup: 0.0 ms]
   [Code Root Purge: 0.0 ms]
   [Clear CT: 1.2 ms]
   [Other: 3.1 ms]
      [Choose CSet: 0.0 ms]
      [Ref Proc: 1.5 ms]
      [Ref Enq: 0.0 ms]
      [Redirty Cards: 1.2 ms]
      [Humongous Register: 0.0 ms]
      [Humongous Reclaim: 0.0 ms]
      [Free CSet: 0.1 ms]
   [Eden: 152.0M(152.0M)->0.0B(152.0M) Survivors: 1024.0K->1024.0K Heap: 188.8M(256.0M)->38028.0K(256.0M)]
Heap after GC invocations=495 (full 0):
 garbage-first heap   total 262144K, used 38028K [0x00000000f0000000, 0x00000000f0100800, 0x0000000100000000)
  region size 1024K, 1 young (1024K), 1 survivors (1024K)
 Metaspace       used 52868K, capacity 56076K, committed 56192K, reserved 1097728K
  class space    used 6460K, capacity 7028K, committed 7040K, reserved 1048576K
}
 [Times: user=0.04 sys=0.01, real=0.01 secs] 
{Heap before GC invocations=495 (full 0):
 garbage-first heap   total 262144K, used 193676K [0x00000000f0000000, 0x00000000f0100800, 0x0000000100000000)
  region size 1024K, 153 young (156672K), 1 survivors (1024K)
 Metaspace       used 52868K, capacity 56076K, committed 56192K, reserved 1097728K
  class space    used 6460K, capacity 7028K, committed 7040K, reserved 1048576K
2023-10-03T06:53:52.875+0800: 540.739: [GC pause (G1 Evacuation Pause) (young), 0.0087035 secs]
   [Parallel Time: 4.2 ms, GC Workers: 10]
      [GC Worker Start (ms): Min: 540738.9, Avg: 540739.2, Max: 540739.3, Diff: 0.4]
      [Ext Root Scanning (ms): Min: 1.3, Avg: 1.5, Max: 1.9, Diff: 0.6, Sum: 15.5]
      [Update RS (ms): Min: 0.8, Avg: 0.9, Max: 0.9, Diff: 0.2, Sum: 8.5]
         [Processed Buffers: Min: 3, Avg: 9.6, Max: 15, Diff: 12, Sum: 96]
      [Scan RS (ms): Min: 0.0, Avg: 0.1, Max: 0.1, Diff: 0.1, Sum: 0.5]
      [Code Root Scanning (ms): Min: 0.0, Avg: 0.0, Max: 0.0, Diff: 0.0, Sum: 0.0]
      [Object Copy (ms): Min: 0.8, Avg: 0.9, Max: 1.0, Diff: 0.2, Sum: 9.5]
      [Termination (ms): Min: 0.0, Avg: 0.0, Max: 0.0, Diff: 0.0, Sum: 0.0]
         [Termination Attempts: Min: 1, Avg: 1.0, Max: 1, Diff: 0, Sum: 10]
      [GC Worker Other (ms): Min: 0.0, Avg: 0.0, Max: 0.1, Diff: 0.1, Sum: 0.5]
      [GC Worker Total (ms): Min: 3.3, Avg: 3.5, Max: 3.7, Diff: 0.4, Sum: 34.5]
      [GC Worker End (ms): Min: 540742.6, Avg: 540742.6, Max: 540742.7, Diff: 0.1]
   [Code Root Fixup: 0.0 ms]
   [Code Root Purge: 0.0 ms]
   [Clear CT: 1.3 ms]
   [Other: 3.2 ms]
      [Choose CSet: 0.0 ms]
      [Ref Proc: 1.5 ms]
      [Ref Enq: 0.0 ms]
      [Redirty Cards: 1.4 ms]
      [Humongous Register: 0.0 ms]
      [Humongous Reclaim: 0.0 ms]
      [Free CSet: 0.1 ms]
   [Eden: 152.0M(152.0M)->0.0B(152.0M) Survivors: 1024.0K->1024.0K Heap: 189.1M(256.0M)->37765.2K(256.0M)]
Heap after GC invocations=496 (full 0):
 garbage-first heap   total 262144K, used 37765K [0x00000000f0000000, 0x00000000f0100800, 0x0000000100000000)
  region size 1024K, 1 young (1024K), 1 survivors (1024K)
 Metaspace       used 52868K, capacity 56076K, committed 56192K, reserved 1097728K
  class space    used 6460K, capacity 7028K, committed 7040K, reserved 1048576K
}
 [Times: user=0.04 sys=0.01, real=0.01 secs] 
{Heap before GC invocations=496 (full 0):
 garbage-first heap   total 262144K, used 193413K [0x00000000f0000000, 0x00000000f0100800, 0x0000000100000000)
  region size 1024K, 153 young (156672K), 1 survivors (1024K)
 Metaspace       used 52868K, capacity 56076K, committed 56192K, reserved 1097728K
  class space    used 6460K, capacity 7028K, committed 7040K, reserved 1048576K
2023-10-03T06:53:53.680+0800: 541.543: [GC pause (G1 Evacuation Pause) (young), 0.0083853 secs]
   [Parallel Time: 4.3 ms, GC Workers: 10]
      [GC Worker Start (ms): Min: 541543.7, Avg: 541543.9, Max: 541544.1, Diff: 0.5]
      [Ext Root Scanning (ms): Min: 1.1, Avg: 1.4, Max: 1.7, Diff: 0.6, Sum: 13.8]
      [Update RS (ms): Min: 0.8, Avg: 0.9, Max: 1.0, Diff: 0.2, Sum: 9.1]
         [Processed Buffers: Min: 6, Avg: 9.7, Max: 15, Diff: 9, Sum: 97]
      [Scan RS (ms): Min: 0.0, Avg: 0.1, Max: 0.1, Diff: 0.1, Sum: 0.6]
      [Code Root Scanning (ms): Min: 0.0, Avg: 0.0, Max: 0.0, Diff: 0.0, Sum: 0.0]
      [Object Copy (ms): Min: 0.8, Avg: 0.9, Max: 1.0, Diff: 0.2, Sum: 9.4]
      [Termination (ms): Min: 0.0, Avg: 0.0, Max: 0.0, Diff: 0.0, Sum: 0.0]
         [Termination Attempts: Min: 1, Avg: 1.0, Max: 1, Diff: 0, Sum: 10]
      [GC Worker Other (ms): Min: 0.0, Avg: 0.0, Max: 0.1, Diff: 0.1, Sum: 0.5]
      [GC Worker Total (ms): Min: 3.1, Avg: 3.3, Max: 3.6, Diff: 0.5, Sum: 33.4]
      [GC Worker End (ms): Min: 541547.2, Avg: 541547.2, Max: 541547.3, Diff: 0.1]
   [Code Root Fixup: 0.0 ms]
   [Code Root Purge: 0.0 ms]
   [Clear CT: 1.4 ms]
   [Other: 2.6 ms]
      [Choose CSet: 0.0 ms]
      [Ref Proc: 0.9 ms]
      [Ref Enq: 0.0 ms]
      [Redirty Cards: 1.3 ms]
      [Humongous Register: 0.0 ms]
      [Humongous Reclaim: 0.0 ms]
      [Free CSet: 0.1 ms]
   [Eden: 152.0M(152.0M)->0.0B(152.0M) Survivors: 1024.0K->1024.0K Heap: 188.9M(256.0M)->37970.2K(256.0M)]
Heap after GC invocations=497 (full 0):
 garbage-first heap   total 262144K, used 37970K [0x00000000f0000000, 0x00000000f0100800, 0x0000000100000000)
  region size 1024K, 1 young (1024K), 1 survivors (1024K)
 Metaspace       used 52868K, capacity 56076K, committed 56192K, reserved 1097728K
  class space    used 6460K, capacity 7028K, committed 7040K, reserved 1048576K
}
 [Times: user=0.04 sys=0.00, real=0.00 secs] 
{Heap before GC invocations=497 (full 0):
 garbage-first heap   total 262144K, used 193618K [0x00000000f0000000, 0x00000000f0100800, 0x0000000100000000)
  region size 1024K, 153 young (156672K), 1 survivors (1024K)
 Metaspace       used 52868K, capacity 56076K, committed 56192K, reserved 1097728K
  class space    used 6460K, capacity 7028K, committed 7040K, reserved 1048576K
2023-10-03T06:53:54.497+0800: 542.360: [GC pause (G1 Evacuation Pause) (young), 0.0085804 secs]
   [Parallel Time: 4.3 ms, GC Workers: 10]
      [GC Worker Start (ms): Min: 542360.5, Avg: 542360.7, Max: 542360.9, Diff: 0.5]
      [Ext Root Scanning (ms): Min: 1.2, Avg: 1.4, Max: 1.8, Diff: 0.5, Sum: 14.4]
      [Update RS (ms): Min: 0.8, Avg: 0.9, Max: 1.0, Diff: 0.1, Sum: 9.0]
         [Processed Buffers: Min: 6, Avg: 9.8, Max: 15, Diff: 9, Sum: 98]
      [Scan RS (ms): Min: 0.0, Avg: 0.1, Max: 0.1, Diff: 0.1, Sum: 0.6]
      [Code Root Scanning (ms): Min: 0.0, Avg: 0.0, Max: 0.0, Diff: 0.0, Sum: 0.0]
      [Object Copy (ms): Min: 0.8, Avg: 1.0, Max: 1.0, Diff: 0.2, Sum: 9.6]
      [Termination (ms): Min: 0.0, Avg: 0.0, Max: 0.0, Diff: 0.0, Sum: 0.1]
         [Termination Attempts: Min: 1, Avg: 2.5, Max: 5, Diff: 4, Sum: 25]
      [GC Worker Other (ms): Min: 0.0, Avg: 0.0, Max: 0.1, Diff: 0.1, Sum: 0.5]
      [GC Worker Total (ms): Min: 3.2, Avg: 3.4, Max: 3.6, Diff: 0.5, Sum: 34.2]
      [GC Worker End (ms): Min: 542364.1, Avg: 542364.1, Max: 542364.2, Diff: 0.1]
   [Code Root Fixup: 0.0 ms]
   [Code Root Purge: 0.0 ms]
   [Clear CT: 1.5 ms]
   [Other: 2.7 ms]
      [Choose CSet: 0.0 ms]
      [Ref Proc: 1.0 ms]
      [Ref Enq: 0.0 ms]
      [Redirty Cards: 1.3 ms]
      [Humongous Register: 0.0 ms]
      [Humongous Reclaim: 0.0 ms]
      [Free CSet: 0.1 ms]
   [Eden: 152.0M(152.0M)->0.0B(152.0M) Survivors: 1024.0K->1024.0K Heap: 189.1M(256.0M)->37711.7K(256.0M)]
Heap after GC invocations=498 (full 0):
 garbage-first heap   total 262144K, used 37711K [0x00000000f0000000, 0x00000000f0100800, 0x0000000100000000)
  region size 1024K, 1 young (1024K), 1 survivors (1024K)
 Metaspace       used 52868K, capacity 56076K, committed 56192K, reserved 1097728K
  class space    used 6460K, capacity 7028K, committed 7040K, reserved 1048576K
}
 [Times: user=0.04 sys=0.01, real=0.01 secs] 
{Heap before GC invocations=498 (full 0):
 garbage-first heap   total 262144K, used 193359K [0x00000000f0000000, 0x00000000f0100800, 0x0000000100000000)
  region size 1024K, 153 young (156672K), 1 survivors (1024K)
 Metaspace       used 52868K, capacity 56076K, committed 56192K, reserved 1097728K
  class space    used 6460K, capacity 7028K, committed 7040K, reserved 1048576K
2023-10-03T06:53:55.309+0800: 543.172: [GC pause (G1 Evacuation Pause) (young), 0.0080571 secs]
   [Parallel Time: 3.7 ms, GC Workers: 10]
      [GC Worker Start (ms): Min: 543172.6, Avg: 543172.9, Max: 543173.1, Diff: 0.5]
      [Ext Root Scanning (ms): Min: 1.2, Avg: 1.4, Max: 1.8, Diff: 0.6, Sum: 14.3]
      [Update RS (ms): Min: 0.8, Avg: 0.9, Max: 1.0, Diff: 0.2, Sum: 8.7]
         [Processed Buffers: Min: 5, Avg: 9.6, Max: 18, Diff: 13, Sum: 96]
      [Scan RS (ms): Min: 0.0, Avg: 0.1, Max: 0.1, Diff: 0.1, Sum: 0.7]
      [Code Root Scanning (ms): Min: 0.0, Avg: 0.0, Max: 0.0, Diff: 0.0, Sum: 0.0]
      [Object Copy (ms): Min: 0.7, Avg: 0.9, Max: 1.0, Diff: 0.3, Sum: 9.2]
      [Termination (ms): Min: 0.0, Avg: 0.0, Max: 0.1, Diff: 0.1, Sum: 0.2]
         [Termination Attempts: Min: 1, Avg: 1.1, Max: 2, Diff: 1, Sum: 11]
      [GC Worker Other (ms): Min: 0.0, Avg: 0.0, Max: 0.0, Diff: 0.0, Sum: 0.3]
      [GC Worker Total (ms): Min: 3.1, Avg: 3.4, Max: 3.6, Diff: 0.5, Sum: 33.5]
      [GC Worker End (ms): Min: 543176.2, Avg: 543176.2, Max: 543176.3, Diff: 0.0]
   [Code Root Fixup: 0.0 ms]
   [Code Root Purge: 0.0 ms]
   [Clear CT: 1.5 ms]
   [Other: 2.9 ms]
      [Choose CSet: 0.0 ms]
      [Ref Proc: 1.1 ms]
      [Ref Enq: 0.0 ms]
      [Redirty Cards: 1.4 ms]
      [Humongous Register: 0.0 ms]
      [Humongous Reclaim: 0.0 ms]
      [Free CSet: 0.1 ms]
   [Eden: 152.0M(152.0M)->0.0B(152.0M) Survivors: 1024.0K->1024.0K Heap: 188.8M(256.0M)->37716.4K(256.0M)]
Heap after GC invocations=499 (full 0):
 garbage-first heap   total 262144K, used 37716K [0x00000000f0000000, 0x00000000f0100800, 0x0000000100000000)
  region size 1024K, 1 young (1024K), 1 survivors (1024K)
 Metaspace       used 52868K, capacity 56076K, committed 56192K, reserved 1097728K
  class space    used 6460K, capacity 7028K, committed 7040K, reserved 1048576K
}
 [Times: user=0.04 sys=0.00, real=0.01 secs] 
{Heap before GC invocations=499 (full 0):
 garbage-first heap   total 262144K, used 193364K [0x00000000f0000000, 0x00000000f0100800, 0x0000000100000000)
  region size 1024K, 153 young (156672K), 1 survivors (1024K)
 Metaspace       used 52868K, capacity 56076K, committed 56192K, reserved 1097728K
  class space    used 6460K, capacity 7028K, committed 7040K, reserved 1048576K
2023-10-03T06:53:56.119+0800: 543.982: [GC pause (G1 Evacuation Pause) (young), 0.0086214 secs]
   [Parallel Time: 4.3 ms, GC Workers: 10]
      [GC Worker Start (ms): Min: 543982.2, Avg: 543982.4, Max: 543982.6, Diff: 0.4]
      [Ext Root Scanning (ms): Min: 1.3, Avg: 1.5, Max: 1.9, Diff: 0.6, Sum: 15.1]
      [Update RS (ms): Min: 0.8, Avg: 0.9, Max: 0.9, Diff: 0.2, Sum: 8.7]
         [Processed Buffers: Min: 5, Avg: 9.5, Max: 19, Diff: 14, Sum: 95]
      [Scan RS (ms): Min: 0.0, Avg: 0.1, Max: 0.1, Diff: 0.1, Sum: 0.6]
      [Code Root Scanning (ms): Min: 0.0, Avg: 0.0, Max: 0.0, Diff: 0.0, Sum: 0.0]
      [Object Copy (ms): Min: 0.8, Avg: 1.0, Max: 1.0, Diff: 0.2, Sum: 9.7]
      [Termination (ms): Min: 0.0, Avg: 0.0, Max: 0.0, Diff: 0.0, Sum: 0.0]
         [Termination Attempts: Min: 1, Avg: 1.0, Max: 1, Diff: 0, Sum: 10]
      [GC Worker Other (ms): Min: 0.0, Avg: 0.0, Max: 0.1, Diff: 0.1, Sum: 0.5]
      [GC Worker Total (ms): Min: 3.3, Avg: 3.5, Max: 3.7, Diff: 0.4, Sum: 34.7]
      [GC Worker End (ms): Min: 543985.9, Avg: 543985.9, Max: 543986.0, Diff: 0.1]
   [Code Root Fixup: 0.0 ms]
   [Code Root Purge: 0.0 ms]
   [Clear CT: 1.7 ms]
   [Other: 2.7 ms]
      [Choose CSet: 0.0 ms]
      [Ref Proc: 1.0 ms]
      [Ref Enq: 0.0 ms]
      [Redirty Cards: 1.3 ms]
      [Humongous Register: 0.0 ms]
      [Humongous Reclaim: 0.0 ms]
      [Free CSet: 0.1 ms]
   [Eden: 152.0M(152.0M)->0.0B(152.0M) Survivors: 1024.0K->1024.0K Heap: 188.8M(256.0M)->37889.1K(256.0M)]
Heap after GC invocations=500 (full 0):
 garbage-first heap   total 262144K, used 37889K [0x00000000f0000000, 0x00000000f0100800, 0x0000000100000000)
  region size 1024K, 1 young (1024K), 1 survivors (1024K)
 Metaspace       used 52868K, capacity 56076K, committed 56192K, reserved 1097728K
  class space    used 6460K, capacity 7028K, committed 7040K, reserved 1048576K
}
 [Times: user=0.04 sys=0.00, real=0.01 secs] 
{Heap before GC invocations=500 (full 0):
 garbage-first heap   total 262144K, used 193537K [0x00000000f0000000, 0x00000000f0100800, 0x0000000100000000)
  region size 1024K, 153 young (156672K), 1 survivors (1024K)
 Metaspace       used 52868K, capacity 56076K, committed 56192K, reserved 1097728K
  class space    used 6460K, capacity 7028K, committed 7040K, reserved 1048576K
2023-10-03T06:53:56.914+0800: 544.778: [GC pause (G1 Evacuation Pause) (young), 0.0084000 secs]
   [Parallel Time: 4.2 ms, GC Workers: 10]
      [GC Worker Start (ms): Min: 544777.7, Avg: 544778.0, Max: 544778.2, Diff: 0.5]
      [Ext Root Scanning (ms): Min: 1.2, Avg: 1.4, Max: 1.8, Diff: 0.6, Sum: 14.3]
      [Update RS (ms): Min: 0.8, Avg: 0.9, Max: 0.9, Diff: 0.2, Sum: 8.5]
         [Processed Buffers: Min: 4, Avg: 9.6, Max: 20, Diff: 16, Sum: 96]
      [Scan RS (ms): Min: 0.0, Avg: 0.1, Max: 0.1, Diff: 0.1, Sum: 0.6]
      [Code Root Scanning (ms): Min: 0.0, Avg: 0.0, Max: 0.0, Diff: 0.0, Sum: 0.0]
      [Object Copy (ms): Min: 0.8, Avg: 1.0, Max: 1.0, Diff: 0.2, Sum: 9.8]
      [Termination (ms): Min: 0.0, Avg: 0.0, Max: 0.0, Diff: 0.0, Sum: 0.0]
         [Termination Attempts: Min: 1, Avg: 1.4, Max: 2, Diff: 1, Sum: 14]
      [GC Worker Other (ms): Min: 0.0, Avg: 0.0, Max: 0.1, Diff: 0.1, Sum: 0.4]
      [GC Worker Total (ms): Min: 3.1, Avg: 3.4, Max: 3.6, Diff: 0.5, Sum: 33.6]
      [GC Worker End (ms): Min: 544781.4, Avg: 544781.4, Max: 544781.4, Diff: 0.1]
   [Code Root Fixup: 0.0 ms]
   [Code Root Purge: 0.0 ms]
   [Clear CT: 1.6 ms]
   [Other: 2.5 ms]
      [Choose CSet: 0.0 ms]
      [Ref Proc: 0.8 ms]
      [Ref Enq: 0.0 ms]
      [Redirty Cards: 1.3 ms]
      [Humongous Register: 0.0 ms]
      [Humongous Reclaim: 0.0 ms]
      [Free CSet: 0.1 ms]
   [Eden: 152.0M(152.0M)->0.0B(152.0M) Survivors: 1024.0K->1024.0K Heap: 189.0M(256.0M)->37739.7K(256.0M)]
Heap after GC invocations=501 (full 0):
 garbage-first heap   total 262144K, used 37739K [0x00000000f0000000, 0x00000000f0100800, 0x0000000100000000)
  region size 1024K, 1 young (1024K), 1 survivors (1024K)
 Metaspace       used 52868K, capacity 56076K, committed 56192K, reserved 1097728K
  class space    used 6460K, capacity 7028K, committed 7040K, reserved 1048576K
}
 [Times: user=0.04 sys=0.00, real=0.01 secs] 
{Heap before GC invocations=501 (full 0):
 garbage-first heap   total 262144K, used 193387K [0x00000000f0000000, 0x00000000f0100800, 0x0000000100000000)
  region size 1024K, 153 young (156672K), 1 survivors (1024K)
 Metaspace       used 52868K, capacity 56076K, committed 56192K, reserved 1097728K
  class space    used 6460K, capacity 7028K, committed 7040K, reserved 1048576K
2023-10-03T06:53:57.723+0800: 545.586: [GC pause (G1 Evacuation Pause) (young), 0.0094348 secs]
   [Parallel Time: 4.4 ms, GC Workers: 10]
      [GC Worker Start (ms): Min: 545586.3, Avg: 545586.6, Max: 545586.8, Diff: 0.5]
      [Ext Root Scanning (ms): Min: 1.2, Avg: 1.5, Max: 1.8, Diff: 0.6, Sum: 14.7]
      [Update RS (ms): Min: 0.8, Avg: 0.9, Max: 0.9, Diff: 0.1, Sum: 8.6]
         [Processed Buffers: Min: 4, Avg: 9.6, Max: 19, Diff: 15, Sum: 96]
      [Scan RS (ms): Min: 0.0, Avg: 0.1, Max: 0.1, Diff: 0.1, Sum: 0.6]
      [Code Root Scanning (ms): Min: 0.0, Avg: 0.0, Max: 0.0, Diff: 0.0, Sum: 0.0]
      [Object Copy (ms): Min: 0.9, Avg: 1.0, Max: 1.1, Diff: 0.2, Sum: 10.0]
      [Termination (ms): Min: 0.0, Avg: 0.0, Max: 0.0, Diff: 0.0, Sum: 0.1]
         [Termination Attempts: Min: 1, Avg: 1.9, Max: 3, Diff: 2, Sum: 19]
      [GC Worker Other (ms): Min: 0.0, Avg: 0.0, Max: 0.1, Diff: 0.1, Sum: 0.3]
      [GC Worker Total (ms): Min: 3.2, Avg: 3.4, Max: 3.7, Diff: 0.5, Sum: 34.3]
      [GC Worker End (ms): Min: 545590.0, Avg: 545590.0, Max: 545590.1, Diff: 0.1]
   [Code Root Fixup: 0.0 ms]
   [Code Root Purge: 0.0 ms]
   [Clear CT: 1.4 ms]
   [Other: 3.6 ms]
      [Choose CSet: 0.0 ms]
      [Ref Proc: 1.7 ms]
      [Ref Enq: 0.0 ms]
      [Redirty Cards: 1.5 ms]
      [Humongous Register: 0.0 ms]
      [Humongous Reclaim: 0.0 ms]
      [Free CSet: 0.1 ms]
   [Eden: 152.0M(152.0M)->0.0B(152.0M) Survivors: 1024.0K->1024.0K Heap: 188.9M(256.0M)->37736.8K(256.0M)]
Heap after GC invocations=502 (full 0):
 garbage-first heap   total 262144K, used 37736K [0x00000000f0000000, 0x00000000f0100800, 0x0000000100000000)
  region size 1024K, 1 young (1024K), 1 survivors (1024K)
 Metaspace       used 52868K, capacity 56076K, committed 56192K, reserved 1097728K
  class space    used 6460K, capacity 7028K, committed 7040K, reserved 1048576K
}
 [Times: user=0.04 sys=0.00, real=0.01 secs] 
{Heap before GC invocations=502 (full 0):
 garbage-first heap   total 262144K, used 193384K [0x00000000f0000000, 0x00000000f0100800, 0x0000000100000000)
  region size 1024K, 153 young (156672K), 1 survivors (1024K)
 Metaspace       used 52868K, capacity 56076K, committed 56192K, reserved 1097728K
  class space    used 6460K, capacity 7028K, committed 7040K, reserved 1048576K
2023-10-03T06:53:58.534+0800: 546.397: [GC pause (G1 Evacuation Pause) (young), 0.0088043 secs]
   [Parallel Time: 4.4 ms, GC Workers: 10]
      [GC Worker Start (ms): Min: 546397.3, Avg: 546397.5, Max: 546397.8, Diff: 0.5]
      [Ext Root Scanning (ms): Min: 1.2, Avg: 1.5, Max: 1.8, Diff: 0.6, Sum: 14.8]
      [Update RS (ms): Min: 0.8, Avg: 0.9, Max: 1.0, Diff: 0.1, Sum: 9.1]
         [Processed Buffers: Min: 4, Avg: 9.7, Max: 16, Diff: 12, Sum: 97]
      [Scan RS (ms): Min: 0.0, Avg: 0.1, Max: 0.1, Diff: 0.1, Sum: 0.6]
      [Code Root Scanning (ms): Min: 0.0, Avg: 0.0, Max: 0.0, Diff: 0.0, Sum: 0.0]
      [Object Copy (ms): Min: 0.8, Avg: 0.9, Max: 1.0, Diff: 0.2, Sum: 9.2]
      [Termination (ms): Min: 0.0, Avg: 0.0, Max: 0.0, Diff: 0.0, Sum: 0.0]
         [Termination Attempts: Min: 1, Avg: 1.4, Max: 2, Diff: 1, Sum: 14]
      [GC Worker Other (ms): Min: 0.0, Avg: 0.1, Max: 0.2, Diff: 0.2, Sum: 0.7]
      [GC Worker Total (ms): Min: 3.2, Avg: 3.4, Max: 3.7, Diff: 0.5, Sum: 34.3]
      [GC Worker End (ms): Min: 546400.9, Avg: 546401.0, Max: 546401.1, Diff: 0.2]
   [Code Root Fixup: 0.0 ms]
   [Code Root Purge: 0.0 ms]
   [Clear CT: 1.4 ms]
   [Other: 3.1 ms]
      [Choose CSet: 0.0 ms]
      [Ref Proc: 1.3 ms]
      [Ref Enq: 0.0 ms]
      [Redirty Cards: 1.4 ms]
      [Humongous Register: 0.0 ms]
      [Humongous Reclaim: 0.0 ms]
      [Free CSet: 0.1 ms]
   [Eden: 152.0M(152.0M)->0.0B(152.0M) Survivors: 1024.0K->1024.0K Heap: 188.9M(256.0M)->37737.4K(256.0M)]
Heap after GC invocations=503 (full 0):
 garbage-first heap   total 262144K, used 37737K [0x00000000f0000000, 0x00000000f0100800, 0x0000000100000000)
  region size 1024K, 1 young (1024K), 1 survivors (1024K)
 Metaspace       used 52868K, capacity 56076K, committed 56192K, reserved 1097728K
  class space    used 6460K, capacity 7028K, committed 7040K, reserved 1048576K
}
 [Times: user=0.03 sys=0.00, real=0.01 secs] 
{Heap before GC invocations=503 (full 0):
 garbage-first heap   total 262144K, used 193385K [0x00000000f0000000, 0x00000000f0100800, 0x0000000100000000)
  region size 1024K, 153 young (156672K), 1 survivors (1024K)
 Metaspace       used 52868K, capacity 56076K, committed 56192K, reserved 1097728K
  class space    used 6460K, capacity 7028K, committed 7040K, reserved 1048576K
2023-10-03T06:53:59.335+0800: 547.199: [GC pause (G1 Evacuation Pause) (young), 0.0086727 secs]
   [Parallel Time: 4.1 ms, GC Workers: 10]
      [GC Worker Start (ms): Min: 547198.9, Avg: 547199.1, Max: 547199.3, Diff: 0.4]
      [Ext Root Scanning (ms): Min: 1.3, Avg: 1.5, Max: 1.8, Diff: 0.5, Sum: 14.5]
      [Update RS (ms): Min: 0.8, Avg: 0.9, Max: 1.0, Diff: 0.2, Sum: 8.6]
         [Processed Buffers: Min: 6, Avg: 9.8, Max: 20, Diff: 14, Sum: 98]
      [Scan RS (ms): Min: 0.0, Avg: 0.1, Max: 0.1, Diff: 0.1, Sum: 0.5]
      [Code Root Scanning (ms): Min: 0.0, Avg: 0.0, Max: 0.0, Diff: 0.0, Sum: 0.0]
      [Object Copy (ms): Min: 0.7, Avg: 0.9, Max: 0.9, Diff: 0.2, Sum: 8.5]
      [Termination (ms): Min: 0.0, Avg: 0.0, Max: 0.0, Diff: 0.0, Sum: 0.0]
         [Termination Attempts: Min: 1, Avg: 1.0, Max: 1, Diff: 0, Sum: 10]
      [GC Worker Other (ms): Min: 0.0, Avg: 0.0, Max: 0.1, Diff: 0.1, Sum: 0.4]
      [GC Worker Total (ms): Min: 3.0, Avg: 3.3, Max: 3.5, Diff: 0.4, Sum: 32.6]
      [GC Worker End (ms): Min: 547202.3, Avg: 547202.4, Max: 547202.4, Diff: 0.1]
   [Code Root Fixup: 0.0 ms]
   [Code Root Purge: 0.0 ms]
   [Clear CT: 1.7 ms]
   [Other: 2.8 ms]
      [Choose CSet: 0.0 ms]
      [Ref Proc: 1.1 ms]
      [Ref Enq: 0.0 ms]
      [Redirty Cards: 1.3 ms]
      [Humongous Register: 0.0 ms]
      [Humongous Reclaim: 0.0 ms]
      [Free CSet: 0.1 ms]
   [Eden: 152.0M(152.0M)->0.0B(152.0M) Survivors: 1024.0K->1024.0K Heap: 188.9M(256.0M)->37726.3K(256.0M)]
Heap after GC invocations=504 (full 0):
 garbage-first heap   total 262144K, used 37726K [0x00000000f0000000, 0x00000000f0100800, 0x0000000100000000)
  region size 1024K, 1 young (1024K), 1 survivors (1024K)
 Metaspace       used 52868K, capacity 56076K, committed 56192K, reserved 1097728K
  class space    used 6460K, capacity 7028K, committed 7040K, reserved 1048576K
}
 [Times: user=0.04 sys=0.00, real=0.01 secs] 
{Heap before GC invocations=504 (full 0):
 garbage-first heap   total 262144K, used 193374K [0x00000000f0000000, 0x00000000f0100800, 0x0000000100000000)
  region size 1024K, 153 young (156672K), 1 survivors (1024K)
 Metaspace       used 52868K, capacity 56076K, committed 56192K, reserved 1097728K
  class space    used 6460K, capacity 7028K, committed 7040K, reserved 1048576K
2023-10-03T06:54:00.140+0800: 548.003: [GC pause (G1 Evacuation Pause) (young), 0.0083587 secs]
   [Parallel Time: 4.2 ms, GC Workers: 10]
      [GC Worker Start (ms): Min: 548003.6, Avg: 548003.8, Max: 548004.0, Diff: 0.5]
      [Ext Root Scanning (ms): Min: 1.2, Avg: 1.3, Max: 1.7, Diff: 0.5, Sum: 13.4]
      [Update RS (ms): Min: 0.8, Avg: 0.9, Max: 1.0, Diff: 0.2, Sum: 9.1]
         [Processed Buffers: Min: 5, Avg: 9.5, Max: 18, Diff: 13, Sum: 95]
      [Scan RS (ms): Min: 0.0, Avg: 0.0, Max: 0.1, Diff: 0.1, Sum: 0.5]
      [Code Root Scanning (ms): Min: 0.0, Avg: 0.0, Max: 0.0, Diff: 0.0, Sum: 0.0]
      [Object Copy (ms): Min: 0.8, Avg: 1.0, Max: 1.0, Diff: 0.2, Sum: 9.7]
      [Termination (ms): Min: 0.0, Avg: 0.0, Max: 0.0, Diff: 0.0, Sum: 0.0]
         [Termination Attempts: Min: 1, Avg: 1.0, Max: 1, Diff: 0, Sum: 10]
      [GC Worker Other (ms): Min: 0.0, Avg: 0.0, Max: 0.1, Diff: 0.1, Sum: 0.4]
      [GC Worker Total (ms): Min: 3.1, Avg: 3.3, Max: 3.5, Diff: 0.5, Sum: 33.1]
      [GC Worker End (ms): Min: 548007.1, Avg: 548007.1, Max: 548007.2, Diff: 0.1]
   [Code Root Fixup: 0.0 ms]
   [Code Root Purge: 0.0 ms]
   [Clear CT: 1.3 ms]
   [Other: 2.8 ms]
      [Choose CSet: 0.0 ms]
      [Ref Proc: 1.2 ms]
      [Ref Enq: 0.0 ms]
      [Redirty Cards: 1.2 ms]
      [Humongous Register: 0.0 ms]
      [Humongous Reclaim: 0.0 ms]
      [Free CSet: 0.1 ms]
   [Eden: 152.0M(152.0M)->0.0B(152.0M) Survivors: 1024.0K->1024.0K Heap: 188.8M(256.0M)->37761.2K(256.0M)]
Heap after GC invocations=505 (full 0):
 garbage-first heap   total 262144K, used 37761K [0x00000000f0000000, 0x00000000f0100800, 0x0000000100000000)
  region size 1024K, 1 young (1024K), 1 survivors (1024K)
 Metaspace       used 52868K, capacity 56076K, committed 56192K, reserved 1097728K
  class space    used 6460K, capacity 7028K, committed 7040K, reserved 1048576K
}
 [Times: user=0.04 sys=0.00, real=0.00 secs] 
{Heap before GC invocations=505 (full 0):
 garbage-first heap   total 262144K, used 193409K [0x00000000f0000000, 0x00000000f0100800, 0x0000000100000000)
  region size 1024K, 153 young (156672K), 1 survivors (1024K)
 Metaspace       used 52868K, capacity 56076K, committed 56192K, reserved 1097728K
  class space    used 6460K, capacity 7028K, committed 7040K, reserved 1048576K
2023-10-03T06:54:00.903+0800: 548.767: [GC pause (G1 Evacuation Pause) (young), 0.0086661 secs]
   [Parallel Time: 3.8 ms, GC Workers: 10]
      [GC Worker Start (ms): Min: 548766.9, Avg: 548767.1, Max: 548767.4, Diff: 0.5]
      [Ext Root Scanning (ms): Min: 1.0, Avg: 1.3, Max: 1.5, Diff: 0.5, Sum: 12.6]
      [Update RS (ms): Min: 0.7, Avg: 0.8, Max: 0.9, Diff: 0.1, Sum: 8.0]
         [Processed Buffers: Min: 6, Avg: 9.7, Max: 17, Diff: 11, Sum: 97]
      [Scan RS (ms): Min: 0.0, Avg: 0.1, Max: 0.1, Diff: 0.1, Sum: 0.7]
      [Code Root Scanning (ms): Min: 0.0, Avg: 0.0, Max: 0.0, Diff: 0.0, Sum: 0.0]
      [Object Copy (ms): Min: 0.5, Avg: 0.7, Max: 0.7, Diff: 0.2, Sum: 6.6]
      [Termination (ms): Min: 0.0, Avg: 0.0, Max: 0.0, Diff: 0.0, Sum: 0.0]
         [Termination Attempts: Min: 1, Avg: 1.0, Max: 1, Diff: 0, Sum: 10]
      [GC Worker Other (ms): Min: 0.0, Avg: 0.0, Max: 0.1, Diff: 0.1, Sum: 0.4]
      [GC Worker Total (ms): Min: 2.6, Avg: 2.8, Max: 3.1, Diff: 0.5, Sum: 28.4]
      [GC Worker End (ms): Min: 548770.0, Avg: 548770.0, Max: 548770.0, Diff: 0.1]
   [Code Root Fixup: 0.0 ms]
   [Code Root Purge: 0.0 ms]
   [Clear CT: 1.3 ms]
   [Other: 3.5 ms]
      [Choose CSet: 0.0 ms]
      [Ref Proc: 1.8 ms]
      [Ref Enq: 0.0 ms]
      [Redirty Cards: 1.4 ms]
      [Humongous Register: 0.0 ms]
      [Humongous Reclaim: 0.0 ms]
      [Free CSet: 0.1 ms]
   [Eden: 152.0M(152.0M)->0.0B(152.0M) Survivors: 1024.0K->1024.0K Heap: 188.9M(256.0M)->37582.0K(256.0M)]
Heap after GC invocations=506 (full 0):
 garbage-first heap   total 262144K, used 37581K [0x00000000f0000000, 0x00000000f0100800, 0x0000000100000000)
  region size 1024K, 1 young (1024K), 1 survivors (1024K)
 Metaspace       used 52868K, capacity 56076K, committed 56192K, reserved 1097728K
  class space    used 6460K, capacity 7028K, committed 7040K, reserved 1048576K
}
 [Times: user=0.04 sys=0.00, real=0.01 secs] 
{Heap before GC invocations=506 (full 0):
 garbage-first heap   total 262144K, used 193229K [0x00000000f0000000, 0x00000000f0100800, 0x0000000100000000)
  region size 1024K, 153 young (156672K), 1 survivors (1024K)
 Metaspace       used 52868K, capacity 56076K, committed 56192K, reserved 1097728K
  class space    used 6460K, capacity 7028K, committed 7040K, reserved 1048576K
2023-10-03T06:54:01.711+0800: 549.574: [GC pause (G1 Evacuation Pause) (young), 0.0084264 secs]
   [Parallel Time: 4.3 ms, GC Workers: 10]
      [GC Worker Start (ms): Min: 549574.0, Avg: 549574.3, Max: 549574.5, Diff: 0.5]
      [Ext Root Scanning (ms): Min: 1.3, Avg: 1.5, Max: 1.8, Diff: 0.6, Sum: 14.6]
      [Update RS (ms): Min: 0.8, Avg: 0.9, Max: 1.0, Diff: 0.2, Sum: 9.2]
         [Processed Buffers: Min: 7, Avg: 9.7, Max: 15, Diff: 8, Sum: 97]
      [Scan RS (ms): Min: 0.0, Avg: 0.0, Max: 0.1, Diff: 0.1, Sum: 0.5]
      [Code Root Scanning (ms): Min: 0.0, Avg: 0.0, Max: 0.0, Diff: 0.0, Sum: 0.0]
      [Object Copy (ms): Min: 0.8, Avg: 1.0, Max: 1.1, Diff: 0.2, Sum: 9.9]
      [Termination (ms): Min: 0.0, Avg: 0.0, Max: 0.0, Diff: 0.0, Sum: 0.0]
         [Termination Attempts: Min: 1, Avg: 1.3, Max: 2, Diff: 1, Sum: 13]
      [GC Worker Other (ms): Min: 0.0, Avg: 0.0, Max: 0.1, Diff: 0.1, Sum: 0.4]
      [GC Worker Total (ms): Min: 3.2, Avg: 3.5, Max: 3.7, Diff: 0.5, Sum: 34.7]
      [GC Worker End (ms): Min: 549577.7, Avg: 549577.8, Max: 549577.8, Diff: 0.1]
   [Code Root Fixup: 0.0 ms]
   [Code Root Purge: 0.0 ms]
   [Clear CT: 1.2 ms]
   [Other: 2.9 ms]
      [Choose CSet: 0.0 ms]
      [Ref Proc: 1.3 ms]
      [Ref Enq: 0.0 ms]
      [Redirty Cards: 1.2 ms]
      [Humongous Register: 0.0 ms]
      [Humongous Reclaim: 0.0 ms]
      [Free CSet: 0.1 ms]
   [Eden: 152.0M(152.0M)->0.0B(152.0M) Survivors: 1024.0K->1024.0K Heap: 188.7M(256.0M)->37920.2K(256.0M)]
Heap after GC invocations=507 (full 0):
 garbage-first heap   total 262144K, used 37920K [0x00000000f0000000, 0x00000000f0100800, 0x0000000100000000)
  region size 1024K, 1 young (1024K), 1 survivors (1024K)
 Metaspace       used 52868K, capacity 56076K, committed 56192K, reserved 1097728K
  class space    used 6460K, capacity 7028K, committed 7040K, reserved 1048576K
}
 [Times: user=0.04 sys=0.00, real=0.00 secs] 
{Heap before GC invocations=507 (full 0):
 garbage-first heap   total 262144K, used 193568K [0x00000000f0000000, 0x00000000f0100800, 0x0000000100000000)
  region size 1024K, 153 young (156672K), 1 survivors (1024K)
 Metaspace       used 52868K, capacity 56076K, committed 56192K, reserved 1097728K
  class space    used 6460K, capacity 7028K, committed 7040K, reserved 1048576K
2023-10-03T06:54:02.514+0800: 550.377: [GC pause (G1 Evacuation Pause) (young), 0.0084748 secs]
   [Parallel Time: 4.3 ms, GC Workers: 10]
      [GC Worker Start (ms): Min: 550377.5, Avg: 550377.7, Max: 550377.9, Diff: 0.5]
      [Ext Root Scanning (ms): Min: 1.2, Avg: 1.4, Max: 1.7, Diff: 0.6, Sum: 14.1]
      [Update RS (ms): Min: 0.8, Avg: 0.9, Max: 1.0, Diff: 0.2, Sum: 9.1]
         [Processed Buffers: Min: 5, Avg: 9.7, Max: 17, Diff: 12, Sum: 97]
      [Scan RS (ms): Min: 0.0, Avg: 0.1, Max: 0.1, Diff: 0.1, Sum: 0.5]
      [Code Root Scanning (ms): Min: 0.0, Avg: 0.0, Max: 0.0, Diff: 0.0, Sum: 0.0]
      [Object Copy (ms): Min: 0.8, Avg: 0.9, Max: 1.0, Diff: 0.2, Sum: 9.3]
      [Termination (ms): Min: 0.0, Avg: 0.0, Max: 0.0, Diff: 0.0, Sum: 0.1]
         [Termination Attempts: Min: 1, Avg: 1.7, Max: 2, Diff: 1, Sum: 17]
      [GC Worker Other (ms): Min: 0.0, Avg: 0.1, Max: 0.2, Diff: 0.1, Sum: 0.5]
      [GC Worker Total (ms): Min: 3.1, Avg: 3.4, Max: 3.6, Diff: 0.5, Sum: 33.6]
      [GC Worker End (ms): Min: 550381.0, Avg: 550381.1, Max: 550381.2, Diff: 0.1]
   [Code Root Fixup: 0.0 ms]
   [Code Root Purge: 0.0 ms]
   [Clear CT: 1.3 ms]
   [Other: 2.9 ms]
      [Choose CSet: 0.0 ms]
      [Ref Proc: 1.0 ms]
      [Ref Enq: 0.0 ms]
      [Redirty Cards: 1.5 ms]
      [Humongous Register: 0.0 ms]
      [Humongous Reclaim: 0.0 ms]
      [Free CSet: 0.1 ms]
   [Eden: 152.0M(152.0M)->0.0B(152.0M) Survivors: 1024.0K->1024.0K Heap: 189.0M(256.0M)->37897.2K(256.0M)]
Heap after GC invocations=508 (full 0):
 garbage-first heap   total 262144K, used 37897K [0x00000000f0000000, 0x00000000f0100800, 0x0000000100000000)
  region size 1024K, 1 young (1024K), 1 survivors (1024K)
 Metaspace       used 52868K, capacity 56076K, committed 56192K, reserved 1097728K
  class space    used 6460K, capacity 7028K, committed 7040K, reserved 1048576K
}
 [Times: user=0.04 sys=0.00, real=0.01 secs] 
{Heap before GC invocations=508 (full 0):
 garbage-first heap   total 262144K, used 193545K [0x00000000f0000000, 0x00000000f0100800, 0x0000000100000000)
  region size 1024K, 153 young (156672K), 1 survivors (1024K)
 Metaspace       used 52868K, capacity 56076K, committed 56192K, reserved 1097728K
  class space    used 6460K, capacity 7028K, committed 7040K, reserved 1048576K
2023-10-03T06:54:03.337+0800: 551.200: [GC pause (G1 Evacuation Pause) (young), 0.0090798 secs]
   [Parallel Time: 4.4 ms, GC Workers: 10]
      [GC Worker Start (ms): Min: 551200.5, Avg: 551200.8, Max: 551201.0, Diff: 0.5]
      [Ext Root Scanning (ms): Min: 1.2, Avg: 1.4, Max: 1.8, Diff: 0.6, Sum: 14.1]
      [Update RS (ms): Min: 0.8, Avg: 0.9, Max: 1.0, Diff: 0.2, Sum: 9.1]
         [Processed Buffers: Min: 6, Avg: 9.7, Max: 19, Diff: 13, Sum: 97]
      [Scan RS (ms): Min: 0.0, Avg: 0.1, Max: 0.1, Diff: 0.1, Sum: 0.7]
      [Code Root Scanning (ms): Min: 0.0, Avg: 0.0, Max: 0.0, Diff: 0.0, Sum: 0.0]
      [Object Copy (ms): Min: 0.8, Avg: 0.9, Max: 1.0, Diff: 0.2, Sum: 9.3]
      [Termination (ms): Min: 0.0, Avg: 0.0, Max: 0.0, Diff: 0.0, Sum: 0.0]
         [Termination Attempts: Min: 1, Avg: 1.0, Max: 1, Diff: 0, Sum: 10]
      [GC Worker Other (ms): Min: 0.0, Avg: 0.0, Max: 0.1, Diff: 0.1, Sum: 0.4]
      [GC Worker Total (ms): Min: 3.1, Avg: 3.4, Max: 3.6, Diff: 0.5, Sum: 33.7]
      [GC Worker End (ms): Min: 551204.1, Avg: 551204.1, Max: 551204.2, Diff: 0.1]
   [Code Root Fixup: 0.0 ms]
   [Code Root Purge: 0.0 ms]
   [Clear CT: 1.5 ms]
   [Other: 3.2 ms]
      [Choose CSet: 0.0 ms]
      [Ref Proc: 1.4 ms]
      [Ref Enq: 0.0 ms]
      [Redirty Cards: 1.4 ms]
      [Humongous Register: 0.0 ms]
      [Humongous Reclaim: 0.0 ms]
      [Free CSet: 0.1 ms]
   [Eden: 152.0M(152.0M)->0.0B(152.0M) Survivors: 1024.0K->1024.0K Heap: 189.0M(256.0M)->37985.6K(256.0M)]
Heap after GC invocations=509 (full 0):
 garbage-first heap   total 262144K, used 37985K [0x00000000f0000000, 0x00000000f0100800, 0x0000000100000000)
  region size 1024K, 1 young (1024K), 1 survivors (1024K)
 Metaspace       used 52868K, capacity 56076K, committed 56192K, reserved 1097728K
  class space    used 6460K, capacity 7028K, committed 7040K, reserved 1048576K
}
 [Times: user=0.04 sys=0.01, real=0.01 secs] 
{Heap before GC invocations=509 (full 0):
 garbage-first heap   total 262144K, used 193633K [0x00000000f0000000, 0x00000000f0100800, 0x0000000100000000)
  region size 1024K, 153 young (156672K), 1 survivors (1024K)
 Metaspace       used 52868K, capacity 56076K, committed 56192K, reserved 1097728K
  class space    used 6460K, capacity 7028K, committed 7040K, reserved 1048576K
2023-10-03T06:54:04.137+0800: 552.000: [GC pause (G1 Evacuation Pause) (young), 0.0088746 secs]
   [Parallel Time: 4.6 ms, GC Workers: 10]
      [GC Worker Start (ms): Min: 552000.3, Avg: 552000.5, Max: 552000.8, Diff: 0.5]
      [Ext Root Scanning (ms): Min: 1.2, Avg: 1.4, Max: 1.8, Diff: 0.6, Sum: 14.2]
      [Update RS (ms): Min: 0.8, Avg: 0.9, Max: 1.0, Diff: 0.2, Sum: 9.3]
         [Processed Buffers: Min: 4, Avg: 9.9, Max: 16, Diff: 12, Sum: 99]
      [Scan RS (ms): Min: 0.0, Avg: 0.1, Max: 0.1, Diff: 0.1, Sum: 0.7]
      [Code Root Scanning (ms): Min: 0.0, Avg: 0.0, Max: 0.0, Diff: 0.0, Sum: 0.0]
      [Object Copy (ms): Min: 0.8, Avg: 0.9, Max: 1.0, Diff: 0.2, Sum: 9.2]
      [Termination (ms): Min: 0.0, Avg: 0.0, Max: 0.0, Diff: 0.0, Sum: 0.0]
         [Termination Attempts: Min: 1, Avg: 1.0, Max: 1, Diff: 0, Sum: 10]
      [GC Worker Other (ms): Min: 0.0, Avg: 0.0, Max: 0.1, Diff: 0.1, Sum: 0.3]
      [GC Worker Total (ms): Min: 3.1, Avg: 3.4, Max: 3.7, Diff: 0.5, Sum: 33.8]
      [GC Worker End (ms): Min: 552003.9, Avg: 552003.9, Max: 552003.9, Diff: 0.1]
   [Code Root Fixup: 0.0 ms]
   [Code Root Purge: 0.0 ms]
   [Clear CT: 1.2 ms]
   [Other: 3.0 ms]
      [Choose CSet: 0.0 ms]
      [Ref Proc: 1.4 ms]
      [Ref Enq: 0.0 ms]
      [Redirty Cards: 1.2 ms]
      [Humongous Register: 0.0 ms]
      [Humongous Reclaim: 0.0 ms]
      [Free CSet: 0.1 ms]
   [Eden: 152.0M(152.0M)->0.0B(152.0M) Survivors: 1024.0K->1024.0K Heap: 189.1M(256.0M)->37993.5K(256.0M)]
Heap after GC invocations=510 (full 0):
 garbage-first heap   total 262144K, used 37993K [0x00000000f0000000, 0x00000000f0100800, 0x0000000100000000)
  region size 1024K, 1 young (1024K), 1 survivors (1024K)
 Metaspace       used 52868K, capacity 56076K, committed 56192K, reserved 1097728K
  class space    used 6460K, capacity 7028K, committed 7040K, reserved 1048576K
}
 [Times: user=0.04 sys=0.01, real=0.01 secs] 
{Heap before GC invocations=510 (full 0):
 garbage-first heap   total 262144K, used 193641K [0x00000000f0000000, 0x00000000f0100800, 0x0000000100000000)
  region size 1024K, 153 young (156672K), 1 survivors (1024K)
 Metaspace       used 52868K, capacity 56076K, committed 56192K, reserved 1097728K
  class space    used 6460K, capacity 7028K, committed 7040K, reserved 1048576K
2023-10-03T06:54:04.931+0800: 552.794: [GC pause (G1 Evacuation Pause) (young), 0.0088533 secs]
   [Parallel Time: 4.3 ms, GC Workers: 10]
      [GC Worker Start (ms): Min: 552794.7, Avg: 552795.0, Max: 552795.2, Diff: 0.5]
      [Ext Root Scanning (ms): Min: 1.2, Avg: 1.4, Max: 1.8, Diff: 0.7, Sum: 14.3]
      [Update RS (ms): Min: 0.7, Avg: 0.8, Max: 0.9, Diff: 0.2, Sum: 8.3]
         [Processed Buffers: Min: 5, Avg: 9.6, Max: 14, Diff: 9, Sum: 96]
      [Scan RS (ms): Min: 0.0, Avg: 0.1, Max: 0.1, Diff: 0.1, Sum: 0.8]
      [Code Root Scanning (ms): Min: 0.0, Avg: 0.0, Max: 0.0, Diff: 0.0, Sum: 0.0]
      [Object Copy (ms): Min: 0.8, Avg: 1.0, Max: 1.1, Diff: 0.3, Sum: 9.6]
      [Termination (ms): Min: 0.0, Avg: 0.0, Max: 0.0, Diff: 0.0, Sum: 0.0]
         [Termination Attempts: Min: 1, Avg: 1.0, Max: 1, Diff: 0, Sum: 10]
      [GC Worker Other (ms): Min: 0.0, Avg: 0.1, Max: 0.2, Diff: 0.2, Sum: 0.7]
      [GC Worker Total (ms): Min: 3.1, Avg: 3.4, Max: 3.7, Diff: 0.6, Sum: 33.8]
      [GC Worker End (ms): Min: 552798.3, Avg: 552798.3, Max: 552798.5, Diff: 0.2]
   [Code Root Fixup: 0.0 ms]
   [Code Root Purge: 0.0 ms]
   [Clear CT: 1.6 ms]
   [Other: 3.0 ms]
      [Choose CSet: 0.0 ms]
      [Ref Proc: 1.3 ms]
      [Ref Enq: 0.0 ms]
      [Redirty Cards: 1.3 ms]
      [Humongous Register: 0.0 ms]
      [Humongous Reclaim: 0.0 ms]
      [Free CSet: 0.1 ms]
   [Eden: 152.0M(152.0M)->0.0B(152.0M) Survivors: 1024.0K->1024.0K Heap: 189.1M(256.0M)->38026.2K(256.0M)]
Heap after GC invocations=511 (full 0):
 garbage-first heap   total 262144K, used 38026K [0x00000000f0000000, 0x00000000f0100800, 0x0000000100000000)
  region size 1024K, 1 young (1024K), 1 survivors (1024K)
 Metaspace       used 52868K, capacity 56076K, committed 56192K, reserved 1097728K
  class space    used 6460K, capacity 7028K, committed 7040K, reserved 1048576K
}
 [Times: user=0.03 sys=0.00, real=0.01 secs] 
{Heap before GC invocations=511 (full 0):
 garbage-first heap   total 262144K, used 193674K [0x00000000f0000000, 0x00000000f0100800, 0x0000000100000000)
  region size 1024K, 153 young (156672K), 1 survivors (1024K)
 Metaspace       used 52868K, capacity 56076K, committed 56192K, reserved 1097728K
  class space    used 6460K, capacity 7028K, committed 7040K, reserved 1048576K
2023-10-03T06:54:05.735+0800: 553.599: [GC pause (G1 Evacuation Pause) (young), 0.0087744 secs]
   [Parallel Time: 4.2 ms, GC Workers: 10]
      [GC Worker Start (ms): Min: 553598.9, Avg: 553599.2, Max: 553599.4, Diff: 0.5]
      [Ext Root Scanning (ms): Min: 1.2, Avg: 1.4, Max: 1.8, Diff: 0.6, Sum: 14.3]
      [Update RS (ms): Min: 0.8, Avg: 0.9, Max: 0.9, Diff: 0.2, Sum: 8.6]
         [Processed Buffers: Min: 4, Avg: 9.6, Max: 17, Diff: 13, Sum: 96]
      [Scan RS (ms): Min: 0.0, Avg: 0.1, Max: 0.1, Diff: 0.1, Sum: 0.6]
      [Code Root Scanning (ms): Min: 0.0, Avg: 0.0, Max: 0.0, Diff: 0.0, Sum: 0.0]
      [Object Copy (ms): Min: 0.8, Avg: 1.0, Max: 1.0, Diff: 0.2, Sum: 9.6]
      [Termination (ms): Min: 0.0, Avg: 0.0, Max: 0.0, Diff: 0.0, Sum: 0.0]
         [Termination Attempts: Min: 1, Avg: 1.0, Max: 1, Diff: 0, Sum: 10]
      [GC Worker Other (ms): Min: 0.0, Avg: 0.0, Max: 0.1, Diff: 0.1, Sum: 0.4]
      [GC Worker Total (ms): Min: 3.1, Avg: 3.4, Max: 3.7, Diff: 0.6, Sum: 33.6]
      [GC Worker End (ms): Min: 553602.5, Avg: 553602.6, Max: 553602.6, Diff: 0.1]
   [Code Root Fixup: 0.0 ms]
   [Code Root Purge: 0.0 ms]
   [Clear CT: 1.4 ms]
   [Other: 3.1 ms]
      [Choose CSet: 0.0 ms]
      [Ref Proc: 1.4 ms]
      [Ref Enq: 0.0 ms]
      [Redirty Cards: 1.4 ms]
      [Humongous Register: 0.0 ms]
      [Humongous Reclaim: 0.0 ms]
      [Free CSet: 0.1 ms]
   [Eden: 152.0M(152.0M)->0.0B(151.0M) Survivors: 1024.0K->2048.0K Heap: 189.1M(256.0M)->38160.8K(256.0M)]
Heap after GC invocations=512 (full 0):
 garbage-first heap   total 262144K, used 38160K [0x00000000f0000000, 0x00000000f0100800, 0x0000000100000000)
  region size 1024K, 2 young (2048K), 2 survivors (2048K)
 Metaspace       used 52868K, capacity 56076K, committed 56192K, reserved 1097728K
  class space    used 6460K, capacity 7028K, committed 7040K, reserved 1048576K
}
 [Times: user=0.04 sys=0.00, real=0.01 secs] 
{Heap before GC invocations=512 (full 0):
 garbage-first heap   total 262144K, used 192784K [0x00000000f0000000, 0x00000000f0100800, 0x0000000100000000)
  region size 1024K, 153 young (156672K), 2 survivors (2048K)
 Metaspace       used 52868K, capacity 56076K, committed 56192K, reserved 1097728K
  class space    used 6460K, capacity 7028K, committed 7040K, reserved 1048576K
2023-10-03T06:54:06.538+0800: 554.401: [GC pause (G1 Evacuation Pause) (young), 0.0085755 secs]
   [Parallel Time: 4.2 ms, GC Workers: 10]
      [GC Worker Start (ms): Min: 554401.0, Avg: 554401.3, Max: 554401.5, Diff: 0.5]
      [Ext Root Scanning (ms): Min: 1.1, Avg: 1.4, Max: 1.7, Diff: 0.6, Sum: 13.6]
      [Update RS (ms): Min: 0.8, Avg: 0.9, Max: 1.0, Diff: 0.2, Sum: 8.9]
         [Processed Buffers: Min: 5, Avg: 9.7, Max: 16, Diff: 11, Sum: 97]
      [Scan RS (ms): Min: 0.0, Avg: 0.1, Max: 0.1, Diff: 0.1, Sum: 0.6]
      [Code Root Scanning (ms): Min: 0.0, Avg: 0.0, Max: 0.0, Diff: 0.0, Sum: 0.0]
      [Object Copy (ms): Min: 0.8, Avg: 0.9, Max: 1.0, Diff: 0.3, Sum: 9.4]
      [Termination (ms): Min: 0.0, Avg: 0.0, Max: 0.0, Diff: 0.0, Sum: 0.0]
         [Termination Attempts: Min: 1, Avg: 1.0, Max: 1, Diff: 0, Sum: 10]
      [GC Worker Other (ms): Min: 0.0, Avg: 0.0, Max: 0.1, Diff: 0.1, Sum: 0.4]
      [GC Worker Total (ms): Min: 3.1, Avg: 3.3, Max: 3.5, Diff: 0.4, Sum: 33.0]
      [GC Worker End (ms): Min: 554404.6, Avg: 554404.6, Max: 554404.6, Diff: 0.1]
   [Code Root Fixup: 0.0 ms]
   [Code Root Purge: 0.0 ms]
   [Clear CT: 1.5 ms]
   [Other: 2.9 ms]
      [Choose CSet: 0.0 ms]
      [Ref Proc: 1.1 ms]
      [Ref Enq: 0.0 ms]
      [Redirty Cards: 1.4 ms]
      [Humongous Register: 0.0 ms]
      [Humongous Reclaim: 0.0 ms]
      [Free CSet: 0.1 ms]
   [Eden: 151.0M(151.0M)->0.0B(152.0M) Survivors: 2048.0K->1024.0K Heap: 188.3M(256.0M)->38008.2K(256.0M)]
Heap after GC invocations=513 (full 0):
 garbage-first heap   total 262144K, used 38008K [0x00000000f0000000, 0x00000000f0100800, 0x0000000100000000)
  region size 1024K, 1 young (1024K), 1 survivors (1024K)
 Metaspace       used 52868K, capacity 56076K, committed 56192K, reserved 1097728K
  class space    used 6460K, capacity 7028K, committed 7040K, reserved 1048576K
}
 [Times: user=0.04 sys=0.00, real=0.01 secs] 
{Heap before GC invocations=513 (full 0):
 garbage-first heap   total 262144K, used 193656K [0x00000000f0000000, 0x00000000f0100800, 0x0000000100000000)
  region size 1024K, 153 young (156672K), 1 survivors (1024K)
 Metaspace       used 52868K, capacity 56076K, committed 56192K, reserved 1097728K
  class space    used 6460K, capacity 7028K, committed 7040K, reserved 1048576K
2023-10-03T06:54:07.357+0800: 555.220: [GC pause (G1 Evacuation Pause) (young), 0.0090936 secs]
   [Parallel Time: 4.3 ms, GC Workers: 10]
      [GC Worker Start (ms): Min: 555220.6, Avg: 555220.8, Max: 555221.1, Diff: 0.5]
      [Ext Root Scanning (ms): Min: 1.2, Avg: 1.4, Max: 1.8, Diff: 0.5, Sum: 14.0]
      [Update RS (ms): Min: 0.8, Avg: 0.9, Max: 1.0, Diff: 0.2, Sum: 9.1]
         [Processed Buffers: Min: 7, Avg: 9.6, Max: 16, Diff: 9, Sum: 96]
      [Scan RS (ms): Min: 0.0, Avg: 0.1, Max: 0.1, Diff: 0.1, Sum: 0.7]
      [Code Root Scanning (ms): Min: 0.0, Avg: 0.0, Max: 0.0, Diff: 0.0, Sum: 0.0]
      [Object Copy (ms): Min: 0.8, Avg: 0.9, Max: 1.0, Diff: 0.2, Sum: 9.5]
      [Termination (ms): Min: 0.0, Avg: 0.0, Max: 0.0, Diff: 0.0, Sum: 0.1]
         [Termination Attempts: Min: 1, Avg: 1.2, Max: 2, Diff: 1, Sum: 12]
      [GC Worker Other (ms): Min: 0.0, Avg: 0.0, Max: 0.1, Diff: 0.1, Sum: 0.4]
      [GC Worker Total (ms): Min: 3.1, Avg: 3.4, Max: 3.6, Diff: 0.5, Sum: 33.8]
      [GC Worker End (ms): Min: 555224.2, Avg: 555224.2, Max: 555224.3, Diff: 0.1]
   [Code Root Fixup: 0.0 ms]
   [Code Root Purge: 0.0 ms]
   [Clear CT: 1.5 ms]
   [Other: 3.3 ms]
      [Choose CSet: 0.0 ms]
      [Ref Proc: 1.5 ms]
      [Ref Enq: 0.0 ms]
      [Redirty Cards: 1.4 ms]
      [Humongous Register: 0.0 ms]
      [Humongous Reclaim: 0.0 ms]
      [Free CSet: 0.1 ms]
   [Eden: 152.0M(152.0M)->0.0B(152.0M) Survivors: 1024.0K->1024.0K Heap: 189.1M(256.0M)->38053.5K(256.0M)]
Heap after GC invocations=514 (full 0):
 garbage-first heap   total 262144K, used 38053K [0x00000000f0000000, 0x00000000f0100800, 0x0000000100000000)
  region size 1024K, 1 young (1024K), 1 survivors (1024K)
 Metaspace       used 52868K, capacity 56076K, committed 56192K, reserved 1097728K
  class space    used 6460K, capacity 7028K, committed 7040K, reserved 1048576K
}
 [Times: user=0.04 sys=0.01, real=0.01 secs] 
{Heap before GC invocations=514 (full 0):
 garbage-first heap   total 262144K, used 193701K [0x00000000f0000000, 0x00000000f0100800, 0x0000000100000000)
  region size 1024K, 153 young (156672K), 1 survivors (1024K)
 Metaspace       used 52868K, capacity 56076K, committed 56192K, reserved 1097728K
  class space    used 6460K, capacity 7028K, committed 7040K, reserved 1048576K
2023-10-03T06:54:08.161+0800: 556.024: [GC pause (G1 Evacuation Pause) (young), 0.0089524 secs]
   [Parallel Time: 4.4 ms, GC Workers: 10]
      [GC Worker Start (ms): Min: 556024.3, Avg: 556024.6, Max: 556024.8, Diff: 0.5]
      [Ext Root Scanning (ms): Min: 1.2, Avg: 1.5, Max: 1.9, Diff: 0.7, Sum: 15.1]
      [Update RS (ms): Min: 0.8, Avg: 0.9, Max: 0.9, Diff: 0.2, Sum: 8.8]
         [Processed Buffers: Min: 2, Avg: 9.5, Max: 16, Diff: 14, Sum: 95]
      [Scan RS (ms): Min: 0.0, Avg: 0.1, Max: 0.1, Diff: 0.1, Sum: 0.7]
      [Code Root Scanning (ms): Min: 0.0, Avg: 0.0, Max: 0.0, Diff: 0.0, Sum: 0.0]
      [Object Copy (ms): Min: 0.8, Avg: 1.0, Max: 1.1, Diff: 0.3, Sum: 10.1]
      [Termination (ms): Min: 0.0, Avg: 0.0, Max: 0.0, Diff: 0.0, Sum: 0.0]
         [Termination Attempts: Min: 1, Avg: 1.4, Max: 2, Diff: 1, Sum: 14]
      [GC Worker Other (ms): Min: 0.0, Avg: 0.0, Max: 0.1, Diff: 0.1, Sum: 0.5]
      [GC Worker Total (ms): Min: 3.3, Avg: 3.5, Max: 3.8, Diff: 0.5, Sum: 35.2]
      [GC Worker End (ms): Min: 556028.0, Avg: 556028.1, Max: 556028.2, Diff: 0.1]
   [Code Root Fixup: 0.0 ms]
   [Code Root Purge: 0.0 ms]
   [Clear CT: 1.4 ms]
   [Other: 3.2 ms]
      [Choose CSet: 0.0 ms]
      [Ref Proc: 1.6 ms]
      [Ref Enq: 0.0 ms]
      [Redirty Cards: 1.2 ms]
      [Humongous Register: 0.0 ms]
      [Humongous Reclaim: 0.0 ms]
      [Free CSet: 0.2 ms]
   [Eden: 152.0M(152.0M)->0.0B(152.0M) Survivors: 1024.0K->1024.0K Heap: 189.2M(256.0M)->38062.3K(256.0M)]
Heap after GC invocations=515 (full 0):
 garbage-first heap   total 262144K, used 38062K [0x00000000f0000000, 0x00000000f0100800, 0x0000000100000000)
  region size 1024K, 1 young (1024K), 1 survivors (1024K)
 Metaspace       used 52868K, capacity 56076K, committed 56192K, reserved 1097728K
  class space    used 6460K, capacity 7028K, committed 7040K, reserved 1048576K
}
 [Times: user=0.04 sys=0.00, real=0.01 secs] 
{Heap before GC invocations=515 (full 0):
 garbage-first heap   total 262144K, used 193710K [0x00000000f0000000, 0x00000000f0100800, 0x0000000100000000)
  region size 1024K, 153 young (156672K), 1 survivors (1024K)
 Metaspace       used 52868K, capacity 56076K, committed 56192K, reserved 1097728K
  class space    used 6460K, capacity 7028K, committed 7040K, reserved 1048576K
2023-10-03T06:54:08.958+0800: 556.821: [GC pause (G1 Evacuation Pause) (young), 0.0084378 secs]
   [Parallel Time: 4.3 ms, GC Workers: 10]
      [GC Worker Start (ms): Min: 556821.0, Avg: 556821.2, Max: 556821.5, Diff: 0.5]
      [Ext Root Scanning (ms): Min: 1.3, Avg: 1.5, Max: 1.8, Diff: 0.5, Sum: 15.2]
      [Update RS (ms): Min: 0.7, Avg: 0.9, Max: 1.0, Diff: 0.3, Sum: 8.5]
         [Processed Buffers: Min: 4, Avg: 9.8, Max: 18, Diff: 14, Sum: 98]
      [Scan RS (ms): Min: 0.0, Avg: 0.1, Max: 0.1, Diff: 0.1, Sum: 0.6]
      [Code Root Scanning (ms): Min: 0.0, Avg: 0.0, Max: 0.0, Diff: 0.0, Sum: 0.0]
      [Object Copy (ms): Min: 0.8, Avg: 0.9, Max: 1.0, Diff: 0.2, Sum: 9.0]
      [Termination (ms): Min: 0.0, Avg: 0.0, Max: 0.0, Diff: 0.0, Sum: 0.0]
         [Termination Attempts: Min: 1, Avg: 1.2, Max: 2, Diff: 1, Sum: 12]
      [GC Worker Other (ms): Min: 0.0, Avg: 0.0, Max: 0.1, Diff: 0.1, Sum: 0.5]
      [GC Worker Total (ms): Min: 3.2, Avg: 3.4, Max: 3.6, Diff: 0.5, Sum: 34.0]
      [GC Worker End (ms): Min: 556824.6, Avg: 556824.6, Max: 556824.7, Diff: 0.1]
   [Code Root Fixup: 0.0 ms]
   [Code Root Purge: 0.0 ms]
   [Clear CT: 1.5 ms]
   [Other: 2.7 ms]
      [Choose CSet: 0.0 ms]
      [Ref Proc: 0.9 ms]
      [Ref Enq: 0.0 ms]
      [Redirty Cards: 1.4 ms]
      [Humongous Register: 0.0 ms]
      [Humongous Reclaim: 0.0 ms]
      [Free CSet: 0.1 ms]
   [Eden: 152.0M(152.0M)->0.0B(152.0M) Survivors: 1024.0K->1024.0K Heap: 189.2M(256.0M)->38037.7K(256.0M)]
Heap after GC invocations=516 (full 0):
 garbage-first heap   total 262144K, used 38037K [0x00000000f0000000, 0x00000000f0100800, 0x0000000100000000)
  region size 1024K, 1 young (1024K), 1 survivors (1024K)
 Metaspace       used 52868K, capacity 56076K, committed 56192K, reserved 1097728K
  class space    used 6460K, capacity 7028K, committed 7040K, reserved 1048576K
}
 [Times: user=0.03 sys=0.01, real=0.01 secs] 
{Heap before GC invocations=516 (full 0):
 garbage-first heap   total 262144K, used 193685K [0x00000000f0000000, 0x00000000f0100800, 0x0000000100000000)
  region size 1024K, 153 young (156672K), 1 survivors (1024K)
 Metaspace       used 52887K, capacity 56076K, committed 56192K, reserved 1097728K
  class space    used 6460K, capacity 7028K, committed 7040K, reserved 1048576K
2023-10-03T06:54:09.755+0800: 557.618: [GC pause (G1 Evacuation Pause) (young), 0.0090323 secs]
   [Parallel Time: 4.3 ms, GC Workers: 10]
      [GC Worker Start (ms): Min: 557618.3, Avg: 557618.6, Max: 557618.8, Diff: 0.5]
      [Ext Root Scanning (ms): Min: 1.3, Avg: 1.5, Max: 1.9, Diff: 0.6, Sum: 15.1]
      [Update RS (ms): Min: 0.8, Avg: 0.9, Max: 1.0, Diff: 0.2, Sum: 8.7]
         [Processed Buffers: Min: 4, Avg: 9.8, Max: 19, Diff: 15, Sum: 98]
      [Scan RS (ms): Min: 0.0, Avg: 0.1, Max: 0.1, Diff: 0.1, Sum: 0.6]
      [Code Root Scanning (ms): Min: 0.0, Avg: 0.0, Max: 0.0, Diff: 0.0, Sum: 0.0]
      [Object Copy (ms): Min: 0.8, Avg: 1.0, Max: 1.0, Diff: 0.2, Sum: 9.5]
      [Termination (ms): Min: 0.0, Avg: 0.0, Max: 0.0, Diff: 0.0, Sum: 0.0]
         [Termination Attempts: Min: 1, Avg: 1.1, Max: 2, Diff: 1, Sum: 11]
      [GC Worker Other (ms): Min: 0.0, Avg: 0.0, Max: 0.1, Diff: 0.1, Sum: 0.4]
      [GC Worker Total (ms): Min: 3.2, Avg: 3.4, Max: 3.7, Diff: 0.5, Sum: 34.4]
      [GC Worker End (ms): Min: 557622.0, Avg: 557622.0, Max: 557622.0, Diff: 0.1]
   [Code Root Fixup: 0.0 ms]
   [Code Root Purge: 0.0 ms]
   [Clear CT: 1.8 ms]
   [Other: 2.9 ms]
      [Choose CSet: 0.0 ms]
      [Ref Proc: 1.1 ms]
      [Ref Enq: 0.0 ms]
      [Redirty Cards: 1.4 ms]
      [Humongous Register: 0.0 ms]
      [Humongous Reclaim: 0.0 ms]
      [Free CSet: 0.1 ms]
   [Eden: 152.0M(152.0M)->0.0B(152.0M) Survivors: 1024.0K->1024.0K Heap: 189.1M(256.0M)->38006.0K(256.0M)]
Heap after GC invocations=517 (full 0):
 garbage-first heap   total 262144K, used 38006K [0x00000000f0000000, 0x00000000f0100800, 0x0000000100000000)
  region size 1024K, 1 young (1024K), 1 survivors (1024K)
 Metaspace       used 52887K, capacity 56076K, committed 56192K, reserved 1097728K
  class space    used 6460K, capacity 7028K, committed 7040K, reserved 1048576K
}
 [Times: user=0.04 sys=0.00, real=0.01 secs] 
{Heap before GC invocations=517 (full 0):
 garbage-first heap   total 262144K, used 193654K [0x00000000f0000000, 0x00000000f0100800, 0x0000000100000000)
  region size 1024K, 153 young (156672K), 1 survivors (1024K)
 Metaspace       used 52887K, capacity 56076K, committed 56192K, reserved 1097728K
  class space    used 6460K, capacity 7028K, committed 7040K, reserved 1048576K
2023-10-03T06:54:10.554+0800: 558.417: [GC pause (G1 Evacuation Pause) (young), 0.0090683 secs]
   [Parallel Time: 4.4 ms, GC Workers: 10]
      [GC Worker Start (ms): Min: 558417.0, Avg: 558417.3, Max: 558417.5, Diff: 0.4]
      [Ext Root Scanning (ms): Min: 1.2, Avg: 1.4, Max: 1.8, Diff: 0.6, Sum: 14.3]
      [Update RS (ms): Min: 0.8, Avg: 0.9, Max: 1.0, Diff: 0.1, Sum: 9.1]
         [Processed Buffers: Min: 4, Avg: 9.7, Max: 16, Diff: 12, Sum: 97]
      [Scan RS (ms): Min: 0.0, Avg: 0.1, Max: 0.1, Diff: 0.1, Sum: 0.5]
      [Code Root Scanning (ms): Min: 0.0, Avg: 0.0, Max: 0.0, Diff: 0.0, Sum: 0.0]
      [Object Copy (ms): Min: 0.8, Avg: 1.0, Max: 1.0, Diff: 0.2, Sum: 9.8]
      [Termination (ms): Min: 0.0, Avg: 0.0, Max: 0.0, Diff: 0.0, Sum: 0.0]
         [Termination Attempts: Min: 1, Avg: 1.0, Max: 1, Diff: 0, Sum: 10]
      [GC Worker Other (ms): Min: 0.0, Avg: 0.0, Max: 0.1, Diff: 0.1, Sum: 0.4]
      [GC Worker Total (ms): Min: 3.2, Avg: 3.4, Max: 3.6, Diff: 0.4, Sum: 34.2]
      [GC Worker End (ms): Min: 558420.7, Avg: 558420.7, Max: 558420.8, Diff: 0.1]
   [Code Root Fixup: 0.0 ms]
   [Code Root Purge: 0.0 ms]
   [Clear CT: 1.4 ms]
   [Other: 3.2 ms]
      [Choose CSet: 0.0 ms]
      [Ref Proc: 1.4 ms]
      [Ref Enq: 0.0 ms]
      [Redirty Cards: 1.5 ms]
      [Humongous Register: 0.0 ms]
      [Humongous Reclaim: 0.0 ms]
      [Free CSet: 0.1 ms]
   [Eden: 152.0M(152.0M)->0.0B(151.0M) Survivors: 1024.0K->2048.0K Heap: 189.1M(256.0M)->38238.5K(256.0M)]
Heap after GC invocations=518 (full 0):
 garbage-first heap   total 262144K, used 38238K [0x00000000f0000000, 0x00000000f0100800, 0x0000000100000000)
  region size 1024K, 2 young (2048K), 2 survivors (2048K)
 Metaspace       used 52887K, capacity 56076K, committed 56192K, reserved 1097728K
  class space    used 6460K, capacity 7028K, committed 7040K, reserved 1048576K
}
 [Times: user=0.04 sys=0.00, real=0.01 secs] 
{Heap before GC invocations=518 (full 0):
 garbage-first heap   total 262144K, used 192862K [0x00000000f0000000, 0x00000000f0100800, 0x0000000100000000)
  region size 1024K, 153 young (156672K), 2 survivors (2048K)
 Metaspace       used 52887K, capacity 56076K, committed 56192K, reserved 1097728K
  class space    used 6460K, capacity 7028K, committed 7040K, reserved 1048576K
2023-10-03T06:54:11.302+0800: 559.165: [GC pause (G1 Evacuation Pause) (young), 0.0085904 secs]
   [Parallel Time: 4.3 ms, GC Workers: 10]
      [GC Worker Start (ms): Min: 559165.4, Avg: 559165.6, Max: 559165.8, Diff: 0.5]
      [Ext Root Scanning (ms): Min: 1.3, Avg: 1.4, Max: 1.8, Diff: 0.5, Sum: 14.5]
      [Update RS (ms): Min: 0.8, Avg: 0.9, Max: 0.9, Diff: 0.1, Sum: 8.7]
         [Processed Buffers: Min: 6, Avg: 9.6, Max: 16, Diff: 10, Sum: 96]
      [Scan RS (ms): Min: 0.0, Avg: 0.1, Max: 0.1, Diff: 0.1, Sum: 0.6]
      [Code Root Scanning (ms): Min: 0.0, Avg: 0.0, Max: 0.0, Diff: 0.0, Sum: 0.1]
      [Object Copy (ms): Min: 0.8, Avg: 0.9, Max: 1.0, Diff: 0.2, Sum: 9.4]
      [Termination (ms): Min: 0.0, Avg: 0.0, Max: 0.0, Diff: 0.0, Sum: 0.0]
         [Termination Attempts: Min: 1, Avg: 1.0, Max: 1, Diff: 0, Sum: 10]
      [GC Worker Other (ms): Min: 0.0, Avg: 0.0, Max: 0.1, Diff: 0.1, Sum: 0.5]
      [GC Worker Total (ms): Min: 3.1, Avg: 3.4, Max: 3.6, Diff: 0.5, Sum: 33.8]
      [GC Worker End (ms): Min: 559169.0, Avg: 559169.0, Max: 559169.1, Diff: 0.1]
   [Code Root Fixup: 0.0 ms]
   [Code Root Purge: 0.0 ms]
   [Clear CT: 1.2 ms]
   [Other: 3.0 ms]
      [Choose CSet: 0.0 ms]
      [Ref Proc: 1.5 ms]
      [Ref Enq: 0.0 ms]
      [Redirty Cards: 1.2 ms]
      [Humongous Register: 0.0 ms]
      [Humongous Reclaim: 0.0 ms]
      [Free CSet: 0.1 ms]
   [Eden: 151.0M(151.0M)->0.0B(152.0M) Survivors: 2048.0K->1024.0K Heap: 188.3M(256.0M)->38021.7K(256.0M)]
Heap after GC invocations=519 (full 0):
 garbage-first heap   total 262144K, used 38021K [0x00000000f0000000, 0x00000000f0100800, 0x0000000100000000)
  region size 1024K, 1 young (1024K), 1 survivors (1024K)
 Metaspace       used 52887K, capacity 56076K, committed 56192K, reserved 1097728K
  class space    used 6460K, capacity 7028K, committed 7040K, reserved 1048576K
}
 [Times: user=0.04 sys=0.01, real=0.01 secs] 
{Heap before GC invocations=519 (full 0):
 garbage-first heap   total 262144K, used 193669K [0x00000000f0000000, 0x00000000f0100800, 0x0000000100000000)
  region size 1024K, 153 young (156672K), 1 survivors (1024K)
 Metaspace       used 52887K, capacity 56076K, committed 56192K, reserved 1097728K
  class space    used 6460K, capacity 7028K, committed 7040K, reserved 1048576K
2023-10-03T06:54:12.102+0800: 559.965: [GC pause (G1 Evacuation Pause) (young), 0.0083062 secs]
   [Parallel Time: 4.4 ms, GC Workers: 10]
      [GC Worker Start (ms): Min: 559964.9, Avg: 559965.2, Max: 559965.4, Diff: 0.5]
      [Ext Root Scanning (ms): Min: 1.2, Avg: 1.5, Max: 1.8, Diff: 0.7, Sum: 14.7]
      [Update RS (ms): Min: 0.7, Avg: 0.9, Max: 0.9, Diff: 0.2, Sum: 8.7]
         [Processed Buffers: Min: 2, Avg: 9.5, Max: 18, Diff: 16, Sum: 95]
      [Scan RS (ms): Min: 0.0, Avg: 0.1, Max: 0.1, Diff: 0.1, Sum: 0.6]
      [Code Root Scanning (ms): Min: 0.0, Avg: 0.0, Max: 0.0, Diff: 0.0, Sum: 0.0]
      [Object Copy (ms): Min: 0.8, Avg: 0.9, Max: 1.0, Diff: 0.2, Sum: 9.4]
      [Termination (ms): Min: 0.0, Avg: 0.0, Max: 0.0, Diff: 0.0, Sum: 0.0]
         [Termination Attempts: Min: 1, Avg: 1.0, Max: 1, Diff: 0, Sum: 10]
      [GC Worker Other (ms): Min: 0.0, Avg: 0.0, Max: 0.1, Diff: 0.1, Sum: 0.5]
      [GC Worker Total (ms): Min: 3.1, Avg: 3.4, Max: 3.7, Diff: 0.5, Sum: 34.0]
      [GC Worker End (ms): Min: 559968.5, Avg: 559968.6, Max: 559968.7, Diff: 0.1]
   [Code Root Fixup: 0.0 ms]
   [Code Root Purge: 0.0 ms]
   [Clear CT: 1.4 ms]
   [Other: 2.5 ms]
      [Choose CSet: 0.0 ms]
      [Ref Proc: 1.0 ms]
      [Ref Enq: 0.0 ms]
      [Redirty Cards: 1.1 ms]
      [Humongous Register: 0.0 ms]
      [Humongous Reclaim: 0.0 ms]
      [Free CSet: 0.2 ms]
   [Eden: 152.0M(152.0M)->0.0B(152.0M) Survivors: 1024.0K->1024.0K Heap: 189.1M(256.0M)->38100.4K(256.0M)]
Heap after GC invocations=520 (full 0):
 garbage-first heap   total 262144K, used 38100K [0x00000000f0000000, 0x00000000f0100800, 0x0000000100000000)
  region size 1024K, 1 young (1024K), 1 survivors (1024K)
 Metaspace       used 52887K, capacity 56076K, committed 56192K, reserved 1097728K
  class space    used 6460K, capacity 7028K, committed 7040K, reserved 1048576K
}
 [Times: user=0.04 sys=0.00, real=0.01 secs] 
{Heap before GC invocations=520 (full 0):
 garbage-first heap   total 262144K, used 193748K [0x00000000f0000000, 0x00000000f0100800, 0x0000000100000000)
  region size 1024K, 153 young (156672K), 1 survivors (1024K)
 Metaspace       used 52889K, capacity 56076K, committed 56192K, reserved 1097728K
  class space    used 6460K, capacity 7028K, committed 7040K, reserved 1048576K
2023-10-03T06:54:12.914+0800: 560.777: [GC pause (G1 Evacuation Pause) (young), 0.0084788 secs]
   [Parallel Time: 4.3 ms, GC Workers: 10]
      [GC Worker Start (ms): Min: 560777.4, Avg: 560777.6, Max: 560777.9, Diff: 0.5]
      [Ext Root Scanning (ms): Min: 1.3, Avg: 1.4, Max: 1.8, Diff: 0.5, Sum: 14.3]
      [Update RS (ms): Min: 0.8, Avg: 0.9, Max: 1.0, Diff: 0.2, Sum: 9.2]
         [Processed Buffers: Min: 5, Avg: 9.6, Max: 19, Diff: 14, Sum: 96]
      [Scan RS (ms): Min: 0.0, Avg: 0.1, Max: 0.1, Diff: 0.1, Sum: 0.6]
      [Code Root Scanning (ms): Min: 0.0, Avg: 0.0, Max: 0.0, Diff: 0.0, Sum: 0.0]
      [Object Copy (ms): Min: 0.8, Avg: 0.9, Max: 1.0, Diff: 0.2, Sum: 9.3]
      [Termination (ms): Min: 0.0, Avg: 0.0, Max: 0.0, Diff: 0.0, Sum: 0.1]
         [Termination Attempts: Min: 1, Avg: 1.7, Max: 3, Diff: 2, Sum: 17]
      [GC Worker Other (ms): Min: 0.0, Avg: 0.0, Max: 0.1, Diff: 0.1, Sum: 0.5]
      [GC Worker Total (ms): Min: 3.2, Avg: 3.4, Max: 3.6, Diff: 0.4, Sum: 33.9]
      [GC Worker End (ms): Min: 560781.0, Avg: 560781.0, Max: 560781.1, Diff: 0.1]
   [Code Root Fixup: 0.0 ms]
   [Code Root Purge: 0.0 ms]
   [Clear CT: 1.7 ms]
   [Other: 2.4 ms]
      [Choose CSet: 0.0 ms]
      [Ref Proc: 0.8 ms]
      [Ref Enq: 0.0 ms]
      [Redirty Cards: 1.3 ms]
      [Humongous Register: 0.0 ms]
      [Humongous Reclaim: 0.0 ms]
      [Free CSet: 0.1 ms]
   [Eden: 152.0M(152.0M)->0.0B(152.0M) Survivors: 1024.0K->1024.0K Heap: 189.2M(256.0M)->38095.6K(256.0M)]
Heap after GC invocations=521 (full 0):
 garbage-first heap   total 262144K, used 38095K [0x00000000f0000000, 0x00000000f0100800, 0x0000000100000000)
  region size 1024K, 1 young (1024K), 1 survivors (1024K)
 Metaspace       used 52889K, capacity 56076K, committed 56192K, reserved 1097728K
  class space    used 6460K, capacity 7028K, committed 7040K, reserved 1048576K
}
 [Times: user=0.04 sys=0.00, real=0.01 secs] 
{Heap before GC invocations=521 (full 0):
 garbage-first heap   total 262144K, used 193743K [0x00000000f0000000, 0x00000000f0100800, 0x0000000100000000)
  region size 1024K, 153 young (156672K), 1 survivors (1024K)
 Metaspace       used 52889K, capacity 56076K, committed 56192K, reserved 1097728K
  class space    used 6460K, capacity 7028K, committed 7040K, reserved 1048576K
2023-10-03T06:54:13.718+0800: 561.581: [GC pause (G1 Evacuation Pause) (young), 0.0089015 secs]
   [Parallel Time: 4.4 ms, GC Workers: 10]
      [GC Worker Start (ms): Min: 561581.7, Avg: 561582.0, Max: 561582.2, Diff: 0.5]
      [Ext Root Scanning (ms): Min: 1.2, Avg: 1.5, Max: 1.9, Diff: 0.7, Sum: 14.9]
      [Update RS (ms): Min: 0.7, Avg: 0.9, Max: 1.0, Diff: 0.2, Sum: 8.8]
         [Processed Buffers: Min: 3, Avg: 9.7, Max: 17, Diff: 14, Sum: 97]
      [Scan RS (ms): Min: 0.0, Avg: 0.1, Max: 0.1, Diff: 0.1, Sum: 0.5]
      [Code Root Scanning (ms): Min: 0.0, Avg: 0.0, Max: 0.0, Diff: 0.0, Sum: 0.0]
      [Object Copy (ms): Min: 0.7, Avg: 0.9, Max: 1.0, Diff: 0.2, Sum: 8.8]
      [Termination (ms): Min: 0.0, Avg: 0.0, Max: 0.0, Diff: 0.0, Sum: 0.0]
         [Termination Attempts: Min: 1, Avg: 1.1, Max: 2, Diff: 1, Sum: 11]
      [GC Worker Other (ms): Min: 0.0, Avg: 0.1, Max: 0.2, Diff: 0.2, Sum: 0.7]
      [GC Worker Total (ms): Min: 3.1, Avg: 3.4, Max: 3.6, Diff: 0.5, Sum: 33.8]
      [GC Worker End (ms): Min: 561585.3, Avg: 561585.3, Max: 561585.5, Diff: 0.2]
   [Code Root Fixup: 0.0 ms]
   [Code Root Purge: 0.0 ms]
   [Clear CT: 1.5 ms]
   [Other: 3.0 ms]
      [Choose CSet: 0.0 ms]
      [Ref Proc: 1.3 ms]
      [Ref Enq: 0.0 ms]
      [Redirty Cards: 1.3 ms]
      [Humongous Register: 0.0 ms]
      [Humongous Reclaim: 0.0 ms]
      [Free CSet: 0.1 ms]
   [Eden: 152.0M(152.0M)->0.0B(152.0M) Survivors: 1024.0K->1024.0K Heap: 189.2M(256.0M)->37999.1K(256.0M)]
Heap after GC invocations=522 (full 0):
 garbage-first heap   total 262144K, used 37999K [0x00000000f0000000, 0x00000000f0100800, 0x0000000100000000)
  region size 1024K, 1 young (1024K), 1 survivors (1024K)
 Metaspace       used 52889K, capacity 56076K, committed 56192K, reserved 1097728K
  class space    used 6460K, capacity 7028K, committed 7040K, reserved 1048576K
}
 [Times: user=0.04 sys=0.00, real=0.01 secs] 
{Heap before GC invocations=522 (full 0):
 garbage-first heap   total 262144K, used 193647K [0x00000000f0000000, 0x00000000f0100800, 0x0000000100000000)
  region size 1024K, 153 young (156672K), 1 survivors (1024K)
 Metaspace       used 52889K, capacity 56076K, committed 56192K, reserved 1097728K
  class space    used 6460K, capacity 7028K, committed 7040K, reserved 1048576K
2023-10-03T06:54:14.517+0800: 562.380: [GC pause (G1 Evacuation Pause) (young), 0.0087444 secs]
   [Parallel Time: 4.3 ms, GC Workers: 10]
      [GC Worker Start (ms): Min: 562380.6, Avg: 562380.9, Max: 562381.1, Diff: 0.5]
      [Ext Root Scanning (ms): Min: 1.2, Avg: 1.4, Max: 1.8, Diff: 0.6, Sum: 14.1]
      [Update RS (ms): Min: 0.9, Avg: 0.9, Max: 1.0, Diff: 0.1, Sum: 9.2]
         [Processed Buffers: Min: 6, Avg: 9.7, Max: 15, Diff: 9, Sum: 97]
      [Scan RS (ms): Min: 0.0, Avg: 0.1, Max: 0.1, Diff: 0.1, Sum: 0.6]
      [Code Root Scanning (ms): Min: 0.0, Avg: 0.0, Max: 0.0, Diff: 0.0, Sum: 0.0]
      [Object Copy (ms): Min: 0.8, Avg: 1.0, Max: 1.0, Diff: 0.2, Sum: 9.6]
      [Termination (ms): Min: 0.0, Avg: 0.0, Max: 0.0, Diff: 0.0, Sum: 0.0]
         [Termination Attempts: Min: 1, Avg: 1.3, Max: 2, Diff: 1, Sum: 13]
      [GC Worker Other (ms): Min: 0.0, Avg: 0.0, Max: 0.1, Diff: 0.1, Sum: 0.4]
      [GC Worker Total (ms): Min: 3.2, Avg: 3.4, Max: 3.6, Diff: 0.4, Sum: 33.9]
      [GC Worker End (ms): Min: 562384.3, Avg: 562384.3, Max: 562384.3, Diff: 0.1]
   [Code Root Fixup: 0.0 ms]
   [Code Root Purge: 0.0 ms]
   [Clear CT: 1.4 ms]
   [Other: 3.0 ms]
      [Choose CSet: 0.0 ms]
      [Ref Proc: 1.4 ms]
      [Ref Enq: 0.0 ms]
      [Redirty Cards: 1.3 ms]
      [Humongous Register: 0.0 ms]
      [Humongous Reclaim: 0.0 ms]
      [Free CSet: 0.1 ms]
   [Eden: 152.0M(152.0M)->0.0B(152.0M) Survivors: 1024.0K->1024.0K Heap: 189.1M(256.0M)->37948.3K(256.0M)]
Heap after GC invocations=523 (full 0):
 garbage-first heap   total 262144K, used 37948K [0x00000000f0000000, 0x00000000f0100800, 0x0000000100000000)
  region size 1024K, 1 young (1024K), 1 survivors (1024K)
 Metaspace       used 52889K, capacity 56076K, committed 56192K, reserved 1097728K
  class space    used 6460K, capacity 7028K, committed 7040K, reserved 1048576K
}
 [Times: user=0.03 sys=0.01, real=0.01 secs] 
{Heap before GC invocations=523 (full 0):
 garbage-first heap   total 262144K, used 193596K [0x00000000f0000000, 0x00000000f0100800, 0x0000000100000000)
  region size 1024K, 153 young (156672K), 1 survivors (1024K)
 Metaspace       used 52889K, capacity 56076K, committed 56192K, reserved 1097728K
  class space    used 6460K, capacity 7028K, committed 7040K, reserved 1048576K
2023-10-03T06:54:15.319+0800: 563.182: [GC pause (G1 Evacuation Pause) (young), 0.0083022 secs]
   [Parallel Time: 4.1 ms, GC Workers: 10]
      [GC Worker Start (ms): Min: 563182.5, Avg: 563182.7, Max: 563182.9, Diff: 0.5]
      [Ext Root Scanning (ms): Min: 1.1, Avg: 1.4, Max: 1.7, Diff: 0.6, Sum: 14.3]
      [Update RS (ms): Min: 0.8, Avg: 0.9, Max: 1.0, Diff: 0.2, Sum: 8.7]
         [Processed Buffers: Min: 5, Avg: 9.6, Max: 16, Diff: 11, Sum: 96]
      [Scan RS (ms): Min: 0.0, Avg: 0.1, Max: 0.1, Diff: 0.1, Sum: 0.6]
      [Code Root Scanning (ms): Min: 0.0, Avg: 0.0, Max: 0.0, Diff: 0.0, Sum: 0.0]
      [Object Copy (ms): Min: 0.7, Avg: 0.9, Max: 1.0, Diff: 0.3, Sum: 8.6]
      [Termination (ms): Min: 0.0, Avg: 0.0, Max: 0.0, Diff: 0.0, Sum: 0.0]
         [Termination Attempts: Min: 1, Avg: 1.0, Max: 1, Diff: 0, Sum: 10]
      [GC Worker Other (ms): Min: 0.0, Avg: 0.0, Max: 0.1, Diff: 0.1, Sum: 0.5]
      [GC Worker Total (ms): Min: 3.0, Avg: 3.3, Max: 3.5, Diff: 0.5, Sum: 32.7]
      [GC Worker End (ms): Min: 563185.9, Avg: 563186.0, Max: 563186.0, Diff: 0.1]
   [Code Root Fixup: 0.0 ms]
   [Code Root Purge: 0.0 ms]
   [Clear CT: 1.1 ms]
   [Other: 3.1 ms]
      [Choose CSet: 0.0 ms]
      [Ref Proc: 1.5 ms]
      [Ref Enq: 0.0 ms]
      [Redirty Cards: 1.2 ms]
      [Humongous Register: 0.0 ms]
      [Humongous Reclaim: 0.0 ms]
      [Free CSet: 0.1 ms]
   [Eden: 152.0M(152.0M)->0.0B(152.0M) Survivors: 1024.0K->1024.0K Heap: 189.1M(256.0M)->37915.5K(256.0M)]
Heap after GC invocations=524 (full 0):
 garbage-first heap   total 262144K, used 37915K [0x00000000f0000000, 0x00000000f0100800, 0x0000000100000000)
  region size 1024K, 1 young (1024K), 1 survivors (1024K)
 Metaspace       used 52889K, capacity 56076K, committed 56192K, reserved 1097728K
  class space    used 6460K, capacity 7028K, committed 7040K, reserved 1048576K
}
 [Times: user=0.04 sys=0.00, real=0.01 secs] 
{Heap before GC invocations=524 (full 0):
 garbage-first heap   total 262144K, used 193563K [0x00000000f0000000, 0x00000000f0100800, 0x0000000100000000)
  region size 1024K, 153 young (156672K), 1 survivors (1024K)
 Metaspace       used 52889K, capacity 56076K, committed 56192K, reserved 1097728K
  class space    used 6460K, capacity 7028K, committed 7040K, reserved 1048576K
2023-10-03T06:54:16.112+0800: 563.976: [GC pause (G1 Evacuation Pause) (young), 0.0087847 secs]
   [Parallel Time: 4.3 ms, GC Workers: 10]
      [GC Worker Start (ms): Min: 563975.9, Avg: 563976.1, Max: 563976.4, Diff: 0.5]
      [Ext Root Scanning (ms): Min: 1.3, Avg: 1.5, Max: 1.8, Diff: 0.6, Sum: 14.6]
      [Update RS (ms): Min: 0.7, Avg: 0.8, Max: 0.9, Diff: 0.2, Sum: 8.4]
         [Processed Buffers: Min: 5, Avg: 9.5, Max: 22, Diff: 17, Sum: 95]
      [Scan RS (ms): Min: 0.0, Avg: 0.1, Max: 0.1, Diff: 0.1, Sum: 0.5]
      [Code Root Scanning (ms): Min: 0.0, Avg: 0.0, Max: 0.0, Diff: 0.0, Sum: 0.0]
      [Object Copy (ms): Min: 0.8, Avg: 1.0, Max: 1.0, Diff: 0.2, Sum: 9.7]
      [Termination (ms): Min: 0.0, Avg: 0.0, Max: 0.0, Diff: 0.0, Sum: 0.1]
         [Termination Attempts: Min: 1, Avg: 1.8, Max: 4, Diff: 3, Sum: 18]
      [GC Worker Other (ms): Min: 0.0, Avg: 0.0, Max: 0.1, Diff: 0.1, Sum: 0.5]
      [GC Worker Total (ms): Min: 3.1, Avg: 3.4, Max: 3.6, Diff: 0.5, Sum: 33.8]
      [GC Worker End (ms): Min: 563979.5, Avg: 563979.5, Max: 563979.6, Diff: 0.1]
   [Code Root Fixup: 0.0 ms]
   [Code Root Purge: 0.0 ms]
   [Clear CT: 1.5 ms]
   [Other: 2.9 ms]
      [Choose CSet: 0.0 ms]
      [Ref Proc: 1.1 ms]
      [Ref Enq: 0.0 ms]
      [Redirty Cards: 1.4 ms]
      [Humongous Register: 0.0 ms]
      [Humongous Reclaim: 0.0 ms]
      [Free CSet: 0.1 ms]
   [Eden: 152.0M(152.0M)->0.0B(152.0M) Survivors: 1024.0K->1024.0K Heap: 189.0M(256.0M)->38186.8K(256.0M)]
Heap after GC invocations=525 (full 0):
 garbage-first heap   total 262144K, used 38186K [0x00000000f0000000, 0x00000000f0100800, 0x0000000100000000)
  region size 1024K, 1 young (1024K), 1 survivors (1024K)
 Metaspace       used 52889K, capacity 56076K, committed 56192K, reserved 1097728K
  class space    used 6460K, capacity 7028K, committed 7040K, reserved 1048576K
}
 [Times: user=0.03 sys=0.01, real=0.01 secs] 
{Heap before GC invocations=525 (full 0):
 garbage-first heap   total 262144K, used 193834K [0x00000000f0000000, 0x00000000f0100800, 0x0000000100000000)
  region size 1024K, 153 young (156672K), 1 survivors (1024K)
 Metaspace       used 52889K, capacity 56076K, committed 56192K, reserved 1097728K
  class space    used 6460K, capacity 7028K, committed 7040K, reserved 1048576K
2023-10-03T06:54:16.906+0800: 564.769: [GC pause (G1 Evacuation Pause) (young), 0.0085380 secs]
   [Parallel Time: 4.4 ms, GC Workers: 10]
      [GC Worker Start (ms): Min: 564769.7, Avg: 564769.9, Max: 564770.2, Diff: 0.5]
      [Ext Root Scanning (ms): Min: 1.2, Avg: 1.4, Max: 1.8, Diff: 0.6, Sum: 14.5]
      [Update RS (ms): Min: 0.7, Avg: 0.9, Max: 1.0, Diff: 0.3, Sum: 8.8]
         [Processed Buffers: Min: 2, Avg: 9.7, Max: 17, Diff: 15, Sum: 97]
      [Scan RS (ms): Min: 0.0, Avg: 0.1, Max: 0.1, Diff: 0.1, Sum: 0.6]
      [Code Root Scanning (ms): Min: 0.0, Avg: 0.0, Max: 0.0, Diff: 0.0, Sum: 0.0]
      [Object Copy (ms): Min: 0.8, Avg: 0.9, Max: 1.0, Diff: 0.2, Sum: 9.1]
      [Termination (ms): Min: 0.0, Avg: 0.0, Max: 0.0, Diff: 0.0, Sum: 0.0]
         [Termination Attempts: Min: 1, Avg: 1.0, Max: 1, Diff: 0, Sum: 10]
      [GC Worker Other (ms): Min: 0.0, Avg: 0.1, Max: 0.2, Diff: 0.2, Sum: 0.7]
      [GC Worker Total (ms): Min: 3.1, Avg: 3.4, Max: 3.7, Diff: 0.6, Sum: 33.7]
      [GC Worker End (ms): Min: 564773.2, Avg: 564773.3, Max: 564773.4, Diff: 0.2]
   [Code Root Fixup: 0.0 ms]
   [Code Root Purge: 0.0 ms]
   [Clear CT: 1.0 ms]
   [Other: 3.1 ms]
      [Choose CSet: 0.0 ms]
      [Ref Proc: 1.4 ms]
      [Ref Enq: 0.0 ms]
      [Redirty Cards: 1.3 ms]
      [Humongous Register: 0.0 ms]
      [Humongous Reclaim: 0.0 ms]
      [Free CSet: 0.1 ms]
   [Eden: 152.0M(152.0M)->0.0B(152.0M) Survivors: 1024.0K->1024.0K Heap: 189.3M(256.0M)->37921.4K(256.0M)]
Heap after GC invocations=526 (full 0):
 garbage-first heap   total 262144K, used 37921K [0x00000000f0000000, 0x00000000f0100800, 0x0000000100000000)
  region size 1024K, 1 young (1024K), 1 survivors (1024K)
 Metaspace       used 52889K, capacity 56076K, committed 56192K, reserved 1097728K
  class space    used 6460K, capacity 7028K, committed 7040K, reserved 1048576K
}
 [Times: user=0.04 sys=0.00, real=0.01 secs] 
{Heap before GC invocations=526 (full 0):
 garbage-first heap   total 262144K, used 193569K [0x00000000f0000000, 0x00000000f0100800, 0x0000000100000000)
  region size 1024K, 153 young (156672K), 1 survivors (1024K)
 Metaspace       used 52889K, capacity 56076K, committed 56192K, reserved 1097728K
  class space    used 6460K, capacity 7028K, committed 7040K, reserved 1048576K
2023-10-03T06:54:17.718+0800: 565.582: [GC pause (G1 Evacuation Pause) (young), 0.0088296 secs]
   [Parallel Time: 4.3 ms, GC Workers: 10]
      [GC Worker Start (ms): Min: 565581.9, Avg: 565582.2, Max: 565582.4, Diff: 0.5]
      [Ext Root Scanning (ms): Min: 1.2, Avg: 1.4, Max: 1.8, Diff: 0.6, Sum: 14.3]
      [Update RS (ms): Min: 0.8, Avg: 0.9, Max: 1.0, Diff: 0.2, Sum: 8.8]
         [Processed Buffers: Min: 6, Avg: 9.7, Max: 18, Diff: 12, Sum: 97]
      [Scan RS (ms): Min: 0.0, Avg: 0.1, Max: 0.1, Diff: 0.1, Sum: 0.5]
      [Code Root Scanning (ms): Min: 0.0, Avg: 0.0, Max: 0.0, Diff: 0.0, Sum: 0.1]
      [Object Copy (ms): Min: 0.7, Avg: 0.9, Max: 1.0, Diff: 0.3, Sum: 8.8]
      [Termination (ms): Min: 0.0, Avg: 0.0, Max: 0.0, Diff: 0.0, Sum: 0.1]
         [Termination Attempts: Min: 1, Avg: 1.2, Max: 2, Diff: 1, Sum: 12]
      [GC Worker Other (ms): Min: 0.0, Avg: 0.0, Max: 0.1, Diff: 0.1, Sum: 0.3]
      [GC Worker Total (ms): Min: 3.0, Avg: 3.3, Max: 3.6, Diff: 0.5, Sum: 32.9]
      [GC Worker End (ms): Min: 565585.4, Avg: 565585.5, Max: 565585.5, Diff: 0.1]
   [Code Root Fixup: 0.0 ms]
   [Code Root Purge: 0.0 ms]
   [Clear CT: 1.4 ms]
   [Other: 3.2 ms]
      [Choose CSet: 0.0 ms]
      [Ref Proc: 1.5 ms]
      [Ref Enq: 0.0 ms]
      [Redirty Cards: 1.3 ms]
      [Humongous Register: 0.0 ms]
      [Humongous Reclaim: 0.0 ms]
      [Free CSet: 0.1 ms]
   [Eden: 152.0M(152.0M)->0.0B(152.0M) Survivors: 1024.0K->1024.0K Heap: 189.0M(256.0M)->37914.5K(256.0M)]
Heap after GC invocations=527 (full 0):
 garbage-first heap   total 262144K, used 37914K [0x00000000f0000000, 0x00000000f0100800, 0x0000000100000000)
  region size 1024K, 1 young (1024K), 1 survivors (1024K)
 Metaspace       used 52889K, capacity 56076K, committed 56192K, reserved 1097728K
  class space    used 6460K, capacity 7028K, committed 7040K, reserved 1048576K
}
 [Times: user=0.04 sys=0.00, real=0.01 secs] 
{Heap before GC invocations=527 (full 0):
 garbage-first heap   total 262144K, used 193562K [0x00000000f0000000, 0x00000000f0100800, 0x0000000100000000)
  region size 1024K, 153 young (156672K), 1 survivors (1024K)
 Metaspace       used 52889K, capacity 56076K, committed 56192K, reserved 1097728K
  class space    used 6460K, capacity 7028K, committed 7040K, reserved 1048576K
2023-10-03T06:54:18.524+0800: 566.387: [GC pause (G1 Evacuation Pause) (young), 0.0080271 secs]
   [Parallel Time: 3.7 ms, GC Workers: 10]
      [GC Worker Start (ms): Min: 566387.3, Avg: 566387.6, Max: 566387.8, Diff: 0.5]
      [Ext Root Scanning (ms): Min: 1.2, Avg: 1.4, Max: 1.8, Diff: 0.6, Sum: 14.3]
      [Update RS (ms): Min: 0.8, Avg: 0.9, Max: 0.9, Diff: 0.1, Sum: 9.1]
         [Processed Buffers: Min: 3, Avg: 9.6, Max: 21, Diff: 18, Sum: 96]
      [Scan RS (ms): Min: 0.0, Avg: 0.1, Max: 0.1, Diff: 0.1, Sum: 0.6]
      [Code Root Scanning (ms): Min: 0.0, Avg: 0.0, Max: 0.0, Diff: 0.0, Sum: 0.1]
      [Object Copy (ms): Min: 0.8, Avg: 0.9, Max: 1.0, Diff: 0.2, Sum: 9.2]
      [Termination (ms): Min: 0.0, Avg: 0.0, Max: 0.0, Diff: 0.0, Sum: 0.0]
         [Termination Attempts: Min: 1, Avg: 1.1, Max: 2, Diff: 1, Sum: 11]
      [GC Worker Other (ms): Min: 0.0, Avg: 0.0, Max: 0.0, Diff: 0.0, Sum: 0.3]
      [GC Worker Total (ms): Min: 3.1, Avg: 3.4, Max: 3.6, Diff: 0.5, Sum: 33.5]
      [GC Worker End (ms): Min: 566390.9, Avg: 566390.9, Max: 566391.0, Diff: 0.0]
   [Code Root Fixup: 0.0 ms]
   [Code Root Purge: 0.0 ms]
   [Clear CT: 1.5 ms]
   [Other: 2.8 ms]
      [Choose CSet: 0.0 ms]
      [Ref Proc: 1.1 ms]
      [Ref Enq: 0.0 ms]
      [Redirty Cards: 1.3 ms]
      [Humongous Register: 0.0 ms]
      [Humongous Reclaim: 0.0 ms]
      [Free CSet: 0.1 ms]
   [Eden: 152.0M(152.0M)->0.0B(152.0M) Survivors: 1024.0K->1024.0K Heap: 189.0M(256.0M)->37960.9K(256.0M)]
Heap after GC invocations=528 (full 0):
 garbage-first heap   total 262144K, used 37960K [0x00000000f0000000, 0x00000000f0100800, 0x0000000100000000)
  region size 1024K, 1 young (1024K), 1 survivors (1024K)
 Metaspace       used 52889K, capacity 56076K, committed 56192K, reserved 1097728K
  class space    used 6460K, capacity 7028K, committed 7040K, reserved 1048576K
}
 [Times: user=0.04 sys=0.00, real=0.01 secs] 
{Heap before GC invocations=528 (full 0):
 garbage-first heap   total 262144K, used 193608K [0x00000000f0000000, 0x00000000f0100800, 0x0000000100000000)
  region size 1024K, 153 young (156672K), 1 survivors (1024K)
 Metaspace       used 52889K, capacity 56076K, committed 56192K, reserved 1097728K
  class space    used 6460K, capacity 7028K, committed 7040K, reserved 1048576K
2023-10-03T06:54:19.333+0800: 567.196: [GC pause (G1 Evacuation Pause) (young), 0.0088645 secs]
   [Parallel Time: 4.4 ms, GC Workers: 10]
      [GC Worker Start (ms): Min: 567196.1, Avg: 567196.3, Max: 567196.6, Diff: 0.5]
      [Ext Root Scanning (ms): Min: 1.2, Avg: 1.4, Max: 1.8, Diff: 0.6, Sum: 14.1]
      [Update RS (ms): Min: 0.8, Avg: 0.9, Max: 0.9, Diff: 0.2, Sum: 8.5]
         [Processed Buffers: Min: 4, Avg: 9.8, Max: 18, Diff: 14, Sum: 98]
      [Scan RS (ms): Min: 0.0, Avg: 0.1, Max: 0.1, Diff: 0.1, Sum: 0.7]
      [Code Root Scanning (ms): Min: 0.0, Avg: 0.0, Max: 0.0, Diff: 0.0, Sum: 0.0]
      [Object Copy (ms): Min: 0.8, Avg: 1.0, Max: 1.0, Diff: 0.2, Sum: 9.7]
      [Termination (ms): Min: 0.0, Avg: 0.0, Max: 0.0, Diff: 0.0, Sum: 0.0]
         [Termination Attempts: Min: 1, Avg: 1.1, Max: 2, Diff: 1, Sum: 11]
      [GC Worker Other (ms): Min: 0.0, Avg: 0.0, Max: 0.1, Diff: 0.1, Sum: 0.5]
      [GC Worker Total (ms): Min: 3.1, Avg: 3.4, Max: 3.7, Diff: 0.6, Sum: 33.7]
      [GC Worker End (ms): Min: 567199.7, Avg: 567199.7, Max: 567199.8, Diff: 0.1]
   [Code Root Fixup: 0.0 ms]
   [Code Root Purge: 0.0 ms]
   [Clear CT: 1.1 ms]
   [Other: 3.3 ms]
      [Choose CSet: 0.0 ms]
      [Ref Proc: 1.5 ms]
      [Ref Enq: 0.0 ms]
      [Redirty Cards: 1.4 ms]
      [Humongous Register: 0.0 ms]
      [Humongous Reclaim: 0.0 ms]
      [Free CSet: 0.1 ms]
   [Eden: 152.0M(152.0M)->0.0B(152.0M) Survivors: 1024.0K->1024.0K Heap: 189.1M(256.0M)->37923.2K(256.0M)]
Heap after GC invocations=529 (full 0):
 garbage-first heap   total 262144K, used 37923K [0x00000000f0000000, 0x00000000f0100800, 0x0000000100000000)
  region size 1024K, 1 young (1024K), 1 survivors (1024K)
 Metaspace       used 52889K, capacity 56076K, committed 56192K, reserved 1097728K
  class space    used 6460K, capacity 7028K, committed 7040K, reserved 1048576K
}
 [Times: user=0.04 sys=0.00, real=0.01 secs] 
{Heap before GC invocations=529 (full 0):
 garbage-first heap   total 262144K, used 193571K [0x00000000f0000000, 0x00000000f0100800, 0x0000000100000000)
  region size 1024K, 153 young (156672K), 1 survivors (1024K)
 Metaspace       used 52889K, capacity 56076K, committed 56192K, reserved 1097728K
  class space    used 6460K, capacity 7028K, committed 7040K, reserved 1048576K
2023-10-03T06:54:20.129+0800: 567.992: [GC pause (G1 Evacuation Pause) (young), 0.0082961 secs]
   [Parallel Time: 4.2 ms, GC Workers: 10]
      [GC Worker Start (ms): Min: 567992.6, Avg: 567992.9, Max: 567993.1, Diff: 0.4]
      [Ext Root Scanning (ms): Min: 1.2, Avg: 1.4, Max: 1.7, Diff: 0.6, Sum: 14.1]
      [Update RS (ms): Min: 0.7, Avg: 0.8, Max: 0.9, Diff: 0.2, Sum: 8.3]
         [Processed Buffers: Min: 2, Avg: 9.5, Max: 19, Diff: 17, Sum: 95]
      [Scan RS (ms): Min: 0.0, Avg: 0.1, Max: 0.1, Diff: 0.1, Sum: 0.7]
      [Code Root Scanning (ms): Min: 0.0, Avg: 0.0, Max: 0.0, Diff: 0.0, Sum: 0.0]
      [Object Copy (ms): Min: 0.7, Avg: 0.9, Max: 1.0, Diff: 0.3, Sum: 8.8]
      [Termination (ms): Min: 0.0, Avg: 0.0, Max: 0.0, Diff: 0.0, Sum: 0.0]
         [Termination Attempts: Min: 1, Avg: 1.5, Max: 2, Diff: 1, Sum: 15]
      [GC Worker Other (ms): Min: 0.0, Avg: 0.1, Max: 0.1, Diff: 0.1, Sum: 0.5]
      [GC Worker Total (ms): Min: 3.0, Avg: 3.2, Max: 3.5, Diff: 0.5, Sum: 32.4]
      [GC Worker End (ms): Min: 567996.1, Avg: 567996.1, Max: 567996.2, Diff: 0.1]
   [Code Root Fixup: 0.0 ms]
   [Code Root Purge: 0.0 ms]
   [Clear CT: 1.4 ms]
   [Other: 2.7 ms]
      [Choose CSet: 0.0 ms]
      [Ref Proc: 1.0 ms]
      [Ref Enq: 0.0 ms]
      [Redirty Cards: 1.3 ms]
      [Humongous Register: 0.0 ms]
      [Humongous Reclaim: 0.0 ms]
      [Free CSet: 0.1 ms]
   [Eden: 152.0M(152.0M)->0.0B(152.0M) Survivors: 1024.0K->1024.0K Heap: 189.0M(256.0M)->37918.7K(256.0M)]
Heap after GC invocations=530 (full 0):
 garbage-first heap   total 262144K, used 37918K [0x00000000f0000000, 0x00000000f0100800, 0x0000000100000000)
  region size 1024K, 1 young (1024K), 1 survivors (1024K)
 Metaspace       used 52889K, capacity 56076K, committed 56192K, reserved 1097728K
  class space    used 6460K, capacity 7028K, committed 7040K, reserved 1048576K
}
 [Times: user=0.03 sys=0.00, real=0.01 secs] 
{Heap before GC invocations=530 (full 0):
 garbage-first heap   total 262144K, used 193566K [0x00000000f0000000, 0x00000000f0100800, 0x0000000100000000)
  region size 1024K, 153 young (156672K), 1 survivors (1024K)
 Metaspace       used 52889K, capacity 56076K, committed 56192K, reserved 1097728K
  class space    used 6460K, capacity 7028K, committed 7040K, reserved 1048576K
2023-10-03T06:54:20.911+0800: 568.774: [GC pause (G1 Evacuation Pause) (young), 0.0087080 secs]
   [Parallel Time: 4.5 ms, GC Workers: 10]
      [GC Worker Start (ms): Min: 568774.2, Avg: 568774.5, Max: 568774.8, Diff: 0.5]
      [Ext Root Scanning (ms): Min: 1.2, Avg: 1.5, Max: 1.9, Diff: 0.6, Sum: 14.9]
      [Update RS (ms): Min: 0.7, Avg: 0.9, Max: 1.0, Diff: 0.3, Sum: 8.9]
         [Processed Buffers: Min: 6, Avg: 9.7, Max: 13, Diff: 7, Sum: 97]
      [Scan RS (ms): Min: 0.0, Avg: 0.1, Max: 0.1, Diff: 0.1, Sum: 0.6]
      [Code Root Scanning (ms): Min: 0.0, Avg: 0.0, Max: 0.0, Diff: 0.0, Sum: 0.0]
      [Object Copy (ms): Min: 0.8, Avg: 1.0, Max: 1.1, Diff: 0.3, Sum: 9.5]
      [Termination (ms): Min: 0.0, Avg: 0.0, Max: 0.0, Diff: 0.0, Sum: 0.0]
         [Termination Attempts: Min: 1, Avg: 1.0, Max: 1, Diff: 0, Sum: 10]
      [GC Worker Other (ms): Min: 0.0, Avg: 0.1, Max: 0.2, Diff: 0.1, Sum: 0.6]
      [GC Worker Total (ms): Min: 3.2, Avg: 3.5, Max: 3.7, Diff: 0.6, Sum: 34.5]
      [GC Worker End (ms): Min: 568777.9, Avg: 568778.0, Max: 568778.1, Diff: 0.1]
   [Code Root Fixup: 0.0 ms]
   [Code Root Purge: 0.0 ms]
   [Clear CT: 1.5 ms]
   [Other: 2.8 ms]
      [Choose CSet: 0.0 ms]
      [Ref Proc: 1.0 ms]
      [Ref Enq: 0.0 ms]
      [Redirty Cards: 1.5 ms]
      [Humongous Register: 0.0 ms]
      [Humongous Reclaim: 0.0 ms]
      [Free CSet: 0.1 ms]
   [Eden: 152.0M(152.0M)->0.0B(152.0M) Survivors: 1024.0K->1024.0K Heap: 189.0M(256.0M)->38220.6K(256.0M)]
Heap after GC invocations=531 (full 0):
 garbage-first heap   total 262144K, used 38220K [0x00000000f0000000, 0x00000000f0100800, 0x0000000100000000)
  region size 1024K, 1 young (1024K), 1 survivors (1024K)
 Metaspace       used 52889K, capacity 56076K, committed 56192K, reserved 1097728K
  class space    used 6460K, capacity 7028K, committed 7040K, reserved 1048576K
}
 [Times: user=0.04 sys=0.00, real=0.01 secs] 
{Heap before GC invocations=531 (full 0):
 garbage-first heap   total 262144K, used 193868K [0x00000000f0000000, 0x00000000f0100800, 0x0000000100000000)
  region size 1024K, 153 young (156672K), 1 survivors (1024K)
 Metaspace       used 52889K, capacity 56076K, committed 56192K, reserved 1097728K
  class space    used 6460K, capacity 7028K, committed 7040K, reserved 1048576K
2023-10-03T06:54:21.712+0800: 569.575: [GC pause (G1 Evacuation Pause) (young), 0.0084165 secs]
   [Parallel Time: 4.3 ms, GC Workers: 10]
      [GC Worker Start (ms): Min: 569575.1, Avg: 569575.3, Max: 569575.5, Diff: 0.4]
      [Ext Root Scanning (ms): Min: 1.2, Avg: 1.5, Max: 1.8, Diff: 0.6, Sum: 14.7]
      [Update RS (ms): Min: 0.8, Avg: 0.9, Max: 1.0, Diff: 0.2, Sum: 8.7]
         [Processed Buffers: Min: 5, Avg: 9.7, Max: 21, Diff: 16, Sum: 97]
      [Scan RS (ms): Min: 0.0, Avg: 0.1, Max: 0.1, Diff: 0.1, Sum: 0.6]
      [Code Root Scanning (ms): Min: 0.0, Avg: 0.0, Max: 0.0, Diff: 0.0, Sum: 0.0]
      [Object Copy (ms): Min: 0.8, Avg: 0.9, Max: 1.0, Diff: 0.2, Sum: 9.1]
      [Termination (ms): Min: 0.0, Avg: 0.0, Max: 0.0, Diff: 0.0, Sum: 0.0]
         [Termination Attempts: Min: 1, Avg: 1.0, Max: 1, Diff: 0, Sum: 10]
      [GC Worker Other (ms): Min: 0.0, Avg: 0.0, Max: 0.1, Diff: 0.1, Sum: 0.5]
      [GC Worker Total (ms): Min: 3.2, Avg: 3.4, Max: 3.6, Diff: 0.4, Sum: 33.7]
      [GC Worker End (ms): Min: 569578.6, Avg: 569578.7, Max: 569578.7, Diff: 0.1]
   [Code Root Fixup: 0.0 ms]
   [Code Root Purge: 0.0 ms]
   [Clear CT: 1.3 ms]
   [Other: 2.8 ms]
      [Choose CSet: 0.0 ms]
      [Ref Proc: 1.3 ms]
      [Ref Enq: 0.0 ms]
      [Redirty Cards: 1.2 ms]
      [Humongous Register: 0.0 ms]
      [Humongous Reclaim: 0.0 ms]
      [Free CSet: 0.1 ms]
   [Eden: 152.0M(152.0M)->0.0B(152.0M) Survivors: 1024.0K->1024.0K Heap: 189.3M(256.0M)->37926.0K(256.0M)]
Heap after GC invocations=532 (full 0):
 garbage-first heap   total 262144K, used 37925K [0x00000000f0000000, 0x00000000f0100800, 0x0000000100000000)
  region size 1024K, 1 young (1024K), 1 survivors (1024K)
 Metaspace       used 52889K, capacity 56076K, committed 56192K, reserved 1097728K
  class space    used 6460K, capacity 7028K, committed 7040K, reserved 1048576K
}
 [Times: user=0.04 sys=0.00, real=0.01 secs] 
{Heap before GC invocations=532 (full 0):
 garbage-first heap   total 262144K, used 193573K [0x00000000f0000000, 0x00000000f0100800, 0x0000000100000000)
  region size 1024K, 153 young (156672K), 1 survivors (1024K)
 Metaspace       used 52889K, capacity 56076K, committed 56192K, reserved 1097728K
  class space    used 6460K, capacity 7028K, committed 7040K, reserved 1048576K
2023-10-03T06:54:22.515+0800: 570.378: [GC pause (G1 Evacuation Pause) (young), 0.0086594 secs]
   [Parallel Time: 4.3 ms, GC Workers: 10]
      [GC Worker Start (ms): Min: 570378.4, Avg: 570378.6, Max: 570378.8, Diff: 0.4]
      [Ext Root Scanning (ms): Min: 1.3, Avg: 1.4, Max: 1.7, Diff: 0.5, Sum: 14.1]
      [Update RS (ms): Min: 0.8, Avg: 0.9, Max: 0.9, Diff: 0.1, Sum: 8.9]
         [Processed Buffers: Min: 5, Avg: 9.7, Max: 15, Diff: 10, Sum: 97]
      [Scan RS (ms): Min: 0.0, Avg: 0.1, Max: 0.1, Diff: 0.1, Sum: 0.6]
      [Code Root Scanning (ms): Min: 0.0, Avg: 0.0, Max: 0.0, Diff: 0.0, Sum: 0.0]
      [Object Copy (ms): Min: 0.7, Avg: 0.9, Max: 1.0, Diff: 0.3, Sum: 8.8]
      [Termination (ms): Min: 0.0, Avg: 0.0, Max: 0.0, Diff: 0.0, Sum: 0.0]
         [Termination Attempts: Min: 1, Avg: 1.0, Max: 1, Diff: 0, Sum: 10]
      [GC Worker Other (ms): Min: 0.0, Avg: 0.1, Max: 0.1, Diff: 0.1, Sum: 0.5]
      [GC Worker Total (ms): Min: 3.1, Avg: 3.3, Max: 3.5, Diff: 0.4, Sum: 32.8]
      [GC Worker End (ms): Min: 570381.9, Avg: 570381.9, Max: 570382.0, Diff: 0.1]
   [Code Root Fixup: 0.0 ms]
   [Code Root Purge: 0.0 ms]
   [Clear CT: 1.6 ms]
   [Other: 2.8 ms]
      [Choose CSet: 0.0 ms]
      [Ref Proc: 1.2 ms]
      [Ref Enq: 0.0 ms]
      [Redirty Cards: 1.2 ms]
      [Humongous Register: 0.0 ms]
      [Humongous Reclaim: 0.0 ms]
      [Free CSet: 0.1 ms]
   [Eden: 152.0M(152.0M)->0.0B(152.0M) Survivors: 1024.0K->1024.0K Heap: 189.0M(256.0M)->37901.9K(256.0M)]
Heap after GC invocations=533 (full 0):
 garbage-first heap   total 262144K, used 37901K [0x00000000f0000000, 0x00000000f0100800, 0x0000000100000000)
  region size 1024K, 1 young (1024K), 1 survivors (1024K)
 Metaspace       used 52889K, capacity 56076K, committed 56192K, reserved 1097728K
  class space    used 6460K, capacity 7028K, committed 7040K, reserved 1048576K
}
 [Times: user=0.04 sys=0.00, real=0.01 secs] 
{Heap before GC invocations=533 (full 0):
 garbage-first heap   total 262144K, used 193549K [0x00000000f0000000, 0x00000000f0100800, 0x0000000100000000)
  region size 1024K, 153 young (156672K), 1 survivors (1024K)
 Metaspace       used 52889K, capacity 56076K, committed 56192K, reserved 1097728K
  class space    used 6460K, capacity 7028K, committed 7040K, reserved 1048576K
2023-10-03T06:54:23.317+0800: 571.181: [GC pause (G1 Evacuation Pause) (young), 0.0084962 secs]
   [Parallel Time: 4.2 ms, GC Workers: 10]
      [GC Worker Start (ms): Min: 571180.8, Avg: 571181.1, Max: 571181.3, Diff: 0.5]
      [Ext Root Scanning (ms): Min: 1.3, Avg: 1.4, Max: 1.8, Diff: 0.5, Sum: 14.1]
      [Update RS (ms): Min: 0.8, Avg: 0.9, Max: 1.0, Diff: 0.2, Sum: 9.2]
         [Processed Buffers: Min: 3, Avg: 9.7, Max: 17, Diff: 14, Sum: 97]
      [Scan RS (ms): Min: 0.0, Avg: 0.1, Max: 0.1, Diff: 0.1, Sum: 0.6]
      [Code Root Scanning (ms): Min: 0.0, Avg: 0.0, Max: 0.0, Diff: 0.0, Sum: 0.0]
      [Object Copy (ms): Min: 0.8, Avg: 0.9, Max: 1.0, Diff: 0.2, Sum: 9.4]
      [Termination (ms): Min: 0.0, Avg: 0.0, Max: 0.0, Diff: 0.0, Sum: 0.1]
         [Termination Attempts: Min: 1, Avg: 1.9, Max: 3, Diff: 2, Sum: 19]
      [GC Worker Other (ms): Min: 0.0, Avg: 0.0, Max: 0.1, Diff: 0.1, Sum: 0.3]
      [GC Worker Total (ms): Min: 3.2, Avg: 3.4, Max: 3.6, Diff: 0.5, Sum: 33.7]
      [GC Worker End (ms): Min: 571184.4, Avg: 571184.4, Max: 571184.5, Diff: 0.1]
   [Code Root Fixup: 0.0 ms]
   [Code Root Purge: 0.0 ms]
   [Clear CT: 1.6 ms]
   [Other: 2.7 ms]
      [Choose CSet: 0.0 ms]
      [Ref Proc: 0.9 ms]
      [Ref Enq: 0.0 ms]
      [Redirty Cards: 1.3 ms]
      [Humongous Register: 0.0 ms]
      [Humongous Reclaim: 0.0 ms]
      [Free CSet: 0.1 ms]
   [Eden: 152.0M(152.0M)->0.0B(152.0M) Survivors: 1024.0K->1024.0K Heap: 189.0M(256.0M)->38102.6K(256.0M)]
Heap after GC invocations=534 (full 0):
 garbage-first heap   total 262144K, used 38102K [0x00000000f0000000, 0x00000000f0100800, 0x0000000100000000)
  region size 1024K, 1 young (1024K), 1 survivors (1024K)
 Metaspace       used 52889K, capacity 56076K, committed 56192K, reserved 1097728K
  class space    used 6460K, capacity 7028K, committed 7040K, reserved 1048576K
}
 [Times: user=0.04 sys=0.00, real=0.01 secs] 
{Heap before GC invocations=534 (full 0):
 garbage-first heap   total 262144K, used 193750K [0x00000000f0000000, 0x00000000f0100800, 0x0000000100000000)
  region size 1024K, 153 young (156672K), 1 survivors (1024K)
 Metaspace       used 52889K, capacity 56076K, committed 56192K, reserved 1097728K
  class space    used 6460K, capacity 7028K, committed 7040K, reserved 1048576K
2023-10-03T06:54:24.112+0800: 571.975: [GC pause (G1 Evacuation Pause) (young), 0.0084368 secs]
   [Parallel Time: 4.4 ms, GC Workers: 10]
      [GC Worker Start (ms): Min: 571975.0, Avg: 571975.3, Max: 571975.5, Diff: 0.4]
      [Ext Root Scanning (ms): Min: 1.2, Avg: 1.5, Max: 1.8, Diff: 0.6, Sum: 14.8]
      [Update RS (ms): Min: 0.8, Avg: 0.9, Max: 0.9, Diff: 0.2, Sum: 8.5]
         [Processed Buffers: Min: 5, Avg: 9.8, Max: 15, Diff: 10, Sum: 98]
      [Scan RS (ms): Min: 0.0, Avg: 0.1, Max: 0.1, Diff: 0.1, Sum: 0.8]
      [Code Root Scanning (ms): Min: 0.0, Avg: 0.0, Max: 0.0, Diff: 0.0, Sum: 0.0]
      [Object Copy (ms): Min: 0.8, Avg: 0.9, Max: 1.0, Diff: 0.2, Sum: 9.3]
      [Termination (ms): Min: 0.0, Avg: 0.0, Max: 0.0, Diff: 0.0, Sum: 0.0]
         [Termination Attempts: Min: 1, Avg: 1.0, Max: 1, Diff: 0, Sum: 10]
      [GC Worker Other (ms): Min: 0.0, Avg: 0.0, Max: 0.1, Diff: 0.1, Sum: 0.5]
      [GC Worker Total (ms): Min: 3.2, Avg: 3.4, Max: 3.6, Diff: 0.4, Sum: 34.0]
      [GC Worker End (ms): Min: 571978.6, Avg: 571978.7, Max: 571978.7, Diff: 0.1]
   [Code Root Fixup: 0.0 ms]
   [Code Root Purge: 0.0 ms]
   [Clear CT: 1.2 ms]
   [Other: 2.9 ms]
      [Choose CSet: 0.0 ms]
      [Ref Proc: 1.4 ms]
      [Ref Enq: 0.0 ms]
      [Redirty Cards: 1.1 ms]
      [Humongous Register: 0.0 ms]
      [Humongous Reclaim: 0.0 ms]
      [Free CSet: 0.1 ms]
   [Eden: 152.0M(152.0M)->0.0B(152.0M) Survivors: 1024.0K->1024.0K Heap: 189.2M(256.0M)->38142.2K(256.0M)]
Heap after GC invocations=535 (full 0):
 garbage-first heap   total 262144K, used 38142K [0x00000000f0000000, 0x00000000f0100800, 0x0000000100000000)
  region size 1024K, 1 young (1024K), 1 survivors (1024K)
 Metaspace       used 52889K, capacity 56076K, committed 56192K, reserved 1097728K
  class space    used 6460K, capacity 7028K, committed 7040K, reserved 1048576K
}
 [Times: user=0.04 sys=0.00, real=0.01 secs] 
{Heap before GC invocations=535 (full 0):
 garbage-first heap   total 262144K, used 193790K [0x00000000f0000000, 0x00000000f0100800, 0x0000000100000000)
  region size 1024K, 153 young (156672K), 1 survivors (1024K)
 Metaspace       used 52889K, capacity 56076K, committed 56192K, reserved 1097728K
  class space    used 6460K, capacity 7028K, committed 7040K, reserved 1048576K
2023-10-03T06:54:24.919+0800: 572.782: [GC pause (G1 Evacuation Pause) (young), 0.0092481 secs]
   [Parallel Time: 4.6 ms, GC Workers: 10]
      [GC Worker Start (ms): Min: 572782.6, Avg: 572782.8, Max: 572783.0, Diff: 0.4]
      [Ext Root Scanning (ms): Min: 1.4, Avg: 1.5, Max: 1.9, Diff: 0.5, Sum: 15.1]
      [Update RS (ms): Min: 0.7, Avg: 0.9, Max: 0.9, Diff: 0.2, Sum: 8.6]
         [Processed Buffers: Min: 5, Avg: 9.6, Max: 16, Diff: 11, Sum: 96]
      [Scan RS (ms): Min: 0.0, Avg: 0.1, Max: 0.1, Diff: 0.1, Sum: 0.6]
      [Code Root Scanning (ms): Min: 0.0, Avg: 0.0, Max: 0.0, Diff: 0.0, Sum: 0.0]
      [Object Copy (ms): Min: 0.8, Avg: 1.0, Max: 1.1, Diff: 0.3, Sum: 9.9]
      [Termination (ms): Min: 0.0, Avg: 0.0, Max: 0.0, Diff: 0.0, Sum: 0.1]
         [Termination Attempts: Min: 1, Avg: 1.2, Max: 2, Diff: 1, Sum: 12]
      [GC Worker Other (ms): Min: 0.0, Avg: 0.1, Max: 0.2, Diff: 0.1, Sum: 0.5]
      [GC Worker Total (ms): Min: 3.3, Avg: 3.5, Max: 3.7, Diff: 0.4, Sum: 34.8]
      [GC Worker End (ms): Min: 572786.3, Avg: 572786.3, Max: 572786.4, Diff: 0.1]
   [Code Root Fixup: 0.0 ms]
   [Code Root Purge: 0.0 ms]
   [Clear CT: 1.6 ms]
   [Other: 3.1 ms]
      [Choose CSet: 0.0 ms]
      [Ref Proc: 1.3 ms]
      [Ref Enq: 0.0 ms]
      [Redirty Cards: 1.5 ms]
      [Humongous Register: 0.0 ms]
      [Humongous Reclaim: 0.0 ms]
      [Free CSet: 0.1 ms]
   [Eden: 152.0M(152.0M)->0.0B(152.0M) Survivors: 1024.0K->1024.0K Heap: 189.2M(256.0M)->38126.1K(256.0M)]
Heap after GC invocations=536 (full 0):
 garbage-first heap   total 262144K, used 38126K [0x00000000f0000000, 0x00000000f0100800, 0x0000000100000000)
  region size 1024K, 1 young (1024K), 1 survivors (1024K)
 Metaspace       used 52889K, capacity 56076K, committed 56192K, reserved 1097728K
  class space    used 6460K, capacity 7028K, committed 7040K, reserved 1048576K
}
 [Times: user=0.04 sys=0.01, real=0.01 secs] 
{Heap before GC invocations=536 (full 0):
 garbage-first heap   total 262144K, used 193774K [0x00000000f0000000, 0x00000000f0100800, 0x0000000100000000)
  region size 1024K, 153 young (156672K), 1 survivors (1024K)
 Metaspace       used 52889K, capacity 56076K, committed 56192K, reserved 1097728K
  class space    used 6460K, capacity 7028K, committed 7040K, reserved 1048576K
2023-10-03T06:54:25.730+0800: 573.593: [GC pause (G1 Evacuation Pause) (young), 0.0084881 secs]
   [Parallel Time: 4.3 ms, GC Workers: 10]
      [GC Worker Start (ms): Min: 573593.3, Avg: 573593.6, Max: 573593.8, Diff: 0.5]
      [Ext Root Scanning (ms): Min: 1.2, Avg: 1.4, Max: 1.8, Diff: 0.6, Sum: 14.1]
      [Update RS (ms): Min: 0.8, Avg: 0.9, Max: 0.9, Diff: 0.2, Sum: 8.8]
         [Processed Buffers: Min: 5, Avg: 9.7, Max: 15, Diff: 10, Sum: 97]
      [Scan RS (ms): Min: 0.0, Avg: 0.1, Max: 0.1, Diff: 0.0, Sum: 0.5]
      [Code Root Scanning (ms): Min: 0.0, Avg: 0.0, Max: 0.0, Diff: 0.0, Sum: 0.0]
      [Object Copy (ms): Min: 0.8, Avg: 0.9, Max: 1.0, Diff: 0.2, Sum: 9.5]
      [Termination (ms): Min: 0.0, Avg: 0.0, Max: 0.0, Diff: 0.0, Sum: 0.0]
         [Termination Attempts: Min: 1, Avg: 1.1, Max: 2, Diff: 1, Sum: 11]
      [GC Worker Other (ms): Min: 0.0, Avg: 0.1, Max: 0.2, Diff: 0.1, Sum: 0.5]
      [GC Worker Total (ms): Min: 3.1, Avg: 3.3, Max: 3.6, Diff: 0.5, Sum: 33.4]
      [GC Worker End (ms): Min: 573596.9, Avg: 573597.0, Max: 573597.1, Diff: 0.1]
   [Code Root Fixup: 0.0 ms]
   [Code Root Purge: 0.0 ms]
   [Clear CT: 1.5 ms]
   [Other: 2.6 ms]
      [Choose CSet: 0.0 ms]
      [Ref Proc: 0.9 ms]
      [Ref Enq: 0.0 ms]
      [Redirty Cards: 1.4 ms]
      [Humongous Register: 0.0 ms]
      [Humongous Reclaim: 0.0 ms]
      [Free CSet: 0.1 ms]
   [Eden: 152.0M(152.0M)->0.0B(152.0M) Survivors: 1024.0K->1024.0K Heap: 189.2M(256.0M)->37945.4K(256.0M)]
Heap after GC invocations=537 (full 0):
 garbage-first heap   total 262144K, used 37945K [0x00000000f0000000, 0x00000000f0100800, 0x0000000100000000)
  region size 1024K, 1 young (1024K), 1 survivors (1024K)
 Metaspace       used 52889K, capacity 56076K, committed 56192K, reserved 1097728K
  class space    used 6460K, capacity 7028K, committed 7040K, reserved 1048576K
}
 [Times: user=0.04 sys=0.01, real=0.00 secs] 
{Heap before GC invocations=537 (full 0):
 garbage-first heap   total 262144K, used 193593K [0x00000000f0000000, 0x00000000f0100800, 0x0000000100000000)
  region size 1024K, 153 young (156672K), 1 survivors (1024K)
 Metaspace       used 52889K, capacity 56076K, committed 56192K, reserved 1097728K
  class space    used 6460K, capacity 7028K, committed 7040K, reserved 1048576K
2023-10-03T06:54:26.536+0800: 574.399: [GC pause (G1 Evacuation Pause) (young), 0.0081527 secs]
   [Parallel Time: 4.3 ms, GC Workers: 10]
      [GC Worker Start (ms): Min: 574399.0, Avg: 574399.3, Max: 574399.6, Diff: 0.6]
      [Ext Root Scanning (ms): Min: 1.3, Avg: 1.5, Max: 1.9, Diff: 0.6, Sum: 15.0]
      [Update RS (ms): Min: 0.8, Avg: 0.9, Max: 0.9, Diff: 0.1, Sum: 8.6]
         [Processed Buffers: Min: 5, Avg: 9.7, Max: 19, Diff: 14, Sum: 97]
      [Scan RS (ms): Min: 0.0, Avg: 0.1, Max: 0.1, Diff: 0.1, Sum: 0.6]
      [Code Root Scanning (ms): Min: 0.0, Avg: 0.0, Max: 0.0, Diff: 0.0, Sum: 0.0]
      [Object Copy (ms): Min: 0.8, Avg: 1.0, Max: 1.0, Diff: 0.2, Sum: 9.7]
      [Termination (ms): Min: 0.0, Avg: 0.0, Max: 0.0, Diff: 0.0, Sum: 0.0]
         [Termination Attempts: Min: 1, Avg: 1.0, Max: 1, Diff: 0, Sum: 10]
      [GC Worker Other (ms): Min: 0.0, Avg: 0.0, Max: 0.1, Diff: 0.1, Sum: 0.4]
      [GC Worker Total (ms): Min: 3.2, Avg: 3.4, Max: 3.7, Diff: 0.5, Sum: 34.2]
      [GC Worker End (ms): Min: 574402.7, Avg: 574402.7, Max: 574402.8, Diff: 0.1]
   [Code Root Fixup: 0.0 ms]
   [Code Root Purge: 0.0 ms]
   [Clear CT: 1.1 ms]
   [Other: 2.7 ms]
      [Choose CSet: 0.0 ms]
      [Ref Proc: 1.2 ms]
      [Ref Enq: 0.0 ms]
      [Redirty Cards: 1.1 ms]
      [Humongous Register: 0.0 ms]
      [Humongous Reclaim: 0.0 ms]
      [Free CSet: 0.1 ms]
   [Eden: 152.0M(152.0M)->0.0B(152.0M) Survivors: 1024.0K->1024.0K Heap: 189.1M(256.0M)->38014.7K(256.0M)]
Heap after GC invocations=538 (full 0):
 garbage-first heap   total 262144K, used 38014K [0x00000000f0000000, 0x00000000f0100800, 0x0000000100000000)
  region size 1024K, 1 young (1024K), 1 survivors (1024K)
 Metaspace       used 52889K, capacity 56076K, committed 56192K, reserved 1097728K
  class space    used 6460K, capacity 7028K, committed 7040K, reserved 1048576K
}
 [Times: user=0.03 sys=0.01, real=0.01 secs] 
{Heap before GC invocations=538 (full 0):
 garbage-first heap   total 262144K, used 193662K [0x00000000f0000000, 0x00000000f0100800, 0x0000000100000000)
  region size 1024K, 153 young (156672K), 1 survivors (1024K)
 Metaspace       used 52889K, capacity 56076K, committed 56192K, reserved 1097728K
  class space    used 6460K, capacity 7028K, committed 7040K, reserved 1048576K
2023-10-03T06:54:27.342+0800: 575.206: [GC pause (G1 Evacuation Pause) (young), 0.0083773 secs]
   [Parallel Time: 4.4 ms, GC Workers: 10]
      [GC Worker Start (ms): Min: 575205.9, Avg: 575206.1, Max: 575206.3, Diff: 0.4]
      [Ext Root Scanning (ms): Min: 1.3, Avg: 1.5, Max: 1.8, Diff: 0.5, Sum: 15.1]
      [Update RS (ms): Min: 0.7, Avg: 0.9, Max: 0.9, Diff: 0.2, Sum: 8.5]
         [Processed Buffers: Min: 5, Avg: 9.7, Max: 15, Diff: 10, Sum: 97]
      [Scan RS (ms): Min: 0.0, Avg: 0.1, Max: 0.1, Diff: 0.1, Sum: 0.6]
      [Code Root Scanning (ms): Min: 0.0, Avg: 0.0, Max: 0.0, Diff: 0.0, Sum: 0.0]
      [Object Copy (ms): Min: 0.8, Avg: 1.0, Max: 1.0, Diff: 0.2, Sum: 9.7]
      [Termination (ms): Min: 0.0, Avg: 0.0, Max: 0.0, Diff: 0.0, Sum: 0.0]
         [Termination Attempts: Min: 1, Avg: 1.2, Max: 2, Diff: 1, Sum: 12]
      [GC Worker Other (ms): Min: 0.0, Avg: 0.1, Max: 0.1, Diff: 0.1, Sum: 0.6]
      [GC Worker Total (ms): Min: 3.3, Avg: 3.5, Max: 3.6, Diff: 0.4, Sum: 34.6]
      [GC Worker End (ms): Min: 575209.5, Avg: 575209.6, Max: 575209.6, Diff: 0.1]
   [Code Root Fixup: 0.0 ms]
   [Code Root Purge: 0.0 ms]
   [Clear CT: 1.3 ms]
   [Other: 2.7 ms]
      [Choose CSet: 0.0 ms]
      [Ref Proc: 1.0 ms]
      [Ref Enq: 0.0 ms]
      [Redirty Cards: 1.4 ms]
      [Humongous Register: 0.0 ms]
      [Humongous Reclaim: 0.0 ms]
      [Free CSet: 0.1 ms]
   [Eden: 152.0M(152.0M)->0.0B(152.0M) Survivors: 1024.0K->1024.0K Heap: 189.1M(256.0M)->38116.3K(256.0M)]
Heap after GC invocations=539 (full 0):
 garbage-first heap   total 262144K, used 38116K [0x00000000f0000000, 0x00000000f0100800, 0x0000000100000000)
  region size 1024K, 1 young (1024K), 1 survivors (1024K)
 Metaspace       used 52889K, capacity 56076K, committed 56192K, reserved 1097728K
  class space    used 6460K, capacity 7028K, committed 7040K, reserved 1048576K
}
 [Times: user=0.04 sys=0.00, real=0.01 secs] 
{Heap before GC invocations=539 (full 0):
 garbage-first heap   total 262144K, used 193764K [0x00000000f0000000, 0x00000000f0100800, 0x0000000100000000)
  region size 1024K, 153 young (156672K), 1 survivors (1024K)
 Metaspace       used 52897K, capacity 56076K, committed 56192K, reserved 1097728K
  class space    used 6460K, capacity 7028K, committed 7040K, reserved 1048576K
2023-10-03T06:54:28.132+0800: 575.995: [GC pause (G1 Evacuation Pause) (young), 0.0084255 secs]
   [Parallel Time: 4.1 ms, GC Workers: 10]
      [GC Worker Start (ms): Min: 575995.7, Avg: 575995.9, Max: 575996.1, Diff: 0.4]
      [Ext Root Scanning (ms): Min: 1.3, Avg: 1.5, Max: 1.8, Diff: 0.5, Sum: 14.7]
      [Update RS (ms): Min: 0.8, Avg: 0.8, Max: 0.9, Diff: 0.1, Sum: 8.4]
         [Processed Buffers: Min: 4, Avg: 9.6, Max: 17, Diff: 13, Sum: 96]
      [Scan RS (ms): Min: 0.0, Avg: 0.1, Max: 0.1, Diff: 0.0, Sum: 0.7]
      [Code Root Scanning (ms): Min: 0.0, Avg: 0.0, Max: 0.0, Diff: 0.0, Sum: 0.0]
      [Object Copy (ms): Min: 0.8, Avg: 0.9, Max: 1.0, Diff: 0.2, Sum: 9.2]
      [Termination (ms): Min: 0.0, Avg: 0.0, Max: 0.0, Diff: 0.0, Sum: 0.0]
         [Termination Attempts: Min: 1, Avg: 1.1, Max: 2, Diff: 1, Sum: 11]
      [GC Worker Other (ms): Min: 0.0, Avg: 0.0, Max: 0.1, Diff: 0.1, Sum: 0.4]
      [GC Worker Total (ms): Min: 3.1, Avg: 3.3, Max: 3.6, Diff: 0.5, Sum: 33.4]
      [GC Worker End (ms): Min: 575999.3, Avg: 575999.3, Max: 575999.3, Diff: 0.1]
   [Code Root Fixup: 0.0 ms]
   [Code Root Purge: 0.0 ms]
   [Clear CT: 1.3 ms]
   [Other: 3.0 ms]
      [Choose CSet: 0.0 ms]
      [Ref Proc: 1.4 ms]
      [Ref Enq: 0.0 ms]
      [Redirty Cards: 1.2 ms]
      [Humongous Register: 0.0 ms]
      [Humongous Reclaim: 0.0 ms]
      [Free CSet: 0.1 ms]
   [Eden: 152.0M(152.0M)->0.0B(152.0M) Survivors: 1024.0K->1024.0K Heap: 189.2M(256.0M)->37957.1K(256.0M)]
Heap after GC invocations=540 (full 0):
 garbage-first heap   total 262144K, used 37957K [0x00000000f0000000, 0x00000000f0100800, 0x0000000100000000)
  region size 1024K, 1 young (1024K), 1 survivors (1024K)
 Metaspace       used 52897K, capacity 56076K, committed 56192K, reserved 1097728K
  class space    used 6460K, capacity 7028K, committed 7040K, reserved 1048576K
}
 [Times: user=0.04 sys=0.00, real=0.01 secs] 
{Heap before GC invocations=540 (full 0):
 garbage-first heap   total 262144K, used 193605K [0x00000000f0000000, 0x00000000f0100800, 0x0000000100000000)
  region size 1024K, 153 young (156672K), 1 survivors (1024K)
 Metaspace       used 52897K, capacity 56076K, committed 56192K, reserved 1097728K
  class space    used 6460K, capacity 7028K, committed 7040K, reserved 1048576K
2023-10-03T06:54:28.932+0800: 576.795: [GC pause (G1 Evacuation Pause) (young), 0.0087586 secs]
   [Parallel Time: 4.2 ms, GC Workers: 10]
      [GC Worker Start (ms): Min: 576795.5, Avg: 576795.8, Max: 576796.0, Diff: 0.5]
      [Ext Root Scanning (ms): Min: 1.3, Avg: 1.5, Max: 1.8, Diff: 0.5, Sum: 15.0]
      [Update RS (ms): Min: 0.8, Avg: 0.9, Max: 1.0, Diff: 0.2, Sum: 8.7]
         [Processed Buffers: Min: 3, Avg: 9.7, Max: 21, Diff: 18, Sum: 97]
      [Scan RS (ms): Min: 0.0, Avg: 0.1, Max: 0.1, Diff: 0.1, Sum: 0.7]
      [Code Root Scanning (ms): Min: 0.0, Avg: 0.0, Max: 0.0, Diff: 0.0, Sum: 0.0]
      [Object Copy (ms): Min: 0.7, Avg: 0.9, Max: 0.9, Diff: 0.2, Sum: 8.6]
      [Termination (ms): Min: 0.0, Avg: 0.0, Max: 0.0, Diff: 0.0, Sum: 0.0]
         [Termination Attempts: Min: 1, Avg: 1.1, Max: 2, Diff: 1, Sum: 11]
      [GC Worker Other (ms): Min: 0.0, Avg: 0.0, Max: 0.1, Diff: 0.1, Sum: 0.5]
      [GC Worker Total (ms): Min: 3.1, Avg: 3.4, Max: 3.6, Diff: 0.5, Sum: 33.6]
      [GC Worker End (ms): Min: 576799.1, Avg: 576799.1, Max: 576799.2, Diff: 0.1]
   [Code Root Fixup: 0.0 ms]
   [Code Root Purge: 0.0 ms]
   [Clear CT: 1.3 ms]
   [Other: 3.2 ms]
      [Choose CSet: 0.0 ms]
      [Ref Proc: 1.5 ms]
      [Ref Enq: 0.0 ms]
      [Redirty Cards: 1.4 ms]
      [Humongous Register: 0.0 ms]
      [Humongous Reclaim: 0.0 ms]
      [Free CSet: 0.1 ms]
   [Eden: 152.0M(152.0M)->0.0B(152.0M) Survivors: 1024.0K->1024.0K Heap: 189.1M(256.0M)->37943.3K(256.0M)]
Heap after GC invocations=541 (full 0):
 garbage-first heap   total 262144K, used 37943K [0x00000000f0000000, 0x00000000f0100800, 0x0000000100000000)
  region size 1024K, 1 young (1024K), 1 survivors (1024K)
 Metaspace       used 52897K, capacity 56076K, committed 56192K, reserved 1097728K
  class space    used 6460K, capacity 7028K, committed 7040K, reserved 1048576K
}
 [Times: user=0.04 sys=0.01, real=0.01 secs] 
{Heap before GC invocations=541 (full 0):
 garbage-first heap   total 262144K, used 193591K [0x00000000f0000000, 0x00000000f0100800, 0x0000000100000000)
  region size 1024K, 153 young (156672K), 1 survivors (1024K)
 Metaspace       used 52897K, capacity 56076K, committed 56192K, reserved 1097728K
  class space    used 6460K, capacity 7028K, committed 7040K, reserved 1048576K
2023-10-03T06:54:29.730+0800: 577.593: [GC pause (G1 Evacuation Pause) (young), 0.0090791 secs]
   [Parallel Time: 4.4 ms, GC Workers: 10]
      [GC Worker Start (ms): Min: 577593.7, Avg: 577594.0, Max: 577594.2, Diff: 0.5]
      [Ext Root Scanning (ms): Min: 1.3, Avg: 1.5, Max: 1.8, Diff: 0.5, Sum: 15.2]
      [Update RS (ms): Min: 0.8, Avg: 0.9, Max: 1.0, Diff: 0.1, Sum: 9.1]
         [Processed Buffers: Min: 6, Avg: 9.7, Max: 16, Diff: 10, Sum: 97]
      [Scan RS (ms): Min: 0.0, Avg: 0.1, Max: 0.1, Diff: 0.1, Sum: 0.6]
      [Code Root Scanning (ms): Min: 0.0, Avg: 0.0, Max: 0.0, Diff: 0.0, Sum: 0.0]
      [Object Copy (ms): Min: 0.8, Avg: 0.9, Max: 1.0, Diff: 0.2, Sum: 9.1]
      [Termination (ms): Min: 0.0, Avg: 0.0, Max: 0.0, Diff: 0.0, Sum: 0.0]
         [Termination Attempts: Min: 1, Avg: 1.1, Max: 2, Diff: 1, Sum: 11]
      [GC Worker Other (ms): Min: 0.0, Avg: 0.0, Max: 0.1, Diff: 0.1, Sum: 0.5]
      [GC Worker Total (ms): Min: 3.2, Avg: 3.4, Max: 3.7, Diff: 0.5, Sum: 34.5]
      [GC Worker End (ms): Min: 577597.4, Avg: 577597.4, Max: 577597.5, Diff: 0.1]
   [Code Root Fixup: 0.0 ms]
   [Code Root Purge: 0.0 ms]
   [Clear CT: 1.4 ms]
   [Other: 3.3 ms]
      [Choose CSet: 0.0 ms]
      [Ref Proc: 1.5 ms]
      [Ref Enq: 0.0 ms]
      [Redirty Cards: 1.4 ms]
      [Humongous Register: 0.0 ms]
      [Humongous Reclaim: 0.0 ms]
      [Free CSet: 0.1 ms]
   [Eden: 152.0M(152.0M)->0.0B(152.0M) Survivors: 1024.0K->1024.0K Heap: 189.1M(256.0M)->37915.7K(256.0M)]
Heap after GC invocations=542 (full 0):
 garbage-first heap   total 262144K, used 37915K [0x00000000f0000000, 0x00000000f0100800, 0x0000000100000000)
  region size 1024K, 1 young (1024K), 1 survivors (1024K)
 Metaspace       used 52897K, capacity 56076K, committed 56192K, reserved 1097728K
  class space    used 6460K, capacity 7028K, committed 7040K, reserved 1048576K
}
 [Times: user=0.04 sys=0.00, real=0.00 secs] 
{Heap before GC invocations=542 (full 0):
 garbage-first heap   total 262144K, used 193563K [0x00000000f0000000, 0x00000000f0100800, 0x0000000100000000)
  region size 1024K, 153 young (156672K), 1 survivors (1024K)
 Metaspace       used 52897K, capacity 56076K, committed 56192K, reserved 1097728K
  class space    used 6460K, capacity 7028K, committed 7040K, reserved 1048576K
2023-10-03T06:54:30.539+0800: 578.402: [GC pause (G1 Evacuation Pause) (young), 0.0082761 secs]
   [Parallel Time: 4.1 ms, GC Workers: 10]
      [GC Worker Start (ms): Min: 578402.1, Avg: 578402.3, Max: 578402.6, Diff: 0.5]
      [Ext Root Scanning (ms): Min: 1.2, Avg: 1.5, Max: 1.8, Diff: 0.6, Sum: 14.9]
      [Update RS (ms): Min: 0.8, Avg: 0.9, Max: 1.0, Diff: 0.2, Sum: 8.9]
         [Processed Buffers: Min: 3, Avg: 9.6, Max: 22, Diff: 19, Sum: 96]
      [Scan RS (ms): Min: 0.0, Avg: 0.1, Max: 0.1, Diff: 0.1, Sum: 0.7]
      [Code Root Scanning (ms): Min: 0.0, Avg: 0.0, Max: 0.0, Diff: 0.0, Sum: 0.0]
      [Object Copy (ms): Min: 0.7, Avg: 0.9, Max: 0.9, Diff: 0.2, Sum: 8.7]
      [Termination (ms): Min: 0.0, Avg: 0.0, Max: 0.0, Diff: 0.0, Sum: 0.0]
         [Termination Attempts: Min: 1, Avg: 1.0, Max: 1, Diff: 0, Sum: 10]
      [GC Worker Other (ms): Min: 0.0, Avg: 0.1, Max: 0.1, Diff: 0.1, Sum: 0.5]
      [GC Worker Total (ms): Min: 3.1, Avg: 3.4, Max: 3.6, Diff: 0.5, Sum: 33.8]
      [GC Worker End (ms): Min: 578405.7, Avg: 578405.7, Max: 578405.8, Diff: 0.1]
   [Code Root Fixup: 0.0 ms]
   [Code Root Purge: 0.0 ms]
   [Clear CT: 1.3 ms]
   [Other: 2.8 ms]
      [Choose CSet: 0.0 ms]
      [Ref Proc: 1.3 ms]
      [Ref Enq: 0.0 ms]
      [Redirty Cards: 1.1 ms]
      [Humongous Register: 0.0 ms]
      [Humongous Reclaim: 0.0 ms]
      [Free CSet: 0.1 ms]
   [Eden: 152.0M(152.0M)->0.0B(152.0M) Survivors: 1024.0K->1024.0K Heap: 189.0M(256.0M)->37941.7K(256.0M)]
Heap after GC invocations=543 (full 0):
 garbage-first heap   total 262144K, used 37941K [0x00000000f0000000, 0x00000000f0100800, 0x0000000100000000)
  region size 1024K, 1 young (1024K), 1 survivors (1024K)
 Metaspace       used 52897K, capacity 56076K, committed 56192K, reserved 1097728K
  class space    used 6460K, capacity 7028K, committed 7040K, reserved 1048576K
}
 [Times: user=0.04 sys=0.01, real=0.01 secs] 
{Heap before GC invocations=543 (full 0):
 garbage-first heap   total 262144K, used 193589K [0x00000000f0000000, 0x00000000f0100800, 0x0000000100000000)
  region size 1024K, 153 young (156672K), 1 survivors (1024K)
 Metaspace       used 52897K, capacity 56076K, committed 56192K, reserved 1097728K
  class space    used 6460K, capacity 7028K, committed 7040K, reserved 1048576K
2023-10-03T06:54:31.291+0800: 579.155: [GC pause (G1 Evacuation Pause) (young), 0.0079563 secs]
   [Parallel Time: 3.7 ms, GC Workers: 10]
      [GC Worker Start (ms): Min: 579154.9, Avg: 579155.1, Max: 579155.3, Diff: 0.4]
      [Ext Root Scanning (ms): Min: 1.3, Avg: 1.5, Max: 1.8, Diff: 0.5, Sum: 14.6]
      [Update RS (ms): Min: 0.7, Avg: 0.8, Max: 1.0, Diff: 0.2, Sum: 8.4]
         [Processed Buffers: Min: 6, Avg: 9.7, Max: 17, Diff: 11, Sum: 97]
      [Scan RS (ms): Min: 0.0, Avg: 0.1, Max: 0.1, Diff: 0.1, Sum: 0.8]
      [Code Root Scanning (ms): Min: 0.0, Avg: 0.0, Max: 0.0, Diff: 0.0, Sum: 0.0]
      [Object Copy (ms): Min: 0.7, Avg: 0.9, Max: 1.0, Diff: 0.3, Sum: 9.2]
      [Termination (ms): Min: 0.0, Avg: 0.0, Max: 0.0, Diff: 0.0, Sum: 0.0]
         [Termination Attempts: Min: 1, Avg: 1.0, Max: 1, Diff: 0, Sum: 10]
      [GC Worker Other (ms): Min: 0.0, Avg: 0.0, Max: 0.1, Diff: 0.1, Sum: 0.5]
      [GC Worker Total (ms): Min: 3.1, Avg: 3.3, Max: 3.6, Diff: 0.5, Sum: 33.5]
      [GC Worker End (ms): Min: 579158.4, Avg: 579158.4, Max: 579158.5, Diff: 0.1]
   [Code Root Fixup: 0.0 ms]
   [Code Root Purge: 0.0 ms]
   [Clear CT: 1.4 ms]
   [Other: 2.8 ms]
      [Choose CSet: 0.0 ms]
      [Ref Proc: 1.0 ms]
      [Ref Enq: 0.0 ms]
      [Redirty Cards: 1.4 ms]
      [Humongous Register: 0.0 ms]
      [Humongous Reclaim: 0.0 ms]
      [Free CSet: 0.1 ms]
   [Eden: 152.0M(152.0M)->0.0B(152.0M) Survivors: 1024.0K->1024.0K Heap: 189.1M(256.0M)->37990.6K(256.0M)]
Heap after GC invocations=544 (full 0):
 garbage-first heap   total 262144K, used 37990K [0x00000000f0000000, 0x00000000f0100800, 0x0000000100000000)
  region size 1024K, 1 young (1024K), 1 survivors (1024K)
 Metaspace       used 52897K, capacity 56076K, committed 56192K, reserved 1097728K
  class space    used 6460K, capacity 7028K, committed 7040K, reserved 1048576K
}
 [Times: user=0.04 sys=0.00, real=0.00 secs] 
{Heap before GC invocations=544 (full 0):
 garbage-first heap   total 262144K, used 193638K [0x00000000f0000000, 0x00000000f0100800, 0x0000000100000000)
  region size 1024K, 153 young (156672K), 1 survivors (1024K)
 Metaspace       used 52897K, capacity 56076K, committed 56192K, reserved 1097728K
  class space    used 6460K, capacity 7028K, committed 7040K, reserved 1048576K
2023-10-03T06:54:32.092+0800: 579.955: [GC pause (G1 Evacuation Pause) (young), 0.0091328 secs]
   [Parallel Time: 4.3 ms, GC Workers: 10]
      [GC Worker Start (ms): Min: 579955.2, Avg: 579955.4, Max: 579955.7, Diff: 0.5]
      [Ext Root Scanning (ms): Min: 1.3, Avg: 1.5, Max: 1.8, Diff: 0.5, Sum: 15.0]
      [Update RS (ms): Min: 0.8, Avg: 0.9, Max: 1.0, Diff: 0.2, Sum: 8.6]
         [Processed Buffers: Min: 8, Avg: 9.6, Max: 12, Diff: 4, Sum: 96]
      [Scan RS (ms): Min: 0.0, Avg: 0.1, Max: 0.1, Diff: 0.1, Sum: 0.6]
      [Code Root Scanning (ms): Min: 0.0, Avg: 0.0, Max: 0.0, Diff: 0.0, Sum: 0.0]
      [Object Copy (ms): Min: 0.8, Avg: 0.9, Max: 1.0, Diff: 0.2, Sum: 9.1]
      [Termination (ms): Min: 0.0, Avg: 0.0, Max: 0.0, Diff: 0.0, Sum: 0.0]
         [Termination Attempts: Min: 1, Avg: 1.0, Max: 1, Diff: 0, Sum: 10]
      [GC Worker Other (ms): Min: 0.0, Avg: 0.0, Max: 0.1, Diff: 0.1, Sum: 0.5]
      [GC Worker Total (ms): Min: 3.1, Avg: 3.4, Max: 3.6, Diff: 0.5, Sum: 33.8]
      [GC Worker End (ms): Min: 579958.8, Avg: 579958.8, Max: 579958.9, Diff: 0.1]
   [Code Root Fixup: 0.0 ms]
   [Code Root Purge: 0.0 ms]
   [Clear CT: 2.0 ms]
   [Other: 2.8 ms]
      [Choose CSet: 0.0 ms]
      [Ref Proc: 1.0 ms]
      [Ref Enq: 0.0 ms]
      [Redirty Cards: 1.4 ms]
      [Humongous Register: 0.0 ms]
      [Humongous Reclaim: 0.0 ms]
      [Free CSet: 0.1 ms]
   [Eden: 152.0M(152.0M)->0.0B(152.0M) Survivors: 1024.0K->1024.0K Heap: 189.1M(256.0M)->38004.0K(256.0M)]
Heap after GC invocations=545 (full 0):
 garbage-first heap   total 262144K, used 38003K [0x00000000f0000000, 0x00000000f0100800, 0x0000000100000000)
  region size 1024K, 1 young (1024K), 1 survivors (1024K)
 Metaspace       used 52897K, capacity 56076K, committed 56192K, reserved 1097728K
  class space    used 6460K, capacity 7028K, committed 7040K, reserved 1048576K
}
 [Times: user=0.04 sys=0.00, real=0.01 secs] 
{Heap before GC invocations=545 (full 0):
 garbage-first heap   total 262144K, used 193651K [0x00000000f0000000, 0x00000000f0100800, 0x0000000100000000)
  region size 1024K, 153 young (156672K), 1 survivors (1024K)
 Metaspace       used 52897K, capacity 56076K, committed 56192K, reserved 1097728K
  class space    used 6460K, capacity 7028K, committed 7040K, reserved 1048576K
2023-10-03T06:54:32.900+0800: 580.763: [GC pause (G1 Evacuation Pause) (young), 0.0088637 secs]
   [Parallel Time: 4.5 ms, GC Workers: 10]
      [GC Worker Start (ms): Min: 580763.0, Avg: 580763.3, Max: 580763.6, Diff: 0.6]
      [Ext Root Scanning (ms): Min: 1.3, Avg: 1.5, Max: 1.8, Diff: 0.6, Sum: 14.5]
      [Update RS (ms): Min: 0.8, Avg: 0.9, Max: 0.9, Diff: 0.1, Sum: 8.6]
         [Processed Buffers: Min: 5, Avg: 9.8, Max: 19, Diff: 14, Sum: 98]
      [Scan RS (ms): Min: 0.0, Avg: 0.1, Max: 0.1, Diff: 0.1, Sum: 0.6]
      [Code Root Scanning (ms): Min: 0.0, Avg: 0.0, Max: 0.0, Diff: 0.0, Sum: 0.0]
      [Object Copy (ms): Min: 0.8, Avg: 1.0, Max: 1.0, Diff: 0.2, Sum: 9.6]
      [Termination (ms): Min: 0.0, Avg: 0.0, Max: 0.1, Diff: 0.1, Sum: 0.5]
         [Termination Attempts: Min: 1, Avg: 1.0, Max: 1, Diff: 0, Sum: 10]
      [GC Worker Other (ms): Min: 0.0, Avg: 0.1, Max: 0.2, Diff: 0.1, Sum: 0.5]
      [GC Worker Total (ms): Min: 3.2, Avg: 3.4, Max: 3.7, Diff: 0.6, Sum: 34.4]
      [GC Worker End (ms): Min: 580766.7, Avg: 580766.7, Max: 580766.8, Diff: 0.1]
   [Code Root Fixup: 0.0 ms]
   [Code Root Purge: 0.0 ms]
   [Clear CT: 1.1 ms]
   [Other: 3.3 ms]
      [Choose CSet: 0.0 ms]
      [Ref Proc: 1.5 ms]
      [Ref Enq: 0.0 ms]
      [Redirty Cards: 1.4 ms]
      [Humongous Register: 0.0 ms]
      [Humongous Reclaim: 0.0 ms]
      [Free CSet: 0.1 ms]
   [Eden: 152.0M(152.0M)->0.0B(152.0M) Survivors: 1024.0K->1024.0K Heap: 189.1M(256.0M)->38138.6K(256.0M)]
Heap after GC invocations=546 (full 0):
 garbage-first heap   total 262144K, used 38138K [0x00000000f0000000, 0x00000000f0100800, 0x0000000100000000)
  region size 1024K, 1 young (1024K), 1 survivors (1024K)
 Metaspace       used 52897K, capacity 56076K, committed 56192K, reserved 1097728K
  class space    used 6460K, capacity 7028K, committed 7040K, reserved 1048576K
}
 [Times: user=0.04 sys=0.00, real=0.01 secs] 
{Heap before GC invocations=546 (full 0):
 garbage-first heap   total 262144K, used 193786K [0x00000000f0000000, 0x00000000f0100800, 0x0000000100000000)
  region size 1024K, 153 young (156672K), 1 survivors (1024K)
 Metaspace       used 52897K, capacity 56076K, committed 56192K, reserved 1097728K
  class space    used 6460K, capacity 7028K, committed 7040K, reserved 1048576K
2023-10-03T06:54:33.708+0800: 581.571: [GC pause (G1 Evacuation Pause) (young), 0.0090430 secs]
   [Parallel Time: 4.5 ms, GC Workers: 10]
      [GC Worker Start (ms): Min: 581571.7, Avg: 581571.9, Max: 581572.1, Diff: 0.4]
      [Ext Root Scanning (ms): Min: 1.3, Avg: 1.5, Max: 1.9, Diff: 0.6, Sum: 14.9]
      [Update RS (ms): Min: 0.8, Avg: 0.9, Max: 1.0, Diff: 0.2, Sum: 9.1]
         [Processed Buffers: Min: 6, Avg: 9.7, Max: 15, Diff: 9, Sum: 97]
      [Scan RS (ms): Min: 0.0, Avg: 0.1, Max: 0.1, Diff: 0.1, Sum: 0.7]
      [Code Root Scanning (ms): Min: 0.0, Avg: 0.0, Max: 0.0, Diff: 0.0, Sum: 0.0]
      [Object Copy (ms): Min: 0.8, Avg: 1.0, Max: 1.0, Diff: 0.2, Sum: 9.7]
      [Termination (ms): Min: 0.0, Avg: 0.0, Max: 0.0, Diff: 0.0, Sum: 0.0]
         [Termination Attempts: Min: 1, Avg: 1.3, Max: 2, Diff: 1, Sum: 13]
      [GC Worker Other (ms): Min: 0.0, Avg: 0.1, Max: 0.2, Diff: 0.1, Sum: 0.5]
      [GC Worker Total (ms): Min: 3.3, Avg: 3.5, Max: 3.9, Diff: 0.6, Sum: 35.1]
      [GC Worker End (ms): Min: 581575.4, Avg: 581575.4, Max: 581575.5, Diff: 0.1]
   [Code Root Fixup: 0.0 ms]
   [Code Root Purge: 0.0 ms]
   [Clear CT: 1.5 ms]
   [Other: 3.0 ms]
      [Choose CSet: 0.0 ms]
      [Ref Proc: 1.3 ms]
      [Ref Enq: 0.0 ms]
      [Redirty Cards: 1.3 ms]
      [Humongous Register: 0.0 ms]
      [Humongous Reclaim: 0.0 ms]
      [Free CSet: 0.1 ms]
   [Eden: 152.0M(152.0M)->0.0B(152.0M) Survivors: 1024.0K->1024.0K Heap: 189.2M(256.0M)->38181.4K(256.0M)]
Heap after GC invocations=547 (full 0):
 garbage-first heap   total 262144K, used 38181K [0x00000000f0000000, 0x00000000f0100800, 0x0000000100000000)
  region size 1024K, 1 young (1024K), 1 survivors (1024K)
 Metaspace       used 52897K, capacity 56076K, committed 56192K, reserved 1097728K
  class space    used 6460K, capacity 7028K, committed 7040K, reserved 1048576K
}
 [Times: user=0.04 sys=0.00, real=0.01 secs] 
{Heap before GC invocations=547 (full 0):
 garbage-first heap   total 262144K, used 193829K [0x00000000f0000000, 0x00000000f0100800, 0x0000000100000000)
  region size 1024K, 153 young (156672K), 1 survivors (1024K)
 Metaspace       used 52897K, capacity 56076K, committed 56192K, reserved 1097728K
  class space    used 6460K, capacity 7028K, committed 7040K, reserved 1048576K
2023-10-03T06:54:34.517+0800: 582.381: [GC pause (G1 Evacuation Pause) (young), 0.0088161 secs]
   [Parallel Time: 4.5 ms, GC Workers: 10]
      [GC Worker Start (ms): Min: 582380.9, Avg: 582381.1, Max: 582381.3, Diff: 0.4]
      [Ext Root Scanning (ms): Min: 1.2, Avg: 1.4, Max: 1.8, Diff: 0.6, Sum: 14.2]
      [Update RS (ms): Min: 0.9, Avg: 1.0, Max: 1.1, Diff: 0.2, Sum: 9.9]
         [Processed Buffers: Min: 6, Avg: 10.0, Max: 15, Diff: 9, Sum: 100]
      [Scan RS (ms): Min: 0.0, Avg: 0.1, Max: 0.1, Diff: 0.1, Sum: 0.8]
      [Code Root Scanning (ms): Min: 0.0, Avg: 0.0, Max: 0.0, Diff: 0.0, Sum: 0.0]
      [Object Copy (ms): Min: 0.8, Avg: 1.0, Max: 1.0, Diff: 0.2, Sum: 9.9]
      [Termination (ms): Min: 0.0, Avg: 0.0, Max: 0.0, Diff: 0.0, Sum: 0.0]
         [Termination Attempts: Min: 1, Avg: 1.0, Max: 1, Diff: 0, Sum: 10]
      [GC Worker Other (ms): Min: 0.0, Avg: 0.0, Max: 0.1, Diff: 0.1, Sum: 0.5]
      [GC Worker Total (ms): Min: 3.3, Avg: 3.5, Max: 3.7, Diff: 0.4, Sum: 35.4]
      [GC Worker End (ms): Min: 582384.6, Avg: 582384.6, Max: 582384.7, Diff: 0.1]
   [Code Root Fixup: 0.0 ms]
   [Code Root Purge: 0.0 ms]
   [Clear CT: 1.5 ms]
   [Other: 2.9 ms]
      [Choose CSet: 0.0 ms]
      [Ref Proc: 1.2 ms]
      [Ref Enq: 0.0 ms]
      [Redirty Cards: 1.3 ms]
      [Humongous Register: 0.0 ms]
      [Humongous Reclaim: 0.0 ms]
      [Free CSet: 0.1 ms]
   [Eden: 152.0M(152.0M)->0.0B(152.0M) Survivors: 1024.0K->1024.0K Heap: 189.3M(256.0M)->38247.0K(256.0M)]
Heap after GC invocations=548 (full 0):
 garbage-first heap   total 262144K, used 38247K [0x00000000f0000000, 0x00000000f0100800, 0x0000000100000000)
  region size 1024K, 1 young (1024K), 1 survivors (1024K)
 Metaspace       used 52897K, capacity 56076K, committed 56192K, reserved 1097728K
  class space    used 6460K, capacity 7028K, committed 7040K, reserved 1048576K
}
 [Times: user=0.04 sys=0.01, real=0.01 secs] 
{Heap before GC invocations=548 (full 0):
 garbage-first heap   total 262144K, used 193895K [0x00000000f0000000, 0x00000000f0100800, 0x0000000100000000)
  region size 1024K, 153 young (156672K), 1 survivors (1024K)
 Metaspace       used 52897K, capacity 56076K, committed 56192K, reserved 1097728K
  class space    used 6460K, capacity 7028K, committed 7040K, reserved 1048576K
2023-10-03T06:54:35.324+0800: 583.188: [GC pause (G1 Evacuation Pause) (young), 0.0083887 secs]
   [Parallel Time: 4.3 ms, GC Workers: 10]
      [GC Worker Start (ms): Min: 583187.9, Avg: 583188.1, Max: 583188.3, Diff: 0.4]
      [Ext Root Scanning (ms): Min: 1.2, Avg: 1.4, Max: 1.8, Diff: 0.6, Sum: 14.3]
      [Update RS (ms): Min: 0.8, Avg: 0.9, Max: 1.0, Diff: 0.2, Sum: 9.0]
         [Processed Buffers: Min: 6, Avg: 9.8, Max: 14, Diff: 8, Sum: 98]
      [Scan RS (ms): Min: 0.0, Avg: 0.1, Max: 0.1, Diff: 0.1, Sum: 0.6]
      [Code Root Scanning (ms): Min: 0.0, Avg: 0.0, Max: 0.0, Diff: 0.0, Sum: 0.0]
      [Object Copy (ms): Min: 0.8, Avg: 1.0, Max: 1.1, Diff: 0.3, Sum: 9.8]
      [Termination (ms): Min: 0.0, Avg: 0.0, Max: 0.0, Diff: 0.0, Sum: 0.0]
         [Termination Attempts: Min: 1, Avg: 1.0, Max: 1, Diff: 0, Sum: 10]
      [GC Worker Other (ms): Min: 0.0, Avg: 0.1, Max: 0.2, Diff: 0.1, Sum: 0.5]
      [GC Worker Total (ms): Min: 3.2, Avg: 3.4, Max: 3.7, Diff: 0.4, Sum: 34.3]
      [GC Worker End (ms): Min: 583191.5, Avg: 583191.5, Max: 583191.6, Diff: 0.1]
   [Code Root Fixup: 0.0 ms]
   [Code Root Purge: 0.0 ms]
   [Clear CT: 1.5 ms]
   [Other: 2.5 ms]
      [Choose CSet: 0.0 ms]
      [Ref Proc: 0.9 ms]
      [Ref Enq: 0.0 ms]
      [Redirty Cards: 1.2 ms]
      [Humongous Register: 0.0 ms]
      [Humongous Reclaim: 0.0 ms]
      [Free CSet: 0.2 ms]
   [Eden: 152.0M(152.0M)->0.0B(152.0M) Survivors: 1024.0K->1024.0K Heap: 189.4M(256.0M)->37945.5K(256.0M)]
Heap after GC invocations=549 (full 0):
 garbage-first heap   total 262144K, used 37945K [0x00000000f0000000, 0x00000000f0100800, 0x0000000100000000)
  region size 1024K, 1 young (1024K), 1 survivors (1024K)
 Metaspace       used 52897K, capacity 56076K, committed 56192K, reserved 1097728K
  class space    used 6460K, capacity 7028K, committed 7040K, reserved 1048576K
}
 [Times: user=0.04 sys=0.01, real=0.01 secs] 
{Heap before GC invocations=549 (full 0):
 garbage-first heap   total 262144K, used 193593K [0x00000000f0000000, 0x00000000f0100800, 0x0000000100000000)
  region size 1024K, 153 young (156672K), 1 survivors (1024K)
 Metaspace       used 52897K, capacity 56076K, committed 56192K, reserved 1097728K
  class space    used 6460K, capacity 7028K, committed 7040K, reserved 1048576K
2023-10-03T06:54:36.121+0800: 583.984: [GC pause (G1 Evacuation Pause) (young), 0.0088006 secs]
   [Parallel Time: 4.2 ms, GC Workers: 10]
      [GC Worker Start (ms): Min: 583984.7, Avg: 583984.9, Max: 583985.2, Diff: 0.5]
      [Ext Root Scanning (ms): Min: 1.3, Avg: 1.4, Max: 1.8, Diff: 0.6, Sum: 14.5]
      [Update RS (ms): Min: 0.8, Avg: 0.9, Max: 1.0, Diff: 0.2, Sum: 9.3]
         [Processed Buffers: Min: 5, Avg: 9.6, Max: 15, Diff: 10, Sum: 96]
      [Scan RS (ms): Min: 0.0, Avg: 0.1, Max: 0.1, Diff: 0.1, Sum: 0.6]
      [Code Root Scanning (ms): Min: 0.0, Avg: 0.0, Max: 0.0, Diff: 0.0, Sum: 0.0]
      [Object Copy (ms): Min: 0.8, Avg: 0.9, Max: 1.0, Diff: 0.2, Sum: 9.3]
      [Termination (ms): Min: 0.0, Avg: 0.0, Max: 0.0, Diff: 0.0, Sum: 0.0]
         [Termination Attempts: Min: 1, Avg: 1.0, Max: 1, Diff: 0, Sum: 10]
      [GC Worker Other (ms): Min: 0.0, Avg: 0.0, Max: 0.1, Diff: 0.1, Sum: 0.4]
      [GC Worker Total (ms): Min: 3.2, Avg: 3.4, Max: 3.7, Diff: 0.5, Sum: 34.3]
      [GC Worker End (ms): Min: 583988.3, Avg: 583988.4, Max: 583988.4, Diff: 0.1]
   [Code Root Fixup: 0.0 ms]
   [Code Root Purge: 0.0 ms]
   [Clear CT: 1.4 ms]
   [Other: 3.2 ms]
      [Choose CSet: 0.0 ms]
      [Ref Proc: 1.7 ms]
      [Ref Enq: 0.0 ms]
      [Redirty Cards: 1.1 ms]
      [Humongous Register: 0.0 ms]
      [Humongous Reclaim: 0.0 ms]
      [Free CSet: 0.1 ms]
   [Eden: 152.0M(152.0M)->0.0B(152.0M) Survivors: 1024.0K->1024.0K Heap: 189.1M(256.0M)->38153.5K(256.0M)]
Heap after GC invocations=550 (full 0):
 garbage-first heap   total 262144K, used 38153K [0x00000000f0000000, 0x00000000f0100800, 0x0000000100000000)
  region size 1024K, 1 young (1024K), 1 survivors (1024K)
 Metaspace       used 52897K, capacity 56076K, committed 56192K, reserved 1097728K
  class space    used 6460K, capacity 7028K, committed 7040K, reserved 1048576K
}
 [Times: user=0.04 sys=0.00, real=0.01 secs] 
{Heap before GC invocations=550 (full 0):
 garbage-first heap   total 262144K, used 193801K [0x00000000f0000000, 0x00000000f0100800, 0x0000000100000000)
  region size 1024K, 153 young (156672K), 1 survivors (1024K)
 Metaspace       used 52897K, capacity 56076K, committed 56192K, reserved 1097728K
  class space    used 6460K, capacity 7028K, committed 7040K, reserved 1048576K
2023-10-03T06:54:36.920+0800: 584.784: [GC pause (G1 Evacuation Pause) (young), 0.0087536 secs]
   [Parallel Time: 4.4 ms, GC Workers: 10]
      [GC Worker Start (ms): Min: 584783.9, Avg: 584784.2, Max: 584784.4, Diff: 0.5]
      [Ext Root Scanning (ms): Min: 1.2, Avg: 1.4, Max: 1.8, Diff: 0.6, Sum: 14.2]
      [Update RS (ms): Min: 0.9, Avg: 1.0, Max: 1.0, Diff: 0.2, Sum: 9.6]
         [Processed Buffers: Min: 6, Avg: 9.7, Max: 13, Diff: 7, Sum: 97]
      [Scan RS (ms): Min: 0.0, Avg: 0.1, Max: 0.1, Diff: 0.1, Sum: 0.5]
      [Code Root Scanning (ms): Min: 0.0, Avg: 0.0, Max: 0.0, Diff: 0.0, Sum: 0.0]
      [Object Copy (ms): Min: 0.8, Avg: 1.0, Max: 1.0, Diff: 0.2, Sum: 9.7]
      [Termination (ms): Min: 0.0, Avg: 0.0, Max: 0.0, Diff: 0.0, Sum: 0.0]
         [Termination Attempts: Min: 1, Avg: 1.2, Max: 2, Diff: 1, Sum: 12]
      [GC Worker Other (ms): Min: 0.0, Avg: 0.1, Max: 0.2, Diff: 0.2, Sum: 0.7]
      [GC Worker Total (ms): Min: 3.2, Avg: 3.5, Max: 3.9, Diff: 0.6, Sum: 34.8]
      [GC Worker End (ms): Min: 584787.6, Avg: 584787.7, Max: 584787.8, Diff: 0.2]
   [Code Root Fixup: 0.0 ms]
   [Code Root Purge: 0.0 ms]
   [Clear CT: 1.3 ms]
   [Other: 3.0 ms]
      [Choose CSet: 0.0 ms]
      [Ref Proc: 1.3 ms]
      [Ref Enq: 0.0 ms]
      [Redirty Cards: 1.4 ms]
      [Humongous Register: 0.0 ms]
      [Humongous Reclaim: 0.0 ms]
      [Free CSet: 0.1 ms]
   [Eden: 152.0M(152.0M)->0.0B(152.0M) Survivors: 1024.0K->1024.0K Heap: 189.3M(256.0M)->38205.4K(256.0M)]
Heap after GC invocations=551 (full 0):
 garbage-first heap   total 262144K, used 38205K [0x00000000f0000000, 0x00000000f0100800, 0x0000000100000000)
  region size 1024K, 1 young (1024K), 1 survivors (1024K)
 Metaspace       used 52897K, capacity 56076K, committed 56192K, reserved 1097728K
  class space    used 6460K, capacity 7028K, committed 7040K, reserved 1048576K
}
 [Times: user=0.04 sys=0.00, real=0.00 secs] 
{Heap before GC invocations=551 (full 0):
 garbage-first heap   total 262144K, used 193853K [0x00000000f0000000, 0x00000000f0100800, 0x0000000100000000)
  region size 1024K, 153 young (156672K), 1 survivors (1024K)
 Metaspace       used 52897K, capacity 56076K, committed 56192K, reserved 1097728K
  class space    used 6460K, capacity 7028K, committed 7040K, reserved 1048576K
2023-10-03T06:54:37.727+0800: 585.590: [GC pause (G1 Evacuation Pause) (young), 0.0082376 secs]
   [Parallel Time: 4.4 ms, GC Workers: 10]
      [GC Worker Start (ms): Min: 585590.1, Avg: 585590.4, Max: 585590.6, Diff: 0.4]
      [Ext Root Scanning (ms): Min: 1.2, Avg: 1.5, Max: 1.8, Diff: 0.6, Sum: 14.5]
      [Update RS (ms): Min: 0.8, Avg: 1.0, Max: 1.0, Diff: 0.2, Sum: 9.6]
         [Processed Buffers: Min: 6, Avg: 9.7, Max: 14, Diff: 8, Sum: 97]
      [Scan RS (ms): Min: 0.0, Avg: 0.1, Max: 0.1, Diff: 0.1, Sum: 0.6]
      [Code Root Scanning (ms): Min: 0.0, Avg: 0.0, Max: 0.0, Diff: 0.0, Sum: 0.0]
      [Object Copy (ms): Min: 0.8, Avg: 1.0, Max: 1.1, Diff: 0.2, Sum: 10.2]
      [Termination (ms): Min: 0.0, Avg: 0.0, Max: 0.0, Diff: 0.0, Sum: 0.0]
         [Termination Attempts: Min: 1, Avg: 1.3, Max: 2, Diff: 1, Sum: 13]
      [GC Worker Other (ms): Min: 0.0, Avg: 0.0, Max: 0.1, Diff: 0.1, Sum: 0.5]
      [GC Worker Total (ms): Min: 3.4, Avg: 3.5, Max: 3.8, Diff: 0.4, Sum: 35.4]
      [GC Worker End (ms): Min: 585593.9, Avg: 585593.9, Max: 585594.0, Diff: 0.1]
   [Code Root Fixup: 0.0 ms]
   [Code Root Purge: 0.0 ms]
   [Clear CT: 1.2 ms]
   [Other: 2.7 ms]
      [Choose CSet: 0.0 ms]
      [Ref Proc: 1.0 ms]
      [Ref Enq: 0.0 ms]
      [Redirty Cards: 1.3 ms]
      [Humongous Register: 0.0 ms]
      [Humongous Reclaim: 0.0 ms]
      [Free CSet: 0.1 ms]
   [Eden: 152.0M(152.0M)->0.0B(151.0M) Survivors: 1024.0K->2048.0K Heap: 189.3M(256.0M)->38356.9K(256.0M)]
Heap after GC invocations=552 (full 0):
 garbage-first heap   total 262144K, used 38356K [0x00000000f0000000, 0x00000000f0100800, 0x0000000100000000)
  region size 1024K, 2 young (2048K), 2 survivors (2048K)
 Metaspace       used 52897K, capacity 56076K, committed 56192K, reserved 1097728K
  class space    used 6460K, capacity 7028K, committed 7040K, reserved 1048576K
}
 [Times: user=0.04 sys=0.00, real=0.01 secs] 
{Heap before GC invocations=552 (full 0):
 garbage-first heap   total 262144K, used 192980K [0x00000000f0000000, 0x00000000f0100800, 0x0000000100000000)
  region size 1024K, 153 young (156672K), 2 survivors (2048K)
 Metaspace       used 52897K, capacity 56076K, committed 56192K, reserved 1097728K
  class space    used 6460K, capacity 7028K, committed 7040K, reserved 1048576K
2023-10-03T06:54:38.530+0800: 586.393: [GC pause (G1 Evacuation Pause) (young), 0.0089475 secs]
   [Parallel Time: 4.6 ms, GC Workers: 10]
      [GC Worker Start (ms): Min: 586393.4, Avg: 586393.6, Max: 586393.8, Diff: 0.4]
      [Ext Root Scanning (ms): Min: 1.2, Avg: 1.4, Max: 1.8, Diff: 0.5, Sum: 14.2]
      [Update RS (ms): Min: 0.8, Avg: 0.9, Max: 1.0, Diff: 0.2, Sum: 9.1]
         [Processed Buffers: Min: 7, Avg: 9.7, Max: 13, Diff: 6, Sum: 97]
      [Scan RS (ms): Min: 0.0, Avg: 0.1, Max: 0.1, Diff: 0.1, Sum: 0.8]
      [Code Root Scanning (ms): Min: 0.0, Avg: 0.0, Max: 0.0, Diff: 0.0, Sum: 0.0]
      [Object Copy (ms): Min: 0.8, Avg: 1.0, Max: 1.0, Diff: 0.2, Sum: 9.6]
      [Termination (ms): Min: 0.0, Avg: 0.0, Max: 0.0, Diff: 0.0, Sum: 0.0]
         [Termination Attempts: Min: 1, Avg: 1.1, Max: 2, Diff: 1, Sum: 11]
      [GC Worker Other (ms): Min: 0.0, Avg: 0.1, Max: 0.2, Diff: 0.2, Sum: 0.8]
      [GC Worker Total (ms): Min: 3.3, Avg: 3.5, Max: 3.7, Diff: 0.4, Sum: 34.7]
      [GC Worker End (ms): Min: 586397.1, Avg: 586397.1, Max: 586397.3, Diff: 0.2]
   [Code Root Fixup: 0.0 ms]
   [Code Root Purge: 0.0 ms]
   [Clear CT: 1.6 ms]
   [Other: 2.8 ms]
      [Choose CSet: 0.0 ms]
      [Ref Proc: 1.2 ms]
      [Ref Enq: 0.0 ms]
      [Redirty Cards: 1.2 ms]
      [Humongous Register: 0.0 ms]
      [Humongous Reclaim: 0.0 ms]
      [Free CSet: 0.1 ms]
   [Eden: 151.0M(151.0M)->0.0B(152.0M) Survivors: 2048.0K->1024.0K Heap: 188.5M(256.0M)->38033.8K(256.0M)]
Heap after GC invocations=553 (full 0):
 garbage-first heap   total 262144K, used 38033K [0x00000000f0000000, 0x00000000f0100800, 0x0000000100000000)
  region size 1024K, 1 young (1024K), 1 survivors (1024K)
 Metaspace       used 52897K, capacity 56076K, committed 56192K, reserved 1097728K
  class space    used 6460K, capacity 7028K, committed 7040K, reserved 1048576K
}
 [Times: user=0.04 sys=0.00, real=0.00 secs] 
{Heap before GC invocations=553 (full 0):
 garbage-first heap   total 262144K, used 193681K [0x00000000f0000000, 0x00000000f0100800, 0x0000000100000000)
  region size 1024K, 153 young (156672K), 1 survivors (1024K)
 Metaspace       used 52897K, capacity 56076K, committed 56192K, reserved 1097728K
  class space    used 6460K, capacity 7028K, committed 7040K, reserved 1048576K
2023-10-03T06:54:39.326+0800: 587.189: [GC pause (G1 Evacuation Pause) (young), 0.0081154 secs]
   [Parallel Time: 3.7 ms, GC Workers: 10]
      [GC Worker Start (ms): Min: 587189.5, Avg: 587189.7, Max: 587190.0, Diff: 0.5]
      [Ext Root Scanning (ms): Min: 1.2, Avg: 1.4, Max: 1.8, Diff: 0.6, Sum: 14.2]
      [Update RS (ms): Min: 0.8, Avg: 0.9, Max: 1.0, Diff: 0.2, Sum: 8.6]
         [Processed Buffers: Min: 5, Avg: 9.8, Max: 18, Diff: 13, Sum: 98]
      [Scan RS (ms): Min: 0.0, Avg: 0.1, Max: 0.1, Diff: 0.1, Sum: 0.6]
      [Code Root Scanning (ms): Min: 0.0, Avg: 0.0, Max: 0.0, Diff: 0.0, Sum: 0.0]
      [Object Copy (ms): Min: 0.8, Avg: 0.9, Max: 1.0, Diff: 0.2, Sum: 9.4]
      [Termination (ms): Min: 0.0, Avg: 0.0, Max: 0.1, Diff: 0.1, Sum: 0.3]
         [Termination Attempts: Min: 1, Avg: 1.0, Max: 1, Diff: 0, Sum: 10]
      [GC Worker Other (ms): Min: 0.0, Avg: 0.0, Max: 0.0, Diff: 0.0, Sum: 0.3]
      [GC Worker Total (ms): Min: 3.1, Avg: 3.3, Max: 3.6, Diff: 0.5, Sum: 33.5]
      [GC Worker End (ms): Min: 587193.0, Avg: 587193.1, Max: 587193.1, Diff: 0.0]
   [Code Root Fixup: 0.0 ms]
   [Code Root Purge: 0.0 ms]
   [Clear CT: 1.2 ms]
   [Other: 3.2 ms]
      [Choose CSet: 0.0 ms]
      [Ref Proc: 1.5 ms]
      [Ref Enq: 0.0 ms]
      [Redirty Cards: 1.3 ms]
      [Humongous Register: 0.0 ms]
      [Humongous Reclaim: 0.0 ms]
      [Free CSet: 0.1 ms]
   [Eden: 152.0M(152.0M)->0.0B(152.0M) Survivors: 1024.0K->1024.0K Heap: 189.1M(256.0M)->38217.3K(256.0M)]
Heap after GC invocations=554 (full 0):
 garbage-first heap   total 262144K, used 38217K [0x00000000f0000000, 0x00000000f0100800, 0x0000000100000000)
  region size 1024K, 1 young (1024K), 1 survivors (1024K)
 Metaspace       used 52897K, capacity 56076K, committed 56192K, reserved 1097728K
  class space    used 6460K, capacity 7028K, committed 7040K, reserved 1048576K
}
 [Times: user=0.04 sys=0.00, real=0.01 secs] 
{Heap before GC invocations=554 (full 0):
 garbage-first heap   total 262144K, used 193865K [0x00000000f0000000, 0x00000000f0100800, 0x0000000100000000)
  region size 1024K, 153 young (156672K), 1 survivors (1024K)
 Metaspace       used 52897K, capacity 56076K, committed 56192K, reserved 1097728K
  class space    used 6460K, capacity 7028K, committed 7040K, reserved 1048576K
2023-10-03T06:54:40.142+0800: 588.005: [GC pause (G1 Evacuation Pause) (young), 0.0086279 secs]
   [Parallel Time: 4.0 ms, GC Workers: 10]
      [GC Worker Start (ms): Min: 588005.6, Avg: 588005.9, Max: 588006.1, Diff: 0.4]
      [Ext Root Scanning (ms): Min: 1.3, Avg: 1.4, Max: 1.8, Diff: 0.5, Sum: 14.5]
      [Update RS (ms): Min: 0.8, Avg: 0.9, Max: 1.0, Diff: 0.2, Sum: 8.8]
         [Processed Buffers: Min: 2, Avg: 9.6, Max: 21, Diff: 19, Sum: 96]
      [Scan RS (ms): Min: 0.0, Avg: 0.1, Max: 0.1, Diff: 0.1, Sum: 0.7]
      [Code Root Scanning (ms): Min: 0.0, Avg: 0.0, Max: 0.0, Diff: 0.0, Sum: 0.0]
      [Object Copy (ms): Min: 0.7, Avg: 0.9, Max: 1.0, Diff: 0.2, Sum: 9.0]
      [Termination (ms): Min: 0.0, Avg: 0.0, Max: 0.0, Diff: 0.0, Sum: 0.1]
         [Termination Attempts: Min: 1, Avg: 1.1, Max: 2, Diff: 1, Sum: 11]
      [GC Worker Other (ms): Min: 0.0, Avg: 0.0, Max: 0.1, Diff: 0.1, Sum: 0.4]
      [GC Worker Total (ms): Min: 3.1, Avg: 3.3, Max: 3.6, Diff: 0.5, Sum: 33.4]
      [GC Worker End (ms): Min: 588009.2, Avg: 588009.2, Max: 588009.3, Diff: 0.1]
   [Code Root Fixup: 0.0 ms]
   [Code Root Purge: 0.0 ms]
   [Clear CT: 1.7 ms]
   [Other: 3.0 ms]
      [Choose CSet: 0.0 ms]
      [Ref Proc: 1.2 ms]
      [Ref Enq: 0.0 ms]
      [Redirty Cards: 1.4 ms]
      [Humongous Register: 0.0 ms]
      [Humongous Reclaim: 0.0 ms]
      [Free CSet: 0.1 ms]
   [Eden: 152.0M(152.0M)->0.0B(152.0M) Survivors: 1024.0K->1024.0K Heap: 189.3M(256.0M)->38084.9K(256.0M)]
Heap after GC invocations=555 (full 0):
 garbage-first heap   total 262144K, used 38084K [0x00000000f0000000, 0x00000000f0100800, 0x0000000100000000)
  region size 1024K, 1 young (1024K), 1 survivors (1024K)
 Metaspace       used 52897K, capacity 56076K, committed 56192K, reserved 1097728K
  class space    used 6460K, capacity 7028K, committed 7040K, reserved 1048576K
}
 [Times: user=0.03 sys=0.00, real=0.01 secs] 
{Heap before GC invocations=555 (full 0):
 garbage-first heap   total 262144K, used 193732K [0x00000000f0000000, 0x00000000f0100800, 0x0000000100000000)
  region size 1024K, 153 young (156672K), 1 survivors (1024K)
 Metaspace       used 52897K, capacity 56076K, committed 56192K, reserved 1097728K
  class space    used 6460K, capacity 7028K, committed 7040K, reserved 1048576K
2023-10-03T06:54:40.966+0800: 588.830: [GC pause (G1 Evacuation Pause) (young), 0.0091158 secs]
   [Parallel Time: 4.5 ms, GC Workers: 10]
      [GC Worker Start (ms): Min: 588829.9, Avg: 588830.2, Max: 588830.4, Diff: 0.5]
      [Ext Root Scanning (ms): Min: 1.2, Avg: 1.4, Max: 1.8, Diff: 0.6, Sum: 14.4]
      [Update RS (ms): Min: 0.8, Avg: 0.9, Max: 1.0, Diff: 0.2, Sum: 8.7]
         [Processed Buffers: Min: 4, Avg: 9.7, Max: 17, Diff: 13, Sum: 97]
      [Scan RS (ms): Min: 0.0, Avg: 0.1, Max: 0.1, Diff: 0.1, Sum: 0.6]
      [Code Root Scanning (ms): Min: 0.0, Avg: 0.0, Max: 0.0, Diff: 0.0, Sum: 0.0]
      [Object Copy (ms): Min: 0.8, Avg: 1.0, Max: 1.0, Diff: 0.2, Sum: 9.5]
      [Termination (ms): Min: 0.0, Avg: 0.0, Max: 0.0, Diff: 0.0, Sum: 0.0]
         [Termination Attempts: Min: 1, Avg: 1.0, Max: 1, Diff: 0, Sum: 10]
      [GC Worker Other (ms): Min: 0.0, Avg: 0.0, Max: 0.1, Diff: 0.1, Sum: 0.5]
      [GC Worker Total (ms): Min: 3.1, Avg: 3.4, Max: 3.6, Diff: 0.5, Sum: 33.7]
      [GC Worker End (ms): Min: 588833.5, Avg: 588833.5, Max: 588833.6, Diff: 0.1]
   [Code Root Fixup: 0.0 ms]
   [Code Root Purge: 0.0 ms]
   [Clear CT: 1.8 ms]
   [Other: 2.9 ms]
      [Choose CSet: 0.0 ms]
      [Ref Proc: 1.2 ms]
      [Ref Enq: 0.0 ms]
      [Redirty Cards: 1.3 ms]
      [Humongous Register: 0.0 ms]
      [Humongous Reclaim: 0.0 ms]
      [Free CSet: 0.1 ms]
   [Eden: 152.0M(152.0M)->0.0B(152.0M) Survivors: 1024.0K->1024.0K Heap: 189.2M(256.0M)->38187.8K(256.0M)]
Heap after GC invocations=556 (full 0):
 garbage-first heap   total 262144K, used 38187K [0x00000000f0000000, 0x00000000f0100800, 0x0000000100000000)
  region size 1024K, 1 young (1024K), 1 survivors (1024K)
 Metaspace       used 52897K, capacity 56076K, committed 56192K, reserved 1097728K
  class space    used 6460K, capacity 7028K, committed 7040K, reserved 1048576K
}
 [Times: user=0.04 sys=0.00, real=0.01 secs] 
{Heap before GC invocations=556 (full 0):
 garbage-first heap   total 262144K, used 193835K [0x00000000f0000000, 0x00000000f0100800, 0x0000000100000000)
  region size 1024K, 153 young (156672K), 1 survivors (1024K)
 Metaspace       used 52897K, capacity 56076K, committed 56192K, reserved 1097728K
  class space    used 6460K, capacity 7028K, committed 7040K, reserved 1048576K
2023-10-03T06:54:41.749+0800: 589.612: [GC pause (G1 Evacuation Pause) (young), 0.0082468 secs]
   [Parallel Time: 4.2 ms, GC Workers: 10]
      [GC Worker Start (ms): Min: 589612.1, Avg: 589612.4, Max: 589612.6, Diff: 0.5]
      [Ext Root Scanning (ms): Min: 1.3, Avg: 1.4, Max: 1.8, Diff: 0.5, Sum: 14.5]
      [Update RS (ms): Min: 0.8, Avg: 0.9, Max: 1.0, Diff: 0.2, Sum: 8.9]
         [Processed Buffers: Min: 4, Avg: 9.7, Max: 16, Diff: 12, Sum: 97]
      [Scan RS (ms): Min: 0.0, Avg: 0.1, Max: 0.1, Diff: 0.1, Sum: 0.6]
      [Code Root Scanning (ms): Min: 0.0, Avg: 0.0, Max: 0.0, Diff: 0.0, Sum: 0.0]
      [Object Copy (ms): Min: 0.8, Avg: 1.0, Max: 1.0, Diff: 0.2, Sum: 9.9]
      [Termination (ms): Min: 0.0, Avg: 0.0, Max: 0.0, Diff: 0.0, Sum: 0.0]
         [Termination Attempts: Min: 1, Avg: 1.2, Max: 2, Diff: 1, Sum: 12]
      [GC Worker Other (ms): Min: 0.0, Avg: 0.1, Max: 0.1, Diff: 0.1, Sum: 0.6]
      [GC Worker Total (ms): Min: 3.3, Avg: 3.4, Max: 3.7, Diff: 0.4, Sum: 34.5]
      [GC Worker End (ms): Min: 589615.8, Avg: 589615.8, Max: 589615.9, Diff: 0.1]
   [Code Root Fixup: 0.0 ms]
   [Code Root Purge: 0.0 ms]
   [Clear CT: 1.4 ms]
   [Other: 2.6 ms]
      [Choose CSet: 0.0 ms]
      [Ref Proc: 1.1 ms]
      [Ref Enq: 0.0 ms]
      [Redirty Cards: 1.1 ms]
      [Humongous Register: 0.0 ms]
      [Humongous Reclaim: 0.0 ms]
      [Free CSet: 0.1 ms]
   [Eden: 152.0M(152.0M)->0.0B(152.0M) Survivors: 1024.0K->1024.0K Heap: 189.3M(256.0M)->38075.8K(256.0M)]
Heap after GC invocations=557 (full 0):
 garbage-first heap   total 262144K, used 38075K [0x00000000f0000000, 0x00000000f0100800, 0x0000000100000000)
  region size 1024K, 1 young (1024K), 1 survivors (1024K)
 Metaspace       used 52897K, capacity 56076K, committed 56192K, reserved 1097728K
  class space    used 6460K, capacity 7028K, committed 7040K, reserved 1048576K
}
 [Times: user=0.04 sys=0.00, real=0.01 secs] 
{Heap before GC invocations=557 (full 0):
 garbage-first heap   total 262144K, used 193723K [0x00000000f0000000, 0x00000000f0100800, 0x0000000100000000)
  region size 1024K, 153 young (156672K), 1 survivors (1024K)
 Metaspace       used 52897K, capacity 56076K, committed 56192K, reserved 1097728K
  class space    used 6460K, capacity 7028K, committed 7040K, reserved 1048576K
2023-10-03T06:54:42.551+0800: 590.414: [GC pause (G1 Evacuation Pause) (young), 0.0091218 secs]
   [Parallel Time: 4.6 ms, GC Workers: 10]
      [GC Worker Start (ms): Min: 590414.5, Avg: 590414.7, Max: 590415.0, Diff: 0.5]
      [Ext Root Scanning (ms): Min: 1.2, Avg: 1.5, Max: 1.9, Diff: 0.7, Sum: 15.1]
      [Update RS (ms): Min: 0.8, Avg: 0.9, Max: 1.0, Diff: 0.1, Sum: 9.0]
         [Processed Buffers: Min: 4, Avg: 9.7, Max: 14, Diff: 10, Sum: 97]
      [Scan RS (ms): Min: 0.0, Avg: 0.1, Max: 0.1, Diff: 0.1, Sum: 0.6]
      [Code Root Scanning (ms): Min: 0.0, Avg: 0.0, Max: 0.0, Diff: 0.0, Sum: 0.0]
      [Object Copy (ms): Min: 0.9, Avg: 1.0, Max: 1.1, Diff: 0.3, Sum: 10.3]
      [Termination (ms): Min: 0.0, Avg: 0.0, Max: 0.0, Diff: 0.0, Sum: 0.0]
         [Termination Attempts: Min: 1, Avg: 1.1, Max: 2, Diff: 1, Sum: 11]
      [GC Worker Other (ms): Min: 0.0, Avg: 0.1, Max: 0.2, Diff: 0.2, Sum: 0.7]
      [GC Worker Total (ms): Min: 3.3, Avg: 3.6, Max: 3.8, Diff: 0.5, Sum: 35.7]
      [GC Worker End (ms): Min: 590418.3, Avg: 590418.3, Max: 590418.4, Diff: 0.2]
   [Code Root Fixup: 0.0 ms]
   [Code Root Purge: 0.0 ms]
   [Clear CT: 1.4 ms]
   [Other: 3.2 ms]
      [Choose CSet: 0.0 ms]
      [Ref Proc: 1.4 ms]
      [Ref Enq: 0.0 ms]
      [Redirty Cards: 1.3 ms]
      [Humongous Register: 0.0 ms]
      [Humongous Reclaim: 0.0 ms]
      [Free CSet: 0.1 ms]
   [Eden: 152.0M(152.0M)->0.0B(152.0M) Survivors: 1024.0K->1024.0K Heap: 189.2M(256.0M)->38045.2K(256.0M)]
Heap after GC invocations=558 (full 0):
 garbage-first heap   total 262144K, used 38045K [0x00000000f0000000, 0x00000000f0100800, 0x0000000100000000)
  region size 1024K, 1 young (1024K), 1 survivors (1024K)
 Metaspace       used 52897K, capacity 56076K, committed 56192K, reserved 1097728K
  class space    used 6460K, capacity 7028K, committed 7040K, reserved 1048576K
}
 [Times: user=0.04 sys=0.00, real=0.01 secs] 
{Heap before GC invocations=558 (full 0):
 garbage-first heap   total 262144K, used 193693K [0x00000000f0000000, 0x00000000f0100800, 0x0000000100000000)
  region size 1024K, 153 young (156672K), 1 survivors (1024K)
 Metaspace       used 52897K, capacity 56076K, committed 56192K, reserved 1097728K
  class space    used 6460K, capacity 7028K, committed 7040K, reserved 1048576K
2023-10-03T06:54:43.351+0800: 591.214: [GC pause (G1 Evacuation Pause) (young), 0.0091649 secs]
   [Parallel Time: 4.4 ms, GC Workers: 10]
      [GC Worker Start (ms): Min: 591214.6, Avg: 591214.9, Max: 591215.1, Diff: 0.5]
      [Ext Root Scanning (ms): Min: 1.3, Avg: 1.5, Max: 1.8, Diff: 0.5, Sum: 14.8]
      [Update RS (ms): Min: 0.8, Avg: 0.8, Max: 0.9, Diff: 0.2, Sum: 8.4]
         [Processed Buffers: Min: 5, Avg: 9.7, Max: 20, Diff: 15, Sum: 97]
      [Scan RS (ms): Min: 0.0, Avg: 0.1, Max: 0.1, Diff: 0.1, Sum: 0.7]
      [Code Root Scanning (ms): Min: 0.0, Avg: 0.0, Max: 0.0, Diff: 0.0, Sum: 0.0]
      [Object Copy (ms): Min: 0.8, Avg: 1.0, Max: 1.1, Diff: 0.2, Sum: 10.1]
      [Termination (ms): Min: 0.0, Avg: 0.0, Max: 0.0, Diff: 0.0, Sum: 0.0]
         [Termination Attempts: Min: 1, Avg: 1.0, Max: 1, Diff: 0, Sum: 10]
      [GC Worker Other (ms): Min: 0.0, Avg: 0.0, Max: 0.1, Diff: 0.1, Sum: 0.4]
      [GC Worker Total (ms): Min: 3.2, Avg: 3.4, Max: 3.7, Diff: 0.5, Sum: 34.3]
      [GC Worker End (ms): Min: 591218.3, Avg: 591218.3, Max: 591218.4, Diff: 0.1]
   [Code Root Fixup: 0.0 ms]
   [Code Root Purge: 0.0 ms]
   [Clear CT: 1.5 ms]
   [Other: 3.3 ms]
      [Choose CSet: 0.0 ms]
      [Ref Proc: 1.6 ms]
      [Ref Enq: 0.0 ms]
      [Redirty Cards: 1.3 ms]
      [Humongous Register: 0.0 ms]
      [Humongous Reclaim: 0.0 ms]
      [Free CSet: 0.1 ms]
   [Eden: 152.0M(152.0M)->0.0B(152.0M) Survivors: 1024.0K->1024.0K Heap: 189.2M(256.0M)->38072.3K(256.0M)]
Heap after GC invocations=559 (full 0):
 garbage-first heap   total 262144K, used 38072K [0x00000000f0000000, 0x00000000f0100800, 0x0000000100000000)
  region size 1024K, 1 young (1024K), 1 survivors (1024K)
 Metaspace       used 52897K, capacity 56076K, committed 56192K, reserved 1097728K
  class space    used 6460K, capacity 7028K, committed 7040K, reserved 1048576K
}
 [Times: user=0.04 sys=0.00, real=0.01 secs] 
{Heap before GC invocations=559 (full 0):
 garbage-first heap   total 262144K, used 193720K [0x00000000f0000000, 0x00000000f0100800, 0x0000000100000000)
  region size 1024K, 153 young (156672K), 1 survivors (1024K)
 Metaspace       used 52897K, capacity 56076K, committed 56192K, reserved 1097728K
  class space    used 6460K, capacity 7028K, committed 7040K, reserved 1048576K
2023-10-03T06:54:44.168+0800: 592.031: [GC pause (G1 Evacuation Pause) (young), 0.0086557 secs]
   [Parallel Time: 4.4 ms, GC Workers: 10]
      [GC Worker Start (ms): Min: 592031.6, Avg: 592031.8, Max: 592032.1, Diff: 0.4]
      [Ext Root Scanning (ms): Min: 1.3, Avg: 1.5, Max: 1.8, Diff: 0.6, Sum: 14.9]
      [Update RS (ms): Min: 0.8, Avg: 0.9, Max: 1.0, Diff: 0.2, Sum: 8.8]
         [Processed Buffers: Min: 4, Avg: 9.9, Max: 17, Diff: 13, Sum: 99]
      [Scan RS (ms): Min: 0.0, Avg: 0.1, Max: 0.1, Diff: 0.1, Sum: 0.5]
      [Code Root Scanning (ms): Min: 0.0, Avg: 0.0, Max: 0.0, Diff: 0.0, Sum: 0.0]
      [Object Copy (ms): Min: 0.8, Avg: 1.0, Max: 1.0, Diff: 0.2, Sum: 9.7]
      [Termination (ms): Min: 0.0, Avg: 0.0, Max: 0.0, Diff: 0.0, Sum: 0.0]
         [Termination Attempts: Min: 1, Avg: 1.0, Max: 1, Diff: 0, Sum: 10]
      [GC Worker Other (ms): Min: 0.0, Avg: 0.0, Max: 0.1, Diff: 0.1, Sum: 0.4]
      [GC Worker Total (ms): Min: 3.2, Avg: 3.4, Max: 3.6, Diff: 0.4, Sum: 34.3]
      [GC Worker End (ms): Min: 592035.3, Avg: 592035.3, Max: 592035.3, Diff: 0.1]
   [Code Root Fixup: 0.0 ms]
   [Code Root Purge: 0.0 ms]
   [Clear CT: 1.9 ms]
   [Other: 2.3 ms]
      [Choose CSet: 0.0 ms]
      [Ref Proc: 0.8 ms]
      [Ref Enq: 0.0 ms]
      [Redirty Cards: 1.2 ms]
      [Humongous Register: 0.0 ms]
      [Humongous Reclaim: 0.0 ms]
      [Free CSet: 0.1 ms]
   [Eden: 152.0M(152.0M)->0.0B(152.0M) Survivors: 1024.0K->1024.0K Heap: 189.2M(256.0M)->38050.0K(256.0M)]
Heap after GC invocations=560 (full 0):
 garbage-first heap   total 262144K, used 38050K [0x00000000f0000000, 0x00000000f0100800, 0x0000000100000000)
  region size 1024K, 1 young (1024K), 1 survivors (1024K)
 Metaspace       used 52897K, capacity 56076K, committed 56192K, reserved 1097728K
  class space    used 6460K, capacity 7028K, committed 7040K, reserved 1048576K
}
 [Times: user=0.04 sys=0.00, real=0.01 secs] 
{Heap before GC invocations=560 (full 0):
 garbage-first heap   total 262144K, used 193698K [0x00000000f0000000, 0x00000000f0100800, 0x0000000100000000)
  region size 1024K, 153 young (156672K), 1 survivors (1024K)
 Metaspace       used 52897K, capacity 56076K, committed 56192K, reserved 1097728K
  class space    used 6460K, capacity 7028K, committed 7040K, reserved 1048576K
2023-10-03T06:54:44.977+0800: 592.841: [GC pause (G1 Evacuation Pause) (young), 0.0080453 secs]
   [Parallel Time: 4.1 ms, GC Workers: 10]
      [GC Worker Start (ms): Min: 592840.9, Avg: 592841.2, Max: 592841.4, Diff: 0.5]
      [Ext Root Scanning (ms): Min: 1.2, Avg: 1.4, Max: 1.7, Diff: 0.6, Sum: 13.6]
      [Update RS (ms): Min: 0.8, Avg: 0.9, Max: 1.0, Diff: 0.2, Sum: 9.1]
         [Processed Buffers: Min: 4, Avg: 9.7, Max: 19, Diff: 15, Sum: 97]
      [Scan RS (ms): Min: 0.0, Avg: 0.1, Max: 0.1, Diff: 0.1, Sum: 0.6]
      [Code Root Scanning (ms): Min: 0.0, Avg: 0.0, Max: 0.0, Diff: 0.0, Sum: 0.0]
      [Object Copy (ms): Min: 0.7, Avg: 0.9, Max: 1.0, Diff: 0.2, Sum: 9.0]
      [Termination (ms): Min: 0.0, Avg: 0.0, Max: 0.0, Diff: 0.0, Sum: 0.0]
         [Termination Attempts: Min: 1, Avg: 1.0, Max: 1, Diff: 0, Sum: 10]
      [GC Worker Other (ms): Min: 0.0, Avg: 0.0, Max: 0.1, Diff: 0.1, Sum: 0.4]
      [GC Worker Total (ms): Min: 3.1, Avg: 3.3, Max: 3.5, Diff: 0.5, Sum: 32.7]
      [GC Worker End (ms): Min: 592844.4, Avg: 592844.4, Max: 592844.5, Diff: 0.1]
   [Code Root Fixup: 0.0 ms]
   [Code Root Purge: 0.0 ms]
   [Clear CT: 1.5 ms]
   [Other: 2.4 ms]
      [Choose CSet: 0.0 ms]
      [Ref Proc: 0.7 ms]
      [Ref Enq: 0.0 ms]
      [Redirty Cards: 1.3 ms]
      [Humongous Register: 0.0 ms]
      [Humongous Reclaim: 0.0 ms]
      [Free CSet: 0.1 ms]
   [Eden: 152.0M(152.0M)->0.0B(152.0M) Survivors: 1024.0K->1024.0K Heap: 189.2M(256.0M)->38027.2K(256.0M)]
Heap after GC invocations=561 (full 0):
 garbage-first heap   total 262144K, used 38027K [0x00000000f0000000, 0x00000000f0100800, 0x0000000100000000)
  region size 1024K, 1 young (1024K), 1 survivors (1024K)
 Metaspace       used 52897K, capacity 56076K, committed 56192K, reserved 1097728K
  class space    used 6460K, capacity 7028K, committed 7040K, reserved 1048576K
}
 [Times: user=0.03 sys=0.00, real=0.01 secs] 
{Heap before GC invocations=561 (full 0):
 garbage-first heap   total 262144K, used 193675K [0x00000000f0000000, 0x00000000f0100800, 0x0000000100000000)
  region size 1024K, 153 young (156672K), 1 survivors (1024K)
 Metaspace       used 52897K, capacity 56076K, committed 56192K, reserved 1097728K
  class space    used 6460K, capacity 7028K, committed 7040K, reserved 1048576K
2023-10-03T06:54:45.783+0800: 593.646: [GC pause (G1 Evacuation Pause) (young), 0.0089085 secs]
   [Parallel Time: 4.4 ms, GC Workers: 10]
      [GC Worker Start (ms): Min: 593646.6, Avg: 593646.9, Max: 593647.1, Diff: 0.5]
      [Ext Root Scanning (ms): Min: 1.2, Avg: 1.4, Max: 1.7, Diff: 0.5, Sum: 13.8]
      [Update RS (ms): Min: 0.7, Avg: 0.9, Max: 1.0, Diff: 0.2, Sum: 8.7]
         [Processed Buffers: Min: 4, Avg: 9.8, Max: 18, Diff: 14, Sum: 98]
      [Scan RS (ms): Min: 0.0, Avg: 0.1, Max: 0.1, Diff: 0.1, Sum: 0.5]
      [Code Root Scanning (ms): Min: 0.0, Avg: 0.0, Max: 0.0, Diff: 0.0, Sum: 0.0]
      [Object Copy (ms): Min: 0.8, Avg: 1.0, Max: 1.1, Diff: 0.3, Sum: 9.6]
      [Termination (ms): Min: 0.0, Avg: 0.0, Max: 0.0, Diff: 0.0, Sum: 0.1]
         [Termination Attempts: Min: 1, Avg: 1.3, Max: 2, Diff: 1, Sum: 13]
      [GC Worker Other (ms): Min: 0.0, Avg: 0.0, Max: 0.1, Diff: 0.1, Sum: 0.5]
      [GC Worker Total (ms): Min: 3.1, Avg: 3.3, Max: 3.6, Diff: 0.5, Sum: 33.1]
      [GC Worker End (ms): Min: 593650.2, Avg: 593650.2, Max: 593650.3, Diff: 0.1]
   [Code Root Fixup: 0.0 ms]
   [Code Root Purge: 0.0 ms]
   [Clear CT: 1.4 ms]
   [Other: 3.1 ms]
      [Choose CSet: 0.0 ms]
      [Ref Proc: 1.2 ms]
      [Ref Enq: 0.0 ms]
      [Redirty Cards: 1.4 ms]
      [Humongous Register: 0.0 ms]
      [Humongous Reclaim: 0.0 ms]
      [Free CSet: 0.1 ms]
   [Eden: 152.0M(152.0M)->0.0B(152.0M) Survivors: 1024.0K->1024.0K Heap: 189.1M(256.0M)->38089.3K(256.0M)]
Heap after GC invocations=562 (full 0):
 garbage-first heap   total 262144K, used 38089K [0x00000000f0000000, 0x00000000f0100800, 0x0000000100000000)
  region size 1024K, 1 young (1024K), 1 survivors (1024K)
 Metaspace       used 52897K, capacity 56076K, committed 56192K, reserved 1097728K
  class space    used 6460K, capacity 7028K, committed 7040K, reserved 1048576K
}
 [Times: user=0.04 sys=0.00, real=0.01 secs] 
{Heap before GC invocations=562 (full 0):
 garbage-first heap   total 262144K, used 193737K [0x00000000f0000000, 0x00000000f0100800, 0x0000000100000000)
  region size 1024K, 153 young (156672K), 1 survivors (1024K)
 Metaspace       used 52897K, capacity 56076K, committed 56192K, reserved 1097728K
  class space    used 6460K, capacity 7028K, committed 7040K, reserved 1048576K
2023-10-03T06:54:46.581+0800: 594.444: [GC pause (G1 Evacuation Pause) (young), 0.0085251 secs]
   [Parallel Time: 4.3 ms, GC Workers: 10]
      [GC Worker Start (ms): Min: 594444.4, Avg: 594444.6, Max: 594444.8, Diff: 0.5]
      [Ext Root Scanning (ms): Min: 1.1, Avg: 1.4, Max: 1.8, Diff: 0.6, Sum: 14.5]
      [Update RS (ms): Min: 0.7, Avg: 0.9, Max: 1.0, Diff: 0.4, Sum: 8.8]
         [Processed Buffers: Min: 3, Avg: 9.8, Max: 17, Diff: 14, Sum: 98]
      [Scan RS (ms): Min: 0.0, Avg: 0.1, Max: 0.1, Diff: 0.1, Sum: 0.8]
      [Code Root Scanning (ms): Min: 0.0, Avg: 0.0, Max: 0.0, Diff: 0.0, Sum: 0.0]
      [Object Copy (ms): Min: 0.8, Avg: 0.9, Max: 1.1, Diff: 0.4, Sum: 9.5]
      [Termination (ms): Min: 0.0, Avg: 0.0, Max: 0.0, Diff: 0.0, Sum: 0.0]
         [Termination Attempts: Min: 1, Avg: 1.0, Max: 1, Diff: 0, Sum: 10]
      [GC Worker Other (ms): Min: 0.0, Avg: 0.0, Max: 0.1, Diff: 0.1, Sum: 0.5]
      [GC Worker Total (ms): Min: 3.1, Avg: 3.4, Max: 3.6, Diff: 0.5, Sum: 34.0]
      [GC Worker End (ms): Min: 594448.0, Avg: 594448.0, Max: 594448.0, Diff: 0.1]
   [Code Root Fixup: 0.0 ms]
   [Code Root Purge: 0.0 ms]
   [Clear CT: 1.7 ms]
   [Other: 2.5 ms]
      [Choose CSet: 0.0 ms]
      [Ref Proc: 0.7 ms]
      [Ref Enq: 0.0 ms]
      [Redirty Cards: 1.4 ms]
      [Humongous Register: 0.0 ms]
      [Humongous Reclaim: 0.0 ms]
      [Free CSet: 0.1 ms]
   [Eden: 152.0M(152.0M)->0.0B(152.0M) Survivors: 1024.0K->1024.0K Heap: 189.2M(256.0M)->38092.1K(256.0M)]
Heap after GC invocations=563 (full 0):
 garbage-first heap   total 262144K, used 38092K [0x00000000f0000000, 0x00000000f0100800, 0x0000000100000000)
  region size 1024K, 1 young (1024K), 1 survivors (1024K)
 Metaspace       used 52897K, capacity 56076K, committed 56192K, reserved 1097728K
  class space    used 6460K, capacity 7028K, committed 7040K, reserved 1048576K
}
 [Times: user=0.03 sys=0.01, real=0.00 secs] 
{Heap before GC invocations=563 (full 0):
 garbage-first heap   total 262144K, used 193740K [0x00000000f0000000, 0x00000000f0100800, 0x0000000100000000)
  region size 1024K, 153 young (156672K), 1 survivors (1024K)
 Metaspace       used 52897K, capacity 56076K, committed 56192K, reserved 1097728K
  class space    used 6460K, capacity 7028K, committed 7040K, reserved 1048576K
2023-10-03T06:54:47.369+0800: 595.233: [GC pause (G1 Evacuation Pause) (young), 0.0090431 secs]
   [Parallel Time: 4.5 ms, GC Workers: 10]
      [GC Worker Start (ms): Min: 595232.9, Avg: 595233.2, Max: 595233.4, Diff: 0.5]
      [Ext Root Scanning (ms): Min: 1.2, Avg: 1.4, Max: 1.8, Diff: 0.6, Sum: 14.2]
      [Update RS (ms): Min: 0.8, Avg: 0.8, Max: 0.9, Diff: 0.2, Sum: 8.4]
         [Processed Buffers: Min: 7, Avg: 9.7, Max: 14, Diff: 7, Sum: 97]
      [Scan RS (ms): Min: 0.0, Avg: 0.1, Max: 0.1, Diff: 0.1, Sum: 0.6]
      [Code Root Scanning (ms): Min: 0.0, Avg: 0.0, Max: 0.0, Diff: 0.0, Sum: 0.0]
      [Object Copy (ms): Min: 0.9, Avg: 1.0, Max: 1.1, Diff: 0.3, Sum: 10.1]
      [Termination (ms): Min: 0.0, Avg: 0.0, Max: 0.0, Diff: 0.0, Sum: 0.1]
         [Termination Attempts: Min: 1, Avg: 1.4, Max: 2, Diff: 1, Sum: 14]
      [GC Worker Other (ms): Min: 0.0, Avg: 0.0, Max: 0.1, Diff: 0.1, Sum: 0.4]
      [GC Worker Total (ms): Min: 3.1, Avg: 3.4, Max: 3.6, Diff: 0.5, Sum: 33.8]
      [GC Worker End (ms): Min: 595236.5, Avg: 595236.6, Max: 595236.6, Diff: 0.1]
   [Code Root Fixup: 0.0 ms]
   [Code Root Purge: 0.0 ms]
   [Clear CT: 1.2 ms]
   [Other: 3.4 ms]
      [Choose CSet: 0.0 ms]
      [Ref Proc: 1.5 ms]
      [Ref Enq: 0.0 ms]
      [Redirty Cards: 1.5 ms]
      [Humongous Register: 0.0 ms]
      [Humongous Reclaim: 0.0 ms]
      [Free CSet: 0.1 ms]
   [Eden: 152.0M(152.0M)->0.0B(152.0M) Survivors: 1024.0K->1024.0K Heap: 189.2M(256.0M)->38085.5K(256.0M)]
Heap after GC invocations=564 (full 0):
 garbage-first heap   total 262144K, used 38085K [0x00000000f0000000, 0x00000000f0100800, 0x0000000100000000)
  region size 1024K, 1 young (1024K), 1 survivors (1024K)
 Metaspace       used 52897K, capacity 56076K, committed 56192K, reserved 1097728K
  class space    used 6460K, capacity 7028K, committed 7040K, reserved 1048576K
}
 [Times: user=0.04 sys=0.00, real=0.01 secs] 
{Heap before GC invocations=564 (full 0):
 garbage-first heap   total 262144K, used 193733K [0x00000000f0000000, 0x00000000f0100800, 0x0000000100000000)
  region size 1024K, 153 young (156672K), 1 survivors (1024K)
 Metaspace       used 52897K, capacity 56076K, committed 56192K, reserved 1097728K
  class space    used 6460K, capacity 7028K, committed 7040K, reserved 1048576K
2023-10-03T06:54:48.192+0800: 596.056: [GC pause (G1 Evacuation Pause) (young), 0.0087114 secs]
   [Parallel Time: 4.0 ms, GC Workers: 10]
      [GC Worker Start (ms): Min: 596055.8, Avg: 596056.0, Max: 596056.3, Diff: 0.5]
      [Ext Root Scanning (ms): Min: 1.2, Avg: 1.4, Max: 1.8, Diff: 0.6, Sum: 14.1]
      [Update RS (ms): Min: 0.8, Avg: 0.9, Max: 1.0, Diff: 0.2, Sum: 8.6]
         [Processed Buffers: Min: 4, Avg: 9.6, Max: 18, Diff: 14, Sum: 96]
      [Scan RS (ms): Min: 0.0, Avg: 0.1, Max: 0.1, Diff: 0.1, Sum: 0.6]
      [Code Root Scanning (ms): Min: 0.0, Avg: 0.0, Max: 0.0, Diff: 0.0, Sum: 0.0]
      [Object Copy (ms): Min: 0.7, Avg: 0.9, Max: 1.0, Diff: 0.3, Sum: 9.1]
      [Termination (ms): Min: 0.0, Avg: 0.0, Max: 0.0, Diff: 0.0, Sum: 0.0]
         [Termination Attempts: Min: 1, Avg: 1.4, Max: 2, Diff: 1, Sum: 14]
      [GC Worker Other (ms): Min: 0.0, Avg: 0.1, Max: 0.1, Diff: 0.1, Sum: 0.5]
      [GC Worker Total (ms): Min: 3.1, Avg: 3.3, Max: 3.5, Diff: 0.5, Sum: 33.0]
      [GC Worker End (ms): Min: 596059.3, Avg: 596059.3, Max: 596059.4, Diff: 0.1]
   [Code Root Fixup: 0.0 ms]
   [Code Root Purge: 0.0 ms]
   [Clear CT: 1.2 ms]
   [Other: 3.4 ms]
      [Choose CSet: 0.0 ms]
      [Ref Proc: 1.7 ms]
      [Ref Enq: 0.0 ms]
      [Redirty Cards: 1.3 ms]
      [Humongous Register: 0.0 ms]
      [Humongous Reclaim: 0.0 ms]
      [Free CSet: 0.1 ms]
   [Eden: 152.0M(152.0M)->0.0B(152.0M) Survivors: 1024.0K->1024.0K Heap: 189.2M(256.0M)->38025.6K(256.0M)]
Heap after GC invocations=565 (full 0):
 garbage-first heap   total 262144K, used 38025K [0x00000000f0000000, 0x00000000f0100800, 0x0000000100000000)
  region size 1024K, 1 young (1024K), 1 survivors (1024K)
 Metaspace       used 52897K, capacity 56076K, committed 56192K, reserved 1097728K
  class space    used 6460K, capacity 7028K, committed 7040K, reserved 1048576K
}
 [Times: user=0.04 sys=0.00, real=0.01 secs] 
{Heap before GC invocations=565 (full 0):
 garbage-first heap   total 262144K, used 193673K [0x00000000f0000000, 0x00000000f0100800, 0x0000000100000000)
  region size 1024K, 153 young (156672K), 1 survivors (1024K)
 Metaspace       used 52897K, capacity 56076K, committed 56192K, reserved 1097728K
  class space    used 6460K, capacity 7028K, committed 7040K, reserved 1048576K
2023-10-03T06:54:48.999+0800: 596.862: [GC pause (G1 Evacuation Pause) (young), 0.0090276 secs]
   [Parallel Time: 4.3 ms, GC Workers: 10]
      [GC Worker Start (ms): Min: 596862.7, Avg: 596862.9, Max: 596863.1, Diff: 0.5]
      [Ext Root Scanning (ms): Min: 1.2, Avg: 1.5, Max: 1.8, Diff: 0.6, Sum: 14.6]
      [Update RS (ms): Min: 0.8, Avg: 0.9, Max: 1.0, Diff: 0.1, Sum: 8.8]
         [Processed Buffers: Min: 2, Avg: 9.8, Max: 20, Diff: 18, Sum: 98]
      [Scan RS (ms): Min: 0.0, Avg: 0.1, Max: 0.1, Diff: 0.1, Sum: 0.6]
      [Code Root Scanning (ms): Min: 0.0, Avg: 0.0, Max: 0.0, Diff: 0.0, Sum: 0.0]
      [Object Copy (ms): Min: 0.7, Avg: 0.9, Max: 0.9, Diff: 0.2, Sum: 8.9]
      [Termination (ms): Min: 0.0, Avg: 0.0, Max: 0.0, Diff: 0.0, Sum: 0.2]
         [Termination Attempts: Min: 1, Avg: 1.1, Max: 2, Diff: 1, Sum: 11]
      [GC Worker Other (ms): Min: 0.0, Avg: 0.0, Max: 0.1, Diff: 0.0, Sum: 0.3]
      [GC Worker Total (ms): Min: 3.1, Avg: 3.4, Max: 3.6, Diff: 0.5, Sum: 33.5]
      [GC Worker End (ms): Min: 596866.2, Avg: 596866.3, Max: 596866.3, Diff: 0.0]
   [Code Root Fixup: 0.0 ms]
   [Code Root Purge: 0.0 ms]
   [Clear CT: 1.3 ms]
   [Other: 3.4 ms]
      [Choose CSet: 0.0 ms]
      [Ref Proc: 1.5 ms]
      [Ref Enq: 0.0 ms]
      [Redirty Cards: 1.5 ms]
      [Humongous Register: 0.0 ms]
      [Humongous Reclaim: 0.0 ms]
      [Free CSet: 0.1 ms]
   [Eden: 152.0M(152.0M)->0.0B(152.0M) Survivors: 1024.0K->1024.0K Heap: 189.1M(256.0M)->38027.5K(256.0M)]
Heap after GC invocations=566 (full 0):
 garbage-first heap   total 262144K, used 38027K [0x00000000f0000000, 0x00000000f0100800, 0x0000000100000000)
  region size 1024K, 1 young (1024K), 1 survivors (1024K)
 Metaspace       used 52897K, capacity 56076K, committed 56192K, reserved 1097728K
  class space    used 6460K, capacity 7028K, committed 7040K, reserved 1048576K
}
 [Times: user=0.04 sys=0.00, real=0.01 secs] 
{Heap before GC invocations=566 (full 0):
 garbage-first heap   total 262144K, used 193675K [0x00000000f0000000, 0x00000000f0100800, 0x0000000100000000)
  region size 1024K, 153 young (156672K), 1 survivors (1024K)
 Metaspace       used 52897K, capacity 56076K, committed 56192K, reserved 1097728K
  class space    used 6460K, capacity 7028K, committed 7040K, reserved 1048576K
2023-10-03T06:54:49.805+0800: 597.668: [GC pause (G1 Evacuation Pause) (young), 0.0089749 secs]
   [Parallel Time: 4.4 ms, GC Workers: 10]
      [GC Worker Start (ms): Min: 597668.5, Avg: 597668.7, Max: 597668.9, Diff: 0.4]
      [Ext Root Scanning (ms): Min: 1.3, Avg: 1.5, Max: 1.8, Diff: 0.6, Sum: 14.5]
      [Update RS (ms): Min: 0.8, Avg: 0.9, Max: 1.0, Diff: 0.3, Sum: 8.7]
         [Processed Buffers: Min: 6, Avg: 9.7, Max: 21, Diff: 15, Sum: 97]
      [Scan RS (ms): Min: 0.0, Avg: 0.1, Max: 0.1, Diff: 0.1, Sum: 0.5]
      [Code Root Scanning (ms): Min: 0.0, Avg: 0.0, Max: 0.0, Diff: 0.0, Sum: 0.0]
      [Object Copy (ms): Min: 0.8, Avg: 1.0, Max: 1.0, Diff: 0.2, Sum: 9.5]
      [Termination (ms): Min: 0.0, Avg: 0.0, Max: 0.0, Diff: 0.0, Sum: 0.0]
         [Termination Attempts: Min: 1, Avg: 1.2, Max: 2, Diff: 1, Sum: 12]
      [GC Worker Other (ms): Min: 0.0, Avg: 0.0, Max: 0.1, Diff: 0.1, Sum: 0.5]
      [GC Worker Total (ms): Min: 3.2, Avg: 3.4, Max: 3.6, Diff: 0.5, Sum: 33.9]
      [GC Worker End (ms): Min: 597672.1, Avg: 597672.1, Max: 597672.2, Diff: 0.1]
   [Code Root Fixup: 0.0 ms]
   [Code Root Purge: 0.0 ms]
   [Clear CT: 1.7 ms]
   [Other: 2.9 ms]
      [Choose CSet: 0.0 ms]
      [Ref Proc: 1.2 ms]
      [Ref Enq: 0.0 ms]
      [Redirty Cards: 1.4 ms]
      [Humongous Register: 0.0 ms]
      [Humongous Reclaim: 0.0 ms]
      [Free CSet: 0.1 ms]
   [Eden: 152.0M(152.0M)->0.0B(152.0M) Survivors: 1024.0K->1024.0K Heap: 189.1M(256.0M)->38281.8K(256.0M)]
Heap after GC invocations=567 (full 0):
 garbage-first heap   total 262144K, used 38281K [0x00000000f0000000, 0x00000000f0100800, 0x0000000100000000)
  region size 1024K, 1 young (1024K), 1 survivors (1024K)
 Metaspace       used 52897K, capacity 56076K, committed 56192K, reserved 1097728K
  class space    used 6460K, capacity 7028K, committed 7040K, reserved 1048576K
}
 [Times: user=0.04 sys=0.01, real=0.01 secs] 
{Heap before GC invocations=567 (full 0):
 garbage-first heap   total 262144K, used 193929K [0x00000000f0000000, 0x00000000f0100800, 0x0000000100000000)
  region size 1024K, 153 young (156672K), 1 survivors (1024K)
 Metaspace       used 52897K, capacity 56076K, committed 56192K, reserved 1097728K
  class space    used 6460K, capacity 7028K, committed 7040K, reserved 1048576K
2023-10-03T06:54:50.607+0800: 598.470: [GC pause (G1 Evacuation Pause) (young), 0.0092533 secs]
   [Parallel Time: 4.6 ms, GC Workers: 10]
      [GC Worker Start (ms): Min: 598470.3, Avg: 598470.6, Max: 598470.8, Diff: 0.5]
      [Ext Root Scanning (ms): Min: 1.3, Avg: 1.4, Max: 1.8, Diff: 0.6, Sum: 14.3]
      [Update RS (ms): Min: 0.8, Avg: 0.9, Max: 1.0, Diff: 0.2, Sum: 9.3]
         [Processed Buffers: Min: 6, Avg: 9.7, Max: 13, Diff: 7, Sum: 97]
      [Scan RS (ms): Min: 0.0, Avg: 0.1, Max: 0.1, Diff: 0.1, Sum: 0.6]
      [Code Root Scanning (ms): Min: 0.0, Avg: 0.0, Max: 0.0, Diff: 0.0, Sum: 0.0]
      [Object Copy (ms): Min: 0.8, Avg: 1.0, Max: 1.1, Diff: 0.3, Sum: 9.9]
      [Termination (ms): Min: 0.0, Avg: 0.0, Max: 0.0, Diff: 0.0, Sum: 0.0]
         [Termination Attempts: Min: 1, Avg: 1.0, Max: 1, Diff: 0, Sum: 10]
      [GC Worker Other (ms): Min: 0.0, Avg: 0.0, Max: 0.1, Diff: 0.1, Sum: 0.5]
      [GC Worker Total (ms): Min: 3.2, Avg: 3.5, Max: 3.7, Diff: 0.5, Sum: 34.7]
      [GC Worker End (ms): Min: 598474.1, Avg: 598474.1, Max: 598474.1, Diff: 0.1]
   [Code Root Fixup: 0.0 ms]
   [Code Root Purge: 0.0 ms]
   [Clear CT: 1.4 ms]
   [Other: 3.3 ms]
      [Choose CSet: 0.0 ms]
      [Ref Proc: 1.4 ms]
      [Ref Enq: 0.0 ms]
      [Redirty Cards: 1.5 ms]
      [Humongous Register: 0.0 ms]
      [Humongous Reclaim: 0.0 ms]
      [Free CSet: 0.1 ms]
   [Eden: 152.0M(152.0M)->0.0B(152.0M) Survivors: 1024.0K->1024.0K Heap: 189.4M(256.0M)->38229.0K(256.0M)]
Heap after GC invocations=568 (full 0):
 garbage-first heap   total 262144K, used 38228K [0x00000000f0000000, 0x00000000f0100800, 0x0000000100000000)
  region size 1024K, 1 young (1024K), 1 survivors (1024K)
 Metaspace       used 52897K, capacity 56076K, committed 56192K, reserved 1097728K
  class space    used 6460K, capacity 7028K, committed 7040K, reserved 1048576K
}
 [Times: user=0.04 sys=0.00, real=0.01 secs] 
{Heap before GC invocations=568 (full 0):
 garbage-first heap   total 262144K, used 193876K [0x00000000f0000000, 0x00000000f0100800, 0x0000000100000000)
  region size 1024K, 153 young (156672K), 1 survivors (1024K)
 Metaspace       used 52897K, capacity 56076K, committed 56192K, reserved 1097728K
  class space    used 6460K, capacity 7028K, committed 7040K, reserved 1048576K
2023-10-03T06:54:51.400+0800: 599.264: [GC pause (G1 Evacuation Pause) (young), 0.0088836 secs]
   [Parallel Time: 4.2 ms, GC Workers: 10]
      [GC Worker Start (ms): Min: 599263.8, Avg: 599264.1, Max: 599264.3, Diff: 0.5]
      [Ext Root Scanning (ms): Min: 1.2, Avg: 1.4, Max: 1.7, Diff: 0.6, Sum: 13.6]
      [Update RS (ms): Min: 0.8, Avg: 0.9, Max: 0.9, Diff: 0.1, Sum: 8.8]
         [Processed Buffers: Min: 6, Avg: 9.7, Max: 15, Diff: 9, Sum: 97]
      [Scan RS (ms): Min: 0.0, Avg: 0.1, Max: 0.1, Diff: 0.1, Sum: 0.7]
      [Code Root Scanning (ms): Min: 0.0, Avg: 0.0, Max: 0.0, Diff: 0.0, Sum: 0.0]
      [Object Copy (ms): Min: 0.7, Avg: 0.9, Max: 0.9, Diff: 0.2, Sum: 8.6]
      [Termination (ms): Min: 0.0, Avg: 0.0, Max: 0.0, Diff: 0.0, Sum: 0.0]
         [Termination Attempts: Min: 1, Avg: 1.0, Max: 1, Diff: 0, Sum: 10]
      [GC Worker Other (ms): Min: 0.0, Avg: 0.0, Max: 0.1, Diff: 0.1, Sum: 0.4]
      [GC Worker Total (ms): Min: 3.0, Avg: 3.2, Max: 3.5, Diff: 0.5, Sum: 32.0]
      [GC Worker End (ms): Min: 599267.3, Avg: 599267.3, Max: 599267.3, Diff: 0.1]
   [Code Root Fixup: 0.0 ms]
   [Code Root Purge: 0.0 ms]
   [Clear CT: 1.3 ms]
   [Other: 3.4 ms]
      [Choose CSet: 0.0 ms]
      [Ref Proc: 1.6 ms]
      [Ref Enq: 0.0 ms]
      [Redirty Cards: 1.4 ms]
      [Humongous Register: 0.0 ms]
      [Humongous Reclaim: 0.0 ms]
      [Free CSet: 0.1 ms]
   [Eden: 152.0M(152.0M)->0.0B(152.0M) Survivors: 1024.0K->1024.0K Heap: 189.3M(256.0M)->38067.4K(256.0M)]
Heap after GC invocations=569 (full 0):
 garbage-first heap   total 262144K, used 38067K [0x00000000f0000000, 0x00000000f0100800, 0x0000000100000000)
  region size 1024K, 1 young (1024K), 1 survivors (1024K)
 Metaspace       used 52897K, capacity 56076K, committed 56192K, reserved 1097728K
  class space    used 6460K, capacity 7028K, committed 7040K, reserved 1048576K
}
 [Times: user=0.04 sys=0.00, real=0.00 secs] 
{Heap before GC invocations=569 (full 0):
 garbage-first heap   total 262144K, used 193715K [0x00000000f0000000, 0x00000000f0100800, 0x0000000100000000)
  region size 1024K, 153 young (156672K), 1 survivors (1024K)
 Metaspace       used 52897K, capacity 56076K, committed 56192K, reserved 1097728K
  class space    used 6460K, capacity 7028K, committed 7040K, reserved 1048576K
2023-10-03T06:54:52.197+0800: 600.060: [GC pause (G1 Evacuation Pause) (young), 0.0081864 secs]
   [Parallel Time: 4.3 ms, GC Workers: 10]
      [GC Worker Start (ms): Min: 600060.3, Avg: 600060.5, Max: 600060.8, Diff: 0.5]
      [Ext Root Scanning (ms): Min: 1.2, Avg: 1.4, Max: 1.8, Diff: 0.6, Sum: 14.5]
      [Update RS (ms): Min: 0.8, Avg: 0.9, Max: 1.0, Diff: 0.1, Sum: 9.0]
         [Processed Buffers: Min: 6, Avg: 9.6, Max: 15, Diff: 9, Sum: 96]
      [Scan RS (ms): Min: 0.0, Avg: 0.0, Max: 0.1, Diff: 0.1, Sum: 0.5]
      [Code Root Scanning (ms): Min: 0.0, Avg: 0.0, Max: 0.0, Diff: 0.0, Sum: 0.0]
      [Object Copy (ms): Min: 0.8, Avg: 0.9, Max: 1.0, Diff: 0.2, Sum: 9.4]
      [Termination (ms): Min: 0.0, Avg: 0.0, Max: 0.0, Diff: 0.0, Sum: 0.1]
         [Termination Attempts: Min: 1, Avg: 2.1, Max: 3, Diff: 2, Sum: 21]
      [GC Worker Other (ms): Min: 0.0, Avg: 0.0, Max: 0.1, Diff: 0.1, Sum: 0.4]
      [GC Worker Total (ms): Min: 3.1, Avg: 3.4, Max: 3.6, Diff: 0.5, Sum: 33.8]
      [GC Worker End (ms): Min: 600063.9, Avg: 600063.9, Max: 600064.0, Diff: 0.1]
   [Code Root Fixup: 0.0 ms]
   [Code Root Purge: 0.0 ms]
   [Clear CT: 1.1 ms]
   [Other: 2.8 ms]
      [Choose CSet: 0.0 ms]
      [Ref Proc: 1.0 ms]
      [Ref Enq: 0.0 ms]
      [Redirty Cards: 1.4 ms]
      [Humongous Register: 0.0 ms]
      [Humongous Reclaim: 0.0 ms]
      [Free CSet: 0.1 ms]
   [Eden: 152.0M(152.0M)->0.0B(152.0M) Survivors: 1024.0K->1024.0K Heap: 189.2M(256.0M)->38131.2K(256.0M)]
Heap after GC invocations=570 (full 0):
 garbage-first heap   total 262144K, used 38131K [0x00000000f0000000, 0x00000000f0100800, 0x0000000100000000)
  region size 1024K, 1 young (1024K), 1 survivors (1024K)
 Metaspace       used 52897K, capacity 56076K, committed 56192K, reserved 1097728K
  class space    used 6460K, capacity 7028K, committed 7040K, reserved 1048576K
}
 [Times: user=0.04 sys=0.00, real=0.01 secs] 
{Heap before GC invocations=570 (full 0):
 garbage-first heap   total 262144K, used 193779K [0x00000000f0000000, 0x00000000f0100800, 0x0000000100000000)
  region size 1024K, 153 young (156672K), 1 survivors (1024K)
 Metaspace       used 52897K, capacity 56076K, committed 56192K, reserved 1097728K
  class space    used 6460K, capacity 7028K, committed 7040K, reserved 1048576K
2023-10-03T06:54:53.005+0800: 600.868: [GC pause (G1 Evacuation Pause) (young), 0.0087020 secs]
   [Parallel Time: 4.2 ms, GC Workers: 10]
      [GC Worker Start (ms): Min: 600868.0, Avg: 600868.3, Max: 600868.5, Diff: 0.5]
      [Ext Root Scanning (ms): Min: 1.3, Avg: 1.4, Max: 1.8, Diff: 0.6, Sum: 14.5]
      [Update RS (ms): Min: 0.8, Avg: 0.9, Max: 1.0, Diff: 0.2, Sum: 8.7]
         [Processed Buffers: Min: 5, Avg: 9.8, Max: 19, Diff: 14, Sum: 98]
      [Scan RS (ms): Min: 0.0, Avg: 0.1, Max: 0.1, Diff: 0.1, Sum: 0.6]
      [Code Root Scanning (ms): Min: 0.0, Avg: 0.0, Max: 0.0, Diff: 0.0, Sum: 0.0]
      [Object Copy (ms): Min: 0.7, Avg: 0.9, Max: 1.0, Diff: 0.2, Sum: 8.8]
      [Termination (ms): Min: 0.0, Avg: 0.0, Max: 0.0, Diff: 0.0, Sum: 0.0]
         [Termination Attempts: Min: 1, Avg: 1.2, Max: 2, Diff: 1, Sum: 12]
      [GC Worker Other (ms): Min: 0.0, Avg: 0.1, Max: 0.1, Diff: 0.1, Sum: 0.5]
      [GC Worker Total (ms): Min: 3.1, Avg: 3.3, Max: 3.6, Diff: 0.5, Sum: 33.2]
      [GC Worker End (ms): Min: 600871.5, Avg: 600871.6, Max: 600871.7, Diff: 0.1]
   [Code Root Fixup: 0.0 ms]
   [Code Root Purge: 0.0 ms]
   [Clear CT: 1.4 ms]
   [Other: 3.1 ms]
      [Choose CSet: 0.0 ms]
      [Ref Proc: 1.4 ms]
      [Ref Enq: 0.0 ms]
      [Redirty Cards: 1.3 ms]
      [Humongous Register: 0.0 ms]
      [Humongous Reclaim: 0.0 ms]
      [Free CSet: 0.1 ms]
   [Eden: 152.0M(152.0M)->0.0B(152.0M) Survivors: 1024.0K->1024.0K Heap: 189.2M(256.0M)->38251.8K(256.0M)]
Heap after GC invocations=571 (full 0):
 garbage-first heap   total 262144K, used 38251K [0x00000000f0000000, 0x00000000f0100800, 0x0000000100000000)
  region size 1024K, 1 young (1024K), 1 survivors (1024K)
 Metaspace       used 52897K, capacity 56076K, committed 56192K, reserved 1097728K
  class space    used 6460K, capacity 7028K, committed 7040K, reserved 1048576K
}
 [Times: user=0.04 sys=0.00, real=0.01 secs] 
{Heap before GC invocations=571 (full 0):
 garbage-first heap   total 262144K, used 193899K [0x00000000f0000000, 0x00000000f0100800, 0x0000000100000000)
  region size 1024K, 153 young (156672K), 1 survivors (1024K)
 Metaspace       used 52897K, capacity 56076K, committed 56192K, reserved 1097728K
  class space    used 6460K, capacity 7028K, committed 7040K, reserved 1048576K
2023-10-03T06:54:53.811+0800: 601.674: [GC pause (G1 Evacuation Pause) (young), 0.0088862 secs]
   [Parallel Time: 4.2 ms, GC Workers: 10]
      [GC Worker Start (ms): Min: 601674.0, Avg: 601674.2, Max: 601674.5, Diff: 0.5]
      [Ext Root Scanning (ms): Min: 1.2, Avg: 1.4, Max: 1.7, Diff: 0.5, Sum: 13.9]
      [Update RS (ms): Min: 0.9, Avg: 0.9, Max: 1.0, Diff: 0.1, Sum: 9.1]
         [Processed Buffers: Min: 6, Avg: 9.8, Max: 16, Diff: 10, Sum: 98]
      [Scan RS (ms): Min: 0.0, Avg: 0.1, Max: 0.1, Diff: 0.1, Sum: 0.6]
      [Code Root Scanning (ms): Min: 0.0, Avg: 0.0, Max: 0.0, Diff: 0.0, Sum: 0.0]
      [Object Copy (ms): Min: 0.8, Avg: 0.9, Max: 1.0, Diff: 0.2, Sum: 9.4]
      [Termination (ms): Min: 0.0, Avg: 0.0, Max: 0.0, Diff: 0.0, Sum: 0.0]
         [Termination Attempts: Min: 1, Avg: 1.3, Max: 2, Diff: 1, Sum: 13]
      [GC Worker Other (ms): Min: 0.0, Avg: 0.0, Max: 0.1, Diff: 0.1, Sum: 0.5]
      [GC Worker Total (ms): Min: 3.1, Avg: 3.4, Max: 3.6, Diff: 0.5, Sum: 33.5]
      [GC Worker End (ms): Min: 601677.5, Avg: 601677.6, Max: 601677.7, Diff: 0.1]
   [Code Root Fixup: 0.0 ms]
   [Code Root Purge: 0.0 ms]
   [Clear CT: 1.5 ms]
   [Other: 3.3 ms]
      [Choose CSet: 0.0 ms]
      [Ref Proc: 1.5 ms]
      [Ref Enq: 0.0 ms]
      [Redirty Cards: 1.4 ms]
      [Humongous Register: 0.0 ms]
      [Humongous Reclaim: 0.0 ms]
      [Free CSet: 0.1 ms]
   [Eden: 152.0M(152.0M)->0.0B(152.0M) Survivors: 1024.0K->1024.0K Heap: 189.4M(256.0M)->38058.7K(256.0M)]
Heap after GC invocations=572 (full 0):
 garbage-first heap   total 262144K, used 38058K [0x00000000f0000000, 0x00000000f0100800, 0x0000000100000000)
  region size 1024K, 1 young (1024K), 1 survivors (1024K)
 Metaspace       used 52897K, capacity 56076K, committed 56192K, reserved 1097728K
  class space    used 6460K, capacity 7028K, committed 7040K, reserved 1048576K
}
 [Times: user=0.04 sys=0.00, real=0.00 secs] 
{Heap before GC invocations=572 (full 0):
 garbage-first heap   total 262144K, used 193706K [0x00000000f0000000, 0x00000000f0100800, 0x0000000100000000)
  region size 1024K, 153 young (156672K), 1 survivors (1024K)
 Metaspace       used 52897K, capacity 56076K, committed 56192K, reserved 1097728K
  class space    used 6460K, capacity 7028K, committed 7040K, reserved 1048576K
2023-10-03T06:54:54.620+0800: 602.483: [GC pause (G1 Evacuation Pause) (young), 0.0089487 secs]
   [Parallel Time: 4.2 ms, GC Workers: 10]
      [GC Worker Start (ms): Min: 602483.2, Avg: 602483.4, Max: 602483.7, Diff: 0.5]
      [Ext Root Scanning (ms): Min: 1.2, Avg: 1.4, Max: 1.8, Diff: 0.6, Sum: 14.0]
      [Update RS (ms): Min: 0.8, Avg: 0.9, Max: 1.0, Diff: 0.2, Sum: 8.6]
         [Processed Buffers: Min: 5, Avg: 9.8, Max: 21, Diff: 16, Sum: 98]
      [Scan RS (ms): Min: 0.0, Avg: 0.1, Max: 0.1, Diff: 0.1, Sum: 0.6]
      [Code Root Scanning (ms): Min: 0.0, Avg: 0.0, Max: 0.0, Diff: 0.0, Sum: 0.0]
      [Object Copy (ms): Min: 0.8, Avg: 0.9, Max: 1.0, Diff: 0.2, Sum: 9.1]
      [Termination (ms): Min: 0.0, Avg: 0.0, Max: 0.0, Diff: 0.0, Sum: 0.0]
         [Termination Attempts: Min: 1, Avg: 1.0, Max: 1, Diff: 0, Sum: 10]
      [GC Worker Other (ms): Min: 0.0, Avg: 0.1, Max: 0.1, Diff: 0.1, Sum: 0.5]
      [GC Worker Total (ms): Min: 3.0, Avg: 3.3, Max: 3.6, Diff: 0.6, Sum: 32.9]
      [GC Worker End (ms): Min: 602486.7, Avg: 602486.7, Max: 602486.8, Diff: 0.1]
   [Code Root Fixup: 0.0 ms]
   [Code Root Purge: 0.0 ms]
   [Clear CT: 1.4 ms]
   [Other: 3.4 ms]
      [Choose CSet: 0.0 ms]
      [Ref Proc: 1.5 ms]
      [Ref Enq: 0.0 ms]
      [Redirty Cards: 1.4 ms]
      [Humongous Register: 0.0 ms]
      [Humongous Reclaim: 0.0 ms]
      [Free CSet: 0.1 ms]
   [Eden: 152.0M(152.0M)->0.0B(152.0M) Survivors: 1024.0K->1024.0K Heap: 189.2M(256.0M)->38086.3K(256.0M)]
Heap after GC invocations=573 (full 0):
 garbage-first heap   total 262144K, used 38086K [0x00000000f0000000, 0x00000000f0100800, 0x0000000100000000)
  region size 1024K, 1 young (1024K), 1 survivors (1024K)
 Metaspace       used 52897K, capacity 56076K, committed 56192K, reserved 1097728K
  class space    used 6460K, capacity 7028K, committed 7040K, reserved 1048576K
}
 [Times: user=0.04 sys=0.01, real=0.00 secs] 
{Heap before GC invocations=573 (full 0):
 garbage-first heap   total 262144K, used 193734K [0x00000000f0000000, 0x00000000f0100800, 0x0000000100000000)
  region size 1024K, 153 young (156672K), 1 survivors (1024K)
 Metaspace       used 52897K, capacity 56076K, committed 56192K, reserved 1097728K
  class space    used 6460K, capacity 7028K, committed 7040K, reserved 1048576K
2023-10-03T06:54:55.417+0800: 603.281: [GC pause (G1 Evacuation Pause) (young), 0.0089372 secs]
   [Parallel Time: 4.3 ms, GC Workers: 10]
      [GC Worker Start (ms): Min: 603280.8, Avg: 603281.1, Max: 603281.3, Diff: 0.5]
      [Ext Root Scanning (ms): Min: 1.2, Avg: 1.4, Max: 1.7, Diff: 0.6, Sum: 13.7]
      [Update RS (ms): Min: 0.8, Avg: 0.9, Max: 1.0, Diff: 0.2, Sum: 8.7]
         [Processed Buffers: Min: 5, Avg: 9.8, Max: 15, Diff: 10, Sum: 98]
      [Scan RS (ms): Min: 0.0, Avg: 0.1, Max: 0.1, Diff: 0.1, Sum: 0.6]
      [Code Root Scanning (ms): Min: 0.0, Avg: 0.0, Max: 0.0, Diff: 0.0, Sum: 0.0]
      [Object Copy (ms): Min: 0.7, Avg: 0.9, Max: 0.9, Diff: 0.2, Sum: 8.7]
      [Termination (ms): Min: 0.0, Avg: 0.0, Max: 0.0, Diff: 0.0, Sum: 0.0]
         [Termination Attempts: Min: 1, Avg: 1.2, Max: 2, Diff: 1, Sum: 12]
      [GC Worker Other (ms): Min: 0.0, Avg: 0.1, Max: 0.2, Diff: 0.1, Sum: 0.5]
      [GC Worker Total (ms): Min: 3.0, Avg: 3.2, Max: 3.5, Diff: 0.5, Sum: 32.4]
      [GC Worker End (ms): Min: 603284.3, Avg: 603284.3, Max: 603284.4, Diff: 0.1]
   [Code Root Fixup: 0.0 ms]
   [Code Root Purge: 0.0 ms]
   [Clear CT: 1.4 ms]
   [Other: 3.3 ms]
      [Choose CSet: 0.0 ms]
      [Ref Proc: 1.5 ms]
      [Ref Enq: 0.0 ms]
      [Redirty Cards: 1.4 ms]
      [Humongous Register: 0.0 ms]
      [Humongous Reclaim: 0.0 ms]
      [Free CSet: 0.1 ms]
   [Eden: 152.0M(152.0M)->0.0B(152.0M) Survivors: 1024.0K->1024.0K Heap: 189.2M(256.0M)->38034.5K(256.0M)]
Heap after GC invocations=574 (full 0):
 garbage-first heap   total 262144K, used 38034K [0x00000000f0000000, 0x00000000f0100800, 0x0000000100000000)
  region size 1024K, 1 young (1024K), 1 survivors (1024K)
 Metaspace       used 52897K, capacity 56076K, committed 56192K, reserved 1097728K
  class space    used 6460K, capacity 7028K, committed 7040K, reserved 1048576K
}
 [Times: user=0.04 sys=0.00, real=0.01 secs] 
{Heap before GC invocations=574 (full 0):
 garbage-first heap   total 262144K, used 193682K [0x00000000f0000000, 0x00000000f0100800, 0x0000000100000000)
  region size 1024K, 153 young (156672K), 1 survivors (1024K)
 Metaspace       used 52897K, capacity 56076K, committed 56192K, reserved 1097728K
  class space    used 6460K, capacity 7028K, committed 7040K, reserved 1048576K
2023-10-03T06:54:56.218+0800: 604.082: [GC pause (G1 Evacuation Pause) (young), 0.0085696 secs]
   [Parallel Time: 4.3 ms, GC Workers: 10]
      [GC Worker Start (ms): Min: 604081.9, Avg: 604082.1, Max: 604082.3, Diff: 0.5]
      [Ext Root Scanning (ms): Min: 1.2, Avg: 1.5, Max: 1.8, Diff: 0.6, Sum: 14.7]
      [Update RS (ms): Min: 0.8, Avg: 0.9, Max: 0.9, Diff: 0.2, Sum: 8.7]
         [Processed Buffers: Min: 5, Avg: 9.6, Max: 16, Diff: 11, Sum: 96]
      [Scan RS (ms): Min: 0.0, Avg: 0.1, Max: 0.1, Diff: 0.1, Sum: 0.6]
      [Code Root Scanning (ms): Min: 0.0, Avg: 0.0, Max: 0.0, Diff: 0.0, Sum: 0.0]
      [Object Copy (ms): Min: 0.8, Avg: 1.0, Max: 1.1, Diff: 0.3, Sum: 9.7]
      [Termination (ms): Min: 0.0, Avg: 0.0, Max: 0.0, Diff: 0.0, Sum: 0.0]
         [Termination Attempts: Min: 1, Avg: 1.2, Max: 2, Diff: 1, Sum: 12]
      [GC Worker Other (ms): Min: 0.0, Avg: 0.1, Max: 0.2, Diff: 0.1, Sum: 0.6]
      [GC Worker Total (ms): Min: 3.2, Avg: 3.4, Max: 3.7, Diff: 0.5, Sum: 34.4]
      [GC Worker End (ms): Min: 604085.5, Avg: 604085.5, Max: 604085.6, Diff: 0.1]
   [Code Root Fixup: 0.0 ms]
   [Code Root Purge: 0.0 ms]
   [Clear CT: 1.5 ms]
   [Other: 2.8 ms]
      [Choose CSet: 0.0 ms]
      [Ref Proc: 1.3 ms]
      [Ref Enq: 0.0 ms]
      [Redirty Cards: 1.1 ms]
      [Humongous Register: 0.0 ms]
      [Humongous Reclaim: 0.0 ms]
      [Free CSet: 0.1 ms]
   [Eden: 152.0M(152.0M)->0.0B(152.0M) Survivors: 1024.0K->1024.0K Heap: 189.1M(256.0M)->38270.4K(256.0M)]
Heap after GC invocations=575 (full 0):
 garbage-first heap   total 262144K, used 38270K [0x00000000f0000000, 0x00000000f0100800, 0x0000000100000000)
  region size 1024K, 1 young (1024K), 1 survivors (1024K)
 Metaspace       used 52897K, capacity 56076K, committed 56192K, reserved 1097728K
  class space    used 6460K, capacity 7028K, committed 7040K, reserved 1048576K
}
 [Times: user=0.04 sys=0.00, real=0.01 secs] 
{Heap before GC invocations=575 (full 0):
 garbage-first heap   total 262144K, used 193918K [0x00000000f0000000, 0x00000000f0100800, 0x0000000100000000)
  region size 1024K, 153 young (156672K), 1 survivors (1024K)
 Metaspace       used 52897K, capacity 56076K, committed 56192K, reserved 1097728K
  class space    used 6460K, capacity 7028K, committed 7040K, reserved 1048576K
2023-10-03T06:54:57.019+0800: 604.882: [GC pause (G1 Evacuation Pause) (young), 0.0089595 secs]
   [Parallel Time: 4.3 ms, GC Workers: 10]
      [GC Worker Start (ms): Min: 604882.6, Avg: 604882.8, Max: 604883.1, Diff: 0.5]
      [Ext Root Scanning (ms): Min: 1.2, Avg: 1.5, Max: 1.8, Diff: 0.6, Sum: 14.6]
      [Update RS (ms): Min: 0.8, Avg: 0.9, Max: 1.0, Diff: 0.2, Sum: 8.6]
         [Processed Buffers: Min: 5, Avg: 9.8, Max: 18, Diff: 13, Sum: 98]
      [Scan RS (ms): Min: 0.0, Avg: 0.1, Max: 0.1, Diff: 0.1, Sum: 0.6]
      [Code Root Scanning (ms): Min: 0.0, Avg: 0.0, Max: 0.0, Diff: 0.0, Sum: 0.0]
      [Object Copy (ms): Min: 0.7, Avg: 0.9, Max: 1.0, Diff: 0.2, Sum: 9.1]
      [Termination (ms): Min: 0.0, Avg: 0.0, Max: 0.0, Diff: 0.0, Sum: 0.0]
         [Termination Attempts: Min: 1, Avg: 1.0, Max: 1, Diff: 0, Sum: 10]
      [GC Worker Other (ms): Min: 0.0, Avg: 0.1, Max: 0.2, Diff: 0.1, Sum: 0.6]
      [GC Worker Total (ms): Min: 3.1, Avg: 3.4, Max: 3.6, Diff: 0.6, Sum: 33.5]
      [GC Worker End (ms): Min: 604886.1, Avg: 604886.2, Max: 604886.3, Diff: 0.1]
   [Code Root Fixup: 0.0 ms]
   [Code Root Purge: 0.0 ms]
   [Clear CT: 1.2 ms]
   [Other: 3.4 ms]
      [Choose CSet: 0.0 ms]
      [Ref Proc: 1.6 ms]
      [Ref Enq: 0.0 ms]
      [Redirty Cards: 1.5 ms]
      [Humongous Register: 0.0 ms]
      [Humongous Reclaim: 0.0 ms]
      [Free CSet: 0.1 ms]
   [Eden: 152.0M(152.0M)->0.0B(152.0M) Survivors: 1024.0K->1024.0K Heap: 189.4M(256.0M)->38041.2K(256.0M)]
Heap after GC invocations=576 (full 0):
 garbage-first heap   total 262144K, used 38041K [0x00000000f0000000, 0x00000000f0100800, 0x0000000100000000)
  region size 1024K, 1 young (1024K), 1 survivors (1024K)
 Metaspace       used 52897K, capacity 56076K, committed 56192K, reserved 1097728K
  class space    used 6460K, capacity 7028K, committed 7040K, reserved 1048576K
}
 [Times: user=0.03 sys=0.01, real=0.01 secs] 
{Heap before GC invocations=576 (full 0):
 garbage-first heap   total 262144K, used 193689K [0x00000000f0000000, 0x00000000f0100800, 0x0000000100000000)
  region size 1024K, 153 young (156672K), 1 survivors (1024K)
 Metaspace       used 52897K, capacity 56076K, committed 56192K, reserved 1097728K
  class space    used 6460K, capacity 7028K, committed 7040K, reserved 1048576K
2023-10-03T06:54:57.821+0800: 605.685: [GC pause (G1 Evacuation Pause) (young), 0.0081044 secs]
   [Parallel Time: 4.0 ms, GC Workers: 10]
      [GC Worker Start (ms): Min: 605684.8, Avg: 605685.0, Max: 605685.2, Diff: 0.4]
      [Ext Root Scanning (ms): Min: 1.3, Avg: 1.4, Max: 1.7, Diff: 0.5, Sum: 14.1]
      [Update RS (ms): Min: 0.7, Avg: 0.9, Max: 1.0, Diff: 0.2, Sum: 8.5]
         [Processed Buffers: Min: 5, Avg: 9.8, Max: 24, Diff: 19, Sum: 98]
      [Scan RS (ms): Min: 0.0, Avg: 0.1, Max: 0.1, Diff: 0.1, Sum: 0.7]
      [Code Root Scanning (ms): Min: 0.0, Avg: 0.0, Max: 0.0, Diff: 0.0, Sum: 0.0]
      [Object Copy (ms): Min: 0.7, Avg: 0.9, Max: 0.9, Diff: 0.2, Sum: 8.6]
      [Termination (ms): Min: 0.0, Avg: 0.0, Max: 0.0, Diff: 0.0, Sum: 0.0]
         [Termination Attempts: Min: 1, Avg: 1.0, Max: 1, Diff: 0, Sum: 10]
      [GC Worker Other (ms): Min: 0.0, Avg: 0.0, Max: 0.1, Diff: 0.1, Sum: 0.4]
      [GC Worker Total (ms): Min: 3.1, Avg: 3.2, Max: 3.5, Diff: 0.4, Sum: 32.3]
      [GC Worker End (ms): Min: 605688.3, Avg: 605688.3, Max: 605688.3, Diff: 0.1]
   [Code Root Fixup: 0.0 ms]
   [Code Root Purge: 0.0 ms]
   [Clear CT: 1.6 ms]
   [Other: 2.5 ms]
      [Choose CSet: 0.0 ms]
      [Ref Proc: 0.8 ms]
      [Ref Enq: 0.0 ms]
      [Redirty Cards: 1.3 ms]
      [Humongous Register: 0.0 ms]
      [Humongous Reclaim: 0.0 ms]
      [Free CSet: 0.1 ms]
   [Eden: 152.0M(152.0M)->0.0B(152.0M) Survivors: 1024.0K->1024.0K Heap: 189.1M(256.0M)->38030.7K(256.0M)]
Heap after GC invocations=577 (full 0):
 garbage-first heap   total 262144K, used 38030K [0x00000000f0000000, 0x00000000f0100800, 0x0000000100000000)
  region size 1024K, 1 young (1024K), 1 survivors (1024K)
 Metaspace       used 52897K, capacity 56076K, committed 56192K, reserved 1097728K
  class space    used 6460K, capacity 7028K, committed 7040K, reserved 1048576K
}
 [Times: user=0.03 sys=0.00, real=0.01 secs] 
{Heap before GC invocations=577 (full 0):
 garbage-first heap   total 262144K, used 193678K [0x00000000f0000000, 0x00000000f0100800, 0x0000000100000000)
  region size 1024K, 153 young (156672K), 1 survivors (1024K)
 Metaspace       used 52897K, capacity 56076K, committed 56192K, reserved 1097728K
  class space    used 6460K, capacity 7028K, committed 7040K, reserved 1048576K
2023-10-03T06:54:58.635+0800: 606.499: [GC pause (G1 Evacuation Pause) (young), 0.0084362 secs]
   [Parallel Time: 4.1 ms, GC Workers: 10]
      [GC Worker Start (ms): Min: 606498.8, Avg: 606499.1, Max: 606499.3, Diff: 0.5]
      [Ext Root Scanning (ms): Min: 1.2, Avg: 1.4, Max: 1.8, Diff: 0.6, Sum: 14.3]
      [Update RS (ms): Min: 0.8, Avg: 0.9, Max: 0.9, Diff: 0.2, Sum: 8.7]
         [Processed Buffers: Min: 5, Avg: 9.8, Max: 17, Diff: 12, Sum: 98]
      [Scan RS (ms): Min: 0.0, Avg: 0.1, Max: 0.1, Diff: 0.0, Sum: 0.8]
      [Code Root Scanning (ms): Min: 0.0, Avg: 0.0, Max: 0.0, Diff: 0.0, Sum: 0.0]
      [Object Copy (ms): Min: 0.8, Avg: 0.9, Max: 1.0, Diff: 0.2, Sum: 9.3]
      [Termination (ms): Min: 0.0, Avg: 0.0, Max: 0.0, Diff: 0.0, Sum: 0.1]
         [Termination Attempts: Min: 1, Avg: 1.7, Max: 3, Diff: 2, Sum: 17]
      [GC Worker Other (ms): Min: 0.0, Avg: 0.0, Max: 0.1, Diff: 0.1, Sum: 0.4]
      [GC Worker Total (ms): Min: 3.1, Avg: 3.4, Max: 3.6, Diff: 0.5, Sum: 33.5]
      [GC Worker End (ms): Min: 606502.4, Avg: 606502.4, Max: 606502.5, Diff: 0.1]
   [Code Root Fixup: 0.0 ms]
   [Code Root Purge: 0.0 ms]
   [Clear CT: 1.2 ms]
   [Other: 3.0 ms]
      [Choose CSet: 0.0 ms]
      [Ref Proc: 1.4 ms]
      [Ref Enq: 0.0 ms]
      [Redirty Cards: 1.3 ms]
      [Humongous Register: 0.0 ms]
      [Humongous Reclaim: 0.0 ms]
      [Free CSet: 0.1 ms]
   [Eden: 152.0M(152.0M)->0.0B(152.0M) Survivors: 1024.0K->1024.0K Heap: 189.1M(256.0M)->38315.3K(256.0M)]
Heap after GC invocations=578 (full 0):
 garbage-first heap   total 262144K, used 38315K [0x00000000f0000000, 0x00000000f0100800, 0x0000000100000000)
  region size 1024K, 1 young (1024K), 1 survivors (1024K)
 Metaspace       used 52897K, capacity 56076K, committed 56192K, reserved 1097728K
  class space    used 6460K, capacity 7028K, committed 7040K, reserved 1048576K
}
 [Times: user=0.04 sys=0.01, real=0.01 secs] 
{Heap before GC invocations=578 (full 0):
 garbage-first heap   total 262144K, used 193963K [0x00000000f0000000, 0x00000000f0100800, 0x0000000100000000)
  region size 1024K, 153 young (156672K), 1 survivors (1024K)
 Metaspace       used 52897K, capacity 56076K, committed 56192K, reserved 1097728K
  class space    used 6460K, capacity 7028K, committed 7040K, reserved 1048576K
2023-10-03T06:54:59.422+0800: 607.285: [GC pause (G1 Evacuation Pause) (young), 0.0081916 secs]
   [Parallel Time: 4.0 ms, GC Workers: 10]
      [GC Worker Start (ms): Min: 607285.6, Avg: 607285.8, Max: 607286.0, Diff: 0.4]
      [Ext Root Scanning (ms): Min: 1.3, Avg: 1.5, Max: 1.8, Diff: 0.5, Sum: 14.8]
      [Update RS (ms): Min: 0.7, Avg: 0.9, Max: 0.9, Diff: 0.2, Sum: 8.6]
         [Processed Buffers: Min: 2, Avg: 9.8, Max: 19, Diff: 17, Sum: 98]
      [Scan RS (ms): Min: 0.0, Avg: 0.1, Max: 0.1, Diff: 0.1, Sum: 0.6]
      [Code Root Scanning (ms): Min: 0.0, Avg: 0.0, Max: 0.0, Diff: 0.0, Sum: 0.0]
      [Object Copy (ms): Min: 0.7, Avg: 0.9, Max: 0.9, Diff: 0.2, Sum: 8.8]
      [Termination (ms): Min: 0.0, Avg: 0.0, Max: 0.0, Diff: 0.0, Sum: 0.0]
         [Termination Attempts: Min: 1, Avg: 1.0, Max: 1, Diff: 0, Sum: 10]
      [GC Worker Other (ms): Min: 0.0, Avg: 0.0, Max: 0.1, Diff: 0.1, Sum: 0.4]
      [GC Worker Total (ms): Min: 3.1, Avg: 3.3, Max: 3.5, Diff: 0.4, Sum: 33.2]
      [GC Worker End (ms): Min: 607289.1, Avg: 607289.1, Max: 607289.2, Diff: 0.1]
   [Code Root Fixup: 0.0 ms]
   [Code Root Purge: 0.0 ms]
   [Clear CT: 1.1 ms]
   [Other: 3.1 ms]
      [Choose CSet: 0.0 ms]
      [Ref Proc: 1.5 ms]
      [Ref Enq: 0.0 ms]
      [Redirty Cards: 1.1 ms]
      [Humongous Register: 0.0 ms]
      [Humongous Reclaim: 0.0 ms]
      [Free CSet: 0.1 ms]
   [Eden: 152.0M(152.0M)->0.0B(152.0M) Survivors: 1024.0K->1024.0K Heap: 189.4M(256.0M)->38115.7K(256.0M)]
Heap after GC invocations=579 (full 0):
 garbage-first heap   total 262144K, used 38115K [0x00000000f0000000, 0x00000000f0100800, 0x0000000100000000)
  region size 1024K, 1 young (1024K), 1 survivors (1024K)
 Metaspace       used 52897K, capacity 56076K, committed 56192K, reserved 1097728K
  class space    used 6460K, capacity 7028K, committed 7040K, reserved 1048576K
}
 [Times: user=0.04 sys=0.00, real=0.01 secs] 
{Heap before GC invocations=579 (full 0):
 garbage-first heap   total 262144K, used 193763K [0x00000000f0000000, 0x00000000f0100800, 0x0000000100000000)
  region size 1024K, 153 young (156672K), 1 survivors (1024K)
 Metaspace       used 52897K, capacity 56076K, committed 56192K, reserved 1097728K
  class space    used 6460K, capacity 7028K, committed 7040K, reserved 1048576K
2023-10-03T06:55:00.223+0800: 608.086: [GC pause (G1 Evacuation Pause) (young), 0.0093508 secs]
   [Parallel Time: 4.6 ms, GC Workers: 10]
      [GC Worker Start (ms): Min: 608086.1, Avg: 608086.4, Max: 608086.7, Diff: 0.5]
      [Ext Root Scanning (ms): Min: 1.2, Avg: 1.5, Max: 1.9, Diff: 0.6, Sum: 14.7]
      [Update RS (ms): Min: 0.8, Avg: 0.9, Max: 1.0, Diff: 0.2, Sum: 9.0]
         [Processed Buffers: Min: 1, Avg: 9.6, Max: 20, Diff: 19, Sum: 96]
      [Scan RS (ms): Min: 0.0, Avg: 0.1, Max: 0.1, Diff: 0.1, Sum: 0.5]
      [Code Root Scanning (ms): Min: 0.0, Avg: 0.0, Max: 0.0, Diff: 0.0, Sum: 0.0]
      [Object Copy (ms): Min: 1.0, Avg: 1.1, Max: 1.2, Diff: 0.3, Sum: 11.0]
      [Termination (ms): Min: 0.0, Avg: 0.0, Max: 0.0, Diff: 0.0, Sum: 0.1]
         [Termination Attempts: Min: 1, Avg: 1.3, Max: 2, Diff: 1, Sum: 13]
      [GC Worker Other (ms): Min: 0.0, Avg: 0.0, Max: 0.1, Diff: 0.1, Sum: 0.4]
      [GC Worker Total (ms): Min: 3.3, Avg: 3.6, Max: 3.8, Diff: 0.5, Sum: 35.8]
      [GC Worker End (ms): Min: 608090.0, Avg: 608090.0, Max: 608090.0, Diff: 0.1]
   [Code Root Fixup: 0.0 ms]
   [Code Root Purge: 0.0 ms]
   [Clear CT: 1.3 ms]
   [Other: 3.4 ms]
      [Choose CSet: 0.0 ms]
      [Ref Proc: 1.6 ms]
      [Ref Enq: 0.0 ms]
      [Redirty Cards: 1.5 ms]
      [Humongous Register: 0.0 ms]
      [Humongous Reclaim: 0.0 ms]
      [Free CSet: 0.1 ms]
   [Eden: 152.0M(152.0M)->0.0B(152.0M) Survivors: 1024.0K->1024.0K Heap: 189.2M(256.0M)->38340.0K(256.0M)]
Heap after GC invocations=580 (full 0):
 garbage-first heap   total 262144K, used 38339K [0x00000000f0000000, 0x00000000f0100800, 0x0000000100000000)
  region size 1024K, 1 young (1024K), 1 survivors (1024K)
 Metaspace       used 52897K, capacity 56076K, committed 56192K, reserved 1097728K
  class space    used 6460K, capacity 7028K, committed 7040K, reserved 1048576K
}
 [Times: user=0.04 sys=0.01, real=0.01 secs] 
{Heap before GC invocations=580 (full 0):
 garbage-first heap   total 262144K, used 193987K [0x00000000f0000000, 0x00000000f0100800, 0x0000000100000000)
  region size 1024K, 153 young (156672K), 1 survivors (1024K)
 Metaspace       used 52897K, capacity 56076K, committed 56192K, reserved 1097728K
  class space    used 6460K, capacity 7028K, committed 7040K, reserved 1048576K
2023-10-03T06:55:01.029+0800: 608.892: [GC pause (G1 Evacuation Pause) (young), 0.0091024 secs]
   [Parallel Time: 4.3 ms, GC Workers: 10]
      [GC Worker Start (ms): Min: 608892.1, Avg: 608892.3, Max: 608892.6, Diff: 0.5]
      [Ext Root Scanning (ms): Min: 1.2, Avg: 1.5, Max: 1.8, Diff: 0.6, Sum: 14.8]
      [Update RS (ms): Min: 0.8, Avg: 0.9, Max: 1.0, Diff: 0.2, Sum: 9.0]
         [Processed Buffers: Min: 6, Avg: 9.8, Max: 20, Diff: 14, Sum: 98]
      [Scan RS (ms): Min: 0.0, Avg: 0.1, Max: 0.1, Diff: 0.1, Sum: 0.8]
      [Code Root Scanning (ms): Min: 0.0, Avg: 0.0, Max: 0.0, Diff: 0.0, Sum: 0.0]
      [Object Copy (ms): Min: 0.8, Avg: 0.9, Max: 1.0, Diff: 0.2, Sum: 9.3]
      [Termination (ms): Min: 0.0, Avg: 0.0, Max: 0.0, Diff: 0.0, Sum: 0.0]
         [Termination Attempts: Min: 1, Avg: 1.0, Max: 1, Diff: 0, Sum: 10]
      [GC Worker Other (ms): Min: 0.0, Avg: 0.0, Max: 0.1, Diff: 0.1, Sum: 0.5]
      [GC Worker Total (ms): Min: 3.2, Avg: 3.4, Max: 3.8, Diff: 0.6, Sum: 34.4]
      [GC Worker End (ms): Min: 608895.8, Avg: 608895.8, Max: 608895.8, Diff: 0.1]
   [Code Root Fixup: 0.0 ms]
   [Code Root Purge: 0.0 ms]
   [Clear CT: 1.6 ms]
   [Other: 3.2 ms]
      [Choose CSet: 0.0 ms]
      [Ref Proc: 1.4 ms]
      [Ref Enq: 0.0 ms]
      [Redirty Cards: 1.4 ms]
      [Humongous Register: 0.0 ms]
      [Humongous Reclaim: 0.0 ms]
      [Free CSet: 0.1 ms]
   [Eden: 152.0M(152.0M)->0.0B(152.0M) Survivors: 1024.0K->1024.0K Heap: 189.4M(256.0M)->38129.5K(256.0M)]
Heap after GC invocations=581 (full 0):
 garbage-first heap   total 262144K, used 38129K [0x00000000f0000000, 0x00000000f0100800, 0x0000000100000000)
  region size 1024K, 1 young (1024K), 1 survivors (1024K)
 Metaspace       used 52897K, capacity 56076K, committed 56192K, reserved 1097728K
  class space    used 6460K, capacity 7028K, committed 7040K, reserved 1048576K
}
 [Times: user=0.03 sys=0.01, real=0.01 secs] 
{Heap before GC invocations=581 (full 0):
 garbage-first heap   total 262144K, used 193777K [0x00000000f0000000, 0x00000000f0100800, 0x0000000100000000)
  region size 1024K, 153 young (156672K), 1 survivors (1024K)
 Metaspace       used 52897K, capacity 56076K, committed 56192K, reserved 1097728K
  class space    used 6460K, capacity 7028K, committed 7040K, reserved 1048576K
2023-10-03T06:55:01.814+0800: 609.677: [GC pause (G1 Evacuation Pause) (young), 0.0091886 secs]
   [Parallel Time: 4.5 ms, GC Workers: 10]
      [GC Worker Start (ms): Min: 609677.7, Avg: 609678.0, Max: 609678.2, Diff: 0.5]
      [Ext Root Scanning (ms): Min: 1.2, Avg: 1.4, Max: 1.8, Diff: 0.6, Sum: 14.5]
      [Update RS (ms): Min: 0.8, Avg: 0.9, Max: 1.0, Diff: 0.2, Sum: 8.6]
         [Processed Buffers: Min: 4, Avg: 9.8, Max: 15, Diff: 11, Sum: 98]
      [Scan RS (ms): Min: 0.0, Avg: 0.1, Max: 0.1, Diff: 0.1, Sum: 0.7]
      [Code Root Scanning (ms): Min: 0.0, Avg: 0.0, Max: 0.0, Diff: 0.0, Sum: 0.0]
      [Object Copy (ms): Min: 0.9, Avg: 1.0, Max: 1.0, Diff: 0.1, Sum: 9.7]
      [Termination (ms): Min: 0.0, Avg: 0.0, Max: 0.0, Diff: 0.0, Sum: 0.0]
         [Termination Attempts: Min: 1, Avg: 1.5, Max: 3, Diff: 2, Sum: 15]
      [GC Worker Other (ms): Min: 0.0, Avg: 0.1, Max: 0.2, Diff: 0.2, Sum: 0.7]
      [GC Worker Total (ms): Min: 3.2, Avg: 3.4, Max: 3.6, Diff: 0.4, Sum: 34.3]
      [GC Worker End (ms): Min: 609681.3, Avg: 609681.4, Max: 609681.5, Diff: 0.2]
   [Code Root Fixup: 0.0 ms]
   [Code Root Purge: 0.0 ms]
   [Clear CT: 1.4 ms]
   [Other: 3.3 ms]
      [Choose CSet: 0.0 ms]
      [Ref Proc: 1.4 ms]
      [Ref Enq: 0.0 ms]
      [Redirty Cards: 1.5 ms]
      [Humongous Register: 0.0 ms]
      [Humongous Reclaim: 0.0 ms]
      [Free CSet: 0.1 ms]
   [Eden: 152.0M(152.0M)->0.0B(152.0M) Survivors: 1024.0K->1024.0K Heap: 189.2M(256.0M)->38073.5K(256.0M)]
Heap after GC invocations=582 (full 0):
 garbage-first heap   total 262144K, used 38073K [0x00000000f0000000, 0x00000000f0100800, 0x0000000100000000)
  region size 1024K, 1 young (1024K), 1 survivors (1024K)
 Metaspace       used 52897K, capacity 56076K, committed 56192K, reserved 1097728K
  class space    used 6460K, capacity 7028K, committed 7040K, reserved 1048576K
}
 [Times: user=0.04 sys=0.00, real=0.01 secs] 
{Heap before GC invocations=582 (full 0):
 garbage-first heap   total 262144K, used 193721K [0x00000000f0000000, 0x00000000f0100800, 0x0000000100000000)
  region size 1024K, 153 young (156672K), 1 survivors (1024K)
 Metaspace       used 52897K, capacity 56076K, committed 56192K, reserved 1097728K
  class space    used 6460K, capacity 7028K, committed 7040K, reserved 1048576K
2023-10-03T06:55:02.577+0800: 610.441: [GC pause (G1 Evacuation Pause) (young), 0.0083108 secs]
   [Parallel Time: 4.4 ms, GC Workers: 10]
      [GC Worker Start (ms): Min: 610440.9, Avg: 610441.1, Max: 610441.3, Diff: 0.4]
      [Ext Root Scanning (ms): Min: 1.3, Avg: 1.5, Max: 1.8, Diff: 0.5, Sum: 14.8]
      [Update RS (ms): Min: 0.7, Avg: 0.9, Max: 1.0, Diff: 0.3, Sum: 8.6]
         [Processed Buffers: Min: 6, Avg: 9.7, Max: 19, Diff: 13, Sum: 97]
      [Scan RS (ms): Min: 0.0, Avg: 0.1, Max: 0.1, Diff: 0.1, Sum: 0.7]
      [Code Root Scanning (ms): Min: 0.0, Avg: 0.0, Max: 0.0, Diff: 0.0, Sum: 0.0]
      [Object Copy (ms): Min: 0.8, Avg: 0.9, Max: 1.1, Diff: 0.3, Sum: 9.3]
      [Termination (ms): Min: 0.0, Avg: 0.0, Max: 0.0, Diff: 0.0, Sum: 0.0]
         [Termination Attempts: Min: 1, Avg: 1.0, Max: 1, Diff: 0, Sum: 10]
      [GC Worker Other (ms): Min: 0.0, Avg: 0.0, Max: 0.1, Diff: 0.1, Sum: 0.4]
      [GC Worker Total (ms): Min: 3.2, Avg: 3.4, Max: 3.6, Diff: 0.5, Sum: 33.8]
      [GC Worker End (ms): Min: 610444.5, Avg: 610444.5, Max: 610444.5, Diff: 0.1]
   [Code Root Fixup: 0.0 ms]
   [Code Root Purge: 0.0 ms]
   [Clear CT: 1.3 ms]
   [Other: 2.6 ms]
      [Choose CSet: 0.0 ms]
      [Ref Proc: 1.1 ms]
      [Ref Enq: 0.0 ms]
      [Redirty Cards: 1.1 ms]
      [Humongous Register: 0.0 ms]
      [Humongous Reclaim: 0.0 ms]
      [Free CSet: 0.2 ms]
   [Eden: 152.0M(152.0M)->0.0B(152.0M) Survivors: 1024.0K->1024.0K Heap: 189.2M(256.0M)->38053.7K(256.0M)]
Heap after GC invocations=583 (full 0):
 garbage-first heap   total 262144K, used 38053K [0x00000000f0000000, 0x00000000f0100800, 0x0000000100000000)
  region size 1024K, 1 young (1024K), 1 survivors (1024K)
 Metaspace       used 52897K, capacity 56076K, committed 56192K, reserved 1097728K
  class space    used 6460K, capacity 7028K, committed 7040K, reserved 1048576K
}
 [Times: user=0.04 sys=0.00, real=0.01 secs] 
{Heap before GC invocations=583 (full 0):
 garbage-first heap   total 262144K, used 193701K [0x00000000f0000000, 0x00000000f0100800, 0x0000000100000000)
  region size 1024K, 153 young (156672K), 1 survivors (1024K)
 Metaspace       used 52897K, capacity 56076K, committed 56192K, reserved 1097728K
  class space    used 6460K, capacity 7028K, committed 7040K, reserved 1048576K
2023-10-03T06:55:03.386+0800: 611.249: [GC pause (G1 Evacuation Pause) (young), 0.0084099 secs]
   [Parallel Time: 4.0 ms, GC Workers: 10]
      [GC Worker Start (ms): Min: 611249.3, Avg: 611249.5, Max: 611249.7, Diff: 0.5]
      [Ext Root Scanning (ms): Min: 1.2, Avg: 1.4, Max: 1.7, Diff: 0.6, Sum: 14.1]
      [Update RS (ms): Min: 0.8, Avg: 0.9, Max: 1.0, Diff: 0.2, Sum: 8.9]
         [Processed Buffers: Min: 5, Avg: 9.8, Max: 17, Diff: 12, Sum: 98]
      [Scan RS (ms): Min: 0.0, Avg: 0.0, Max: 0.1, Diff: 0.1, Sum: 0.5]
      [Code Root Scanning (ms): Min: 0.0, Avg: 0.0, Max: 0.0, Diff: 0.0, Sum: 0.0]
      [Object Copy (ms): Min: 0.6, Avg: 0.8, Max: 0.8, Diff: 0.2, Sum: 7.6]
      [Termination (ms): Min: 0.0, Avg: 0.0, Max: 0.0, Diff: 0.0, Sum: 0.1]
         [Termination Attempts: Min: 1, Avg: 1.4, Max: 2, Diff: 1, Sum: 14]
      [GC Worker Other (ms): Min: 0.0, Avg: 0.0, Max: 0.1, Diff: 0.1, Sum: 0.4]
      [GC Worker Total (ms): Min: 3.0, Avg: 3.2, Max: 3.5, Diff: 0.5, Sum: 31.6]
      [GC Worker End (ms): Min: 611252.7, Avg: 611252.7, Max: 611252.7, Diff: 0.1]
   [Code Root Fixup: 0.0 ms]
   [Code Root Purge: 0.0 ms]
   [Clear CT: 1.3 ms]
   [Other: 3.1 ms]
      [Choose CSet: 0.0 ms]
      [Ref Proc: 1.5 ms]
      [Ref Enq: 0.0 ms]
      [Redirty Cards: 1.3 ms]
      [Humongous Register: 0.0 ms]
      [Humongous Reclaim: 0.0 ms]
      [Free CSet: 0.1 ms]
   [Eden: 152.0M(152.0M)->0.0B(152.0M) Survivors: 1024.0K->1024.0K Heap: 189.2M(256.0M)->37989.8K(256.0M)]
Heap after GC invocations=584 (full 0):
 garbage-first heap   total 262144K, used 37989K [0x00000000f0000000, 0x00000000f0100800, 0x0000000100000000)
  region size 1024K, 1 young (1024K), 1 survivors (1024K)
 Metaspace       used 52897K, capacity 56076K, committed 56192K, reserved 1097728K
  class space    used 6460K, capacity 7028K, committed 7040K, reserved 1048576K
}
 [Times: user=0.03 sys=0.01, real=0.01 secs] 
{Heap before GC invocations=584 (full 0):
 garbage-first heap   total 262144K, used 193637K [0x00000000f0000000, 0x00000000f0100800, 0x0000000100000000)
  region size 1024K, 153 young (156672K), 1 survivors (1024K)
 Metaspace       used 52897K, capacity 56076K, committed 56192K, reserved 1097728K
  class space    used 6460K, capacity 7028K, committed 7040K, reserved 1048576K
2023-10-03T06:55:04.193+0800: 612.056: [GC pause (G1 Evacuation Pause) (young), 0.0087284 secs]
   [Parallel Time: 4.3 ms, GC Workers: 10]
      [GC Worker Start (ms): Min: 612056.4, Avg: 612056.6, Max: 612056.9, Diff: 0.5]
      [Ext Root Scanning (ms): Min: 1.2, Avg: 1.4, Max: 1.8, Diff: 0.5, Sum: 14.1]
      [Update RS (ms): Min: 0.8, Avg: 0.9, Max: 1.0, Diff: 0.2, Sum: 9.0]
         [Processed Buffers: Min: 6, Avg: 10.0, Max: 14, Diff: 8, Sum: 100]
      [Scan RS (ms): Min: 0.0, Avg: 0.1, Max: 0.1, Diff: 0.1, Sum: 0.7]
      [Code Root Scanning (ms): Min: 0.0, Avg: 0.0, Max: 0.0, Diff: 0.0, Sum: 0.0]
      [Object Copy (ms): Min: 0.8, Avg: 0.9, Max: 1.0, Diff: 0.3, Sum: 9.4]
      [Termination (ms): Min: 0.0, Avg: 0.0, Max: 0.0, Diff: 0.0, Sum: 0.0]
         [Termination Attempts: Min: 1, Avg: 1.0, Max: 1, Diff: 0, Sum: 10]
      [GC Worker Other (ms): Min: 0.0, Avg: 0.0, Max: 0.1, Diff: 0.1, Sum: 0.4]
      [GC Worker Total (ms): Min: 3.1, Avg: 3.4, Max: 3.6, Diff: 0.5, Sum: 33.6]
      [GC Worker End (ms): Min: 612060.0, Avg: 612060.0, Max: 612060.1, Diff: 0.1]
   [Code Root Fixup: 0.0 ms]
   [Code Root Purge: 0.0 ms]
   [Clear CT: 1.2 ms]
   [Other: 3.1 ms]
      [Choose CSet: 0.0 ms]
      [Ref Proc: 1.3 ms]
      [Ref Enq: 0.0 ms]
      [Redirty Cards: 1.3 ms]
      [Humongous Register: 0.0 ms]
      [Humongous Reclaim: 0.0 ms]
      [Free CSet: 0.1 ms]
   [Eden: 152.0M(152.0M)->0.0B(152.0M) Survivors: 1024.0K->1024.0K Heap: 189.1M(256.0M)->38304.8K(256.0M)]
Heap after GC invocations=585 (full 0):
 garbage-first heap   total 262144K, used 38304K [0x00000000f0000000, 0x00000000f0100800, 0x0000000100000000)
  region size 1024K, 1 young (1024K), 1 survivors (1024K)
 Metaspace       used 52897K, capacity 56076K, committed 56192K, reserved 1097728K
  class space    used 6460K, capacity 7028K, committed 7040K, reserved 1048576K
}
 [Times: user=0.04 sys=0.00, real=0.01 secs] 
{Heap before GC invocations=585 (full 0):
 garbage-first heap   total 262144K, used 193952K [0x00000000f0000000, 0x00000000f0100800, 0x0000000100000000)
  region size 1024K, 153 young (156672K), 1 survivors (1024K)
 Metaspace       used 52897K, capacity 56076K, committed 56192K, reserved 1097728K
  class space    used 6460K, capacity 7028K, committed 7040K, reserved 1048576K
2023-10-03T06:55:05.007+0800: 612.870: [GC pause (G1 Evacuation Pause) (young), 0.0087628 secs]
   [Parallel Time: 4.6 ms, GC Workers: 10]
      [GC Worker Start (ms): Min: 612870.3, Avg: 612870.5, Max: 612870.8, Diff: 0.5]
      [Ext Root Scanning (ms): Min: 1.3, Avg: 1.5, Max: 1.8, Diff: 0.6, Sum: 14.5]
      [Update RS (ms): Min: 0.9, Avg: 1.0, Max: 1.0, Diff: 0.2, Sum: 9.5]
         [Processed Buffers: Min: 5, Avg: 9.7, Max: 13, Diff: 8, Sum: 97]
      [Scan RS (ms): Min: 0.0, Avg: 0.1, Max: 0.1, Diff: 0.1, Sum: 0.5]
      [Code Root Scanning (ms): Min: 0.0, Avg: 0.0, Max: 0.0, Diff: 0.0, Sum: 0.0]
      [Object Copy (ms): Min: 0.8, Avg: 1.0, Max: 1.1, Diff: 0.3, Sum: 9.7]
      [Termination (ms): Min: 0.0, Avg: 0.0, Max: 0.0, Diff: 0.0, Sum: 0.0]
         [Termination Attempts: Min: 1, Avg: 1.0, Max: 1, Diff: 0, Sum: 10]
      [GC Worker Other (ms): Min: 0.0, Avg: 0.0, Max: 0.1, Diff: 0.1, Sum: 0.5]
      [GC Worker Total (ms): Min: 3.3, Avg: 3.5, Max: 3.7, Diff: 0.4, Sum: 34.8]
      [GC Worker End (ms): Min: 612874.0, Avg: 612874.0, Max: 612874.1, Diff: 0.1]
   [Code Root Fixup: 0.0 ms]
   [Code Root Purge: 0.0 ms]
   [Clear CT: 1.4 ms]
   [Other: 2.8 ms]
      [Choose CSet: 0.0 ms]
      [Ref Proc: 1.0 ms]
      [Ref Enq: 0.0 ms]
      [Redirty Cards: 1.4 ms]
      [Humongous Register: 0.0 ms]
      [Humongous Reclaim: 0.0 ms]
      [Free CSet: 0.1 ms]
   [Eden: 152.0M(152.0M)->0.0B(151.0M) Survivors: 1024.0K->2048.0K Heap: 189.4M(256.0M)->38450.9K(256.0M)]
Heap after GC invocations=586 (full 0):
 garbage-first heap   total 262144K, used 38450K [0x00000000f0000000, 0x00000000f0100800, 0x0000000100000000)
  region size 1024K, 2 young (2048K), 2 survivors (2048K)
 Metaspace       used 52897K, capacity 56076K, committed 56192K, reserved 1097728K
  class space    used 6460K, capacity 7028K, committed 7040K, reserved 1048576K
}
 [Times: user=0.04 sys=0.00, real=0.01 secs] 
{Heap before GC invocations=586 (full 0):
 garbage-first heap   total 262144K, used 193074K [0x00000000f0000000, 0x00000000f0100800, 0x0000000100000000)
  region size 1024K, 153 young (156672K), 2 survivors (2048K)
 Metaspace       used 52897K, capacity 56076K, committed 56192K, reserved 1097728K
  class space    used 6460K, capacity 7028K, committed 7040K, reserved 1048576K
2023-10-03T06:55:05.806+0800: 613.669: [GC pause (G1 Evacuation Pause) (young), 0.0088359 secs]
   [Parallel Time: 4.4 ms, GC Workers: 10]
      [GC Worker Start (ms): Min: 613669.6, Avg: 613669.9, Max: 613670.1, Diff: 0.5]
      [Ext Root Scanning (ms): Min: 1.2, Avg: 1.4, Max: 1.7, Diff: 0.6, Sum: 14.0]
      [Update RS (ms): Min: 0.8, Avg: 0.9, Max: 1.0, Diff: 0.1, Sum: 8.9]
         [Processed Buffers: Min: 4, Avg: 9.7, Max: 14, Diff: 10, Sum: 97]
      [Scan RS (ms): Min: 0.0, Avg: 0.1, Max: 0.1, Diff: 0.1, Sum: 0.6]
      [Code Root Scanning (ms): Min: 0.0, Avg: 0.0, Max: 0.0, Diff: 0.0, Sum: 0.0]
      [Object Copy (ms): Min: 0.8, Avg: 0.9, Max: 1.0, Diff: 0.2, Sum: 9.4]
      [Termination (ms): Min: 0.0, Avg: 0.0, Max: 0.0, Diff: 0.0, Sum: 0.1]
         [Termination Attempts: Min: 1, Avg: 1.7, Max: 3, Diff: 2, Sum: 17]
      [GC Worker Other (ms): Min: 0.0, Avg: 0.0, Max: 0.1, Diff: 0.1, Sum: 0.5]
      [GC Worker Total (ms): Min: 3.1, Avg: 3.3, Max: 3.6, Diff: 0.5, Sum: 33.4]
      [GC Worker End (ms): Min: 613673.2, Avg: 613673.2, Max: 613673.3, Diff: 0.1]
   [Code Root Fixup: 0.0 ms]
   [Code Root Purge: 0.0 ms]
   [Clear CT: 1.1 ms]
   [Other: 3.4 ms]
      [Choose CSet: 0.0 ms]
      [Ref Proc: 1.5 ms]
      [Ref Enq: 0.0 ms]
      [Redirty Cards: 1.5 ms]
      [Humongous Register: 0.0 ms]
      [Humongous Reclaim: 0.0 ms]
      [Free CSet: 0.1 ms]
   [Eden: 151.0M(151.0M)->0.0B(152.0M) Survivors: 2048.0K->1024.0K Heap: 188.5M(256.0M)->38086.4K(256.0M)]
Heap after GC invocations=587 (full 0):
 garbage-first heap   total 262144K, used 38086K [0x00000000f0000000, 0x00000000f0100800, 0x0000000100000000)
  region size 1024K, 1 young (1024K), 1 survivors (1024K)
 Metaspace       used 52897K, capacity 56076K, committed 56192K, reserved 1097728K
  class space    used 6460K, capacity 7028K, committed 7040K, reserved 1048576K
}
 [Times: user=0.04 sys=0.00, real=0.01 secs] 
{Heap before GC invocations=587 (full 0):
 garbage-first heap   total 262144K, used 193734K [0x00000000f0000000, 0x00000000f0100800, 0x0000000100000000)
  region size 1024K, 153 young (156672K), 1 survivors (1024K)
 Metaspace       used 52897K, capacity 56076K, committed 56192K, reserved 1097728K
  class space    used 6460K, capacity 7028K, committed 7040K, reserved 1048576K
2023-10-03T06:55:06.602+0800: 614.465: [GC pause (G1 Evacuation Pause) (young), 0.0092505 secs]
   [Parallel Time: 4.5 ms, GC Workers: 10]
      [GC Worker Start (ms): Min: 614465.3, Avg: 614465.6, Max: 614465.8, Diff: 0.4]
      [Ext Root Scanning (ms): Min: 1.3, Avg: 1.5, Max: 1.8, Diff: 0.5, Sum: 14.6]
      [Update RS (ms): Min: 0.8, Avg: 0.9, Max: 1.0, Diff: 0.2, Sum: 8.8]
         [Processed Buffers: Min: 4, Avg: 9.8, Max: 23, Diff: 19, Sum: 98]
      [Scan RS (ms): Min: 0.0, Avg: 0.1, Max: 0.1, Diff: 0.1, Sum: 0.6]
      [Code Root Scanning (ms): Min: 0.0, Avg: 0.0, Max: 0.0, Diff: 0.0, Sum: 0.0]
      [Object Copy (ms): Min: 0.8, Avg: 1.0, Max: 1.1, Diff: 0.3, Sum: 10.0]
      [Termination (ms): Min: 0.0, Avg: 0.0, Max: 0.0, Diff: 0.0, Sum: 0.0]
         [Termination Attempts: Min: 1, Avg: 1.3, Max: 2, Diff: 1, Sum: 13]
      [GC Worker Other (ms): Min: 0.0, Avg: 0.0, Max: 0.1, Diff: 0.1, Sum: 0.4]
      [GC Worker Total (ms): Min: 3.3, Avg: 3.5, Max: 3.7, Diff: 0.4, Sum: 34.6]
      [GC Worker End (ms): Min: 614469.0, Avg: 614469.0, Max: 614469.1, Diff: 0.1]
   [Code Root Fixup: 0.0 ms]
   [Code Root Purge: 0.0 ms]
   [Clear CT: 1.8 ms]
   [Other: 2.9 ms]
      [Choose CSet: 0.0 ms]
      [Ref Proc: 1.1 ms]
      [Ref Enq: 0.0 ms]
      [Redirty Cards: 1.4 ms]
      [Humongous Register: 0.0 ms]
      [Humongous Reclaim: 0.0 ms]
      [Free CSet: 0.1 ms]
   [Eden: 152.0M(152.0M)->0.0B(152.0M) Survivors: 1024.0K->1024.0K Heap: 189.2M(256.0M)->38260.2K(256.0M)]
Heap after GC invocations=588 (full 0):
 garbage-first heap   total 262144K, used 38260K [0x00000000f0000000, 0x00000000f0100800, 0x0000000100000000)
  region size 1024K, 1 young (1024K), 1 survivors (1024K)
 Metaspace       used 52897K, capacity 56076K, committed 56192K, reserved 1097728K
  class space    used 6460K, capacity 7028K, committed 7040K, reserved 1048576K
}
 [Times: user=0.03 sys=0.01, real=0.01 secs] 
{Heap before GC invocations=588 (full 0):
 garbage-first heap   total 262144K, used 193908K [0x00000000f0000000, 0x00000000f0100800, 0x0000000100000000)
  region size 1024K, 153 young (156672K), 1 survivors (1024K)
 Metaspace       used 52897K, capacity 56076K, committed 56192K, reserved 1097728K
  class space    used 6460K, capacity 7028K, committed 7040K, reserved 1048576K
2023-10-03T06:55:07.401+0800: 615.265: [GC pause (G1 Evacuation Pause) (young), 0.0082210 secs]
   [Parallel Time: 4.3 ms, GC Workers: 10]
      [GC Worker Start (ms): Min: 615264.7, Avg: 615265.0, Max: 615265.2, Diff: 0.5]
      [Ext Root Scanning (ms): Min: 1.4, Avg: 1.6, Max: 1.9, Diff: 0.5, Sum: 15.6]
      [Update RS (ms): Min: 0.8, Avg: 0.9, Max: 1.0, Diff: 0.2, Sum: 8.7]
         [Processed Buffers: Min: 4, Avg: 9.8, Max: 18, Diff: 14, Sum: 98]
      [Scan RS (ms): Min: 0.0, Avg: 0.0, Max: 0.1, Diff: 0.1, Sum: 0.5]
      [Code Root Scanning (ms): Min: 0.0, Avg: 0.0, Max: 0.0, Diff: 0.0, Sum: 0.0]
      [Object Copy (ms): Min: 0.8, Avg: 0.9, Max: 1.0, Diff: 0.2, Sum: 9.2]
      [Termination (ms): Min: 0.0, Avg: 0.0, Max: 0.0, Diff: 0.0, Sum: 0.0]
         [Termination Attempts: Min: 1, Avg: 1.0, Max: 1, Diff: 0, Sum: 10]
      [GC Worker Other (ms): Min: 0.0, Avg: 0.1, Max: 0.2, Diff: 0.1, Sum: 0.6]
      [GC Worker Total (ms): Min: 3.3, Avg: 3.5, Max: 3.8, Diff: 0.5, Sum: 34.7]
      [GC Worker End (ms): Min: 615268.4, Avg: 615268.5, Max: 615268.6, Diff: 0.1]
   [Code Root Fixup: 0.0 ms]
   [Code Root Purge: 0.0 ms]
   [Clear CT: 1.1 ms]
   [Other: 2.8 ms]
      [Choose CSet: 0.0 ms]
      [Ref Proc: 1.2 ms]
      [Ref Enq: 0.0 ms]
      [Redirty Cards: 1.1 ms]
      [Humongous Register: 0.0 ms]
      [Humongous Reclaim: 0.0 ms]
      [Free CSet: 0.2 ms]
   [Eden: 152.0M(152.0M)->0.0B(152.0M) Survivors: 1024.0K->1024.0K Heap: 189.4M(256.0M)->38292.4K(256.0M)]
Heap after GC invocations=589 (full 0):
 garbage-first heap   total 262144K, used 38292K [0x00000000f0000000, 0x00000000f0100800, 0x0000000100000000)
  region size 1024K, 1 young (1024K), 1 survivors (1024K)
 Metaspace       used 52897K, capacity 56076K, committed 56192K, reserved 1097728K
  class space    used 6460K, capacity 7028K, committed 7040K, reserved 1048576K
}
 [Times: user=0.03 sys=0.00, real=0.01 secs] 
{Heap before GC invocations=589 (full 0):
 garbage-first heap   total 262144K, used 193940K [0x00000000f0000000, 0x00000000f0100800, 0x0000000100000000)
  region size 1024K, 153 young (156672K), 1 survivors (1024K)
 Metaspace       used 52897K, capacity 56076K, committed 56192K, reserved 1097728K
  class space    used 6460K, capacity 7028K, committed 7040K, reserved 1048576K
2023-10-03T06:55:08.214+0800: 616.077: [GC pause (G1 Evacuation Pause) (young), 0.0088828 secs]
   [Parallel Time: 4.3 ms, GC Workers: 10]
      [GC Worker Start (ms): Min: 616077.4, Avg: 616077.6, Max: 616077.8, Diff: 0.4]
      [Ext Root Scanning (ms): Min: 1.2, Avg: 1.5, Max: 1.8, Diff: 0.6, Sum: 14.6]
      [Update RS (ms): Min: 0.9, Avg: 1.0, Max: 1.0, Diff: 0.2, Sum: 9.6]
         [Processed Buffers: Min: 6, Avg: 9.6, Max: 15, Diff: 9, Sum: 96]
      [Scan RS (ms): Min: 0.0, Avg: 0.0, Max: 0.1, Diff: 0.1, Sum: 0.5]
      [Code Root Scanning (ms): Min: 0.0, Avg: 0.0, Max: 0.0, Diff: 0.0, Sum: 0.0]
      [Object Copy (ms): Min: 0.8, Avg: 1.0, Max: 1.1, Diff: 0.2, Sum: 10.1]
      [Termination (ms): Min: 0.0, Avg: 0.0, Max: 0.0, Diff: 0.0, Sum: 0.1]
         [Termination Attempts: Min: 1, Avg: 1.4, Max: 2, Diff: 1, Sum: 14]
      [GC Worker Other (ms): Min: 0.0, Avg: 0.1, Max: 0.2, Diff: 0.2, Sum: 0.6]
      [GC Worker Total (ms): Min: 3.3, Avg: 3.5, Max: 3.8, Diff: 0.5, Sum: 35.4]
      [GC Worker End (ms): Min: 616081.1, Avg: 616081.1, Max: 616081.3, Diff: 0.2]
   [Code Root Fixup: 0.0 ms]
   [Code Root Purge: 0.0 ms]
   [Clear CT: 1.5 ms]
   [Other: 3.1 ms]
      [Choose CSet: 0.0 ms]
      [Ref Proc: 1.3 ms]
      [Ref Enq: 0.0 ms]
      [Redirty Cards: 1.4 ms]
      [Humongous Register: 0.0 ms]
      [Humongous Reclaim: 0.0 ms]
      [Free CSet: 0.1 ms]
   [Eden: 152.0M(152.0M)->0.0B(152.0M) Survivors: 1024.0K->1024.0K Heap: 189.4M(256.0M)->38343.8K(256.0M)]
Heap after GC invocations=590 (full 0):
 garbage-first heap   total 262144K, used 38343K [0x00000000f0000000, 0x00000000f0100800, 0x0000000100000000)
  region size 1024K, 1 young (1024K), 1 survivors (1024K)
 Metaspace       used 52897K, capacity 56076K, committed 56192K, reserved 1097728K
  class space    used 6460K, capacity 7028K, committed 7040K, reserved 1048576K
}
 [Times: user=0.03 sys=0.00, real=0.01 secs] 
{Heap before GC invocations=590 (full 0):
 garbage-first heap   total 262144K, used 193991K [0x00000000f0000000, 0x00000000f0100800, 0x0000000100000000)
  region size 1024K, 153 young (156672K), 1 survivors (1024K)
 Metaspace       used 52897K, capacity 56076K, committed 56192K, reserved 1097728K
  class space    used 6460K, capacity 7028K, committed 7040K, reserved 1048576K
2023-10-03T06:55:09.029+0800: 616.893: [GC pause (G1 Evacuation Pause) (young), 0.0087954 secs]
   [Parallel Time: 4.4 ms, GC Workers: 10]
      [GC Worker Start (ms): Min: 616892.8, Avg: 616893.0, Max: 616893.3, Diff: 0.5]
      [Ext Root Scanning (ms): Min: 1.2, Avg: 1.4, Max: 1.8, Diff: 0.6, Sum: 14.4]
      [Update RS (ms): Min: 0.8, Avg: 0.9, Max: 0.9, Diff: 0.1, Sum: 8.7]
         [Processed Buffers: Min: 3, Avg: 9.9, Max: 19, Diff: 16, Sum: 99]
      [Scan RS (ms): Min: 0.0, Avg: 0.1, Max: 0.1, Diff: 0.1, Sum: 0.7]
      [Code Root Scanning (ms): Min: 0.0, Avg: 0.0, Max: 0.0, Diff: 0.0, Sum: 0.0]
      [Object Copy (ms): Min: 0.8, Avg: 0.9, Max: 1.0, Diff: 0.2, Sum: 9.3]
      [Termination (ms): Min: 0.0, Avg: 0.0, Max: 0.0, Diff: 0.0, Sum: 0.0]
         [Termination Attempts: Min: 1, Avg: 1.0, Max: 1, Diff: 0, Sum: 10]
      [GC Worker Other (ms): Min: 0.0, Avg: 0.1, Max: 0.2, Diff: 0.1, Sum: 0.5]
      [GC Worker Total (ms): Min: 3.1, Avg: 3.4, Max: 3.6, Diff: 0.5, Sum: 33.6]
      [GC Worker End (ms): Min: 616896.4, Avg: 616896.4, Max: 616896.5, Diff: 0.1]
   [Code Root Fixup: 0.0 ms]
   [Code Root Purge: 0.0 ms]
   [Clear CT: 1.1 ms]
   [Other: 3.3 ms]
      [Choose CSet: 0.0 ms]
      [Ref Proc: 1.6 ms]
      [Ref Enq: 0.0 ms]
      [Redirty Cards: 1.4 ms]
      [Humongous Register: 0.0 ms]
      [Humongous Reclaim: 0.0 ms]
      [Free CSet: 0.1 ms]
   [Eden: 152.0M(152.0M)->0.0B(152.0M) Survivors: 1024.0K->1024.0K Heap: 189.4M(256.0M)->38165.9K(256.0M)]
Heap after GC invocations=591 (full 0):
 garbage-first heap   total 262144K, used 38165K [0x00000000f0000000, 0x00000000f0100800, 0x0000000100000000)
  region size 1024K, 1 young (1024K), 1 survivors (1024K)
 Metaspace       used 52897K, capacity 56076K, committed 56192K, reserved 1097728K
  class space    used 6460K, capacity 7028K, committed 7040K, reserved 1048576K
}
 [Times: user=0.04 sys=0.00, real=0.01 secs] 
{Heap before GC invocations=591 (full 0):
 garbage-first heap   total 262144K, used 193813K [0x00000000f0000000, 0x00000000f0100800, 0x0000000100000000)
  region size 1024K, 153 young (156672K), 1 survivors (1024K)
 Metaspace       used 52897K, capacity 56076K, committed 56192K, reserved 1097728K
  class space    used 6460K, capacity 7028K, committed 7040K, reserved 1048576K
2023-10-03T06:55:09.829+0800: 617.692: [GC pause (G1 Evacuation Pause) (young), 0.0081974 secs]
   [Parallel Time: 4.2 ms, GC Workers: 10]
      [GC Worker Start (ms): Min: 617692.6, Avg: 617692.8, Max: 617693.1, Diff: 0.5]
      [Ext Root Scanning (ms): Min: 1.2, Avg: 1.4, Max: 1.8, Diff: 0.6, Sum: 14.2]
      [Update RS (ms): Min: 0.8, Avg: 0.9, Max: 0.9, Diff: 0.1, Sum: 8.6]
         [Processed Buffers: Min: 3, Avg: 9.8, Max: 20, Diff: 17, Sum: 98]
      [Scan RS (ms): Min: 0.0, Avg: 0.1, Max: 0.1, Diff: 0.1, Sum: 0.6]
      [Code Root Scanning (ms): Min: 0.0, Avg: 0.0, Max: 0.0, Diff: 0.0, Sum: 0.0]
      [Object Copy (ms): Min: 0.8, Avg: 0.9, Max: 1.0, Diff: 0.2, Sum: 9.5]
      [Termination (ms): Min: 0.0, Avg: 0.0, Max: 0.0, Diff: 0.0, Sum: 0.0]
         [Termination Attempts: Min: 1, Avg: 1.0, Max: 1, Diff: 0, Sum: 10]
      [GC Worker Other (ms): Min: 0.0, Avg: 0.0, Max: 0.1, Diff: 0.1, Sum: 0.4]
      [GC Worker Total (ms): Min: 3.1, Avg: 3.3, Max: 3.6, Diff: 0.5, Sum: 33.4]
      [GC Worker End (ms): Min: 617696.1, Avg: 617696.2, Max: 617696.2, Diff: 0.1]
   [Code Root Fixup: 0.0 ms]
   [Code Root Purge: 0.0 ms]
   [Clear CT: 1.5 ms]
   [Other: 2.5 ms]
      [Choose CSet: 0.0 ms]
      [Ref Proc: 0.8 ms]
      [Ref Enq: 0.0 ms]
      [Redirty Cards: 1.3 ms]
      [Humongous Register: 0.0 ms]
      [Humongous Reclaim: 0.0 ms]
      [Free CSet: 0.1 ms]
   [Eden: 152.0M(152.0M)->0.0B(152.0M) Survivors: 1024.0K->1024.0K Heap: 189.3M(256.0M)->38215.0K(256.0M)]
Heap after GC invocations=592 (full 0):
 garbage-first heap   total 262144K, used 38215K [0x00000000f0000000, 0x00000000f0100800, 0x0000000100000000)
  region size 1024K, 1 young (1024K), 1 survivors (1024K)
 Metaspace       used 52897K, capacity 56076K, committed 56192K, reserved 1097728K
  class space    used 6460K, capacity 7028K, committed 7040K, reserved 1048576K
}
 [Times: user=0.04 sys=0.01, real=0.01 secs] 
{Heap before GC invocations=592 (full 0):
 garbage-first heap   total 262144K, used 193863K [0x00000000f0000000, 0x00000000f0100800, 0x0000000100000000)
  region size 1024K, 153 young (156672K), 1 survivors (1024K)
 Metaspace       used 52897K, capacity 56076K, committed 56192K, reserved 1097728K
  class space    used 6460K, capacity 7028K, committed 7040K, reserved 1048576K
2023-10-03T06:55:10.621+0800: 618.484: [GC pause (G1 Evacuation Pause) (young), 0.0083805 secs]
   [Parallel Time: 4.3 ms, GC Workers: 10]
      [GC Worker Start (ms): Min: 618484.2, Avg: 618484.5, Max: 618484.7, Diff: 0.5]
      [Ext Root Scanning (ms): Min: 1.2, Avg: 1.4, Max: 1.8, Diff: 0.6, Sum: 14.2]
      [Update RS (ms): Min: 0.8, Avg: 0.9, Max: 1.0, Diff: 0.2, Sum: 9.0]
         [Processed Buffers: Min: 5, Avg: 9.7, Max: 15, Diff: 10, Sum: 97]
      [Scan RS (ms): Min: 0.0, Avg: 0.1, Max: 0.1, Diff: 0.1, Sum: 0.7]
      [Code Root Scanning (ms): Min: 0.0, Avg: 0.0, Max: 0.0, Diff: 0.0, Sum: 0.0]
      [Object Copy (ms): Min: 0.8, Avg: 0.9, Max: 1.0, Diff: 0.2, Sum: 9.3]
      [Termination (ms): Min: 0.0, Avg: 0.0, Max: 0.0, Diff: 0.0, Sum: 0.0]
         [Termination Attempts: Min: 1, Avg: 1.3, Max: 2, Diff: 1, Sum: 13]
      [GC Worker Other (ms): Min: 0.0, Avg: 0.1, Max: 0.2, Diff: 0.2, Sum: 0.7]
      [GC Worker Total (ms): Min: 3.1, Avg: 3.4, Max: 3.6, Diff: 0.5, Sum: 33.8]
      [GC Worker End (ms): Min: 618487.8, Avg: 618487.9, Max: 618488.0, Diff: 0.2]
   [Code Root Fixup: 0.0 ms]
   [Code Root Purge: 0.0 ms]
   [Clear CT: 1.3 ms]
   [Other: 2.8 ms]
      [Choose CSet: 0.0 ms]
      [Ref Proc: 1.1 ms]
      [Ref Enq: 0.0 ms]
      [Redirty Cards: 1.3 ms]
      [Humongous Register: 0.0 ms]
      [Humongous Reclaim: 0.0 ms]
      [Free CSet: 0.1 ms]
   [Eden: 152.0M(152.0M)->0.0B(152.0M) Survivors: 1024.0K->1024.0K Heap: 189.3M(256.0M)->38324.6K(256.0M)]
Heap after GC invocations=593 (full 0):
 garbage-first heap   total 262144K, used 38324K [0x00000000f0000000, 0x00000000f0100800, 0x0000000100000000)
  region size 1024K, 1 young (1024K), 1 survivors (1024K)
 Metaspace       used 52897K, capacity 56076K, committed 56192K, reserved 1097728K
  class space    used 6460K, capacity 7028K, committed 7040K, reserved 1048576K
}
 [Times: user=0.04 sys=0.00, real=0.00 secs] 
{Heap before GC invocations=593 (full 0):
 garbage-first heap   total 262144K, used 193972K [0x00000000f0000000, 0x00000000f0100800, 0x0000000100000000)
  region size 1024K, 153 young (156672K), 1 survivors (1024K)
 Metaspace       used 52897K, capacity 56076K, committed 56192K, reserved 1097728K
  class space    used 6460K, capacity 7028K, committed 7040K, reserved 1048576K
2023-10-03T06:55:11.426+0800: 619.289: [GC pause (G1 Evacuation Pause) (young), 0.0088896 secs]
   [Parallel Time: 4.4 ms, GC Workers: 10]
      [GC Worker Start (ms): Min: 619289.5, Avg: 619289.8, Max: 619290.0, Diff: 0.5]
      [Ext Root Scanning (ms): Min: 1.2, Avg: 1.4, Max: 1.7, Diff: 0.5, Sum: 14.1]
      [Update RS (ms): Min: 0.8, Avg: 0.9, Max: 1.0, Diff: 0.2, Sum: 8.7]
         [Processed Buffers: Min: 6, Avg: 9.7, Max: 16, Diff: 10, Sum: 97]
      [Scan RS (ms): Min: 0.0, Avg: 0.1, Max: 0.1, Diff: 0.1, Sum: 0.7]
      [Code Root Scanning (ms): Min: 0.0, Avg: 0.0, Max: 0.0, Diff: 0.0, Sum: 0.0]
      [Object Copy (ms): Min: 0.8, Avg: 0.9, Max: 1.0, Diff: 0.2, Sum: 9.3]
      [Termination (ms): Min: 0.0, Avg: 0.0, Max: 0.0, Diff: 0.0, Sum: 0.0]
         [Termination Attempts: Min: 1, Avg: 1.0, Max: 1, Diff: 0, Sum: 10]
      [GC Worker Other (ms): Min: 0.0, Avg: 0.0, Max: 0.1, Diff: 0.1, Sum: 0.4]
      [GC Worker Total (ms): Min: 3.1, Avg: 3.3, Max: 3.6, Diff: 0.5, Sum: 33.2]
      [GC Worker End (ms): Min: 619293.1, Avg: 619293.1, Max: 619293.2, Diff: 0.1]
   [Code Root Fixup: 0.0 ms]
   [Code Root Purge: 0.0 ms]
   [Clear CT: 1.7 ms]
   [Other: 2.8 ms]
      [Choose CSet: 0.0 ms]
      [Ref Proc: 1.0 ms]
      [Ref Enq: 0.0 ms]
      [Redirty Cards: 1.4 ms]
      [Humongous Register: 0.0 ms]
      [Humongous Reclaim: 0.0 ms]
      [Free CSet: 0.1 ms]
   [Eden: 152.0M(152.0M)->0.0B(152.0M) Survivors: 1024.0K->1024.0K Heap: 189.4M(256.0M)->38015.0K(256.0M)]
Heap after GC invocations=594 (full 0):
 garbage-first heap   total 262144K, used 38015K [0x00000000f0000000, 0x00000000f0100800, 0x0000000100000000)
  region size 1024K, 1 young (1024K), 1 survivors (1024K)
 Metaspace       used 52897K, capacity 56076K, committed 56192K, reserved 1097728K
  class space    used 6460K, capacity 7028K, committed 7040K, reserved 1048576K
}
 [Times: user=0.04 sys=0.00, real=0.01 secs] 
{Heap before GC invocations=594 (full 0):
 garbage-first heap   total 262144K, used 193663K [0x00000000f0000000, 0x00000000f0100800, 0x0000000100000000)
  region size 1024K, 153 young (156672K), 1 survivors (1024K)
 Metaspace       used 52897K, capacity 56076K, committed 56192K, reserved 1097728K
  class space    used 6460K, capacity 7028K, committed 7040K, reserved 1048576K
2023-10-03T06:55:12.205+0800: 620.068: [GC pause (G1 Evacuation Pause) (young), 0.0086769 secs]
   [Parallel Time: 4.4 ms, GC Workers: 10]
      [GC Worker Start (ms): Min: 620068.2, Avg: 620068.4, Max: 620068.7, Diff: 0.5]
      [Ext Root Scanning (ms): Min: 1.3, Avg: 1.4, Max: 1.8, Diff: 0.6, Sum: 14.2]
      [Update RS (ms): Min: 0.8, Avg: 0.9, Max: 0.9, Diff: 0.2, Sum: 8.8]
         [Processed Buffers: Min: 3, Avg: 9.6, Max: 16, Diff: 13, Sum: 96]
      [Scan RS (ms): Min: 0.0, Avg: 0.1, Max: 0.1, Diff: 0.1, Sum: 0.6]
      [Code Root Scanning (ms): Min: 0.0, Avg: 0.0, Max: 0.0, Diff: 0.0, Sum: 0.0]
      [Object Copy (ms): Min: 0.8, Avg: 0.9, Max: 1.0, Diff: 0.2, Sum: 9.3]
      [Termination (ms): Min: 0.0, Avg: 0.0, Max: 0.0, Diff: 0.0, Sum: 0.0]
         [Termination Attempts: Min: 1, Avg: 1.2, Max: 2, Diff: 1, Sum: 12]
      [GC Worker Other (ms): Min: 0.0, Avg: 0.1, Max: 0.2, Diff: 0.1, Sum: 0.5]
      [GC Worker Total (ms): Min: 3.1, Avg: 3.3, Max: 3.6, Diff: 0.5, Sum: 33.5]
      [GC Worker End (ms): Min: 620071.8, Avg: 620071.8, Max: 620071.9, Diff: 0.1]
   [Code Root Fixup: 0.0 ms]
   [Code Root Purge: 0.0 ms]
   [Clear CT: 1.3 ms]
   [Other: 3.0 ms]
      [Choose CSet: 0.0 ms]
      [Ref Proc: 1.3 ms]
      [Ref Enq: 0.0 ms]
      [Redirty Cards: 1.3 ms]
      [Humongous Register: 0.0 ms]
      [Humongous Reclaim: 0.0 ms]
      [Free CSet: 0.1 ms]
   [Eden: 152.0M(152.0M)->0.0B(152.0M) Survivors: 1024.0K->1024.0K Heap: 189.1M(256.0M)->38232.8K(256.0M)]
Heap after GC invocations=595 (full 0):
 garbage-first heap   total 262144K, used 38232K [0x00000000f0000000, 0x00000000f0100800, 0x0000000100000000)
  region size 1024K, 1 young (1024K), 1 survivors (1024K)
 Metaspace       used 52897K, capacity 56076K, committed 56192K, reserved 1097728K
  class space    used 6460K, capacity 7028K, committed 7040K, reserved 1048576K
}
 [Times: user=0.04 sys=0.00, real=0.01 secs] 
{Heap before GC invocations=595 (full 0):
 garbage-first heap   total 262144K, used 193880K [0x00000000f0000000, 0x00000000f0100800, 0x0000000100000000)
  region size 1024K, 153 young (156672K), 1 survivors (1024K)
 Metaspace       used 52898K, capacity 56076K, committed 56192K, reserved 1097728K
  class space    used 6460K, capacity 7028K, committed 7040K, reserved 1048576K
2023-10-03T06:55:12.999+0800: 620.863: [GC pause (G1 Evacuation Pause) (young), 0.0083792 secs]
   [Parallel Time: 4.4 ms, GC Workers: 10]
      [GC Worker Start (ms): Min: 620862.8, Avg: 620863.1, Max: 620863.4, Diff: 0.6]
      [Ext Root Scanning (ms): Min: 1.3, Avg: 1.5, Max: 1.8, Diff: 0.5, Sum: 15.1]
      [Update RS (ms): Min: 0.8, Avg: 0.9, Max: 0.9, Diff: 0.1, Sum: 8.6]
         [Processed Buffers: Min: 5, Avg: 9.7, Max: 16, Diff: 11, Sum: 97]
      [Scan RS (ms): Min: 0.0, Avg: 0.1, Max: 0.1, Diff: 0.1, Sum: 0.6]
      [Code Root Scanning (ms): Min: 0.0, Avg: 0.0, Max: 0.0, Diff: 0.0, Sum: 0.0]
      [Object Copy (ms): Min: 0.8, Avg: 0.9, Max: 1.0, Diff: 0.2, Sum: 8.9]
      [Termination (ms): Min: 0.0, Avg: 0.0, Max: 0.0, Diff: 0.0, Sum: 0.0]
         [Termination Attempts: Min: 1, Avg: 1.0, Max: 1, Diff: 0, Sum: 10]
      [GC Worker Other (ms): Min: 0.0, Avg: 0.1, Max: 0.2, Diff: 0.2, Sum: 0.7]
      [GC Worker Total (ms): Min: 3.1, Avg: 3.4, Max: 3.7, Diff: 0.7, Sum: 33.9]
      [GC Worker End (ms): Min: 620866.4, Avg: 620866.5, Max: 620866.6, Diff: 0.1]
   [Code Root Fixup: 0.0 ms]
   [Code Root Purge: 0.0 ms]
   [Clear CT: 1.0 ms]
   [Other: 3.0 ms]
      [Choose CSet: 0.0 ms]
      [Ref Proc: 1.3 ms]
      [Ref Enq: 0.0 ms]
      [Redirty Cards: 1.3 ms]
      [Humongous Register: 0.0 ms]
      [Humongous Reclaim: 0.0 ms]
      [Free CSet: 0.1 ms]
   [Eden: 152.0M(152.0M)->0.0B(152.0M) Survivors: 1024.0K->1024.0K Heap: 189.3M(256.0M)->38068.0K(256.0M)]
Heap after GC invocations=596 (full 0):
 garbage-first heap   total 262144K, used 38068K [0x00000000f0000000, 0x00000000f0100800, 0x0000000100000000)
  region size 1024K, 1 young (1024K), 1 survivors (1024K)
 Metaspace       used 52898K, capacity 56076K, committed 56192K, reserved 1097728K
  class space    used 6460K, capacity 7028K, committed 7040K, reserved 1048576K
}
 [Times: user=0.04 sys=0.00, real=0.01 secs] 
{Heap before GC invocations=596 (full 0):
 garbage-first heap   total 262144K, used 193716K [0x00000000f0000000, 0x00000000f0100800, 0x0000000100000000)
  region size 1024K, 153 young (156672K), 1 survivors (1024K)
 Metaspace       used 52898K, capacity 56076K, committed 56192K, reserved 1097728K
  class space    used 6460K, capacity 7028K, committed 7040K, reserved 1048576K
2023-10-03T06:55:13.800+0800: 621.664: [GC pause (G1 Evacuation Pause) (young), 0.0090632 secs]
   [Parallel Time: 4.3 ms, GC Workers: 10]
      [GC Worker Start (ms): Min: 621663.9, Avg: 621664.2, Max: 621664.4, Diff: 0.5]
      [Ext Root Scanning (ms): Min: 1.2, Avg: 1.4, Max: 1.8, Diff: 0.5, Sum: 14.2]
      [Update RS (ms): Min: 0.8, Avg: 0.9, Max: 1.0, Diff: 0.2, Sum: 9.1]
         [Processed Buffers: Min: 3, Avg: 9.8, Max: 19, Diff: 16, Sum: 98]
      [Scan RS (ms): Min: 0.0, Avg: 0.1, Max: 0.1, Diff: 0.1, Sum: 0.6]
      [Code Root Scanning (ms): Min: 0.0, Avg: 0.0, Max: 0.0, Diff: 0.0, Sum: 0.0]
      [Object Copy (ms): Min: 0.8, Avg: 0.9, Max: 1.0, Diff: 0.2, Sum: 9.3]
      [Termination (ms): Min: 0.0, Avg: 0.0, Max: 0.0, Diff: 0.0, Sum: 0.0]
         [Termination Attempts: Min: 1, Avg: 1.1, Max: 2, Diff: 1, Sum: 11]
      [GC Worker Other (ms): Min: 0.0, Avg: 0.1, Max: 0.2, Diff: 0.1, Sum: 0.5]
      [GC Worker Total (ms): Min: 3.1, Avg: 3.4, Max: 3.7, Diff: 0.5, Sum: 33.8]
      [GC Worker End (ms): Min: 621667.5, Avg: 621667.5, Max: 621667.6, Diff: 0.1]
   [Code Root Fixup: 0.0 ms]
   [Code Root Purge: 0.0 ms]
   [Clear CT: 1.5 ms]
   [Other: 3.3 ms]
      [Choose CSet: 0.0 ms]
      [Ref Proc: 1.5 ms]
      [Ref Enq: 0.0 ms]
      [Redirty Cards: 1.4 ms]
      [Humongous Register: 0.0 ms]
      [Humongous Reclaim: 0.0 ms]
      [Free CSet: 0.1 ms]
   [Eden: 152.0M(152.0M)->0.0B(152.0M) Survivors: 1024.0K->1024.0K Heap: 189.2M(256.0M)->38117.8K(256.0M)]
Heap after GC invocations=597 (full 0):
 garbage-first heap   total 262144K, used 38117K [0x00000000f0000000, 0x00000000f0100800, 0x0000000100000000)
  region size 1024K, 1 young (1024K), 1 survivors (1024K)
 Metaspace       used 52898K, capacity 56076K, committed 56192K, reserved 1097728K
  class space    used 6460K, capacity 7028K, committed 7040K, reserved 1048576K
}
 [Times: user=0.04 sys=0.00, real=0.01 secs] 
{Heap before GC invocations=597 (full 0):
 garbage-first heap   total 262144K, used 193765K [0x00000000f0000000, 0x00000000f0100800, 0x0000000100000000)
  region size 1024K, 153 young (156672K), 1 survivors (1024K)
 Metaspace       used 52898K, capacity 56076K, committed 56192K, reserved 1097728K
  class space    used 6460K, capacity 7028K, committed 7040K, reserved 1048576K
2023-10-03T06:55:14.589+0800: 622.452: [GC pause (G1 Evacuation Pause) (young), 0.0089629 secs]
   [Parallel Time: 4.4 ms, GC Workers: 10]
      [GC Worker Start (ms): Min: 622452.6, Avg: 622452.8, Max: 622453.0, Diff: 0.4]
      [Ext Root Scanning (ms): Min: 1.2, Avg: 1.5, Max: 1.8, Diff: 0.6, Sum: 15.0]
      [Update RS (ms): Min: 0.8, Avg: 0.9, Max: 0.9, Diff: 0.2, Sum: 8.5]
         [Processed Buffers: Min: 5, Avg: 9.8, Max: 17, Diff: 12, Sum: 98]
      [Scan RS (ms): Min: 0.0, Avg: 0.1, Max: 0.1, Diff: 0.1, Sum: 0.6]
      [Code Root Scanning (ms): Min: 0.0, Avg: 0.0, Max: 0.0, Diff: 0.0, Sum: 0.0]
      [Object Copy (ms): Min: 0.8, Avg: 1.0, Max: 1.0, Diff: 0.2, Sum: 9.8]
      [Termination (ms): Min: 0.0, Avg: 0.0, Max: 0.1, Diff: 0.1, Sum: 0.5]
         [Termination Attempts: Min: 1, Avg: 1.1, Max: 2, Diff: 1, Sum: 11]
      [GC Worker Other (ms): Min: 0.0, Avg: 0.0, Max: 0.1, Diff: 0.1, Sum: 0.3]
      [GC Worker Total (ms): Min: 3.2, Avg: 3.5, Max: 3.7, Diff: 0.4, Sum: 34.8]
      [GC Worker End (ms): Min: 622456.3, Avg: 622456.3, Max: 622456.3, Diff: 0.1]
   [Code Root Fixup: 0.0 ms]
   [Code Root Purge: 0.0 ms]
   [Clear CT: 1.2 ms]
   [Other: 3.4 ms]
      [Choose CSet: 0.0 ms]
      [Ref Proc: 1.5 ms]
      [Ref Enq: 0.0 ms]
      [Redirty Cards: 1.5 ms]
      [Humongous Register: 0.0 ms]
      [Humongous Reclaim: 0.0 ms]
      [Free CSet: 0.1 ms]
   [Eden: 152.0M(152.0M)->0.0B(152.0M) Survivors: 1024.0K->1024.0K Heap: 189.2M(256.0M)->38297.4K(256.0M)]
Heap after GC invocations=598 (full 0):
 garbage-first heap   total 262144K, used 38297K [0x00000000f0000000, 0x00000000f0100800, 0x0000000100000000)
  region size 1024K, 1 young (1024K), 1 survivors (1024K)
 Metaspace       used 52898K, capacity 56076K, committed 56192K, reserved 1097728K
  class space    used 6460K, capacity 7028K, committed 7040K, reserved 1048576K
}
 [Times: user=0.04 sys=0.00, real=0.01 secs] 
{Heap before GC invocations=598 (full 0):
 garbage-first heap   total 262144K, used 193945K [0x00000000f0000000, 0x00000000f0100800, 0x0000000100000000)
  region size 1024K, 153 young (156672K), 1 survivors (1024K)
 Metaspace       used 52898K, capacity 56076K, committed 56192K, reserved 1097728K
  class space    used 6460K, capacity 7028K, committed 7040K, reserved 1048576K
2023-10-03T06:55:15.403+0800: 623.266: [GC pause (G1 Evacuation Pause) (young), 0.0082525 secs]
   [Parallel Time: 4.4 ms, GC Workers: 10]
      [GC Worker Start (ms): Min: 623266.5, Avg: 623266.8, Max: 623267.0, Diff: 0.5]
      [Ext Root Scanning (ms): Min: 1.2, Avg: 1.4, Max: 1.8, Diff: 0.6, Sum: 14.2]
      [Update RS (ms): Min: 0.8, Avg: 0.9, Max: 0.9, Diff: 0.1, Sum: 8.7]
         [Processed Buffers: Min: 5, Avg: 9.7, Max: 20, Diff: 15, Sum: 97]
      [Scan RS (ms): Min: 0.0, Avg: 0.1, Max: 0.1, Diff: 0.1, Sum: 0.5]
      [Code Root Scanning (ms): Min: 0.0, Avg: 0.0, Max: 0.0, Diff: 0.0, Sum: 0.0]
      [Object Copy (ms): Min: 0.8, Avg: 1.0, Max: 1.0, Diff: 0.2, Sum: 9.6]
      [Termination (ms): Min: 0.0, Avg: 0.0, Max: 0.0, Diff: 0.0, Sum: 0.0]
         [Termination Attempts: Min: 1, Avg: 1.1, Max: 2, Diff: 1, Sum: 11]
      [GC Worker Other (ms): Min: 0.0, Avg: 0.1, Max: 0.2, Diff: 0.2, Sum: 0.7]
      [GC Worker Total (ms): Min: 3.2, Avg: 3.4, Max: 3.6, Diff: 0.4, Sum: 33.8]
      [GC Worker End (ms): Min: 623270.1, Avg: 623270.1, Max: 623270.3, Diff: 0.2]
   [Code Root Fixup: 0.0 ms]
   [Code Root Purge: 0.0 ms]
   [Clear CT: 1.1 ms]
   [Other: 2.8 ms]
      [Choose CSet: 0.0 ms]
      [Ref Proc: 1.2 ms]
      [Ref Enq: 0.0 ms]
      [Redirty Cards: 1.2 ms]
      [Humongous Register: 0.0 ms]
      [Humongous Reclaim: 0.0 ms]
      [Free CSet: 0.1 ms]
   [Eden: 152.0M(152.0M)->0.0B(152.0M) Survivors: 1024.0K->1024.0K Heap: 189.4M(256.0M)->38158.2K(256.0M)]
Heap after GC invocations=599 (full 0):
 garbage-first heap   total 262144K, used 38158K [0x00000000f0000000, 0x00000000f0100800, 0x0000000100000000)
  region size 1024K, 1 young (1024K), 1 survivors (1024K)
 Metaspace       used 52898K, capacity 56076K, committed 56192K, reserved 1097728K
  class space    used 6460K, capacity 7028K, committed 7040K, reserved 1048576K
}
 [Times: user=0.04 sys=0.00, real=0.01 secs] 
{Heap before GC invocations=599 (full 0):
 garbage-first heap   total 262144K, used 193806K [0x00000000f0000000, 0x00000000f0100800, 0x0000000100000000)
  region size 1024K, 153 young (156672K), 1 survivors (1024K)
 Metaspace       used 52898K, capacity 56076K, committed 56192K, reserved 1097728K
  class space    used 6460K, capacity 7028K, committed 7040K, reserved 1048576K
2023-10-03T06:55:16.211+0800: 624.075: [GC pause (G1 Evacuation Pause) (young), 0.0084471 secs]
   [Parallel Time: 4.1 ms, GC Workers: 10]
      [GC Worker Start (ms): Min: 624074.9, Avg: 624075.1, Max: 624075.3, Diff: 0.4]
      [Ext Root Scanning (ms): Min: 1.2, Avg: 1.4, Max: 1.7, Diff: 0.5, Sum: 14.1]
      [Update RS (ms): Min: 0.8, Avg: 0.9, Max: 1.0, Diff: 0.2, Sum: 8.8]
         [Processed Buffers: Min: 5, Avg: 9.6, Max: 16, Diff: 11, Sum: 96]
      [Scan RS (ms): Min: 0.0, Avg: 0.1, Max: 0.1, Diff: 0.1, Sum: 0.5]
      [Code Root Scanning (ms): Min: 0.0, Avg: 0.0, Max: 0.0, Diff: 0.0, Sum: 0.0]
      [Object Copy (ms): Min: 0.7, Avg: 0.9, Max: 0.9, Diff: 0.2, Sum: 8.7]
      [Termination (ms): Min: 0.0, Avg: 0.0, Max: 0.0, Diff: 0.0, Sum: 0.0]
         [Termination Attempts: Min: 1, Avg: 1.0, Max: 1, Diff: 0, Sum: 10]
      [GC Worker Other (ms): Min: 0.0, Avg: 0.1, Max: 0.1, Diff: 0.1, Sum: 0.5]
      [GC Worker Total (ms): Min: 3.0, Avg: 3.3, Max: 3.4, Diff: 0.4, Sum: 32.7]
      [GC Worker End (ms): Min: 624078.3, Avg: 624078.4, Max: 624078.5, Diff: 0.1]
   [Code Root Fixup: 0.0 ms]
   [Code Root Purge: 0.0 ms]
   [Clear CT: 1.9 ms]
   [Other: 2.4 ms]
      [Choose CSet: 0.0 ms]
      [Ref Proc: 0.8 ms]
      [Ref Enq: 0.0 ms]
      [Redirty Cards: 1.2 ms]
      [Humongous Register: 0.0 ms]
      [Humongous Reclaim: 0.0 ms]
      [Free CSet: 0.1 ms]
   [Eden: 152.0M(152.0M)->0.0B(152.0M) Survivors: 1024.0K->1024.0K Heap: 189.3M(256.0M)->38106.8K(256.0M)]
Heap after GC invocations=600 (full 0):
 garbage-first heap   total 262144K, used 38106K [0x00000000f0000000, 0x00000000f0100800, 0x0000000100000000)
  region size 1024K, 1 young (1024K), 1 survivors (1024K)
 Metaspace       used 52898K, capacity 56076K, committed 56192K, reserved 1097728K
  class space    used 6460K, capacity 7028K, committed 7040K, reserved 1048576K
}
 [Times: user=0.04 sys=0.00, real=0.01 secs] 
{Heap before GC invocations=600 (full 0):
 garbage-first heap   total 262144K, used 193754K [0x00000000f0000000, 0x00000000f0100800, 0x0000000100000000)
  region size 1024K, 153 young (156672K), 1 survivors (1024K)
 Metaspace       used 52898K, capacity 56076K, committed 56192K, reserved 1097728K
  class space    used 6460K, capacity 7028K, committed 7040K, reserved 1048576K
2023-10-03T06:55:17.020+0800: 624.883: [GC pause (G1 Evacuation Pause) (young), 0.0091727 secs]
   [Parallel Time: 4.4 ms, GC Workers: 10]
      [GC Worker Start (ms): Min: 624883.7, Avg: 624883.9, Max: 624884.2, Diff: 0.5]
      [Ext Root Scanning (ms): Min: 1.2, Avg: 1.4, Max: 1.8, Diff: 0.6, Sum: 14.1]
      [Update RS (ms): Min: 0.9, Avg: 1.0, Max: 1.1, Diff: 0.2, Sum: 9.6]
         [Processed Buffers: Min: 4, Avg: 9.7, Max: 14, Diff: 10, Sum: 97]
      [Scan RS (ms): Min: 0.0, Avg: 0.1, Max: 0.1, Diff: 0.1, Sum: 0.5]
      [Code Root Scanning (ms): Min: 0.0, Avg: 0.0, Max: 0.0, Diff: 0.0, Sum: 0.0]
      [Object Copy (ms): Min: 0.8, Avg: 0.9, Max: 1.0, Diff: 0.2, Sum: 9.1]
      [Termination (ms): Min: 0.0, Avg: 0.0, Max: 0.0, Diff: 0.0, Sum: 0.0]
         [Termination Attempts: Min: 1, Avg: 1.1, Max: 2, Diff: 1, Sum: 11]
      [GC Worker Other (ms): Min: 0.0, Avg: 0.0, Max: 0.1, Diff: 0.1, Sum: 0.4]
      [GC Worker Total (ms): Min: 3.2, Avg: 3.4, Max: 3.6, Diff: 0.4, Sum: 33.8]
      [GC Worker End (ms): Min: 624887.3, Avg: 624887.3, Max: 624887.4, Diff: 0.1]
   [Code Root Fixup: 0.0 ms]
   [Code Root Purge: 0.0 ms]
   [Clear CT: 1.4 ms]
   [Other: 3.4 ms]
      [Choose CSet: 0.0 ms]
      [Ref Proc: 1.6 ms]
      [Ref Enq: 0.0 ms]
      [Redirty Cards: 1.4 ms]
      [Humongous Register: 0.0 ms]
      [Humongous Reclaim: 0.0 ms]
      [Free CSet: 0.1 ms]
   [Eden: 152.0M(152.0M)->0.0B(152.0M) Survivors: 1024.0K->1024.0K Heap: 189.2M(256.0M)->38318.5K(256.0M)]
Heap after GC invocations=601 (full 0):
 garbage-first heap   total 262144K, used 38318K [0x00000000f0000000, 0x00000000f0100800, 0x0000000100000000)
  region size 1024K, 1 young (1024K), 1 survivors (1024K)
 Metaspace       used 52898K, capacity 56076K, committed 56192K, reserved 1097728K
  class space    used 6460K, capacity 7028K, committed 7040K, reserved 1048576K
}
 [Times: user=0.04 sys=0.00, real=0.00 secs] 
{Heap before GC invocations=601 (full 0):
 garbage-first heap   total 262144K, used 193966K [0x00000000f0000000, 0x00000000f0100800, 0x0000000100000000)
  region size 1024K, 153 young (156672K), 1 survivors (1024K)
 Metaspace       used 52898K, capacity 56076K, committed 56192K, reserved 1097728K
  class space    used 6460K, capacity 7028K, committed 7040K, reserved 1048576K
2023-10-03T06:55:17.828+0800: 625.691: [GC pause (G1 Evacuation Pause) (young), 0.0087946 secs]
   [Parallel Time: 4.4 ms, GC Workers: 10]
      [GC Worker Start (ms): Min: 625691.4, Avg: 625691.6, Max: 625691.9, Diff: 0.5]
      [Ext Root Scanning (ms): Min: 1.2, Avg: 1.5, Max: 1.8, Diff: 0.6, Sum: 14.7]
      [Update RS (ms): Min: 0.7, Avg: 0.9, Max: 1.0, Diff: 0.3, Sum: 8.6]
         [Processed Buffers: Min: 4, Avg: 9.7, Max: 17, Diff: 13, Sum: 97]
      [Scan RS (ms): Min: 0.0, Avg: 0.1, Max: 0.1, Diff: 0.1, Sum: 0.7]
      [Code Root Scanning (ms): Min: 0.0, Avg: 0.0, Max: 0.0, Diff: 0.0, Sum: 0.0]
      [Object Copy (ms): Min: 0.8, Avg: 1.0, Max: 1.0, Diff: 0.2, Sum: 9.7]
      [Termination (ms): Min: 0.0, Avg: 0.0, Max: 0.0, Diff: 0.0, Sum: 0.1]
         [Termination Attempts: Min: 1, Avg: 1.4, Max: 2, Diff: 1, Sum: 14]
      [GC Worker Other (ms): Min: 0.0, Avg: 0.1, Max: 0.2, Diff: 0.2, Sum: 0.7]
      [GC Worker Total (ms): Min: 3.2, Avg: 3.4, Max: 3.8, Diff: 0.6, Sum: 34.4]
      [GC Worker End (ms): Min: 625695.0, Avg: 625695.1, Max: 625695.2, Diff: 0.2]
   [Code Root Fixup: 0.0 ms]
   [Code Root Purge: 0.0 ms]
   [Clear CT: 1.7 ms]
   [Other: 2.6 ms]
      [Choose CSet: 0.0 ms]
      [Ref Proc: 1.0 ms]
      [Ref Enq: 0.0 ms]
      [Redirty Cards: 1.3 ms]
      [Humongous Register: 0.0 ms]
      [Humongous Reclaim: 0.0 ms]
      [Free CSet: 0.1 ms]
   [Eden: 152.0M(152.0M)->0.0B(152.0M) Survivors: 1024.0K->1024.0K Heap: 189.4M(256.0M)->38109.2K(256.0M)]
Heap after GC invocations=602 (full 0):
 garbage-first heap   total 262144K, used 38109K [0x00000000f0000000, 0x00000000f0100800, 0x0000000100000000)
  region size 1024K, 1 young (1024K), 1 survivors (1024K)
 Metaspace       used 52898K, capacity 56076K, committed 56192K, reserved 1097728K
  class space    used 6460K, capacity 7028K, committed 7040K, reserved 1048576K
}
 [Times: user=0.04 sys=0.00, real=0.01 secs] 
{Heap before GC invocations=602 (full 0):
 garbage-first heap   total 262144K, used 193757K [0x00000000f0000000, 0x00000000f0100800, 0x0000000100000000)
  region size 1024K, 153 young (156672K), 1 survivors (1024K)
 Metaspace       used 52898K, capacity 56076K, committed 56192K, reserved 1097728K
  class space    used 6460K, capacity 7028K, committed 7040K, reserved 1048576K
2023-10-03T06:55:18.620+0800: 626.483: [GC pause (G1 Evacuation Pause) (young), 0.0088066 secs]
   [Parallel Time: 4.3 ms, GC Workers: 10]
      [GC Worker Start (ms): Min: 626483.0, Avg: 626483.3, Max: 626483.5, Diff: 0.5]
      [Ext Root Scanning (ms): Min: 1.2, Avg: 1.4, Max: 1.8, Diff: 0.6, Sum: 14.0]
      [Update RS (ms): Min: 0.8, Avg: 0.8, Max: 0.9, Diff: 0.2, Sum: 8.4]
         [Processed Buffers: Min: 6, Avg: 9.7, Max: 20, Diff: 14, Sum: 97]
      [Scan RS (ms): Min: 0.0, Avg: 0.1, Max: 0.1, Diff: 0.1, Sum: 0.7]
      [Code Root Scanning (ms): Min: 0.0, Avg: 0.0, Max: 0.0, Diff: 0.0, Sum: 0.0]
      [Object Copy (ms): Min: 0.8, Avg: 0.9, Max: 1.0, Diff: 0.2, Sum: 9.1]
      [Termination (ms): Min: 0.0, Avg: 0.0, Max: 0.0, Diff: 0.0, Sum: 0.0]
         [Termination Attempts: Min: 1, Avg: 1.0, Max: 1, Diff: 0, Sum: 10]
      [GC Worker Other (ms): Min: 0.0, Avg: 0.0, Max: 0.1, Diff: 0.1, Sum: 0.4]
      [GC Worker Total (ms): Min: 3.0, Avg: 3.3, Max: 3.6, Diff: 0.5, Sum: 32.7]
      [GC Worker End (ms): Min: 626486.6, Avg: 626486.6, Max: 626486.6, Diff: 0.1]
   [Code Root Fixup: 0.0 ms]
   [Code Root Purge: 0.0 ms]
   [Clear CT: 1.2 ms]
   [Other: 3.3 ms]
      [Choose CSet: 0.0 ms]
      [Ref Proc: 1.4 ms]
      [Ref Enq: 0.0 ms]
      [Redirty Cards: 1.5 ms]
      [Humongous Register: 0.0 ms]
      [Humongous Reclaim: 0.0 ms]
      [Free CSet: 0.1 ms]
   [Eden: 152.0M(152.0M)->0.0B(152.0M) Survivors: 1024.0K->1024.0K Heap: 189.2M(256.0M)->38106.5K(256.0M)]
Heap after GC invocations=603 (full 0):
 garbage-first heap   total 262144K, used 38106K [0x00000000f0000000, 0x00000000f0100800, 0x0000000100000000)
  region size 1024K, 1 young (1024K), 1 survivors (1024K)
 Metaspace       used 52898K, capacity 56076K, committed 56192K, reserved 1097728K
  class space    used 6460K, capacity 7028K, committed 7040K, reserved 1048576K
}
 [Times: user=0.04 sys=0.00, real=0.01 secs] 
{Heap before GC invocations=603 (full 0):
 garbage-first heap   total 262144K, used 193754K [0x00000000f0000000, 0x00000000f0100800, 0x0000000100000000)
  region size 1024K, 153 young (156672K), 1 survivors (1024K)
 Metaspace       used 52898K, capacity 56076K, committed 56192K, reserved 1097728K
  class space    used 6460K, capacity 7028K, committed 7040K, reserved 1048576K
2023-10-03T06:55:19.429+0800: 627.292: [GC pause (G1 Evacuation Pause) (young), 0.0088850 secs]
   [Parallel Time: 4.3 ms, GC Workers: 10]
      [GC Worker Start (ms): Min: 627292.0, Avg: 627292.3, Max: 627292.5, Diff: 0.5]
      [Ext Root Scanning (ms): Min: 1.4, Avg: 1.6, Max: 1.9, Diff: 0.5, Sum: 15.7]
      [Update RS (ms): Min: 0.8, Avg: 0.9, Max: 1.0, Diff: 0.2, Sum: 8.8]
         [Processed Buffers: Min: 6, Avg: 9.9, Max: 17, Diff: 11, Sum: 99]
      [Scan RS (ms): Min: 0.0, Avg: 0.1, Max: 0.1, Diff: 0.1, Sum: 0.6]
      [Code Root Scanning (ms): Min: 0.0, Avg: 0.0, Max: 0.0, Diff: 0.0, Sum: 0.0]
      [Object Copy (ms): Min: 0.7, Avg: 0.9, Max: 0.9, Diff: 0.2, Sum: 8.7]
      [Termination (ms): Min: 0.0, Avg: 0.0, Max: 0.0, Diff: 0.0, Sum: 0.0]
         [Termination Attempts: Min: 1, Avg: 1.0, Max: 1, Diff: 0, Sum: 10]
      [GC Worker Other (ms): Min: 0.0, Avg: 0.1, Max: 0.2, Diff: 0.1, Sum: 0.5]
      [GC Worker Total (ms): Min: 3.2, Avg: 3.4, Max: 3.8, Diff: 0.6, Sum: 34.4]
      [GC Worker End (ms): Min: 627295.7, Avg: 627295.7, Max: 627295.8, Diff: 0.1]
   [Code Root Fixup: 0.0 ms]
   [Code Root Purge: 0.0 ms]
   [Clear CT: 1.2 ms]
   [Other: 3.4 ms]
      [Choose CSet: 0.0 ms]
      [Ref Proc: 1.7 ms]
      [Ref Enq: 0.0 ms]
      [Redirty Cards: 1.3 ms]
      [Humongous Register: 0.0 ms]
      [Humongous Reclaim: 0.0 ms]
      [Free CSet: 0.1 ms]
   [Eden: 152.0M(152.0M)->0.0B(152.0M) Survivors: 1024.0K->1024.0K Heap: 189.2M(256.0M)->38197.4K(256.0M)]
Heap after GC invocations=604 (full 0):
 garbage-first heap   total 262144K, used 38197K [0x00000000f0000000, 0x00000000f0100800, 0x0000000100000000)
  region size 1024K, 1 young (1024K), 1 survivors (1024K)
 Metaspace       used 52898K, capacity 56076K, committed 56192K, reserved 1097728K
  class space    used 6460K, capacity 7028K, committed 7040K, reserved 1048576K
}
 [Times: user=0.03 sys=0.01, real=0.01 secs] 
{Heap before GC invocations=604 (full 0):
 garbage-first heap   total 262144K, used 193845K [0x00000000f0000000, 0x00000000f0100800, 0x0000000100000000)
  region size 1024K, 153 young (156672K), 1 survivors (1024K)
 Metaspace       used 52898K, capacity 56076K, committed 56192K, reserved 1097728K
  class space    used 6460K, capacity 7028K, committed 7040K, reserved 1048576K
2023-10-03T06:55:20.238+0800: 628.101: [GC pause (G1 Evacuation Pause) (young), 0.0088803 secs]
   [Parallel Time: 4.3 ms, GC Workers: 10]
      [GC Worker Start (ms): Min: 628101.4, Avg: 628101.6, Max: 628101.8, Diff: 0.4]
      [Ext Root Scanning (ms): Min: 1.3, Avg: 1.5, Max: 1.8, Diff: 0.5, Sum: 14.5]
      [Update RS (ms): Min: 0.8, Avg: 0.9, Max: 1.0, Diff: 0.2, Sum: 8.8]
         [Processed Buffers: Min: 5, Avg: 9.7, Max: 18, Diff: 13, Sum: 97]
      [Scan RS (ms): Min: 0.0, Avg: 0.1, Max: 0.1, Diff: 0.1, Sum: 0.6]
      [Code Root Scanning (ms): Min: 0.0, Avg: 0.0, Max: 0.0, Diff: 0.0, Sum: 0.0]
      [Object Copy (ms): Min: 0.8, Avg: 0.9, Max: 1.0, Diff: 0.2, Sum: 9.1]
      [Termination (ms): Min: 0.0, Avg: 0.0, Max: 0.0, Diff: 0.0, Sum: 0.0]
         [Termination Attempts: Min: 1, Avg: 1.0, Max: 1, Diff: 0, Sum: 10]
      [GC Worker Other (ms): Min: 0.0, Avg: 0.1, Max: 0.1, Diff: 0.1, Sum: 0.5]
      [GC Worker Total (ms): Min: 3.2, Avg: 3.4, Max: 3.6, Diff: 0.4, Sum: 33.7]
      [GC Worker End (ms): Min: 628105.0, Avg: 628105.0, Max: 628105.1, Diff: 0.1]
   [Code Root Fixup: 0.0 ms]
   [Code Root Purge: 0.0 ms]
   [Clear CT: 1.7 ms]
   [Other: 2.9 ms]
      [Choose CSet: 0.0 ms]
      [Ref Proc: 1.3 ms]
      [Ref Enq: 0.0 ms]
      [Redirty Cards: 1.2 ms]
      [Humongous Register: 0.0 ms]
      [Humongous Reclaim: 0.0 ms]
      [Free CSet: 0.1 ms]
   [Eden: 152.0M(152.0M)->0.0B(152.0M) Survivors: 1024.0K->1024.0K Heap: 189.3M(256.0M)->38098.1K(256.0M)]
Heap after GC invocations=605 (full 0):
 garbage-first heap   total 262144K, used 38098K [0x00000000f0000000, 0x00000000f0100800, 0x0000000100000000)
  region size 1024K, 1 young (1024K), 1 survivors (1024K)
 Metaspace       used 52898K, capacity 56076K, committed 56192K, reserved 1097728K
  class space    used 6460K, capacity 7028K, committed 7040K, reserved 1048576K
}
 [Times: user=0.04 sys=0.00, real=0.01 secs] 
{Heap before GC invocations=605 (full 0):
 garbage-first heap   total 262144K, used 193746K [0x00000000f0000000, 0x00000000f0100800, 0x0000000100000000)
  region size 1024K, 153 young (156672K), 1 survivors (1024K)
 Metaspace       used 52898K, capacity 56076K, committed 56192K, reserved 1097728K
  class space    used 6460K, capacity 7028K, committed 7040K, reserved 1048576K
2023-10-03T06:55:21.040+0800: 628.903: [GC pause (G1 Evacuation Pause) (young), 0.0089180 secs]
   [Parallel Time: 4.4 ms, GC Workers: 10]
      [GC Worker Start (ms): Min: 628903.4, Avg: 628903.7, Max: 628903.9, Diff: 0.5]
      [Ext Root Scanning (ms): Min: 1.3, Avg: 1.5, Max: 1.8, Diff: 0.6, Sum: 14.9]
      [Update RS (ms): Min: 0.8, Avg: 0.9, Max: 1.0, Diff: 0.2, Sum: 9.0]
         [Processed Buffers: Min: 5, Avg: 9.6, Max: 18, Diff: 13, Sum: 96]
      [Scan RS (ms): Min: 0.0, Avg: 0.1, Max: 0.1, Diff: 0.1, Sum: 0.5]
      [Code Root Scanning (ms): Min: 0.0, Avg: 0.0, Max: 0.0, Diff: 0.0, Sum: 0.0]
      [Object Copy (ms): Min: 0.7, Avg: 0.8, Max: 0.9, Diff: 0.2, Sum: 8.4]
      [Termination (ms): Min: 0.0, Avg: 0.0, Max: 0.0, Diff: 0.0, Sum: 0.0]
         [Termination Attempts: Min: 1, Avg: 1.0, Max: 1, Diff: 0, Sum: 10]
      [GC Worker Other (ms): Min: 0.0, Avg: 0.1, Max: 0.1, Diff: 0.1, Sum: 0.5]
      [GC Worker Total (ms): Min: 3.1, Avg: 3.3, Max: 3.6, Diff: 0.5, Sum: 33.4]
      [GC Worker End (ms): Min: 628907.0, Avg: 628907.0, Max: 628907.1, Diff: 0.1]
   [Code Root Fixup: 0.0 ms]
   [Code Root Purge: 0.0 ms]
   [Clear CT: 1.3 ms]
   [Other: 3.2 ms]
      [Choose CSet: 0.0 ms]
      [Ref Proc: 1.5 ms]
      [Ref Enq: 0.0 ms]
      [Redirty Cards: 1.4 ms]
      [Humongous Register: 0.0 ms]
      [Humongous Reclaim: 0.0 ms]
      [Free CSet: 0.1 ms]
   [Eden: 152.0M(152.0M)->0.0B(152.0M) Survivors: 1024.0K->1024.0K Heap: 189.2M(256.0M)->38098.5K(256.0M)]
Heap after GC invocations=606 (full 0):
 garbage-first heap   total 262144K, used 38098K [0x00000000f0000000, 0x00000000f0100800, 0x0000000100000000)
  region size 1024K, 1 young (1024K), 1 survivors (1024K)
 Metaspace       used 52898K, capacity 56076K, committed 56192K, reserved 1097728K
  class space    used 6460K, capacity 7028K, committed 7040K, reserved 1048576K
}
 [Times: user=0.04 sys=0.00, real=0.00 secs] 
{Heap before GC invocations=606 (full 0):
 garbage-first heap   total 262144K, used 193746K [0x00000000f0000000, 0x00000000f0100800, 0x0000000100000000)
  region size 1024K, 153 young (156672K), 1 survivors (1024K)
 Metaspace       used 52898K, capacity 56076K, committed 56192K, reserved 1097728K
  class space    used 6460K, capacity 7028K, committed 7040K, reserved 1048576K
2023-10-03T06:55:21.846+0800: 629.710: [GC pause (G1 Evacuation Pause) (young), 0.0086894 secs]
   [Parallel Time: 4.3 ms, GC Workers: 10]
      [GC Worker Start (ms): Min: 629709.9, Avg: 629710.2, Max: 629710.4, Diff: 0.5]
      [Ext Root Scanning (ms): Min: 1.3, Avg: 1.4, Max: 1.8, Diff: 0.6, Sum: 14.5]
      [Update RS (ms): Min: 0.8, Avg: 0.9, Max: 1.0, Diff: 0.2, Sum: 8.8]
         [Processed Buffers: Min: 5, Avg: 9.7, Max: 18, Diff: 13, Sum: 97]
      [Scan RS (ms): Min: 0.0, Avg: 0.1, Max: 0.1, Diff: 0.1, Sum: 0.6]
      [Code Root Scanning (ms): Min: 0.0, Avg: 0.0, Max: 0.0, Diff: 0.0, Sum: 0.0]
      [Object Copy (ms): Min: 0.8, Avg: 0.9, Max: 1.0, Diff: 0.2, Sum: 9.5]
      [Termination (ms): Min: 0.0, Avg: 0.0, Max: 0.0, Diff: 0.0, Sum: 0.0]
         [Termination Attempts: Min: 1, Avg: 1.2, Max: 2, Diff: 1, Sum: 12]
      [GC Worker Other (ms): Min: 0.0, Avg: 0.0, Max: 0.1, Diff: 0.1, Sum: 0.4]
      [GC Worker Total (ms): Min: 3.1, Avg: 3.4, Max: 3.6, Diff: 0.5, Sum: 33.8]
      [GC Worker End (ms): Min: 629713.5, Avg: 629713.6, Max: 629713.6, Diff: 0.1]
   [Code Root Fixup: 0.0 ms]
   [Code Root Purge: 0.0 ms]
   [Clear CT: 1.3 ms]
   [Other: 3.1 ms]
      [Choose CSet: 0.0 ms]
      [Ref Proc: 1.4 ms]
      [Ref Enq: 0.0 ms]
      [Redirty Cards: 1.3 ms]
      [Humongous Register: 0.0 ms]
      [Humongous Reclaim: 0.0 ms]
      [Free CSet: 0.1 ms]
   [Eden: 152.0M(152.0M)->0.0B(152.0M) Survivors: 1024.0K->1024.0K Heap: 189.2M(256.0M)->38108.1K(256.0M)]
Heap after GC invocations=607 (full 0):
 garbage-first heap   total 262144K, used 38108K [0x00000000f0000000, 0x00000000f0100800, 0x0000000100000000)
  region size 1024K, 1 young (1024K), 1 survivors (1024K)
 Metaspace       used 52898K, capacity 56076K, committed 56192K, reserved 1097728K
  class space    used 6460K, capacity 7028K, committed 7040K, reserved 1048576K
}
 [Times: user=0.04 sys=0.00, real=0.01 secs] 
{Heap before GC invocations=607 (full 0):
 garbage-first heap   total 262144K, used 193756K [0x00000000f0000000, 0x00000000f0100800, 0x0000000100000000)
  region size 1024K, 153 young (156672K), 1 survivors (1024K)
 Metaspace       used 52898K, capacity 56076K, committed 56192K, reserved 1097728K
  class space    used 6460K, capacity 7028K, committed 7040K, reserved 1048576K
2023-10-03T06:55:22.610+0800: 630.474: [GC pause (G1 Evacuation Pause) (young), 0.0089754 secs]
   [Parallel Time: 4.4 ms, GC Workers: 10]
      [GC Worker Start (ms): Min: 630473.9, Avg: 630474.2, Max: 630474.4, Diff: 0.5]
      [Ext Root Scanning (ms): Min: 1.3, Avg: 1.5, Max: 1.8, Diff: 0.5, Sum: 14.6]
      [Update RS (ms): Min: 0.8, Avg: 0.9, Max: 1.0, Diff: 0.2, Sum: 8.9]
         [Processed Buffers: Min: 6, Avg: 9.7, Max: 14, Diff: 8, Sum: 97]
      [Scan RS (ms): Min: 0.0, Avg: 0.1, Max: 0.1, Diff: 0.1, Sum: 0.7]
      [Code Root Scanning (ms): Min: 0.0, Avg: 0.0, Max: 0.0, Diff: 0.0, Sum: 0.0]
      [Object Copy (ms): Min: 0.8, Avg: 1.0, Max: 1.0, Diff: 0.2, Sum: 9.6]
      [Termination (ms): Min: 0.0, Avg: 0.0, Max: 0.0, Diff: 0.0, Sum: 0.1]
         [Termination Attempts: Min: 1, Avg: 1.3, Max: 2, Diff: 1, Sum: 13]
      [GC Worker Other (ms): Min: 0.0, Avg: 0.1, Max: 0.1, Diff: 0.1, Sum: 0.5]
      [GC Worker Total (ms): Min: 3.2, Avg: 3.4, Max: 3.7, Diff: 0.5, Sum: 34.4]
      [GC Worker End (ms): Min: 630477.6, Avg: 630477.6, Max: 630477.7, Diff: 0.1]
   [Code Root Fixup: 0.0 ms]
   [Code Root Purge: 0.0 ms]
   [Clear CT: 1.5 ms]
   [Other: 3.1 ms]
      [Choose CSet: 0.0 ms]
      [Ref Proc: 1.3 ms]
      [Ref Enq: 0.0 ms]
      [Redirty Cards: 1.4 ms]
      [Humongous Register: 0.0 ms]
      [Humongous Reclaim: 0.0 ms]
      [Free CSet: 0.1 ms]
   [Eden: 152.0M(152.0M)->0.0B(152.0M) Survivors: 1024.0K->1024.0K Heap: 189.2M(256.0M)->38099.3K(256.0M)]
Heap after GC invocations=608 (full 0):
 garbage-first heap   total 262144K, used 38099K [0x00000000f0000000, 0x00000000f0100800, 0x0000000100000000)
  region size 1024K, 1 young (1024K), 1 survivors (1024K)
 Metaspace       used 52898K, capacity 56076K, committed 56192K, reserved 1097728K
  class space    used 6460K, capacity 7028K, committed 7040K, reserved 1048576K
}
 [Times: user=0.03 sys=0.01, real=0.01 secs] 
{Heap before GC invocations=608 (full 0):
 garbage-first heap   total 262144K, used 193747K [0x00000000f0000000, 0x00000000f0100800, 0x0000000100000000)
  region size 1024K, 153 young (156672K), 1 survivors (1024K)
 Metaspace       used 52898K, capacity 56076K, committed 56192K, reserved 1097728K
  class space    used 6460K, capacity 7028K, committed 7040K, reserved 1048576K
2023-10-03T06:55:23.414+0800: 631.277: [GC pause (G1 Evacuation Pause) (young), 0.0091758 secs]
   [Parallel Time: 4.5 ms, GC Workers: 10]
      [GC Worker Start (ms): Min: 631277.7, Avg: 631278.0, Max: 631278.2, Diff: 0.5]
      [Ext Root Scanning (ms): Min: 1.3, Avg: 1.6, Max: 2.0, Diff: 0.7, Sum: 15.7]
      [Update RS (ms): Min: 0.8, Avg: 0.9, Max: 0.9, Diff: 0.2, Sum: 8.6]
         [Processed Buffers: Min: 4, Avg: 9.8, Max: 19, Diff: 15, Sum: 98]
      [Scan RS (ms): Min: 0.0, Avg: 0.1, Max: 0.1, Diff: 0.1, Sum: 0.6]
      [Code Root Scanning (ms): Min: 0.0, Avg: 0.0, Max: 0.0, Diff: 0.0, Sum: 0.0]
      [Object Copy (ms): Min: 0.9, Avg: 1.0, Max: 1.1, Diff: 0.2, Sum: 10.0]
      [Termination (ms): Min: 0.0, Avg: 0.0, Max: 0.0, Diff: 0.0, Sum: 0.0]
         [Termination Attempts: Min: 1, Avg: 1.1, Max: 2, Diff: 1, Sum: 11]
      [GC Worker Other (ms): Min: 0.0, Avg: 0.0, Max: 0.1, Diff: 0.1, Sum: 0.4]
      [GC Worker Total (ms): Min: 3.3, Avg: 3.5, Max: 3.8, Diff: 0.5, Sum: 35.4]
      [GC Worker End (ms): Min: 631281.5, Avg: 631281.5, Max: 631281.6, Diff: 0.1]
   [Code Root Fixup: 0.0 ms]
   [Code Root Purge: 0.0 ms]
   [Clear CT: 1.4 ms]
   [Other: 3.2 ms]
      [Choose CSet: 0.0 ms]
      [Ref Proc: 1.4 ms]
      [Ref Enq: 0.0 ms]
      [Redirty Cards: 1.4 ms]
      [Humongous Register: 0.0 ms]
      [Humongous Reclaim: 0.0 ms]
      [Free CSet: 0.1 ms]
   [Eden: 152.0M(152.0M)->0.0B(152.0M) Survivors: 1024.0K->1024.0K Heap: 189.2M(256.0M)->38410.6K(256.0M)]
Heap after GC invocations=609 (full 0):
 garbage-first heap   total 262144K, used 38410K [0x00000000f0000000, 0x00000000f0100800, 0x0000000100000000)
  region size 1024K, 1 young (1024K), 1 survivors (1024K)
 Metaspace       used 52898K, capacity 56076K, committed 56192K, reserved 1097728K
  class space    used 6460K, capacity 7028K, committed 7040K, reserved 1048576K
}
 [Times: user=0.03 sys=0.00, real=0.01 secs] 
{Heap before GC invocations=609 (full 0):
 garbage-first heap   total 262144K, used 194058K [0x00000000f0000000, 0x00000000f0100800, 0x0000000100000000)
  region size 1024K, 153 young (156672K), 1 survivors (1024K)
 Metaspace       used 52899K, capacity 56076K, committed 56192K, reserved 1097728K
  class space    used 6460K, capacity 7028K, committed 7040K, reserved 1048576K
2023-10-03T06:55:24.226+0800: 632.089: [GC pause (G1 Evacuation Pause) (young), 0.0089447 secs]
   [Parallel Time: 4.4 ms, GC Workers: 10]
      [GC Worker Start (ms): Min: 632089.2, Avg: 632089.4, Max: 632089.6, Diff: 0.5]
      [Ext Root Scanning (ms): Min: 1.3, Avg: 1.5, Max: 1.8, Diff: 0.5, Sum: 14.8]
      [Update RS (ms): Min: 0.8, Avg: 0.9, Max: 1.0, Diff: 0.2, Sum: 8.9]
         [Processed Buffers: Min: 5, Avg: 9.9, Max: 15, Diff: 10, Sum: 99]
      [Scan RS (ms): Min: 0.0, Avg: 0.1, Max: 0.1, Diff: 0.1, Sum: 0.6]
      [Code Root Scanning (ms): Min: 0.0, Avg: 0.0, Max: 0.0, Diff: 0.0, Sum: 0.0]
      [Object Copy (ms): Min: 0.8, Avg: 0.9, Max: 1.1, Diff: 0.3, Sum: 9.2]
      [Termination (ms): Min: 0.0, Avg: 0.0, Max: 0.0, Diff: 0.0, Sum: 0.0]
         [Termination Attempts: Min: 1, Avg: 1.0, Max: 1, Diff: 0, Sum: 10]
      [GC Worker Other (ms): Min: 0.0, Avg: 0.0, Max: 0.1, Diff: 0.1, Sum: 0.5]
      [GC Worker Total (ms): Min: 3.2, Avg: 3.4, Max: 3.6, Diff: 0.4, Sum: 34.2]
      [GC Worker End (ms): Min: 632092.8, Avg: 632092.8, Max: 632092.9, Diff: 0.1]
   [Code Root Fixup: 0.0 ms]
   [Code Root Purge: 0.0 ms]
   [Clear CT: 1.3 ms]
   [Other: 3.2 ms]
      [Choose CSet: 0.0 ms]
      [Ref Proc: 1.6 ms]
      [Ref Enq: 0.0 ms]
      [Redirty Cards: 1.3 ms]
      [Humongous Register: 0.0 ms]
      [Humongous Reclaim: 0.0 ms]
      [Free CSet: 0.1 ms]
   [Eden: 152.0M(152.0M)->0.0B(152.0M) Survivors: 1024.0K->1024.0K Heap: 189.5M(256.0M)->38173.3K(256.0M)]
Heap after GC invocations=610 (full 0):
 garbage-first heap   total 262144K, used 38173K [0x00000000f0000000, 0x00000000f0100800, 0x0000000100000000)
  region size 1024K, 1 young (1024K), 1 survivors (1024K)
 Metaspace       used 52899K, capacity 56076K, committed 56192K, reserved 1097728K
  class space    used 6460K, capacity 7028K, committed 7040K, reserved 1048576K
}
 [Times: user=0.04 sys=0.00, real=0.01 secs] 
{Heap before GC invocations=610 (full 0):
 garbage-first heap   total 262144K, used 193821K [0x00000000f0000000, 0x00000000f0100800, 0x0000000100000000)
  region size 1024K, 153 young (156672K), 1 survivors (1024K)
 Metaspace       used 52899K, capacity 56076K, committed 56192K, reserved 1097728K
  class space    used 6460K, capacity 7028K, committed 7040K, reserved 1048576K
2023-10-03T06:55:25.034+0800: 632.898: [GC pause (G1 Evacuation Pause) (young), 0.0089370 secs]
   [Parallel Time: 4.5 ms, GC Workers: 10]
      [GC Worker Start (ms): Min: 632897.9, Avg: 632898.1, Max: 632898.3, Diff: 0.5]
      [Ext Root Scanning (ms): Min: 1.2, Avg: 1.4, Max: 1.8, Diff: 0.6, Sum: 14.3]
      [Update RS (ms): Min: 0.8, Avg: 0.9, Max: 1.0, Diff: 0.2, Sum: 8.7]
         [Processed Buffers: Min: 5, Avg: 9.7, Max: 17, Diff: 12, Sum: 97]
      [Scan RS (ms): Min: 0.0, Avg: 0.1, Max: 0.1, Diff: 0.1, Sum: 0.7]
      [Code Root Scanning (ms): Min: 0.0, Avg: 0.0, Max: 0.0, Diff: 0.0, Sum: 0.0]
      [Object Copy (ms): Min: 0.8, Avg: 1.0, Max: 1.0, Diff: 0.2, Sum: 9.5]
      [Termination (ms): Min: 0.0, Avg: 0.0, Max: 0.0, Diff: 0.0, Sum: 0.0]
         [Termination Attempts: Min: 1, Avg: 1.0, Max: 1, Diff: 0, Sum: 10]
      [GC Worker Other (ms): Min: 0.0, Avg: 0.1, Max: 0.2, Diff: 0.1, Sum: 0.5]
      [GC Worker Total (ms): Min: 3.1, Avg: 3.4, Max: 3.6, Diff: 0.5, Sum: 33.8]
      [GC Worker End (ms): Min: 632901.5, Avg: 632901.5, Max: 632901.6, Diff: 0.1]
   [Code Root Fixup: 0.0 ms]
   [Code Root Purge: 0.0 ms]
   [Clear CT: 1.3 ms]
   [Other: 3.1 ms]
      [Choose CSet: 0.0 ms]
      [Ref Proc: 1.3 ms]
      [Ref Enq: 0.0 ms]
      [Redirty Cards: 1.4 ms]
      [Humongous Register: 0.0 ms]
      [Humongous Reclaim: 0.0 ms]
      [Free CSet: 0.1 ms]
   [Eden: 152.0M(152.0M)->0.0B(152.0M) Survivors: 1024.0K->1024.0K Heap: 189.3M(256.0M)->38386.1K(256.0M)]
Heap after GC invocations=611 (full 0):
 garbage-first heap   total 262144K, used 38386K [0x00000000f0000000, 0x00000000f0100800, 0x0000000100000000)
  region size 1024K, 1 young (1024K), 1 survivors (1024K)
 Metaspace       used 52899K, capacity 56076K, committed 56192K, reserved 1097728K
  class space    used 6460K, capacity 7028K, committed 7040K, reserved 1048576K
}
 [Times: user=0.04 sys=0.00, real=0.01 secs] 
{Heap before GC invocations=611 (full 0):
 garbage-first heap   total 262144K, used 194034K [0x00000000f0000000, 0x00000000f0100800, 0x0000000100000000)
  region size 1024K, 153 young (156672K), 1 survivors (1024K)
 Metaspace       used 52899K, capacity 56076K, committed 56192K, reserved 1097728K
  class space    used 6460K, capacity 7028K, committed 7040K, reserved 1048576K
2023-10-03T06:55:25.833+0800: 633.696: [GC pause (G1 Evacuation Pause) (young), 0.0086500 secs]
   [Parallel Time: 4.4 ms, GC Workers: 10]
      [GC Worker Start (ms): Min: 633696.0, Avg: 633696.2, Max: 633696.4, Diff: 0.4]
      [Ext Root Scanning (ms): Min: 1.2, Avg: 1.4, Max: 1.7, Diff: 0.5, Sum: 14.2]
      [Update RS (ms): Min: 0.8, Avg: 0.9, Max: 1.0, Diff: 0.2, Sum: 8.8]
         [Processed Buffers: Min: 3, Avg: 9.7, Max: 14, Diff: 11, Sum: 97]
      [Scan RS (ms): Min: 0.0, Avg: 0.1, Max: 0.1, Diff: 0.1, Sum: 0.7]
      [Code Root Scanning (ms): Min: 0.0, Avg: 0.0, Max: 0.0, Diff: 0.0, Sum: 0.0]
      [Object Copy (ms): Min: 0.8, Avg: 1.0, Max: 1.2, Diff: 0.3, Sum: 10.2]
      [Termination (ms): Min: 0.0, Avg: 0.0, Max: 0.0, Diff: 0.0, Sum: 0.0]
         [Termination Attempts: Min: 1, Avg: 1.2, Max: 2, Diff: 1, Sum: 12]
      [GC Worker Other (ms): Min: 0.0, Avg: 0.1, Max: 0.3, Diff: 0.2, Sum: 0.9]
      [GC Worker Total (ms): Min: 3.3, Avg: 3.5, Max: 3.8, Diff: 0.6, Sum: 34.8]
      [GC Worker End (ms): Min: 633699.6, Avg: 633699.7, Max: 633699.9, Diff: 0.2]
   [Code Root Fixup: 0.0 ms]
   [Code Root Purge: 0.0 ms]
   [Clear CT: 1.3 ms]
   [Other: 2.9 ms]
      [Choose CSet: 0.0 ms]
      [Ref Proc: 1.2 ms]
      [Ref Enq: 0.0 ms]
      [Redirty Cards: 1.3 ms]
      [Humongous Register: 0.0 ms]
      [Humongous Reclaim: 0.0 ms]
      [Free CSet: 0.1 ms]
   [Eden: 152.0M(152.0M)->0.0B(152.0M) Survivors: 1024.0K->1024.0K Heap: 189.5M(256.0M)->38221.3K(256.0M)]
Heap after GC invocations=612 (full 0):
 garbage-first heap   total 262144K, used 38221K [0x00000000f0000000, 0x00000000f0100800, 0x0000000100000000)
  region size 1024K, 1 young (1024K), 1 survivors (1024K)
 Metaspace       used 52899K, capacity 56076K, committed 56192K, reserved 1097728K
  class space    used 6460K, capacity 7028K, committed 7040K, reserved 1048576K
}
 [Times: user=0.04 sys=0.00, real=0.01 secs] 
{Heap before GC invocations=612 (full 0):
 garbage-first heap   total 262144K, used 193869K [0x00000000f0000000, 0x00000000f0100800, 0x0000000100000000)
  region size 1024K, 153 young (156672K), 1 survivors (1024K)
 Metaspace       used 52899K, capacity 56076K, committed 56192K, reserved 1097728K
  class space    used 6460K, capacity 7028K, committed 7040K, reserved 1048576K
2023-10-03T06:55:26.643+0800: 634.506: [GC pause (G1 Evacuation Pause) (young), 0.0085926 secs]
   [Parallel Time: 4.4 ms, GC Workers: 10]
      [GC Worker Start (ms): Min: 634506.7, Avg: 634506.9, Max: 634507.2, Diff: 0.5]
      [Ext Root Scanning (ms): Min: 1.2, Avg: 1.4, Max: 1.8, Diff: 0.6, Sum: 14.1]
      [Update RS (ms): Min: 0.8, Avg: 0.9, Max: 0.9, Diff: 0.1, Sum: 8.7]
         [Processed Buffers: Min: 4, Avg: 9.7, Max: 19, Diff: 15, Sum: 97]
      [Scan RS (ms): Min: 0.0, Avg: 0.1, Max: 0.1, Diff: 0.1, Sum: 0.6]
      [Code Root Scanning (ms): Min: 0.0, Avg: 0.0, Max: 0.0, Diff: 0.0, Sum: 0.0]
      [Object Copy (ms): Min: 0.8, Avg: 1.0, Max: 1.1, Diff: 0.2, Sum: 9.9]
      [Termination (ms): Min: 0.0, Avg: 0.0, Max: 0.0, Diff: 0.0, Sum: 0.1]
         [Termination Attempts: Min: 1, Avg: 1.2, Max: 2, Diff: 1, Sum: 12]
      [GC Worker Other (ms): Min: 0.0, Avg: 0.0, Max: 0.1, Diff: 0.1, Sum: 0.4]
      [GC Worker Total (ms): Min: 3.1, Avg: 3.4, Max: 3.7, Diff: 0.6, Sum: 33.8]
      [GC Worker End (ms): Min: 634510.3, Avg: 634510.3, Max: 634510.4, Diff: 0.1]
   [Code Root Fixup: 0.0 ms]
   [Code Root Purge: 0.0 ms]
   [Clear CT: 1.1 ms]
   [Other: 3.0 ms]
      [Choose CSet: 0.0 ms]
      [Ref Proc: 1.4 ms]
      [Ref Enq: 0.0 ms]
      [Redirty Cards: 1.2 ms]
      [Humongous Register: 0.0 ms]
      [Humongous Reclaim: 0.0 ms]
      [Free CSet: 0.1 ms]
   [Eden: 152.0M(152.0M)->0.0B(152.0M) Survivors: 1024.0K->1024.0K Heap: 189.3M(256.0M)->38173.6K(256.0M)]
Heap after GC invocations=613 (full 0):
 garbage-first heap   total 262144K, used 38173K [0x00000000f0000000, 0x00000000f0100800, 0x0000000100000000)
  region size 1024K, 1 young (1024K), 1 survivors (1024K)
 Metaspace       used 52899K, capacity 56076K, committed 56192K, reserved 1097728K
  class space    used 6460K, capacity 7028K, committed 7040K, reserved 1048576K
}
 [Times: user=0.04 sys=0.00, real=0.01 secs] 
{Heap before GC invocations=613 (full 0):
 garbage-first heap   total 262144K, used 193821K [0x00000000f0000000, 0x00000000f0100800, 0x0000000100000000)
  region size 1024K, 153 young (156672K), 1 survivors (1024K)
 Metaspace       used 52899K, capacity 56076K, committed 56192K, reserved 1097728K
  class space    used 6460K, capacity 7028K, committed 7040K, reserved 1048576K
2023-10-03T06:55:27.446+0800: 635.309: [GC pause (G1 Evacuation Pause) (young), 0.0091209 secs]
   [Parallel Time: 4.5 ms, GC Workers: 10]
      [GC Worker Start (ms): Min: 635309.3, Avg: 635309.6, Max: 635309.8, Diff: 0.5]
      [Ext Root Scanning (ms): Min: 1.3, Avg: 1.5, Max: 1.8, Diff: 0.5, Sum: 14.8]
      [Update RS (ms): Min: 0.7, Avg: 0.9, Max: 1.0, Diff: 0.3, Sum: 9.0]
         [Processed Buffers: Min: 5, Avg: 9.8, Max: 15, Diff: 10, Sum: 98]
      [Scan RS (ms): Min: 0.0, Avg: 0.1, Max: 0.1, Diff: 0.1, Sum: 0.6]
      [Code Root Scanning (ms): Min: 0.0, Avg: 0.0, Max: 0.0, Diff: 0.0, Sum: 0.0]
      [Object Copy (ms): Min: 0.8, Avg: 1.0, Max: 1.1, Diff: 0.2, Sum: 10.1]
      [Termination (ms): Min: 0.0, Avg: 0.0, Max: 0.0, Diff: 0.0, Sum: 0.0]
         [Termination Attempts: Min: 1, Avg: 1.1, Max: 2, Diff: 1, Sum: 11]
      [GC Worker Other (ms): Min: 0.0, Avg: 0.0, Max: 0.1, Diff: 0.1, Sum: 0.4]
      [GC Worker Total (ms): Min: 3.2, Avg: 3.5, Max: 3.7, Diff: 0.5, Sum: 34.8]
      [GC Worker End (ms): Min: 635313.0, Avg: 635313.1, Max: 635313.1, Diff: 0.1]
   [Code Root Fixup: 0.0 ms]
   [Code Root Purge: 0.0 ms]
   [Clear CT: 1.2 ms]
   [Other: 3.4 ms]
      [Choose CSet: 0.0 ms]
      [Ref Proc: 1.7 ms]
      [Ref Enq: 0.0 ms]
      [Redirty Cards: 1.3 ms]
      [Humongous Register: 0.0 ms]
      [Humongous Reclaim: 0.0 ms]
      [Free CSet: 0.1 ms]
   [Eden: 152.0M(152.0M)->0.0B(152.0M) Survivors: 1024.0K->1024.0K Heap: 189.3M(256.0M)->38126.2K(256.0M)]
Heap after GC invocations=614 (full 0):
 garbage-first heap   total 262144K, used 38126K [0x00000000f0000000, 0x00000000f0100800, 0x0000000100000000)
  region size 1024K, 1 young (1024K), 1 survivors (1024K)
 Metaspace       used 52899K, capacity 56076K, committed 56192K, reserved 1097728K
  class space    used 6460K, capacity 7028K, committed 7040K, reserved 1048576K
}
 [Times: user=0.04 sys=0.00, real=0.01 secs] 
{Heap before GC invocations=614 (full 0):
 garbage-first heap   total 262144K, used 193774K [0x00000000f0000000, 0x00000000f0100800, 0x0000000100000000)
  region size 1024K, 153 young (156672K), 1 survivors (1024K)
 Metaspace       used 52903K, capacity 56076K, committed 56192K, reserved 1097728K
  class space    used 6460K, capacity 7028K, committed 7040K, reserved 1048576K
2023-10-03T06:55:28.250+0800: 636.113: [GC pause (G1 Evacuation Pause) (young), 0.0094232 secs]
   [Parallel Time: 4.4 ms, GC Workers: 10]
      [GC Worker Start (ms): Min: 636113.3, Avg: 636113.6, Max: 636113.8, Diff: 0.5]
      [Ext Root Scanning (ms): Min: 1.2, Avg: 1.5, Max: 1.8, Diff: 0.6, Sum: 14.5]
      [Update RS (ms): Min: 0.8, Avg: 0.9, Max: 1.0, Diff: 0.2, Sum: 8.7]
         [Processed Buffers: Min: 4, Avg: 9.8, Max: 20, Diff: 16, Sum: 98]
      [Scan RS (ms): Min: 0.0, Avg: 0.1, Max: 0.1, Diff: 0.1, Sum: 0.7]
      [Code Root Scanning (ms): Min: 0.0, Avg: 0.0, Max: 0.0, Diff: 0.0, Sum: 0.0]
      [Object Copy (ms): Min: 0.8, Avg: 1.0, Max: 1.1, Diff: 0.2, Sum: 10.0]
      [Termination (ms): Min: 0.0, Avg: 0.0, Max: 0.0, Diff: 0.0, Sum: 0.0]
         [Termination Attempts: Min: 1, Avg: 1.3, Max: 2, Diff: 1, Sum: 13]
      [GC Worker Other (ms): Min: 0.0, Avg: 0.0, Max: 0.1, Diff: 0.1, Sum: 0.3]
      [GC Worker Total (ms): Min: 3.2, Avg: 3.4, Max: 3.7, Diff: 0.5, Sum: 34.3]
      [GC Worker End (ms): Min: 636117.0, Avg: 636117.0, Max: 636117.0, Diff: 0.1]
   [Code Root Fixup: 0.0 ms]
   [Code Root Purge: 0.0 ms]
   [Clear CT: 1.4 ms]
   [Other: 3.6 ms]
      [Choose CSet: 0.0 ms]
      [Ref Proc: 1.8 ms]
      [Ref Enq: 0.0 ms]
      [Redirty Cards: 1.4 ms]
      [Humongous Register: 0.0 ms]
      [Humongous Reclaim: 0.0 ms]
      [Free CSet: 0.1 ms]
   [Eden: 152.0M(152.0M)->0.0B(152.0M) Survivors: 1024.0K->1024.0K Heap: 189.2M(256.0M)->38236.7K(256.0M)]
Heap after GC invocations=615 (full 0):
 garbage-first heap   total 262144K, used 38236K [0x00000000f0000000, 0x00000000f0100800, 0x0000000100000000)
  region size 1024K, 1 young (1024K), 1 survivors (1024K)
 Metaspace       used 52903K, capacity 56076K, committed 56192K, reserved 1097728K
  class space    used 6460K, capacity 7028K, committed 7040K, reserved 1048576K
}
 [Times: user=0.04 sys=0.00, real=0.00 secs] 
{Heap before GC invocations=615 (full 0):
 garbage-first heap   total 262144K, used 193884K [0x00000000f0000000, 0x00000000f0100800, 0x0000000100000000)
  region size 1024K, 153 young (156672K), 1 survivors (1024K)
 Metaspace       used 52903K, capacity 56076K, committed 56192K, reserved 1097728K
  class space    used 6460K, capacity 7028K, committed 7040K, reserved 1048576K
2023-10-03T06:55:29.053+0800: 636.917: [GC pause (G1 Evacuation Pause) (young), 0.0089511 secs]
   [Parallel Time: 4.5 ms, GC Workers: 10]
      [GC Worker Start (ms): Min: 636916.8, Avg: 636917.1, Max: 636917.3, Diff: 0.5]
      [Ext Root Scanning (ms): Min: 1.2, Avg: 1.4, Max: 1.8, Diff: 0.6, Sum: 14.4]
      [Update RS (ms): Min: 0.8, Avg: 0.9, Max: 1.0, Diff: 0.2, Sum: 9.1]
         [Processed Buffers: Min: 2, Avg: 9.7, Max: 15, Diff: 13, Sum: 97]
      [Scan RS (ms): Min: 0.0, Avg: 0.0, Max: 0.1, Diff: 0.1, Sum: 0.5]
      [Code Root Scanning (ms): Min: 0.0, Avg: 0.0, Max: 0.0, Diff: 0.0, Sum: 0.0]
      [Object Copy (ms): Min: 0.7, Avg: 0.9, Max: 0.9, Diff: 0.2, Sum: 8.7]
      [Termination (ms): Min: 0.0, Avg: 0.0, Max: 0.0, Diff: 0.0, Sum: 0.0]
         [Termination Attempts: Min: 1, Avg: 1.0, Max: 1, Diff: 0, Sum: 10]
      [GC Worker Other (ms): Min: 0.0, Avg: 0.1, Max: 0.2, Diff: 0.2, Sum: 0.7]
      [GC Worker Total (ms): Min: 3.1, Avg: 3.3, Max: 3.6, Diff: 0.5, Sum: 33.4]
      [GC Worker End (ms): Min: 636920.4, Avg: 636920.4, Max: 636920.6, Diff: 0.2]
   [Code Root Fixup: 0.0 ms]
   [Code Root Purge: 0.0 ms]
   [Clear CT: 1.4 ms]
   [Other: 3.1 ms]
      [Choose CSet: 0.0 ms]
      [Ref Proc: 1.4 ms]
      [Ref Enq: 0.0 ms]
      [Redirty Cards: 1.4 ms]
      [Humongous Register: 0.0 ms]
      [Humongous Reclaim: 0.0 ms]
      [Free CSet: 0.1 ms]
   [Eden: 152.0M(152.0M)->0.0B(152.0M) Survivors: 1024.0K->1024.0K Heap: 189.3M(256.0M)->38121.1K(256.0M)]
Heap after GC invocations=616 (full 0):
 garbage-first heap   total 262144K, used 38121K [0x00000000f0000000, 0x00000000f0100800, 0x0000000100000000)
  region size 1024K, 1 young (1024K), 1 survivors (1024K)
 Metaspace       used 52903K, capacity 56076K, committed 56192K, reserved 1097728K
  class space    used 6460K, capacity 7028K, committed 7040K, reserved 1048576K
}
 [Times: user=0.03 sys=0.00, real=0.01 secs] 
{Heap before GC invocations=616 (full 0):
 garbage-first heap   total 262144K, used 193769K [0x00000000f0000000, 0x00000000f0100800, 0x0000000100000000)
  region size 1024K, 153 young (156672K), 1 survivors (1024K)
 Metaspace       used 52903K, capacity 56076K, committed 56192K, reserved 1097728K
  class space    used 6460K, capacity 7028K, committed 7040K, reserved 1048576K
2023-10-03T06:55:29.833+0800: 637.696: [GC pause (G1 Evacuation Pause) (young), 0.0090920 secs]
   [Parallel Time: 4.5 ms, GC Workers: 10]
      [GC Worker Start (ms): Min: 637696.4, Avg: 637696.6, Max: 637696.8, Diff: 0.5]
      [Ext Root Scanning (ms): Min: 1.2, Avg: 1.4, Max: 1.8, Diff: 0.6, Sum: 14.4]
      [Update RS (ms): Min: 0.8, Avg: 0.9, Max: 1.0, Diff: 0.2, Sum: 8.6]
         [Processed Buffers: Min: 5, Avg: 9.8, Max: 21, Diff: 16, Sum: 98]
      [Scan RS (ms): Min: 0.0, Avg: 0.1, Max: 0.1, Diff: 0.1, Sum: 0.6]
      [Code Root Scanning (ms): Min: 0.0, Avg: 0.0, Max: 0.0, Diff: 0.0, Sum: 0.0]
      [Object Copy (ms): Min: 0.8, Avg: 1.0, Max: 1.1, Diff: 0.2, Sum: 10.2]
      [Termination (ms): Min: 0.0, Avg: 0.0, Max: 0.0, Diff: 0.0, Sum: 0.0]
         [Termination Attempts: Min: 1, Avg: 1.0, Max: 1, Diff: 0, Sum: 10]
      [GC Worker Other (ms): Min: 0.0, Avg: 0.1, Max: 0.2, Diff: 0.1, Sum: 0.6]
      [GC Worker Total (ms): Min: 3.2, Avg: 3.5, Max: 3.7, Diff: 0.5, Sum: 34.6]
      [GC Worker End (ms): Min: 637700.0, Avg: 637700.1, Max: 637700.2, Diff: 0.1]
   [Code Root Fixup: 0.0 ms]
   [Code Root Purge: 0.0 ms]
   [Clear CT: 1.3 ms]
   [Other: 3.4 ms]
      [Choose CSet: 0.0 ms]
      [Ref Proc: 1.6 ms]
      [Ref Enq: 0.0 ms]
      [Redirty Cards: 1.4 ms]
      [Humongous Register: 0.0 ms]
      [Humongous Reclaim: 0.0 ms]
      [Free CSet: 0.1 ms]
   [Eden: 152.0M(152.0M)->0.0B(152.0M) Survivors: 1024.0K->1024.0K Heap: 189.2M(256.0M)->38172.7K(256.0M)]
Heap after GC invocations=617 (full 0):
 garbage-first heap   total 262144K, used 38172K [0x00000000f0000000, 0x00000000f0100800, 0x0000000100000000)
  region size 1024K, 1 young (1024K), 1 survivors (1024K)
 Metaspace       used 52903K, capacity 56076K, committed 56192K, reserved 1097728K
  class space    used 6460K, capacity 7028K, committed 7040K, reserved 1048576K
}
 [Times: user=0.04 sys=0.00, real=0.01 secs] 
{Heap before GC invocations=617 (full 0):
 garbage-first heap   total 262144K, used 193820K [0x00000000f0000000, 0x00000000f0100800, 0x0000000100000000)
  region size 1024K, 153 young (156672K), 1 survivors (1024K)
 Metaspace       used 52903K, capacity 56076K, committed 56192K, reserved 1097728K
  class space    used 6460K, capacity 7028K, committed 7040K, reserved 1048576K
2023-10-03T06:55:30.638+0800: 638.501: [GC pause (G1 Evacuation Pause) (young), 0.0090333 secs]
   [Parallel Time: 4.3 ms, GC Workers: 10]
      [GC Worker Start (ms): Min: 638501.1, Avg: 638501.3, Max: 638501.6, Diff: 0.5]
      [Ext Root Scanning (ms): Min: 1.2, Avg: 1.5, Max: 1.8, Diff: 0.6, Sum: 14.7]
      [Update RS (ms): Min: 0.7, Avg: 0.9, Max: 1.0, Diff: 0.3, Sum: 8.6]
         [Processed Buffers: Min: 4, Avg: 9.8, Max: 19, Diff: 15, Sum: 98]
      [Scan RS (ms): Min: 0.0, Avg: 0.1, Max: 0.1, Diff: 0.1, Sum: 0.5]
      [Code Root Scanning (ms): Min: 0.0, Avg: 0.0, Max: 0.0, Diff: 0.0, Sum: 0.0]
      [Object Copy (ms): Min: 0.9, Avg: 1.0, Max: 1.1, Diff: 0.2, Sum: 10.0]
      [Termination (ms): Min: 0.0, Avg: 0.0, Max: 0.0, Diff: 0.0, Sum: 0.1]
         [Termination Attempts: Min: 1, Avg: 1.5, Max: 3, Diff: 2, Sum: 15]
      [GC Worker Other (ms): Min: 0.0, Avg: 0.0, Max: 0.1, Diff: 0.1, Sum: 0.4]
      [GC Worker Total (ms): Min: 3.2, Avg: 3.4, Max: 3.7, Diff: 0.5, Sum: 34.3]
      [GC Worker End (ms): Min: 638504.7, Avg: 638504.8, Max: 638504.8, Diff: 0.1]
   [Code Root Fixup: 0.0 ms]
   [Code Root Purge: 0.0 ms]
   [Clear CT: 1.8 ms]
   [Other: 2.9 ms]
      [Choose CSet: 0.0 ms]
      [Ref Proc: 1.2 ms]
      [Ref Enq: 0.0 ms]
      [Redirty Cards: 1.3 ms]
      [Humongous Register: 0.0 ms]
      [Humongous Reclaim: 0.0 ms]
      [Free CSet: 0.1 ms]
   [Eden: 152.0M(152.0M)->0.0B(152.0M) Survivors: 1024.0K->1024.0K Heap: 189.3M(256.0M)->38278.3K(256.0M)]
Heap after GC invocations=618 (full 0):
 garbage-first heap   total 262144K, used 38278K [0x00000000f0000000, 0x00000000f0100800, 0x0000000100000000)
  region size 1024K, 1 young (1024K), 1 survivors (1024K)
 Metaspace       used 52903K, capacity 56076K, committed 56192K, reserved 1097728K
  class space    used 6460K, capacity 7028K, committed 7040K, reserved 1048576K
}
 [Times: user=0.04 sys=0.01, real=0.01 secs] 
{Heap before GC invocations=618 (full 0):
 garbage-first heap   total 262144K, used 193926K [0x00000000f0000000, 0x00000000f0100800, 0x0000000100000000)
  region size 1024K, 153 young (156672K), 1 survivors (1024K)
 Metaspace       used 52903K, capacity 56076K, committed 56192K, reserved 1097728K
  class space    used 6460K, capacity 7028K, committed 7040K, reserved 1048576K
2023-10-03T06:55:31.439+0800: 639.302: [GC pause (G1 Evacuation Pause) (young), 0.0079110 secs]
   [Parallel Time: 3.9 ms, GC Workers: 10]
      [GC Worker Start (ms): Min: 639302.3, Avg: 639302.5, Max: 639302.7, Diff: 0.4]
      [Ext Root Scanning (ms): Min: 1.3, Avg: 1.5, Max: 1.8, Diff: 0.5, Sum: 15.1]
      [Update RS (ms): Min: 0.8, Avg: 0.9, Max: 1.0, Diff: 0.2, Sum: 8.8]
         [Processed Buffers: Min: 3, Avg: 9.7, Max: 20, Diff: 17, Sum: 97]
      [Scan RS (ms): Min: 0.0, Avg: 0.1, Max: 0.1, Diff: 0.1, Sum: 0.7]
      [Code Root Scanning (ms): Min: 0.0, Avg: 0.0, Max: 0.0, Diff: 0.0, Sum: 0.0]
      [Object Copy (ms): Min: 0.8, Avg: 1.0, Max: 1.0, Diff: 0.2, Sum: 10.0]
      [Termination (ms): Min: 0.0, Avg: 0.0, Max: 0.0, Diff: 0.0, Sum: 0.1]
         [Termination Attempts: Min: 1, Avg: 1.8, Max: 3, Diff: 2, Sum: 18]
      [GC Worker Other (ms): Min: 0.0, Avg: 0.0, Max: 0.1, Diff: 0.0, Sum: 0.4]
      [GC Worker Total (ms): Min: 3.3, Avg: 3.5, Max: 3.7, Diff: 0.4, Sum: 34.9]
      [GC Worker End (ms): Min: 639306.0, Avg: 639306.0, Max: 639306.0, Diff: 0.0]
   [Code Root Fixup: 0.0 ms]
   [Code Root Purge: 0.0 ms]
   [Clear CT: 1.7 ms]
   [Other: 2.4 ms]
      [Choose CSet: 0.0 ms]
      [Ref Proc: 0.8 ms]
      [Ref Enq: 0.0 ms]
      [Redirty Cards: 1.2 ms]
      [Humongous Register: 0.0 ms]
      [Humongous Reclaim: 0.0 ms]
      [Free CSet: 0.1 ms]
   [Eden: 152.0M(152.0M)->0.0B(152.0M) Survivors: 1024.0K->1024.0K Heap: 189.4M(256.0M)->38074.1K(256.0M)]
Heap after GC invocations=619 (full 0):
 garbage-first heap   total 262144K, used 38074K [0x00000000f0000000, 0x00000000f0100800, 0x0000000100000000)
  region size 1024K, 1 young (1024K), 1 survivors (1024K)
 Metaspace       used 52903K, capacity 56076K, committed 56192K, reserved 1097728K
  class space    used 6460K, capacity 7028K, committed 7040K, reserved 1048576K
}
 [Times: user=0.04 sys=0.00, real=0.01 secs] 
{Heap before GC invocations=619 (full 0):
 garbage-first heap   total 262144K, used 193722K [0x00000000f0000000, 0x00000000f0100800, 0x0000000100000000)
  region size 1024K, 153 young (156672K), 1 survivors (1024K)
 Metaspace       used 52903K, capacity 56076K, committed 56192K, reserved 1097728K
  class space    used 6460K, capacity 7028K, committed 7040K, reserved 1048576K
2023-10-03T06:55:32.248+0800: 640.111: [GC pause (G1 Evacuation Pause) (young), 0.0090264 secs]
   [Parallel Time: 4.2 ms, GC Workers: 10]
      [GC Worker Start (ms): Min: 640111.1, Avg: 640111.4, Max: 640111.6, Diff: 0.5]
      [Ext Root Scanning (ms): Min: 1.3, Avg: 1.4, Max: 1.8, Diff: 0.5, Sum: 14.3]
      [Update RS (ms): Min: 0.8, Avg: 0.9, Max: 1.0, Diff: 0.2, Sum: 8.6]
         [Processed Buffers: Min: 2, Avg: 9.8, Max: 15, Diff: 13, Sum: 98]
      [Scan RS (ms): Min: 0.0, Avg: 0.1, Max: 0.1, Diff: 0.1, Sum: 0.5]
      [Code Root Scanning (ms): Min: 0.0, Avg: 0.0, Max: 0.0, Diff: 0.0, Sum: 0.0]
      [Object Copy (ms): Min: 0.7, Avg: 0.9, Max: 1.0, Diff: 0.3, Sum: 8.9]
      [Termination (ms): Min: 0.0, Avg: 0.0, Max: 0.0, Diff: 0.0, Sum: 0.0]
         [Termination Attempts: Min: 1, Avg: 1.0, Max: 1, Diff: 0, Sum: 10]
      [GC Worker Other (ms): Min: 0.0, Avg: 0.0, Max: 0.1, Diff: 0.1, Sum: 0.5]
      [GC Worker Total (ms): Min: 3.1, Avg: 3.3, Max: 3.5, Diff: 0.5, Sum: 32.9]
      [GC Worker End (ms): Min: 640114.7, Avg: 640114.7, Max: 640114.8, Diff: 0.1]
   [Code Root Fixup: 0.0 ms]
   [Code Root Purge: 0.0 ms]
   [Clear CT: 1.8 ms]
   [Other: 3.0 ms]
      [Choose CSet: 0.0 ms]
      [Ref Proc: 1.2 ms]
      [Ref Enq: 0.0 ms]
      [Redirty Cards: 1.4 ms]
      [Humongous Register: 0.0 ms]
      [Humongous Reclaim: 0.0 ms]
      [Free CSet: 0.1 ms]
   [Eden: 152.0M(152.0M)->0.0B(152.0M) Survivors: 1024.0K->1024.0K Heap: 189.2M(256.0M)->38117.4K(256.0M)]
Heap after GC invocations=620 (full 0):
 garbage-first heap   total 262144K, used 38117K [0x00000000f0000000, 0x00000000f0100800, 0x0000000100000000)
  region size 1024K, 1 young (1024K), 1 survivors (1024K)
 Metaspace       used 52903K, capacity 56076K, committed 56192K, reserved 1097728K
  class space    used 6460K, capacity 7028K, committed 7040K, reserved 1048576K
}
 [Times: user=0.03 sys=0.00, real=0.01 secs] 
{Heap before GC invocations=620 (full 0):
 garbage-first heap   total 262144K, used 193765K [0x00000000f0000000, 0x00000000f0100800, 0x0000000100000000)
  region size 1024K, 153 young (156672K), 1 survivors (1024K)
 Metaspace       used 52903K, capacity 56076K, committed 56192K, reserved 1097728K
  class space    used 6460K, capacity 7028K, committed 7040K, reserved 1048576K
2023-10-03T06:55:33.039+0800: 640.903: [GC pause (G1 Evacuation Pause) (young), 0.0084683 secs]
   [Parallel Time: 4.3 ms, GC Workers: 10]
      [GC Worker Start (ms): Min: 640902.8, Avg: 640903.0, Max: 640903.3, Diff: 0.5]
      [Ext Root Scanning (ms): Min: 1.2, Avg: 1.4, Max: 1.8, Diff: 0.6, Sum: 14.3]
      [Update RS (ms): Min: 0.7, Avg: 0.9, Max: 1.0, Diff: 0.2, Sum: 8.6]
         [Processed Buffers: Min: 6, Avg: 9.6, Max: 17, Diff: 11, Sum: 96]
      [Scan RS (ms): Min: 0.0, Avg: 0.1, Max: 0.1, Diff: 0.1, Sum: 0.6]
      [Code Root Scanning (ms): Min: 0.0, Avg: 0.0, Max: 0.0, Diff: 0.0, Sum: 0.0]
      [Object Copy (ms): Min: 0.8, Avg: 0.9, Max: 1.1, Diff: 0.3, Sum: 9.2]
      [Termination (ms): Min: 0.0, Avg: 0.0, Max: 0.0, Diff: 0.0, Sum: 0.0]
         [Termination Attempts: Min: 1, Avg: 1.0, Max: 1, Diff: 0, Sum: 10]
      [GC Worker Other (ms): Min: 0.0, Avg: 0.1, Max: 0.1, Diff: 0.1, Sum: 0.5]
      [GC Worker Total (ms): Min: 3.1, Avg: 3.3, Max: 3.7, Diff: 0.6, Sum: 33.3]
      [GC Worker End (ms): Min: 640906.3, Avg: 640906.4, Max: 640906.4, Diff: 0.1]
   [Code Root Fixup: 0.0 ms]
   [Code Root Purge: 0.0 ms]
   [Clear CT: 1.5 ms]
   [Other: 2.7 ms]
      [Choose CSet: 0.0 ms]
      [Ref Proc: 0.9 ms]
      [Ref Enq: 0.0 ms]
      [Redirty Cards: 1.4 ms]
      [Humongous Register: 0.0 ms]
      [Humongous Reclaim: 0.0 ms]
      [Free CSet: 0.1 ms]
   [Eden: 152.0M(152.0M)->0.0B(152.0M) Survivors: 1024.0K->1024.0K Heap: 189.2M(256.0M)->38294.8K(256.0M)]
Heap after GC invocations=621 (full 0):
 garbage-first heap   total 262144K, used 38294K [0x00000000f0000000, 0x00000000f0100800, 0x0000000100000000)
  region size 1024K, 1 young (1024K), 1 survivors (1024K)
 Metaspace       used 52903K, capacity 56076K, committed 56192K, reserved 1097728K
  class space    used 6460K, capacity 7028K, committed 7040K, reserved 1048576K
}
 [Times: user=0.04 sys=0.00, real=0.01 secs] 
{Heap before GC invocations=621 (full 0):
 garbage-first heap   total 262144K, used 193942K [0x00000000f0000000, 0x00000000f0100800, 0x0000000100000000)
  region size 1024K, 153 young (156672K), 1 survivors (1024K)
 Metaspace       used 52907K, capacity 56076K, committed 56192K, reserved 1097728K
  class space    used 6460K, capacity 7028K, committed 7040K, reserved 1048576K
2023-10-03T06:55:33.833+0800: 641.696: [GC pause (G1 Evacuation Pause) (young), 0.0089464 secs]
   [Parallel Time: 4.4 ms, GC Workers: 10]
      [GC Worker Start (ms): Min: 641696.4, Avg: 641696.7, Max: 641696.9, Diff: 0.5]
      [Ext Root Scanning (ms): Min: 1.2, Avg: 1.5, Max: 1.8, Diff: 0.6, Sum: 14.7]
      [Update RS (ms): Min: 0.8, Avg: 0.8, Max: 0.9, Diff: 0.2, Sum: 8.4]
         [Processed Buffers: Min: 3, Avg: 10.0, Max: 17, Diff: 14, Sum: 100]
      [Scan RS (ms): Min: 0.0, Avg: 0.1, Max: 0.1, Diff: 0.1, Sum: 0.8]
      [Code Root Scanning (ms): Min: 0.0, Avg: 0.0, Max: 0.0, Diff: 0.0, Sum: 0.0]
      [Object Copy (ms): Min: 0.8, Avg: 1.0, Max: 1.0, Diff: 0.2, Sum: 9.8]
      [Termination (ms): Min: 0.0, Avg: 0.0, Max: 0.0, Diff: 0.0, Sum: 0.0]
         [Termination Attempts: Min: 1, Avg: 1.4, Max: 2, Diff: 1, Sum: 14]
      [GC Worker Other (ms): Min: 0.0, Avg: 0.0, Max: 0.1, Diff: 0.1, Sum: 0.4]
      [GC Worker Total (ms): Min: 3.2, Avg: 3.4, Max: 3.7, Diff: 0.5, Sum: 34.1]
      [GC Worker End (ms): Min: 641700.1, Avg: 641700.1, Max: 641700.1, Diff: 0.1]
   [Code Root Fixup: 0.0 ms]
   [Code Root Purge: 0.0 ms]
   [Clear CT: 1.3 ms]
   [Other: 3.2 ms]
      [Choose CSet: 0.0 ms]
      [Ref Proc: 1.5 ms]
      [Ref Enq: 0.0 ms]
      [Redirty Cards: 1.3 ms]
      [Humongous Register: 0.0 ms]
      [Humongous Reclaim: 0.0 ms]
      [Free CSet: 0.1 ms]
   [Eden: 152.0M(152.0M)->0.0B(152.0M) Survivors: 1024.0K->1024.0K Heap: 189.4M(256.0M)->38269.6K(256.0M)]
Heap after GC invocations=622 (full 0):
 garbage-first heap   total 262144K, used 38269K [0x00000000f0000000, 0x00000000f0100800, 0x0000000100000000)
  region size 1024K, 1 young (1024K), 1 survivors (1024K)
 Metaspace       used 52907K, capacity 56076K, committed 56192K, reserved 1097728K
  class space    used 6460K, capacity 7028K, committed 7040K, reserved 1048576K
}
 [Times: user=0.04 sys=0.01, real=0.01 secs] 
{Heap before GC invocations=622 (full 0):
 garbage-first heap   total 262144K, used 193917K [0x00000000f0000000, 0x00000000f0100800, 0x0000000100000000)
  region size 1024K, 153 young (156672K), 1 survivors (1024K)
 Metaspace       used 52907K, capacity 56076K, committed 56192K, reserved 1097728K
  class space    used 6460K, capacity 7028K, committed 7040K, reserved 1048576K
2023-10-03T06:55:34.634+0800: 642.497: [GC pause (G1 Evacuation Pause) (young), 0.0084171 secs]
   [Parallel Time: 4.4 ms, GC Workers: 10]
      [GC Worker Start (ms): Min: 642497.0, Avg: 642497.2, Max: 642497.5, Diff: 0.5]
      [Ext Root Scanning (ms): Min: 1.2, Avg: 1.4, Max: 1.8, Diff: 0.6, Sum: 14.4]
      [Update RS (ms): Min: 0.8, Avg: 0.9, Max: 1.0, Diff: 0.2, Sum: 9.3]
         [Processed Buffers: Min: 1, Avg: 9.9, Max: 17, Diff: 16, Sum: 99]
      [Scan RS (ms): Min: 0.0, Avg: 0.1, Max: 0.1, Diff: 0.1, Sum: 0.7]
      [Code Root Scanning (ms): Min: 0.0, Avg: 0.0, Max: 0.0, Diff: 0.0, Sum: 0.0]
      [Object Copy (ms): Min: 0.8, Avg: 1.0, Max: 1.0, Diff: 0.2, Sum: 9.6]
      [Termination (ms): Min: 0.0, Avg: 0.0, Max: 0.0, Diff: 0.0, Sum: 0.0]
         [Termination Attempts: Min: 1, Avg: 1.0, Max: 1, Diff: 0, Sum: 10]
      [GC Worker Other (ms): Min: 0.0, Avg: 0.1, Max: 0.2, Diff: 0.1, Sum: 0.6]
      [GC Worker Total (ms): Min: 3.2, Avg: 3.5, Max: 3.8, Diff: 0.6, Sum: 34.7]
      [GC Worker End (ms): Min: 642500.7, Avg: 642500.7, Max: 642500.8, Diff: 0.1]
   [Code Root Fixup: 0.0 ms]
   [Code Root Purge: 0.0 ms]
   [Clear CT: 1.1 ms]
   [Other: 2.9 ms]
      [Choose CSet: 0.0 ms]
      [Ref Proc: 1.3 ms]
      [Ref Enq: 0.0 ms]
      [Redirty Cards: 1.2 ms]
      [Humongous Register: 0.0 ms]
      [Humongous Reclaim: 0.0 ms]
      [Free CSet: 0.1 ms]
   [Eden: 152.0M(152.0M)->0.0B(152.0M) Survivors: 1024.0K->1024.0K Heap: 189.4M(256.0M)->38197.5K(256.0M)]
Heap after GC invocations=623 (full 0):
 garbage-first heap   total 262144K, used 38197K [0x00000000f0000000, 0x00000000f0100800, 0x0000000100000000)
  region size 1024K, 1 young (1024K), 1 survivors (1024K)
 Metaspace       used 52907K, capacity 56076K, committed 56192K, reserved 1097728K
  class space    used 6460K, capacity 7028K, committed 7040K, reserved 1048576K
}
 [Times: user=0.03 sys=0.00, real=0.01 secs] 
{Heap before GC invocations=623 (full 0):
 garbage-first heap   total 262144K, used 193845K [0x00000000f0000000, 0x00000000f0100800, 0x0000000100000000)
  region size 1024K, 153 young (156672K), 1 survivors (1024K)
 Metaspace       used 52907K, capacity 56076K, committed 56192K, reserved 1097728K
  class space    used 6460K, capacity 7028K, committed 7040K, reserved 1048576K
2023-10-03T06:55:35.441+0800: 643.304: [GC pause (G1 Evacuation Pause) (young), 0.0083013 secs]
   [Parallel Time: 4.3 ms, GC Workers: 10]
      [GC Worker Start (ms): Min: 643304.0, Avg: 643304.2, Max: 643304.4, Diff: 0.5]
      [Ext Root Scanning (ms): Min: 1.1, Avg: 1.4, Max: 1.8, Diff: 0.6, Sum: 14.4]
      [Update RS (ms): Min: 0.8, Avg: 0.9, Max: 1.0, Diff: 0.1, Sum: 9.2]
         [Processed Buffers: Min: 5, Avg: 9.8, Max: 20, Diff: 15, Sum: 98]
      [Scan RS (ms): Min: 0.0, Avg: 0.1, Max: 0.1, Diff: 0.1, Sum: 0.6]
      [Code Root Scanning (ms): Min: 0.0, Avg: 0.0, Max: 0.0, Diff: 0.0, Sum: 0.0]
      [Object Copy (ms): Min: 0.7, Avg: 0.9, Max: 0.9, Diff: 0.2, Sum: 8.8]
      [Termination (ms): Min: 0.0, Avg: 0.0, Max: 0.0, Diff: 0.0, Sum: 0.0]
         [Termination Attempts: Min: 1, Avg: 1.4, Max: 2, Diff: 1, Sum: 14]
      [GC Worker Other (ms): Min: 0.0, Avg: 0.0, Max: 0.1, Diff: 0.1, Sum: 0.5]
      [GC Worker Total (ms): Min: 3.2, Avg: 3.4, Max: 3.6, Diff: 0.5, Sum: 33.6]
      [GC Worker End (ms): Min: 643307.5, Avg: 643307.6, Max: 643307.6, Diff: 0.1]
   [Code Root Fixup: 0.0 ms]
   [Code Root Purge: 0.0 ms]
   [Clear CT: 1.3 ms]
   [Other: 2.8 ms]
      [Choose CSet: 0.0 ms]
      [Ref Proc: 1.0 ms]
      [Ref Enq: 0.0 ms]
      [Redirty Cards: 1.4 ms]
      [Humongous Register: 0.0 ms]
      [Humongous Reclaim: 0.0 ms]
      [Free CSet: 0.1 ms]
   [Eden: 152.0M(152.0M)->0.0B(152.0M) Survivors: 1024.0K->1024.0K Heap: 189.3M(256.0M)->38138.7K(256.0M)]
Heap after GC invocations=624 (full 0):
 garbage-first heap   total 262144K, used 38138K [0x00000000f0000000, 0x00000000f0100800, 0x0000000100000000)
  region size 1024K, 1 young (1024K), 1 survivors (1024K)
 Metaspace       used 52907K, capacity 56076K, committed 56192K, reserved 1097728K
  class space    used 6460K, capacity 7028K, committed 7040K, reserved 1048576K
}
 [Times: user=0.04 sys=0.00, real=0.00 secs] 
{Heap before GC invocations=624 (full 0):
 garbage-first heap   total 262144K, used 193786K [0x00000000f0000000, 0x00000000f0100800, 0x0000000100000000)
  region size 1024K, 153 young (156672K), 1 survivors (1024K)
 Metaspace       used 52907K, capacity 56076K, committed 56192K, reserved 1097728K
  class space    used 6460K, capacity 7028K, committed 7040K, reserved 1048576K
2023-10-03T06:55:36.264+0800: 644.128: [GC pause (G1 Evacuation Pause) (young), 0.0089918 secs]
   [Parallel Time: 4.3 ms, GC Workers: 10]
      [GC Worker Start (ms): Min: 644127.9, Avg: 644128.2, Max: 644128.4, Diff: 0.5]
      [Ext Root Scanning (ms): Min: 1.3, Avg: 1.5, Max: 1.8, Diff: 0.6, Sum: 14.5]
      [Update RS (ms): Min: 0.8, Avg: 0.9, Max: 0.9, Diff: 0.1, Sum: 8.6]
         [Processed Buffers: Min: 6, Avg: 9.8, Max: 14, Diff: 8, Sum: 98]
      [Scan RS (ms): Min: 0.0, Avg: 0.1, Max: 0.1, Diff: 0.1, Sum: 0.8]
      [Code Root Scanning (ms): Min: 0.0, Avg: 0.0, Max: 0.0, Diff: 0.0, Sum: 0.0]
      [Object Copy (ms): Min: 0.9, Avg: 1.0, Max: 1.1, Diff: 0.2, Sum: 10.3]
      [Termination (ms): Min: 0.0, Avg: 0.0, Max: 0.0, Diff: 0.0, Sum: 0.1]
         [Termination Attempts: Min: 1, Avg: 1.7, Max: 3, Diff: 2, Sum: 17]
      [GC Worker Other (ms): Min: 0.0, Avg: 0.0, Max: 0.1, Diff: 0.1, Sum: 0.4]
      [GC Worker Total (ms): Min: 3.2, Avg: 3.5, Max: 3.8, Diff: 0.5, Sum: 34.7]
      [GC Worker End (ms): Min: 644131.6, Avg: 644131.6, Max: 644131.7, Diff: 0.1]
   [Code Root Fixup: 0.0 ms]
   [Code Root Purge: 0.0 ms]
   [Clear CT: 1.4 ms]
   [Other: 3.3 ms]
      [Choose CSet: 0.0 ms]
      [Ref Proc: 1.6 ms]
      [Ref Enq: 0.0 ms]
      [Redirty Cards: 1.4 ms]
      [Humongous Register: 0.0 ms]
      [Humongous Reclaim: 0.0 ms]
      [Free CSet: 0.1 ms]
   [Eden: 152.0M(152.0M)->0.0B(152.0M) Survivors: 1024.0K->1024.0K Heap: 189.2M(256.0M)->38133.6K(256.0M)]
Heap after GC invocations=625 (full 0):
 garbage-first heap   total 262144K, used 38133K [0x00000000f0000000, 0x00000000f0100800, 0x0000000100000000)
  region size 1024K, 1 young (1024K), 1 survivors (1024K)
 Metaspace       used 52907K, capacity 56076K, committed 56192K, reserved 1097728K
  class space    used 6460K, capacity 7028K, committed 7040K, reserved 1048576K
}
 [Times: user=0.04 sys=0.00, real=0.01 secs] 
{Heap before GC invocations=625 (full 0):
 garbage-first heap   total 262144K, used 193781K [0x00000000f0000000, 0x00000000f0100800, 0x0000000100000000)
  region size 1024K, 153 young (156672K), 1 survivors (1024K)
 Metaspace       used 52907K, capacity 56076K, committed 56192K, reserved 1097728K
  class space    used 6460K, capacity 7028K, committed 7040K, reserved 1048576K
2023-10-03T06:55:37.065+0800: 644.929: [GC pause (G1 Evacuation Pause) (young), 0.0090613 secs]
   [Parallel Time: 4.2 ms, GC Workers: 10]
      [GC Worker Start (ms): Min: 644928.8, Avg: 644929.0, Max: 644929.3, Diff: 0.5]
      [Ext Root Scanning (ms): Min: 1.3, Avg: 1.5, Max: 1.8, Diff: 0.5, Sum: 14.8]
      [Update RS (ms): Min: 0.8, Avg: 0.9, Max: 0.9, Diff: 0.2, Sum: 8.6]
         [Processed Buffers: Min: 5, Avg: 9.6, Max: 16, Diff: 11, Sum: 96]
      [Scan RS (ms): Min: 0.0, Avg: 0.1, Max: 0.1, Diff: 0.1, Sum: 0.7]
      [Code Root Scanning (ms): Min: 0.0, Avg: 0.0, Max: 0.0, Diff: 0.0, Sum: 0.0]
      [Object Copy (ms): Min: 0.8, Avg: 0.9, Max: 1.0, Diff: 0.2, Sum: 9.3]
      [Termination (ms): Min: 0.0, Avg: 0.0, Max: 0.0, Diff: 0.0, Sum: 0.0]
         [Termination Attempts: Min: 1, Avg: 1.1, Max: 2, Diff: 1, Sum: 11]
      [GC Worker Other (ms): Min: 0.0, Avg: 0.0, Max: 0.1, Diff: 0.1, Sum: 0.4]
      [GC Worker Total (ms): Min: 3.2, Avg: 3.4, Max: 3.6, Diff: 0.4, Sum: 33.8]
      [GC Worker End (ms): Min: 644932.4, Avg: 644932.4, Max: 644932.5, Diff: 0.1]
   [Code Root Fixup: 0.0 ms]
   [Code Root Purge: 0.0 ms]
   [Clear CT: 1.4 ms]
   [Other: 3.4 ms]
      [Choose CSet: 0.0 ms]
      [Ref Proc: 1.6 ms]
      [Ref Enq: 0.0 ms]
      [Redirty Cards: 1.4 ms]
      [Humongous Register: 0.0 ms]
      [Humongous Reclaim: 0.0 ms]
      [Free CSet: 0.1 ms]
   [Eden: 152.0M(152.0M)->0.0B(152.0M) Survivors: 1024.0K->1024.0K Heap: 189.2M(256.0M)->38179.9K(256.0M)]
Heap after GC invocations=626 (full 0):
 garbage-first heap   total 262144K, used 38179K [0x00000000f0000000, 0x00000000f0100800, 0x0000000100000000)
  region size 1024K, 1 young (1024K), 1 survivors (1024K)
 Metaspace       used 52907K, capacity 56076K, committed 56192K, reserved 1097728K
  class space    used 6460K, capacity 7028K, committed 7040K, reserved 1048576K
}
 [Times: user=0.04 sys=0.00, real=0.01 secs] 
{Heap before GC invocations=626 (full 0):
 garbage-first heap   total 262144K, used 193827K [0x00000000f0000000, 0x00000000f0100800, 0x0000000100000000)
  region size 1024K, 153 young (156672K), 1 survivors (1024K)
 Metaspace       used 52907K, capacity 56076K, committed 56192K, reserved 1097728K
  class space    used 6460K, capacity 7028K, committed 7040K, reserved 1048576K
2023-10-03T06:55:37.861+0800: 645.724: [GC pause (G1 Evacuation Pause) (young), 0.0084110 secs]
   [Parallel Time: 4.3 ms, GC Workers: 10]
      [GC Worker Start (ms): Min: 645724.6, Avg: 645724.9, Max: 645725.1, Diff: 0.5]
      [Ext Root Scanning (ms): Min: 1.3, Avg: 1.5, Max: 1.8, Diff: 0.6, Sum: 14.5]
      [Update RS (ms): Min: 0.7, Avg: 0.9, Max: 0.9, Diff: 0.2, Sum: 8.5]
         [Processed Buffers: Min: 6, Avg: 9.8, Max: 13, Diff: 7, Sum: 98]
      [Scan RS (ms): Min: 0.0, Avg: 0.1, Max: 0.1, Diff: 0.1, Sum: 0.5]
      [Code Root Scanning (ms): Min: 0.0, Avg: 0.0, Max: 0.0, Diff: 0.0, Sum: 0.0]
      [Object Copy (ms): Min: 0.8, Avg: 1.0, Max: 1.0, Diff: 0.2, Sum: 9.6]
      [Termination (ms): Min: 0.0, Avg: 0.0, Max: 0.0, Diff: 0.0, Sum: 0.0]
         [Termination Attempts: Min: 1, Avg: 1.2, Max: 2, Diff: 1, Sum: 12]
      [GC Worker Other (ms): Min: 0.0, Avg: 0.0, Max: 0.1, Diff: 0.1, Sum: 0.5]
      [GC Worker Total (ms): Min: 3.2, Avg: 3.4, Max: 3.6, Diff: 0.4, Sum: 33.7]
      [GC Worker End (ms): Min: 645728.2, Avg: 645728.2, Max: 645728.3, Diff: 0.1]
   [Code Root Fixup: 0.0 ms]
   [Code Root Purge: 0.0 ms]
   [Clear CT: 1.6 ms]
   [Other: 2.5 ms]
      [Choose CSet: 0.0 ms]
      [Ref Proc: 0.8 ms]
      [Ref Enq: 0.0 ms]
      [Redirty Cards: 1.4 ms]
      [Humongous Register: 0.0 ms]
      [Humongous Reclaim: 0.0 ms]
      [Free CSet: 0.1 ms]
   [Eden: 152.0M(152.0M)->0.0B(152.0M) Survivors: 1024.0K->1024.0K Heap: 189.3M(256.0M)->38194.2K(256.0M)]
Heap after GC invocations=627 (full 0):
 garbage-first heap   total 262144K, used 38194K [0x00000000f0000000, 0x00000000f0100800, 0x0000000100000000)
  region size 1024K, 1 young (1024K), 1 survivors (1024K)
 Metaspace       used 52907K, capacity 56076K, committed 56192K, reserved 1097728K
  class space    used 6460K, capacity 7028K, committed 7040K, reserved 1048576K
}
 [Times: user=0.04 sys=0.00, real=0.01 secs] 
{Heap before GC invocations=627 (full 0):
 garbage-first heap   total 262144K, used 193842K [0x00000000f0000000, 0x00000000f0100800, 0x0000000100000000)
  region size 1024K, 153 young (156672K), 1 survivors (1024K)
 Metaspace       used 52907K, capacity 56076K, committed 56192K, reserved 1097728K
  class space    used 6460K, capacity 7028K, committed 7040K, reserved 1048576K
2023-10-03T06:55:38.671+0800: 646.534: [GC pause (G1 Evacuation Pause) (young), 0.0086915 secs]
   [Parallel Time: 4.4 ms, GC Workers: 10]
      [GC Worker Start (ms): Min: 646534.3, Avg: 646534.6, Max: 646534.8, Diff: 0.5]
      [Ext Root Scanning (ms): Min: 1.3, Avg: 1.5, Max: 1.8, Diff: 0.6, Sum: 14.6]
      [Update RS (ms): Min: 0.6, Avg: 0.9, Max: 0.9, Diff: 0.3, Sum: 8.7]
         [Processed Buffers: Min: 4, Avg: 9.8, Max: 18, Diff: 14, Sum: 98]
      [Scan RS (ms): Min: 0.0, Avg: 0.1, Max: 0.1, Diff: 0.1, Sum: 0.6]
      [Code Root Scanning (ms): Min: 0.0, Avg: 0.0, Max: 0.0, Diff: 0.0, Sum: 0.0]
      [Object Copy (ms): Min: 0.8, Avg: 1.0, Max: 1.1, Diff: 0.3, Sum: 9.6]
      [Termination (ms): Min: 0.0, Avg: 0.0, Max: 0.0, Diff: 0.0, Sum: 0.0]
         [Termination Attempts: Min: 1, Avg: 1.0, Max: 1, Diff: 0, Sum: 10]
      [GC Worker Other (ms): Min: 0.0, Avg: 0.1, Max: 0.2, Diff: 0.1, Sum: 0.6]
      [GC Worker Total (ms): Min: 3.1, Avg: 3.4, Max: 3.6, Diff: 0.5, Sum: 34.2]
      [GC Worker End (ms): Min: 646537.9, Avg: 646538.0, Max: 646538.1, Diff: 0.1]
   [Code Root Fixup: 0.0 ms]
   [Code Root Purge: 0.0 ms]
   [Clear CT: 1.4 ms]
   [Other: 2.8 ms]
      [Choose CSet: 0.0 ms]
      [Ref Proc: 1.0 ms]
      [Ref Enq: 0.0 ms]
      [Redirty Cards: 1.4 ms]
      [Humongous Register: 0.0 ms]
      [Humongous Reclaim: 0.0 ms]
      [Free CSet: 0.1 ms]
   [Eden: 152.0M(152.0M)->0.0B(152.0M) Survivors: 1024.0K->1024.0K Heap: 189.3M(256.0M)->38308.6K(256.0M)]
Heap after GC invocations=628 (full 0):
 garbage-first heap   total 262144K, used 38308K [0x00000000f0000000, 0x00000000f0100800, 0x0000000100000000)
  region size 1024K, 1 young (1024K), 1 survivors (1024K)
 Metaspace       used 52907K, capacity 56076K, committed 56192K, reserved 1097728K
  class space    used 6460K, capacity 7028K, committed 7040K, reserved 1048576K
}
 [Times: user=0.03 sys=0.00, real=0.01 secs] 
{Heap before GC invocations=628 (full 0):
 garbage-first heap   total 262144K, used 193956K [0x00000000f0000000, 0x00000000f0100800, 0x0000000100000000)
  region size 1024K, 153 young (156672K), 1 survivors (1024K)
 Metaspace       used 52907K, capacity 56076K, committed 56192K, reserved 1097728K
  class space    used 6460K, capacity 7028K, committed 7040K, reserved 1048576K
2023-10-03T06:55:39.472+0800: 647.335: [GC pause (G1 Evacuation Pause) (young), 0.0086200 secs]
   [Parallel Time: 4.3 ms, GC Workers: 10]
      [GC Worker Start (ms): Min: 647335.1, Avg: 647335.4, Max: 647335.5, Diff: 0.4]
      [Ext Root Scanning (ms): Min: 1.2, Avg: 1.5, Max: 1.8, Diff: 0.6, Sum: 14.7]
      [Update RS (ms): Min: 0.8, Avg: 0.9, Max: 1.0, Diff: 0.2, Sum: 8.7]
         [Processed Buffers: Min: 4, Avg: 9.9, Max: 24, Diff: 20, Sum: 99]
      [Scan RS (ms): Min: 0.0, Avg: 0.1, Max: 0.2, Diff: 0.2, Sum: 0.7]
      [Code Root Scanning (ms): Min: 0.0, Avg: 0.0, Max: 0.0, Diff: 0.0, Sum: 0.0]
      [Object Copy (ms): Min: 0.8, Avg: 0.9, Max: 1.0, Diff: 0.2, Sum: 9.5]
      [Termination (ms): Min: 0.0, Avg: 0.0, Max: 0.0, Diff: 0.0, Sum: 0.1]
         [Termination Attempts: Min: 1, Avg: 1.5, Max: 2, Diff: 1, Sum: 15]
      [GC Worker Other (ms): Min: 0.0, Avg: 0.0, Max: 0.1, Diff: 0.1, Sum: 0.4]
      [GC Worker Total (ms): Min: 3.2, Avg: 3.4, Max: 3.6, Diff: 0.4, Sum: 34.1]
      [GC Worker End (ms): Min: 647338.7, Avg: 647338.8, Max: 647338.8, Diff: 0.1]
   [Code Root Fixup: 0.0 ms]
   [Code Root Purge: 0.0 ms]
   [Clear CT: 1.6 ms]
   [Other: 2.7 ms]
      [Choose CSet: 0.0 ms]
      [Ref Proc: 1.1 ms]
      [Ref Enq: 0.0 ms]
      [Redirty Cards: 1.1 ms]
      [Humongous Register: 0.0 ms]
      [Humongous Reclaim: 0.0 ms]
      [Free CSet: 0.1 ms]
   [Eden: 152.0M(152.0M)->0.0B(152.0M) Survivors: 1024.0K->1024.0K Heap: 189.4M(256.0M)->38085.4K(256.0M)]
Heap after GC invocations=629 (full 0):
 garbage-first heap   total 262144K, used 38085K [0x00000000f0000000, 0x00000000f0100800, 0x0000000100000000)
  region size 1024K, 1 young (1024K), 1 survivors (1024K)
 Metaspace       used 52907K, capacity 56076K, committed 56192K, reserved 1097728K
  class space    used 6460K, capacity 7028K, committed 7040K, reserved 1048576K
}
 [Times: user=0.04 sys=0.00, real=0.01 secs] 
{Heap before GC invocations=629 (full 0):
 garbage-first heap   total 262144K, used 193733K [0x00000000f0000000, 0x00000000f0100800, 0x0000000100000000)
  region size 1024K, 153 young (156672K), 1 survivors (1024K)
 Metaspace       used 52907K, capacity 56076K, committed 56192K, reserved 1097728K
  class space    used 6460K, capacity 7028K, committed 7040K, reserved 1048576K
2023-10-03T06:55:40.279+0800: 648.142: [GC pause (G1 Evacuation Pause) (young), 0.0088374 secs]
   [Parallel Time: 4.1 ms, GC Workers: 10]
      [GC Worker Start (ms): Min: 648142.5, Avg: 648142.7, Max: 648142.9, Diff: 0.4]
      [Ext Root Scanning (ms): Min: 1.2, Avg: 1.4, Max: 1.8, Diff: 0.5, Sum: 14.3]
      [Update RS (ms): Min: 0.8, Avg: 0.9, Max: 0.9, Diff: 0.2, Sum: 8.5]
         [Processed Buffers: Min: 5, Avg: 9.8, Max: 17, Diff: 12, Sum: 98]
      [Scan RS (ms): Min: 0.0, Avg: 0.1, Max: 0.1, Diff: 0.1, Sum: 0.8]
      [Code Root Scanning (ms): Min: 0.0, Avg: 0.0, Max: 0.0, Diff: 0.0, Sum: 0.0]
      [Object Copy (ms): Min: 0.7, Avg: 0.9, Max: 0.9, Diff: 0.2, Sum: 8.6]
      [Termination (ms): Min: 0.0, Avg: 0.0, Max: 0.0, Diff: 0.0, Sum: 0.0]
         [Termination Attempts: Min: 1, Avg: 1.0, Max: 1, Diff: 0, Sum: 10]
      [GC Worker Other (ms): Min: 0.0, Avg: 0.1, Max: 0.1, Diff: 0.1, Sum: 0.5]
      [GC Worker Total (ms): Min: 3.1, Avg: 3.3, Max: 3.5, Diff: 0.4, Sum: 32.7]
      [GC Worker End (ms): Min: 648146.0, Avg: 648146.0, Max: 648146.1, Diff: 0.1]
   [Code Root Fixup: 0.0 ms]
   [Code Root Purge: 0.0 ms]
   [Clear CT: 1.3 ms]
   [Other: 3.4 ms]
      [Choose CSet: 0.0 ms]
      [Ref Proc: 1.6 ms]
      [Ref Enq: 0.0 ms]
      [Redirty Cards: 1.4 ms]
      [Humongous Register: 0.0 ms]
      [Humongous Reclaim: 0.0 ms]
      [Free CSet: 0.1 ms]
   [Eden: 152.0M(152.0M)->0.0B(152.0M) Survivors: 1024.0K->1024.0K Heap: 189.2M(256.0M)->38178.7K(256.0M)]
Heap after GC invocations=630 (full 0):
 garbage-first heap   total 262144K, used 38178K [0x00000000f0000000, 0x00000000f0100800, 0x0000000100000000)
  region size 1024K, 1 young (1024K), 1 survivors (1024K)
 Metaspace       used 52907K, capacity 56076K, committed 56192K, reserved 1097728K
  class space    used 6460K, capacity 7028K, committed 7040K, reserved 1048576K
}
 [Times: user=0.03 sys=0.01, real=0.01 secs] 
{Heap before GC invocations=630 (full 0):
 garbage-first heap   total 262144K, used 193826K [0x00000000f0000000, 0x00000000f0100800, 0x0000000100000000)
  region size 1024K, 153 young (156672K), 1 survivors (1024K)
 Metaspace       used 52907K, capacity 56076K, committed 56192K, reserved 1097728K
  class space    used 6460K, capacity 7028K, committed 7040K, reserved 1048576K
2023-10-03T06:55:41.090+0800: 648.953: [GC pause (G1 Evacuation Pause) (young), 0.0085276 secs]
   [Parallel Time: 4.3 ms, GC Workers: 10]
      [GC Worker Start (ms): Min: 648953.7, Avg: 648953.9, Max: 648954.1, Diff: 0.5]
      [Ext Root Scanning (ms): Min: 1.2, Avg: 1.5, Max: 1.8, Diff: 0.6, Sum: 14.7]
      [Update RS (ms): Min: 0.9, Avg: 0.9, Max: 0.9, Diff: 0.1, Sum: 9.1]
         [Processed Buffers: Min: 5, Avg: 9.6, Max: 21, Diff: 16, Sum: 96]
      [Scan RS (ms): Min: 0.0, Avg: 0.1, Max: 0.1, Diff: 0.1, Sum: 0.7]
      [Code Root Scanning (ms): Min: 0.0, Avg: 0.0, Max: 0.0, Diff: 0.0, Sum: 0.0]
      [Object Copy (ms): Min: 0.8, Avg: 1.0, Max: 1.0, Diff: 0.2, Sum: 9.7]
      [Termination (ms): Min: 0.0, Avg: 0.0, Max: 0.0, Diff: 0.0, Sum: 0.1]
         [Termination Attempts: Min: 1, Avg: 1.2, Max: 2, Diff: 1, Sum: 12]
      [GC Worker Other (ms): Min: 0.0, Avg: 0.0, Max: 0.1, Diff: 0.1, Sum: 0.5]
      [GC Worker Total (ms): Min: 3.2, Avg: 3.5, Max: 3.7, Diff: 0.5, Sum: 34.7]
      [GC Worker End (ms): Min: 648957.3, Avg: 648957.4, Max: 648957.4, Diff: 0.1]
   [Code Root Fixup: 0.0 ms]
   [Code Root Purge: 0.0 ms]
   [Clear CT: 1.2 ms]
   [Other: 2.9 ms]
      [Choose CSet: 0.0 ms]
      [Ref Proc: 1.2 ms]
      [Ref Enq: 0.0 ms]
      [Redirty Cards: 1.4 ms]
      [Humongous Register: 0.0 ms]
      [Humongous Reclaim: 0.0 ms]
      [Free CSet: 0.1 ms]
   [Eden: 152.0M(152.0M)->0.0B(152.0M) Survivors: 1024.0K->1024.0K Heap: 189.3M(256.0M)->38284.7K(256.0M)]
Heap after GC invocations=631 (full 0):
 garbage-first heap   total 262144K, used 38284K [0x00000000f0000000, 0x00000000f0100800, 0x0000000100000000)
  region size 1024K, 1 young (1024K), 1 survivors (1024K)
 Metaspace       used 52907K, capacity 56076K, committed 56192K, reserved 1097728K
  class space    used 6460K, capacity 7028K, committed 7040K, reserved 1048576K
}
 [Times: user=0.04 sys=0.01, real=0.00 secs] 
{Heap before GC invocations=631 (full 0):
 garbage-first heap   total 262144K, used 193932K [0x00000000f0000000, 0x00000000f0100800, 0x0000000100000000)
  region size 1024K, 153 young (156672K), 1 survivors (1024K)
 Metaspace       used 52907K, capacity 56076K, committed 56192K, reserved 1097728K
  class space    used 6460K, capacity 7028K, committed 7040K, reserved 1048576K
2023-10-03T06:55:41.887+0800: 649.750: [GC pause (G1 Evacuation Pause) (young), 0.0089661 secs]
   [Parallel Time: 4.4 ms, GC Workers: 10]
      [GC Worker Start (ms): Min: 649750.4, Avg: 649750.6, Max: 649750.8, Diff: 0.5]
      [Ext Root Scanning (ms): Min: 1.2, Avg: 1.4, Max: 1.8, Diff: 0.6, Sum: 14.2]
      [Update RS (ms): Min: 0.8, Avg: 0.9, Max: 1.0, Diff: 0.2, Sum: 9.1]
         [Processed Buffers: Min: 4, Avg: 9.8, Max: 17, Diff: 13, Sum: 98]
      [Scan RS (ms): Min: 0.0, Avg: 0.1, Max: 0.1, Diff: 0.1, Sum: 0.7]
      [Code Root Scanning (ms): Min: 0.0, Avg: 0.0, Max: 0.0, Diff: 0.0, Sum: 0.0]
      [Object Copy (ms): Min: 0.8, Avg: 0.9, Max: 1.0, Diff: 0.2, Sum: 9.3]
      [Termination (ms): Min: 0.0, Avg: 0.0, Max: 0.0, Diff: 0.0, Sum: 0.1]
         [Termination Attempts: Min: 1, Avg: 1.9, Max: 3, Diff: 2, Sum: 19]
      [GC Worker Other (ms): Min: 0.0, Avg: 0.0, Max: 0.1, Diff: 0.1, Sum: 0.4]
      [GC Worker Total (ms): Min: 3.2, Avg: 3.4, Max: 3.6, Diff: 0.4, Sum: 33.8]
      [GC Worker End (ms): Min: 649754.0, Avg: 649754.0, Max: 649754.1, Diff: 0.1]
   [Code Root Fixup: 0.0 ms]
   [Code Root Purge: 0.0 ms]
   [Clear CT: 1.4 ms]
   [Other: 3.1 ms]
      [Choose CSet: 0.0 ms]
      [Ref Proc: 1.4 ms]
      [Ref Enq: 0.0 ms]
      [Redirty Cards: 1.3 ms]
      [Humongous Register: 0.0 ms]
      [Humongous Reclaim: 0.0 ms]
      [Free CSet: 0.1 ms]
   [Eden: 152.0M(152.0M)->0.0B(152.0M) Survivors: 1024.0K->1024.0K Heap: 189.4M(256.0M)->38149.0K(256.0M)]
Heap after GC invocations=632 (full 0):
 garbage-first heap   total 262144K, used 38149K [0x00000000f0000000, 0x00000000f0100800, 0x0000000100000000)
  region size 1024K, 1 young (1024K), 1 survivors (1024K)
 Metaspace       used 52907K, capacity 56076K, committed 56192K, reserved 1097728K
  class space    used 6460K, capacity 7028K, committed 7040K, reserved 1048576K
}
 [Times: user=0.03 sys=0.01, real=0.01 secs] 
{Heap before GC invocations=632 (full 0):
 garbage-first heap   total 262144K, used 193797K [0x00000000f0000000, 0x00000000f0100800, 0x0000000100000000)
  region size 1024K, 153 young (156672K), 1 survivors (1024K)
 Metaspace       used 52907K, capacity 56076K, committed 56192K, reserved 1097728K
  class space    used 6460K, capacity 7028K, committed 7040K, reserved 1048576K
2023-10-03T06:55:42.685+0800: 650.548: [GC pause (G1 Evacuation Pause) (young), 0.0087735 secs]
   [Parallel Time: 4.3 ms, GC Workers: 10]
      [GC Worker Start (ms): Min: 650548.7, Avg: 650548.9, Max: 650549.1, Diff: 0.4]
      [Ext Root Scanning (ms): Min: 1.3, Avg: 1.5, Max: 1.9, Diff: 0.6, Sum: 15.5]
      [Update RS (ms): Min: 0.6, Avg: 0.9, Max: 1.0, Diff: 0.3, Sum: 8.7]
         [Processed Buffers: Min: 2, Avg: 9.8, Max: 19, Diff: 17, Sum: 98]
      [Scan RS (ms): Min: 0.0, Avg: 0.1, Max: 0.1, Diff: 0.1, Sum: 0.7]
      [Code Root Scanning (ms): Min: 0.0, Avg: 0.0, Max: 0.0, Diff: 0.0, Sum: 0.0]
      [Object Copy (ms): Min: 0.8, Avg: 0.9, Max: 1.0, Diff: 0.2, Sum: 9.3]
      [Termination (ms): Min: 0.0, Avg: 0.0, Max: 0.0, Diff: 0.0, Sum: 0.1]
         [Termination Attempts: Min: 1, Avg: 1.1, Max: 2, Diff: 1, Sum: 11]
      [GC Worker Other (ms): Min: 0.0, Avg: 0.0, Max: 0.1, Diff: 0.1, Sum: 0.4]
      [GC Worker Total (ms): Min: 3.3, Avg: 3.5, Max: 3.7, Diff: 0.4, Sum: 34.7]
      [GC Worker End (ms): Min: 650552.4, Avg: 650552.4, Max: 650552.4, Diff: 0.1]
   [Code Root Fixup: 0.0 ms]
   [Code Root Purge: 0.0 ms]
   [Clear CT: 1.7 ms]
   [Other: 2.7 ms]
      [Choose CSet: 0.0 ms]
      [Ref Proc: 1.0 ms]
      [Ref Enq: 0.0 ms]
      [Redirty Cards: 1.4 ms]
      [Humongous Register: 0.0 ms]
      [Humongous Reclaim: 0.0 ms]
      [Free CSet: 0.1 ms]
   [Eden: 152.0M(152.0M)->0.0B(152.0M) Survivors: 1024.0K->1024.0K Heap: 189.3M(256.0M)->38406.6K(256.0M)]
Heap after GC invocations=633 (full 0):
 garbage-first heap   total 262144K, used 38406K [0x00000000f0000000, 0x00000000f0100800, 0x0000000100000000)
  region size 1024K, 1 young (1024K), 1 survivors (1024K)
 Metaspace       used 52907K, capacity 56076K, committed 56192K, reserved 1097728K
  class space    used 6460K, capacity 7028K, committed 7040K, reserved 1048576K
}
 [Times: user=0.04 sys=0.00, real=0.01 secs] 
{Heap before GC invocations=633 (full 0):
 garbage-first heap   total 262144K, used 194054K [0x00000000f0000000, 0x00000000f0100800, 0x0000000100000000)
  region size 1024K, 153 young (156672K), 1 survivors (1024K)
 Metaspace       used 52907K, capacity 56076K, committed 56192K, reserved 1097728K
  class space    used 6460K, capacity 7028K, committed 7040K, reserved 1048576K
2023-10-03T06:55:43.471+0800: 651.334: [GC pause (G1 Evacuation Pause) (young), 0.0085321 secs]
   [Parallel Time: 4.2 ms, GC Workers: 10]
      [GC Worker Start (ms): Min: 651334.5, Avg: 651334.7, Max: 651335.0, Diff: 0.5]
      [Ext Root Scanning (ms): Min: 1.2, Avg: 1.4, Max: 1.8, Diff: 0.6, Sum: 14.4]
      [Update RS (ms): Min: 0.8, Avg: 0.9, Max: 0.9, Diff: 0.1, Sum: 8.7]
         [Processed Buffers: Min: 4, Avg: 9.7, Max: 17, Diff: 13, Sum: 97]
      [Scan RS (ms): Min: 0.0, Avg: 0.1, Max: 0.1, Diff: 0.1, Sum: 0.7]
      [Code Root Scanning (ms): Min: 0.0, Avg: 0.0, Max: 0.0, Diff: 0.0, Sum: 0.0]
      [Object Copy (ms): Min: 0.8, Avg: 0.9, Max: 1.0, Diff: 0.2, Sum: 9.1]
      [Termination (ms): Min: 0.0, Avg: 0.0, Max: 0.0, Diff: 0.0, Sum: 0.0]
         [Termination Attempts: Min: 1, Avg: 1.0, Max: 1, Diff: 0, Sum: 10]
      [GC Worker Other (ms): Min: 0.0, Avg: 0.0, Max: 0.1, Diff: 0.1, Sum: 0.4]
      [GC Worker Total (ms): Min: 3.1, Avg: 3.4, Max: 3.6, Diff: 0.5, Sum: 33.5]
      [GC Worker End (ms): Min: 651338.1, Avg: 651338.1, Max: 651338.1, Diff: 0.1]
   [Code Root Fixup: 0.0 ms]
   [Code Root Purge: 0.0 ms]
   [Clear CT: 1.5 ms]
   [Other: 2.7 ms]
      [Choose CSet: 0.0 ms]
      [Ref Proc: 0.9 ms]
      [Ref Enq: 0.0 ms]
      [Redirty Cards: 1.4 ms]
      [Humongous Register: 0.0 ms]
      [Humongous Reclaim: 0.0 ms]
      [Free CSet: 0.2 ms]
   [Eden: 152.0M(152.0M)->0.0B(152.0M) Survivors: 1024.0K->1024.0K Heap: 189.5M(256.0M)->38205.0K(256.0M)]
Heap after GC invocations=634 (full 0):
 garbage-first heap   total 262144K, used 38205K [0x00000000f0000000, 0x00000000f0100800, 0x0000000100000000)
  region size 1024K, 1 young (1024K), 1 survivors (1024K)
 Metaspace       used 52907K, capacity 56076K, committed 56192K, reserved 1097728K
  class space    used 6460K, capacity 7028K, committed 7040K, reserved 1048576K
}
 [Times: user=0.04 sys=0.00, real=0.01 secs] 
{Heap before GC invocations=634 (full 0):
 garbage-first heap   total 262144K, used 193853K [0x00000000f0000000, 0x00000000f0100800, 0x0000000100000000)
  region size 1024K, 153 young (156672K), 1 survivors (1024K)
 Metaspace       used 52907K, capacity 56076K, committed 56192K, reserved 1097728K
  class space    used 6460K, capacity 7028K, committed 7040K, reserved 1048576K
2023-10-03T06:55:44.274+0800: 652.137: [GC pause (G1 Evacuation Pause) (young), 0.0089867 secs]
   [Parallel Time: 4.4 ms, GC Workers: 10]
      [GC Worker Start (ms): Min: 652137.4, Avg: 652137.7, Max: 652137.9, Diff: 0.5]
      [Ext Root Scanning (ms): Min: 1.3, Avg: 1.5, Max: 1.8, Diff: 0.5, Sum: 14.6]
      [Update RS (ms): Min: 0.8, Avg: 0.9, Max: 1.0, Diff: 0.2, Sum: 9.0]
         [Processed Buffers: Min: 6, Avg: 9.9, Max: 24, Diff: 18, Sum: 99]
      [Scan RS (ms): Min: 0.0, Avg: 0.1, Max: 0.1, Diff: 0.1, Sum: 0.7]
      [Code Root Scanning (ms): Min: 0.0, Avg: 0.0, Max: 0.0, Diff: 0.0, Sum: 0.0]
      [Object Copy (ms): Min: 0.8, Avg: 0.9, Max: 1.0, Diff: 0.2, Sum: 9.5]
      [Termination (ms): Min: 0.0, Avg: 0.0, Max: 0.0, Diff: 0.0, Sum: 0.0]
         [Termination Attempts: Min: 1, Avg: 1.0, Max: 1, Diff: 0, Sum: 10]
      [GC Worker Other (ms): Min: 0.0, Avg: 0.0, Max: 0.1, Diff: 0.1, Sum: 0.4]
      [GC Worker Total (ms): Min: 3.2, Avg: 3.4, Max: 3.7, Diff: 0.5, Sum: 34.2]
      [GC Worker End (ms): Min: 652141.1, Avg: 652141.1, Max: 652141.2, Diff: 0.1]
   [Code Root Fixup: 0.0 ms]
   [Code Root Purge: 0.0 ms]
   [Clear CT: 1.4 ms]
   [Other: 3.1 ms]
      [Choose CSet: 0.0 ms]
      [Ref Proc: 1.3 ms]
      [Ref Enq: 0.0 ms]
      [Redirty Cards: 1.4 ms]
      [Humongous Register: 0.0 ms]
      [Humongous Reclaim: 0.0 ms]
      [Free CSet: 0.1 ms]
   [Eden: 152.0M(152.0M)->0.0B(152.0M) Survivors: 1024.0K->1024.0K Heap: 189.3M(256.0M)->38143.7K(256.0M)]
Heap after GC invocations=635 (full 0):
 garbage-first heap   total 262144K, used 38143K [0x00000000f0000000, 0x00000000f0100800, 0x0000000100000000)
  region size 1024K, 1 young (1024K), 1 survivors (1024K)
 Metaspace       used 52907K, capacity 56076K, committed 56192K, reserved 1097728K
  class space    used 6460K, capacity 7028K, committed 7040K, reserved 1048576K
}
 [Times: user=0.03 sys=0.00, real=0.01 secs] 
{Heap before GC invocations=635 (full 0):
 garbage-first heap   total 262144K, used 193791K [0x00000000f0000000, 0x00000000f0100800, 0x0000000100000000)
  region size 1024K, 153 young (156672K), 1 survivors (1024K)
 Metaspace       used 52907K, capacity 56076K, committed 56192K, reserved 1097728K
  class space    used 6460K, capacity 7028K, committed 7040K, reserved 1048576K
2023-10-03T06:55:45.081+0800: 652.944: [GC pause (G1 Evacuation Pause) (young), 0.0086364 secs]
   [Parallel Time: 4.2 ms, GC Workers: 10]
      [GC Worker Start (ms): Min: 652944.7, Avg: 652945.0, Max: 652945.2, Diff: 0.5]
      [Ext Root Scanning (ms): Min: 1.2, Avg: 1.4, Max: 1.8, Diff: 0.6, Sum: 14.3]
      [Update RS (ms): Min: 0.8, Avg: 0.9, Max: 0.9, Diff: 0.1, Sum: 8.6]
         [Processed Buffers: Min: 4, Avg: 9.6, Max: 17, Diff: 13, Sum: 96]
      [Scan RS (ms): Min: 0.0, Avg: 0.1, Max: 0.1, Diff: 0.1, Sum: 0.6]
      [Code Root Scanning (ms): Min: 0.0, Avg: 0.0, Max: 0.0, Diff: 0.0, Sum: 0.0]
      [Object Copy (ms): Min: 0.8, Avg: 0.9, Max: 1.0, Diff: 0.2, Sum: 9.4]
      [Termination (ms): Min: 0.0, Avg: 0.0, Max: 0.0, Diff: 0.0, Sum: 0.0]
         [Termination Attempts: Min: 1, Avg: 1.3, Max: 2, Diff: 1, Sum: 13]
      [GC Worker Other (ms): Min: 0.0, Avg: 0.0, Max: 0.1, Diff: 0.1, Sum: 0.4]
      [GC Worker Total (ms): Min: 3.1, Avg: 3.3, Max: 3.6, Diff: 0.5, Sum: 33.3]
      [GC Worker End (ms): Min: 652948.3, Avg: 652948.3, Max: 652948.4, Diff: 0.1]
   [Code Root Fixup: 0.0 ms]
   [Code Root Purge: 0.0 ms]
   [Clear CT: 1.4 ms]
   [Other: 3.0 ms]
      [Choose CSet: 0.0 ms]
      [Ref Proc: 1.4 ms]
      [Ref Enq: 0.0 ms]
      [Redirty Cards: 1.2 ms]
      [Humongous Register: 0.0 ms]
      [Humongous Reclaim: 0.0 ms]
      [Free CSet: 0.1 ms]
   [Eden: 152.0M(152.0M)->0.0B(152.0M) Survivors: 1024.0K->1024.0K Heap: 189.2M(256.0M)->38151.7K(256.0M)]
Heap after GC invocations=636 (full 0):
 garbage-first heap   total 262144K, used 38151K [0x00000000f0000000, 0x00000000f0100800, 0x0000000100000000)
  region size 1024K, 1 young (1024K), 1 survivors (1024K)
 Metaspace       used 52907K, capacity 56076K, committed 56192K, reserved 1097728K
  class space    used 6460K, capacity 7028K, committed 7040K, reserved 1048576K
}
 [Times: user=0.04 sys=0.00, real=0.01 secs] 
{Heap before GC invocations=636 (full 0):
 garbage-first heap   total 262144K, used 193799K [0x00000000f0000000, 0x00000000f0100800, 0x0000000100000000)
  region size 1024K, 153 young (156672K), 1 survivors (1024K)
 Metaspace       used 52907K, capacity 56076K, committed 56192K, reserved 1097728K
  class space    used 6460K, capacity 7028K, committed 7040K, reserved 1048576K
2023-10-03T06:55:45.876+0800: 653.739: [GC pause (G1 Evacuation Pause) (young), 0.0082979 secs]
   [Parallel Time: 4.0 ms, GC Workers: 10]
      [GC Worker Start (ms): Min: 653739.4, Avg: 653739.7, Max: 653739.9, Diff: 0.5]
      [Ext Root Scanning (ms): Min: 1.2, Avg: 1.4, Max: 1.7, Diff: 0.5, Sum: 13.8]
      [Update RS (ms): Min: 0.7, Avg: 0.8, Max: 0.9, Diff: 0.2, Sum: 8.3]
         [Processed Buffers: Min: 4, Avg: 9.8, Max: 19, Diff: 15, Sum: 98]
      [Scan RS (ms): Min: 0.0, Avg: 0.1, Max: 0.1, Diff: 0.1, Sum: 0.7]
      [Code Root Scanning (ms): Min: 0.0, Avg: 0.0, Max: 0.0, Diff: 0.0, Sum: 0.0]
      [Object Copy (ms): Min: 0.6, Avg: 0.8, Max: 0.8, Diff: 0.2, Sum: 7.7]
      [Termination (ms): Min: 0.0, Avg: 0.0, Max: 0.0, Diff: 0.0, Sum: 0.0]
         [Termination Attempts: Min: 1, Avg: 1.0, Max: 1, Diff: 0, Sum: 10]
      [GC Worker Other (ms): Min: 0.0, Avg: 0.0, Max: 0.1, Diff: 0.1, Sum: 0.5]
      [GC Worker Total (ms): Min: 2.9, Avg: 3.1, Max: 3.3, Diff: 0.5, Sum: 31.0]
      [GC Worker End (ms): Min: 653742.7, Avg: 653742.8, Max: 653742.8, Diff: 0.1]
   [Code Root Fixup: 0.0 ms]
   [Code Root Purge: 0.0 ms]
   [Clear CT: 1.4 ms]
   [Other: 2.9 ms]
      [Choose CSet: 0.0 ms]
      [Ref Proc: 1.1 ms]
      [Ref Enq: 0.0 ms]
      [Redirty Cards: 1.3 ms]
      [Humongous Register: 0.0 ms]
      [Humongous Reclaim: 0.0 ms]
      [Free CSet: 0.1 ms]
   [Eden: 152.0M(152.0M)->0.0B(152.0M) Survivors: 1024.0K->1024.0K Heap: 189.3M(256.0M)->38150.4K(256.0M)]
Heap after GC invocations=637 (full 0):
 garbage-first heap   total 262144K, used 38150K [0x00000000f0000000, 0x00000000f0100800, 0x0000000100000000)
  region size 1024K, 1 young (1024K), 1 survivors (1024K)
 Metaspace       used 52907K, capacity 56076K, committed 56192K, reserved 1097728K
  class space    used 6460K, capacity 7028K, committed 7040K, reserved 1048576K
}
 [Times: user=0.02 sys=0.01, real=0.01 secs] 
{Heap before GC invocations=637 (full 0):
 garbage-first heap   total 262144K, used 193798K [0x00000000f0000000, 0x00000000f0100800, 0x0000000100000000)
  region size 1024K, 153 young (156672K), 1 survivors (1024K)
 Metaspace       used 52907K, capacity 56076K, committed 56192K, reserved 1097728K
  class space    used 6460K, capacity 7028K, committed 7040K, reserved 1048576K
2023-10-03T06:55:46.684+0800: 654.547: [GC pause (G1 Evacuation Pause) (young), 0.0081174 secs]
   [Parallel Time: 3.8 ms, GC Workers: 10]
      [GC Worker Start (ms): Min: 654547.4, Avg: 654547.7, Max: 654547.9, Diff: 0.5]
      [Ext Root Scanning (ms): Min: 1.1, Avg: 1.3, Max: 1.6, Diff: 0.5, Sum: 12.7]
      [Update RS (ms): Min: 0.8, Avg: 0.8, Max: 1.1, Diff: 0.3, Sum: 8.2]
         [Processed Buffers: Min: 5, Avg: 9.8, Max: 17, Diff: 12, Sum: 98]
      [Scan RS (ms): Min: 0.0, Avg: 0.1, Max: 0.1, Diff: 0.1, Sum: 0.7]
      [Code Root Scanning (ms): Min: 0.0, Avg: 0.0, Max: 0.0, Diff: 0.0, Sum: 0.0]
      [Object Copy (ms): Min: 0.5, Avg: 0.7, Max: 0.8, Diff: 0.3, Sum: 7.2]
      [Termination (ms): Min: 0.0, Avg: 0.0, Max: 0.0, Diff: 0.0, Sum: 0.0]
         [Termination Attempts: Min: 1, Avg: 1.0, Max: 1, Diff: 0, Sum: 10]
      [GC Worker Other (ms): Min: 0.0, Avg: 0.0, Max: 0.1, Diff: 0.1, Sum: 0.4]
      [GC Worker Total (ms): Min: 2.7, Avg: 2.9, Max: 3.2, Diff: 0.5, Sum: 29.2]
      [GC Worker End (ms): Min: 654550.6, Avg: 654550.6, Max: 654550.7, Diff: 0.1]
   [Code Root Fixup: 0.0 ms]
   [Code Root Purge: 0.0 ms]
   [Clear CT: 1.5 ms]
   [Other: 2.9 ms]
      [Choose CSet: 0.0 ms]
      [Ref Proc: 1.2 ms]
      [Ref Enq: 0.0 ms]
      [Redirty Cards: 1.3 ms]
      [Humongous Register: 0.0 ms]
      [Humongous Reclaim: 0.0 ms]
      [Free CSet: 0.1 ms]
   [Eden: 152.0M(152.0M)->0.0B(152.0M) Survivors: 1024.0K->1024.0K Heap: 189.3M(256.0M)->38061.1K(256.0M)]
Heap after GC invocations=638 (full 0):
 garbage-first heap   total 262144K, used 38061K [0x00000000f0000000, 0x00000000f0100800, 0x0000000100000000)
  region size 1024K, 1 young (1024K), 1 survivors (1024K)
 Metaspace       used 52907K, capacity 56076K, committed 56192K, reserved 1097728K
  class space    used 6460K, capacity 7028K, committed 7040K, reserved 1048576K
}
 [Times: user=0.03 sys=0.00, real=0.01 secs] 
{Heap before GC invocations=638 (full 0):
 garbage-first heap   total 262144K, used 193709K [0x00000000f0000000, 0x00000000f0100800, 0x0000000100000000)
  region size 1024K, 153 young (156672K), 1 survivors (1024K)
 Metaspace       used 52907K, capacity 56076K, committed 56192K, reserved 1097728K
  class space    used 6460K, capacity 7028K, committed 7040K, reserved 1048576K
2023-10-03T06:55:47.527+0800: 655.390: [GC pause (G1 Evacuation Pause) (young), 0.0073118 secs]
   [Parallel Time: 3.5 ms, GC Workers: 10]
      [GC Worker Start (ms): Min: 655390.1, Avg: 655390.3, Max: 655390.6, Diff: 0.6]
      [Ext Root Scanning (ms): Min: 0.9, Avg: 1.2, Max: 1.5, Diff: 0.6, Sum: 11.9]
      [Update RS (ms): Min: 0.6, Avg: 0.7, Max: 0.7, Diff: 0.1, Sum: 6.9]
         [Processed Buffers: Min: 5, Avg: 9.8, Max: 16, Diff: 11, Sum: 98]
      [Scan RS (ms): Min: 0.0, Avg: 0.1, Max: 0.1, Diff: 0.1, Sum: 0.5]
      [Code Root Scanning (ms): Min: 0.0, Avg: 0.0, Max: 0.0, Diff: 0.0, Sum: 0.0]
      [Object Copy (ms): Min: 0.4, Avg: 0.5, Max: 0.5, Diff: 0.2, Sum: 4.7]
      [Termination (ms): Min: 0.0, Avg: 0.0, Max: 0.0, Diff: 0.0, Sum: 0.0]
         [Termination Attempts: Min: 1, Avg: 1.2, Max: 2, Diff: 1, Sum: 12]
      [GC Worker Other (ms): Min: 0.0, Avg: 0.1, Max: 0.1, Diff: 0.1, Sum: 0.5]
      [GC Worker Total (ms): Min: 2.2, Avg: 2.5, Max: 2.8, Diff: 0.6, Sum: 24.7]
      [GC Worker End (ms): Min: 655392.8, Avg: 655392.8, Max: 655392.9, Diff: 0.1]
   [Code Root Fixup: 0.0 ms]
   [Code Root Purge: 0.0 ms]
   [Clear CT: 1.0 ms]
   [Other: 2.8 ms]
      [Choose CSet: 0.0 ms]
      [Ref Proc: 1.3 ms]
      [Ref Enq: 0.0 ms]
      [Redirty Cards: 1.1 ms]
      [Humongous Register: 0.0 ms]
      [Humongous Reclaim: 0.0 ms]
      [Free CSet: 0.1 ms]
   [Eden: 152.0M(152.0M)->0.0B(152.0M) Survivors: 1024.0K->1024.0K Heap: 189.2M(256.0M)->37884.2K(256.0M)]
Heap after GC invocations=639 (full 0):
 garbage-first heap   total 262144K, used 37884K [0x00000000f0000000, 0x00000000f0100800, 0x0000000100000000)
  region size 1024K, 1 young (1024K), 1 survivors (1024K)
 Metaspace       used 52907K, capacity 56076K, committed 56192K, reserved 1097728K
  class space    used 6460K, capacity 7028K, committed 7040K, reserved 1048576K
}
 [Times: user=0.03 sys=0.02, real=0.01 secs] 
{Heap before GC invocations=639 (full 0):
 garbage-first heap   total 262144K, used 193532K [0x00000000f0000000, 0x00000000f0100800, 0x0000000100000000)
  region size 1024K, 153 young (156672K), 1 survivors (1024K)
 Metaspace       used 52909K, capacity 56076K, committed 56192K, reserved 1097728K
  class space    used 6460K, capacity 7028K, committed 7040K, reserved 1048576K
2023-10-03T06:55:49.114+0800: 656.977: [GC pause (G1 Evacuation Pause) (young), 0.0047871 secs]
   [Parallel Time: 2.6 ms, GC Workers: 10]
      [GC Worker Start (ms): Min: 656977.6, Avg: 656977.7, Max: 656977.8, Diff: 0.3]
      [Ext Root Scanning (ms): Min: 0.7, Avg: 0.8, Max: 1.0, Diff: 0.4, Sum: 8.1]
      [Update RS (ms): Min: 0.4, Avg: 0.5, Max: 0.6, Diff: 0.1, Sum: 4.8]
         [Processed Buffers: Min: 6, Avg: 9.9, Max: 14, Diff: 8, Sum: 99]
      [Scan RS (ms): Min: 0.0, Avg: 0.0, Max: 0.0, Diff: 0.0, Sum: 0.3]
      [Code Root Scanning (ms): Min: 0.0, Avg: 0.0, Max: 0.0, Diff: 0.0, Sum: 0.0]
      [Object Copy (ms): Min: 0.6, Avg: 0.7, Max: 0.8, Diff: 0.2, Sum: 7.1]
      [Termination (ms): Min: 0.0, Avg: 0.0, Max: 0.0, Diff: 0.0, Sum: 0.0]
         [Termination Attempts: Min: 1, Avg: 1.1, Max: 2, Diff: 1, Sum: 11]
      [GC Worker Other (ms): Min: 0.0, Avg: 0.0, Max: 0.1, Diff: 0.1, Sum: 0.2]
      [GC Worker Total (ms): Min: 2.0, Avg: 2.1, Max: 2.2, Diff: 0.2, Sum: 20.6]
      [GC Worker End (ms): Min: 656979.8, Avg: 656979.8, Max: 656979.8, Diff: 0.1]
   [Code Root Fixup: 0.0 ms]
   [Code Root Purge: 0.0 ms]
   [Clear CT: 0.6 ms]
   [Other: 1.6 ms]
      [Choose CSet: 0.0 ms]
      [Ref Proc: 0.8 ms]
      [Ref Enq: 0.0 ms]
      [Redirty Cards: 0.5 ms]
      [Humongous Register: 0.0 ms]
      [Humongous Reclaim: 0.0 ms]
      [Free CSet: 0.1 ms]
   [Eden: 152.0M(152.0M)->0.0B(151.0M) Survivors: 1024.0K->2048.0K Heap: 189.0M(256.0M)->39474.7K(256.0M)]
Heap after GC invocations=640 (full 0):
 garbage-first heap   total 262144K, used 39474K [0x00000000f0000000, 0x00000000f0100800, 0x0000000100000000)
  region size 1024K, 2 young (2048K), 2 survivors (2048K)
 Metaspace       used 52909K, capacity 56076K, committed 56192K, reserved 1097728K
  class space    used 6460K, capacity 7028K, committed 7040K, reserved 1048576K
}
 [Times: user=0.03 sys=0.00, real=0.00 secs] 
{Heap before GC invocations=640 (full 0):
 garbage-first heap   total 262144K, used 194098K [0x00000000f0000000, 0x00000000f0100800, 0x0000000100000000)
  region size 1024K, 153 young (156672K), 2 survivors (2048K)
 Metaspace       used 52913K, capacity 56076K, committed 56192K, reserved 1097728K
  class space    used 6461K, capacity 7028K, committed 7040K, reserved 1048576K
2023-10-03T06:55:49.759+0800: 657.622: [GC pause (G1 Evacuation Pause) (young), 0.0062532 secs]
   [Parallel Time: 3.8 ms, GC Workers: 10]
      [GC Worker Start (ms): Min: 657622.6, Avg: 657622.7, Max: 657622.8, Diff: 0.2]
      [Ext Root Scanning (ms): Min: 0.9, Avg: 1.0, Max: 1.2, Diff: 0.4, Sum: 10.0]
      [Update RS (ms): Min: 0.4, Avg: 0.5, Max: 0.6, Diff: 0.2, Sum: 4.7]
         [Processed Buffers: Min: 6, Avg: 10.8, Max: 20, Diff: 14, Sum: 108]
      [Scan RS (ms): Min: 0.0, Avg: 0.0, Max: 0.0, Diff: 0.0, Sum: 0.4]
      [Code Root Scanning (ms): Min: 0.0, Avg: 0.0, Max: 0.0, Diff: 0.0, Sum: 0.0]
      [Object Copy (ms): Min: 1.7, Avg: 1.9, Max: 1.9, Diff: 0.2, Sum: 18.6]
      [Termination (ms): Min: 0.0, Avg: 0.0, Max: 0.0, Diff: 0.0, Sum: 0.0]
         [Termination Attempts: Min: 1, Avg: 1.3, Max: 2, Diff: 1, Sum: 13]
      [GC Worker Other (ms): Min: 0.0, Avg: 0.0, Max: 0.1, Diff: 0.1, Sum: 0.2]
      [GC Worker Total (ms): Min: 3.3, Avg: 3.4, Max: 3.5, Diff: 0.2, Sum: 34.0]
      [GC Worker End (ms): Min: 657626.1, Avg: 657626.1, Max: 657626.1, Diff: 0.1]
   [Code Root Fixup: 0.0 ms]
   [Code Root Purge: 0.0 ms]
   [Clear CT: 0.7 ms]
   [Other: 1.8 ms]
      [Choose CSet: 0.0 ms]
      [Ref Proc: 0.9 ms]
      [Ref Enq: 0.0 ms]
      [Redirty Cards: 0.6 ms]
      [Humongous Register: 0.0 ms]
      [Humongous Reclaim: 0.0 ms]
      [Free CSet: 0.1 ms]
   [Eden: 151.0M(151.0M)->0.0B(141.0M) Survivors: 2048.0K->12288.0K Heap: 189.5M(256.0M)->48809.8K(256.0M)]
Heap after GC invocations=641 (full 0):
 garbage-first heap   total 262144K, used 48809K [0x00000000f0000000, 0x00000000f0100800, 0x0000000100000000)
  region size 1024K, 12 young (12288K), 12 survivors (12288K)
 Metaspace       used 52913K, capacity 56076K, committed 56192K, reserved 1097728K
  class space    used 6461K, capacity 7028K, committed 7040K, reserved 1048576K
}
 [Times: user=0.04 sys=0.00, real=0.01 secs] 
{Heap before GC invocations=641 (full 0):
 garbage-first heap   total 262144K, used 193193K [0x00000000f0000000, 0x00000000f0100800, 0x0000000100000000)
  region size 1024K, 153 young (156672K), 12 survivors (12288K)
 Metaspace       used 52914K, capacity 56076K, committed 56192K, reserved 1097728K
  class space    used 6461K, capacity 7028K, committed 7040K, reserved 1048576K
2023-10-03T06:55:50.458+0800: 658.321: [GC pause (G1 Evacuation Pause) (young), 0.0124364 secs]
   [Parallel Time: 7.7 ms, GC Workers: 10]
      [GC Worker Start (ms): Min: 658321.7, Avg: 658322.0, Max: 658322.2, Diff: 0.5]
      [Ext Root Scanning (ms): Min: 1.8, Avg: 1.9, Max: 2.4, Diff: 0.6, Sum: 19.2]
      [Update RS (ms): Min: 0.8, Avg: 0.9, Max: 1.0, Diff: 0.2, Sum: 9.0]
         [Processed Buffers: Min: 6, Avg: 15.0, Max: 22, Diff: 16, Sum: 150]
      [Scan RS (ms): Min: 0.0, Avg: 0.1, Max: 0.1, Diff: 0.1, Sum: 0.6]
      [Code Root Scanning (ms): Min: 0.0, Avg: 0.0, Max: 0.0, Diff: 0.0, Sum: 0.0]
      [Object Copy (ms): Min: 3.4, Avg: 3.6, Max: 3.8, Diff: 0.4, Sum: 36.3]
      [Termination (ms): Min: 0.0, Avg: 0.0, Max: 0.0, Diff: 0.0, Sum: 0.1]
         [Termination Attempts: Min: 1, Avg: 1.7, Max: 3, Diff: 2, Sum: 17]
      [GC Worker Other (ms): Min: 0.0, Avg: 0.1, Max: 0.2, Diff: 0.1, Sum: 0.6]
      [GC Worker Total (ms): Min: 6.3, Avg: 6.6, Max: 6.9, Diff: 0.5, Sum: 65.9]
      [GC Worker End (ms): Min: 658328.6, Avg: 658328.6, Max: 658328.7, Diff: 0.1]
   [Code Root Fixup: 0.0 ms]
   [Code Root Purge: 0.0 ms]
   [Clear CT: 1.6 ms]
   [Other: 3.2 ms]
      [Choose CSet: 0.0 ms]
      [Ref Proc: 1.2 ms]
      [Ref Enq: 0.0 ms]
      [Redirty Cards: 1.4 ms]
      [Humongous Register: 0.0 ms]
      [Humongous Reclaim: 0.0 ms]
      [Free CSet: 0.1 ms]
   [Eden: 141.0M(141.0M)->0.0B(140.0M) Survivors: 12288.0K->13312.0K Heap: 188.7M(256.0M)->50768.0K(256.0M)]
Heap after GC invocations=642 (full 0):
 garbage-first heap   total 262144K, used 50767K [0x00000000f0000000, 0x00000000f0100800, 0x0000000100000000)
  region size 1024K, 13 young (13312K), 13 survivors (13312K)
 Metaspace       used 52914K, capacity 56076K, committed 56192K, reserved 1097728K
  class space    used 6461K, capacity 7028K, committed 7040K, reserved 1048576K
}
 [Times: user=0.07 sys=0.01, real=0.02 secs] 
{Heap before GC invocations=642 (full 0):
 garbage-first heap   total 262144K, used 194127K [0x00000000f0000000, 0x00000000f0100800, 0x0000000100000000)
  region size 1024K, 153 young (156672K), 13 survivors (13312K)
 Metaspace       used 52914K, capacity 56076K, committed 56192K, reserved 1097728K
  class space    used 6461K, capacity 7028K, committed 7040K, reserved 1048576K
2023-10-03T06:55:51.181+0800: 659.044: [GC pause (G1 Evacuation Pause) (young), 0.0125548 secs]
   [Parallel Time: 7.7 ms, GC Workers: 10]
      [GC Worker Start (ms): Min: 659044.1, Avg: 659044.4, Max: 659044.6, Diff: 0.5]
      [Ext Root Scanning (ms): Min: 1.6, Avg: 1.9, Max: 2.4, Diff: 0.8, Sum: 18.7]
      [Update RS (ms): Min: 0.8, Avg: 0.9, Max: 1.0, Diff: 0.2, Sum: 8.8]
         [Processed Buffers: Min: 8, Avg: 15.1, Max: 28, Diff: 20, Sum: 151]
      [Scan RS (ms): Min: 0.0, Avg: 0.1, Max: 0.1, Diff: 0.1, Sum: 0.8]
      [Code Root Scanning (ms): Min: 0.0, Avg: 0.0, Max: 0.0, Diff: 0.0, Sum: 0.0]
      [Object Copy (ms): Min: 3.4, Avg: 3.6, Max: 3.7, Diff: 0.3, Sum: 36.5]
      [Termination (ms): Min: 0.0, Avg: 0.0, Max: 0.0, Diff: 0.0, Sum: 0.0]
         [Termination Attempts: Min: 1, Avg: 1.0, Max: 1, Diff: 0, Sum: 10]
      [GC Worker Other (ms): Min: 0.0, Avg: 0.1, Max: 0.2, Diff: 0.1, Sum: 0.6]
      [GC Worker Total (ms): Min: 6.3, Avg: 6.5, Max: 6.9, Diff: 0.6, Sum: 65.4]
      [GC Worker End (ms): Min: 659050.9, Avg: 659050.9, Max: 659051.0, Diff: 0.1]
   [Code Root Fixup: 0.0 ms]
   [Code Root Purge: 0.0 ms]
   [Clear CT: 1.5 ms]
   [Other: 3.3 ms]
      [Choose CSet: 0.0 ms]
      [Ref Proc: 1.2 ms]
      [Ref Enq: 0.0 ms]
      [Redirty Cards: 1.5 ms]
      [Humongous Register: 0.0 ms]
      [Humongous Reclaim: 0.0 ms]
      [Free CSet: 0.2 ms]
   [Eden: 140.0M(140.0M)->0.0B(141.0M) Survivors: 13312.0K->12288.0K Heap: 189.6M(256.0M)->51029.5K(256.0M)]
Heap after GC invocations=643 (full 0):
 garbage-first heap   total 262144K, used 51029K [0x00000000f0000000, 0x00000000f0100800, 0x0000000100000000)
  region size 1024K, 12 young (12288K), 12 survivors (12288K)
 Metaspace       used 52914K, capacity 56076K, committed 56192K, reserved 1097728K
  class space    used 6461K, capacity 7028K, committed 7040K, reserved 1048576K
}
 [Times: user=0.07 sys=0.00, real=0.01 secs] 
{Heap before GC invocations=643 (full 0):
 garbage-first heap   total 262144K, used 195413K [0x00000000f0000000, 0x00000000f0100800, 0x0000000100000000)
  region size 1024K, 153 young (156672K), 12 survivors (12288K)
 Metaspace       used 52914K, capacity 56076K, committed 56192K, reserved 1097728K
  class space    used 6461K, capacity 7028K, committed 7040K, reserved 1048576K
2023-10-03T06:55:51.921+0800: 659.784: [GC pause (G1 Evacuation Pause) (young), 0.0124501 secs]
   [Parallel Time: 7.6 ms, GC Workers: 10]
      [GC Worker Start (ms): Min: 659784.6, Avg: 659784.8, Max: 659785.1, Diff: 0.5]
      [Ext Root Scanning (ms): Min: 1.8, Avg: 2.0, Max: 2.5, Diff: 0.8, Sum: 20.1]
      [Update RS (ms): Min: 1.0, Avg: 1.2, Max: 1.3, Diff: 0.3, Sum: 11.6]
         [Processed Buffers: Min: 1, Avg: 15.1, Max: 53, Diff: 52, Sum: 151]
      [Scan RS (ms): Min: 0.0, Avg: 0.1, Max: 0.1, Diff: 0.1, Sum: 0.6]
      [Code Root Scanning (ms): Min: 0.0, Avg: 0.0, Max: 0.0, Diff: 0.0, Sum: 0.0]
      [Object Copy (ms): Min: 3.1, Avg: 3.3, Max: 3.4, Diff: 0.3, Sum: 33.2]
      [Termination (ms): Min: 0.0, Avg: 0.0, Max: 0.0, Diff: 0.0, Sum: 0.1]
         [Termination Attempts: Min: 1, Avg: 1.8, Max: 4, Diff: 3, Sum: 18]
      [GC Worker Other (ms): Min: 0.0, Avg: 0.0, Max: 0.1, Diff: 0.1, Sum: 0.4]
      [GC Worker Total (ms): Min: 6.4, Avg: 6.6, Max: 6.9, Diff: 0.5, Sum: 66.1]
      [GC Worker End (ms): Min: 659791.4, Avg: 659791.4, Max: 659791.5, Diff: 0.1]
   [Code Root Fixup: 0.0 ms]
   [Code Root Purge: 0.0 ms]
   [Clear CT: 1.7 ms]
   [Other: 3.1 ms]
      [Choose CSet: 0.0 ms]
      [Ref Proc: 1.3 ms]
      [Ref Enq: 0.0 ms]
      [Redirty Cards: 1.3 ms]
      [Humongous Register: 0.0 ms]
      [Humongous Reclaim: 0.0 ms]
      [Free CSet: 0.1 ms]
   [Eden: 141.0M(141.0M)->0.0B(142.0M) Survivors: 12288.0K->11264.0K Heap: 190.8M(256.0M)->50005.5K(256.0M)]
Heap after GC invocations=644 (full 0):
 garbage-first heap   total 262144K, used 50005K [0x00000000f0000000, 0x00000000f0100800, 0x0000000100000000)
  region size 1024K, 11 young (11264K), 11 survivors (11264K)
 Metaspace       used 52914K, capacity 56076K, committed 56192K, reserved 1097728K
  class space    used 6461K, capacity 7028K, committed 7040K, reserved 1048576K
}
 [Times: user=0.07 sys=0.00, real=0.01 secs] 
{Heap before GC invocations=644 (full 0):
 garbage-first heap   total 262144K, used 195413K [0x00000000f0000000, 0x00000000f0100800, 0x0000000100000000)
  region size 1024K, 153 young (156672K), 11 survivors (11264K)
 Metaspace       used 52914K, capacity 56076K, committed 56192K, reserved 1097728K
  class space    used 6461K, capacity 7028K, committed 7040K, reserved 1048576K
2023-10-03T06:55:52.693+0800: 660.556: [GC pause (G1 Evacuation Pause) (young), 0.0121362 secs]
   [Parallel Time: 7.5 ms, GC Workers: 10]
      [GC Worker Start (ms): Min: 660556.7, Avg: 660556.9, Max: 660557.2, Diff: 0.5]
      [Ext Root Scanning (ms): Min: 1.7, Avg: 1.9, Max: 2.4, Diff: 0.7, Sum: 19.1]
      [Update RS (ms): Min: 1.0, Avg: 1.1, Max: 1.3, Diff: 0.3, Sum: 10.8]
         [Processed Buffers: Min: 6, Avg: 16.1, Max: 34, Diff: 28, Sum: 161]
      [Scan RS (ms): Min: 0.0, Avg: 0.1, Max: 0.1, Diff: 0.1, Sum: 0.6]
      [Code Root Scanning (ms): Min: 0.0, Avg: 0.0, Max: 0.0, Diff: 0.0, Sum: 0.0]
      [Object Copy (ms): Min: 3.0, Avg: 3.2, Max: 3.3, Diff: 0.3, Sum: 31.9]
      [Termination (ms): Min: 0.0, Avg: 0.0, Max: 0.0, Diff: 0.0, Sum: 0.1]
         [Termination Attempts: Min: 1, Avg: 2.0, Max: 3, Diff: 2, Sum: 20]
      [GC Worker Other (ms): Min: 0.0, Avg: 0.1, Max: 0.2, Diff: 0.1, Sum: 0.5]
      [GC Worker Total (ms): Min: 6.0, Avg: 6.3, Max: 6.6, Diff: 0.5, Sum: 63.0]
      [GC Worker End (ms): Min: 660563.2, Avg: 660563.2, Max: 660563.3, Diff: 0.1]
   [Code Root Fixup: 0.0 ms]
   [Code Root Purge: 0.0 ms]
   [Clear CT: 1.3 ms]
   [Other: 3.3 ms]
      [Choose CSet: 0.0 ms]
      [Ref Proc: 1.3 ms]
      [Ref Enq: 0.0 ms]
      [Redirty Cards: 1.5 ms]
      [Humongous Register: 0.0 ms]
      [Humongous Reclaim: 0.0 ms]
      [Free CSet: 0.1 ms]
   [Eden: 142.0M(142.0M)->0.0B(142.0M) Survivors: 11264.0K->11264.0K Heap: 190.8M(256.0M)->50005.5K(256.0M)]
Heap after GC invocations=645 (full 0):
 garbage-first heap   total 262144K, used 50005K [0x00000000f0000000, 0x00000000f0100800, 0x0000000100000000)
  region size 1024K, 11 young (11264K), 11 survivors (11264K)
 Metaspace       used 52914K, capacity 56076K, committed 56192K, reserved 1097728K
  class space    used 6461K, capacity 7028K, committed 7040K, reserved 1048576K
}
 [Times: user=0.07 sys=0.00, real=0.01 secs] 
{Heap before GC invocations=645 (full 0):
 garbage-first heap   total 262144K, used 195413K [0x00000000f0000000, 0x00000000f0100800, 0x0000000100000000)
  region size 1024K, 153 young (156672K), 11 survivors (11264K)
 Metaspace       used 52914K, capacity 56076K, committed 56192K, reserved 1097728K
  class space    used 6461K, capacity 7028K, committed 7040K, reserved 1048576K
2023-10-03T06:55:53.385+0800: 661.248: [GC pause (G1 Evacuation Pause) (young), 0.0118608 secs]
   [Parallel Time: 7.2 ms, GC Workers: 10]
      [GC Worker Start (ms): Min: 661248.2, Avg: 661248.4, Max: 661248.7, Diff: 0.5]
      [Ext Root Scanning (ms): Min: 1.6, Avg: 1.9, Max: 2.3, Diff: 0.6, Sum: 18.7]
      [Update RS (ms): Min: 1.0, Avg: 1.0, Max: 1.1, Diff: 0.1, Sum: 10.4]
         [Processed Buffers: Min: 9, Avg: 16.5, Max: 31, Diff: 22, Sum: 165]
      [Scan RS (ms): Min: 0.0, Avg: 0.1, Max: 0.1, Diff: 0.1, Sum: 0.6]
      [Code Root Scanning (ms): Min: 0.0, Avg: 0.0, Max: 0.0, Diff: 0.0, Sum: 0.0]
      [Object Copy (ms): Min: 2.9, Avg: 3.2, Max: 3.3, Diff: 0.3, Sum: 31.8]
      [Termination (ms): Min: 0.0, Avg: 0.0, Max: 0.0, Diff: 0.0, Sum: 0.0]
         [Termination Attempts: Min: 1, Avg: 1.0, Max: 1, Diff: 0, Sum: 10]
      [GC Worker Other (ms): Min: 0.0, Avg: 0.0, Max: 0.1, Diff: 0.1, Sum: 0.4]
      [GC Worker Total (ms): Min: 6.0, Avg: 6.2, Max: 6.4, Diff: 0.5, Sum: 62.0]
      [GC Worker End (ms): Min: 661254.6, Avg: 661254.6, Max: 661254.7, Diff: 0.1]
   [Code Root Fixup: 0.0 ms]
   [Code Root Purge: 0.0 ms]
   [Clear CT: 1.6 ms]
   [Other: 3.1 ms]
      [Choose CSet: 0.0 ms]
      [Ref Proc: 1.0 ms]
      [Ref Enq: 0.0 ms]
      [Redirty Cards: 1.4 ms]
      [Humongous Register: 0.0 ms]
      [Humongous Reclaim: 0.0 ms]
      [Free CSet: 0.2 ms]
   [Eden: 142.0M(142.0M)->0.0B(142.0M) Survivors: 11264.0K->11264.0K Heap: 190.8M(256.0M)->50005.5K(256.0M)]
Heap after GC invocations=646 (full 0):
 garbage-first heap   total 262144K, used 50005K [0x00000000f0000000, 0x00000000f0100800, 0x0000000100000000)
  region size 1024K, 11 young (11264K), 11 survivors (11264K)
 Metaspace       used 52914K, capacity 56076K, committed 56192K, reserved 1097728K
  class space    used 6461K, capacity 7028K, committed 7040K, reserved 1048576K
}
 [Times: user=0.06 sys=0.01, real=0.01 secs] 
{Heap before GC invocations=646 (full 0):
 garbage-first heap   total 262144K, used 195413K [0x00000000f0000000, 0x00000000f0100800, 0x0000000100000000)
  region size 1024K, 153 young (156672K), 11 survivors (11264K)
 Metaspace       used 52914K, capacity 56076K, committed 56192K, reserved 1097728K
  class space    used 6461K, capacity 7028K, committed 7040K, reserved 1048576K
2023-10-03T06:55:54.138+0800: 662.001: [GC pause (G1 Evacuation Pause) (young), 0.0121797 secs]
   [Parallel Time: 7.4 ms, GC Workers: 10]
      [GC Worker Start (ms): Min: 662001.4, Avg: 662001.6, Max: 662001.8, Diff: 0.5]
      [Ext Root Scanning (ms): Min: 1.7, Avg: 2.0, Max: 2.5, Diff: 0.7, Sum: 19.7]
      [Update RS (ms): Min: 0.9, Avg: 1.0, Max: 1.1, Diff: 0.2, Sum: 10.3]
         [Processed Buffers: Min: 8, Avg: 16.1, Max: 32, Diff: 24, Sum: 161]
      [Scan RS (ms): Min: 0.0, Avg: 0.1, Max: 0.1, Diff: 0.1, Sum: 0.5]
      [Code Root Scanning (ms): Min: 0.0, Avg: 0.0, Max: 0.0, Diff: 0.0, Sum: 0.0]
      [Object Copy (ms): Min: 3.1, Avg: 3.3, Max: 3.4, Diff: 0.3, Sum: 33.2]
      [Termination (ms): Min: 0.0, Avg: 0.0, Max: 0.0, Diff: 0.0, Sum: 0.1]
         [Termination Attempts: Min: 1, Avg: 1.6, Max: 3, Diff: 2, Sum: 16]
      [GC Worker Other (ms): Min: 0.0, Avg: 0.0, Max: 0.1, Diff: 0.0, Sum: 0.4]
      [GC Worker Total (ms): Min: 6.2, Avg: 6.4, Max: 6.7, Diff: 0.5, Sum: 64.2]
      [GC Worker End (ms): Min: 662008.0, Avg: 662008.0, Max: 662008.1, Diff: 0.1]
   [Code Root Fixup: 0.0 ms]
   [Code Root Purge: 0.0 ms]
   [Clear CT: 1.9 ms]
   [Other: 2.9 ms]
      [Choose CSet: 0.0 ms]
      [Ref Proc: 1.1 ms]
      [Ref Enq: 0.0 ms]
      [Redirty Cards: 1.2 ms]
      [Humongous Register: 0.0 ms]
      [Humongous Reclaim: 0.0 ms]
      [Free CSet: 0.1 ms]
   [Eden: 142.0M(142.0M)->0.0B(142.0M) Survivors: 11264.0K->11264.0K Heap: 190.8M(256.0M)->50005.5K(256.0M)]
Heap after GC invocations=647 (full 0):
 garbage-first heap   total 262144K, used 50005K [0x00000000f0000000, 0x00000000f0100800, 0x0000000100000000)
  region size 1024K, 11 young (11264K), 11 survivors (11264K)
 Metaspace       used 52914K, capacity 56076K, committed 56192K, reserved 1097728K
  class space    used 6461K, capacity 7028K, committed 7040K, reserved 1048576K
}
 [Times: user=0.07 sys=0.00, real=0.02 secs] 
{Heap before GC invocations=647 (full 0):
 garbage-first heap   total 262144K, used 195413K [0x00000000f0000000, 0x00000000f0100800, 0x0000000100000000)
  region size 1024K, 153 young (156672K), 11 survivors (11264K)
 Metaspace       used 52914K, capacity 56076K, committed 56192K, reserved 1097728K
  class space    used 6461K, capacity 7028K, committed 7040K, reserved 1048576K
2023-10-03T06:55:54.883+0800: 662.747: [GC pause (G1 Evacuation Pause) (young), 0.0126916 secs]
   [Parallel Time: 7.5 ms, GC Workers: 10]
      [GC Worker Start (ms): Min: 662747.1, Avg: 662747.4, Max: 662747.6, Diff: 0.5]
      [Ext Root Scanning (ms): Min: 1.6, Avg: 1.8, Max: 2.3, Diff: 0.7, Sum: 17.9]
      [Update RS (ms): Min: 1.0, Avg: 1.1, Max: 1.2, Diff: 0.2, Sum: 10.9]
         [Processed Buffers: Min: 1, Avg: 16.5, Max: 34, Diff: 33, Sum: 165]
      [Scan RS (ms): Min: 0.0, Avg: 0.1, Max: 0.1, Diff: 0.1, Sum: 0.6]
      [Code Root Scanning (ms): Min: 0.0, Avg: 0.0, Max: 0.0, Diff: 0.0, Sum: 0.0]
      [Object Copy (ms): Min: 3.2, Avg: 3.4, Max: 3.5, Diff: 0.3, Sum: 33.9]
      [Termination (ms): Min: 0.0, Avg: 0.0, Max: 0.0, Diff: 0.0, Sum: 0.0]
         [Termination Attempts: Min: 1, Avg: 1.0, Max: 1, Diff: 0, Sum: 10]
      [GC Worker Other (ms): Min: 0.0, Avg: 0.1, Max: 0.2, Diff: 0.2, Sum: 0.7]
      [GC Worker Total (ms): Min: 6.1, Avg: 6.4, Max: 6.8, Diff: 0.7, Sum: 64.1]
      [GC Worker End (ms): Min: 662753.7, Avg: 662753.8, Max: 662753.9, Diff: 0.2]
   [Code Root Fixup: 0.0 ms]
   [Code Root Purge: 0.0 ms]
   [Clear CT: 1.4 ms]
   [Other: 3.7 ms]
      [Choose CSet: 0.0 ms]
      [Ref Proc: 1.7 ms]
      [Ref Enq: 0.0 ms]
      [Redirty Cards: 1.5 ms]
      [Humongous Register: 0.0 ms]
      [Humongous Reclaim: 0.0 ms]
      [Free CSet: 0.1 ms]
   [Eden: 142.0M(142.0M)->0.0B(142.0M) Survivors: 11264.0K->11264.0K Heap: 190.8M(256.0M)->50005.5K(256.0M)]
Heap after GC invocations=648 (full 0):
 garbage-first heap   total 262144K, used 50005K [0x00000000f0000000, 0x00000000f0100800, 0x0000000100000000)
  region size 1024K, 11 young (11264K), 11 survivors (11264K)
 Metaspace       used 52914K, capacity 56076K, committed 56192K, reserved 1097728K
  class space    used 6461K, capacity 7028K, committed 7040K, reserved 1048576K
}
 [Times: user=0.07 sys=0.00, real=0.01 secs] 
{Heap before GC invocations=648 (full 0):
 garbage-first heap   total 262144K, used 195413K [0x00000000f0000000, 0x00000000f0100800, 0x0000000100000000)
  region size 1024K, 153 young (156672K), 11 survivors (11264K)
 Metaspace       used 52914K, capacity 56076K, committed 56192K, reserved 1097728K
  class space    used 6461K, capacity 7028K, committed 7040K, reserved 1048576K
2023-10-03T06:55:55.640+0800: 663.503: [GC pause (G1 Evacuation Pause) (young), 0.0121840 secs]
   [Parallel Time: 7.5 ms, GC Workers: 10]
      [GC Worker Start (ms): Min: 663503.6, Avg: 663503.8, Max: 663504.1, Diff: 0.5]
      [Ext Root Scanning (ms): Min: 1.6, Avg: 1.9, Max: 2.3, Diff: 0.7, Sum: 18.5]
      [Update RS (ms): Min: 1.0, Avg: 1.1, Max: 1.2, Diff: 0.2, Sum: 10.5]
         [Processed Buffers: Min: 8, Avg: 15.8, Max: 29, Diff: 21, Sum: 158]
      [Scan RS (ms): Min: 0.0, Avg: 0.1, Max: 0.1, Diff: 0.1, Sum: 0.6]
      [Code Root Scanning (ms): Min: 0.0, Avg: 0.0, Max: 0.0, Diff: 0.0, Sum: 0.0]
      [Object Copy (ms): Min: 3.1, Avg: 3.4, Max: 3.5, Diff: 0.4, Sum: 34.0]
      [Termination (ms): Min: 0.0, Avg: 0.0, Max: 0.0, Diff: 0.0, Sum: 0.1]
         [Termination Attempts: Min: 1, Avg: 1.5, Max: 3, Diff: 2, Sum: 15]
      [GC Worker Other (ms): Min: 0.0, Avg: 0.1, Max: 0.2, Diff: 0.2, Sum: 0.6]
      [GC Worker Total (ms): Min: 6.2, Avg: 6.4, Max: 6.7, Diff: 0.5, Sum: 64.4]
      [GC Worker End (ms): Min: 663510.2, Avg: 663510.3, Max: 663510.4, Diff: 0.2]
   [Code Root Fixup: 0.0 ms]
   [Code Root Purge: 0.0 ms]
   [Clear CT: 1.5 ms]
   [Other: 3.1 ms]
      [Choose CSet: 0.0 ms]
      [Ref Proc: 1.2 ms]
      [Ref Enq: 0.0 ms]
      [Redirty Cards: 1.4 ms]
      [Humongous Register: 0.0 ms]
      [Humongous Reclaim: 0.0 ms]
      [Free CSet: 0.1 ms]
   [Eden: 142.0M(142.0M)->0.0B(141.0M) Survivors: 11264.0K->12288.0K Heap: 190.8M(256.0M)->51029.5K(256.0M)]
Heap after GC invocations=649 (full 0):
 garbage-first heap   total 262144K, used 51029K [0x00000000f0000000, 0x00000000f0100800, 0x0000000100000000)
  region size 1024K, 12 young (12288K), 12 survivors (12288K)
 Metaspace       used 52914K, capacity 56076K, committed 56192K, reserved 1097728K
  class space    used 6461K, capacity 7028K, committed 7040K, reserved 1048576K
}
 [Times: user=0.07 sys=0.00, real=0.01 secs] 
{Heap before GC invocations=649 (full 0):
 garbage-first heap   total 262144K, used 195413K [0x00000000f0000000, 0x00000000f0100800, 0x0000000100000000)
  region size 1024K, 153 young (156672K), 12 survivors (12288K)
 Metaspace       used 52914K, capacity 56076K, committed 56192K, reserved 1097728K
  class space    used 6461K, capacity 7028K, committed 7040K, reserved 1048576K
2023-10-03T06:55:56.391+0800: 664.254: [GC pause (G1 Evacuation Pause) (young), 0.0121092 secs]
   [Parallel Time: 7.4 ms, GC Workers: 10]
      [GC Worker Start (ms): Min: 664254.8, Avg: 664255.0, Max: 664255.3, Diff: 0.5]
      [Ext Root Scanning (ms): Min: 1.6, Avg: 1.9, Max: 2.3, Diff: 0.7, Sum: 18.6]
      [Update RS (ms): Min: 0.9, Avg: 1.0, Max: 1.1, Diff: 0.2, Sum: 10.0]
         [Processed Buffers: Min: 8, Avg: 16.1, Max: 32, Diff: 24, Sum: 161]
      [Scan RS (ms): Min: 0.0, Avg: 0.1, Max: 0.1, Diff: 0.1, Sum: 0.7]
      [Code Root Scanning (ms): Min: 0.0, Avg: 0.0, Max: 0.0, Diff: 0.0, Sum: 0.0]
      [Object Copy (ms): Min: 3.2, Avg: 3.5, Max: 3.6, Diff: 0.4, Sum: 34.6]
      [Termination (ms): Min: 0.0, Avg: 0.0, Max: 0.0, Diff: 0.0, Sum: 0.1]
         [Termination Attempts: Min: 1, Avg: 1.2, Max: 2, Diff: 1, Sum: 12]
      [GC Worker Other (ms): Min: 0.0, Avg: 0.1, Max: 0.2, Diff: 0.2, Sum: 0.7]
      [GC Worker Total (ms): Min: 6.2, Avg: 6.5, Max: 6.7, Diff: 0.5, Sum: 64.8]
      [GC Worker End (ms): Min: 664261.5, Avg: 664261.5, Max: 664261.6, Diff: 0.2]
   [Code Root Fixup: 0.0 ms]
   [Code Root Purge: 0.0 ms]
   [Clear CT: 2.0 ms]
   [Other: 2.7 ms]
      [Choose CSet: 0.0 ms]
      [Ref Proc: 1.1 ms]
      [Ref Enq: 0.0 ms]
      [Redirty Cards: 1.1 ms]
      [Humongous Register: 0.0 ms]
      [Humongous Reclaim: 0.0 ms]
      [Free CSet: 0.1 ms]
   [Eden: 141.0M(141.0M)->0.0B(141.0M) Survivors: 12288.0K->12288.0K Heap: 190.8M(256.0M)->50517.5K(256.0M)]
Heap after GC invocations=650 (full 0):
 garbage-first heap   total 262144K, used 50517K [0x00000000f0000000, 0x00000000f0100800, 0x0000000100000000)
  region size 1024K, 12 young (12288K), 12 survivors (12288K)
 Metaspace       used 52914K, capacity 56076K, committed 56192K, reserved 1097728K
  class space    used 6461K, capacity 7028K, committed 7040K, reserved 1048576K
}
 [Times: user=0.06 sys=0.00, real=0.01 secs] 
{Heap before GC invocations=650 (full 0):
 garbage-first heap   total 262144K, used 194901K [0x00000000f0000000, 0x00000000f0100800, 0x0000000100000000)
  region size 1024K, 153 young (156672K), 12 survivors (12288K)
 Metaspace       used 52914K, capacity 56076K, committed 56192K, reserved 1097728K
  class space    used 6461K, capacity 7028K, committed 7040K, reserved 1048576K
2023-10-03T06:55:57.132+0800: 664.995: [GC pause (G1 Evacuation Pause) (young), 0.0122260 secs]
   [Parallel Time: 7.5 ms, GC Workers: 10]
      [GC Worker Start (ms): Min: 664995.6, Avg: 664995.8, Max: 664996.1, Diff: 0.5]
      [Ext Root Scanning (ms): Min: 1.7, Avg: 1.9, Max: 2.5, Diff: 0.8, Sum: 19.1]
      [Update RS (ms): Min: 0.9, Avg: 1.0, Max: 1.0, Diff: 0.1, Sum: 9.9]
         [Processed Buffers: Min: 6, Avg: 15.7, Max: 30, Diff: 24, Sum: 157]
      [Scan RS (ms): Min: 0.0, Avg: 0.1, Max: 0.1, Diff: 0.1, Sum: 0.6]
      [Code Root Scanning (ms): Min: 0.0, Avg: 0.0, Max: 0.0, Diff: 0.0, Sum: 0.0]
      [Object Copy (ms): Min: 3.3, Avg: 3.5, Max: 3.6, Diff: 0.4, Sum: 35.5]
      [Termination (ms): Min: 0.0, Avg: 0.0, Max: 0.0, Diff: 0.0, Sum: 0.0]
         [Termination Attempts: Min: 1, Avg: 1.1, Max: 2, Diff: 1, Sum: 11]
      [GC Worker Other (ms): Min: 0.0, Avg: 0.0, Max: 0.0, Diff: 0.0, Sum: 0.3]
      [GC Worker Total (ms): Min: 6.3, Avg: 6.5, Max: 6.8, Diff: 0.5, Sum: 65.4]
      [GC Worker End (ms): Min: 665002.4, Avg: 665002.4, Max: 665002.4, Diff: 0.0]
   [Code Root Fixup: 0.0 ms]
   [Code Root Purge: 0.0 ms]
   [Clear CT: 1.6 ms]
   [Other: 3.1 ms]
      [Choose CSet: 0.0 ms]
      [Ref Proc: 1.3 ms]
      [Ref Enq: 0.0 ms]
      [Redirty Cards: 1.3 ms]
      [Humongous Register: 0.0 ms]
      [Humongous Reclaim: 0.0 ms]
      [Free CSet: 0.1 ms]
   [Eden: 141.0M(141.0M)->0.0B(141.0M) Survivors: 12288.0K->12288.0K Heap: 190.3M(256.0M)->50517.5K(256.0M)]
Heap after GC invocations=651 (full 0):
 garbage-first heap   total 262144K, used 50517K [0x00000000f0000000, 0x00000000f0100800, 0x0000000100000000)
  region size 1024K, 12 young (12288K), 12 survivors (12288K)
 Metaspace       used 52914K, capacity 56076K, committed 56192K, reserved 1097728K
  class space    used 6461K, capacity 7028K, committed 7040K, reserved 1048576K
}
 [Times: user=0.07 sys=0.00, real=0.01 secs] 
{Heap before GC invocations=651 (full 0):
 garbage-first heap   total 262144K, used 194901K [0x00000000f0000000, 0x00000000f0100800, 0x0000000100000000)
  region size 1024K, 153 young (156672K), 12 survivors (12288K)
 Metaspace       used 52921K, capacity 56140K, committed 56192K, reserved 1097728K
  class space    used 6461K, capacity 7028K, committed 7040K, reserved 1048576K
2023-10-03T06:55:57.879+0800: 665.742: [GC pause (G1 Evacuation Pause) (young), 0.0114673 secs]
   [Parallel Time: 7.1 ms, GC Workers: 10]
      [GC Worker Start (ms): Min: 665742.4, Avg: 665742.7, Max: 665742.9, Diff: 0.5]
      [Ext Root Scanning (ms): Min: 1.5, Avg: 1.9, Max: 2.4, Diff: 0.8, Sum: 19.1]
      [Update RS (ms): Min: 0.9, Avg: 1.0, Max: 1.1, Diff: 0.2, Sum: 10.0]
         [Processed Buffers: Min: 5, Avg: 16.1, Max: 37, Diff: 32, Sum: 161]
      [Scan RS (ms): Min: 0.0, Avg: 0.1, Max: 0.1, Diff: 0.1, Sum: 0.7]
      [Code Root Scanning (ms): Min: 0.0, Avg: 0.0, Max: 0.1, Diff: 0.1, Sum: 0.1]
      [Object Copy (ms): Min: 3.0, Avg: 3.3, Max: 3.4, Diff: 0.3, Sum: 33.1]
      [Termination (ms): Min: 0.0, Avg: 0.0, Max: 0.0, Diff: 0.0, Sum: 0.0]
         [Termination Attempts: Min: 1, Avg: 1.0, Max: 1, Diff: 0, Sum: 10]
      [GC Worker Other (ms): Min: 0.0, Avg: 0.1, Max: 0.1, Diff: 0.1, Sum: 0.6]
      [GC Worker Total (ms): Min: 6.1, Avg: 6.4, Max: 6.6, Diff: 0.5, Sum: 63.7]
      [GC Worker End (ms): Min: 665749.0, Avg: 665749.0, Max: 665749.1, Diff: 0.1]
   [Code Root Fixup: 0.0 ms]
   [Code Root Purge: 0.0 ms]
   [Clear CT: 1.7 ms]
   [Other: 2.6 ms]
      [Choose CSet: 0.0 ms]
      [Ref Proc: 0.9 ms]
      [Ref Enq: 0.0 ms]
      [Redirty Cards: 1.2 ms]
      [Humongous Register: 0.0 ms]
      [Humongous Reclaim: 0.0 ms]
      [Free CSet: 0.1 ms]
   [Eden: 141.0M(141.0M)->0.0B(141.0M) Survivors: 12288.0K->12288.0K Heap: 190.3M(256.0M)->51029.5K(256.0M)]
Heap after GC invocations=652 (full 0):
 garbage-first heap   total 262144K, used 51029K [0x00000000f0000000, 0x00000000f0100800, 0x0000000100000000)
  region size 1024K, 12 young (12288K), 12 survivors (12288K)
 Metaspace       used 52921K, capacity 56140K, committed 56192K, reserved 1097728K
  class space    used 6461K, capacity 7028K, committed 7040K, reserved 1048576K
}
 [Times: user=0.06 sys=0.01, real=0.02 secs] 
{Heap before GC invocations=652 (full 0):
 garbage-first heap   total 262144K, used 195413K [0x00000000f0000000, 0x00000000f0100800, 0x0000000100000000)
  region size 1024K, 153 young (156672K), 12 survivors (12288K)
 Metaspace       used 52921K, capacity 56140K, committed 56192K, reserved 1097728K
  class space    used 6461K, capacity 7028K, committed 7040K, reserved 1048576K
2023-10-03T06:55:58.629+0800: 666.492: [GC pause (G1 Evacuation Pause) (young), 0.0123484 secs]
   [Parallel Time: 7.7 ms, GC Workers: 10]
      [GC Worker Start (ms): Min: 666492.7, Avg: 666492.9, Max: 666493.1, Diff: 0.4]
      [Ext Root Scanning (ms): Min: 1.8, Avg: 2.0, Max: 2.4, Diff: 0.6, Sum: 19.9]
      [Update RS (ms): Min: 1.0, Avg: 1.1, Max: 1.2, Diff: 0.2, Sum: 10.9]
         [Processed Buffers: Min: 6, Avg: 16.0, Max: 31, Diff: 25, Sum: 160]
      [Scan RS (ms): Min: 0.0, Avg: 0.1, Max: 0.1, Diff: 0.1, Sum: 0.6]
      [Code Root Scanning (ms): Min: 0.0, Avg: 0.0, Max: 0.1, Diff: 0.1, Sum: 0.1]
      [Object Copy (ms): Min: 3.3, Avg: 3.6, Max: 3.7, Diff: 0.4, Sum: 35.8]
      [Termination (ms): Min: 0.0, Avg: 0.0, Max: 0.0, Diff: 0.0, Sum: 0.1]
         [Termination Attempts: Min: 1, Avg: 1.4, Max: 2, Diff: 1, Sum: 14]
      [GC Worker Other (ms): Min: 0.0, Avg: 0.1, Max: 0.1, Diff: 0.1, Sum: 0.5]
      [GC Worker Total (ms): Min: 6.6, Avg: 6.8, Max: 7.0, Diff: 0.4, Sum: 67.8]
      [GC Worker End (ms): Min: 666499.7, Avg: 666499.7, Max: 666499.7, Diff: 0.1]
   [Code Root Fixup: 0.0 ms]
   [Code Root Purge: 0.0 ms]
   [Clear CT: 1.3 ms]
   [Other: 3.3 ms]
      [Choose CSet: 0.0 ms]
      [Ref Proc: 1.4 ms]
      [Ref Enq: 0.0 ms]
      [Redirty Cards: 1.4 ms]
      [Humongous Register: 0.0 ms]
      [Humongous Reclaim: 0.0 ms]
      [Free CSet: 0.1 ms]
   [Eden: 141.0M(141.0M)->0.0B(141.0M) Survivors: 12288.0K->12288.0K Heap: 190.8M(256.0M)->51029.5K(256.0M)]
Heap after GC invocations=653 (full 0):
 garbage-first heap   total 262144K, used 51029K [0x00000000f0000000, 0x00000000f0100800, 0x0000000100000000)
  region size 1024K, 12 young (12288K), 12 survivors (12288K)
 Metaspace       used 52921K, capacity 56140K, committed 56192K, reserved 1097728K
  class space    used 6461K, capacity 7028K, committed 7040K, reserved 1048576K
}
 [Times: user=0.07 sys=0.00, real=0.02 secs] 
{Heap before GC invocations=653 (full 0):
 garbage-first heap   total 262144K, used 195413K [0x00000000f0000000, 0x00000000f0100800, 0x0000000100000000)
  region size 1024K, 153 young (156672K), 12 survivors (12288K)
 Metaspace       used 52921K, capacity 56140K, committed 56192K, reserved 1097728K
  class space    used 6461K, capacity 7028K, committed 7040K, reserved 1048576K
2023-10-03T06:55:59.372+0800: 667.236: [GC pause (G1 Evacuation Pause) (young), 0.0119224 secs]
   [Parallel Time: 7.3 ms, GC Workers: 10]
      [GC Worker Start (ms): Min: 667235.9, Avg: 667236.2, Max: 667236.5, Diff: 0.6]
      [Ext Root Scanning (ms): Min: 1.7, Avg: 1.9, Max: 2.4, Diff: 0.7, Sum: 18.9]
      [Update RS (ms): Min: 0.9, Avg: 1.0, Max: 1.1, Diff: 0.1, Sum: 10.2]
         [Processed Buffers: Min: 9, Avg: 16.4, Max: 37, Diff: 28, Sum: 164]
      [Scan RS (ms): Min: 0.0, Avg: 0.1, Max: 0.1, Diff: 0.1, Sum: 0.8]
      [Code Root Scanning (ms): Min: 0.0, Avg: 0.0, Max: 0.1, Diff: 0.1, Sum: 0.1]
      [Object Copy (ms): Min: 3.1, Avg: 3.4, Max: 3.5, Diff: 0.4, Sum: 33.8]
      [Termination (ms): Min: 0.0, Avg: 0.0, Max: 0.0, Diff: 0.0, Sum: 0.0]
         [Termination Attempts: Min: 1, Avg: 1.0, Max: 1, Diff: 0, Sum: 10]
      [GC Worker Other (ms): Min: 0.0, Avg: 0.0, Max: 0.1, Diff: 0.1, Sum: 0.4]
      [GC Worker Total (ms): Min: 6.1, Avg: 6.4, Max: 6.7, Diff: 0.6, Sum: 64.2]
      [GC Worker End (ms): Min: 667242.6, Avg: 667242.7, Max: 667242.7, Diff: 0.1]
   [Code Root Fixup: 0.0 ms]
   [Code Root Purge: 0.0 ms]
   [Clear CT: 1.2 ms]
   [Other: 3.4 ms]
      [Choose CSet: 0.0 ms]
      [Ref Proc: 1.5 ms]
      [Ref Enq: 0.0 ms]
      [Redirty Cards: 1.3 ms]
      [Humongous Register: 0.0 ms]
      [Humongous Reclaim: 0.0 ms]
      [Free CSet: 0.1 ms]
   [Eden: 141.0M(141.0M)->0.0B(141.0M) Survivors: 12288.0K->12288.0K Heap: 190.8M(256.0M)->51029.5K(256.0M)]
Heap after GC invocations=654 (full 0):
 garbage-first heap   total 262144K, used 51029K [0x00000000f0000000, 0x00000000f0100800, 0x0000000100000000)
  region size 1024K, 12 young (12288K), 12 survivors (12288K)
 Metaspace       used 52921K, capacity 56140K, committed 56192K, reserved 1097728K
  class space    used 6461K, capacity 7028K, committed 7040K, reserved 1048576K
}
 [Times: user=0.07 sys=0.01, real=0.01 secs] 
{Heap before GC invocations=654 (full 0):
 garbage-first heap   total 262144K, used 195413K [0x00000000f0000000, 0x00000000f0100800, 0x0000000100000000)
  region size 1024K, 153 young (156672K), 12 survivors (12288K)
 Metaspace       used 52921K, capacity 56140K, committed 56192K, reserved 1097728K
  class space    used 6461K, capacity 7028K, committed 7040K, reserved 1048576K
2023-10-03T06:56:00.110+0800: 667.974: [GC pause (G1 Evacuation Pause) (young), 0.0125549 secs]
   [Parallel Time: 7.6 ms, GC Workers: 10]
      [GC Worker Start (ms): Min: 667973.8, Avg: 667974.1, Max: 667974.4, Diff: 0.5]
      [Ext Root Scanning (ms): Min: 1.9, Avg: 2.1, Max: 2.5, Diff: 0.7, Sum: 20.6]
      [Update RS (ms): Min: 0.9, Avg: 1.0, Max: 1.1, Diff: 0.2, Sum: 9.9]
         [Processed Buffers: Min: 5, Avg: 15.3, Max: 38, Diff: 33, Sum: 153]
      [Scan RS (ms): Min: 0.0, Avg: 0.1, Max: 0.1, Diff: 0.1, Sum: 0.6]
      [Code Root Scanning (ms): Min: 0.0, Avg: 0.0, Max: 0.1, Diff: 0.1, Sum: 0.1]
      [Object Copy (ms): Min: 3.1, Avg: 3.3, Max: 3.4, Diff: 0.3, Sum: 33.0]
      [Termination (ms): Min: 0.0, Avg: 0.0, Max: 0.0, Diff: 0.0, Sum: 0.1]
         [Termination Attempts: Min: 1, Avg: 1.4, Max: 2, Diff: 1, Sum: 14]
      [GC Worker Other (ms): Min: 0.0, Avg: 0.1, Max: 0.1, Diff: 0.1, Sum: 0.5]
      [GC Worker Total (ms): Min: 6.2, Avg: 6.5, Max: 6.8, Diff: 0.6, Sum: 64.8]
      [GC Worker End (ms): Min: 667980.6, Avg: 667980.6, Max: 667980.7, Diff: 0.1]
   [Code Root Fixup: 0.0 ms]
   [Code Root Purge: 0.0 ms]
   [Clear CT: 1.4 ms]
   [Other: 3.6 ms]
      [Choose CSet: 0.0 ms]
      [Ref Proc: 1.6 ms]
      [Ref Enq: 0.0 ms]
      [Redirty Cards: 1.5 ms]
      [Humongous Register: 0.0 ms]
      [Humongous Reclaim: 0.0 ms]
      [Free CSet: 0.1 ms]
   [Eden: 141.0M(141.0M)->0.0B(141.0M) Survivors: 12288.0K->12288.0K Heap: 190.8M(256.0M)->50517.5K(256.0M)]
Heap after GC invocations=655 (full 0):
 garbage-first heap   total 262144K, used 50517K [0x00000000f0000000, 0x00000000f0100800, 0x0000000100000000)
  region size 1024K, 12 young (12288K), 12 survivors (12288K)
 Metaspace       used 52921K, capacity 56140K, committed 56192K, reserved 1097728K
  class space    used 6461K, capacity 7028K, committed 7040K, reserved 1048576K
}
 [Times: user=0.07 sys=0.00, real=0.01 secs] 
{Heap before GC invocations=655 (full 0):
 garbage-first heap   total 262144K, used 194901K [0x00000000f0000000, 0x00000000f0100800, 0x0000000100000000)
  region size 1024K, 153 young (156672K), 12 survivors (12288K)
 Metaspace       used 52921K, capacity 56140K, committed 56192K, reserved 1097728K
  class space    used 6461K, capacity 7028K, committed 7040K, reserved 1048576K
2023-10-03T06:56:00.859+0800: 668.722: [GC pause (G1 Evacuation Pause) (young), 0.0193279 secs]
   [Parallel Time: 14.3 ms, GC Workers: 10]
      [GC Worker Start (ms): Min: 668722.1, Avg: 668722.4, Max: 668722.6, Diff: 0.5]
      [Ext Root Scanning (ms): Min: 1.7, Avg: 1.9, Max: 2.4, Diff: 0.7, Sum: 19.1]
      [Update RS (ms): Min: 0.9, Avg: 1.0, Max: 1.1, Diff: 0.2, Sum: 10.1]
         [Processed Buffers: Min: 10, Avg: 15.3, Max: 29, Diff: 19, Sum: 153]
      [Scan RS (ms): Min: 0.0, Avg: 0.1, Max: 0.1, Diff: 0.1, Sum: 0.7]
      [Code Root Scanning (ms): Min: 0.0, Avg: 0.0, Max: 0.1, Diff: 0.1, Sum: 0.1]
      [Object Copy (ms): Min: 10.2, Avg: 10.5, Max: 10.6, Diff: 0.3, Sum: 104.8]
      [Termination (ms): Min: 0.0, Avg: 0.0, Max: 0.0, Diff: 0.0, Sum: 0.0]
         [Termination Attempts: Min: 1, Avg: 1.1, Max: 2, Diff: 1, Sum: 11]
      [GC Worker Other (ms): Min: 0.0, Avg: 0.1, Max: 0.1, Diff: 0.1, Sum: 0.5]
      [GC Worker Total (ms): Min: 13.3, Avg: 13.5, Max: 13.8, Diff: 0.5, Sum: 135.4]
      [GC Worker End (ms): Min: 668735.9, Avg: 668735.9, Max: 668736.0, Diff: 0.1]
   [Code Root Fixup: 0.0 ms]
   [Code Root Purge: 0.0 ms]
   [Clear CT: 1.4 ms]
   [Other: 3.6 ms]
      [Choose CSet: 0.0 ms]
      [Ref Proc: 1.6 ms]
      [Ref Enq: 0.0 ms]
      [Redirty Cards: 1.4 ms]
      [Humongous Register: 0.0 ms]
      [Humongous Reclaim: 0.0 ms]
      [Free CSet: 0.1 ms]
   [Eden: 141.0M(141.0M)->0.0B(148.0M) Survivors: 12288.0K->5120.0K Heap: 190.3M(256.0M)->51691.5K(256.0M)]
Heap after GC invocations=656 (full 0):
 garbage-first heap   total 262144K, used 51691K [0x00000000f0000000, 0x00000000f0100800, 0x0000000100000000)
  region size 1024K, 5 young (5120K), 5 survivors (5120K)
 Metaspace       used 52921K, capacity 56140K, committed 56192K, reserved 1097728K
  class space    used 6461K, capacity 7028K, committed 7040K, reserved 1048576K
}
 [Times: user=0.07 sys=0.08, real=0.02 secs] 
{Heap before GC invocations=656 (full 0):
 garbage-first heap   total 262144K, used 203243K [0x00000000f0000000, 0x00000000f0100800, 0x0000000100000000)
  region size 1024K, 153 young (156672K), 5 survivors (5120K)
 Metaspace       used 52921K, capacity 56140K, committed 56192K, reserved 1097728K
  class space    used 6461K, capacity 7028K, committed 7040K, reserved 1048576K
2023-10-03T06:56:01.657+0800: 669.520: [GC pause (G1 Evacuation Pause) (young), 0.0118669 secs]
   [Parallel Time: 7.6 ms, GC Workers: 10]
      [GC Worker Start (ms): Min: 669520.7, Avg: 669521.0, Max: 669521.2, Diff: 0.5]
      [Ext Root Scanning (ms): Min: 1.3, Avg: 2.0, Max: 2.5, Diff: 1.2, Sum: 19.7]
      [Update RS (ms): Min: 2.0, Avg: 2.2, Max: 2.5, Diff: 0.5, Sum: 21.5]
         [Processed Buffers: Min: 2, Avg: 17.9, Max: 36, Diff: 34, Sum: 179]
      [Scan RS (ms): Min: 0.0, Avg: 0.1, Max: 0.1, Diff: 0.1, Sum: 0.6]
      [Code Root Scanning (ms): Min: 0.0, Avg: 0.0, Max: 0.1, Diff: 0.1, Sum: 0.1]
      [Object Copy (ms): Min: 1.8, Avg: 2.3, Max: 2.9, Diff: 1.1, Sum: 23.3]
      [Termination (ms): Min: 0.0, Avg: 0.0, Max: 0.0, Diff: 0.0, Sum: 0.1]
         [Termination Attempts: Min: 1, Avg: 1.7, Max: 3, Diff: 2, Sum: 17]
      [GC Worker Other (ms): Min: 0.0, Avg: 0.1, Max: 0.2, Diff: 0.2, Sum: 0.7]
      [GC Worker Total (ms): Min: 6.4, Avg: 6.6, Max: 7.0, Diff: 0.6, Sum: 65.9]
      [GC Worker End (ms): Min: 669527.5, Avg: 669527.6, Max: 669527.7, Diff: 0.2]
   [Code Root Fixup: 0.0 ms]
   [Code Root Purge: 0.0 ms]
   [Clear CT: 1.4 ms]
   [Other: 2.8 ms]
      [Choose CSet: 0.0 ms]
      [Ref Proc: 0.9 ms]
      [Ref Enq: 0.0 ms]
      [Redirty Cards: 1.3 ms]
      [Humongous Register: 0.0 ms]
      [Humongous Reclaim: 0.0 ms]
      [Free CSet: 0.1 ms]
   [Eden: 148.0M(148.0M)->0.0B(149.0M) Survivors: 5120.0K->4096.0K Heap: 198.5M(256.0M)->51196.8K(256.0M)]
Heap after GC invocations=657 (full 0):
 garbage-first heap   total 262144K, used 51196K [0x00000000f0000000, 0x00000000f0100800, 0x0000000100000000)
  region size 1024K, 4 young (4096K), 4 survivors (4096K)
 Metaspace       used 52921K, capacity 56140K, committed 56192K, reserved 1097728K
  class space    used 6461K, capacity 7028K, committed 7040K, reserved 1048576K
}
 [Times: user=0.07 sys=0.00, real=0.01 secs] 
{Heap before GC invocations=657 (full 0):
 garbage-first heap   total 262144K, used 203772K [0x00000000f0000000, 0x00000000f0100800, 0x0000000100000000)
  region size 1024K, 153 young (156672K), 4 survivors (4096K)
 Metaspace       used 52921K, capacity 56140K, committed 56192K, reserved 1097728K
  class space    used 6461K, capacity 7028K, committed 7040K, reserved 1048576K
2023-10-03T06:56:02.441+0800: 670.304: [GC pause (G1 Evacuation Pause) (young), 0.0116869 secs]
   [Parallel Time: 6.7 ms, GC Workers: 10]
      [GC Worker Start (ms): Min: 670304.8, Avg: 670305.1, Max: 670305.3, Diff: 0.5]
      [Ext Root Scanning (ms): Min: 1.8, Avg: 2.0, Max: 2.4, Diff: 0.6, Sum: 20.2]
      [Update RS (ms): Min: 1.7, Avg: 1.7, Max: 1.8, Diff: 0.1, Sum: 17.4]
         [Processed Buffers: Min: 5, Avg: 17.9, Max: 34, Diff: 29, Sum: 179]
      [Scan RS (ms): Min: 0.0, Avg: 0.1, Max: 0.1, Diff: 0.1, Sum: 0.6]
      [Code Root Scanning (ms): Min: 0.0, Avg: 0.0, Max: 0.1, Diff: 0.1, Sum: 0.1]
      [Object Copy (ms): Min: 1.7, Avg: 1.9, Max: 1.9, Diff: 0.2, Sum: 18.6]
      [Termination (ms): Min: 0.0, Avg: 0.0, Max: 0.0, Diff: 0.0, Sum: 0.1]
         [Termination Attempts: Min: 1, Avg: 1.5, Max: 3, Diff: 2, Sum: 15]
      [GC Worker Other (ms): Min: 0.0, Avg: 0.0, Max: 0.1, Diff: 0.1, Sum: 0.4]
      [GC Worker Total (ms): Min: 5.5, Avg: 5.7, Max: 6.0, Diff: 0.5, Sum: 57.4]
      [GC Worker End (ms): Min: 670310.8, Avg: 670310.8, Max: 670310.9, Diff: 0.1]
   [Code Root Fixup: 0.0 ms]
   [Code Root Purge: 0.0 ms]
   [Clear CT: 1.5 ms]
   [Other: 3.5 ms]
      [Choose CSet: 0.0 ms]
      [Ref Proc: 1.6 ms]
      [Ref Enq: 0.0 ms]
      [Redirty Cards: 1.4 ms]
      [Humongous Register: 0.0 ms]
      [Humongous Reclaim: 0.0 ms]
      [Free CSet: 0.1 ms]
   [Eden: 149.0M(149.0M)->0.0B(150.0M) Survivors: 4096.0K->3072.0K Heap: 199.0M(256.0M)->50676.0K(256.0M)]
Heap after GC invocations=658 (full 0):
 garbage-first heap   total 262144K, used 50676K [0x00000000f0000000, 0x00000000f0100800, 0x0000000100000000)
  region size 1024K, 3 young (3072K), 3 survivors (3072K)
 Metaspace       used 52921K, capacity 56140K, committed 56192K, reserved 1097728K
  class space    used 6461K, capacity 7028K, committed 7040K, reserved 1048576K
}
 [Times: user=0.06 sys=0.00, real=0.01 secs] 
{Heap before GC invocations=658 (full 0):
 garbage-first heap   total 262144K, used 204276K [0x00000000f0000000, 0x00000000f0100800, 0x0000000100000000)
  region size 1024K, 153 young (156672K), 3 survivors (3072K)
 Metaspace       used 52921K, capacity 56140K, committed 56192K, reserved 1097728K
  class space    used 6461K, capacity 7028K, committed 7040K, reserved 1048576K
2023-10-03T06:56:03.222+0800: 671.085: [GC pause (G1 Evacuation Pause) (young), 0.0113309 secs]
   [Parallel Time: 6.6 ms, GC Workers: 10]
      [GC Worker Start (ms): Min: 671085.5, Avg: 671085.8, Max: 671086.0, Diff: 0.5]
      [Ext Root Scanning (ms): Min: 1.7, Avg: 2.0, Max: 2.4, Diff: 0.6, Sum: 19.5]
      [Update RS (ms): Min: 1.6, Avg: 1.7, Max: 1.8, Diff: 0.2, Sum: 16.7]
         [Processed Buffers: Min: 6, Avg: 17.8, Max: 30, Diff: 24, Sum: 178]
      [Scan RS (ms): Min: 0.0, Avg: 0.1, Max: 0.1, Diff: 0.1, Sum: 0.5]
      [Code Root Scanning (ms): Min: 0.0, Avg: 0.0, Max: 0.1, Diff: 0.1, Sum: 0.1]
      [Object Copy (ms): Min: 1.6, Avg: 1.8, Max: 1.9, Diff: 0.3, Sum: 18.2]
      [Termination (ms): Min: 0.0, Avg: 0.0, Max: 0.0, Diff: 0.0, Sum: 0.1]
         [Termination Attempts: Min: 1, Avg: 2.0, Max: 3, Diff: 2, Sum: 20]
      [GC Worker Other (ms): Min: 0.0, Avg: 0.1, Max: 0.2, Diff: 0.1, Sum: 0.6]
      [GC Worker Total (ms): Min: 5.3, Avg: 5.6, Max: 5.8, Diff: 0.5, Sum: 55.8]
      [GC Worker End (ms): Min: 671091.3, Avg: 671091.4, Max: 671091.5, Diff: 0.1]
   [Code Root Fixup: 0.0 ms]
   [Code Root Purge: 0.0 ms]
   [Clear CT: 1.5 ms]
   [Other: 3.2 ms]
      [Choose CSet: 0.0 ms]
      [Ref Proc: 1.3 ms]
      [Ref Enq: 0.0 ms]
      [Redirty Cards: 1.4 ms]
      [Humongous Register: 0.0 ms]
      [Humongous Reclaim: 0.0 ms]
      [Free CSet: 0.1 ms]
   [Eden: 150.0M(150.0M)->0.0B(151.0M) Survivors: 3072.0K->2048.0K Heap: 199.5M(256.0M)->50138.8K(256.0M)]
Heap after GC invocations=659 (full 0):
 garbage-first heap   total 262144K, used 50138K [0x00000000f0000000, 0x00000000f0100800, 0x0000000100000000)
  region size 1024K, 2 young (2048K), 2 survivors (2048K)
 Metaspace       used 52921K, capacity 56140K, committed 56192K, reserved 1097728K
  class space    used 6461K, capacity 7028K, committed 7040K, reserved 1048576K
}
 [Times: user=0.06 sys=0.00, real=0.01 secs] 
{Heap before GC invocations=659 (full 0):
 garbage-first heap   total 262144K, used 204762K [0x00000000f0000000, 0x00000000f0100800, 0x0000000100000000)
  region size 1024K, 153 young (156672K), 2 survivors (2048K)
 Metaspace       used 52921K, capacity 56140K, committed 56192K, reserved 1097728K
  class space    used 6461K, capacity 7028K, committed 7040K, reserved 1048576K
2023-10-03T06:56:04.010+0800: 671.873: [GC pause (G1 Evacuation Pause) (young), 0.0110605 secs]
   [Parallel Time: 6.3 ms, GC Workers: 10]
      [GC Worker Start (ms): Min: 671873.3, Avg: 671873.6, Max: 671873.8, Diff: 0.5]
      [Ext Root Scanning (ms): Min: 1.6, Avg: 1.9, Max: 2.3, Diff: 0.6, Sum: 18.7]
      [Update RS (ms): Min: 1.6, Avg: 1.7, Max: 1.8, Diff: 0.2, Sum: 17.2]
         [Processed Buffers: Min: 8, Avg: 18.0, Max: 36, Diff: 28, Sum: 180]
      [Scan RS (ms): Min: 0.0, Avg: 0.1, Max: 0.1, Diff: 0.1, Sum: 0.6]
      [Code Root Scanning (ms): Min: 0.0, Avg: 0.0, Max: 0.1, Diff: 0.1, Sum: 0.1]
      [Object Copy (ms): Min: 1.6, Avg: 1.8, Max: 1.8, Diff: 0.2, Sum: 17.9]
      [Termination (ms): Min: 0.0, Avg: 0.0, Max: 0.0, Diff: 0.0, Sum: 0.1]
         [Termination Attempts: Min: 1, Avg: 2.6, Max: 5, Diff: 4, Sum: 26]
      [GC Worker Other (ms): Min: 0.0, Avg: 0.1, Max: 0.1, Diff: 0.1, Sum: 0.5]
      [GC Worker Total (ms): Min: 5.3, Avg: 5.5, Max: 5.8, Diff: 0.5, Sum: 55.1]
      [GC Worker End (ms): Min: 671879.1, Avg: 671879.1, Max: 671879.2, Diff: 0.1]
   [Code Root Fixup: 0.0 ms]
   [Code Root Purge: 0.0 ms]
   [Clear CT: 1.8 ms]
   [Other: 2.9 ms]
      [Choose CSet: 0.0 ms]
      [Ref Proc: 1.0 ms]
      [Ref Enq: 0.0 ms]
      [Redirty Cards: 1.3 ms]
      [Humongous Register: 0.0 ms]
      [Humongous Reclaim: 0.0 ms]
      [Free CSet: 0.1 ms]
   [Eden: 151.0M(151.0M)->0.0B(150.0M) Survivors: 2048.0K->3072.0K Heap: 200.0M(256.0M)->50625.9K(256.0M)]
Heap after GC invocations=660 (full 0):
 garbage-first heap   total 262144K, used 50625K [0x00000000f0000000, 0x00000000f0100800, 0x0000000100000000)
  region size 1024K, 3 young (3072K), 3 survivors (3072K)
 Metaspace       used 52921K, capacity 56140K, committed 56192K, reserved 1097728K
  class space    used 6461K, capacity 7028K, committed 7040K, reserved 1048576K
}
 [Times: user=0.05 sys=0.01, real=0.01 secs] 
{Heap before GC invocations=660 (full 0):
 garbage-first heap   total 262144K, used 204225K [0x00000000f0000000, 0x00000000f0100800, 0x0000000100000000)
  region size 1024K, 153 young (156672K), 3 survivors (3072K)
 Metaspace       used 52921K, capacity 56140K, committed 56192K, reserved 1097728K
  class space    used 6461K, capacity 7028K, committed 7040K, reserved 1048576K
2023-10-03T06:56:04.799+0800: 672.662: [GC pause (G1 Evacuation Pause) (young), 0.0111497 secs]
   [Parallel Time: 6.4 ms, GC Workers: 10]
      [GC Worker Start (ms): Min: 672662.6, Avg: 672662.9, Max: 672663.1, Diff: 0.5]
      [Ext Root Scanning (ms): Min: 1.7, Avg: 1.9, Max: 2.3, Diff: 0.6, Sum: 18.9]
      [Update RS (ms): Min: 1.6, Avg: 1.7, Max: 1.8, Diff: 0.1, Sum: 17.0]
         [Processed Buffers: Min: 12, Avg: 18.0, Max: 26, Diff: 14, Sum: 180]
      [Scan RS (ms): Min: 0.0, Avg: 0.1, Max: 0.1, Diff: 0.1, Sum: 0.6]
      [Code Root Scanning (ms): Min: 0.0, Avg: 0.0, Max: 0.1, Diff: 0.1, Sum: 0.1]
      [Object Copy (ms): Min: 1.5, Avg: 1.7, Max: 1.8, Diff: 0.3, Sum: 17.3]
      [Termination (ms): Min: 0.0, Avg: 0.0, Max: 0.0, Diff: 0.0, Sum: 0.1]
         [Termination Attempts: Min: 1, Avg: 2.3, Max: 4, Diff: 3, Sum: 23]
      [GC Worker Other (ms): Min: 0.0, Avg: 0.1, Max: 0.1, Diff: 0.1, Sum: 0.5]
      [GC Worker Total (ms): Min: 5.2, Avg: 5.4, Max: 5.7, Diff: 0.5, Sum: 54.4]
      [GC Worker End (ms): Min: 672668.3, Avg: 672668.3, Max: 672668.4, Diff: 0.1]
   [Code Root Fixup: 0.0 ms]
   [Code Root Purge: 0.0 ms]
   [Clear CT: 1.4 ms]
   [Other: 3.4 ms]
      [Choose CSet: 0.0 ms]
      [Ref Proc: 1.6 ms]
      [Ref Enq: 0.0 ms]
      [Redirty Cards: 1.3 ms]
      [Humongous Register: 0.0 ms]
      [Humongous Reclaim: 0.0 ms]
      [Free CSet: 0.1 ms]
   [Eden: 150.0M(150.0M)->0.0B(151.0M) Survivors: 3072.0K->2048.0K Heap: 199.4M(256.0M)->50165.9K(256.0M)]
Heap after GC invocations=661 (full 0):
 garbage-first heap   total 262144K, used 50165K [0x00000000f0000000, 0x00000000f0100800, 0x0000000100000000)
  region size 1024K, 2 young (2048K), 2 survivors (2048K)
 Metaspace       used 52921K, capacity 56140K, committed 56192K, reserved 1097728K
  class space    used 6461K, capacity 7028K, committed 7040K, reserved 1048576K
}
 [Times: user=0.06 sys=0.00, real=0.02 secs] 
{Heap before GC invocations=661 (full 0):
 garbage-first heap   total 262144K, used 204789K [0x00000000f0000000, 0x00000000f0100800, 0x0000000100000000)
  region size 1024K, 153 young (156672K), 2 survivors (2048K)
 Metaspace       used 52921K, capacity 56140K, committed 56192K, reserved 1097728K
  class space    used 6461K, capacity 7028K, committed 7040K, reserved 1048576K
2023-10-03T06:56:05.607+0800: 673.470: [GC pause (G1 Evacuation Pause) (young), 0.0113735 secs]
   [Parallel Time: 6.5 ms, GC Workers: 10]
      [GC Worker Start (ms): Min: 673470.3, Avg: 673470.6, Max: 673470.8, Diff: 0.5]
      [Ext Root Scanning (ms): Min: 1.6, Avg: 1.9, Max: 2.3, Diff: 0.6, Sum: 18.7]
      [Update RS (ms): Min: 1.6, Avg: 1.7, Max: 1.8, Diff: 0.2, Sum: 17.0]
         [Processed Buffers: Min: 8, Avg: 18.1, Max: 28, Diff: 20, Sum: 181]
      [Scan RS (ms): Min: 0.0, Avg: 0.1, Max: 0.1, Diff: 0.1, Sum: 0.7]
      [Code Root Scanning (ms): Min: 0.0, Avg: 0.0, Max: 0.1, Diff: 0.1, Sum: 0.1]
      [Object Copy (ms): Min: 1.6, Avg: 1.8, Max: 1.9, Diff: 0.2, Sum: 17.9]
      [Termination (ms): Min: 0.0, Avg: 0.0, Max: 0.0, Diff: 0.0, Sum: 0.1]
         [Termination Attempts: Min: 1, Avg: 1.5, Max: 3, Diff: 2, Sum: 15]
      [GC Worker Other (ms): Min: 0.0, Avg: 0.0, Max: 0.1, Diff: 0.1, Sum: 0.5]
      [GC Worker Total (ms): Min: 5.2, Avg: 5.5, Max: 5.7, Diff: 0.5, Sum: 54.9]
      [GC Worker End (ms): Min: 673476.0, Avg: 673476.0, Max: 673476.1, Diff: 0.1]
   [Code Root Fixup: 0.0 ms]
   [Code Root Purge: 0.0 ms]
   [Clear CT: 1.8 ms]
   [Other: 3.1 ms]
      [Choose CSet: 0.0 ms]
      [Ref Proc: 1.1 ms]
      [Ref Enq: 0.0 ms]
      [Redirty Cards: 1.4 ms]
      [Humongous Register: 0.0 ms]
      [Humongous Reclaim: 0.0 ms]
      [Free CSet: 0.1 ms]
   [Eden: 151.0M(151.0M)->0.0B(150.0M) Survivors: 2048.0K->3072.0K Heap: 200.0M(256.0M)->50651.5K(256.0M)]
Heap after GC invocations=662 (full 0):
 garbage-first heap   total 262144K, used 50651K [0x00000000f0000000, 0x00000000f0100800, 0x0000000100000000)
  region size 1024K, 3 young (3072K), 3 survivors (3072K)
 Metaspace       used 52921K, capacity 56140K, committed 56192K, reserved 1097728K
  class space    used 6461K, capacity 7028K, committed 7040K, reserved 1048576K
}
 [Times: user=0.05 sys=0.02, real=0.01 secs] 
{Heap before GC invocations=662 (full 0):
 garbage-first heap   total 262144K, used 204251K [0x00000000f0000000, 0x00000000f0100800, 0x0000000100000000)
  region size 1024K, 153 young (156672K), 3 survivors (3072K)
 Metaspace       used 52921K, capacity 56140K, committed 56192K, reserved 1097728K
  class space    used 6461K, capacity 7028K, committed 7040K, reserved 1048576K
2023-10-03T06:56:06.397+0800: 674.260: [GC pause (G1 Evacuation Pause) (young), 0.0107952 secs]
   [Parallel Time: 6.5 ms, GC Workers: 10]
      [GC Worker Start (ms): Min: 674260.2, Avg: 674260.5, Max: 674260.8, Diff: 0.6]
      [Ext Root Scanning (ms): Min: 1.6, Avg: 1.9, Max: 2.3, Diff: 0.7, Sum: 18.9]
      [Update RS (ms): Min: 1.6, Avg: 1.7, Max: 1.7, Diff: 0.1, Sum: 16.9]
         [Processed Buffers: Min: 5, Avg: 18.0, Max: 34, Diff: 29, Sum: 180]
      [Scan RS (ms): Min: 0.0, Avg: 0.1, Max: 0.1, Diff: 0.1, Sum: 0.7]
      [Code Root Scanning (ms): Min: 0.0, Avg: 0.0, Max: 0.1, Diff: 0.1, Sum: 0.1]
      [Object Copy (ms): Min: 1.6, Avg: 1.8, Max: 1.9, Diff: 0.3, Sum: 18.4]
      [Termination (ms): Min: 0.0, Avg: 0.0, Max: 0.0, Diff: 0.0, Sum: 0.0]
         [Termination Attempts: Min: 1, Avg: 1.3, Max: 2, Diff: 1, Sum: 13]
      [GC Worker Other (ms): Min: 0.0, Avg: 0.0, Max: 0.1, Diff: 0.1, Sum: 0.5]
      [GC Worker Total (ms): Min: 5.3, Avg: 5.5, Max: 5.8, Diff: 0.5, Sum: 55.4]
      [GC Worker End (ms): Min: 674266.0, Avg: 674266.1, Max: 674266.1, Diff: 0.1]
   [Code Root Fixup: 0.0 ms]
   [Code Root Purge: 0.0 ms]
   [Clear CT: 1.2 ms]
   [Other: 3.1 ms]
      [Choose CSet: 0.0 ms]
      [Ref Proc: 1.4 ms]
      [Ref Enq: 0.0 ms]
      [Redirty Cards: 1.2 ms]
      [Humongous Register: 0.0 ms]
      [Humongous Reclaim: 0.0 ms]
      [Free CSet: 0.1 ms]
   [Eden: 150.0M(150.0M)->0.0B(151.0M) Survivors: 3072.0K->2048.0K Heap: 199.5M(256.0M)->50210.7K(256.0M)]
Heap after GC invocations=663 (full 0):
 garbage-first heap   total 262144K, used 50210K [0x00000000f0000000, 0x00000000f0100800, 0x0000000100000000)
  region size 1024K, 2 young (2048K), 2 survivors (2048K)
 Metaspace       used 52921K, capacity 56140K, committed 56192K, reserved 1097728K
  class space    used 6461K, capacity 7028K, committed 7040K, reserved 1048576K
}
 [Times: user=0.05 sys=0.01, real=0.01 secs] 
{Heap before GC invocations=663 (full 0):
 garbage-first heap   total 262144K, used 204834K [0x00000000f0000000, 0x00000000f0100800, 0x0000000100000000)
  region size 1024K, 153 young (156672K), 2 survivors (2048K)
 Metaspace       used 52921K, capacity 56140K, committed 56192K, reserved 1097728K
  class space    used 6461K, capacity 7028K, committed 7040K, reserved 1048576K
2023-10-03T06:56:07.188+0800: 675.051: [GC pause (G1 Evacuation Pause) (young), 0.0115130 secs]
   [Parallel Time: 6.6 ms, GC Workers: 10]
      [GC Worker Start (ms): Min: 675051.6, Avg: 675051.9, Max: 675052.1, Diff: 0.5]
      [Ext Root Scanning (ms): Min: 1.7, Avg: 1.9, Max: 2.3, Diff: 0.6, Sum: 18.8]
      [Update RS (ms): Min: 1.6, Avg: 1.7, Max: 1.8, Diff: 0.2, Sum: 16.6]
         [Processed Buffers: Min: 9, Avg: 17.9, Max: 37, Diff: 28, Sum: 179]
      [Scan RS (ms): Min: 0.0, Avg: 0.1, Max: 0.1, Diff: 0.1, Sum: 0.6]
      [Code Root Scanning (ms): Min: 0.0, Avg: 0.0, Max: 0.1, Diff: 0.1, Sum: 0.1]
      [Object Copy (ms): Min: 1.6, Avg: 1.9, Max: 1.9, Diff: 0.3, Sum: 18.6]
      [Termination (ms): Min: 0.0, Avg: 0.0, Max: 0.0, Diff: 0.0, Sum: 0.0]
         [Termination Attempts: Min: 1, Avg: 1.8, Max: 4, Diff: 3, Sum: 18]
      [GC Worker Other (ms): Min: 0.0, Avg: 0.1, Max: 0.1, Diff: 0.1, Sum: 0.5]
      [GC Worker Total (ms): Min: 5.3, Avg: 5.5, Max: 5.7, Diff: 0.5, Sum: 55.2]
      [GC Worker End (ms): Min: 675057.4, Avg: 675057.4, Max: 675057.5, Diff: 0.1]
   [Code Root Fixup: 0.0 ms]
   [Code Root Purge: 0.0 ms]
   [Clear CT: 1.4 ms]
   [Other: 3.5 ms]
      [Choose CSet: 0.0 ms]
      [Ref Proc: 1.5 ms]
      [Ref Enq: 0.0 ms]
      [Redirty Cards: 1.4 ms]
      [Humongous Register: 0.0 ms]
      [Humongous Reclaim: 0.0 ms]
      [Free CSet: 0.1 ms]
   [Eden: 151.0M(151.0M)->0.0B(150.0M) Survivors: 2048.0K->3072.0K Heap: 200.0M(256.0M)->50685.7K(256.0M)]
Heap after GC invocations=664 (full 0):
 garbage-first heap   total 262144K, used 50685K [0x00000000f0000000, 0x00000000f0100800, 0x0000000100000000)
  region size 1024K, 3 young (3072K), 3 survivors (3072K)
 Metaspace       used 52921K, capacity 56140K, committed 56192K, reserved 1097728K
  class space    used 6461K, capacity 7028K, committed 7040K, reserved 1048576K
}
 [Times: user=0.06 sys=0.00, real=0.02 secs] 
{Heap before GC invocations=664 (full 0):
 garbage-first heap   total 262144K, used 204285K [0x00000000f0000000, 0x00000000f0100800, 0x0000000100000000)
  region size 1024K, 153 young (156672K), 3 survivors (3072K)
 Metaspace       used 52921K, capacity 56140K, committed 56192K, reserved 1097728K
  class space    used 6461K, capacity 7028K, committed 7040K, reserved 1048576K
2023-10-03T06:56:07.989+0800: 675.852: [GC pause (G1 Evacuation Pause) (young), 0.0114312 secs]
   [Parallel Time: 6.5 ms, GC Workers: 10]
      [GC Worker Start (ms): Min: 675852.3, Avg: 675852.6, Max: 675852.8, Diff: 0.5]
      [Ext Root Scanning (ms): Min: 1.7, Avg: 1.9, Max: 2.3, Diff: 0.6, Sum: 19.2]
      [Update RS (ms): Min: 1.6, Avg: 1.7, Max: 1.7, Diff: 0.1, Sum: 16.9]
         [Processed Buffers: Min: 11, Avg: 18.0, Max: 30, Diff: 19, Sum: 180]
      [Scan RS (ms): Min: 0.0, Avg: 0.1, Max: 0.1, Diff: 0.1, Sum: 0.8]
      [Code Root Scanning (ms): Min: 0.0, Avg: 0.0, Max: 0.1, Diff: 0.1, Sum: 0.1]
      [Object Copy (ms): Min: 1.6, Avg: 1.8, Max: 1.8, Diff: 0.3, Sum: 17.5]
      [Termination (ms): Min: 0.0, Avg: 0.0, Max: 0.0, Diff: 0.0, Sum: 0.0]
         [Termination Attempts: Min: 1, Avg: 1.0, Max: 1, Diff: 0, Sum: 10]
      [GC Worker Other (ms): Min: 0.0, Avg: 0.1, Max: 0.2, Diff: 0.1, Sum: 0.6]
      [GC Worker Total (ms): Min: 5.3, Avg: 5.5, Max: 5.8, Diff: 0.5, Sum: 55.1]
      [GC Worker End (ms): Min: 675858.1, Avg: 675858.1, Max: 675858.2, Diff: 0.1]
   [Code Root Fixup: 0.0 ms]
   [Code Root Purge: 0.0 ms]
   [Clear CT: 1.4 ms]
   [Other: 3.5 ms]
      [Choose CSet: 0.0 ms]
      [Ref Proc: 1.7 ms]
      [Ref Enq: 0.0 ms]
      [Redirty Cards: 1.3 ms]
      [Humongous Register: 0.0 ms]
      [Humongous Reclaim: 0.0 ms]
      [Free CSet: 0.1 ms]
   [Eden: 150.0M(150.0M)->0.0B(151.0M) Survivors: 3072.0K->2048.0K Heap: 199.5M(256.0M)->50237.5K(256.0M)]
Heap after GC invocations=665 (full 0):
 garbage-first heap   total 262144K, used 50237K [0x00000000f0000000, 0x00000000f0100800, 0x0000000100000000)
  region size 1024K, 2 young (2048K), 2 survivors (2048K)
 Metaspace       used 52921K, capacity 56140K, committed 56192K, reserved 1097728K
  class space    used 6461K, capacity 7028K, committed 7040K, reserved 1048576K
}
 [Times: user=0.07 sys=0.00, real=0.02 secs] 
{Heap before GC invocations=665 (full 0):
 garbage-first heap   total 262144K, used 204861K [0x00000000f0000000, 0x00000000f0100800, 0x0000000100000000)
  region size 1024K, 153 young (156672K), 2 survivors (2048K)
 Metaspace       used 52921K, capacity 56140K, committed 56192K, reserved 1097728K
  class space    used 6461K, capacity 7028K, committed 7040K, reserved 1048576K
2023-10-03T06:56:08.785+0800: 676.648: [GC pause (G1 Evacuation Pause) (young), 0.0114287 secs]
   [Parallel Time: 6.5 ms, GC Workers: 10]
      [GC Worker Start (ms): Min: 676648.4, Avg: 676648.6, Max: 676648.8, Diff: 0.5]
      [Ext Root Scanning (ms): Min: 1.7, Avg: 1.9, Max: 2.3, Diff: 0.6, Sum: 19.1]
      [Update RS (ms): Min: 1.6, Avg: 1.6, Max: 1.7, Diff: 0.1, Sum: 16.3]
         [Processed Buffers: Min: 14, Avg: 18.0, Max: 33, Diff: 19, Sum: 180]
      [Scan RS (ms): Min: 0.0, Avg: 0.1, Max: 0.1, Diff: 0.1, Sum: 0.9]
      [Code Root Scanning (ms): Min: 0.0, Avg: 0.0, Max: 0.1, Diff: 0.1, Sum: 0.1]
      [Object Copy (ms): Min: 1.7, Avg: 1.9, Max: 2.0, Diff: 0.3, Sum: 18.9]
      [Termination (ms): Min: 0.0, Avg: 0.0, Max: 0.0, Diff: 0.0, Sum: 0.1]
         [Termination Attempts: Min: 1, Avg: 2.8, Max: 5, Diff: 4, Sum: 28]
      [GC Worker Other (ms): Min: 0.0, Avg: 0.1, Max: 0.2, Diff: 0.1, Sum: 0.6]
      [GC Worker Total (ms): Min: 5.4, Avg: 5.6, Max: 5.8, Diff: 0.4, Sum: 55.9]
      [GC Worker End (ms): Min: 676654.2, Avg: 676654.2, Max: 676654.3, Diff: 0.1]
   [Code Root Fixup: 0.0 ms]
   [Code Root Purge: 0.0 ms]
   [Clear CT: 1.4 ms]
   [Other: 3.5 ms]
      [Choose CSet: 0.0 ms]
      [Ref Proc: 1.5 ms]
      [Ref Enq: 0.0 ms]
      [Redirty Cards: 1.4 ms]
      [Humongous Register: 0.0 ms]
      [Humongous Reclaim: 0.0 ms]
      [Free CSet: 0.1 ms]
   [Eden: 151.0M(151.0M)->0.0B(151.0M) Survivors: 2048.0K->2048.0K Heap: 200.1M(256.0M)->50475.9K(256.0M)]
Heap after GC invocations=666 (full 0):
 garbage-first heap   total 262144K, used 50475K [0x00000000f0000000, 0x00000000f0100800, 0x0000000100000000)
  region size 1024K, 2 young (2048K), 2 survivors (2048K)
 Metaspace       used 52921K, capacity 56140K, committed 56192K, reserved 1097728K
  class space    used 6461K, capacity 7028K, committed 7040K, reserved 1048576K
}
 [Times: user=0.06 sys=0.00, real=0.01 secs] 
{Heap before GC invocations=666 (full 0):
 garbage-first heap   total 262144K, used 205099K [0x00000000f0000000, 0x00000000f0100800, 0x0000000100000000)
  region size 1024K, 153 young (156672K), 2 survivors (2048K)
 Metaspace       used 52921K, capacity 56140K, committed 56192K, reserved 1097728K
  class space    used 6461K, capacity 7028K, committed 7040K, reserved 1048576K
2023-10-03T06:56:09.587+0800: 677.451: [GC pause (G1 Evacuation Pause) (young), 0.0116009 secs]
   [Parallel Time: 7.0 ms, GC Workers: 10]
      [GC Worker Start (ms): Min: 677451.0, Avg: 677451.3, Max: 677451.6, Diff: 0.5]
      [Ext Root Scanning (ms): Min: 1.9, Avg: 2.2, Max: 2.7, Diff: 0.8, Sum: 22.1]
      [Update RS (ms): Min: 1.6, Avg: 1.6, Max: 1.7, Diff: 0.1, Sum: 16.4]
         [Processed Buffers: Min: 3, Avg: 17.9, Max: 33, Diff: 30, Sum: 179]
      [Scan RS (ms): Min: 0.0, Avg: 0.1, Max: 0.1, Diff: 0.1, Sum: 0.6]
      [Code Root Scanning (ms): Min: 0.0, Avg: 0.0, Max: 0.1, Diff: 0.1, Sum: 0.1]
      [Object Copy (ms): Min: 1.7, Avg: 2.0, Max: 2.1, Diff: 0.3, Sum: 19.6]
      [Termination (ms): Min: 0.0, Avg: 0.0, Max: 0.0, Diff: 0.0, Sum: 0.1]
         [Termination Attempts: Min: 1, Avg: 2.3, Max: 4, Diff: 3, Sum: 23]
      [GC Worker Other (ms): Min: 0.0, Avg: 0.0, Max: 0.1, Diff: 0.1, Sum: 0.5]
      [GC Worker Total (ms): Min: 5.6, Avg: 5.9, Max: 6.3, Diff: 0.6, Sum: 59.4]
      [GC Worker End (ms): Min: 677457.2, Avg: 677457.2, Max: 677457.3, Diff: 0.1]
   [Code Root Fixup: 0.0 ms]
   [Code Root Purge: 0.0 ms]
   [Clear CT: 1.3 ms]
   [Other: 3.3 ms]
      [Choose CSet: 0.0 ms]
      [Ref Proc: 1.4 ms]
      [Ref Enq: 0.0 ms]
      [Redirty Cards: 1.3 ms]
      [Humongous Register: 0.0 ms]
      [Humongous Reclaim: 0.0 ms]
      [Free CSet: 0.1 ms]
   [Eden: 151.0M(151.0M)->0.0B(151.0M) Survivors: 2048.0K->2048.0K Heap: 200.3M(256.0M)->50201.5K(256.0M)]
Heap after GC invocations=667 (full 0):
 garbage-first heap   total 262144K, used 50201K [0x00000000f0000000, 0x00000000f0100800, 0x0000000100000000)
  region size 1024K, 2 young (2048K), 2 survivors (2048K)
 Metaspace       used 52921K, capacity 56140K, committed 56192K, reserved 1097728K
  class space    used 6461K, capacity 7028K, committed 7040K, reserved 1048576K
}
 [Times: user=0.06 sys=0.00, real=0.01 secs] 
{Heap before GC invocations=667 (full 0):
 garbage-first heap   total 262144K, used 204825K [0x00000000f0000000, 0x00000000f0100800, 0x0000000100000000)
  region size 1024K, 153 young (156672K), 2 survivors (2048K)
 Metaspace       used 52921K, capacity 56140K, committed 56192K, reserved 1097728K
  class space    used 6461K, capacity 7028K, committed 7040K, reserved 1048576K
2023-10-03T06:56:10.386+0800: 678.249: [GC pause (G1 Evacuation Pause) (young), 0.0109401 secs]
   [Parallel Time: 6.4 ms, GC Workers: 10]
      [GC Worker Start (ms): Min: 678249.2, Avg: 678249.5, Max: 678249.7, Diff: 0.5]
      [Ext Root Scanning (ms): Min: 1.6, Avg: 1.9, Max: 2.3, Diff: 0.6, Sum: 19.0]
      [Update RS (ms): Min: 1.6, Avg: 1.7, Max: 1.8, Diff: 0.2, Sum: 16.9]
         [Processed Buffers: Min: 9, Avg: 18.0, Max: 31, Diff: 22, Sum: 180]
      [Scan RS (ms): Min: 0.0, Avg: 0.1, Max: 0.1, Diff: 0.1, Sum: 0.6]
      [Code Root Scanning (ms): Min: 0.0, Avg: 0.0, Max: 0.0, Diff: 0.0, Sum: 0.0]
      [Object Copy (ms): Min: 1.6, Avg: 1.8, Max: 1.9, Diff: 0.3, Sum: 18.0]
      [Termination (ms): Min: 0.0, Avg: 0.0, Max: 0.0, Diff: 0.0, Sum: 0.1]
         [Termination Attempts: Min: 1, Avg: 2.6, Max: 5, Diff: 4, Sum: 26]
      [GC Worker Other (ms): Min: 0.0, Avg: 0.1, Max: 0.1, Diff: 0.1, Sum: 0.6]
      [GC Worker Total (ms): Min: 5.3, Avg: 5.5, Max: 5.7, Diff: 0.5, Sum: 55.0]
      [GC Worker End (ms): Min: 678254.9, Avg: 678255.0, Max: 678255.1, Diff: 0.1]
   [Code Root Fixup: 0.0 ms]
   [Code Root Purge: 0.0 ms]
   [Clear CT: 1.5 ms]
   [Other: 3.0 ms]
      [Choose CSet: 0.0 ms]
      [Ref Proc: 1.2 ms]
      [Ref Enq: 0.0 ms]
      [Redirty Cards: 1.2 ms]
      [Humongous Register: 0.0 ms]
      [Humongous Reclaim: 0.0 ms]
      [Free CSet: 0.1 ms]
   [Eden: 151.0M(151.0M)->0.0B(151.0M) Survivors: 2048.0K->2048.0K Heap: 200.0M(256.0M)->50093.1K(256.0M)]
Heap after GC invocations=668 (full 0):
 garbage-first heap   total 262144K, used 50093K [0x00000000f0000000, 0x00000000f0100800, 0x0000000100000000)
  region size 1024K, 2 young (2048K), 2 survivors (2048K)
 Metaspace       used 52921K, capacity 56140K, committed 56192K, reserved 1097728K
  class space    used 6461K, capacity 7028K, committed 7040K, reserved 1048576K
}
 [Times: user=0.06 sys=0.00, real=0.01 secs] 
{Heap before GC invocations=668 (full 0):
 garbage-first heap   total 262144K, used 204717K [0x00000000f0000000, 0x00000000f0100800, 0x0000000100000000)
  region size 1024K, 153 young (156672K), 2 survivors (2048K)
 Metaspace       used 52921K, capacity 56140K, committed 56192K, reserved 1097728K
  class space    used 6461K, capacity 7028K, committed 7040K, reserved 1048576K
2023-10-03T06:56:11.176+0800: 679.039: [GC pause (G1 Evacuation Pause) (young), 0.0106649 secs]
   [Parallel Time: 6.3 ms, GC Workers: 10]
      [GC Worker Start (ms): Min: 679039.7, Avg: 679040.0, Max: 679040.2, Diff: 0.5]
      [Ext Root Scanning (ms): Min: 1.6, Avg: 1.9, Max: 2.3, Diff: 0.6, Sum: 18.6]
      [Update RS (ms): Min: 1.6, Avg: 1.7, Max: 1.8, Diff: 0.2, Sum: 16.6]
         [Processed Buffers: Min: 9, Avg: 17.8, Max: 35, Diff: 26, Sum: 178]
      [Scan RS (ms): Min: 0.0, Avg: 0.1, Max: 0.1, Diff: 0.1, Sum: 0.6]
      [Code Root Scanning (ms): Min: 0.0, Avg: 0.0, Max: 0.0, Diff: 0.0, Sum: 0.0]
      [Object Copy (ms): Min: 1.6, Avg: 1.8, Max: 1.8, Diff: 0.3, Sum: 17.8]
      [Termination (ms): Min: 0.0, Avg: 0.0, Max: 0.0, Diff: 0.0, Sum: 0.0]
         [Termination Attempts: Min: 1, Avg: 1.6, Max: 3, Diff: 2, Sum: 16]
      [GC Worker Other (ms): Min: 0.0, Avg: 0.0, Max: 0.1, Diff: 0.1, Sum: 0.4]
      [GC Worker Total (ms): Min: 5.2, Avg: 5.4, Max: 5.7, Diff: 0.4, Sum: 54.2]
      [GC Worker End (ms): Min: 679045.4, Avg: 679045.4, Max: 679045.4, Diff: 0.1]
   [Code Root Fixup: 0.0 ms]
   [Code Root Purge: 0.0 ms]
   [Clear CT: 1.7 ms]
   [Other: 2.6 ms]
      [Choose CSet: 0.0 ms]
      [Ref Proc: 0.9 ms]
      [Ref Enq: 0.0 ms]
      [Redirty Cards: 1.2 ms]
      [Humongous Register: 0.0 ms]
      [Humongous Reclaim: 0.0 ms]
      [Free CSet: 0.1 ms]
   [Eden: 151.0M(151.0M)->0.0B(151.0M) Survivors: 2048.0K->2048.0K Heap: 199.9M(256.0M)->50116.8K(256.0M)]
Heap after GC invocations=669 (full 0):
 garbage-first heap   total 262144K, used 50116K [0x00000000f0000000, 0x00000000f0100800, 0x0000000100000000)
  region size 1024K, 2 young (2048K), 2 survivors (2048K)
 Metaspace       used 52921K, capacity 56140K, committed 56192K, reserved 1097728K
  class space    used 6461K, capacity 7028K, committed 7040K, reserved 1048576K
}
 [Times: user=0.06 sys=0.00, real=0.01 secs] 
{Heap before GC invocations=669 (full 0):
 garbage-first heap   total 262144K, used 204740K [0x00000000f0000000, 0x00000000f0100800, 0x0000000100000000)
  region size 1024K, 153 young (156672K), 2 survivors (2048K)
 Metaspace       used 52921K, capacity 56140K, committed 56192K, reserved 1097728K
  class space    used 6461K, capacity 7028K, committed 7040K, reserved 1048576K
2023-10-03T06:56:11.973+0800: 679.837: [GC pause (G1 Evacuation Pause) (young), 0.0106881 secs]
   [Parallel Time: 6.1 ms, GC Workers: 10]
      [GC Worker Start (ms): Min: 679837.0, Avg: 679837.3, Max: 679837.5, Diff: 0.5]
      [Ext Root Scanning (ms): Min: 1.5, Avg: 1.8, Max: 2.2, Diff: 0.6, Sum: 17.8]
      [Update RS (ms): Min: 1.6, Avg: 1.7, Max: 1.7, Diff: 0.1, Sum: 16.7]
         [Processed Buffers: Min: 11, Avg: 17.8, Max: 34, Diff: 23, Sum: 178]
      [Scan RS (ms): Min: 0.0, Avg: 0.1, Max: 0.1, Diff: 0.1, Sum: 0.7]
      [Code Root Scanning (ms): Min: 0.0, Avg: 0.0, Max: 0.0, Diff: 0.0, Sum: 0.0]
      [Object Copy (ms): Min: 1.5, Avg: 1.7, Max: 1.7, Diff: 0.3, Sum: 16.7]
      [Termination (ms): Min: 0.0, Avg: 0.0, Max: 0.0, Diff: 0.0, Sum: 0.1]
         [Termination Attempts: Min: 1, Avg: 1.8, Max: 3, Diff: 2, Sum: 18]
      [GC Worker Other (ms): Min: 0.0, Avg: 0.0, Max: 0.1, Diff: 0.1, Sum: 0.5]
      [GC Worker Total (ms): Min: 5.0, Avg: 5.2, Max: 5.5, Diff: 0.5, Sum: 52.5]
      [GC Worker End (ms): Min: 679842.5, Avg: 679842.5, Max: 679842.6, Diff: 0.1]
   [Code Root Fixup: 0.0 ms]
   [Code Root Purge: 0.0 ms]
   [Clear CT: 1.3 ms]
   [Other: 3.3 ms]
      [Choose CSet: 0.0 ms]
      [Ref Proc: 1.3 ms]
      [Ref Enq: 0.0 ms]
      [Redirty Cards: 1.4 ms]
      [Humongous Register: 0.0 ms]
      [Humongous Reclaim: 0.0 ms]
      [Free CSet: 0.1 ms]
   [Eden: 151.0M(151.0M)->0.0B(151.0M) Survivors: 2048.0K->2048.0K Heap: 199.9M(256.0M)->50126.6K(256.0M)]
Heap after GC invocations=670 (full 0):
 garbage-first heap   total 262144K, used 50126K [0x00000000f0000000, 0x00000000f0100800, 0x0000000100000000)
  region size 1024K, 2 young (2048K), 2 survivors (2048K)
 Metaspace       used 52921K, capacity 56140K, committed 56192K, reserved 1097728K
  class space    used 6461K, capacity 7028K, committed 7040K, reserved 1048576K
}
 [Times: user=0.05 sys=0.01, real=0.01 secs] 
{Heap before GC invocations=670 (full 0):
 garbage-first heap   total 262144K, used 204750K [0x00000000f0000000, 0x00000000f0100800, 0x0000000100000000)
  region size 1024K, 153 young (156672K), 2 survivors (2048K)
 Metaspace       used 52921K, capacity 56140K, committed 56192K, reserved 1097728K
  class space    used 6461K, capacity 7028K, committed 7040K, reserved 1048576K
2023-10-03T06:56:12.761+0800: 680.625: [GC pause (G1 Evacuation Pause) (young), 0.0111623 secs]
   [Parallel Time: 6.5 ms, GC Workers: 10]
      [GC Worker Start (ms): Min: 680625.0, Avg: 680625.2, Max: 680625.4, Diff: 0.4]
      [Ext Root Scanning (ms): Min: 1.7, Avg: 1.9, Max: 2.3, Diff: 0.6, Sum: 19.3]
      [Update RS (ms): Min: 1.5, Avg: 1.6, Max: 1.8, Diff: 0.2, Sum: 16.4]
         [Processed Buffers: Min: 10, Avg: 17.7, Max: 34, Diff: 24, Sum: 177]
      [Scan RS (ms): Min: 0.0, Avg: 0.1, Max: 0.1, Diff: 0.1, Sum: 0.7]
      [Code Root Scanning (ms): Min: 0.0, Avg: 0.0, Max: 0.0, Diff: 0.0, Sum: 0.0]
      [Object Copy (ms): Min: 1.5, Avg: 1.7, Max: 1.9, Diff: 0.4, Sum: 17.2]
      [Termination (ms): Min: 0.0, Avg: 0.0, Max: 0.0, Diff: 0.0, Sum: 0.0]
         [Termination Attempts: Min: 1, Avg: 1.0, Max: 1, Diff: 0, Sum: 10]
      [GC Worker Other (ms): Min: 0.0, Avg: 0.1, Max: 0.2, Diff: 0.1, Sum: 0.6]
      [GC Worker Total (ms): Min: 5.2, Avg: 5.4, Max: 5.6, Diff: 0.4, Sum: 54.2]
      [GC Worker End (ms): Min: 680630.6, Avg: 680630.6, Max: 680630.7, Diff: 0.1]
   [Code Root Fixup: 0.0 ms]
   [Code Root Purge: 0.0 ms]
   [Clear CT: 1.5 ms]
   [Other: 3.2 ms]
      [Choose CSet: 0.0 ms]
      [Ref Proc: 1.3 ms]
      [Ref Enq: 0.0 ms]
      [Redirty Cards: 1.4 ms]
      [Humongous Register: 0.0 ms]
      [Humongous Reclaim: 0.0 ms]
      [Free CSet: 0.1 ms]
   [Eden: 151.0M(151.0M)->0.0B(151.0M) Survivors: 2048.0K->2048.0K Heap: 200.0M(256.0M)->50110.3K(256.0M)]
Heap after GC invocations=671 (full 0):
 garbage-first heap   total 262144K, used 50110K [0x00000000f0000000, 0x00000000f0100800, 0x0000000100000000)
  region size 1024K, 2 young (2048K), 2 survivors (2048K)
 Metaspace       used 52921K, capacity 56140K, committed 56192K, reserved 1097728K
  class space    used 6461K, capacity 7028K, committed 7040K, reserved 1048576K
}
 [Times: user=0.05 sys=0.01, real=0.01 secs] 
{Heap before GC invocations=671 (full 0):
 garbage-first heap   total 262144K, used 204734K [0x00000000f0000000, 0x00000000f0100800, 0x0000000100000000)
  region size 1024K, 153 young (156672K), 2 survivors (2048K)
 Metaspace       used 52923K, capacity 56204K, committed 56448K, reserved 1099776K
  class space    used 6461K, capacity 7028K, committed 7040K, reserved 1048576K
2023-10-03T06:56:13.485+0800: 681.348: [GC pause (G1 Evacuation Pause) (young), 0.0097651 secs]
   [Parallel Time: 5.6 ms, GC Workers: 10]
      [GC Worker Start (ms): Min: 681348.0, Avg: 681348.3, Max: 681348.6, Diff: 0.6]
      [Ext Root Scanning (ms): Min: 1.3, Avg: 1.5, Max: 2.0, Diff: 0.7, Sum: 15.4]
      [Update RS (ms): Min: 1.3, Avg: 1.4, Max: 1.4, Diff: 0.1, Sum: 13.5]
         [Processed Buffers: Min: 12, Avg: 17.9, Max: 27, Diff: 15, Sum: 179]
      [Scan RS (ms): Min: 0.0, Avg: 0.1, Max: 0.1, Diff: 0.1, Sum: 0.5]
      [Code Root Scanning (ms): Min: 0.0, Avg: 0.0, Max: 0.0, Diff: 0.0, Sum: 0.0]
      [Object Copy (ms): Min: 1.4, Avg: 1.6, Max: 1.7, Diff: 0.3, Sum: 16.2]
      [Termination (ms): Min: 0.0, Avg: 0.0, Max: 0.0, Diff: 0.0, Sum: 0.1]
         [Termination Attempts: Min: 1, Avg: 1.2, Max: 3, Diff: 2, Sum: 12]
      [GC Worker Other (ms): Min: 0.0, Avg: 0.0, Max: 0.1, Diff: 0.1, Sum: 0.5]
      [GC Worker Total (ms): Min: 4.3, Avg: 4.6, Max: 4.9, Diff: 0.6, Sum: 46.2]
      [GC Worker End (ms): Min: 681352.9, Avg: 681352.9, Max: 681353.0, Diff: 0.1]
   [Code Root Fixup: 0.0 ms]
   [Code Root Purge: 0.0 ms]
   [Clear CT: 1.4 ms]
   [Other: 2.7 ms]
      [Choose CSet: 0.0 ms]
      [Ref Proc: 1.0 ms]
      [Ref Enq: 0.0 ms]
      [Redirty Cards: 1.2 ms]
      [Humongous Register: 0.0 ms]
      [Humongous Reclaim: 0.0 ms]
      [Free CSet: 0.1 ms]
   [Eden: 151.0M(151.0M)->0.0B(151.0M) Survivors: 2048.0K->2048.0K Heap: 199.9M(256.0M)->50387.5K(256.0M)]
Heap after GC invocations=672 (full 0):
 garbage-first heap   total 262144K, used 50387K [0x00000000f0000000, 0x00000000f0100800, 0x0000000100000000)
  region size 1024K, 2 young (2048K), 2 survivors (2048K)
 Metaspace       used 52923K, capacity 56204K, committed 56448K, reserved 1099776K
  class space    used 6461K, capacity 7028K, committed 7040K, reserved 1048576K
}
 [Times: user=0.05 sys=0.00, real=0.01 secs] 
{Heap before GC invocations=672 (full 0):
 garbage-first heap   total 262144K, used 205011K [0x00000000f0000000, 0x00000000f0100800, 0x0000000100000000)
  region size 1024K, 153 young (156672K), 2 survivors (2048K)
 Metaspace       used 52923K, capacity 56204K, committed 56448K, reserved 1099776K
  class space    used 6461K, capacity 7028K, committed 7040K, reserved 1048576K
2023-10-03T06:56:14.255+0800: 682.118: [GC pause (G1 Evacuation Pause) (young), 0.0114624 secs]
   [Parallel Time: 6.4 ms, GC Workers: 10]
      [GC Worker Start (ms): Min: 682118.2, Avg: 682118.5, Max: 682118.7, Diff: 0.5]
      [Ext Root Scanning (ms): Min: 1.6, Avg: 1.9, Max: 2.3, Diff: 0.7, Sum: 18.7]
      [Update RS (ms): Min: 1.6, Avg: 1.6, Max: 1.7, Diff: 0.1, Sum: 16.5]
         [Processed Buffers: Min: 8, Avg: 18.2, Max: 37, Diff: 29, Sum: 182]
      [Scan RS (ms): Min: 0.0, Avg: 0.1, Max: 0.1, Diff: 0.1, Sum: 0.6]
      [Code Root Scanning (ms): Min: 0.0, Avg: 0.0, Max: 0.0, Diff: 0.0, Sum: 0.0]
      [Object Copy (ms): Min: 1.6, Avg: 1.8, Max: 1.9, Diff: 0.2, Sum: 18.2]
      [Termination (ms): Min: 0.0, Avg: 0.0, Max: 0.0, Diff: 0.0, Sum: 0.0]
         [Termination Attempts: Min: 1, Avg: 1.0, Max: 1, Diff: 0, Sum: 10]
      [GC Worker Other (ms): Min: 0.0, Avg: 0.0, Max: 0.1, Diff: 0.1, Sum: 0.5]
      [GC Worker Total (ms): Min: 5.2, Avg: 5.5, Max: 5.7, Diff: 0.5, Sum: 54.6]
      [GC Worker End (ms): Min: 682123.9, Avg: 682123.9, Max: 682124.0, Diff: 0.1]
   [Code Root Fixup: 0.0 ms]
   [Code Root Purge: 0.0 ms]
   [Clear CT: 1.4 ms]
   [Other: 3.6 ms]
      [Choose CSet: 0.0 ms]
      [Ref Proc: 1.7 ms]
      [Ref Enq: 0.0 ms]
      [Redirty Cards: 1.4 ms]
      [Humongous Register: 0.0 ms]
      [Humongous Reclaim: 0.0 ms]
      [Free CSet: 0.1 ms]
   [Eden: 151.0M(151.0M)->0.0B(151.0M) Survivors: 2048.0K->2048.0K Heap: 200.2M(256.0M)->50161.4K(256.0M)]
Heap after GC invocations=673 (full 0):
 garbage-first heap   total 262144K, used 50161K [0x00000000f0000000, 0x00000000f0100800, 0x0000000100000000)
  region size 1024K, 2 young (2048K), 2 survivors (2048K)
 Metaspace       used 52923K, capacity 56204K, committed 56448K, reserved 1099776K
  class space    used 6461K, capacity 7028K, committed 7040K, reserved 1048576K
}
 [Times: user=0.06 sys=0.00, real=0.01 secs] 
{Heap before GC invocations=673 (full 0):
 garbage-first heap   total 262144K, used 204785K [0x00000000f0000000, 0x00000000f0100800, 0x0000000100000000)
  region size 1024K, 153 young (156672K), 2 survivors (2048K)
 Metaspace       used 52923K, capacity 56204K, committed 56448K, reserved 1099776K
  class space    used 6461K, capacity 7028K, committed 7040K, reserved 1048576K
2023-10-03T06:56:15.051+0800: 682.915: [GC pause (G1 Evacuation Pause) (young), 0.0111443 secs]
   [Parallel Time: 6.5 ms, GC Workers: 10]
      [GC Worker Start (ms): Min: 682915.0, Avg: 682915.2, Max: 682915.5, Diff: 0.5]
      [Ext Root Scanning (ms): Min: 1.6, Avg: 1.8, Max: 2.3, Diff: 0.6, Sum: 18.3]
      [Update RS (ms): Min: 1.5, Avg: 1.6, Max: 1.8, Diff: 0.3, Sum: 16.4]
         [Processed Buffers: Min: 10, Avg: 17.9, Max: 32, Diff: 22, Sum: 179]
      [Scan RS (ms): Min: 0.0, Avg: 0.1, Max: 0.1, Diff: 0.1, Sum: 0.5]
      [Code Root Scanning (ms): Min: 0.0, Avg: 0.0, Max: 0.0, Diff: 0.0, Sum: 0.0]
      [Object Copy (ms): Min: 1.4, Avg: 1.7, Max: 1.7, Diff: 0.3, Sum: 16.5]
      [Termination (ms): Min: 0.0, Avg: 0.0, Max: 0.0, Diff: 0.0, Sum: 0.0]
         [Termination Attempts: Min: 1, Avg: 1.0, Max: 1, Diff: 0, Sum: 10]
      [GC Worker Other (ms): Min: 0.0, Avg: 0.0, Max: 0.1, Diff: 0.1, Sum: 0.4]
      [GC Worker Total (ms): Min: 5.0, Avg: 5.2, Max: 5.5, Diff: 0.5, Sum: 52.2]
      [GC Worker End (ms): Min: 682920.4, Avg: 682920.5, Max: 682920.5, Diff: 0.1]
   [Code Root Fixup: 0.0 ms]
   [Code Root Purge: 0.0 ms]
   [Clear CT: 1.3 ms]
   [Other: 3.3 ms]
      [Choose CSet: 0.0 ms]
      [Ref Proc: 1.5 ms]
      [Ref Enq: 0.0 ms]
      [Redirty Cards: 1.3 ms]
      [Humongous Register: 0.0 ms]
      [Humongous Reclaim: 0.0 ms]
      [Free CSet: 0.1 ms]
   [Eden: 151.0M(151.0M)->0.0B(151.0M) Survivors: 2048.0K->2048.0K Heap: 200.0M(256.0M)->50176.8K(256.0M)]
Heap after GC invocations=674 (full 0):
 garbage-first heap   total 262144K, used 50176K [0x00000000f0000000, 0x00000000f0100800, 0x0000000100000000)
  region size 1024K, 2 young (2048K), 2 survivors (2048K)
 Metaspace       used 52923K, capacity 56204K, committed 56448K, reserved 1099776K
  class space    used 6461K, capacity 7028K, committed 7040K, reserved 1048576K
}
 [Times: user=0.06 sys=0.00, real=0.01 secs] 
{Heap before GC invocations=674 (full 0):
 garbage-first heap   total 262144K, used 204800K [0x00000000f0000000, 0x00000000f0100800, 0x0000000100000000)
  region size 1024K, 153 young (156672K), 2 survivors (2048K)
 Metaspace       used 52923K, capacity 56204K, committed 56448K, reserved 1099776K
  class space    used 6461K, capacity 7028K, committed 7040K, reserved 1048576K
2023-10-03T06:56:15.850+0800: 683.713: [GC pause (G1 Evacuation Pause) (young), 0.0105271 secs]
   [Parallel Time: 5.7 ms, GC Workers: 10]
      [GC Worker Start (ms): Min: 683713.8, Avg: 683714.0, Max: 683714.2, Diff: 0.4]
      [Ext Root Scanning (ms): Min: 1.8, Avg: 1.9, Max: 2.3, Diff: 0.5, Sum: 19.5]
      [Update RS (ms): Min: 1.6, Avg: 1.7, Max: 1.8, Diff: 0.2, Sum: 16.6]
         [Processed Buffers: Min: 8, Avg: 18.1, Max: 33, Diff: 25, Sum: 181]
      [Scan RS (ms): Min: 0.0, Avg: 0.1, Max: 0.1, Diff: 0.1, Sum: 0.6]
      [Code Root Scanning (ms): Min: 0.0, Avg: 0.0, Max: 0.0, Diff: 0.0, Sum: 0.0]
      [Object Copy (ms): Min: 1.5, Avg: 1.7, Max: 1.8, Diff: 0.3, Sum: 17.0]
      [Termination (ms): Min: 0.0, Avg: 0.0, Max: 0.0, Diff: 0.0, Sum: 0.1]
         [Termination Attempts: Min: 1, Avg: 1.6, Max: 3, Diff: 2, Sum: 16]
      [GC Worker Other (ms): Min: 0.0, Avg: 0.0, Max: 0.0, Diff: 0.0, Sum: 0.3]
      [GC Worker Total (ms): Min: 5.2, Avg: 5.4, Max: 5.6, Diff: 0.4, Sum: 54.1]
      [GC Worker End (ms): Min: 683719.4, Avg: 683719.4, Max: 683719.4, Diff: 0.0]
   [Code Root Fixup: 0.0 ms]
   [Code Root Purge: 0.0 ms]
   [Clear CT: 1.4 ms]
   [Other: 3.4 ms]
      [Choose CSet: 0.0 ms]
      [Ref Proc: 1.5 ms]
      [Ref Enq: 0.0 ms]
      [Redirty Cards: 1.3 ms]
      [Humongous Register: 0.0 ms]
      [Humongous Reclaim: 0.0 ms]
      [Free CSet: 0.1 ms]
   [Eden: 151.0M(151.0M)->0.0B(151.0M) Survivors: 2048.0K->2048.0K Heap: 200.0M(256.0M)->50180.9K(256.0M)]
Heap after GC invocations=675 (full 0):
 garbage-first heap   total 262144K, used 50180K [0x00000000f0000000, 0x00000000f0100800, 0x0000000100000000)
  region size 1024K, 2 young (2048K), 2 survivors (2048K)
 Metaspace       used 52923K, capacity 56204K, committed 56448K, reserved 1099776K
  class space    used 6461K, capacity 7028K, committed 7040K, reserved 1048576K
}
 [Times: user=0.06 sys=0.00, real=0.01 secs] 
{Heap before GC invocations=675 (full 0):
 garbage-first heap   total 262144K, used 204804K [0x00000000f0000000, 0x00000000f0100800, 0x0000000100000000)
  region size 1024K, 153 young (156672K), 2 survivors (2048K)
 Metaspace       used 52923K, capacity 56204K, committed 56448K, reserved 1099776K
  class space    used 6461K, capacity 7028K, committed 7040K, reserved 1048576K
2023-10-03T06:56:16.651+0800: 684.514: [GC pause (G1 Evacuation Pause) (young), 0.0110170 secs]
   [Parallel Time: 6.5 ms, GC Workers: 10]
      [GC Worker Start (ms): Min: 684514.8, Avg: 684515.1, Max: 684515.3, Diff: 0.5]
      [Ext Root Scanning (ms): Min: 1.8, Avg: 2.0, Max: 2.4, Diff: 0.7, Sum: 20.4]
      [Update RS (ms): Min: 1.6, Avg: 1.6, Max: 1.7, Diff: 0.1, Sum: 16.4]
         [Processed Buffers: Min: 10, Avg: 18.1, Max: 39, Diff: 29, Sum: 181]
      [Scan RS (ms): Min: 0.0, Avg: 0.0, Max: 0.1, Diff: 0.1, Sum: 0.5]
      [Code Root Scanning (ms): Min: 0.0, Avg: 0.0, Max: 0.0, Diff: 0.0, Sum: 0.0]
      [Object Copy (ms): Min: 1.5, Avg: 1.7, Max: 1.8, Diff: 0.2, Sum: 17.1]
      [Termination (ms): Min: 0.0, Avg: 0.0, Max: 0.0, Diff: 0.0, Sum: 0.1]
         [Termination Attempts: Min: 1, Avg: 1.0, Max: 1, Diff: 0, Sum: 10]
      [GC Worker Other (ms): Min: 0.0, Avg: 0.0, Max: 0.1, Diff: 0.1, Sum: 0.4]
      [GC Worker Total (ms): Min: 5.2, Avg: 5.5, Max: 5.8, Diff: 0.6, Sum: 54.9]
      [GC Worker End (ms): Min: 684520.5, Avg: 684520.6, Max: 684520.6, Diff: 0.1]
   [Code Root Fixup: 0.0 ms]
   [Code Root Purge: 0.0 ms]
   [Clear CT: 1.6 ms]
   [Other: 2.9 ms]
      [Choose CSet: 0.0 ms]
      [Ref Proc: 1.0 ms]
      [Ref Enq: 0.0 ms]
      [Redirty Cards: 1.3 ms]
      [Humongous Register: 0.0 ms]
      [Humongous Reclaim: 0.0 ms]
      [Free CSet: 0.1 ms]
   [Eden: 151.0M(151.0M)->0.0B(151.0M) Survivors: 2048.0K->2048.0K Heap: 200.0M(256.0M)->50193.1K(256.0M)]
Heap after GC invocations=676 (full 0):
 garbage-first heap   total 262144K, used 50193K [0x00000000f0000000, 0x00000000f0100800, 0x0000000100000000)
  region size 1024K, 2 young (2048K), 2 survivors (2048K)
 Metaspace       used 52923K, capacity 56204K, committed 56448K, reserved 1099776K
  class space    used 6461K, capacity 7028K, committed 7040K, reserved 1048576K
}
 [Times: user=0.06 sys=0.00, real=0.01 secs] 
{Heap before GC invocations=676 (full 0):
 garbage-first heap   total 262144K, used 204817K [0x00000000f0000000, 0x00000000f0100800, 0x0000000100000000)
  region size 1024K, 153 young (156672K), 2 survivors (2048K)
 Metaspace       used 52923K, capacity 56204K, committed 56448K, reserved 1099776K
  class space    used 6461K, capacity 7028K, committed 7040K, reserved 1048576K
2023-10-03T06:56:17.451+0800: 685.314: [GC pause (G1 Evacuation Pause) (young), 0.0119471 secs]
   [Parallel Time: 6.6 ms, GC Workers: 10]
      [GC Worker Start (ms): Min: 685314.9, Avg: 685315.1, Max: 685315.3, Diff: 0.5]
      [Ext Root Scanning (ms): Min: 1.8, Avg: 2.0, Max: 2.4, Diff: 0.7, Sum: 20.0]
      [Update RS (ms): Min: 1.5, Avg: 1.6, Max: 1.7, Diff: 0.2, Sum: 16.3]
         [Processed Buffers: Min: 12, Avg: 18.1, Max: 31, Diff: 19, Sum: 181]
      [Scan RS (ms): Min: 0.0, Avg: 0.1, Max: 0.1, Diff: 0.1, Sum: 0.7]
      [Code Root Scanning (ms): Min: 0.0, Avg: 0.0, Max: 0.0, Diff: 0.0, Sum: 0.0]
      [Object Copy (ms): Min: 1.6, Avg: 1.8, Max: 1.8, Diff: 0.2, Sum: 17.8]
      [Termination (ms): Min: 0.0, Avg: 0.0, Max: 0.0, Diff: 0.0, Sum: 0.1]
         [Termination Attempts: Min: 1, Avg: 1.5, Max: 2, Diff: 1, Sum: 15]
      [GC Worker Other (ms): Min: 0.0, Avg: 0.1, Max: 0.2, Diff: 0.2, Sum: 0.8]
      [GC Worker Total (ms): Min: 5.3, Avg: 5.6, Max: 5.8, Diff: 0.5, Sum: 55.7]
      [GC Worker End (ms): Min: 685320.6, Avg: 685320.7, Max: 685320.8, Diff: 0.1]
   [Code Root Fixup: 0.0 ms]
   [Code Root Purge: 0.0 ms]
   [Clear CT: 2.0 ms]
   [Other: 3.3 ms]
      [Choose CSet: 0.0 ms]
      [Ref Proc: 1.3 ms]
      [Ref Enq: 0.0 ms]
      [Redirty Cards: 1.3 ms]
      [Humongous Register: 0.0 ms]
      [Humongous Reclaim: 0.0 ms]
      [Free CSet: 0.2 ms]
   [Eden: 151.0M(151.0M)->0.0B(151.0M) Survivors: 2048.0K->2048.0K Heap: 200.0M(256.0M)->50439.2K(256.0M)]
Heap after GC invocations=677 (full 0):
 garbage-first heap   total 262144K, used 50439K [0x00000000f0000000, 0x00000000f0100800, 0x0000000100000000)
  region size 1024K, 2 young (2048K), 2 survivors (2048K)
 Metaspace       used 52923K, capacity 56204K, committed 56448K, reserved 1099776K
  class space    used 6461K, capacity 7028K, committed 7040K, reserved 1048576K
}
 [Times: user=0.06 sys=0.00, real=0.01 secs] 
{Heap before GC invocations=677 (full 0):
 garbage-first heap   total 262144K, used 205063K [0x00000000f0000000, 0x00000000f0100800, 0x0000000100000000)
  region size 1024K, 153 young (156672K), 2 survivors (2048K)
 Metaspace       used 52923K, capacity 56204K, committed 56448K, reserved 1099776K
  class space    used 6461K, capacity 7028K, committed 7040K, reserved 1048576K
2023-10-03T06:56:18.247+0800: 686.110: [GC pause (G1 Evacuation Pause) (young), 0.0112415 secs]
   [Parallel Time: 6.6 ms, GC Workers: 10]
      [GC Worker Start (ms): Min: 686110.7, Avg: 686111.0, Max: 686111.2, Diff: 0.5]
      [Ext Root Scanning (ms): Min: 1.7, Avg: 2.0, Max: 2.4, Diff: 0.7, Sum: 19.8]
      [Update RS (ms): Min: 1.5, Avg: 1.6, Max: 1.7, Diff: 0.2, Sum: 16.3]
         [Processed Buffers: Min: 12, Avg: 18.3, Max: 33, Diff: 21, Sum: 183]
      [Scan RS (ms): Min: 0.0, Avg: 0.1, Max: 0.1, Diff: 0.1, Sum: 0.6]
      [Code Root Scanning (ms): Min: 0.0, Avg: 0.0, Max: 0.0, Diff: 0.0, Sum: 0.0]
      [Object Copy (ms): Min: 1.7, Avg: 1.9, Max: 1.9, Diff: 0.2, Sum: 18.8]
      [Termination (ms): Min: 0.0, Avg: 0.0, Max: 0.0, Diff: 0.0, Sum: 0.1]
         [Termination Attempts: Min: 1, Avg: 2.5, Max: 4, Diff: 3, Sum: 25]
      [GC Worker Other (ms): Min: 0.0, Avg: 0.0, Max: 0.1, Diff: 0.1, Sum: 0.4]
      [GC Worker Total (ms): Min: 5.4, Avg: 5.6, Max: 5.9, Diff: 0.5, Sum: 56.0]
      [GC Worker End (ms): Min: 686116.6, Avg: 686116.6, Max: 686116.6, Diff: 0.1]
   [Code Root Fixup: 0.0 ms]
   [Code Root Purge: 0.0 ms]
   [Clear CT: 1.5 ms]
   [Other: 3.1 ms]
      [Choose CSet: 0.0 ms]
      [Ref Proc: 1.1 ms]
      [Ref Enq: 0.0 ms]
      [Redirty Cards: 1.5 ms]
      [Humongous Register: 0.0 ms]
      [Humongous Reclaim: 0.0 ms]
      [Free CSet: 0.1 ms]
   [Eden: 151.0M(151.0M)->0.0B(151.0M) Survivors: 2048.0K->2048.0K Heap: 200.3M(256.0M)->50343.2K(256.0M)]
Heap after GC invocations=678 (full 0):
 garbage-first heap   total 262144K, used 50343K [0x00000000f0000000, 0x00000000f0100800, 0x0000000100000000)
  region size 1024K, 2 young (2048K), 2 survivors (2048K)
 Metaspace       used 52923K, capacity 56204K, committed 56448K, reserved 1099776K
  class space    used 6461K, capacity 7028K, committed 7040K, reserved 1048576K
}
 [Times: user=0.07 sys=0.00, real=0.01 secs] 
{Heap before GC invocations=678 (full 0):
 garbage-first heap   total 262144K, used 204967K [0x00000000f0000000, 0x00000000f0100800, 0x0000000100000000)
  region size 1024K, 153 young (156672K), 2 survivors (2048K)
 Metaspace       used 52923K, capacity 56204K, committed 56448K, reserved 1099776K
  class space    used 6461K, capacity 7028K, committed 7040K, reserved 1048576K
2023-10-03T06:56:19.043+0800: 686.907: [GC pause (G1 Evacuation Pause) (young), 0.0113163 secs]
   [Parallel Time: 6.8 ms, GC Workers: 10]
      [GC Worker Start (ms): Min: 686907.1, Avg: 686907.4, Max: 686907.6, Diff: 0.5]
      [Ext Root Scanning (ms): Min: 1.8, Avg: 2.0, Max: 2.5, Diff: 0.6, Sum: 20.0]
      [Update RS (ms): Min: 1.6, Avg: 1.6, Max: 1.7, Diff: 0.1, Sum: 16.3]
         [Processed Buffers: Min: 11, Avg: 18.0, Max: 35, Diff: 24, Sum: 180]
      [Scan RS (ms): Min: 0.0, Avg: 0.1, Max: 0.1, Diff: 0.1, Sum: 0.6]
      [Code Root Scanning (ms): Min: 0.0, Avg: 0.0, Max: 0.0, Diff: 0.0, Sum: 0.0]
      [Object Copy (ms): Min: 1.7, Avg: 1.9, Max: 2.0, Diff: 0.3, Sum: 19.1]
      [Termination (ms): Min: 0.0, Avg: 0.0, Max: 0.0, Diff: 0.0, Sum: 0.1]
         [Termination Attempts: Min: 1, Avg: 2.8, Max: 4, Diff: 3, Sum: 28]
      [GC Worker Other (ms): Min: 0.0, Avg: 0.1, Max: 0.2, Diff: 0.2, Sum: 0.6]
      [GC Worker Total (ms): Min: 5.5, Avg: 5.7, Max: 5.9, Diff: 0.4, Sum: 56.6]
      [GC Worker End (ms): Min: 686913.0, Avg: 686913.0, Max: 686913.2, Diff: 0.2]
   [Code Root Fixup: 0.0 ms]
   [Code Root Purge: 0.0 ms]
   [Clear CT: 1.6 ms]
   [Other: 2.9 ms]
      [Choose CSet: 0.0 ms]
      [Ref Proc: 1.1 ms]
      [Ref Enq: 0.0 ms]
      [Redirty Cards: 1.2 ms]
      [Humongous Register: 0.0 ms]
      [Humongous Reclaim: 0.0 ms]
      [Free CSet: 0.1 ms]
   [Eden: 151.0M(151.0M)->0.0B(151.0M) Survivors: 2048.0K->2048.0K Heap: 200.2M(256.0M)->50225.2K(256.0M)]
Heap after GC invocations=679 (full 0):
 garbage-first heap   total 262144K, used 50225K [0x00000000f0000000, 0x00000000f0100800, 0x0000000100000000)
  region size 1024K, 2 young (2048K), 2 survivors (2048K)
 Metaspace       used 52923K, capacity 56204K, committed 56448K, reserved 1099776K
  class space    used 6461K, capacity 7028K, committed 7040K, reserved 1048576K
}
 [Times: user=0.06 sys=0.00, real=0.01 secs] 
{Heap before GC invocations=679 (full 0):
 garbage-first heap   total 262144K, used 204849K [0x00000000f0000000, 0x00000000f0100800, 0x0000000100000000)
  region size 1024K, 153 young (156672K), 2 survivors (2048K)
 Metaspace       used 52923K, capacity 56204K, committed 56448K, reserved 1099776K
  class space    used 6461K, capacity 7028K, committed 7040K, reserved 1048576K
2023-10-03T06:56:19.847+0800: 687.711: [GC pause (G1 Evacuation Pause) (young), 0.0112812 secs]
   [Parallel Time: 6.3 ms, GC Workers: 10]
      [GC Worker Start (ms): Min: 687711.0, Avg: 687711.2, Max: 687711.5, Diff: 0.5]
      [Ext Root Scanning (ms): Min: 1.7, Avg: 1.9, Max: 2.3, Diff: 0.6, Sum: 18.7]
      [Update RS (ms): Min: 1.5, Avg: 1.6, Max: 1.7, Diff: 0.1, Sum: 16.2]
         [Processed Buffers: Min: 10, Avg: 18.0, Max: 33, Diff: 23, Sum: 180]
      [Scan RS (ms): Min: 0.0, Avg: 0.1, Max: 0.1, Diff: 0.1, Sum: 0.7]
      [Code Root Scanning (ms): Min: 0.0, Avg: 0.0, Max: 0.0, Diff: 0.0, Sum: 0.0]
      [Object Copy (ms): Min: 1.6, Avg: 1.7, Max: 1.8, Diff: 0.3, Sum: 17.4]
      [Termination (ms): Min: 0.0, Avg: 0.0, Max: 0.0, Diff: 0.0, Sum: 0.1]
         [Termination Attempts: Min: 1, Avg: 1.7, Max: 3, Diff: 2, Sum: 17]
      [GC Worker Other (ms): Min: 0.0, Avg: 0.0, Max: 0.1, Diff: 0.1, Sum: 0.4]
      [GC Worker Total (ms): Min: 5.1, Avg: 5.3, Max: 5.6, Diff: 0.5, Sum: 53.5]
      [GC Worker End (ms): Min: 687716.5, Avg: 687716.6, Max: 687716.6, Diff: 0.1]
   [Code Root Fixup: 0.0 ms]
   [Code Root Purge: 0.0 ms]
   [Clear CT: 1.8 ms]
   [Other: 3.1 ms]
      [Choose CSet: 0.0 ms]
      [Ref Proc: 1.0 ms]
      [Ref Enq: 0.0 ms]
      [Redirty Cards: 1.5 ms]
      [Humongous Register: 0.0 ms]
      [Humongous Reclaim: 0.0 ms]
      [Free CSet: 0.1 ms]
   [Eden: 151.0M(151.0M)->0.0B(151.0M) Survivors: 2048.0K->2048.0K Heap: 200.0M(256.0M)->50225.2K(256.0M)]
Heap after GC invocations=680 (full 0):
 garbage-first heap   total 262144K, used 50225K [0x00000000f0000000, 0x00000000f0100800, 0x0000000100000000)
  region size 1024K, 2 young (2048K), 2 survivors (2048K)
 Metaspace       used 52923K, capacity 56204K, committed 56448K, reserved 1099776K
  class space    used 6461K, capacity 7028K, committed 7040K, reserved 1048576K
}
 [Times: user=0.06 sys=0.01, real=0.01 secs] 
{Heap before GC invocations=680 (full 0):
 garbage-first heap   total 262144K, used 204849K [0x00000000f0000000, 0x00000000f0100800, 0x0000000100000000)
  region size 1024K, 153 young (156672K), 2 survivors (2048K)
 Metaspace       used 52923K, capacity 56204K, committed 56448K, reserved 1099776K
  class space    used 6461K, capacity 7028K, committed 7040K, reserved 1048576K
2023-10-03T06:56:20.646+0800: 688.509: [GC pause (G1 Evacuation Pause) (young), 0.0114044 secs]
   [Parallel Time: 6.8 ms, GC Workers: 10]
      [GC Worker Start (ms): Min: 688509.2, Avg: 688509.4, Max: 688509.6, Diff: 0.5]
      [Ext Root Scanning (ms): Min: 1.7, Avg: 2.0, Max: 2.5, Diff: 0.8, Sum: 20.0]
      [Update RS (ms): Min: 1.6, Avg: 1.7, Max: 1.8, Diff: 0.1, Sum: 17.2]
         [Processed Buffers: Min: 14, Avg: 17.8, Max: 26, Diff: 12, Sum: 178]
      [Scan RS (ms): Min: 0.0, Avg: 0.1, Max: 0.1, Diff: 0.1, Sum: 0.6]
      [Code Root Scanning (ms): Min: 0.0, Avg: 0.0, Max: 0.0, Diff: 0.0, Sum: 0.0]
      [Object Copy (ms): Min: 1.6, Avg: 1.8, Max: 2.0, Diff: 0.4, Sum: 18.2]
      [Termination (ms): Min: 0.0, Avg: 0.0, Max: 0.0, Diff: 0.0, Sum: 0.0]
         [Termination Attempts: Min: 1, Avg: 1.1, Max: 2, Diff: 1, Sum: 11]
      [GC Worker Other (ms): Min: 0.0, Avg: 0.1, Max: 0.1, Diff: 0.1, Sum: 0.5]
      [GC Worker Total (ms): Min: 5.4, Avg: 5.7, Max: 5.9, Diff: 0.5, Sum: 56.6]
      [GC Worker End (ms): Min: 688515.0, Avg: 688515.1, Max: 688515.1, Diff: 0.1]
   [Code Root Fixup: 0.0 ms]
   [Code Root Purge: 0.0 ms]
   [Clear CT: 1.4 ms]
   [Other: 3.2 ms]
      [Choose CSet: 0.0 ms]
      [Ref Proc: 1.2 ms]
      [Ref Enq: 0.0 ms]
      [Redirty Cards: 1.4 ms]
      [Humongous Register: 0.0 ms]
      [Humongous Reclaim: 0.0 ms]
      [Free CSet: 0.1 ms]
   [Eden: 151.0M(151.0M)->0.0B(151.0M) Survivors: 2048.0K->2048.0K Heap: 200.0M(256.0M)->50692.4K(256.0M)]
Heap after GC invocations=681 (full 0):
 garbage-first heap   total 262144K, used 50692K [0x00000000f0000000, 0x00000000f0100800, 0x0000000100000000)
  region size 1024K, 2 young (2048K), 2 survivors (2048K)
 Metaspace       used 52923K, capacity 56204K, committed 56448K, reserved 1099776K
  class space    used 6461K, capacity 7028K, committed 7040K, reserved 1048576K
}
 [Times: user=0.06 sys=0.00, real=0.01 secs] 
{Heap before GC invocations=681 (full 0):
 garbage-first heap   total 262144K, used 205316K [0x00000000f0000000, 0x00000000f0100800, 0x0000000100000000)
  region size 1024K, 153 young (156672K), 2 survivors (2048K)
 Metaspace       used 52923K, capacity 56204K, committed 56448K, reserved 1099776K
  class space    used 6461K, capacity 7028K, committed 7040K, reserved 1048576K
2023-10-03T06:56:21.451+0800: 689.314: [GC pause (G1 Evacuation Pause) (young), 0.0107111 secs]
   [Parallel Time: 5.9 ms, GC Workers: 10]
      [GC Worker Start (ms): Min: 689314.6, Avg: 689314.8, Max: 689315.0, Diff: 0.5]
      [Ext Root Scanning (ms): Min: 1.7, Avg: 1.9, Max: 2.3, Diff: 0.6, Sum: 19.1]
      [Update RS (ms): Min: 1.5, Avg: 1.6, Max: 1.7, Diff: 0.2, Sum: 16.2]
         [Processed Buffers: Min: 12, Avg: 18.1, Max: 34, Diff: 22, Sum: 181]
      [Scan RS (ms): Min: 0.0, Avg: 0.1, Max: 0.1, Diff: 0.1, Sum: 0.7]
      [Code Root Scanning (ms): Min: 0.0, Avg: 0.0, Max: 0.0, Diff: 0.0, Sum: 0.0]
      [Object Copy (ms): Min: 1.6, Avg: 1.8, Max: 1.9, Diff: 0.3, Sum: 18.5]
      [Termination (ms): Min: 0.0, Avg: 0.0, Max: 0.0, Diff: 0.0, Sum: 0.1]
         [Termination Attempts: Min: 1, Avg: 1.3, Max: 2, Diff: 1, Sum: 13]
      [GC Worker Other (ms): Min: 0.0, Avg: 0.0, Max: 0.0, Diff: 0.0, Sum: 0.4]
      [GC Worker Total (ms): Min: 5.3, Avg: 5.5, Max: 5.8, Diff: 0.5, Sum: 54.9]
      [GC Worker End (ms): Min: 689320.3, Avg: 689320.3, Max: 689320.3, Diff: 0.0]
   [Code Root Fixup: 0.0 ms]
   [Code Root Purge: 0.0 ms]
   [Clear CT: 1.2 ms]
   [Other: 3.6 ms]
      [Choose CSet: 0.0 ms]
      [Ref Proc: 1.6 ms]
      [Ref Enq: 0.0 ms]
      [Redirty Cards: 1.5 ms]
      [Humongous Register: 0.0 ms]
      [Humongous Reclaim: 0.0 ms]
      [Free CSet: 0.1 ms]
   [Eden: 151.0M(151.0M)->0.0B(151.0M) Survivors: 2048.0K->2048.0K Heap: 200.5M(256.0M)->50250.3K(256.0M)]
Heap after GC invocations=682 (full 0):
 garbage-first heap   total 262144K, used 50250K [0x00000000f0000000, 0x00000000f0100800, 0x0000000100000000)
  region size 1024K, 2 young (2048K), 2 survivors (2048K)
 Metaspace       used 52923K, capacity 56204K, committed 56448K, reserved 1099776K
  class space    used 6461K, capacity 7028K, committed 7040K, reserved 1048576K
}
 [Times: user=0.06 sys=0.00, real=0.01 secs] 
{Heap before GC invocations=682 (full 0):
 garbage-first heap   total 262144K, used 204874K [0x00000000f0000000, 0x00000000f0100800, 0x0000000100000000)
  region size 1024K, 153 young (156672K), 2 survivors (2048K)
 Metaspace       used 52923K, capacity 56204K, committed 56448K, reserved 1099776K
  class space    used 6461K, capacity 7028K, committed 7040K, reserved 1048576K
2023-10-03T06:56:22.243+0800: 690.106: [GC pause (G1 Evacuation Pause) (young), 0.0110239 secs]
   [Parallel Time: 6.3 ms, GC Workers: 10]
      [GC Worker Start (ms): Min: 690106.8, Avg: 690107.0, Max: 690107.3, Diff: 0.5]
      [Ext Root Scanning (ms): Min: 1.7, Avg: 1.9, Max: 2.3, Diff: 0.6, Sum: 19.1]
      [Update RS (ms): Min: 1.5, Avg: 1.7, Max: 1.8, Diff: 0.2, Sum: 16.6]
         [Processed Buffers: Min: 10, Avg: 17.8, Max: 33, Diff: 23, Sum: 178]
      [Scan RS (ms): Min: 0.0, Avg: 0.1, Max: 0.1, Diff: 0.1, Sum: 0.7]
      [Code Root Scanning (ms): Min: 0.0, Avg: 0.0, Max: 0.0, Diff: 0.0, Sum: 0.0]
      [Object Copy (ms): Min: 1.5, Avg: 1.8, Max: 2.0, Diff: 0.4, Sum: 17.9]
      [Termination (ms): Min: 0.0, Avg: 0.0, Max: 0.0, Diff: 0.0, Sum: 0.0]
         [Termination Attempts: Min: 1, Avg: 1.2, Max: 2, Diff: 1, Sum: 12]
      [GC Worker Other (ms): Min: 0.0, Avg: 0.1, Max: 0.1, Diff: 0.1, Sum: 0.6]
      [GC Worker Total (ms): Min: 5.2, Avg: 5.5, Max: 5.8, Diff: 0.6, Sum: 54.9]
      [GC Worker End (ms): Min: 690112.5, Avg: 690112.5, Max: 690112.6, Diff: 0.1]
   [Code Root Fixup: 0.0 ms]
   [Code Root Purge: 0.0 ms]
   [Clear CT: 1.4 ms]
   [Other: 3.3 ms]
      [Choose CSet: 0.0 ms]
      [Ref Proc: 1.5 ms]
      [Ref Enq: 0.0 ms]
      [Redirty Cards: 1.3 ms]
      [Humongous Register: 0.0 ms]
      [Humongous Reclaim: 0.0 ms]
      [Free CSet: 0.1 ms]
   [Eden: 151.0M(151.0M)->0.0B(151.0M) Survivors: 2048.0K->2048.0K Heap: 200.1M(256.0M)->50252.1K(256.0M)]
Heap after GC invocations=683 (full 0):
 garbage-first heap   total 262144K, used 50252K [0x00000000f0000000, 0x00000000f0100800, 0x0000000100000000)
  region size 1024K, 2 young (2048K), 2 survivors (2048K)
 Metaspace       used 52923K, capacity 56204K, committed 56448K, reserved 1099776K
  class space    used 6461K, capacity 7028K, committed 7040K, reserved 1048576K
}
 [Times: user=0.06 sys=0.01, real=0.01 secs] 
{Heap before GC invocations=683 (full 0):
 garbage-first heap   total 262144K, used 204876K [0x00000000f0000000, 0x00000000f0100800, 0x0000000100000000)
  region size 1024K, 153 young (156672K), 2 survivors (2048K)
 Metaspace       used 52923K, capacity 56204K, committed 56448K, reserved 1099776K
  class space    used 6461K, capacity 7028K, committed 7040K, reserved 1048576K
2023-10-03T06:56:23.048+0800: 690.912: [GC pause (G1 Evacuation Pause) (young), 0.0115279 secs]
   [Parallel Time: 6.6 ms, GC Workers: 10]
      [GC Worker Start (ms): Min: 690911.9, Avg: 690912.2, Max: 690912.4, Diff: 0.5]
      [Ext Root Scanning (ms): Min: 1.7, Avg: 1.9, Max: 2.4, Diff: 0.7, Sum: 19.4]
      [Update RS (ms): Min: 1.6, Avg: 1.7, Max: 1.8, Diff: 0.2, Sum: 17.2]
         [Processed Buffers: Min: 7, Avg: 17.9, Max: 41, Diff: 34, Sum: 179]
      [Scan RS (ms): Min: 0.0, Avg: 0.1, Max: 0.1, Diff: 0.1, Sum: 0.8]
      [Code Root Scanning (ms): Min: 0.0, Avg: 0.0, Max: 0.0, Diff: 0.0, Sum: 0.0]
      [Object Copy (ms): Min: 1.6, Avg: 1.8, Max: 1.9, Diff: 0.3, Sum: 18.5]
      [Termination (ms): Min: 0.0, Avg: 0.0, Max: 0.0, Diff: 0.0, Sum: 0.1]
         [Termination Attempts: Min: 1, Avg: 1.6, Max: 3, Diff: 2, Sum: 16]
      [GC Worker Other (ms): Min: 0.0, Avg: 0.0, Max: 0.1, Diff: 0.1, Sum: 0.4]
      [GC Worker Total (ms): Min: 5.4, Avg: 5.6, Max: 5.9, Diff: 0.5, Sum: 56.5]
      [GC Worker End (ms): Min: 690917.8, Avg: 690917.8, Max: 690917.9, Diff: 0.1]
   [Code Root Fixup: 0.0 ms]
   [Code Root Purge: 0.0 ms]
   [Clear CT: 1.6 ms]
   [Other: 3.3 ms]
      [Choose CSet: 0.0 ms]
      [Ref Proc: 1.1 ms]
      [Ref Enq: 0.0 ms]
      [Redirty Cards: 1.4 ms]
      [Humongous Register: 0.0 ms]
      [Humongous Reclaim: 0.0 ms]
      [Free CSet: 0.2 ms]
   [Eden: 151.0M(151.0M)->0.0B(151.0M) Survivors: 2048.0K->2048.0K Heap: 200.1M(256.0M)->50258.3K(256.0M)]
Heap after GC invocations=684 (full 0):
 garbage-first heap   total 262144K, used 50258K [0x00000000f0000000, 0x00000000f0100800, 0x0000000100000000)
  region size 1024K, 2 young (2048K), 2 survivors (2048K)
 Metaspace       used 52923K, capacity 56204K, committed 56448K, reserved 1099776K
  class space    used 6461K, capacity 7028K, committed 7040K, reserved 1048576K
}
 [Times: user=0.07 sys=0.00, real=0.02 secs] 
{Heap before GC invocations=684 (full 0):
 garbage-first heap   total 262144K, used 204882K [0x00000000f0000000, 0x00000000f0100800, 0x0000000100000000)
  region size 1024K, 153 young (156672K), 2 survivors (2048K)
 Metaspace       used 52923K, capacity 56204K, committed 56448K, reserved 1099776K
  class space    used 6461K, capacity 7028K, committed 7040K, reserved 1048576K
2023-10-03T06:56:23.813+0800: 691.676: [GC pause (G1 Evacuation Pause) (young), 0.0111737 secs]
   [Parallel Time: 6.3 ms, GC Workers: 10]
      [GC Worker Start (ms): Min: 691676.7, Avg: 691676.9, Max: 691677.2, Diff: 0.5]
      [Ext Root Scanning (ms): Min: 1.6, Avg: 1.9, Max: 2.4, Diff: 0.8, Sum: 18.9]
      [Update RS (ms): Min: 1.6, Avg: 1.7, Max: 1.8, Diff: 0.2, Sum: 16.9]
         [Processed Buffers: Min: 12, Avg: 18.1, Max: 37, Diff: 25, Sum: 181]
      [Scan RS (ms): Min: 0.0, Avg: 0.1, Max: 0.1, Diff: 0.1, Sum: 0.5]
      [Code Root Scanning (ms): Min: 0.0, Avg: 0.0, Max: 0.0, Diff: 0.0, Sum: 0.0]
      [Object Copy (ms): Min: 1.5, Avg: 1.8, Max: 2.0, Diff: 0.4, Sum: 17.8]
      [Termination (ms): Min: 0.0, Avg: 0.0, Max: 0.0, Diff: 0.0, Sum: 0.1]
         [Termination Attempts: Min: 1, Avg: 1.6, Max: 2, Diff: 1, Sum: 16]
      [GC Worker Other (ms): Min: 0.0, Avg: 0.0, Max: 0.1, Diff: 0.1, Sum: 0.4]
      [GC Worker Total (ms): Min: 5.2, Avg: 5.5, Max: 5.7, Diff: 0.5, Sum: 54.6]
      [GC Worker End (ms): Min: 691682.4, Avg: 691682.4, Max: 691682.5, Diff: 0.1]
   [Code Root Fixup: 0.1 ms]
   [Code Root Purge: 0.0 ms]
   [Clear CT: 1.4 ms]
   [Other: 3.4 ms]
      [Choose CSet: 0.0 ms]
      [Ref Proc: 1.5 ms]
      [Ref Enq: 0.0 ms]
      [Redirty Cards: 1.4 ms]
      [Humongous Register: 0.0 ms]
      [Humongous Reclaim: 0.0 ms]
      [Free CSet: 0.1 ms]
   [Eden: 151.0M(151.0M)->0.0B(151.0M) Survivors: 2048.0K->2048.0K Heap: 200.1M(256.0M)->50268.9K(256.0M)]
Heap after GC invocations=685 (full 0):
 garbage-first heap   total 262144K, used 50268K [0x00000000f0000000, 0x00000000f0100800, 0x0000000100000000)
  region size 1024K, 2 young (2048K), 2 survivors (2048K)
 Metaspace       used 52923K, capacity 56204K, committed 56448K, reserved 1099776K
  class space    used 6461K, capacity 7028K, committed 7040K, reserved 1048576K
}
 [Times: user=0.05 sys=0.01, real=0.01 secs] 
{Heap before GC invocations=685 (full 0):
 garbage-first heap   total 262144K, used 204892K [0x00000000f0000000, 0x00000000f0100800, 0x0000000100000000)
  region size 1024K, 153 young (156672K), 2 survivors (2048K)
 Metaspace       used 52923K, capacity 56204K, committed 56448K, reserved 1099776K
  class space    used 6461K, capacity 7028K, committed 7040K, reserved 1048576K
2023-10-03T06:56:24.606+0800: 692.469: [GC pause (G1 Evacuation Pause) (young), 0.0110930 secs]
   [Parallel Time: 6.5 ms, GC Workers: 10]
      [GC Worker Start (ms): Min: 692469.5, Avg: 692469.8, Max: 692470.0, Diff: 0.4]
      [Ext Root Scanning (ms): Min: 1.8, Avg: 2.0, Max: 2.4, Diff: 0.6, Sum: 19.5]
      [Update RS (ms): Min: 1.6, Avg: 1.7, Max: 1.8, Diff: 0.2, Sum: 17.0]
         [Processed Buffers: Min: 12, Avg: 17.9, Max: 35, Diff: 23, Sum: 179]
      [Scan RS (ms): Min: 0.0, Avg: 0.1, Max: 0.1, Diff: 0.1, Sum: 0.5]
      [Code Root Scanning (ms): Min: 0.0, Avg: 0.0, Max: 0.0, Diff: 0.0, Sum: 0.0]
      [Object Copy (ms): Min: 1.5, Avg: 1.8, Max: 1.9, Diff: 0.4, Sum: 18.1]
      [Termination (ms): Min: 0.0, Avg: 0.0, Max: 0.0, Diff: 0.0, Sum: 0.1]
         [Termination Attempts: Min: 1, Avg: 2.1, Max: 4, Diff: 3, Sum: 21]
      [GC Worker Other (ms): Min: 0.0, Avg: 0.0, Max: 0.1, Diff: 0.1, Sum: 0.5]
      [GC Worker Total (ms): Min: 5.4, Avg: 5.6, Max: 5.8, Diff: 0.4, Sum: 55.8]
      [GC Worker End (ms): Min: 692475.3, Avg: 692475.3, Max: 692475.4, Diff: 0.1]
   [Code Root Fixup: 0.0 ms]
   [Code Root Purge: 0.0 ms]
   [Clear CT: 1.4 ms]
   [Other: 3.2 ms]
      [Choose CSet: 0.0 ms]
      [Ref Proc: 1.2 ms]
      [Ref Enq: 0.0 ms]
      [Redirty Cards: 1.3 ms]
      [Humongous Register: 0.0 ms]
      [Humongous Reclaim: 0.0 ms]
      [Free CSet: 0.1 ms]
   [Eden: 151.0M(151.0M)->0.0B(151.0M) Survivors: 2048.0K->2048.0K Heap: 200.1M(256.0M)->50262.7K(256.0M)]
Heap after GC invocations=686 (full 0):
 garbage-first heap   total 262144K, used 50262K [0x00000000f0000000, 0x00000000f0100800, 0x0000000100000000)
  region size 1024K, 2 young (2048K), 2 survivors (2048K)
 Metaspace       used 52923K, capacity 56204K, committed 56448K, reserved 1099776K
  class space    used 6461K, capacity 7028K, committed 7040K, reserved 1048576K
}
 [Times: user=0.06 sys=0.00, real=0.01 secs] 
{Heap before GC invocations=686 (full 0):
 garbage-first heap   total 262144K, used 204886K [0x00000000f0000000, 0x00000000f0100800, 0x0000000100000000)
  region size 1024K, 153 young (156672K), 2 survivors (2048K)
 Metaspace       used 52923K, capacity 56204K, committed 56448K, reserved 1099776K
  class space    used 6461K, capacity 7028K, committed 7040K, reserved 1048576K
2023-10-03T06:56:25.397+0800: 693.261: [GC pause (G1 Evacuation Pause) (young), 0.0114981 secs]
   [Parallel Time: 6.6 ms, GC Workers: 10]
      [GC Worker Start (ms): Min: 693260.8, Avg: 693261.1, Max: 693261.3, Diff: 0.5]
      [Ext Root Scanning (ms): Min: 1.7, Avg: 2.0, Max: 2.4, Diff: 0.7, Sum: 19.6]
      [Update RS (ms): Min: 1.5, Avg: 1.6, Max: 1.7, Diff: 0.1, Sum: 16.0]
         [Processed Buffers: Min: 13, Avg: 17.9, Max: 33, Diff: 20, Sum: 179]
      [Scan RS (ms): Min: 0.0, Avg: 0.1, Max: 0.1, Diff: 0.1, Sum: 0.7]
      [Code Root Scanning (ms): Min: 0.0, Avg: 0.0, Max: 0.0, Diff: 0.0, Sum: 0.0]
      [Object Copy (ms): Min: 1.7, Avg: 1.9, Max: 2.1, Diff: 0.3, Sum: 19.5]
      [Termination (ms): Min: 0.0, Avg: 0.0, Max: 0.0, Diff: 0.0, Sum: 0.1]
         [Termination Attempts: Min: 1, Avg: 1.8, Max: 4, Diff: 3, Sum: 18]
      [GC Worker Other (ms): Min: 0.0, Avg: 0.1, Max: 0.2, Diff: 0.1, Sum: 0.6]
      [GC Worker Total (ms): Min: 5.4, Avg: 5.6, Max: 5.9, Diff: 0.5, Sum: 56.4]
      [GC Worker End (ms): Min: 693266.7, Avg: 693266.7, Max: 693266.8, Diff: 0.1]
   [Code Root Fixup: 0.0 ms]
   [Code Root Purge: 0.0 ms]
   [Clear CT: 1.6 ms]
   [Other: 3.3 ms]
      [Choose CSet: 0.0 ms]
      [Ref Proc: 1.2 ms]
      [Ref Enq: 0.0 ms]
      [Redirty Cards: 1.5 ms]
      [Humongous Register: 0.0 ms]
      [Humongous Reclaim: 0.0 ms]
      [Free CSet: 0.1 ms]
   [Eden: 151.0M(151.0M)->0.0B(151.0M) Survivors: 2048.0K->2048.0K Heap: 200.1M(256.0M)->50414.8K(256.0M)]
Heap after GC invocations=687 (full 0):
 garbage-first heap   total 262144K, used 50414K [0x00000000f0000000, 0x00000000f0100800, 0x0000000100000000)
  region size 1024K, 2 young (2048K), 2 survivors (2048K)
 Metaspace       used 52923K, capacity 56204K, committed 56448K, reserved 1099776K
  class space    used 6461K, capacity 7028K, committed 7040K, reserved 1048576K
}
 [Times: user=0.06 sys=0.00, real=0.01 secs] 
{Heap before GC invocations=687 (full 0):
 garbage-first heap   total 262144K, used 205038K [0x00000000f0000000, 0x00000000f0100800, 0x0000000100000000)
  region size 1024K, 153 young (156672K), 2 survivors (2048K)
 Metaspace       used 52923K, capacity 56204K, committed 56448K, reserved 1099776K
  class space    used 6461K, capacity 7028K, committed 7040K, reserved 1048576K
2023-10-03T06:56:26.195+0800: 694.058: [GC pause (G1 Evacuation Pause) (young), 0.0113809 secs]
   [Parallel Time: 6.5 ms, GC Workers: 10]
      [GC Worker Start (ms): Min: 694058.8, Avg: 694059.1, Max: 694059.3, Diff: 0.5]
      [Ext Root Scanning (ms): Min: 1.8, Avg: 2.0, Max: 2.4, Diff: 0.7, Sum: 19.7]
      [Update RS (ms): Min: 1.7, Avg: 1.7, Max: 1.9, Diff: 0.2, Sum: 17.4]
         [Processed Buffers: Min: 10, Avg: 17.9, Max: 31, Diff: 21, Sum: 179]
      [Scan RS (ms): Min: 0.0, Avg: 0.1, Max: 0.1, Diff: 0.1, Sum: 0.7]
      [Code Root Scanning (ms): Min: 0.0, Avg: 0.0, Max: 0.0, Diff: 0.0, Sum: 0.0]
      [Object Copy (ms): Min: 1.6, Avg: 1.8, Max: 1.8, Diff: 0.2, Sum: 17.6]
      [Termination (ms): Min: 0.0, Avg: 0.0, Max: 0.0, Diff: 0.0, Sum: 0.0]
         [Termination Attempts: Min: 1, Avg: 1.0, Max: 1, Diff: 0, Sum: 10]
      [GC Worker Other (ms): Min: 0.0, Avg: 0.0, Max: 0.1, Diff: 0.1, Sum: 0.4]
      [GC Worker Total (ms): Min: 5.4, Avg: 5.6, Max: 5.9, Diff: 0.6, Sum: 56.0]
      [GC Worker End (ms): Min: 694064.6, Avg: 694064.7, Max: 694064.7, Diff: 0.1]
   [Code Root Fixup: 0.0 ms]
   [Code Root Purge: 0.0 ms]
   [Clear CT: 1.4 ms]
   [Other: 3.5 ms]
      [Choose CSet: 0.0 ms]
      [Ref Proc: 1.6 ms]
      [Ref Enq: 0.0 ms]
      [Redirty Cards: 1.4 ms]
      [Humongous Register: 0.0 ms]
      [Humongous Reclaim: 0.0 ms]
      [Free CSet: 0.1 ms]
   [Eden: 151.0M(151.0M)->0.0B(151.0M) Survivors: 2048.0K->2048.0K Heap: 200.2M(256.0M)->50178.5K(256.0M)]
Heap after GC invocations=688 (full 0):
 garbage-first heap   total 262144K, used 50178K [0x00000000f0000000, 0x00000000f0100800, 0x0000000100000000)
  region size 1024K, 2 young (2048K), 2 survivors (2048K)
 Metaspace       used 52923K, capacity 56204K, committed 56448K, reserved 1099776K
  class space    used 6461K, capacity 7028K, committed 7040K, reserved 1048576K
}
 [Times: user=0.06 sys=0.00, real=0.01 secs] 
{Heap before GC invocations=688 (full 0):
 garbage-first heap   total 262144K, used 204802K [0x00000000f0000000, 0x00000000f0100800, 0x0000000100000000)
  region size 1024K, 153 young (156672K), 2 survivors (2048K)
 Metaspace       used 52923K, capacity 56204K, committed 56448K, reserved 1099776K
  class space    used 6461K, capacity 7028K, committed 7040K, reserved 1048576K
2023-10-03T06:56:26.997+0800: 694.860: [GC pause (G1 Evacuation Pause) (young), 0.0111345 secs]
   [Parallel Time: 6.3 ms, GC Workers: 10]
      [GC Worker Start (ms): Min: 694860.2, Avg: 694860.5, Max: 694860.7, Diff: 0.5]
      [Ext Root Scanning (ms): Min: 1.7, Avg: 2.0, Max: 2.3, Diff: 0.6, Sum: 19.5]
      [Update RS (ms): Min: 1.6, Avg: 1.7, Max: 1.8, Diff: 0.2, Sum: 16.6]
         [Processed Buffers: Min: 12, Avg: 18.0, Max: 24, Diff: 12, Sum: 180]
      [Scan RS (ms): Min: 0.0, Avg: 0.1, Max: 0.1, Diff: 0.1, Sum: 0.7]
      [Code Root Scanning (ms): Min: 0.0, Avg: 0.0, Max: 0.0, Diff: 0.0, Sum: 0.0]
      [Object Copy (ms): Min: 1.5, Avg: 1.7, Max: 1.7, Diff: 0.2, Sum: 16.6]
      [Termination (ms): Min: 0.0, Avg: 0.0, Max: 0.0, Diff: 0.0, Sum: 0.0]
         [Termination Attempts: Min: 1, Avg: 1.0, Max: 1, Diff: 0, Sum: 10]
      [GC Worker Other (ms): Min: 0.0, Avg: 0.1, Max: 0.1, Diff: 0.1, Sum: 0.5]
      [GC Worker Total (ms): Min: 5.2, Avg: 5.4, Max: 5.7, Diff: 0.4, Sum: 54.0]
      [GC Worker End (ms): Min: 694865.9, Avg: 694865.9, Max: 694866.0, Diff: 0.1]
   [Code Root Fixup: 0.0 ms]
   [Code Root Purge: 0.0 ms]
   [Clear CT: 1.8 ms]
   [Other: 3.0 ms]
      [Choose CSet: 0.0 ms]
      [Ref Proc: 1.1 ms]
      [Ref Enq: 0.0 ms]
      [Redirty Cards: 1.4 ms]
      [Humongous Register: 0.0 ms]
      [Humongous Reclaim: 0.0 ms]
      [Free CSet: 0.1 ms]
   [Eden: 151.0M(151.0M)->0.0B(151.0M) Survivors: 2048.0K->2048.0K Heap: 200.0M(256.0M)->50296.7K(256.0M)]
Heap after GC invocations=689 (full 0):
 garbage-first heap   total 262144K, used 50296K [0x00000000f0000000, 0x00000000f0100800, 0x0000000100000000)
  region size 1024K, 2 young (2048K), 2 survivors (2048K)
 Metaspace       used 52923K, capacity 56204K, committed 56448K, reserved 1099776K
  class space    used 6461K, capacity 7028K, committed 7040K, reserved 1048576K
}
 [Times: user=0.06 sys=0.00, real=0.01 secs] 
{Heap before GC invocations=689 (full 0):
 garbage-first heap   total 262144K, used 204920K [0x00000000f0000000, 0x00000000f0100800, 0x0000000100000000)
  region size 1024K, 153 young (156672K), 2 survivors (2048K)
 Metaspace       used 52923K, capacity 56204K, committed 56448K, reserved 1099776K
  class space    used 6461K, capacity 7028K, committed 7040K, reserved 1048576K
2023-10-03T06:56:27.788+0800: 695.652: [GC pause (G1 Evacuation Pause) (young), 0.0116372 secs]
   [Parallel Time: 6.7 ms, GC Workers: 10]
      [GC Worker Start (ms): Min: 695652.1, Avg: 695652.3, Max: 695652.5, Diff: 0.5]
      [Ext Root Scanning (ms): Min: 1.8, Avg: 2.1, Max: 2.5, Diff: 0.7, Sum: 20.6]
      [Update RS (ms): Min: 1.6, Avg: 1.7, Max: 1.7, Diff: 0.1, Sum: 16.7]
         [Processed Buffers: Min: 12, Avg: 17.9, Max: 28, Diff: 16, Sum: 179]
      [Scan RS (ms): Min: 0.0, Avg: 0.1, Max: 0.1, Diff: 0.1, Sum: 0.7]
      [Code Root Scanning (ms): Min: 0.0, Avg: 0.0, Max: 0.0, Diff: 0.0, Sum: 0.0]
      [Object Copy (ms): Min: 1.6, Avg: 1.8, Max: 1.9, Diff: 0.2, Sum: 18.2]
      [Termination (ms): Min: 0.0, Avg: 0.0, Max: 0.0, Diff: 0.0, Sum: 0.0]
         [Termination Attempts: Min: 1, Avg: 1.3, Max: 2, Diff: 1, Sum: 13]
      [GC Worker Other (ms): Min: 0.0, Avg: 0.1, Max: 0.2, Diff: 0.1, Sum: 0.7]
      [GC Worker Total (ms): Min: 5.5, Avg: 5.7, Max: 5.9, Diff: 0.5, Sum: 57.0]
      [GC Worker End (ms): Min: 695658.0, Avg: 695658.0, Max: 695658.1, Diff: 0.1]
   [Code Root Fixup: 0.0 ms]
   [Code Root Purge: 0.0 ms]
   [Clear CT: 1.6 ms]
   [Other: 3.3 ms]
      [Choose CSet: 0.0 ms]
      [Ref Proc: 1.3 ms]
      [Ref Enq: 0.0 ms]
      [Redirty Cards: 1.4 ms]
      [Humongous Register: 0.0 ms]
      [Humongous Reclaim: 0.0 ms]
      [Free CSet: 0.1 ms]
   [Eden: 151.0M(151.0M)->0.0B(151.0M) Survivors: 2048.0K->2048.0K Heap: 200.1M(256.0M)->50674.2K(256.0M)]
Heap after GC invocations=690 (full 0):
 garbage-first heap   total 262144K, used 50674K [0x00000000f0000000, 0x00000000f0100800, 0x0000000100000000)
  region size 1024K, 2 young (2048K), 2 survivors (2048K)
 Metaspace       used 52923K, capacity 56204K, committed 56448K, reserved 1099776K
  class space    used 6461K, capacity 7028K, committed 7040K, reserved 1048576K
}
 [Times: user=0.06 sys=0.00, real=0.02 secs] 
{Heap before GC invocations=690 (full 0):
 garbage-first heap   total 262144K, used 205298K [0x00000000f0000000, 0x00000000f0100800, 0x0000000100000000)
  region size 1024K, 153 young (156672K), 2 survivors (2048K)
 Metaspace       used 52923K, capacity 56204K, committed 56448K, reserved 1099776K
  class space    used 6461K, capacity 7028K, committed 7040K, reserved 1048576K
2023-10-03T06:56:28.589+0800: 696.452: [GC pause (G1 Evacuation Pause) (young), 0.0109977 secs]
   [Parallel Time: 6.4 ms, GC Workers: 10]
      [GC Worker Start (ms): Min: 696452.2, Avg: 696452.4, Max: 696452.7, Diff: 0.5]
      [Ext Root Scanning (ms): Min: 1.7, Avg: 1.9, Max: 2.3, Diff: 0.6, Sum: 18.8]
      [Update RS (ms): Min: 1.6, Avg: 1.7, Max: 1.7, Diff: 0.2, Sum: 16.6]
         [Processed Buffers: Min: 10, Avg: 18.3, Max: 36, Diff: 26, Sum: 183]
      [Scan RS (ms): Min: 0.0, Avg: 0.1, Max: 0.1, Diff: 0.1, Sum: 0.7]
      [Code Root Scanning (ms): Min: 0.0, Avg: 0.0, Max: 0.0, Diff: 0.0, Sum: 0.0]
      [Object Copy (ms): Min: 1.5, Avg: 1.7, Max: 1.7, Diff: 0.3, Sum: 16.7]
      [Termination (ms): Min: 0.0, Avg: 0.0, Max: 0.0, Diff: 0.0, Sum: 0.0]
         [Termination Attempts: Min: 1, Avg: 1.0, Max: 1, Diff: 0, Sum: 10]
      [GC Worker Other (ms): Min: 0.0, Avg: 0.1, Max: 0.2, Diff: 0.1, Sum: 0.6]
      [GC Worker Total (ms): Min: 5.1, Avg: 5.3, Max: 5.6, Diff: 0.5, Sum: 53.4]
      [GC Worker End (ms): Min: 696457.7, Avg: 696457.8, Max: 696457.9, Diff: 0.1]
   [Code Root Fixup: 0.0 ms]
   [Code Root Purge: 0.0 ms]
   [Clear CT: 1.4 ms]
   [Other: 3.2 ms]
      [Choose CSet: 0.0 ms]
      [Ref Proc: 1.3 ms]
      [Ref Enq: 0.0 ms]
      [Redirty Cards: 1.4 ms]
      [Humongous Register: 0.0 ms]
      [Humongous Reclaim: 0.0 ms]
      [Free CSet: 0.1 ms]
   [Eden: 151.0M(151.0M)->0.0B(151.0M) Survivors: 2048.0K->2048.0K Heap: 200.5M(256.0M)->50327.2K(256.0M)]
Heap after GC invocations=691 (full 0):
 garbage-first heap   total 262144K, used 50327K [0x00000000f0000000, 0x00000000f0100800, 0x0000000100000000)
  region size 1024K, 2 young (2048K), 2 survivors (2048K)
 Metaspace       used 52923K, capacity 56204K, committed 56448K, reserved 1099776K
  class space    used 6461K, capacity 7028K, committed 7040K, reserved 1048576K
}
 [Times: user=0.06 sys=0.00, real=0.02 secs] 
{Heap before GC invocations=691 (full 0):
 garbage-first heap   total 262144K, used 204951K [0x00000000f0000000, 0x00000000f0100800, 0x0000000100000000)
  region size 1024K, 153 young (156672K), 2 survivors (2048K)
 Metaspace       used 52923K, capacity 56204K, committed 56448K, reserved 1099776K
  class space    used 6461K, capacity 7028K, committed 7040K, reserved 1048576K
2023-10-03T06:56:29.450+0800: 697.314: [GC pause (G1 Evacuation Pause) (young), 0.0108148 secs]
   [Parallel Time: 5.8 ms, GC Workers: 10]
      [GC Worker Start (ms): Min: 697313.9, Avg: 697314.2, Max: 697314.4, Diff: 0.5]
      [Ext Root Scanning (ms): Min: 1.5, Avg: 1.8, Max: 2.2, Diff: 0.6, Sum: 17.9]
      [Update RS (ms): Min: 1.5, Avg: 1.6, Max: 1.6, Diff: 0.2, Sum: 15.7]
         [Processed Buffers: Min: 10, Avg: 18.1, Max: 29, Diff: 19, Sum: 181]
      [Scan RS (ms): Min: 0.0, Avg: 0.1, Max: 0.1, Diff: 0.1, Sum: 0.5]
      [Code Root Scanning (ms): Min: 0.0, Avg: 0.0, Max: 0.0, Diff: 0.0, Sum: 0.0]
      [Object Copy (ms): Min: 1.3, Avg: 1.5, Max: 1.6, Diff: 0.3, Sum: 15.0]
      [Termination (ms): Min: 0.0, Avg: 0.0, Max: 0.0, Diff: 0.0, Sum: 0.0]
         [Termination Attempts: Min: 1, Avg: 1.1, Max: 2, Diff: 1, Sum: 11]
      [GC Worker Other (ms): Min: 0.0, Avg: 0.1, Max: 0.1, Diff: 0.1, Sum: 0.5]
      [GC Worker Total (ms): Min: 4.8, Avg: 5.0, Max: 5.2, Diff: 0.5, Sum: 49.7]
      [GC Worker End (ms): Min: 697319.1, Avg: 697319.2, Max: 697319.2, Diff: 0.1]
   [Code Root Fixup: 0.0 ms]
   [Code Root Purge: 0.0 ms]
   [Clear CT: 1.4 ms]
   [Other: 3.6 ms]
      [Choose CSet: 0.0 ms]
      [Ref Proc: 1.6 ms]
      [Ref Enq: 0.0 ms]
      [Redirty Cards: 1.5 ms]
      [Humongous Register: 0.0 ms]
      [Humongous Reclaim: 0.0 ms]
      [Free CSet: 0.1 ms]
   [Eden: 151.0M(151.0M)->0.0B(151.0M) Survivors: 2048.0K->2048.0K Heap: 200.1M(256.0M)->50210.5K(256.0M)]
Heap after GC invocations=692 (full 0):
 garbage-first heap   total 262144K, used 50210K [0x00000000f0000000, 0x00000000f0100800, 0x0000000100000000)
  region size 1024K, 2 young (2048K), 2 survivors (2048K)
 Metaspace       used 52923K, capacity 56204K, committed 56448K, reserved 1099776K
  class space    used 6461K, capacity 7028K, committed 7040K, reserved 1048576K
}
 [Times: user=0.05 sys=0.00, real=0.01 secs] 
{Heap before GC invocations=692 (full 0):
 garbage-first heap   total 262144K, used 204834K [0x00000000f0000000, 0x00000000f0100800, 0x0000000100000000)
  region size 1024K, 153 young (156672K), 2 survivors (2048K)
 Metaspace       used 52923K, capacity 56204K, committed 56448K, reserved 1099776K
  class space    used 6461K, capacity 7028K, committed 7040K, reserved 1048576K
2023-10-03T06:56:30.247+0800: 698.110: [GC pause (G1 Evacuation Pause) (young), 0.0105902 secs]
   [Parallel Time: 6.3 ms, GC Workers: 10]
      [GC Worker Start (ms): Min: 698110.7, Avg: 698111.0, Max: 698111.2, Diff: 0.5]
      [Ext Root Scanning (ms): Min: 1.6, Avg: 1.9, Max: 2.3, Diff: 0.6, Sum: 18.8]
      [Update RS (ms): Min: 1.5, Avg: 1.6, Max: 1.7, Diff: 0.2, Sum: 16.3]
         [Processed Buffers: Min: 9, Avg: 17.6, Max: 31, Diff: 22, Sum: 176]
      [Scan RS (ms): Min: 0.0, Avg: 0.1, Max: 0.1, Diff: 0.1, Sum: 0.6]
      [Code Root Scanning (ms): Min: 0.0, Avg: 0.0, Max: 0.0, Diff: 0.0, Sum: 0.0]
      [Object Copy (ms): Min: 1.5, Avg: 1.7, Max: 1.8, Diff: 0.3, Sum: 17.4]
      [Termination (ms): Min: 0.0, Avg: 0.0, Max: 0.0, Diff: 0.0, Sum: 0.0]
         [Termination Attempts: Min: 1, Avg: 1.0, Max: 1, Diff: 0, Sum: 10]
      [GC Worker Other (ms): Min: 0.0, Avg: 0.1, Max: 0.1, Diff: 0.1, Sum: 0.6]
      [GC Worker Total (ms): Min: 5.1, Avg: 5.4, Max: 5.7, Diff: 0.6, Sum: 53.8]
      [GC Worker End (ms): Min: 698116.3, Avg: 698116.4, Max: 698116.5, Diff: 0.1]
   [Code Root Fixup: 0.0 ms]
   [Code Root Purge: 0.0 ms]
   [Clear CT: 1.3 ms]
   [Other: 3.0 ms]
      [Choose CSet: 0.0 ms]
      [Ref Proc: 1.2 ms]
      [Ref Enq: 0.0 ms]
      [Redirty Cards: 1.3 ms]
      [Humongous Register: 0.0 ms]
      [Humongous Reclaim: 0.0 ms]
      [Free CSet: 0.1 ms]
   [Eden: 151.0M(151.0M)->0.0B(151.0M) Survivors: 2048.0K->2048.0K Heap: 200.0M(256.0M)->50750.4K(256.0M)]
Heap after GC invocations=693 (full 0):
 garbage-first heap   total 262144K, used 50750K [0x00000000f0000000, 0x00000000f0100800, 0x0000000100000000)
  region size 1024K, 2 young (2048K), 2 survivors (2048K)
 Metaspace       used 52923K, capacity 56204K, committed 56448K, reserved 1099776K
  class space    used 6461K, capacity 7028K, committed 7040K, reserved 1048576K
}
 [Times: user=0.06 sys=0.00, real=0.01 secs] 
{Heap before GC invocations=693 (full 0):
 garbage-first heap   total 262144K, used 205374K [0x00000000f0000000, 0x00000000f0100800, 0x0000000100000000)
  region size 1024K, 153 young (156672K), 2 survivors (2048K)
 Metaspace       used 52923K, capacity 56204K, committed 56448K, reserved 1099776K
  class space    used 6461K, capacity 7028K, committed 7040K, reserved 1048576K
2023-10-03T06:56:31.045+0800: 698.909: [GC pause (G1 Evacuation Pause) (young), 0.0108114 secs]
   [Parallel Time: 6.3 ms, GC Workers: 10]
      [GC Worker Start (ms): Min: 698908.9, Avg: 698909.1, Max: 698909.3, Diff: 0.4]
      [Ext Root Scanning (ms): Min: 1.7, Avg: 1.9, Max: 2.3, Diff: 0.5, Sum: 19.3]
      [Update RS (ms): Min: 1.6, Avg: 1.7, Max: 1.8, Diff: 0.2, Sum: 16.6]
         [Processed Buffers: Min: 12, Avg: 17.7, Max: 27, Diff: 15, Sum: 177]
      [Scan RS (ms): Min: 0.0, Avg: 0.1, Max: 0.1, Diff: 0.1, Sum: 0.7]
      [Code Root Scanning (ms): Min: 0.0, Avg: 0.0, Max: 0.0, Diff: 0.0, Sum: 0.0]
      [Object Copy (ms): Min: 1.4, Avg: 1.6, Max: 1.7, Diff: 0.3, Sum: 16.3]
      [Termination (ms): Min: 0.0, Avg: 0.0, Max: 0.0, Diff: 0.0, Sum: 0.0]
         [Termination Attempts: Min: 1, Avg: 1.2, Max: 2, Diff: 1, Sum: 12]
      [GC Worker Other (ms): Min: 0.0, Avg: 0.0, Max: 0.1, Diff: 0.1, Sum: 0.4]
      [GC Worker Total (ms): Min: 5.1, Avg: 5.3, Max: 5.5, Diff: 0.4, Sum: 53.4]
      [GC Worker End (ms): Min: 698914.4, Avg: 698914.4, Max: 698914.5, Diff: 0.1]
   [Code Root Fixup: 0.0 ms]
   [Code Root Purge: 0.0 ms]
   [Clear CT: 1.3 ms]
   [Other: 3.2 ms]
      [Choose CSet: 0.0 ms]
      [Ref Proc: 1.3 ms]
      [Ref Enq: 0.0 ms]
      [Redirty Cards: 1.3 ms]
      [Humongous Register: 0.0 ms]
      [Humongous Reclaim: 0.0 ms]
      [Free CSet: 0.1 ms]
   [Eden: 151.0M(151.0M)->0.0B(151.0M) Survivors: 2048.0K->2048.0K Heap: 200.6M(256.0M)->50319.6K(256.0M)]
Heap after GC invocations=694 (full 0):
 garbage-first heap   total 262144K, used 50319K [0x00000000f0000000, 0x00000000f0100800, 0x0000000100000000)
  region size 1024K, 2 young (2048K), 2 survivors (2048K)
 Metaspace       used 52923K, capacity 56204K, committed 56448K, reserved 1099776K
  class space    used 6461K, capacity 7028K, committed 7040K, reserved 1048576K
}
 [Times: user=0.06 sys=0.00, real=0.01 secs] 
{Heap before GC invocations=694 (full 0):
 garbage-first heap   total 262144K, used 204943K [0x00000000f0000000, 0x00000000f0100800, 0x0000000100000000)
  region size 1024K, 153 young (156672K), 2 survivors (2048K)
 Metaspace       used 52923K, capacity 56204K, committed 56448K, reserved 1099776K
  class space    used 6461K, capacity 7028K, committed 7040K, reserved 1048576K
2023-10-03T06:56:31.841+0800: 699.704: [GC pause (G1 Evacuation Pause) (young), 0.0111968 secs]
   [Parallel Time: 6.7 ms, GC Workers: 10]
      [GC Worker Start (ms): Min: 699704.2, Avg: 699704.4, Max: 699704.7, Diff: 0.5]
      [Ext Root Scanning (ms): Min: 1.8, Avg: 2.0, Max: 2.4, Diff: 0.6, Sum: 19.6]
      [Update RS (ms): Min: 1.6, Avg: 1.6, Max: 1.7, Diff: 0.2, Sum: 16.3]
         [Processed Buffers: Min: 11, Avg: 18.1, Max: 31, Diff: 20, Sum: 181]
      [Scan RS (ms): Min: 0.0, Avg: 0.1, Max: 0.1, Diff: 0.1, Sum: 0.7]
      [Code Root Scanning (ms): Min: 0.0, Avg: 0.0, Max: 0.0, Diff: 0.0, Sum: 0.0]
      [Object Copy (ms): Min: 1.7, Avg: 1.9, Max: 2.0, Diff: 0.3, Sum: 18.9]
      [Termination (ms): Min: 0.0, Avg: 0.0, Max: 0.0, Diff: 0.0, Sum: 0.1]
         [Termination Attempts: Min: 1, Avg: 2.4, Max: 4, Diff: 3, Sum: 24]
      [GC Worker Other (ms): Min: 0.0, Avg: 0.0, Max: 0.1, Diff: 0.1, Sum: 0.5]
      [GC Worker Total (ms): Min: 5.4, Avg: 5.6, Max: 5.9, Diff: 0.5, Sum: 56.1]
      [GC Worker End (ms): Min: 699710.0, Avg: 699710.0, Max: 699710.1, Diff: 0.1]
   [Code Root Fixup: 0.0 ms]
   [Code Root Purge: 0.0 ms]
   [Clear CT: 1.6 ms]
   [Other: 2.9 ms]
      [Choose CSet: 0.0 ms]
      [Ref Proc: 1.1 ms]
      [Ref Enq: 0.0 ms]
      [Redirty Cards: 1.2 ms]
      [Humongous Register: 0.0 ms]
      [Humongous Reclaim: 0.0 ms]
      [Free CSet: 0.1 ms]
   [Eden: 151.0M(151.0M)->0.0B(151.0M) Survivors: 2048.0K->2048.0K Heap: 200.1M(256.0M)->50455.9K(256.0M)]
Heap after GC invocations=695 (full 0):
 garbage-first heap   total 262144K, used 50455K [0x00000000f0000000, 0x00000000f0100800, 0x0000000100000000)
  region size 1024K, 2 young (2048K), 2 survivors (2048K)
 Metaspace       used 52923K, capacity 56204K, committed 56448K, reserved 1099776K
  class space    used 6461K, capacity 7028K, committed 7040K, reserved 1048576K
}
 [Times: user=0.06 sys=0.01, real=0.01 secs] 
{Heap before GC invocations=695 (full 0):
 garbage-first heap   total 262144K, used 205079K [0x00000000f0000000, 0x00000000f0100800, 0x0000000100000000)
  region size 1024K, 153 young (156672K), 2 survivors (2048K)
 Metaspace       used 52923K, capacity 56204K, committed 56448K, reserved 1099776K
  class space    used 6461K, capacity 7028K, committed 7040K, reserved 1048576K
2023-10-03T06:56:32.643+0800: 700.506: [GC pause (G1 Evacuation Pause) (young), 0.0109425 secs]
   [Parallel Time: 6.5 ms, GC Workers: 10]
      [GC Worker Start (ms): Min: 700506.3, Avg: 700506.6, Max: 700507.0, Diff: 0.7]
      [Ext Root Scanning (ms): Min: 1.6, Avg: 1.9, Max: 2.4, Diff: 0.8, Sum: 18.8]
      [Update RS (ms): Min: 1.6, Avg: 1.7, Max: 1.8, Diff: 0.2, Sum: 16.8]
         [Processed Buffers: Min: 11, Avg: 18.2, Max: 38, Diff: 27, Sum: 182]
      [Scan RS (ms): Min: 0.0, Avg: 0.1, Max: 0.1, Diff: 0.1, Sum: 0.5]
      [Code Root Scanning (ms): Min: 0.0, Avg: 0.0, Max: 0.0, Diff: 0.0, Sum: 0.0]
      [Object Copy (ms): Min: 1.6, Avg: 1.8, Max: 1.8, Diff: 0.2, Sum: 17.5]
      [Termination (ms): Min: 0.0, Avg: 0.0, Max: 0.0, Diff: 0.0, Sum: 0.1]
         [Termination Attempts: Min: 1, Avg: 1.3, Max: 2, Diff: 1, Sum: 13]
      [GC Worker Other (ms): Min: 0.0, Avg: 0.1, Max: 0.1, Diff: 0.1, Sum: 0.5]
      [GC Worker Total (ms): Min: 5.1, Avg: 5.4, Max: 5.7, Diff: 0.6, Sum: 54.2]
      [GC Worker End (ms): Min: 700512.0, Avg: 700512.0, Max: 700512.1, Diff: 0.1]
   [Code Root Fixup: 0.0 ms]
   [Code Root Purge: 0.0 ms]
   [Clear CT: 1.4 ms]
   [Other: 3.1 ms]
      [Choose CSet: 0.0 ms]
      [Ref Proc: 1.3 ms]
      [Ref Enq: 0.0 ms]
      [Redirty Cards: 1.2 ms]
      [Humongous Register: 0.0 ms]
      [Humongous Reclaim: 0.0 ms]
      [Free CSet: 0.1 ms]
   [Eden: 151.0M(151.0M)->0.0B(151.0M) Survivors: 2048.0K->2048.0K Heap: 200.3M(256.0M)->50472.9K(256.0M)]
Heap after GC invocations=696 (full 0):
 garbage-first heap   total 262144K, used 50472K [0x00000000f0000000, 0x00000000f0100800, 0x0000000100000000)
  region size 1024K, 2 young (2048K), 2 survivors (2048K)
 Metaspace       used 52923K, capacity 56204K, committed 56448K, reserved 1099776K
  class space    used 6461K, capacity 7028K, committed 7040K, reserved 1048576K
}
 [Times: user=0.05 sys=0.01, real=0.01 secs] 
{Heap before GC invocations=696 (full 0):
 garbage-first heap   total 262144K, used 205096K [0x00000000f0000000, 0x00000000f0100800, 0x0000000100000000)
  region size 1024K, 153 young (156672K), 2 survivors (2048K)
 Metaspace       used 52923K, capacity 56204K, committed 56448K, reserved 1099776K
  class space    used 6461K, capacity 7028K, committed 7040K, reserved 1048576K
2023-10-03T06:56:33.435+0800: 701.298: [GC pause (G1 Evacuation Pause) (young), 0.0111015 secs]
   [Parallel Time: 6.3 ms, GC Workers: 10]
      [GC Worker Start (ms): Min: 701298.2, Avg: 701298.5, Max: 701298.7, Diff: 0.5]
      [Ext Root Scanning (ms): Min: 1.5, Avg: 1.9, Max: 2.3, Diff: 0.7, Sum: 18.6]
      [Update RS (ms): Min: 1.5, Avg: 1.6, Max: 1.7, Diff: 0.2, Sum: 16.1]
         [Processed Buffers: Min: 12, Avg: 18.1, Max: 38, Diff: 26, Sum: 181]
      [Scan RS (ms): Min: 0.0, Avg: 0.1, Max: 0.1, Diff: 0.1, Sum: 0.6]
      [Code Root Scanning (ms): Min: 0.0, Avg: 0.0, Max: 0.0, Diff: 0.0, Sum: 0.0]
      [Object Copy (ms): Min: 1.6, Avg: 1.8, Max: 1.8, Diff: 0.3, Sum: 17.6]
      [Termination (ms): Min: 0.0, Avg: 0.0, Max: 0.0, Diff: 0.0, Sum: 0.0]
         [Termination Attempts: Min: 1, Avg: 1.1, Max: 2, Diff: 1, Sum: 11]
      [GC Worker Other (ms): Min: 0.0, Avg: 0.0, Max: 0.1, Diff: 0.1, Sum: 0.4]
      [GC Worker Total (ms): Min: 5.1, Avg: 5.3, Max: 5.6, Diff: 0.5, Sum: 53.4]
      [GC Worker End (ms): Min: 701303.8, Avg: 701303.8, Max: 701303.8, Diff: 0.1]
   [Code Root Fixup: 0.0 ms]
   [Code Root Purge: 0.0 ms]
   [Clear CT: 1.5 ms]
   [Other: 3.3 ms]
      [Choose CSet: 0.0 ms]
      [Ref Proc: 1.3 ms]
      [Ref Enq: 0.0 ms]
      [Redirty Cards: 1.5 ms]
      [Humongous Register: 0.0 ms]
      [Humongous Reclaim: 0.0 ms]
      [Free CSet: 0.1 ms]
   [Eden: 151.0M(151.0M)->0.0B(151.0M) Survivors: 2048.0K->2048.0K Heap: 200.3M(256.0M)->50355.1K(256.0M)]
Heap after GC invocations=697 (full 0):
 garbage-first heap   total 262144K, used 50355K [0x00000000f0000000, 0x00000000f0100800, 0x0000000100000000)
  region size 1024K, 2 young (2048K), 2 survivors (2048K)
 Metaspace       used 52923K, capacity 56204K, committed 56448K, reserved 1099776K
  class space    used 6461K, capacity 7028K, committed 7040K, reserved 1048576K
}
 [Times: user=0.06 sys=0.00, real=0.01 secs] 
{Heap before GC invocations=697 (full 0):
 garbage-first heap   total 262144K, used 204979K [0x00000000f0000000, 0x00000000f0100800, 0x0000000100000000)
  region size 1024K, 153 young (156672K), 2 survivors (2048K)
 Metaspace       used 52923K, capacity 56204K, committed 56448K, reserved 1099776K
  class space    used 6461K, capacity 7028K, committed 7040K, reserved 1048576K
2023-10-03T06:56:34.209+0800: 702.072: [GC pause (G1 Evacuation Pause) (young), 0.0110770 secs]
   [Parallel Time: 6.3 ms, GC Workers: 10]
      [GC Worker Start (ms): Min: 702072.4, Avg: 702072.6, Max: 702072.9, Diff: 0.5]
      [Ext Root Scanning (ms): Min: 1.7, Avg: 1.9, Max: 2.3, Diff: 0.6, Sum: 18.9]
      [Update RS (ms): Min: 1.6, Avg: 1.6, Max: 1.8, Diff: 0.2, Sum: 16.5]
         [Processed Buffers: Min: 11, Avg: 18.1, Max: 35, Diff: 24, Sum: 181]
      [Scan RS (ms): Min: 0.0, Avg: 0.1, Max: 0.1, Diff: 0.1, Sum: 0.6]
      [Code Root Scanning (ms): Min: 0.0, Avg: 0.0, Max: 0.0, Diff: 0.0, Sum: 0.0]
      [Object Copy (ms): Min: 1.4, Avg: 1.6, Max: 1.7, Diff: 0.3, Sum: 16.0]
      [Termination (ms): Min: 0.0, Avg: 0.0, Max: 0.0, Diff: 0.0, Sum: 0.0]
         [Termination Attempts: Min: 1, Avg: 1.0, Max: 1, Diff: 0, Sum: 10]
      [GC Worker Other (ms): Min: 0.0, Avg: 0.1, Max: 0.1, Diff: 0.1, Sum: 0.6]
      [GC Worker Total (ms): Min: 5.1, Avg: 5.3, Max: 5.5, Diff: 0.4, Sum: 52.6]
      [GC Worker End (ms): Min: 702077.9, Avg: 702077.9, Max: 702078.0, Diff: 0.1]
   [Code Root Fixup: 0.0 ms]
   [Code Root Purge: 0.0 ms]
   [Clear CT: 1.5 ms]
   [Other: 3.3 ms]
      [Choose CSet: 0.0 ms]
      [Ref Proc: 1.4 ms]
      [Ref Enq: 0.0 ms]
      [Redirty Cards: 1.4 ms]
      [Humongous Register: 0.0 ms]
      [Humongous Reclaim: 0.0 ms]
      [Free CSet: 0.1 ms]
   [Eden: 151.0M(151.0M)->0.0B(151.0M) Survivors: 2048.0K->2048.0K Heap: 200.2M(256.0M)->50352.8K(256.0M)]
Heap after GC invocations=698 (full 0):
 garbage-first heap   total 262144K, used 50352K [0x00000000f0000000, 0x00000000f0100800, 0x0000000100000000)
  region size 1024K, 2 young (2048K), 2 survivors (2048K)
 Metaspace       used 52923K, capacity 56204K, committed 56448K, reserved 1099776K
  class space    used 6461K, capacity 7028K, committed 7040K, reserved 1048576K
}
 [Times: user=0.05 sys=0.00, real=0.02 secs] 
{Heap before GC invocations=698 (full 0):
 garbage-first heap   total 262144K, used 204976K [0x00000000f0000000, 0x00000000f0100800, 0x0000000100000000)
  region size 1024K, 153 young (156672K), 2 survivors (2048K)
 Metaspace       used 52923K, capacity 56204K, committed 56448K, reserved 1099776K
  class space    used 6461K, capacity 7028K, committed 7040K, reserved 1048576K
2023-10-03T06:56:34.977+0800: 702.841: [GC pause (G1 Evacuation Pause) (young), 0.0109371 secs]
   [Parallel Time: 6.4 ms, GC Workers: 10]
      [GC Worker Start (ms): Min: 702840.9, Avg: 702841.2, Max: 702841.5, Diff: 0.5]
      [Ext Root Scanning (ms): Min: 1.7, Avg: 2.0, Max: 2.4, Diff: 0.7, Sum: 19.6]
      [Update RS (ms): Min: 1.5, Avg: 1.6, Max: 1.7, Diff: 0.2, Sum: 16.3]
         [Processed Buffers: Min: 14, Avg: 17.8, Max: 32, Diff: 18, Sum: 178]
      [Scan RS (ms): Min: 0.0, Avg: 0.1, Max: 0.1, Diff: 0.1, Sum: 0.6]
      [Code Root Scanning (ms): Min: 0.0, Avg: 0.0, Max: 0.0, Diff: 0.0, Sum: 0.0]
      [Object Copy (ms): Min: 1.5, Avg: 1.7, Max: 1.8, Diff: 0.3, Sum: 17.3]
      [Termination (ms): Min: 0.0, Avg: 0.0, Max: 0.0, Diff: 0.0, Sum: 0.0]
         [Termination Attempts: Min: 1, Avg: 1.2, Max: 2, Diff: 1, Sum: 12]
      [GC Worker Other (ms): Min: 0.0, Avg: 0.0, Max: 0.1, Diff: 0.1, Sum: 0.4]
      [GC Worker Total (ms): Min: 5.2, Avg: 5.4, Max: 5.7, Diff: 0.5, Sum: 54.3]
      [GC Worker End (ms): Min: 702846.6, Avg: 702846.6, Max: 702846.7, Diff: 0.1]
   [Code Root Fixup: 0.0 ms]
   [Code Root Purge: 0.0 ms]
   [Clear CT: 1.2 ms]
   [Other: 3.3 ms]
      [Choose CSet: 0.0 ms]
      [Ref Proc: 1.5 ms]
      [Ref Enq: 0.0 ms]
      [Redirty Cards: 1.3 ms]
      [Humongous Register: 0.0 ms]
      [Humongous Reclaim: 0.0 ms]
      [Free CSet: 0.1 ms]
   [Eden: 151.0M(151.0M)->0.0B(151.0M) Survivors: 2048.0K->2048.0K Heap: 200.2M(256.0M)->50471.1K(256.0M)]
Heap after GC invocations=699 (full 0):
 garbage-first heap   total 262144K, used 50471K [0x00000000f0000000, 0x00000000f0100800, 0x0000000100000000)
  region size 1024K, 2 young (2048K), 2 survivors (2048K)
 Metaspace       used 52923K, capacity 56204K, committed 56448K, reserved 1099776K
  class space    used 6461K, capacity 7028K, committed 7040K, reserved 1048576K
}
 [Times: user=0.06 sys=0.00, real=0.01 secs] 
{Heap before GC invocations=699 (full 0):
 garbage-first heap   total 262144K, used 205095K [0x00000000f0000000, 0x00000000f0100800, 0x0000000100000000)
  region size 1024K, 153 young (156672K), 2 survivors (2048K)
 Metaspace       used 52923K, capacity 56204K, committed 56448K, reserved 1099776K
  class space    used 6461K, capacity 7028K, committed 7040K, reserved 1048576K
2023-10-03T06:56:35.780+0800: 703.643: [GC pause (G1 Evacuation Pause) (young), 0.0110903 secs]
   [Parallel Time: 6.3 ms, GC Workers: 10]
      [GC Worker Start (ms): Min: 703643.6, Avg: 703643.8, Max: 703644.1, Diff: 0.5]
      [Ext Root Scanning (ms): Min: 1.6, Avg: 1.9, Max: 2.3, Diff: 0.6, Sum: 18.7]
      [Update RS (ms): Min: 1.6, Avg: 1.7, Max: 1.7, Diff: 0.1, Sum: 16.7]
         [Processed Buffers: Min: 12, Avg: 18.0, Max: 34, Diff: 22, Sum: 180]
      [Scan RS (ms): Min: 0.0, Avg: 0.1, Max: 0.1, Diff: 0.1, Sum: 0.6]
      [Code Root Scanning (ms): Min: 0.0, Avg: 0.0, Max: 0.0, Diff: 0.0, Sum: 0.0]
      [Object Copy (ms): Min: 1.5, Avg: 1.7, Max: 1.8, Diff: 0.3, Sum: 17.5]
      [Termination (ms): Min: 0.0, Avg: 0.0, Max: 0.0, Diff: 0.0, Sum: 0.0]
         [Termination Attempts: Min: 1, Avg: 1.2, Max: 2, Diff: 1, Sum: 12]
      [GC Worker Other (ms): Min: 0.0, Avg: 0.1, Max: 0.1, Diff: 0.1, Sum: 0.6]
      [GC Worker Total (ms): Min: 5.2, Avg: 5.4, Max: 5.7, Diff: 0.5, Sum: 54.1]
      [GC Worker End (ms): Min: 703649.2, Avg: 703649.2, Max: 703649.3, Diff: 0.1]
   [Code Root Fixup: 0.0 ms]
   [Code Root Purge: 0.0 ms]
   [Clear CT: 1.6 ms]
   [Other: 3.2 ms]
      [Choose CSet: 0.0 ms]
      [Ref Proc: 1.2 ms]
      [Ref Enq: 0.0 ms]
      [Redirty Cards: 1.4 ms]
      [Humongous Register: 0.0 ms]
      [Humongous Reclaim: 0.0 ms]
      [Free CSet: 0.1 ms]
   [Eden: 151.0M(151.0M)->0.0B(151.0M) Survivors: 2048.0K->2048.0K Heap: 200.3M(256.0M)->50364.2K(256.0M)]
Heap after GC invocations=700 (full 0):
 garbage-first heap   total 262144K, used 50364K [0x00000000f0000000, 0x00000000f0100800, 0x0000000100000000)
  region size 1024K, 2 young (2048K), 2 survivors (2048K)
 Metaspace       used 52923K, capacity 56204K, committed 56448K, reserved 1099776K
  class space    used 6461K, capacity 7028K, committed 7040K, reserved 1048576K
}
 [Times: user=0.05 sys=0.01, real=0.01 secs] 
{Heap before GC invocations=700 (full 0):
 garbage-first heap   total 262144K, used 204988K [0x00000000f0000000, 0x00000000f0100800, 0x0000000100000000)
  region size 1024K, 153 young (156672K), 2 survivors (2048K)
 Metaspace       used 52923K, capacity 56204K, committed 56448K, reserved 1099776K
  class space    used 6461K, capacity 7028K, committed 7040K, reserved 1048576K
2023-10-03T06:56:36.565+0800: 704.428: [GC pause (G1 Evacuation Pause) (young), 0.0110421 secs]
   [Parallel Time: 6.6 ms, GC Workers: 10]
      [GC Worker Start (ms): Min: 704428.2, Avg: 704428.5, Max: 704428.7, Diff: 0.5]
      [Ext Root Scanning (ms): Min: 1.7, Avg: 2.0, Max: 2.4, Diff: 0.7, Sum: 20.0]
      [Update RS (ms): Min: 1.5, Avg: 1.6, Max: 1.7, Diff: 0.2, Sum: 16.1]
         [Processed Buffers: Min: 10, Avg: 18.0, Max: 34, Diff: 24, Sum: 180]
      [Scan RS (ms): Min: 0.0, Avg: 0.1, Max: 0.1, Diff: 0.1, Sum: 0.7]
      [Code Root Scanning (ms): Min: 0.0, Avg: 0.0, Max: 0.0, Diff: 0.0, Sum: 0.0]
      [Object Copy (ms): Min: 1.7, Avg: 1.9, Max: 1.9, Diff: 0.3, Sum: 18.5]
      [Termination (ms): Min: 0.0, Avg: 0.0, Max: 0.0, Diff: 0.0, Sum: 0.1]
         [Termination Attempts: Min: 1, Avg: 1.8, Max: 3, Diff: 2, Sum: 18]
      [GC Worker Other (ms): Min: 0.0, Avg: 0.0, Max: 0.0, Diff: 0.0, Sum: 0.3]
      [GC Worker Total (ms): Min: 5.4, Avg: 5.6, Max: 5.8, Diff: 0.4, Sum: 55.8]
      [GC Worker End (ms): Min: 704434.1, Avg: 704434.1, Max: 704434.1, Diff: 0.0]
   [Code Root Fixup: 0.0 ms]
   [Code Root Purge: 0.0 ms]
   [Clear CT: 1.2 ms]
   [Other: 3.2 ms]
      [Choose CSet: 0.0 ms]
      [Ref Proc: 1.3 ms]
      [Ref Enq: 0.0 ms]
      [Redirty Cards: 1.4 ms]
      [Humongous Register: 0.0 ms]
      [Humongous Reclaim: 0.0 ms]
      [Free CSet: 0.1 ms]
   [Eden: 151.0M(151.0M)->0.0B(151.0M) Survivors: 2048.0K->2048.0K Heap: 200.2M(256.0M)->50746.7K(256.0M)]
Heap after GC invocations=701 (full 0):
 garbage-first heap   total 262144K, used 50746K [0x00000000f0000000, 0x00000000f0100800, 0x0000000100000000)
  region size 1024K, 2 young (2048K), 2 survivors (2048K)
 Metaspace       used 52923K, capacity 56204K, committed 56448K, reserved 1099776K
  class space    used 6461K, capacity 7028K, committed 7040K, reserved 1048576K
}
 [Times: user=0.07 sys=0.00, real=0.01 secs] 
{Heap before GC invocations=701 (full 0):
 garbage-first heap   total 262144K, used 205370K [0x00000000f0000000, 0x00000000f0100800, 0x0000000100000000)
  region size 1024K, 153 young (156672K), 2 survivors (2048K)
 Metaspace       used 52923K, capacity 56204K, committed 56448K, reserved 1099776K
  class space    used 6461K, capacity 7028K, committed 7040K, reserved 1048576K
2023-10-03T06:56:37.357+0800: 705.220: [GC pause (G1 Evacuation Pause) (young), 0.0107211 secs]
   [Parallel Time: 6.1 ms, GC Workers: 10]
      [GC Worker Start (ms): Min: 705220.6, Avg: 705220.8, Max: 705221.0, Diff: 0.5]
      [Ext Root Scanning (ms): Min: 1.7, Avg: 1.9, Max: 2.3, Diff: 0.6, Sum: 19.0]
      [Update RS (ms): Min: 1.5, Avg: 1.6, Max: 1.7, Diff: 0.2, Sum: 15.9]
         [Processed Buffers: Min: 7, Avg: 18.1, Max: 32, Diff: 25, Sum: 181]
      [Scan RS (ms): Min: 0.0, Avg: 0.1, Max: 0.1, Diff: 0.1, Sum: 0.6]
      [Code Root Scanning (ms): Min: 0.0, Avg: 0.0, Max: 0.0, Diff: 0.0, Sum: 0.0]
      [Object Copy (ms): Min: 1.4, Avg: 1.6, Max: 1.7, Diff: 0.3, Sum: 16.0]
      [Termination (ms): Min: 0.0, Avg: 0.0, Max: 0.0, Diff: 0.0, Sum: 0.1]
         [Termination Attempts: Min: 1, Avg: 1.0, Max: 1, Diff: 0, Sum: 10]
      [GC Worker Other (ms): Min: 0.0, Avg: 0.1, Max: 0.1, Diff: 0.1, Sum: 0.5]
      [GC Worker Total (ms): Min: 5.0, Avg: 5.2, Max: 5.5, Diff: 0.5, Sum: 52.1]
      [GC Worker End (ms): Min: 705226.0, Avg: 705226.0, Max: 705226.1, Diff: 0.1]
   [Code Root Fixup: 0.0 ms]
   [Code Root Purge: 0.0 ms]
   [Clear CT: 1.3 ms]
   [Other: 3.3 ms]
      [Choose CSet: 0.0 ms]
      [Ref Proc: 1.4 ms]
      [Ref Enq: 0.0 ms]
      [Redirty Cards: 1.4 ms]
      [Humongous Register: 0.0 ms]
      [Humongous Reclaim: 0.0 ms]
      [Free CSet: 0.1 ms]
   [Eden: 151.0M(151.0M)->0.0B(151.0M) Survivors: 2048.0K->2048.0K Heap: 200.6M(256.0M)->50401.1K(256.0M)]
Heap after GC invocations=702 (full 0):
 garbage-first heap   total 262144K, used 50401K [0x00000000f0000000, 0x00000000f0100800, 0x0000000100000000)
  region size 1024K, 2 young (2048K), 2 survivors (2048K)
 Metaspace       used 52923K, capacity 56204K, committed 56448K, reserved 1099776K
  class space    used 6461K, capacity 7028K, committed 7040K, reserved 1048576K
}
 [Times: user=0.05 sys=0.01, real=0.01 secs] 
{Heap before GC invocations=702 (full 0):
 garbage-first heap   total 262144K, used 205025K [0x00000000f0000000, 0x00000000f0100800, 0x0000000100000000)
  region size 1024K, 153 young (156672K), 2 survivors (2048K)
 Metaspace       used 52923K, capacity 56204K, committed 56448K, reserved 1099776K
  class space    used 6461K, capacity 7028K, committed 7040K, reserved 1048576K
2023-10-03T06:56:38.156+0800: 706.019: [GC pause (G1 Evacuation Pause) (young), 0.0109371 secs]
   [Parallel Time: 6.4 ms, GC Workers: 10]
      [GC Worker Start (ms): Min: 706019.8, Avg: 706020.0, Max: 706020.3, Diff: 0.5]
      [Ext Root Scanning (ms): Min: 1.7, Avg: 1.9, Max: 2.4, Diff: 0.7, Sum: 19.5]
      [Update RS (ms): Min: 1.6, Avg: 1.7, Max: 1.8, Diff: 0.1, Sum: 16.7]
         [Processed Buffers: Min: 8, Avg: 17.8, Max: 31, Diff: 23, Sum: 178]
      [Scan RS (ms): Min: 0.0, Avg: 0.1, Max: 0.1, Diff: 0.1, Sum: 0.6]
      [Code Root Scanning (ms): Min: 0.0, Avg: 0.0, Max: 0.0, Diff: 0.0, Sum: 0.0]
      [Object Copy (ms): Min: 1.5, Avg: 1.6, Max: 1.7, Diff: 0.3, Sum: 16.4]
      [Termination (ms): Min: 0.0, Avg: 0.0, Max: 0.0, Diff: 0.0, Sum: 0.0]
         [Termination Attempts: Min: 1, Avg: 1.0, Max: 1, Diff: 0, Sum: 10]
      [GC Worker Other (ms): Min: 0.0, Avg: 0.1, Max: 0.1, Diff: 0.1, Sum: 0.5]
      [GC Worker Total (ms): Min: 5.1, Avg: 5.4, Max: 5.6, Diff: 0.5, Sum: 53.8]
      [GC Worker End (ms): Min: 706025.4, Avg: 706025.4, Max: 706025.5, Diff: 0.1]
   [Code Root Fixup: 0.0 ms]
   [Code Root Purge: 0.0 ms]
   [Clear CT: 1.5 ms]
   [Other: 3.0 ms]
      [Choose CSet: 0.0 ms]
      [Ref Proc: 1.2 ms]
      [Ref Enq: 0.0 ms]
      [Redirty Cards: 1.2 ms]
      [Humongous Register: 0.0 ms]
      [Humongous Reclaim: 0.0 ms]
      [Free CSet: 0.1 ms]
   [Eden: 151.0M(151.0M)->0.0B(151.0M) Survivors: 2048.0K->2048.0K Heap: 200.2M(256.0M)->50386.3K(256.0M)]
Heap after GC invocations=703 (full 0):
 garbage-first heap   total 262144K, used 50386K [0x00000000f0000000, 0x00000000f0100800, 0x0000000100000000)
  region size 1024K, 2 young (2048K), 2 survivors (2048K)
 Metaspace       used 52923K, capacity 56204K, committed 56448K, reserved 1099776K
  class space    used 6461K, capacity 7028K, committed 7040K, reserved 1048576K
}
 [Times: user=0.05 sys=0.01, real=0.01 secs] 
{Heap before GC invocations=703 (full 0):
 garbage-first heap   total 262144K, used 205010K [0x00000000f0000000, 0x00000000f0100800, 0x0000000100000000)
  region size 1024K, 153 young (156672K), 2 survivors (2048K)
 Metaspace       used 52923K, capacity 56204K, committed 56448K, reserved 1099776K
  class space    used 6461K, capacity 7028K, committed 7040K, reserved 1048576K
2023-10-03T06:56:38.961+0800: 706.825: [GC pause (G1 Evacuation Pause) (young), 0.0107311 secs]
   [Parallel Time: 6.5 ms, GC Workers: 10]
      [GC Worker Start (ms): Min: 706825.0, Avg: 706825.3, Max: 706825.5, Diff: 0.5]
      [Ext Root Scanning (ms): Min: 1.7, Avg: 1.9, Max: 2.4, Diff: 0.7, Sum: 19.3]
      [Update RS (ms): Min: 1.6, Avg: 1.6, Max: 1.7, Diff: 0.2, Sum: 16.2]
         [Processed Buffers: Min: 11, Avg: 18.1, Max: 32, Diff: 21, Sum: 181]
      [Scan RS (ms): Min: 0.0, Avg: 0.1, Max: 0.1, Diff: 0.1, Sum: 0.8]
      [Code Root Scanning (ms): Min: 0.0, Avg: 0.0, Max: 0.0, Diff: 0.0, Sum: 0.0]
      [Object Copy (ms): Min: 1.5, Avg: 1.8, Max: 1.8, Diff: 0.3, Sum: 17.7]
      [Termination (ms): Min: 0.0, Avg: 0.0, Max: 0.0, Diff: 0.0, Sum: 0.0]
         [Termination Attempts: Min: 1, Avg: 1.5, Max: 2, Diff: 1, Sum: 15]
      [GC Worker Other (ms): Min: 0.0, Avg: 0.0, Max: 0.1, Diff: 0.1, Sum: 0.5]
      [GC Worker Total (ms): Min: 5.3, Avg: 5.5, Max: 5.7, Diff: 0.4, Sum: 54.6]
      [GC Worker End (ms): Min: 706830.7, Avg: 706830.7, Max: 706830.8, Diff: 0.1]
   [Code Root Fixup: 0.0 ms]
   [Code Root Purge: 0.0 ms]
   [Clear CT: 1.3 ms]
   [Other: 2.9 ms]
      [Choose CSet: 0.0 ms]
      [Ref Proc: 1.1 ms]
      [Ref Enq: 0.0 ms]
      [Redirty Cards: 1.3 ms]
      [Humongous Register: 0.0 ms]
      [Humongous Reclaim: 0.0 ms]
      [Free CSet: 0.1 ms]
   [Eden: 151.0M(151.0M)->0.0B(151.0M) Survivors: 2048.0K->2048.0K Heap: 200.2M(256.0M)->50404.7K(256.0M)]
Heap after GC invocations=704 (full 0):
 garbage-first heap   total 262144K, used 50404K [0x00000000f0000000, 0x00000000f0100800, 0x0000000100000000)
  region size 1024K, 2 young (2048K), 2 survivors (2048K)
 Metaspace       used 52923K, capacity 56204K, committed 56448K, reserved 1099776K
  class space    used 6461K, capacity 7028K, committed 7040K, reserved 1048576K
}
 [Times: user=0.06 sys=0.00, real=0.01 secs] 
{Heap before GC invocations=704 (full 0):
 garbage-first heap   total 262144K, used 205028K [0x00000000f0000000, 0x00000000f0100800, 0x0000000100000000)
  region size 1024K, 153 young (156672K), 2 survivors (2048K)
 Metaspace       used 52923K, capacity 56204K, committed 56448K, reserved 1099776K
  class space    used 6461K, capacity 7028K, committed 7040K, reserved 1048576K
2023-10-03T06:56:39.760+0800: 707.624: [GC pause (G1 Evacuation Pause) (young), 0.0108089 secs]
   [Parallel Time: 6.1 ms, GC Workers: 10]
      [GC Worker Start (ms): Min: 707623.9, Avg: 707624.2, Max: 707624.4, Diff: 0.5]
      [Ext Root Scanning (ms): Min: 1.6, Avg: 1.8, Max: 2.2, Diff: 0.6, Sum: 18.1]
      [Update RS (ms): Min: 1.6, Avg: 1.6, Max: 1.7, Diff: 0.2, Sum: 16.4]
         [Processed Buffers: Min: 10, Avg: 17.8, Max: 33, Diff: 23, Sum: 178]
      [Scan RS (ms): Min: 0.0, Avg: 0.1, Max: 0.1, Diff: 0.1, Sum: 0.6]
      [Code Root Scanning (ms): Min: 0.0, Avg: 0.0, Max: 0.0, Diff: 0.0, Sum: 0.0]
      [Object Copy (ms): Min: 1.4, Avg: 1.6, Max: 1.7, Diff: 0.3, Sum: 16.2]
      [Termination (ms): Min: 0.0, Avg: 0.0, Max: 0.0, Diff: 0.0, Sum: 0.0]
         [Termination Attempts: Min: 1, Avg: 1.0, Max: 1, Diff: 0, Sum: 10]
      [GC Worker Other (ms): Min: 0.0, Avg: 0.1, Max: 0.1, Diff: 0.1, Sum: 0.6]
      [GC Worker Total (ms): Min: 4.9, Avg: 5.2, Max: 5.4, Diff: 0.5, Sum: 51.9]
      [GC Worker End (ms): Min: 707629.3, Avg: 707629.4, Max: 707629.5, Diff: 0.1]
   [Code Root Fixup: 0.0 ms]
   [Code Root Purge: 0.0 ms]
   [Clear CT: 1.5 ms]
   [Other: 3.2 ms]
      [Choose CSet: 0.0 ms]
      [Ref Proc: 1.4 ms]
      [Ref Enq: 0.0 ms]
      [Redirty Cards: 1.3 ms]
      [Humongous Register: 0.0 ms]
      [Humongous Reclaim: 0.0 ms]
      [Free CSet: 0.1 ms]
   [Eden: 151.0M(151.0M)->0.0B(151.0M) Survivors: 2048.0K->2048.0K Heap: 200.2M(256.0M)->50399.8K(256.0M)]
Heap after GC invocations=705 (full 0):
 garbage-first heap   total 262144K, used 50399K [0x00000000f0000000, 0x00000000f0100800, 0x0000000100000000)
  region size 1024K, 2 young (2048K), 2 survivors (2048K)
 Metaspace       used 52923K, capacity 56204K, committed 56448K, reserved 1099776K
  class space    used 6461K, capacity 7028K, committed 7040K, reserved 1048576K
}
 [Times: user=0.06 sys=0.01, real=0.01 secs] 
{Heap before GC invocations=705 (full 0):
 garbage-first heap   total 262144K, used 205023K [0x00000000f0000000, 0x00000000f0100800, 0x0000000100000000)
  region size 1024K, 153 young (156672K), 2 survivors (2048K)
 Metaspace       used 52923K, capacity 56204K, committed 56448K, reserved 1099776K
  class space    used 6461K, capacity 7028K, committed 7040K, reserved 1048576K
2023-10-03T06:56:40.553+0800: 708.417: [GC pause (G1 Evacuation Pause) (young), 0.0109720 secs]
   [Parallel Time: 6.1 ms, GC Workers: 10]
      [GC Worker Start (ms): Min: 708417.0, Avg: 708417.3, Max: 708417.6, Diff: 0.5]
      [Ext Root Scanning (ms): Min: 1.6, Avg: 1.9, Max: 2.3, Diff: 0.7, Sum: 18.8]
      [Update RS (ms): Min: 1.5, Avg: 1.6, Max: 1.7, Diff: 0.2, Sum: 16.3]
         [Processed Buffers: Min: 10, Avg: 17.8, Max: 33, Diff: 23, Sum: 178]
      [Scan RS (ms): Min: 0.0, Avg: 0.1, Max: 0.1, Diff: 0.1, Sum: 0.6]
      [Code Root Scanning (ms): Min: 0.0, Avg: 0.0, Max: 0.0, Diff: 0.0, Sum: 0.0]
      [Object Copy (ms): Min: 1.4, Avg: 1.6, Max: 1.7, Diff: 0.3, Sum: 16.5]
      [Termination (ms): Min: 0.0, Avg: 0.0, Max: 0.0, Diff: 0.0, Sum: 0.0]
         [Termination Attempts: Min: 1, Avg: 1.3, Max: 3, Diff: 2, Sum: 13]
      [GC Worker Other (ms): Min: 0.0, Avg: 0.0, Max: 0.1, Diff: 0.1, Sum: 0.5]
      [GC Worker Total (ms): Min: 5.0, Avg: 5.3, Max: 5.5, Diff: 0.5, Sum: 52.7]
      [GC Worker End (ms): Min: 708422.6, Avg: 708422.6, Max: 708422.6, Diff: 0.1]
   [Code Root Fixup: 0.0 ms]
   [Code Root Purge: 0.0 ms]
   [Clear CT: 1.8 ms]
   [Other: 3.0 ms]
      [Choose CSet: 0.0 ms]
      [Ref Proc: 1.1 ms]
      [Ref Enq: 0.0 ms]
      [Redirty Cards: 1.4 ms]
      [Humongous Register: 0.0 ms]
      [Humongous Reclaim: 0.0 ms]
      [Free CSet: 0.1 ms]
   [Eden: 151.0M(151.0M)->0.0B(151.0M) Survivors: 2048.0K->2048.0K Heap: 200.2M(256.0M)->50397.5K(256.0M)]
Heap after GC invocations=706 (full 0):
 garbage-first heap   total 262144K, used 50397K [0x00000000f0000000, 0x00000000f0100800, 0x0000000100000000)
  region size 1024K, 2 young (2048K), 2 survivors (2048K)
 Metaspace       used 52923K, capacity 56204K, committed 56448K, reserved 1099776K
  class space    used 6461K, capacity 7028K, committed 7040K, reserved 1048576K
}
 [Times: user=0.05 sys=0.01, real=0.01 secs] 
{Heap before GC invocations=706 (full 0):
 garbage-first heap   total 262144K, used 205021K [0x00000000f0000000, 0x00000000f0100800, 0x0000000100000000)
  region size 1024K, 153 young (156672K), 2 survivors (2048K)
 Metaspace       used 52923K, capacity 56204K, committed 56448K, reserved 1099776K
  class space    used 6461K, capacity 7028K, committed 7040K, reserved 1048576K
2023-10-03T06:56:41.357+0800: 709.221: [GC pause (G1 Evacuation Pause) (young), 0.0110086 secs]
   [Parallel Time: 6.2 ms, GC Workers: 10]
      [GC Worker Start (ms): Min: 709221.1, Avg: 709221.3, Max: 709221.5, Diff: 0.5]
      [Ext Root Scanning (ms): Min: 1.6, Avg: 1.8, Max: 2.2, Diff: 0.6, Sum: 18.4]
      [Update RS (ms): Min: 1.6, Avg: 1.6, Max: 1.7, Diff: 0.1, Sum: 16.2]
         [Processed Buffers: Min: 11, Avg: 17.9, Max: 32, Diff: 21, Sum: 179]
      [Scan RS (ms): Min: 0.0, Avg: 0.1, Max: 0.1, Diff: 0.1, Sum: 0.6]
      [Code Root Scanning (ms): Min: 0.0, Avg: 0.0, Max: 0.0, Diff: 0.0, Sum: 0.0]
      [Object Copy (ms): Min: 1.5, Avg: 1.7, Max: 1.8, Diff: 0.3, Sum: 17.3]
      [Termination (ms): Min: 0.0, Avg: 0.0, Max: 0.0, Diff: 0.0, Sum: 0.0]
         [Termination Attempts: Min: 1, Avg: 1.0, Max: 1, Diff: 0, Sum: 10]
      [GC Worker Other (ms): Min: 0.0, Avg: 0.0, Max: 0.1, Diff: 0.1, Sum: 0.4]
      [GC Worker Total (ms): Min: 5.1, Avg: 5.3, Max: 5.5, Diff: 0.5, Sum: 53.0]
      [GC Worker End (ms): Min: 709226.6, Avg: 709226.6, Max: 709226.6, Diff: 0.1]
   [Code Root Fixup: 0.0 ms]
   [Code Root Purge: 0.0 ms]
   [Clear CT: 1.3 ms]
   [Other: 3.5 ms]
      [Choose CSet: 0.0 ms]
      [Ref Proc: 1.6 ms]
      [Ref Enq: 0.0 ms]
      [Redirty Cards: 1.4 ms]
      [Humongous Register: 0.0 ms]
      [Humongous Reclaim: 0.0 ms]
      [Free CSet: 0.1 ms]
   [Eden: 151.0M(151.0M)->0.0B(151.0M) Survivors: 2048.0K->2048.0K Heap: 200.2M(256.0M)->50404.3K(256.0M)]
Heap after GC invocations=707 (full 0):
 garbage-first heap   total 262144K, used 50404K [0x00000000f0000000, 0x00000000f0100800, 0x0000000100000000)
  region size 1024K, 2 young (2048K), 2 survivors (2048K)
 Metaspace       used 52923K, capacity 56204K, committed 56448K, reserved 1099776K
  class space    used 6461K, capacity 7028K, committed 7040K, reserved 1048576K
}
 [Times: user=0.06 sys=0.00, real=0.01 secs] 
{Heap before GC invocations=707 (full 0):
 garbage-first heap   total 262144K, used 205028K [0x00000000f0000000, 0x00000000f0100800, 0x0000000100000000)
  region size 1024K, 153 young (156672K), 2 survivors (2048K)
 Metaspace       used 52923K, capacity 56204K, committed 56448K, reserved 1099776K
  class space    used 6461K, capacity 7028K, committed 7040K, reserved 1048576K
2023-10-03T06:56:42.168+0800: 710.031: [GC pause (G1 Evacuation Pause) (young), 0.0112320 secs]
   [Parallel Time: 6.5 ms, GC Workers: 10]
      [GC Worker Start (ms): Min: 710031.9, Avg: 710032.1, Max: 710032.3, Diff: 0.5]
      [Ext Root Scanning (ms): Min: 1.7, Avg: 1.9, Max: 2.3, Diff: 0.6, Sum: 19.1]
      [Update RS (ms): Min: 1.5, Avg: 1.6, Max: 1.7, Diff: 0.1, Sum: 16.3]
         [Processed Buffers: Min: 13, Avg: 17.9, Max: 34, Diff: 21, Sum: 179]
      [Scan RS (ms): Min: 0.0, Avg: 0.1, Max: 0.1, Diff: 0.1, Sum: 0.6]
      [Code Root Scanning (ms): Min: 0.0, Avg: 0.0, Max: 0.0, Diff: 0.0, Sum: 0.0]
      [Object Copy (ms): Min: 1.5, Avg: 1.8, Max: 1.8, Diff: 0.3, Sum: 17.5]
      [Termination (ms): Min: 0.0, Avg: 0.0, Max: 0.0, Diff: 0.0, Sum: 0.0]
         [Termination Attempts: Min: 1, Avg: 1.1, Max: 2, Diff: 1, Sum: 11]
      [GC Worker Other (ms): Min: 0.0, Avg: 0.1, Max: 0.2, Diff: 0.2, Sum: 0.7]
      [GC Worker Total (ms): Min: 5.2, Avg: 5.4, Max: 5.7, Diff: 0.5, Sum: 54.2]
      [GC Worker End (ms): Min: 710037.5, Avg: 710037.5, Max: 710037.6, Diff: 0.2]
   [Code Root Fixup: 0.0 ms]
   [Code Root Purge: 0.0 ms]
   [Clear CT: 1.4 ms]
   [Other: 3.3 ms]
      [Choose CSet: 0.0 ms]
      [Ref Proc: 1.3 ms]
      [Ref Enq: 0.0 ms]
      [Redirty Cards: 1.4 ms]
      [Humongous Register: 0.0 ms]
      [Humongous Reclaim: 0.0 ms]
      [Free CSet: 0.1 ms]
   [Eden: 151.0M(151.0M)->0.0B(151.0M) Survivors: 2048.0K->2048.0K Heap: 200.2M(256.0M)->50661.3K(256.0M)]
Heap after GC invocations=708 (full 0):
 garbage-first heap   total 262144K, used 50661K [0x00000000f0000000, 0x00000000f0100800, 0x0000000100000000)
  region size 1024K, 2 young (2048K), 2 survivors (2048K)
 Metaspace       used 52923K, capacity 56204K, committed 56448K, reserved 1099776K
  class space    used 6461K, capacity 7028K, committed 7040K, reserved 1048576K
}
 [Times: user=0.05 sys=0.00, real=0.02 secs] 
{Heap before GC invocations=708 (full 0):
 garbage-first heap   total 262144K, used 205285K [0x00000000f0000000, 0x00000000f0100800, 0x0000000100000000)
  region size 1024K, 153 young (156672K), 2 survivors (2048K)
 Metaspace       used 52923K, capacity 56204K, committed 56448K, reserved 1099776K
  class space    used 6461K, capacity 7028K, committed 7040K, reserved 1048576K
2023-10-03T06:56:42.959+0800: 710.822: [GC pause (G1 Evacuation Pause) (young), 0.0111468 secs]
   [Parallel Time: 6.4 ms, GC Workers: 10]
      [GC Worker Start (ms): Min: 710822.1, Avg: 710822.3, Max: 710822.5, Diff: 0.4]
      [Ext Root Scanning (ms): Min: 1.8, Avg: 2.0, Max: 2.4, Diff: 0.6, Sum: 20.2]
      [Update RS (ms): Min: 1.6, Avg: 1.7, Max: 1.8, Diff: 0.2, Sum: 16.8]
         [Processed Buffers: Min: 11, Avg: 18.2, Max: 34, Diff: 23, Sum: 182]
      [Scan RS (ms): Min: 0.0, Avg: 0.1, Max: 0.1, Diff: 0.1, Sum: 0.6]
      [Code Root Scanning (ms): Min: 0.0, Avg: 0.0, Max: 0.0, Diff: 0.0, Sum: 0.0]
      [Object Copy (ms): Min: 1.5, Avg: 1.7, Max: 1.8, Diff: 0.2, Sum: 17.3]
      [Termination (ms): Min: 0.0, Avg: 0.0, Max: 0.0, Diff: 0.0, Sum: 0.0]
         [Termination Attempts: Min: 1, Avg: 1.0, Max: 1, Diff: 0, Sum: 10]
      [GC Worker Other (ms): Min: 0.0, Avg: 0.0, Max: 0.1, Diff: 0.1, Sum: 0.4]
      [GC Worker Total (ms): Min: 5.3, Avg: 5.5, Max: 5.7, Diff: 0.4, Sum: 55.3]
      [GC Worker End (ms): Min: 710827.9, Avg: 710827.9, Max: 710827.9, Diff: 0.1]
   [Code Root Fixup: 0.0 ms]
   [Code Root Purge: 0.0 ms]
   [Clear CT: 1.5 ms]
   [Other: 3.2 ms]
      [Choose CSet: 0.0 ms]
      [Ref Proc: 1.2 ms]
      [Ref Enq: 0.0 ms]
      [Redirty Cards: 1.4 ms]
      [Humongous Register: 0.0 ms]
      [Humongous Reclaim: 0.0 ms]
      [Free CSet: 0.1 ms]
   [Eden: 151.0M(151.0M)->0.0B(151.0M) Survivors: 2048.0K->2048.0K Heap: 200.5M(256.0M)->50555.6K(256.0M)]
Heap after GC invocations=709 (full 0):
 garbage-first heap   total 262144K, used 50555K [0x00000000f0000000, 0x00000000f0100800, 0x0000000100000000)
  region size 1024K, 2 young (2048K), 2 survivors (2048K)
 Metaspace       used 52923K, capacity 56204K, committed 56448K, reserved 1099776K
  class space    used 6461K, capacity 7028K, committed 7040K, reserved 1048576K
}
 [Times: user=0.06 sys=0.00, real=0.02 secs] 
{Heap before GC invocations=709 (full 0):
 garbage-first heap   total 262144K, used 205179K [0x00000000f0000000, 0x00000000f0100800, 0x0000000100000000)
  region size 1024K, 153 young (156672K), 2 survivors (2048K)
 Metaspace       used 52923K, capacity 56204K, committed 56448K, reserved 1099776K
  class space    used 6461K, capacity 7028K, committed 7040K, reserved 1048576K
2023-10-03T06:56:43.763+0800: 711.626: [GC pause (G1 Evacuation Pause) (young), 0.0110424 secs]
   [Parallel Time: 6.6 ms, GC Workers: 10]
      [GC Worker Start (ms): Min: 711626.2, Avg: 711626.4, Max: 711626.7, Diff: 0.5]
      [Ext Root Scanning (ms): Min: 1.8, Avg: 2.0, Max: 2.4, Diff: 0.7, Sum: 20.2]
      [Update RS (ms): Min: 1.6, Avg: 1.7, Max: 1.8, Diff: 0.2, Sum: 17.0]
         [Processed Buffers: Min: 11, Avg: 18.1, Max: 32, Diff: 21, Sum: 181]
      [Scan RS (ms): Min: 0.0, Avg: 0.1, Max: 0.1, Diff: 0.1, Sum: 0.6]
      [Code Root Scanning (ms): Min: 0.0, Avg: 0.0, Max: 0.0, Diff: 0.0, Sum: 0.0]
      [Object Copy (ms): Min: 1.6, Avg: 1.8, Max: 2.0, Diff: 0.3, Sum: 18.0]
      [Termination (ms): Min: 0.0, Avg: 0.0, Max: 0.0, Diff: 0.0, Sum: 0.0]
         [Termination Attempts: Min: 1, Avg: 1.0, Max: 1, Diff: 0, Sum: 10]
      [GC Worker Other (ms): Min: 0.0, Avg: 0.0, Max: 0.1, Diff: 0.1, Sum: 0.5]
      [GC Worker Total (ms): Min: 5.4, Avg: 5.6, Max: 5.8, Diff: 0.4, Sum: 56.3]
      [GC Worker End (ms): Min: 711632.0, Avg: 711632.1, Max: 711632.1, Diff: 0.1]
   [Code Root Fixup: 0.0 ms]
   [Code Root Purge: 0.0 ms]
   [Clear CT: 1.8 ms]
   [Other: 2.6 ms]
      [Choose CSet: 0.0 ms]
      [Ref Proc: 0.9 ms]
      [Ref Enq: 0.0 ms]
      [Redirty Cards: 1.2 ms]
      [Humongous Register: 0.0 ms]
      [Humongous Reclaim: 0.0 ms]
      [Free CSet: 0.1 ms]
   [Eden: 151.0M(151.0M)->0.0B(151.0M) Survivors: 2048.0K->2048.0K Heap: 200.4M(256.0M)->50566.6K(256.0M)]
Heap after GC invocations=710 (full 0):
 garbage-first heap   total 262144K, used 50566K [0x00000000f0000000, 0x00000000f0100800, 0x0000000100000000)
  region size 1024K, 2 young (2048K), 2 survivors (2048K)
 Metaspace       used 52923K, capacity 56204K, committed 56448K, reserved 1099776K
  class space    used 6461K, capacity 7028K, committed 7040K, reserved 1048576K
}
 [Times: user=0.05 sys=0.01, real=0.01 secs] 
{Heap before GC invocations=710 (full 0):
 garbage-first heap   total 262144K, used 205190K [0x00000000f0000000, 0x00000000f0100800, 0x0000000100000000)
  region size 1024K, 153 young (156672K), 2 survivors (2048K)
 Metaspace       used 52923K, capacity 56204K, committed 56448K, reserved 1099776K
  class space    used 6461K, capacity 7028K, committed 7040K, reserved 1048576K
2023-10-03T06:56:44.531+0800: 712.394: [GC pause (G1 Evacuation Pause) (young), 0.0114025 secs]
   [Parallel Time: 6.5 ms, GC Workers: 10]
      [GC Worker Start (ms): Min: 712394.3, Avg: 712394.6, Max: 712394.8, Diff: 0.5]
      [Ext Root Scanning (ms): Min: 1.7, Avg: 1.9, Max: 2.3, Diff: 0.6, Sum: 18.9]
      [Update RS (ms): Min: 1.5, Avg: 1.6, Max: 1.7, Diff: 0.2, Sum: 16.1]
         [Processed Buffers: Min: 10, Avg: 18.2, Max: 36, Diff: 26, Sum: 182]
      [Scan RS (ms): Min: 0.0, Avg: 0.1, Max: 0.1, Diff: 0.1, Sum: 0.7]
      [Code Root Scanning (ms): Min: 0.0, Avg: 0.0, Max: 0.0, Diff: 0.0, Sum: 0.0]
      [Object Copy (ms): Min: 1.5, Avg: 1.7, Max: 1.8, Diff: 0.3, Sum: 17.3]
      [Termination (ms): Min: 0.0, Avg: 0.0, Max: 0.0, Diff: 0.0, Sum: 0.0]
         [Termination Attempts: Min: 1, Avg: 1.0, Max: 1, Diff: 0, Sum: 10]
      [GC Worker Other (ms): Min: 0.0, Avg: 0.1, Max: 0.2, Diff: 0.2, Sum: 0.8]
      [GC Worker Total (ms): Min: 5.1, Avg: 5.4, Max: 5.7, Diff: 0.6, Sum: 53.9]
      [GC Worker End (ms): Min: 712399.9, Avg: 712399.9, Max: 712400.1, Diff: 0.2]
   [Code Root Fixup: 0.0 ms]
   [Code Root Purge: 0.0 ms]
   [Clear CT: 1.4 ms]
   [Other: 3.6 ms]
      [Choose CSet: 0.0 ms]
      [Ref Proc: 1.6 ms]
      [Ref Enq: 0.0 ms]
      [Redirty Cards: 1.5 ms]
      [Humongous Register: 0.0 ms]
      [Humongous Reclaim: 0.0 ms]
      [Free CSet: 0.1 ms]
   [Eden: 151.0M(151.0M)->0.0B(151.0M) Survivors: 2048.0K->2048.0K Heap: 200.4M(256.0M)->50443.5K(256.0M)]
Heap after GC invocations=711 (full 0):
 garbage-first heap   total 262144K, used 50443K [0x00000000f0000000, 0x00000000f0100800, 0x0000000100000000)
  region size 1024K, 2 young (2048K), 2 survivors (2048K)
 Metaspace       used 52923K, capacity 56204K, committed 56448K, reserved 1099776K
  class space    used 6461K, capacity 7028K, committed 7040K, reserved 1048576K
}
 [Times: user=0.06 sys=0.00, real=0.01 secs] 
{Heap before GC invocations=711 (full 0):
 garbage-first heap   total 262144K, used 205067K [0x00000000f0000000, 0x00000000f0100800, 0x0000000100000000)
  region size 1024K, 153 young (156672K), 2 survivors (2048K)
 Metaspace       used 52923K, capacity 56204K, committed 56448K, reserved 1099776K
  class space    used 6461K, capacity 7028K, committed 7040K, reserved 1048576K
2023-10-03T06:56:45.337+0800: 713.200: [GC pause (G1 Evacuation Pause) (young), 0.0113085 secs]
   [Parallel Time: 6.4 ms, GC Workers: 10]
      [GC Worker Start (ms): Min: 713200.8, Avg: 713201.0, Max: 713201.3, Diff: 0.5]
      [Ext Root Scanning (ms): Min: 1.7, Avg: 1.9, Max: 2.3, Diff: 0.6, Sum: 18.9]
      [Update RS (ms): Min: 1.6, Avg: 1.6, Max: 1.7, Diff: 0.2, Sum: 16.4]
         [Processed Buffers: Min: 12, Avg: 17.9, Max: 35, Diff: 23, Sum: 179]
      [Scan RS (ms): Min: 0.0, Avg: 0.1, Max: 0.1, Diff: 0.1, Sum: 0.6]
      [Code Root Scanning (ms): Min: 0.0, Avg: 0.0, Max: 0.0, Diff: 0.0, Sum: 0.0]
      [Object Copy (ms): Min: 1.6, Avg: 1.8, Max: 1.8, Diff: 0.3, Sum: 17.7]
      [Termination (ms): Min: 0.0, Avg: 0.0, Max: 0.0, Diff: 0.0, Sum: 0.1]
         [Termination Attempts: Min: 1, Avg: 2.1, Max: 4, Diff: 3, Sum: 21]
      [GC Worker Other (ms): Min: 0.0, Avg: 0.0, Max: 0.1, Diff: 0.1, Sum: 0.4]
      [GC Worker Total (ms): Min: 5.2, Avg: 5.4, Max: 5.7, Diff: 0.4, Sum: 54.2]
      [GC Worker End (ms): Min: 713206.4, Avg: 713206.5, Max: 713206.5, Diff: 0.1]
   [Code Root Fixup: 0.0 ms]
   [Code Root Purge: 0.0 ms]
   [Clear CT: 1.2 ms]
   [Other: 3.8 ms]
      [Choose CSet: 0.0 ms]
      [Ref Proc: 1.8 ms]
      [Ref Enq: 0.0 ms]
      [Redirty Cards: 1.4 ms]
      [Humongous Register: 0.0 ms]
      [Humongous Reclaim: 0.0 ms]
      [Free CSet: 0.1 ms]
   [Eden: 151.0M(151.0M)->0.0B(151.0M) Survivors: 2048.0K->2048.0K Heap: 200.3M(256.0M)->50441.1K(256.0M)]
Heap after GC invocations=712 (full 0):
 garbage-first heap   total 262144K, used 50441K [0x00000000f0000000, 0x00000000f0100800, 0x0000000100000000)
  region size 1024K, 2 young (2048K), 2 survivors (2048K)
 Metaspace       used 52923K, capacity 56204K, committed 56448K, reserved 1099776K
  class space    used 6461K, capacity 7028K, committed 7040K, reserved 1048576K
}
 [Times: user=0.06 sys=0.00, real=0.01 secs] 
{Heap before GC invocations=712 (full 0):
 garbage-first heap   total 262144K, used 205065K [0x00000000f0000000, 0x00000000f0100800, 0x0000000100000000)
  region size 1024K, 153 young (156672K), 2 survivors (2048K)
 Metaspace       used 52923K, capacity 56204K, committed 56448K, reserved 1099776K
  class space    used 6461K, capacity 7028K, committed 7040K, reserved 1048576K
2023-10-03T06:56:46.146+0800: 714.009: [GC pause (G1 Evacuation Pause) (young), 0.0111871 secs]
   [Parallel Time: 6.6 ms, GC Workers: 10]
      [GC Worker Start (ms): Min: 714009.3, Avg: 714009.6, Max: 714009.8, Diff: 0.5]
      [Ext Root Scanning (ms): Min: 1.6, Avg: 1.9, Max: 2.3, Diff: 0.7, Sum: 18.9]
      [Update RS (ms): Min: 1.6, Avg: 1.7, Max: 1.8, Diff: 0.2, Sum: 17.2]
         [Processed Buffers: Min: 13, Avg: 17.7, Max: 31, Diff: 18, Sum: 177]
      [Scan RS (ms): Min: 0.0, Avg: 0.1, Max: 0.1, Diff: 0.1, Sum: 0.6]
      [Code Root Scanning (ms): Min: 0.0, Avg: 0.0, Max: 0.0, Diff: 0.0, Sum: 0.0]
      [Object Copy (ms): Min: 1.5, Avg: 1.7, Max: 1.9, Diff: 0.3, Sum: 17.5]
      [Termination (ms): Min: 0.0, Avg: 0.0, Max: 0.0, Diff: 0.0, Sum: 0.1]
         [Termination Attempts: Min: 1, Avg: 1.1, Max: 2, Diff: 1, Sum: 11]
      [GC Worker Other (ms): Min: 0.0, Avg: 0.1, Max: 0.2, Diff: 0.2, Sum: 0.7]
      [GC Worker Total (ms): Min: 5.2, Avg: 5.5, Max: 5.7, Diff: 0.5, Sum: 55.0]
      [GC Worker End (ms): Min: 714015.1, Avg: 714015.1, Max: 714015.2, Diff: 0.2]
   [Code Root Fixup: 0.0 ms]
   [Code Root Purge: 0.0 ms]
   [Clear CT: 1.6 ms]
   [Other: 3.0 ms]
      [Choose CSet: 0.0 ms]
      [Ref Proc: 1.2 ms]
      [Ref Enq: 0.0 ms]
      [Redirty Cards: 1.3 ms]
      [Humongous Register: 0.0 ms]
      [Humongous Reclaim: 0.0 ms]
      [Free CSet: 0.1 ms]
   [Eden: 151.0M(151.0M)->0.0B(151.0M) Survivors: 2048.0K->2048.0K Heap: 200.3M(256.0M)->50453.3K(256.0M)]
Heap after GC invocations=713 (full 0):
 garbage-first heap   total 262144K, used 50453K [0x00000000f0000000, 0x00000000f0100800, 0x0000000100000000)
  region size 1024K, 2 young (2048K), 2 survivors (2048K)
 Metaspace       used 52923K, capacity 56204K, committed 56448K, reserved 1099776K
  class space    used 6461K, capacity 7028K, committed 7040K, reserved 1048576K
}
 [Times: user=0.06 sys=0.01, real=0.01 secs] 
{Heap before GC invocations=713 (full 0):
 garbage-first heap   total 262144K, used 205077K [0x00000000f0000000, 0x00000000f0100800, 0x0000000100000000)
  region size 1024K, 153 young (156672K), 2 survivors (2048K)
 Metaspace       used 52923K, capacity 56204K, committed 56448K, reserved 1099776K
  class space    used 6461K, capacity 7028K, committed 7040K, reserved 1048576K
2023-10-03T06:56:46.949+0800: 714.812: [GC pause (G1 Evacuation Pause) (young), 0.0116639 secs]
   [Parallel Time: 6.8 ms, GC Workers: 10]
      [GC Worker Start (ms): Min: 714812.4, Avg: 714812.6, Max: 714812.9, Diff: 0.5]
      [Ext Root Scanning (ms): Min: 1.8, Avg: 2.0, Max: 2.5, Diff: 0.6, Sum: 20.0]
      [Update RS (ms): Min: 1.6, Avg: 1.7, Max: 1.8, Diff: 0.2, Sum: 17.5]
         [Processed Buffers: Min: 8, Avg: 18.1, Max: 35, Diff: 27, Sum: 181]
      [Scan RS (ms): Min: 0.0, Avg: 0.1, Max: 0.1, Diff: 0.1, Sum: 0.7]
      [Code Root Scanning (ms): Min: 0.0, Avg: 0.0, Max: 0.0, Diff: 0.0, Sum: 0.0]
      [Object Copy (ms): Min: 1.6, Avg: 1.8, Max: 2.0, Diff: 0.3, Sum: 18.2]
      [Termination (ms): Min: 0.0, Avg: 0.0, Max: 0.0, Diff: 0.0, Sum: 0.1]
         [Termination Attempts: Min: 1, Avg: 1.4, Max: 2, Diff: 1, Sum: 14]
      [GC Worker Other (ms): Min: 0.0, Avg: 0.0, Max: 0.1, Diff: 0.1, Sum: 0.4]
      [GC Worker Total (ms): Min: 5.4, Avg: 5.7, Max: 5.9, Diff: 0.5, Sum: 56.8]
      [GC Worker End (ms): Min: 714818.3, Avg: 714818.3, Max: 714818.4, Diff: 0.1]
   [Code Root Fixup: 0.0 ms]
   [Code Root Purge: 0.0 ms]
   [Clear CT: 1.7 ms]
   [Other: 3.2 ms]
      [Choose CSet: 0.0 ms]
      [Ref Proc: 1.4 ms]
      [Ref Enq: 0.0 ms]
      [Redirty Cards: 1.3 ms]
      [Humongous Register: 0.0 ms]
      [Humongous Reclaim: 0.0 ms]
      [Free CSet: 0.1 ms]
   [Eden: 151.0M(151.0M)->0.0B(151.0M) Survivors: 2048.0K->2048.0K Heap: 200.3M(256.0M)->50944.4K(256.0M)]
Heap after GC invocations=714 (full 0):
 garbage-first heap   total 262144K, used 50944K [0x00000000f0000000, 0x00000000f0100800, 0x0000000100000000)
  region size 1024K, 2 young (2048K), 2 survivors (2048K)
 Metaspace       used 52923K, capacity 56204K, committed 56448K, reserved 1099776K
  class space    used 6461K, capacity 7028K, committed 7040K, reserved 1048576K
}
 [Times: user=0.07 sys=0.00, real=0.02 secs] 
{Heap before GC invocations=714 (full 0):
 garbage-first heap   total 262144K, used 205568K [0x00000000f0000000, 0x00000000f0100800, 0x0000000100000000)
  region size 1024K, 153 young (156672K), 2 survivors (2048K)
 Metaspace       used 52923K, capacity 56204K, committed 56448K, reserved 1099776K
  class space    used 6461K, capacity 7028K, committed 7040K, reserved 1048576K
2023-10-03T06:56:47.754+0800: 715.618: [GC pause (G1 Evacuation Pause) (young), 0.0112033 secs]
   [Parallel Time: 6.7 ms, GC Workers: 10]
      [GC Worker Start (ms): Min: 715618.0, Avg: 715618.3, Max: 715618.5, Diff: 0.5]
      [Ext Root Scanning (ms): Min: 1.7, Avg: 1.9, Max: 2.3, Diff: 0.7, Sum: 18.8]
      [Update RS (ms): Min: 1.6, Avg: 1.6, Max: 1.8, Diff: 0.2, Sum: 16.3]
         [Processed Buffers: Min: 10, Avg: 17.9, Max: 34, Diff: 24, Sum: 179]
      [Scan RS (ms): Min: 0.0, Avg: 0.1, Max: 0.1, Diff: 0.1, Sum: 0.7]
      [Code Root Scanning (ms): Min: 0.0, Avg: 0.0, Max: 0.0, Diff: 0.0, Sum: 0.0]
      [Object Copy (ms): Min: 1.7, Avg: 1.9, Max: 2.0, Diff: 0.3, Sum: 18.9]
      [Termination (ms): Min: 0.0, Avg: 0.0, Max: 0.0, Diff: 0.0, Sum: 0.0]
         [Termination Attempts: Min: 1, Avg: 1.4, Max: 2, Diff: 1, Sum: 14]
      [GC Worker Other (ms): Min: 0.0, Avg: 0.1, Max: 0.2, Diff: 0.1, Sum: 0.5]
      [GC Worker Total (ms): Min: 5.3, Avg: 5.5, Max: 5.8, Diff: 0.5, Sum: 55.3]
      [GC Worker End (ms): Min: 715623.8, Avg: 715623.8, Max: 715623.9, Diff: 0.1]
   [Code Root Fixup: 0.0 ms]
   [Code Root Purge: 0.0 ms]
   [Clear CT: 1.4 ms]
   [Other: 3.1 ms]
      [Choose CSet: 0.0 ms]
      [Ref Proc: 1.2 ms]
      [Ref Enq: 0.0 ms]
      [Redirty Cards: 1.4 ms]
      [Humongous Register: 0.0 ms]
      [Humongous Reclaim: 0.0 ms]
      [Free CSet: 0.1 ms]
   [Eden: 151.0M(151.0M)->0.0B(151.0M) Survivors: 2048.0K->2048.0K Heap: 200.8M(256.0M)->50474.5K(256.0M)]
Heap after GC invocations=715 (full 0):
 garbage-first heap   total 262144K, used 50474K [0x00000000f0000000, 0x00000000f0100800, 0x0000000100000000)
  region size 1024K, 2 young (2048K), 2 survivors (2048K)
 Metaspace       used 52923K, capacity 56204K, committed 56448K, reserved 1099776K
  class space    used 6461K, capacity 7028K, committed 7040K, reserved 1048576K
}
 [Times: user=0.07 sys=0.00, real=0.01 secs] 
{Heap before GC invocations=715 (full 0):
 garbage-first heap   total 262144K, used 205098K [0x00000000f0000000, 0x00000000f0100800, 0x0000000100000000)
  region size 1024K, 153 young (156672K), 2 survivors (2048K)
 Metaspace       used 52923K, capacity 56204K, committed 56448K, reserved 1099776K
  class space    used 6461K, capacity 7028K, committed 7040K, reserved 1048576K
2023-10-03T06:56:48.546+0800: 716.409: [GC pause (G1 Evacuation Pause) (young), 0.0111212 secs]
   [Parallel Time: 6.5 ms, GC Workers: 10]
      [GC Worker Start (ms): Min: 716409.3, Avg: 716409.6, Max: 716409.8, Diff: 0.5]
      [Ext Root Scanning (ms): Min: 1.7, Avg: 1.9, Max: 2.3, Diff: 0.6, Sum: 19.0]
      [Update RS (ms): Min: 1.6, Avg: 1.7, Max: 1.7, Diff: 0.1, Sum: 16.5]
         [Processed Buffers: Min: 11, Avg: 17.9, Max: 37, Diff: 26, Sum: 179]
      [Scan RS (ms): Min: 0.0, Avg: 0.1, Max: 0.1, Diff: 0.1, Sum: 0.7]
      [Code Root Scanning (ms): Min: 0.0, Avg: 0.0, Max: 0.0, Diff: 0.0, Sum: 0.0]
      [Object Copy (ms): Min: 1.5, Avg: 1.7, Max: 1.8, Diff: 0.3, Sum: 17.5]
      [Termination (ms): Min: 0.0, Avg: 0.0, Max: 0.0, Diff: 0.0, Sum: 0.0]
         [Termination Attempts: Min: 1, Avg: 1.0, Max: 1, Diff: 0, Sum: 10]
      [GC Worker Other (ms): Min: 0.0, Avg: 0.1, Max: 0.1, Diff: 0.1, Sum: 0.6]
      [GC Worker Total (ms): Min: 5.2, Avg: 5.4, Max: 5.7, Diff: 0.6, Sum: 54.3]
      [GC Worker End (ms): Min: 716415.0, Avg: 716415.0, Max: 716415.1, Diff: 0.1]
   [Code Root Fixup: 0.0 ms]
   [Code Root Purge: 0.0 ms]
   [Clear CT: 1.6 ms]
   [Other: 3.0 ms]
      [Choose CSet: 0.0 ms]
      [Ref Proc: 1.1 ms]
      [Ref Enq: 0.0 ms]
      [Redirty Cards: 1.4 ms]
      [Humongous Register: 0.0 ms]
      [Humongous Reclaim: 0.0 ms]
      [Free CSet: 0.1 ms]
   [Eden: 151.0M(151.0M)->0.0B(151.0M) Survivors: 2048.0K->2048.0K Heap: 200.3M(256.0M)->50481.3K(256.0M)]
Heap after GC invocations=716 (full 0):
 garbage-first heap   total 262144K, used 50481K [0x00000000f0000000, 0x00000000f0100800, 0x0000000100000000)
  region size 1024K, 2 young (2048K), 2 survivors (2048K)
 Metaspace       used 52923K, capacity 56204K, committed 56448K, reserved 1099776K
  class space    used 6461K, capacity 7028K, committed 7040K, reserved 1048576K
}
 [Times: user=0.05 sys=0.00, real=0.01 secs] 
{Heap before GC invocations=716 (full 0):
 garbage-first heap   total 262144K, used 205105K [0x00000000f0000000, 0x00000000f0100800, 0x0000000100000000)
  region size 1024K, 153 young (156672K), 2 survivors (2048K)
 Metaspace       used 52923K, capacity 56204K, committed 56448K, reserved 1099776K
  class space    used 6461K, capacity 7028K, committed 7040K, reserved 1048576K
2023-10-03T06:56:49.355+0800: 717.218: [GC pause (G1 Evacuation Pause) (young), 0.0117753 secs]
   [Parallel Time: 6.8 ms, GC Workers: 10]
      [GC Worker Start (ms): Min: 717218.8, Avg: 717219.1, Max: 717219.3, Diff: 0.5]
      [Ext Root Scanning (ms): Min: 1.8, Avg: 2.0, Max: 2.5, Diff: 0.7, Sum: 20.0]
      [Update RS (ms): Min: 1.6, Avg: 1.7, Max: 1.8, Diff: 0.2, Sum: 17.4]
         [Processed Buffers: Min: 13, Avg: 18.2, Max: 32, Diff: 19, Sum: 182]
      [Scan RS (ms): Min: 0.0, Avg: 0.1, Max: 0.1, Diff: 0.1, Sum: 0.5]
      [Code Root Scanning (ms): Min: 0.0, Avg: 0.0, Max: 0.0, Diff: 0.0, Sum: 0.0]
      [Object Copy (ms): Min: 1.7, Avg: 1.9, Max: 2.1, Diff: 0.3, Sum: 19.0]
      [Termination (ms): Min: 0.0, Avg: 0.0, Max: 0.0, Diff: 0.0, Sum: 0.1]
         [Termination Attempts: Min: 1, Avg: 1.5, Max: 3, Diff: 2, Sum: 15]
      [GC Worker Other (ms): Min: 0.0, Avg: 0.1, Max: 0.1, Diff: 0.1, Sum: 0.6]
      [GC Worker Total (ms): Min: 5.5, Avg: 5.8, Max: 6.0, Diff: 0.5, Sum: 57.6]
      [GC Worker End (ms): Min: 717224.8, Avg: 717224.8, Max: 717224.9, Diff: 0.1]
   [Code Root Fixup: 0.0 ms]
   [Code Root Purge: 0.0 ms]
   [Clear CT: 1.8 ms]
   [Other: 3.2 ms]
      [Choose CSet: 0.0 ms]
      [Ref Proc: 1.3 ms]
      [Ref Enq: 0.0 ms]
      [Redirty Cards: 1.3 ms]
      [Humongous Register: 0.0 ms]
      [Humongous Reclaim: 0.0 ms]
      [Free CSet: 0.1 ms]
   [Eden: 151.0M(151.0M)->0.0B(151.0M) Survivors: 2048.0K->2048.0K Heap: 200.3M(256.0M)->50973.3K(256.0M)]
Heap after GC invocations=717 (full 0):
 garbage-first heap   total 262144K, used 50973K [0x00000000f0000000, 0x00000000f0100800, 0x0000000100000000)
  region size 1024K, 2 young (2048K), 2 survivors (2048K)
 Metaspace       used 52923K, capacity 56204K, committed 56448K, reserved 1099776K
  class space    used 6461K, capacity 7028K, committed 7040K, reserved 1048576K
}
 [Times: user=0.07 sys=0.00, real=0.01 secs] 
{Heap before GC invocations=717 (full 0):
 garbage-first heap   total 262144K, used 205597K [0x00000000f0000000, 0x00000000f0100800, 0x0000000100000000)
  region size 1024K, 153 young (156672K), 2 survivors (2048K)
 Metaspace       used 52923K, capacity 56204K, committed 56448K, reserved 1099776K
  class space    used 6461K, capacity 7028K, committed 7040K, reserved 1048576K
2023-10-03T06:56:50.148+0800: 718.012: [GC pause (G1 Evacuation Pause) (young), 0.0112969 secs]
   [Parallel Time: 6.7 ms, GC Workers: 10]
      [GC Worker Start (ms): Min: 718011.9, Avg: 718012.2, Max: 718012.4, Diff: 0.5]
      [Ext Root Scanning (ms): Min: 1.7, Avg: 1.9, Max: 2.4, Diff: 0.7, Sum: 19.3]
      [Update RS (ms): Min: 1.6, Avg: 1.7, Max: 1.8, Diff: 0.2, Sum: 17.2]
         [Processed Buffers: Min: 8, Avg: 18.1, Max: 36, Diff: 28, Sum: 181]
      [Scan RS (ms): Min: 0.0, Avg: 0.1, Max: 0.1, Diff: 0.1, Sum: 0.8]
      [Code Root Scanning (ms): Min: 0.0, Avg: 0.0, Max: 0.0, Diff: 0.0, Sum: 0.0]
      [Object Copy (ms): Min: 1.6, Avg: 1.8, Max: 1.9, Diff: 0.3, Sum: 18.2]
      [Termination (ms): Min: 0.0, Avg: 0.0, Max: 0.0, Diff: 0.0, Sum: 0.1]
         [Termination Attempts: Min: 1, Avg: 2.0, Max: 3, Diff: 2, Sum: 20]
      [GC Worker Other (ms): Min: 0.0, Avg: 0.1, Max: 0.1, Diff: 0.1, Sum: 0.6]
      [GC Worker Total (ms): Min: 5.4, Avg: 5.6, Max: 5.9, Diff: 0.5, Sum: 56.1]
      [GC Worker End (ms): Min: 718017.7, Avg: 718017.8, Max: 718017.8, Diff: 0.1]
   [Code Root Fixup: 0.0 ms]
   [Code Root Purge: 0.0 ms]
   [Clear CT: 1.5 ms]
   [Other: 3.2 ms]
      [Choose CSet: 0.0 ms]
      [Ref Proc: 1.2 ms]
      [Ref Enq: 0.0 ms]
      [Redirty Cards: 1.5 ms]
      [Humongous Register: 0.0 ms]
      [Humongous Reclaim: 0.0 ms]
      [Free CSet: 0.1 ms]
   [Eden: 151.0M(151.0M)->0.0B(151.0M) Survivors: 2048.0K->2048.0K Heap: 200.8M(256.0M)->50503.5K(256.0M)]
Heap after GC invocations=718 (full 0):
 garbage-first heap   total 262144K, used 50503K [0x00000000f0000000, 0x00000000f0100800, 0x0000000100000000)
  region size 1024K, 2 young (2048K), 2 survivors (2048K)
 Metaspace       used 52923K, capacity 56204K, committed 56448K, reserved 1099776K
  class space    used 6461K, capacity 7028K, committed 7040K, reserved 1048576K
}
 [Times: user=0.06 sys=0.00, real=0.02 secs] 
{Heap before GC invocations=718 (full 0):
 garbage-first heap   total 262144K, used 205127K [0x00000000f0000000, 0x00000000f0100800, 0x0000000100000000)
  region size 1024K, 153 young (156672K), 2 survivors (2048K)
 Metaspace       used 52923K, capacity 56204K, committed 56448K, reserved 1099776K
  class space    used 6461K, capacity 7028K, committed 7040K, reserved 1048576K
2023-10-03T06:56:50.960+0800: 718.823: [GC pause (G1 Evacuation Pause) (young), 0.0113306 secs]
   [Parallel Time: 6.1 ms, GC Workers: 10]
      [GC Worker Start (ms): Min: 718823.7, Avg: 718824.0, Max: 718824.3, Diff: 0.5]
      [Ext Root Scanning (ms): Min: 1.6, Avg: 1.8, Max: 2.3, Diff: 0.6, Sum: 18.4]
      [Update RS (ms): Min: 1.6, Avg: 1.7, Max: 1.8, Diff: 0.2, Sum: 16.8]
         [Processed Buffers: Min: 10, Avg: 18.0, Max: 32, Diff: 22, Sum: 180]
      [Scan RS (ms): Min: 0.0, Avg: 0.1, Max: 0.1, Diff: 0.1, Sum: 0.6]
      [Code Root Scanning (ms): Min: 0.0, Avg: 0.0, Max: 0.0, Diff: 0.0, Sum: 0.0]
      [Object Copy (ms): Min: 1.5, Avg: 1.7, Max: 1.7, Diff: 0.3, Sum: 16.7]
      [Termination (ms): Min: 0.0, Avg: 0.0, Max: 0.0, Diff: 0.0, Sum: 0.0]
         [Termination Attempts: Min: 1, Avg: 1.0, Max: 1, Diff: 0, Sum: 10]
      [GC Worker Other (ms): Min: 0.0, Avg: 0.0, Max: 0.1, Diff: 0.1, Sum: 0.4]
      [GC Worker Total (ms): Min: 5.1, Avg: 5.3, Max: 5.6, Diff: 0.5, Sum: 53.0]
      [GC Worker End (ms): Min: 718829.3, Avg: 718829.3, Max: 718829.4, Diff: 0.1]
   [Code Root Fixup: 0.0 ms]
   [Code Root Purge: 0.0 ms]
   [Clear CT: 1.5 ms]
   [Other: 3.7 ms]
      [Choose CSet: 0.0 ms]
      [Ref Proc: 1.7 ms]
      [Ref Enq: 0.0 ms]
      [Redirty Cards: 1.5 ms]
      [Humongous Register: 0.0 ms]
      [Humongous Reclaim: 0.0 ms]
      [Free CSet: 0.1 ms]
   [Eden: 151.0M(151.0M)->0.0B(151.0M) Survivors: 2048.0K->2048.0K Heap: 200.3M(256.0M)->50491.4K(256.0M)]
Heap after GC invocations=719 (full 0):
 garbage-first heap   total 262144K, used 50491K [0x00000000f0000000, 0x00000000f0100800, 0x0000000100000000)
  region size 1024K, 2 young (2048K), 2 survivors (2048K)
 Metaspace       used 52923K, capacity 56204K, committed 56448K, reserved 1099776K
  class space    used 6461K, capacity 7028K, committed 7040K, reserved 1048576K
}
 [Times: user=0.05 sys=0.01, real=0.01 secs] 
{Heap before GC invocations=719 (full 0):
 garbage-first heap   total 262144K, used 205115K [0x00000000f0000000, 0x00000000f0100800, 0x0000000100000000)
  region size 1024K, 153 young (156672K), 2 survivors (2048K)
 Metaspace       used 52923K, capacity 56204K, committed 56448K, reserved 1099776K
  class space    used 6461K, capacity 7028K, committed 7040K, reserved 1048576K
2023-10-03T06:56:51.759+0800: 719.622: [GC pause (G1 Evacuation Pause) (young), 0.0115102 secs]
   [Parallel Time: 6.6 ms, GC Workers: 10]
      [GC Worker Start (ms): Min: 719622.3, Avg: 719622.5, Max: 719622.7, Diff: 0.5]
      [Ext Root Scanning (ms): Min: 1.8, Avg: 1.9, Max: 2.4, Diff: 0.6, Sum: 19.3]
      [Update RS (ms): Min: 1.6, Avg: 1.7, Max: 1.8, Diff: 0.1, Sum: 17.3]
         [Processed Buffers: Min: 11, Avg: 18.0, Max: 37, Diff: 26, Sum: 180]
      [Scan RS (ms): Min: 0.0, Avg: 0.1, Max: 0.1, Diff: 0.1, Sum: 0.7]
      [Code Root Scanning (ms): Min: 0.0, Avg: 0.0, Max: 0.0, Diff: 0.0, Sum: 0.0]
      [Object Copy (ms): Min: 1.6, Avg: 1.8, Max: 1.9, Diff: 0.3, Sum: 18.3]
      [Termination (ms): Min: 0.0, Avg: 0.0, Max: 0.0, Diff: 0.0, Sum: 0.1]
         [Termination Attempts: Min: 1, Avg: 1.9, Max: 3, Diff: 2, Sum: 19]
      [GC Worker Other (ms): Min: 0.0, Avg: 0.0, Max: 0.1, Diff: 0.1, Sum: 0.4]
      [GC Worker Total (ms): Min: 5.4, Avg: 5.6, Max: 5.9, Diff: 0.5, Sum: 56.1]
      [GC Worker End (ms): Min: 719628.1, Avg: 719628.1, Max: 719628.2, Diff: 0.1]
   [Code Root Fixup: 0.0 ms]
   [Code Root Purge: 0.0 ms]
   [Clear CT: 1.8 ms]
   [Other: 3.1 ms]
      [Choose CSet: 0.0 ms]
      [Ref Proc: 1.2 ms]
      [Ref Enq: 0.0 ms]
      [Redirty Cards: 1.4 ms]
      [Humongous Register: 0.0 ms]
      [Humongous Reclaim: 0.0 ms]
      [Free CSet: 0.1 ms]
   [Eden: 151.0M(151.0M)->0.0B(151.0M) Survivors: 2048.0K->2048.0K Heap: 200.3M(256.0M)->50499.6K(256.0M)]
Heap after GC invocations=720 (full 0):
 garbage-first heap   total 262144K, used 50499K [0x00000000f0000000, 0x00000000f0100800, 0x0000000100000000)
  region size 1024K, 2 young (2048K), 2 survivors (2048K)
 Metaspace       used 52923K, capacity 56204K, committed 56448K, reserved 1099776K
  class space    used 6461K, capacity 7028K, committed 7040K, reserved 1048576K
}
 [Times: user=0.06 sys=0.00, real=0.02 secs] 
{Heap before GC invocations=720 (full 0):
 garbage-first heap   total 262144K, used 205123K [0x00000000f0000000, 0x00000000f0100800, 0x0000000100000000)
  region size 1024K, 153 young (156672K), 2 survivors (2048K)
 Metaspace       used 52923K, capacity 56204K, committed 56448K, reserved 1099776K
  class space    used 6461K, capacity 7028K, committed 7040K, reserved 1048576K
2023-10-03T06:56:52.554+0800: 720.417: [GC pause (G1 Evacuation Pause) (young), 0.0111923 secs]
   [Parallel Time: 6.4 ms, GC Workers: 10]
      [GC Worker Start (ms): Min: 720417.2, Avg: 720417.4, Max: 720417.7, Diff: 0.5]
      [Ext Root Scanning (ms): Min: 1.7, Avg: 1.9, Max: 2.3, Diff: 0.7, Sum: 19.0]
      [Update RS (ms): Min: 1.6, Avg: 1.6, Max: 1.7, Diff: 0.2, Sum: 16.4]
         [Processed Buffers: Min: 12, Avg: 17.7, Max: 33, Diff: 21, Sum: 177]
      [Scan RS (ms): Min: 0.0, Avg: 0.1, Max: 0.1, Diff: 0.1, Sum: 0.6]
      [Code Root Scanning (ms): Min: 0.0, Avg: 0.0, Max: 0.0, Diff: 0.0, Sum: 0.0]
      [Object Copy (ms): Min: 1.5, Avg: 1.7, Max: 1.8, Diff: 0.3, Sum: 17.2]
      [Termination (ms): Min: 0.0, Avg: 0.0, Max: 0.0, Diff: 0.0, Sum: 0.0]
         [Termination Attempts: Min: 1, Avg: 1.0, Max: 1, Diff: 0, Sum: 10]
      [GC Worker Other (ms): Min: 0.0, Avg: 0.1, Max: 0.2, Diff: 0.1, Sum: 0.7]
      [GC Worker Total (ms): Min: 5.2, Avg: 5.4, Max: 5.7, Diff: 0.6, Sum: 54.0]
      [GC Worker End (ms): Min: 720422.8, Avg: 720422.8, Max: 720422.9, Diff: 0.1]
   [Code Root Fixup: 0.0 ms]
   [Code Root Purge: 0.0 ms]
   [Clear CT: 1.8 ms]
   [Other: 3.0 ms]
      [Choose CSet: 0.0 ms]
      [Ref Proc: 1.1 ms]
      [Ref Enq: 0.0 ms]
      [Redirty Cards: 1.4 ms]
      [Humongous Register: 0.0 ms]
      [Humongous Reclaim: 0.0 ms]
      [Free CSet: 0.1 ms]
   [Eden: 151.0M(151.0M)->0.0B(151.0M) Survivors: 2048.0K->2048.0K Heap: 200.3M(256.0M)->50372.0K(256.0M)]
Heap after GC invocations=721 (full 0):
 garbage-first heap   total 262144K, used 50371K [0x00000000f0000000, 0x00000000f0100800, 0x0000000100000000)
  region size 1024K, 2 young (2048K), 2 survivors (2048K)
 Metaspace       used 52923K, capacity 56204K, committed 56448K, reserved 1099776K
  class space    used 6461K, capacity 7028K, committed 7040K, reserved 1048576K
}
 [Times: user=0.04 sys=0.02, real=0.01 secs] 
{Heap before GC invocations=721 (full 0):
 garbage-first heap   total 262144K, used 204995K [0x00000000f0000000, 0x00000000f0100800, 0x0000000100000000)
  region size 1024K, 153 young (156672K), 2 survivors (2048K)
 Metaspace       used 52923K, capacity 56204K, committed 56448K, reserved 1099776K
  class space    used 6461K, capacity 7028K, committed 7040K, reserved 1048576K
2023-10-03T06:56:53.369+0800: 721.232: [GC pause (G1 Evacuation Pause) (young), 0.0110809 secs]
   [Parallel Time: 6.5 ms, GC Workers: 10]
      [GC Worker Start (ms): Min: 721232.4, Avg: 721232.6, Max: 721232.9, Diff: 0.5]
      [Ext Root Scanning (ms): Min: 1.7, Avg: 1.9, Max: 2.3, Diff: 0.6, Sum: 18.8]
      [Update RS (ms): Min: 1.6, Avg: 1.7, Max: 1.8, Diff: 0.2, Sum: 16.7]
         [Processed Buffers: Min: 12, Avg: 17.7, Max: 31, Diff: 19, Sum: 177]
      [Scan RS (ms): Min: 0.0, Avg: 0.1, Max: 0.1, Diff: 0.1, Sum: 0.6]
      [Code Root Scanning (ms): Min: 0.0, Avg: 0.0, Max: 0.0, Diff: 0.0, Sum: 0.0]
      [Object Copy (ms): Min: 1.5, Avg: 1.7, Max: 1.8, Diff: 0.3, Sum: 17.5]
      [Termination (ms): Min: 0.0, Avg: 0.0, Max: 0.0, Diff: 0.0, Sum: 0.0]
         [Termination Attempts: Min: 1, Avg: 1.0, Max: 1, Diff: 0, Sum: 10]
      [GC Worker Other (ms): Min: 0.0, Avg: 0.0, Max: 0.1, Diff: 0.1, Sum: 0.5]
      [GC Worker Total (ms): Min: 5.2, Avg: 5.4, Max: 5.6, Diff: 0.4, Sum: 54.1]
      [GC Worker End (ms): Min: 721238.0, Avg: 721238.0, Max: 721238.1, Diff: 0.1]
   [Code Root Fixup: 0.0 ms]
   [Code Root Purge: 0.0 ms]
   [Clear CT: 1.7 ms]
   [Other: 2.9 ms]
      [Choose CSet: 0.0 ms]
      [Ref Proc: 0.9 ms]
      [Ref Enq: 0.0 ms]
      [Redirty Cards: 1.4 ms]
      [Humongous Register: 0.0 ms]
      [Humongous Reclaim: 0.0 ms]
      [Free CSet: 0.1 ms]
   [Eden: 151.0M(151.0M)->0.0B(151.0M) Survivors: 2048.0K->2048.0K Heap: 200.2M(256.0M)->50714.5K(256.0M)]
Heap after GC invocations=722 (full 0):
 garbage-first heap   total 262144K, used 50714K [0x00000000f0000000, 0x00000000f0100800, 0x0000000100000000)
  region size 1024K, 2 young (2048K), 2 survivors (2048K)
 Metaspace       used 52923K, capacity 56204K, committed 56448K, reserved 1099776K
  class space    used 6461K, capacity 7028K, committed 7040K, reserved 1048576K
}
 [Times: user=0.06 sys=0.00, real=0.02 secs] 
{Heap before GC invocations=722 (full 0):
 garbage-first heap   total 262144K, used 205338K [0x00000000f0000000, 0x00000000f0100800, 0x0000000100000000)
  region size 1024K, 153 young (156672K), 2 survivors (2048K)
 Metaspace       used 52923K, capacity 56204K, committed 56448K, reserved 1099776K
  class space    used 6461K, capacity 7028K, committed 7040K, reserved 1048576K
2023-10-03T06:56:54.202+0800: 722.065: [GC pause (G1 Evacuation Pause) (young), 0.0108308 secs]
   [Parallel Time: 6.4 ms, GC Workers: 10]
      [GC Worker Start (ms): Min: 722065.4, Avg: 722065.7, Max: 722065.9, Diff: 0.5]
      [Ext Root Scanning (ms): Min: 1.7, Avg: 1.9, Max: 2.4, Diff: 0.7, Sum: 19.4]
      [Update RS (ms): Min: 1.5, Avg: 1.7, Max: 1.7, Diff: 0.2, Sum: 16.5]
         [Processed Buffers: Min: 12, Avg: 18.2, Max: 33, Diff: 21, Sum: 182]
      [Scan RS (ms): Min: 0.0, Avg: 0.1, Max: 0.1, Diff: 0.1, Sum: 0.6]
      [Code Root Scanning (ms): Min: 0.0, Avg: 0.0, Max: 0.0, Diff: 0.0, Sum: 0.0]
      [Object Copy (ms): Min: 1.5, Avg: 1.7, Max: 1.8, Diff: 0.3, Sum: 17.4]
      [Termination (ms): Min: 0.0, Avg: 0.0, Max: 0.0, Diff: 0.0, Sum: 0.1]
         [Termination Attempts: Min: 1, Avg: 2.1, Max: 4, Diff: 3, Sum: 21]
      [GC Worker Other (ms): Min: 0.0, Avg: 0.1, Max: 0.2, Diff: 0.1, Sum: 0.6]
      [GC Worker Total (ms): Min: 5.2, Avg: 5.5, Max: 5.7, Diff: 0.5, Sum: 54.7]
      [GC Worker End (ms): Min: 722071.1, Avg: 722071.1, Max: 722071.2, Diff: 0.2]
   [Code Root Fixup: 0.0 ms]
   [Code Root Purge: 0.0 ms]
   [Clear CT: 1.4 ms]
   [Other: 3.0 ms]
      [Choose CSet: 0.0 ms]
      [Ref Proc: 1.2 ms]
      [Ref Enq: 0.0 ms]
      [Redirty Cards: 1.2 ms]
      [Humongous Register: 0.0 ms]
      [Humongous Reclaim: 0.0 ms]
      [Free CSet: 0.1 ms]
   [Eden: 151.0M(151.0M)->0.0B(151.0M) Survivors: 2048.0K->2048.0K Heap: 200.5M(256.0M)->50500.6K(256.0M)]
Heap after GC invocations=723 (full 0):
 garbage-first heap   total 262144K, used 50500K [0x00000000f0000000, 0x00000000f0100800, 0x0000000100000000)
  region size 1024K, 2 young (2048K), 2 survivors (2048K)
 Metaspace       used 52923K, capacity 56204K, committed 56448K, reserved 1099776K
  class space    used 6461K, capacity 7028K, committed 7040K, reserved 1048576K
}
 [Times: user=0.06 sys=0.00, real=0.01 secs] 
{Heap before GC invocations=723 (full 0):
 garbage-first heap   total 262144K, used 205124K [0x00000000f0000000, 0x00000000f0100800, 0x0000000100000000)
  region size 1024K, 153 young (156672K), 2 survivors (2048K)
 Metaspace       used 52923K, capacity 56204K, committed 56448K, reserved 1099776K
  class space    used 6461K, capacity 7028K, committed 7040K, reserved 1048576K
2023-10-03T06:56:54.959+0800: 722.822: [GC pause (G1 Evacuation Pause) (young), 0.0113418 secs]
   [Parallel Time: 6.6 ms, GC Workers: 10]
      [GC Worker Start (ms): Min: 722822.2, Avg: 722822.4, Max: 722822.7, Diff: 0.5]
      [Ext Root Scanning (ms): Min: 1.7, Avg: 2.0, Max: 2.4, Diff: 0.8, Sum: 19.7]
      [Update RS (ms): Min: 1.7, Avg: 1.7, Max: 1.9, Diff: 0.2, Sum: 17.3]
         [Processed Buffers: Min: 12, Avg: 17.9, Max: 38, Diff: 26, Sum: 179]
      [Scan RS (ms): Min: 0.0, Avg: 0.1, Max: 0.1, Diff: 0.1, Sum: 0.7]
      [Code Root Scanning (ms): Min: 0.0, Avg: 0.0, Max: 0.0, Diff: 0.0, Sum: 0.0]
      [Object Copy (ms): Min: 1.4, Avg: 1.7, Max: 1.8, Diff: 0.4, Sum: 16.8]
      [Termination (ms): Min: 0.0, Avg: 0.0, Max: 0.0, Diff: 0.0, Sum: 0.0]
         [Termination Attempts: Min: 1, Avg: 1.0, Max: 1, Diff: 0, Sum: 10]
      [GC Worker Other (ms): Min: 0.0, Avg: 0.1, Max: 0.2, Diff: 0.2, Sum: 0.6]
      [GC Worker Total (ms): Min: 5.3, Avg: 5.5, Max: 5.8, Diff: 0.5, Sum: 55.2]
      [GC Worker End (ms): Min: 722827.9, Avg: 722828.0, Max: 722828.1, Diff: 0.2]
   [Code Root Fixup: 0.0 ms]
   [Code Root Purge: 0.0 ms]
   [Clear CT: 1.8 ms]
   [Other: 3.0 ms]
      [Choose CSet: 0.0 ms]
      [Ref Proc: 1.1 ms]
      [Ref Enq: 0.0 ms]
      [Redirty Cards: 1.3 ms]
      [Humongous Register: 0.0 ms]
      [Humongous Reclaim: 0.0 ms]
      [Free CSet: 0.1 ms]
   [Eden: 151.0M(151.0M)->0.0B(151.0M) Survivors: 2048.0K->2048.0K Heap: 200.3M(256.0M)->50507.5K(256.0M)]
Heap after GC invocations=724 (full 0):
 garbage-first heap   total 262144K, used 50507K [0x00000000f0000000, 0x00000000f0100800, 0x0000000100000000)
  region size 1024K, 2 young (2048K), 2 survivors (2048K)
 Metaspace       used 52923K, capacity 56204K, committed 56448K, reserved 1099776K
  class space    used 6461K, capacity 7028K, committed 7040K, reserved 1048576K
}
 [Times: user=0.06 sys=0.00, real=0.02 secs] 
{Heap before GC invocations=724 (full 0):
 garbage-first heap   total 262144K, used 205131K [0x00000000f0000000, 0x00000000f0100800, 0x0000000100000000)
  region size 1024K, 153 young (156672K), 2 survivors (2048K)
 Metaspace       used 52923K, capacity 56204K, committed 56448K, reserved 1099776K
  class space    used 6461K, capacity 7028K, committed 7040K, reserved 1048576K
2023-10-03T06:56:55.751+0800: 723.614: [GC pause (G1 Evacuation Pause) (young), 0.0114680 secs]
   [Parallel Time: 6.5 ms, GC Workers: 10]
      [GC Worker Start (ms): Min: 723614.2, Avg: 723614.4, Max: 723614.7, Diff: 0.5]
      [Ext Root Scanning (ms): Min: 1.8, Avg: 2.0, Max: 2.4, Diff: 0.6, Sum: 19.9]
      [Update RS (ms): Min: 1.5, Avg: 1.6, Max: 1.7, Diff: 0.2, Sum: 16.1]
         [Processed Buffers: Min: 13, Avg: 18.0, Max: 31, Diff: 18, Sum: 180]
      [Scan RS (ms): Min: 0.0, Avg: 0.1, Max: 0.1, Diff: 0.1, Sum: 0.7]
      [Code Root Scanning (ms): Min: 0.0, Avg: 0.0, Max: 0.0, Diff: 0.0, Sum: 0.0]
      [Object Copy (ms): Min: 1.6, Avg: 1.8, Max: 1.9, Diff: 0.2, Sum: 18.0]
      [Termination (ms): Min: 0.0, Avg: 0.0, Max: 0.0, Diff: 0.0, Sum: 0.0]
         [Termination Attempts: Min: 1, Avg: 1.0, Max: 1, Diff: 0, Sum: 10]
      [GC Worker Other (ms): Min: 0.0, Avg: 0.1, Max: 0.2, Diff: 0.1, Sum: 0.5]
      [GC Worker Total (ms): Min: 5.3, Avg: 5.5, Max: 5.8, Diff: 0.5, Sum: 55.2]
      [GC Worker End (ms): Min: 723619.9, Avg: 723619.9, Max: 723620.0, Diff: 0.1]
   [Code Root Fixup: 0.0 ms]
   [Code Root Purge: 0.0 ms]
   [Clear CT: 1.3 ms]
   [Other: 3.6 ms]
      [Choose CSet: 0.0 ms]
      [Ref Proc: 1.6 ms]
      [Ref Enq: 0.0 ms]
      [Redirty Cards: 1.5 ms]
      [Humongous Register: 0.0 ms]
      [Humongous Reclaim: 0.0 ms]
      [Free CSet: 0.1 ms]
   [Eden: 151.0M(151.0M)->0.0B(151.0M) Survivors: 2048.0K->2048.0K Heap: 200.3M(256.0M)->50734.4K(256.0M)]
Heap after GC invocations=725 (full 0):
 garbage-first heap   total 262144K, used 50734K [0x00000000f0000000, 0x00000000f0100800, 0x0000000100000000)
  region size 1024K, 2 young (2048K), 2 survivors (2048K)
 Metaspace       used 52923K, capacity 56204K, committed 56448K, reserved 1099776K
  class space    used 6461K, capacity 7028K, committed 7040K, reserved 1048576K
}
 [Times: user=0.07 sys=0.00, real=0.01 secs] 
{Heap before GC invocations=725 (full 0):
 garbage-first heap   total 262144K, used 205358K [0x00000000f0000000, 0x00000000f0100800, 0x0000000100000000)
  region size 1024K, 153 young (156672K), 2 survivors (2048K)
 Metaspace       used 52923K, capacity 56204K, committed 56448K, reserved 1099776K
  class space    used 6461K, capacity 7028K, committed 7040K, reserved 1048576K
2023-10-03T06:56:56.548+0800: 724.411: [GC pause (G1 Evacuation Pause) (young), 0.0106307 secs]
   [Parallel Time: 6.4 ms, GC Workers: 10]
      [GC Worker Start (ms): Min: 724411.7, Avg: 724411.9, Max: 724412.2, Diff: 0.5]
      [Ext Root Scanning (ms): Min: 1.8, Avg: 2.0, Max: 2.4, Diff: 0.6, Sum: 19.5]
      [Update RS (ms): Min: 1.5, Avg: 1.6, Max: 1.7, Diff: 0.2, Sum: 16.3]
         [Processed Buffers: Min: 13, Avg: 18.1, Max: 29, Diff: 16, Sum: 181]
      [Scan RS (ms): Min: 0.0, Avg: 0.1, Max: 0.1, Diff: 0.1, Sum: 0.7]
      [Code Root Scanning (ms): Min: 0.0, Avg: 0.0, Max: 0.0, Diff: 0.0, Sum: 0.0]
      [Object Copy (ms): Min: 1.6, Avg: 1.8, Max: 1.8, Diff: 0.2, Sum: 17.6]
      [Termination (ms): Min: 0.0, Avg: 0.0, Max: 0.0, Diff: 0.0, Sum: 0.1]
         [Termination Attempts: Min: 1, Avg: 1.8, Max: 3, Diff: 2, Sum: 18]
      [GC Worker Other (ms): Min: 0.0, Avg: 0.0, Max: 0.1, Diff: 0.1, Sum: 0.4]
      [GC Worker Total (ms): Min: 5.2, Avg: 5.5, Max: 5.7, Diff: 0.5, Sum: 54.6]
      [GC Worker End (ms): Min: 724417.4, Avg: 724417.4, Max: 724417.4, Diff: 0.1]
   [Code Root Fixup: 0.0 ms]
   [Code Root Purge: 0.0 ms]
   [Clear CT: 1.2 ms]
   [Other: 3.1 ms]
      [Choose CSet: 0.0 ms]
      [Ref Proc: 1.1 ms]
      [Ref Enq: 0.0 ms]
      [Redirty Cards: 1.4 ms]
      [Humongous Register: 0.0 ms]
      [Humongous Reclaim: 0.0 ms]
      [Free CSet: 0.1 ms]
   [Eden: 151.0M(151.0M)->0.0B(151.0M) Survivors: 2048.0K->2048.0K Heap: 200.5M(256.0M)->50634.7K(256.0M)]
Heap after GC invocations=726 (full 0):
 garbage-first heap   total 262144K, used 50634K [0x00000000f0000000, 0x00000000f0100800, 0x0000000100000000)
  region size 1024K, 2 young (2048K), 2 survivors (2048K)
 Metaspace       used 52923K, capacity 56204K, committed 56448K, reserved 1099776K
  class space    used 6461K, capacity 7028K, committed 7040K, reserved 1048576K
}
 [Times: user=0.06 sys=0.00, real=0.01 secs] 
{Heap before GC invocations=726 (full 0):
 garbage-first heap   total 262144K, used 205258K [0x00000000f0000000, 0x00000000f0100800, 0x0000000100000000)
  region size 1024K, 153 young (156672K), 2 survivors (2048K)
 Metaspace       used 52923K, capacity 56204K, committed 56448K, reserved 1099776K
  class space    used 6461K, capacity 7028K, committed 7040K, reserved 1048576K
2023-10-03T06:56:57.349+0800: 725.212: [GC pause (G1 Evacuation Pause) (young), 0.0112591 secs]
   [Parallel Time: 6.5 ms, GC Workers: 10]
      [GC Worker Start (ms): Min: 725212.2, Avg: 725212.4, Max: 725212.7, Diff: 0.5]
      [Ext Root Scanning (ms): Min: 1.8, Avg: 2.0, Max: 2.4, Diff: 0.6, Sum: 19.8]
      [Update RS (ms): Min: 1.6, Avg: 1.7, Max: 1.8, Diff: 0.2, Sum: 16.5]
         [Processed Buffers: Min: 11, Avg: 17.9, Max: 30, Diff: 19, Sum: 179]
      [Scan RS (ms): Min: 0.0, Avg: 0.1, Max: 0.1, Diff: 0.1, Sum: 0.6]
      [Code Root Scanning (ms): Min: 0.0, Avg: 0.0, Max: 0.0, Diff: 0.0, Sum: 0.0]
      [Object Copy (ms): Min: 1.6, Avg: 1.8, Max: 1.9, Diff: 0.3, Sum: 18.0]
      [Termination (ms): Min: 0.0, Avg: 0.0, Max: 0.0, Diff: 0.0, Sum: 0.0]
         [Termination Attempts: Min: 1, Avg: 1.3, Max: 2, Diff: 1, Sum: 13]
      [GC Worker Other (ms): Min: 0.0, Avg: 0.1, Max: 0.2, Diff: 0.1, Sum: 0.5]
      [GC Worker Total (ms): Min: 5.3, Avg: 5.5, Max: 5.8, Diff: 0.5, Sum: 55.5]
      [GC Worker End (ms): Min: 725217.9, Avg: 725218.0, Max: 725218.1, Diff: 0.1]
   [Code Root Fixup: 0.0 ms]
   [Code Root Purge: 0.0 ms]
   [Clear CT: 1.6 ms]
   [Other: 3.1 ms]
      [Choose CSet: 0.0 ms]
      [Ref Proc: 1.2 ms]
      [Ref Enq: 0.0 ms]
      [Redirty Cards: 1.3 ms]
      [Humongous Register: 0.0 ms]
      [Humongous Reclaim: 0.0 ms]
      [Free CSet: 0.1 ms]
   [Eden: 151.0M(151.0M)->0.0B(151.0M) Survivors: 2048.0K->2048.0K Heap: 200.4M(256.0M)->51002.0K(256.0M)]
Heap after GC invocations=727 (full 0):
 garbage-first heap   total 262144K, used 51002K [0x00000000f0000000, 0x00000000f0100800, 0x0000000100000000)
  region size 1024K, 2 young (2048K), 2 survivors (2048K)
 Metaspace       used 52923K, capacity 56204K, committed 56448K, reserved 1099776K
  class space    used 6461K, capacity 7028K, committed 7040K, reserved 1048576K
}
 [Times: user=0.06 sys=0.00, real=0.02 secs] 
{Heap before GC invocations=727 (full 0):
 garbage-first heap   total 262144K, used 205626K [0x00000000f0000000, 0x00000000f0100800, 0x0000000100000000)
  region size 1024K, 153 young (156672K), 2 survivors (2048K)
 Metaspace       used 52923K, capacity 56204K, committed 56448K, reserved 1099776K
  class space    used 6461K, capacity 7028K, committed 7040K, reserved 1048576K
2023-10-03T06:56:58.149+0800: 726.012: [GC pause (G1 Evacuation Pause) (young), 0.0115679 secs]
   [Parallel Time: 6.5 ms, GC Workers: 10]
      [GC Worker Start (ms): Min: 726012.3, Avg: 726012.5, Max: 726012.7, Diff: 0.5]
      [Ext Root Scanning (ms): Min: 1.9, Avg: 2.0, Max: 2.4, Diff: 0.5, Sum: 20.0]
      [Update RS (ms): Min: 1.7, Avg: 1.7, Max: 1.8, Diff: 0.2, Sum: 17.3]
         [Processed Buffers: Min: 13, Avg: 17.9, Max: 36, Diff: 23, Sum: 179]
      [Scan RS (ms): Min: 0.0, Avg: 0.1, Max: 0.1, Diff: 0.1, Sum: 0.6]
      [Code Root Scanning (ms): Min: 0.0, Avg: 0.0, Max: 0.0, Diff: 0.0, Sum: 0.0]
      [Object Copy (ms): Min: 1.5, Avg: 1.8, Max: 1.9, Diff: 0.4, Sum: 17.5]
      [Termination (ms): Min: 0.0, Avg: 0.0, Max: 0.0, Diff: 0.0, Sum: 0.0]
         [Termination Attempts: Min: 1, Avg: 1.3, Max: 2, Diff: 1, Sum: 13]
      [GC Worker Other (ms): Min: 0.0, Avg: 0.1, Max: 0.1, Diff: 0.1, Sum: 0.5]
      [GC Worker Total (ms): Min: 5.4, Avg: 5.6, Max: 5.8, Diff: 0.4, Sum: 55.9]
      [GC Worker End (ms): Min: 726018.1, Avg: 726018.1, Max: 726018.2, Diff: 0.1]
   [Code Root Fixup: 0.0 ms]
   [Code Root Purge: 0.0 ms]
   [Clear CT: 1.9 ms]
   [Other: 3.1 ms]
      [Choose CSet: 0.0 ms]
      [Ref Proc: 1.1 ms]
      [Ref Enq: 0.0 ms]
      [Redirty Cards: 1.4 ms]
      [Humongous Register: 0.0 ms]
      [Humongous Reclaim: 0.0 ms]
      [Free CSet: 0.1 ms]
   [Eden: 151.0M(151.0M)->0.0B(151.0M) Survivors: 2048.0K->2048.0K Heap: 200.8M(256.0M)->50657.8K(256.0M)]
Heap after GC invocations=728 (full 0):
 garbage-first heap   total 262144K, used 50657K [0x00000000f0000000, 0x00000000f0100800, 0x0000000100000000)
  region size 1024K, 2 young (2048K), 2 survivors (2048K)
 Metaspace       used 52923K, capacity 56204K, committed 56448K, reserved 1099776K
  class space    used 6461K, capacity 7028K, committed 7040K, reserved 1048576K
}
 [Times: user=0.06 sys=0.00, real=0.02 secs] 
{Heap before GC invocations=728 (full 0):
 garbage-first heap   total 262144K, used 205281K [0x00000000f0000000, 0x00000000f0100800, 0x0000000100000000)
  region size 1024K, 153 young (156672K), 2 survivors (2048K)
 Metaspace       used 52923K, capacity 56204K, committed 56448K, reserved 1099776K
  class space    used 6461K, capacity 7028K, committed 7040K, reserved 1048576K
2023-10-03T06:56:58.963+0800: 726.826: [GC pause (G1 Evacuation Pause) (young), 0.0108584 secs]
   [Parallel Time: 6.3 ms, GC Workers: 10]
      [GC Worker Start (ms): Min: 726826.5, Avg: 726826.8, Max: 726827.0, Diff: 0.5]
      [Ext Root Scanning (ms): Min: 1.7, Avg: 1.9, Max: 2.3, Diff: 0.6, Sum: 18.7]
      [Update RS (ms): Min: 1.6, Avg: 1.7, Max: 1.7, Diff: 0.1, Sum: 16.8]
         [Processed Buffers: Min: 13, Avg: 18.2, Max: 30, Diff: 17, Sum: 182]
      [Scan RS (ms): Min: 0.0, Avg: 0.1, Max: 0.1, Diff: 0.0, Sum: 0.8]
      [Code Root Scanning (ms): Min: 0.0, Avg: 0.0, Max: 0.0, Diff: 0.0, Sum: 0.0]
      [Object Copy (ms): Min: 1.4, Avg: 1.6, Max: 1.7, Diff: 0.3, Sum: 16.1]
      [Termination (ms): Min: 0.0, Avg: 0.0, Max: 0.0, Diff: 0.0, Sum: 0.0]
         [Termination Attempts: Min: 1, Avg: 1.0, Max: 1, Diff: 0, Sum: 10]
      [GC Worker Other (ms): Min: 0.0, Avg: 0.0, Max: 0.1, Diff: 0.1, Sum: 0.5]
      [GC Worker Total (ms): Min: 5.1, Avg: 5.3, Max: 5.6, Diff: 0.5, Sum: 52.9]
      [GC Worker End (ms): Min: 726832.1, Avg: 726832.1, Max: 726832.1, Diff: 0.1]
   [Code Root Fixup: 0.0 ms]
   [Code Root Purge: 0.0 ms]
   [Clear CT: 1.3 ms]
   [Other: 3.2 ms]
      [Choose CSet: 0.0 ms]
      [Ref Proc: 1.4 ms]
      [Ref Enq: 0.0 ms]
      [Redirty Cards: 1.3 ms]
      [Humongous Register: 0.0 ms]
      [Humongous Reclaim: 0.0 ms]
      [Free CSet: 0.1 ms]
   [Eden: 151.0M(151.0M)->0.0B(151.0M) Survivors: 2048.0K->2048.0K Heap: 200.5M(256.0M)->50528.9K(256.0M)]
Heap after GC invocations=729 (full 0):
 garbage-first heap   total 262144K, used 50528K [0x00000000f0000000, 0x00000000f0100800, 0x0000000100000000)
  region size 1024K, 2 young (2048K), 2 survivors (2048K)
 Metaspace       used 52923K, capacity 56204K, committed 56448K, reserved 1099776K
  class space    used 6461K, capacity 7028K, committed 7040K, reserved 1048576K
}
 [Times: user=0.05 sys=0.01, real=0.01 secs] 
{Heap before GC invocations=729 (full 0):
 garbage-first heap   total 262144K, used 205152K [0x00000000f0000000, 0x00000000f0100800, 0x0000000100000000)
  region size 1024K, 153 young (156672K), 2 survivors (2048K)
 Metaspace       used 52923K, capacity 56204K, committed 56448K, reserved 1099776K
  class space    used 6461K, capacity 7028K, committed 7040K, reserved 1048576K
2023-10-03T06:56:59.679+0800: 727.542: [GC pause (G1 Evacuation Pause) (young), 0.0117397 secs]
   [Parallel Time: 6.7 ms, GC Workers: 10]
      [GC Worker Start (ms): Min: 727542.9, Avg: 727543.1, Max: 727543.3, Diff: 0.5]
      [Ext Root Scanning (ms): Min: 1.7, Avg: 1.9, Max: 2.4, Diff: 0.8, Sum: 19.4]
      [Update RS (ms): Min: 1.6, Avg: 1.7, Max: 1.8, Diff: 0.2, Sum: 17.0]
         [Processed Buffers: Min: 13, Avg: 17.9, Max: 26, Diff: 13, Sum: 179]
      [Scan RS (ms): Min: 0.0, Avg: 0.1, Max: 0.1, Diff: 0.1, Sum: 0.6]
      [Code Root Scanning (ms): Min: 0.0, Avg: 0.0, Max: 0.0, Diff: 0.0, Sum: 0.0]
      [Object Copy (ms): Min: 1.5, Avg: 1.8, Max: 1.9, Diff: 0.4, Sum: 17.8]
      [Termination (ms): Min: 0.0, Avg: 0.0, Max: 0.0, Diff: 0.0, Sum: 0.1]
         [Termination Attempts: Min: 1, Avg: 1.8, Max: 3, Diff: 2, Sum: 18]
      [GC Worker Other (ms): Min: 0.0, Avg: 0.1, Max: 0.2, Diff: 0.2, Sum: 0.9]
      [GC Worker Total (ms): Min: 5.3, Avg: 5.6, Max: 6.0, Diff: 0.7, Sum: 55.8]
      [GC Worker End (ms): Min: 727548.6, Avg: 727548.7, Max: 727548.8, Diff: 0.2]
   [Code Root Fixup: 0.0 ms]
   [Code Root Purge: 0.0 ms]
   [Clear CT: 1.5 ms]
   [Other: 3.6 ms]
      [Choose CSet: 0.0 ms]
      [Ref Proc: 1.7 ms]
      [Ref Enq: 0.0 ms]
      [Redirty Cards: 1.4 ms]
      [Humongous Register: 0.0 ms]
      [Humongous Reclaim: 0.0 ms]
      [Free CSet: 0.1 ms]
   [Eden: 151.0M(151.0M)->0.0B(150.0M) Survivors: 2048.0K->3072.0K Heap: 200.3M(256.0M)->51300.2K(256.0M)]
Heap after GC invocations=730 (full 0):
 garbage-first heap   total 262144K, used 51300K [0x00000000f0000000, 0x00000000f0100800, 0x0000000100000000)
  region size 1024K, 3 young (3072K), 3 survivors (3072K)
 Metaspace       used 52923K, capacity 56204K, committed 56448K, reserved 1099776K
  class space    used 6461K, capacity 7028K, committed 7040K, reserved 1048576K
}
 [Times: user=0.05 sys=0.01, real=0.02 secs] 
{Heap before GC invocations=730 (full 0):
 garbage-first heap   total 262144K, used 204900K [0x00000000f0000000, 0x00000000f0100800, 0x0000000100000000)
  region size 1024K, 153 young (156672K), 3 survivors (3072K)
 Metaspace       used 52923K, capacity 56204K, committed 56448K, reserved 1099776K
  class space    used 6461K, capacity 7028K, committed 7040K, reserved 1048576K
2023-10-03T06:57:00.485+0800: 728.348: [GC pause (G1 Evacuation Pause) (young), 0.0115347 secs]
   [Parallel Time: 6.5 ms, GC Workers: 10]
      [GC Worker Start (ms): Min: 728348.7, Avg: 728349.0, Max: 728349.2, Diff: 0.5]
      [Ext Root Scanning (ms): Min: 1.6, Avg: 1.9, Max: 2.3, Diff: 0.7, Sum: 18.9]
      [Update RS (ms): Min: 1.6, Avg: 1.7, Max: 1.8, Diff: 0.2, Sum: 17.3]
         [Processed Buffers: Min: 6, Avg: 18.0, Max: 36, Diff: 30, Sum: 180]
      [Scan RS (ms): Min: 0.0, Avg: 0.1, Max: 0.1, Diff: 0.1, Sum: 0.6]
      [Code Root Scanning (ms): Min: 0.0, Avg: 0.0, Max: 0.0, Diff: 0.0, Sum: 0.0]
      [Object Copy (ms): Min: 1.6, Avg: 1.8, Max: 1.9, Diff: 0.3, Sum: 17.6]
      [Termination (ms): Min: 0.0, Avg: 0.0, Max: 0.0, Diff: 0.0, Sum: 0.0]
         [Termination Attempts: Min: 1, Avg: 1.1, Max: 2, Diff: 1, Sum: 11]
      [GC Worker Other (ms): Min: 0.0, Avg: 0.0, Max: 0.1, Diff: 0.1, Sum: 0.4]
      [GC Worker Total (ms): Min: 5.3, Avg: 5.5, Max: 5.7, Diff: 0.5, Sum: 54.8]
      [GC Worker End (ms): Min: 728354.4, Avg: 728354.4, Max: 728354.5, Diff: 0.1]
   [Code Root Fixup: 0.0 ms]
   [Code Root Purge: 0.0 ms]
   [Clear CT: 1.7 ms]
   [Other: 3.3 ms]
      [Choose CSet: 0.0 ms]
      [Ref Proc: 1.2 ms]
      [Ref Enq: 0.0 ms]
      [Redirty Cards: 1.4 ms]
      [Humongous Register: 0.0 ms]
      [Humongous Reclaim: 0.0 ms]
      [Free CSet: 0.1 ms]
   [Eden: 150.0M(150.0M)->0.0B(151.0M) Survivors: 3072.0K->2048.0K Heap: 200.1M(256.0M)->50647.2K(256.0M)]
Heap after GC invocations=731 (full 0):
 garbage-first heap   total 262144K, used 50647K [0x00000000f0000000, 0x00000000f0100800, 0x0000000100000000)
  region size 1024K, 2 young (2048K), 2 survivors (2048K)
 Metaspace       used 52923K, capacity 56204K, committed 56448K, reserved 1099776K
  class space    used 6461K, capacity 7028K, committed 7040K, reserved 1048576K
}
 [Times: user=0.06 sys=0.00, real=0.01 secs] 
{Heap before GC invocations=731 (full 0):
 garbage-first heap   total 262144K, used 205271K [0x00000000f0000000, 0x00000000f0100800, 0x0000000100000000)
  region size 1024K, 153 young (156672K), 2 survivors (2048K)
 Metaspace       used 52923K, capacity 56204K, committed 56448K, reserved 1099776K
  class space    used 6461K, capacity 7028K, committed 7040K, reserved 1048576K
2023-10-03T06:57:01.282+0800: 729.145: [GC pause (G1 Evacuation Pause) (young), 0.0105635 secs]
   [Parallel Time: 5.7 ms, GC Workers: 10]
      [GC Worker Start (ms): Min: 729145.2, Avg: 729145.5, Max: 729145.7, Diff: 0.5]
      [Ext Root Scanning (ms): Min: 1.6, Avg: 1.9, Max: 2.3, Diff: 0.7, Sum: 19.2]
      [Update RS (ms): Min: 1.6, Avg: 1.6, Max: 1.7, Diff: 0.2, Sum: 16.3]
         [Processed Buffers: Min: 11, Avg: 17.9, Max: 34, Diff: 23, Sum: 179]
      [Scan RS (ms): Min: 0.0, Avg: 0.1, Max: 0.1, Diff: 0.1, Sum: 0.6]
      [Code Root Scanning (ms): Min: 0.0, Avg: 0.0, Max: 0.0, Diff: 0.0, Sum: 0.0]
      [Object Copy (ms): Min: 1.5, Avg: 1.7, Max: 1.8, Diff: 0.3, Sum: 17.1]
      [Termination (ms): Min: 0.0, Avg: 0.0, Max: 0.0, Diff: 0.0, Sum: 0.1]
         [Termination Attempts: Min: 1, Avg: 1.1, Max: 2, Diff: 1, Sum: 11]
      [GC Worker Other (ms): Min: 0.0, Avg: 0.0, Max: 0.1, Diff: 0.0, Sum: 0.4]
      [GC Worker Total (ms): Min: 5.1, Avg: 5.4, Max: 5.6, Diff: 0.5, Sum: 53.6]
      [GC Worker End (ms): Min: 729150.8, Avg: 729150.9, Max: 729150.9, Diff: 0.0]
   [Code Root Fixup: 0.0 ms]
   [Code Root Purge: 0.0 ms]
   [Clear CT: 1.7 ms]
   [Other: 3.1 ms]
      [Choose CSet: 0.0 ms]
      [Ref Proc: 1.2 ms]
      [Ref Enq: 0.0 ms]
      [Redirty Cards: 1.4 ms]
      [Humongous Register: 0.0 ms]
      [Humongous Reclaim: 0.0 ms]
      [Free CSet: 0.1 ms]
   [Eden: 151.0M(151.0M)->0.0B(150.0M) Survivors: 2048.0K->3072.0K Heap: 200.5M(256.0M)->51179.5K(256.0M)]
Heap after GC invocations=732 (full 0):
 garbage-first heap   total 262144K, used 51179K [0x00000000f0000000, 0x00000000f0100800, 0x0000000100000000)
  region size 1024K, 3 young (3072K), 3 survivors (3072K)
 Metaspace       used 52923K, capacity 56204K, committed 56448K, reserved 1099776K
  class space    used 6461K, capacity 7028K, committed 7040K, reserved 1048576K
}
 [Times: user=0.07 sys=0.00, real=0.01 secs] 
{Heap before GC invocations=732 (full 0):
 garbage-first heap   total 262144K, used 204779K [0x00000000f0000000, 0x00000000f0100800, 0x0000000100000000)
  region size 1024K, 153 young (156672K), 3 survivors (3072K)
 Metaspace       used 52923K, capacity 56204K, committed 56448K, reserved 1099776K
  class space    used 6461K, capacity 7028K, committed 7040K, reserved 1048576K
2023-10-03T06:57:02.077+0800: 729.940: [GC pause (G1 Evacuation Pause) (young), 0.0112998 secs]
   [Parallel Time: 6.6 ms, GC Workers: 10]
      [GC Worker Start (ms): Min: 729940.8, Avg: 729941.0, Max: 729941.3, Diff: 0.5]
      [Ext Root Scanning (ms): Min: 1.7, Avg: 2.0, Max: 2.4, Diff: 0.6, Sum: 19.6]
      [Update RS (ms): Min: 1.5, Avg: 1.6, Max: 1.7, Diff: 0.2, Sum: 16.3]
         [Processed Buffers: Min: 11, Avg: 18.0, Max: 28, Diff: 17, Sum: 180]
      [Scan RS (ms): Min: 0.0, Avg: 0.1, Max: 0.1, Diff: 0.1, Sum: 0.5]
      [Code Root Scanning (ms): Min: 0.0, Avg: 0.0, Max: 0.0, Diff: 0.0, Sum: 0.0]
      [Object Copy (ms): Min: 1.5, Avg: 1.8, Max: 1.8, Diff: 0.3, Sum: 17.7]
      [Termination (ms): Min: 0.0, Avg: 0.0, Max: 0.0, Diff: 0.0, Sum: 0.0]
         [Termination Attempts: Min: 1, Avg: 1.3, Max: 2, Diff: 1, Sum: 13]
      [GC Worker Other (ms): Min: 0.0, Avg: 0.1, Max: 0.2, Diff: 0.1, Sum: 0.6]
      [GC Worker Total (ms): Min: 5.2, Avg: 5.5, Max: 5.7, Diff: 0.5, Sum: 54.7]
      [GC Worker End (ms): Min: 729946.5, Avg: 729946.5, Max: 729946.6, Diff: 0.1]
   [Code Root Fixup: 0.0 ms]
   [Code Root Purge: 0.0 ms]
   [Clear CT: 1.2 ms]
   [Other: 3.5 ms]
      [Choose CSet: 0.0 ms]
      [Ref Proc: 1.6 ms]
      [Ref Enq: 0.0 ms]
      [Redirty Cards: 1.4 ms]
      [Humongous Register: 0.0 ms]
      [Humongous Reclaim: 0.0 ms]
      [Free CSet: 0.1 ms]
   [Eden: 150.0M(150.0M)->0.0B(151.0M) Survivors: 3072.0K->2048.0K Heap: 200.0M(256.0M)->50656.4K(256.0M)]
Heap after GC invocations=733 (full 0):
 garbage-first heap   total 262144K, used 50656K [0x00000000f0000000, 0x00000000f0100800, 0x0000000100000000)
  region size 1024K, 2 young (2048K), 2 survivors (2048K)
 Metaspace       used 52923K, capacity 56204K, committed 56448K, reserved 1099776K
  class space    used 6461K, capacity 7028K, committed 7040K, reserved 1048576K
}
 [Times: user=0.06 sys=0.00, real=0.01 secs] 
{Heap before GC invocations=733 (full 0):
 garbage-first heap   total 262144K, used 205280K [0x00000000f0000000, 0x00000000f0100800, 0x0000000100000000)
  region size 1024K, 153 young (156672K), 2 survivors (2048K)
 Metaspace       used 52923K, capacity 56204K, committed 56448K, reserved 1099776K
  class space    used 6461K, capacity 7028K, committed 7040K, reserved 1048576K
2023-10-03T06:57:02.879+0800: 730.742: [GC pause (G1 Evacuation Pause) (young), 0.0110851 secs]
   [Parallel Time: 6.3 ms, GC Workers: 10]
      [GC Worker Start (ms): Min: 730742.3, Avg: 730742.5, Max: 730742.8, Diff: 0.5]
      [Ext Root Scanning (ms): Min: 1.7, Avg: 1.9, Max: 2.3, Diff: 0.6, Sum: 19.3]
      [Update RS (ms): Min: 1.6, Avg: 1.7, Max: 1.8, Diff: 0.2, Sum: 16.5]
         [Processed Buffers: Min: 13, Avg: 18.1, Max: 33, Diff: 20, Sum: 181]
      [Scan RS (ms): Min: 0.0, Avg: 0.1, Max: 0.1, Diff: 0.1, Sum: 0.7]
      [Code Root Scanning (ms): Min: 0.0, Avg: 0.0, Max: 0.0, Diff: 0.0, Sum: 0.0]
      [Object Copy (ms): Min: 1.5, Avg: 1.7, Max: 1.8, Diff: 0.3, Sum: 17.0]
      [Termination (ms): Min: 0.0, Avg: 0.0, Max: 0.0, Diff: 0.0, Sum: 0.0]
         [Termination Attempts: Min: 1, Avg: 1.2, Max: 2, Diff: 1, Sum: 12]
      [GC Worker Other (ms): Min: 0.0, Avg: 0.0, Max: 0.1, Diff: 0.1, Sum: 0.4]
      [GC Worker Total (ms): Min: 5.1, Avg: 5.4, Max: 5.6, Diff: 0.5, Sum: 54.0]
      [GC Worker End (ms): Min: 730747.9, Avg: 730747.9, Max: 730748.0, Diff: 0.1]
   [Code Root Fixup: 0.0 ms]
   [Code Root Purge: 0.0 ms]
   [Clear CT: 1.4 ms]
   [Other: 3.3 ms]
      [Choose CSet: 0.0 ms]
      [Ref Proc: 1.4 ms]
      [Ref Enq: 0.0 ms]
      [Redirty Cards: 1.3 ms]
      [Humongous Register: 0.0 ms]
      [Humongous Reclaim: 0.0 ms]
      [Free CSet: 0.2 ms]
   [Eden: 151.0M(151.0M)->0.0B(151.0M) Survivors: 2048.0K->2048.0K Heap: 200.5M(256.0M)->50550.6K(256.0M)]
Heap after GC invocations=734 (full 0):
 garbage-first heap   total 262144K, used 50550K [0x00000000f0000000, 0x00000000f0100800, 0x0000000100000000)
  region size 1024K, 2 young (2048K), 2 survivors (2048K)
 Metaspace       used 52923K, capacity 56204K, committed 56448K, reserved 1099776K
  class space    used 6461K, capacity 7028K, committed 7040K, reserved 1048576K
}
 [Times: user=0.06 sys=0.00, real=0.02 secs] 
{Heap before GC invocations=734 (full 0):
 garbage-first heap   total 262144K, used 205174K [0x00000000f0000000, 0x00000000f0100800, 0x0000000100000000)
  region size 1024K, 153 young (156672K), 2 survivors (2048K)
 Metaspace       used 52923K, capacity 56204K, committed 56448K, reserved 1099776K
  class space    used 6461K, capacity 7028K, committed 7040K, reserved 1048576K
2023-10-03T06:57:03.675+0800: 731.538: [GC pause (G1 Evacuation Pause) (young), 0.0109078 secs]
   [Parallel Time: 6.3 ms, GC Workers: 10]
      [GC Worker Start (ms): Min: 731538.6, Avg: 731538.9, Max: 731539.1, Diff: 0.5]
      [Ext Root Scanning (ms): Min: 1.6, Avg: 1.8, Max: 2.3, Diff: 0.7, Sum: 18.5]
      [Update RS (ms): Min: 1.6, Avg: 1.6, Max: 1.7, Diff: 0.1, Sum: 16.2]
         [Processed Buffers: Min: 10, Avg: 18.2, Max: 34, Diff: 24, Sum: 182]
      [Scan RS (ms): Min: 0.0, Avg: 0.1, Max: 0.1, Diff: 0.1, Sum: 0.7]
      [Code Root Scanning (ms): Min: 0.0, Avg: 0.0, Max: 0.0, Diff: 0.0, Sum: 0.0]
      [Object Copy (ms): Min: 1.5, Avg: 1.7, Max: 1.8, Diff: 0.3, Sum: 17.4]
      [Termination (ms): Min: 0.0, Avg: 0.0, Max: 0.0, Diff: 0.0, Sum: 0.0]
         [Termination Attempts: Min: 1, Avg: 1.0, Max: 1, Diff: 0, Sum: 10]
      [GC Worker Other (ms): Min: 0.0, Avg: 0.0, Max: 0.1, Diff: 0.1, Sum: 0.4]
      [GC Worker Total (ms): Min: 5.1, Avg: 5.3, Max: 5.6, Diff: 0.6, Sum: 53.2]
      [GC Worker End (ms): Min: 731544.2, Avg: 731544.2, Max: 731544.2, Diff: 0.1]
   [Code Root Fixup: 0.0 ms]
   [Code Root Purge: 0.0 ms]
   [Clear CT: 1.3 ms]
   [Other: 3.3 ms]
      [Choose CSet: 0.0 ms]
      [Ref Proc: 1.5 ms]
      [Ref Enq: 0.0 ms]
      [Redirty Cards: 1.3 ms]
      [Humongous Register: 0.0 ms]
      [Humongous Reclaim: 0.0 ms]
      [Free CSet: 0.1 ms]
   [Eden: 151.0M(151.0M)->0.0B(151.0M) Survivors: 2048.0K->2048.0K Heap: 200.4M(256.0M)->50552.5K(256.0M)]
Heap after GC invocations=735 (full 0):
 garbage-first heap   total 262144K, used 50552K [0x00000000f0000000, 0x00000000f0100800, 0x0000000100000000)
  region size 1024K, 2 young (2048K), 2 survivors (2048K)
 Metaspace       used 52923K, capacity 56204K, committed 56448K, reserved 1099776K
  class space    used 6461K, capacity 7028K, committed 7040K, reserved 1048576K
}
 [Times: user=0.06 sys=0.00, real=0.01 secs] 
{Heap before GC invocations=735 (full 0):
 garbage-first heap   total 262144K, used 205176K [0x00000000f0000000, 0x00000000f0100800, 0x0000000100000000)
  region size 1024K, 153 young (156672K), 2 survivors (2048K)
 Metaspace       used 52923K, capacity 56204K, committed 56448K, reserved 1099776K
  class space    used 6461K, capacity 7028K, committed 7040K, reserved 1048576K
2023-10-03T06:57:04.472+0800: 732.335: [GC pause (G1 Evacuation Pause) (young), 0.0114034 secs]
   [Parallel Time: 6.6 ms, GC Workers: 10]
      [GC Worker Start (ms): Min: 732335.7, Avg: 732336.0, Max: 732336.2, Diff: 0.5]
      [Ext Root Scanning (ms): Min: 1.7, Avg: 2.0, Max: 2.4, Diff: 0.7, Sum: 19.8]
      [Update RS (ms): Min: 1.7, Avg: 1.7, Max: 1.8, Diff: 0.1, Sum: 17.3]
         [Processed Buffers: Min: 12, Avg: 18.3, Max: 31, Diff: 19, Sum: 183]
      [Scan RS (ms): Min: 0.0, Avg: 0.1, Max: 0.1, Diff: 0.1, Sum: 0.7]
      [Code Root Scanning (ms): Min: 0.0, Avg: 0.0, Max: 0.0, Diff: 0.0, Sum: 0.0]
      [Object Copy (ms): Min: 1.6, Avg: 1.8, Max: 1.9, Diff: 0.3, Sum: 18.1]
      [Termination (ms): Min: 0.0, Avg: 0.0, Max: 0.0, Diff: 0.0, Sum: 0.1]
         [Termination Attempts: Min: 1, Avg: 1.9, Max: 3, Diff: 2, Sum: 19]
      [GC Worker Other (ms): Min: 0.0, Avg: 0.0, Max: 0.1, Diff: 0.1, Sum: 0.5]
      [GC Worker Total (ms): Min: 5.4, Avg: 5.6, Max: 5.9, Diff: 0.5, Sum: 56.5]
      [GC Worker End (ms): Min: 732341.6, Avg: 732341.6, Max: 732341.7, Diff: 0.1]
   [Code Root Fixup: 0.0 ms]
   [Code Root Purge: 0.0 ms]
   [Clear CT: 1.4 ms]
   [Other: 3.4 ms]
      [Choose CSet: 0.0 ms]
      [Ref Proc: 1.4 ms]
      [Ref Enq: 0.0 ms]
      [Redirty Cards: 1.4 ms]
      [Humongous Register: 0.0 ms]
      [Humongous Reclaim: 0.0 ms]
      [Free CSet: 0.1 ms]
   [Eden: 151.0M(151.0M)->0.0B(151.0M) Survivors: 2048.0K->2048.0K Heap: 200.4M(256.0M)->50561.4K(256.0M)]
Heap after GC invocations=736 (full 0):
 garbage-first heap   total 262144K, used 50561K [0x00000000f0000000, 0x00000000f0100800, 0x0000000100000000)
  region size 1024K, 2 young (2048K), 2 survivors (2048K)
 Metaspace       used 52923K, capacity 56204K, committed 56448K, reserved 1099776K
  class space    used 6461K, capacity 7028K, committed 7040K, reserved 1048576K
}
 [Times: user=0.06 sys=0.00, real=0.01 secs] 
{Heap before GC invocations=736 (full 0):
 garbage-first heap   total 262144K, used 205185K [0x00000000f0000000, 0x00000000f0100800, 0x0000000100000000)
  region size 1024K, 153 young (156672K), 2 survivors (2048K)
 Metaspace       used 52923K, capacity 56204K, committed 56448K, reserved 1099776K
  class space    used 6461K, capacity 7028K, committed 7040K, reserved 1048576K
2023-10-03T06:57:05.236+0800: 733.099: [GC pause (G1 Evacuation Pause) (young), 0.0112897 secs]
   [Parallel Time: 6.6 ms, GC Workers: 10]
      [GC Worker Start (ms): Min: 733099.2, Avg: 733099.5, Max: 733099.7, Diff: 0.5]
      [Ext Root Scanning (ms): Min: 1.8, Avg: 2.0, Max: 2.5, Diff: 0.7, Sum: 20.1]
      [Update RS (ms): Min: 1.6, Avg: 1.7, Max: 1.8, Diff: 0.2, Sum: 17.0]
         [Processed Buffers: Min: 11, Avg: 18.0, Max: 31, Diff: 20, Sum: 180]
      [Scan RS (ms): Min: 0.0, Avg: 0.1, Max: 0.1, Diff: 0.1, Sum: 0.7]
      [Code Root Scanning (ms): Min: 0.0, Avg: 0.0, Max: 0.0, Diff: 0.0, Sum: 0.0]
      [Object Copy (ms): Min: 1.6, Avg: 1.8, Max: 1.9, Diff: 0.3, Sum: 18.1]
      [Termination (ms): Min: 0.0, Avg: 0.0, Max: 0.0, Diff: 0.0, Sum: 0.1]
         [Termination Attempts: Min: 1, Avg: 2.0, Max: 3, Diff: 2, Sum: 20]
      [GC Worker Other (ms): Min: 0.0, Avg: 0.0, Max: 0.1, Diff: 0.1, Sum: 0.5]
      [GC Worker Total (ms): Min: 5.5, Avg: 5.7, Max: 5.9, Diff: 0.4, Sum: 56.6]
      [GC Worker End (ms): Min: 733105.1, Avg: 733105.1, Max: 733105.2, Diff: 0.1]
   [Code Root Fixup: 0.0 ms]
   [Code Root Purge: 0.0 ms]
   [Clear CT: 1.4 ms]
   [Other: 3.3 ms]
      [Choose CSet: 0.0 ms]
      [Ref Proc: 1.4 ms]
      [Ref Enq: 0.0 ms]
      [Redirty Cards: 1.3 ms]
      [Humongous Register: 0.0 ms]
      [Humongous Reclaim: 0.0 ms]
      [Free CSet: 0.1 ms]
   [Eden: 151.0M(151.0M)->0.0B(151.0M) Survivors: 2048.0K->2048.0K Heap: 200.4M(256.0M)->50446.7K(256.0M)]
Heap after GC invocations=737 (full 0):
 garbage-first heap   total 262144K, used 50446K [0x00000000f0000000, 0x00000000f0100800, 0x0000000100000000)
  region size 1024K, 2 young (2048K), 2 survivors (2048K)
 Metaspace       used 52923K, capacity 56204K, committed 56448K, reserved 1099776K
  class space    used 6461K, capacity 7028K, committed 7040K, reserved 1048576K
}
 [Times: user=0.06 sys=0.00, real=0.01 secs] 
{Heap before GC invocations=737 (full 0):
 garbage-first heap   total 262144K, used 205070K [0x00000000f0000000, 0x00000000f0100800, 0x0000000100000000)
  region size 1024K, 153 young (156672K), 2 survivors (2048K)
 Metaspace       used 52923K, capacity 56204K, committed 56448K, reserved 1099776K
  class space    used 6461K, capacity 7028K, committed 7040K, reserved 1048576K
2023-10-03T06:57:06.077+0800: 733.941: [GC pause (G1 Evacuation Pause) (young), 0.0113335 secs]
   [Parallel Time: 6.5 ms, GC Workers: 10]
      [GC Worker Start (ms): Min: 733941.1, Avg: 733941.3, Max: 733941.5, Diff: 0.5]
      [Ext Root Scanning (ms): Min: 1.7, Avg: 1.9, Max: 2.3, Diff: 0.6, Sum: 19.2]
      [Update RS (ms): Min: 1.5, Avg: 1.6, Max: 1.7, Diff: 0.2, Sum: 16.2]
         [Processed Buffers: Min: 11, Avg: 17.6, Max: 34, Diff: 23, Sum: 176]
      [Scan RS (ms): Min: 0.0, Avg: 0.1, Max: 0.1, Diff: 0.1, Sum: 0.7]
      [Code Root Scanning (ms): Min: 0.0, Avg: 0.0, Max: 0.0, Diff: 0.0, Sum: 0.0]
      [Object Copy (ms): Min: 1.6, Avg: 1.8, Max: 1.9, Diff: 0.3, Sum: 18.2]
      [Termination (ms): Min: 0.0, Avg: 0.0, Max: 0.0, Diff: 0.0, Sum: 0.1]
         [Termination Attempts: Min: 1, Avg: 1.9, Max: 3, Diff: 2, Sum: 19]
      [GC Worker Other (ms): Min: 0.0, Avg: 0.1, Max: 0.1, Diff: 0.1, Sum: 0.6]
      [GC Worker Total (ms): Min: 5.2, Avg: 5.5, Max: 5.8, Diff: 0.5, Sum: 54.9]
      [GC Worker End (ms): Min: 733946.8, Avg: 733946.8, Max: 733946.9, Diff: 0.1]
   [Code Root Fixup: 0.0 ms]
   [Code Root Purge: 0.0 ms]
   [Clear CT: 1.3 ms]
   [Other: 3.5 ms]
      [Choose CSet: 0.0 ms]
      [Ref Proc: 1.6 ms]
      [Ref Enq: 0.0 ms]
      [Redirty Cards: 1.4 ms]
      [Humongous Register: 0.0 ms]
      [Humongous Reclaim: 0.0 ms]
      [Free CSet: 0.1 ms]
   [Eden: 151.0M(151.0M)->0.0B(151.0M) Survivors: 2048.0K->2048.0K Heap: 200.3M(256.0M)->50565.5K(256.0M)]
Heap after GC invocations=738 (full 0):
 garbage-first heap   total 262144K, used 50565K [0x00000000f0000000, 0x00000000f0100800, 0x0000000100000000)
  region size 1024K, 2 young (2048K), 2 survivors (2048K)
 Metaspace       used 52923K, capacity 56204K, committed 56448K, reserved 1099776K
  class space    used 6461K, capacity 7028K, committed 7040K, reserved 1048576K
}
 [Times: user=0.06 sys=0.00, real=0.01 secs] 
{Heap before GC invocations=738 (full 0):
 garbage-first heap   total 262144K, used 205189K [0x00000000f0000000, 0x00000000f0100800, 0x0000000100000000)
  region size 1024K, 153 young (156672K), 2 survivors (2048K)
 Metaspace       used 52923K, capacity 56204K, committed 56448K, reserved 1099776K
  class space    used 6461K, capacity 7028K, committed 7040K, reserved 1048576K
2023-10-03T06:57:06.869+0800: 734.732: [GC pause (G1 Evacuation Pause) (young), 0.0108994 secs]
   [Parallel Time: 6.2 ms, GC Workers: 10]
      [GC Worker Start (ms): Min: 734732.8, Avg: 734733.1, Max: 734733.3, Diff: 0.5]
      [Ext Root Scanning (ms): Min: 1.6, Avg: 1.8, Max: 2.2, Diff: 0.6, Sum: 18.1]
      [Update RS (ms): Min: 1.6, Avg: 1.7, Max: 1.7, Diff: 0.2, Sum: 16.6]
         [Processed Buffers: Min: 11, Avg: 17.7, Max: 32, Diff: 21, Sum: 177]
      [Scan RS (ms): Min: 0.0, Avg: 0.1, Max: 0.1, Diff: 0.1, Sum: 0.7]
      [Code Root Scanning (ms): Min: 0.0, Avg: 0.0, Max: 0.0, Diff: 0.0, Sum: 0.0]
      [Object Copy (ms): Min: 1.5, Avg: 1.7, Max: 1.7, Diff: 0.3, Sum: 16.6]
      [Termination (ms): Min: 0.0, Avg: 0.0, Max: 0.0, Diff: 0.0, Sum: 0.1]
         [Termination Attempts: Min: 1, Avg: 1.2, Max: 2, Diff: 1, Sum: 12]
      [GC Worker Other (ms): Min: 0.0, Avg: 0.0, Max: 0.1, Diff: 0.1, Sum: 0.4]
      [GC Worker Total (ms): Min: 5.0, Avg: 5.2, Max: 5.5, Diff: 0.5, Sum: 52.4]
      [GC Worker End (ms): Min: 734738.3, Avg: 734738.3, Max: 734738.4, Diff: 0.1]
   [Code Root Fixup: 0.0 ms]
   [Code Root Purge: 0.0 ms]
   [Clear CT: 1.6 ms]
   [Other: 3.1 ms]
      [Choose CSet: 0.0 ms]
      [Ref Proc: 1.3 ms]
      [Ref Enq: 0.0 ms]
      [Redirty Cards: 1.2 ms]
      [Humongous Register: 0.0 ms]
      [Humongous Reclaim: 0.0 ms]
      [Free CSet: 0.1 ms]
   [Eden: 151.0M(151.0M)->0.0B(151.0M) Survivors: 2048.0K->2048.0K Heap: 200.4M(256.0M)->50572.0K(256.0M)]
Heap after GC invocations=739 (full 0):
 garbage-first heap   total 262144K, used 50571K [0x00000000f0000000, 0x00000000f0100800, 0x0000000100000000)
  region size 1024K, 2 young (2048K), 2 survivors (2048K)
 Metaspace       used 52923K, capacity 56204K, committed 56448K, reserved 1099776K
  class space    used 6461K, capacity 7028K, committed 7040K, reserved 1048576K
}
 [Times: user=0.05 sys=0.00, real=0.02 secs] 
{Heap before GC invocations=739 (full 0):
 garbage-first heap   total 262144K, used 205195K [0x00000000f0000000, 0x00000000f0100800, 0x0000000100000000)
  region size 1024K, 153 young (156672K), 2 survivors (2048K)
 Metaspace       used 52923K, capacity 56204K, committed 56448K, reserved 1099776K
  class space    used 6461K, capacity 7028K, committed 7040K, reserved 1048576K
2023-10-03T06:57:07.661+0800: 735.524: [GC pause (G1 Evacuation Pause) (young), 0.0105448 secs]
   [Parallel Time: 6.3 ms, GC Workers: 10]
      [GC Worker Start (ms): Min: 735524.6, Avg: 735524.8, Max: 735525.1, Diff: 0.4]
      [Ext Root Scanning (ms): Min: 1.8, Avg: 2.0, Max: 2.3, Diff: 0.6, Sum: 19.8]
      [Update RS (ms): Min: 1.5, Avg: 1.6, Max: 1.7, Diff: 0.2, Sum: 16.1]
         [Processed Buffers: Min: 11, Avg: 17.9, Max: 32, Diff: 21, Sum: 179]
      [Scan RS (ms): Min: 0.0, Avg: 0.1, Max: 0.1, Diff: 0.1, Sum: 0.7]
      [Code Root Scanning (ms): Min: 0.0, Avg: 0.0, Max: 0.0, Diff: 0.0, Sum: 0.0]
      [Object Copy (ms): Min: 1.5, Avg: 1.8, Max: 1.8, Diff: 0.3, Sum: 17.5]
      [Termination (ms): Min: 0.0, Avg: 0.0, Max: 0.0, Diff: 0.0, Sum: 0.0]
         [Termination Attempts: Min: 1, Avg: 1.2, Max: 2, Diff: 1, Sum: 12]
      [GC Worker Other (ms): Min: 0.0, Avg: 0.0, Max: 0.1, Diff: 0.1, Sum: 0.5]
      [GC Worker Total (ms): Min: 5.2, Avg: 5.5, Max: 5.6, Diff: 0.4, Sum: 54.6]
      [GC Worker End (ms): Min: 735530.3, Avg: 735530.3, Max: 735530.3, Diff: 0.1]
   [Code Root Fixup: 0.0 ms]
   [Code Root Purge: 0.0 ms]
   [Clear CT: 1.2 ms]
   [Other: 3.0 ms]
      [Choose CSet: 0.0 ms]
      [Ref Proc: 1.2 ms]
      [Ref Enq: 0.0 ms]
      [Redirty Cards: 1.3 ms]
      [Humongous Register: 0.0 ms]
      [Humongous Reclaim: 0.0 ms]
      [Free CSet: 0.1 ms]
   [Eden: 151.0M(151.0M)->0.0B(151.0M) Survivors: 2048.0K->2048.0K Heap: 200.4M(256.0M)->50445.9K(256.0M)]
Heap after GC invocations=740 (full 0):
 garbage-first heap   total 262144K, used 50445K [0x00000000f0000000, 0x00000000f0100800, 0x0000000100000000)
  region size 1024K, 2 young (2048K), 2 survivors (2048K)
 Metaspace       used 52923K, capacity 56204K, committed 56448K, reserved 1099776K
  class space    used 6461K, capacity 7028K, committed 7040K, reserved 1048576K
}
 [Times: user=0.06 sys=0.01, real=0.01 secs] 
{Heap before GC invocations=740 (full 0):
 garbage-first heap   total 262144K, used 205069K [0x00000000f0000000, 0x00000000f0100800, 0x0000000100000000)
  region size 1024K, 153 young (156672K), 2 survivors (2048K)
 Metaspace       used 52923K, capacity 56204K, committed 56448K, reserved 1099776K
  class space    used 6461K, capacity 7028K, committed 7040K, reserved 1048576K
2023-10-03T06:57:08.463+0800: 736.326: [GC pause (G1 Evacuation Pause) (young), 0.0113248 secs]
   [Parallel Time: 6.4 ms, GC Workers: 10]
      [GC Worker Start (ms): Min: 736326.7, Avg: 736326.9, Max: 736327.2, Diff: 0.5]
      [Ext Root Scanning (ms): Min: 1.7, Avg: 1.9, Max: 2.3, Diff: 0.6, Sum: 18.9]
      [Update RS (ms): Min: 1.6, Avg: 1.7, Max: 1.8, Diff: 0.1, Sum: 17.0]
         [Processed Buffers: Min: 14, Avg: 17.8, Max: 29, Diff: 15, Sum: 178]
      [Scan RS (ms): Min: 0.0, Avg: 0.1, Max: 0.1, Diff: 0.1, Sum: 0.7]
      [Code Root Scanning (ms): Min: 0.0, Avg: 0.0, Max: 0.0, Diff: 0.0, Sum: 0.0]
      [Object Copy (ms): Min: 1.5, Avg: 1.7, Max: 1.7, Diff: 0.2, Sum: 16.8]
      [Termination (ms): Min: 0.0, Avg: 0.0, Max: 0.0, Diff: 0.0, Sum: 0.0]
         [Termination Attempts: Min: 1, Avg: 1.0, Max: 1, Diff: 0, Sum: 10]
      [GC Worker Other (ms): Min: 0.0, Avg: 0.1, Max: 0.2, Diff: 0.2, Sum: 0.8]
      [GC Worker Total (ms): Min: 5.2, Avg: 5.4, Max: 5.7, Diff: 0.5, Sum: 54.2]
      [GC Worker End (ms): Min: 736332.3, Avg: 736332.4, Max: 736332.5, Diff: 0.2]
   [Code Root Fixup: 0.0 ms]
   [Code Root Purge: 0.0 ms]
   [Clear CT: 1.5 ms]
   [Other: 3.4 ms]
      [Choose CSet: 0.0 ms]
      [Ref Proc: 1.5 ms]
      [Ref Enq: 0.0 ms]
      [Redirty Cards: 1.4 ms]
      [Humongous Register: 0.0 ms]
      [Humongous Reclaim: 0.0 ms]
      [Free CSet: 0.1 ms]
   [Eden: 151.0M(151.0M)->0.0B(151.0M) Survivors: 2048.0K->2048.0K Heap: 200.3M(256.0M)->50574.9K(256.0M)]
Heap after GC invocations=741 (full 0):
 garbage-first heap   total 262144K, used 50574K [0x00000000f0000000, 0x00000000f0100800, 0x0000000100000000)
  region size 1024K, 2 young (2048K), 2 survivors (2048K)
 Metaspace       used 52923K, capacity 56204K, committed 56448K, reserved 1099776K
  class space    used 6461K, capacity 7028K, committed 7040K, reserved 1048576K
}
 [Times: user=0.06 sys=0.00, real=0.01 secs] 
{Heap before GC invocations=741 (full 0):
 garbage-first heap   total 262144K, used 205198K [0x00000000f0000000, 0x00000000f0100800, 0x0000000100000000)
  region size 1024K, 153 young (156672K), 2 survivors (2048K)
 Metaspace       used 52923K, capacity 56204K, committed 56448K, reserved 1099776K
  class space    used 6461K, capacity 7028K, committed 7040K, reserved 1048576K
2023-10-03T06:57:09.255+0800: 737.118: [GC pause (G1 Evacuation Pause) (young), 0.0113887 secs]
   [Parallel Time: 6.4 ms, GC Workers: 10]
      [GC Worker Start (ms): Min: 737118.4, Avg: 737118.7, Max: 737118.9, Diff: 0.5]
      [Ext Root Scanning (ms): Min: 1.7, Avg: 1.9, Max: 2.3, Diff: 0.7, Sum: 18.7]
      [Update RS (ms): Min: 1.6, Avg: 1.6, Max: 1.7, Diff: 0.2, Sum: 16.2]
         [Processed Buffers: Min: 10, Avg: 18.1, Max: 34, Diff: 24, Sum: 181]
      [Scan RS (ms): Min: 0.0, Avg: 0.1, Max: 0.1, Diff: 0.1, Sum: 0.7]
      [Code Root Scanning (ms): Min: 0.0, Avg: 0.0, Max: 0.0, Diff: 0.0, Sum: 0.0]
      [Object Copy (ms): Min: 1.5, Avg: 1.7, Max: 2.0, Diff: 0.5, Sum: 17.2]
      [Termination (ms): Min: 0.0, Avg: 0.0, Max: 0.0, Diff: 0.0, Sum: 0.0]
         [Termination Attempts: Min: 1, Avg: 1.0, Max: 1, Diff: 0, Sum: 10]
      [GC Worker Other (ms): Min: 0.0, Avg: 0.1, Max: 0.2, Diff: 0.1, Sum: 0.6]
      [GC Worker Total (ms): Min: 5.1, Avg: 5.3, Max: 5.6, Diff: 0.5, Sum: 53.5]
      [GC Worker End (ms): Min: 737124.0, Avg: 737124.0, Max: 737124.1, Diff: 0.1]
   [Code Root Fixup: 0.0 ms]
   [Code Root Purge: 0.0 ms]
   [Clear CT: 1.5 ms]
   [Other: 3.5 ms]
      [Choose CSet: 0.0 ms]
      [Ref Proc: 1.5 ms]
      [Ref Enq: 0.0 ms]
      [Redirty Cards: 1.4 ms]
      [Humongous Register: 0.0 ms]
      [Humongous Reclaim: 0.0 ms]
      [Free CSet: 0.1 ms]
   [Eden: 151.0M(151.0M)->0.0B(151.0M) Survivors: 2048.0K->2048.0K Heap: 200.4M(256.0M)->50705.3K(256.0M)]
Heap after GC invocations=742 (full 0):
 garbage-first heap   total 262144K, used 50705K [0x00000000f0000000, 0x00000000f0100800, 0x0000000100000000)
  region size 1024K, 2 young (2048K), 2 survivors (2048K)
 Metaspace       used 52923K, capacity 56204K, committed 56448K, reserved 1099776K
  class space    used 6461K, capacity 7028K, committed 7040K, reserved 1048576K
}
 [Times: user=0.06 sys=0.00, real=0.01 secs] 
{Heap before GC invocations=742 (full 0):
 garbage-first heap   total 262144K, used 205329K [0x00000000f0000000, 0x00000000f0100800, 0x0000000100000000)
  region size 1024K, 153 young (156672K), 2 survivors (2048K)
 Metaspace       used 52923K, capacity 56204K, committed 56448K, reserved 1099776K
  class space    used 6461K, capacity 7028K, committed 7040K, reserved 1048576K
2023-10-03T06:57:10.074+0800: 737.937: [GC pause (G1 Evacuation Pause) (young), 0.0155121 secs]
   [Parallel Time: 6.3 ms, GC Workers: 10]
      [GC Worker Start (ms): Min: 737937.6, Avg: 737937.9, Max: 737938.1, Diff: 0.5]
      [Ext Root Scanning (ms): Min: 1.8, Avg: 2.1, Max: 2.5, Diff: 0.7, Sum: 21.0]
      [Update RS (ms): Min: 1.7, Avg: 1.8, Max: 1.8, Diff: 0.2, Sum: 17.8]
         [Processed Buffers: Min: 13, Avg: 18.0, Max: 20, Diff: 7, Sum: 180]
      [Scan RS (ms): Min: 0.0, Avg: 0.1, Max: 0.1, Diff: 0.1, Sum: 0.6]
      [Code Root Scanning (ms): Min: 0.0, Avg: 0.0, Max: 0.0, Diff: 0.0, Sum: 0.0]
      [Object Copy (ms): Min: 1.7, Avg: 1.9, Max: 2.0, Diff: 0.3, Sum: 19.1]
      [Termination (ms): Min: 0.0, Avg: 0.0, Max: 0.0, Diff: 0.0, Sum: 0.0]
         [Termination Attempts: Min: 1, Avg: 1.0, Max: 1, Diff: 0, Sum: 10]
      [GC Worker Other (ms): Min: 0.0, Avg: 0.0, Max: 0.1, Diff: 0.1, Sum: 0.5]
      [GC Worker Total (ms): Min: 5.7, Avg: 5.9, Max: 6.2, Diff: 0.5, Sum: 59.0]
      [GC Worker End (ms): Min: 737943.7, Avg: 737943.8, Max: 737943.8, Diff: 0.1]
   [Code Root Fixup: 0.0 ms]
   [Code Root Purge: 0.0 ms]
   [Clear CT: 1.2 ms]
   [Other: 7.9 ms]
      [Choose CSet: 0.0 ms]
      [Ref Proc: 6.5 ms]
      [Ref Enq: 0.0 ms]
      [Redirty Cards: 0.6 ms]
      [Humongous Register: 0.0 ms]
      [Humongous Reclaim: 0.0 ms]
      [Free CSet: 0.2 ms]
   [Eden: 151.0M(151.0M)->0.0B(150.0M) Survivors: 2048.0K->3072.0K Heap: 200.5M(256.0M)->51257.9K(256.0M)]
Heap after GC invocations=743 (full 0):
 garbage-first heap   total 262144K, used 51257K [0x00000000f0000000, 0x00000000f0100800, 0x0000000100000000)
  region size 1024K, 3 young (3072K), 3 survivors (3072K)
 Metaspace       used 52923K, capacity 56204K, committed 56448K, reserved 1099776K
  class space    used 6461K, capacity 7028K, committed 7040K, reserved 1048576K
}
 [Times: user=0.10 sys=0.00, real=0.02 secs] 
{Heap before GC invocations=743 (full 0):
 garbage-first heap   total 262144K, used 204857K [0x00000000f0000000, 0x00000000f0100800, 0x0000000100000000)
  region size 1024K, 153 young (156672K), 3 survivors (3072K)
 Metaspace       used 52923K, capacity 56204K, committed 56448K, reserved 1099776K
  class space    used 6461K, capacity 7028K, committed 7040K, reserved 1048576K
2023-10-03T06:57:10.863+0800: 738.727: [GC pause (G1 Evacuation Pause) (young), 0.0108973 secs]
   [Parallel Time: 6.3 ms, GC Workers: 10]
      [GC Worker Start (ms): Min: 738727.1, Avg: 738727.4, Max: 738727.6, Diff: 0.5]
      [Ext Root Scanning (ms): Min: 1.6, Avg: 1.8, Max: 2.2, Diff: 0.6, Sum: 18.2]
      [Update RS (ms): Min: 1.5, Avg: 1.6, Max: 1.7, Diff: 0.2, Sum: 16.3]
         [Processed Buffers: Min: 10, Avg: 18.0, Max: 32, Diff: 22, Sum: 180]
      [Scan RS (ms): Min: 0.0, Avg: 0.1, Max: 0.1, Diff: 0.1, Sum: 0.6]
      [Code Root Scanning (ms): Min: 0.0, Avg: 0.0, Max: 0.0, Diff: 0.0, Sum: 0.0]
      [Object Copy (ms): Min: 1.5, Avg: 1.7, Max: 1.8, Diff: 0.3, Sum: 17.4]
      [Termination (ms): Min: 0.0, Avg: 0.0, Max: 0.0, Diff: 0.0, Sum: 0.0]
         [Termination Attempts: Min: 1, Avg: 1.2, Max: 3, Diff: 2, Sum: 12]
      [GC Worker Other (ms): Min: 0.0, Avg: 0.0, Max: 0.1, Diff: 0.1, Sum: 0.5]
      [GC Worker Total (ms): Min: 5.1, Avg: 5.3, Max: 5.6, Diff: 0.5, Sum: 53.1]
      [GC Worker End (ms): Min: 738732.7, Avg: 738732.7, Max: 738732.8, Diff: 0.1]
   [Code Root Fixup: 0.0 ms]
   [Code Root Purge: 0.0 ms]
   [Clear CT: 1.2 ms]
   [Other: 3.3 ms]
      [Choose CSet: 0.0 ms]
      [Ref Proc: 1.3 ms]
      [Ref Enq: 0.0 ms]
      [Redirty Cards: 1.3 ms]
      [Humongous Register: 0.0 ms]
      [Humongous Reclaim: 0.0 ms]
      [Free CSet: 0.1 ms]
   [Eden: 150.0M(150.0M)->0.0B(151.0M) Survivors: 3072.0K->2048.0K Heap: 200.1M(256.0M)->50802.5K(256.0M)]
Heap after GC invocations=744 (full 0):
 garbage-first heap   total 262144K, used 50802K [0x00000000f0000000, 0x00000000f0100800, 0x0000000100000000)
  region size 1024K, 2 young (2048K), 2 survivors (2048K)
 Metaspace       used 52923K, capacity 56204K, committed 56448K, reserved 1099776K
  class space    used 6461K, capacity 7028K, committed 7040K, reserved 1048576K
}
 [Times: user=0.05 sys=0.01, real=0.01 secs] 
{Heap before GC invocations=744 (full 0):
 garbage-first heap   total 262144K, used 205426K [0x00000000f0000000, 0x00000000f0100800, 0x0000000100000000)
  region size 1024K, 153 young (156672K), 2 survivors (2048K)
 Metaspace       used 52923K, capacity 56204K, committed 56448K, reserved 1099776K
  class space    used 6461K, capacity 7028K, committed 7040K, reserved 1048576K
2023-10-03T06:57:11.669+0800: 739.532: [GC pause (G1 Evacuation Pause) (young), 0.0111196 secs]
   [Parallel Time: 6.4 ms, GC Workers: 10]
      [GC Worker Start (ms): Min: 739532.4, Avg: 739532.6, Max: 739532.9, Diff: 0.5]
      [Ext Root Scanning (ms): Min: 1.6, Avg: 1.9, Max: 2.3, Diff: 0.6, Sum: 19.1]
      [Update RS (ms): Min: 1.6, Avg: 1.7, Max: 1.7, Diff: 0.1, Sum: 16.6]
         [Processed Buffers: Min: 11, Avg: 18.0, Max: 33, Diff: 22, Sum: 180]
      [Scan RS (ms): Min: 0.0, Avg: 0.1, Max: 0.1, Diff: 0.1, Sum: 0.6]
      [Code Root Scanning (ms): Min: 0.0, Avg: 0.0, Max: 0.0, Diff: 0.0, Sum: 0.0]
      [Object Copy (ms): Min: 1.6, Avg: 1.8, Max: 1.9, Diff: 0.3, Sum: 18.5]
      [Termination (ms): Min: 0.0, Avg: 0.0, Max: 0.0, Diff: 0.0, Sum: 0.1]
         [Termination Attempts: Min: 1, Avg: 3.0, Max: 6, Diff: 5, Sum: 30]
      [GC Worker Other (ms): Min: 0.0, Avg: 0.0, Max: 0.1, Diff: 0.1, Sum: 0.4]
      [GC Worker Total (ms): Min: 5.3, Avg: 5.5, Max: 5.8, Diff: 0.5, Sum: 55.4]
      [GC Worker End (ms): Min: 739538.2, Avg: 739538.2, Max: 739538.2, Diff: 0.1]
   [Code Root Fixup: 0.0 ms]
   [Code Root Purge: 0.0 ms]
   [Clear CT: 1.5 ms]
   [Other: 3.2 ms]
      [Choose CSet: 0.0 ms]
      [Ref Proc: 1.3 ms]
      [Ref Enq: 0.0 ms]
      [Redirty Cards: 1.4 ms]
      [Humongous Register: 0.0 ms]
      [Humongous Reclaim: 0.0 ms]
      [Free CSet: 0.1 ms]
   [Eden: 151.0M(151.0M)->0.0B(151.0M) Survivors: 2048.0K->2048.0K Heap: 200.6M(256.0M)->50995.2K(256.0M)]
Heap after GC invocations=745 (full 0):
 garbage-first heap   total 262144K, used 50995K [0x00000000f0000000, 0x00000000f0100800, 0x0000000100000000)
  region size 1024K, 2 young (2048K), 2 survivors (2048K)
 Metaspace       used 52923K, capacity 56204K, committed 56448K, reserved 1099776K
  class space    used 6461K, capacity 7028K, committed 7040K, reserved 1048576K
}
 [Times: user=0.07 sys=0.00, real=0.02 secs] 
{Heap before GC invocations=745 (full 0):
 garbage-first heap   total 262144K, used 205619K [0x00000000f0000000, 0x00000000f0100800, 0x0000000100000000)
  region size 1024K, 153 young (156672K), 2 survivors (2048K)
 Metaspace       used 52923K, capacity 56204K, committed 56448K, reserved 1099776K
  class space    used 6461K, capacity 7028K, committed 7040K, reserved 1048576K
2023-10-03T06:57:12.480+0800: 740.343: [GC pause (G1 Evacuation Pause) (young), 0.0103462 secs]
   [Parallel Time: 5.8 ms, GC Workers: 10]
      [GC Worker Start (ms): Min: 740343.4, Avg: 740343.7, Max: 740343.9, Diff: 0.5]
      [Ext Root Scanning (ms): Min: 1.6, Avg: 1.8, Max: 2.2, Diff: 0.6, Sum: 17.8]
      [Update RS (ms): Min: 1.6, Avg: 1.7, Max: 1.7, Diff: 0.2, Sum: 16.7]
         [Processed Buffers: Min: 9, Avg: 17.8, Max: 34, Diff: 25, Sum: 178]
      [Scan RS (ms): Min: 0.0, Avg: 0.1, Max: 0.1, Diff: 0.1, Sum: 0.5]
      [Code Root Scanning (ms): Min: 0.0, Avg: 0.0, Max: 0.0, Diff: 0.0, Sum: 0.0]
      [Object Copy (ms): Min: 1.5, Avg: 1.7, Max: 1.8, Diff: 0.3, Sum: 16.8]
      [Termination (ms): Min: 0.0, Avg: 0.0, Max: 0.0, Diff: 0.0, Sum: 0.0]
         [Termination Attempts: Min: 1, Avg: 1.0, Max: 1, Diff: 0, Sum: 10]
      [GC Worker Other (ms): Min: 0.0, Avg: 0.0, Max: 0.1, Diff: 0.1, Sum: 0.4]
      [GC Worker Total (ms): Min: 5.0, Avg: 5.2, Max: 5.5, Diff: 0.5, Sum: 52.3]
      [GC Worker End (ms): Min: 740348.9, Avg: 740348.9, Max: 740349.0, Diff: 0.1]
   [Code Root Fixup: 0.0 ms]
   [Code Root Purge: 0.0 ms]
   [Clear CT: 1.4 ms]
   [Other: 3.1 ms]
      [Choose CSet: 0.0 ms]
      [Ref Proc: 1.2 ms]
      [Ref Enq: 0.0 ms]
      [Redirty Cards: 1.4 ms]
      [Humongous Register: 0.0 ms]
      [Humongous Reclaim: 0.0 ms]
      [Free CSet: 0.1 ms]
   [Eden: 151.0M(151.0M)->0.0B(151.0M) Survivors: 2048.0K->2048.0K Heap: 200.8M(256.0M)->50600.9K(256.0M)]
Heap after GC invocations=746 (full 0):
 garbage-first heap   total 262144K, used 50600K [0x00000000f0000000, 0x00000000f0100800, 0x0000000100000000)
  region size 1024K, 2 young (2048K), 2 survivors (2048K)
 Metaspace       used 52923K, capacity 56204K, committed 56448K, reserved 1099776K
  class space    used 6461K, capacity 7028K, committed 7040K, reserved 1048576K
}
 [Times: user=0.05 sys=0.01, real=0.01 secs] 
{Heap before GC invocations=746 (full 0):
 garbage-first heap   total 262144K, used 205224K [0x00000000f0000000, 0x00000000f0100800, 0x0000000100000000)
  region size 1024K, 153 young (156672K), 2 survivors (2048K)
 Metaspace       used 52923K, capacity 56204K, committed 56448K, reserved 1099776K
  class space    used 6461K, capacity 7028K, committed 7040K, reserved 1048576K
2023-10-03T06:57:13.285+0800: 741.148: [GC pause (G1 Evacuation Pause) (young), 0.0114679 secs]
   [Parallel Time: 6.5 ms, GC Workers: 10]
      [GC Worker Start (ms): Min: 741148.3, Avg: 741148.6, Max: 741148.8, Diff: 0.5]
      [Ext Root Scanning (ms): Min: 1.6, Avg: 1.9, Max: 2.3, Diff: 0.7, Sum: 19.0]
      [Update RS (ms): Min: 1.6, Avg: 1.6, Max: 1.7, Diff: 0.2, Sum: 16.4]
         [Processed Buffers: Min: 11, Avg: 18.2, Max: 33, Diff: 22, Sum: 182]
      [Scan RS (ms): Min: 0.0, Avg: 0.1, Max: 0.1, Diff: 0.1, Sum: 0.6]
      [Code Root Scanning (ms): Min: 0.0, Avg: 0.0, Max: 0.0, Diff: 0.0, Sum: 0.0]
      [Object Copy (ms): Min: 1.6, Avg: 1.8, Max: 2.0, Diff: 0.4, Sum: 18.4]
      [Termination (ms): Min: 0.0, Avg: 0.0, Max: 0.0, Diff: 0.0, Sum: 0.1]
         [Termination Attempts: Min: 1, Avg: 2.8, Max: 5, Diff: 4, Sum: 28]
      [GC Worker Other (ms): Min: 0.0, Avg: 0.1, Max: 0.2, Diff: 0.1, Sum: 0.5]
      [GC Worker Total (ms): Min: 5.3, Avg: 5.5, Max: 5.7, Diff: 0.4, Sum: 55.0]
      [GC Worker End (ms): Min: 741154.0, Avg: 741154.1, Max: 741154.2, Diff: 0.1]
   [Code Root Fixup: 0.0 ms]
   [Code Root Purge: 0.0 ms]
   [Clear CT: 1.5 ms]
   [Other: 3.5 ms]
      [Choose CSet: 0.0 ms]
      [Ref Proc: 1.5 ms]
      [Ref Enq: 0.0 ms]
      [Redirty Cards: 1.4 ms]
      [Humongous Register: 0.0 ms]
      [Humongous Reclaim: 0.0 ms]
      [Free CSet: 0.1 ms]
   [Eden: 151.0M(151.0M)->0.0B(151.0M) Survivors: 2048.0K->2048.0K Heap: 200.4M(256.0M)->50612.9K(256.0M)]
Heap after GC invocations=747 (full 0):
 garbage-first heap   total 262144K, used 50612K [0x00000000f0000000, 0x00000000f0100800, 0x0000000100000000)
  region size 1024K, 2 young (2048K), 2 survivors (2048K)
 Metaspace       used 52923K, capacity 56204K, committed 56448K, reserved 1099776K
  class space    used 6461K, capacity 7028K, committed 7040K, reserved 1048576K
}
 [Times: user=0.06 sys=0.00, real=0.01 secs] 
{Heap before GC invocations=747 (full 0):
 garbage-first heap   total 262144K, used 205236K [0x00000000f0000000, 0x00000000f0100800, 0x0000000100000000)
  region size 1024K, 153 young (156672K), 2 survivors (2048K)
 Metaspace       used 52923K, capacity 56204K, committed 56448K, reserved 1099776K
  class space    used 6461K, capacity 7028K, committed 7040K, reserved 1048576K
2023-10-03T06:57:14.090+0800: 741.953: [GC pause (G1 Evacuation Pause) (young), 0.0111460 secs]
   [Parallel Time: 6.2 ms, GC Workers: 10]
      [GC Worker Start (ms): Min: 741953.3, Avg: 741953.6, Max: 741953.9, Diff: 0.5]
      [Ext Root Scanning (ms): Min: 1.5, Avg: 1.8, Max: 2.3, Diff: 0.8, Sum: 18.4]
      [Update RS (ms): Min: 1.6, Avg: 1.7, Max: 1.7, Diff: 0.2, Sum: 16.7]
         [Processed Buffers: Min: 11, Avg: 18.0, Max: 35, Diff: 24, Sum: 180]
      [Scan RS (ms): Min: 0.0, Avg: 0.1, Max: 0.1, Diff: 0.1, Sum: 0.7]
      [Code Root Scanning (ms): Min: 0.0, Avg: 0.0, Max: 0.0, Diff: 0.0, Sum: 0.0]
      [Object Copy (ms): Min: 1.4, Avg: 1.6, Max: 1.7, Diff: 0.3, Sum: 16.3]
      [Termination (ms): Min: 0.0, Avg: 0.0, Max: 0.0, Diff: 0.0, Sum: 0.0]
         [Termination Attempts: Min: 1, Avg: 1.1, Max: 2, Diff: 1, Sum: 11]
      [GC Worker Other (ms): Min: 0.0, Avg: 0.0, Max: 0.1, Diff: 0.1, Sum: 0.4]
      [GC Worker Total (ms): Min: 5.0, Avg: 5.3, Max: 5.5, Diff: 0.5, Sum: 52.6]
      [GC Worker End (ms): Min: 741958.9, Avg: 741958.9, Max: 741958.9, Diff: 0.1]
   [Code Root Fixup: 0.0 ms]
   [Code Root Purge: 0.0 ms]
   [Clear CT: 1.4 ms]
   [Other: 3.5 ms]
      [Choose CSet: 0.0 ms]
      [Ref Proc: 1.6 ms]
      [Ref Enq: 0.0 ms]
      [Redirty Cards: 1.4 ms]
      [Humongous Register: 0.0 ms]
      [Humongous Reclaim: 0.0 ms]
      [Free CSet: 0.1 ms]
   [Eden: 151.0M(151.0M)->0.0B(151.0M) Survivors: 2048.0K->2048.0K Heap: 200.4M(256.0M)->50611.5K(256.0M)]
Heap after GC invocations=748 (full 0):
 garbage-first heap   total 262144K, used 50611K [0x00000000f0000000, 0x00000000f0100800, 0x0000000100000000)
  region size 1024K, 2 young (2048K), 2 survivors (2048K)
 Metaspace       used 52923K, capacity 56204K, committed 56448K, reserved 1099776K
  class space    used 6461K, capacity 7028K, committed 7040K, reserved 1048576K
}
 [Times: user=0.06 sys=0.01, real=0.01 secs] 
{Heap before GC invocations=748 (full 0):
 garbage-first heap   total 262144K, used 205235K [0x00000000f0000000, 0x00000000f0100800, 0x0000000100000000)
  region size 1024K, 153 young (156672K), 2 survivors (2048K)
 Metaspace       used 52923K, capacity 56204K, committed 56448K, reserved 1099776K
  class space    used 6461K, capacity 7028K, committed 7040K, reserved 1048576K
2023-10-03T06:57:14.868+0800: 742.732: [GC pause (G1 Evacuation Pause) (young), 0.0108968 secs]
   [Parallel Time: 6.3 ms, GC Workers: 10]
      [GC Worker Start (ms): Min: 742732.0, Avg: 742732.2, Max: 742732.4, Diff: 0.4]
      [Ext Root Scanning (ms): Min: 1.7, Avg: 1.9, Max: 2.3, Diff: 0.6, Sum: 19.3]
      [Update RS (ms): Min: 1.5, Avg: 1.6, Max: 1.7, Diff: 0.2, Sum: 16.2]
         [Processed Buffers: Min: 13, Avg: 18.1, Max: 31, Diff: 18, Sum: 181]
      [Scan RS (ms): Min: 0.0, Avg: 0.1, Max: 0.1, Diff: 0.1, Sum: 0.7]
      [Code Root Scanning (ms): Min: 0.0, Avg: 0.0, Max: 0.0, Diff: 0.0, Sum: 0.0]
      [Object Copy (ms): Min: 1.5, Avg: 1.7, Max: 1.8, Diff: 0.3, Sum: 16.7]
      [Termination (ms): Min: 0.0, Avg: 0.0, Max: 0.0, Diff: 0.0, Sum: 0.0]
         [Termination Attempts: Min: 1, Avg: 1.3, Max: 2, Diff: 1, Sum: 13]
      [GC Worker Other (ms): Min: 0.0, Avg: 0.1, Max: 0.2, Diff: 0.1, Sum: 0.6]
      [GC Worker Total (ms): Min: 5.1, Avg: 5.3, Max: 5.7, Diff: 0.5, Sum: 53.4]
      [GC Worker End (ms): Min: 742737.5, Avg: 742737.5, Max: 742737.7, Diff: 0.1]
   [Code Root Fixup: 0.0 ms]
   [Code Root Purge: 0.0 ms]
   [Clear CT: 1.3 ms]
   [Other: 3.2 ms]
      [Choose CSet: 0.0 ms]
      [Ref Proc: 1.2 ms]
      [Ref Enq: 0.0 ms]
      [Redirty Cards: 1.4 ms]
      [Humongous Register: 0.0 ms]
      [Humongous Reclaim: 0.0 ms]
      [Free CSet: 0.1 ms]
   [Eden: 151.0M(151.0M)->0.0B(151.0M) Survivors: 2048.0K->2048.0K Heap: 200.4M(256.0M)->50616.4K(256.0M)]
Heap after GC invocations=749 (full 0):
 garbage-first heap   total 262144K, used 50616K [0x00000000f0000000, 0x00000000f0100800, 0x0000000100000000)
  region size 1024K, 2 young (2048K), 2 survivors (2048K)
 Metaspace       used 52923K, capacity 56204K, committed 56448K, reserved 1099776K
  class space    used 6461K, capacity 7028K, committed 7040K, reserved 1048576K
}
 [Times: user=0.06 sys=0.00, real=0.01 secs] 
{Heap before GC invocations=749 (full 0):
 garbage-first heap   total 262144K, used 205240K [0x00000000f0000000, 0x00000000f0100800, 0x0000000100000000)
  region size 1024K, 153 young (156672K), 2 survivors (2048K)
 Metaspace       used 52923K, capacity 56204K, committed 56448K, reserved 1099776K
  class space    used 6461K, capacity 7028K, committed 7040K, reserved 1048576K
2023-10-03T06:57:15.565+0800: 743.428: [GC pause (G1 Evacuation Pause) (young), 0.0109488 secs]
   [Parallel Time: 6.5 ms, GC Workers: 10]
      [GC Worker Start (ms): Min: 743428.6, Avg: 743428.9, Max: 743429.1, Diff: 0.5]
      [Ext Root Scanning (ms): Min: 1.6, Avg: 1.8, Max: 2.3, Diff: 0.6, Sum: 18.3]
      [Update RS (ms): Min: 1.5, Avg: 1.6, Max: 1.7, Diff: 0.1, Sum: 16.2]
         [Processed Buffers: Min: 11, Avg: 17.8, Max: 35, Diff: 24, Sum: 178]
      [Scan RS (ms): Min: 0.0, Avg: 0.1, Max: 0.1, Diff: 0.1, Sum: 0.7]
      [Code Root Scanning (ms): Min: 0.0, Avg: 0.0, Max: 0.0, Diff: 0.0, Sum: 0.0]
      [Object Copy (ms): Min: 1.6, Avg: 1.8, Max: 2.1, Diff: 0.5, Sum: 18.1]
      [Termination (ms): Min: 0.0, Avg: 0.0, Max: 0.0, Diff: 0.0, Sum: 0.0]
         [Termination Attempts: Min: 1, Avg: 1.4, Max: 2, Diff: 1, Sum: 14]
      [GC Worker Other (ms): Min: 0.0, Avg: 0.1, Max: 0.1, Diff: 0.1, Sum: 0.5]
      [GC Worker Total (ms): Min: 5.2, Avg: 5.4, Max: 5.7, Diff: 0.5, Sum: 54.0]
      [GC Worker End (ms): Min: 743434.2, Avg: 743434.3, Max: 743434.3, Diff: 0.1]
   [Code Root Fixup: 0.0 ms]
   [Code Root Purge: 0.0 ms]
   [Clear CT: 1.3 ms]
   [Other: 3.2 ms]
      [Choose CSet: 0.0 ms]
      [Ref Proc: 1.3 ms]
      [Ref Enq: 0.0 ms]
      [Redirty Cards: 1.3 ms]
      [Humongous Register: 0.0 ms]
      [Humongous Reclaim: 0.0 ms]
      [Free CSet: 0.1 ms]
   [Eden: 151.0M(151.0M)->0.0B(151.0M) Survivors: 2048.0K->2048.0K Heap: 200.4M(256.0M)->51064.2K(256.0M)]
Heap after GC invocations=750 (full 0):
 garbage-first heap   total 262144K, used 51064K [0x00000000f0000000, 0x00000000f0100800, 0x0000000100000000)
  region size 1024K, 2 young (2048K), 2 survivors (2048K)
 Metaspace       used 52923K, capacity 56204K, committed 56448K, reserved 1099776K
  class space    used 6461K, capacity 7028K, committed 7040K, reserved 1048576K
}
 [Times: user=0.06 sys=0.00, real=0.01 secs] 
{Heap before GC invocations=750 (full 0):
 garbage-first heap   total 262144K, used 205688K [0x00000000f0000000, 0x00000000f0100800, 0x0000000100000000)
  region size 1024K, 153 young (156672K), 2 survivors (2048K)
 Metaspace       used 52923K, capacity 56204K, committed 56448K, reserved 1099776K
  class space    used 6461K, capacity 7028K, committed 7040K, reserved 1048576K
2023-10-03T06:57:16.357+0800: 744.220: [GC pause (G1 Evacuation Pause) (young), 0.0111364 secs]
   [Parallel Time: 6.3 ms, GC Workers: 10]
      [GC Worker Start (ms): Min: 744220.2, Avg: 744220.4, Max: 744220.7, Diff: 0.6]
      [Ext Root Scanning (ms): Min: 1.6, Avg: 1.9, Max: 2.3, Diff: 0.7, Sum: 19.0]
      [Update RS (ms): Min: 1.6, Avg: 1.7, Max: 1.7, Diff: 0.1, Sum: 16.6]
         [Processed Buffers: Min: 12, Avg: 17.9, Max: 32, Diff: 20, Sum: 179]
      [Scan RS (ms): Min: 0.0, Avg: 0.1, Max: 0.1, Diff: 0.1, Sum: 0.7]
      [Code Root Scanning (ms): Min: 0.0, Avg: 0.0, Max: 0.0, Diff: 0.0, Sum: 0.0]
      [Object Copy (ms): Min: 1.6, Avg: 1.8, Max: 1.9, Diff: 0.3, Sum: 17.7]
      [Termination (ms): Min: 0.0, Avg: 0.0, Max: 0.0, Diff: 0.0, Sum: 0.0]
         [Termination Attempts: Min: 1, Avg: 1.0, Max: 1, Diff: 0, Sum: 10]
      [GC Worker Other (ms): Min: 0.0, Avg: 0.1, Max: 0.1, Diff: 0.1, Sum: 0.6]
      [GC Worker Total (ms): Min: 5.2, Avg: 5.5, Max: 5.8, Diff: 0.6, Sum: 54.8]
      [GC Worker End (ms): Min: 744225.9, Avg: 744225.9, Max: 744226.0, Diff: 0.1]
   [Code Root Fixup: 0.0 ms]
   [Code Root Purge: 0.0 ms]
   [Clear CT: 1.3 ms]
   [Other: 3.5 ms]
      [Choose CSet: 0.0 ms]
      [Ref Proc: 1.5 ms]
      [Ref Enq: 0.0 ms]
      [Redirty Cards: 1.5 ms]
      [Humongous Register: 0.0 ms]
      [Humongous Reclaim: 0.0 ms]
      [Free CSet: 0.1 ms]
   [Eden: 151.0M(151.0M)->0.0B(151.0M) Survivors: 2048.0K->2048.0K Heap: 200.9M(256.0M)->50875.7K(256.0M)]
Heap after GC invocations=751 (full 0):
 garbage-first heap   total 262144K, used 50875K [0x00000000f0000000, 0x00000000f0100800, 0x0000000100000000)
  region size 1024K, 2 young (2048K), 2 survivors (2048K)
 Metaspace       used 52923K, capacity 56204K, committed 56448K, reserved 1099776K
  class space    used 6461K, capacity 7028K, committed 7040K, reserved 1048576K
}
 [Times: user=0.05 sys=0.01, real=0.01 secs] 
{Heap before GC invocations=751 (full 0):
 garbage-first heap   total 262144K, used 205499K [0x00000000f0000000, 0x00000000f0100800, 0x0000000100000000)
  region size 1024K, 153 young (156672K), 2 survivors (2048K)
 Metaspace       used 52923K, capacity 56204K, committed 56448K, reserved 1099776K
  class space    used 6461K, capacity 7028K, committed 7040K, reserved 1048576K
2023-10-03T06:57:17.161+0800: 745.024: [GC pause (G1 Evacuation Pause) (young), 0.0115827 secs]
   [Parallel Time: 6.5 ms, GC Workers: 10]
      [GC Worker Start (ms): Min: 745024.6, Avg: 745024.8, Max: 745025.1, Diff: 0.5]
      [Ext Root Scanning (ms): Min: 1.7, Avg: 2.0, Max: 2.4, Diff: 0.7, Sum: 19.7]
      [Update RS (ms): Min: 1.5, Avg: 1.6, Max: 1.7, Diff: 0.1, Sum: 16.2]
         [Processed Buffers: Min: 12, Avg: 17.9, Max: 38, Diff: 26, Sum: 179]
      [Scan RS (ms): Min: 0.0, Avg: 0.1, Max: 0.1, Diff: 0.1, Sum: 0.6]
      [Code Root Scanning (ms): Min: 0.0, Avg: 0.0, Max: 0.0, Diff: 0.0, Sum: 0.0]
      [Object Copy (ms): Min: 1.5, Avg: 1.7, Max: 1.8, Diff: 0.3, Sum: 17.3]
      [Termination (ms): Min: 0.0, Avg: 0.0, Max: 0.0, Diff: 0.0, Sum: 0.0]
         [Termination Attempts: Min: 1, Avg: 1.4, Max: 2, Diff: 1, Sum: 14]
      [GC Worker Other (ms): Min: 0.0, Avg: 0.1, Max: 0.1, Diff: 0.1, Sum: 0.6]
      [GC Worker Total (ms): Min: 5.1, Avg: 5.4, Max: 5.8, Diff: 0.6, Sum: 54.4]
      [GC Worker End (ms): Min: 745030.2, Avg: 745030.3, Max: 745030.3, Diff: 0.1]
   [Code Root Fixup: 0.0 ms]
   [Code Root Purge: 0.0 ms]
   [Clear CT: 1.4 ms]
   [Other: 3.7 ms]
      [Choose CSet: 0.0 ms]
      [Ref Proc: 1.7 ms]
      [Ref Enq: 0.0 ms]
      [Redirty Cards: 1.5 ms]
      [Humongous Register: 0.0 ms]
      [Humongous Reclaim: 0.0 ms]
      [Free CSet: 0.1 ms]
   [Eden: 151.0M(151.0M)->0.0B(151.0M) Survivors: 2048.0K->2048.0K Heap: 200.7M(256.0M)->50640.5K(256.0M)]
Heap after GC invocations=752 (full 0):
 garbage-first heap   total 262144K, used 50640K [0x00000000f0000000, 0x00000000f0100800, 0x0000000100000000)
  region size 1024K, 2 young (2048K), 2 survivors (2048K)
 Metaspace       used 52923K, capacity 56204K, committed 56448K, reserved 1099776K
  class space    used 6461K, capacity 7028K, committed 7040K, reserved 1048576K
}
 [Times: user=0.06 sys=0.00, real=0.01 secs] 
{Heap before GC invocations=752 (full 0):
 garbage-first heap   total 262144K, used 205264K [0x00000000f0000000, 0x00000000f0100800, 0x0000000100000000)
  region size 1024K, 153 young (156672K), 2 survivors (2048K)
 Metaspace       used 52923K, capacity 56204K, committed 56448K, reserved 1099776K
  class space    used 6461K, capacity 7028K, committed 7040K, reserved 1048576K
2023-10-03T06:57:17.955+0800: 745.819: [GC pause (G1 Evacuation Pause) (young), 0.0113803 secs]
   [Parallel Time: 6.5 ms, GC Workers: 10]
      [GC Worker Start (ms): Min: 745819.2, Avg: 745819.5, Max: 745819.7, Diff: 0.5]
      [Ext Root Scanning (ms): Min: 1.7, Avg: 1.9, Max: 2.4, Diff: 0.7, Sum: 19.4]
      [Update RS (ms): Min: 1.5, Avg: 1.6, Max: 1.7, Diff: 0.1, Sum: 16.4]
         [Processed Buffers: Min: 12, Avg: 18.0, Max: 33, Diff: 21, Sum: 180]
      [Scan RS (ms): Min: 0.0, Avg: 0.1, Max: 0.1, Diff: 0.1, Sum: 0.7]
      [Code Root Scanning (ms): Min: 0.0, Avg: 0.0, Max: 0.0, Diff: 0.0, Sum: 0.0]
      [Object Copy (ms): Min: 1.6, Avg: 1.8, Max: 1.9, Diff: 0.3, Sum: 17.6]
      [Termination (ms): Min: 0.0, Avg: 0.0, Max: 0.0, Diff: 0.0, Sum: 0.0]
         [Termination Attempts: Min: 1, Avg: 1.0, Max: 1, Diff: 0, Sum: 10]
      [GC Worker Other (ms): Min: 0.0, Avg: 0.1, Max: 0.2, Diff: 0.2, Sum: 0.7]
      [GC Worker Total (ms): Min: 5.2, Avg: 5.5, Max: 5.7, Diff: 0.5, Sum: 54.8]
      [GC Worker End (ms): Min: 745824.9, Avg: 745824.9, Max: 745825.1, Diff: 0.2]
   [Code Root Fixup: 0.0 ms]
   [Code Root Purge: 0.0 ms]
   [Clear CT: 1.5 ms]
   [Other: 3.4 ms]
      [Choose CSet: 0.0 ms]
      [Ref Proc: 1.6 ms]
      [Ref Enq: 0.0 ms]
      [Redirty Cards: 1.2 ms]
      [Humongous Register: 0.0 ms]
      [Humongous Reclaim: 0.0 ms]
      [Free CSet: 0.1 ms]
   [Eden: 151.0M(151.0M)->0.0B(151.0M) Survivors: 2048.0K->2048.0K Heap: 200.5M(256.0M)->50753.3K(256.0M)]
Heap after GC invocations=753 (full 0):
 garbage-first heap   total 262144K, used 50753K [0x00000000f0000000, 0x00000000f0100800, 0x0000000100000000)
  region size 1024K, 2 young (2048K), 2 survivors (2048K)
 Metaspace       used 52923K, capacity 56204K, committed 56448K, reserved 1099776K
  class space    used 6461K, capacity 7028K, committed 7040K, reserved 1048576K
}
 [Times: user=0.06 sys=0.00, real=0.01 secs] 
{Heap before GC invocations=753 (full 0):
 garbage-first heap   total 262144K, used 205377K [0x00000000f0000000, 0x00000000f0100800, 0x0000000100000000)
  region size 1024K, 153 young (156672K), 2 survivors (2048K)
 Metaspace       used 52923K, capacity 56204K, committed 56448K, reserved 1099776K
  class space    used 6461K, capacity 7028K, committed 7040K, reserved 1048576K
2023-10-03T06:57:18.757+0800: 746.620: [GC pause (G1 Evacuation Pause) (young), 0.0113051 secs]
   [Parallel Time: 6.3 ms, GC Workers: 10]
      [GC Worker Start (ms): Min: 746620.5, Avg: 746620.8, Max: 746621.1, Diff: 0.5]
      [Ext Root Scanning (ms): Min: 1.7, Avg: 1.9, Max: 2.3, Diff: 0.6, Sum: 18.7]
      [Update RS (ms): Min: 1.5, Avg: 1.6, Max: 1.7, Diff: 0.2, Sum: 16.4]
         [Processed Buffers: Min: 14, Avg: 18.1, Max: 32, Diff: 18, Sum: 181]
      [Scan RS (ms): Min: 0.0, Avg: 0.1, Max: 0.1, Diff: 0.1, Sum: 0.6]
      [Code Root Scanning (ms): Min: 0.0, Avg: 0.0, Max: 0.0, Diff: 0.0, Sum: 0.0]
      [Object Copy (ms): Min: 1.5, Avg: 1.7, Max: 1.8, Diff: 0.3, Sum: 16.6]
      [Termination (ms): Min: 0.0, Avg: 0.0, Max: 0.0, Diff: 0.0, Sum: 0.0]
         [Termination Attempts: Min: 1, Avg: 1.0, Max: 1, Diff: 0, Sum: 10]
      [GC Worker Other (ms): Min: 0.0, Avg: 0.0, Max: 0.1, Diff: 0.1, Sum: 0.4]
      [GC Worker Total (ms): Min: 5.1, Avg: 5.3, Max: 5.6, Diff: 0.5, Sum: 52.8]
      [GC Worker End (ms): Min: 746626.1, Avg: 746626.1, Max: 746626.1, Diff: 0.1]
   [Code Root Fixup: 0.0 ms]
   [Code Root Purge: 0.0 ms]
   [Clear CT: 1.4 ms]
   [Other: 3.6 ms]
      [Choose CSet: 0.0 ms]
      [Ref Proc: 1.6 ms]
      [Ref Enq: 0.0 ms]
      [Redirty Cards: 1.5 ms]
      [Humongous Register: 0.0 ms]
      [Humongous Reclaim: 0.0 ms]
      [Free CSet: 0.1 ms]
   [Eden: 151.0M(151.0M)->0.0B(151.0M) Survivors: 2048.0K->2048.0K Heap: 200.6M(256.0M)->50642.8K(256.0M)]
Heap after GC invocations=754 (full 0):
 garbage-first heap   total 262144K, used 50642K [0x00000000f0000000, 0x00000000f0100800, 0x0000000100000000)
  region size 1024K, 2 young (2048K), 2 survivors (2048K)
 Metaspace       used 52923K, capacity 56204K, committed 56448K, reserved 1099776K
  class space    used 6461K, capacity 7028K, committed 7040K, reserved 1048576K
}
 [Times: user=0.06 sys=0.01, real=0.01 secs] 
{Heap before GC invocations=754 (full 0):
 garbage-first heap   total 262144K, used 205266K [0x00000000f0000000, 0x00000000f0100800, 0x0000000100000000)
  region size 1024K, 153 young (156672K), 2 survivors (2048K)
 Metaspace       used 52923K, capacity 56204K, committed 56448K, reserved 1099776K
  class space    used 6461K, capacity 7028K, committed 7040K, reserved 1048576K
2023-10-03T06:57:19.564+0800: 747.427: [GC pause (G1 Evacuation Pause) (young), 0.0108606 secs]
   [Parallel Time: 6.6 ms, GC Workers: 10]
      [GC Worker Start (ms): Min: 747427.4, Avg: 747427.7, Max: 747427.9, Diff: 0.5]
      [Ext Root Scanning (ms): Min: 1.8, Avg: 2.1, Max: 2.5, Diff: 0.7, Sum: 20.6]
      [Update RS (ms): Min: 1.6, Avg: 1.6, Max: 1.8, Diff: 0.2, Sum: 16.4]
         [Processed Buffers: Min: 13, Avg: 18.0, Max: 31, Diff: 18, Sum: 180]
      [Scan RS (ms): Min: 0.0, Avg: 0.1, Max: 0.1, Diff: 0.1, Sum: 0.6]
      [Code Root Scanning (ms): Min: 0.0, Avg: 0.0, Max: 0.0, Diff: 0.0, Sum: 0.0]
      [Object Copy (ms): Min: 1.5, Avg: 1.7, Max: 1.8, Diff: 0.3, Sum: 17.3]
      [Termination (ms): Min: 0.0, Avg: 0.0, Max: 0.0, Diff: 0.0, Sum: 0.0]
         [Termination Attempts: Min: 1, Avg: 1.5, Max: 2, Diff: 1, Sum: 15]
      [GC Worker Other (ms): Min: 0.0, Avg: 0.1, Max: 0.1, Diff: 0.1, Sum: 0.6]
      [GC Worker Total (ms): Min: 5.3, Avg: 5.6, Max: 5.8, Diff: 0.5, Sum: 55.6]
      [GC Worker End (ms): Min: 747433.2, Avg: 747433.2, Max: 747433.3, Diff: 0.1]
   [Code Root Fixup: 0.0 ms]
   [Code Root Purge: 0.0 ms]
   [Clear CT: 1.0 ms]
   [Other: 3.3 ms]
      [Choose CSet: 0.0 ms]
      [Ref Proc: 1.5 ms]
      [Ref Enq: 0.0 ms]
      [Redirty Cards: 1.3 ms]
      [Humongous Register: 0.0 ms]
      [Humongous Reclaim: 0.0 ms]
      [Free CSet: 0.1 ms]
   [Eden: 151.0M(151.0M)->0.0B(151.0M) Survivors: 2048.0K->2048.0K Heap: 200.5M(256.0M)->50638.3K(256.0M)]
Heap after GC invocations=755 (full 0):
 garbage-first heap   total 262144K, used 50638K [0x00000000f0000000, 0x00000000f0100800, 0x0000000100000000)
  region size 1024K, 2 young (2048K), 2 survivors (2048K)
 Metaspace       used 52923K, capacity 56204K, committed 56448K, reserved 1099776K
  class space    used 6461K, capacity 7028K, committed 7040K, reserved 1048576K
}
 [Times: user=0.07 sys=0.00, real=0.01 secs] 
{Heap before GC invocations=755 (full 0):
 garbage-first heap   total 262144K, used 205262K [0x00000000f0000000, 0x00000000f0100800, 0x0000000100000000)
  region size 1024K, 153 young (156672K), 2 survivors (2048K)
 Metaspace       used 52923K, capacity 56204K, committed 56448K, reserved 1099776K
  class space    used 6461K, capacity 7028K, committed 7040K, reserved 1048576K
2023-10-03T06:57:20.363+0800: 748.226: [GC pause (G1 Evacuation Pause) (young), 0.0111427 secs]
   [Parallel Time: 6.3 ms, GC Workers: 10]
      [GC Worker Start (ms): Min: 748226.7, Avg: 748226.9, Max: 748227.1, Diff: 0.4]
      [Ext Root Scanning (ms): Min: 1.7, Avg: 1.9, Max: 2.4, Diff: 0.7, Sum: 19.5]
      [Update RS (ms): Min: 1.6, Avg: 1.7, Max: 1.8, Diff: 0.1, Sum: 16.8]
         [Processed Buffers: Min: 12, Avg: 18.0, Max: 28, Diff: 16, Sum: 180]
      [Scan RS (ms): Min: 0.0, Avg: 0.1, Max: 0.1, Diff: 0.0, Sum: 0.7]
      [Code Root Scanning (ms): Min: 0.0, Avg: 0.0, Max: 0.0, Diff: 0.0, Sum: 0.0]
      [Object Copy (ms): Min: 1.5, Avg: 1.7, Max: 1.9, Diff: 0.3, Sum: 17.5]
      [Termination (ms): Min: 0.0, Avg: 0.0, Max: 0.0, Diff: 0.0, Sum: 0.0]
         [Termination Attempts: Min: 1, Avg: 1.0, Max: 1, Diff: 0, Sum: 10]
      [GC Worker Other (ms): Min: 0.0, Avg: 0.1, Max: 0.1, Diff: 0.1, Sum: 0.5]
      [GC Worker Total (ms): Min: 5.3, Avg: 5.5, Max: 5.7, Diff: 0.4, Sum: 55.0]
      [GC Worker End (ms): Min: 748232.4, Avg: 748232.4, Max: 748232.5, Diff: 0.1]
   [Code Root Fixup: 0.0 ms]
   [Code Root Purge: 0.0 ms]
   [Clear CT: 1.8 ms]
   [Other: 3.0 ms]
      [Choose CSet: 0.0 ms]
      [Ref Proc: 1.1 ms]
      [Ref Enq: 0.0 ms]
      [Redirty Cards: 1.3 ms]
      [Humongous Register: 0.0 ms]
      [Humongous Reclaim: 0.0 ms]
      [Free CSet: 0.1 ms]
   [Eden: 151.0M(151.0M)->0.0B(151.0M) Survivors: 2048.0K->2048.0K Heap: 200.5M(256.0M)->50884.6K(256.0M)]
Heap after GC invocations=756 (full 0):
 garbage-first heap   total 262144K, used 50884K [0x00000000f0000000, 0x00000000f0100800, 0x0000000100000000)
  region size 1024K, 2 young (2048K), 2 survivors (2048K)
 Metaspace       used 52923K, capacity 56204K, committed 56448K, reserved 1099776K
  class space    used 6461K, capacity 7028K, committed 7040K, reserved 1048576K
}
 [Times: user=0.06 sys=0.00, real=0.01 secs] 
{Heap before GC invocations=756 (full 0):
 garbage-first heap   total 262144K, used 205508K [0x00000000f0000000, 0x00000000f0100800, 0x0000000100000000)
  region size 1024K, 153 young (156672K), 2 survivors (2048K)
 Metaspace       used 52923K, capacity 56204K, committed 56448K, reserved 1099776K
  class space    used 6461K, capacity 7028K, committed 7040K, reserved 1048576K
2023-10-03T06:57:21.175+0800: 749.038: [GC pause (G1 Evacuation Pause) (young), 0.0105098 secs]
   [Parallel Time: 5.7 ms, GC Workers: 10]
      [GC Worker Start (ms): Min: 749038.6, Avg: 749038.9, Max: 749039.1, Diff: 0.5]
      [Ext Root Scanning (ms): Min: 1.6, Avg: 1.8, Max: 2.3, Diff: 0.7, Sum: 18.3]
      [Update RS (ms): Min: 1.5, Avg: 1.6, Max: 1.7, Diff: 0.1, Sum: 16.0]
         [Processed Buffers: Min: 10, Avg: 17.9, Max: 35, Diff: 25, Sum: 179]
      [Scan RS (ms): Min: 0.0, Avg: 0.1, Max: 0.1, Diff: 0.1, Sum: 0.6]
      [Code Root Scanning (ms): Min: 0.0, Avg: 0.0, Max: 0.0, Diff: 0.0, Sum: 0.0]
      [Object Copy (ms): Min: 1.5, Avg: 1.7, Max: 1.8, Diff: 0.3, Sum: 17.0]
      [Termination (ms): Min: 0.0, Avg: 0.0, Max: 0.0, Diff: 0.0, Sum: 0.0]
         [Termination Attempts: Min: 1, Avg: 1.0, Max: 1, Diff: 0, Sum: 10]
      [GC Worker Other (ms): Min: 0.0, Avg: 0.0, Max: 0.0, Diff: 0.0, Sum: 0.3]
      [GC Worker Total (ms): Min: 5.0, Avg: 5.2, Max: 5.5, Diff: 0.5, Sum: 52.3]
      [GC Worker End (ms): Min: 749044.1, Avg: 749044.1, Max: 749044.1, Diff: 0.0]
   [Code Root Fixup: 0.0 ms]
   [Code Root Purge: 0.0 ms]
   [Clear CT: 1.6 ms]
   [Other: 3.3 ms]
      [Choose CSet: 0.0 ms]
      [Ref Proc: 1.3 ms]
      [Ref Enq: 0.0 ms]
      [Redirty Cards: 1.4 ms]
      [Humongous Register: 0.0 ms]
      [Humongous Reclaim: 0.0 ms]
      [Free CSet: 0.1 ms]
   [Eden: 151.0M(151.0M)->0.0B(151.0M) Survivors: 2048.0K->2048.0K Heap: 200.7M(256.0M)->50527.9K(256.0M)]
Heap after GC invocations=757 (full 0):
 garbage-first heap   total 262144K, used 50527K [0x00000000f0000000, 0x00000000f0100800, 0x0000000100000000)
  region size 1024K, 2 young (2048K), 2 survivors (2048K)
 Metaspace       used 52923K, capacity 56204K, committed 56448K, reserved 1099776K
  class space    used 6461K, capacity 7028K, committed 7040K, reserved 1048576K
}
 [Times: user=0.06 sys=0.00, real=0.01 secs] 
{Heap before GC invocations=757 (full 0):
 garbage-first heap   total 262144K, used 205151K [0x00000000f0000000, 0x00000000f0100800, 0x0000000100000000)
  region size 1024K, 153 young (156672K), 2 survivors (2048K)
 Metaspace       used 52923K, capacity 56204K, committed 56448K, reserved 1099776K
  class space    used 6461K, capacity 7028K, committed 7040K, reserved 1048576K
2023-10-03T06:57:21.961+0800: 749.824: [GC pause (G1 Evacuation Pause) (young), 0.0118201 secs]
   [Parallel Time: 6.8 ms, GC Workers: 10]
      [GC Worker Start (ms): Min: 749824.6, Avg: 749824.8, Max: 749825.0, Diff: 0.5]
      [Ext Root Scanning (ms): Min: 1.8, Avg: 2.0, Max: 2.4, Diff: 0.7, Sum: 19.8]
      [Update RS (ms): Min: 1.6, Avg: 1.7, Max: 1.8, Diff: 0.2, Sum: 16.9]
         [Processed Buffers: Min: 6, Avg: 17.8, Max: 36, Diff: 30, Sum: 178]
      [Scan RS (ms): Min: 0.0, Avg: 0.1, Max: 0.1, Diff: 0.1, Sum: 0.6]
      [Code Root Scanning (ms): Min: 0.0, Avg: 0.0, Max: 0.0, Diff: 0.0, Sum: 0.0]
      [Object Copy (ms): Min: 1.6, Avg: 1.9, Max: 2.1, Diff: 0.4, Sum: 19.4]
      [Termination (ms): Min: 0.0, Avg: 0.0, Max: 0.0, Diff: 0.0, Sum: 0.1]
         [Termination Attempts: Min: 1, Avg: 3.1, Max: 5, Diff: 4, Sum: 31]
      [GC Worker Other (ms): Min: 0.0, Avg: 0.1, Max: 0.1, Diff: 0.1, Sum: 0.5]
      [GC Worker Total (ms): Min: 5.5, Avg: 5.7, Max: 6.0, Diff: 0.6, Sum: 57.3]
      [GC Worker End (ms): Min: 749830.5, Avg: 749830.5, Max: 749830.6, Diff: 0.1]
   [Code Root Fixup: 0.0 ms]
   [Code Root Purge: 0.0 ms]
   [Clear CT: 1.4 ms]
   [Other: 3.6 ms]
      [Choose CSet: 0.0 ms]
      [Ref Proc: 1.7 ms]
      [Ref Enq: 0.0 ms]
      [Redirty Cards: 1.4 ms]
      [Humongous Register: 0.0 ms]
      [Humongous Reclaim: 0.0 ms]
      [Free CSet: 0.1 ms]
   [Eden: 151.0M(151.0M)->0.0B(150.0M) Survivors: 2048.0K->3072.0K Heap: 200.3M(256.0M)->51417.7K(256.0M)]
Heap after GC invocations=758 (full 0):
 garbage-first heap   total 262144K, used 51417K [0x00000000f0000000, 0x00000000f0100800, 0x0000000100000000)
  region size 1024K, 3 young (3072K), 3 survivors (3072K)
 Metaspace       used 52923K, capacity 56204K, committed 56448K, reserved 1099776K
  class space    used 6461K, capacity 7028K, committed 7040K, reserved 1048576K
}
 [Times: user=0.06 sys=0.00, real=0.01 secs] 
{Heap before GC invocations=758 (full 0):
 garbage-first heap   total 262144K, used 205017K [0x00000000f0000000, 0x00000000f0100800, 0x0000000100000000)
  region size 1024K, 153 young (156672K), 3 survivors (3072K)
 Metaspace       used 52923K, capacity 56204K, committed 56448K, reserved 1099776K
  class space    used 6461K, capacity 7028K, committed 7040K, reserved 1048576K
2023-10-03T06:57:22.761+0800: 750.624: [GC pause (G1 Evacuation Pause) (young), 0.0112597 secs]
   [Parallel Time: 6.4 ms, GC Workers: 10]
      [GC Worker Start (ms): Min: 750624.7, Avg: 750625.0, Max: 750625.2, Diff: 0.5]
      [Ext Root Scanning (ms): Min: 1.8, Avg: 2.0, Max: 2.4, Diff: 0.6, Sum: 19.6]
      [Update RS (ms): Min: 1.5, Avg: 1.6, Max: 1.7, Diff: 0.2, Sum: 16.2]
         [Processed Buffers: Min: 12, Avg: 18.1, Max: 35, Diff: 23, Sum: 181]
      [Scan RS (ms): Min: 0.0, Avg: 0.1, Max: 0.1, Diff: 0.1, Sum: 0.6]
      [Code Root Scanning (ms): Min: 0.0, Avg: 0.0, Max: 0.0, Diff: 0.0, Sum: 0.0]
      [Object Copy (ms): Min: 1.5, Avg: 1.7, Max: 1.8, Diff: 0.3, Sum: 17.1]
      [Termination (ms): Min: 0.0, Avg: 0.0, Max: 0.0, Diff: 0.0, Sum: 0.0]
         [Termination Attempts: Min: 1, Avg: 1.4, Max: 2, Diff: 1, Sum: 14]
      [GC Worker Other (ms): Min: 0.0, Avg: 0.0, Max: 0.1, Diff: 0.1, Sum: 0.4]
      [GC Worker Total (ms): Min: 5.1, Avg: 5.4, Max: 5.7, Diff: 0.5, Sum: 54.0]
      [GC Worker End (ms): Min: 750630.4, Avg: 750630.4, Max: 750630.4, Diff: 0.1]
   [Code Root Fixup: 0.0 ms]
   [Code Root Purge: 0.0 ms]
   [Clear CT: 1.4 ms]
   [Other: 3.4 ms]
      [Choose CSet: 0.0 ms]
      [Ref Proc: 1.4 ms]
      [Ref Enq: 0.0 ms]
      [Redirty Cards: 1.5 ms]
      [Humongous Register: 0.0 ms]
      [Humongous Reclaim: 0.0 ms]
      [Free CSet: 0.1 ms]
   [Eden: 150.0M(150.0M)->0.0B(151.0M) Survivors: 3072.0K->2048.0K Heap: 200.2M(256.0M)->50842.7K(256.0M)]
Heap after GC invocations=759 (full 0):
 garbage-first heap   total 262144K, used 50842K [0x00000000f0000000, 0x00000000f0100800, 0x0000000100000000)
  region size 1024K, 2 young (2048K), 2 survivors (2048K)
 Metaspace       used 52923K, capacity 56204K, committed 56448K, reserved 1099776K
  class space    used 6461K, capacity 7028K, committed 7040K, reserved 1048576K
}
 [Times: user=0.06 sys=0.00, real=0.01 secs] 
{Heap before GC invocations=759 (full 0):
 garbage-first heap   total 262144K, used 205466K [0x00000000f0000000, 0x00000000f0100800, 0x0000000100000000)
  region size 1024K, 153 young (156672K), 2 survivors (2048K)
 Metaspace       used 52923K, capacity 56204K, committed 56448K, reserved 1099776K
  class space    used 6461K, capacity 7028K, committed 7040K, reserved 1048576K
2023-10-03T06:57:23.562+0800: 751.426: [GC pause (G1 Evacuation Pause) (young), 0.0113315 secs]
   [Parallel Time: 6.5 ms, GC Workers: 10]
      [GC Worker Start (ms): Min: 751425.9, Avg: 751426.2, Max: 751426.4, Diff: 0.5]
      [Ext Root Scanning (ms): Min: 1.8, Avg: 2.0, Max: 2.4, Diff: 0.6, Sum: 19.6]
      [Update RS (ms): Min: 1.6, Avg: 1.7, Max: 1.8, Diff: 0.2, Sum: 17.0]
         [Processed Buffers: Min: 12, Avg: 17.8, Max: 33, Diff: 21, Sum: 178]
      [Scan RS (ms): Min: 0.0, Avg: 0.1, Max: 0.1, Diff: 0.1, Sum: 0.6]
      [Code Root Scanning (ms): Min: 0.0, Avg: 0.0, Max: 0.0, Diff: 0.0, Sum: 0.0]
      [Object Copy (ms): Min: 1.4, Avg: 1.6, Max: 1.8, Diff: 0.4, Sum: 16.2]
      [Termination (ms): Min: 0.0, Avg: 0.0, Max: 0.0, Diff: 0.0, Sum: 0.0]
         [Termination Attempts: Min: 1, Avg: 1.0, Max: 1, Diff: 0, Sum: 10]
      [GC Worker Other (ms): Min: 0.0, Avg: 0.1, Max: 0.1, Diff: 0.1, Sum: 0.5]
      [GC Worker Total (ms): Min: 5.2, Avg: 5.4, Max: 5.7, Diff: 0.5, Sum: 54.0]
      [GC Worker End (ms): Min: 751431.6, Avg: 751431.6, Max: 751431.7, Diff: 0.1]
   [Code Root Fixup: 0.0 ms]
   [Code Root Purge: 0.0 ms]
   [Clear CT: 1.8 ms]
   [Other: 3.0 ms]
      [Choose CSet: 0.0 ms]
      [Ref Proc: 1.1 ms]
      [Ref Enq: 0.0 ms]
      [Redirty Cards: 1.4 ms]
      [Humongous Register: 0.0 ms]
      [Humongous Reclaim: 0.0 ms]
      [Free CSet: 0.1 ms]
   [Eden: 151.0M(151.0M)->0.0B(151.0M) Survivors: 2048.0K->2048.0K Heap: 200.7M(256.0M)->50608.8K(256.0M)]
Heap after GC invocations=760 (full 0):
 garbage-first heap   total 262144K, used 50608K [0x00000000f0000000, 0x00000000f0100800, 0x0000000100000000)
  region size 1024K, 2 young (2048K), 2 survivors (2048K)
 Metaspace       used 52923K, capacity 56204K, committed 56448K, reserved 1099776K
  class space    used 6461K, capacity 7028K, committed 7040K, reserved 1048576K
}
 [Times: user=0.06 sys=0.00, real=0.01 secs] 
{Heap before GC invocations=760 (full 0):
 garbage-first heap   total 262144K, used 205232K [0x00000000f0000000, 0x00000000f0100800, 0x0000000100000000)
  region size 1024K, 153 young (156672K), 2 survivors (2048K)
 Metaspace       used 52923K, capacity 56204K, committed 56448K, reserved 1099776K
  class space    used 6461K, capacity 7028K, committed 7040K, reserved 1048576K
2023-10-03T06:57:24.362+0800: 752.225: [GC pause (G1 Evacuation Pause) (young), 0.0113833 secs]
   [Parallel Time: 6.6 ms, GC Workers: 10]
      [GC Worker Start (ms): Min: 752225.6, Avg: 752225.9, Max: 752226.1, Diff: 0.5]
      [Ext Root Scanning (ms): Min: 1.8, Avg: 2.0, Max: 2.5, Diff: 0.7, Sum: 20.2]
      [Update RS (ms): Min: 1.6, Avg: 1.7, Max: 1.8, Diff: 0.2, Sum: 16.8]
         [Processed Buffers: Min: 12, Avg: 18.1, Max: 34, Diff: 22, Sum: 181]
      [Scan RS (ms): Min: 0.0, Avg: 0.1, Max: 0.1, Diff: 0.1, Sum: 0.6]
      [Code Root Scanning (ms): Min: 0.0, Avg: 0.0, Max: 0.0, Diff: 0.0, Sum: 0.0]
      [Object Copy (ms): Min: 1.5, Avg: 1.7, Max: 1.8, Diff: 0.3, Sum: 17.5]
      [Termination (ms): Min: 0.0, Avg: 0.0, Max: 0.0, Diff: 0.0, Sum: 0.0]
         [Termination Attempts: Min: 1, Avg: 1.2, Max: 2, Diff: 1, Sum: 12]
      [GC Worker Other (ms): Min: 0.0, Avg: 0.1, Max: 0.1, Diff: 0.1, Sum: 0.5]
      [GC Worker Total (ms): Min: 5.3, Avg: 5.6, Max: 5.8, Diff: 0.5, Sum: 55.6]
      [GC Worker End (ms): Min: 752231.4, Avg: 752231.5, Max: 752231.5, Diff: 0.1]
   [Code Root Fixup: 0.0 ms]
   [Code Root Purge: 0.0 ms]
   [Clear CT: 1.5 ms]
   [Other: 3.3 ms]
      [Choose CSet: 0.0 ms]
      [Ref Proc: 1.4 ms]
      [Ref Enq: 0.0 ms]
      [Redirty Cards: 1.3 ms]
      [Humongous Register: 0.0 ms]
      [Humongous Reclaim: 0.0 ms]
      [Free CSet: 0.1 ms]
   [Eden: 151.0M(151.0M)->0.0B(150.0M) Survivors: 2048.0K->3072.0K Heap: 200.4M(256.0M)->51311.6K(256.0M)]
Heap after GC invocations=761 (full 0):
 garbage-first heap   total 262144K, used 51311K [0x00000000f0000000, 0x00000000f0100800, 0x0000000100000000)
  region size 1024K, 3 young (3072K), 3 survivors (3072K)
 Metaspace       used 52923K, capacity 56204K, committed 56448K, reserved 1099776K
  class space    used 6461K, capacity 7028K, committed 7040K, reserved 1048576K
}
 [Times: user=0.06 sys=0.00, real=0.01 secs] 
{Heap before GC invocations=761 (full 0):
 garbage-first heap   total 262144K, used 204911K [0x00000000f0000000, 0x00000000f0100800, 0x0000000100000000)
  region size 1024K, 153 young (156672K), 3 survivors (3072K)
 Metaspace       used 52923K, capacity 56204K, committed 56448K, reserved 1099776K
  class space    used 6461K, capacity 7028K, committed 7040K, reserved 1048576K
2023-10-03T06:57:25.145+0800: 753.009: [GC pause (G1 Evacuation Pause) (young), 0.0115831 secs]
   [Parallel Time: 7.2 ms, GC Workers: 10]
      [GC Worker Start (ms): Min: 753008.9, Avg: 753009.2, Max: 753009.4, Diff: 0.5]
      [Ext Root Scanning (ms): Min: 1.7, Avg: 1.9, Max: 2.3, Diff: 0.6, Sum: 19.0]
      [Update RS (ms): Min: 1.6, Avg: 1.7, Max: 1.8, Diff: 0.2, Sum: 16.8]
         [Processed Buffers: Min: 13, Avg: 17.9, Max: 27, Diff: 14, Sum: 179]
      [Scan RS (ms): Min: 0.0, Avg: 0.1, Max: 0.1, Diff: 0.1, Sum: 0.5]
      [Code Root Scanning (ms): Min: 0.0, Avg: 0.0, Max: 0.0, Diff: 0.0, Sum: 0.0]
      [Object Copy (ms): Min: 2.3, Avg: 2.5, Max: 2.6, Diff: 0.3, Sum: 25.2]
      [Termination (ms): Min: 0.0, Avg: 0.0, Max: 0.0, Diff: 0.0, Sum: 0.1]
         [Termination Attempts: Min: 1, Avg: 1.2, Max: 2, Diff: 1, Sum: 12]
      [GC Worker Other (ms): Min: 0.0, Avg: 0.1, Max: 0.2, Diff: 0.1, Sum: 0.6]
      [GC Worker Total (ms): Min: 6.0, Avg: 6.2, Max: 6.4, Diff: 0.5, Sum: 62.2]
      [GC Worker End (ms): Min: 753015.3, Avg: 753015.4, Max: 753015.5, Diff: 0.1]
   [Code Root Fixup: 0.0 ms]
   [Code Root Purge: 0.0 ms]
   [Clear CT: 1.3 ms]
   [Other: 3.1 ms]
      [Choose CSet: 0.0 ms]
      [Ref Proc: 1.5 ms]
      [Ref Enq: 0.0 ms]
      [Redirty Cards: 0.9 ms]
      [Humongous Register: 0.0 ms]
      [Humongous Reclaim: 0.0 ms]
      [Free CSet: 0.2 ms]
   [Eden: 150.0M(150.0M)->0.0B(151.0M) Survivors: 3072.0K->2048.0K Heap: 200.1M(256.0M)->51193.6K(256.0M)]
Heap after GC invocations=762 (full 0):
 garbage-first heap   total 262144K, used 51193K [0x00000000f0000000, 0x00000000f0100800, 0x0000000100000000)
  region size 1024K, 2 young (2048K), 2 survivors (2048K)
 Metaspace       used 52923K, capacity 56204K, committed 56448K, reserved 1099776K
  class space    used 6461K, capacity 7028K, committed 7040K, reserved 1048576K
}
 [Times: user=0.07 sys=0.00, real=0.01 secs] 
{Heap before GC invocations=762 (full 0):
 garbage-first heap   total 262144K, used 205817K [0x00000000f0000000, 0x00000000f0100800, 0x0000000100000000)
  region size 1024K, 153 young (156672K), 2 survivors (2048K)
 Metaspace       used 52923K, capacity 56204K, committed 56448K, reserved 1099776K
  class space    used 6461K, capacity 7028K, committed 7040K, reserved 1048576K
2023-10-03T06:57:25.934+0800: 753.797: [GC pause (G1 Evacuation Pause) (young), 0.0115393 secs]
   [Parallel Time: 6.6 ms, GC Workers: 10]
      [GC Worker Start (ms): Min: 753797.4, Avg: 753797.7, Max: 753797.9, Diff: 0.5]
      [Ext Root Scanning (ms): Min: 1.7, Avg: 2.0, Max: 2.5, Diff: 0.7, Sum: 20.1]
      [Update RS (ms): Min: 1.6, Avg: 1.6, Max: 1.7, Diff: 0.1, Sum: 16.1]
         [Processed Buffers: Min: 12, Avg: 18.2, Max: 32, Diff: 20, Sum: 182]
      [Scan RS (ms): Min: 0.0, Avg: 0.1, Max: 0.1, Diff: 0.1, Sum: 0.6]
      [Code Root Scanning (ms): Min: 0.0, Avg: 0.0, Max: 0.0, Diff: 0.0, Sum: 0.0]
      [Object Copy (ms): Min: 1.6, Avg: 1.8, Max: 1.9, Diff: 0.2, Sum: 18.0]
      [Termination (ms): Min: 0.0, Avg: 0.0, Max: 0.0, Diff: 0.0, Sum: 0.0]
         [Termination Attempts: Min: 1, Avg: 1.3, Max: 2, Diff: 1, Sum: 13]
      [GC Worker Other (ms): Min: 0.0, Avg: 0.1, Max: 0.2, Diff: 0.1, Sum: 0.6]
      [GC Worker Total (ms): Min: 5.3, Avg: 5.5, Max: 5.9, Diff: 0.6, Sum: 55.4]
      [GC Worker End (ms): Min: 753803.2, Avg: 753803.2, Max: 753803.3, Diff: 0.1]
   [Code Root Fixup: 0.0 ms]
   [Code Root Purge: 0.0 ms]
   [Clear CT: 1.3 ms]
   [Other: 3.6 ms]
      [Choose CSet: 0.0 ms]
      [Ref Proc: 1.6 ms]
      [Ref Enq: 0.0 ms]
      [Redirty Cards: 1.5 ms]
      [Humongous Register: 0.0 ms]
      [Humongous Reclaim: 0.0 ms]
      [Free CSet: 0.1 ms]
   [Eden: 151.0M(151.0M)->0.0B(151.0M) Survivors: 2048.0K->2048.0K Heap: 201.0M(256.0M)->50974.9K(256.0M)]
Heap after GC invocations=763 (full 0):
 garbage-first heap   total 262144K, used 50974K [0x00000000f0000000, 0x00000000f0100800, 0x0000000100000000)
  region size 1024K, 2 young (2048K), 2 survivors (2048K)
 Metaspace       used 52923K, capacity 56204K, committed 56448K, reserved 1099776K
  class space    used 6461K, capacity 7028K, committed 7040K, reserved 1048576K
}
 [Times: user=0.07 sys=0.00, real=0.01 secs] 
{Heap before GC invocations=763 (full 0):
 garbage-first heap   total 262144K, used 205598K [0x00000000f0000000, 0x00000000f0100800, 0x0000000100000000)
  region size 1024K, 153 young (156672K), 2 survivors (2048K)
 Metaspace       used 52923K, capacity 56204K, committed 56448K, reserved 1099776K
  class space    used 6461K, capacity 7028K, committed 7040K, reserved 1048576K
2023-10-03T06:57:26.734+0800: 754.597: [GC pause (G1 Evacuation Pause) (young), 0.0112587 secs]
   [Parallel Time: 6.5 ms, GC Workers: 10]
      [GC Worker Start (ms): Min: 754597.4, Avg: 754597.6, Max: 754597.9, Diff: 0.5]
      [Ext Root Scanning (ms): Min: 1.7, Avg: 2.0, Max: 2.4, Diff: 0.7, Sum: 19.7]
      [Update RS (ms): Min: 1.6, Avg: 1.7, Max: 1.8, Diff: 0.2, Sum: 17.0]
         [Processed Buffers: Min: 9, Avg: 18.1, Max: 33, Diff: 24, Sum: 181]
      [Scan RS (ms): Min: 0.0, Avg: 0.1, Max: 0.1, Diff: 0.1, Sum: 0.7]
      [Code Root Scanning (ms): Min: 0.0, Avg: 0.0, Max: 0.0, Diff: 0.0, Sum: 0.0]
      [Object Copy (ms): Min: 1.6, Avg: 1.8, Max: 1.9, Diff: 0.3, Sum: 17.5]
      [Termination (ms): Min: 0.0, Avg: 0.0, Max: 0.0, Diff: 0.0, Sum: 0.0]
         [Termination Attempts: Min: 1, Avg: 1.1, Max: 2, Diff: 1, Sum: 11]
      [GC Worker Other (ms): Min: 0.0, Avg: 0.1, Max: 0.1, Diff: 0.1, Sum: 0.5]
      [GC Worker Total (ms): Min: 5.4, Avg: 5.6, Max: 5.8, Diff: 0.4, Sum: 55.6]
      [GC Worker End (ms): Min: 754603.2, Avg: 754603.2, Max: 754603.3, Diff: 0.1]
   [Code Root Fixup: 0.0 ms]
   [Code Root Purge: 0.0 ms]
   [Clear CT: 1.5 ms]
   [Other: 3.2 ms]
      [Choose CSet: 0.0 ms]
      [Ref Proc: 1.3 ms]
      [Ref Enq: 0.0 ms]
      [Redirty Cards: 1.4 ms]
      [Humongous Register: 0.0 ms]
      [Humongous Reclaim: 0.0 ms]
      [Free CSet: 0.1 ms]
   [Eden: 151.0M(151.0M)->0.0B(151.0M) Survivors: 2048.0K->2048.0K Heap: 200.8M(256.0M)->50952.0K(256.0M)]
Heap after GC invocations=764 (full 0):
 garbage-first heap   total 262144K, used 50951K [0x00000000f0000000, 0x00000000f0100800, 0x0000000100000000)
  region size 1024K, 2 young (2048K), 2 survivors (2048K)
 Metaspace       used 52923K, capacity 56204K, committed 56448K, reserved 1099776K
  class space    used 6461K, capacity 7028K, committed 7040K, reserved 1048576K
}
 [Times: user=0.06 sys=0.00, real=0.01 secs] 
{Heap before GC invocations=764 (full 0):
 garbage-first heap   total 262144K, used 205575K [0x00000000f0000000, 0x00000000f0100800, 0x0000000100000000)
  region size 1024K, 153 young (156672K), 2 survivors (2048K)
 Metaspace       used 52923K, capacity 56204K, committed 56448K, reserved 1099776K
  class space    used 6461K, capacity 7028K, committed 7040K, reserved 1048576K
2023-10-03T06:57:27.532+0800: 755.395: [GC pause (G1 Evacuation Pause) (young), 0.0113043 secs]
   [Parallel Time: 6.5 ms, GC Workers: 10]
      [GC Worker Start (ms): Min: 755395.7, Avg: 755396.0, Max: 755396.2, Diff: 0.5]
      [Ext Root Scanning (ms): Min: 1.6, Avg: 1.9, Max: 2.3, Diff: 0.7, Sum: 18.8]
      [Update RS (ms): Min: 1.7, Avg: 1.7, Max: 1.8, Diff: 0.2, Sum: 17.2]
         [Processed Buffers: Min: 11, Avg: 17.9, Max: 38, Diff: 27, Sum: 179]
      [Scan RS (ms): Min: 0.0, Avg: 0.1, Max: 0.1, Diff: 0.1, Sum: 0.6]
      [Code Root Scanning (ms): Min: 0.0, Avg: 0.0, Max: 0.0, Diff: 0.0, Sum: 0.0]
      [Object Copy (ms): Min: 1.6, Avg: 1.8, Max: 1.8, Diff: 0.3, Sum: 17.7]
      [Termination (ms): Min: 0.0, Avg: 0.0, Max: 0.0, Diff: 0.0, Sum: 0.1]
         [Termination Attempts: Min: 1, Avg: 2.4, Max: 4, Diff: 3, Sum: 24]
      [GC Worker Other (ms): Min: 0.0, Avg: 0.0, Max: 0.1, Diff: 0.1, Sum: 0.4]
      [GC Worker Total (ms): Min: 5.2, Avg: 5.5, Max: 5.7, Diff: 0.5, Sum: 54.8]
      [GC Worker End (ms): Min: 755401.5, Avg: 755401.5, Max: 755401.5, Diff: 0.1]
   [Code Root Fixup: 0.0 ms]
   [Code Root Purge: 0.0 ms]
   [Clear CT: 1.9 ms]
   [Other: 2.9 ms]
      [Choose CSet: 0.0 ms]
      [Ref Proc: 1.2 ms]
      [Ref Enq: 0.0 ms]
      [Redirty Cards: 1.2 ms]
      [Humongous Register: 0.0 ms]
      [Humongous Reclaim: 0.0 ms]
      [Free CSet: 0.1 ms]
   [Eden: 151.0M(151.0M)->0.0B(151.0M) Survivors: 2048.0K->2048.0K Heap: 200.8M(256.0M)->50830.5K(256.0M)]
Heap after GC invocations=765 (full 0):
 garbage-first heap   total 262144K, used 50830K [0x00000000f0000000, 0x00000000f0100800, 0x0000000100000000)
  region size 1024K, 2 young (2048K), 2 survivors (2048K)
 Metaspace       used 52923K, capacity 56204K, committed 56448K, reserved 1099776K
  class space    used 6461K, capacity 7028K, committed 7040K, reserved 1048576K
}
 [Times: user=0.07 sys=0.00, real=0.01 secs] 
{Heap before GC invocations=765 (full 0):
 garbage-first heap   total 262144K, used 205454K [0x00000000f0000000, 0x00000000f0100800, 0x0000000100000000)
  region size 1024K, 153 young (156672K), 2 survivors (2048K)
 Metaspace       used 52940K, capacity 56204K, committed 56448K, reserved 1099776K
  class space    used 6461K, capacity 7028K, committed 7040K, reserved 1048576K
2023-10-03T06:57:28.326+0800: 756.189: [GC pause (G1 Evacuation Pause) (young), 0.0115014 secs]
   [Parallel Time: 6.5 ms, GC Workers: 10]
      [GC Worker Start (ms): Min: 756189.4, Avg: 756189.6, Max: 756189.9, Diff: 0.5]
      [Ext Root Scanning (ms): Min: 1.7, Avg: 1.9, Max: 2.4, Diff: 0.6, Sum: 19.2]
      [Update RS (ms): Min: 1.6, Avg: 1.7, Max: 1.8, Diff: 0.1, Sum: 17.2]
         [Processed Buffers: Min: 13, Avg: 18.1, Max: 34, Diff: 21, Sum: 181]
      [Scan RS (ms): Min: 0.0, Avg: 0.1, Max: 0.1, Diff: 0.1, Sum: 0.6]
      [Code Root Scanning (ms): Min: 0.0, Avg: 0.0, Max: 0.0, Diff: 0.0, Sum: 0.1]
      [Object Copy (ms): Min: 1.5, Avg: 1.7, Max: 1.9, Diff: 0.4, Sum: 17.3]
      [Termination (ms): Min: 0.0, Avg: 0.0, Max: 0.0, Diff: 0.0, Sum: 0.0]
         [Termination Attempts: Min: 1, Avg: 1.2, Max: 2, Diff: 1, Sum: 12]
      [GC Worker Other (ms): Min: 0.0, Avg: 0.0, Max: 0.1, Diff: 0.1, Sum: 0.4]
      [GC Worker Total (ms): Min: 5.2, Avg: 5.5, Max: 5.7, Diff: 0.5, Sum: 54.8]
      [GC Worker End (ms): Min: 756195.1, Avg: 756195.1, Max: 756195.2, Diff: 0.1]
   [Code Root Fixup: 0.0 ms]
   [Code Root Purge: 0.0 ms]
   [Clear CT: 1.5 ms]
   [Other: 3.6 ms]
      [Choose CSet: 0.0 ms]
      [Ref Proc: 1.7 ms]
      [Ref Enq: 0.0 ms]
      [Redirty Cards: 1.3 ms]
      [Humongous Register: 0.0 ms]
      [Humongous Reclaim: 0.0 ms]
      [Free CSet: 0.1 ms]
   [Eden: 151.0M(151.0M)->0.0B(151.0M) Survivors: 2048.0K->2048.0K Heap: 200.6M(256.0M)->50959.1K(256.0M)]
Heap after GC invocations=766 (full 0):
 garbage-first heap   total 262144K, used 50959K [0x00000000f0000000, 0x00000000f0100800, 0x0000000100000000)
  region size 1024K, 2 young (2048K), 2 survivors (2048K)
 Metaspace       used 52940K, capacity 56204K, committed 56448K, reserved 1099776K
  class space    used 6461K, capacity 7028K, committed 7040K, reserved 1048576K
}
 [Times: user=0.06 sys=0.01, real=0.01 secs] 
{Heap before GC invocations=766 (full 0):
 garbage-first heap   total 262144K, used 205583K [0x00000000f0000000, 0x00000000f0100800, 0x0000000100000000)
  region size 1024K, 153 young (156672K), 2 survivors (2048K)
 Metaspace       used 52940K, capacity 56204K, committed 56448K, reserved 1099776K
  class space    used 6461K, capacity 7028K, committed 7040K, reserved 1048576K
2023-10-03T06:57:29.118+0800: 756.981: [GC pause (G1 Evacuation Pause) (young), 0.0114429 secs]
   [Parallel Time: 6.6 ms, GC Workers: 10]
      [GC Worker Start (ms): Min: 756981.5, Avg: 756981.8, Max: 756982.0, Diff: 0.5]
      [Ext Root Scanning (ms): Min: 1.8, Avg: 2.0, Max: 2.5, Diff: 0.7, Sum: 19.6]
      [Update RS (ms): Min: 1.5, Avg: 1.6, Max: 1.7, Diff: 0.2, Sum: 16.2]
         [Processed Buffers: Min: 13, Avg: 18.0, Max: 29, Diff: 16, Sum: 180]
      [Scan RS (ms): Min: 0.0, Avg: 0.1, Max: 0.1, Diff: 0.1, Sum: 0.6]
      [Code Root Scanning (ms): Min: 0.0, Avg: 0.0, Max: 0.0, Diff: 0.0, Sum: 0.1]
      [Object Copy (ms): Min: 1.6, Avg: 1.8, Max: 1.9, Diff: 0.3, Sum: 18.4]
      [Termination (ms): Min: 0.0, Avg: 0.0, Max: 0.0, Diff: 0.0, Sum: 0.0]
         [Termination Attempts: Min: 1, Avg: 1.7, Max: 3, Diff: 2, Sum: 17]
      [GC Worker Other (ms): Min: 0.0, Avg: 0.1, Max: 0.2, Diff: 0.1, Sum: 0.6]
      [GC Worker Total (ms): Min: 5.3, Avg: 5.5, Max: 5.8, Diff: 0.5, Sum: 55.5]
      [GC Worker End (ms): Min: 756987.3, Avg: 756987.3, Max: 756987.4, Diff: 0.1]
   [Code Root Fixup: 0.0 ms]
   [Code Root Purge: 0.0 ms]
   [Clear CT: 1.8 ms]
   [Other: 3.1 ms]
      [Choose CSet: 0.0 ms]
      [Ref Proc: 1.1 ms]
      [Ref Enq: 0.0 ms]
      [Redirty Cards: 1.5 ms]
      [Humongous Register: 0.0 ms]
      [Humongous Reclaim: 0.0 ms]
      [Free CSet: 0.1 ms]
   [Eden: 151.0M(151.0M)->0.0B(150.0M) Survivors: 2048.0K->3072.0K Heap: 200.8M(256.0M)->51349.5K(256.0M)]
Heap after GC invocations=767 (full 0):
 garbage-first heap   total 262144K, used 51349K [0x00000000f0000000, 0x00000000f0100800, 0x0000000100000000)
  region size 1024K, 3 young (3072K), 3 survivors (3072K)
 Metaspace       used 52940K, capacity 56204K, committed 56448K, reserved 1099776K
  class space    used 6461K, capacity 7028K, committed 7040K, reserved 1048576K
}
 [Times: user=0.06 sys=0.00, real=0.01 secs] 
{Heap before GC invocations=767 (full 0):
 garbage-first heap   total 262144K, used 204949K [0x00000000f0000000, 0x00000000f0100800, 0x0000000100000000)
  region size 1024K, 153 young (156672K), 3 survivors (3072K)
 Metaspace       used 52940K, capacity 56204K, committed 56448K, reserved 1099776K
  class space    used 6461K, capacity 7028K, committed 7040K, reserved 1048576K
2023-10-03T06:57:29.898+0800: 757.761: [GC pause (G1 Evacuation Pause) (young), 0.0115385 secs]
   [Parallel Time: 6.5 ms, GC Workers: 10]
      [GC Worker Start (ms): Min: 757761.6, Avg: 757761.8, Max: 757762.0, Diff: 0.5]
      [Ext Root Scanning (ms): Min: 1.8, Avg: 1.9, Max: 2.4, Diff: 0.6, Sum: 19.4]
      [Update RS (ms): Min: 1.5, Avg: 1.6, Max: 1.6, Diff: 0.1, Sum: 15.9]
         [Processed Buffers: Min: 10, Avg: 18.0, Max: 34, Diff: 24, Sum: 180]
      [Scan RS (ms): Min: 0.0, Avg: 0.1, Max: 0.1, Diff: 0.1, Sum: 0.8]
      [Code Root Scanning (ms): Min: 0.0, Avg: 0.0, Max: 0.0, Diff: 0.0, Sum: 0.1]
      [Object Copy (ms): Min: 1.6, Avg: 1.8, Max: 1.8, Diff: 0.2, Sum: 17.6]
      [Termination (ms): Min: 0.0, Avg: 0.0, Max: 0.0, Diff: 0.0, Sum: 0.0]
         [Termination Attempts: Min: 1, Avg: 1.0, Max: 1, Diff: 0, Sum: 10]
      [GC Worker Other (ms): Min: 0.0, Avg: 0.0, Max: 0.1, Diff: 0.1, Sum: 0.4]
      [GC Worker Total (ms): Min: 5.2, Avg: 5.4, Max: 5.7, Diff: 0.5, Sum: 54.2]
      [GC Worker End (ms): Min: 757767.2, Avg: 757767.2, Max: 757767.3, Diff: 0.1]
   [Code Root Fixup: 0.0 ms]
   [Code Root Purge: 0.0 ms]
   [Clear CT: 1.4 ms]
   [Other: 3.6 ms]
      [Choose CSet: 0.0 ms]
      [Ref Proc: 1.6 ms]
      [Ref Enq: 0.0 ms]
      [Redirty Cards: 1.5 ms]
      [Humongous Register: 0.0 ms]
      [Humongous Reclaim: 0.0 ms]
      [Free CSet: 0.1 ms]
   [Eden: 150.0M(150.0M)->0.0B(151.0M) Survivors: 3072.0K->2048.0K Heap: 200.1M(256.0M)->50982.3K(256.0M)]
Heap after GC invocations=768 (full 0):
 garbage-first heap   total 262144K, used 50982K [0x00000000f0000000, 0x00000000f0100800, 0x0000000100000000)
  region size 1024K, 2 young (2048K), 2 survivors (2048K)
 Metaspace       used 52940K, capacity 56204K, committed 56448K, reserved 1099776K
  class space    used 6461K, capacity 7028K, committed 7040K, reserved 1048576K
}
 [Times: user=0.06 sys=0.00, real=0.02 secs] 
{Heap before GC invocations=768 (full 0):
 garbage-first heap   total 262144K, used 205606K [0x00000000f0000000, 0x00000000f0100800, 0x0000000100000000)
  region size 1024K, 153 young (156672K), 2 survivors (2048K)
 Metaspace       used 52940K, capacity 56204K, committed 56448K, reserved 1099776K
  class space    used 6461K, capacity 7028K, committed 7040K, reserved 1048576K
2023-10-03T06:57:30.702+0800: 758.565: [GC pause (G1 Evacuation Pause) (young), 0.0115700 secs]
   [Parallel Time: 6.7 ms, GC Workers: 10]
      [GC Worker Start (ms): Min: 758565.7, Avg: 758566.1, Max: 758566.3, Diff: 0.6]
      [Ext Root Scanning (ms): Min: 1.7, Avg: 1.9, Max: 2.3, Diff: 0.6, Sum: 19.5]
      [Update RS (ms): Min: 1.7, Avg: 1.7, Max: 1.9, Diff: 0.2, Sum: 17.2]
         [Processed Buffers: Min: 15, Avg: 17.9, Max: 31, Diff: 16, Sum: 179]
      [Scan RS (ms): Min: 0.0, Avg: 0.1, Max: 0.1, Diff: 0.1, Sum: 0.6]
      [Code Root Scanning (ms): Min: 0.0, Avg: 0.0, Max: 0.0, Diff: 0.0, Sum: 0.1]
      [Object Copy (ms): Min: 1.8, Avg: 1.9, Max: 2.0, Diff: 0.1, Sum: 19.2]
      [Termination (ms): Min: 0.0, Avg: 0.0, Max: 0.0, Diff: 0.0, Sum: 0.1]
         [Termination Attempts: Min: 1, Avg: 2.6, Max: 5, Diff: 4, Sum: 26]
      [GC Worker Other (ms): Min: 0.0, Avg: 0.0, Max: 0.1, Diff: 0.1, Sum: 0.4]
      [GC Worker Total (ms): Min: 5.4, Avg: 5.7, Max: 6.0, Diff: 0.6, Sum: 57.1]
      [GC Worker End (ms): Min: 758571.7, Avg: 758571.8, Max: 758571.8, Diff: 0.1]
   [Code Root Fixup: 0.0 ms]
   [Code Root Purge: 0.0 ms]
   [Clear CT: 1.4 ms]
   [Other: 3.4 ms]
      [Choose CSet: 0.0 ms]
      [Ref Proc: 1.6 ms]
      [Ref Enq: 0.0 ms]
      [Redirty Cards: 1.3 ms]
      [Humongous Register: 0.0 ms]
      [Humongous Reclaim: 0.0 ms]
      [Free CSet: 0.1 ms]
   [Eden: 151.0M(151.0M)->0.0B(151.0M) Survivors: 2048.0K->2048.0K Heap: 200.8M(256.0M)->51110.4K(256.0M)]
Heap after GC invocations=769 (full 0):
 garbage-first heap   total 262144K, used 51110K [0x00000000f0000000, 0x00000000f0100800, 0x0000000100000000)
  region size 1024K, 2 young (2048K), 2 survivors (2048K)
 Metaspace       used 52940K, capacity 56204K, committed 56448K, reserved 1099776K
  class space    used 6461K, capacity 7028K, committed 7040K, reserved 1048576K
}
 [Times: user=0.06 sys=0.00, real=0.01 secs] 
{Heap before GC invocations=769 (full 0):
 garbage-first heap   total 262144K, used 205734K [0x00000000f0000000, 0x00000000f0100800, 0x0000000100000000)
  region size 1024K, 153 young (156672K), 2 survivors (2048K)
 Metaspace       used 52940K, capacity 56204K, committed 56448K, reserved 1099776K
  class space    used 6461K, capacity 7028K, committed 7040K, reserved 1048576K
2023-10-03T06:57:31.506+0800: 759.369: [GC pause (G1 Evacuation Pause) (young), 0.0113766 secs]
   [Parallel Time: 6.6 ms, GC Workers: 10]
      [GC Worker Start (ms): Min: 759369.7, Avg: 759370.0, Max: 759370.3, Diff: 0.5]
      [Ext Root Scanning (ms): Min: 1.7, Avg: 1.9, Max: 2.4, Diff: 0.7, Sum: 19.0]
      [Update RS (ms): Min: 1.6, Avg: 1.7, Max: 1.8, Diff: 0.2, Sum: 17.2]
         [Processed Buffers: Min: 12, Avg: 18.2, Max: 30, Diff: 18, Sum: 182]
      [Scan RS (ms): Min: 0.0, Avg: 0.1, Max: 0.1, Diff: 0.1, Sum: 0.6]
      [Code Root Scanning (ms): Min: 0.0, Avg: 0.0, Max: 0.0, Diff: 0.0, Sum: 0.1]
      [Object Copy (ms): Min: 1.6, Avg: 1.8, Max: 1.9, Diff: 0.4, Sum: 17.8]
      [Termination (ms): Min: 0.0, Avg: 0.0, Max: 0.0, Diff: 0.0, Sum: 0.0]
         [Termination Attempts: Min: 1, Avg: 1.2, Max: 2, Diff: 1, Sum: 12]
      [GC Worker Other (ms): Min: 0.0, Avg: 0.1, Max: 0.1, Diff: 0.1, Sum: 0.5]
      [GC Worker Total (ms): Min: 5.3, Avg: 5.5, Max: 5.8, Diff: 0.5, Sum: 55.3]
      [GC Worker End (ms): Min: 759375.5, Avg: 759375.6, Max: 759375.6, Diff: 0.1]
   [Code Root Fixup: 0.0 ms]
   [Code Root Purge: 0.0 ms]
   [Clear CT: 1.4 ms]
   [Other: 3.4 ms]
      [Choose CSet: 0.0 ms]
      [Ref Proc: 1.5 ms]
      [Ref Enq: 0.0 ms]
      [Redirty Cards: 1.3 ms]
      [Humongous Register: 0.0 ms]
      [Humongous Reclaim: 0.0 ms]
      [Free CSet: 0.1 ms]
   [Eden: 151.0M(151.0M)->0.0B(151.0M) Survivors: 2048.0K->2048.0K Heap: 200.9M(256.0M)->51121.7K(256.0M)]
Heap after GC invocations=770 (full 0):
 garbage-first heap   total 262144K, used 51121K [0x00000000f0000000, 0x00000000f0100800, 0x0000000100000000)
  region size 1024K, 2 young (2048K), 2 survivors (2048K)
 Metaspace       used 52940K, capacity 56204K, committed 56448K, reserved 1099776K
  class space    used 6461K, capacity 7028K, committed 7040K, reserved 1048576K
}
 [Times: user=0.05 sys=0.01, real=0.01 secs] 
{Heap before GC invocations=770 (full 0):
 garbage-first heap   total 262144K, used 205745K [0x00000000f0000000, 0x00000000f0100800, 0x0000000100000000)
  region size 1024K, 153 young (156672K), 2 survivors (2048K)
 Metaspace       used 52940K, capacity 56204K, committed 56448K, reserved 1099776K
  class space    used 6461K, capacity 7028K, committed 7040K, reserved 1048576K
2023-10-03T06:57:32.313+0800: 760.177: [GC pause (G1 Evacuation Pause) (young), 0.0102699 secs]
   [Parallel Time: 5.8 ms, GC Workers: 10]
      [GC Worker Start (ms): Min: 760176.9, Avg: 760177.2, Max: 760177.4, Diff: 0.5]
      [Ext Root Scanning (ms): Min: 1.7, Avg: 1.9, Max: 2.3, Diff: 0.6, Sum: 18.9]
      [Update RS (ms): Min: 1.6, Avg: 1.7, Max: 1.7, Diff: 0.2, Sum: 16.7]
         [Processed Buffers: Min: 13, Avg: 18.2, Max: 36, Diff: 23, Sum: 182]
      [Scan RS (ms): Min: 0.0, Avg: 0.1, Max: 0.1, Diff: 0.1, Sum: 0.6]
      [Code Root Scanning (ms): Min: 0.0, Avg: 0.0, Max: 0.0, Diff: 0.0, Sum: 0.1]
      [Object Copy (ms): Min: 1.5, Avg: 1.7, Max: 1.8, Diff: 0.3, Sum: 17.1]
      [Termination (ms): Min: 0.0, Avg: 0.0, Max: 0.0, Diff: 0.0, Sum: 0.0]
         [Termination Attempts: Min: 1, Avg: 1.2, Max: 2, Diff: 1, Sum: 12]
      [GC Worker Other (ms): Min: 0.0, Avg: 0.0, Max: 0.1, Diff: 0.0, Sum: 0.3]
      [GC Worker Total (ms): Min: 5.1, Avg: 5.4, Max: 5.6, Diff: 0.5, Sum: 53.7]
      [GC Worker End (ms): Min: 760182.5, Avg: 760182.6, Max: 760182.6, Diff: 0.0]
   [Code Root Fixup: 0.0 ms]
   [Code Root Purge: 0.0 ms]
   [Clear CT: 1.3 ms]
   [Other: 3.2 ms]
      [Choose CSet: 0.0 ms]
      [Ref Proc: 1.4 ms]
      [Ref Enq: 0.0 ms]
      [Redirty Cards: 1.2 ms]
      [Humongous Register: 0.0 ms]
      [Humongous Reclaim: 0.0 ms]
      [Free CSet: 0.1 ms]
   [Eden: 151.0M(151.0M)->0.0B(151.0M) Survivors: 2048.0K->2048.0K Heap: 200.9M(256.0M)->50876.5K(256.0M)]
Heap after GC invocations=771 (full 0):
 garbage-first heap   total 262144K, used 50876K [0x00000000f0000000, 0x00000000f0100800, 0x0000000100000000)
  region size 1024K, 2 young (2048K), 2 survivors (2048K)
 Metaspace       used 52940K, capacity 56204K, committed 56448K, reserved 1099776K
  class space    used 6461K, capacity 7028K, committed 7040K, reserved 1048576K
}
 [Times: user=0.06 sys=0.00, real=0.01 secs] 
{Heap before GC invocations=771 (full 0):
 garbage-first heap   total 262144K, used 205500K [0x00000000f0000000, 0x00000000f0100800, 0x0000000100000000)
  region size 1024K, 153 young (156672K), 2 survivors (2048K)
 Metaspace       used 52940K, capacity 56204K, committed 56448K, reserved 1099776K
  class space    used 6461K, capacity 7028K, committed 7040K, reserved 1048576K
2023-10-03T06:57:33.101+0800: 760.965: [GC pause (G1 Evacuation Pause) (young), 0.0114101 secs]
   [Parallel Time: 6.5 ms, GC Workers: 10]
      [GC Worker Start (ms): Min: 760965.1, Avg: 760965.3, Max: 760965.5, Diff: 0.5]
      [Ext Root Scanning (ms): Min: 1.7, Avg: 2.0, Max: 2.4, Diff: 0.6, Sum: 19.6]
      [Update RS (ms): Min: 1.5, Avg: 1.6, Max: 1.7, Diff: 0.2, Sum: 16.0]
         [Processed Buffers: Min: 11, Avg: 17.8, Max: 33, Diff: 22, Sum: 178]
      [Scan RS (ms): Min: 0.0, Avg: 0.1, Max: 0.1, Diff: 0.1, Sum: 0.5]
      [Code Root Scanning (ms): Min: 0.0, Avg: 0.0, Max: 0.0, Diff: 0.0, Sum: 0.1]
      [Object Copy (ms): Min: 1.7, Avg: 1.9, Max: 1.9, Diff: 0.3, Sum: 18.6]
      [Termination (ms): Min: 0.0, Avg: 0.0, Max: 0.0, Diff: 0.0, Sum: 0.0]
         [Termination Attempts: Min: 1, Avg: 1.7, Max: 3, Diff: 2, Sum: 17]
      [GC Worker Other (ms): Min: 0.0, Avg: 0.0, Max: 0.1, Diff: 0.1, Sum: 0.4]
      [GC Worker Total (ms): Min: 5.3, Avg: 5.5, Max: 5.8, Diff: 0.5, Sum: 55.3]
      [GC Worker End (ms): Min: 760970.8, Avg: 760970.8, Max: 760970.9, Diff: 0.1]
   [Code Root Fixup: 0.0 ms]
   [Code Root Purge: 0.0 ms]
   [Clear CT: 1.4 ms]
   [Other: 3.5 ms]
      [Choose CSet: 0.0 ms]
      [Ref Proc: 1.6 ms]
      [Ref Enq: 0.0 ms]
      [Redirty Cards: 1.4 ms]
      [Humongous Register: 0.0 ms]
      [Humongous Reclaim: 0.0 ms]
      [Free CSet: 0.1 ms]
   [Eden: 151.0M(151.0M)->0.0B(151.0M) Survivors: 2048.0K->2048.0K Heap: 200.7M(256.0M)->51005.7K(256.0M)]
Heap after GC invocations=772 (full 0):
 garbage-first heap   total 262144K, used 51005K [0x00000000f0000000, 0x00000000f0100800, 0x0000000100000000)
  region size 1024K, 2 young (2048K), 2 survivors (2048K)
 Metaspace       used 52940K, capacity 56204K, committed 56448K, reserved 1099776K
  class space    used 6461K, capacity 7028K, committed 7040K, reserved 1048576K
}
 [Times: user=0.06 sys=0.00, real=0.01 secs] 
{Heap before GC invocations=772 (full 0):
 garbage-first heap   total 262144K, used 205629K [0x00000000f0000000, 0x00000000f0100800, 0x0000000100000000)
  region size 1024K, 153 young (156672K), 2 survivors (2048K)
 Metaspace       used 52940K, capacity 56204K, committed 56448K, reserved 1099776K
  class space    used 6461K, capacity 7028K, committed 7040K, reserved 1048576K
2023-10-03T06:57:33.909+0800: 761.772: [GC pause (G1 Evacuation Pause) (young), 0.0111683 secs]
   [Parallel Time: 6.4 ms, GC Workers: 10]
      [GC Worker Start (ms): Min: 761772.3, Avg: 761772.5, Max: 761772.8, Diff: 0.5]
      [Ext Root Scanning (ms): Min: 1.7, Avg: 1.9, Max: 2.4, Diff: 0.6, Sum: 19.5]
      [Update RS (ms): Min: 1.6, Avg: 1.7, Max: 1.8, Diff: 0.2, Sum: 16.7]
         [Processed Buffers: Min: 11, Avg: 18.3, Max: 31, Diff: 20, Sum: 183]
      [Scan RS (ms): Min: 0.0, Avg: 0.1, Max: 0.1, Diff: 0.1, Sum: 0.7]
      [Code Root Scanning (ms): Min: 0.0, Avg: 0.0, Max: 0.1, Diff: 0.1, Sum: 0.1]
      [Object Copy (ms): Min: 1.5, Avg: 1.7, Max: 1.8, Diff: 0.3, Sum: 16.7]
      [Termination (ms): Min: 0.0, Avg: 0.0, Max: 0.0, Diff: 0.0, Sum: 0.0]
         [Termination Attempts: Min: 1, Avg: 1.0, Max: 1, Diff: 0, Sum: 10]
      [GC Worker Other (ms): Min: 0.0, Avg: 0.0, Max: 0.1, Diff: 0.1, Sum: 0.5]
      [GC Worker Total (ms): Min: 5.2, Avg: 5.4, Max: 5.7, Diff: 0.5, Sum: 54.3]
      [GC Worker End (ms): Min: 761777.9, Avg: 761778.0, Max: 761778.0, Diff: 0.1]
   [Code Root Fixup: 0.0 ms]
   [Code Root Purge: 0.0 ms]
   [Clear CT: 1.4 ms]
   [Other: 3.3 ms]
      [Choose CSet: 0.0 ms]
      [Ref Proc: 1.5 ms]
      [Ref Enq: 0.0 ms]
      [Redirty Cards: 1.2 ms]
      [Humongous Register: 0.0 ms]
      [Humongous Reclaim: 0.0 ms]
      [Free CSet: 0.1 ms]
   [Eden: 151.0M(151.0M)->0.0B(151.0M) Survivors: 2048.0K->2048.0K Heap: 200.8M(256.0M)->51007.7K(256.0M)]
Heap after GC invocations=773 (full 0):
 garbage-first heap   total 262144K, used 51007K [0x00000000f0000000, 0x00000000f0100800, 0x0000000100000000)
  region size 1024K, 2 young (2048K), 2 survivors (2048K)
 Metaspace       used 52940K, capacity 56204K, committed 56448K, reserved 1099776K
  class space    used 6461K, capacity 7028K, committed 7040K, reserved 1048576K
}
 [Times: user=0.06 sys=0.00, real=0.02 secs] 
{Heap before GC invocations=773 (full 0):
 garbage-first heap   total 262144K, used 205631K [0x00000000f0000000, 0x00000000f0100800, 0x0000000100000000)
  region size 1024K, 153 young (156672K), 2 survivors (2048K)
 Metaspace       used 52940K, capacity 56204K, committed 56448K, reserved 1099776K
  class space    used 6461K, capacity 7028K, committed 7040K, reserved 1048576K
2023-10-03T06:57:34.715+0800: 762.578: [GC pause (G1 Evacuation Pause) (young), 0.0110603 secs]
   [Parallel Time: 6.4 ms, GC Workers: 10]
      [GC Worker Start (ms): Min: 762578.7, Avg: 762578.9, Max: 762579.1, Diff: 0.5]
      [Ext Root Scanning (ms): Min: 1.7, Avg: 1.9, Max: 2.4, Diff: 0.7, Sum: 19.4]
      [Update RS (ms): Min: 1.6, Avg: 1.6, Max: 1.7, Diff: 0.1, Sum: 16.5]
         [Processed Buffers: Min: 13, Avg: 18.5, Max: 30, Diff: 17, Sum: 185]
      [Scan RS (ms): Min: 0.0, Avg: 0.1, Max: 0.2, Diff: 0.2, Sum: 1.0]
      [Code Root Scanning (ms): Min: 0.0, Avg: 0.0, Max: 0.1, Diff: 0.1, Sum: 0.1]
      [Object Copy (ms): Min: 1.5, Avg: 1.8, Max: 1.9, Diff: 0.4, Sum: 17.7]
      [Termination (ms): Min: 0.0, Avg: 0.0, Max: 0.0, Diff: 0.0, Sum: 0.0]
         [Termination Attempts: Min: 1, Avg: 1.5, Max: 2, Diff: 1, Sum: 15]
      [GC Worker Other (ms): Min: 0.0, Avg: 0.1, Max: 0.2, Diff: 0.1, Sum: 0.6]
      [GC Worker Total (ms): Min: 5.3, Avg: 5.5, Max: 5.7, Diff: 0.5, Sum: 55.3]
      [GC Worker End (ms): Min: 762584.4, Avg: 762584.4, Max: 762584.5, Diff: 0.1]
   [Code Root Fixup: 0.0 ms]
   [Code Root Purge: 0.0 ms]
   [Clear CT: 1.4 ms]
   [Other: 3.2 ms]
      [Choose CSet: 0.0 ms]
      [Ref Proc: 1.2 ms]
      [Ref Enq: 0.0 ms]
      [Redirty Cards: 1.4 ms]
      [Humongous Register: 0.0 ms]
      [Humongous Reclaim: 0.0 ms]
      [Free CSet: 0.1 ms]
   [Eden: 151.0M(151.0M)->0.0B(151.0M) Survivors: 2048.0K->2048.0K Heap: 200.8M(256.0M)->50885.4K(256.0M)]
Heap after GC invocations=774 (full 0):
 garbage-first heap   total 262144K, used 50885K [0x00000000f0000000, 0x00000000f0100800, 0x0000000100000000)
  region size 1024K, 2 young (2048K), 2 survivors (2048K)
 Metaspace       used 52940K, capacity 56204K, committed 56448K, reserved 1099776K
  class space    used 6461K, capacity 7028K, committed 7040K, reserved 1048576K
}
 [Times: user=0.06 sys=0.00, real=0.01 secs] 
{Heap before GC invocations=774 (full 0):
 garbage-first heap   total 262144K, used 205509K [0x00000000f0000000, 0x00000000f0100800, 0x0000000100000000)
  region size 1024K, 153 young (156672K), 2 survivors (2048K)
 Metaspace       used 52940K, capacity 56204K, committed 56448K, reserved 1099776K
  class space    used 6461K, capacity 7028K, committed 7040K, reserved 1048576K
2023-10-03T06:57:35.492+0800: 763.355: [GC pause (G1 Evacuation Pause) (young), 0.0112950 secs]
   [Parallel Time: 6.5 ms, GC Workers: 10]
      [GC Worker Start (ms): Min: 763355.6, Avg: 763355.8, Max: 763356.1, Diff: 0.5]
      [Ext Root Scanning (ms): Min: 1.8, Avg: 1.9, Max: 2.3, Diff: 0.6, Sum: 19.3]
      [Update RS (ms): Min: 1.6, Avg: 1.7, Max: 1.7, Diff: 0.1, Sum: 16.7]
         [Processed Buffers: Min: 12, Avg: 18.1, Max: 30, Diff: 18, Sum: 181]
      [Scan RS (ms): Min: 0.0, Avg: 0.1, Max: 0.1, Diff: 0.1, Sum: 0.7]
      [Code Root Scanning (ms): Min: 0.0, Avg: 0.0, Max: 0.1, Diff: 0.1, Sum: 0.1]
      [Object Copy (ms): Min: 1.6, Avg: 1.8, Max: 1.9, Diff: 0.3, Sum: 18.1]
      [Termination (ms): Min: 0.0, Avg: 0.0, Max: 0.0, Diff: 0.0, Sum: 0.1]
         [Termination Attempts: Min: 1, Avg: 2.2, Max: 4, Diff: 3, Sum: 22]
      [GC Worker Other (ms): Min: 0.0, Avg: 0.0, Max: 0.1, Diff: 0.1, Sum: 0.4]
      [GC Worker Total (ms): Min: 5.3, Avg: 5.5, Max: 5.8, Diff: 0.5, Sum: 55.5]
      [GC Worker End (ms): Min: 763361.4, Avg: 763361.4, Max: 763361.4, Diff: 0.1]
   [Code Root Fixup: 0.0 ms]
   [Code Root Purge: 0.0 ms]
   [Clear CT: 1.8 ms]
   [Other: 3.0 ms]
      [Choose CSet: 0.0 ms]
      [Ref Proc: 1.1 ms]
      [Ref Enq: 0.0 ms]
      [Redirty Cards: 1.3 ms]
      [Humongous Register: 0.0 ms]
      [Humongous Reclaim: 0.0 ms]
      [Free CSet: 0.1 ms]
   [Eden: 151.0M(151.0M)->0.0B(151.0M) Survivors: 2048.0K->2048.0K Heap: 200.7M(256.0M)->51018.8K(256.0M)]
Heap after GC invocations=775 (full 0):
 garbage-first heap   total 262144K, used 51018K [0x00000000f0000000, 0x00000000f0100800, 0x0000000100000000)
  region size 1024K, 2 young (2048K), 2 survivors (2048K)
 Metaspace       used 52940K, capacity 56204K, committed 56448K, reserved 1099776K
  class space    used 6461K, capacity 7028K, committed 7040K, reserved 1048576K
}
 [Times: user=0.06 sys=0.01, real=0.01 secs] 
{Heap before GC invocations=775 (full 0):
 garbage-first heap   total 262144K, used 205642K [0x00000000f0000000, 0x00000000f0100800, 0x0000000100000000)
  region size 1024K, 153 young (156672K), 2 survivors (2048K)
 Metaspace       used 52940K, capacity 56204K, committed 56448K, reserved 1099776K
  class space    used 6461K, capacity 7028K, committed 7040K, reserved 1048576K
2023-10-03T06:57:36.293+0800: 764.157: [GC pause (G1 Evacuation Pause) (young), 0.0109045 secs]
   [Parallel Time: 6.1 ms, GC Workers: 10]
      [GC Worker Start (ms): Min: 764157.0, Avg: 764157.2, Max: 764157.5, Diff: 0.5]
      [Ext Root Scanning (ms): Min: 1.6, Avg: 1.8, Max: 2.2, Diff: 0.6, Sum: 18.4]
      [Update RS (ms): Min: 1.6, Avg: 1.7, Max: 1.7, Diff: 0.1, Sum: 16.7]
         [Processed Buffers: Min: 10, Avg: 18.3, Max: 30, Diff: 20, Sum: 183]
      [Scan RS (ms): Min: 0.0, Avg: 0.1, Max: 0.1, Diff: 0.1, Sum: 0.6]
      [Code Root Scanning (ms): Min: 0.0, Avg: 0.0, Max: 0.1, Diff: 0.1, Sum: 0.1]
      [Object Copy (ms): Min: 1.6, Avg: 1.7, Max: 1.8, Diff: 0.2, Sum: 17.5]
      [Termination (ms): Min: 0.0, Avg: 0.0, Max: 0.0, Diff: 0.0, Sum: 0.1]
         [Termination Attempts: Min: 1, Avg: 3.1, Max: 5, Diff: 4, Sum: 31]
      [GC Worker Other (ms): Min: 0.0, Avg: 0.0, Max: 0.1, Diff: 0.1, Sum: 0.4]
      [GC Worker Total (ms): Min: 5.1, Avg: 5.4, Max: 5.6, Diff: 0.5, Sum: 53.8]
      [GC Worker End (ms): Min: 764162.6, Avg: 764162.6, Max: 764162.6, Diff: 0.1]
   [Code Root Fixup: 0.0 ms]
   [Code Root Purge: 0.0 ms]
   [Clear CT: 1.2 ms]
   [Other: 3.6 ms]
      [Choose CSet: 0.0 ms]
      [Ref Proc: 1.7 ms]
      [Ref Enq: 0.0 ms]
      [Redirty Cards: 1.4 ms]
      [Humongous Register: 0.0 ms]
      [Humongous Reclaim: 0.0 ms]
      [Free CSet: 0.1 ms]
   [Eden: 151.0M(151.0M)->0.0B(151.0M) Survivors: 2048.0K->2048.0K Heap: 200.8M(256.0M)->50965.4K(256.0M)]
Heap after GC invocations=776 (full 0):
 garbage-first heap   total 262144K, used 50965K [0x00000000f0000000, 0x00000000f0100800, 0x0000000100000000)
  region size 1024K, 2 young (2048K), 2 survivors (2048K)
 Metaspace       used 52940K, capacity 56204K, committed 56448K, reserved 1099776K
  class space    used 6461K, capacity 7028K, committed 7040K, reserved 1048576K
}
 [Times: user=0.05 sys=0.01, real=0.01 secs] 
{Heap before GC invocations=776 (full 0):
 garbage-first heap   total 262144K, used 205589K [0x00000000f0000000, 0x00000000f0100800, 0x0000000100000000)
  region size 1024K, 153 young (156672K), 2 survivors (2048K)
 Metaspace       used 52940K, capacity 56204K, committed 56448K, reserved 1099776K
  class space    used 6461K, capacity 7028K, committed 7040K, reserved 1048576K
2023-10-03T06:57:37.088+0800: 764.951: [GC pause (G1 Evacuation Pause) (young), 0.0114887 secs]
   [Parallel Time: 6.5 ms, GC Workers: 10]
      [GC Worker Start (ms): Min: 764951.2, Avg: 764951.5, Max: 764951.7, Diff: 0.5]
      [Ext Root Scanning (ms): Min: 1.6, Avg: 1.9, Max: 2.3, Diff: 0.7, Sum: 19.0]
      [Update RS (ms): Min: 1.6, Avg: 1.6, Max: 1.8, Diff: 0.2, Sum: 16.2]
         [Processed Buffers: Min: 12, Avg: 17.9, Max: 29, Diff: 17, Sum: 179]
      [Scan RS (ms): Min: 0.0, Avg: 0.1, Max: 0.1, Diff: 0.1, Sum: 0.6]
      [Code Root Scanning (ms): Min: 0.0, Avg: 0.0, Max: 0.1, Diff: 0.1, Sum: 0.1]
      [Object Copy (ms): Min: 1.6, Avg: 1.8, Max: 1.9, Diff: 0.3, Sum: 18.1]
      [Termination (ms): Min: 0.0, Avg: 0.0, Max: 0.0, Diff: 0.0, Sum: 0.1]
         [Termination Attempts: Min: 1, Avg: 1.9, Max: 3, Diff: 2, Sum: 19]
      [GC Worker Other (ms): Min: 0.0, Avg: 0.1, Max: 0.1, Diff: 0.1, Sum: 0.5]
      [GC Worker Total (ms): Min: 5.2, Avg: 5.5, Max: 5.8, Diff: 0.6, Sum: 54.5]
      [GC Worker End (ms): Min: 764956.9, Avg: 764956.9, Max: 764957.0, Diff: 0.1]
   [Code Root Fixup: 0.0 ms]
   [Code Root Purge: 0.0 ms]
   [Clear CT: 1.4 ms]
   [Other: 3.6 ms]
      [Choose CSet: 0.0 ms]
      [Ref Proc: 1.6 ms]
      [Ref Enq: 0.0 ms]
      [Redirty Cards: 1.4 ms]
      [Humongous Register: 0.0 ms]
      [Humongous Reclaim: 0.0 ms]
      [Free CSet: 0.1 ms]
   [Eden: 151.0M(151.0M)->0.0B(151.0M) Survivors: 2048.0K->2048.0K Heap: 200.8M(256.0M)->50800.3K(256.0M)]
Heap after GC invocations=777 (full 0):
 garbage-first heap   total 262144K, used 50800K [0x00000000f0000000, 0x00000000f0100800, 0x0000000100000000)
  region size 1024K, 2 young (2048K), 2 survivors (2048K)
 Metaspace       used 52940K, capacity 56204K, committed 56448K, reserved 1099776K
  class space    used 6461K, capacity 7028K, committed 7040K, reserved 1048576K
}
 [Times: user=0.06 sys=0.00, real=0.01 secs] 
{Heap before GC invocations=777 (full 0):
 garbage-first heap   total 262144K, used 205424K [0x00000000f0000000, 0x00000000f0100800, 0x0000000100000000)
  region size 1024K, 153 young (156672K), 2 survivors (2048K)
 Metaspace       used 52940K, capacity 56204K, committed 56448K, reserved 1099776K
  class space    used 6461K, capacity 7028K, committed 7040K, reserved 1048576K
2023-10-03T06:57:37.908+0800: 765.771: [GC pause (G1 Evacuation Pause) (young), 0.0112297 secs]
   [Parallel Time: 6.5 ms, GC Workers: 10]
      [GC Worker Start (ms): Min: 765771.2, Avg: 765771.5, Max: 765771.7, Diff: 0.5]
      [Ext Root Scanning (ms): Min: 1.6, Avg: 1.8, Max: 2.3, Diff: 0.7, Sum: 18.4]
      [Update RS (ms): Min: 1.5, Avg: 1.6, Max: 1.7, Diff: 0.2, Sum: 16.3]
         [Processed Buffers: Min: 12, Avg: 18.3, Max: 33, Diff: 21, Sum: 183]
      [Scan RS (ms): Min: 0.0, Avg: 0.1, Max: 0.1, Diff: 0.1, Sum: 0.5]
      [Code Root Scanning (ms): Min: 0.0, Avg: 0.0, Max: 0.1, Diff: 0.1, Sum: 0.1]
      [Object Copy (ms): Min: 1.5, Avg: 1.7, Max: 1.8, Diff: 0.3, Sum: 17.0]
      [Termination (ms): Min: 0.0, Avg: 0.0, Max: 0.0, Diff: 0.0, Sum: 0.1]
         [Termination Attempts: Min: 1, Avg: 2.2, Max: 4, Diff: 3, Sum: 22]
      [GC Worker Other (ms): Min: 0.0, Avg: 0.1, Max: 0.2, Diff: 0.1, Sum: 0.5]
      [GC Worker Total (ms): Min: 5.1, Avg: 5.3, Max: 5.6, Diff: 0.5, Sum: 53.0]
      [GC Worker End (ms): Min: 765776.7, Avg: 765776.8, Max: 765776.9, Diff: 0.1]
   [Code Root Fixup: 0.0 ms]
   [Code Root Purge: 0.0 ms]
   [Clear CT: 1.3 ms]
   [Other: 3.4 ms]
      [Choose CSet: 0.0 ms]
      [Ref Proc: 1.4 ms]
      [Ref Enq: 0.0 ms]
      [Redirty Cards: 1.5 ms]
      [Humongous Register: 0.0 ms]
      [Humongous Reclaim: 0.0 ms]
      [Free CSet: 0.1 ms]
   [Eden: 151.0M(151.0M)->0.0B(151.0M) Survivors: 2048.0K->2048.0K Heap: 200.6M(256.0M)->50811.4K(256.0M)]
Heap after GC invocations=778 (full 0):
 garbage-first heap   total 262144K, used 50811K [0x00000000f0000000, 0x00000000f0100800, 0x0000000100000000)
  region size 1024K, 2 young (2048K), 2 survivors (2048K)
 Metaspace       used 52940K, capacity 56204K, committed 56448K, reserved 1099776K
  class space    used 6461K, capacity 7028K, committed 7040K, reserved 1048576K
}
 [Times: user=0.06 sys=0.00, real=0.01 secs] 
{Heap before GC invocations=778 (full 0):
 garbage-first heap   total 262144K, used 205435K [0x00000000f0000000, 0x00000000f0100800, 0x0000000100000000)
  region size 1024K, 153 young (156672K), 2 survivors (2048K)
 Metaspace       used 52940K, capacity 56204K, committed 56448K, reserved 1099776K
  class space    used 6461K, capacity 7028K, committed 7040K, reserved 1048576K
2023-10-03T06:57:38.709+0800: 766.572: [GC pause (G1 Evacuation Pause) (young), 0.0110147 secs]
   [Parallel Time: 6.3 ms, GC Workers: 10]
      [GC Worker Start (ms): Min: 766572.8, Avg: 766573.1, Max: 766573.3, Diff: 0.5]
      [Ext Root Scanning (ms): Min: 1.6, Avg: 1.8, Max: 2.3, Diff: 0.7, Sum: 18.3]
      [Update RS (ms): Min: 1.6, Avg: 1.7, Max: 1.8, Diff: 0.2, Sum: 16.8]
         [Processed Buffers: Min: 12, Avg: 18.1, Max: 33, Diff: 21, Sum: 181]
      [Scan RS (ms): Min: 0.0, Avg: 0.1, Max: 0.1, Diff: 0.1, Sum: 0.8]
      [Code Root Scanning (ms): Min: 0.0, Avg: 0.0, Max: 0.1, Diff: 0.1, Sum: 0.1]
      [Object Copy (ms): Min: 1.5, Avg: 1.7, Max: 1.8, Diff: 0.3, Sum: 16.9]
      [Termination (ms): Min: 0.0, Avg: 0.0, Max: 0.0, Diff: 0.0, Sum: 0.0]
         [Termination Attempts: Min: 1, Avg: 1.3, Max: 2, Diff: 1, Sum: 13]
      [GC Worker Other (ms): Min: 0.0, Avg: 0.0, Max: 0.1, Diff: 0.1, Sum: 0.5]
      [GC Worker Total (ms): Min: 5.1, Avg: 5.3, Max: 5.6, Diff: 0.5, Sum: 53.5]
      [GC Worker End (ms): Min: 766578.4, Avg: 766578.4, Max: 766578.5, Diff: 0.1]
   [Code Root Fixup: 0.0 ms]
   [Code Root Purge: 0.0 ms]
   [Clear CT: 1.6 ms]
   [Other: 3.0 ms]
      [Choose CSet: 0.0 ms]
      [Ref Proc: 1.3 ms]
      [Ref Enq: 0.0 ms]
      [Redirty Cards: 1.2 ms]
      [Humongous Register: 0.0 ms]
      [Humongous Reclaim: 0.0 ms]
      [Free CSet: 0.1 ms]
   [Eden: 151.0M(151.0M)->0.0B(151.0M) Survivors: 2048.0K->2048.0K Heap: 200.6M(256.0M)->50804.0K(256.0M)]
Heap after GC invocations=779 (full 0):
 garbage-first heap   total 262144K, used 50804K [0x00000000f0000000, 0x00000000f0100800, 0x0000000100000000)
  region size 1024K, 2 young (2048K), 2 survivors (2048K)
 Metaspace       used 52940K, capacity 56204K, committed 56448K, reserved 1099776K
  class space    used 6461K, capacity 7028K, committed 7040K, reserved 1048576K
}
 [Times: user=0.06 sys=0.00, real=0.02 secs] 
{Heap before GC invocations=779 (full 0):
 garbage-first heap   total 262144K, used 205428K [0x00000000f0000000, 0x00000000f0100800, 0x0000000100000000)
  region size 1024K, 153 young (156672K), 2 survivors (2048K)
 Metaspace       used 52940K, capacity 56204K, committed 56448K, reserved 1099776K
  class space    used 6461K, capacity 7028K, committed 7040K, reserved 1048576K
2023-10-03T06:57:39.510+0800: 767.373: [GC pause (G1 Evacuation Pause) (young), 0.0106583 secs]
   [Parallel Time: 6.4 ms, GC Workers: 10]
      [GC Worker Start (ms): Min: 767373.3, Avg: 767373.6, Max: 767373.8, Diff: 0.5]
      [Ext Root Scanning (ms): Min: 1.7, Avg: 2.0, Max: 2.4, Diff: 0.7, Sum: 19.5]
      [Update RS (ms): Min: 1.6, Avg: 1.7, Max: 1.8, Diff: 0.2, Sum: 16.7]
         [Processed Buffers: Min: 12, Avg: 18.2, Max: 34, Diff: 22, Sum: 182]
      [Scan RS (ms): Min: 0.0, Avg: 0.1, Max: 0.1, Diff: 0.1, Sum: 0.6]
      [Code Root Scanning (ms): Min: 0.0, Avg: 0.0, Max: 0.1, Diff: 0.1, Sum: 0.1]
      [Object Copy (ms): Min: 1.6, Avg: 1.7, Max: 1.8, Diff: 0.3, Sum: 17.5]
      [Termination (ms): Min: 0.0, Avg: 0.0, Max: 0.0, Diff: 0.0, Sum: 0.1]
         [Termination Attempts: Min: 1, Avg: 1.5, Max: 2, Diff: 1, Sum: 15]
      [GC Worker Other (ms): Min: 0.0, Avg: 0.1, Max: 0.1, Diff: 0.1, Sum: 0.5]
      [GC Worker Total (ms): Min: 5.2, Avg: 5.5, Max: 5.7, Diff: 0.5, Sum: 55.0]
      [GC Worker End (ms): Min: 767379.0, Avg: 767379.1, Max: 767379.1, Diff: 0.1]
   [Code Root Fixup: 0.0 ms]
   [Code Root Purge: 0.0 ms]
   [Clear CT: 1.2 ms]
   [Other: 3.0 ms]
      [Choose CSet: 0.0 ms]
      [Ref Proc: 1.3 ms]
      [Ref Enq: 0.0 ms]
      [Redirty Cards: 1.1 ms]
      [Humongous Register: 0.0 ms]
      [Humongous Reclaim: 0.0 ms]
      [Free CSet: 0.1 ms]
   [Eden: 151.0M(151.0M)->0.0B(151.0M) Survivors: 2048.0K->2048.0K Heap: 200.6M(256.0M)->51049.4K(256.0M)]
Heap after GC invocations=780 (full 0):
 garbage-first heap   total 262144K, used 51049K [0x00000000f0000000, 0x00000000f0100800, 0x0000000100000000)
  region size 1024K, 2 young (2048K), 2 survivors (2048K)
 Metaspace       used 52940K, capacity 56204K, committed 56448K, reserved 1099776K
  class space    used 6461K, capacity 7028K, committed 7040K, reserved 1048576K
}
 [Times: user=0.05 sys=0.00, real=0.01 secs] 
{Heap before GC invocations=780 (full 0):
 garbage-first heap   total 262144K, used 205673K [0x00000000f0000000, 0x00000000f0100800, 0x0000000100000000)
  region size 1024K, 153 young (156672K), 2 survivors (2048K)
 Metaspace       used 52940K, capacity 56204K, committed 56448K, reserved 1099776K
  class space    used 6461K, capacity 7028K, committed 7040K, reserved 1048576K
2023-10-03T06:57:40.322+0800: 768.185: [GC pause (G1 Evacuation Pause) (young), 0.0113872 secs]
   [Parallel Time: 6.4 ms, GC Workers: 10]
      [GC Worker Start (ms): Min: 768185.3, Avg: 768185.5, Max: 768185.7, Diff: 0.4]
      [Ext Root Scanning (ms): Min: 1.8, Avg: 2.0, Max: 2.4, Diff: 0.6, Sum: 19.8]
      [Update RS (ms): Min: 1.6, Avg: 1.6, Max: 1.7, Diff: 0.1, Sum: 16.3]
         [Processed Buffers: Min: 13, Avg: 17.9, Max: 32, Diff: 19, Sum: 179]
      [Scan RS (ms): Min: 0.0, Avg: 0.1, Max: 0.1, Diff: 0.1, Sum: 0.7]
      [Code Root Scanning (ms): Min: 0.0, Avg: 0.0, Max: 0.2, Diff: 0.2, Sum: 0.2]
      [Object Copy (ms): Min: 1.6, Avg: 1.8, Max: 1.9, Diff: 0.3, Sum: 18.3]
      [Termination (ms): Min: 0.0, Avg: 0.0, Max: 0.0, Diff: 0.0, Sum: 0.0]
         [Termination Attempts: Min: 1, Avg: 1.0, Max: 1, Diff: 0, Sum: 10]
      [GC Worker Other (ms): Min: 0.0, Avg: 0.0, Max: 0.1, Diff: 0.1, Sum: 0.4]
      [GC Worker Total (ms): Min: 5.4, Avg: 5.6, Max: 5.8, Diff: 0.4, Sum: 55.7]
      [GC Worker End (ms): Min: 768191.0, Avg: 768191.0, Max: 768191.1, Diff: 0.1]
   [Code Root Fixup: 0.0 ms]
   [Code Root Purge: 0.0 ms]
   [Clear CT: 1.5 ms]
   [Other: 3.5 ms]
      [Choose CSet: 0.0 ms]
      [Ref Proc: 1.5 ms]
      [Ref Enq: 0.0 ms]
      [Redirty Cards: 1.4 ms]
      [Humongous Register: 0.0 ms]
      [Humongous Reclaim: 0.0 ms]
      [Free CSet: 0.1 ms]
   [Eden: 151.0M(151.0M)->0.0B(151.0M) Survivors: 2048.0K->2048.0K Heap: 200.9M(256.0M)->51062.2K(256.0M)]
Heap after GC invocations=781 (full 0):
 garbage-first heap   total 262144K, used 51062K [0x00000000f0000000, 0x00000000f0100800, 0x0000000100000000)
  region size 1024K, 2 young (2048K), 2 survivors (2048K)
 Metaspace       used 52940K, capacity 56204K, committed 56448K, reserved 1099776K
  class space    used 6461K, capacity 7028K, committed 7040K, reserved 1048576K
}
 [Times: user=0.07 sys=0.00, real=0.01 secs] 
{Heap before GC invocations=781 (full 0):
 garbage-first heap   total 262144K, used 205686K [0x00000000f0000000, 0x00000000f0100800, 0x0000000100000000)
  region size 1024K, 153 young (156672K), 2 survivors (2048K)
 Metaspace       used 52940K, capacity 56204K, committed 56448K, reserved 1099776K
  class space    used 6461K, capacity 7028K, committed 7040K, reserved 1048576K
2023-10-03T06:57:41.111+0800: 768.974: [GC pause (G1 Evacuation Pause) (young), 0.0112140 secs]
   [Parallel Time: 6.4 ms, GC Workers: 10]
      [GC Worker Start (ms): Min: 768974.2, Avg: 768974.5, Max: 768974.8, Diff: 0.5]
      [Ext Root Scanning (ms): Min: 1.7, Avg: 1.9, Max: 2.3, Diff: 0.7, Sum: 19.0]
      [Update RS (ms): Min: 1.6, Avg: 1.6, Max: 1.7, Diff: 0.1, Sum: 16.1]
         [Processed Buffers: Min: 12, Avg: 18.0, Max: 34, Diff: 22, Sum: 180]
      [Scan RS (ms): Min: 0.0, Avg: 0.1, Max: 0.1, Diff: 0.1, Sum: 0.6]
      [Code Root Scanning (ms): Min: 0.0, Avg: 0.0, Max: 0.1, Diff: 0.1, Sum: 0.1]
      [Object Copy (ms): Min: 1.6, Avg: 1.8, Max: 1.9, Diff: 0.3, Sum: 17.9]
      [Termination (ms): Min: 0.0, Avg: 0.0, Max: 0.0, Diff: 0.0, Sum: 0.1]
         [Termination Attempts: Min: 1, Avg: 1.2, Max: 2, Diff: 1, Sum: 12]
      [GC Worker Other (ms): Min: 0.0, Avg: 0.0, Max: 0.1, Diff: 0.1, Sum: 0.4]
      [GC Worker Total (ms): Min: 5.2, Avg: 5.4, Max: 5.7, Diff: 0.6, Sum: 54.2]
      [GC Worker End (ms): Min: 768979.9, Avg: 768979.9, Max: 768980.0, Diff: 0.1]
   [Code Root Fixup: 0.0 ms]
   [Code Root Purge: 0.0 ms]
   [Clear CT: 1.3 ms]
   [Other: 3.5 ms]
      [Choose CSet: 0.0 ms]
      [Ref Proc: 1.5 ms]
      [Ref Enq: 0.0 ms]
      [Redirty Cards: 1.5 ms]
      [Humongous Register: 0.0 ms]
      [Humongous Reclaim: 0.0 ms]
      [Free CSet: 0.1 ms]
   [Eden: 151.0M(151.0M)->0.0B(151.0M) Survivors: 2048.0K->2048.0K Heap: 200.9M(256.0M)->50825.8K(256.0M)]
Heap after GC invocations=782 (full 0):
 garbage-first heap   total 262144K, used 50825K [0x00000000f0000000, 0x00000000f0100800, 0x0000000100000000)
  region size 1024K, 2 young (2048K), 2 survivors (2048K)
 Metaspace       used 52940K, capacity 56204K, committed 56448K, reserved 1099776K
  class space    used 6461K, capacity 7028K, committed 7040K, reserved 1048576K
}
 [Times: user=0.06 sys=0.01, real=0.01 secs] 
{Heap before GC invocations=782 (full 0):
 garbage-first heap   total 262144K, used 205449K [0x00000000f0000000, 0x00000000f0100800, 0x0000000100000000)
  region size 1024K, 153 young (156672K), 2 survivors (2048K)
 Metaspace       used 52940K, capacity 56204K, committed 56448K, reserved 1099776K
  class space    used 6461K, capacity 7028K, committed 7040K, reserved 1048576K
2023-10-03T06:57:41.915+0800: 769.778: [GC pause (G1 Evacuation Pause) (young), 0.0113462 secs]
   [Parallel Time: 6.6 ms, GC Workers: 10]
      [GC Worker Start (ms): Min: 769778.7, Avg: 769778.9, Max: 769779.2, Diff: 0.5]
      [Ext Root Scanning (ms): Min: 1.7, Avg: 1.9, Max: 2.3, Diff: 0.6, Sum: 19.4]
      [Update RS (ms): Min: 1.6, Avg: 1.6, Max: 1.7, Diff: 0.1, Sum: 16.3]
         [Processed Buffers: Min: 14, Avg: 18.0, Max: 30, Diff: 16, Sum: 180]
      [Scan RS (ms): Min: 0.0, Avg: 0.1, Max: 0.1, Diff: 0.1, Sum: 0.9]
      [Code Root Scanning (ms): Min: 0.0, Avg: 0.0, Max: 0.1, Diff: 0.1, Sum: 0.1]
      [Object Copy (ms): Min: 1.5, Avg: 1.7, Max: 1.9, Diff: 0.3, Sum: 17.3]
      [Termination (ms): Min: 0.0, Avg: 0.0, Max: 0.0, Diff: 0.0, Sum: 0.0]
         [Termination Attempts: Min: 1, Avg: 1.1, Max: 2, Diff: 1, Sum: 11]
      [GC Worker Other (ms): Min: 0.0, Avg: 0.1, Max: 0.2, Diff: 0.2, Sum: 0.7]
      [GC Worker Total (ms): Min: 5.2, Avg: 5.5, Max: 5.8, Diff: 0.6, Sum: 54.8]
      [GC Worker End (ms): Min: 769784.4, Avg: 769784.4, Max: 769784.5, Diff: 0.2]
   [Code Root Fixup: 0.0 ms]
   [Code Root Purge: 0.0 ms]
   [Clear CT: 1.8 ms]
   [Other: 2.9 ms]
      [Choose CSet: 0.0 ms]
      [Ref Proc: 1.0 ms]
      [Ref Enq: 0.0 ms]
      [Redirty Cards: 1.3 ms]
      [Humongous Register: 0.0 ms]
      [Humongous Reclaim: 0.0 ms]
      [Free CSet: 0.1 ms]
   [Eden: 151.0M(151.0M)->0.0B(151.0M) Survivors: 2048.0K->2048.0K Heap: 200.6M(256.0M)->50828.0K(256.0M)]
Heap after GC invocations=783 (full 0):
 garbage-first heap   total 262144K, used 50828K [0x00000000f0000000, 0x00000000f0100800, 0x0000000100000000)
  region size 1024K, 2 young (2048K), 2 survivors (2048K)
 Metaspace       used 52940K, capacity 56204K, committed 56448K, reserved 1099776K
  class space    used 6461K, capacity 7028K, committed 7040K, reserved 1048576K
}
 [Times: user=0.07 sys=0.00, real=0.01 secs] 
{Heap before GC invocations=783 (full 0):
 garbage-first heap   total 262144K, used 205452K [0x00000000f0000000, 0x00000000f0100800, 0x0000000100000000)
  region size 1024K, 153 young (156672K), 2 survivors (2048K)
 Metaspace       used 52940K, capacity 56204K, committed 56448K, reserved 1099776K
  class space    used 6461K, capacity 7028K, committed 7040K, reserved 1048576K
2023-10-03T06:57:42.677+0800: 770.540: [GC pause (G1 Evacuation Pause) (young), 0.0073491 secs]
   [Parallel Time: 4.5 ms, GC Workers: 10]
      [GC Worker Start (ms): Min: 770540.4, Avg: 770540.5, Max: 770540.7, Diff: 0.4]
      [Ext Root Scanning (ms): Min: 1.2, Avg: 1.4, Max: 1.7, Diff: 0.5, Sum: 13.5]
      [Update RS (ms): Min: 1.1, Avg: 1.2, Max: 1.3, Diff: 0.1, Sum: 12.0]
         [Processed Buffers: Min: 10, Avg: 18.0, Max: 32, Diff: 22, Sum: 180]
      [Scan RS (ms): Min: 0.0, Avg: 0.0, Max: 0.1, Diff: 0.1, Sum: 0.5]
      [Code Root Scanning (ms): Min: 0.0, Avg: 0.0, Max: 0.1, Diff: 0.1, Sum: 0.1]
      [Object Copy (ms): Min: 1.0, Avg: 1.1, Max: 1.2, Diff: 0.2, Sum: 11.5]
      [Termination (ms): Min: 0.0, Avg: 0.0, Max: 0.0, Diff: 0.0, Sum: 0.0]
         [Termination Attempts: Min: 1, Avg: 1.0, Max: 1, Diff: 0, Sum: 10]
      [GC Worker Other (ms): Min: 0.0, Avg: 0.0, Max: 0.1, Diff: 0.1, Sum: 0.4]
      [GC Worker Total (ms): Min: 3.6, Avg: 3.8, Max: 4.0, Diff: 0.4, Sum: 37.9]
      [GC Worker End (ms): Min: 770544.3, Avg: 770544.3, Max: 770544.4, Diff: 0.1]
   [Code Root Fixup: 0.0 ms]
   [Code Root Purge: 0.0 ms]
   [Clear CT: 0.7 ms]
   [Other: 2.2 ms]
      [Choose CSet: 0.0 ms]
      [Ref Proc: 0.9 ms]
      [Ref Enq: 0.0 ms]
      [Redirty Cards: 0.9 ms]
      [Humongous Register: 0.0 ms]
      [Humongous Reclaim: 0.0 ms]
      [Free CSet: 0.1 ms]
   [Eden: 151.0M(151.0M)->0.0B(151.0M) Survivors: 2048.0K->2048.0K Heap: 200.6M(256.0M)->50824.0K(256.0M)]
Heap after GC invocations=784 (full 0):
 garbage-first heap   total 262144K, used 50823K [0x00000000f0000000, 0x00000000f0100800, 0x0000000100000000)
  region size 1024K, 2 young (2048K), 2 survivors (2048K)
 Metaspace       used 52940K, capacity 56204K, committed 56448K, reserved 1099776K
  class space    used 6461K, capacity 7028K, committed 7040K, reserved 1048576K
}
 [Times: user=0.04 sys=0.00, real=0.01 secs] 
{Heap before GC invocations=784 (full 0):
 garbage-first heap   total 262144K, used 205447K [0x00000000f0000000, 0x00000000f0100800, 0x0000000100000000)
  region size 1024K, 153 young (156672K), 2 survivors (2048K)
 Metaspace       used 52944K, capacity 56204K, committed 56448K, reserved 1099776K
  class space    used 6461K, capacity 7028K, committed 7040K, reserved 1048576K
2023-10-03T06:57:43.427+0800: 771.290: [GC pause (G1 Evacuation Pause) (young), 0.0114870 secs]
   [Parallel Time: 6.6 ms, GC Workers: 10]
      [GC Worker Start (ms): Min: 771290.8, Avg: 771291.1, Max: 771291.4, Diff: 0.5]
      [Ext Root Scanning (ms): Min: 1.7, Avg: 1.9, Max: 2.4, Diff: 0.6, Sum: 19.2]
      [Update RS (ms): Min: 1.5, Avg: 1.6, Max: 1.8, Diff: 0.2, Sum: 16.4]
         [Processed Buffers: Min: 12, Avg: 18.0, Max: 28, Diff: 16, Sum: 180]
      [Scan RS (ms): Min: 0.0, Avg: 0.1, Max: 0.1, Diff: 0.1, Sum: 0.7]
      [Code Root Scanning (ms): Min: 0.0, Avg: 0.0, Max: 0.1, Diff: 0.1, Sum: 0.1]
      [Object Copy (ms): Min: 1.6, Avg: 1.8, Max: 1.9, Diff: 0.3, Sum: 18.4]
      [Termination (ms): Min: 0.0, Avg: 0.0, Max: 0.0, Diff: 0.0, Sum: 0.0]
         [Termination Attempts: Min: 1, Avg: 1.5, Max: 2, Diff: 1, Sum: 15]
      [GC Worker Other (ms): Min: 0.0, Avg: 0.1, Max: 0.2, Diff: 0.1, Sum: 0.5]
      [GC Worker Total (ms): Min: 5.3, Avg: 5.5, Max: 5.8, Diff: 0.5, Sum: 55.4]
      [GC Worker End (ms): Min: 771296.6, Avg: 771296.6, Max: 771296.7, Diff: 0.1]
   [Code Root Fixup: 0.0 ms]
   [Code Root Purge: 0.0 ms]
   [Clear CT: 1.2 ms]
   [Other: 3.6 ms]
      [Choose CSet: 0.0 ms]
      [Ref Proc: 1.6 ms]
      [Ref Enq: 0.0 ms]
      [Redirty Cards: 1.5 ms]
      [Humongous Register: 0.0 ms]
      [Humongous Reclaim: 0.0 ms]
      [Free CSet: 0.1 ms]
   [Eden: 151.0M(151.0M)->0.0B(151.0M) Survivors: 2048.0K->2048.0K Heap: 200.6M(256.0M)->51058.4K(256.0M)]
Heap after GC invocations=785 (full 0):
 garbage-first heap   total 262144K, used 51058K [0x00000000f0000000, 0x00000000f0100800, 0x0000000100000000)
  region size 1024K, 2 young (2048K), 2 survivors (2048K)
 Metaspace       used 52944K, capacity 56204K, committed 56448K, reserved 1099776K
  class space    used 6461K, capacity 7028K, committed 7040K, reserved 1048576K
}
 [Times: user=0.06 sys=0.00, real=0.01 secs] 
{Heap before GC invocations=785 (full 0):
 garbage-first heap   total 262144K, used 205682K [0x00000000f0000000, 0x00000000f0100800, 0x0000000100000000)
  region size 1024K, 153 young (156672K), 2 survivors (2048K)
 Metaspace       used 52944K, capacity 56204K, committed 56448K, reserved 1099776K
  class space    used 6461K, capacity 7028K, committed 7040K, reserved 1048576K
2023-10-03T06:57:44.223+0800: 772.086: [GC pause (G1 Evacuation Pause) (young), 0.0113656 secs]
   [Parallel Time: 6.6 ms, GC Workers: 10]
      [GC Worker Start (ms): Min: 772086.8, Avg: 772087.1, Max: 772087.4, Diff: 0.5]
      [Ext Root Scanning (ms): Min: 1.7, Avg: 1.9, Max: 2.4, Diff: 0.7, Sum: 18.7]
      [Update RS (ms): Min: 1.6, Avg: 1.7, Max: 1.8, Diff: 0.2, Sum: 16.6]
         [Processed Buffers: Min: 11, Avg: 18.3, Max: 36, Diff: 25, Sum: 183]
      [Scan RS (ms): Min: 0.0, Avg: 0.1, Max: 0.1, Diff: 0.1, Sum: 0.7]
      [Code Root Scanning (ms): Min: 0.0, Avg: 0.0, Max: 0.1, Diff: 0.1, Sum: 0.1]
      [Object Copy (ms): Min: 1.7, Avg: 1.9, Max: 2.0, Diff: 0.3, Sum: 19.0]
      [Termination (ms): Min: 0.0, Avg: 0.0, Max: 0.0, Diff: 0.0, Sum: 0.1]
         [Termination Attempts: Min: 1, Avg: 2.6, Max: 5, Diff: 4, Sum: 26]
      [GC Worker Other (ms): Min: 0.0, Avg: 0.1, Max: 0.1, Diff: 0.1, Sum: 0.6]
      [GC Worker Total (ms): Min: 5.4, Avg: 5.6, Max: 5.8, Diff: 0.5, Sum: 55.9]
      [GC Worker End (ms): Min: 772092.7, Avg: 772092.7, Max: 772092.8, Diff: 0.1]
   [Code Root Fixup: 0.0 ms]
   [Code Root Purge: 0.0 ms]
   [Clear CT: 1.2 ms]
   [Other: 3.5 ms]
      [Choose CSet: 0.0 ms]
      [Ref Proc: 1.6 ms]
      [Ref Enq: 0.0 ms]
      [Redirty Cards: 1.4 ms]
      [Humongous Register: 0.0 ms]
      [Humongous Reclaim: 0.0 ms]
      [Free CSet: 0.1 ms]
   [Eden: 151.0M(151.0M)->0.0B(151.0M) Survivors: 2048.0K->2048.0K Heap: 200.9M(256.0M)->50832.2K(256.0M)]
Heap after GC invocations=786 (full 0):
 garbage-first heap   total 262144K, used 50832K [0x00000000f0000000, 0x00000000f0100800, 0x0000000100000000)
  region size 1024K, 2 young (2048K), 2 survivors (2048K)
 Metaspace       used 52944K, capacity 56204K, committed 56448K, reserved 1099776K
  class space    used 6461K, capacity 7028K, committed 7040K, reserved 1048576K
}
 [Times: user=0.05 sys=0.01, real=0.01 secs] 
{Heap before GC invocations=786 (full 0):
 garbage-first heap   total 262144K, used 205456K [0x00000000f0000000, 0x00000000f0100800, 0x0000000100000000)
  region size 1024K, 153 young (156672K), 2 survivors (2048K)
 Metaspace       used 52944K, capacity 56204K, committed 56448K, reserved 1099776K
  class space    used 6461K, capacity 7028K, committed 7040K, reserved 1048576K
2023-10-03T06:57:45.017+0800: 772.880: [GC pause (G1 Evacuation Pause) (young), 0.0110234 secs]
   [Parallel Time: 6.3 ms, GC Workers: 10]
      [GC Worker Start (ms): Min: 772880.3, Avg: 772880.6, Max: 772880.8, Diff: 0.5]
      [Ext Root Scanning (ms): Min: 1.7, Avg: 1.9, Max: 2.3, Diff: 0.6, Sum: 18.8]
      [Update RS (ms): Min: 1.6, Avg: 1.7, Max: 1.8, Diff: 0.2, Sum: 16.7]
         [Processed Buffers: Min: 10, Avg: 18.3, Max: 32, Diff: 22, Sum: 183]
      [Scan RS (ms): Min: 0.0, Avg: 0.1, Max: 0.1, Diff: 0.1, Sum: 0.6]
      [Code Root Scanning (ms): Min: 0.0, Avg: 0.0, Max: 0.1, Diff: 0.1, Sum: 0.1]
      [Object Copy (ms): Min: 1.6, Avg: 1.7, Max: 1.8, Diff: 0.2, Sum: 17.2]
      [Termination (ms): Min: 0.0, Avg: 0.0, Max: 0.0, Diff: 0.0, Sum: 0.1]
         [Termination Attempts: Min: 1, Avg: 1.6, Max: 3, Diff: 2, Sum: 16]
      [GC Worker Other (ms): Min: 0.0, Avg: 0.0, Max: 0.1, Diff: 0.1, Sum: 0.5]
      [GC Worker Total (ms): Min: 5.2, Avg: 5.4, Max: 5.7, Diff: 0.5, Sum: 54.0]
      [GC Worker End (ms): Min: 772886.0, Avg: 772886.0, Max: 772886.1, Diff: 0.1]
   [Code Root Fixup: 0.0 ms]
   [Code Root Purge: 0.0 ms]
   [Clear CT: 1.6 ms]
   [Other: 3.1 ms]
      [Choose CSet: 0.0 ms]
      [Ref Proc: 1.2 ms]
      [Ref Enq: 0.0 ms]
      [Redirty Cards: 1.3 ms]
      [Humongous Register: 0.0 ms]
      [Humongous Reclaim: 0.0 ms]
      [Free CSet: 0.1 ms]
   [Eden: 151.0M(151.0M)->0.0B(151.0M) Survivors: 2048.0K->2048.0K Heap: 200.6M(256.0M)->50837.3K(256.0M)]
Heap after GC invocations=787 (full 0):
 garbage-first heap   total 262144K, used 50837K [0x00000000f0000000, 0x00000000f0100800, 0x0000000100000000)
  region size 1024K, 2 young (2048K), 2 survivors (2048K)
 Metaspace       used 52944K, capacity 56204K, committed 56448K, reserved 1099776K
  class space    used 6461K, capacity 7028K, committed 7040K, reserved 1048576K
}
 [Times: user=0.06 sys=0.00, real=0.01 secs] 
{Heap before GC invocations=787 (full 0):
 garbage-first heap   total 262144K, used 205461K [0x00000000f0000000, 0x00000000f0100800, 0x0000000100000000)
  region size 1024K, 153 young (156672K), 2 survivors (2048K)
 Metaspace       used 52944K, capacity 56204K, committed 56448K, reserved 1099776K
  class space    used 6461K, capacity 7028K, committed 7040K, reserved 1048576K
2023-10-03T06:57:45.789+0800: 773.652: [GC pause (G1 Evacuation Pause) (young), 0.0111085 secs]
   [Parallel Time: 6.3 ms, GC Workers: 10]
      [GC Worker Start (ms): Min: 773652.5, Avg: 773652.7, Max: 773653.0, Diff: 0.5]
      [Ext Root Scanning (ms): Min: 1.7, Avg: 1.8, Max: 2.2, Diff: 0.6, Sum: 18.4]
      [Update RS (ms): Min: 1.6, Avg: 1.7, Max: 1.7, Diff: 0.1, Sum: 16.7]
         [Processed Buffers: Min: 12, Avg: 18.2, Max: 38, Diff: 26, Sum: 182]
      [Scan RS (ms): Min: 0.0, Avg: 0.1, Max: 0.1, Diff: 0.1, Sum: 0.6]
      [Code Root Scanning (ms): Min: 0.0, Avg: 0.0, Max: 0.1, Diff: 0.1, Sum: 0.1]
      [Object Copy (ms): Min: 1.5, Avg: 1.7, Max: 1.9, Diff: 0.4, Sum: 17.0]
      [Termination (ms): Min: 0.0, Avg: 0.0, Max: 0.0, Diff: 0.0, Sum: 0.0]
         [Termination Attempts: Min: 1, Avg: 1.0, Max: 1, Diff: 0, Sum: 10]
      [GC Worker Other (ms): Min: 0.0, Avg: 0.1, Max: 0.2, Diff: 0.1, Sum: 0.5]
      [GC Worker Total (ms): Min: 5.1, Avg: 5.3, Max: 5.5, Diff: 0.4, Sum: 53.3]
      [GC Worker End (ms): Min: 773658.0, Avg: 773658.1, Max: 773658.2, Diff: 0.1]
   [Code Root Fixup: 0.0 ms]
   [Code Root Purge: 0.0 ms]
   [Clear CT: 1.3 ms]
   [Other: 3.5 ms]
      [Choose CSet: 0.0 ms]
      [Ref Proc: 1.7 ms]
      [Ref Enq: 0.0 ms]
      [Redirty Cards: 1.3 ms]
      [Humongous Register: 0.0 ms]
      [Humongous Reclaim: 0.0 ms]
      [Free CSet: 0.1 ms]
   [Eden: 151.0M(151.0M)->0.0B(151.0M) Survivors: 2048.0K->2048.0K Heap: 200.6M(256.0M)->50852.3K(256.0M)]
Heap after GC invocations=788 (full 0):
 garbage-first heap   total 262144K, used 50852K [0x00000000f0000000, 0x00000000f0100800, 0x0000000100000000)
  region size 1024K, 2 young (2048K), 2 survivors (2048K)
 Metaspace       used 52944K, capacity 56204K, committed 56448K, reserved 1099776K
  class space    used 6461K, capacity 7028K, committed 7040K, reserved 1048576K
}
 [Times: user=0.06 sys=0.01, real=0.02 secs] 
{Heap before GC invocations=788 (full 0):
 garbage-first heap   total 262144K, used 205476K [0x00000000f0000000, 0x00000000f0100800, 0x0000000100000000)
  region size 1024K, 153 young (156672K), 2 survivors (2048K)
 Metaspace       used 52944K, capacity 56204K, committed 56448K, reserved 1099776K
  class space    used 6461K, capacity 7028K, committed 7040K, reserved 1048576K
2023-10-03T06:57:46.582+0800: 774.445: [GC pause (G1 Evacuation Pause) (young), 0.0110818 secs]
   [Parallel Time: 6.3 ms, GC Workers: 10]
      [GC Worker Start (ms): Min: 774445.3, Avg: 774445.5, Max: 774445.8, Diff: 0.5]
      [Ext Root Scanning (ms): Min: 1.6, Avg: 1.9, Max: 2.3, Diff: 0.7, Sum: 18.6]
      [Update RS (ms): Min: 1.6, Avg: 1.7, Max: 1.8, Diff: 0.2, Sum: 16.6]
         [Processed Buffers: Min: 12, Avg: 18.0, Max: 28, Diff: 16, Sum: 180]
      [Scan RS (ms): Min: 0.0, Avg: 0.1, Max: 0.1, Diff: 0.1, Sum: 0.6]
      [Code Root Scanning (ms): Min: 0.0, Avg: 0.0, Max: 0.0, Diff: 0.0, Sum: 0.0]
      [Object Copy (ms): Min: 1.5, Avg: 1.7, Max: 1.8, Diff: 0.3, Sum: 17.0]
      [Termination (ms): Min: 0.0, Avg: 0.0, Max: 0.0, Diff: 0.0, Sum: 0.1]
         [Termination Attempts: Min: 1, Avg: 1.2, Max: 2, Diff: 1, Sum: 12]
      [GC Worker Other (ms): Min: 0.0, Avg: 0.0, Max: 0.1, Diff: 0.1, Sum: 0.4]
      [GC Worker Total (ms): Min: 5.1, Avg: 5.3, Max: 5.6, Diff: 0.5, Sum: 53.3]
      [GC Worker End (ms): Min: 774450.8, Avg: 774450.9, Max: 774450.9, Diff: 0.1]
   [Code Root Fixup: 0.0 ms]
   [Code Root Purge: 0.0 ms]
   [Clear CT: 1.6 ms]
   [Other: 3.2 ms]
      [Choose CSet: 0.0 ms]
      [Ref Proc: 1.2 ms]
      [Ref Enq: 0.0 ms]
      [Redirty Cards: 1.5 ms]
      [Humongous Register: 0.0 ms]
      [Humongous Reclaim: 0.0 ms]
      [Free CSet: 0.1 ms]
   [Eden: 151.0M(151.0M)->0.0B(151.0M) Survivors: 2048.0K->2048.0K Heap: 200.7M(256.0M)->50851.3K(256.0M)]
Heap after GC invocations=789 (full 0):
 garbage-first heap   total 262144K, used 50851K [0x00000000f0000000, 0x00000000f0100800, 0x0000000100000000)
  region size 1024K, 2 young (2048K), 2 survivors (2048K)
 Metaspace       used 52944K, capacity 56204K, committed 56448K, reserved 1099776K
  class space    used 6461K, capacity 7028K, committed 7040K, reserved 1048576K
}
 [Times: user=0.06 sys=0.00, real=0.01 secs] 
{Heap before GC invocations=789 (full 0):
 garbage-first heap   total 262144K, used 205475K [0x00000000f0000000, 0x00000000f0100800, 0x0000000100000000)
  region size 1024K, 153 young (156672K), 2 survivors (2048K)
 Metaspace       used 52944K, capacity 56204K, committed 56448K, reserved 1099776K
  class space    used 6461K, capacity 7028K, committed 7040K, reserved 1048576K
2023-10-03T06:57:47.378+0800: 775.241: [GC pause (G1 Evacuation Pause) (young), 0.0109107 secs]
   [Parallel Time: 6.4 ms, GC Workers: 10]
      [GC Worker Start (ms): Min: 775241.6, Avg: 775241.9, Max: 775242.1, Diff: 0.5]
      [Ext Root Scanning (ms): Min: 1.6, Avg: 1.9, Max: 2.3, Diff: 0.7, Sum: 19.2]
      [Update RS (ms): Min: 1.5, Avg: 1.6, Max: 1.7, Diff: 0.2, Sum: 16.2]
         [Processed Buffers: Min: 12, Avg: 18.0, Max: 31, Diff: 19, Sum: 180]
      [Scan RS (ms): Min: 0.0, Avg: 0.1, Max: 0.1, Diff: 0.1, Sum: 0.6]
      [Code Root Scanning (ms): Min: 0.0, Avg: 0.0, Max: 0.0, Diff: 0.0, Sum: 0.0]
      [Object Copy (ms): Min: 1.6, Avg: 1.8, Max: 1.8, Diff: 0.2, Sum: 17.8]
      [Termination (ms): Min: 0.0, Avg: 0.0, Max: 0.0, Diff: 0.0, Sum: 0.0]
         [Termination Attempts: Min: 1, Avg: 1.1, Max: 2, Diff: 1, Sum: 11]
      [GC Worker Other (ms): Min: 0.0, Avg: 0.0, Max: 0.1, Diff: 0.1, Sum: 0.4]
      [GC Worker Total (ms): Min: 5.2, Avg: 5.4, Max: 5.7, Diff: 0.4, Sum: 54.2]
      [GC Worker End (ms): Min: 775247.3, Avg: 775247.3, Max: 775247.3, Diff: 0.1]
   [Code Root Fixup: 0.0 ms]
   [Code Root Purge: 0.0 ms]
   [Clear CT: 1.4 ms]
   [Other: 3.1 ms]
      [Choose CSet: 0.0 ms]
      [Ref Proc: 1.4 ms]
      [Ref Enq: 0.0 ms]
      [Redirty Cards: 1.2 ms]
      [Humongous Register: 0.0 ms]
      [Humongous Reclaim: 0.0 ms]
      [Free CSet: 0.1 ms]
   [Eden: 151.0M(151.0M)->0.0B(151.0M) Survivors: 2048.0K->2048.0K Heap: 200.7M(256.0M)->50842.4K(256.0M)]
Heap after GC invocations=790 (full 0):
 garbage-first heap   total 262144K, used 50842K [0x00000000f0000000, 0x00000000f0100800, 0x0000000100000000)
  region size 1024K, 2 young (2048K), 2 survivors (2048K)
 Metaspace       used 52944K, capacity 56204K, committed 56448K, reserved 1099776K
  class space    used 6461K, capacity 7028K, committed 7040K, reserved 1048576K
}
 [Times: user=0.06 sys=0.00, real=0.01 secs] 
{Heap before GC invocations=790 (full 0):
 garbage-first heap   total 262144K, used 205466K [0x00000000f0000000, 0x00000000f0100800, 0x0000000100000000)
  region size 1024K, 153 young (156672K), 2 survivors (2048K)
 Metaspace       used 52944K, capacity 56204K, committed 56448K, reserved 1099776K
  class space    used 6461K, capacity 7028K, committed 7040K, reserved 1048576K
2023-10-03T06:57:48.175+0800: 776.038: [GC pause (G1 Evacuation Pause) (young), 0.0113992 secs]
   [Parallel Time: 6.4 ms, GC Workers: 10]
      [GC Worker Start (ms): Min: 776038.8, Avg: 776039.1, Max: 776039.3, Diff: 0.5]
      [Ext Root Scanning (ms): Min: 1.7, Avg: 1.9, Max: 2.2, Diff: 0.6, Sum: 19.0]
      [Update RS (ms): Min: 1.6, Avg: 1.7, Max: 1.7, Diff: 0.1, Sum: 16.6]
         [Processed Buffers: Min: 10, Avg: 18.0, Max: 33, Diff: 23, Sum: 180]
      [Scan RS (ms): Min: 0.0, Avg: 0.1, Max: 0.1, Diff: 0.1, Sum: 0.7]
      [Code Root Scanning (ms): Min: 0.0, Avg: 0.0, Max: 0.0, Diff: 0.0, Sum: 0.0]
      [Object Copy (ms): Min: 1.5, Avg: 1.7, Max: 1.8, Diff: 0.3, Sum: 17.3]
      [Termination (ms): Min: 0.0, Avg: 0.0, Max: 0.0, Diff: 0.0, Sum: 0.0]
         [Termination Attempts: Min: 1, Avg: 1.4, Max: 3, Diff: 2, Sum: 14]
      [GC Worker Other (ms): Min: 0.0, Avg: 0.0, Max: 0.1, Diff: 0.1, Sum: 0.5]
      [GC Worker Total (ms): Min: 5.1, Avg: 5.4, Max: 5.7, Diff: 0.6, Sum: 54.1]
      [GC Worker End (ms): Min: 776044.4, Avg: 776044.5, Max: 776044.5, Diff: 0.1]
   [Code Root Fixup: 0.0 ms]
   [Code Root Purge: 0.0 ms]
   [Clear CT: 1.9 ms]
   [Other: 3.1 ms]
      [Choose CSet: 0.0 ms]
      [Ref Proc: 1.1 ms]
      [Ref Enq: 0.0 ms]
      [Redirty Cards: 1.4 ms]
      [Humongous Register: 0.0 ms]
      [Humongous Reclaim: 0.0 ms]
      [Free CSet: 0.1 ms]
   [Eden: 151.0M(151.0M)->0.0B(151.0M) Survivors: 2048.0K->2048.0K Heap: 200.7M(256.0M)->50854.9K(256.0M)]
Heap after GC invocations=791 (full 0):
 garbage-first heap   total 262144K, used 50854K [0x00000000f0000000, 0x00000000f0100800, 0x0000000100000000)
  region size 1024K, 2 young (2048K), 2 survivors (2048K)
 Metaspace       used 52944K, capacity 56204K, committed 56448K, reserved 1099776K
  class space    used 6461K, capacity 7028K, committed 7040K, reserved 1048576K
}
 [Times: user=0.06 sys=0.00, real=0.01 secs] 
{Heap before GC invocations=791 (full 0):
 garbage-first heap   total 262144K, used 205478K [0x00000000f0000000, 0x00000000f0100800, 0x0000000100000000)
  region size 1024K, 153 young (156672K), 2 survivors (2048K)
 Metaspace       used 52944K, capacity 56204K, committed 56448K, reserved 1099776K
  class space    used 6461K, capacity 7028K, committed 7040K, reserved 1048576K
2023-10-03T06:57:48.989+0800: 776.852: [GC pause (G1 Evacuation Pause) (young), 0.0112273 secs]
   [Parallel Time: 6.4 ms, GC Workers: 10]
      [GC Worker Start (ms): Min: 776852.3, Avg: 776852.5, Max: 776852.8, Diff: 0.5]
      [Ext Root Scanning (ms): Min: 1.8, Avg: 1.9, Max: 2.3, Diff: 0.6, Sum: 19.0]
      [Update RS (ms): Min: 1.6, Avg: 1.7, Max: 1.8, Diff: 0.3, Sum: 16.9]
         [Processed Buffers: Min: 11, Avg: 18.1, Max: 32, Diff: 21, Sum: 181]
      [Scan RS (ms): Min: 0.0, Avg: 0.1, Max: 0.1, Diff: 0.1, Sum: 0.7]
      [Code Root Scanning (ms): Min: 0.0, Avg: 0.0, Max: 0.0, Diff: 0.0, Sum: 0.0]
      [Object Copy (ms): Min: 1.5, Avg: 1.7, Max: 1.8, Diff: 0.3, Sum: 16.9]
      [Termination (ms): Min: 0.0, Avg: 0.0, Max: 0.0, Diff: 0.0, Sum: 0.0]
         [Termination Attempts: Min: 1, Avg: 1.0, Max: 1, Diff: 0, Sum: 10]
      [GC Worker Other (ms): Min: 0.0, Avg: 0.0, Max: 0.1, Diff: 0.1, Sum: 0.4]
      [GC Worker Total (ms): Min: 5.2, Avg: 5.4, Max: 5.7, Diff: 0.5, Sum: 53.9]
      [GC Worker End (ms): Min: 776857.9, Avg: 776857.9, Max: 776858.0, Diff: 0.1]
   [Code Root Fixup: 0.0 ms]
   [Code Root Purge: 0.0 ms]
   [Clear CT: 1.9 ms]
   [Other: 2.9 ms]
      [Choose CSet: 0.0 ms]
      [Ref Proc: 1.1 ms]
      [Ref Enq: 0.0 ms]
      [Redirty Cards: 1.2 ms]
      [Humongous Register: 0.0 ms]
      [Humongous Reclaim: 0.0 ms]
      [Free CSet: 0.1 ms]
   [Eden: 151.0M(151.0M)->0.0B(151.0M) Survivors: 2048.0K->2048.0K Heap: 200.7M(256.0M)->50845.4K(256.0M)]
Heap after GC invocations=792 (full 0):
 garbage-first heap   total 262144K, used 50845K [0x00000000f0000000, 0x00000000f0100800, 0x0000000100000000)
  region size 1024K, 2 young (2048K), 2 survivors (2048K)
 Metaspace       used 52944K, capacity 56204K, committed 56448K, reserved 1099776K
  class space    used 6461K, capacity 7028K, committed 7040K, reserved 1048576K
}
 [Times: user=0.06 sys=0.00, real=0.02 secs] 
{Heap before GC invocations=792 (full 0):
 garbage-first heap   total 262144K, used 205469K [0x00000000f0000000, 0x00000000f0100800, 0x0000000100000000)
  region size 1024K, 153 young (156672K), 2 survivors (2048K)
 Metaspace       used 52944K, capacity 56204K, committed 56448K, reserved 1099776K
  class space    used 6461K, capacity 7028K, committed 7040K, reserved 1048576K
2023-10-03T06:57:49.788+0800: 777.651: [GC pause (G1 Evacuation Pause) (young), 0.0110966 secs]
   [Parallel Time: 6.4 ms, GC Workers: 10]
      [GC Worker Start (ms): Min: 777651.5, Avg: 777651.8, Max: 777652.0, Diff: 0.5]
      [Ext Root Scanning (ms): Min: 1.8, Avg: 2.0, Max: 2.5, Diff: 0.6, Sum: 20.1]
      [Update RS (ms): Min: 1.5, Avg: 1.6, Max: 1.7, Diff: 0.2, Sum: 16.3]
         [Processed Buffers: Min: 12, Avg: 18.0, Max: 35, Diff: 23, Sum: 180]
      [Scan RS (ms): Min: 0.0, Avg: 0.1, Max: 0.1, Diff: 0.1, Sum: 0.7]
      [Code Root Scanning (ms): Min: 0.0, Avg: 0.0, Max: 0.0, Diff: 0.0, Sum: 0.0]
      [Object Copy (ms): Min: 1.5, Avg: 1.8, Max: 1.8, Diff: 0.3, Sum: 17.5]
      [Termination (ms): Min: 0.0, Avg: 0.0, Max: 0.0, Diff: 0.0, Sum: 0.0]
         [Termination Attempts: Min: 1, Avg: 1.1, Max: 2, Diff: 1, Sum: 11]
      [GC Worker Other (ms): Min: 0.0, Avg: 0.0, Max: 0.1, Diff: 0.1, Sum: 0.5]
      [GC Worker Total (ms): Min: 5.3, Avg: 5.5, Max: 5.7, Diff: 0.4, Sum: 55.1]
      [GC Worker End (ms): Min: 777657.3, Avg: 777657.3, Max: 777657.3, Diff: 0.1]
   [Code Root Fixup: 0.0 ms]
   [Code Root Purge: 0.0 ms]
   [Clear CT: 1.3 ms]
   [Other: 3.4 ms]
      [Choose CSet: 0.0 ms]
      [Ref Proc: 1.4 ms]
      [Ref Enq: 0.0 ms]
      [Redirty Cards: 1.4 ms]
      [Humongous Register: 0.0 ms]
      [Humongous Reclaim: 0.0 ms]
      [Free CSet: 0.1 ms]
   [Eden: 151.0M(151.0M)->0.0B(151.0M) Survivors: 2048.0K->2048.0K Heap: 200.7M(256.0M)->50860.1K(256.0M)]
Heap after GC invocations=793 (full 0):
 garbage-first heap   total 262144K, used 50860K [0x00000000f0000000, 0x00000000f0100800, 0x0000000100000000)
  region size 1024K, 2 young (2048K), 2 survivors (2048K)
 Metaspace       used 52944K, capacity 56204K, committed 56448K, reserved 1099776K
  class space    used 6461K, capacity 7028K, committed 7040K, reserved 1048576K
}
 [Times: user=0.06 sys=0.00, real=0.01 secs] 
{Heap before GC invocations=793 (full 0):
 garbage-first heap   total 262144K, used 205484K [0x00000000f0000000, 0x00000000f0100800, 0x0000000100000000)
  region size 1024K, 153 young (156672K), 2 survivors (2048K)
 Metaspace       used 52944K, capacity 56204K, committed 56448K, reserved 1099776K
  class space    used 6461K, capacity 7028K, committed 7040K, reserved 1048576K
2023-10-03T06:57:50.592+0800: 778.456: [GC pause (G1 Evacuation Pause) (young), 0.0111617 secs]
   [Parallel Time: 6.4 ms, GC Workers: 10]
      [GC Worker Start (ms): Min: 778455.9, Avg: 778456.1, Max: 778456.3, Diff: 0.5]
      [Ext Root Scanning (ms): Min: 1.7, Avg: 1.9, Max: 2.3, Diff: 0.7, Sum: 18.9]
      [Update RS (ms): Min: 1.6, Avg: 1.7, Max: 1.8, Diff: 0.2, Sum: 16.7]
         [Processed Buffers: Min: 11, Avg: 18.1, Max: 34, Diff: 23, Sum: 181]
      [Scan RS (ms): Min: 0.0, Avg: 0.1, Max: 0.1, Diff: 0.1, Sum: 0.6]
      [Code Root Scanning (ms): Min: 0.0, Avg: 0.0, Max: 0.0, Diff: 0.0, Sum: 0.0]
      [Object Copy (ms): Min: 1.5, Avg: 1.7, Max: 1.7, Diff: 0.3, Sum: 17.0]
      [Termination (ms): Min: 0.0, Avg: 0.0, Max: 0.0, Diff: 0.0, Sum: 0.0]
         [Termination Attempts: Min: 1, Avg: 1.1, Max: 2, Diff: 1, Sum: 11]
      [GC Worker Other (ms): Min: 0.0, Avg: 0.1, Max: 0.2, Diff: 0.2, Sum: 0.7]
      [GC Worker Total (ms): Min: 5.2, Avg: 5.4, Max: 5.7, Diff: 0.5, Sum: 54.0]
      [GC Worker End (ms): Min: 778461.5, Avg: 778461.5, Max: 778461.6, Diff: 0.2]
   [Code Root Fixup: 0.0 ms]
   [Code Root Purge: 0.0 ms]
   [Clear CT: 1.8 ms]
   [Other: 3.0 ms]
      [Choose CSet: 0.0 ms]
      [Ref Proc: 1.2 ms]
      [Ref Enq: 0.0 ms]
      [Redirty Cards: 1.2 ms]
      [Humongous Register: 0.0 ms]
      [Humongous Reclaim: 0.0 ms]
      [Free CSet: 0.1 ms]
   [Eden: 151.0M(151.0M)->0.0B(151.0M) Survivors: 2048.0K->2048.0K Heap: 200.7M(256.0M)->50865.1K(256.0M)]
Heap after GC invocations=794 (full 0):
 garbage-first heap   total 262144K, used 50865K [0x00000000f0000000, 0x00000000f0100800, 0x0000000100000000)
  region size 1024K, 2 young (2048K), 2 survivors (2048K)
 Metaspace       used 52944K, capacity 56204K, committed 56448K, reserved 1099776K
  class space    used 6461K, capacity 7028K, committed 7040K, reserved 1048576K
}
 [Times: user=0.05 sys=0.00, real=0.01 secs] 
{Heap before GC invocations=794 (full 0):
 garbage-first heap   total 262144K, used 205489K [0x00000000f0000000, 0x00000000f0100800, 0x0000000100000000)
  region size 1024K, 153 young (156672K), 2 survivors (2048K)
 Metaspace       used 52944K, capacity 56204K, committed 56448K, reserved 1099776K
  class space    used 6461K, capacity 7028K, committed 7040K, reserved 1048576K
2023-10-03T06:57:51.395+0800: 779.258: [GC pause (G1 Evacuation Pause) (young), 0.0110583 secs]
   [Parallel Time: 6.5 ms, GC Workers: 10]
      [GC Worker Start (ms): Min: 779258.2, Avg: 779258.4, Max: 779258.7, Diff: 0.5]
      [Ext Root Scanning (ms): Min: 1.7, Avg: 1.9, Max: 2.3, Diff: 0.6, Sum: 19.2]
      [Update RS (ms): Min: 1.5, Avg: 1.6, Max: 1.7, Diff: 0.2, Sum: 16.1]
         [Processed Buffers: Min: 11, Avg: 18.1, Max: 36, Diff: 25, Sum: 181]
      [Scan RS (ms): Min: 0.0, Avg: 0.1, Max: 0.1, Diff: 0.1, Sum: 0.6]
      [Code Root Scanning (ms): Min: 0.0, Avg: 0.0, Max: 0.0, Diff: 0.0, Sum: 0.0]
      [Object Copy (ms): Min: 1.6, Avg: 1.8, Max: 1.9, Diff: 0.3, Sum: 18.2]
      [Termination (ms): Min: 0.0, Avg: 0.0, Max: 0.0, Diff: 0.0, Sum: 0.0]
         [Termination Attempts: Min: 1, Avg: 1.4, Max: 2, Diff: 1, Sum: 14]
      [GC Worker Other (ms): Min: 0.0, Avg: 0.1, Max: 0.1, Diff: 0.1, Sum: 0.5]
      [GC Worker Total (ms): Min: 5.2, Avg: 5.5, Max: 5.7, Diff: 0.4, Sum: 54.7]
      [GC Worker End (ms): Min: 779263.9, Avg: 779263.9, Max: 779264.0, Diff: 0.1]
   [Code Root Fixup: 0.0 ms]
   [Code Root Purge: 0.0 ms]
   [Clear CT: 1.2 ms]
   [Other: 3.4 ms]
      [Choose CSet: 0.0 ms]
      [Ref Proc: 1.5 ms]
      [Ref Enq: 0.0 ms]
      [Redirty Cards: 1.4 ms]
      [Humongous Register: 0.0 ms]
      [Humongous Reclaim: 0.0 ms]
      [Free CSet: 0.1 ms]
   [Eden: 151.0M(151.0M)->0.0B(151.0M) Survivors: 2048.0K->2048.0K Heap: 200.7M(256.0M)->50866.6K(256.0M)]
Heap after GC invocations=795 (full 0):
 garbage-first heap   total 262144K, used 50866K [0x00000000f0000000, 0x00000000f0100800, 0x0000000100000000)
  region size 1024K, 2 young (2048K), 2 survivors (2048K)
 Metaspace       used 52944K, capacity 56204K, committed 56448K, reserved 1099776K
  class space    used 6461K, capacity 7028K, committed 7040K, reserved 1048576K
}
 [Times: user=0.06 sys=0.00, real=0.01 secs] 
{Heap before GC invocations=795 (full 0):
 garbage-first heap   total 262144K, used 205490K [0x00000000f0000000, 0x00000000f0100800, 0x0000000100000000)
  region size 1024K, 153 young (156672K), 2 survivors (2048K)
 Metaspace       used 52944K, capacity 56204K, committed 56448K, reserved 1099776K
  class space    used 6461K, capacity 7028K, committed 7040K, reserved 1048576K
2023-10-03T06:57:52.178+0800: 780.041: [GC pause (G1 Evacuation Pause) (young), 0.0112520 secs]
   [Parallel Time: 6.4 ms, GC Workers: 10]
      [GC Worker Start (ms): Min: 780041.1, Avg: 780041.4, Max: 780041.6, Diff: 0.5]
      [Ext Root Scanning (ms): Min: 1.7, Avg: 2.0, Max: 2.4, Diff: 0.7, Sum: 19.6]
      [Update RS (ms): Min: 1.5, Avg: 1.6, Max: 1.7, Diff: 0.2, Sum: 16.2]
         [Processed Buffers: Min: 11, Avg: 17.9, Max: 34, Diff: 23, Sum: 179]
      [Scan RS (ms): Min: 0.0, Avg: 0.1, Max: 0.1, Diff: 0.1, Sum: 0.6]
      [Code Root Scanning (ms): Min: 0.0, Avg: 0.0, Max: 0.0, Diff: 0.0, Sum: 0.0]
      [Object Copy (ms): Min: 1.6, Avg: 1.8, Max: 1.8, Diff: 0.2, Sum: 17.6]
      [Termination (ms): Min: 0.0, Avg: 0.0, Max: 0.0, Diff: 0.0, Sum: 0.0]
         [Termination Attempts: Min: 1, Avg: 1.0, Max: 1, Diff: 0, Sum: 10]
      [GC Worker Other (ms): Min: 0.0, Avg: 0.1, Max: 0.1, Diff: 0.1, Sum: 0.5]
      [GC Worker Total (ms): Min: 5.2, Avg: 5.5, Max: 5.7, Diff: 0.5, Sum: 54.6]
      [GC Worker End (ms): Min: 780046.8, Avg: 780046.8, Max: 780046.9, Diff: 0.1]
   [Code Root Fixup: 0.0 ms]
   [Code Root Purge: 0.0 ms]
   [Clear CT: 1.3 ms]
   [Other: 3.6 ms]
      [Choose CSet: 0.0 ms]
      [Ref Proc: 1.6 ms]
      [Ref Enq: 0.0 ms]
      [Redirty Cards: 1.4 ms]
      [Humongous Register: 0.0 ms]
      [Humongous Reclaim: 0.0 ms]
      [Free CSet: 0.1 ms]
   [Eden: 151.0M(151.0M)->0.0B(151.0M) Survivors: 2048.0K->2048.0K Heap: 200.7M(256.0M)->51100.1K(256.0M)]
Heap after GC invocations=796 (full 0):
 garbage-first heap   total 262144K, used 51100K [0x00000000f0000000, 0x00000000f0100800, 0x0000000100000000)
  region size 1024K, 2 young (2048K), 2 survivors (2048K)
 Metaspace       used 52944K, capacity 56204K, committed 56448K, reserved 1099776K
  class space    used 6461K, capacity 7028K, committed 7040K, reserved 1048576K
}
 [Times: user=0.07 sys=0.00, real=0.01 secs] 
{Heap before GC invocations=796 (full 0):
 garbage-first heap   total 262144K, used 205724K [0x00000000f0000000, 0x00000000f0100800, 0x0000000100000000)
  region size 1024K, 153 young (156672K), 2 survivors (2048K)
 Metaspace       used 52944K, capacity 56204K, committed 56448K, reserved 1099776K
  class space    used 6461K, capacity 7028K, committed 7040K, reserved 1048576K
2023-10-03T06:57:52.980+0800: 780.843: [GC pause (G1 Evacuation Pause) (young), 0.0111139 secs]
   [Parallel Time: 6.2 ms, GC Workers: 10]
      [GC Worker Start (ms): Min: 780843.7, Avg: 780843.9, Max: 780844.2, Diff: 0.5]
      [Ext Root Scanning (ms): Min: 1.7, Avg: 1.9, Max: 2.3, Diff: 0.6, Sum: 19.3]
      [Update RS (ms): Min: 1.5, Avg: 1.7, Max: 1.8, Diff: 0.3, Sum: 16.6]
         [Processed Buffers: Min: 13, Avg: 18.0, Max: 28, Diff: 15, Sum: 180]
      [Scan RS (ms): Min: 0.0, Avg: 0.1, Max: 0.1, Diff: 0.1, Sum: 0.5]
      [Code Root Scanning (ms): Min: 0.0, Avg: 0.0, Max: 0.0, Diff: 0.0, Sum: 0.0]
      [Object Copy (ms): Min: 1.5, Avg: 1.7, Max: 1.8, Diff: 0.2, Sum: 17.0]
      [Termination (ms): Min: 0.0, Avg: 0.0, Max: 0.0, Diff: 0.0, Sum: 0.0]
         [Termination Attempts: Min: 1, Avg: 1.3, Max: 2, Diff: 1, Sum: 13]
      [GC Worker Other (ms): Min: 0.0, Avg: 0.0, Max: 0.1, Diff: 0.1, Sum: 0.5]
      [GC Worker Total (ms): Min: 5.1, Avg: 5.4, Max: 5.6, Diff: 0.5, Sum: 53.9]
      [GC Worker End (ms): Min: 780849.3, Avg: 780849.3, Max: 780849.4, Diff: 0.1]
   [Code Root Fixup: 0.0 ms]
   [Code Root Purge: 0.0 ms]
   [Clear CT: 1.3 ms]
   [Other: 3.6 ms]
      [Choose CSet: 0.0 ms]
      [Ref Proc: 1.6 ms]
      [Ref Enq: 0.0 ms]
      [Redirty Cards: 1.4 ms]
      [Humongous Register: 0.0 ms]
      [Humongous Reclaim: 0.0 ms]
      [Free CSet: 0.1 ms]
   [Eden: 151.0M(151.0M)->0.0B(151.0M) Survivors: 2048.0K->2048.0K Heap: 200.9M(256.0M)->50874.1K(256.0M)]
Heap after GC invocations=797 (full 0):
 garbage-first heap   total 262144K, used 50874K [0x00000000f0000000, 0x00000000f0100800, 0x0000000100000000)
  region size 1024K, 2 young (2048K), 2 survivors (2048K)
 Metaspace       used 52944K, capacity 56204K, committed 56448K, reserved 1099776K
  class space    used 6461K, capacity 7028K, committed 7040K, reserved 1048576K
}
 [Times: user=0.06 sys=0.00, real=0.01 secs] 
{Heap before GC invocations=797 (full 0):
 garbage-first heap   total 262144K, used 205498K [0x00000000f0000000, 0x00000000f0100800, 0x0000000100000000)
  region size 1024K, 153 young (156672K), 2 survivors (2048K)
 Metaspace       used 52944K, capacity 56204K, committed 56448K, reserved 1099776K
  class space    used 6461K, capacity 7028K, committed 7040K, reserved 1048576K
2023-10-03T06:57:53.785+0800: 781.649: [GC pause (G1 Evacuation Pause) (young), 0.0106212 secs]
   [Parallel Time: 6.4 ms, GC Workers: 10]
      [GC Worker Start (ms): Min: 781648.9, Avg: 781649.1, Max: 781649.3, Diff: 0.4]
      [Ext Root Scanning (ms): Min: 1.7, Avg: 1.9, Max: 2.3, Diff: 0.6, Sum: 18.8]
      [Update RS (ms): Min: 1.6, Avg: 1.7, Max: 1.7, Diff: 0.1, Sum: 16.6]
         [Processed Buffers: Min: 13, Avg: 18.1, Max: 30, Diff: 17, Sum: 181]
      [Scan RS (ms): Min: 0.0, Avg: 0.1, Max: 0.1, Diff: 0.1, Sum: 0.6]
      [Code Root Scanning (ms): Min: 0.0, Avg: 0.0, Max: 0.0, Diff: 0.0, Sum: 0.0]
      [Object Copy (ms): Min: 1.5, Avg: 1.7, Max: 1.8, Diff: 0.3, Sum: 17.0]
      [Termination (ms): Min: 0.0, Avg: 0.0, Max: 0.0, Diff: 0.0, Sum: 0.0]
         [Termination Attempts: Min: 1, Avg: 1.0, Max: 1, Diff: 0, Sum: 10]
      [GC Worker Other (ms): Min: 0.0, Avg: 0.1, Max: 0.2, Diff: 0.1, Sum: 0.6]
      [GC Worker Total (ms): Min: 5.1, Avg: 5.4, Max: 5.6, Diff: 0.4, Sum: 53.6]
      [GC Worker End (ms): Min: 781654.4, Avg: 781654.5, Max: 781654.6, Diff: 0.1]
   [Code Root Fixup: 0.0 ms]
   [Code Root Purge: 0.0 ms]
   [Clear CT: 1.1 ms]
   [Other: 3.1 ms]
      [Choose CSet: 0.0 ms]
      [Ref Proc: 1.3 ms]
      [Ref Enq: 0.0 ms]
      [Redirty Cards: 1.3 ms]
      [Humongous Register: 0.0 ms]
      [Humongous Reclaim: 0.0 ms]
      [Free CSet: 0.1 ms]
   [Eden: 151.0M(151.0M)->0.0B(151.0M) Survivors: 2048.0K->2048.0K Heap: 200.7M(256.0M)->50995.8K(256.0M)]
Heap after GC invocations=798 (full 0):
 garbage-first heap   total 262144K, used 50995K [0x00000000f0000000, 0x00000000f0100800, 0x0000000100000000)
  region size 1024K, 2 young (2048K), 2 survivors (2048K)
 Metaspace       used 52944K, capacity 56204K, committed 56448K, reserved 1099776K
  class space    used 6461K, capacity 7028K, committed 7040K, reserved 1048576K
}
 [Times: user=0.06 sys=0.00, real=0.01 secs] 
{Heap before GC invocations=798 (full 0):
 garbage-first heap   total 262144K, used 205619K [0x00000000f0000000, 0x00000000f0100800, 0x0000000100000000)
  region size 1024K, 153 young (156672K), 2 survivors (2048K)
 Metaspace       used 52944K, capacity 56204K, committed 56448K, reserved 1099776K
  class space    used 6461K, capacity 7028K, committed 7040K, reserved 1048576K
2023-10-03T06:57:54.591+0800: 782.454: [GC pause (G1 Evacuation Pause) (young), 0.0108880 secs]
   [Parallel Time: 5.8 ms, GC Workers: 10]
      [GC Worker Start (ms): Min: 782454.3, Avg: 782454.5, Max: 782454.7, Diff: 0.5]
      [Ext Root Scanning (ms): Min: 1.8, Avg: 2.0, Max: 2.5, Diff: 0.7, Sum: 20.2]
      [Update RS (ms): Min: 1.5, Avg: 1.6, Max: 1.7, Diff: 0.2, Sum: 16.3]
         [Processed Buffers: Min: 12, Avg: 18.1, Max: 32, Diff: 20, Sum: 181]
      [Scan RS (ms): Min: 0.0, Avg: 0.1, Max: 0.1, Diff: 0.1, Sum: 0.5]
      [Code Root Scanning (ms): Min: 0.0, Avg: 0.0, Max: 0.0, Diff: 0.0, Sum: 0.0]
      [Object Copy (ms): Min: 1.5, Avg: 1.7, Max: 1.8, Diff: 0.3, Sum: 17.0]
      [Termination (ms): Min: 0.0, Avg: 0.0, Max: 0.0, Diff: 0.0, Sum: 0.0]
         [Termination Attempts: Min: 1, Avg: 1.0, Max: 1, Diff: 0, Sum: 10]
      [GC Worker Other (ms): Min: 0.0, Avg: 0.0, Max: 0.1, Diff: 0.1, Sum: 0.4]
      [GC Worker Total (ms): Min: 5.2, Avg: 5.5, Max: 5.7, Diff: 0.4, Sum: 54.6]
      [GC Worker End (ms): Min: 782460.0, Avg: 782460.0, Max: 782460.0, Diff: 0.1]
   [Code Root Fixup: 0.0 ms]
   [Code Root Purge: 0.0 ms]
   [Clear CT: 1.7 ms]
   [Other: 3.4 ms]
      [Choose CSet: 0.0 ms]
      [Ref Proc: 1.4 ms]
      [Ref Enq: 0.0 ms]
      [Redirty Cards: 1.5 ms]
      [Humongous Register: 0.0 ms]
      [Humongous Reclaim: 0.0 ms]
      [Free CSet: 0.1 ms]
   [Eden: 151.0M(151.0M)->0.0B(151.0M) Survivors: 2048.0K->2048.0K Heap: 200.8M(256.0M)->50882.0K(256.0M)]
Heap after GC invocations=799 (full 0):
 garbage-first heap   total 262144K, used 50882K [0x00000000f0000000, 0x00000000f0100800, 0x0000000100000000)
  region size 1024K, 2 young (2048K), 2 survivors (2048K)
 Metaspace       used 52944K, capacity 56204K, committed 56448K, reserved 1099776K
  class space    used 6461K, capacity 7028K, committed 7040K, reserved 1048576K
}
 [Times: user=0.06 sys=0.00, real=0.01 secs] 
{Heap before GC invocations=799 (full 0):
 garbage-first heap   total 262144K, used 205506K [0x00000000f0000000, 0x00000000f0100800, 0x0000000100000000)
  region size 1024K, 153 young (156672K), 2 survivors (2048K)
 Metaspace       used 52944K, capacity 56204K, committed 56448K, reserved 1099776K
  class space    used 6461K, capacity 7028K, committed 7040K, reserved 1048576K
2023-10-03T06:57:55.393+0800: 783.256: [GC pause (G1 Evacuation Pause) (young), 0.0113279 secs]
   [Parallel Time: 6.5 ms, GC Workers: 10]
      [GC Worker Start (ms): Min: 783256.8, Avg: 783257.1, Max: 783257.3, Diff: 0.5]
      [Ext Root Scanning (ms): Min: 1.8, Avg: 2.0, Max: 2.6, Diff: 0.8, Sum: 20.2]
      [Update RS (ms): Min: 1.5, Avg: 1.7, Max: 1.8, Diff: 0.2, Sum: 16.7]
         [Processed Buffers: Min: 12, Avg: 17.9, Max: 27, Diff: 15, Sum: 179]
      [Scan RS (ms): Min: 0.0, Avg: 0.1, Max: 0.1, Diff: 0.1, Sum: 0.6]
      [Code Root Scanning (ms): Min: 0.0, Avg: 0.0, Max: 0.0, Diff: 0.0, Sum: 0.0]
      [Object Copy (ms): Min: 1.6, Avg: 1.8, Max: 2.0, Diff: 0.4, Sum: 18.1]
      [Termination (ms): Min: 0.0, Avg: 0.0, Max: 0.0, Diff: 0.0, Sum: 0.0]
         [Termination Attempts: Min: 1, Avg: 1.0, Max: 1, Diff: 0, Sum: 10]
      [GC Worker Other (ms): Min: 0.0, Avg: 0.0, Max: 0.1, Diff: 0.1, Sum: 0.4]
      [GC Worker Total (ms): Min: 5.4, Avg: 5.6, Max: 5.9, Diff: 0.5, Sum: 56.2]
      [GC Worker End (ms): Min: 783262.7, Avg: 783262.7, Max: 783262.7, Diff: 0.1]
   [Code Root Fixup: 0.0 ms]
   [Code Root Purge: 0.0 ms]
   [Clear CT: 1.4 ms]
   [Other: 3.4 ms]
      [Choose CSet: 0.0 ms]
      [Ref Proc: 1.6 ms]
      [Ref Enq: 0.0 ms]
      [Redirty Cards: 1.3 ms]
      [Humongous Register: 0.0 ms]
      [Humongous Reclaim: 0.0 ms]
      [Free CSet: 0.1 ms]
   [Eden: 151.0M(151.0M)->0.0B(151.0M) Survivors: 2048.0K->2048.0K Heap: 200.7M(256.0M)->51009.2K(256.0M)]
Heap after GC invocations=800 (full 0):
 garbage-first heap   total 262144K, used 51009K [0x00000000f0000000, 0x00000000f0100800, 0x0000000100000000)
  region size 1024K, 2 young (2048K), 2 survivors (2048K)
 Metaspace       used 52944K, capacity 56204K, committed 56448K, reserved 1099776K
  class space    used 6461K, capacity 7028K, committed 7040K, reserved 1048576K
}
 [Times: user=0.05 sys=0.00, real=0.01 secs] 
{Heap before GC invocations=800 (full 0):
 garbage-first heap   total 262144K, used 205633K [0x00000000f0000000, 0x00000000f0100800, 0x0000000100000000)
  region size 1024K, 153 young (156672K), 2 survivors (2048K)
 Metaspace       used 52944K, capacity 56204K, committed 56448K, reserved 1099776K
  class space    used 6461K, capacity 7028K, committed 7040K, reserved 1048576K
2023-10-03T06:57:56.151+0800: 784.014: [GC pause (G1 Evacuation Pause) (young), 0.0112841 secs]
   [Parallel Time: 6.4 ms, GC Workers: 10]
      [GC Worker Start (ms): Min: 784014.6, Avg: 784014.8, Max: 784015.1, Diff: 0.5]
      [Ext Root Scanning (ms): Min: 1.7, Avg: 1.9, Max: 2.4, Diff: 0.7, Sum: 19.4]
      [Update RS (ms): Min: 1.5, Avg: 1.6, Max: 1.7, Diff: 0.2, Sum: 16.0]
         [Processed Buffers: Min: 12, Avg: 17.9, Max: 33, Diff: 21, Sum: 179]
      [Scan RS (ms): Min: 0.0, Avg: 0.1, Max: 0.1, Diff: 0.1, Sum: 0.6]
      [Code Root Scanning (ms): Min: 0.0, Avg: 0.0, Max: 0.0, Diff: 0.0, Sum: 0.0]
      [Object Copy (ms): Min: 1.4, Avg: 1.7, Max: 1.7, Diff: 0.3, Sum: 16.5]
      [Termination (ms): Min: 0.0, Avg: 0.0, Max: 0.0, Diff: 0.0, Sum: 0.0]
         [Termination Attempts: Min: 1, Avg: 1.0, Max: 1, Diff: 0, Sum: 10]
      [GC Worker Other (ms): Min: 0.0, Avg: 0.1, Max: 0.2, Diff: 0.2, Sum: 0.7]
      [GC Worker Total (ms): Min: 5.0, Avg: 5.3, Max: 5.5, Diff: 0.5, Sum: 53.3]
      [GC Worker End (ms): Min: 784020.1, Avg: 784020.2, Max: 784020.3, Diff: 0.2]
   [Code Root Fixup: 0.0 ms]
   [Code Root Purge: 0.0 ms]
   [Clear CT: 1.4 ms]
   [Other: 3.5 ms]
      [Choose CSet: 0.0 ms]
      [Ref Proc: 1.6 ms]
      [Ref Enq: 0.0 ms]
      [Redirty Cards: 1.4 ms]
      [Humongous Register: 0.0 ms]
      [Humongous Reclaim: 0.0 ms]
      [Free CSet: 0.1 ms]
   [Eden: 151.0M(151.0M)->0.0B(151.0M) Survivors: 2048.0K->2048.0K Heap: 200.8M(256.0M)->50768.2K(256.0M)]
Heap after GC invocations=801 (full 0):
 garbage-first heap   total 262144K, used 50768K [0x00000000f0000000, 0x00000000f0100800, 0x0000000100000000)
  region size 1024K, 2 young (2048K), 2 survivors (2048K)
 Metaspace       used 52944K, capacity 56204K, committed 56448K, reserved 1099776K
  class space    used 6461K, capacity 7028K, committed 7040K, reserved 1048576K
}
 [Times: user=0.06 sys=0.00, real=0.01 secs] 
{Heap before GC invocations=801 (full 0):
 garbage-first heap   total 262144K, used 205392K [0x00000000f0000000, 0x00000000f0100800, 0x0000000100000000)
  region size 1024K, 153 young (156672K), 2 survivors (2048K)
 Metaspace       used 52944K, capacity 56204K, committed 56448K, reserved 1099776K
  class space    used 6461K, capacity 7028K, committed 7040K, reserved 1048576K
2023-10-03T06:57:56.936+0800: 784.799: [GC pause (G1 Evacuation Pause) (young), 0.0113339 secs]
   [Parallel Time: 6.4 ms, GC Workers: 10]
      [GC Worker Start (ms): Min: 784799.5, Avg: 784799.8, Max: 784800.0, Diff: 0.5]
      [Ext Root Scanning (ms): Min: 1.6, Avg: 1.9, Max: 2.3, Diff: 0.7, Sum: 18.8]
      [Update RS (ms): Min: 1.6, Avg: 1.7, Max: 1.8, Diff: 0.1, Sum: 17.0]
         [Processed Buffers: Min: 12, Avg: 18.0, Max: 32, Diff: 20, Sum: 180]
      [Scan RS (ms): Min: 0.0, Avg: 0.1, Max: 0.1, Diff: 0.1, Sum: 0.6]
      [Code Root Scanning (ms): Min: 0.0, Avg: 0.0, Max: 0.0, Diff: 0.0, Sum: 0.0]
      [Object Copy (ms): Min: 1.5, Avg: 1.7, Max: 1.8, Diff: 0.3, Sum: 16.6]
      [Termination (ms): Min: 0.0, Avg: 0.0, Max: 0.0, Diff: 0.0, Sum: 0.0]
         [Termination Attempts: Min: 1, Avg: 1.1, Max: 2, Diff: 1, Sum: 11]
      [GC Worker Other (ms): Min: 0.0, Avg: 0.0, Max: 0.1, Diff: 0.1, Sum: 0.4]
      [GC Worker Total (ms): Min: 5.1, Avg: 5.4, Max: 5.7, Diff: 0.6, Sum: 53.5]
      [GC Worker End (ms): Min: 784805.1, Avg: 784805.1, Max: 784805.2, Diff: 0.1]
   [Code Root Fixup: 0.0 ms]
   [Code Root Purge: 0.0 ms]
   [Clear CT: 1.4 ms]
   [Other: 3.5 ms]
      [Choose CSet: 0.0 ms]
      [Ref Proc: 1.6 ms]
      [Ref Enq: 0.0 ms]
      [Redirty Cards: 1.3 ms]
      [Humongous Register: 0.0 ms]
      [Humongous Reclaim: 0.0 ms]
      [Free CSet: 0.1 ms]
   [Eden: 151.0M(151.0M)->0.0B(151.0M) Survivors: 2048.0K->2048.0K Heap: 200.6M(256.0M)->50876.8K(256.0M)]
Heap after GC invocations=802 (full 0):
 garbage-first heap   total 262144K, used 50876K [0x00000000f0000000, 0x00000000f0100800, 0x0000000100000000)
  region size 1024K, 2 young (2048K), 2 survivors (2048K)
 Metaspace       used 52944K, capacity 56204K, committed 56448K, reserved 1099776K
  class space    used 6461K, capacity 7028K, committed 7040K, reserved 1048576K
}
 [Times: user=0.06 sys=0.01, real=0.01 secs] 
{Heap before GC invocations=802 (full 0):
 garbage-first heap   total 262144K, used 205500K [0x00000000f0000000, 0x00000000f0100800, 0x0000000100000000)
  region size 1024K, 153 young (156672K), 2 survivors (2048K)
 Metaspace       used 52944K, capacity 56204K, committed 56448K, reserved 1099776K
  class space    used 6461K, capacity 7028K, committed 7040K, reserved 1048576K
2023-10-03T06:57:57.738+0800: 785.601: [GC pause (G1 Evacuation Pause) (young), 0.0113270 secs]
   [Parallel Time: 6.7 ms, GC Workers: 10]
      [GC Worker Start (ms): Min: 785601.6, Avg: 785601.9, Max: 785602.1, Diff: 0.5]
      [Ext Root Scanning (ms): Min: 1.8, Avg: 2.0, Max: 2.5, Diff: 0.7, Sum: 20.0]
      [Update RS (ms): Min: 1.6, Avg: 1.6, Max: 1.7, Diff: 0.1, Sum: 16.4]
         [Processed Buffers: Min: 8, Avg: 18.2, Max: 31, Diff: 23, Sum: 182]
      [Scan RS (ms): Min: 0.0, Avg: 0.1, Max: 0.1, Diff: 0.1, Sum: 0.7]
      [Code Root Scanning (ms): Min: 0.0, Avg: 0.0, Max: 0.0, Diff: 0.0, Sum: 0.0]
      [Object Copy (ms): Min: 1.6, Avg: 1.8, Max: 1.9, Diff: 0.2, Sum: 18.2]
      [Termination (ms): Min: 0.0, Avg: 0.0, Max: 0.0, Diff: 0.0, Sum: 0.0]
         [Termination Attempts: Min: 1, Avg: 1.0, Max: 1, Diff: 0, Sum: 10]
      [GC Worker Other (ms): Min: 0.0, Avg: 0.1, Max: 0.1, Diff: 0.1, Sum: 0.6]
      [GC Worker Total (ms): Min: 5.4, Avg: 5.6, Max: 5.9, Diff: 0.6, Sum: 55.9]
      [GC Worker End (ms): Min: 785607.5, Avg: 785607.5, Max: 785607.6, Diff: 0.1]
   [Code Root Fixup: 0.0 ms]
   [Code Root Purge: 0.0 ms]
   [Clear CT: 1.4 ms]
   [Other: 3.2 ms]
      [Choose CSet: 0.0 ms]
      [Ref Proc: 1.3 ms]
      [Ref Enq: 0.0 ms]
      [Redirty Cards: 1.4 ms]
      [Humongous Register: 0.0 ms]
      [Humongous Reclaim: 0.0 ms]
      [Free CSet: 0.1 ms]
   [Eden: 151.0M(151.0M)->0.0B(151.0M) Survivors: 2048.0K->2048.0K Heap: 200.7M(256.0M)->51255.9K(256.0M)]
Heap after GC invocations=803 (full 0):
 garbage-first heap   total 262144K, used 51255K [0x00000000f0000000, 0x00000000f0100800, 0x0000000100000000)
  region size 1024K, 2 young (2048K), 2 survivors (2048K)
 Metaspace       used 52944K, capacity 56204K, committed 56448K, reserved 1099776K
  class space    used 6461K, capacity 7028K, committed 7040K, reserved 1048576K
}
 [Times: user=0.06 sys=0.01, real=0.01 secs] 
{Heap before GC invocations=803 (full 0):
 garbage-first heap   total 262144K, used 205879K [0x00000000f0000000, 0x00000000f0100800, 0x0000000100000000)
  region size 1024K, 153 young (156672K), 2 survivors (2048K)
 Metaspace       used 52944K, capacity 56204K, committed 56448K, reserved 1099776K
  class space    used 6461K, capacity 7028K, committed 7040K, reserved 1048576K
2023-10-03T06:57:58.538+0800: 786.401: [GC pause (G1 Evacuation Pause) (young), 0.0110563 secs]
   [Parallel Time: 6.5 ms, GC Workers: 10]
      [GC Worker Start (ms): Min: 786401.2, Avg: 786401.5, Max: 786401.7, Diff: 0.5]
      [Ext Root Scanning (ms): Min: 1.7, Avg: 1.9, Max: 2.4, Diff: 0.7, Sum: 19.3]
      [Update RS (ms): Min: 1.5, Avg: 1.6, Max: 1.7, Diff: 0.2, Sum: 16.4]
         [Processed Buffers: Min: 11, Avg: 18.1, Max: 35, Diff: 24, Sum: 181]
      [Scan RS (ms): Min: 0.0, Avg: 0.1, Max: 0.1, Diff: 0.1, Sum: 0.7]
      [Code Root Scanning (ms): Min: 0.0, Avg: 0.0, Max: 0.0, Diff: 0.0, Sum: 0.0]
      [Object Copy (ms): Min: 1.6, Avg: 1.8, Max: 1.9, Diff: 0.3, Sum: 18.4]
      [Termination (ms): Min: 0.0, Avg: 0.0, Max: 0.0, Diff: 0.0, Sum: 0.1]
         [Termination Attempts: Min: 1, Avg: 1.0, Max: 1, Diff: 0, Sum: 10]
      [GC Worker Other (ms): Min: 0.0, Avg: 0.0, Max: 0.1, Diff: 0.1, Sum: 0.4]
      [GC Worker Total (ms): Min: 5.3, Avg: 5.5, Max: 5.8, Diff: 0.5, Sum: 55.2]
      [GC Worker End (ms): Min: 786407.0, Avg: 786407.0, Max: 786407.0, Diff: 0.1]
   [Code Root Fixup: 0.0 ms]
   [Code Root Purge: 0.0 ms]
   [Clear CT: 1.5 ms]
   [Other: 3.0 ms]
      [Choose CSet: 0.0 ms]
      [Ref Proc: 1.0 ms]
      [Ref Enq: 0.0 ms]
      [Redirty Cards: 1.4 ms]
      [Humongous Register: 0.0 ms]
      [Humongous Reclaim: 0.0 ms]
      [Free CSet: 0.1 ms]
   [Eden: 151.0M(151.0M)->0.0B(151.0M) Survivors: 2048.0K->2048.0K Heap: 201.1M(256.0M)->50785.1K(256.0M)]
Heap after GC invocations=804 (full 0):
 garbage-first heap   total 262144K, used 50785K [0x00000000f0000000, 0x00000000f0100800, 0x0000000100000000)
  region size 1024K, 2 young (2048K), 2 survivors (2048K)
 Metaspace       used 52944K, capacity 56204K, committed 56448K, reserved 1099776K
  class space    used 6461K, capacity 7028K, committed 7040K, reserved 1048576K
}
 [Times: user=0.06 sys=0.00, real=0.01 secs] 
{Heap before GC invocations=804 (full 0):
 garbage-first heap   total 262144K, used 205409K [0x00000000f0000000, 0x00000000f0100800, 0x0000000100000000)
  region size 1024K, 153 young (156672K), 2 survivors (2048K)
 Metaspace       used 52944K, capacity 56204K, committed 56448K, reserved 1099776K
  class space    used 6461K, capacity 7028K, committed 7040K, reserved 1048576K
2023-10-03T06:57:59.334+0800: 787.197: [GC pause (G1 Evacuation Pause) (young), 0.0114453 secs]
   [Parallel Time: 6.5 ms, GC Workers: 10]
      [GC Worker Start (ms): Min: 787197.5, Avg: 787197.8, Max: 787198.1, Diff: 0.5]
      [Ext Root Scanning (ms): Min: 1.6, Avg: 1.9, Max: 2.4, Diff: 0.8, Sum: 19.3]
      [Update RS (ms): Min: 1.5, Avg: 1.6, Max: 1.7, Diff: 0.2, Sum: 16.2]
         [Processed Buffers: Min: 11, Avg: 18.3, Max: 36, Diff: 25, Sum: 183]
      [Scan RS (ms): Min: 0.0, Avg: 0.1, Max: 0.1, Diff: 0.1, Sum: 0.7]
      [Code Root Scanning (ms): Min: 0.0, Avg: 0.0, Max: 0.0, Diff: 0.0, Sum: 0.0]
      [Object Copy (ms): Min: 1.5, Avg: 1.8, Max: 1.9, Diff: 0.4, Sum: 17.5]
      [Termination (ms): Min: 0.0, Avg: 0.0, Max: 0.0, Diff: 0.0, Sum: 0.0]
         [Termination Attempts: Min: 1, Avg: 1.0, Max: 1, Diff: 0, Sum: 10]
      [GC Worker Other (ms): Min: 0.0, Avg: 0.1, Max: 0.2, Diff: 0.1, Sum: 0.5]
      [GC Worker Total (ms): Min: 5.2, Avg: 5.4, Max: 5.7, Diff: 0.5, Sum: 54.3]
      [GC Worker End (ms): Min: 787203.2, Avg: 787203.2, Max: 787203.3, Diff: 0.1]
   [Code Root Fixup: 0.0 ms]
   [Code Root Purge: 0.0 ms]
   [Clear CT: 1.3 ms]
   [Other: 3.6 ms]
      [Choose CSet: 0.0 ms]
      [Ref Proc: 1.6 ms]
      [Ref Enq: 0.0 ms]
      [Redirty Cards: 1.5 ms]
      [Humongous Register: 0.0 ms]
      [Humongous Reclaim: 0.0 ms]
      [Free CSet: 0.1 ms]
   [Eden: 151.0M(151.0M)->0.0B(151.0M) Survivors: 2048.0K->2048.0K Heap: 200.6M(256.0M)->50900.0K(256.0M)]
Heap after GC invocations=805 (full 0):
 garbage-first heap   total 262144K, used 50899K [0x00000000f0000000, 0x00000000f0100800, 0x0000000100000000)
  region size 1024K, 2 young (2048K), 2 survivors (2048K)
 Metaspace       used 52944K, capacity 56204K, committed 56448K, reserved 1099776K
  class space    used 6461K, capacity 7028K, committed 7040K, reserved 1048576K
}
 [Times: user=0.06 sys=0.00, real=0.01 secs] 
{Heap before GC invocations=805 (full 0):
 garbage-first heap   total 262144K, used 205523K [0x00000000f0000000, 0x00000000f0100800, 0x0000000100000000)
  region size 1024K, 153 young (156672K), 2 survivors (2048K)
 Metaspace       used 52944K, capacity 56204K, committed 56448K, reserved 1099776K
  class space    used 6461K, capacity 7028K, committed 7040K, reserved 1048576K
2023-10-03T06:58:00.145+0800: 788.008: [GC pause (G1 Evacuation Pause) (young), 0.0106229 secs]
   [Parallel Time: 6.4 ms, GC Workers: 10]
      [GC Worker Start (ms): Min: 788008.7, Avg: 788008.9, Max: 788009.2, Diff: 0.5]
      [Ext Root Scanning (ms): Min: 1.6, Avg: 1.9, Max: 2.3, Diff: 0.7, Sum: 19.3]
      [Update RS (ms): Min: 1.5, Avg: 1.6, Max: 1.7, Diff: 0.2, Sum: 16.3]
         [Processed Buffers: Min: 10, Avg: 17.8, Max: 36, Diff: 26, Sum: 178]
      [Scan RS (ms): Min: 0.0, Avg: 0.1, Max: 0.1, Diff: 0.1, Sum: 0.9]
      [Code Root Scanning (ms): Min: 0.0, Avg: 0.0, Max: 0.0, Diff: 0.0, Sum: 0.0]
      [Object Copy (ms): Min: 1.6, Avg: 1.7, Max: 1.8, Diff: 0.3, Sum: 17.4]
      [Termination (ms): Min: 0.0, Avg: 0.0, Max: 0.0, Diff: 0.0, Sum: 0.0]
         [Termination Attempts: Min: 1, Avg: 1.0, Max: 1, Diff: 0, Sum: 10]
      [GC Worker Other (ms): Min: 0.0, Avg: 0.1, Max: 0.1, Diff: 0.1, Sum: 0.5]
      [GC Worker Total (ms): Min: 5.2, Avg: 5.4, Max: 5.7, Diff: 0.5, Sum: 54.5]
      [GC Worker End (ms): Min: 788014.3, Avg: 788014.4, Max: 788014.4, Diff: 0.1]
   [Code Root Fixup: 0.0 ms]
   [Code Root Purge: 0.0 ms]
   [Clear CT: 1.2 ms]
   [Other: 3.0 ms]
      [Choose CSet: 0.0 ms]
      [Ref Proc: 1.3 ms]
      [Ref Enq: 0.0 ms]
      [Redirty Cards: 1.2 ms]
      [Humongous Register: 0.0 ms]
      [Humongous Reclaim: 0.0 ms]
      [Free CSet: 0.1 ms]
   [Eden: 151.0M(151.0M)->0.0B(151.0M) Survivors: 2048.0K->2048.0K Heap: 200.7M(256.0M)->50902.6K(256.0M)]
Heap after GC invocations=806 (full 0):
 garbage-first heap   total 262144K, used 50902K [0x00000000f0000000, 0x00000000f0100800, 0x0000000100000000)
  region size 1024K, 2 young (2048K), 2 survivors (2048K)
 Metaspace       used 52944K, capacity 56204K, committed 56448K, reserved 1099776K
  class space    used 6461K, capacity 7028K, committed 7040K, reserved 1048576K
}
 [Times: user=0.06 sys=0.00, real=0.01 secs] 
{Heap before GC invocations=806 (full 0):
 garbage-first heap   total 262144K, used 205526K [0x00000000f0000000, 0x00000000f0100800, 0x0000000100000000)
  region size 1024K, 153 young (156672K), 2 survivors (2048K)
 Metaspace       used 52944K, capacity 56204K, committed 56448K, reserved 1099776K
  class space    used 6461K, capacity 7028K, committed 7040K, reserved 1048576K
2023-10-03T06:58:00.944+0800: 788.807: [GC pause (G1 Evacuation Pause) (young), 0.0116043 secs]
   [Parallel Time: 6.7 ms, GC Workers: 10]
      [GC Worker Start (ms): Min: 788807.5, Avg: 788807.7, Max: 788807.9, Diff: 0.5]
      [Ext Root Scanning (ms): Min: 1.8, Avg: 2.0, Max: 2.4, Diff: 0.6, Sum: 19.8]
      [Update RS (ms): Min: 1.6, Avg: 1.7, Max: 1.7, Diff: 0.1, Sum: 17.1]
         [Processed Buffers: Min: 11, Avg: 18.1, Max: 32, Diff: 21, Sum: 181]
      [Scan RS (ms): Min: 0.0, Avg: 0.1, Max: 0.1, Diff: 0.1, Sum: 0.7]
      [Code Root Scanning (ms): Min: 0.0, Avg: 0.0, Max: 0.0, Diff: 0.0, Sum: 0.0]
      [Object Copy (ms): Min: 1.6, Avg: 1.8, Max: 1.9, Diff: 0.3, Sum: 17.9]
      [Termination (ms): Min: 0.0, Avg: 0.0, Max: 0.0, Diff: 0.0, Sum: 0.1]
         [Termination Attempts: Min: 1, Avg: 1.7, Max: 2, Diff: 1, Sum: 17]
      [GC Worker Other (ms): Min: 0.0, Avg: 0.1, Max: 0.2, Diff: 0.1, Sum: 0.5]
      [GC Worker Total (ms): Min: 5.3, Avg: 5.6, Max: 5.9, Diff: 0.5, Sum: 56.1]
      [GC Worker End (ms): Min: 788813.3, Avg: 788813.3, Max: 788813.4, Diff: 0.1]
   [Code Root Fixup: 0.0 ms]
   [Code Root Purge: 0.0 ms]
   [Clear CT: 1.4 ms]
   [Other: 3.5 ms]
      [Choose CSet: 0.0 ms]
      [Ref Proc: 1.6 ms]
      [Ref Enq: 0.0 ms]
      [Redirty Cards: 1.4 ms]
      [Humongous Register: 0.0 ms]
      [Humongous Reclaim: 0.0 ms]
      [Free CSet: 0.1 ms]
   [Eden: 151.0M(151.0M)->0.0B(151.0M) Survivors: 2048.0K->2048.0K Heap: 200.7M(256.0M)->50899.6K(256.0M)]
Heap after GC invocations=807 (full 0):
 garbage-first heap   total 262144K, used 50899K [0x00000000f0000000, 0x00000000f0100800, 0x0000000100000000)
  region size 1024K, 2 young (2048K), 2 survivors (2048K)
 Metaspace       used 52944K, capacity 56204K, committed 56448K, reserved 1099776K
  class space    used 6461K, capacity 7028K, committed 7040K, reserved 1048576K
}
 [Times: user=0.07 sys=0.00, real=0.01 secs] 
{Heap before GC invocations=807 (full 0):
 garbage-first heap   total 262144K, used 205523K [0x00000000f0000000, 0x00000000f0100800, 0x0000000100000000)
  region size 1024K, 153 young (156672K), 2 survivors (2048K)
 Metaspace       used 52944K, capacity 56204K, committed 56448K, reserved 1099776K
  class space    used 6461K, capacity 7028K, committed 7040K, reserved 1048576K
2023-10-03T06:58:01.741+0800: 789.604: [GC pause (G1 Evacuation Pause) (young), 0.0114869 secs]
   [Parallel Time: 6.7 ms, GC Workers: 10]
      [GC Worker Start (ms): Min: 789604.8, Avg: 789605.0, Max: 789605.3, Diff: 0.5]
      [Ext Root Scanning (ms): Min: 1.7, Avg: 1.9, Max: 2.4, Diff: 0.7, Sum: 19.4]
      [Update RS (ms): Min: 1.5, Avg: 1.6, Max: 1.7, Diff: 0.2, Sum: 16.3]
         [Processed Buffers: Min: 12, Avg: 18.0, Max: 33, Diff: 21, Sum: 180]
      [Scan RS (ms): Min: 0.0, Avg: 0.1, Max: 0.1, Diff: 0.1, Sum: 0.5]
      [Code Root Scanning (ms): Min: 0.0, Avg: 0.0, Max: 0.0, Diff: 0.0, Sum: 0.0]
      [Object Copy (ms): Min: 1.6, Avg: 1.8, Max: 1.8, Diff: 0.3, Sum: 17.7]
      [Termination (ms): Min: 0.0, Avg: 0.0, Max: 0.0, Diff: 0.0, Sum: 0.0]
         [Termination Attempts: Min: 1, Avg: 1.0, Max: 1, Diff: 0, Sum: 10]
      [GC Worker Other (ms): Min: 0.0, Avg: 0.1, Max: 0.2, Diff: 0.1, Sum: 0.5]
      [GC Worker Total (ms): Min: 5.2, Avg: 5.5, Max: 5.7, Diff: 0.5, Sum: 54.5]
      [GC Worker End (ms): Min: 789610.5, Avg: 789610.5, Max: 789610.6, Diff: 0.1]
   [Code Root Fixup: 0.0 ms]
   [Code Root Purge: 0.0 ms]
   [Clear CT: 1.3 ms]
   [Other: 3.5 ms]
      [Choose CSet: 0.0 ms]
      [Ref Proc: 1.5 ms]
      [Ref Enq: 0.0 ms]
      [Redirty Cards: 1.3 ms]
      [Humongous Register: 0.0 ms]
      [Humongous Reclaim: 0.0 ms]
      [Free CSet: 0.1 ms]
   [Eden: 151.0M(151.0M)->0.0B(151.0M) Survivors: 2048.0K->2048.0K Heap: 200.7M(256.0M)->51138.8K(256.0M)]
Heap after GC invocations=808 (full 0):
 garbage-first heap   total 262144K, used 51138K [0x00000000f0000000, 0x00000000f0100800, 0x0000000100000000)
  region size 1024K, 2 young (2048K), 2 survivors (2048K)
 Metaspace       used 52944K, capacity 56204K, committed 56448K, reserved 1099776K
  class space    used 6461K, capacity 7028K, committed 7040K, reserved 1048576K
}
 [Times: user=0.06 sys=0.00, real=0.01 secs] 
{Heap before GC invocations=808 (full 0):
 garbage-first heap   total 262144K, used 205762K [0x00000000f0000000, 0x00000000f0100800, 0x0000000100000000)
  region size 1024K, 153 young (156672K), 2 survivors (2048K)
 Metaspace       used 52944K, capacity 56204K, committed 56448K, reserved 1099776K
  class space    used 6461K, capacity 7028K, committed 7040K, reserved 1048576K
2023-10-03T06:58:02.544+0800: 790.408: [GC pause (G1 Evacuation Pause) (young), 0.0112700 secs]
   [Parallel Time: 6.4 ms, GC Workers: 10]
      [GC Worker Start (ms): Min: 790408.2, Avg: 790408.4, Max: 790408.7, Diff: 0.5]
      [Ext Root Scanning (ms): Min: 1.6, Avg: 1.9, Max: 2.3, Diff: 0.7, Sum: 18.6]
      [Update RS (ms): Min: 1.5, Avg: 1.6, Max: 1.8, Diff: 0.2, Sum: 16.2]
         [Processed Buffers: Min: 11, Avg: 18.0, Max: 33, Diff: 22, Sum: 180]
      [Scan RS (ms): Min: 0.0, Avg: 0.1, Max: 0.1, Diff: 0.1, Sum: 0.6]
      [Code Root Scanning (ms): Min: 0.0, Avg: 0.0, Max: 0.0, Diff: 0.0, Sum: 0.0]
      [Object Copy (ms): Min: 1.5, Avg: 1.7, Max: 1.8, Diff: 0.3, Sum: 17.2]
      [Termination (ms): Min: 0.0, Avg: 0.0, Max: 0.0, Diff: 0.0, Sum: 0.1]
         [Termination Attempts: Min: 1, Avg: 1.6, Max: 3, Diff: 2, Sum: 16]
      [GC Worker Other (ms): Min: 0.0, Avg: 0.0, Max: 0.1, Diff: 0.1, Sum: 0.5]
      [GC Worker Total (ms): Min: 5.1, Avg: 5.3, Max: 5.6, Diff: 0.5, Sum: 53.2]
      [GC Worker End (ms): Min: 790413.7, Avg: 790413.7, Max: 790413.8, Diff: 0.1]
   [Code Root Fixup: 0.0 ms]
   [Code Root Purge: 0.0 ms]
   [Clear CT: 1.3 ms]
   [Other: 3.5 ms]
      [Choose CSet: 0.0 ms]
      [Ref Proc: 1.5 ms]
      [Ref Enq: 0.0 ms]
      [Redirty Cards: 1.4 ms]
      [Humongous Register: 0.0 ms]
      [Humongous Reclaim: 0.0 ms]
      [Free CSet: 0.1 ms]
   [Eden: 151.0M(151.0M)->0.0B(151.0M) Survivors: 2048.0K->2048.0K Heap: 200.9M(256.0M)->50913.9K(256.0M)]
Heap after GC invocations=809 (full 0):
 garbage-first heap   total 262144K, used 50913K [0x00000000f0000000, 0x00000000f0100800, 0x0000000100000000)
  region size 1024K, 2 young (2048K), 2 survivors (2048K)
 Metaspace       used 52944K, capacity 56204K, committed 56448K, reserved 1099776K
  class space    used 6461K, capacity 7028K, committed 7040K, reserved 1048576K
}
 [Times: user=0.06 sys=0.00, real=0.01 secs] 
{Heap before GC invocations=809 (full 0):
 garbage-first heap   total 262144K, used 205537K [0x00000000f0000000, 0x00000000f0100800, 0x0000000100000000)
  region size 1024K, 153 young (156672K), 2 survivors (2048K)
 Metaspace       used 52944K, capacity 56204K, committed 56448K, reserved 1099776K
  class space    used 6461K, capacity 7028K, committed 7040K, reserved 1048576K
2023-10-03T06:58:03.337+0800: 791.200: [GC pause (G1 Evacuation Pause) (young), 0.0109204 secs]
   [Parallel Time: 6.2 ms, GC Workers: 10]
      [GC Worker Start (ms): Min: 791200.1, Avg: 791200.3, Max: 791200.5, Diff: 0.4]
      [Ext Root Scanning (ms): Min: 1.8, Avg: 2.0, Max: 2.3, Diff: 0.5, Sum: 19.5]
      [Update RS (ms): Min: 1.6, Avg: 1.7, Max: 1.8, Diff: 0.2, Sum: 16.7]
         [Processed Buffers: Min: 12, Avg: 17.9, Max: 35, Diff: 23, Sum: 179]
      [Scan RS (ms): Min: 0.0, Avg: 0.1, Max: 0.1, Diff: 0.1, Sum: 0.6]
      [Code Root Scanning (ms): Min: 0.0, Avg: 0.0, Max: 0.0, Diff: 0.0, Sum: 0.0]
      [Object Copy (ms): Min: 1.5, Avg: 1.6, Max: 1.7, Diff: 0.3, Sum: 16.5]
      [Termination (ms): Min: 0.0, Avg: 0.0, Max: 0.0, Diff: 0.0, Sum: 0.0]
         [Termination Attempts: Min: 1, Avg: 1.1, Max: 2, Diff: 1, Sum: 11]
      [GC Worker Other (ms): Min: 0.0, Avg: 0.0, Max: 0.1, Diff: 0.1, Sum: 0.4]
      [GC Worker Total (ms): Min: 5.1, Avg: 5.4, Max: 5.6, Diff: 0.5, Sum: 53.7]
      [GC Worker End (ms): Min: 791205.7, Avg: 791205.7, Max: 791205.7, Diff: 0.1]
   [Code Root Fixup: 0.0 ms]
   [Code Root Purge: 0.0 ms]
   [Clear CT: 1.4 ms]
   [Other: 3.3 ms]
      [Choose CSet: 0.0 ms]
      [Ref Proc: 1.4 ms]
      [Ref Enq: 0.0 ms]
      [Redirty Cards: 1.4 ms]
      [Humongous Register: 0.0 ms]
      [Humongous Reclaim: 0.0 ms]
      [Free CSet: 0.1 ms]
   [Eden: 151.0M(151.0M)->0.0B(151.0M) Survivors: 2048.0K->2048.0K Heap: 200.7M(256.0M)->50904.4K(256.0M)]
Heap after GC invocations=810 (full 0):
 garbage-first heap   total 262144K, used 50904K [0x00000000f0000000, 0x00000000f0100800, 0x0000000100000000)
  region size 1024K, 2 young (2048K), 2 survivors (2048K)
 Metaspace       used 52944K, capacity 56204K, committed 56448K, reserved 1099776K
  class space    used 6461K, capacity 7028K, committed 7040K, reserved 1048576K
}
 [Times: user=0.05 sys=0.01, real=0.01 secs] 
{Heap before GC invocations=810 (full 0):
 garbage-first heap   total 262144K, used 205528K [0x00000000f0000000, 0x00000000f0100800, 0x0000000100000000)
  region size 1024K, 153 young (156672K), 2 survivors (2048K)
 Metaspace       used 52944K, capacity 56204K, committed 56448K, reserved 1099776K
  class space    used 6461K, capacity 7028K, committed 7040K, reserved 1048576K
2023-10-03T06:58:04.142+0800: 792.005: [GC pause (G1 Evacuation Pause) (young), 0.0114784 secs]
   [Parallel Time: 6.6 ms, GC Workers: 10]
      [GC Worker Start (ms): Min: 792005.4, Avg: 792005.7, Max: 792005.9, Diff: 0.5]
      [Ext Root Scanning (ms): Min: 1.8, Avg: 2.0, Max: 2.4, Diff: 0.6, Sum: 19.6]
      [Update RS (ms): Min: 1.6, Avg: 1.7, Max: 1.8, Diff: 0.2, Sum: 16.7]
         [Processed Buffers: Min: 13, Avg: 18.4, Max: 33, Diff: 20, Sum: 184]
      [Scan RS (ms): Min: 0.0, Avg: 0.1, Max: 0.1, Diff: 0.1, Sum: 0.7]
      [Code Root Scanning (ms): Min: 0.0, Avg: 0.0, Max: 0.0, Diff: 0.0, Sum: 0.0]
      [Object Copy (ms): Min: 1.6, Avg: 1.8, Max: 1.8, Diff: 0.3, Sum: 17.8]
      [Termination (ms): Min: 0.0, Avg: 0.0, Max: 0.0, Diff: 0.0, Sum: 0.0]
         [Termination Attempts: Min: 1, Avg: 1.1, Max: 2, Diff: 1, Sum: 11]
      [GC Worker Other (ms): Min: 0.0, Avg: 0.1, Max: 0.2, Diff: 0.2, Sum: 0.6]
      [GC Worker Total (ms): Min: 5.3, Avg: 5.5, Max: 5.8, Diff: 0.5, Sum: 55.5]
      [GC Worker End (ms): Min: 792011.2, Avg: 792011.2, Max: 792011.4, Diff: 0.2]
   [Code Root Fixup: 0.0 ms]
   [Code Root Purge: 0.0 ms]
   [Clear CT: 1.7 ms]
   [Other: 3.2 ms]
      [Choose CSet: 0.0 ms]
      [Ref Proc: 1.1 ms]
      [Ref Enq: 0.0 ms]
      [Redirty Cards: 1.5 ms]
      [Humongous Register: 0.0 ms]
      [Humongous Reclaim: 0.0 ms]
      [Free CSet: 0.1 ms]
   [Eden: 151.0M(151.0M)->0.0B(151.0M) Survivors: 2048.0K->2048.0K Heap: 200.7M(256.0M)->50914.9K(256.0M)]
Heap after GC invocations=811 (full 0):
 garbage-first heap   total 262144K, used 50914K [0x00000000f0000000, 0x00000000f0100800, 0x0000000100000000)
  region size 1024K, 2 young (2048K), 2 survivors (2048K)
 Metaspace       used 52944K, capacity 56204K, committed 56448K, reserved 1099776K
  class space    used 6461K, capacity 7028K, committed 7040K, reserved 1048576K
}
 [Times: user=0.06 sys=0.00, real=0.01 secs] 
{Heap before GC invocations=811 (full 0):
 garbage-first heap   total 262144K, used 205538K [0x00000000f0000000, 0x00000000f0100800, 0x0000000100000000)
  region size 1024K, 153 young (156672K), 2 survivors (2048K)
 Metaspace       used 52944K, capacity 56204K, committed 56448K, reserved 1099776K
  class space    used 6461K, capacity 7028K, committed 7040K, reserved 1048576K
2023-10-03T06:58:04.945+0800: 792.808: [GC pause (G1 Evacuation Pause) (young), 0.0109229 secs]
   [Parallel Time: 6.4 ms, GC Workers: 10]
      [GC Worker Start (ms): Min: 792808.7, Avg: 792809.0, Max: 792809.2, Diff: 0.5]
      [Ext Root Scanning (ms): Min: 1.7, Avg: 1.9, Max: 2.4, Diff: 0.7, Sum: 19.3]
      [Update RS (ms): Min: 1.6, Avg: 1.7, Max: 1.8, Diff: 0.3, Sum: 16.6]
         [Processed Buffers: Min: 11, Avg: 18.3, Max: 33, Diff: 22, Sum: 183]
      [Scan RS (ms): Min: 0.0, Avg: 0.1, Max: 0.1, Diff: 0.1, Sum: 0.7]
      [Code Root Scanning (ms): Min: 0.0, Avg: 0.0, Max: 0.1, Diff: 0.1, Sum: 0.1]
      [Object Copy (ms): Min: 1.6, Avg: 1.7, Max: 1.8, Diff: 0.3, Sum: 17.4]
      [Termination (ms): Min: 0.0, Avg: 0.0, Max: 0.0, Diff: 0.0, Sum: 0.0]
         [Termination Attempts: Min: 1, Avg: 1.6, Max: 3, Diff: 2, Sum: 16]
      [GC Worker Other (ms): Min: 0.0, Avg: 0.0, Max: 0.1, Diff: 0.1, Sum: 0.4]
      [GC Worker Total (ms): Min: 5.2, Avg: 5.4, Max: 5.7, Diff: 0.5, Sum: 54.5]
      [GC Worker End (ms): Min: 792814.4, Avg: 792814.4, Max: 792814.5, Diff: 0.1]
   [Code Root Fixup: 0.0 ms]
   [Code Root Purge: 0.0 ms]
   [Clear CT: 1.3 ms]
   [Other: 3.2 ms]
      [Choose CSet: 0.0 ms]
      [Ref Proc: 1.3 ms]
      [Ref Enq: 0.0 ms]
      [Redirty Cards: 1.4 ms]
      [Humongous Register: 0.0 ms]
      [Humongous Reclaim: 0.0 ms]
      [Free CSet: 0.1 ms]
   [Eden: 151.0M(151.0M)->0.0B(151.0M) Survivors: 2048.0K->2048.0K Heap: 200.7M(256.0M)->51050.9K(256.0M)]
Heap after GC invocations=812 (full 0):
 garbage-first heap   total 262144K, used 51050K [0x00000000f0000000, 0x00000000f0100800, 0x0000000100000000)
  region size 1024K, 2 young (2048K), 2 survivors (2048K)
 Metaspace       used 52944K, capacity 56204K, committed 56448K, reserved 1099776K
  class space    used 6461K, capacity 7028K, committed 7040K, reserved 1048576K
}
 [Times: user=0.06 sys=0.00, real=0.01 secs] 
{Heap before GC invocations=812 (full 0):
 garbage-first heap   total 262144K, used 205674K [0x00000000f0000000, 0x00000000f0100800, 0x0000000100000000)
  region size 1024K, 153 young (156672K), 2 survivors (2048K)
 Metaspace       used 52944K, capacity 56204K, committed 56448K, reserved 1099776K
  class space    used 6461K, capacity 7028K, committed 7040K, reserved 1048576K
2023-10-03T06:58:05.717+0800: 793.581: [GC pause (G1 Evacuation Pause) (young), 0.0020969 secs]
   [Parallel Time: 1.4 ms, GC Workers: 10]
      [GC Worker Start (ms): Min: 793580.8, Avg: 793580.8, Max: 793580.9, Diff: 0.1]
      [Ext Root Scanning (ms): Min: 0.3, Avg: 0.4, Max: 0.7, Diff: 0.3, Sum: 4.1]
      [Update RS (ms): Min: 0.2, Avg: 0.4, Max: 0.4, Diff: 0.2, Sum: 3.5]
         [Processed Buffers: Min: 2, Avg: 18.1, Max: 29, Diff: 27, Sum: 181]
      [Scan RS (ms): Min: 0.0, Avg: 0.0, Max: 0.0, Diff: 0.0, Sum: 0.1]
      [Code Root Scanning (ms): Min: 0.0, Avg: 0.0, Max: 0.0, Diff: 0.0, Sum: 0.0]
      [Object Copy (ms): Min: 0.3, Avg: 0.3, Max: 0.4, Diff: 0.1, Sum: 3.5]
      [Termination (ms): Min: 0.0, Avg: 0.0, Max: 0.0, Diff: 0.0, Sum: 0.0]
         [Termination Attempts: Min: 1, Avg: 1.4, Max: 2, Diff: 1, Sum: 14]
      [GC Worker Other (ms): Min: 0.0, Avg: 0.0, Max: 0.1, Diff: 0.0, Sum: 0.2]
      [GC Worker Total (ms): Min: 1.1, Avg: 1.1, Max: 1.2, Diff: 0.1, Sum: 11.4]
      [GC Worker End (ms): Min: 793582.0, Avg: 793582.0, Max: 793582.0, Diff: 0.0]
   [Code Root Fixup: 0.0 ms]
   [Code Root Purge: 0.0 ms]
   [Clear CT: 0.2 ms]
   [Other: 0.5 ms]
      [Choose CSet: 0.0 ms]
      [Ref Proc: 0.3 ms]
      [Ref Enq: 0.0 ms]
      [Redirty Cards: 0.1 ms]
      [Humongous Register: 0.0 ms]
      [Humongous Reclaim: 0.0 ms]
      [Free CSet: 0.0 ms]
   [Eden: 151.0M(151.0M)->0.0B(151.0M) Survivors: 2048.0K->2048.0K Heap: 200.9M(256.0M)->50928.2K(256.0M)]
Heap after GC invocations=813 (full 0):
 garbage-first heap   total 262144K, used 50928K [0x00000000f0000000, 0x00000000f0100800, 0x0000000100000000)
  region size 1024K, 2 young (2048K), 2 survivors (2048K)
 Metaspace       used 52944K, capacity 56204K, committed 56448K, reserved 1099776K
  class space    used 6461K, capacity 7028K, committed 7040K, reserved 1048576K
}
 [Times: user=0.01 sys=0.00, real=0.01 secs] 
{Heap before GC invocations=813 (full 0):
 garbage-first heap   total 262144K, used 205552K [0x00000000f0000000, 0x00000000f0100800, 0x0000000100000000)
  region size 1024K, 153 young (156672K), 2 survivors (2048K)
 Metaspace       used 52944K, capacity 56204K, committed 56448K, reserved 1099776K
  class space    used 6461K, capacity 7028K, committed 7040K, reserved 1048576K
2023-10-03T06:58:06.360+0800: 794.223: [GC pause (G1 Evacuation Pause) (young), 0.0057827 secs]
   [Parallel Time: 3.1 ms, GC Workers: 10]
      [GC Worker Start (ms): Min: 794223.3, Avg: 794223.5, Max: 794223.6, Diff: 0.3]
      [Ext Root Scanning (ms): Min: 0.8, Avg: 0.9, Max: 1.2, Diff: 0.4, Sum: 9.4]
      [Update RS (ms): Min: 0.7, Avg: 0.8, Max: 0.8, Diff: 0.1, Sum: 7.9]
         [Processed Buffers: Min: 11, Avg: 18.2, Max: 30, Diff: 19, Sum: 182]
      [Scan RS (ms): Min: 0.0, Avg: 0.0, Max: 0.0, Diff: 0.0, Sum: 0.3]
      [Code Root Scanning (ms): Min: 0.0, Avg: 0.0, Max: 0.0, Diff: 0.0, Sum: 0.0]
      [Object Copy (ms): Min: 0.7, Avg: 0.8, Max: 0.9, Diff: 0.2, Sum: 8.3]
      [Termination (ms): Min: 0.0, Avg: 0.0, Max: 0.0, Diff: 0.0, Sum: 0.0]
         [Termination Attempts: Min: 1, Avg: 1.0, Max: 1, Diff: 0, Sum: 10]
      [GC Worker Other (ms): Min: 0.0, Avg: 0.0, Max: 0.1, Diff: 0.0, Sum: 0.3]
      [GC Worker Total (ms): Min: 2.5, Avg: 2.6, Max: 2.8, Diff: 0.3, Sum: 26.2]
      [GC Worker End (ms): Min: 794226.1, Avg: 794226.1, Max: 794226.1, Diff: 0.0]
   [Code Root Fixup: 0.0 ms]
   [Code Root Purge: 0.0 ms]
   [Clear CT: 0.8 ms]
   [Other: 1.8 ms]
      [Choose CSet: 0.0 ms]
      [Ref Proc: 0.8 ms]
      [Ref Enq: 0.0 ms]
      [Redirty Cards: 0.7 ms]
      [Humongous Register: 0.0 ms]
      [Humongous Reclaim: 0.0 ms]
      [Free CSet: 0.1 ms]
   [Eden: 151.0M(151.0M)->0.0B(151.0M) Survivors: 2048.0K->2048.0K Heap: 200.7M(256.0M)->50801.4K(256.0M)]
Heap after GC invocations=814 (full 0):
 garbage-first heap   total 262144K, used 50801K [0x00000000f0000000, 0x00000000f0100800, 0x0000000100000000)
  region size 1024K, 2 young (2048K), 2 survivors (2048K)
 Metaspace       used 52944K, capacity 56204K, committed 56448K, reserved 1099776K
  class space    used 6461K, capacity 7028K, committed 7040K, reserved 1048576K
}
 [Times: user=0.03 sys=0.01, real=0.00 secs] 
{Heap before GC invocations=814 (full 0):
 garbage-first heap   total 262144K, used 205425K [0x00000000f0000000, 0x00000000f0100800, 0x0000000100000000)
  region size 1024K, 153 young (156672K), 2 survivors (2048K)
 Metaspace       used 52944K, capacity 56204K, committed 56448K, reserved 1099776K
  class space    used 6461K, capacity 7028K, committed 7040K, reserved 1048576K
2023-10-03T06:58:07.133+0800: 794.996: [GC pause (G1 Evacuation Pause) (young), 0.0109283 secs]
   [Parallel Time: 6.1 ms, GC Workers: 10]
      [GC Worker Start (ms): Min: 794996.8, Avg: 794997.1, Max: 794997.3, Diff: 0.5]
      [Ext Root Scanning (ms): Min: 1.6, Avg: 1.8, Max: 2.3, Diff: 0.6, Sum: 18.3]
      [Update RS (ms): Min: 1.6, Avg: 1.7, Max: 1.8, Diff: 0.2, Sum: 16.9]
         [Processed Buffers: Min: 12, Avg: 17.7, Max: 34, Diff: 22, Sum: 177]
      [Scan RS (ms): Min: 0.0, Avg: 0.0, Max: 0.1, Diff: 0.1, Sum: 0.5]
      [Code Root Scanning (ms): Min: 0.0, Avg: 0.0, Max: 0.0, Diff: 0.0, Sum: 0.0]
      [Object Copy (ms): Min: 1.5, Avg: 1.7, Max: 1.8, Diff: 0.3, Sum: 17.0]
      [Termination (ms): Min: 0.0, Avg: 0.0, Max: 0.0, Diff: 0.0, Sum: 0.0]
         [Termination Attempts: Min: 1, Avg: 1.0, Max: 1, Diff: 0, Sum: 10]
      [GC Worker Other (ms): Min: 0.0, Avg: 0.0, Max: 0.1, Diff: 0.1, Sum: 0.4]
      [GC Worker Total (ms): Min: 5.1, Avg: 5.3, Max: 5.6, Diff: 0.5, Sum: 53.2]
      [GC Worker End (ms): Min: 795002.4, Avg: 795002.4, Max: 795002.5, Diff: 0.1]
   [Code Root Fixup: 0.0 ms]
   [Code Root Purge: 0.0 ms]
   [Clear CT: 1.8 ms]
   [Other: 3.0 ms]
      [Choose CSet: 0.0 ms]
      [Ref Proc: 1.1 ms]
      [Ref Enq: 0.0 ms]
      [Redirty Cards: 1.4 ms]
      [Humongous Register: 0.0 ms]
      [Humongous Reclaim: 0.0 ms]
      [Free CSet: 0.1 ms]
   [Eden: 151.0M(151.0M)->0.0B(151.0M) Survivors: 2048.0K->2048.0K Heap: 200.6M(256.0M)->50917.8K(256.0M)]
Heap after GC invocations=815 (full 0):
 garbage-first heap   total 262144K, used 50917K [0x00000000f0000000, 0x00000000f0100800, 0x0000000100000000)
  region size 1024K, 2 young (2048K), 2 survivors (2048K)
 Metaspace       used 52944K, capacity 56204K, committed 56448K, reserved 1099776K
  class space    used 6461K, capacity 7028K, committed 7040K, reserved 1048576K
}
 [Times: user=0.05 sys=0.01, real=0.01 secs] 
{Heap before GC invocations=815 (full 0):
 garbage-first heap   total 262144K, used 205541K [0x00000000f0000000, 0x00000000f0100800, 0x0000000100000000)
  region size 1024K, 153 young (156672K), 2 survivors (2048K)
 Metaspace       used 52944K, capacity 56204K, committed 56448K, reserved 1099776K
  class space    used 6461K, capacity 7028K, committed 7040K, reserved 1048576K
2023-10-03T06:58:07.941+0800: 795.804: [GC pause (G1 Evacuation Pause) (young), 0.0111008 secs]
   [Parallel Time: 6.4 ms, GC Workers: 10]
      [GC Worker Start (ms): Min: 795804.7, Avg: 795805.0, Max: 795805.2, Diff: 0.5]
      [Ext Root Scanning (ms): Min: 1.7, Avg: 1.9, Max: 2.3, Diff: 0.6, Sum: 18.7]
      [Update RS (ms): Min: 1.5, Avg: 1.6, Max: 1.8, Diff: 0.2, Sum: 16.3]
         [Processed Buffers: Min: 11, Avg: 18.3, Max: 34, Diff: 23, Sum: 183]
      [Scan RS (ms): Min: 0.0, Avg: 0.1, Max: 0.1, Diff: 0.1, Sum: 0.6]
      [Code Root Scanning (ms): Min: 0.0, Avg: 0.0, Max: 0.0, Diff: 0.0, Sum: 0.0]
      [Object Copy (ms): Min: 1.5, Avg: 1.7, Max: 1.8, Diff: 0.3, Sum: 16.9]
      [Termination (ms): Min: 0.0, Avg: 0.0, Max: 0.0, Diff: 0.0, Sum: 0.1]
         [Termination Attempts: Min: 1, Avg: 1.4, Max: 2, Diff: 1, Sum: 14]
      [GC Worker Other (ms): Min: 0.0, Avg: 0.1, Max: 0.2, Diff: 0.1, Sum: 0.6]
      [GC Worker Total (ms): Min: 5.1, Avg: 5.3, Max: 5.6, Diff: 0.5, Sum: 53.1]
      [GC Worker End (ms): Min: 795810.3, Avg: 795810.3, Max: 795810.4, Diff: 0.1]
   [Code Root Fixup: 0.0 ms]
   [Code Root Purge: 0.0 ms]
   [Clear CT: 1.2 ms]
   [Other: 3.5 ms]
      [Choose CSet: 0.0 ms]
      [Ref Proc: 1.6 ms]
      [Ref Enq: 0.0 ms]
      [Redirty Cards: 1.2 ms]
      [Humongous Register: 0.0 ms]
      [Humongous Reclaim: 0.0 ms]
      [Free CSet: 0.1 ms]
   [Eden: 151.0M(151.0M)->0.0B(151.0M) Survivors: 2048.0K->2048.0K Heap: 200.7M(256.0M)->50934.2K(256.0M)]
Heap after GC invocations=816 (full 0):
 garbage-first heap   total 262144K, used 50934K [0x00000000f0000000, 0x00000000f0100800, 0x0000000100000000)
  region size 1024K, 2 young (2048K), 2 survivors (2048K)
 Metaspace       used 52944K, capacity 56204K, committed 56448K, reserved 1099776K
  class space    used 6461K, capacity 7028K, committed 7040K, reserved 1048576K
}
 [Times: user=0.06 sys=0.00, real=0.01 secs] 
{Heap before GC invocations=816 (full 0):
 garbage-first heap   total 262144K, used 205558K [0x00000000f0000000, 0x00000000f0100800, 0x0000000100000000)
  region size 1024K, 153 young (156672K), 2 survivors (2048K)
 Metaspace       used 52944K, capacity 56204K, committed 56448K, reserved 1099776K
  class space    used 6461K, capacity 7028K, committed 7040K, reserved 1048576K
2023-10-03T06:58:08.744+0800: 796.608: [GC pause (G1 Evacuation Pause) (young), 0.0111189 secs]
   [Parallel Time: 6.4 ms, GC Workers: 10]
      [GC Worker Start (ms): Min: 796608.1, Avg: 796608.3, Max: 796608.5, Diff: 0.4]
      [Ext Root Scanning (ms): Min: 1.7, Avg: 1.9, Max: 2.3, Diff: 0.6, Sum: 19.3]
      [Update RS (ms): Min: 1.6, Avg: 1.6, Max: 1.7, Diff: 0.2, Sum: 16.3]
         [Processed Buffers: Min: 13, Avg: 18.3, Max: 29, Diff: 16, Sum: 183]
      [Scan RS (ms): Min: 0.0, Avg: 0.1, Max: 0.1, Diff: 0.1, Sum: 0.7]
      [Code Root Scanning (ms): Min: 0.0, Avg: 0.0, Max: 0.0, Diff: 0.0, Sum: 0.0]
      [Object Copy (ms): Min: 1.5, Avg: 1.7, Max: 1.8, Diff: 0.3, Sum: 17.1]
      [Termination (ms): Min: 0.0, Avg: 0.0, Max: 0.0, Diff: 0.0, Sum: 0.1]
         [Termination Attempts: Min: 1, Avg: 1.3, Max: 2, Diff: 1, Sum: 13]
      [GC Worker Other (ms): Min: 0.0, Avg: 0.1, Max: 0.2, Diff: 0.1, Sum: 0.5]
      [GC Worker Total (ms): Min: 5.2, Avg: 5.4, Max: 5.7, Diff: 0.5, Sum: 54.0]
      [GC Worker End (ms): Min: 796613.7, Avg: 796613.7, Max: 796613.8, Diff: 0.1]
   [Code Root Fixup: 0.0 ms]
   [Code Root Purge: 0.0 ms]
   [Clear CT: 1.5 ms]
   [Other: 3.2 ms]
      [Choose CSet: 0.0 ms]
      [Ref Proc: 1.1 ms]
      [Ref Enq: 0.0 ms]
      [Redirty Cards: 1.4 ms]
      [Humongous Register: 0.0 ms]
      [Humongous Reclaim: 0.0 ms]
      [Free CSet: 0.1 ms]
   [Eden: 151.0M(151.0M)->0.0B(151.0M) Survivors: 2048.0K->2048.0K Heap: 200.7M(256.0M)->50924.0K(256.0M)]
Heap after GC invocations=817 (full 0):
 garbage-first heap   total 262144K, used 50923K [0x00000000f0000000, 0x00000000f0100800, 0x0000000100000000)
  region size 1024K, 2 young (2048K), 2 survivors (2048K)
 Metaspace       used 52944K, capacity 56204K, committed 56448K, reserved 1099776K
  class space    used 6461K, capacity 7028K, committed 7040K, reserved 1048576K
}
 [Times: user=0.06 sys=0.00, real=0.01 secs] 
{Heap before GC invocations=817 (full 0):
 garbage-first heap   total 262144K, used 205547K [0x00000000f0000000, 0x00000000f0100800, 0x0000000100000000)
  region size 1024K, 153 young (156672K), 2 survivors (2048K)
 Metaspace       used 52944K, capacity 56204K, committed 56448K, reserved 1099776K
  class space    used 6461K, capacity 7028K, committed 7040K, reserved 1048576K
2023-10-03T06:58:09.546+0800: 797.409: [GC pause (G1 Evacuation Pause) (young), 0.0111832 secs]
   [Parallel Time: 6.4 ms, GC Workers: 10]
      [GC Worker Start (ms): Min: 797409.6, Avg: 797409.9, Max: 797410.1, Diff: 0.5]
      [Ext Root Scanning (ms): Min: 1.6, Avg: 1.9, Max: 2.3, Diff: 0.6, Sum: 18.7]
      [Update RS (ms): Min: 1.6, Avg: 1.7, Max: 1.8, Diff: 0.2, Sum: 16.7]
         [Processed Buffers: Min: 11, Avg: 18.2, Max: 33, Diff: 22, Sum: 182]
      [Scan RS (ms): Min: 0.0, Avg: 0.1, Max: 0.1, Diff: 0.1, Sum: 0.6]
      [Code Root Scanning (ms): Min: 0.0, Avg: 0.0, Max: 0.0, Diff: 0.0, Sum: 0.0]
      [Object Copy (ms): Min: 1.5, Avg: 1.7, Max: 1.8, Diff: 0.3, Sum: 17.4]
      [Termination (ms): Min: 0.0, Avg: 0.0, Max: 0.0, Diff: 0.0, Sum: 0.1]
         [Termination Attempts: Min: 1, Avg: 1.9, Max: 3, Diff: 2, Sum: 19]
      [GC Worker Other (ms): Min: 0.0, Avg: 0.0, Max: 0.1, Diff: 0.1, Sum: 0.4]
      [GC Worker Total (ms): Min: 5.1, Avg: 5.4, Max: 5.7, Diff: 0.5, Sum: 53.9]
      [GC Worker End (ms): Min: 797415.3, Avg: 797415.3, Max: 797415.3, Diff: 0.1]
   [Code Root Fixup: 0.0 ms]
   [Code Root Purge: 0.0 ms]
   [Clear CT: 1.3 ms]
   [Other: 3.5 ms]
      [Choose CSet: 0.0 ms]
      [Ref Proc: 1.7 ms]
      [Ref Enq: 0.0 ms]
      [Redirty Cards: 1.3 ms]
      [Humongous Register: 0.0 ms]
      [Humongous Reclaim: 0.0 ms]
      [Free CSet: 0.1 ms]
   [Eden: 151.0M(151.0M)->0.0B(151.0M) Survivors: 2048.0K->2048.0K Heap: 200.7M(256.0M)->50929.1K(256.0M)]
Heap after GC invocations=818 (full 0):
 garbage-first heap   total 262144K, used 50929K [0x00000000f0000000, 0x00000000f0100800, 0x0000000100000000)
  region size 1024K, 2 young (2048K), 2 survivors (2048K)
 Metaspace       used 52944K, capacity 56204K, committed 56448K, reserved 1099776K
  class space    used 6461K, capacity 7028K, committed 7040K, reserved 1048576K
}
 [Times: user=0.06 sys=0.01, real=0.01 secs] 
{Heap before GC invocations=818 (full 0):
 garbage-first heap   total 262144K, used 205553K [0x00000000f0000000, 0x00000000f0100800, 0x0000000100000000)
  region size 1024K, 153 young (156672K), 2 survivors (2048K)
 Metaspace       used 52944K, capacity 56204K, committed 56448K, reserved 1099776K
  class space    used 6461K, capacity 7028K, committed 7040K, reserved 1048576K
2023-10-03T06:58:10.358+0800: 798.221: [GC pause (G1 Evacuation Pause) (young), 0.0111496 secs]
   [Parallel Time: 6.5 ms, GC Workers: 10]
      [GC Worker Start (ms): Min: 798221.3, Avg: 798221.5, Max: 798221.8, Diff: 0.5]
      [Ext Root Scanning (ms): Min: 1.5, Avg: 1.9, Max: 2.3, Diff: 0.8, Sum: 18.7]
      [Update RS (ms): Min: 1.6, Avg: 1.7, Max: 1.8, Diff: 0.2, Sum: 16.6]
         [Processed Buffers: Min: 13, Avg: 18.1, Max: 36, Diff: 23, Sum: 181]
      [Scan RS (ms): Min: 0.0, Avg: 0.1, Max: 0.1, Diff: 0.1, Sum: 0.6]
      [Code Root Scanning (ms): Min: 0.0, Avg: 0.0, Max: 0.0, Diff: 0.0, Sum: 0.0]
      [Object Copy (ms): Min: 1.5, Avg: 1.7, Max: 1.8, Diff: 0.3, Sum: 17.0]
      [Termination (ms): Min: 0.0, Avg: 0.0, Max: 0.0, Diff: 0.0, Sum: 0.0]
         [Termination Attempts: Min: 1, Avg: 1.3, Max: 2, Diff: 1, Sum: 13]
      [GC Worker Other (ms): Min: 0.0, Avg: 0.1, Max: 0.2, Diff: 0.2, Sum: 0.7]
      [GC Worker Total (ms): Min: 5.1, Avg: 5.4, Max: 5.6, Diff: 0.5, Sum: 53.6]
      [GC Worker End (ms): Min: 798226.8, Avg: 798226.9, Max: 798227.0, Diff: 0.2]
   [Code Root Fixup: 0.0 ms]
   [Code Root Purge: 0.0 ms]
   [Clear CT: 1.3 ms]
   [Other: 3.4 ms]
      [Choose CSet: 0.0 ms]
      [Ref Proc: 1.5 ms]
      [Ref Enq: 0.0 ms]
      [Redirty Cards: 1.3 ms]
      [Humongous Register: 0.0 ms]
      [Humongous Reclaim: 0.0 ms]
      [Free CSet: 0.1 ms]
   [Eden: 151.0M(151.0M)->0.0B(151.0M) Survivors: 2048.0K->2048.0K Heap: 200.7M(256.0M)->50934.0K(256.0M)]
Heap after GC invocations=819 (full 0):
 garbage-first heap   total 262144K, used 50934K [0x00000000f0000000, 0x00000000f0100800, 0x0000000100000000)
  region size 1024K, 2 young (2048K), 2 survivors (2048K)
 Metaspace       used 52944K, capacity 56204K, committed 56448K, reserved 1099776K
  class space    used 6461K, capacity 7028K, committed 7040K, reserved 1048576K
}
 [Times: user=0.05 sys=0.00, real=0.01 secs] 
{Heap before GC invocations=819 (full 0):
 garbage-first heap   total 262144K, used 205558K [0x00000000f0000000, 0x00000000f0100800, 0x0000000100000000)
  region size 1024K, 153 young (156672K), 2 survivors (2048K)
 Metaspace       used 52944K, capacity 56204K, committed 56448K, reserved 1099776K
  class space    used 6461K, capacity 7028K, committed 7040K, reserved 1048576K
2023-10-03T06:58:11.171+0800: 799.034: [GC pause (G1 Evacuation Pause) (young), 0.0110017 secs]
   [Parallel Time: 6.6 ms, GC Workers: 10]
      [GC Worker Start (ms): Min: 799034.8, Avg: 799035.1, Max: 799035.3, Diff: 0.5]
      [Ext Root Scanning (ms): Min: 1.8, Avg: 2.0, Max: 2.5, Diff: 0.6, Sum: 20.4]
      [Update RS (ms): Min: 1.5, Avg: 1.6, Max: 1.7, Diff: 0.2, Sum: 16.2]
         [Processed Buffers: Min: 11, Avg: 17.8, Max: 32, Diff: 21, Sum: 178]
      [Scan RS (ms): Min: 0.0, Avg: 0.1, Max: 0.1, Diff: 0.1, Sum: 0.6]
      [Code Root Scanning (ms): Min: 0.0, Avg: 0.0, Max: 0.0, Diff: 0.0, Sum: 0.0]
      [Object Copy (ms): Min: 1.6, Avg: 1.8, Max: 1.8, Diff: 0.3, Sum: 17.8]
      [Termination (ms): Min: 0.0, Avg: 0.0, Max: 0.0, Diff: 0.0, Sum: 0.0]
         [Termination Attempts: Min: 1, Avg: 1.0, Max: 1, Diff: 0, Sum: 10]
      [GC Worker Other (ms): Min: 0.0, Avg: 0.0, Max: 0.1, Diff: 0.1, Sum: 0.5]
      [GC Worker Total (ms): Min: 5.4, Avg: 5.6, Max: 5.8, Diff: 0.5, Sum: 55.6]
      [GC Worker End (ms): Min: 799040.6, Avg: 799040.6, Max: 799040.7, Diff: 0.1]
   [Code Root Fixup: 0.0 ms]
   [Code Root Purge: 0.0 ms]
   [Clear CT: 1.3 ms]
   [Other: 3.1 ms]
      [Choose CSet: 0.0 ms]
      [Ref Proc: 1.1 ms]
      [Ref Enq: 0.0 ms]
      [Redirty Cards: 1.5 ms]
      [Humongous Register: 0.0 ms]
      [Humongous Reclaim: 0.0 ms]
      [Free CSet: 0.1 ms]
   [Eden: 151.0M(151.0M)->0.0B(151.0M) Survivors: 2048.0K->2048.0K Heap: 200.7M(256.0M)->50940.3K(256.0M)]
Heap after GC invocations=820 (full 0):
 garbage-first heap   total 262144K, used 50940K [0x00000000f0000000, 0x00000000f0100800, 0x0000000100000000)
  region size 1024K, 2 young (2048K), 2 survivors (2048K)
 Metaspace       used 52944K, capacity 56204K, committed 56448K, reserved 1099776K
  class space    used 6461K, capacity 7028K, committed 7040K, reserved 1048576K
}
 [Times: user=0.06 sys=0.00, real=0.01 secs] 
{Heap before GC invocations=820 (full 0):
 garbage-first heap   total 262144K, used 205564K [0x00000000f0000000, 0x00000000f0100800, 0x0000000100000000)
  region size 1024K, 153 young (156672K), 2 survivors (2048K)
 Metaspace       used 52944K, capacity 56204K, committed 56448K, reserved 1099776K
  class space    used 6461K, capacity 7028K, committed 7040K, reserved 1048576K
2023-10-03T06:58:11.969+0800: 799.832: [GC pause (G1 Evacuation Pause) (young), 0.0112279 secs]
   [Parallel Time: 6.4 ms, GC Workers: 10]
      [GC Worker Start (ms): Min: 799832.8, Avg: 799833.0, Max: 799833.2, Diff: 0.4]
      [Ext Root Scanning (ms): Min: 1.7, Avg: 1.9, Max: 2.2, Diff: 0.6, Sum: 18.8]
      [Update RS (ms): Min: 1.6, Avg: 1.7, Max: 1.8, Diff: 0.2, Sum: 17.1]
         [Processed Buffers: Min: 14, Avg: 17.8, Max: 29, Diff: 15, Sum: 178]
      [Scan RS (ms): Min: 0.0, Avg: 0.1, Max: 0.1, Diff: 0.1, Sum: 0.6]
      [Code Root Scanning (ms): Min: 0.0, Avg: 0.0, Max: 0.0, Diff: 0.0, Sum: 0.0]
      [Object Copy (ms): Min: 1.6, Avg: 1.8, Max: 1.9, Diff: 0.4, Sum: 17.9]
      [Termination (ms): Min: 0.0, Avg: 0.0, Max: 0.0, Diff: 0.0, Sum: 0.0]
         [Termination Attempts: Min: 1, Avg: 1.3, Max: 2, Diff: 1, Sum: 13]
      [GC Worker Other (ms): Min: 0.0, Avg: 0.0, Max: 0.1, Diff: 0.1, Sum: 0.4]
      [GC Worker Total (ms): Min: 5.3, Avg: 5.5, Max: 5.7, Diff: 0.5, Sum: 54.9]
      [GC Worker End (ms): Min: 799838.4, Avg: 799838.4, Max: 799838.5, Diff: 0.1]
   [Code Root Fixup: 0.0 ms]
   [Code Root Purge: 0.0 ms]
   [Clear CT: 1.8 ms]
   [Other: 3.0 ms]
      [Choose CSet: 0.0 ms]
      [Ref Proc: 1.3 ms]
      [Ref Enq: 0.0 ms]
      [Redirty Cards: 1.2 ms]
      [Humongous Register: 0.0 ms]
      [Humongous Reclaim: 0.0 ms]
      [Free CSet: 0.1 ms]
   [Eden: 151.0M(151.0M)->0.0B(151.0M) Survivors: 2048.0K->2048.0K Heap: 200.7M(256.0M)->51055.2K(256.0M)]
Heap after GC invocations=821 (full 0):
 garbage-first heap   total 262144K, used 51055K [0x00000000f0000000, 0x00000000f0100800, 0x0000000100000000)
  region size 1024K, 2 young (2048K), 2 survivors (2048K)
 Metaspace       used 52944K, capacity 56204K, committed 56448K, reserved 1099776K
  class space    used 6461K, capacity 7028K, committed 7040K, reserved 1048576K
}
 [Times: user=0.06 sys=0.00, real=0.02 secs] 
{Heap before GC invocations=821 (full 0):
 garbage-first heap   total 262144K, used 205679K [0x00000000f0000000, 0x00000000f0100800, 0x0000000100000000)
  region size 1024K, 153 young (156672K), 2 survivors (2048K)
 Metaspace       used 52945K, capacity 56204K, committed 56448K, reserved 1099776K
  class space    used 6461K, capacity 7028K, committed 7040K, reserved 1048576K
2023-10-03T06:58:12.767+0800: 800.630: [GC pause (G1 Evacuation Pause) (young), 0.0111967 secs]
   [Parallel Time: 6.6 ms, GC Workers: 10]
      [GC Worker Start (ms): Min: 800630.6, Avg: 800630.8, Max: 800631.0, Diff: 0.4]
      [Ext Root Scanning (ms): Min: 1.9, Avg: 2.1, Max: 2.5, Diff: 0.6, Sum: 20.7]
      [Update RS (ms): Min: 1.5, Avg: 1.6, Max: 1.7, Diff: 0.2, Sum: 16.2]
         [Processed Buffers: Min: 11, Avg: 18.0, Max: 30, Diff: 19, Sum: 180]
      [Scan RS (ms): Min: 0.0, Avg: 0.1, Max: 0.1, Diff: 0.1, Sum: 0.7]
      [Code Root Scanning (ms): Min: 0.0, Avg: 0.0, Max: 0.0, Diff: 0.0, Sum: 0.0]
      [Object Copy (ms): Min: 1.6, Avg: 1.8, Max: 1.9, Diff: 0.3, Sum: 18.1]
      [Termination (ms): Min: 0.0, Avg: 0.0, Max: 0.0, Diff: 0.0, Sum: 0.0]
         [Termination Attempts: Min: 1, Avg: 1.3, Max: 3, Diff: 2, Sum: 13]
      [GC Worker Other (ms): Min: 0.0, Avg: 0.1, Max: 0.1, Diff: 0.1, Sum: 0.5]
      [GC Worker Total (ms): Min: 5.4, Avg: 5.6, Max: 5.8, Diff: 0.4, Sum: 56.3]
      [GC Worker End (ms): Min: 800636.4, Avg: 800636.4, Max: 800636.5, Diff: 0.1]
   [Code Root Fixup: 0.0 ms]
   [Code Root Purge: 0.0 ms]
   [Clear CT: 1.2 ms]
   [Other: 3.4 ms]
      [Choose CSet: 0.0 ms]
      [Ref Proc: 1.4 ms]
      [Ref Enq: 0.0 ms]
      [Redirty Cards: 1.5 ms]
      [Humongous Register: 0.0 ms]
      [Humongous Reclaim: 0.0 ms]
      [Free CSet: 0.1 ms]
   [Eden: 151.0M(151.0M)->0.0B(151.0M) Survivors: 2048.0K->2048.0K Heap: 200.9M(256.0M)->51063.2K(256.0M)]
Heap after GC invocations=822 (full 0):
 garbage-first heap   total 262144K, used 51063K [0x00000000f0000000, 0x00000000f0100800, 0x0000000100000000)
  region size 1024K, 2 young (2048K), 2 survivors (2048K)
 Metaspace       used 52945K, capacity 56204K, committed 56448K, reserved 1099776K
  class space    used 6461K, capacity 7028K, committed 7040K, reserved 1048576K
}
 [Times: user=0.07 sys=0.00, real=0.01 secs] 
{Heap before GC invocations=822 (full 0):
 garbage-first heap   total 262144K, used 205687K [0x00000000f0000000, 0x00000000f0100800, 0x0000000100000000)
  region size 1024K, 153 young (156672K), 2 survivors (2048K)
 Metaspace       used 52945K, capacity 56204K, committed 56448K, reserved 1099776K
  class space    used 6461K, capacity 7028K, committed 7040K, reserved 1048576K
2023-10-03T06:58:13.559+0800: 801.422: [GC pause (G1 Evacuation Pause) (young), 0.0114124 secs]
   [Parallel Time: 6.6 ms, GC Workers: 10]
      [GC Worker Start (ms): Min: 801422.1, Avg: 801422.4, Max: 801422.6, Diff: 0.5]
      [Ext Root Scanning (ms): Min: 1.8, Avg: 2.0, Max: 2.4, Diff: 0.6, Sum: 19.6]
      [Update RS (ms): Min: 1.6, Avg: 1.7, Max: 1.8, Diff: 0.2, Sum: 17.5]
         [Processed Buffers: Min: 10, Avg: 18.1, Max: 26, Diff: 16, Sum: 181]
      [Scan RS (ms): Min: 0.0, Avg: 0.1, Max: 0.1, Diff: 0.1, Sum: 0.6]
      [Code Root Scanning (ms): Min: 0.0, Avg: 0.0, Max: 0.0, Diff: 0.0, Sum: 0.0]
      [Object Copy (ms): Min: 1.5, Avg: 1.7, Max: 1.8, Diff: 0.3, Sum: 16.7]
      [Termination (ms): Min: 0.0, Avg: 0.0, Max: 0.0, Diff: 0.0, Sum: 0.0]
         [Termination Attempts: Min: 1, Avg: 1.0, Max: 1, Diff: 0, Sum: 10]
      [GC Worker Other (ms): Min: 0.0, Avg: 0.1, Max: 0.2, Diff: 0.1, Sum: 0.6]
      [GC Worker Total (ms): Min: 5.3, Avg: 5.5, Max: 5.8, Diff: 0.5, Sum: 55.1]
      [GC Worker End (ms): Min: 801427.9, Avg: 801427.9, Max: 801428.0, Diff: 0.1]
   [Code Root Fixup: 0.0 ms]
   [Code Root Purge: 0.0 ms]
   [Clear CT: 1.5 ms]
   [Other: 3.4 ms]
      [Choose CSet: 0.0 ms]
      [Ref Proc: 1.4 ms]
      [Ref Enq: 0.0 ms]
      [Redirty Cards: 1.4 ms]
      [Humongous Register: 0.0 ms]
      [Humongous Reclaim: 0.0 ms]
      [Free CSet: 0.1 ms]
   [Eden: 151.0M(151.0M)->0.0B(151.0M) Survivors: 2048.0K->2048.0K Heap: 200.9M(256.0M)->50943.2K(256.0M)]
Heap after GC invocations=823 (full 0):
 garbage-first heap   total 262144K, used 50943K [0x00000000f0000000, 0x00000000f0100800, 0x0000000100000000)
  region size 1024K, 2 young (2048K), 2 survivors (2048K)
 Metaspace       used 52945K, capacity 56204K, committed 56448K, reserved 1099776K
  class space    used 6461K, capacity 7028K, committed 7040K, reserved 1048576K
}
 [Times: user=0.06 sys=0.00, real=0.02 secs] 
{Heap before GC invocations=823 (full 0):
 garbage-first heap   total 262144K, used 205567K [0x00000000f0000000, 0x00000000f0100800, 0x0000000100000000)
  region size 1024K, 153 young (156672K), 2 survivors (2048K)
 Metaspace       used 52945K, capacity 56204K, committed 56448K, reserved 1099776K
  class space    used 6461K, capacity 7028K, committed 7040K, reserved 1048576K
2023-10-03T06:58:14.358+0800: 802.222: [GC pause (G1 Evacuation Pause) (young), 0.0110100 secs]
   [Parallel Time: 5.9 ms, GC Workers: 10]
      [GC Worker Start (ms): Min: 802222.0, Avg: 802222.2, Max: 802222.5, Diff: 0.5]
      [Ext Root Scanning (ms): Min: 1.8, Avg: 2.0, Max: 2.4, Diff: 0.6, Sum: 20.0]
      [Update RS (ms): Min: 1.6, Avg: 1.6, Max: 1.7, Diff: 0.1, Sum: 16.5]
         [Processed Buffers: Min: 10, Avg: 18.2, Max: 30, Diff: 20, Sum: 182]
      [Scan RS (ms): Min: 0.0, Avg: 0.1, Max: 0.1, Diff: 0.1, Sum: 0.7]
      [Code Root Scanning (ms): Min: 0.0, Avg: 0.0, Max: 0.0, Diff: 0.0, Sum: 0.0]
      [Object Copy (ms): Min: 1.6, Avg: 1.8, Max: 1.9, Diff: 0.3, Sum: 18.1]
      [Termination (ms): Min: 0.0, Avg: 0.0, Max: 0.0, Diff: 0.0, Sum: 0.0]
         [Termination Attempts: Min: 1, Avg: 1.0, Max: 1, Diff: 0, Sum: 10]
      [GC Worker Other (ms): Min: 0.0, Avg: 0.0, Max: 0.1, Diff: 0.0, Sum: 0.4]
      [GC Worker Total (ms): Min: 5.4, Avg: 5.6, Max: 5.8, Diff: 0.5, Sum: 55.7]
      [GC Worker End (ms): Min: 802227.8, Avg: 802227.8, Max: 802227.8, Diff: 0.0]
   [Code Root Fixup: 0.0 ms]
   [Code Root Purge: 0.0 ms]
   [Clear CT: 1.4 ms]
   [Other: 3.6 ms]
      [Choose CSet: 0.0 ms]
      [Ref Proc: 1.6 ms]
      [Ref Enq: 0.0 ms]
      [Redirty Cards: 1.5 ms]
      [Humongous Register: 0.0 ms]
      [Humongous Reclaim: 0.0 ms]
      [Free CSet: 0.1 ms]
   [Eden: 151.0M(151.0M)->0.0B(151.0M) Survivors: 2048.0K->2048.0K Heap: 200.7M(256.0M)->51059.9K(256.0M)]
Heap after GC invocations=824 (full 0):
 garbage-first heap   total 262144K, used 51059K [0x00000000f0000000, 0x00000000f0100800, 0x0000000100000000)
  region size 1024K, 2 young (2048K), 2 survivors (2048K)
 Metaspace       used 52945K, capacity 56204K, committed 56448K, reserved 1099776K
  class space    used 6461K, capacity 7028K, committed 7040K, reserved 1048576K
}
 [Times: user=0.06 sys=0.00, real=0.02 secs] 
{Heap before GC invocations=824 (full 0):
 garbage-first heap   total 262144K, used 205683K [0x00000000f0000000, 0x00000000f0100800, 0x0000000100000000)
  region size 1024K, 153 young (156672K), 2 survivors (2048K)
 Metaspace       used 52945K, capacity 56204K, committed 56448K, reserved 1099776K
  class space    used 6461K, capacity 7028K, committed 7040K, reserved 1048576K
2023-10-03T06:58:15.165+0800: 803.028: [GC pause (G1 Evacuation Pause) (young), 0.0111306 secs]
   [Parallel Time: 6.6 ms, GC Workers: 10]
      [GC Worker Start (ms): Min: 803028.3, Avg: 803028.5, Max: 803028.8, Diff: 0.5]
      [Ext Root Scanning (ms): Min: 1.7, Avg: 1.9, Max: 2.4, Diff: 0.7, Sum: 19.5]
      [Update RS (ms): Min: 1.5, Avg: 1.6, Max: 1.7, Diff: 0.2, Sum: 16.4]
         [Processed Buffers: Min: 12, Avg: 17.9, Max: 37, Diff: 25, Sum: 179]
      [Scan RS (ms): Min: 0.0, Avg: 0.1, Max: 0.1, Diff: 0.1, Sum: 0.6]
      [Code Root Scanning (ms): Min: 0.0, Avg: 0.0, Max: 0.0, Diff: 0.0, Sum: 0.0]
      [Object Copy (ms): Min: 1.6, Avg: 1.9, Max: 1.9, Diff: 0.3, Sum: 18.6]
      [Termination (ms): Min: 0.0, Avg: 0.0, Max: 0.0, Diff: 0.0, Sum: 0.0]
         [Termination Attempts: Min: 1, Avg: 1.4, Max: 2, Diff: 1, Sum: 14]
      [GC Worker Other (ms): Min: 0.0, Avg: 0.0, Max: 0.1, Diff: 0.1, Sum: 0.4]
      [GC Worker Total (ms): Min: 5.3, Avg: 5.6, Max: 5.8, Diff: 0.5, Sum: 55.6]
      [GC Worker End (ms): Min: 803034.1, Avg: 803034.1, Max: 803034.2, Diff: 0.1]
   [Code Root Fixup: 0.0 ms]
   [Code Root Purge: 0.0 ms]
   [Clear CT: 1.7 ms]
   [Other: 2.8 ms]
      [Choose CSet: 0.0 ms]
      [Ref Proc: 1.0 ms]
      [Ref Enq: 0.0 ms]
      [Redirty Cards: 1.3 ms]
      [Humongous Register: 0.0 ms]
      [Humongous Reclaim: 0.0 ms]
      [Free CSet: 0.1 ms]
   [Eden: 151.0M(151.0M)->0.0B(151.0M) Survivors: 2048.0K->2048.0K Heap: 200.9M(256.0M)->50948.5K(256.0M)]
Heap after GC invocations=825 (full 0):
 garbage-first heap   total 262144K, used 50948K [0x00000000f0000000, 0x00000000f0100800, 0x0000000100000000)
  region size 1024K, 2 young (2048K), 2 survivors (2048K)
 Metaspace       used 52945K, capacity 56204K, committed 56448K, reserved 1099776K
  class space    used 6461K, capacity 7028K, committed 7040K, reserved 1048576K
}
 [Times: user=0.06 sys=0.00, real=0.01 secs] 
{Heap before GC invocations=825 (full 0):
 garbage-first heap   total 262144K, used 205572K [0x00000000f0000000, 0x00000000f0100800, 0x0000000100000000)
  region size 1024K, 153 young (156672K), 2 survivors (2048K)
 Metaspace       used 52945K, capacity 56204K, committed 56448K, reserved 1099776K
  class space    used 6461K, capacity 7028K, committed 7040K, reserved 1048576K
2023-10-03T06:58:15.968+0800: 803.831: [GC pause (G1 Evacuation Pause) (young), 0.0114315 secs]
   [Parallel Time: 6.7 ms, GC Workers: 10]
      [GC Worker Start (ms): Min: 803831.5, Avg: 803831.7, Max: 803831.9, Diff: 0.5]
      [Ext Root Scanning (ms): Min: 1.8, Avg: 2.0, Max: 2.5, Diff: 0.7, Sum: 20.3]
      [Update RS (ms): Min: 1.5, Avg: 1.6, Max: 1.7, Diff: 0.1, Sum: 16.2]
         [Processed Buffers: Min: 13, Avg: 18.1, Max: 27, Diff: 14, Sum: 181]
      [Scan RS (ms): Min: 0.0, Avg: 0.1, Max: 0.1, Diff: 0.1, Sum: 0.6]
      [Code Root Scanning (ms): Min: 0.0, Avg: 0.0, Max: 0.0, Diff: 0.0, Sum: 0.0]
      [Object Copy (ms): Min: 1.7, Avg: 1.8, Max: 1.9, Diff: 0.3, Sum: 18.5]
      [Termination (ms): Min: 0.0, Avg: 0.0, Max: 0.0, Diff: 0.0, Sum: 0.0]
         [Termination Attempts: Min: 1, Avg: 1.2, Max: 2, Diff: 1, Sum: 12]
      [GC Worker Other (ms): Min: 0.0, Avg: 0.1, Max: 0.2, Diff: 0.2, Sum: 0.7]
      [GC Worker Total (ms): Min: 5.4, Avg: 5.6, Max: 5.8, Diff: 0.4, Sum: 56.4]
      [GC Worker End (ms): Min: 803837.3, Avg: 803837.3, Max: 803837.5, Diff: 0.2]
   [Code Root Fixup: 0.0 ms]
   [Code Root Purge: 0.0 ms]
   [Clear CT: 1.4 ms]
   [Other: 3.4 ms]
      [Choose CSet: 0.0 ms]
      [Ref Proc: 1.5 ms]
      [Ref Enq: 0.0 ms]
      [Redirty Cards: 1.3 ms]
      [Humongous Register: 0.0 ms]
      [Humongous Reclaim: 0.0 ms]
      [Free CSet: 0.1 ms]
   [Eden: 151.0M(151.0M)->0.0B(151.0M) Survivors: 2048.0K->2048.0K Heap: 200.8M(256.0M)->51195.9K(256.0M)]
Heap after GC invocations=826 (full 0):
 garbage-first heap   total 262144K, used 51195K [0x00000000f0000000, 0x00000000f0100800, 0x0000000100000000)
  region size 1024K, 2 young (2048K), 2 survivors (2048K)
 Metaspace       used 52945K, capacity 56204K, committed 56448K, reserved 1099776K
  class space    used 6461K, capacity 7028K, committed 7040K, reserved 1048576K
}
 [Times: user=0.06 sys=0.01, real=0.01 secs] 
{Heap before GC invocations=826 (full 0):
 garbage-first heap   total 262144K, used 205819K [0x00000000f0000000, 0x00000000f0100800, 0x0000000100000000)
  region size 1024K, 153 young (156672K), 2 survivors (2048K)
 Metaspace       used 52945K, capacity 56204K, committed 56448K, reserved 1099776K
  class space    used 6461K, capacity 7028K, committed 7040K, reserved 1048576K
2023-10-03T06:58:16.728+0800: 804.592: [GC pause (G1 Evacuation Pause) (young), 0.0113925 secs]
   [Parallel Time: 6.6 ms, GC Workers: 10]
      [GC Worker Start (ms): Min: 804592.0, Avg: 804592.2, Max: 804592.5, Diff: 0.5]
      [Ext Root Scanning (ms): Min: 1.7, Avg: 1.9, Max: 2.3, Diff: 0.6, Sum: 19.2]
      [Update RS (ms): Min: 1.6, Avg: 1.7, Max: 1.8, Diff: 0.2, Sum: 17.2]
         [Processed Buffers: Min: 7, Avg: 18.0, Max: 31, Diff: 24, Sum: 180]
      [Scan RS (ms): Min: 0.0, Avg: 0.1, Max: 0.1, Diff: 0.1, Sum: 0.8]
      [Code Root Scanning (ms): Min: 0.0, Avg: 0.0, Max: 0.0, Diff: 0.0, Sum: 0.0]
      [Object Copy (ms): Min: 1.4, Avg: 1.6, Max: 1.7, Diff: 0.3, Sum: 16.2]
      [Termination (ms): Min: 0.0, Avg: 0.0, Max: 0.0, Diff: 0.0, Sum: 0.0]
         [Termination Attempts: Min: 1, Avg: 1.0, Max: 1, Diff: 0, Sum: 10]
      [GC Worker Other (ms): Min: 0.0, Avg: 0.0, Max: 0.1, Diff: 0.1, Sum: 0.4]
      [GC Worker Total (ms): Min: 5.2, Avg: 5.4, Max: 5.6, Diff: 0.5, Sum: 53.9]
      [GC Worker End (ms): Min: 804597.6, Avg: 804597.6, Max: 804597.7, Diff: 0.1]
   [Code Root Fixup: 0.0 ms]
   [Code Root Purge: 0.0 ms]
   [Clear CT: 1.7 ms]
   [Other: 3.1 ms]
      [Choose CSet: 0.0 ms]
      [Ref Proc: 1.1 ms]
      [Ref Enq: 0.0 ms]
      [Redirty Cards: 1.3 ms]
      [Humongous Register: 0.0 ms]
      [Humongous Reclaim: 0.0 ms]
      [Free CSet: 0.1 ms]
   [Eden: 151.0M(151.0M)->0.0B(151.0M) Survivors: 2048.0K->2048.0K Heap: 201.0M(256.0M)->50956.7K(256.0M)]
Heap after GC invocations=827 (full 0):
 garbage-first heap   total 262144K, used 50956K [0x00000000f0000000, 0x00000000f0100800, 0x0000000100000000)
  region size 1024K, 2 young (2048K), 2 survivors (2048K)
 Metaspace       used 52945K, capacity 56204K, committed 56448K, reserved 1099776K
  class space    used 6461K, capacity 7028K, committed 7040K, reserved 1048576K
}
 [Times: user=0.06 sys=0.00, real=0.02 secs] 
{Heap before GC invocations=827 (full 0):
 garbage-first heap   total 262144K, used 205580K [0x00000000f0000000, 0x00000000f0100800, 0x0000000100000000)
  region size 1024K, 153 young (156672K), 2 survivors (2048K)
 Metaspace       used 52945K, capacity 56204K, committed 56448K, reserved 1099776K
  class space    used 6461K, capacity 7028K, committed 7040K, reserved 1048576K
2023-10-03T06:58:17.483+0800: 805.347: [GC pause (G1 Evacuation Pause) (young), 0.0114750 secs]
   [Parallel Time: 6.5 ms, GC Workers: 10]
      [GC Worker Start (ms): Min: 805347.0, Avg: 805347.2, Max: 805347.5, Diff: 0.5]
      [Ext Root Scanning (ms): Min: 1.6, Avg: 1.9, Max: 2.4, Diff: 0.7, Sum: 19.2]
      [Update RS (ms): Min: 1.5, Avg: 1.6, Max: 1.7, Diff: 0.2, Sum: 16.2]
         [Processed Buffers: Min: 11, Avg: 17.8, Max: 31, Diff: 20, Sum: 178]
      [Scan RS (ms): Min: 0.0, Avg: 0.1, Max: 0.1, Diff: 0.1, Sum: 0.6]
      [Code Root Scanning (ms): Min: 0.0, Avg: 0.0, Max: 0.0, Diff: 0.0, Sum: 0.0]
      [Object Copy (ms): Min: 1.6, Avg: 1.8, Max: 2.0, Diff: 0.4, Sum: 18.2]
      [Termination (ms): Min: 0.0, Avg: 0.0, Max: 0.0, Diff: 0.0, Sum: 0.1]
         [Termination Attempts: Min: 1, Avg: 1.7, Max: 3, Diff: 2, Sum: 17]
      [GC Worker Other (ms): Min: 0.0, Avg: 0.0, Max: 0.1, Diff: 0.1, Sum: 0.5]
      [GC Worker Total (ms): Min: 5.3, Avg: 5.5, Max: 5.8, Diff: 0.5, Sum: 54.8]
      [GC Worker End (ms): Min: 805352.7, Avg: 805352.7, Max: 805352.8, Diff: 0.1]
   [Code Root Fixup: 0.0 ms]
   [Code Root Purge: 0.0 ms]
   [Clear CT: 1.4 ms]
   [Other: 3.6 ms]
      [Choose CSet: 0.0 ms]
      [Ref Proc: 1.6 ms]
      [Ref Enq: 0.0 ms]
      [Redirty Cards: 1.5 ms]
      [Humongous Register: 0.0 ms]
      [Humongous Reclaim: 0.0 ms]
      [Free CSet: 0.1 ms]
   [Eden: 151.0M(151.0M)->0.0B(151.0M) Survivors: 2048.0K->2048.0K Heap: 200.8M(256.0M)->51065.7K(256.0M)]
Heap after GC invocations=828 (full 0):
 garbage-first heap   total 262144K, used 51065K [0x00000000f0000000, 0x00000000f0100800, 0x0000000100000000)
  region size 1024K, 2 young (2048K), 2 survivors (2048K)
 Metaspace       used 52945K, capacity 56204K, committed 56448K, reserved 1099776K
  class space    used 6461K, capacity 7028K, committed 7040K, reserved 1048576K
}
 [Times: user=0.06 sys=0.01, real=0.01 secs] 
{Heap before GC invocations=828 (full 0):
 garbage-first heap   total 262144K, used 205689K [0x00000000f0000000, 0x00000000f0100800, 0x0000000100000000)
  region size 1024K, 153 young (156672K), 2 survivors (2048K)
 Metaspace       used 52945K, capacity 56204K, committed 56448K, reserved 1099776K
  class space    used 6461K, capacity 7028K, committed 7040K, reserved 1048576K
2023-10-03T06:58:18.287+0800: 806.150: [GC pause (G1 Evacuation Pause) (young), 0.0107430 secs]
   [Parallel Time: 6.5 ms, GC Workers: 10]
      [GC Worker Start (ms): Min: 806150.7, Avg: 806151.0, Max: 806151.2, Diff: 0.5]
      [Ext Root Scanning (ms): Min: 1.8, Avg: 2.0, Max: 2.4, Diff: 0.6, Sum: 19.6]
      [Update RS (ms): Min: 1.6, Avg: 1.7, Max: 1.8, Diff: 0.2, Sum: 16.5]
         [Processed Buffers: Min: 11, Avg: 18.2, Max: 37, Diff: 26, Sum: 182]
      [Scan RS (ms): Min: 0.0, Avg: 0.1, Max: 0.1, Diff: 0.1, Sum: 0.7]
      [Code Root Scanning (ms): Min: 0.0, Avg: 0.0, Max: 0.0, Diff: 0.0, Sum: 0.0]
      [Object Copy (ms): Min: 1.5, Avg: 1.8, Max: 1.8, Diff: 0.3, Sum: 17.5]
      [Termination (ms): Min: 0.0, Avg: 0.0, Max: 0.0, Diff: 0.0, Sum: 0.0]
         [Termination Attempts: Min: 1, Avg: 1.0, Max: 1, Diff: 0, Sum: 10]
      [GC Worker Other (ms): Min: 0.0, Avg: 0.0, Max: 0.1, Diff: 0.1, Sum: 0.4]
      [GC Worker Total (ms): Min: 5.2, Avg: 5.5, Max: 5.7, Diff: 0.5, Sum: 54.7]
      [GC Worker End (ms): Min: 806156.4, Avg: 806156.4, Max: 806156.5, Diff: 0.1]
   [Code Root Fixup: 0.0 ms]
   [Code Root Purge: 0.0 ms]
   [Clear CT: 1.2 ms]
   [Other: 3.1 ms]
      [Choose CSet: 0.0 ms]
      [Ref Proc: 1.4 ms]
      [Ref Enq: 0.0 ms]
      [Redirty Cards: 1.1 ms]
      [Humongous Register: 0.0 ms]
      [Humongous Reclaim: 0.0 ms]
      [Free CSet: 0.2 ms]
   [Eden: 151.0M(151.0M)->0.0B(151.0M) Survivors: 2048.0K->2048.0K Heap: 200.9M(256.0M)->51070.7K(256.0M)]
Heap after GC invocations=829 (full 0):
 garbage-first heap   total 262144K, used 51070K [0x00000000f0000000, 0x00000000f0100800, 0x0000000100000000)
  region size 1024K, 2 young (2048K), 2 survivors (2048K)
 Metaspace       used 52945K, capacity 56204K, committed 56448K, reserved 1099776K
  class space    used 6461K, capacity 7028K, committed 7040K, reserved 1048576K
}
 [Times: user=0.06 sys=0.00, real=0.01 secs] 
{Heap before GC invocations=829 (full 0):
 garbage-first heap   total 262144K, used 205694K [0x00000000f0000000, 0x00000000f0100800, 0x0000000100000000)
  region size 1024K, 153 young (156672K), 2 survivors (2048K)
 Metaspace       used 52945K, capacity 56204K, committed 56448K, reserved 1099776K
  class space    used 6461K, capacity 7028K, committed 7040K, reserved 1048576K
2023-10-03T06:58:19.090+0800: 806.954: [GC pause (G1 Evacuation Pause) (young), 0.0113241 secs]
   [Parallel Time: 6.4 ms, GC Workers: 10]
      [GC Worker Start (ms): Min: 806954.0, Avg: 806954.3, Max: 806954.5, Diff: 0.5]
      [Ext Root Scanning (ms): Min: 1.7, Avg: 2.0, Max: 2.3, Diff: 0.6, Sum: 19.6]
      [Update RS (ms): Min: 1.6, Avg: 1.6, Max: 1.7, Diff: 0.1, Sum: 16.3]
         [Processed Buffers: Min: 13, Avg: 18.0, Max: 29, Diff: 16, Sum: 180]
      [Scan RS (ms): Min: 0.0, Avg: 0.1, Max: 0.1, Diff: 0.1, Sum: 0.7]
      [Code Root Scanning (ms): Min: 0.0, Avg: 0.0, Max: 0.0, Diff: 0.0, Sum: 0.0]
      [Object Copy (ms): Min: 1.5, Avg: 1.7, Max: 1.8, Diff: 0.3, Sum: 17.4]
      [Termination (ms): Min: 0.0, Avg: 0.0, Max: 0.0, Diff: 0.0, Sum: 0.0]
         [Termination Attempts: Min: 1, Avg: 1.0, Max: 1, Diff: 0, Sum: 10]
      [GC Worker Other (ms): Min: 0.0, Avg: 0.0, Max: 0.1, Diff: 0.1, Sum: 0.4]
      [GC Worker Total (ms): Min: 5.2, Avg: 5.4, Max: 5.7, Diff: 0.5, Sum: 54.4]
      [GC Worker End (ms): Min: 806959.7, Avg: 806959.7, Max: 806959.7, Diff: 0.1]
   [Code Root Fixup: 0.0 ms]
   [Code Root Purge: 0.0 ms]
   [Clear CT: 1.3 ms]
   [Other: 3.6 ms]
      [Choose CSet: 0.0 ms]
      [Ref Proc: 1.6 ms]
      [Ref Enq: 0.0 ms]
      [Redirty Cards: 1.4 ms]
      [Humongous Register: 0.0 ms]
      [Humongous Reclaim: 0.0 ms]
      [Free CSet: 0.1 ms]
   [Eden: 151.0M(151.0M)->0.0B(151.0M) Survivors: 2048.0K->2048.0K Heap: 200.9M(256.0M)->51075.8K(256.0M)]
Heap after GC invocations=830 (full 0):
 garbage-first heap   total 262144K, used 51075K [0x00000000f0000000, 0x00000000f0100800, 0x0000000100000000)
  region size 1024K, 2 young (2048K), 2 survivors (2048K)
 Metaspace       used 52945K, capacity 56204K, committed 56448K, reserved 1099776K
  class space    used 6461K, capacity 7028K, committed 7040K, reserved 1048576K
}
 [Times: user=0.06 sys=0.00, real=0.01 secs] 
{Heap before GC invocations=830 (full 0):
 garbage-first heap   total 262144K, used 205699K [0x00000000f0000000, 0x00000000f0100800, 0x0000000100000000)
  region size 1024K, 153 young (156672K), 2 survivors (2048K)
 Metaspace       used 52945K, capacity 56204K, committed 56448K, reserved 1099776K
  class space    used 6461K, capacity 7028K, committed 7040K, reserved 1048576K
2023-10-03T06:58:19.889+0800: 807.752: [GC pause (G1 Evacuation Pause) (young), 0.0112265 secs]
   [Parallel Time: 6.4 ms, GC Workers: 10]
      [GC Worker Start (ms): Min: 807752.4, Avg: 807752.7, Max: 807752.9, Diff: 0.5]
      [Ext Root Scanning (ms): Min: 1.7, Avg: 1.9, Max: 2.3, Diff: 0.6, Sum: 19.0]
      [Update RS (ms): Min: 1.6, Avg: 1.7, Max: 1.9, Diff: 0.2, Sum: 17.3]
         [Processed Buffers: Min: 9, Avg: 18.0, Max: 36, Diff: 27, Sum: 180]
      [Scan RS (ms): Min: 0.0, Avg: 0.1, Max: 0.1, Diff: 0.1, Sum: 0.6]
      [Code Root Scanning (ms): Min: 0.0, Avg: 0.0, Max: 0.0, Diff: 0.0, Sum: 0.0]
      [Object Copy (ms): Min: 1.4, Avg: 1.7, Max: 1.8, Diff: 0.4, Sum: 16.5]
      [Termination (ms): Min: 0.0, Avg: 0.0, Max: 0.0, Diff: 0.0, Sum: 0.0]
         [Termination Attempts: Min: 1, Avg: 1.0, Max: 1, Diff: 0, Sum: 10]
      [GC Worker Other (ms): Min: 0.0, Avg: 0.0, Max: 0.1, Diff: 0.1, Sum: 0.5]
      [GC Worker Total (ms): Min: 5.2, Avg: 5.4, Max: 5.7, Diff: 0.5, Sum: 54.0]
      [GC Worker End (ms): Min: 807758.1, Avg: 807758.1, Max: 807758.1, Diff: 0.1]
   [Code Root Fixup: 0.0 ms]
   [Code Root Purge: 0.0 ms]
   [Clear CT: 1.4 ms]
   [Other: 3.4 ms]
      [Choose CSet: 0.0 ms]
      [Ref Proc: 1.6 ms]
      [Ref Enq: 0.0 ms]
      [Redirty Cards: 1.3 ms]
      [Humongous Register: 0.0 ms]
      [Humongous Reclaim: 0.0 ms]
      [Free CSet: 0.1 ms]
   [Eden: 151.0M(151.0M)->0.0B(151.0M) Survivors: 2048.0K->2048.0K Heap: 200.9M(256.0M)->51081.3K(256.0M)]
Heap after GC invocations=831 (full 0):
 garbage-first heap   total 262144K, used 51081K [0x00000000f0000000, 0x00000000f0100800, 0x0000000100000000)
  region size 1024K, 2 young (2048K), 2 survivors (2048K)
 Metaspace       used 52945K, capacity 56204K, committed 56448K, reserved 1099776K
  class space    used 6461K, capacity 7028K, committed 7040K, reserved 1048576K
}
 [Times: user=0.06 sys=0.01, real=0.02 secs] 
{Heap before GC invocations=831 (full 0):
 garbage-first heap   total 262144K, used 205705K [0x00000000f0000000, 0x00000000f0100800, 0x0000000100000000)
  region size 1024K, 153 young (156672K), 2 survivors (2048K)
 Metaspace       used 52945K, capacity 56204K, committed 56448K, reserved 1099776K
  class space    used 6461K, capacity 7028K, committed 7040K, reserved 1048576K
2023-10-03T06:58:20.691+0800: 808.554: [GC pause (G1 Evacuation Pause) (young), 0.0113138 secs]
   [Parallel Time: 6.4 ms, GC Workers: 10]
      [GC Worker Start (ms): Min: 808554.2, Avg: 808554.5, Max: 808554.7, Diff: 0.5]
      [Ext Root Scanning (ms): Min: 1.7, Avg: 1.9, Max: 2.4, Diff: 0.6, Sum: 19.1]
      [Update RS (ms): Min: 1.5, Avg: 1.6, Max: 1.7, Diff: 0.2, Sum: 16.3]
         [Processed Buffers: Min: 11, Avg: 18.0, Max: 31, Diff: 20, Sum: 180]
      [Scan RS (ms): Min: 0.0, Avg: 0.1, Max: 0.1, Diff: 0.1, Sum: 0.7]
      [Code Root Scanning (ms): Min: 0.0, Avg: 0.0, Max: 0.0, Diff: 0.0, Sum: 0.0]
      [Object Copy (ms): Min: 1.5, Avg: 1.8, Max: 1.8, Diff: 0.3, Sum: 17.6]
      [Termination (ms): Min: 0.0, Avg: 0.0, Max: 0.0, Diff: 0.0, Sum: 0.0]
         [Termination Attempts: Min: 1, Avg: 1.2, Max: 2, Diff: 1, Sum: 12]
      [GC Worker Other (ms): Min: 0.0, Avg: 0.0, Max: 0.1, Diff: 0.1, Sum: 0.5]
      [GC Worker Total (ms): Min: 5.2, Avg: 5.4, Max: 5.7, Diff: 0.5, Sum: 54.3]
      [GC Worker End (ms): Min: 808559.9, Avg: 808559.9, Max: 808559.9, Diff: 0.1]
   [Code Root Fixup: 0.0 ms]
   [Code Root Purge: 0.0 ms]
   [Clear CT: 1.4 ms]
   [Other: 3.4 ms]
      [Choose CSet: 0.0 ms]
      [Ref Proc: 1.5 ms]
      [Ref Enq: 0.0 ms]
      [Redirty Cards: 1.4 ms]
      [Humongous Register: 0.0 ms]
      [Humongous Reclaim: 0.0 ms]
      [Free CSet: 0.1 ms]
   [Eden: 151.0M(151.0M)->0.0B(151.0M) Survivors: 2048.0K->2048.0K Heap: 200.9M(256.0M)->51089.6K(256.0M)]
Heap after GC invocations=832 (full 0):
 garbage-first heap   total 262144K, used 51089K [0x00000000f0000000, 0x00000000f0100800, 0x0000000100000000)
  region size 1024K, 2 young (2048K), 2 survivors (2048K)
 Metaspace       used 52945K, capacity 56204K, committed 56448K, reserved 1099776K
  class space    used 6461K, capacity 7028K, committed 7040K, reserved 1048576K
}
 [Times: user=0.07 sys=0.00, real=0.01 secs] 
{Heap before GC invocations=832 (full 0):
 garbage-first heap   total 262144K, used 205713K [0x00000000f0000000, 0x00000000f0100800, 0x0000000100000000)
  region size 1024K, 153 young (156672K), 2 survivors (2048K)
 Metaspace       used 52945K, capacity 56204K, committed 56448K, reserved 1099776K
  class space    used 6461K, capacity 7028K, committed 7040K, reserved 1048576K
2023-10-03T06:58:21.483+0800: 809.346: [GC pause (G1 Evacuation Pause) (young), 0.0113657 secs]
   [Parallel Time: 6.4 ms, GC Workers: 10]
      [GC Worker Start (ms): Min: 809346.2, Avg: 809346.5, Max: 809346.7, Diff: 0.5]
      [Ext Root Scanning (ms): Min: 1.6, Avg: 1.8, Max: 2.3, Diff: 0.6, Sum: 18.3]
      [Update RS (ms): Min: 1.6, Avg: 1.7, Max: 1.8, Diff: 0.1, Sum: 16.9]
         [Processed Buffers: Min: 12, Avg: 17.9, Max: 30, Diff: 18, Sum: 179]
      [Scan RS (ms): Min: 0.0, Avg: 0.1, Max: 0.1, Diff: 0.1, Sum: 0.5]
      [Code Root Scanning (ms): Min: 0.0, Avg: 0.0, Max: 0.0, Diff: 0.0, Sum: 0.0]
      [Object Copy (ms): Min: 1.5, Avg: 1.7, Max: 1.8, Diff: 0.3, Sum: 16.8]
      [Termination (ms): Min: 0.0, Avg: 0.0, Max: 0.0, Diff: 0.0, Sum: 0.1]
         [Termination Attempts: Min: 1, Avg: 1.7, Max: 4, Diff: 3, Sum: 17]
      [GC Worker Other (ms): Min: 0.0, Avg: 0.1, Max: 0.2, Diff: 0.1, Sum: 0.5]
      [GC Worker Total (ms): Min: 5.1, Avg: 5.3, Max: 5.7, Diff: 0.6, Sum: 53.3]
      [GC Worker End (ms): Min: 809351.8, Avg: 809351.8, Max: 809351.9, Diff: 0.1]
   [Code Root Fixup: 0.0 ms]
   [Code Root Purge: 0.0 ms]
   [Clear CT: 1.4 ms]
   [Other: 3.5 ms]
      [Choose CSet: 0.0 ms]
      [Ref Proc: 1.6 ms]
      [Ref Enq: 0.0 ms]
      [Redirty Cards: 1.4 ms]
      [Humongous Register: 0.0 ms]
      [Humongous Reclaim: 0.0 ms]
      [Free CSet: 0.1 ms]
   [Eden: 151.0M(151.0M)->0.0B(151.0M) Survivors: 2048.0K->2048.0K Heap: 200.9M(256.0M)->50963.0K(256.0M)]
Heap after GC invocations=833 (full 0):
 garbage-first heap   total 262144K, used 50962K [0x00000000f0000000, 0x00000000f0100800, 0x0000000100000000)
  region size 1024K, 2 young (2048K), 2 survivors (2048K)
 Metaspace       used 52945K, capacity 56204K, committed 56448K, reserved 1099776K
  class space    used 6461K, capacity 7028K, committed 7040K, reserved 1048576K
}
 [Times: user=0.06 sys=0.00, real=0.01 secs] 
{Heap before GC invocations=833 (full 0):
 garbage-first heap   total 262144K, used 205586K [0x00000000f0000000, 0x00000000f0100800, 0x0000000100000000)
  region size 1024K, 153 young (156672K), 2 survivors (2048K)
 Metaspace       used 52945K, capacity 56204K, committed 56448K, reserved 1099776K
  class space    used 6461K, capacity 7028K, committed 7040K, reserved 1048576K
2023-10-03T06:58:22.296+0800: 810.159: [GC pause (G1 Evacuation Pause) (young), 0.0111146 secs]
   [Parallel Time: 6.4 ms, GC Workers: 10]
      [GC Worker Start (ms): Min: 810159.8, Avg: 810160.1, Max: 810160.3, Diff: 0.5]
      [Ext Root Scanning (ms): Min: 1.6, Avg: 1.8, Max: 2.3, Diff: 0.7, Sum: 18.1]
      [Update RS (ms): Min: 1.6, Avg: 1.7, Max: 1.8, Diff: 0.1, Sum: 17.1]
         [Processed Buffers: Min: 12, Avg: 18.0, Max: 32, Diff: 20, Sum: 180]
      [Scan RS (ms): Min: 0.0, Avg: 0.1, Max: 0.1, Diff: 0.1, Sum: 0.6]
      [Code Root Scanning (ms): Min: 0.0, Avg: 0.0, Max: 0.0, Diff: 0.0, Sum: 0.0]
      [Object Copy (ms): Min: 1.5, Avg: 1.7, Max: 1.7, Diff: 0.3, Sum: 16.7]
      [Termination (ms): Min: 0.0, Avg: 0.0, Max: 0.0, Diff: 0.0, Sum: 0.0]
         [Termination Attempts: Min: 1, Avg: 1.0, Max: 1, Diff: 0, Sum: 10]
      [GC Worker Other (ms): Min: 0.0, Avg: 0.0, Max: 0.1, Diff: 0.1, Sum: 0.5]
      [GC Worker Total (ms): Min: 5.1, Avg: 5.3, Max: 5.6, Diff: 0.6, Sum: 53.1]
      [GC Worker End (ms): Min: 810165.3, Avg: 810165.4, Max: 810165.4, Diff: 0.1]
   [Code Root Fixup: 0.0 ms]
   [Code Root Purge: 0.0 ms]
   [Clear CT: 1.4 ms]
   [Other: 3.3 ms]
      [Choose CSet: 0.0 ms]
      [Ref Proc: 1.4 ms]
      [Ref Enq: 0.0 ms]
      [Redirty Cards: 1.4 ms]
      [Humongous Register: 0.0 ms]
      [Humongous Reclaim: 0.0 ms]
      [Free CSet: 0.1 ms]
   [Eden: 151.0M(151.0M)->0.0B(151.0M) Survivors: 2048.0K->2048.0K Heap: 200.8M(256.0M)->50965.0K(256.0M)]
Heap after GC invocations=834 (full 0):
 garbage-first heap   total 262144K, used 50965K [0x00000000f0000000, 0x00000000f0100800, 0x0000000100000000)
  region size 1024K, 2 young (2048K), 2 survivors (2048K)
 Metaspace       used 52945K, capacity 56204K, committed 56448K, reserved 1099776K
  class space    used 6461K, capacity 7028K, committed 7040K, reserved 1048576K
}
 [Times: user=0.06 sys=0.01, real=0.01 secs] 
{Heap before GC invocations=834 (full 0):
 garbage-first heap   total 262144K, used 205589K [0x00000000f0000000, 0x00000000f0100800, 0x0000000100000000)
  region size 1024K, 153 young (156672K), 2 survivors (2048K)
 Metaspace       used 52945K, capacity 56204K, committed 56448K, reserved 1099776K
  class space    used 6461K, capacity 7028K, committed 7040K, reserved 1048576K
2023-10-03T06:58:23.100+0800: 810.964: [GC pause (G1 Evacuation Pause) (young), 0.0105386 secs]
   [Parallel Time: 5.6 ms, GC Workers: 10]
      [GC Worker Start (ms): Min: 810964.0, Avg: 810964.2, Max: 810964.5, Diff: 0.5]
      [Ext Root Scanning (ms): Min: 1.6, Avg: 1.8, Max: 2.2, Diff: 0.6, Sum: 18.2]
      [Update RS (ms): Min: 1.6, Avg: 1.6, Max: 1.7, Diff: 0.1, Sum: 16.3]
         [Processed Buffers: Min: 10, Avg: 17.9, Max: 33, Diff: 23, Sum: 179]
      [Scan RS (ms): Min: 0.0, Avg: 0.1, Max: 0.1, Diff: 0.1, Sum: 0.6]
      [Code Root Scanning (ms): Min: 0.0, Avg: 0.0, Max: 0.0, Diff: 0.0, Sum: 0.0]
      [Object Copy (ms): Min: 1.5, Avg: 1.7, Max: 1.8, Diff: 0.3, Sum: 16.7]
      [Termination (ms): Min: 0.0, Avg: 0.0, Max: 0.0, Diff: 0.0, Sum: 0.0]
         [Termination Attempts: Min: 1, Avg: 1.0, Max: 1, Diff: 0, Sum: 10]
      [GC Worker Other (ms): Min: 0.0, Avg: 0.0, Max: 0.0, Diff: 0.0, Sum: 0.3]
      [GC Worker Total (ms): Min: 5.0, Avg: 5.2, Max: 5.5, Diff: 0.5, Sum: 52.2]
      [GC Worker End (ms): Min: 810969.5, Avg: 810969.5, Max: 810969.5, Diff: 0.0]
   [Code Root Fixup: 0.0 ms]
   [Code Root Purge: 0.0 ms]
   [Clear CT: 1.8 ms]
   [Other: 3.1 ms]
      [Choose CSet: 0.0 ms]
      [Ref Proc: 1.3 ms]
      [Ref Enq: 0.0 ms]
      [Redirty Cards: 1.3 ms]
      [Humongous Register: 0.0 ms]
      [Humongous Reclaim: 0.0 ms]
      [Free CSet: 0.1 ms]
   [Eden: 151.0M(151.0M)->0.0B(151.0M) Survivors: 2048.0K->2048.0K Heap: 200.8M(256.0M)->50970.0K(256.0M)]
Heap after GC invocations=835 (full 0):
 garbage-first heap   total 262144K, used 50969K [0x00000000f0000000, 0x00000000f0100800, 0x0000000100000000)
  region size 1024K, 2 young (2048K), 2 survivors (2048K)
 Metaspace       used 52945K, capacity 56204K, committed 56448K, reserved 1099776K
  class space    used 6461K, capacity 7028K, committed 7040K, reserved 1048576K
}
 [Times: user=0.04 sys=0.01, real=0.01 secs] 
{Heap before GC invocations=835 (full 0):
 garbage-first heap   total 262144K, used 205593K [0x00000000f0000000, 0x00000000f0100800, 0x0000000100000000)
  region size 1024K, 153 young (156672K), 2 survivors (2048K)
 Metaspace       used 52945K, capacity 56204K, committed 56448K, reserved 1099776K
  class space    used 6461K, capacity 7028K, committed 7040K, reserved 1048576K
2023-10-03T06:58:23.895+0800: 811.758: [GC pause (G1 Evacuation Pause) (young), 0.0113765 secs]
   [Parallel Time: 6.6 ms, GC Workers: 10]
      [GC Worker Start (ms): Min: 811758.8, Avg: 811759.1, Max: 811759.3, Diff: 0.5]
      [Ext Root Scanning (ms): Min: 1.7, Avg: 1.9, Max: 2.4, Diff: 0.6, Sum: 19.3]
      [Update RS (ms): Min: 1.7, Avg: 1.8, Max: 1.8, Diff: 0.1, Sum: 17.7]
         [Processed Buffers: Min: 11, Avg: 18.2, Max: 25, Diff: 14, Sum: 182]
      [Scan RS (ms): Min: 0.0, Avg: 0.1, Max: 0.1, Diff: 0.1, Sum: 0.6]
      [Code Root Scanning (ms): Min: 0.0, Avg: 0.0, Max: 0.0, Diff: 0.0, Sum: 0.0]
      [Object Copy (ms): Min: 1.6, Avg: 1.8, Max: 1.9, Diff: 0.3, Sum: 17.8]
      [Termination (ms): Min: 0.0, Avg: 0.0, Max: 0.0, Diff: 0.0, Sum: 0.0]
         [Termination Attempts: Min: 1, Avg: 1.7, Max: 3, Diff: 2, Sum: 17]
      [GC Worker Other (ms): Min: 0.0, Avg: 0.0, Max: 0.1, Diff: 0.1, Sum: 0.4]
      [GC Worker Total (ms): Min: 5.3, Avg: 5.6, Max: 5.9, Diff: 0.5, Sum: 55.8]
      [GC Worker End (ms): Min: 811764.6, Avg: 811764.7, Max: 811764.7, Diff: 0.1]
   [Code Root Fixup: 0.0 ms]
   [Code Root Purge: 0.0 ms]
   [Clear CT: 1.3 ms]
   [Other: 3.5 ms]
      [Choose CSet: 0.0 ms]
      [Ref Proc: 1.6 ms]
      [Ref Enq: 0.0 ms]
      [Redirty Cards: 1.3 ms]
      [Humongous Register: 0.0 ms]
      [Humongous Reclaim: 0.0 ms]
      [Free CSet: 0.1 ms]
   [Eden: 151.0M(151.0M)->0.0B(151.0M) Survivors: 2048.0K->2048.0K Heap: 200.8M(256.0M)->51079.8K(256.0M)]
Heap after GC invocations=836 (full 0):
 garbage-first heap   total 262144K, used 51079K [0x00000000f0000000, 0x00000000f0100800, 0x0000000100000000)
  region size 1024K, 2 young (2048K), 2 survivors (2048K)
 Metaspace       used 52945K, capacity 56204K, committed 56448K, reserved 1099776K
  class space    used 6461K, capacity 7028K, committed 7040K, reserved 1048576K
}
 [Times: user=0.06 sys=0.00, real=0.01 secs] 
{Heap before GC invocations=836 (full 0):
 garbage-first heap   total 262144K, used 205703K [0x00000000f0000000, 0x00000000f0100800, 0x0000000100000000)
  region size 1024K, 153 young (156672K), 2 survivors (2048K)
 Metaspace       used 52945K, capacity 56204K, committed 56448K, reserved 1099776K
  class space    used 6461K, capacity 7028K, committed 7040K, reserved 1048576K
2023-10-03T06:58:24.697+0800: 812.560: [GC pause (G1 Evacuation Pause) (young), 0.0113027 secs]
   [Parallel Time: 6.6 ms, GC Workers: 10]
      [GC Worker Start (ms): Min: 812560.2, Avg: 812560.5, Max: 812560.7, Diff: 0.5]
      [Ext Root Scanning (ms): Min: 1.7, Avg: 1.9, Max: 2.4, Diff: 0.7, Sum: 19.4]
      [Update RS (ms): Min: 1.6, Avg: 1.7, Max: 1.8, Diff: 0.2, Sum: 17.0]
         [Processed Buffers: Min: 12, Avg: 18.1, Max: 27, Diff: 15, Sum: 181]
      [Scan RS (ms): Min: 0.0, Avg: 0.1, Max: 0.1, Diff: 0.1, Sum: 0.5]
      [Code Root Scanning (ms): Min: 0.0, Avg: 0.0, Max: 0.0, Diff: 0.0, Sum: 0.0]
      [Object Copy (ms): Min: 1.7, Avg: 1.9, Max: 2.0, Diff: 0.3, Sum: 18.7]
      [Termination (ms): Min: 0.0, Avg: 0.0, Max: 0.0, Diff: 0.0, Sum: 0.0]
         [Termination Attempts: Min: 1, Avg: 1.3, Max: 2, Diff: 1, Sum: 13]
      [GC Worker Other (ms): Min: 0.0, Avg: 0.1, Max: 0.1, Diff: 0.1, Sum: 0.5]
      [GC Worker Total (ms): Min: 5.4, Avg: 5.6, Max: 5.9, Diff: 0.5, Sum: 56.2]
      [GC Worker End (ms): Min: 812566.1, Avg: 812566.1, Max: 812566.2, Diff: 0.1]
   [Code Root Fixup: 0.0 ms]
   [Code Root Purge: 0.0 ms]
   [Clear CT: 1.6 ms]
   [Other: 3.1 ms]
      [Choose CSet: 0.0 ms]
      [Ref Proc: 1.3 ms]
      [Ref Enq: 0.0 ms]
      [Redirty Cards: 1.3 ms]
      [Humongous Register: 0.0 ms]
      [Humongous Reclaim: 0.0 ms]
      [Free CSet: 0.1 ms]
   [Eden: 151.0M(151.0M)->0.0B(151.0M) Survivors: 2048.0K->2048.0K Heap: 200.9M(256.0M)->51093.4K(256.0M)]
Heap after GC invocations=837 (full 0):
 garbage-first heap   total 262144K, used 51093K [0x00000000f0000000, 0x00000000f0100800, 0x0000000100000000)
  region size 1024K, 2 young (2048K), 2 survivors (2048K)
 Metaspace       used 52945K, capacity 56204K, committed 56448K, reserved 1099776K
  class space    used 6461K, capacity 7028K, committed 7040K, reserved 1048576K
}
 [Times: user=0.04 sys=0.01, real=0.01 secs] 
{Heap before GC invocations=837 (full 0):
 garbage-first heap   total 262144K, used 205717K [0x00000000f0000000, 0x00000000f0100800, 0x0000000100000000)
  region size 1024K, 153 young (156672K), 2 survivors (2048K)
 Metaspace       used 52945K, capacity 56204K, committed 56448K, reserved 1099776K
  class space    used 6461K, capacity 7028K, committed 7040K, reserved 1048576K
2023-10-03T06:58:25.492+0800: 813.355: [GC pause (G1 Evacuation Pause) (young), 0.0115192 secs]
   [Parallel Time: 6.7 ms, GC Workers: 10]
      [GC Worker Start (ms): Min: 813355.3, Avg: 813355.5, Max: 813355.7, Diff: 0.5]
      [Ext Root Scanning (ms): Min: 1.8, Avg: 2.0, Max: 2.5, Diff: 0.6, Sum: 20.1]
      [Update RS (ms): Min: 1.6, Avg: 1.7, Max: 1.8, Diff: 0.2, Sum: 17.2]
         [Processed Buffers: Min: 6, Avg: 18.1, Max: 35, Diff: 29, Sum: 181]
      [Scan RS (ms): Min: 0.0, Avg: 0.1, Max: 0.1, Diff: 0.1, Sum: 0.7]
      [Code Root Scanning (ms): Min: 0.0, Avg: 0.0, Max: 0.0, Diff: 0.0, Sum: 0.0]
      [Object Copy (ms): Min: 1.6, Avg: 1.8, Max: 1.9, Diff: 0.3, Sum: 18.0]
      [Termination (ms): Min: 0.0, Avg: 0.0, Max: 0.0, Diff: 0.0, Sum: 0.1]
         [Termination Attempts: Min: 1, Avg: 1.3, Max: 2, Diff: 1, Sum: 13]
      [GC Worker Other (ms): Min: 0.0, Avg: 0.0, Max: 0.1, Diff: 0.1, Sum: 0.4]
      [GC Worker Total (ms): Min: 5.5, Avg: 5.7, Max: 5.9, Diff: 0.4, Sum: 56.6]
      [GC Worker End (ms): Min: 813361.2, Avg: 813361.2, Max: 813361.2, Diff: 0.1]
   [Code Root Fixup: 0.0 ms]
   [Code Root Purge: 0.0 ms]
   [Clear CT: 1.8 ms]
   [Other: 3.1 ms]
      [Choose CSet: 0.0 ms]
      [Ref Proc: 1.2 ms]
      [Ref Enq: 0.0 ms]
      [Redirty Cards: 1.3 ms]
      [Humongous Register: 0.0 ms]
      [Humongous Reclaim: 0.0 ms]
      [Free CSet: 0.1 ms]
   [Eden: 151.0M(151.0M)->0.0B(151.0M) Survivors: 2048.0K->2048.0K Heap: 200.9M(256.0M)->51109.9K(256.0M)]
Heap after GC invocations=838 (full 0):
 garbage-first heap   total 262144K, used 51109K [0x00000000f0000000, 0x00000000f0100800, 0x0000000100000000)
  region size 1024K, 2 young (2048K), 2 survivors (2048K)
 Metaspace       used 52945K, capacity 56204K, committed 56448K, reserved 1099776K
  class space    used 6461K, capacity 7028K, committed 7040K, reserved 1048576K
}
 [Times: user=0.06 sys=0.01, real=0.01 secs] 
{Heap before GC invocations=838 (full 0):
 garbage-first heap   total 262144K, used 205733K [0x00000000f0000000, 0x00000000f0100800, 0x0000000100000000)
  region size 1024K, 153 young (156672K), 2 survivors (2048K)
 Metaspace       used 52945K, capacity 56204K, committed 56448K, reserved 1099776K
  class space    used 6461K, capacity 7028K, committed 7040K, reserved 1048576K
2023-10-03T06:58:26.301+0800: 814.164: [GC pause (G1 Evacuation Pause) (young), 0.0111062 secs]
   [Parallel Time: 6.3 ms, GC Workers: 10]
      [GC Worker Start (ms): Min: 814164.8, Avg: 814165.0, Max: 814165.2, Diff: 0.4]
      [Ext Root Scanning (ms): Min: 1.8, Avg: 1.9, Max: 2.3, Diff: 0.5, Sum: 19.2]
      [Update RS (ms): Min: 1.5, Avg: 1.6, Max: 1.7, Diff: 0.2, Sum: 16.3]
         [Processed Buffers: Min: 13, Avg: 18.2, Max: 27, Diff: 14, Sum: 182]
      [Scan RS (ms): Min: 0.0, Avg: 0.1, Max: 0.1, Diff: 0.1, Sum: 0.7]
      [Code Root Scanning (ms): Min: 0.0, Avg: 0.0, Max: 0.0, Diff: 0.0, Sum: 0.0]
      [Object Copy (ms): Min: 1.5, Avg: 1.7, Max: 1.8, Diff: 0.3, Sum: 17.3]
      [Termination (ms): Min: 0.0, Avg: 0.0, Max: 0.0, Diff: 0.0, Sum: 0.1]
         [Termination Attempts: Min: 1, Avg: 1.5, Max: 3, Diff: 2, Sum: 15]
      [GC Worker Other (ms): Min: 0.0, Avg: 0.1, Max: 0.1, Diff: 0.1, Sum: 0.5]
      [GC Worker Total (ms): Min: 5.3, Avg: 5.4, Max: 5.6, Diff: 0.4, Sum: 54.2]
      [GC Worker End (ms): Min: 814170.4, Avg: 814170.5, Max: 814170.5, Diff: 0.1]
   [Code Root Fixup: 0.0 ms]
   [Code Root Purge: 0.0 ms]
   [Clear CT: 1.5 ms]
   [Other: 3.2 ms]
      [Choose CSet: 0.0 ms]
      [Ref Proc: 1.3 ms]
      [Ref Enq: 0.0 ms]
      [Redirty Cards: 1.4 ms]
      [Humongous Register: 0.0 ms]
      [Humongous Reclaim: 0.0 ms]
      [Free CSet: 0.1 ms]
   [Eden: 151.0M(151.0M)->0.0B(151.0M) Survivors: 2048.0K->2048.0K Heap: 200.9M(256.0M)->50996.7K(256.0M)]
Heap after GC invocations=839 (full 0):
 garbage-first heap   total 262144K, used 50996K [0x00000000f0000000, 0x00000000f0100800, 0x0000000100000000)
  region size 1024K, 2 young (2048K), 2 survivors (2048K)
 Metaspace       used 52945K, capacity 56204K, committed 56448K, reserved 1099776K
  class space    used 6461K, capacity 7028K, committed 7040K, reserved 1048576K
}
 [Times: user=0.06 sys=0.00, real=0.01 secs] 
{Heap before GC invocations=839 (full 0):
 garbage-first heap   total 262144K, used 205620K [0x00000000f0000000, 0x00000000f0100800, 0x0000000100000000)
  region size 1024K, 153 young (156672K), 2 survivors (2048K)
 Metaspace       used 52945K, capacity 56204K, committed 56448K, reserved 1099776K
  class space    used 6461K, capacity 7028K, committed 7040K, reserved 1048576K
2023-10-03T06:58:27.075+0800: 814.938: [GC pause (G1 Evacuation Pause) (young), 0.0113252 secs]
   [Parallel Time: 6.4 ms, GC Workers: 10]
      [GC Worker Start (ms): Min: 814938.8, Avg: 814939.0, Max: 814939.3, Diff: 0.5]
      [Ext Root Scanning (ms): Min: 1.7, Avg: 1.9, Max: 2.3, Diff: 0.6, Sum: 18.9]
      [Update RS (ms): Min: 1.7, Avg: 1.7, Max: 1.9, Diff: 0.2, Sum: 17.3]
         [Processed Buffers: Min: 9, Avg: 17.8, Max: 36, Diff: 27, Sum: 178]
      [Scan RS (ms): Min: 0.0, Avg: 0.1, Max: 0.1, Diff: 0.1, Sum: 0.6]
      [Code Root Scanning (ms): Min: 0.0, Avg: 0.0, Max: 0.0, Diff: 0.0, Sum: 0.0]
      [Object Copy (ms): Min: 1.5, Avg: 1.7, Max: 1.9, Diff: 0.4, Sum: 17.5]
      [Termination (ms): Min: 0.0, Avg: 0.0, Max: 0.0, Diff: 0.0, Sum: 0.0]
         [Termination Attempts: Min: 1, Avg: 1.0, Max: 1, Diff: 0, Sum: 10]
      [GC Worker Other (ms): Min: 0.0, Avg: 0.0, Max: 0.1, Diff: 0.1, Sum: 0.4]
      [GC Worker Total (ms): Min: 5.3, Avg: 5.5, Max: 5.7, Diff: 0.5, Sum: 54.7]
      [GC Worker End (ms): Min: 814944.5, Avg: 814944.5, Max: 814944.5, Diff: 0.1]
   [Code Root Fixup: 0.0 ms]
   [Code Root Purge: 0.0 ms]
   [Clear CT: 1.4 ms]
   [Other: 3.5 ms]
      [Choose CSet: 0.0 ms]
      [Ref Proc: 1.4 ms]
      [Ref Enq: 0.0 ms]
      [Redirty Cards: 1.5 ms]
      [Humongous Register: 0.0 ms]
      [Humongous Reclaim: 0.0 ms]
      [Free CSet: 0.2 ms]
   [Eden: 151.0M(151.0M)->0.0B(151.0M) Survivors: 2048.0K->2048.0K Heap: 200.8M(256.0M)->50987.0K(256.0M)]
Heap after GC invocations=840 (full 0):
 garbage-first heap   total 262144K, used 50987K [0x00000000f0000000, 0x00000000f0100800, 0x0000000100000000)
  region size 1024K, 2 young (2048K), 2 survivors (2048K)
 Metaspace       used 52945K, capacity 56204K, committed 56448K, reserved 1099776K
  class space    used 6461K, capacity 7028K, committed 7040K, reserved 1048576K
}
 [Times: user=0.06 sys=0.00, real=0.01 secs] 
{Heap before GC invocations=840 (full 0):
 garbage-first heap   total 262144K, used 205611K [0x00000000f0000000, 0x00000000f0100800, 0x0000000100000000)
  region size 1024K, 153 young (156672K), 2 survivors (2048K)
 Metaspace       used 52945K, capacity 56204K, committed 56448K, reserved 1099776K
  class space    used 6461K, capacity 7028K, committed 7040K, reserved 1048576K
2023-10-03T06:58:27.878+0800: 815.741: [GC pause (G1 Evacuation Pause) (young), 0.0035453 secs]
   [Parallel Time: 2.2 ms, GC Workers: 10]
      [GC Worker Start (ms): Min: 815741.0, Avg: 815741.1, Max: 815741.2, Diff: 0.2]
      [Ext Root Scanning (ms): Min: 0.5, Avg: 0.7, Max: 0.9, Diff: 0.3, Sum: 6.5]
      [Update RS (ms): Min: 0.5, Avg: 0.5, Max: 0.6, Diff: 0.1, Sum: 5.2]
         [Processed Buffers: Min: 11, Avg: 17.9, Max: 31, Diff: 20, Sum: 179]
      [Scan RS (ms): Min: 0.0, Avg: 0.0, Max: 0.0, Diff: 0.0, Sum: 0.2]
      [Code Root Scanning (ms): Min: 0.0, Avg: 0.0, Max: 0.0, Diff: 0.0, Sum: 0.0]
      [Object Copy (ms): Min: 0.4, Avg: 0.5, Max: 0.6, Diff: 0.1, Sum: 5.4]
      [Termination (ms): Min: 0.0, Avg: 0.0, Max: 0.0, Diff: 0.0, Sum: 0.0]
         [Termination Attempts: Min: 1, Avg: 1.0, Max: 1, Diff: 0, Sum: 10]
      [GC Worker Other (ms): Min: 0.0, Avg: 0.0, Max: 0.1, Diff: 0.1, Sum: 0.3]
      [GC Worker Total (ms): Min: 1.7, Avg: 1.8, Max: 1.9, Diff: 0.2, Sum: 17.6]
      [GC Worker End (ms): Min: 815742.9, Avg: 815742.9, Max: 815742.9, Diff: 0.1]
   [Code Root Fixup: 0.0 ms]
   [Code Root Purge: 0.0 ms]
   [Clear CT: 0.3 ms]
   [Other: 1.0 ms]
      [Choose CSet: 0.0 ms]
      [Ref Proc: 0.5 ms]
      [Ref Enq: 0.0 ms]
      [Redirty Cards: 0.3 ms]
      [Humongous Register: 0.0 ms]
      [Humongous Reclaim: 0.0 ms]
      [Free CSet: 0.1 ms]
   [Eden: 151.0M(151.0M)->0.0B(151.0M) Survivors: 2048.0K->2048.0K Heap: 200.8M(256.0M)->51218.3K(256.0M)]
Heap after GC invocations=841 (full 0):
 garbage-first heap   total 262144K, used 51218K [0x00000000f0000000, 0x00000000f0100800, 0x0000000100000000)
  region size 1024K, 2 young (2048K), 2 survivors (2048K)
 Metaspace       used 52945K, capacity 56204K, committed 56448K, reserved 1099776K
  class space    used 6461K, capacity 7028K, committed 7040K, reserved 1048576K
}
 [Times: user=0.03 sys=0.00, real=0.01 secs] 
{Heap before GC invocations=841 (full 0):
 garbage-first heap   total 262144K, used 205842K [0x00000000f0000000, 0x00000000f0100800, 0x0000000100000000)
  region size 1024K, 153 young (156672K), 2 survivors (2048K)
 Metaspace       used 52945K, capacity 56204K, committed 56448K, reserved 1099776K
  class space    used 6461K, capacity 7028K, committed 7040K, reserved 1048576K
2023-10-03T06:58:28.634+0800: 816.497: [GC pause (G1 Evacuation Pause) (young), 0.0113466 secs]
   [Parallel Time: 6.5 ms, GC Workers: 10]
      [GC Worker Start (ms): Min: 816497.7, Avg: 816498.0, Max: 816498.2, Diff: 0.5]
      [Ext Root Scanning (ms): Min: 1.8, Avg: 2.0, Max: 2.4, Diff: 0.7, Sum: 20.1]
      [Update RS (ms): Min: 1.5, Avg: 1.6, Max: 1.7, Diff: 0.2, Sum: 16.0]
         [Processed Buffers: Min: 11, Avg: 17.9, Max: 33, Diff: 22, Sum: 179]
      [Scan RS (ms): Min: 0.0, Avg: 0.1, Max: 0.1, Diff: 0.1, Sum: 0.6]
      [Code Root Scanning (ms): Min: 0.0, Avg: 0.0, Max: 0.0, Diff: 0.0, Sum: 0.0]
      [Object Copy (ms): Min: 1.6, Avg: 1.8, Max: 1.8, Diff: 0.2, Sum: 18.0]
      [Termination (ms): Min: 0.0, Avg: 0.0, Max: 0.0, Diff: 0.0, Sum: 0.0]
         [Termination Attempts: Min: 1, Avg: 1.1, Max: 2, Diff: 1, Sum: 11]
      [GC Worker Other (ms): Min: 0.0, Avg: 0.1, Max: 0.2, Diff: 0.1, Sum: 0.5]
      [GC Worker Total (ms): Min: 5.3, Avg: 5.5, Max: 5.7, Diff: 0.5, Sum: 55.3]
      [GC Worker End (ms): Min: 816503.5, Avg: 816503.5, Max: 816503.6, Diff: 0.1]
   [Code Root Fixup: 0.0 ms]
   [Code Root Purge: 0.0 ms]
   [Clear CT: 1.5 ms]
   [Other: 3.3 ms]
      [Choose CSet: 0.0 ms]
      [Ref Proc: 1.3 ms]
      [Ref Enq: 0.0 ms]
      [Redirty Cards: 1.5 ms]
      [Humongous Register: 0.0 ms]
      [Humongous Reclaim: 0.0 ms]
      [Free CSet: 0.1 ms]
   [Eden: 151.0M(151.0M)->0.0B(151.0M) Survivors: 2048.0K->2048.0K Heap: 201.0M(256.0M)->51332.9K(256.0M)]
Heap after GC invocations=842 (full 0):
 garbage-first heap   total 262144K, used 51332K [0x00000000f0000000, 0x00000000f0100800, 0x0000000100000000)
  region size 1024K, 2 young (2048K), 2 survivors (2048K)
 Metaspace       used 52945K, capacity 56204K, committed 56448K, reserved 1099776K
  class space    used 6461K, capacity 7028K, committed 7040K, reserved 1048576K
}
 [Times: user=0.06 sys=0.00, real=0.01 secs] 
{Heap before GC invocations=842 (full 0):
 garbage-first heap   total 262144K, used 205956K [0x00000000f0000000, 0x00000000f0100800, 0x0000000100000000)
  region size 1024K, 153 young (156672K), 2 survivors (2048K)
 Metaspace       used 52945K, capacity 56204K, committed 56448K, reserved 1099776K
  class space    used 6461K, capacity 7028K, committed 7040K, reserved 1048576K
2023-10-03T06:58:29.438+0800: 817.301: [GC pause (G1 Evacuation Pause) (young), 0.0116708 secs]
   [Parallel Time: 6.7 ms, GC Workers: 10]
      [GC Worker Start (ms): Min: 817301.3, Avg: 817301.6, Max: 817301.8, Diff: 0.5]
      [Ext Root Scanning (ms): Min: 1.7, Avg: 1.9, Max: 2.4, Diff: 0.7, Sum: 19.3]
      [Update RS (ms): Min: 1.6, Avg: 1.7, Max: 1.7, Diff: 0.1, Sum: 16.6]
         [Processed Buffers: Min: 13, Avg: 18.1, Max: 28, Diff: 15, Sum: 181]
      [Scan RS (ms): Min: 0.0, Avg: 0.1, Max: 0.1, Diff: 0.1, Sum: 0.6]
      [Code Root Scanning (ms): Min: 0.0, Avg: 0.0, Max: 0.0, Diff: 0.0, Sum: 0.0]
      [Object Copy (ms): Min: 1.6, Avg: 1.8, Max: 1.9, Diff: 0.3, Sum: 18.0]
      [Termination (ms): Min: 0.0, Avg: 0.0, Max: 0.0, Diff: 0.0, Sum: 0.0]
         [Termination Attempts: Min: 1, Avg: 1.2, Max: 2, Diff: 1, Sum: 12]
      [GC Worker Other (ms): Min: 0.0, Avg: 0.0, Max: 0.1, Diff: 0.1, Sum: 0.4]
      [GC Worker Total (ms): Min: 5.3, Avg: 5.5, Max: 5.8, Diff: 0.5, Sum: 55.1]
      [GC Worker End (ms): Min: 817307.1, Avg: 817307.1, Max: 817307.1, Diff: 0.1]
   [Code Root Fixup: 0.0 ms]
   [Code Root Purge: 0.0 ms]
   [Clear CT: 1.4 ms]
   [Other: 3.5 ms]
      [Choose CSet: 0.0 ms]
      [Ref Proc: 1.6 ms]
      [Ref Enq: 0.0 ms]
      [Redirty Cards: 1.4 ms]
      [Humongous Register: 0.0 ms]
      [Humongous Reclaim: 0.0 ms]
      [Free CSet: 0.1 ms]
   [Eden: 151.0M(151.0M)->0.0B(151.0M) Survivors: 2048.0K->2048.0K Heap: 201.1M(256.0M)->50864.4K(256.0M)]
Heap after GC invocations=843 (full 0):
 garbage-first heap   total 262144K, used 50864K [0x00000000f0000000, 0x00000000f0100800, 0x0000000100000000)
  region size 1024K, 2 young (2048K), 2 survivors (2048K)
 Metaspace       used 52945K, capacity 56204K, committed 56448K, reserved 1099776K
  class space    used 6461K, capacity 7028K, committed 7040K, reserved 1048576K
}
 [Times: user=0.07 sys=0.00, real=0.02 secs] 
{Heap before GC invocations=843 (full 0):
 garbage-first heap   total 262144K, used 205488K [0x00000000f0000000, 0x00000000f0100800, 0x0000000100000000)
  region size 1024K, 153 young (156672K), 2 survivors (2048K)
 Metaspace       used 52945K, capacity 56204K, committed 56448K, reserved 1099776K
  class space    used 6461K, capacity 7028K, committed 7040K, reserved 1048576K
2023-10-03T06:58:30.241+0800: 818.104: [GC pause (G1 Evacuation Pause) (young), 0.0114643 secs]
   [Parallel Time: 6.6 ms, GC Workers: 10]
      [GC Worker Start (ms): Min: 818104.8, Avg: 818105.1, Max: 818105.3, Diff: 0.5]
      [Ext Root Scanning (ms): Min: 1.7, Avg: 2.0, Max: 2.4, Diff: 0.6, Sum: 19.6]
      [Update RS (ms): Min: 1.6, Avg: 1.6, Max: 1.7, Diff: 0.1, Sum: 16.4]
         [Processed Buffers: Min: 11, Avg: 18.1, Max: 28, Diff: 17, Sum: 181]
      [Scan RS (ms): Min: 0.0, Avg: 0.1, Max: 0.1, Diff: 0.1, Sum: 0.7]
      [Code Root Scanning (ms): Min: 0.0, Avg: 0.0, Max: 0.0, Diff: 0.0, Sum: 0.0]
      [Object Copy (ms): Min: 1.6, Avg: 1.8, Max: 1.9, Diff: 0.3, Sum: 17.9]
      [Termination (ms): Min: 0.0, Avg: 0.0, Max: 0.0, Diff: 0.0, Sum: 0.1]
         [Termination Attempts: Min: 1, Avg: 1.8, Max: 3, Diff: 2, Sum: 18]
      [GC Worker Other (ms): Min: 0.0, Avg: 0.0, Max: 0.1, Diff: 0.1, Sum: 0.5]
      [GC Worker Total (ms): Min: 5.3, Avg: 5.5, Max: 5.8, Diff: 0.5, Sum: 55.2]
      [GC Worker End (ms): Min: 818110.6, Avg: 818110.6, Max: 818110.7, Diff: 0.1]
   [Code Root Fixup: 0.0 ms]
   [Code Root Purge: 0.0 ms]
   [Clear CT: 1.3 ms]
   [Other: 3.5 ms]
      [Choose CSet: 0.0 ms]
      [Ref Proc: 1.5 ms]
      [Ref Enq: 0.0 ms]
      [Redirty Cards: 1.4 ms]
      [Humongous Register: 0.0 ms]
      [Humongous Reclaim: 0.0 ms]
      [Free CSet: 0.1 ms]
   [Eden: 151.0M(151.0M)->0.0B(151.0M) Survivors: 2048.0K->2048.0K Heap: 200.7M(256.0M)->50983.8K(256.0M)]
Heap after GC invocations=844 (full 0):
 garbage-first heap   total 262144K, used 50983K [0x00000000f0000000, 0x00000000f0100800, 0x0000000100000000)
  region size 1024K, 2 young (2048K), 2 survivors (2048K)
 Metaspace       used 52945K, capacity 56204K, committed 56448K, reserved 1099776K
  class space    used 6461K, capacity 7028K, committed 7040K, reserved 1048576K
}
 [Times: user=0.06 sys=0.00, real=0.01 secs] 
{Heap before GC invocations=844 (full 0):
 garbage-first heap   total 262144K, used 205607K [0x00000000f0000000, 0x00000000f0100800, 0x0000000100000000)
  region size 1024K, 153 young (156672K), 2 survivors (2048K)
 Metaspace       used 52945K, capacity 56204K, committed 56448K, reserved 1099776K
  class space    used 6461K, capacity 7028K, committed 7040K, reserved 1048576K
2023-10-03T06:58:31.047+0800: 818.910: [GC pause (G1 Evacuation Pause) (young), 0.0114267 secs]
   [Parallel Time: 6.8 ms, GC Workers: 10]
      [GC Worker Start (ms): Min: 818910.4, Avg: 818910.6, Max: 818910.9, Diff: 0.5]
      [Ext Root Scanning (ms): Min: 1.7, Avg: 1.9, Max: 2.4, Diff: 0.6, Sum: 19.5]
      [Update RS (ms): Min: 1.5, Avg: 1.6, Max: 1.7, Diff: 0.2, Sum: 16.3]
         [Processed Buffers: Min: 13, Avg: 17.9, Max: 30, Diff: 17, Sum: 179]
      [Scan RS (ms): Min: 0.0, Avg: 0.1, Max: 0.1, Diff: 0.1, Sum: 0.5]
      [Code Root Scanning (ms): Min: 0.0, Avg: 0.0, Max: 0.0, Diff: 0.0, Sum: 0.0]
      [Object Copy (ms): Min: 1.7, Avg: 1.9, Max: 1.9, Diff: 0.3, Sum: 18.5]
      [Termination (ms): Min: 0.0, Avg: 0.0, Max: 0.0, Diff: 0.0, Sum: 0.1]
         [Termination Attempts: Min: 1, Avg: 2.5, Max: 3, Diff: 2, Sum: 25]
      [GC Worker Other (ms): Min: 0.1, Avg: 0.1, Max: 0.3, Diff: 0.3, Sum: 1.3]
      [GC Worker Total (ms): Min: 5.4, Avg: 5.6, Max: 5.9, Diff: 0.5, Sum: 56.2]
      [GC Worker End (ms): Min: 818916.2, Avg: 818916.3, Max: 818916.5, Diff: 0.3]
   [Code Root Fixup: 0.0 ms]
   [Code Root Purge: 0.0 ms]
   [Clear CT: 1.7 ms]
   [Other: 2.9 ms]
      [Choose CSet: 0.0 ms]
      [Ref Proc: 1.0 ms]
      [Ref Enq: 0.0 ms]
      [Redirty Cards: 1.4 ms]
      [Humongous Register: 0.0 ms]
      [Humongous Reclaim: 0.0 ms]
      [Free CSet: 0.1 ms]
   [Eden: 151.0M(151.0M)->0.0B(151.0M) Survivors: 2048.0K->2048.0K Heap: 200.8M(256.0M)->50976.0K(256.0M)]
Heap after GC invocations=845 (full 0):
 garbage-first heap   total 262144K, used 50975K [0x00000000f0000000, 0x00000000f0100800, 0x0000000100000000)
  region size 1024K, 2 young (2048K), 2 survivors (2048K)
 Metaspace       used 52945K, capacity 56204K, committed 56448K, reserved 1099776K
  class space    used 6461K, capacity 7028K, committed 7040K, reserved 1048576K
}
 [Times: user=0.06 sys=0.00, real=0.01 secs] 
{Heap before GC invocations=845 (full 0):
 garbage-first heap   total 262144K, used 205599K [0x00000000f0000000, 0x00000000f0100800, 0x0000000100000000)
  region size 1024K, 153 young (156672K), 2 survivors (2048K)
 Metaspace       used 52945K, capacity 56204K, committed 56448K, reserved 1099776K
  class space    used 6461K, capacity 7028K, committed 7040K, reserved 1048576K
2023-10-03T06:58:31.842+0800: 819.705: [GC pause (G1 Evacuation Pause) (young), 0.0113123 secs]
   [Parallel Time: 6.3 ms, GC Workers: 10]
      [GC Worker Start (ms): Min: 819705.1, Avg: 819705.3, Max: 819705.5, Diff: 0.5]
      [Ext Root Scanning (ms): Min: 1.7, Avg: 1.9, Max: 2.3, Diff: 0.6, Sum: 19.0]
      [Update RS (ms): Min: 1.6, Avg: 1.7, Max: 1.8, Diff: 0.2, Sum: 16.7]
         [Processed Buffers: Min: 13, Avg: 18.1, Max: 30, Diff: 17, Sum: 181]
      [Scan RS (ms): Min: 0.0, Avg: 0.1, Max: 0.1, Diff: 0.1, Sum: 0.5]
      [Code Root Scanning (ms): Min: 0.0, Avg: 0.0, Max: 0.0, Diff: 0.0, Sum: 0.0]
      [Object Copy (ms): Min: 1.5, Avg: 1.7, Max: 1.8, Diff: 0.3, Sum: 17.4]
      [Termination (ms): Min: 0.0, Avg: 0.0, Max: 0.0, Diff: 0.0, Sum: 0.0]
         [Termination Attempts: Min: 1, Avg: 1.0, Max: 1, Diff: 0, Sum: 10]
      [GC Worker Other (ms): Min: 0.0, Avg: 0.0, Max: 0.1, Diff: 0.1, Sum: 0.4]
      [GC Worker Total (ms): Min: 5.2, Avg: 5.4, Max: 5.6, Diff: 0.5, Sum: 54.1]
      [GC Worker End (ms): Min: 819710.7, Avg: 819710.7, Max: 819710.8, Diff: 0.1]
   [Code Root Fixup: 0.0 ms]
   [Code Root Purge: 0.0 ms]
   [Clear CT: 1.4 ms]
   [Other: 3.6 ms]
      [Choose CSet: 0.0 ms]
      [Ref Proc: 1.6 ms]
      [Ref Enq: 0.0 ms]
      [Redirty Cards: 1.4 ms]
      [Humongous Register: 0.0 ms]
      [Humongous Reclaim: 0.0 ms]
      [Free CSet: 0.1 ms]
   [Eden: 151.0M(151.0M)->0.0B(151.0M) Survivors: 2048.0K->2048.0K Heap: 200.8M(256.0M)->50985.3K(256.0M)]
Heap after GC invocations=846 (full 0):
 garbage-first heap   total 262144K, used 50985K [0x00000000f0000000, 0x00000000f0100800, 0x0000000100000000)
  region size 1024K, 2 young (2048K), 2 survivors (2048K)
 Metaspace       used 52945K, capacity 56204K, committed 56448K, reserved 1099776K
  class space    used 6461K, capacity 7028K, committed 7040K, reserved 1048576K
}
 [Times: user=0.06 sys=0.00, real=0.01 secs] 
{Heap before GC invocations=846 (full 0):
 garbage-first heap   total 262144K, used 205609K [0x00000000f0000000, 0x00000000f0100800, 0x0000000100000000)
  region size 1024K, 153 young (156672K), 2 survivors (2048K)
 Metaspace       used 52945K, capacity 56204K, committed 56448K, reserved 1099776K
  class space    used 6461K, capacity 7028K, committed 7040K, reserved 1048576K
2023-10-03T06:58:32.627+0800: 820.490: [GC pause (G1 Evacuation Pause) (young), 0.0108337 secs]
   [Parallel Time: 6.2 ms, GC Workers: 10]
      [GC Worker Start (ms): Min: 820490.1, Avg: 820490.4, Max: 820490.6, Diff: 0.5]
      [Ext Root Scanning (ms): Min: 1.7, Avg: 1.9, Max: 2.3, Diff: 0.6, Sum: 19.0]
      [Update RS (ms): Min: 1.6, Avg: 1.7, Max: 1.7, Diff: 0.1, Sum: 16.7]
         [Processed Buffers: Min: 11, Avg: 18.2, Max: 31, Diff: 20, Sum: 182]
      [Scan RS (ms): Min: 0.0, Avg: 0.1, Max: 0.1, Diff: 0.1, Sum: 0.7]
      [Code Root Scanning (ms): Min: 0.0, Avg: 0.0, Max: 0.0, Diff: 0.0, Sum: 0.0]
      [Object Copy (ms): Min: 1.5, Avg: 1.7, Max: 1.7, Diff: 0.2, Sum: 16.8]
      [Termination (ms): Min: 0.0, Avg: 0.0, Max: 0.0, Diff: 0.0, Sum: 0.0]
         [Termination Attempts: Min: 1, Avg: 1.3, Max: 2, Diff: 1, Sum: 13]
      [GC Worker Other (ms): Min: 0.0, Avg: 0.1, Max: 0.1, Diff: 0.1, Sum: 0.6]
      [GC Worker Total (ms): Min: 5.1, Avg: 5.4, Max: 5.7, Diff: 0.5, Sum: 53.8]
      [GC Worker End (ms): Min: 820495.8, Avg: 820495.8, Max: 820495.9, Diff: 0.1]
   [Code Root Fixup: 0.0 ms]
   [Code Root Purge: 0.0 ms]
   [Clear CT: 1.2 ms]
   [Other: 3.4 ms]
      [Choose CSet: 0.0 ms]
      [Ref Proc: 1.5 ms]
      [Ref Enq: 0.0 ms]
      [Redirty Cards: 1.3 ms]
      [Humongous Register: 0.0 ms]
      [Humongous Reclaim: 0.0 ms]
      [Free CSet: 0.1 ms]
   [Eden: 151.0M(151.0M)->0.0B(151.0M) Survivors: 2048.0K->2048.0K Heap: 200.8M(256.0M)->50986.0K(256.0M)]
Heap after GC invocations=847 (full 0):
 garbage-first heap   total 262144K, used 50986K [0x00000000f0000000, 0x00000000f0100800, 0x0000000100000000)
  region size 1024K, 2 young (2048K), 2 survivors (2048K)
 Metaspace       used 52945K, capacity 56204K, committed 56448K, reserved 1099776K
  class space    used 6461K, capacity 7028K, committed 7040K, reserved 1048576K
}
 [Times: user=0.06 sys=0.01, real=0.01 secs] 
{Heap before GC invocations=847 (full 0):
 garbage-first heap   total 262144K, used 205610K [0x00000000f0000000, 0x00000000f0100800, 0x0000000100000000)
  region size 1024K, 153 young (156672K), 2 survivors (2048K)
 Metaspace       used 52945K, capacity 56204K, committed 56448K, reserved 1099776K
  class space    used 6461K, capacity 7028K, committed 7040K, reserved 1048576K
2023-10-03T06:58:33.432+0800: 821.295: [GC pause (G1 Evacuation Pause) (young), 0.0112839 secs]
   [Parallel Time: 6.5 ms, GC Workers: 10]
      [GC Worker Start (ms): Min: 821295.5, Avg: 821295.7, Max: 821295.9, Diff: 0.5]
      [Ext Root Scanning (ms): Min: 1.7, Avg: 1.9, Max: 2.3, Diff: 0.6, Sum: 19.0]
      [Update RS (ms): Min: 1.6, Avg: 1.7, Max: 1.8, Diff: 0.2, Sum: 16.6]
         [Processed Buffers: Min: 12, Avg: 18.1, Max: 34, Diff: 22, Sum: 181]
      [Scan RS (ms): Min: 0.0, Avg: 0.1, Max: 0.1, Diff: 0.1, Sum: 0.6]
      [Code Root Scanning (ms): Min: 0.0, Avg: 0.0, Max: 0.0, Diff: 0.0, Sum: 0.0]
      [Object Copy (ms): Min: 1.5, Avg: 1.7, Max: 1.8, Diff: 0.3, Sum: 17.4]
      [Termination (ms): Min: 0.0, Avg: 0.0, Max: 0.0, Diff: 0.0, Sum: 0.1]
         [Termination Attempts: Min: 1, Avg: 1.5, Max: 3, Diff: 2, Sum: 15]
      [GC Worker Other (ms): Min: 0.0, Avg: 0.0, Max: 0.1, Diff: 0.1, Sum: 0.4]
      [GC Worker Total (ms): Min: 5.2, Avg: 5.4, Max: 5.7, Diff: 0.5, Sum: 54.1]
      [GC Worker End (ms): Min: 821301.1, Avg: 821301.1, Max: 821301.2, Diff: 0.1]
   [Code Root Fixup: 0.0 ms]
   [Code Root Purge: 0.0 ms]
   [Clear CT: 1.8 ms]
   [Other: 2.9 ms]
      [Choose CSet: 0.0 ms]
      [Ref Proc: 1.0 ms]
      [Ref Enq: 0.0 ms]
      [Redirty Cards: 1.3 ms]
      [Humongous Register: 0.0 ms]
      [Humongous Reclaim: 0.0 ms]
      [Free CSet: 0.1 ms]
   [Eden: 151.0M(151.0M)->0.0B(151.0M) Survivors: 2048.0K->2048.0K Heap: 200.8M(256.0M)->50994.0K(256.0M)]
Heap after GC invocations=848 (full 0):
 garbage-first heap   total 262144K, used 50993K [0x00000000f0000000, 0x00000000f0100800, 0x0000000100000000)
  region size 1024K, 2 young (2048K), 2 survivors (2048K)
 Metaspace       used 52945K, capacity 56204K, committed 56448K, reserved 1099776K
  class space    used 6461K, capacity 7028K, committed 7040K, reserved 1048576K
}
 [Times: user=0.06 sys=0.00, real=0.01 secs] 
{Heap before GC invocations=848 (full 0):
 garbage-first heap   total 262144K, used 205617K [0x00000000f0000000, 0x00000000f0100800, 0x0000000100000000)
  region size 1024K, 153 young (156672K), 2 survivors (2048K)
 Metaspace       used 52945K, capacity 56204K, committed 56448K, reserved 1099776K
  class space    used 6461K, capacity 7028K, committed 7040K, reserved 1048576K
2023-10-03T06:58:34.230+0800: 822.093: [GC pause (G1 Evacuation Pause) (young), 0.0110393 secs]
   [Parallel Time: 6.5 ms, GC Workers: 10]
      [GC Worker Start (ms): Min: 822093.8, Avg: 822094.1, Max: 822094.3, Diff: 0.5]
      [Ext Root Scanning (ms): Min: 1.7, Avg: 2.0, Max: 2.5, Diff: 0.7, Sum: 19.6]
      [Update RS (ms): Min: 1.6, Avg: 1.6, Max: 1.7, Diff: 0.2, Sum: 16.4]
         [Processed Buffers: Min: 12, Avg: 18.2, Max: 33, Diff: 21, Sum: 182]
      [Scan RS (ms): Min: 0.0, Avg: 0.1, Max: 0.1, Diff: 0.1, Sum: 0.6]
      [Code Root Scanning (ms): Min: 0.0, Avg: 0.0, Max: 0.0, Diff: 0.0, Sum: 0.0]
      [Object Copy (ms): Min: 1.6, Avg: 1.8, Max: 1.9, Diff: 0.4, Sum: 18.4]
      [Termination (ms): Min: 0.0, Avg: 0.0, Max: 0.0, Diff: 0.0, Sum: 0.0]
         [Termination Attempts: Min: 1, Avg: 1.7, Max: 3, Diff: 2, Sum: 17]
      [GC Worker Other (ms): Min: 0.0, Avg: 0.0, Max: 0.1, Diff: 0.1, Sum: 0.4]
      [GC Worker Total (ms): Min: 5.3, Avg: 5.5, Max: 5.8, Diff: 0.5, Sum: 55.4]
      [GC Worker End (ms): Min: 822099.6, Avg: 822099.6, Max: 822099.7, Diff: 0.1]
   [Code Root Fixup: 0.0 ms]
   [Code Root Purge: 0.0 ms]
   [Clear CT: 1.6 ms]
   [Other: 2.9 ms]
      [Choose CSet: 0.0 ms]
      [Ref Proc: 1.0 ms]
      [Ref Enq: 0.0 ms]
      [Redirty Cards: 1.3 ms]
      [Humongous Register: 0.0 ms]
      [Humongous Reclaim: 0.0 ms]
      [Free CSet: 0.1 ms]
   [Eden: 151.0M(151.0M)->0.0B(151.0M) Survivors: 2048.0K->2048.0K Heap: 200.8M(256.0M)->50992.6K(256.0M)]
Heap after GC invocations=849 (full 0):
 garbage-first heap   total 262144K, used 50992K [0x00000000f0000000, 0x00000000f0100800, 0x0000000100000000)
  region size 1024K, 2 young (2048K), 2 survivors (2048K)
 Metaspace       used 52945K, capacity 56204K, committed 56448K, reserved 1099776K
  class space    used 6461K, capacity 7028K, committed 7040K, reserved 1048576K
}
 [Times: user=0.06 sys=0.00, real=0.01 secs] 
{Heap before GC invocations=849 (full 0):
 garbage-first heap   total 262144K, used 205616K [0x00000000f0000000, 0x00000000f0100800, 0x0000000100000000)
  region size 1024K, 153 young (156672K), 2 survivors (2048K)
 Metaspace       used 52946K, capacity 56204K, committed 56448K, reserved 1099776K
  class space    used 6461K, capacity 7028K, committed 7040K, reserved 1048576K
2023-10-03T06:58:35.035+0800: 822.898: [GC pause (G1 Evacuation Pause) (young), 0.0111841 secs]
   [Parallel Time: 6.3 ms, GC Workers: 10]
      [GC Worker Start (ms): Min: 822898.8, Avg: 822899.1, Max: 822899.3, Diff: 0.5]
      [Ext Root Scanning (ms): Min: 1.7, Avg: 1.9, Max: 2.3, Diff: 0.6, Sum: 19.0]
      [Update RS (ms): Min: 1.6, Avg: 1.7, Max: 1.8, Diff: 0.2, Sum: 16.7]
         [Processed Buffers: Min: 11, Avg: 18.2, Max: 37, Diff: 26, Sum: 182]
      [Scan RS (ms): Min: 0.0, Avg: 0.1, Max: 0.1, Diff: 0.1, Sum: 0.5]
      [Code Root Scanning (ms): Min: 0.0, Avg: 0.0, Max: 0.0, Diff: 0.0, Sum: 0.0]
      [Object Copy (ms): Min: 1.4, Avg: 1.6, Max: 1.7, Diff: 0.3, Sum: 16.5]
      [Termination (ms): Min: 0.0, Avg: 0.0, Max: 0.0, Diff: 0.0, Sum: 0.0]
         [Termination Attempts: Min: 1, Avg: 1.0, Max: 1, Diff: 0, Sum: 10]
      [GC Worker Other (ms): Min: 0.0, Avg: 0.0, Max: 0.1, Diff: 0.1, Sum: 0.4]
      [GC Worker Total (ms): Min: 5.1, Avg: 5.3, Max: 5.6, Diff: 0.4, Sum: 53.3]
      [GC Worker End (ms): Min: 822904.4, Avg: 822904.4, Max: 822904.5, Diff: 0.1]
   [Code Root Fixup: 0.0 ms]
   [Code Root Purge: 0.0 ms]
   [Clear CT: 1.5 ms]
   [Other: 3.4 ms]
      [Choose CSet: 0.0 ms]
      [Ref Proc: 1.3 ms]
      [Ref Enq: 0.0 ms]
      [Redirty Cards: 1.5 ms]
      [Humongous Register: 0.0 ms]
      [Humongous Reclaim: 0.0 ms]
      [Free CSet: 0.2 ms]
   [Eden: 151.0M(151.0M)->0.0B(151.0M) Survivors: 2048.0K->2048.0K Heap: 200.8M(256.0M)->51000.2K(256.0M)]
Heap after GC invocations=850 (full 0):
 garbage-first heap   total 262144K, used 51000K [0x00000000f0000000, 0x00000000f0100800, 0x0000000100000000)
  region size 1024K, 2 young (2048K), 2 survivors (2048K)
 Metaspace       used 52946K, capacity 56204K, committed 56448K, reserved 1099776K
  class space    used 6461K, capacity 7028K, committed 7040K, reserved 1048576K
}
 [Times: user=0.06 sys=0.00, real=0.01 secs] 
{Heap before GC invocations=850 (full 0):
 garbage-first heap   total 262144K, used 205624K [0x00000000f0000000, 0x00000000f0100800, 0x0000000100000000)
  region size 1024K, 153 young (156672K), 2 survivors (2048K)
 Metaspace       used 52946K, capacity 56204K, committed 56448K, reserved 1099776K
  class space    used 6461K, capacity 7028K, committed 7040K, reserved 1048576K
2023-10-03T06:58:35.838+0800: 823.702: [GC pause (G1 Evacuation Pause) (young), 0.0113784 secs]
   [Parallel Time: 6.4 ms, GC Workers: 10]
      [GC Worker Start (ms): Min: 823701.8, Avg: 823702.1, Max: 823702.3, Diff: 0.5]
      [Ext Root Scanning (ms): Min: 1.7, Avg: 1.9, Max: 2.3, Diff: 0.6, Sum: 18.6]
      [Update RS (ms): Min: 1.5, Avg: 1.6, Max: 1.8, Diff: 0.2, Sum: 16.3]
         [Processed Buffers: Min: 10, Avg: 18.1, Max: 32, Diff: 22, Sum: 181]
      [Scan RS (ms): Min: 0.0, Avg: 0.1, Max: 0.1, Diff: 0.1, Sum: 0.7]
      [Code Root Scanning (ms): Min: 0.0, Avg: 0.0, Max: 0.0, Diff: 0.0, Sum: 0.0]
      [Object Copy (ms): Min: 1.5, Avg: 1.7, Max: 1.8, Diff: 0.3, Sum: 17.3]
      [Termination (ms): Min: 0.0, Avg: 0.0, Max: 0.0, Diff: 0.0, Sum: 0.0]
         [Termination Attempts: Min: 1, Avg: 1.1, Max: 2, Diff: 1, Sum: 11]
      [GC Worker Other (ms): Min: 0.0, Avg: 0.1, Max: 0.2, Diff: 0.1, Sum: 0.6]
      [GC Worker Total (ms): Min: 5.1, Avg: 5.4, Max: 5.6, Diff: 0.5, Sum: 53.7]
      [GC Worker End (ms): Min: 823707.4, Avg: 823707.5, Max: 823707.6, Diff: 0.1]
   [Code Root Fixup: 0.0 ms]
   [Code Root Purge: 0.0 ms]
   [Clear CT: 1.4 ms]
   [Other: 3.5 ms]
      [Choose CSet: 0.0 ms]
      [Ref Proc: 1.5 ms]
      [Ref Enq: 0.0 ms]
      [Redirty Cards: 1.4 ms]
      [Humongous Register: 0.0 ms]
      [Humongous Reclaim: 0.0 ms]
      [Free CSet: 0.1 ms]
   [Eden: 151.0M(151.0M)->0.0B(151.0M) Survivors: 2048.0K->2048.0K Heap: 200.8M(256.0M)->50997.3K(256.0M)]
Heap after GC invocations=851 (full 0):
 garbage-first heap   total 262144K, used 50997K [0x00000000f0000000, 0x00000000f0100800, 0x0000000100000000)
  region size 1024K, 2 young (2048K), 2 survivors (2048K)
 Metaspace       used 52946K, capacity 56204K, committed 56448K, reserved 1099776K
  class space    used 6461K, capacity 7028K, committed 7040K, reserved 1048576K
}
 [Times: user=0.06 sys=0.00, real=0.02 secs] 
{Heap before GC invocations=851 (full 0):
 garbage-first heap   total 262144K, used 205621K [0x00000000f0000000, 0x00000000f0100800, 0x0000000100000000)
  region size 1024K, 153 young (156672K), 2 survivors (2048K)
 Metaspace       used 52946K, capacity 56204K, committed 56448K, reserved 1099776K
  class space    used 6461K, capacity 7028K, committed 7040K, reserved 1048576K
2023-10-03T06:58:36.631+0800: 824.495: [GC pause (G1 Evacuation Pause) (young), 0.0113520 secs]
   [Parallel Time: 6.4 ms, GC Workers: 10]
      [GC Worker Start (ms): Min: 824495.0, Avg: 824495.3, Max: 824495.5, Diff: 0.5]
      [Ext Root Scanning (ms): Min: 1.7, Avg: 1.9, Max: 2.3, Diff: 0.6, Sum: 19.0]
      [Update RS (ms): Min: 1.5, Avg: 1.6, Max: 1.7, Diff: 0.2, Sum: 16.1]
         [Processed Buffers: Min: 13, Avg: 18.1, Max: 33, Diff: 20, Sum: 181]
      [Scan RS (ms): Min: 0.0, Avg: 0.1, Max: 0.1, Diff: 0.1, Sum: 0.6]
      [Code Root Scanning (ms): Min: 0.0, Avg: 0.0, Max: 0.0, Diff: 0.0, Sum: 0.0]
      [Object Copy (ms): Min: 1.6, Avg: 1.8, Max: 1.8, Diff: 0.3, Sum: 17.8]
      [Termination (ms): Min: 0.0, Avg: 0.0, Max: 0.0, Diff: 0.0, Sum: 0.0]
         [Termination Attempts: Min: 1, Avg: 1.4, Max: 3, Diff: 2, Sum: 14]
      [GC Worker Other (ms): Min: 0.0, Avg: 0.0, Max: 0.1, Diff: 0.1, Sum: 0.4]
      [GC Worker Total (ms): Min: 5.2, Avg: 5.4, Max: 5.7, Diff: 0.5, Sum: 54.0]
      [GC Worker End (ms): Min: 824500.7, Avg: 824500.7, Max: 824500.7, Diff: 0.1]
   [Code Root Fixup: 0.0 ms]
   [Code Root Purge: 0.0 ms]
   [Clear CT: 1.8 ms]
   [Other: 3.1 ms]
      [Choose CSet: 0.0 ms]
      [Ref Proc: 1.1 ms]
      [Ref Enq: 0.0 ms]
      [Redirty Cards: 1.5 ms]
      [Humongous Register: 0.0 ms]
      [Humongous Reclaim: 0.0 ms]
      [Free CSet: 0.1 ms]
   [Eden: 151.0M(151.0M)->0.0B(151.0M) Survivors: 2048.0K->2048.0K Heap: 200.8M(256.0M)->51001.2K(256.0M)]
Heap after GC invocations=852 (full 0):
 garbage-first heap   total 262144K, used 51001K [0x00000000f0000000, 0x00000000f0100800, 0x0000000100000000)
  region size 1024K, 2 young (2048K), 2 survivors (2048K)
 Metaspace       used 52946K, capacity 56204K, committed 56448K, reserved 1099776K
  class space    used 6461K, capacity 7028K, committed 7040K, reserved 1048576K
}
 [Times: user=0.06 sys=0.00, real=0.01 secs] 
{Heap before GC invocations=852 (full 0):
 garbage-first heap   total 262144K, used 205625K [0x00000000f0000000, 0x00000000f0100800, 0x0000000100000000)
  region size 1024K, 153 young (156672K), 2 survivors (2048K)
 Metaspace       used 52946K, capacity 56204K, committed 56448K, reserved 1099776K
  class space    used 6461K, capacity 7028K, committed 7040K, reserved 1048576K
2023-10-03T06:58:37.385+0800: 825.248: [GC pause (G1 Evacuation Pause) (young), 0.0113031 secs]
   [Parallel Time: 6.4 ms, GC Workers: 10]
      [GC Worker Start (ms): Min: 825248.8, Avg: 825249.0, Max: 825249.3, Diff: 0.5]
      [Ext Root Scanning (ms): Min: 1.7, Avg: 1.9, Max: 2.3, Diff: 0.6, Sum: 19.4]
      [Update RS (ms): Min: 1.6, Avg: 1.7, Max: 1.8, Diff: 0.2, Sum: 16.7]
         [Processed Buffers: Min: 12, Avg: 18.2, Max: 32, Diff: 20, Sum: 182]
      [Scan RS (ms): Min: 0.0, Avg: 0.1, Max: 0.1, Diff: 0.1, Sum: 0.6]
      [Code Root Scanning (ms): Min: 0.0, Avg: 0.0, Max: 0.0, Diff: 0.0, Sum: 0.0]
      [Object Copy (ms): Min: 1.4, Avg: 1.6, Max: 1.7, Diff: 0.3, Sum: 16.4]
      [Termination (ms): Min: 0.0, Avg: 0.0, Max: 0.0, Diff: 0.0, Sum: 0.0]
         [Termination Attempts: Min: 1, Avg: 1.0, Max: 1, Diff: 0, Sum: 10]
      [GC Worker Other (ms): Min: 0.0, Avg: 0.1, Max: 0.1, Diff: 0.1, Sum: 0.6]
      [GC Worker Total (ms): Min: 5.1, Avg: 5.4, Max: 5.6, Diff: 0.5, Sum: 53.8]
      [GC Worker End (ms): Min: 825254.4, Avg: 825254.4, Max: 825254.5, Diff: 0.1]
   [Code Root Fixup: 0.0 ms]
   [Code Root Purge: 0.0 ms]
   [Clear CT: 1.8 ms]
   [Other: 3.1 ms]
      [Choose CSet: 0.0 ms]
      [Ref Proc: 1.1 ms]
      [Ref Enq: 0.0 ms]
      [Redirty Cards: 1.4 ms]
      [Humongous Register: 0.0 ms]
      [Humongous Reclaim: 0.0 ms]
      [Free CSet: 0.1 ms]
   [Eden: 151.0M(151.0M)->0.0B(151.0M) Survivors: 2048.0K->2048.0K Heap: 200.8M(256.0M)->51004.6K(256.0M)]
Heap after GC invocations=853 (full 0):
 garbage-first heap   total 262144K, used 51004K [0x00000000f0000000, 0x00000000f0100800, 0x0000000100000000)
  region size 1024K, 2 young (2048K), 2 survivors (2048K)
 Metaspace       used 52946K, capacity 56204K, committed 56448K, reserved 1099776K
  class space    used 6461K, capacity 7028K, committed 7040K, reserved 1048576K
}
 [Times: user=0.06 sys=0.00, real=0.01 secs] 
{Heap before GC invocations=853 (full 0):
 garbage-first heap   total 262144K, used 205628K [0x00000000f0000000, 0x00000000f0100800, 0x0000000100000000)
  region size 1024K, 153 young (156672K), 2 survivors (2048K)
 Metaspace       used 52946K, capacity 56204K, committed 56448K, reserved 1099776K
  class space    used 6461K, capacity 7028K, committed 7040K, reserved 1048576K
2023-10-03T06:58:38.187+0800: 826.050: [GC pause (G1 Evacuation Pause) (young), 0.0108899 secs]
   [Parallel Time: 6.1 ms, GC Workers: 10]
      [GC Worker Start (ms): Min: 826050.5, Avg: 826050.8, Max: 826051.0, Diff: 0.5]
      [Ext Root Scanning (ms): Min: 1.6, Avg: 1.9, Max: 2.3, Diff: 0.6, Sum: 19.0]
      [Update RS (ms): Min: 1.6, Avg: 1.6, Max: 1.7, Diff: 0.1, Sum: 16.4]
         [Processed Buffers: Min: 11, Avg: 18.0, Max: 32, Diff: 21, Sum: 180]
      [Scan RS (ms): Min: 0.0, Avg: 0.1, Max: 0.1, Diff: 0.1, Sum: 0.6]
      [Code Root Scanning (ms): Min: 0.0, Avg: 0.0, Max: 0.0, Diff: 0.0, Sum: 0.0]
      [Object Copy (ms): Min: 1.4, Avg: 1.6, Max: 1.7, Diff: 0.3, Sum: 16.3]
      [Termination (ms): Min: 0.0, Avg: 0.0, Max: 0.0, Diff: 0.0, Sum: 0.1]
         [Termination Attempts: Min: 1, Avg: 1.5, Max: 3, Diff: 2, Sum: 15]
      [GC Worker Other (ms): Min: 0.0, Avg: 0.0, Max: 0.1, Diff: 0.1, Sum: 0.4]
      [GC Worker Total (ms): Min: 5.0, Avg: 5.3, Max: 5.5, Diff: 0.5, Sum: 52.8]
      [GC Worker End (ms): Min: 826056.0, Avg: 826056.1, Max: 826056.1, Diff: 0.1]
   [Code Root Fixup: 0.0 ms]
   [Code Root Purge: 0.0 ms]
   [Clear CT: 1.8 ms]
   [Other: 2.9 ms]
      [Choose CSet: 0.0 ms]
      [Ref Proc: 1.0 ms]
      [Ref Enq: 0.0 ms]
      [Redirty Cards: 1.3 ms]
      [Humongous Register: 0.0 ms]
      [Humongous Reclaim: 0.0 ms]
      [Free CSet: 0.1 ms]
   [Eden: 151.0M(151.0M)->0.0B(151.0M) Survivors: 2048.0K->2048.0K Heap: 200.8M(256.0M)->51007.1K(256.0M)]
Heap after GC invocations=854 (full 0):
 garbage-first heap   total 262144K, used 51007K [0x00000000f0000000, 0x00000000f0100800, 0x0000000100000000)
  region size 1024K, 2 young (2048K), 2 survivors (2048K)
 Metaspace       used 52946K, capacity 56204K, committed 56448K, reserved 1099776K
  class space    used 6461K, capacity 7028K, committed 7040K, reserved 1048576K
}
 [Times: user=0.05 sys=0.00, real=0.01 secs] 
{Heap before GC invocations=854 (full 0):
 garbage-first heap   total 262144K, used 205631K [0x00000000f0000000, 0x00000000f0100800, 0x0000000100000000)
  region size 1024K, 153 young (156672K), 2 survivors (2048K)
 Metaspace       used 52946K, capacity 56204K, committed 56448K, reserved 1099776K
  class space    used 6461K, capacity 7028K, committed 7040K, reserved 1048576K
2023-10-03T06:58:39.003+0800: 826.866: [GC pause (G1 Evacuation Pause) (young), 0.0114204 secs]
   [Parallel Time: 6.4 ms, GC Workers: 10]
      [GC Worker Start (ms): Min: 826866.5, Avg: 826866.8, Max: 826867.0, Diff: 0.5]
      [Ext Root Scanning (ms): Min: 1.7, Avg: 1.9, Max: 2.3, Diff: 0.6, Sum: 18.6]
      [Update RS (ms): Min: 1.6, Avg: 1.7, Max: 1.7, Diff: 0.1, Sum: 16.8]
         [Processed Buffers: Min: 11, Avg: 18.1, Max: 32, Diff: 21, Sum: 181]
      [Scan RS (ms): Min: 0.0, Avg: 0.1, Max: 0.1, Diff: 0.1, Sum: 0.7]
      [Code Root Scanning (ms): Min: 0.0, Avg: 0.0, Max: 0.0, Diff: 0.0, Sum: 0.0]
      [Object Copy (ms): Min: 1.5, Avg: 1.7, Max: 1.8, Diff: 0.3, Sum: 17.0]
      [Termination (ms): Min: 0.0, Avg: 0.0, Max: 0.0, Diff: 0.0, Sum: 0.0]
         [Termination Attempts: Min: 1, Avg: 1.0, Max: 1, Diff: 0, Sum: 10]
      [GC Worker Other (ms): Min: 0.0, Avg: 0.1, Max: 0.2, Diff: 0.2, Sum: 0.8]
      [GC Worker Total (ms): Min: 5.1, Avg: 5.4, Max: 5.8, Diff: 0.7, Sum: 53.9]
      [GC Worker End (ms): Min: 826872.1, Avg: 826872.2, Max: 826872.4, Diff: 0.2]
   [Code Root Fixup: 0.0 ms]
   [Code Root Purge: 0.0 ms]
   [Clear CT: 1.4 ms]
   [Other: 3.6 ms]
      [Choose CSet: 0.0 ms]
      [Ref Proc: 1.6 ms]
      [Ref Enq: 0.0 ms]
      [Redirty Cards: 1.4 ms]
      [Humongous Register: 0.0 ms]
      [Humongous Reclaim: 0.0 ms]
      [Free CSet: 0.1 ms]
   [Eden: 151.0M(151.0M)->0.0B(151.0M) Survivors: 2048.0K->2048.0K Heap: 200.8M(256.0M)->50997.2K(256.0M)]
Heap after GC invocations=855 (full 0):
 garbage-first heap   total 262144K, used 50997K [0x00000000f0000000, 0x00000000f0100800, 0x0000000100000000)
  region size 1024K, 2 young (2048K), 2 survivors (2048K)
 Metaspace       used 52946K, capacity 56204K, committed 56448K, reserved 1099776K
  class space    used 6461K, capacity 7028K, committed 7040K, reserved 1048576K
}
 [Times: user=0.05 sys=0.00, real=0.01 secs] 
{Heap before GC invocations=855 (full 0):
 garbage-first heap   total 262144K, used 205621K [0x00000000f0000000, 0x00000000f0100800, 0x0000000100000000)
  region size 1024K, 153 young (156672K), 2 survivors (2048K)
 Metaspace       used 52946K, capacity 56204K, committed 56448K, reserved 1099776K
  class space    used 6461K, capacity 7028K, committed 7040K, reserved 1048576K
2023-10-03T06:58:39.788+0800: 827.651: [GC pause (G1 Evacuation Pause) (young), 0.0109386 secs]
   [Parallel Time: 6.2 ms, GC Workers: 10]
      [GC Worker Start (ms): Min: 827651.8, Avg: 827652.1, Max: 827652.3, Diff: 0.5]
      [Ext Root Scanning (ms): Min: 1.7, Avg: 1.9, Max: 2.3, Diff: 0.7, Sum: 19.1]
      [Update RS (ms): Min: 1.5, Avg: 1.6, Max: 1.7, Diff: 0.1, Sum: 16.1]
         [Processed Buffers: Min: 12, Avg: 18.1, Max: 28, Diff: 16, Sum: 181]
      [Scan RS (ms): Min: 0.0, Avg: 0.1, Max: 0.1, Diff: 0.1, Sum: 0.6]
      [Code Root Scanning (ms): Min: 0.0, Avg: 0.0, Max: 0.0, Diff: 0.0, Sum: 0.0]
      [Object Copy (ms): Min: 1.5, Avg: 1.7, Max: 1.8, Diff: 0.3, Sum: 17.2]
      [Termination (ms): Min: 0.0, Avg: 0.0, Max: 0.0, Diff: 0.0, Sum: 0.1]
         [Termination Attempts: Min: 1, Avg: 1.4, Max: 2, Diff: 1, Sum: 14]
      [GC Worker Other (ms): Min: 0.0, Avg: 0.1, Max: 0.1, Diff: 0.1, Sum: 0.6]
      [GC Worker Total (ms): Min: 5.1, Avg: 5.4, Max: 5.7, Diff: 0.6, Sum: 53.6]
      [GC Worker End (ms): Min: 827657.4, Avg: 827657.4, Max: 827657.5, Diff: 0.1]
   [Code Root Fixup: 0.0 ms]
   [Code Root Purge: 0.0 ms]
   [Clear CT: 1.3 ms]
   [Other: 3.3 ms]
      [Choose CSet: 0.0 ms]
      [Ref Proc: 1.4 ms]
      [Ref Enq: 0.0 ms]
      [Redirty Cards: 1.4 ms]
      [Humongous Register: 0.0 ms]
      [Humongous Reclaim: 0.0 ms]
      [Free CSet: 0.1 ms]
   [Eden: 151.0M(151.0M)->0.0B(151.0M) Survivors: 2048.0K->2048.0K Heap: 200.8M(256.0M)->51124.5K(256.0M)]
Heap after GC invocations=856 (full 0):
 garbage-first heap   total 262144K, used 51124K [0x00000000f0000000, 0x00000000f0100800, 0x0000000100000000)
  region size 1024K, 2 young (2048K), 2 survivors (2048K)
 Metaspace       used 52946K, capacity 56204K, committed 56448K, reserved 1099776K
  class space    used 6461K, capacity 7028K, committed 7040K, reserved 1048576K
}
 [Times: user=0.06 sys=0.00, real=0.01 secs] 
{Heap before GC invocations=856 (full 0):
 garbage-first heap   total 262144K, used 205748K [0x00000000f0000000, 0x00000000f0100800, 0x0000000100000000)
  region size 1024K, 153 young (156672K), 2 survivors (2048K)
 Metaspace       used 52946K, capacity 56204K, committed 56448K, reserved 1099776K
  class space    used 6461K, capacity 7028K, committed 7040K, reserved 1048576K
2023-10-03T06:58:40.594+0800: 828.457: [GC pause (G1 Evacuation Pause) (young), 0.0105357 secs]
   [Parallel Time: 5.8 ms, GC Workers: 10]
      [GC Worker Start (ms): Min: 828457.4, Avg: 828457.7, Max: 828457.9, Diff: 0.5]
      [Ext Root Scanning (ms): Min: 1.7, Avg: 1.9, Max: 2.3, Diff: 0.6, Sum: 18.8]
      [Update RS (ms): Min: 1.6, Avg: 1.6, Max: 1.7, Diff: 0.1, Sum: 16.3]
         [Processed Buffers: Min: 12, Avg: 18.0, Max: 31, Diff: 19, Sum: 180]
      [Scan RS (ms): Min: 0.0, Avg: 0.1, Max: 0.1, Diff: 0.1, Sum: 0.8]
      [Code Root Scanning (ms): Min: 0.0, Avg: 0.0, Max: 0.0, Diff: 0.0, Sum: 0.0]
      [Object Copy (ms): Min: 1.6, Avg: 1.8, Max: 1.9, Diff: 0.3, Sum: 18.0]
      [Termination (ms): Min: 0.0, Avg: 0.0, Max: 0.0, Diff: 0.0, Sum: 0.1]
         [Termination Attempts: Min: 1, Avg: 2.0, Max: 4, Diff: 3, Sum: 20]
      [GC Worker Other (ms): Min: 0.0, Avg: 0.0, Max: 0.0, Diff: 0.0, Sum: 0.3]
      [GC Worker Total (ms): Min: 5.2, Avg: 5.4, Max: 5.7, Diff: 0.5, Sum: 54.3]
      [GC Worker End (ms): Min: 828463.1, Avg: 828463.1, Max: 828463.1, Diff: 0.0]
   [Code Root Fixup: 0.0 ms]
   [Code Root Purge: 0.0 ms]
   [Clear CT: 1.7 ms]
   [Other: 3.0 ms]
      [Choose CSet: 0.0 ms]
      [Ref Proc: 1.1 ms]
      [Ref Enq: 0.0 ms]
      [Redirty Cards: 1.3 ms]
      [Humongous Register: 0.0 ms]
      [Humongous Reclaim: 0.0 ms]
      [Free CSet: 0.1 ms]
   [Eden: 151.0M(151.0M)->0.0B(151.0M) Survivors: 2048.0K->2048.0K Heap: 200.9M(256.0M)->51014.2K(256.0M)]
Heap after GC invocations=857 (full 0):
 garbage-first heap   total 262144K, used 51014K [0x00000000f0000000, 0x00000000f0100800, 0x0000000100000000)
  region size 1024K, 2 young (2048K), 2 survivors (2048K)
 Metaspace       used 52946K, capacity 56204K, committed 56448K, reserved 1099776K
  class space    used 6461K, capacity 7028K, committed 7040K, reserved 1048576K
}
 [Times: user=0.06 sys=0.00, real=0.01 secs] 
{Heap before GC invocations=857 (full 0):
 garbage-first heap   total 262144K, used 205638K [0x00000000f0000000, 0x00000000f0100800, 0x0000000100000000)
  region size 1024K, 153 young (156672K), 2 survivors (2048K)
 Metaspace       used 52946K, capacity 56204K, committed 56448K, reserved 1099776K
  class space    used 6461K, capacity 7028K, committed 7040K, reserved 1048576K
2023-10-03T06:58:41.398+0800: 829.261: [GC pause (G1 Evacuation Pause) (young), 0.0114767 secs]
   [Parallel Time: 6.6 ms, GC Workers: 10]
      [GC Worker Start (ms): Min: 829261.3, Avg: 829261.5, Max: 829261.8, Diff: 0.5]
      [Ext Root Scanning (ms): Min: 1.7, Avg: 2.0, Max: 2.5, Diff: 0.7, Sum: 19.9]
      [Update RS (ms): Min: 1.6, Avg: 1.6, Max: 1.7, Diff: 0.1, Sum: 16.3]
         [Processed Buffers: Min: 10, Avg: 18.2, Max: 32, Diff: 22, Sum: 182]
      [Scan RS (ms): Min: 0.0, Avg: 0.1, Max: 0.1, Diff: 0.1, Sum: 0.7]
      [Code Root Scanning (ms): Min: 0.0, Avg: 0.0, Max: 0.0, Diff: 0.0, Sum: 0.0]
      [Object Copy (ms): Min: 1.6, Avg: 1.8, Max: 1.9, Diff: 0.3, Sum: 18.0]
      [Termination (ms): Min: 0.0, Avg: 0.0, Max: 0.0, Diff: 0.0, Sum: 0.0]
         [Termination Attempts: Min: 1, Avg: 1.2, Max: 2, Diff: 1, Sum: 12]
      [GC Worker Other (ms): Min: 0.0, Avg: 0.0, Max: 0.1, Diff: 0.1, Sum: 0.5]
      [GC Worker Total (ms): Min: 5.3, Avg: 5.5, Max: 5.8, Diff: 0.5, Sum: 55.5]
      [GC Worker End (ms): Min: 829267.1, Avg: 829267.1, Max: 829267.2, Diff: 0.1]
   [Code Root Fixup: 0.0 ms]
   [Code Root Purge: 0.0 ms]
   [Clear CT: 1.3 ms]
   [Other: 3.5 ms]
      [Choose CSet: 0.0 ms]
      [Ref Proc: 1.5 ms]
      [Ref Enq: 0.0 ms]
      [Redirty Cards: 1.5 ms]
      [Humongous Register: 0.0 ms]
      [Humongous Reclaim: 0.0 ms]
      [Free CSet: 0.1 ms]
   [Eden: 151.0M(151.0M)->0.0B(151.0M) Survivors: 2048.0K->2048.0K Heap: 200.8M(256.0M)->51141.2K(256.0M)]
Heap after GC invocations=858 (full 0):
 garbage-first heap   total 262144K, used 51141K [0x00000000f0000000, 0x00000000f0100800, 0x0000000100000000)
  region size 1024K, 2 young (2048K), 2 survivors (2048K)
 Metaspace       used 52946K, capacity 56204K, committed 56448K, reserved 1099776K
  class space    used 6461K, capacity 7028K, committed 7040K, reserved 1048576K
}
 [Times: user=0.06 sys=0.00, real=0.01 secs] 
{Heap before GC invocations=858 (full 0):
 garbage-first heap   total 262144K, used 205765K [0x00000000f0000000, 0x00000000f0100800, 0x0000000100000000)
  region size 1024K, 153 young (156672K), 2 survivors (2048K)
 Metaspace       used 52946K, capacity 56204K, committed 56448K, reserved 1099776K
  class space    used 6461K, capacity 7028K, committed 7040K, reserved 1048576K
2023-10-03T06:58:42.205+0800: 830.069: [GC pause (G1 Evacuation Pause) (young), 0.0118629 secs]
   [Parallel Time: 6.7 ms, GC Workers: 10]
      [GC Worker Start (ms): Min: 830068.9, Avg: 830069.2, Max: 830069.4, Diff: 0.5]
      [Ext Root Scanning (ms): Min: 1.7, Avg: 2.0, Max: 2.5, Diff: 0.7, Sum: 20.1]
      [Update RS (ms): Min: 1.6, Avg: 1.7, Max: 1.9, Diff: 0.2, Sum: 17.3]
         [Processed Buffers: Min: 12, Avg: 17.9, Max: 33, Diff: 21, Sum: 179]
      [Scan RS (ms): Min: 0.0, Avg: 0.1, Max: 0.1, Diff: 0.1, Sum: 0.5]
      [Code Root Scanning (ms): Min: 0.0, Avg: 0.0, Max: 0.0, Diff: 0.0, Sum: 0.0]
      [Object Copy (ms): Min: 1.7, Avg: 1.8, Max: 2.0, Diff: 0.3, Sum: 18.4]
      [Termination (ms): Min: 0.0, Avg: 0.0, Max: 0.0, Diff: 0.0, Sum: 0.0]
         [Termination Attempts: Min: 1, Avg: 1.0, Max: 1, Diff: 0, Sum: 10]
      [GC Worker Other (ms): Min: 0.0, Avg: 0.1, Max: 0.1, Diff: 0.1, Sum: 0.5]
      [GC Worker Total (ms): Min: 5.5, Avg: 5.7, Max: 5.9, Diff: 0.4, Sum: 56.9]
      [GC Worker End (ms): Min: 830074.8, Avg: 830074.9, Max: 830074.9, Diff: 0.1]
   [Code Root Fixup: 0.0 ms]
   [Code Root Purge: 0.0 ms]
   [Clear CT: 1.5 ms]
   [Other: 3.7 ms]
      [Choose CSet: 0.0 ms]
      [Ref Proc: 1.7 ms]
      [Ref Enq: 0.0 ms]
      [Redirty Cards: 1.4 ms]
      [Humongous Register: 0.0 ms]
      [Humongous Reclaim: 0.0 ms]
      [Free CSet: 0.1 ms]
   [Eden: 151.0M(151.0M)->0.0B(151.0M) Survivors: 2048.0K->2048.0K Heap: 200.9M(256.0M)->51141.4K(256.0M)]
Heap after GC invocations=859 (full 0):
 garbage-first heap   total 262144K, used 51141K [0x00000000f0000000, 0x00000000f0100800, 0x0000000100000000)
  region size 1024K, 2 young (2048K), 2 survivors (2048K)
 Metaspace       used 52946K, capacity 56204K, committed 56448K, reserved 1099776K
  class space    used 6461K, capacity 7028K, committed 7040K, reserved 1048576K
}
 [Times: user=0.06 sys=0.00, real=0.01 secs] 
{Heap before GC invocations=859 (full 0):
 garbage-first heap   total 262144K, used 205765K [0x00000000f0000000, 0x00000000f0100800, 0x0000000100000000)
  region size 1024K, 153 young (156672K), 2 survivors (2048K)
 Metaspace       used 52946K, capacity 56204K, committed 56448K, reserved 1099776K
  class space    used 6461K, capacity 7028K, committed 7040K, reserved 1048576K
2023-10-03T06:58:43.006+0800: 830.869: [GC pause (G1 Evacuation Pause) (young), 0.0110369 secs]
   [Parallel Time: 6.4 ms, GC Workers: 10]
      [GC Worker Start (ms): Min: 830869.1, Avg: 830869.3, Max: 830869.5, Diff: 0.5]
      [Ext Root Scanning (ms): Min: 1.7, Avg: 1.9, Max: 2.3, Diff: 0.6, Sum: 19.1]
      [Update RS (ms): Min: 1.6, Avg: 1.7, Max: 1.8, Diff: 0.2, Sum: 17.4]
         [Processed Buffers: Min: 14, Avg: 18.1, Max: 25, Diff: 11, Sum: 181]
      [Scan RS (ms): Min: 0.0, Avg: 0.1, Max: 0.1, Diff: 0.1, Sum: 0.6]
      [Code Root Scanning (ms): Min: 0.0, Avg: 0.0, Max: 0.0, Diff: 0.0, Sum: 0.0]
      [Object Copy (ms): Min: 1.4, Avg: 1.7, Max: 1.7, Diff: 0.3, Sum: 16.8]
      [Termination (ms): Min: 0.0, Avg: 0.0, Max: 0.0, Diff: 0.0, Sum: 0.1]
         [Termination Attempts: Min: 1, Avg: 1.4, Max: 2, Diff: 1, Sum: 14]
      [GC Worker Other (ms): Min: 0.0, Avg: 0.0, Max: 0.1, Diff: 0.1, Sum: 0.4]
      [GC Worker Total (ms): Min: 5.2, Avg: 5.4, Max: 5.7, Diff: 0.5, Sum: 54.4]
      [GC Worker End (ms): Min: 830874.7, Avg: 830874.8, Max: 830874.8, Diff: 0.1]
   [Code Root Fixup: 0.0 ms]
   [Code Root Purge: 0.0 ms]
   [Clear CT: 1.7 ms]
   [Other: 3.0 ms]
      [Choose CSet: 0.0 ms]
      [Ref Proc: 1.2 ms]
      [Ref Enq: 0.0 ms]
      [Redirty Cards: 1.3 ms]
      [Humongous Register: 0.0 ms]
      [Humongous Reclaim: 0.0 ms]
      [Free CSet: 0.1 ms]
   [Eden: 151.0M(151.0M)->0.0B(151.0M) Survivors: 2048.0K->2048.0K Heap: 200.9M(256.0M)->51144.4K(256.0M)]
Heap after GC invocations=860 (full 0):
 garbage-first heap   total 262144K, used 51144K [0x00000000f0000000, 0x00000000f0100800, 0x0000000100000000)
  region size 1024K, 2 young (2048K), 2 survivors (2048K)
 Metaspace       used 52946K, capacity 56204K, committed 56448K, reserved 1099776K
  class space    used 6461K, capacity 7028K, committed 7040K, reserved 1048576K
}
 [Times: user=0.06 sys=0.00, real=0.01 secs] 
{Heap before GC invocations=860 (full 0):
 garbage-first heap   total 262144K, used 205768K [0x00000000f0000000, 0x00000000f0100800, 0x0000000100000000)
  region size 1024K, 153 young (156672K), 2 survivors (2048K)
 Metaspace       used 52946K, capacity 56204K, committed 56448K, reserved 1099776K
  class space    used 6461K, capacity 7028K, committed 7040K, reserved 1048576K
2023-10-03T06:58:43.798+0800: 831.661: [GC pause (G1 Evacuation Pause) (young), 0.0111666 secs]
   [Parallel Time: 6.4 ms, GC Workers: 10]
      [GC Worker Start (ms): Min: 831661.4, Avg: 831661.7, Max: 831661.9, Diff: 0.5]
      [Ext Root Scanning (ms): Min: 1.7, Avg: 1.9, Max: 2.3, Diff: 0.6, Sum: 18.8]
      [Update RS (ms): Min: 1.6, Avg: 1.7, Max: 1.8, Diff: 0.2, Sum: 16.8]
         [Processed Buffers: Min: 7, Avg: 18.3, Max: 33, Diff: 26, Sum: 183]
      [Scan RS (ms): Min: 0.0, Avg: 0.1, Max: 0.1, Diff: 0.1, Sum: 0.7]
      [Code Root Scanning (ms): Min: 0.0, Avg: 0.0, Max: 0.0, Diff: 0.0, Sum: 0.0]
      [Object Copy (ms): Min: 1.5, Avg: 1.7, Max: 1.8, Diff: 0.4, Sum: 16.9]
      [Termination (ms): Min: 0.0, Avg: 0.0, Max: 0.0, Diff: 0.0, Sum: 0.0]
         [Termination Attempts: Min: 1, Avg: 1.0, Max: 1, Diff: 0, Sum: 10]
      [GC Worker Other (ms): Min: 0.0, Avg: 0.0, Max: 0.1, Diff: 0.1, Sum: 0.5]
      [GC Worker Total (ms): Min: 5.2, Avg: 5.4, Max: 5.7, Diff: 0.5, Sum: 53.8]
      [GC Worker End (ms): Min: 831667.0, Avg: 831667.0, Max: 831667.1, Diff: 0.1]
   [Code Root Fixup: 0.0 ms]
   [Code Root Purge: 0.0 ms]
   [Clear CT: 1.4 ms]
   [Other: 3.4 ms]
      [Choose CSet: 0.0 ms]
      [Ref Proc: 1.5 ms]
      [Ref Enq: 0.0 ms]
      [Redirty Cards: 1.4 ms]
      [Humongous Register: 0.0 ms]
      [Humongous Reclaim: 0.0 ms]
      [Free CSet: 0.1 ms]
   [Eden: 151.0M(151.0M)->0.0B(151.0M) Survivors: 2048.0K->2048.0K Heap: 200.9M(256.0M)->50903.4K(256.0M)]
Heap after GC invocations=861 (full 0):
 garbage-first heap   total 262144K, used 50903K [0x00000000f0000000, 0x00000000f0100800, 0x0000000100000000)
  region size 1024K, 2 young (2048K), 2 survivors (2048K)
 Metaspace       used 52946K, capacity 56204K, committed 56448K, reserved 1099776K
  class space    used 6461K, capacity 7028K, committed 7040K, reserved 1048576K
}
 [Times: user=0.06 sys=0.00, real=0.01 secs] 
{Heap before GC invocations=861 (full 0):
 garbage-first heap   total 262144K, used 205527K [0x00000000f0000000, 0x00000000f0100800, 0x0000000100000000)
  region size 1024K, 153 young (156672K), 2 survivors (2048K)
 Metaspace       used 52946K, capacity 56204K, committed 56448K, reserved 1099776K
  class space    used 6461K, capacity 7028K, committed 7040K, reserved 1048576K
2023-10-03T06:58:44.605+0800: 832.468: [GC pause (G1 Evacuation Pause) (young), 0.0113237 secs]
   [Parallel Time: 6.4 ms, GC Workers: 10]
      [GC Worker Start (ms): Min: 832468.5, Avg: 832468.8, Max: 832469.0, Diff: 0.4]
      [Ext Root Scanning (ms): Min: 1.8, Avg: 1.9, Max: 2.3, Diff: 0.6, Sum: 19.2]
      [Update RS (ms): Min: 1.5, Avg: 1.6, Max: 1.7, Diff: 0.2, Sum: 16.1]
         [Processed Buffers: Min: 12, Avg: 17.9, Max: 33, Diff: 21, Sum: 179]
      [Scan RS (ms): Min: 0.0, Avg: 0.0, Max: 0.1, Diff: 0.1, Sum: 0.5]
      [Code Root Scanning (ms): Min: 0.0, Avg: 0.0, Max: 0.0, Diff: 0.0, Sum: 0.0]
      [Object Copy (ms): Min: 1.6, Avg: 1.7, Max: 1.8, Diff: 0.3, Sum: 17.5]
      [Termination (ms): Min: 0.0, Avg: 0.0, Max: 0.0, Diff: 0.0, Sum: 0.0]
         [Termination Attempts: Min: 1, Avg: 1.3, Max: 2, Diff: 1, Sum: 13]
      [GC Worker Other (ms): Min: 0.0, Avg: 0.0, Max: 0.1, Diff: 0.1, Sum: 0.4]
      [GC Worker Total (ms): Min: 5.2, Avg: 5.4, Max: 5.6, Diff: 0.4, Sum: 53.7]
      [GC Worker End (ms): Min: 832474.1, Avg: 832474.1, Max: 832474.2, Diff: 0.1]
   [Code Root Fixup: 0.0 ms]
   [Code Root Purge: 0.0 ms]
   [Clear CT: 1.5 ms]
   [Other: 3.4 ms]
      [Choose CSet: 0.0 ms]
      [Ref Proc: 1.4 ms]
      [Ref Enq: 0.0 ms]
      [Redirty Cards: 1.5 ms]
      [Humongous Register: 0.0 ms]
      [Humongous Reclaim: 0.0 ms]
      [Free CSet: 0.1 ms]
   [Eden: 151.0M(151.0M)->0.0B(151.0M) Survivors: 2048.0K->2048.0K Heap: 200.7M(256.0M)->51120.2K(256.0M)]
Heap after GC invocations=862 (full 0):
 garbage-first heap   total 262144K, used 51120K [0x00000000f0000000, 0x00000000f0100800, 0x0000000100000000)
  region size 1024K, 2 young (2048K), 2 survivors (2048K)
 Metaspace       used 52946K, capacity 56204K, committed 56448K, reserved 1099776K
  class space    used 6461K, capacity 7028K, committed 7040K, reserved 1048576K
}
 [Times: user=0.06 sys=0.01, real=0.01 secs] 
{Heap before GC invocations=862 (full 0):
 garbage-first heap   total 262144K, used 205744K [0x00000000f0000000, 0x00000000f0100800, 0x0000000100000000)
  region size 1024K, 153 young (156672K), 2 survivors (2048K)
 Metaspace       used 52946K, capacity 56204K, committed 56448K, reserved 1099776K
  class space    used 6461K, capacity 7028K, committed 7040K, reserved 1048576K
2023-10-03T06:58:45.404+0800: 833.267: [GC pause (G1 Evacuation Pause) (young), 0.0110557 secs]
   [Parallel Time: 6.3 ms, GC Workers: 10]
      [GC Worker Start (ms): Min: 833267.4, Avg: 833267.7, Max: 833267.9, Diff: 0.5]
      [Ext Root Scanning (ms): Min: 1.6, Avg: 1.9, Max: 2.3, Diff: 0.7, Sum: 18.5]
      [Update RS (ms): Min: 1.5, Avg: 1.6, Max: 1.7, Diff: 0.2, Sum: 16.1]
         [Processed Buffers: Min: 12, Avg: 18.2, Max: 31, Diff: 19, Sum: 182]
      [Scan RS (ms): Min: 0.0, Avg: 0.1, Max: 0.1, Diff: 0.1, Sum: 0.6]
      [Code Root Scanning (ms): Min: 0.0, Avg: 0.0, Max: 0.0, Diff: 0.0, Sum: 0.0]
      [Object Copy (ms): Min: 1.6, Avg: 1.8, Max: 1.8, Diff: 0.3, Sum: 17.5]
      [Termination (ms): Min: 0.0, Avg: 0.0, Max: 0.0, Diff: 0.0, Sum: 0.0]
         [Termination Attempts: Min: 1, Avg: 1.1, Max: 2, Diff: 1, Sum: 11]
      [GC Worker Other (ms): Min: 0.0, Avg: 0.0, Max: 0.1, Diff: 0.1, Sum: 0.5]
      [GC Worker Total (ms): Min: 5.1, Avg: 5.3, Max: 5.6, Diff: 0.5, Sum: 53.2]
      [GC Worker End (ms): Min: 833273.0, Avg: 833273.0, Max: 833273.1, Diff: 0.1]
   [Code Root Fixup: 0.0 ms]
   [Code Root Purge: 0.0 ms]
   [Clear CT: 1.3 ms]
   [Other: 3.5 ms]
      [Choose CSet: 0.0 ms]
      [Ref Proc: 1.5 ms]
      [Ref Enq: 0.0 ms]
      [Redirty Cards: 1.4 ms]
      [Humongous Register: 0.0 ms]
      [Humongous Reclaim: 0.0 ms]
      [Free CSet: 0.1 ms]
   [Eden: 151.0M(151.0M)->0.0B(151.0M) Survivors: 2048.0K->2048.0K Heap: 200.9M(256.0M)->51138.7K(256.0M)]
Heap after GC invocations=863 (full 0):
 garbage-first heap   total 262144K, used 51138K [0x00000000f0000000, 0x00000000f0100800, 0x0000000100000000)
  region size 1024K, 2 young (2048K), 2 survivors (2048K)
 Metaspace       used 52946K, capacity 56204K, committed 56448K, reserved 1099776K
  class space    used 6461K, capacity 7028K, committed 7040K, reserved 1048576K
}
 [Times: user=0.06 sys=0.00, real=0.01 secs] 
{Heap before GC invocations=863 (full 0):
 garbage-first heap   total 262144K, used 205762K [0x00000000f0000000, 0x00000000f0100800, 0x0000000100000000)
  region size 1024K, 153 young (156672K), 2 survivors (2048K)
 Metaspace       used 52946K, capacity 56204K, committed 56448K, reserved 1099776K
  class space    used 6461K, capacity 7028K, committed 7040K, reserved 1048576K
2023-10-03T06:58:46.203+0800: 834.066: [GC pause (G1 Evacuation Pause) (young), 0.0109607 secs]
   [Parallel Time: 6.5 ms, GC Workers: 10]
      [GC Worker Start (ms): Min: 834066.3, Avg: 834066.5, Max: 834066.8, Diff: 0.5]
      [Ext Root Scanning (ms): Min: 1.7, Avg: 1.9, Max: 2.4, Diff: 0.7, Sum: 18.9]
      [Update RS (ms): Min: 1.6, Avg: 1.7, Max: 1.8, Diff: 0.2, Sum: 16.9]
         [Processed Buffers: Min: 12, Avg: 18.0, Max: 33, Diff: 21, Sum: 180]
      [Scan RS (ms): Min: 0.0, Avg: 0.1, Max: 0.1, Diff: 0.1, Sum: 0.5]
      [Code Root Scanning (ms): Min: 0.0, Avg: 0.0, Max: 0.0, Diff: 0.0, Sum: 0.0]
      [Object Copy (ms): Min: 1.4, Avg: 1.7, Max: 1.8, Diff: 0.4, Sum: 17.1]
      [Termination (ms): Min: 0.0, Avg: 0.0, Max: 0.0, Diff: 0.0, Sum: 0.0]
         [Termination Attempts: Min: 1, Avg: 1.0, Max: 1, Diff: 0, Sum: 10]
      [GC Worker Other (ms): Min: 0.0, Avg: 0.1, Max: 0.1, Diff: 0.1, Sum: 0.5]
      [GC Worker Total (ms): Min: 5.2, Avg: 5.4, Max: 5.6, Diff: 0.5, Sum: 54.0]
      [GC Worker End (ms): Min: 834071.9, Avg: 834071.9, Max: 834072.0, Diff: 0.1]
   [Code Root Fixup: 0.0 ms]
   [Code Root Purge: 0.0 ms]
   [Clear CT: 2.0 ms]
   [Other: 2.5 ms]
      [Choose CSet: 0.0 ms]
      [Ref Proc: 0.8 ms]
      [Ref Enq: 0.0 ms]
      [Redirty Cards: 1.1 ms]
      [Humongous Register: 0.0 ms]
      [Humongous Reclaim: 0.0 ms]
      [Free CSet: 0.1 ms]
   [Eden: 151.0M(151.0M)->0.0B(151.0M) Survivors: 2048.0K->2048.0K Heap: 200.9M(256.0M)->51151.7K(256.0M)]
Heap after GC invocations=864 (full 0):
 garbage-first heap   total 262144K, used 51151K [0x00000000f0000000, 0x00000000f0100800, 0x0000000100000000)
  region size 1024K, 2 young (2048K), 2 survivors (2048K)
 Metaspace       used 52946K, capacity 56204K, committed 56448K, reserved 1099776K
  class space    used 6461K, capacity 7028K, committed 7040K, reserved 1048576K
}
 [Times: user=0.05 sys=0.01, real=0.01 secs] 
{Heap before GC invocations=864 (full 0):
 garbage-first heap   total 262144K, used 205775K [0x00000000f0000000, 0x00000000f0100800, 0x0000000100000000)
  region size 1024K, 153 young (156672K), 2 survivors (2048K)
 Metaspace       used 52946K, capacity 56204K, committed 56448K, reserved 1099776K
  class space    used 6461K, capacity 7028K, committed 7040K, reserved 1048576K
2023-10-03T06:58:46.998+0800: 834.861: [GC pause (G1 Evacuation Pause) (young), 0.0113479 secs]
   [Parallel Time: 6.5 ms, GC Workers: 10]
      [GC Worker Start (ms): Min: 834861.2, Avg: 834861.5, Max: 834861.7, Diff: 0.5]
      [Ext Root Scanning (ms): Min: 1.7, Avg: 1.9, Max: 2.4, Diff: 0.7, Sum: 19.5]
      [Update RS (ms): Min: 1.5, Avg: 1.6, Max: 1.7, Diff: 0.2, Sum: 16.1]
         [Processed Buffers: Min: 13, Avg: 18.3, Max: 32, Diff: 19, Sum: 183]
      [Scan RS (ms): Min: 0.0, Avg: 0.1, Max: 0.1, Diff: 0.1, Sum: 0.6]
      [Code Root Scanning (ms): Min: 0.0, Avg: 0.0, Max: 0.0, Diff: 0.0, Sum: 0.0]
      [Object Copy (ms): Min: 1.5, Avg: 1.8, Max: 1.9, Diff: 0.3, Sum: 17.8]
      [Termination (ms): Min: 0.0, Avg: 0.0, Max: 0.0, Diff: 0.0, Sum: 0.0]
         [Termination Attempts: Min: 1, Avg: 1.6, Max: 3, Diff: 2, Sum: 16]
      [GC Worker Other (ms): Min: 0.0, Avg: 0.1, Max: 0.2, Diff: 0.1, Sum: 0.6]
      [GC Worker Total (ms): Min: 5.2, Avg: 5.5, Max: 5.7, Diff: 0.5, Sum: 54.5]
      [GC Worker End (ms): Min: 834866.9, Avg: 834866.9, Max: 834867.0, Diff: 0.1]
   [Code Root Fixup: 0.0 ms]
   [Code Root Purge: 0.0 ms]
   [Clear CT: 1.8 ms]
   [Other: 3.0 ms]
      [Choose CSet: 0.0 ms]
      [Ref Proc: 1.0 ms]
      [Ref Enq: 0.0 ms]
      [Redirty Cards: 1.4 ms]
      [Humongous Register: 0.0 ms]
      [Humongous Reclaim: 0.0 ms]
      [Free CSet: 0.1 ms]
   [Eden: 151.0M(151.0M)->0.0B(151.0M) Survivors: 2048.0K->2048.0K Heap: 201.0M(256.0M)->50917.9K(256.0M)]
Heap after GC invocations=865 (full 0):
 garbage-first heap   total 262144K, used 50917K [0x00000000f0000000, 0x00000000f0100800, 0x0000000100000000)
  region size 1024K, 2 young (2048K), 2 survivors (2048K)
 Metaspace       used 52946K, capacity 56204K, committed 56448K, reserved 1099776K
  class space    used 6461K, capacity 7028K, committed 7040K, reserved 1048576K
}
 [Times: user=0.06 sys=0.00, real=0.01 secs] 
{Heap before GC invocations=865 (full 0):
 garbage-first heap   total 262144K, used 205541K [0x00000000f0000000, 0x00000000f0100800, 0x0000000100000000)
  region size 1024K, 153 young (156672K), 2 survivors (2048K)
 Metaspace       used 52946K, capacity 56204K, committed 56448K, reserved 1099776K
  class space    used 6461K, capacity 7028K, committed 7040K, reserved 1048576K
2023-10-03T06:58:47.742+0800: 835.605: [GC pause (G1 Evacuation Pause) (young), 0.0109741 secs]
   [Parallel Time: 6.4 ms, GC Workers: 10]
      [GC Worker Start (ms): Min: 835605.4, Avg: 835605.7, Max: 835605.9, Diff: 0.5]
      [Ext Root Scanning (ms): Min: 1.7, Avg: 1.9, Max: 2.3, Diff: 0.6, Sum: 19.1]
      [Update RS (ms): Min: 1.5, Avg: 1.6, Max: 1.7, Diff: 0.1, Sum: 15.9]
         [Processed Buffers: Min: 12, Avg: 18.0, Max: 30, Diff: 18, Sum: 180]
      [Scan RS (ms): Min: 0.0, Avg: 0.1, Max: 0.1, Diff: 0.1, Sum: 0.9]
      [Code Root Scanning (ms): Min: 0.0, Avg: 0.0, Max: 0.0, Diff: 0.0, Sum: 0.0]
      [Object Copy (ms): Min: 1.5, Avg: 1.7, Max: 1.8, Diff: 0.2, Sum: 17.1]
      [Termination (ms): Min: 0.0, Avg: 0.0, Max: 0.0, Diff: 0.0, Sum: 0.0]
         [Termination Attempts: Min: 1, Avg: 1.0, Max: 1, Diff: 0, Sum: 10]
      [GC Worker Other (ms): Min: 0.0, Avg: 0.0, Max: 0.1, Diff: 0.1, Sum: 0.4]
      [GC Worker Total (ms): Min: 5.1, Avg: 5.4, Max: 5.6, Diff: 0.5, Sum: 53.6]
      [GC Worker End (ms): Min: 835611.0, Avg: 835611.1, Max: 835611.1, Diff: 0.1]
   [Code Root Fixup: 0.0 ms]
   [Code Root Purge: 0.0 ms]
   [Clear CT: 1.3 ms]
   [Other: 3.2 ms]
      [Choose CSet: 0.0 ms]
      [Ref Proc: 1.3 ms]
      [Ref Enq: 0.0 ms]
      [Redirty Cards: 1.4 ms]
      [Humongous Register: 0.0 ms]
      [Humongous Reclaim: 0.0 ms]
      [Free CSet: 0.1 ms]
   [Eden: 151.0M(151.0M)->0.0B(151.0M) Survivors: 2048.0K->2048.0K Heap: 200.7M(256.0M)->51146.5K(256.0M)]
Heap after GC invocations=866 (full 0):
 garbage-first heap   total 262144K, used 51146K [0x00000000f0000000, 0x00000000f0100800, 0x0000000100000000)
  region size 1024K, 2 young (2048K), 2 survivors (2048K)
 Metaspace       used 52946K, capacity 56204K, committed 56448K, reserved 1099776K
  class space    used 6461K, capacity 7028K, committed 7040K, reserved 1048576K
}
 [Times: user=0.06 sys=0.00, real=0.01 secs] 
{Heap before GC invocations=866 (full 0):
 garbage-first heap   total 262144K, used 205770K [0x00000000f0000000, 0x00000000f0100800, 0x0000000100000000)
  region size 1024K, 153 young (156672K), 2 survivors (2048K)
 Metaspace       used 52946K, capacity 56204K, committed 56448K, reserved 1099776K
  class space    used 6461K, capacity 7028K, committed 7040K, reserved 1048576K
2023-10-03T06:58:48.543+0800: 836.406: [GC pause (G1 Evacuation Pause) (young), 0.0109067 secs]
   [Parallel Time: 6.3 ms, GC Workers: 10]
      [GC Worker Start (ms): Min: 836406.4, Avg: 836406.7, Max: 836407.0, Diff: 0.5]
      [Ext Root Scanning (ms): Min: 1.7, Avg: 1.9, Max: 2.3, Diff: 0.6, Sum: 19.2]
      [Update RS (ms): Min: 1.6, Avg: 1.7, Max: 1.8, Diff: 0.2, Sum: 16.9]
         [Processed Buffers: Min: 12, Avg: 18.1, Max: 31, Diff: 19, Sum: 181]
      [Scan RS (ms): Min: 0.0, Avg: 0.1, Max: 0.1, Diff: 0.1, Sum: 0.6]
      [Code Root Scanning (ms): Min: 0.0, Avg: 0.0, Max: 0.0, Diff: 0.0, Sum: 0.0]
      [Object Copy (ms): Min: 1.6, Avg: 1.7, Max: 1.7, Diff: 0.1, Sum: 16.6]
      [Termination (ms): Min: 0.0, Avg: 0.0, Max: 0.0, Diff: 0.0, Sum: 0.0]
         [Termination Attempts: Min: 1, Avg: 1.0, Max: 1, Diff: 0, Sum: 10]
      [GC Worker Other (ms): Min: 0.0, Avg: 0.0, Max: 0.1, Diff: 0.1, Sum: 0.4]
      [GC Worker Total (ms): Min: 5.2, Avg: 5.4, Max: 5.6, Diff: 0.5, Sum: 53.8]
      [GC Worker End (ms): Min: 836412.1, Avg: 836412.1, Max: 836412.2, Diff: 0.1]
   [Code Root Fixup: 0.0 ms]
   [Code Root Purge: 0.0 ms]
   [Clear CT: 1.3 ms]
   [Other: 3.3 ms]
      [Choose CSet: 0.0 ms]
      [Ref Proc: 1.5 ms]
      [Ref Enq: 0.0 ms]
      [Redirty Cards: 1.1 ms]
      [Humongous Register: 0.0 ms]
      [Humongous Reclaim: 0.0 ms]
      [Free CSet: 0.1 ms]
   [Eden: 151.0M(151.0M)->0.0B(151.0M) Survivors: 2048.0K->2048.0K Heap: 200.9M(256.0M)->51036.4K(256.0M)]
Heap after GC invocations=867 (full 0):
 garbage-first heap   total 262144K, used 51036K [0x00000000f0000000, 0x00000000f0100800, 0x0000000100000000)
  region size 1024K, 2 young (2048K), 2 survivors (2048K)
 Metaspace       used 52946K, capacity 56204K, committed 56448K, reserved 1099776K
  class space    used 6461K, capacity 7028K, committed 7040K, reserved 1048576K
}
 [Times: user=0.05 sys=0.00, real=0.01 secs] 
{Heap before GC invocations=867 (full 0):
 garbage-first heap   total 262144K, used 205660K [0x00000000f0000000, 0x00000000f0100800, 0x0000000100000000)
  region size 1024K, 153 young (156672K), 2 survivors (2048K)
 Metaspace       used 52946K, capacity 56204K, committed 56448K, reserved 1099776K
  class space    used 6461K, capacity 7028K, committed 7040K, reserved 1048576K
2023-10-03T06:58:49.348+0800: 837.211: [GC pause (G1 Evacuation Pause) (young), 0.0116387 secs]
   [Parallel Time: 6.6 ms, GC Workers: 10]
      [GC Worker Start (ms): Min: 837211.6, Avg: 837211.9, Max: 837212.2, Diff: 0.5]
      [Ext Root Scanning (ms): Min: 1.7, Avg: 1.9, Max: 2.4, Diff: 0.7, Sum: 19.5]
      [Update RS (ms): Min: 1.6, Avg: 1.6, Max: 1.7, Diff: 0.1, Sum: 16.2]
         [Processed Buffers: Min: 11, Avg: 18.1, Max: 34, Diff: 23, Sum: 181]
      [Scan RS (ms): Min: 0.0, Avg: 0.1, Max: 0.1, Diff: 0.1, Sum: 0.5]
      [Code Root Scanning (ms): Min: 0.0, Avg: 0.0, Max: 0.0, Diff: 0.0, Sum: 0.0]
      [Object Copy (ms): Min: 1.5, Avg: 1.7, Max: 1.8, Diff: 0.3, Sum: 17.4]
      [Termination (ms): Min: 0.0, Avg: 0.0, Max: 0.0, Diff: 0.0, Sum: 0.0]
         [Termination Attempts: Min: 1, Avg: 1.0, Max: 1, Diff: 0, Sum: 10]
      [GC Worker Other (ms): Min: 0.0, Avg: 0.1, Max: 0.2, Diff: 0.1, Sum: 0.5]
      [GC Worker Total (ms): Min: 5.2, Avg: 5.4, Max: 5.7, Diff: 0.5, Sum: 54.1]
      [GC Worker End (ms): Min: 837217.3, Avg: 837217.3, Max: 837217.4, Diff: 0.1]
   [Code Root Fixup: 0.0 ms]
   [Code Root Purge: 0.0 ms]
   [Clear CT: 1.5 ms]
   [Other: 3.5 ms]
      [Choose CSet: 0.0 ms]
      [Ref Proc: 1.5 ms]
      [Ref Enq: 0.0 ms]
      [Redirty Cards: 1.4 ms]
      [Humongous Register: 0.0 ms]
      [Humongous Reclaim: 0.0 ms]
      [Free CSet: 0.2 ms]
   [Eden: 151.0M(151.0M)->0.0B(151.0M) Survivors: 2048.0K->2048.0K Heap: 200.8M(256.0M)->51151.5K(256.0M)]
Heap after GC invocations=868 (full 0):
 garbage-first heap   total 262144K, used 51151K [0x00000000f0000000, 0x00000000f0100800, 0x0000000100000000)
  region size 1024K, 2 young (2048K), 2 survivors (2048K)
 Metaspace       used 52946K, capacity 56204K, committed 56448K, reserved 1099776K
  class space    used 6461K, capacity 7028K, committed 7040K, reserved 1048576K
}
 [Times: user=0.06 sys=0.00, real=0.02 secs] 
{Heap before GC invocations=868 (full 0):
 garbage-first heap   total 262144K, used 205775K [0x00000000f0000000, 0x00000000f0100800, 0x0000000100000000)
  region size 1024K, 153 young (156672K), 2 survivors (2048K)
 Metaspace       used 52946K, capacity 56204K, committed 56448K, reserved 1099776K
  class space    used 6461K, capacity 7028K, committed 7040K, reserved 1048576K
2023-10-03T06:58:50.161+0800: 838.024: [GC pause (G1 Evacuation Pause) (young), 0.0113960 secs]
   [Parallel Time: 6.4 ms, GC Workers: 10]
      [GC Worker Start (ms): Min: 838024.4, Avg: 838024.6, Max: 838024.9, Diff: 0.5]
      [Ext Root Scanning (ms): Min: 1.7, Avg: 1.9, Max: 2.4, Diff: 0.7, Sum: 19.5]
      [Update RS (ms): Min: 1.5, Avg: 1.6, Max: 1.7, Diff: 0.2, Sum: 16.1]
         [Processed Buffers: Min: 13, Avg: 17.9, Max: 30, Diff: 17, Sum: 179]
      [Scan RS (ms): Min: 0.0, Avg: 0.1, Max: 0.1, Diff: 0.1, Sum: 0.6]
      [Code Root Scanning (ms): Min: 0.0, Avg: 0.0, Max: 0.0, Diff: 0.0, Sum: 0.0]
      [Object Copy (ms): Min: 1.5, Avg: 1.7, Max: 1.8, Diff: 0.3, Sum: 17.2]
      [Termination (ms): Min: 0.0, Avg: 0.0, Max: 0.0, Diff: 0.0, Sum: 0.0]
         [Termination Attempts: Min: 1, Avg: 1.0, Max: 1, Diff: 0, Sum: 10]
      [GC Worker Other (ms): Min: 0.0, Avg: 0.0, Max: 0.1, Diff: 0.1, Sum: 0.4]
      [GC Worker Total (ms): Min: 5.2, Avg: 5.4, Max: 5.7, Diff: 0.5, Sum: 53.9]
      [GC Worker End (ms): Min: 838030.0, Avg: 838030.0, Max: 838030.1, Diff: 0.1]
   [Code Root Fixup: 0.0 ms]
   [Code Root Purge: 0.0 ms]
   [Clear CT: 1.4 ms]
   [Other: 3.6 ms]
      [Choose CSet: 0.0 ms]
      [Ref Proc: 1.5 ms]
      [Ref Enq: 0.0 ms]
      [Redirty Cards: 1.5 ms]
      [Humongous Register: 0.0 ms]
      [Humongous Reclaim: 0.0 ms]
      [Free CSet: 0.1 ms]
   [Eden: 151.0M(151.0M)->0.0B(151.0M) Survivors: 2048.0K->2048.0K Heap: 201.0M(256.0M)->51035.5K(256.0M)]
Heap after GC invocations=869 (full 0):
 garbage-first heap   total 262144K, used 51035K [0x00000000f0000000, 0x00000000f0100800, 0x0000000100000000)
  region size 1024K, 2 young (2048K), 2 survivors (2048K)
 Metaspace       used 52946K, capacity 56204K, committed 56448K, reserved 1099776K
  class space    used 6461K, capacity 7028K, committed 7040K, reserved 1048576K
}
 [Times: user=0.06 sys=0.00, real=0.01 secs] 
{Heap before GC invocations=869 (full 0):
 garbage-first heap   total 262144K, used 205659K [0x00000000f0000000, 0x00000000f0100800, 0x0000000100000000)
  region size 1024K, 153 young (156672K), 2 survivors (2048K)
 Metaspace       used 52946K, capacity 56204K, committed 56448K, reserved 1099776K
  class space    used 6461K, capacity 7028K, committed 7040K, reserved 1048576K
2023-10-03T06:58:50.962+0800: 838.826: [GC pause (G1 Evacuation Pause) (young), 0.0108938 secs]
   [Parallel Time: 6.2 ms, GC Workers: 10]
      [GC Worker Start (ms): Min: 838825.9, Avg: 838826.2, Max: 838826.4, Diff: 0.5]
      [Ext Root Scanning (ms): Min: 1.6, Avg: 1.8, Max: 2.3, Diff: 0.6, Sum: 18.4]
      [Update RS (ms): Min: 1.6, Avg: 1.6, Max: 1.8, Diff: 0.2, Sum: 16.4]
         [Processed Buffers: Min: 11, Avg: 18.2, Max: 31, Diff: 20, Sum: 182]
      [Scan RS (ms): Min: 0.0, Avg: 0.1, Max: 0.1, Diff: 0.1, Sum: 0.6]
      [Code Root Scanning (ms): Min: 0.0, Avg: 0.0, Max: 0.0, Diff: 0.0, Sum: 0.0]
      [Object Copy (ms): Min: 1.5, Avg: 1.7, Max: 1.7, Diff: 0.3, Sum: 16.8]
      [Termination (ms): Min: 0.0, Avg: 0.0, Max: 0.0, Diff: 0.0, Sum: 0.0]
         [Termination Attempts: Min: 1, Avg: 1.0, Max: 1, Diff: 0, Sum: 10]
      [GC Worker Other (ms): Min: 0.0, Avg: 0.0, Max: 0.1, Diff: 0.1, Sum: 0.4]
      [GC Worker Total (ms): Min: 5.0, Avg: 5.3, Max: 5.5, Diff: 0.5, Sum: 52.6]
      [GC Worker End (ms): Min: 838831.4, Avg: 838831.4, Max: 838831.5, Diff: 0.1]
   [Code Root Fixup: 0.0 ms]
   [Code Root Purge: 0.0 ms]
   [Clear CT: 1.7 ms]
   [Other: 3.0 ms]
      [Choose CSet: 0.0 ms]
      [Ref Proc: 1.1 ms]
      [Ref Enq: 0.0 ms]
      [Redirty Cards: 1.3 ms]
      [Humongous Register: 0.0 ms]
      [Humongous Reclaim: 0.0 ms]
      [Free CSet: 0.1 ms]
   [Eden: 151.0M(151.0M)->0.0B(151.0M) Survivors: 2048.0K->2048.0K Heap: 200.8M(256.0M)->51044.2K(256.0M)]
Heap after GC invocations=870 (full 0):
 garbage-first heap   total 262144K, used 51044K [0x00000000f0000000, 0x00000000f0100800, 0x0000000100000000)
  region size 1024K, 2 young (2048K), 2 survivors (2048K)
 Metaspace       used 52946K, capacity 56204K, committed 56448K, reserved 1099776K
  class space    used 6461K, capacity 7028K, committed 7040K, reserved 1048576K
}
 [Times: user=0.06 sys=0.00, real=0.01 secs] 
{Heap before GC invocations=870 (full 0):
 garbage-first heap   total 262144K, used 205668K [0x00000000f0000000, 0x00000000f0100800, 0x0000000100000000)
  region size 1024K, 153 young (156672K), 2 survivors (2048K)
 Metaspace       used 52946K, capacity 56204K, committed 56448K, reserved 1099776K
  class space    used 6461K, capacity 7028K, committed 7040K, reserved 1048576K
2023-10-03T06:58:51.752+0800: 839.615: [GC pause (G1 Evacuation Pause) (young), 0.0113311 secs]
   [Parallel Time: 6.3 ms, GC Workers: 10]
      [GC Worker Start (ms): Min: 839615.6, Avg: 839615.9, Max: 839616.1, Diff: 0.5]
      [Ext Root Scanning (ms): Min: 1.7, Avg: 1.9, Max: 2.3, Diff: 0.6, Sum: 19.0]
      [Update RS (ms): Min: 1.5, Avg: 1.6, Max: 1.7, Diff: 0.2, Sum: 16.2]
         [Processed Buffers: Min: 12, Avg: 18.1, Max: 34, Diff: 22, Sum: 181]
      [Scan RS (ms): Min: 0.0, Avg: 0.1, Max: 0.1, Diff: 0.1, Sum: 0.6]
      [Code Root Scanning (ms): Min: 0.0, Avg: 0.0, Max: 0.0, Diff: 0.0, Sum: 0.0]
      [Object Copy (ms): Min: 1.5, Avg: 1.7, Max: 1.7, Diff: 0.2, Sum: 16.9]
      [Termination (ms): Min: 0.0, Avg: 0.0, Max: 0.0, Diff: 0.0, Sum: 0.0]
         [Termination Attempts: Min: 1, Avg: 1.0, Max: 1, Diff: 0, Sum: 10]
      [GC Worker Other (ms): Min: 0.0, Avg: 0.0, Max: 0.1, Diff: 0.1, Sum: 0.4]
      [GC Worker Total (ms): Min: 5.1, Avg: 5.3, Max: 5.6, Diff: 0.5, Sum: 53.2]
      [GC Worker End (ms): Min: 839621.1, Avg: 839621.2, Max: 839621.2, Diff: 0.1]
   [Code Root Fixup: 0.0 ms]
   [Code Root Purge: 0.0 ms]
   [Clear CT: 1.4 ms]
   [Other: 3.6 ms]
      [Choose CSet: 0.0 ms]
      [Ref Proc: 1.7 ms]
      [Ref Enq: 0.0 ms]
      [Redirty Cards: 1.4 ms]
      [Humongous Register: 0.0 ms]
      [Humongous Reclaim: 0.0 ms]
      [Free CSet: 0.1 ms]
   [Eden: 151.0M(151.0M)->0.0B(151.0M) Survivors: 2048.0K->2048.0K Heap: 200.8M(256.0M)->51052.9K(256.0M)]
Heap after GC invocations=871 (full 0):
 garbage-first heap   total 262144K, used 51052K [0x00000000f0000000, 0x00000000f0100800, 0x0000000100000000)
  region size 1024K, 2 young (2048K), 2 survivors (2048K)
 Metaspace       used 52946K, capacity 56204K, committed 56448K, reserved 1099776K
  class space    used 6461K, capacity 7028K, committed 7040K, reserved 1048576K
}
 [Times: user=0.06 sys=0.00, real=0.01 secs] 
{Heap before GC invocations=871 (full 0):
 garbage-first heap   total 262144K, used 205676K [0x00000000f0000000, 0x00000000f0100800, 0x0000000100000000)
  region size 1024K, 153 young (156672K), 2 survivors (2048K)
 Metaspace       used 52946K, capacity 56204K, committed 56448K, reserved 1099776K
  class space    used 6461K, capacity 7028K, committed 7040K, reserved 1048576K
2023-10-03T06:58:52.558+0800: 840.421: [GC pause (G1 Evacuation Pause) (young), 0.0109356 secs]
   [Parallel Time: 6.3 ms, GC Workers: 10]
      [GC Worker Start (ms): Min: 840421.3, Avg: 840421.6, Max: 840421.8, Diff: 0.5]
      [Ext Root Scanning (ms): Min: 1.7, Avg: 2.0, Max: 2.4, Diff: 0.7, Sum: 19.5]
      [Update RS (ms): Min: 1.5, Avg: 1.6, Max: 1.7, Diff: 0.2, Sum: 16.1]
         [Processed Buffers: Min: 13, Avg: 18.1, Max: 29, Diff: 16, Sum: 181]
      [Scan RS (ms): Min: 0.0, Avg: 0.1, Max: 0.1, Diff: 0.1, Sum: 0.6]
      [Code Root Scanning (ms): Min: 0.0, Avg: 0.0, Max: 0.0, Diff: 0.0, Sum: 0.0]
      [Object Copy (ms): Min: 1.5, Avg: 1.7, Max: 1.8, Diff: 0.3, Sum: 17.1]
      [Termination (ms): Min: 0.0, Avg: 0.0, Max: 0.0, Diff: 0.0, Sum: 0.0]
         [Termination Attempts: Min: 1, Avg: 1.1, Max: 2, Diff: 1, Sum: 11]
      [GC Worker Other (ms): Min: 0.0, Avg: 0.0, Max: 0.1, Diff: 0.1, Sum: 0.4]
      [GC Worker Total (ms): Min: 5.2, Avg: 5.4, Max: 5.6, Diff: 0.5, Sum: 53.8]
      [GC Worker End (ms): Min: 840426.9, Avg: 840426.9, Max: 840427.0, Diff: 0.1]
   [Code Root Fixup: 0.0 ms]
   [Code Root Purge: 0.0 ms]
   [Clear CT: 1.7 ms]
   [Other: 2.9 ms]
      [Choose CSet: 0.0 ms]
      [Ref Proc: 1.1 ms]
      [Ref Enq: 0.0 ms]
      [Redirty Cards: 1.3 ms]
      [Humongous Register: 0.0 ms]
      [Humongous Reclaim: 0.0 ms]
      [Free CSet: 0.1 ms]
   [Eden: 151.0M(151.0M)->0.0B(151.0M) Survivors: 2048.0K->2048.0K Heap: 200.9M(256.0M)->51055.0K(256.0M)]
Heap after GC invocations=872 (full 0):
 garbage-first heap   total 262144K, used 51054K [0x00000000f0000000, 0x00000000f0100800, 0x0000000100000000)
  region size 1024K, 2 young (2048K), 2 survivors (2048K)
 Metaspace       used 52946K, capacity 56204K, committed 56448K, reserved 1099776K
  class space    used 6461K, capacity 7028K, committed 7040K, reserved 1048576K
}
 [Times: user=0.06 sys=0.00, real=0.01 secs] 
{Heap before GC invocations=872 (full 0):
 garbage-first heap   total 262144K, used 205678K [0x00000000f0000000, 0x00000000f0100800, 0x0000000100000000)
  region size 1024K, 153 young (156672K), 2 survivors (2048K)
 Metaspace       used 52946K, capacity 56204K, committed 56448K, reserved 1099776K
  class space    used 6461K, capacity 7028K, committed 7040K, reserved 1048576K
2023-10-03T06:58:53.363+0800: 841.227: [GC pause (G1 Evacuation Pause) (young), 0.0110824 secs]
   [Parallel Time: 6.2 ms, GC Workers: 10]
      [GC Worker Start (ms): Min: 841227.0, Avg: 841227.3, Max: 841227.5, Diff: 0.5]
      [Ext Root Scanning (ms): Min: 1.6, Avg: 1.8, Max: 2.3, Diff: 0.6, Sum: 18.4]
      [Update RS (ms): Min: 1.6, Avg: 1.6, Max: 1.7, Diff: 0.1, Sum: 16.4]
         [Processed Buffers: Min: 13, Avg: 18.0, Max: 30, Diff: 17, Sum: 180]
      [Scan RS (ms): Min: 0.0, Avg: 0.1, Max: 0.1, Diff: 0.1, Sum: 0.7]
      [Code Root Scanning (ms): Min: 0.0, Avg: 0.0, Max: 0.0, Diff: 0.0, Sum: 0.0]
      [Object Copy (ms): Min: 1.5, Avg: 1.7, Max: 1.9, Diff: 0.4, Sum: 16.8]
      [Termination (ms): Min: 0.0, Avg: 0.0, Max: 0.0, Diff: 0.0, Sum: 0.0]
         [Termination Attempts: Min: 1, Avg: 1.1, Max: 2, Diff: 1, Sum: 11]
      [GC Worker Other (ms): Min: 0.0, Avg: 0.1, Max: 0.1, Diff: 0.1, Sum: 0.5]
      [GC Worker Total (ms): Min: 5.1, Avg: 5.3, Max: 5.6, Diff: 0.5, Sum: 53.0]
      [GC Worker End (ms): Min: 841232.5, Avg: 841232.6, Max: 841232.6, Diff: 0.1]
   [Code Root Fixup: 0.0 ms]
   [Code Root Purge: 0.0 ms]
   [Clear CT: 1.9 ms]
   [Other: 2.9 ms]
      [Choose CSet: 0.0 ms]
      [Ref Proc: 1.1 ms]
      [Ref Enq: 0.0 ms]
      [Redirty Cards: 1.3 ms]
      [Humongous Register: 0.0 ms]
      [Humongous Reclaim: 0.0 ms]
      [Free CSet: 0.1 ms]
   [Eden: 151.0M(151.0M)->0.0B(151.0M) Survivors: 2048.0K->2048.0K Heap: 200.9M(256.0M)->51055.0K(256.0M)]
Heap after GC invocations=873 (full 0):
 garbage-first heap   total 262144K, used 51054K [0x00000000f0000000, 0x00000000f0100800, 0x0000000100000000)
  region size 1024K, 2 young (2048K), 2 survivors (2048K)
 Metaspace       used 52946K, capacity 56204K, committed 56448K, reserved 1099776K
  class space    used 6461K, capacity 7028K, committed 7040K, reserved 1048576K
}
 [Times: user=0.05 sys=0.01, real=0.01 secs] 
{Heap before GC invocations=873 (full 0):
 garbage-first heap   total 262144K, used 205678K [0x00000000f0000000, 0x00000000f0100800, 0x0000000100000000)
  region size 1024K, 153 young (156672K), 2 survivors (2048K)
 Metaspace       used 52946K, capacity 56204K, committed 56448K, reserved 1099776K
  class space    used 6461K, capacity 7028K, committed 7040K, reserved 1048576K
2023-10-03T06:58:54.161+0800: 842.024: [GC pause (G1 Evacuation Pause) (young), 0.0115825 secs]
   [Parallel Time: 6.6 ms, GC Workers: 10]
      [GC Worker Start (ms): Min: 842024.2, Avg: 842024.5, Max: 842024.7, Diff: 0.5]
      [Ext Root Scanning (ms): Min: 1.7, Avg: 2.0, Max: 2.4, Diff: 0.7, Sum: 19.7]
      [Update RS (ms): Min: 1.5, Avg: 1.6, Max: 1.7, Diff: 0.2, Sum: 16.1]
         [Processed Buffers: Min: 11, Avg: 18.2, Max: 32, Diff: 21, Sum: 182]
      [Scan RS (ms): Min: 0.0, Avg: 0.1, Max: 0.1, Diff: 0.1, Sum: 0.7]
      [Code Root Scanning (ms): Min: 0.0, Avg: 0.0, Max: 0.0, Diff: 0.0, Sum: 0.0]
      [Object Copy (ms): Min: 1.7, Avg: 1.9, Max: 2.0, Diff: 0.2, Sum: 18.8]
      [Termination (ms): Min: 0.0, Avg: 0.0, Max: 0.0, Diff: 0.0, Sum: 0.0]
         [Termination Attempts: Min: 1, Avg: 1.5, Max: 3, Diff: 2, Sum: 15]
      [GC Worker Other (ms): Min: 0.0, Avg: 0.0, Max: 0.1, Diff: 0.1, Sum: 0.4]
      [GC Worker Total (ms): Min: 5.3, Avg: 5.6, Max: 5.9, Diff: 0.6, Sum: 55.7]
      [GC Worker End (ms): Min: 842030.0, Avg: 842030.0, Max: 842030.1, Diff: 0.1]
   [Code Root Fixup: 0.0 ms]
   [Code Root Purge: 0.0 ms]
   [Clear CT: 1.4 ms]
   [Other: 3.6 ms]
      [Choose CSet: 0.0 ms]
      [Ref Proc: 1.5 ms]
      [Ref Enq: 0.0 ms]
      [Redirty Cards: 1.5 ms]
      [Humongous Register: 0.0 ms]
      [Humongous Reclaim: 0.0 ms]
      [Free CSet: 0.1 ms]
   [Eden: 151.0M(151.0M)->0.0B(151.0M) Survivors: 2048.0K->2048.0K Heap: 200.9M(256.0M)->51180.9K(256.0M)]
Heap after GC invocations=874 (full 0):
