OpenJDK 64-Bit Server VM (25.382-b05) for linux-amd64 JRE (Zulu 8.72.0.17-CA-linux64) (1.8.0_382-b05), built on Jul 14 2023 08:27:52 by "zulu_re" with gcc 7.3.0
Memory: 4k page, physical 32828952k(27807352k free), swap 4194300k(4194300k free)
CommandLine flags: -XX:CompressedClassSpaceSize=125829120 -XX:InitialHeapSize=268435456 -XX:MaxHeapSize=268435456 -XX:MaxMetaspaceSize=134217728 -XX:MaxNewSize=131072000 -XX:MaxTenuringThreshold=6 -XX:MetaspaceSize=134217728 -XX:NewSize=131072000 -XX:OldPLABSize=16 -XX:+PrintGC -XX:+PrintGCDateStamps -XX:+PrintGCDetails -XX:+PrintGCTimeStamps -XX:+PrintHeapAtGC -XX:ThreadStackSize=512 -XX:+UseCompressedClassPointers -XX:+UseCompressedOops -XX:+UseConcMarkSweepGC -XX:+UseParNewGC 
{Heap before GC invocations=0 (full 0):
 par new generation   total 115200K, used 102400K [0x00000000f0000000, 0x00000000f7d00000, 0x00000000f7d00000)
  eden space 102400K, 100% used [0x00000000f0000000, 0x00000000f6400000, 0x00000000f6400000)
  from space 12800K,   0% used [0x00000000f6400000, 0x00000000f6400000, 0x00000000f7080000)
  to   space 12800K,   0% used [0x00000000f7080000, 0x00000000f7080000, 0x00000000f7d00000)
 concurrent mark-sweep generation total 134144K, used 0K [0x00000000f7d00000, 0x0000000100000000, 0x0000000100000000)
 Metaspace       used 14755K, capacity 15372K, committed 15616K, reserved 1062912K
  class space    used 1836K, capacity 1972K, committed 2048K, reserved 1048576K
2023-10-03T09:10:29.982+0800: 0.491: [GC (Allocation Failure) 2023-10-03T09:10:29.982+0800: 0.491: [ParNew: 102400K->4145K(115200K), 0.0052640 secs] 102400K->4145K(249344K), 0.0053123 secs] [Times: user=0.00 sys=0.06, real=0.01 secs] 
Heap after GC invocations=1 (full 0):
 par new generation   total 115200K, used 4145K [0x00000000f0000000, 0x00000000f7d00000, 0x00000000f7d00000)
  eden space 102400K,   0% used [0x00000000f0000000, 0x00000000f0000000, 0x00000000f6400000)
  from space 12800K,  32% used [0x00000000f7080000, 0x00000000f748c420, 0x00000000f7d00000)
  to   space 12800K,   0% used [0x00000000f6400000, 0x00000000f6400000, 0x00000000f7080000)
 concurrent mark-sweep generation total 134144K, used 0K [0x00000000f7d00000, 0x0000000100000000, 0x0000000100000000)
 Metaspace       used 14755K, capacity 15372K, committed 15616K, reserved 1062912K
  class space    used 1836K, capacity 1972K, committed 2048K, reserved 1048576K
}
{Heap before GC invocations=1 (full 0):
 par new generation   total 115200K, used 106545K [0x00000000f0000000, 0x00000000f7d00000, 0x00000000f7d00000)
  eden space 102400K, 100% used [0x00000000f0000000, 0x00000000f6400000, 0x00000000f6400000)
  from space 12800K,  32% used [0x00000000f7080000, 0x00000000f748c420, 0x00000000f7d00000)
  to   space 12800K,   0% used [0x00000000f6400000, 0x00000000f6400000, 0x00000000f7080000)
 concurrent mark-sweep generation total 134144K, used 0K [0x00000000f7d00000, 0x0000000100000000, 0x0000000100000000)
 Metaspace       used 21298K, capacity 22204K, committed 22400K, reserved 1069056K
  class space    used 2649K, capacity 2858K, committed 2944K, reserved 1048576K
2023-10-03T09:10:30.197+0800: 0.706: [GC (Allocation Failure) 2023-10-03T09:10:30.197+0800: 0.706: [ParNew: 106545K->8337K(115200K), 0.0036265 secs] 106545K->8337K(249344K), 0.0036912 secs] [Times: user=0.04 sys=0.00, real=0.00 secs] 
Heap after GC invocations=2 (full 0):
 par new generation   total 115200K, used 8337K [0x00000000f0000000, 0x00000000f7d00000, 0x00000000f7d00000)
  eden space 102400K,   0% used [0x00000000f0000000, 0x00000000f0000000, 0x00000000f6400000)
  from space 12800K,  65% used [0x00000000f6400000, 0x00000000f6c245d0, 0x00000000f7080000)
  to   space 12800K,   0% used [0x00000000f7080000, 0x00000000f7080000, 0x00000000f7d00000)
 concurrent mark-sweep generation total 134144K, used 0K [0x00000000f7d00000, 0x0000000100000000, 0x0000000100000000)
 Metaspace       used 21298K, capacity 22204K, committed 22400K, reserved 1069056K
  class space    used 2649K, capacity 2858K, committed 2944K, reserved 1048576K
}
{Heap before GC invocations=2 (full 0):
 par new generation   total 115200K, used 110737K [0x00000000f0000000, 0x00000000f7d00000, 0x00000000f7d00000)
  eden space 102400K, 100% used [0x00000000f0000000, 0x00000000f6400000, 0x00000000f6400000)
  from space 12800K,  65% used [0x00000000f6400000, 0x00000000f6c245d0, 0x00000000f7080000)
  to   space 12800K,   0% used [0x00000000f7080000, 0x00000000f7080000, 0x00000000f7d00000)
 concurrent mark-sweep generation total 134144K, used 0K [0x00000000f7d00000, 0x0000000100000000, 0x0000000100000000)
 Metaspace       used 24764K, capacity 25846K, committed 25984K, reserved 1071104K
  class space    used 3114K, capacity 3361K, committed 3456K, reserved 1048576K
2023-10-03T09:10:30.497+0800: 1.006: [GC (Allocation Failure) 2023-10-03T09:10:30.497+0800: 1.006: [ParNew: 110737K->6878K(115200K), 0.0060700 secs] 110737K->10353K(249344K), 0.0061271 secs] [Times: user=0.04 sys=0.01, real=0.01 secs] 
Heap after GC invocations=3 (full 0):
 par new generation   total 115200K, used 6878K [0x00000000f0000000, 0x00000000f7d00000, 0x00000000f7d00000)
  eden space 102400K,   0% used [0x00000000f0000000, 0x00000000f0000000, 0x00000000f6400000)
  from space 12800K,  53% used [0x00000000f7080000, 0x00000000f7737bf0, 0x00000000f7d00000)
  to   space 12800K,   0% used [0x00000000f6400000, 0x00000000f6400000, 0x00000000f7080000)
 concurrent mark-sweep generation total 134144K, used 3474K [0x00000000f7d00000, 0x0000000100000000, 0x0000000100000000)
 Metaspace       used 24764K, capacity 25846K, committed 25984K, reserved 1071104K
  class space    used 3114K, capacity 3361K, committed 3456K, reserved 1048576K
}
{Heap before GC invocations=3 (full 0):
 par new generation   total 115200K, used 109278K [0x00000000f0000000, 0x00000000f7d00000, 0x00000000f7d00000)
  eden space 102400K, 100% used [0x00000000f0000000, 0x00000000f6400000, 0x00000000f6400000)
  from space 12800K,  53% used [0x00000000f7080000, 0x00000000f7737bf0, 0x00000000f7d00000)
  to   space 12800K,   0% used [0x00000000f6400000, 0x00000000f6400000, 0x00000000f7080000)
 concurrent mark-sweep generation total 134144K, used 3474K [0x00000000f7d00000, 0x0000000100000000, 0x0000000100000000)
 Metaspace       used 32096K, capacity 34208K, committed 34304K, reserved 1079296K
  class space    used 4157K, capacity 4560K, committed 4608K, reserved 1048576K
2023-10-03T09:10:30.894+0800: 1.403: [GC (Allocation Failure) 2023-10-03T09:10:30.894+0800: 1.403: [ParNew: 109278K->10825K(115200K), 0.0030417 secs] 112753K->14300K(249344K), 0.0030967 secs] [Times: user=0.04 sys=0.00, real=0.00 secs] 
Heap after GC invocations=4 (full 0):
 par new generation   total 115200K, used 10825K [0x00000000f0000000, 0x00000000f7d00000, 0x00000000f7d00000)
  eden space 102400K,   0% used [0x00000000f0000000, 0x00000000f0000000, 0x00000000f6400000)
  from space 12800K,  84% used [0x00000000f6400000, 0x00000000f6e924f0, 0x00000000f7080000)
  to   space 12800K,   0% used [0x00000000f7080000, 0x00000000f7080000, 0x00000000f7d00000)
 concurrent mark-sweep generation total 134144K, used 3474K [0x00000000f7d00000, 0x0000000100000000, 0x0000000100000000)
 Metaspace       used 32096K, capacity 34208K, committed 34304K, reserved 1079296K
  class space    used 4157K, capacity 4560K, committed 4608K, reserved 1048576K
}
{Heap before GC invocations=4 (full 0):
 par new generation   total 115200K, used 113225K [0x00000000f0000000, 0x00000000f7d00000, 0x00000000f7d00000)
  eden space 102400K, 100% used [0x00000000f0000000, 0x00000000f6400000, 0x00000000f6400000)
  from space 12800K,  84% used [0x00000000f6400000, 0x00000000f6e924f0, 0x00000000f7080000)
  to   space 12800K,   0% used [0x00000000f7080000, 0x00000000f7080000, 0x00000000f7d00000)
 concurrent mark-sweep generation total 134144K, used 3474K [0x00000000f7d00000, 0x0000000100000000, 0x0000000100000000)
 Metaspace       used 37178K, capacity 39438K, committed 39552K, reserved 1083392K
  class space    used 4799K, capacity 5185K, committed 5248K, reserved 1048576K
2023-10-03T09:10:31.202+0800: 1.711: [GC (Allocation Failure) 2023-10-03T09:10:31.202+0800: 1.711: [ParNew: 113225K->9898K(115200K), 0.0056386 secs] 116700K->17611K(249344K), 0.0056893 secs] [Times: user=0.06 sys=0.00, real=0.01 secs] 
Heap after GC invocations=5 (full 0):
 par new generation   total 115200K, used 9898K [0x00000000f0000000, 0x00000000f7d00000, 0x00000000f7d00000)
  eden space 102400K,   0% used [0x00000000f0000000, 0x00000000f0000000, 0x00000000f6400000)
  from space 12800K,  77% used [0x00000000f7080000, 0x00000000f7a2aae8, 0x00000000f7d00000)
  to   space 12800K,   0% used [0x00000000f6400000, 0x00000000f6400000, 0x00000000f7080000)
 concurrent mark-sweep generation total 134144K, used 7712K [0x00000000f7d00000, 0x0000000100000000, 0x0000000100000000)
 Metaspace       used 37178K, capacity 39438K, committed 39552K, reserved 1083392K
  class space    used 4799K, capacity 5185K, committed 5248K, reserved 1048576K
}
{Heap before GC invocations=5 (full 0):
 par new generation   total 115200K, used 112298K [0x00000000f0000000, 0x00000000f7d00000, 0x00000000f7d00000)
  eden space 102400K, 100% used [0x00000000f0000000, 0x00000000f6400000, 0x00000000f6400000)
  from space 12800K,  77% used [0x00000000f7080000, 0x00000000f7a2aae8, 0x00000000f7d00000)
  to   space 12800K,   0% used [0x00000000f6400000, 0x00000000f6400000, 0x00000000f7080000)
 concurrent mark-sweep generation total 134144K, used 7712K [0x00000000f7d00000, 0x0000000100000000, 0x0000000100000000)
 Metaspace       used 43462K, capacity 46310K, committed 46336K, reserved 1089536K
  class space    used 5626K, capacity 6125K, committed 6144K, reserved 1048576K
2023-10-03T09:11:02.276+0800: 32.785: [GC (Allocation Failure) 2023-10-03T09:11:02.276+0800: 32.785: [ParNew: 112298K->9494K(115200K), 0.0060001 secs] 120011K->21528K(249344K), 0.0060611 secs] [Times: user=0.05 sys=0.00, real=0.00 secs] 
Heap after GC invocations=6 (full 0):
 par new generation   total 115200K, used 9494K [0x00000000f0000000, 0x00000000f7d00000, 0x00000000f7d00000)
  eden space 102400K,   0% used [0x00000000f0000000, 0x00000000f0000000, 0x00000000f6400000)
  from space 12800K,  74% used [0x00000000f6400000, 0x00000000f6d45a30, 0x00000000f7080000)
  to   space 12800K,   0% used [0x00000000f7080000, 0x00000000f7080000, 0x00000000f7d00000)
 concurrent mark-sweep generation total 134144K, used 12033K [0x00000000f7d00000, 0x0000000100000000, 0x0000000100000000)
 Metaspace       used 43462K, capacity 46310K, committed 46336K, reserved 1089536K
  class space    used 5626K, capacity 6125K, committed 6144K, reserved 1048576K
}
{Heap before GC invocations=6 (full 0):
 par new generation   total 115200K, used 111894K [0x00000000f0000000, 0x00000000f7d00000, 0x00000000f7d00000)
  eden space 102400K, 100% used [0x00000000f0000000, 0x00000000f6400000, 0x00000000f6400000)
  from space 12800K,  74% used [0x00000000f6400000, 0x00000000f6d45a30, 0x00000000f7080000)
  to   space 12800K,   0% used [0x00000000f7080000, 0x00000000f7080000, 0x00000000f7d00000)
 concurrent mark-sweep generation total 134144K, used 12033K [0x00000000f7d00000, 0x0000000100000000, 0x0000000100000000)
 Metaspace       used 51563K, capacity 55050K, committed 55296K, reserved 1097728K
  class space    used 6491K, capacity 7097K, committed 7168K, reserved 1048576K
2023-10-03T09:11:03.683+0800: 34.192: [GC (Allocation Failure) 2023-10-03T09:11:03.683+0800: 34.192: [ParNew: 111894K->12800K(115200K), 0.0063840 secs] 123928K->34484K(249344K), 0.0064406 secs] [Times: user=0.05 sys=0.00, real=0.00 secs] 
Heap after GC invocations=7 (full 0):
 par new generation   total 115200K, used 12800K [0x00000000f0000000, 0x00000000f7d00000, 0x00000000f7d00000)
  eden space 102400K,   0% used [0x00000000f0000000, 0x00000000f0000000, 0x00000000f6400000)
  from space 12800K, 100% used [0x00000000f7080000, 0x00000000f7d00000, 0x00000000f7d00000)
  to   space 12800K,   0% used [0x00000000f6400000, 0x00000000f6400000, 0x00000000f7080000)
 concurrent mark-sweep generation total 134144K, used 21684K [0x00000000f7d00000, 0x0000000100000000, 0x0000000100000000)
 Metaspace       used 51563K, capacity 55050K, committed 55296K, reserved 1097728K
  class space    used 6491K, capacity 7097K, committed 7168K, reserved 1048576K
}
{Heap before GC invocations=7 (full 0):
 par new generation   total 115200K, used 115200K [0x00000000f0000000, 0x00000000f7d00000, 0x00000000f7d00000)
  eden space 102400K, 100% used [0x00000000f0000000, 0x00000000f6400000, 0x00000000f6400000)
  from space 12800K, 100% used [0x00000000f7080000, 0x00000000f7d00000, 0x00000000f7d00000)
  to   space 12800K,   0% used [0x00000000f6400000, 0x00000000f6400000, 0x00000000f7080000)
 concurrent mark-sweep generation total 134144K, used 21684K [0x00000000f7d00000, 0x0000000100000000, 0x0000000100000000)
 Metaspace       used 52825K, capacity 56286K, committed 56576K, reserved 1099776K
  class space    used 6494K, capacity 7097K, committed 7168K, reserved 1048576K
2023-10-03T09:11:09.687+0800: 40.197: [GC (Allocation Failure) 2023-10-03T09:11:09.687+0800: 40.197: [ParNew: 115200K->11242K(115200K), 0.0078525 secs] 136884K->45351K(249344K), 0.0080226 secs] [Times: user=0.05 sys=0.00, real=0.01 secs] 
Heap after GC invocations=8 (full 0):
 par new generation   total 115200K, used 11242K [0x00000000f0000000, 0x00000000f7d00000, 0x00000000f7d00000)
  eden space 102400K,   0% used [0x00000000f0000000, 0x00000000f0000000, 0x00000000f6400000)
  from space 12800K,  87% used [0x00000000f6400000, 0x00000000f6efaae0, 0x00000000f7080000)
  to   space 12800K,   0% used [0x00000000f7080000, 0x00000000f7080000, 0x00000000f7d00000)
 concurrent mark-sweep generation total 134144K, used 34108K [0x00000000f7d00000, 0x0000000100000000, 0x0000000100000000)
 Metaspace       used 52825K, capacity 56286K, committed 56576K, reserved 1099776K
  class space    used 6494K, capacity 7097K, committed 7168K, reserved 1048576K
}
{Heap before GC invocations=8 (full 0):
 par new generation   total 115200K, used 113642K [0x00000000f0000000, 0x00000000f7d00000, 0x00000000f7d00000)
  eden space 102400K, 100% used [0x00000000f0000000, 0x00000000f6400000, 0x00000000f6400000)
  from space 12800K,  87% used [0x00000000f6400000, 0x00000000f6efaae0, 0x00000000f7080000)
  to   space 12800K,   0% used [0x00000000f7080000, 0x00000000f7080000, 0x00000000f7d00000)
 concurrent mark-sweep generation total 134144K, used 34108K [0x00000000f7d00000, 0x0000000100000000, 0x0000000100000000)
 Metaspace       used 52867K, capacity 56350K, committed 56576K, reserved 1099776K
  class space    used 6494K, capacity 7097K, committed 7168K, reserved 1048576K
2023-10-03T09:11:16.272+0800: 46.781: [GC (Allocation Failure) 2023-10-03T09:11:16.272+0800: 46.781: [ParNew: 113642K->2982K(115200K), 0.0018145 secs] 147751K->37091K(249344K), 0.0018907 secs] [Times: user=0.01 sys=0.00, real=0.00 secs] 
Heap after GC invocations=9 (full 0):
 par new generation   total 115200K, used 2982K [0x00000000f0000000, 0x00000000f7d00000, 0x00000000f7d00000)
  eden space 102400K,   0% used [0x00000000f0000000, 0x00000000f0000000, 0x00000000f6400000)
  from space 12800K,  23% used [0x00000000f7080000, 0x00000000f7369b80, 0x00000000f7d00000)
  to   space 12800K,   0% used [0x00000000f6400000, 0x00000000f6400000, 0x00000000f7080000)
 concurrent mark-sweep generation total 134144K, used 34108K [0x00000000f7d00000, 0x0000000100000000, 0x0000000100000000)
 Metaspace       used 52867K, capacity 56350K, committed 56576K, reserved 1099776K
  class space    used 6494K, capacity 7097K, committed 7168K, reserved 1048576K
}
{Heap before GC invocations=9 (full 0):
 par new generation   total 115200K, used 105382K [0x00000000f0000000, 0x00000000f7d00000, 0x00000000f7d00000)
  eden space 102400K, 100% used [0x00000000f0000000, 0x00000000f6400000, 0x00000000f6400000)
  from space 12800K,  23% used [0x00000000f7080000, 0x00000000f7369b80, 0x00000000f7d00000)
  to   space 12800K,   0% used [0x00000000f6400000, 0x00000000f6400000, 0x00000000f7080000)
 concurrent mark-sweep generation total 134144K, used 34108K [0x00000000f7d00000, 0x0000000100000000, 0x0000000100000000)
 Metaspace       used 52881K, capacity 56350K, committed 56576K, reserved 1099776K
  class space    used 6497K, capacity 7097K, committed 7168K, reserved 1048576K
2023-10-03T09:11:23.142+0800: 53.651: [GC (Allocation Failure) 2023-10-03T09:11:23.142+0800: 53.651: [ParNew: 105382K->1622K(115200K), 0.0061997 secs] 139491K->35730K(249344K), 0.0064020 secs] [Times: user=0.06 sys=0.01, real=0.01 secs] 
Heap after GC invocations=10 (full 0):
 par new generation   total 115200K, used 1622K [0x00000000f0000000, 0x00000000f7d00000, 0x00000000f7d00000)
  eden space 102400K,   0% used [0x00000000f0000000, 0x00000000f0000000, 0x00000000f6400000)
  from space 12800K,  12% used [0x00000000f6400000, 0x00000000f6595850, 0x00000000f7080000)
  to   space 12800K,   0% used [0x00000000f7080000, 0x00000000f7080000, 0x00000000f7d00000)
 concurrent mark-sweep generation total 134144K, used 34108K [0x00000000f7d00000, 0x0000000100000000, 0x0000000100000000)
 Metaspace       used 52881K, capacity 56350K, committed 56576K, reserved 1099776K
  class space    used 6497K, capacity 7097K, committed 7168K, reserved 1048576K
}
{Heap before GC invocations=10 (full 0):
 par new generation   total 115200K, used 104022K [0x00000000f0000000, 0x00000000f7d00000, 0x00000000f7d00000)
  eden space 102400K, 100% used [0x00000000f0000000, 0x00000000f6400000, 0x00000000f6400000)
  from space 12800K,  12% used [0x00000000f6400000, 0x00000000f6595850, 0x00000000f7080000)
  to   space 12800K,   0% used [0x00000000f7080000, 0x00000000f7080000, 0x00000000f7d00000)
 concurrent mark-sweep generation total 134144K, used 34108K [0x00000000f7d00000, 0x0000000100000000, 0x0000000100000000)
 Metaspace       used 52898K, capacity 56354K, committed 56576K, reserved 1099776K
  class space    used 6497K, capacity 7097K, committed 7168K, reserved 1048576K
2023-10-03T09:11:30.022+0800: 60.531: [GC (Allocation Failure) 2023-10-03T09:11:30.022+0800: 60.532: [ParNew: 104022K->1815K(115200K), 0.0013339 secs] 138130K->35924K(249344K), 0.0013802 secs] [Times: user=0.01 sys=0.01, real=0.00 secs] 
Heap after GC invocations=11 (full 0):
 par new generation   total 115200K, used 1815K [0x00000000f0000000, 0x00000000f7d00000, 0x00000000f7d00000)
  eden space 102400K,   0% used [0x00000000f0000000, 0x00000000f0000000, 0x00000000f6400000)
  from space 12800K,  14% used [0x00000000f7080000, 0x00000000f7245ea0, 0x00000000f7d00000)
  to   space 12800K,   0% used [0x00000000f6400000, 0x00000000f6400000, 0x00000000f7080000)
 concurrent mark-sweep generation total 134144K, used 34108K [0x00000000f7d00000, 0x0000000100000000, 0x0000000100000000)
 Metaspace       used 52898K, capacity 56354K, committed 56576K, reserved 1099776K
  class space    used 6497K, capacity 7097K, committed 7168K, reserved 1048576K
}
{Heap before GC invocations=11 (full 0):
 par new generation   total 115200K, used 104215K [0x00000000f0000000, 0x00000000f7d00000, 0x00000000f7d00000)
  eden space 102400K, 100% used [0x00000000f0000000, 0x00000000f6400000, 0x00000000f6400000)
  from space 12800K,  14% used [0x00000000f7080000, 0x00000000f7245ea0, 0x00000000f7d00000)
  to   space 12800K,   0% used [0x00000000f6400000, 0x00000000f6400000, 0x00000000f7080000)
 concurrent mark-sweep generation total 134144K, used 34108K [0x00000000f7d00000, 0x0000000100000000, 0x0000000100000000)
 Metaspace       used 52925K, capacity 56354K, committed 56576K, reserved 1099776K
  class space    used 6502K, capacity 7097K, committed 7168K, reserved 1048576K
2023-10-03T09:11:37.051+0800: 67.560: [GC (Allocation Failure) 2023-10-03T09:11:37.051+0800: 67.560: [ParNew: 104215K->1729K(115200K), 0.0055483 secs] 138324K->35838K(249344K), 0.0056829 secs] [Times: user=0.05 sys=0.00, real=0.01 secs] 
Heap after GC invocations=12 (full 0):
 par new generation   total 115200K, used 1729K [0x00000000f0000000, 0x00000000f7d00000, 0x00000000f7d00000)
  eden space 102400K,   0% used [0x00000000f0000000, 0x00000000f0000000, 0x00000000f6400000)
  from space 12800K,  13% used [0x00000000f6400000, 0x00000000f65b05e8, 0x00000000f7080000)
  to   space 12800K,   0% used [0x00000000f7080000, 0x00000000f7080000, 0x00000000f7d00000)
 concurrent mark-sweep generation total 134144K, used 34108K [0x00000000f7d00000, 0x0000000100000000, 0x0000000100000000)
 Metaspace       used 52925K, capacity 56354K, committed 56576K, reserved 1099776K
  class space    used 6502K, capacity 7097K, committed 7168K, reserved 1048576K
}
{Heap before GC invocations=12 (full 0):
 par new generation   total 115200K, used 104129K [0x00000000f0000000, 0x00000000f7d00000, 0x00000000f7d00000)
  eden space 102400K, 100% used [0x00000000f0000000, 0x00000000f6400000, 0x00000000f6400000)
  from space 12800K,  13% used [0x00000000f6400000, 0x00000000f65b05e8, 0x00000000f7080000)
  to   space 12800K,   0% used [0x00000000f7080000, 0x00000000f7080000, 0x00000000f7d00000)
 concurrent mark-sweep generation total 134144K, used 34108K [0x00000000f7d00000, 0x0000000100000000, 0x0000000100000000)
 Metaspace       used 52934K, capacity 56358K, committed 56576K, reserved 1099776K
  class space    used 6502K, capacity 7097K, committed 7168K, reserved 1048576K
2023-10-03T09:11:44.343+0800: 74.852: [GC (Allocation Failure) 2023-10-03T09:11:44.343+0800: 74.852: [ParNew: 104129K->1786K(115200K), 0.0055828 secs] 138238K->35895K(249344K), 0.0057407 secs] [Times: user=0.04 sys=0.00, real=0.00 secs] 
Heap after GC invocations=13 (full 0):
 par new generation   total 115200K, used 1786K [0x00000000f0000000, 0x00000000f7d00000, 0x00000000f7d00000)
  eden space 102400K,   0% used [0x00000000f0000000, 0x00000000f0000000, 0x00000000f6400000)
  from space 12800K,  13% used [0x00000000f7080000, 0x00000000f723e928, 0x00000000f7d00000)
  to   space 12800K,   0% used [0x00000000f6400000, 0x00000000f6400000, 0x00000000f7080000)
 concurrent mark-sweep generation total 134144K, used 34108K [0x00000000f7d00000, 0x0000000100000000, 0x0000000100000000)
 Metaspace       used 52934K, capacity 56358K, committed 56576K, reserved 1099776K
  class space    used 6502K, capacity 7097K, committed 7168K, reserved 1048576K
}
{Heap before GC invocations=13 (full 0):
 par new generation   total 115200K, used 104186K [0x00000000f0000000, 0x00000000f7d00000, 0x00000000f7d00000)
  eden space 102400K, 100% used [0x00000000f0000000, 0x00000000f6400000, 0x00000000f6400000)
  from space 12800K,  13% used [0x00000000f7080000, 0x00000000f723e928, 0x00000000f7d00000)
  to   space 12800K,   0% used [0x00000000f6400000, 0x00000000f6400000, 0x00000000f7080000)
 concurrent mark-sweep generation total 134144K, used 34108K [0x00000000f7d00000, 0x0000000100000000, 0x0000000100000000)
 Metaspace       used 52939K, capacity 56422K, committed 56576K, reserved 1099776K
  class space    used 6502K, capacity 7097K, committed 7168K, reserved 1048576K
2023-10-03T09:11:51.799+0800: 82.309: [GC (Allocation Failure) 2023-10-03T09:11:51.800+0800: 82.309: [ParNew: 104186K->1326K(115200K), 0.0056743 secs] 138295K->35792K(249344K), 0.0058165 secs] [Times: user=0.05 sys=0.00, real=0.01 secs] 
Heap after GC invocations=14 (full 0):
 par new generation   total 115200K, used 1326K [0x00000000f0000000, 0x00000000f7d00000, 0x00000000f7d00000)
  eden space 102400K,   0% used [0x00000000f0000000, 0x00000000f0000000, 0x00000000f6400000)
  from space 12800K,  10% used [0x00000000f6400000, 0x00000000f654b970, 0x00000000f7080000)
  to   space 12800K,   0% used [0x00000000f7080000, 0x00000000f7080000, 0x00000000f7d00000)
 concurrent mark-sweep generation total 134144K, used 34465K [0x00000000f7d00000, 0x0000000100000000, 0x0000000100000000)
 Metaspace       used 52939K, capacity 56422K, committed 56576K, reserved 1099776K
  class space    used 6502K, capacity 7097K, committed 7168K, reserved 1048576K
}
{Heap before GC invocations=14 (full 0):
 par new generation   total 115200K, used 103726K [0x00000000f0000000, 0x00000000f7d00000, 0x00000000f7d00000)
  eden space 102400K, 100% used [0x00000000f0000000, 0x00000000f6400000, 0x00000000f6400000)
  from space 12800K,  10% used [0x00000000f6400000, 0x00000000f654b970, 0x00000000f7080000)
  to   space 12800K,   0% used [0x00000000f7080000, 0x00000000f7080000, 0x00000000f7d00000)
 concurrent mark-sweep generation total 134144K, used 34465K [0x00000000f7d00000, 0x0000000100000000, 0x0000000100000000)
 Metaspace       used 52961K, capacity 56422K, committed 56576K, reserved 1099776K
  class space    used 6502K, capacity 7097K, committed 7168K, reserved 1048576K
2023-10-03T09:11:58.980+0800: 89.489: [GC (Allocation Failure) 2023-10-03T09:11:58.980+0800: 89.489: [ParNew: 103726K->1041K(115200K), 0.0042641 secs] 138192K->35648K(249344K), 0.0044505 secs] [Times: user=0.04 sys=0.01, real=0.01 secs] 
Heap after GC invocations=15 (full 0):
 par new generation   total 115200K, used 1041K [0x00000000f0000000, 0x00000000f7d00000, 0x00000000f7d00000)
  eden space 102400K,   0% used [0x00000000f0000000, 0x00000000f0000000, 0x00000000f6400000)
  from space 12800K,   8% used [0x00000000f7080000, 0x00000000f7184698, 0x00000000f7d00000)
  to   space 12800K,   0% used [0x00000000f6400000, 0x00000000f6400000, 0x00000000f7080000)
 concurrent mark-sweep generation total 134144K, used 34606K [0x00000000f7d00000, 0x0000000100000000, 0x0000000100000000)
 Metaspace       used 52961K, capacity 56422K, committed 56576K, reserved 1099776K
  class space    used 6502K, capacity 7097K, committed 7168K, reserved 1048576K
}
{Heap before GC invocations=15 (full 0):
 par new generation   total 115200K, used 103441K [0x00000000f0000000, 0x00000000f7d00000, 0x00000000f7d00000)
  eden space 102400K, 100% used [0x00000000f0000000, 0x00000000f6400000, 0x00000000f6400000)
  from space 12800K,   8% used [0x00000000f7080000, 0x00000000f7184698, 0x00000000f7d00000)
  to   space 12800K,   0% used [0x00000000f6400000, 0x00000000f6400000, 0x00000000f7080000)
 concurrent mark-sweep generation total 134144K, used 34606K [0x00000000f7d00000, 0x0000000100000000, 0x0000000100000000)
 Metaspace       used 52965K, capacity 56422K, committed 56576K, reserved 1099776K
  class space    used 6502K, capacity 7097K, committed 7168K, reserved 1048576K
2023-10-03T09:12:06.162+0800: 96.671: [GC (Allocation Failure) 2023-10-03T09:12:06.162+0800: 96.671: [ParNew: 103441K->1055K(115200K), 0.0046655 secs] 138048K->35771K(249344K), 0.0048478 secs] [Times: user=0.04 sys=0.00, real=0.01 secs] 
Heap after GC invocations=16 (full 0):
 par new generation   total 115200K, used 1055K [0x00000000f0000000, 0x00000000f7d00000, 0x00000000f7d00000)
  eden space 102400K,   0% used [0x00000000f0000000, 0x00000000f0000000, 0x00000000f6400000)
  from space 12800K,   8% used [0x00000000f6400000, 0x00000000f6507f60, 0x00000000f7080000)
  to   space 12800K,   0% used [0x00000000f7080000, 0x00000000f7080000, 0x00000000f7d00000)
 concurrent mark-sweep generation total 134144K, used 34715K [0x00000000f7d00000, 0x0000000100000000, 0x0000000100000000)
 Metaspace       used 52965K, capacity 56422K, committed 56576K, reserved 1099776K
  class space    used 6502K, capacity 7097K, committed 7168K, reserved 1048576K
}
{Heap before GC invocations=16 (full 0):
 par new generation   total 115200K, used 103455K [0x00000000f0000000, 0x00000000f7d00000, 0x00000000f7d00000)
  eden space 102400K, 100% used [0x00000000f0000000, 0x00000000f6400000, 0x00000000f6400000)
  from space 12800K,   8% used [0x00000000f6400000, 0x00000000f6507f60, 0x00000000f7080000)
  to   space 12800K,   0% used [0x00000000f7080000, 0x00000000f7080000, 0x00000000f7d00000)
 concurrent mark-sweep generation total 134144K, used 34715K [0x00000000f7d00000, 0x0000000100000000, 0x0000000100000000)
 Metaspace       used 52979K, capacity 56422K, committed 56576K, reserved 1099776K
  class space    used 6502K, capacity 7097K, committed 7168K, reserved 1048576K
2023-10-03T09:12:13.699+0800: 104.208: [GC (Allocation Failure) 2023-10-03T09:12:13.699+0800: 104.208: [ParNew: 103455K->996K(115200K), 0.0039673 secs] 138171K->35727K(249344K), 0.0041276 secs] [Times: user=0.03 sys=0.00, real=0.01 secs] 
Heap after GC invocations=17 (full 0):
 par new generation   total 115200K, used 996K [0x00000000f0000000, 0x00000000f7d00000, 0x00000000f7d00000)
  eden space 102400K,   0% used [0x00000000f0000000, 0x00000000f0000000, 0x00000000f6400000)
  from space 12800K,   7% used [0x00000000f7080000, 0x00000000f7179018, 0x00000000f7d00000)
  to   space 12800K,   0% used [0x00000000f6400000, 0x00000000f6400000, 0x00000000f7080000)
 concurrent mark-sweep generation total 134144K, used 34731K [0x00000000f7d00000, 0x0000000100000000, 0x0000000100000000)
 Metaspace       used 52979K, capacity 56422K, committed 56576K, reserved 1099776K
  class space    used 6502K, capacity 7097K, committed 7168K, reserved 1048576K
}
{Heap before GC invocations=17 (full 0):
 par new generation   total 115200K, used 103396K [0x00000000f0000000, 0x00000000f7d00000, 0x00000000f7d00000)
  eden space 102400K, 100% used [0x00000000f0000000, 0x00000000f6400000, 0x00000000f6400000)
  from space 12800K,   7% used [0x00000000f7080000, 0x00000000f7179018, 0x00000000f7d00000)
  to   space 12800K,   0% used [0x00000000f6400000, 0x00000000f6400000, 0x00000000f7080000)
 concurrent mark-sweep generation total 134144K, used 34731K [0x00000000f7d00000, 0x0000000100000000, 0x0000000100000000)
 Metaspace       used 52989K, capacity 56422K, committed 56576K, reserved 1099776K
  class space    used 6502K, capacity 7097K, committed 7168K, reserved 1048576K
2023-10-03T09:12:20.920+0800: 111.429: [GC (Allocation Failure) 2023-10-03T09:12:20.920+0800: 111.429: [ParNew: 103396K->953K(115200K), 0.0049206 secs] 138127K->35731K(249344K), 0.0051299 secs] [Times: user=0.03 sys=0.00, real=0.01 secs] 
Heap after GC invocations=18 (full 0):
 par new generation   total 115200K, used 953K [0x00000000f0000000, 0x00000000f7d00000, 0x00000000f7d00000)
  eden space 102400K,   0% used [0x00000000f0000000, 0x00000000f0000000, 0x00000000f6400000)
  from space 12800K,   7% used [0x00000000f6400000, 0x00000000f64ee7e8, 0x00000000f7080000)
  to   space 12800K,   0% used [0x00000000f7080000, 0x00000000f7080000, 0x00000000f7d00000)
 concurrent mark-sweep generation total 134144K, used 34777K [0x00000000f7d00000, 0x0000000100000000, 0x0000000100000000)
 Metaspace       used 52989K, capacity 56422K, committed 56576K, reserved 1099776K
  class space    used 6502K, capacity 7097K, committed 7168K, reserved 1048576K
}
{Heap before GC invocations=18 (full 0):
 par new generation   total 115200K, used 103353K [0x00000000f0000000, 0x00000000f7d00000, 0x00000000f7d00000)
  eden space 102400K, 100% used [0x00000000f0000000, 0x00000000f6400000, 0x00000000f6400000)
  from space 12800K,   7% used [0x00000000f6400000, 0x00000000f64ee7e8, 0x00000000f7080000)
  to   space 12800K,   0% used [0x00000000f7080000, 0x00000000f7080000, 0x00000000f7d00000)
 concurrent mark-sweep generation total 134144K, used 34777K [0x00000000f7d00000, 0x0000000100000000, 0x0000000100000000)
 Metaspace       used 52994K, capacity 56422K, committed 56576K, reserved 1099776K
  class space    used 6502K, capacity 7097K, committed 7168K, reserved 1048576K
2023-10-03T09:12:28.704+0800: 119.213: [GC (Allocation Failure) 2023-10-03T09:12:28.704+0800: 119.213: [ParNew: 103353K->974K(115200K), 0.0045210 secs] 138131K->35759K(249344K), 0.0047393 secs] [Times: user=0.04 sys=0.00, real=0.00 secs] 
Heap after GC invocations=19 (full 0):
 par new generation   total 115200K, used 974K [0x00000000f0000000, 0x00000000f7d00000, 0x00000000f7d00000)
  eden space 102400K,   0% used [0x00000000f0000000, 0x00000000f0000000, 0x00000000f6400000)
  from space 12800K,   7% used [0x00000000f7080000, 0x00000000f71738d0, 0x00000000f7d00000)
  to   space 12800K,   0% used [0x00000000f6400000, 0x00000000f6400000, 0x00000000f7080000)
 concurrent mark-sweep generation total 134144K, used 34785K [0x00000000f7d00000, 0x0000000100000000, 0x0000000100000000)
 Metaspace       used 52994K, capacity 56422K, committed 56576K, reserved 1099776K
  class space    used 6502K, capacity 7097K, committed 7168K, reserved 1048576K
}
{Heap before GC invocations=19 (full 0):
 par new generation   total 115200K, used 103374K [0x00000000f0000000, 0x00000000f7d00000, 0x00000000f7d00000)
  eden space 102400K, 100% used [0x00000000f0000000, 0x00000000f6400000, 0x00000000f6400000)
  from space 12800K,   7% used [0x00000000f7080000, 0x00000000f71738d0, 0x00000000f7d00000)
  to   space 12800K,   0% used [0x00000000f6400000, 0x00000000f6400000, 0x00000000f7080000)
 concurrent mark-sweep generation total 134144K, used 34785K [0x00000000f7d00000, 0x0000000100000000, 0x0000000100000000)
 Metaspace       used 53002K, capacity 56422K, committed 56576K, reserved 1099776K
  class space    used 6502K, capacity 7097K, committed 7168K, reserved 1048576K
2023-10-03T09:12:36.878+0800: 127.387: [GC (Allocation Failure) 2023-10-03T09:12:36.878+0800: 127.388: [ParNew: 103374K->772K(115200K), 0.0041871 secs] 138159K->35558K(249344K), 0.0043952 secs] [Times: user=0.03 sys=0.01, real=0.01 secs] 
Heap after GC invocations=20 (full 0):
 par new generation   total 115200K, used 772K [0x00000000f0000000, 0x00000000f7d00000, 0x00000000f7d00000)
  eden space 102400K,   0% used [0x00000000f0000000, 0x00000000f0000000, 0x00000000f6400000)
  from space 12800K,   6% used [0x00000000f6400000, 0x00000000f64c11f8, 0x00000000f7080000)
  to   space 12800K,   0% used [0x00000000f7080000, 0x00000000f7080000, 0x00000000f7d00000)
 concurrent mark-sweep generation total 134144K, used 34786K [0x00000000f7d00000, 0x0000000100000000, 0x0000000100000000)
 Metaspace       used 53002K, capacity 56422K, committed 56576K, reserved 1099776K
  class space    used 6502K, capacity 7097K, committed 7168K, reserved 1048576K
}
{Heap before GC invocations=20 (full 0):
 par new generation   total 115200K, used 103172K [0x00000000f0000000, 0x00000000f7d00000, 0x00000000f7d00000)
  eden space 102400K, 100% used [0x00000000f0000000, 0x00000000f6400000, 0x00000000f6400000)
  from space 12800K,   6% used [0x00000000f6400000, 0x00000000f64c11f8, 0x00000000f7080000)
  to   space 12800K,   0% used [0x00000000f7080000, 0x00000000f7080000, 0x00000000f7d00000)
 concurrent mark-sweep generation total 134144K, used 34786K [0x00000000f7d00000, 0x0000000100000000, 0x0000000100000000)
 Metaspace       used 53007K, capacity 56422K, committed 56576K, reserved 1099776K
  class space    used 6502K, capacity 7097K, committed 7168K, reserved 1048576K
2023-10-03T09:12:44.449+0800: 134.958: [GC (Allocation Failure) 2023-10-03T09:12:44.449+0800: 134.958: [ParNew: 103172K->684K(115200K), 0.0042959 secs] 137958K->35542K(249344K), 0.0044895 secs] [Times: user=0.03 sys=0.00, real=0.01 secs] 
Heap after GC invocations=21 (full 0):
 par new generation   total 115200K, used 684K [0x00000000f0000000, 0x00000000f7d00000, 0x00000000f7d00000)
  eden space 102400K,   0% used [0x00000000f0000000, 0x00000000f0000000, 0x00000000f6400000)
  from space 12800K,   5% used [0x00000000f7080000, 0x00000000f712b180, 0x00000000f7d00000)
  to   space 12800K,   0% used [0x00000000f6400000, 0x00000000f6400000, 0x00000000f7080000)
 concurrent mark-sweep generation total 134144K, used 34857K [0x00000000f7d00000, 0x0000000100000000, 0x0000000100000000)
 Metaspace       used 53007K, capacity 56422K, committed 56576K, reserved 1099776K
  class space    used 6502K, capacity 7097K, committed 7168K, reserved 1048576K
}
{Heap before GC invocations=21 (full 0):
 par new generation   total 115200K, used 103084K [0x00000000f0000000, 0x00000000f7d00000, 0x00000000f7d00000)
  eden space 102400K, 100% used [0x00000000f0000000, 0x00000000f6400000, 0x00000000f6400000)
  from space 12800K,   5% used [0x00000000f7080000, 0x00000000f712b180, 0x00000000f7d00000)
  to   space 12800K,   0% used [0x00000000f6400000, 0x00000000f6400000, 0x00000000f7080000)
 concurrent mark-sweep generation total 134144K, used 34857K [0x00000000f7d00000, 0x0000000100000000, 0x0000000100000000)
 Metaspace       used 53053K, capacity 56486K, committed 56576K, reserved 1099776K
  class space    used 6503K, capacity 7097K, committed 7168K, reserved 1048576K
2023-10-03T09:12:49.655+0800: 140.164: [GC (Allocation Failure) 2023-10-03T09:12:49.655+0800: 140.164: [ParNew: 103084K->12800K(115200K), 0.0060913 secs] 137942K->48506K(249344K), 0.0062737 secs] [Times: user=0.05 sys=0.00, real=0.00 secs] 
Heap after GC invocations=22 (full 0):
 par new generation   total 115200K, used 12800K [0x00000000f0000000, 0x00000000f7d00000, 0x00000000f7d00000)
  eden space 102400K,   0% used [0x00000000f0000000, 0x00000000f0000000, 0x00000000f6400000)
  from space 12800K, 100% used [0x00000000f6400000, 0x00000000f7080000, 0x00000000f7080000)
  to   space 12800K,   0% used [0x00000000f7080000, 0x00000000f7080000, 0x00000000f7d00000)
 concurrent mark-sweep generation total 134144K, used 35706K [0x00000000f7d00000, 0x0000000100000000, 0x0000000100000000)
 Metaspace       used 53053K, capacity 56486K, committed 56576K, reserved 1099776K
  class space    used 6503K, capacity 7097K, committed 7168K, reserved 1048576K
}
{Heap before GC invocations=22 (full 0):
 par new generation   total 115200K, used 115200K [0x00000000f0000000, 0x00000000f7d00000, 0x00000000f7d00000)
  eden space 102400K, 100% used [0x00000000f0000000, 0x00000000f6400000, 0x00000000f6400000)
  from space 12800K, 100% used [0x00000000f6400000, 0x00000000f7080000, 0x00000000f7080000)
  to   space 12800K,   0% used [0x00000000f7080000, 0x00000000f7080000, 0x00000000f7d00000)
 concurrent mark-sweep generation total 134144K, used 35706K [0x00000000f7d00000, 0x0000000100000000, 0x0000000100000000)
 Metaspace       used 53053K, capacity 56486K, committed 56576K, reserved 1099776K
  class space    used 6503K, capacity 7097K, committed 7168K, reserved 1048576K
2023-10-03T09:12:53.283+0800: 143.792: [GC (Allocation Failure) 2023-10-03T09:12:53.283+0800: 143.792: [ParNew: 115200K->7596K(115200K), 0.0179792 secs] 150906K->55038K(249344K), 0.0183106 secs] [Times: user=0.11 sys=0.00, real=0.01 secs] 
Heap after GC invocations=23 (full 0):
 par new generation   total 115200K, used 7596K [0x00000000f0000000, 0x00000000f7d00000, 0x00000000f7d00000)
  eden space 102400K,   0% used [0x00000000f0000000, 0x00000000f0000000, 0x00000000f6400000)
  from space 12800K,  59% used [0x00000000f7080000, 0x00000000f77eb2e0, 0x00000000f7d00000)
  to   space 12800K,   0% used [0x00000000f6400000, 0x00000000f6400000, 0x00000000f7080000)
 concurrent mark-sweep generation total 134144K, used 47441K [0x00000000f7d00000, 0x0000000100000000, 0x0000000100000000)
 Metaspace       used 53053K, capacity 56486K, committed 56576K, reserved 1099776K
  class space    used 6503K, capacity 7097K, committed 7168K, reserved 1048576K
}
{Heap before GC invocations=23 (full 0):
 par new generation   total 115200K, used 109996K [0x00000000f0000000, 0x00000000f7d00000, 0x00000000f7d00000)
  eden space 102400K, 100% used [0x00000000f0000000, 0x00000000f6400000, 0x00000000f6400000)
  from space 12800K,  59% used [0x00000000f7080000, 0x00000000f77eb2e0, 0x00000000f7d00000)
  to   space 12800K,   0% used [0x00000000f6400000, 0x00000000f6400000, 0x00000000f7080000)
 concurrent mark-sweep generation total 134144K, used 47441K [0x00000000f7d00000, 0x0000000100000000, 0x0000000100000000)
 Metaspace       used 53053K, capacity 56486K, committed 56576K, reserved 1099776K
  class space    used 6503K, capacity 7097K, committed 7168K, reserved 1048576K
2023-10-03T09:12:56.925+0800: 147.434: [GC (Allocation Failure) 2023-10-03T09:12:56.925+0800: 147.435: [ParNew: 109996K->2098K(115200K), 0.0056049 secs] 157438K->49539K(249344K), 0.0058984 secs] [Times: user=0.05 sys=0.00, real=0.00 secs] 
Heap after GC invocations=24 (full 0):
 par new generation   total 115200K, used 2098K [0x00000000f0000000, 0x00000000f7d00000, 0x00000000f7d00000)
  eden space 102400K,   0% used [0x00000000f0000000, 0x00000000f0000000, 0x00000000f6400000)
  from space 12800K,  16% used [0x00000000f6400000, 0x00000000f660c830, 0x00000000f7080000)
  to   space 12800K,   0% used [0x00000000f7080000, 0x00000000f7080000, 0x00000000f7d00000)
 concurrent mark-sweep generation total 134144K, used 47441K [0x00000000f7d00000, 0x0000000100000000, 0x0000000100000000)
 Metaspace       used 53053K, capacity 56486K, committed 56576K, reserved 1099776K
  class space    used 6503K, capacity 7097K, committed 7168K, reserved 1048576K
}
{Heap before GC invocations=24 (full 0):
 par new generation   total 115200K, used 104498K [0x00000000f0000000, 0x00000000f7d00000, 0x00000000f7d00000)
  eden space 102400K, 100% used [0x00000000f0000000, 0x00000000f6400000, 0x00000000f6400000)
  from space 12800K,  16% used [0x00000000f6400000, 0x00000000f660c830, 0x00000000f7080000)
  to   space 12800K,   0% used [0x00000000f7080000, 0x00000000f7080000, 0x00000000f7d00000)
 concurrent mark-sweep generation total 134144K, used 47441K [0x00000000f7d00000, 0x0000000100000000, 0x0000000100000000)
 Metaspace       used 53063K, capacity 56550K, committed 56832K, reserved 1099776K
  class space    used 6503K, capacity 7097K, committed 7168K, reserved 1048576K
2023-10-03T09:13:00.554+0800: 151.063: [GC (Allocation Failure) 2023-10-03T09:13:00.559+0800: 151.068: [ParNew: 104498K->1679K(115200K), 0.0069662 secs] 151939K->49120K(249344K), 0.0122224 secs] [Times: user=0.04 sys=0.00, real=0.01 secs] 
Heap after GC invocations=25 (full 0):
 par new generation   total 115200K, used 1679K [0x00000000f0000000, 0x00000000f7d00000, 0x00000000f7d00000)
  eden space 102400K,   0% used [0x00000000f0000000, 0x00000000f0000000, 0x00000000f6400000)
  from space 12800K,  13% used [0x00000000f7080000, 0x00000000f7223cd0, 0x00000000f7d00000)
  to   space 12800K,   0% used [0x00000000f6400000, 0x00000000f6400000, 0x00000000f7080000)
 concurrent mark-sweep generation total 134144K, used 47441K [0x00000000f7d00000, 0x0000000100000000, 0x0000000100000000)
 Metaspace       used 53063K, capacity 56550K, committed 56832K, reserved 1099776K
  class space    used 6503K, capacity 7097K, committed 7168K, reserved 1048576K
}
{Heap before GC invocations=25 (full 0):
 par new generation   total 115200K, used 104079K [0x00000000f0000000, 0x00000000f7d00000, 0x00000000f7d00000)
  eden space 102400K, 100% used [0x00000000f0000000, 0x00000000f6400000, 0x00000000f6400000)
  from space 12800K,  13% used [0x00000000f7080000, 0x00000000f7223cd0, 0x00000000f7d00000)
  to   space 12800K,   0% used [0x00000000f6400000, 0x00000000f6400000, 0x00000000f7080000)
 concurrent mark-sweep generation total 134144K, used 47441K [0x00000000f7d00000, 0x0000000100000000, 0x0000000100000000)
 Metaspace       used 53063K, capacity 56550K, committed 56832K, reserved 1099776K
  class space    used 6503K, capacity 7097K, committed 7168K, reserved 1048576K
2023-10-03T09:13:04.234+0800: 154.743: [GC (Allocation Failure) 2023-10-03T09:13:04.234+0800: 154.743: [ParNew: 104079K->1378K(115200K), 0.0057362 secs] 151520K->48820K(249344K), 0.0059947 secs] [Times: user=0.05 sys=0.00, real=0.00 secs] 
Heap after GC invocations=26 (full 0):
 par new generation   total 115200K, used 1378K [0x00000000f0000000, 0x00000000f7d00000, 0x00000000f7d00000)
  eden space 102400K,   0% used [0x00000000f0000000, 0x00000000f0000000, 0x00000000f6400000)
  from space 12800K,  10% used [0x00000000f6400000, 0x00000000f6558a08, 0x00000000f7080000)
  to   space 12800K,   0% used [0x00000000f7080000, 0x00000000f7080000, 0x00000000f7d00000)
 concurrent mark-sweep generation total 134144K, used 47441K [0x00000000f7d00000, 0x0000000100000000, 0x0000000100000000)
 Metaspace       used 53063K, capacity 56550K, committed 56832K, reserved 1099776K
  class space    used 6503K, capacity 7097K, committed 7168K, reserved 1048576K
}
{Heap before GC invocations=26 (full 0):
 par new generation   total 115200K, used 103778K [0x00000000f0000000, 0x00000000f7d00000, 0x00000000f7d00000)
  eden space 102400K, 100% used [0x00000000f0000000, 0x00000000f6400000, 0x00000000f6400000)
  from space 12800K,  10% used [0x00000000f6400000, 0x00000000f6558a08, 0x00000000f7080000)
  to   space 12800K,   0% used [0x00000000f7080000, 0x00000000f7080000, 0x00000000f7d00000)
 concurrent mark-sweep generation total 134144K, used 47441K [0x00000000f7d00000, 0x0000000100000000, 0x0000000100000000)
 Metaspace       used 53063K, capacity 56550K, committed 56832K, reserved 1099776K
  class space    used 6503K, capacity 7097K, committed 7168K, reserved 1048576K
2023-10-03T09:13:07.884+0800: 158.393: [GC (Allocation Failure) 2023-10-03T09:13:07.884+0800: 158.394: [ParNew: 103778K->1286K(115200K), 0.0054189 secs] 151220K->48728K(249344K), 0.0056032 secs] [Times: user=0.05 sys=0.00, real=0.00 secs] 
Heap after GC invocations=27 (full 0):
 par new generation   total 115200K, used 1286K [0x00000000f0000000, 0x00000000f7d00000, 0x00000000f7d00000)
  eden space 102400K,   0% used [0x00000000f0000000, 0x00000000f0000000, 0x00000000f6400000)
  from space 12800K,  10% used [0x00000000f7080000, 0x00000000f71c1ae0, 0x00000000f7d00000)
  to   space 12800K,   0% used [0x00000000f6400000, 0x00000000f6400000, 0x00000000f7080000)
 concurrent mark-sweep generation total 134144K, used 47441K [0x00000000f7d00000, 0x0000000100000000, 0x0000000100000000)
 Metaspace       used 53063K, capacity 56550K, committed 56832K, reserved 1099776K
  class space    used 6503K, capacity 7097K, committed 7168K, reserved 1048576K
}
{Heap before GC invocations=27 (full 0):
 par new generation   total 115200K, used 103686K [0x00000000f0000000, 0x00000000f7d00000, 0x00000000f7d00000)
  eden space 102400K, 100% used [0x00000000f0000000, 0x00000000f6400000, 0x00000000f6400000)
  from space 12800K,  10% used [0x00000000f7080000, 0x00000000f71c1ae0, 0x00000000f7d00000)
  to   space 12800K,   0% used [0x00000000f6400000, 0x00000000f6400000, 0x00000000f7080000)
 concurrent mark-sweep generation total 134144K, used 47441K [0x00000000f7d00000, 0x0000000100000000, 0x0000000100000000)
 Metaspace       used 53063K, capacity 56550K, committed 56832K, reserved 1099776K
  class space    used 6503K, capacity 7097K, committed 7168K, reserved 1048576K
2023-10-03T09:13:11.536+0800: 162.045: [GC (Allocation Failure) 2023-10-03T09:13:11.536+0800: 162.045: [ParNew: 103686K->1417K(115200K), 0.0057725 secs] 151128K->48859K(249344K), 0.0060464 secs] [Times: user=0.05 sys=0.01, real=0.00 secs] 
Heap after GC invocations=28 (full 0):
 par new generation   total 115200K, used 1417K [0x00000000f0000000, 0x00000000f7d00000, 0x00000000f7d00000)
  eden space 102400K,   0% used [0x00000000f0000000, 0x00000000f0000000, 0x00000000f6400000)
  from space 12800K,  11% used [0x00000000f6400000, 0x00000000f6562670, 0x00000000f7080000)
  to   space 12800K,   0% used [0x00000000f7080000, 0x00000000f7080000, 0x00000000f7d00000)
 concurrent mark-sweep generation total 134144K, used 47441K [0x00000000f7d00000, 0x0000000100000000, 0x0000000100000000)
 Metaspace       used 53063K, capacity 56550K, committed 56832K, reserved 1099776K
  class space    used 6503K, capacity 7097K, committed 7168K, reserved 1048576K
}
{Heap before GC invocations=28 (full 0):
 par new generation   total 115200K, used 103817K [0x00000000f0000000, 0x00000000f7d00000, 0x00000000f7d00000)
  eden space 102400K, 100% used [0x00000000f0000000, 0x00000000f6400000, 0x00000000f6400000)
  from space 12800K,  11% used [0x00000000f6400000, 0x00000000f6562670, 0x00000000f7080000)
  to   space 12800K,   0% used [0x00000000f7080000, 0x00000000f7080000, 0x00000000f7d00000)
 concurrent mark-sweep generation total 134144K, used 47441K [0x00000000f7d00000, 0x0000000100000000, 0x0000000100000000)
 Metaspace       used 53070K, capacity 56550K, committed 56832K, reserved 1099776K
  class space    used 6503K, capacity 7097K, committed 7168K, reserved 1048576K
2023-10-03T09:13:15.207+0800: 165.716: [GC (Allocation Failure) 2023-10-03T09:13:15.207+0800: 165.716: [ParNew: 103817K->1419K(115200K), 0.0057992 secs] 151259K->48864K(249344K), 0.0060342 secs] [Times: user=0.05 sys=0.00, real=0.01 secs] 
Heap after GC invocations=29 (full 0):
 par new generation   total 115200K, used 1419K [0x00000000f0000000, 0x00000000f7d00000, 0x00000000f7d00000)
  eden space 102400K,   0% used [0x00000000f0000000, 0x00000000f0000000, 0x00000000f6400000)
  from space 12800K,  11% used [0x00000000f7080000, 0x00000000f71e2cf0, 0x00000000f7d00000)
  to   space 12800K,   0% used [0x00000000f6400000, 0x00000000f6400000, 0x00000000f7080000)
 concurrent mark-sweep generation total 134144K, used 47445K [0x00000000f7d00000, 0x0000000100000000, 0x0000000100000000)
 Metaspace       used 53070K, capacity 56550K, committed 56832K, reserved 1099776K
  class space    used 6503K, capacity 7097K, committed 7168K, reserved 1048576K
}
{Heap before GC invocations=29 (full 0):
 par new generation   total 115200K, used 103819K [0x00000000f0000000, 0x00000000f7d00000, 0x00000000f7d00000)
  eden space 102400K, 100% used [0x00000000f0000000, 0x00000000f6400000, 0x00000000f6400000)
  from space 12800K,  11% used [0x00000000f7080000, 0x00000000f71e2cf0, 0x00000000f7d00000)
  to   space 12800K,   0% used [0x00000000f6400000, 0x00000000f6400000, 0x00000000f7080000)
 concurrent mark-sweep generation total 134144K, used 47445K [0x00000000f7d00000, 0x0000000100000000, 0x0000000100000000)
 Metaspace       used 53070K, capacity 56550K, committed 56832K, reserved 1099776K
  class space    used 6503K, capacity 7097K, committed 7168K, reserved 1048576K
2023-10-03T09:13:18.861+0800: 169.370: [GC (Allocation Failure) 2023-10-03T09:13:18.861+0800: 169.370: [ParNew: 103819K->1427K(115200K), 0.0062986 secs] 151264K->48878K(249344K), 0.0065614 secs] [Times: user=0.05 sys=0.00, real=0.01 secs] 
Heap after GC invocations=30 (full 0):
 par new generation   total 115200K, used 1427K [0x00000000f0000000, 0x00000000f7d00000, 0x00000000f7d00000)
  eden space 102400K,   0% used [0x00000000f0000000, 0x00000000f0000000, 0x00000000f6400000)
  from space 12800K,  11% used [0x00000000f6400000, 0x00000000f6564dd8, 0x00000000f7080000)
  to   space 12800K,   0% used [0x00000000f7080000, 0x00000000f7080000, 0x00000000f7d00000)
 concurrent mark-sweep generation total 134144K, used 47451K [0x00000000f7d00000, 0x0000000100000000, 0x0000000100000000)
 Metaspace       used 53070K, capacity 56550K, committed 56832K, reserved 1099776K
  class space    used 6503K, capacity 7097K, committed 7168K, reserved 1048576K
}
{Heap before GC invocations=30 (full 0):
 par new generation   total 115200K, used 103827K [0x00000000f0000000, 0x00000000f7d00000, 0x00000000f7d00000)
  eden space 102400K, 100% used [0x00000000f0000000, 0x00000000f6400000, 0x00000000f6400000)
  from space 12800K,  11% used [0x00000000f6400000, 0x00000000f6564dd8, 0x00000000f7080000)
  to   space 12800K,   0% used [0x00000000f7080000, 0x00000000f7080000, 0x00000000f7d00000)
 concurrent mark-sweep generation total 134144K, used 47451K [0x00000000f7d00000, 0x0000000100000000, 0x0000000100000000)
 Metaspace       used 53070K, capacity 56550K, committed 56832K, reserved 1099776K
  class space    used 6503K, capacity 7097K, committed 7168K, reserved 1048576K
2023-10-03T09:13:22.524+0800: 173.033: [GC (Allocation Failure) 2023-10-03T09:13:22.524+0800: 173.033: [ParNew: 103827K->1337K(115200K), 0.0056379 secs] 151278K->48792K(249344K), 0.0058720 secs] [Times: user=0.05 sys=0.00, real=0.00 secs] 
Heap after GC invocations=31 (full 0):
 par new generation   total 115200K, used 1337K [0x00000000f0000000, 0x00000000f7d00000, 0x00000000f7d00000)
  eden space 102400K,   0% used [0x00000000f0000000, 0x00000000f0000000, 0x00000000f6400000)
  from space 12800K,  10% used [0x00000000f7080000, 0x00000000f71ce440, 0x00000000f7d00000)
  to   space 12800K,   0% used [0x00000000f6400000, 0x00000000f6400000, 0x00000000f7080000)
 concurrent mark-sweep generation total 134144K, used 47455K [0x00000000f7d00000, 0x0000000100000000, 0x0000000100000000)
 Metaspace       used 53070K, capacity 56550K, committed 56832K, reserved 1099776K
  class space    used 6503K, capacity 7097K, committed 7168K, reserved 1048576K
}
{Heap before GC invocations=31 (full 0):
 par new generation   total 115200K, used 103737K [0x00000000f0000000, 0x00000000f7d00000, 0x00000000f7d00000)
  eden space 102400K, 100% used [0x00000000f0000000, 0x00000000f6400000, 0x00000000f6400000)
  from space 12800K,  10% used [0x00000000f7080000, 0x00000000f71ce440, 0x00000000f7d00000)
  to   space 12800K,   0% used [0x00000000f6400000, 0x00000000f6400000, 0x00000000f7080000)
 concurrent mark-sweep generation total 134144K, used 47455K [0x00000000f7d00000, 0x0000000100000000, 0x0000000100000000)
 Metaspace       used 53070K, capacity 56550K, committed 56832K, reserved 1099776K
  class space    used 6503K, capacity 7097K, committed 7168K, reserved 1048576K
2023-10-03T09:13:26.180+0800: 176.689: [GC (Allocation Failure) 2023-10-03T09:13:26.180+0800: 176.689: [ParNew: 103737K->1318K(115200K), 0.0061792 secs] 151192K->48775K(249344K), 0.0064173 secs] [Times: user=0.05 sys=0.00, real=0.01 secs] 
Heap after GC invocations=32 (full 0):
 par new generation   total 115200K, used 1318K [0x00000000f0000000, 0x00000000f7d00000, 0x00000000f7d00000)
  eden space 102400K,   0% used [0x00000000f0000000, 0x00000000f0000000, 0x00000000f6400000)
  from space 12800K,  10% used [0x00000000f6400000, 0x00000000f65499a0, 0x00000000f7080000)
  to   space 12800K,   0% used [0x00000000f7080000, 0x00000000f7080000, 0x00000000f7d00000)
 concurrent mark-sweep generation total 134144K, used 47456K [0x00000000f7d00000, 0x0000000100000000, 0x0000000100000000)
 Metaspace       used 53070K, capacity 56550K, committed 56832K, reserved 1099776K
  class space    used 6503K, capacity 7097K, committed 7168K, reserved 1048576K
}
{Heap before GC invocations=32 (full 0):
 par new generation   total 115200K, used 103718K [0x00000000f0000000, 0x00000000f7d00000, 0x00000000f7d00000)
  eden space 102400K, 100% used [0x00000000f0000000, 0x00000000f6400000, 0x00000000f6400000)
  from space 12800K,  10% used [0x00000000f6400000, 0x00000000f65499a0, 0x00000000f7080000)
  to   space 12800K,   0% used [0x00000000f7080000, 0x00000000f7080000, 0x00000000f7d00000)
 concurrent mark-sweep generation total 134144K, used 47456K [0x00000000f7d00000, 0x0000000100000000, 0x0000000100000000)
 Metaspace       used 53073K, capacity 56550K, committed 56832K, reserved 1099776K
  class space    used 6503K, capacity 7097K, committed 7168K, reserved 1048576K
2023-10-03T09:13:29.811+0800: 180.321: [GC (Allocation Failure) 2023-10-03T09:13:29.812+0800: 180.321: [ParNew: 103718K->1526K(115200K), 0.0061302 secs] 151175K->48984K(249344K), 0.0063888 secs] [Times: user=0.05 sys=0.00, real=0.01 secs] 
Heap after GC invocations=33 (full 0):
 par new generation   total 115200K, used 1526K [0x00000000f0000000, 0x00000000f7d00000, 0x00000000f7d00000)
  eden space 102400K,   0% used [0x00000000f0000000, 0x00000000f0000000, 0x00000000f6400000)
  from space 12800K,  11% used [0x00000000f7080000, 0x00000000f71fdaa0, 0x00000000f7d00000)
  to   space 12800K,   0% used [0x00000000f6400000, 0x00000000f6400000, 0x00000000f7080000)
 concurrent mark-sweep generation total 134144K, used 47457K [0x00000000f7d00000, 0x0000000100000000, 0x0000000100000000)
 Metaspace       used 53073K, capacity 56550K, committed 56832K, reserved 1099776K
  class space    used 6503K, capacity 7097K, committed 7168K, reserved 1048576K
}
{Heap before GC invocations=33 (full 0):
 par new generation   total 115200K, used 103926K [0x00000000f0000000, 0x00000000f7d00000, 0x00000000f7d00000)
  eden space 102400K, 100% used [0x00000000f0000000, 0x00000000f6400000, 0x00000000f6400000)
  from space 12800K,  11% used [0x00000000f7080000, 0x00000000f71fdaa0, 0x00000000f7d00000)
  to   space 12800K,   0% used [0x00000000f6400000, 0x00000000f6400000, 0x00000000f7080000)
 concurrent mark-sweep generation total 134144K, used 47457K [0x00000000f7d00000, 0x0000000100000000, 0x0000000100000000)
 Metaspace       used 53073K, capacity 56550K, committed 56832K, reserved 1099776K
  class space    used 6503K, capacity 7097K, committed 7168K, reserved 1048576K
2023-10-03T09:13:33.507+0800: 184.016: [GC (Allocation Failure) 2023-10-03T09:13:33.507+0800: 184.016: [ParNew: 103926K->1415K(115200K), 0.0055318 secs] 151384K->48874K(249344K), 0.0056989 secs] [Times: user=0.05 sys=0.00, real=0.01 secs] 
Heap after GC invocations=34 (full 0):
 par new generation   total 115200K, used 1415K [0x00000000f0000000, 0x00000000f7d00000, 0x00000000f7d00000)
  eden space 102400K,   0% used [0x00000000f0000000, 0x00000000f0000000, 0x00000000f6400000)
  from space 12800K,  11% used [0x00000000f6400000, 0x00000000f6561f20, 0x00000000f7080000)
  to   space 12800K,   0% used [0x00000000f7080000, 0x00000000f7080000, 0x00000000f7d00000)
 concurrent mark-sweep generation total 134144K, used 47458K [0x00000000f7d00000, 0x0000000100000000, 0x0000000100000000)
 Metaspace       used 53073K, capacity 56550K, committed 56832K, reserved 1099776K
  class space    used 6503K, capacity 7097K, committed 7168K, reserved 1048576K
}
{Heap before GC invocations=34 (full 0):
 par new generation   total 115200K, used 103815K [0x00000000f0000000, 0x00000000f7d00000, 0x00000000f7d00000)
  eden space 102400K, 100% used [0x00000000f0000000, 0x00000000f6400000, 0x00000000f6400000)
  from space 12800K,  11% used [0x00000000f6400000, 0x00000000f6561f20, 0x00000000f7080000)
  to   space 12800K,   0% used [0x00000000f7080000, 0x00000000f7080000, 0x00000000f7d00000)
 concurrent mark-sweep generation total 134144K, used 47458K [0x00000000f7d00000, 0x0000000100000000, 0x0000000100000000)
 Metaspace       used 53075K, capacity 56550K, committed 56832K, reserved 1099776K
  class space    used 6503K, capacity 7097K, committed 7168K, reserved 1048576K
2023-10-03T09:13:37.169+0800: 187.679: [GC (Allocation Failure) 2023-10-03T09:13:37.170+0800: 187.679: [ParNew: 103815K->1417K(115200K), 0.0055685 secs] 151274K->48881K(249344K), 0.0058604 secs] [Times: user=0.04 sys=0.00, real=0.01 secs] 
Heap after GC invocations=35 (full 0):
 par new generation   total 115200K, used 1417K [0x00000000f0000000, 0x00000000f7d00000, 0x00000000f7d00000)
  eden space 102400K,   0% used [0x00000000f0000000, 0x00000000f0000000, 0x00000000f6400000)
  from space 12800K,  11% used [0x00000000f7080000, 0x00000000f71e2670, 0x00000000f7d00000)
  to   space 12800K,   0% used [0x00000000f6400000, 0x00000000f6400000, 0x00000000f7080000)
 concurrent mark-sweep generation total 134144K, used 47464K [0x00000000f7d00000, 0x0000000100000000, 0x0000000100000000)
 Metaspace       used 53075K, capacity 56550K, committed 56832K, reserved 1099776K
  class space    used 6503K, capacity 7097K, committed 7168K, reserved 1048576K
}
{Heap before GC invocations=35 (full 0):
 par new generation   total 115200K, used 103817K [0x00000000f0000000, 0x00000000f7d00000, 0x00000000f7d00000)
  eden space 102400K, 100% used [0x00000000f0000000, 0x00000000f6400000, 0x00000000f6400000)
  from space 12800K,  11% used [0x00000000f7080000, 0x00000000f71e2670, 0x00000000f7d00000)
  to   space 12800K,   0% used [0x00000000f6400000, 0x00000000f6400000, 0x00000000f7080000)
 concurrent mark-sweep generation total 134144K, used 47464K [0x00000000f7d00000, 0x0000000100000000, 0x0000000100000000)
 Metaspace       used 53084K, capacity 56550K, committed 56832K, reserved 1099776K
  class space    used 6503K, capacity 7097K, committed 7168K, reserved 1048576K
2023-10-03T09:13:40.861+0800: 191.370: [GC (Allocation Failure) 2023-10-03T09:13:40.861+0800: 191.371: [ParNew: 103817K->1970K(115200K), 0.0060665 secs] 151281K->49439K(249344K), 0.0062388 secs] [Times: user=0.05 sys=0.00, real=0.01 secs] 
Heap after GC invocations=36 (full 0):
 par new generation   total 115200K, used 1970K [0x00000000f0000000, 0x00000000f7d00000, 0x00000000f7d00000)
  eden space 102400K,   0% used [0x00000000f0000000, 0x00000000f0000000, 0x00000000f6400000)
  from space 12800K,  15% used [0x00000000f6400000, 0x00000000f65ec9c0, 0x00000000f7080000)
  to   space 12800K,   0% used [0x00000000f7080000, 0x00000000f7080000, 0x00000000f7d00000)
 concurrent mark-sweep generation total 134144K, used 47469K [0x00000000f7d00000, 0x0000000100000000, 0x0000000100000000)
 Metaspace       used 53084K, capacity 56550K, committed 56832K, reserved 1099776K
  class space    used 6503K, capacity 7097K, committed 7168K, reserved 1048576K
}
{Heap before GC invocations=36 (full 0):
 par new generation   total 115200K, used 104370K [0x00000000f0000000, 0x00000000f7d00000, 0x00000000f7d00000)
  eden space 102400K, 100% used [0x00000000f0000000, 0x00000000f6400000, 0x00000000f6400000)
  from space 12800K,  15% used [0x00000000f6400000, 0x00000000f65ec9c0, 0x00000000f7080000)
  to   space 12800K,   0% used [0x00000000f7080000, 0x00000000f7080000, 0x00000000f7d00000)
 concurrent mark-sweep generation total 134144K, used 47469K [0x00000000f7d00000, 0x0000000100000000, 0x0000000100000000)
 Metaspace       used 53084K, capacity 56550K, committed 56832K, reserved 1099776K
  class space    used 6503K, capacity 7097K, committed 7168K, reserved 1048576K
2023-10-03T09:13:44.458+0800: 194.967: [GC (Allocation Failure) 2023-10-03T09:13:44.458+0800: 194.967: [ParNew: 104370K->1643K(115200K), 0.0064848 secs] 151839K->49113K(249344K), 0.0067389 secs] [Times: user=0.05 sys=0.00, real=0.01 secs] 
Heap after GC invocations=37 (full 0):
 par new generation   total 115200K, used 1643K [0x00000000f0000000, 0x00000000f7d00000, 0x00000000f7d00000)
  eden space 102400K,   0% used [0x00000000f0000000, 0x00000000f0000000, 0x00000000f6400000)
  from space 12800K,  12% used [0x00000000f7080000, 0x00000000f721adf0, 0x00000000f7d00000)
  to   space 12800K,   0% used [0x00000000f6400000, 0x00000000f6400000, 0x00000000f7080000)
 concurrent mark-sweep generation total 134144K, used 47470K [0x00000000f7d00000, 0x0000000100000000, 0x0000000100000000)
 Metaspace       used 53084K, capacity 56550K, committed 56832K, reserved 1099776K
  class space    used 6503K, capacity 7097K, committed 7168K, reserved 1048576K
}
{Heap before GC invocations=37 (full 0):
 par new generation   total 115200K, used 104043K [0x00000000f0000000, 0x00000000f7d00000, 0x00000000f7d00000)
  eden space 102400K, 100% used [0x00000000f0000000, 0x00000000f6400000, 0x00000000f6400000)
  from space 12800K,  12% used [0x00000000f7080000, 0x00000000f721adf0, 0x00000000f7d00000)
  to   space 12800K,   0% used [0x00000000f6400000, 0x00000000f6400000, 0x00000000f7080000)
 concurrent mark-sweep generation total 134144K, used 47470K [0x00000000f7d00000, 0x0000000100000000, 0x0000000100000000)
 Metaspace       used 53084K, capacity 56550K, committed 56832K, reserved 1099776K
  class space    used 6503K, capacity 7097K, committed 7168K, reserved 1048576K
2023-10-03T09:13:48.066+0800: 198.575: [GC (Allocation Failure) 2023-10-03T09:13:48.066+0800: 198.575: [ParNew: 104043K->1649K(115200K), 0.0063823 secs] 151513K->49120K(249344K), 0.0066705 secs] [Times: user=0.05 sys=0.00, real=0.01 secs] 
Heap after GC invocations=38 (full 0):
 par new generation   total 115200K, used 1649K [0x00000000f0000000, 0x00000000f7d00000, 0x00000000f7d00000)
  eden space 102400K,   0% used [0x00000000f0000000, 0x00000000f0000000, 0x00000000f6400000)
  from space 12800K,  12% used [0x00000000f6400000, 0x00000000f659c4b0, 0x00000000f7080000)
  to   space 12800K,   0% used [0x00000000f7080000, 0x00000000f7080000, 0x00000000f7d00000)
 concurrent mark-sweep generation total 134144K, used 47471K [0x00000000f7d00000, 0x0000000100000000, 0x0000000100000000)
 Metaspace       used 53084K, capacity 56550K, committed 56832K, reserved 1099776K
  class space    used 6503K, capacity 7097K, committed 7168K, reserved 1048576K
}
{Heap before GC invocations=38 (full 0):
 par new generation   total 115200K, used 104049K [0x00000000f0000000, 0x00000000f7d00000, 0x00000000f7d00000)
  eden space 102400K, 100% used [0x00000000f0000000, 0x00000000f6400000, 0x00000000f6400000)
  from space 12800K,  12% used [0x00000000f6400000, 0x00000000f659c4b0, 0x00000000f7080000)
  to   space 12800K,   0% used [0x00000000f7080000, 0x00000000f7080000, 0x00000000f7d00000)
 concurrent mark-sweep generation total 134144K, used 47471K [0x00000000f7d00000, 0x0000000100000000, 0x0000000100000000)
 Metaspace       used 53092K, capacity 56550K, committed 56832K, reserved 1099776K
  class space    used 6503K, capacity 7097K, committed 7168K, reserved 1048576K
2023-10-03T09:13:51.717+0800: 202.226: [GC (Allocation Failure) 2023-10-03T09:13:51.717+0800: 202.226: [ParNew: 104049K->1707K(115200K), 0.0065010 secs] 151520K->49185K(249344K), 0.0067915 secs] [Times: user=0.05 sys=0.00, real=0.01 secs] 
Heap after GC invocations=39 (full 0):
 par new generation   total 115200K, used 1707K [0x00000000f0000000, 0x00000000f7d00000, 0x00000000f7d00000)
  eden space 102400K,   0% used [0x00000000f0000000, 0x00000000f0000000, 0x00000000f6400000)
  from space 12800K,  13% used [0x00000000f7080000, 0x00000000f722ad10, 0x00000000f7d00000)
  to   space 12800K,   0% used [0x00000000f6400000, 0x00000000f6400000, 0x00000000f7080000)
 concurrent mark-sweep generation total 134144K, used 47478K [0x00000000f7d00000, 0x0000000100000000, 0x0000000100000000)
 Metaspace       used 53092K, capacity 56550K, committed 56832K, reserved 1099776K
  class space    used 6503K, capacity 7097K, committed 7168K, reserved 1048576K
}
{Heap before GC invocations=39 (full 0):
 par new generation   total 115200K, used 104107K [0x00000000f0000000, 0x00000000f7d00000, 0x00000000f7d00000)
  eden space 102400K, 100% used [0x00000000f0000000, 0x00000000f6400000, 0x00000000f6400000)
  from space 12800K,  13% used [0x00000000f7080000, 0x00000000f722ad10, 0x00000000f7d00000)
  to   space 12800K,   0% used [0x00000000f6400000, 0x00000000f6400000, 0x00000000f7080000)
 concurrent mark-sweep generation total 134144K, used 47478K [0x00000000f7d00000, 0x0000000100000000, 0x0000000100000000)
 Metaspace       used 53093K, capacity 56550K, committed 56832K, reserved 1099776K
  class space    used 6503K, capacity 7097K, committed 7168K, reserved 1048576K
2023-10-03T09:13:55.379+0800: 205.888: [GC (Allocation Failure) 2023-10-03T09:13:55.379+0800: 205.888: [ParNew: 104107K->1577K(115200K), 0.0065535 secs] 151585K->49056K(249344K), 0.0068084 secs] [Times: user=0.06 sys=0.01, real=0.01 secs] 
Heap after GC invocations=40 (full 0):
 par new generation   total 115200K, used 1577K [0x00000000f0000000, 0x00000000f7d00000, 0x00000000f7d00000)
  eden space 102400K,   0% used [0x00000000f0000000, 0x00000000f0000000, 0x00000000f6400000)
  from space 12800K,  12% used [0x00000000f6400000, 0x00000000f658a680, 0x00000000f7080000)
  to   space 12800K,   0% used [0x00000000f7080000, 0x00000000f7080000, 0x00000000f7d00000)
 concurrent mark-sweep generation total 134144K, used 47479K [0x00000000f7d00000, 0x0000000100000000, 0x0000000100000000)
 Metaspace       used 53093K, capacity 56550K, committed 56832K, reserved 1099776K
  class space    used 6503K, capacity 7097K, committed 7168K, reserved 1048576K
}
{Heap before GC invocations=40 (full 0):
 par new generation   total 115200K, used 103977K [0x00000000f0000000, 0x00000000f7d00000, 0x00000000f7d00000)
  eden space 102400K, 100% used [0x00000000f0000000, 0x00000000f6400000, 0x00000000f6400000)
  from space 12800K,  12% used [0x00000000f6400000, 0x00000000f658a680, 0x00000000f7080000)
  to   space 12800K,   0% used [0x00000000f7080000, 0x00000000f7080000, 0x00000000f7d00000)
 concurrent mark-sweep generation total 134144K, used 47479K [0x00000000f7d00000, 0x0000000100000000, 0x0000000100000000)
 Metaspace       used 53099K, capacity 56550K, committed 56832K, reserved 1099776K
  class space    used 6503K, capacity 7097K, committed 7168K, reserved 1048576K
2023-10-03T09:13:59.032+0800: 209.542: [GC (Allocation Failure) 2023-10-03T09:13:59.032+0800: 209.542: [ParNew: 103977K->1738K(115200K), 0.0063954 secs] 151456K->49218K(249344K), 0.0066285 secs] [Times: user=0.05 sys=0.00, real=0.00 secs] 
Heap after GC invocations=41 (full 0):
 par new generation   total 115200K, used 1738K [0x00000000f0000000, 0x00000000f7d00000, 0x00000000f7d00000)
  eden space 102400K,   0% used [0x00000000f0000000, 0x00000000f0000000, 0x00000000f6400000)
  from space 12800K,  13% used [0x00000000f7080000, 0x00000000f7232a98, 0x00000000f7d00000)
  to   space 12800K,   0% used [0x00000000f6400000, 0x00000000f6400000, 0x00000000f7080000)
 concurrent mark-sweep generation total 134144K, used 47480K [0x00000000f7d00000, 0x0000000100000000, 0x0000000100000000)
 Metaspace       used 53099K, capacity 56550K, committed 56832K, reserved 1099776K
  class space    used 6503K, capacity 7097K, committed 7168K, reserved 1048576K
}
{Heap before GC invocations=41 (full 0):
 par new generation   total 115200K, used 104138K [0x00000000f0000000, 0x00000000f7d00000, 0x00000000f7d00000)
  eden space 102400K, 100% used [0x00000000f0000000, 0x00000000f6400000, 0x00000000f6400000)
  from space 12800K,  13% used [0x00000000f7080000, 0x00000000f7232a98, 0x00000000f7d00000)
  to   space 12800K,   0% used [0x00000000f6400000, 0x00000000f6400000, 0x00000000f7080000)
 concurrent mark-sweep generation total 134144K, used 47480K [0x00000000f7d00000, 0x0000000100000000, 0x0000000100000000)
 Metaspace       used 53099K, capacity 56550K, committed 56832K, reserved 1099776K
  class space    used 6503K, capacity 7097K, committed 7168K, reserved 1048576K
2023-10-03T09:14:02.705+0800: 213.214: [GC (Allocation Failure) 2023-10-03T09:14:02.705+0800: 213.215: [ParNew: 104138K->1734K(115200K), 0.0077938 secs] 151618K->49460K(249344K), 0.0080483 secs] [Times: user=0.06 sys=0.01, real=0.01 secs] 
Heap after GC invocations=42 (full 0):
 par new generation   total 115200K, used 1734K [0x00000000f0000000, 0x00000000f7d00000, 0x00000000f7d00000)
  eden space 102400K,   0% used [0x00000000f0000000, 0x00000000f0000000, 0x00000000f6400000)
  from space 12800K,  13% used [0x00000000f6400000, 0x00000000f65b1988, 0x00000000f7080000)
  to   space 12800K,   0% used [0x00000000f7080000, 0x00000000f7080000, 0x00000000f7d00000)
 concurrent mark-sweep generation total 134144K, used 47726K [0x00000000f7d00000, 0x0000000100000000, 0x0000000100000000)
 Metaspace       used 53099K, capacity 56550K, committed 56832K, reserved 1099776K
  class space    used 6503K, capacity 7097K, committed 7168K, reserved 1048576K
}
{Heap before GC invocations=42 (full 0):
 par new generation   total 115200K, used 104134K [0x00000000f0000000, 0x00000000f7d00000, 0x00000000f7d00000)
  eden space 102400K, 100% used [0x00000000f0000000, 0x00000000f6400000, 0x00000000f6400000)
  from space 12800K,  13% used [0x00000000f6400000, 0x00000000f65b1988, 0x00000000f7080000)
  to   space 12800K,   0% used [0x00000000f7080000, 0x00000000f7080000, 0x00000000f7d00000)
 concurrent mark-sweep generation total 134144K, used 47726K [0x00000000f7d00000, 0x0000000100000000, 0x0000000100000000)
 Metaspace       used 53100K, capacity 56550K, committed 56832K, reserved 1099776K
  class space    used 6503K, capacity 7097K, committed 7168K, reserved 1048576K
2023-10-03T09:14:06.462+0800: 216.971: [GC (Allocation Failure) 2023-10-03T09:14:06.462+0800: 216.972: [ParNew: 104134K->1407K(115200K), 0.0030053 secs] 151860K->49139K(249344K), 0.0032043 secs] [Times: user=0.02 sys=0.00, real=0.00 secs] 
Heap after GC invocations=43 (full 0):
 par new generation   total 115200K, used 1407K [0x00000000f0000000, 0x00000000f7d00000, 0x00000000f7d00000)
  eden space 102400K,   0% used [0x00000000f0000000, 0x00000000f0000000, 0x00000000f6400000)
  from space 12800K,  10% used [0x00000000f7080000, 0x00000000f71dfd20, 0x00000000f7d00000)
  to   space 12800K,   0% used [0x00000000f6400000, 0x00000000f6400000, 0x00000000f7080000)
 concurrent mark-sweep generation total 134144K, used 47732K [0x00000000f7d00000, 0x0000000100000000, 0x0000000100000000)
 Metaspace       used 53100K, capacity 56550K, committed 56832K, reserved 1099776K
  class space    used 6503K, capacity 7097K, committed 7168K, reserved 1048576K
}
{Heap before GC invocations=43 (full 0):
 par new generation   total 115200K, used 103807K [0x00000000f0000000, 0x00000000f7d00000, 0x00000000f7d00000)
  eden space 102400K, 100% used [0x00000000f0000000, 0x00000000f6400000, 0x00000000f6400000)
  from space 12800K,  10% used [0x00000000f7080000, 0x00000000f71dfd20, 0x00000000f7d00000)
  to   space 12800K,   0% used [0x00000000f6400000, 0x00000000f6400000, 0x00000000f7080000)
 concurrent mark-sweep generation total 134144K, used 47732K [0x00000000f7d00000, 0x0000000100000000, 0x0000000100000000)
 Metaspace       used 53101K, capacity 56550K, committed 56832K, reserved 1099776K
  class space    used 6503K, capacity 7097K, committed 7168K, reserved 1048576K
2023-10-03T09:14:10.079+0800: 220.588: [GC (Allocation Failure) 2023-10-03T09:14:10.079+0800: 220.589: [ParNew: 103807K->1771K(115200K), 0.0072650 secs] 151539K->49525K(249344K), 0.0076077 secs] [Times: user=0.07 sys=0.00, real=0.01 secs] 
Heap after GC invocations=44 (full 0):
 par new generation   total 115200K, used 1771K [0x00000000f0000000, 0x00000000f7d00000, 0x00000000f7d00000)
  eden space 102400K,   0% used [0x00000000f0000000, 0x00000000f0000000, 0x00000000f6400000)
  from space 12800K,  13% used [0x00000000f6400000, 0x00000000f65bac00, 0x00000000f7080000)
  to   space 12800K,   0% used [0x00000000f7080000, 0x00000000f7080000, 0x00000000f7d00000)
 concurrent mark-sweep generation total 134144K, used 47754K [0x00000000f7d00000, 0x0000000100000000, 0x0000000100000000)
 Metaspace       used 53101K, capacity 56550K, committed 56832K, reserved 1099776K
  class space    used 6503K, capacity 7097K, committed 7168K, reserved 1048576K
}
{Heap before GC invocations=44 (full 0):
 par new generation   total 115200K, used 104171K [0x00000000f0000000, 0x00000000f7d00000, 0x00000000f7d00000)
  eden space 102400K, 100% used [0x00000000f0000000, 0x00000000f6400000, 0x00000000f6400000)
  from space 12800K,  13% used [0x00000000f6400000, 0x00000000f65bac00, 0x00000000f7080000)
  to   space 12800K,   0% used [0x00000000f7080000, 0x00000000f7080000, 0x00000000f7d00000)
 concurrent mark-sweep generation total 134144K, used 47754K [0x00000000f7d00000, 0x0000000100000000, 0x0000000100000000)
 Metaspace       used 53103K, capacity 56550K, committed 56832K, reserved 1099776K
  class space    used 6503K, capacity 7097K, committed 7168K, reserved 1048576K
2023-10-03T09:14:13.682+0800: 224.191: [GC (Allocation Failure) 2023-10-03T09:14:13.682+0800: 224.191: [ParNew: 104171K->1400K(115200K), 0.0057375 secs] 151925K->49162K(249344K), 0.0060167 secs] [Times: user=0.05 sys=0.01, real=0.01 secs] 
Heap after GC invocations=45 (full 0):
 par new generation   total 115200K, used 1400K [0x00000000f0000000, 0x00000000f7d00000, 0x00000000f7d00000)
  eden space 102400K,   0% used [0x00000000f0000000, 0x00000000f0000000, 0x00000000f6400000)
  from space 12800K,  10% used [0x00000000f7080000, 0x00000000f71de3b8, 0x00000000f7d00000)
  to   space 12800K,   0% used [0x00000000f6400000, 0x00000000f6400000, 0x00000000f7080000)
 concurrent mark-sweep generation total 134144K, used 47761K [0x00000000f7d00000, 0x0000000100000000, 0x0000000100000000)
 Metaspace       used 53103K, capacity 56550K, committed 56832K, reserved 1099776K
  class space    used 6503K, capacity 7097K, committed 7168K, reserved 1048576K
}
{Heap before GC invocations=45 (full 0):
 par new generation   total 115200K, used 103800K [0x00000000f0000000, 0x00000000f7d00000, 0x00000000f7d00000)
  eden space 102400K, 100% used [0x00000000f0000000, 0x00000000f6400000, 0x00000000f6400000)
  from space 12800K,  10% used [0x00000000f7080000, 0x00000000f71de3b8, 0x00000000f7d00000)
  to   space 12800K,   0% used [0x00000000f6400000, 0x00000000f6400000, 0x00000000f7080000)
 concurrent mark-sweep generation total 134144K, used 47761K [0x00000000f7d00000, 0x0000000100000000, 0x0000000100000000)
 Metaspace       used 53105K, capacity 56550K, committed 56832K, reserved 1099776K
  class space    used 6503K, capacity 7097K, committed 7168K, reserved 1048576K
2023-10-03T09:14:17.286+0800: 227.795: [GC (Allocation Failure) 2023-10-03T09:14:17.286+0800: 227.795: [ParNew: 103800K->1777K(115200K), 0.0058875 secs] 151562K->49539K(249344K), 0.0061772 secs] [Times: user=0.05 sys=0.00, real=0.00 secs] 
Heap after GC invocations=46 (full 0):
 par new generation   total 115200K, used 1777K [0x00000000f0000000, 0x00000000f7d00000, 0x00000000f7d00000)
  eden space 102400K,   0% used [0x00000000f0000000, 0x00000000f0000000, 0x00000000f6400000)
  from space 12800K,  13% used [0x00000000f6400000, 0x00000000f65bc590, 0x00000000f7080000)
  to   space 12800K,   0% used [0x00000000f7080000, 0x00000000f7080000, 0x00000000f7d00000)
 concurrent mark-sweep generation total 134144K, used 47761K [0x00000000f7d00000, 0x0000000100000000, 0x0000000100000000)
 Metaspace       used 53105K, capacity 56550K, committed 56832K, reserved 1099776K
  class space    used 6503K, capacity 7097K, committed 7168K, reserved 1048576K
}
{Heap before GC invocations=46 (full 0):
 par new generation   total 115200K, used 104177K [0x00000000f0000000, 0x00000000f7d00000, 0x00000000f7d00000)
  eden space 102400K, 100% used [0x00000000f0000000, 0x00000000f6400000, 0x00000000f6400000)
  from space 12800K,  13% used [0x00000000f6400000, 0x00000000f65bc590, 0x00000000f7080000)
  to   space 12800K,   0% used [0x00000000f7080000, 0x00000000f7080000, 0x00000000f7d00000)
 concurrent mark-sweep generation total 134144K, used 47761K [0x00000000f7d00000, 0x0000000100000000, 0x0000000100000000)
 Metaspace       used 53109K, capacity 56614K, committed 56832K, reserved 1099776K
  class space    used 6503K, capacity 7097K, committed 7168K, reserved 1048576K
2023-10-03T09:14:20.958+0800: 231.467: [GC (Allocation Failure) 2023-10-03T09:14:20.958+0800: 231.467: [ParNew: 104177K->1312K(115200K), 0.0062443 secs] 151939K->49075K(249344K), 0.0065244 secs] [Times: user=0.06 sys=0.00, real=0.01 secs] 
Heap after GC invocations=47 (full 0):
 par new generation   total 115200K, used 1312K [0x00000000f0000000, 0x00000000f7d00000, 0x00000000f7d00000)
  eden space 102400K,   0% used [0x00000000f0000000, 0x00000000f0000000, 0x00000000f6400000)
  from space 12800K,  10% used [0x00000000f7080000, 0x00000000f71c80e0, 0x00000000f7d00000)
  to   space 12800K,   0% used [0x00000000f6400000, 0x00000000f6400000, 0x00000000f7080000)
 concurrent mark-sweep generation total 134144K, used 47762K [0x00000000f7d00000, 0x0000000100000000, 0x0000000100000000)
 Metaspace       used 53109K, capacity 56614K, committed 56832K, reserved 1099776K
  class space    used 6503K, capacity 7097K, committed 7168K, reserved 1048576K
}
{Heap before GC invocations=47 (full 0):
 par new generation   total 115200K, used 103712K [0x00000000f0000000, 0x00000000f7d00000, 0x00000000f7d00000)
  eden space 102400K, 100% used [0x00000000f0000000, 0x00000000f6400000, 0x00000000f6400000)
  from space 12800K,  10% used [0x00000000f7080000, 0x00000000f71c80e0, 0x00000000f7d00000)
  to   space 12800K,   0% used [0x00000000f6400000, 0x00000000f6400000, 0x00000000f7080000)
 concurrent mark-sweep generation total 134144K, used 47762K [0x00000000f7d00000, 0x0000000100000000, 0x0000000100000000)
 Metaspace       used 53110K, capacity 56614K, committed 56832K, reserved 1099776K
  class space    used 6503K, capacity 7097K, committed 7168K, reserved 1048576K
2023-10-03T09:14:24.619+0800: 235.128: [GC (Allocation Failure) 2023-10-03T09:14:24.619+0800: 235.129: [ParNew: 103712K->1325K(115200K), 0.0057392 secs] 151475K->49089K(249344K), 0.0060193 secs] [Times: user=0.05 sys=0.00, real=0.01 secs] 
Heap after GC invocations=48 (full 0):
 par new generation   total 115200K, used 1325K [0x00000000f0000000, 0x00000000f7d00000, 0x00000000f7d00000)
  eden space 102400K,   0% used [0x00000000f0000000, 0x00000000f0000000, 0x00000000f6400000)
  from space 12800K,  10% used [0x00000000f6400000, 0x00000000f654b4a0, 0x00000000f7080000)
  to   space 12800K,   0% used [0x00000000f7080000, 0x00000000f7080000, 0x00000000f7d00000)
 concurrent mark-sweep generation total 134144K, used 47764K [0x00000000f7d00000, 0x0000000100000000, 0x0000000100000000)
 Metaspace       used 53110K, capacity 56614K, committed 56832K, reserved 1099776K
  class space    used 6503K, capacity 7097K, committed 7168K, reserved 1048576K
}
{Heap before GC invocations=48 (full 0):
 par new generation   total 115200K, used 103725K [0x00000000f0000000, 0x00000000f7d00000, 0x00000000f7d00000)
  eden space 102400K, 100% used [0x00000000f0000000, 0x00000000f6400000, 0x00000000f6400000)
  from space 12800K,  10% used [0x00000000f6400000, 0x00000000f654b4a0, 0x00000000f7080000)
  to   space 12800K,   0% used [0x00000000f7080000, 0x00000000f7080000, 0x00000000f7d00000)
 concurrent mark-sweep generation total 134144K, used 47764K [0x00000000f7d00000, 0x0000000100000000, 0x0000000100000000)
 Metaspace       used 53129K, capacity 56650K, committed 56832K, reserved 1099776K
  class space    used 6506K, capacity 7103K, committed 7168K, reserved 1048576K
2023-10-03T09:14:28.335+0800: 238.844: [GC (Allocation Failure) 2023-10-03T09:14:28.335+0800: 238.844: [ParNew: 103725K->1571K(115200K), 0.0056392 secs] 151489K->49339K(249344K), 0.0058265 secs] [Times: user=0.06 sys=0.00, real=0.00 secs] 
Heap after GC invocations=49 (full 0):
 par new generation   total 115200K, used 1571K [0x00000000f0000000, 0x00000000f7d00000, 0x00000000f7d00000)
  eden space 102400K,   0% used [0x00000000f0000000, 0x00000000f0000000, 0x00000000f6400000)
  from space 12800K,  12% used [0x00000000f7080000, 0x00000000f7208d20, 0x00000000f7d00000)
  to   space 12800K,   0% used [0x00000000f6400000, 0x00000000f6400000, 0x00000000f7080000)
 concurrent mark-sweep generation total 134144K, used 47767K [0x00000000f7d00000, 0x0000000100000000, 0x0000000100000000)
 Metaspace       used 53129K, capacity 56650K, committed 56832K, reserved 1099776K
  class space    used 6506K, capacity 7103K, committed 7168K, reserved 1048576K
}
{Heap before GC invocations=49 (full 0):
 par new generation   total 115200K, used 103971K [0x00000000f0000000, 0x00000000f7d00000, 0x00000000f7d00000)
  eden space 102400K, 100% used [0x00000000f0000000, 0x00000000f6400000, 0x00000000f6400000)
  from space 12800K,  12% used [0x00000000f7080000, 0x00000000f7208d20, 0x00000000f7d00000)
  to   space 12800K,   0% used [0x00000000f6400000, 0x00000000f6400000, 0x00000000f7080000)
 concurrent mark-sweep generation total 134144K, used 47767K [0x00000000f7d00000, 0x0000000100000000, 0x0000000100000000)
 Metaspace       used 53131K, capacity 56650K, committed 56832K, reserved 1099776K
  class space    used 6506K, capacity 7103K, committed 7168K, reserved 1048576K
2023-10-03T09:14:32.657+0800: 243.167: [GC (Allocation Failure) 2023-10-03T09:14:32.658+0800: 243.167: [ParNew: 103971K->3716K(115200K), 0.0058763 secs] 151739K->51486K(249344K), 0.0060691 secs] [Times: user=0.06 sys=0.00, real=0.01 secs] 
Heap after GC invocations=50 (full 0):
 par new generation   total 115200K, used 3716K [0x00000000f0000000, 0x00000000f7d00000, 0x00000000f7d00000)
  eden space 102400K,   0% used [0x00000000f0000000, 0x00000000f0000000, 0x00000000f6400000)
  from space 12800K,  29% used [0x00000000f6400000, 0x00000000f67a1280, 0x00000000f7080000)
  to   space 12800K,   0% used [0x00000000f7080000, 0x00000000f7080000, 0x00000000f7d00000)
 concurrent mark-sweep generation total 134144K, used 47770K [0x00000000f7d00000, 0x0000000100000000, 0x0000000100000000)
 Metaspace       used 53131K, capacity 56650K, committed 56832K, reserved 1099776K
  class space    used 6506K, capacity 7103K, committed 7168K, reserved 1048576K
}
{Heap before GC invocations=50 (full 0):
 par new generation   total 115200K, used 106116K [0x00000000f0000000, 0x00000000f7d00000, 0x00000000f7d00000)
  eden space 102400K, 100% used [0x00000000f0000000, 0x00000000f6400000, 0x00000000f6400000)
  from space 12800K,  29% used [0x00000000f6400000, 0x00000000f67a1280, 0x00000000f7080000)
  to   space 12800K,   0% used [0x00000000f7080000, 0x00000000f7080000, 0x00000000f7d00000)
 concurrent mark-sweep generation total 134144K, used 47770K [0x00000000f7d00000, 0x0000000100000000, 0x0000000100000000)
 Metaspace       used 53131K, capacity 56650K, committed 56832K, reserved 1099776K
  class space    used 6506K, capacity 7103K, committed 7168K, reserved 1048576K
2023-10-03T09:14:36.249+0800: 246.758: [GC (Allocation Failure) 2023-10-03T09:14:36.249+0800: 246.758: [ParNew: 106116K->3913K(115200K), 0.0064331 secs] 153886K->51690K(249344K), 0.0066846 secs] [Times: user=0.06 sys=0.00, real=0.01 secs] 
Heap after GC invocations=51 (full 0):
 par new generation   total 115200K, used 3913K [0x00000000f0000000, 0x00000000f7d00000, 0x00000000f7d00000)
  eden space 102400K,   0% used [0x00000000f0000000, 0x00000000f0000000, 0x00000000f6400000)
  from space 12800K,  30% used [0x00000000f7080000, 0x00000000f7452480, 0x00000000f7d00000)
  to   space 12800K,   0% used [0x00000000f6400000, 0x00000000f6400000, 0x00000000f7080000)
 concurrent mark-sweep generation total 134144K, used 47777K [0x00000000f7d00000, 0x0000000100000000, 0x0000000100000000)
 Metaspace       used 53131K, capacity 56650K, committed 56832K, reserved 1099776K
  class space    used 6506K, capacity 7103K, committed 7168K, reserved 1048576K
}
{Heap before GC invocations=51 (full 0):
 par new generation   total 115200K, used 106313K [0x00000000f0000000, 0x00000000f7d00000, 0x00000000f7d00000)
  eden space 102400K, 100% used [0x00000000f0000000, 0x00000000f6400000, 0x00000000f6400000)
  from space 12800K,  30% used [0x00000000f7080000, 0x00000000f7452480, 0x00000000f7d00000)
  to   space 12800K,   0% used [0x00000000f6400000, 0x00000000f6400000, 0x00000000f7080000)
 concurrent mark-sweep generation total 134144K, used 47777K [0x00000000f7d00000, 0x0000000100000000, 0x0000000100000000)
 Metaspace       used 53132K, capacity 56650K, committed 56832K, reserved 1099776K
  class space    used 6506K, capacity 7103K, committed 7168K, reserved 1048576K
2023-10-03T09:14:39.890+0800: 250.400: [GC (Allocation Failure) 2023-10-03T09:14:39.891+0800: 250.400: [ParNew: 106313K->4474K(115200K), 0.0071229 secs] 154090K->52255K(249344K), 0.0073963 secs] [Times: user=0.06 sys=0.00, real=0.01 secs] 
Heap after GC invocations=52 (full 0):
 par new generation   total 115200K, used 4474K [0x00000000f0000000, 0x00000000f7d00000, 0x00000000f7d00000)
  eden space 102400K,   0% used [0x00000000f0000000, 0x00000000f0000000, 0x00000000f6400000)
  from space 12800K,  34% used [0x00000000f6400000, 0x00000000f685e868, 0x00000000f7080000)
  to   space 12800K,   0% used [0x00000000f7080000, 0x00000000f7080000, 0x00000000f7d00000)
 concurrent mark-sweep generation total 134144K, used 47781K [0x00000000f7d00000, 0x0000000100000000, 0x0000000100000000)
 Metaspace       used 53132K, capacity 56650K, committed 56832K, reserved 1099776K
  class space    used 6506K, capacity 7103K, committed 7168K, reserved 1048576K
}
{Heap before GC invocations=52 (full 0):
 par new generation   total 115200K, used 106874K [0x00000000f0000000, 0x00000000f7d00000, 0x00000000f7d00000)
  eden space 102400K, 100% used [0x00000000f0000000, 0x00000000f6400000, 0x00000000f6400000)
  from space 12800K,  34% used [0x00000000f6400000, 0x00000000f685e868, 0x00000000f7080000)
  to   space 12800K,   0% used [0x00000000f7080000, 0x00000000f7080000, 0x00000000f7d00000)
 concurrent mark-sweep generation total 134144K, used 47781K [0x00000000f7d00000, 0x0000000100000000, 0x0000000100000000)
 Metaspace       used 53134K, capacity 56650K, committed 56832K, reserved 1099776K
  class space    used 6506K, capacity 7103K, committed 7168K, reserved 1048576K
2023-10-03T09:14:43.504+0800: 254.013: [GC (Allocation Failure) 2023-10-03T09:14:43.504+0800: 254.013: [ParNew: 106874K->4000K(115200K), 0.0068811 secs] 154655K->51783K(249344K), 0.0071729 secs] [Times: user=0.06 sys=0.00, real=0.00 secs] 
Heap after GC invocations=53 (full 0):
 par new generation   total 115200K, used 4000K [0x00000000f0000000, 0x00000000f7d00000, 0x00000000f7d00000)
  eden space 102400K,   0% used [0x00000000f0000000, 0x00000000f0000000, 0x00000000f6400000)
  from space 12800K,  31% used [0x00000000f7080000, 0x00000000f7468160, 0x00000000f7d00000)
  to   space 12800K,   0% used [0x00000000f6400000, 0x00000000f6400000, 0x00000000f7080000)
 concurrent mark-sweep generation total 134144K, used 47782K [0x00000000f7d00000, 0x0000000100000000, 0x0000000100000000)
 Metaspace       used 53134K, capacity 56650K, committed 56832K, reserved 1099776K
  class space    used 6506K, capacity 7103K, committed 7168K, reserved 1048576K
}
{Heap before GC invocations=53 (full 0):
 par new generation   total 115200K, used 106400K [0x00000000f0000000, 0x00000000f7d00000, 0x00000000f7d00000)
  eden space 102400K, 100% used [0x00000000f0000000, 0x00000000f6400000, 0x00000000f6400000)
  from space 12800K,  31% used [0x00000000f7080000, 0x00000000f7468160, 0x00000000f7d00000)
  to   space 12800K,   0% used [0x00000000f6400000, 0x00000000f6400000, 0x00000000f7080000)
 concurrent mark-sweep generation total 134144K, used 47782K [0x00000000f7d00000, 0x0000000100000000, 0x0000000100000000)
 Metaspace       used 53134K, capacity 56650K, committed 56832K, reserved 1099776K
  class space    used 6506K, capacity 7103K, committed 7168K, reserved 1048576K
2023-10-03T09:14:47.149+0800: 257.658: [GC (Allocation Failure) 2023-10-03T09:14:47.149+0800: 257.658: [ParNew: 106400K->3715K(115200K), 0.0061277 secs] 154183K->51499K(249344K), 0.0063152 secs] [Times: user=0.05 sys=0.01, real=0.01 secs] 
Heap after GC invocations=54 (full 0):
 par new generation   total 115200K, used 3715K [0x00000000f0000000, 0x00000000f7d00000, 0x00000000f7d00000)
  eden space 102400K,   0% used [0x00000000f0000000, 0x00000000f0000000, 0x00000000f6400000)
  from space 12800K,  29% used [0x00000000f6400000, 0x00000000f67a0c80, 0x00000000f7080000)
  to   space 12800K,   0% used [0x00000000f7080000, 0x00000000f7080000, 0x00000000f7d00000)
 concurrent mark-sweep generation total 134144K, used 47784K [0x00000000f7d00000, 0x0000000100000000, 0x0000000100000000)
 Metaspace       used 53134K, capacity 56650K, committed 56832K, reserved 1099776K
  class space    used 6506K, capacity 7103K, committed 7168K, reserved 1048576K
}
{Heap before GC invocations=54 (full 0):
 par new generation   total 115200K, used 106115K [0x00000000f0000000, 0x00000000f7d00000, 0x00000000f7d00000)
  eden space 102400K, 100% used [0x00000000f0000000, 0x00000000f6400000, 0x00000000f6400000)
  from space 12800K,  29% used [0x00000000f6400000, 0x00000000f67a0c80, 0x00000000f7080000)
  to   space 12800K,   0% used [0x00000000f7080000, 0x00000000f7080000, 0x00000000f7d00000)
 concurrent mark-sweep generation total 134144K, used 47784K [0x00000000f7d00000, 0x0000000100000000, 0x0000000100000000)
 Metaspace       used 53135K, capacity 56650K, committed 56832K, reserved 1099776K
  class space    used 6506K, capacity 7103K, committed 7168K, reserved 1048576K
2023-10-03T09:14:50.792+0800: 261.301: [GC (Allocation Failure) 2023-10-03T09:14:50.792+0800: 261.301: [ParNew: 106115K->4390K(115200K), 0.0059986 secs] 153899K->52184K(249344K), 0.0062383 secs] [Times: user=0.05 sys=0.00, real=0.01 secs] 
Heap after GC invocations=55 (full 0):
 par new generation   total 115200K, used 4390K [0x00000000f0000000, 0x00000000f7d00000, 0x00000000f7d00000)
  eden space 102400K,   0% used [0x00000000f0000000, 0x00000000f0000000, 0x00000000f6400000)
  from space 12800K,  34% used [0x00000000f7080000, 0x00000000f74c9b00, 0x00000000f7d00000)
  to   space 12800K,   0% used [0x00000000f6400000, 0x00000000f6400000, 0x00000000f7080000)
 concurrent mark-sweep generation total 134144K, used 47793K [0x00000000f7d00000, 0x0000000100000000, 0x0000000100000000)
 Metaspace       used 53135K, capacity 56650K, committed 56832K, reserved 1099776K
  class space    used 6506K, capacity 7103K, committed 7168K, reserved 1048576K
}
{Heap before GC invocations=55 (full 0):
 par new generation   total 115200K, used 106790K [0x00000000f0000000, 0x00000000f7d00000, 0x00000000f7d00000)
  eden space 102400K, 100% used [0x00000000f0000000, 0x00000000f6400000, 0x00000000f6400000)
  from space 12800K,  34% used [0x00000000f7080000, 0x00000000f74c9b00, 0x00000000f7d00000)
  to   space 12800K,   0% used [0x00000000f6400000, 0x00000000f6400000, 0x00000000f7080000)
 concurrent mark-sweep generation total 134144K, used 47793K [0x00000000f7d00000, 0x0000000100000000, 0x0000000100000000)
 Metaspace       used 53136K, capacity 56654K, committed 56832K, reserved 1099776K
  class space    used 6506K, capacity 7103K, committed 7168K, reserved 1048576K
2023-10-03T09:14:54.390+0800: 264.899: [GC (Allocation Failure) 2023-10-03T09:14:54.390+0800: 264.899: [ParNew: 106790K->3150K(115200K), 0.0101853 secs] 154584K->52969K(249344K), 0.0104544 secs] [Times: user=0.08 sys=0.00, real=0.01 secs] 
Heap after GC invocations=56 (full 0):
 par new generation   total 115200K, used 3150K [0x00000000f0000000, 0x00000000f7d00000, 0x00000000f7d00000)
  eden space 102400K,   0% used [0x00000000f0000000, 0x00000000f0000000, 0x00000000f6400000)
  from space 12800K,  24% used [0x00000000f6400000, 0x00000000f6713a80, 0x00000000f7080000)
  to   space 12800K,   0% used [0x00000000f7080000, 0x00000000f7080000, 0x00000000f7d00000)
 concurrent mark-sweep generation total 134144K, used 49818K [0x00000000f7d00000, 0x0000000100000000, 0x0000000100000000)
 Metaspace       used 53136K, capacity 56654K, committed 56832K, reserved 1099776K
  class space    used 6506K, capacity 7103K, committed 7168K, reserved 1048576K
}
{Heap before GC invocations=56 (full 0):
 par new generation   total 115200K, used 105550K [0x00000000f0000000, 0x00000000f7d00000, 0x00000000f7d00000)
  eden space 102400K, 100% used [0x00000000f0000000, 0x00000000f6400000, 0x00000000f6400000)
  from space 12800K,  24% used [0x00000000f6400000, 0x00000000f6713a80, 0x00000000f7080000)
  to   space 12800K,   0% used [0x00000000f7080000, 0x00000000f7080000, 0x00000000f7d00000)
 concurrent mark-sweep generation total 134144K, used 49818K [0x00000000f7d00000, 0x0000000100000000, 0x0000000100000000)
 Metaspace       used 53137K, capacity 56654K, committed 56832K, reserved 1099776K
  class space    used 6506K, capacity 7103K, committed 7168K, reserved 1048576K
2023-10-03T09:14:57.979+0800: 268.488: [GC (Allocation Failure) 2023-10-03T09:14:57.979+0800: 268.489: [ParNew: 105550K->1400K(115200K), 0.0054412 secs] 155369K->51237K(249344K), 0.0056369 secs] [Times: user=0.05 sys=0.00, real=0.01 secs] 
Heap after GC invocations=57 (full 0):
 par new generation   total 115200K, used 1400K [0x00000000f0000000, 0x00000000f7d00000, 0x00000000f7d00000)
  eden space 102400K,   0% used [0x00000000f0000000, 0x00000000f0000000, 0x00000000f6400000)
  from space 12800K,  10% used [0x00000000f7080000, 0x00000000f71de298, 0x00000000f7d00000)
  to   space 12800K,   0% used [0x00000000f6400000, 0x00000000f6400000, 0x00000000f7080000)
 concurrent mark-sweep generation total 134144K, used 49836K [0x00000000f7d00000, 0x0000000100000000, 0x0000000100000000)
 Metaspace       used 53137K, capacity 56654K, committed 56832K, reserved 1099776K
  class space    used 6506K, capacity 7103K, committed 7168K, reserved 1048576K
}
{Heap before GC invocations=57 (full 0):
 par new generation   total 115200K, used 103800K [0x00000000f0000000, 0x00000000f7d00000, 0x00000000f7d00000)
  eden space 102400K, 100% used [0x00000000f0000000, 0x00000000f6400000, 0x00000000f6400000)
  from space 12800K,  10% used [0x00000000f7080000, 0x00000000f71de298, 0x00000000f7d00000)
  to   space 12800K,   0% used [0x00000000f6400000, 0x00000000f6400000, 0x00000000f7080000)
 concurrent mark-sweep generation total 134144K, used 49836K [0x00000000f7d00000, 0x0000000100000000, 0x0000000100000000)
 Metaspace       used 53138K, capacity 56654K, committed 56832K, reserved 1099776K
  class space    used 6506K, capacity 7103K, committed 7168K, reserved 1048576K
2023-10-03T09:15:01.598+0800: 272.107: [GC (Allocation Failure) 2023-10-03T09:15:01.598+0800: 272.107: [ParNew: 103800K->1395K(115200K), 0.0057289 secs] 153637K->51232K(249344K), 0.0059845 secs] [Times: user=0.05 sys=0.00, real=0.01 secs] 
Heap after GC invocations=58 (full 0):
 par new generation   total 115200K, used 1395K [0x00000000f0000000, 0x00000000f7d00000, 0x00000000f7d00000)
  eden space 102400K,   0% used [0x00000000f0000000, 0x00000000f0000000, 0x00000000f6400000)
  from space 12800K,  10% used [0x00000000f6400000, 0x00000000f655cea0, 0x00000000f7080000)
  to   space 12800K,   0% used [0x00000000f7080000, 0x00000000f7080000, 0x00000000f7d00000)
 concurrent mark-sweep generation total 134144K, used 49836K [0x00000000f7d00000, 0x0000000100000000, 0x0000000100000000)
 Metaspace       used 53138K, capacity 56654K, committed 56832K, reserved 1099776K
  class space    used 6506K, capacity 7103K, committed 7168K, reserved 1048576K
}
{Heap before GC invocations=58 (full 0):
 par new generation   total 115200K, used 103795K [0x00000000f0000000, 0x00000000f7d00000, 0x00000000f7d00000)
  eden space 102400K, 100% used [0x00000000f0000000, 0x00000000f6400000, 0x00000000f6400000)
  from space 12800K,  10% used [0x00000000f6400000, 0x00000000f655cea0, 0x00000000f7080000)
  to   space 12800K,   0% used [0x00000000f7080000, 0x00000000f7080000, 0x00000000f7d00000)
 concurrent mark-sweep generation total 134144K, used 49836K [0x00000000f7d00000, 0x0000000100000000, 0x0000000100000000)
 Metaspace       used 53138K, capacity 56654K, committed 56832K, reserved 1099776K
  class space    used 6506K, capacity 7103K, committed 7168K, reserved 1048576K
2023-10-03T09:15:05.229+0800: 275.739: [GC (Allocation Failure) 2023-10-03T09:15:05.230+0800: 275.739: [ParNew: 103795K->1489K(115200K), 0.0063019 secs] 153632K->51330K(249344K), 0.0065487 secs] [Times: user=0.05 sys=0.01, real=0.01 secs] 
Heap after GC invocations=59 (full 0):
 par new generation   total 115200K, used 1489K [0x00000000f0000000, 0x00000000f7d00000, 0x00000000f7d00000)
  eden space 102400K,   0% used [0x00000000f0000000, 0x00000000f0000000, 0x00000000f6400000)
  from space 12800K,  11% used [0x00000000f7080000, 0x00000000f71f47b0, 0x00000000f7d00000)
  to   space 12800K,   0% used [0x00000000f6400000, 0x00000000f6400000, 0x00000000f7080000)
 concurrent mark-sweep generation total 134144K, used 49840K [0x00000000f7d00000, 0x0000000100000000, 0x0000000100000000)
 Metaspace       used 53138K, capacity 56654K, committed 56832K, reserved 1099776K
  class space    used 6506K, capacity 7103K, committed 7168K, reserved 1048576K
}
{Heap before GC invocations=59 (full 0):
 par new generation   total 115200K, used 103889K [0x00000000f0000000, 0x00000000f7d00000, 0x00000000f7d00000)
  eden space 102400K, 100% used [0x00000000f0000000, 0x00000000f6400000, 0x00000000f6400000)
  from space 12800K,  11% used [0x00000000f7080000, 0x00000000f71f47b0, 0x00000000f7d00000)
  to   space 12800K,   0% used [0x00000000f6400000, 0x00000000f6400000, 0x00000000f7080000)
 concurrent mark-sweep generation total 134144K, used 49840K [0x00000000f7d00000, 0x0000000100000000, 0x0000000100000000)
 Metaspace       used 53138K, capacity 56654K, committed 56832K, reserved 1099776K
  class space    used 6506K, capacity 7103K, committed 7168K, reserved 1048576K
2023-10-03T09:15:08.870+0800: 279.380: [GC (Allocation Failure) 2023-10-03T09:15:08.871+0800: 279.380: [ParNew: 103889K->1374K(115200K), 0.0062674 secs] 153730K->51270K(249344K), 0.0065360 secs] [Times: user=0.05 sys=0.00, real=0.01 secs] 
Heap after GC invocations=60 (full 0):
 par new generation   total 115200K, used 1374K [0x00000000f0000000, 0x00000000f7d00000, 0x00000000f7d00000)
  eden space 102400K,   0% used [0x00000000f0000000, 0x00000000f0000000, 0x00000000f6400000)
  from space 12800K,  10% used [0x00000000f6400000, 0x00000000f65578c0, 0x00000000f7080000)
  to   space 12800K,   0% used [0x00000000f7080000, 0x00000000f7080000, 0x00000000f7d00000)
 concurrent mark-sweep generation total 134144K, used 49896K [0x00000000f7d00000, 0x0000000100000000, 0x0000000100000000)
 Metaspace       used 53138K, capacity 56654K, committed 56832K, reserved 1099776K
  class space    used 6506K, capacity 7103K, committed 7168K, reserved 1048576K
}
{Heap before GC invocations=60 (full 0):
 par new generation   total 115200K, used 103774K [0x00000000f0000000, 0x00000000f7d00000, 0x00000000f7d00000)
  eden space 102400K, 100% used [0x00000000f0000000, 0x00000000f6400000, 0x00000000f6400000)
  from space 12800K,  10% used [0x00000000f6400000, 0x00000000f65578c0, 0x00000000f7080000)
  to   space 12800K,   0% used [0x00000000f7080000, 0x00000000f7080000, 0x00000000f7d00000)
 concurrent mark-sweep generation total 134144K, used 49896K [0x00000000f7d00000, 0x0000000100000000, 0x0000000100000000)
 Metaspace       used 53138K, capacity 56654K, committed 56832K, reserved 1099776K
  class space    used 6506K, capacity 7103K, committed 7168K, reserved 1048576K
2023-10-03T09:15:12.515+0800: 283.024: [GC (Allocation Failure) 2023-10-03T09:15:12.515+0800: 283.024: [ParNew: 103774K->1441K(115200K), 0.0056688 secs] 153670K->51338K(249344K), 0.0058870 secs] [Times: user=0.05 sys=0.00, real=0.00 secs] 
Heap after GC invocations=61 (full 0):
 par new generation   total 115200K, used 1441K [0x00000000f0000000, 0x00000000f7d00000, 0x00000000f7d00000)
  eden space 102400K,   0% used [0x00000000f0000000, 0x00000000f0000000, 0x00000000f6400000)
  from space 12800K,  11% used [0x00000000f7080000, 0x00000000f71e8518, 0x00000000f7d00000)
  to   space 12800K,   0% used [0x00000000f6400000, 0x00000000f6400000, 0x00000000f7080000)
 concurrent mark-sweep generation total 134144K, used 49897K [0x00000000f7d00000, 0x0000000100000000, 0x0000000100000000)
 Metaspace       used 53138K, capacity 56654K, committed 56832K, reserved 1099776K
  class space    used 6506K, capacity 7103K, committed 7168K, reserved 1048576K
}
{Heap before GC invocations=61 (full 0):
 par new generation   total 115200K, used 103841K [0x00000000f0000000, 0x00000000f7d00000, 0x00000000f7d00000)
  eden space 102400K, 100% used [0x00000000f0000000, 0x00000000f6400000, 0x00000000f6400000)
  from space 12800K,  11% used [0x00000000f7080000, 0x00000000f71e8518, 0x00000000f7d00000)
  to   space 12800K,   0% used [0x00000000f6400000, 0x00000000f6400000, 0x00000000f7080000)
 concurrent mark-sweep generation total 134144K, used 49897K [0x00000000f7d00000, 0x0000000100000000, 0x0000000100000000)
 Metaspace       used 53146K, capacity 56654K, committed 56832K, reserved 1099776K
  class space    used 6506K, capacity 7103K, committed 7168K, reserved 1048576K
2023-10-03T09:15:16.081+0800: 286.590: [GC (Allocation Failure) 2023-10-03T09:15:16.081+0800: 286.590: [ParNew: 103841K->1434K(115200K), 0.0057726 secs] 153738K->51332K(249344K), 0.0059716 secs] [Times: user=0.05 sys=0.00, real=0.01 secs] 
Heap after GC invocations=62 (full 0):
 par new generation   total 115200K, used 1434K [0x00000000f0000000, 0x00000000f7d00000, 0x00000000f7d00000)
  eden space 102400K,   0% used [0x00000000f0000000, 0x00000000f0000000, 0x00000000f6400000)
  from space 12800K,  11% used [0x00000000f6400000, 0x00000000f6566b80, 0x00000000f7080000)
  to   space 12800K,   0% used [0x00000000f7080000, 0x00000000f7080000, 0x00000000f7d00000)
 concurrent mark-sweep generation total 134144K, used 49897K [0x00000000f7d00000, 0x0000000100000000, 0x0000000100000000)
 Metaspace       used 53146K, capacity 56654K, committed 56832K, reserved 1099776K
  class space    used 6506K, capacity 7103K, committed 7168K, reserved 1048576K
}
{Heap before GC invocations=62 (full 0):
 par new generation   total 115200K, used 103834K [0x00000000f0000000, 0x00000000f7d00000, 0x00000000f7d00000)
  eden space 102400K, 100% used [0x00000000f0000000, 0x00000000f6400000, 0x00000000f6400000)
  from space 12800K,  11% used [0x00000000f6400000, 0x00000000f6566b80, 0x00000000f7080000)
  to   space 12800K,   0% used [0x00000000f7080000, 0x00000000f7080000, 0x00000000f7d00000)
 concurrent mark-sweep generation total 134144K, used 49897K [0x00000000f7d00000, 0x0000000100000000, 0x0000000100000000)
 Metaspace       used 53147K, capacity 56654K, committed 56832K, reserved 1099776K
  class space    used 6506K, capacity 7103K, committed 7168K, reserved 1048576K
2023-10-03T09:15:19.699+0800: 290.208: [GC (Allocation Failure) 2023-10-03T09:15:19.699+0800: 290.209: [ParNew: 103834K->1428K(115200K), 0.0056621 secs] 153732K->51328K(249344K), 0.0059112 secs] [Times: user=0.05 sys=0.00, real=0.01 secs] 
Heap after GC invocations=63 (full 0):
 par new generation   total 115200K, used 1428K [0x00000000f0000000, 0x00000000f7d00000, 0x00000000f7d00000)
  eden space 102400K,   0% used [0x00000000f0000000, 0x00000000f0000000, 0x00000000f6400000)
  from space 12800K,  11% used [0x00000000f7080000, 0x00000000f71e5320, 0x00000000f7d00000)
  to   space 12800K,   0% used [0x00000000f6400000, 0x00000000f6400000, 0x00000000f7080000)
 concurrent mark-sweep generation total 134144K, used 49899K [0x00000000f7d00000, 0x0000000100000000, 0x0000000100000000)
 Metaspace       used 53147K, capacity 56654K, committed 56832K, reserved 1099776K
  class space    used 6506K, capacity 7103K, committed 7168K, reserved 1048576K
}
{Heap before GC invocations=63 (full 0):
 par new generation   total 115200K, used 103828K [0x00000000f0000000, 0x00000000f7d00000, 0x00000000f7d00000)
  eden space 102400K, 100% used [0x00000000f0000000, 0x00000000f6400000, 0x00000000f6400000)
  from space 12800K,  11% used [0x00000000f7080000, 0x00000000f71e5320, 0x00000000f7d00000)
  to   space 12800K,   0% used [0x00000000f6400000, 0x00000000f6400000, 0x00000000f7080000)
 concurrent mark-sweep generation total 134144K, used 49899K [0x00000000f7d00000, 0x0000000100000000, 0x0000000100000000)
 Metaspace       used 53147K, capacity 56654K, committed 56832K, reserved 1099776K
  class space    used 6506K, capacity 7103K, committed 7168K, reserved 1048576K
2023-10-03T09:15:23.314+0800: 293.823: [GC (Allocation Failure) 2023-10-03T09:15:23.314+0800: 293.823: [ParNew: 103828K->1525K(115200K), 0.0055519 secs] 153728K->51425K(249344K), 0.0057210 secs] [Times: user=0.05 sys=0.00, real=0.00 secs] 
Heap after GC invocations=64 (full 0):
 par new generation   total 115200K, used 1525K [0x00000000f0000000, 0x00000000f7d00000, 0x00000000f7d00000)
  eden space 102400K,   0% used [0x00000000f0000000, 0x00000000f0000000, 0x00000000f6400000)
  from space 12800K,  11% used [0x00000000f6400000, 0x00000000f657d5d0, 0x00000000f7080000)
  to   space 12800K,   0% used [0x00000000f7080000, 0x00000000f7080000, 0x00000000f7d00000)
 concurrent mark-sweep generation total 134144K, used 49900K [0x00000000f7d00000, 0x0000000100000000, 0x0000000100000000)
 Metaspace       used 53147K, capacity 56654K, committed 56832K, reserved 1099776K
  class space    used 6506K, capacity 7103K, committed 7168K, reserved 1048576K
}
{Heap before GC invocations=64 (full 0):
 par new generation   total 115200K, used 103925K [0x00000000f0000000, 0x00000000f7d00000, 0x00000000f7d00000)
  eden space 102400K, 100% used [0x00000000f0000000, 0x00000000f6400000, 0x00000000f6400000)
  from space 12800K,  11% used [0x00000000f6400000, 0x00000000f657d5d0, 0x00000000f7080000)
  to   space 12800K,   0% used [0x00000000f7080000, 0x00000000f7080000, 0x00000000f7d00000)
 concurrent mark-sweep generation total 134144K, used 49900K [0x00000000f7d00000, 0x0000000100000000, 0x0000000100000000)
 Metaspace       used 53147K, capacity 56654K, committed 56832K, reserved 1099776K
  class space    used 6506K, capacity 7103K, committed 7168K, reserved 1048576K
2023-10-03T09:15:26.946+0800: 297.455: [GC (Allocation Failure) 2023-10-03T09:15:26.946+0800: 297.455: [ParNew: 103925K->1422K(115200K), 0.0062769 secs] 153825K->51322K(249344K), 0.0065135 secs] [Times: user=0.04 sys=0.01, real=0.01 secs] 
Heap after GC invocations=65 (full 0):
 par new generation   total 115200K, used 1422K [0x00000000f0000000, 0x00000000f7d00000, 0x00000000f7d00000)
  eden space 102400K,   0% used [0x00000000f0000000, 0x00000000f0000000, 0x00000000f6400000)
  from space 12800K,  11% used [0x00000000f7080000, 0x00000000f71e3920, 0x00000000f7d00000)
  to   space 12800K,   0% used [0x00000000f6400000, 0x00000000f6400000, 0x00000000f7080000)
 concurrent mark-sweep generation total 134144K, used 49900K [0x00000000f7d00000, 0x0000000100000000, 0x0000000100000000)
 Metaspace       used 53147K, capacity 56654K, committed 56832K, reserved 1099776K
  class space    used 6506K, capacity 7103K, committed 7168K, reserved 1048576K
}
{Heap before GC invocations=65 (full 0):
 par new generation   total 115200K, used 103822K [0x00000000f0000000, 0x00000000f7d00000, 0x00000000f7d00000)
  eden space 102400K, 100% used [0x00000000f0000000, 0x00000000f6400000, 0x00000000f6400000)
  from space 12800K,  11% used [0x00000000f7080000, 0x00000000f71e3920, 0x00000000f7d00000)
  to   space 12800K,   0% used [0x00000000f6400000, 0x00000000f6400000, 0x00000000f7080000)
 concurrent mark-sweep generation total 134144K, used 49900K [0x00000000f7d00000, 0x0000000100000000, 0x0000000100000000)
 Metaspace       used 53153K, capacity 56654K, committed 56832K, reserved 1099776K
  class space    used 6506K, capacity 7103K, committed 7168K, reserved 1048576K
2023-10-03T09:15:30.557+0800: 301.066: [GC (Allocation Failure) 2023-10-03T09:15:30.557+0800: 301.066: [ParNew: 103822K->1432K(115200K), 0.0058984 secs] 153722K->51334K(249344K), 0.0061347 secs] [Times: user=0.05 sys=0.00, real=0.01 secs] 
Heap after GC invocations=66 (full 0):
 par new generation   total 115200K, used 1432K [0x00000000f0000000, 0x00000000f7d00000, 0x00000000f7d00000)
  eden space 102400K,   0% used [0x00000000f0000000, 0x00000000f0000000, 0x00000000f6400000)
  from space 12800K,  11% used [0x00000000f6400000, 0x00000000f65663c8, 0x00000000f7080000)
  to   space 12800K,   0% used [0x00000000f7080000, 0x00000000f7080000, 0x00000000f7d00000)
 concurrent mark-sweep generation total 134144K, used 49901K [0x00000000f7d00000, 0x0000000100000000, 0x0000000100000000)
 Metaspace       used 53153K, capacity 56654K, committed 56832K, reserved 1099776K
  class space    used 6506K, capacity 7103K, committed 7168K, reserved 1048576K
}
{Heap before GC invocations=66 (full 0):
 par new generation   total 115200K, used 103832K [0x00000000f0000000, 0x00000000f7d00000, 0x00000000f7d00000)
  eden space 102400K, 100% used [0x00000000f0000000, 0x00000000f6400000, 0x00000000f6400000)
  from space 12800K,  11% used [0x00000000f6400000, 0x00000000f65663c8, 0x00000000f7080000)
  to   space 12800K,   0% used [0x00000000f7080000, 0x00000000f7080000, 0x00000000f7d00000)
 concurrent mark-sweep generation total 134144K, used 49901K [0x00000000f7d00000, 0x0000000100000000, 0x0000000100000000)
 Metaspace       used 53155K, capacity 56654K, committed 56832K, reserved 1099776K
  class space    used 6506K, capacity 7103K, committed 7168K, reserved 1048576K
2023-10-03T09:15:34.206+0800: 304.715: [GC (Allocation Failure) 2023-10-03T09:15:34.206+0800: 304.715: [ParNew: 103832K->1541K(115200K), 0.0058479 secs] 153734K->51446K(249344K), 0.0061088 secs] [Times: user=0.05 sys=0.01, real=0.01 secs] 
Heap after GC invocations=67 (full 0):
 par new generation   total 115200K, used 1541K [0x00000000f0000000, 0x00000000f7d00000, 0x00000000f7d00000)
  eden space 102400K,   0% used [0x00000000f0000000, 0x00000000f0000000, 0x00000000f6400000)
  from space 12800K,  12% used [0x00000000f7080000, 0x00000000f7201770, 0x00000000f7d00000)
  to   space 12800K,   0% used [0x00000000f6400000, 0x00000000f6400000, 0x00000000f7080000)
 concurrent mark-sweep generation total 134144K, used 49904K [0x00000000f7d00000, 0x0000000100000000, 0x0000000100000000)
 Metaspace       used 53155K, capacity 56654K, committed 56832K, reserved 1099776K
  class space    used 6506K, capacity 7103K, committed 7168K, reserved 1048576K
}
{Heap before GC invocations=67 (full 0):
 par new generation   total 115200K, used 103941K [0x00000000f0000000, 0x00000000f7d00000, 0x00000000f7d00000)
  eden space 102400K, 100% used [0x00000000f0000000, 0x00000000f6400000, 0x00000000f6400000)
  from space 12800K,  12% used [0x00000000f7080000, 0x00000000f7201770, 0x00000000f7d00000)
  to   space 12800K,   0% used [0x00000000f6400000, 0x00000000f6400000, 0x00000000f7080000)
 concurrent mark-sweep generation total 134144K, used 49904K [0x00000000f7d00000, 0x0000000100000000, 0x0000000100000000)
 Metaspace       used 53157K, capacity 56654K, committed 56832K, reserved 1099776K
  class space    used 6506K, capacity 7103K, committed 7168K, reserved 1048576K
2023-10-03T09:15:37.806+0800: 308.315: [GC (Allocation Failure) 2023-10-03T09:15:37.806+0800: 308.316: [ParNew: 103941K->1441K(115200K), 0.0056985 secs] 153846K->51351K(249344K), 0.0059221 secs] [Times: user=0.05 sys=0.01, real=0.01 secs] 
Heap after GC invocations=68 (full 0):
 par new generation   total 115200K, used 1441K [0x00000000f0000000, 0x00000000f7d00000, 0x00000000f7d00000)
  eden space 102400K,   0% used [0x00000000f0000000, 0x00000000f0000000, 0x00000000f6400000)
  from space 12800K,  11% used [0x00000000f6400000, 0x00000000f65685e8, 0x00000000f7080000)
  to   space 12800K,   0% used [0x00000000f7080000, 0x00000000f7080000, 0x00000000f7d00000)
 concurrent mark-sweep generation total 134144K, used 49909K [0x00000000f7d00000, 0x0000000100000000, 0x0000000100000000)
 Metaspace       used 53157K, capacity 56654K, committed 56832K, reserved 1099776K
  class space    used 6506K, capacity 7103K, committed 7168K, reserved 1048576K
}
{Heap before GC invocations=68 (full 0):
 par new generation   total 115200K, used 103841K [0x00000000f0000000, 0x00000000f7d00000, 0x00000000f7d00000)
  eden space 102400K, 100% used [0x00000000f0000000, 0x00000000f6400000, 0x00000000f6400000)
  from space 12800K,  11% used [0x00000000f6400000, 0x00000000f65685e8, 0x00000000f7080000)
  to   space 12800K,   0% used [0x00000000f7080000, 0x00000000f7080000, 0x00000000f7d00000)
 concurrent mark-sweep generation total 134144K, used 49909K [0x00000000f7d00000, 0x0000000100000000, 0x0000000100000000)
 Metaspace       used 53157K, capacity 56654K, committed 56832K, reserved 1099776K
  class space    used 6506K, capacity 7103K, committed 7168K, reserved 1048576K
2023-10-03T09:15:41.421+0800: 311.931: [GC (Allocation Failure) 2023-10-03T09:15:41.422+0800: 311.931: [ParNew: 103841K->1440K(115200K), 0.0056694 secs] 153751K->51351K(249344K), 0.0059256 secs] [Times: user=0.05 sys=0.00, real=0.01 secs] 
Heap after GC invocations=69 (full 0):
 par new generation   total 115200K, used 1440K [0x00000000f0000000, 0x00000000f7d00000, 0x00000000f7d00000)
  eden space 102400K,   0% used [0x00000000f0000000, 0x00000000f0000000, 0x00000000f6400000)
  from space 12800K,  11% used [0x00000000f7080000, 0x00000000f71e8170, 0x00000000f7d00000)
  to   space 12800K,   0% used [0x00000000f6400000, 0x00000000f6400000, 0x00000000f7080000)
 concurrent mark-sweep generation total 134144K, used 49911K [0x00000000f7d00000, 0x0000000100000000, 0x0000000100000000)
 Metaspace       used 53157K, capacity 56654K, committed 56832K, reserved 1099776K
  class space    used 6506K, capacity 7103K, committed 7168K, reserved 1048576K
}
{Heap before GC invocations=69 (full 0):
 par new generation   total 115200K, used 103840K [0x00000000f0000000, 0x00000000f7d00000, 0x00000000f7d00000)
  eden space 102400K, 100% used [0x00000000f0000000, 0x00000000f6400000, 0x00000000f6400000)
  from space 12800K,  11% used [0x00000000f7080000, 0x00000000f71e8170, 0x00000000f7d00000)
  to   space 12800K,   0% used [0x00000000f6400000, 0x00000000f6400000, 0x00000000f7080000)
 concurrent mark-sweep generation total 134144K, used 49911K [0x00000000f7d00000, 0x0000000100000000, 0x0000000100000000)
 Metaspace       used 53161K, capacity 56654K, committed 56832K, reserved 1099776K
  class space    used 6506K, capacity 7103K, committed 7168K, reserved 1048576K
2023-10-03T09:15:44.996+0800: 315.505: [GC (Allocation Failure) 2023-10-03T09:15:44.996+0800: 315.506: [ParNew: 103840K->1363K(115200K), 0.0057078 secs] 153751K->51279K(249344K), 0.0058760 secs] [Times: user=0.05 sys=0.01, real=0.01 secs] 
Heap after GC invocations=70 (full 0):
 par new generation   total 115200K, used 1363K [0x00000000f0000000, 0x00000000f7d00000, 0x00000000f7d00000)
  eden space 102400K,   0% used [0x00000000f0000000, 0x00000000f0000000, 0x00000000f6400000)
  from space 12800K,  10% used [0x00000000f6400000, 0x00000000f6554f80, 0x00000000f7080000)
  to   space 12800K,   0% used [0x00000000f7080000, 0x00000000f7080000, 0x00000000f7d00000)
 concurrent mark-sweep generation total 134144K, used 49915K [0x00000000f7d00000, 0x0000000100000000, 0x0000000100000000)
 Metaspace       used 53161K, capacity 56654K, committed 56832K, reserved 1099776K
  class space    used 6506K, capacity 7103K, committed 7168K, reserved 1048576K
}
{Heap before GC invocations=70 (full 0):
 par new generation   total 115200K, used 103763K [0x00000000f0000000, 0x00000000f7d00000, 0x00000000f7d00000)
  eden space 102400K, 100% used [0x00000000f0000000, 0x00000000f6400000, 0x00000000f6400000)
  from space 12800K,  10% used [0x00000000f6400000, 0x00000000f6554f80, 0x00000000f7080000)
  to   space 12800K,   0% used [0x00000000f7080000, 0x00000000f7080000, 0x00000000f7d00000)
 concurrent mark-sweep generation total 134144K, used 49915K [0x00000000f7d00000, 0x0000000100000000, 0x0000000100000000)
 Metaspace       used 53161K, capacity 56654K, committed 56832K, reserved 1099776K
  class space    used 6506K, capacity 7103K, committed 7168K, reserved 1048576K
2023-10-03T09:15:48.606+0800: 319.115: [GC (Allocation Failure) 2023-10-03T09:15:48.606+0800: 319.115: [ParNew: 103763K->2167K(115200K), 0.0058096 secs] 153679K->52083K(249344K), 0.0060004 secs] [Times: user=0.05 sys=0.01, real=0.01 secs] 
Heap after GC invocations=71 (full 0):
 par new generation   total 115200K, used 2167K [0x00000000f0000000, 0x00000000f7d00000, 0x00000000f7d00000)
  eden space 102400K,   0% used [0x00000000f0000000, 0x00000000f0000000, 0x00000000f6400000)
  from space 12800K,  16% used [0x00000000f7080000, 0x00000000f729ddf0, 0x00000000f7d00000)
  to   space 12800K,   0% used [0x00000000f6400000, 0x00000000f6400000, 0x00000000f7080000)
 concurrent mark-sweep generation total 134144K, used 49915K [0x00000000f7d00000, 0x0000000100000000, 0x0000000100000000)
 Metaspace       used 53161K, capacity 56654K, committed 56832K, reserved 1099776K
  class space    used 6506K, capacity 7103K, committed 7168K, reserved 1048576K
}
{Heap before GC invocations=71 (full 0):
 par new generation   total 115200K, used 104567K [0x00000000f0000000, 0x00000000f7d00000, 0x00000000f7d00000)
  eden space 102400K, 100% used [0x00000000f0000000, 0x00000000f6400000, 0x00000000f6400000)
  from space 12800K,  16% used [0x00000000f7080000, 0x00000000f729ddf0, 0x00000000f7d00000)
  to   space 12800K,   0% used [0x00000000f6400000, 0x00000000f6400000, 0x00000000f7080000)
 concurrent mark-sweep generation total 134144K, used 49915K [0x00000000f7d00000, 0x0000000100000000, 0x0000000100000000)
 Metaspace       used 53161K, capacity 56654K, committed 56832K, reserved 1099776K
  class space    used 6506K, capacity 7103K, committed 7168K, reserved 1048576K
2023-10-03T09:15:52.430+0800: 322.939: [GC (Allocation Failure) 2023-10-03T09:15:52.430+0800: 322.939: [ParNew: 104567K->2085K(115200K), 0.0031143 secs] 154483K->52003K(249344K), 0.0033211 secs] [Times: user=0.02 sys=0.00, real=0.01 secs] 
Heap after GC invocations=72 (full 0):
 par new generation   total 115200K, used 2085K [0x00000000f0000000, 0x00000000f7d00000, 0x00000000f7d00000)
  eden space 102400K,   0% used [0x00000000f0000000, 0x00000000f0000000, 0x00000000f6400000)
  from space 12800K,  16% used [0x00000000f6400000, 0x00000000f6609568, 0x00000000f7080000)
  to   space 12800K,   0% used [0x00000000f7080000, 0x00000000f7080000, 0x00000000f7d00000)
 concurrent mark-sweep generation total 134144K, used 49918K [0x00000000f7d00000, 0x0000000100000000, 0x0000000100000000)
 Metaspace       used 53161K, capacity 56654K, committed 56832K, reserved 1099776K
  class space    used 6506K, capacity 7103K, committed 7168K, reserved 1048576K
}
{Heap before GC invocations=72 (full 0):
 par new generation   total 115200K, used 104485K [0x00000000f0000000, 0x00000000f7d00000, 0x00000000f7d00000)
  eden space 102400K, 100% used [0x00000000f0000000, 0x00000000f6400000, 0x00000000f6400000)
  from space 12800K,  16% used [0x00000000f6400000, 0x00000000f6609568, 0x00000000f7080000)
  to   space 12800K,   0% used [0x00000000f7080000, 0x00000000f7080000, 0x00000000f7d00000)
 concurrent mark-sweep generation total 134144K, used 49918K [0x00000000f7d00000, 0x0000000100000000, 0x0000000100000000)
 Metaspace       used 53161K, capacity 56654K, committed 56832K, reserved 1099776K
  class space    used 6506K, capacity 7103K, committed 7168K, reserved 1048576K
2023-10-03T09:15:56.035+0800: 326.544: [GC (Allocation Failure) 2023-10-03T09:15:56.035+0800: 326.544: [ParNew: 104485K->1803K(115200K), 0.0062748 secs] 154403K->51724K(249344K), 0.0065353 secs] [Times: user=0.06 sys=0.00, real=0.00 secs] 
Heap after GC invocations=73 (full 0):
 par new generation   total 115200K, used 1803K [0x00000000f0000000, 0x00000000f7d00000, 0x00000000f7d00000)
  eden space 102400K,   0% used [0x00000000f0000000, 0x00000000f0000000, 0x00000000f6400000)
  from space 12800K,  14% used [0x00000000f7080000, 0x00000000f7242cc0, 0x00000000f7d00000)
  to   space 12800K,   0% used [0x00000000f6400000, 0x00000000f6400000, 0x00000000f7080000)
 concurrent mark-sweep generation total 134144K, used 49921K [0x00000000f7d00000, 0x0000000100000000, 0x0000000100000000)
 Metaspace       used 53161K, capacity 56654K, committed 56832K, reserved 1099776K
  class space    used 6506K, capacity 7103K, committed 7168K, reserved 1048576K
}
{Heap before GC invocations=73 (full 0):
 par new generation   total 115200K, used 104203K [0x00000000f0000000, 0x00000000f7d00000, 0x00000000f7d00000)
  eden space 102400K, 100% used [0x00000000f0000000, 0x00000000f6400000, 0x00000000f6400000)
  from space 12800K,  14% used [0x00000000f7080000, 0x00000000f7242cc0, 0x00000000f7d00000)
  to   space 12800K,   0% used [0x00000000f6400000, 0x00000000f6400000, 0x00000000f7080000)
 concurrent mark-sweep generation total 134144K, used 49921K [0x00000000f7d00000, 0x0000000100000000, 0x0000000100000000)
 Metaspace       used 53162K, capacity 56654K, committed 56832K, reserved 1099776K
  class space    used 6506K, capacity 7103K, committed 7168K, reserved 1048576K
2023-10-03T09:15:59.607+0800: 330.116: [GC (Allocation Failure) 2023-10-03T09:15:59.607+0800: 330.116: [ParNew: 104203K->1799K(115200K), 0.0067776 secs] 154124K->51720K(249344K), 0.0070388 secs] [Times: user=0.06 sys=0.00, real=0.01 secs] 
Heap after GC invocations=74 (full 0):
 par new generation   total 115200K, used 1799K [0x00000000f0000000, 0x00000000f7d00000, 0x00000000f7d00000)
  eden space 102400K,   0% used [0x00000000f0000000, 0x00000000f0000000, 0x00000000f6400000)
  from space 12800K,  14% used [0x00000000f6400000, 0x00000000f65c1d60, 0x00000000f7080000)
  to   space 12800K,   0% used [0x00000000f7080000, 0x00000000f7080000, 0x00000000f7d00000)
 concurrent mark-sweep generation total 134144K, used 49921K [0x00000000f7d00000, 0x0000000100000000, 0x0000000100000000)
 Metaspace       used 53162K, capacity 56654K, committed 56832K, reserved 1099776K
  class space    used 6506K, capacity 7103K, committed 7168K, reserved 1048576K
}
{Heap before GC invocations=74 (full 0):
 par new generation   total 115200K, used 104199K [0x00000000f0000000, 0x00000000f7d00000, 0x00000000f7d00000)
  eden space 102400K, 100% used [0x00000000f0000000, 0x00000000f6400000, 0x00000000f6400000)
  from space 12800K,  14% used [0x00000000f6400000, 0x00000000f65c1d60, 0x00000000f7080000)
  to   space 12800K,   0% used [0x00000000f7080000, 0x00000000f7080000, 0x00000000f7d00000)
 concurrent mark-sweep generation total 134144K, used 49921K [0x00000000f7d00000, 0x0000000100000000, 0x0000000100000000)
 Metaspace       used 53162K, capacity 56654K, committed 56832K, reserved 1099776K
  class space    used 6506K, capacity 7103K, committed 7168K, reserved 1048576K
2023-10-03T09:16:03.236+0800: 333.745: [GC (Allocation Failure) 2023-10-03T09:16:03.236+0800: 333.745: [ParNew: 104199K->1798K(115200K), 0.0058906 secs] 154120K->51778K(249344K), 0.0060531 secs] [Times: user=0.05 sys=0.00, real=0.00 secs] 
Heap after GC invocations=75 (full 0):
 par new generation   total 115200K, used 1798K [0x00000000f0000000, 0x00000000f7d00000, 0x00000000f7d00000)
  eden space 102400K,   0% used [0x00000000f0000000, 0x00000000f0000000, 0x00000000f6400000)
  from space 12800K,  14% used [0x00000000f7080000, 0x00000000f7241820, 0x00000000f7d00000)
  to   space 12800K,   0% used [0x00000000f6400000, 0x00000000f6400000, 0x00000000f7080000)
 concurrent mark-sweep generation total 134144K, used 49980K [0x00000000f7d00000, 0x0000000100000000, 0x0000000100000000)
 Metaspace       used 53162K, capacity 56654K, committed 56832K, reserved 1099776K
  class space    used 6506K, capacity 7103K, committed 7168K, reserved 1048576K
}
{Heap before GC invocations=75 (full 0):
 par new generation   total 115200K, used 104198K [0x00000000f0000000, 0x00000000f7d00000, 0x00000000f7d00000)
  eden space 102400K, 100% used [0x00000000f0000000, 0x00000000f6400000, 0x00000000f6400000)
  from space 12800K,  14% used [0x00000000f7080000, 0x00000000f7241820, 0x00000000f7d00000)
  to   space 12800K,   0% used [0x00000000f6400000, 0x00000000f6400000, 0x00000000f7080000)
 concurrent mark-sweep generation total 134144K, used 49980K [0x00000000f7d00000, 0x0000000100000000, 0x0000000100000000)
 Metaspace       used 53162K, capacity 56654K, committed 56832K, reserved 1099776K
  class space    used 6506K, capacity 7103K, committed 7168K, reserved 1048576K
2023-10-03T09:16:06.876+0800: 337.385: [GC (Allocation Failure) 2023-10-03T09:16:06.876+0800: 337.385: [ParNew: 104198K->1756K(115200K), 0.0066568 secs] 154178K->51738K(249344K), 0.0068959 secs] [Times: user=0.05 sys=0.01, real=0.01 secs] 
Heap after GC invocations=76 (full 0):
 par new generation   total 115200K, used 1756K [0x00000000f0000000, 0x00000000f7d00000, 0x00000000f7d00000)
  eden space 102400K,   0% used [0x00000000f0000000, 0x00000000f0000000, 0x00000000f6400000)
  from space 12800K,  13% used [0x00000000f6400000, 0x00000000f65b73e0, 0x00000000f7080000)
  to   space 12800K,   0% used [0x00000000f7080000, 0x00000000f7080000, 0x00000000f7d00000)
 concurrent mark-sweep generation total 134144K, used 49981K [0x00000000f7d00000, 0x0000000100000000, 0x0000000100000000)
 Metaspace       used 53162K, capacity 56654K, committed 56832K, reserved 1099776K
  class space    used 6506K, capacity 7103K, committed 7168K, reserved 1048576K
}
{Heap before GC invocations=76 (full 0):
 par new generation   total 115200K, used 104156K [0x00000000f0000000, 0x00000000f7d00000, 0x00000000f7d00000)
  eden space 102400K, 100% used [0x00000000f0000000, 0x00000000f6400000, 0x00000000f6400000)
  from space 12800K,  13% used [0x00000000f6400000, 0x00000000f65b73e0, 0x00000000f7080000)
  to   space 12800K,   0% used [0x00000000f7080000, 0x00000000f7080000, 0x00000000f7d00000)
 concurrent mark-sweep generation total 134144K, used 49981K [0x00000000f7d00000, 0x0000000100000000, 0x0000000100000000)
 Metaspace       used 53162K, capacity 56654K, committed 56832K, reserved 1099776K
  class space    used 6506K, capacity 7103K, committed 7168K, reserved 1048576K
2023-10-03T09:16:10.504+0800: 341.013: [GC (Allocation Failure) 2023-10-03T09:16:10.504+0800: 341.014: [ParNew: 104156K->1608K(115200K), 0.0059205 secs] 154138K->51956K(249344K), 0.0061033 secs] [Times: user=0.06 sys=0.00, real=0.00 secs] 
Heap after GC invocations=77 (full 0):
 par new generation   total 115200K, used 1608K [0x00000000f0000000, 0x00000000f7d00000, 0x00000000f7d00000)
  eden space 102400K,   0% used [0x00000000f0000000, 0x00000000f0000000, 0x00000000f6400000)
  from space 12800K,  12% used [0x00000000f7080000, 0x00000000f72121f8, 0x00000000f7d00000)
  to   space 12800K,   0% used [0x00000000f6400000, 0x00000000f6400000, 0x00000000f7080000)
 concurrent mark-sweep generation total 134144K, used 50348K [0x00000000f7d00000, 0x0000000100000000, 0x0000000100000000)
 Metaspace       used 53162K, capacity 56654K, committed 56832K, reserved 1099776K
  class space    used 6506K, capacity 7103K, committed 7168K, reserved 1048576K
}
{Heap before GC invocations=77 (full 0):
 par new generation   total 115200K, used 104008K [0x00000000f0000000, 0x00000000f7d00000, 0x00000000f7d00000)
  eden space 102400K, 100% used [0x00000000f0000000, 0x00000000f6400000, 0x00000000f6400000)
  from space 12800K,  12% used [0x00000000f7080000, 0x00000000f72121f8, 0x00000000f7d00000)
  to   space 12800K,   0% used [0x00000000f6400000, 0x00000000f6400000, 0x00000000f7080000)
 concurrent mark-sweep generation total 134144K, used 50348K [0x00000000f7d00000, 0x0000000100000000, 0x0000000100000000)
 Metaspace       used 53163K, capacity 56654K, committed 56832K, reserved 1099776K
  class space    used 6506K, capacity 7103K, committed 7168K, reserved 1048576K
2023-10-03T09:16:14.123+0800: 344.633: [GC (Allocation Failure) 2023-10-03T09:16:14.124+0800: 344.633: [ParNew: 104008K->1455K(115200K), 0.0060234 secs] 154356K->51826K(249344K), 0.0061906 secs] [Times: user=0.06 sys=0.00, real=0.00 secs] 
Heap after GC invocations=78 (full 0):
 par new generation   total 115200K, used 1455K [0x00000000f0000000, 0x00000000f7d00000, 0x00000000f7d00000)
  eden space 102400K,   0% used [0x00000000f0000000, 0x00000000f0000000, 0x00000000f6400000)
  from space 12800K,  11% used [0x00000000f6400000, 0x00000000f656bde0, 0x00000000f7080000)
  to   space 12800K,   0% used [0x00000000f7080000, 0x00000000f7080000, 0x00000000f7d00000)
 concurrent mark-sweep generation total 134144K, used 50370K [0x00000000f7d00000, 0x0000000100000000, 0x0000000100000000)
 Metaspace       used 53163K, capacity 56654K, committed 56832K, reserved 1099776K
  class space    used 6506K, capacity 7103K, committed 7168K, reserved 1048576K
}
{Heap before GC invocations=78 (full 0):
 par new generation   total 115200K, used 103855K [0x00000000f0000000, 0x00000000f7d00000, 0x00000000f7d00000)
  eden space 102400K, 100% used [0x00000000f0000000, 0x00000000f6400000, 0x00000000f6400000)
  from space 12800K,  11% used [0x00000000f6400000, 0x00000000f656bde0, 0x00000000f7080000)
  to   space 12800K,   0% used [0x00000000f7080000, 0x00000000f7080000, 0x00000000f7d00000)
 concurrent mark-sweep generation total 134144K, used 50370K [0x00000000f7d00000, 0x0000000100000000, 0x0000000100000000)
 Metaspace       used 53163K, capacity 56654K, committed 56832K, reserved 1099776K
  class space    used 6506K, capacity 7103K, committed 7168K, reserved 1048576K
2023-10-03T09:16:17.737+0800: 348.247: [GC (Allocation Failure) 2023-10-03T09:16:17.738+0800: 348.247: [ParNew: 103855K->1457K(115200K), 0.0035954 secs] 154226K->51830K(249344K), 0.0037843 secs] [Times: user=0.03 sys=0.00, real=0.00 secs] 
Heap after GC invocations=79 (full 0):
 par new generation   total 115200K, used 1457K [0x00000000f0000000, 0x00000000f7d00000, 0x00000000f7d00000)
  eden space 102400K,   0% used [0x00000000f0000000, 0x00000000f0000000, 0x00000000f6400000)
  from space 12800K,  11% used [0x00000000f7080000, 0x00000000f71ec478, 0x00000000f7d00000)
  to   space 12800K,   0% used [0x00000000f6400000, 0x00000000f6400000, 0x00000000f7080000)
 concurrent mark-sweep generation total 134144K, used 50373K [0x00000000f7d00000, 0x0000000100000000, 0x0000000100000000)
 Metaspace       used 53163K, capacity 56654K, committed 56832K, reserved 1099776K
  class space    used 6506K, capacity 7103K, committed 7168K, reserved 1048576K
}
{Heap before GC invocations=79 (full 0):
 par new generation   total 115200K, used 103857K [0x00000000f0000000, 0x00000000f7d00000, 0x00000000f7d00000)
  eden space 102400K, 100% used [0x00000000f0000000, 0x00000000f6400000, 0x00000000f6400000)
  from space 12800K,  11% used [0x00000000f7080000, 0x00000000f71ec478, 0x00000000f7d00000)
  to   space 12800K,   0% used [0x00000000f6400000, 0x00000000f6400000, 0x00000000f7080000)
 concurrent mark-sweep generation total 134144K, used 50373K [0x00000000f7d00000, 0x0000000100000000, 0x0000000100000000)
 Metaspace       used 53163K, capacity 56654K, committed 56832K, reserved 1099776K
  class space    used 6506K, capacity 7103K, committed 7168K, reserved 1048576K
2023-10-03T09:16:21.329+0800: 351.839: [GC (Allocation Failure) 2023-10-03T09:16:21.330+0800: 351.839: [ParNew: 103857K->1450K(115200K), 0.0060933 secs] 154230K->51827K(249344K), 0.0063216 secs] [Times: user=0.05 sys=0.00, real=0.01 secs] 
Heap after GC invocations=80 (full 0):
 par new generation   total 115200K, used 1450K [0x00000000f0000000, 0x00000000f7d00000, 0x00000000f7d00000)
  eden space 102400K,   0% used [0x00000000f0000000, 0x00000000f0000000, 0x00000000f6400000)
  from space 12800K,  11% used [0x00000000f6400000, 0x00000000f656a870, 0x00000000f7080000)
  to   space 12800K,   0% used [0x00000000f7080000, 0x00000000f7080000, 0x00000000f7d00000)
 concurrent mark-sweep generation total 134144K, used 50377K [0x00000000f7d00000, 0x0000000100000000, 0x0000000100000000)
 Metaspace       used 53163K, capacity 56654K, committed 56832K, reserved 1099776K
  class space    used 6506K, capacity 7103K, committed 7168K, reserved 1048576K
}
{Heap before GC invocations=80 (full 0):
 par new generation   total 115200K, used 103850K [0x00000000f0000000, 0x00000000f7d00000, 0x00000000f7d00000)
  eden space 102400K, 100% used [0x00000000f0000000, 0x00000000f6400000, 0x00000000f6400000)
  from space 12800K,  11% used [0x00000000f6400000, 0x00000000f656a870, 0x00000000f7080000)
  to   space 12800K,   0% used [0x00000000f7080000, 0x00000000f7080000, 0x00000000f7d00000)
 concurrent mark-sweep generation total 134144K, used 50377K [0x00000000f7d00000, 0x0000000100000000, 0x0000000100000000)
 Metaspace       used 53163K, capacity 56654K, committed 56832K, reserved 1099776K
  class space    used 6506K, capacity 7103K, committed 7168K, reserved 1048576K
2023-10-03T09:16:24.953+0800: 355.462: [GC (Allocation Failure) 2023-10-03T09:16:24.953+0800: 355.462: [ParNew: 103850K->1429K(115200K), 0.0057993 secs] 154227K->51812K(249344K), 0.0060318 secs] [Times: user=0.05 sys=0.00, real=0.00 secs] 
Heap after GC invocations=81 (full 0):
 par new generation   total 115200K, used 1429K [0x00000000f0000000, 0x00000000f7d00000, 0x00000000f7d00000)
  eden space 102400K,   0% used [0x00000000f0000000, 0x00000000f0000000, 0x00000000f6400000)
  from space 12800K,  11% used [0x00000000f7080000, 0x00000000f71e5458, 0x00000000f7d00000)
  to   space 12800K,   0% used [0x00000000f6400000, 0x00000000f6400000, 0x00000000f7080000)
 concurrent mark-sweep generation total 134144K, used 50383K [0x00000000f7d00000, 0x0000000100000000, 0x0000000100000000)
 Metaspace       used 53163K, capacity 56654K, committed 56832K, reserved 1099776K
  class space    used 6506K, capacity 7103K, committed 7168K, reserved 1048576K
}
{Heap before GC invocations=81 (full 0):
 par new generation   total 115200K, used 103829K [0x00000000f0000000, 0x00000000f7d00000, 0x00000000f7d00000)
  eden space 102400K, 100% used [0x00000000f0000000, 0x00000000f6400000, 0x00000000f6400000)
  from space 12800K,  11% used [0x00000000f7080000, 0x00000000f71e5458, 0x00000000f7d00000)
  to   space 12800K,   0% used [0x00000000f6400000, 0x00000000f6400000, 0x00000000f7080000)
 concurrent mark-sweep generation total 134144K, used 50383K [0x00000000f7d00000, 0x0000000100000000, 0x0000000100000000)
 Metaspace       used 53167K, capacity 56654K, committed 56832K, reserved 1099776K
  class space    used 6506K, capacity 7103K, committed 7168K, reserved 1048576K
2023-10-03T09:16:28.562+0800: 359.071: [GC (Allocation Failure) 2023-10-03T09:16:28.562+0800: 359.071: [ParNew: 103829K->1308K(115200K), 0.0059697 secs] 154212K->51692K(249344K), 0.0061887 secs] [Times: user=0.04 sys=0.00, real=0.01 secs] 
Heap after GC invocations=82 (full 0):
 par new generation   total 115200K, used 1308K [0x00000000f0000000, 0x00000000f7d00000, 0x00000000f7d00000)
  eden space 102400K,   0% used [0x00000000f0000000, 0x00000000f0000000, 0x00000000f6400000)
  from space 12800K,  10% used [0x00000000f6400000, 0x00000000f6547240, 0x00000000f7080000)
  to   space 12800K,   0% used [0x00000000f7080000, 0x00000000f7080000, 0x00000000f7d00000)
 concurrent mark-sweep generation total 134144K, used 50384K [0x00000000f7d00000, 0x0000000100000000, 0x0000000100000000)
 Metaspace       used 53167K, capacity 56654K, committed 56832K, reserved 1099776K
  class space    used 6506K, capacity 7103K, committed 7168K, reserved 1048576K
}
{Heap before GC invocations=82 (full 0):
 par new generation   total 115200K, used 103708K [0x00000000f0000000, 0x00000000f7d00000, 0x00000000f7d00000)
  eden space 102400K, 100% used [0x00000000f0000000, 0x00000000f6400000, 0x00000000f6400000)
  from space 12800K,  10% used [0x00000000f6400000, 0x00000000f6547240, 0x00000000f7080000)
  to   space 12800K,   0% used [0x00000000f7080000, 0x00000000f7080000, 0x00000000f7d00000)
 concurrent mark-sweep generation total 134144K, used 50384K [0x00000000f7d00000, 0x0000000100000000, 0x0000000100000000)
 Metaspace       used 53167K, capacity 56654K, committed 56832K, reserved 1099776K
  class space    used 6506K, capacity 7103K, committed 7168K, reserved 1048576K
2023-10-03T09:16:32.185+0800: 362.695: [GC (Allocation Failure) 2023-10-03T09:16:32.186+0800: 362.695: [ParNew: 103708K->1330K(115200K), 0.0059172 secs] 154092K->51716K(249344K), 0.0061753 secs] [Times: user=0.05 sys=0.00, real=0.00 secs] 
Heap after GC invocations=83 (full 0):
 par new generation   total 115200K, used 1330K [0x00000000f0000000, 0x00000000f7d00000, 0x00000000f7d00000)
  eden space 102400K,   0% used [0x00000000f0000000, 0x00000000f0000000, 0x00000000f6400000)
  from space 12800K,  10% used [0x00000000f7080000, 0x00000000f71cca60, 0x00000000f7d00000)
  to   space 12800K,   0% used [0x00000000f6400000, 0x00000000f6400000, 0x00000000f7080000)
 concurrent mark-sweep generation total 134144K, used 50385K [0x00000000f7d00000, 0x0000000100000000, 0x0000000100000000)
 Metaspace       used 53167K, capacity 56654K, committed 56832K, reserved 1099776K
  class space    used 6506K, capacity 7103K, committed 7168K, reserved 1048576K
}
{Heap before GC invocations=83 (full 0):
 par new generation   total 115200K, used 103730K [0x00000000f0000000, 0x00000000f7d00000, 0x00000000f7d00000)
  eden space 102400K, 100% used [0x00000000f0000000, 0x00000000f6400000, 0x00000000f6400000)
  from space 12800K,  10% used [0x00000000f7080000, 0x00000000f71cca60, 0x00000000f7d00000)
  to   space 12800K,   0% used [0x00000000f6400000, 0x00000000f6400000, 0x00000000f7080000)
 concurrent mark-sweep generation total 134144K, used 50385K [0x00000000f7d00000, 0x0000000100000000, 0x0000000100000000)
 Metaspace       used 53167K, capacity 56654K, committed 56832K, reserved 1099776K
  class space    used 6506K, capacity 7103K, committed 7168K, reserved 1048576K
2023-10-03T09:16:35.842+0800: 366.351: [GC (Allocation Failure) 2023-10-03T09:16:35.842+0800: 366.352: [ParNew: 103730K->1430K(115200K), 0.0058212 secs] 154116K->51818K(249344K), 0.0060074 secs] [Times: user=0.05 sys=0.00, real=0.00 secs] 
Heap after GC invocations=84 (full 0):
 par new generation   total 115200K, used 1430K [0x00000000f0000000, 0x00000000f7d00000, 0x00000000f7d00000)
  eden space 102400K,   0% used [0x00000000f0000000, 0x00000000f0000000, 0x00000000f6400000)
  from space 12800K,  11% used [0x00000000f6400000, 0x00000000f6565868, 0x00000000f7080000)
  to   space 12800K,   0% used [0x00000000f7080000, 0x00000000f7080000, 0x00000000f7d00000)
 concurrent mark-sweep generation total 134144K, used 50388K [0x00000000f7d00000, 0x0000000100000000, 0x0000000100000000)
 Metaspace       used 53167K, capacity 56654K, committed 56832K, reserved 1099776K
  class space    used 6506K, capacity 7103K, committed 7168K, reserved 1048576K
}
{Heap before GC invocations=84 (full 0):
 par new generation   total 115200K, used 103830K [0x00000000f0000000, 0x00000000f7d00000, 0x00000000f7d00000)
  eden space 102400K, 100% used [0x00000000f0000000, 0x00000000f6400000, 0x00000000f6400000)
  from space 12800K,  11% used [0x00000000f6400000, 0x00000000f6565868, 0x00000000f7080000)
  to   space 12800K,   0% used [0x00000000f7080000, 0x00000000f7080000, 0x00000000f7d00000)
 concurrent mark-sweep generation total 134144K, used 50388K [0x00000000f7d00000, 0x0000000100000000, 0x0000000100000000)
 Metaspace       used 53167K, capacity 56654K, committed 56832K, reserved 1099776K
  class space    used 6506K, capacity 7103K, committed 7168K, reserved 1048576K
2023-10-03T09:16:39.451+0800: 369.961: [GC (Allocation Failure) 2023-10-03T09:16:39.452+0800: 369.961: [ParNew: 103830K->1426K(115200K), 0.0055795 secs] 154218K->51816K(249344K), 0.0057993 secs] [Times: user=0.06 sys=0.00, real=0.01 secs] 
Heap after GC invocations=85 (full 0):
 par new generation   total 115200K, used 1426K [0x00000000f0000000, 0x00000000f7d00000, 0x00000000f7d00000)
  eden space 102400K,   0% used [0x00000000f0000000, 0x00000000f0000000, 0x00000000f6400000)
  from space 12800K,  11% used [0x00000000f7080000, 0x00000000f71e49c8, 0x00000000f7d00000)
  to   space 12800K,   0% used [0x00000000f6400000, 0x00000000f6400000, 0x00000000f7080000)
 concurrent mark-sweep generation total 134144K, used 50389K [0x00000000f7d00000, 0x0000000100000000, 0x0000000100000000)
 Metaspace       used 53167K, capacity 56654K, committed 56832K, reserved 1099776K
  class space    used 6506K, capacity 7103K, committed 7168K, reserved 1048576K
}
{Heap before GC invocations=85 (full 0):
 par new generation   total 115200K, used 103826K [0x00000000f0000000, 0x00000000f7d00000, 0x00000000f7d00000)
  eden space 102400K, 100% used [0x00000000f0000000, 0x00000000f6400000, 0x00000000f6400000)
  from space 12800K,  11% used [0x00000000f7080000, 0x00000000f71e49c8, 0x00000000f7d00000)
  to   space 12800K,   0% used [0x00000000f6400000, 0x00000000f6400000, 0x00000000f7080000)
 concurrent mark-sweep generation total 134144K, used 50389K [0x00000000f7d00000, 0x0000000100000000, 0x0000000100000000)
 Metaspace       used 53168K, capacity 56654K, committed 56832K, reserved 1099776K
  class space    used 6506K, capacity 7103K, committed 7168K, reserved 1048576K
2023-10-03T09:16:43.016+0800: 373.525: [GC (Allocation Failure) 2023-10-03T09:16:43.016+0800: 373.526: [ParNew: 103826K->1444K(115200K), 0.0069108 secs] 154216K->51833K(249344K), 0.0071404 secs] [Times: user=0.06 sys=0.00, real=0.01 secs] 
Heap after GC invocations=86 (full 0):
 par new generation   total 115200K, used 1444K [0x00000000f0000000, 0x00000000f7d00000, 0x00000000f7d00000)
  eden space 102400K,   0% used [0x00000000f0000000, 0x00000000f0000000, 0x00000000f6400000)
  from space 12800K,  11% used [0x00000000f6400000, 0x00000000f6569010, 0x00000000f7080000)
  to   space 12800K,   0% used [0x00000000f7080000, 0x00000000f7080000, 0x00000000f7d00000)
 concurrent mark-sweep generation total 134144K, used 50389K [0x00000000f7d00000, 0x0000000100000000, 0x0000000100000000)
 Metaspace       used 53168K, capacity 56654K, committed 56832K, reserved 1099776K
  class space    used 6506K, capacity 7103K, committed 7168K, reserved 1048576K
}
{Heap before GC invocations=86 (full 0):
 par new generation   total 115200K, used 103844K [0x00000000f0000000, 0x00000000f7d00000, 0x00000000f7d00000)
  eden space 102400K, 100% used [0x00000000f0000000, 0x00000000f6400000, 0x00000000f6400000)
  from space 12800K,  11% used [0x00000000f6400000, 0x00000000f6569010, 0x00000000f7080000)
  to   space 12800K,   0% used [0x00000000f7080000, 0x00000000f7080000, 0x00000000f7d00000)
 concurrent mark-sweep generation total 134144K, used 50389K [0x00000000f7d00000, 0x0000000100000000, 0x0000000100000000)
 Metaspace       used 53168K, capacity 56654K, committed 56832K, reserved 1099776K
  class space    used 6506K, capacity 7103K, committed 7168K, reserved 1048576K
2023-10-03T09:16:46.648+0800: 377.157: [GC (Allocation Failure) 2023-10-03T09:16:46.648+0800: 377.157: [ParNew: 103844K->1329K(115200K), 0.0061492 secs] 154233K->51724K(249344K), 0.0064148 secs] [Times: user=0.06 sys=0.00, real=0.01 secs] 
Heap after GC invocations=87 (full 0):
 par new generation   total 115200K, used 1329K [0x00000000f0000000, 0x00000000f7d00000, 0x00000000f7d00000)
  eden space 102400K,   0% used [0x00000000f0000000, 0x00000000f0000000, 0x00000000f6400000)
  from space 12800K,  10% used [0x00000000f7080000, 0x00000000f71cc6a0, 0x00000000f7d00000)
  to   space 12800K,   0% used [0x00000000f6400000, 0x00000000f6400000, 0x00000000f7080000)
 concurrent mark-sweep generation total 134144K, used 50395K [0x00000000f7d00000, 0x0000000100000000, 0x0000000100000000)
 Metaspace       used 53168K, capacity 56654K, committed 56832K, reserved 1099776K
  class space    used 6506K, capacity 7103K, committed 7168K, reserved 1048576K
}
{Heap before GC invocations=87 (full 0):
 par new generation   total 115200K, used 103729K [0x00000000f0000000, 0x00000000f7d00000, 0x00000000f7d00000)
  eden space 102400K, 100% used [0x00000000f0000000, 0x00000000f6400000, 0x00000000f6400000)
  from space 12800K,  10% used [0x00000000f7080000, 0x00000000f71cc6a0, 0x00000000f7d00000)
  to   space 12800K,   0% used [0x00000000f6400000, 0x00000000f6400000, 0x00000000f7080000)
 concurrent mark-sweep generation total 134144K, used 50395K [0x00000000f7d00000, 0x0000000100000000, 0x0000000100000000)
 Metaspace       used 53170K, capacity 56654K, committed 56832K, reserved 1099776K
  class space    used 6506K, capacity 7103K, committed 7168K, reserved 1048576K
2023-10-03T09:16:50.284+0800: 380.793: [GC (Allocation Failure) 2023-10-03T09:16:50.284+0800: 380.793: [ParNew: 103729K->1432K(115200K), 0.0187426 secs] 154124K->51835K(249344K), 0.0189328 secs] [Times: user=0.05 sys=0.00, real=0.02 secs] 
Heap after GC invocations=88 (full 0):
 par new generation   total 115200K, used 1432K [0x00000000f0000000, 0x00000000f7d00000, 0x00000000f7d00000)
  eden space 102400K,   0% used [0x00000000f0000000, 0x00000000f0000000, 0x00000000f6400000)
  from space 12800K,  11% used [0x00000000f6400000, 0x00000000f65662f8, 0x00000000f7080000)
  to   space 12800K,   0% used [0x00000000f7080000, 0x00000000f7080000, 0x00000000f7d00000)
 concurrent mark-sweep generation total 134144K, used 50403K [0x00000000f7d00000, 0x0000000100000000, 0x0000000100000000)
 Metaspace       used 53170K, capacity 56654K, committed 56832K, reserved 1099776K
  class space    used 6506K, capacity 7103K, committed 7168K, reserved 1048576K
}
{Heap before GC invocations=88 (full 0):
 par new generation   total 115200K, used 103832K [0x00000000f0000000, 0x00000000f7d00000, 0x00000000f7d00000)
  eden space 102400K, 100% used [0x00000000f0000000, 0x00000000f6400000, 0x00000000f6400000)
  from space 12800K,  11% used [0x00000000f6400000, 0x00000000f65662f8, 0x00000000f7080000)
  to   space 12800K,   0% used [0x00000000f7080000, 0x00000000f7080000, 0x00000000f7d00000)
 concurrent mark-sweep generation total 134144K, used 50403K [0x00000000f7d00000, 0x0000000100000000, 0x0000000100000000)
 Metaspace       used 53170K, capacity 56654K, committed 56832K, reserved 1099776K
  class space    used 6506K, capacity 7103K, committed 7168K, reserved 1048576K
2023-10-03T09:16:53.901+0800: 384.410: [GC (Allocation Failure) 2023-10-03T09:16:53.901+0800: 384.411: [ParNew: 103832K->1450K(115200K), 0.0055333 secs] 154235K->51858K(249344K), 0.0057224 secs] [Times: user=0.05 sys=0.00, real=0.01 secs] 
Heap after GC invocations=89 (full 0):
 par new generation   total 115200K, used 1450K [0x00000000f0000000, 0x00000000f7d00000, 0x00000000f7d00000)
  eden space 102400K,   0% used [0x00000000f0000000, 0x00000000f0000000, 0x00000000f6400000)
  from space 12800K,  11% used [0x00000000f7080000, 0x00000000f71ea870, 0x00000000f7d00000)
  to   space 12800K,   0% used [0x00000000f6400000, 0x00000000f6400000, 0x00000000f7080000)
 concurrent mark-sweep generation total 134144K, used 50408K [0x00000000f7d00000, 0x0000000100000000, 0x0000000100000000)
 Metaspace       used 53170K, capacity 56654K, committed 56832K, reserved 1099776K
  class space    used 6506K, capacity 7103K, committed 7168K, reserved 1048576K
}
{Heap before GC invocations=89 (full 0):
 par new generation   total 115200K, used 103850K [0x00000000f0000000, 0x00000000f7d00000, 0x00000000f7d00000)
  eden space 102400K, 100% used [0x00000000f0000000, 0x00000000f6400000, 0x00000000f6400000)
  from space 12800K,  11% used [0x00000000f7080000, 0x00000000f71ea870, 0x00000000f7d00000)
  to   space 12800K,   0% used [0x00000000f6400000, 0x00000000f6400000, 0x00000000f7080000)
 concurrent mark-sweep generation total 134144K, used 50408K [0x00000000f7d00000, 0x0000000100000000, 0x0000000100000000)
 Metaspace       used 53174K, capacity 56654K, committed 56832K, reserved 1099776K
  class space    used 6506K, capacity 7103K, committed 7168K, reserved 1048576K
2023-10-03T09:16:57.554+0800: 388.064: [GC (Allocation Failure) 2023-10-03T09:16:57.555+0800: 388.064: [ParNew: 103850K->1561K(115200K), 0.0062261 secs] 154258K->51971K(249344K), 0.0063980 secs] [Times: user=0.05 sys=0.00, real=0.00 secs] 
Heap after GC invocations=90 (full 0):
 par new generation   total 115200K, used 1561K [0x00000000f0000000, 0x00000000f7d00000, 0x00000000f7d00000)
  eden space 102400K,   0% used [0x00000000f0000000, 0x00000000f0000000, 0x00000000f6400000)
  from space 12800K,  12% used [0x00000000f6400000, 0x00000000f6586630, 0x00000000f7080000)
  to   space 12800K,   0% used [0x00000000f7080000, 0x00000000f7080000, 0x00000000f7d00000)
 concurrent mark-sweep generation total 134144K, used 50410K [0x00000000f7d00000, 0x0000000100000000, 0x0000000100000000)
 Metaspace       used 53174K, capacity 56654K, committed 56832K, reserved 1099776K
  class space    used 6506K, capacity 7103K, committed 7168K, reserved 1048576K
}
{Heap before GC invocations=90 (full 0):
 par new generation   total 115200K, used 103961K [0x00000000f0000000, 0x00000000f7d00000, 0x00000000f7d00000)
  eden space 102400K, 100% used [0x00000000f0000000, 0x00000000f6400000, 0x00000000f6400000)
  from space 12800K,  12% used [0x00000000f6400000, 0x00000000f6586630, 0x00000000f7080000)
  to   space 12800K,   0% used [0x00000000f7080000, 0x00000000f7080000, 0x00000000f7d00000)
 concurrent mark-sweep generation total 134144K, used 50410K [0x00000000f7d00000, 0x0000000100000000, 0x0000000100000000)
 Metaspace       used 53187K, capacity 56654K, committed 56832K, reserved 1099776K
  class space    used 6506K, capacity 7103K, committed 7168K, reserved 1048576K
2023-10-03T09:17:01.159+0800: 391.668: [GC (Allocation Failure) 2023-10-03T09:17:01.159+0800: 391.668: [ParNew: 103961K->1556K(115200K), 0.0057956 secs] 154371K->51974K(249344K), 0.0059731 secs] [Times: user=0.05 sys=0.00, real=0.01 secs] 
Heap after GC invocations=91 (full 0):
 par new generation   total 115200K, used 1556K [0x00000000f0000000, 0x00000000f7d00000, 0x00000000f7d00000)
  eden space 102400K,   0% used [0x00000000f0000000, 0x00000000f0000000, 0x00000000f6400000)
  from space 12800K,  12% used [0x00000000f7080000, 0x00000000f7205130, 0x00000000f7d00000)
  to   space 12800K,   0% used [0x00000000f6400000, 0x00000000f6400000, 0x00000000f7080000)
 concurrent mark-sweep generation total 134144K, used 50418K [0x00000000f7d00000, 0x0000000100000000, 0x0000000100000000)
 Metaspace       used 53187K, capacity 56654K, committed 56832K, reserved 1099776K
  class space    used 6506K, capacity 7103K, committed 7168K, reserved 1048576K
}
{Heap before GC invocations=91 (full 0):
 par new generation   total 115200K, used 103956K [0x00000000f0000000, 0x00000000f7d00000, 0x00000000f7d00000)
  eden space 102400K, 100% used [0x00000000f0000000, 0x00000000f6400000, 0x00000000f6400000)
  from space 12800K,  12% used [0x00000000f7080000, 0x00000000f7205130, 0x00000000f7d00000)
  to   space 12800K,   0% used [0x00000000f6400000, 0x00000000f6400000, 0x00000000f7080000)
 concurrent mark-sweep generation total 134144K, used 50418K [0x00000000f7d00000, 0x0000000100000000, 0x0000000100000000)
 Metaspace       used 53187K, capacity 56654K, committed 56832K, reserved 1099776K
  class space    used 6506K, capacity 7103K, committed 7168K, reserved 1048576K
2023-10-03T09:17:05.397+0800: 395.906: [GC (Allocation Failure) 2023-10-03T09:17:05.397+0800: 395.906: [ParNew: 103956K->3720K(115200K), 0.0034238 secs] 154374K->54141K(249344K), 0.0036211 secs] [Times: user=0.03 sys=0.00, real=0.00 secs] 
Heap after GC invocations=92 (full 0):
 par new generation   total 115200K, used 3720K [0x00000000f0000000, 0x00000000f7d00000, 0x00000000f7d00000)
  eden space 102400K,   0% used [0x00000000f0000000, 0x00000000f0000000, 0x00000000f6400000)
  from space 12800K,  29% used [0x00000000f6400000, 0x00000000f67a2300, 0x00000000f7080000)
  to   space 12800K,   0% used [0x00000000f7080000, 0x00000000f7080000, 0x00000000f7d00000)
 concurrent mark-sweep generation total 134144K, used 50420K [0x00000000f7d00000, 0x0000000100000000, 0x0000000100000000)
 Metaspace       used 53187K, capacity 56654K, committed 56832K, reserved 1099776K
  class space    used 6506K, capacity 7103K, committed 7168K, reserved 1048576K
}
{Heap before GC invocations=92 (full 0):
 par new generation   total 115200K, used 106120K [0x00000000f0000000, 0x00000000f7d00000, 0x00000000f7d00000)
  eden space 102400K, 100% used [0x00000000f0000000, 0x00000000f6400000, 0x00000000f6400000)
  from space 12800K,  29% used [0x00000000f6400000, 0x00000000f67a2300, 0x00000000f7080000)
  to   space 12800K,   0% used [0x00000000f7080000, 0x00000000f7080000, 0x00000000f7d00000)
 concurrent mark-sweep generation total 134144K, used 50420K [0x00000000f7d00000, 0x0000000100000000, 0x0000000100000000)
 Metaspace       used 53187K, capacity 56654K, committed 56832K, reserved 1099776K
  class space    used 6506K, capacity 7103K, committed 7168K, reserved 1048576K
2023-10-03T09:17:08.993+0800: 399.502: [GC (Allocation Failure) 2023-10-03T09:17:08.993+0800: 399.502: [ParNew: 106120K->4479K(115200K), 0.0058583 secs] 156541K->54902K(249344K), 0.0060398 secs] [Times: user=0.05 sys=0.00, real=0.00 secs] 
Heap after GC invocations=93 (full 0):
 par new generation   total 115200K, used 4479K [0x00000000f0000000, 0x00000000f7d00000, 0x00000000f7d00000)
  eden space 102400K,   0% used [0x00000000f0000000, 0x00000000f0000000, 0x00000000f6400000)
  from space 12800K,  34% used [0x00000000f7080000, 0x00000000f74dfe00, 0x00000000f7d00000)
  to   space 12800K,   0% used [0x00000000f6400000, 0x00000000f6400000, 0x00000000f7080000)
 concurrent mark-sweep generation total 134144K, used 50423K [0x00000000f7d00000, 0x0000000100000000, 0x0000000100000000)
 Metaspace       used 53187K, capacity 56654K, committed 56832K, reserved 1099776K
  class space    used 6506K, capacity 7103K, committed 7168K, reserved 1048576K
}
{Heap before GC invocations=93 (full 0):
 par new generation   total 115200K, used 106879K [0x00000000f0000000, 0x00000000f7d00000, 0x00000000f7d00000)
  eden space 102400K, 100% used [0x00000000f0000000, 0x00000000f6400000, 0x00000000f6400000)
  from space 12800K,  34% used [0x00000000f7080000, 0x00000000f74dfe00, 0x00000000f7d00000)
  to   space 12800K,   0% used [0x00000000f6400000, 0x00000000f6400000, 0x00000000f7080000)
 concurrent mark-sweep generation total 134144K, used 50423K [0x00000000f7d00000, 0x0000000100000000, 0x0000000100000000)
 Metaspace       used 53187K, capacity 56654K, committed 56832K, reserved 1099776K
  class space    used 6506K, capacity 7103K, committed 7168K, reserved 1048576K
2023-10-03T09:17:12.587+0800: 403.096: [GC (Allocation Failure) 2023-10-03T09:17:12.587+0800: 403.097: [ParNew: 106879K->4520K(115200K), 0.0071946 secs] 157302K->54945K(249344K), 0.0074543 secs] [Times: user=0.06 sys=0.00, real=0.01 secs] 
Heap after GC invocations=94 (full 0):
 par new generation   total 115200K, used 4520K [0x00000000f0000000, 0x00000000f7d00000, 0x00000000f7d00000)
  eden space 102400K,   0% used [0x00000000f0000000, 0x00000000f0000000, 0x00000000f6400000)
  from space 12800K,  35% used [0x00000000f6400000, 0x00000000f686a3e8, 0x00000000f7080000)
  to   space 12800K,   0% used [0x00000000f7080000, 0x00000000f7080000, 0x00000000f7d00000)
 concurrent mark-sweep generation total 134144K, used 50424K [0x00000000f7d00000, 0x0000000100000000, 0x0000000100000000)
 Metaspace       used 53187K, capacity 56654K, committed 56832K, reserved 1099776K
  class space    used 6506K, capacity 7103K, committed 7168K, reserved 1048576K
}
{Heap before GC invocations=94 (full 0):
 par new generation   total 115200K, used 106920K [0x00000000f0000000, 0x00000000f7d00000, 0x00000000f7d00000)
  eden space 102400K, 100% used [0x00000000f0000000, 0x00000000f6400000, 0x00000000f6400000)
  from space 12800K,  35% used [0x00000000f6400000, 0x00000000f686a3e8, 0x00000000f7080000)
  to   space 12800K,   0% used [0x00000000f7080000, 0x00000000f7080000, 0x00000000f7d00000)
 concurrent mark-sweep generation total 134144K, used 50424K [0x00000000f7d00000, 0x0000000100000000, 0x0000000100000000)
 Metaspace       used 53187K, capacity 56654K, committed 56832K, reserved 1099776K
  class space    used 6506K, capacity 7103K, committed 7168K, reserved 1048576K
2023-10-03T09:17:16.214+0800: 406.723: [GC (Allocation Failure) 2023-10-03T09:17:16.214+0800: 406.724: [ParNew: 106920K->4032K(115200K), 0.0062763 secs] 157345K->54460K(249344K), 0.0064513 secs] [Times: user=0.06 sys=0.00, real=0.00 secs] 
Heap after GC invocations=95 (full 0):
 par new generation   total 115200K, used 4032K [0x00000000f0000000, 0x00000000f7d00000, 0x00000000f7d00000)
  eden space 102400K,   0% used [0x00000000f0000000, 0x00000000f0000000, 0x00000000f6400000)
  from space 12800K,  31% used [0x00000000f7080000, 0x00000000f74701c0, 0x00000000f7d00000)
  to   space 12800K,   0% used [0x00000000f6400000, 0x00000000f6400000, 0x00000000f7080000)
 concurrent mark-sweep generation total 134144K, used 50428K [0x00000000f7d00000, 0x0000000100000000, 0x0000000100000000)
 Metaspace       used 53187K, capacity 56654K, committed 56832K, reserved 1099776K
  class space    used 6506K, capacity 7103K, committed 7168K, reserved 1048576K
}
{Heap before GC invocations=95 (full 0):
 par new generation   total 115200K, used 106432K [0x00000000f0000000, 0x00000000f7d00000, 0x00000000f7d00000)
  eden space 102400K, 100% used [0x00000000f0000000, 0x00000000f6400000, 0x00000000f6400000)
  from space 12800K,  31% used [0x00000000f7080000, 0x00000000f74701c0, 0x00000000f7d00000)
  to   space 12800K,   0% used [0x00000000f6400000, 0x00000000f6400000, 0x00000000f7080000)
 concurrent mark-sweep generation total 134144K, used 50428K [0x00000000f7d00000, 0x0000000100000000, 0x0000000100000000)
 Metaspace       used 53187K, capacity 56654K, committed 56832K, reserved 1099776K
  class space    used 6506K, capacity 7103K, committed 7168K, reserved 1048576K
2023-10-03T09:17:19.840+0800: 410.349: [GC (Allocation Failure) 2023-10-03T09:17:19.840+0800: 410.349: [ParNew: 106432K->4371K(115200K), 0.0066061 secs] 156860K->54799K(249344K), 0.0067925 secs] [Times: user=0.06 sys=0.00, real=0.01 secs] 
Heap after GC invocations=96 (full 0):
 par new generation   total 115200K, used 4371K [0x00000000f0000000, 0x00000000f7d00000, 0x00000000f7d00000)
  eden space 102400K,   0% used [0x00000000f0000000, 0x00000000f0000000, 0x00000000f6400000)
  from space 12800K,  34% used [0x00000000f6400000, 0x00000000f6844d20, 0x00000000f7080000)
  to   space 12800K,   0% used [0x00000000f7080000, 0x00000000f7080000, 0x00000000f7d00000)
 concurrent mark-sweep generation total 134144K, used 50428K [0x00000000f7d00000, 0x0000000100000000, 0x0000000100000000)
 Metaspace       used 53187K, capacity 56654K, committed 56832K, reserved 1099776K
  class space    used 6506K, capacity 7103K, committed 7168K, reserved 1048576K
}
{Heap before GC invocations=96 (full 0):
 par new generation   total 115200K, used 106771K [0x00000000f0000000, 0x00000000f7d00000, 0x00000000f7d00000)
  eden space 102400K, 100% used [0x00000000f0000000, 0x00000000f6400000, 0x00000000f6400000)
  from space 12800K,  34% used [0x00000000f6400000, 0x00000000f6844d20, 0x00000000f7080000)
  to   space 12800K,   0% used [0x00000000f7080000, 0x00000000f7080000, 0x00000000f7d00000)
 concurrent mark-sweep generation total 134144K, used 50428K [0x00000000f7d00000, 0x0000000100000000, 0x0000000100000000)
 Metaspace       used 53187K, capacity 56654K, committed 56832K, reserved 1099776K
  class space    used 6506K, capacity 7103K, committed 7168K, reserved 1048576K
2023-10-03T09:17:23.478+0800: 413.987: [GC (Allocation Failure) 2023-10-03T09:17:23.478+0800: 413.987: [ParNew: 106771K->4699K(115200K), 0.0035179 secs] 157199K->55130K(249344K), 0.0036856 secs] [Times: user=0.03 sys=0.00, real=0.00 secs] 
Heap after GC invocations=97 (full 0):
 par new generation   total 115200K, used 4699K [0x00000000f0000000, 0x00000000f7d00000, 0x00000000f7d00000)
  eden space 102400K,   0% used [0x00000000f0000000, 0x00000000f0000000, 0x00000000f6400000)
  from space 12800K,  36% used [0x00000000f7080000, 0x00000000f7516dd0, 0x00000000f7d00000)
  to   space 12800K,   0% used [0x00000000f6400000, 0x00000000f6400000, 0x00000000f7080000)
 concurrent mark-sweep generation total 134144K, used 50431K [0x00000000f7d00000, 0x0000000100000000, 0x0000000100000000)
 Metaspace       used 53187K, capacity 56654K, committed 56832K, reserved 1099776K
  class space    used 6506K, capacity 7103K, committed 7168K, reserved 1048576K
}
{Heap before GC invocations=97 (full 0):
 par new generation   total 115200K, used 107099K [0x00000000f0000000, 0x00000000f7d00000, 0x00000000f7d00000)
  eden space 102400K, 100% used [0x00000000f0000000, 0x00000000f6400000, 0x00000000f6400000)
  from space 12800K,  36% used [0x00000000f7080000, 0x00000000f7516dd0, 0x00000000f7d00000)
  to   space 12800K,   0% used [0x00000000f6400000, 0x00000000f6400000, 0x00000000f7080000)
 concurrent mark-sweep generation total 134144K, used 50431K [0x00000000f7d00000, 0x0000000100000000, 0x0000000100000000)
 Metaspace       used 53187K, capacity 56654K, committed 56832K, reserved 1099776K
  class space    used 6506K, capacity 7103K, committed 7168K, reserved 1048576K
2023-10-03T09:17:27.125+0800: 417.634: [GC (Allocation Failure) 2023-10-03T09:17:27.125+0800: 417.634: [ParNew: 107099K->3141K(115200K), 0.0088241 secs] 157530K->55670K(249344K), 0.0090032 secs] [Times: user=0.08 sys=0.00, real=0.01 secs] 
Heap after GC invocations=98 (full 0):
 par new generation   total 115200K, used 3141K [0x00000000f0000000, 0x00000000f7d00000, 0x00000000f7d00000)
  eden space 102400K,   0% used [0x00000000f0000000, 0x00000000f0000000, 0x00000000f6400000)
  from space 12800K,  24% used [0x00000000f6400000, 0x00000000f67115f0, 0x00000000f7080000)
  to   space 12800K,   0% used [0x00000000f7080000, 0x00000000f7080000, 0x00000000f7d00000)
 concurrent mark-sweep generation total 134144K, used 52528K [0x00000000f7d00000, 0x0000000100000000, 0x0000000100000000)
 Metaspace       used 53187K, capacity 56654K, committed 56832K, reserved 1099776K
  class space    used 6506K, capacity 7103K, committed 7168K, reserved 1048576K
}
{Heap before GC invocations=98 (full 0):
 par new generation   total 115200K, used 105541K [0x00000000f0000000, 0x00000000f7d00000, 0x00000000f7d00000)
  eden space 102400K, 100% used [0x00000000f0000000, 0x00000000f6400000, 0x00000000f6400000)
  from space 12800K,  24% used [0x00000000f6400000, 0x00000000f67115f0, 0x00000000f7080000)
  to   space 12800K,   0% used [0x00000000f7080000, 0x00000000f7080000, 0x00000000f7d00000)
 concurrent mark-sweep generation total 134144K, used 52528K [0x00000000f7d00000, 0x0000000100000000, 0x0000000100000000)
 Metaspace       used 53189K, capacity 56654K, committed 56832K, reserved 1099776K
  class space    used 6506K, capacity 7103K, committed 7168K, reserved 1048576K
2023-10-03T09:17:30.695+0800: 421.204: [GC (Allocation Failure) 2023-10-03T09:17:30.695+0800: 421.205: [ParNew: 105541K->1266K(115200K), 0.0062369 secs] 158070K->53795K(249344K), 0.0065451 secs] [Times: user=0.05 sys=0.00, real=0.00 secs] 
Heap after GC invocations=99 (full 0):
 par new generation   total 115200K, used 1266K [0x00000000f0000000, 0x00000000f7d00000, 0x00000000f7d00000)
  eden space 102400K,   0% used [0x00000000f0000000, 0x00000000f0000000, 0x00000000f6400000)
  from space 12800K,   9% used [0x00000000f7080000, 0x00000000f71bc980, 0x00000000f7d00000)
  to   space 12800K,   0% used [0x00000000f6400000, 0x00000000f6400000, 0x00000000f7080000)
 concurrent mark-sweep generation total 134144K, used 52528K [0x00000000f7d00000, 0x0000000100000000, 0x0000000100000000)
 Metaspace       used 53189K, capacity 56654K, committed 56832K, reserved 1099776K
  class space    used 6506K, capacity 7103K, committed 7168K, reserved 1048576K
}
{Heap before GC invocations=99 (full 0):
 par new generation   total 115200K, used 103666K [0x00000000f0000000, 0x00000000f7d00000, 0x00000000f7d00000)
  eden space 102400K, 100% used [0x00000000f0000000, 0x00000000f6400000, 0x00000000f6400000)
  from space 12800K,   9% used [0x00000000f7080000, 0x00000000f71bc980, 0x00000000f7d00000)
  to   space 12800K,   0% used [0x00000000f6400000, 0x00000000f6400000, 0x00000000f7080000)
 concurrent mark-sweep generation total 134144K, used 52528K [0x00000000f7d00000, 0x0000000100000000, 0x0000000100000000)
 Metaspace       used 53191K, capacity 56654K, committed 56832K, reserved 1099776K
  class space    used 6506K, capacity 7103K, committed 7168K, reserved 1048576K
2023-10-03T09:17:34.292+0800: 424.801: [GC (Allocation Failure) 2023-10-03T09:17:34.292+0800: 424.801: [ParNew: 103666K->1417K(115200K), 0.0062658 secs] 156195K->53946K(249344K), 0.0065015 secs] [Times: user=0.05 sys=0.01, real=0.01 secs] 
Heap after GC invocations=100 (full 0):
 par new generation   total 115200K, used 1417K [0x00000000f0000000, 0x00000000f7d00000, 0x00000000f7d00000)
  eden space 102400K,   0% used [0x00000000f0000000, 0x00000000f0000000, 0x00000000f6400000)
  from space 12800K,  11% used [0x00000000f6400000, 0x00000000f6562468, 0x00000000f7080000)
  to   space 12800K,   0% used [0x00000000f7080000, 0x00000000f7080000, 0x00000000f7d00000)
 concurrent mark-sweep generation total 134144K, used 52529K [0x00000000f7d00000, 0x0000000100000000, 0x0000000100000000)
 Metaspace       used 53191K, capacity 56654K, committed 56832K, reserved 1099776K
  class space    used 6506K, capacity 7103K, committed 7168K, reserved 1048576K
}
{Heap before GC invocations=100 (full 0):
 par new generation   total 115200K, used 103817K [0x00000000f0000000, 0x00000000f7d00000, 0x00000000f7d00000)
  eden space 102400K, 100% used [0x00000000f0000000, 0x00000000f6400000, 0x00000000f6400000)
  from space 12800K,  11% used [0x00000000f6400000, 0x00000000f6562468, 0x00000000f7080000)
  to   space 12800K,   0% used [0x00000000f7080000, 0x00000000f7080000, 0x00000000f7d00000)
 concurrent mark-sweep generation total 134144K, used 52529K [0x00000000f7d00000, 0x0000000100000000, 0x0000000100000000)
 Metaspace       used 53191K, capacity 56654K, committed 56832K, reserved 1099776K
  class space    used 6506K, capacity 7103K, committed 7168K, reserved 1048576K
2023-10-03T09:17:37.943+0800: 428.453: [GC (Allocation Failure) 2023-10-03T09:17:37.944+0800: 428.453: [ParNew: 103817K->1446K(115200K), 0.0054353 secs] 156346K->53976K(249344K), 0.0056518 secs] [Times: user=0.05 sys=0.00, real=0.00 secs] 
Heap after GC invocations=101 (full 0):
 par new generation   total 115200K, used 1446K [0x00000000f0000000, 0x00000000f7d00000, 0x00000000f7d00000)
  eden space 102400K,   0% used [0x00000000f0000000, 0x00000000f0000000, 0x00000000f6400000)
  from space 12800K,  11% used [0x00000000f7080000, 0x00000000f71e9830, 0x00000000f7d00000)
  to   space 12800K,   0% used [0x00000000f6400000, 0x00000000f6400000, 0x00000000f7080000)
 concurrent mark-sweep generation total 134144K, used 52530K [0x00000000f7d00000, 0x0000000100000000, 0x0000000100000000)
 Metaspace       used 53191K, capacity 56654K, committed 56832K, reserved 1099776K
  class space    used 6506K, capacity 7103K, committed 7168K, reserved 1048576K
}
{Heap before GC invocations=101 (full 0):
 par new generation   total 115200K, used 103846K [0x00000000f0000000, 0x00000000f7d00000, 0x00000000f7d00000)
  eden space 102400K, 100% used [0x00000000f0000000, 0x00000000f6400000, 0x00000000f6400000)
  from space 12800K,  11% used [0x00000000f7080000, 0x00000000f71e9830, 0x00000000f7d00000)
  to   space 12800K,   0% used [0x00000000f6400000, 0x00000000f6400000, 0x00000000f7080000)
 concurrent mark-sweep generation total 134144K, used 52530K [0x00000000f7d00000, 0x0000000100000000, 0x0000000100000000)
 Metaspace       used 53192K, capacity 56654K, committed 56832K, reserved 1099776K
  class space    used 6506K, capacity 7103K, committed 7168K, reserved 1048576K
2023-10-03T09:17:41.562+0800: 432.071: [GC (Allocation Failure) 2023-10-03T09:17:41.562+0800: 432.071: [ParNew: 103846K->1346K(115200K), 0.0063413 secs] 156376K->53877K(249344K), 0.0065772 secs] [Times: user=0.05 sys=0.00, real=0.01 secs] 
Heap after GC invocations=102 (full 0):
 par new generation   total 115200K, used 1346K [0x00000000f0000000, 0x00000000f7d00000, 0x00000000f7d00000)
  eden space 102400K,   0% used [0x00000000f0000000, 0x00000000f0000000, 0x00000000f6400000)
  from space 12800K,  10% used [0x00000000f6400000, 0x00000000f6550a80, 0x00000000f7080000)
  to   space 12800K,   0% used [0x00000000f7080000, 0x00000000f7080000, 0x00000000f7d00000)
 concurrent mark-sweep generation total 134144K, used 52530K [0x00000000f7d00000, 0x0000000100000000, 0x0000000100000000)
 Metaspace       used 53192K, capacity 56654K, committed 56832K, reserved 1099776K
  class space    used 6506K, capacity 7103K, committed 7168K, reserved 1048576K
}
{Heap before GC invocations=102 (full 0):
 par new generation   total 115200K, used 103746K [0x00000000f0000000, 0x00000000f7d00000, 0x00000000f7d00000)
  eden space 102400K, 100% used [0x00000000f0000000, 0x00000000f6400000, 0x00000000f6400000)
  from space 12800K,  10% used [0x00000000f6400000, 0x00000000f6550a80, 0x00000000f7080000)
  to   space 12800K,   0% used [0x00000000f7080000, 0x00000000f7080000, 0x00000000f7d00000)
 concurrent mark-sweep generation total 134144K, used 52530K [0x00000000f7d00000, 0x0000000100000000, 0x0000000100000000)
 Metaspace       used 53192K, capacity 56654K, committed 56832K, reserved 1099776K
  class space    used 6506K, capacity 7103K, committed 7168K, reserved 1048576K
2023-10-03T09:17:45.169+0800: 435.679: [GC (Allocation Failure) 2023-10-03T09:17:45.170+0800: 435.679: [ParNew: 103746K->1460K(115200K), 0.0057226 secs] 156277K->53991K(249344K), 0.0059504 secs] [Times: user=0.05 sys=0.00, real=0.01 secs] 
Heap after GC invocations=103 (full 0):
 par new generation   total 115200K, used 1460K [0x00000000f0000000, 0x00000000f7d00000, 0x00000000f7d00000)
  eden space 102400K,   0% used [0x00000000f0000000, 0x00000000f0000000, 0x00000000f6400000)
  from space 12800K,  11% used [0x00000000f7080000, 0x00000000f71ed2b0, 0x00000000f7d00000)
  to   space 12800K,   0% used [0x00000000f6400000, 0x00000000f6400000, 0x00000000f7080000)
 concurrent mark-sweep generation total 134144K, used 52530K [0x00000000f7d00000, 0x0000000100000000, 0x0000000100000000)
 Metaspace       used 53192K, capacity 56654K, committed 56832K, reserved 1099776K
  class space    used 6506K, capacity 7103K, committed 7168K, reserved 1048576K
}
{Heap before GC invocations=103 (full 0):
 par new generation   total 115200K, used 103860K [0x00000000f0000000, 0x00000000f7d00000, 0x00000000f7d00000)
  eden space 102400K, 100% used [0x00000000f0000000, 0x00000000f6400000, 0x00000000f6400000)
  from space 12800K,  11% used [0x00000000f7080000, 0x00000000f71ed2b0, 0x00000000f7d00000)
  to   space 12800K,   0% used [0x00000000f6400000, 0x00000000f6400000, 0x00000000f7080000)
 concurrent mark-sweep generation total 134144K, used 52530K [0x00000000f7d00000, 0x0000000100000000, 0x0000000100000000)
 Metaspace       used 53192K, capacity 56654K, committed 56832K, reserved 1099776K
  class space    used 6506K, capacity 7103K, committed 7168K, reserved 1048576K
2023-10-03T09:17:48.840+0800: 439.350: [GC (Allocation Failure) 2023-10-03T09:17:48.841+0800: 439.350: [ParNew: 103860K->1342K(115200K), 0.0054026 secs] 156391K->53873K(249344K), 0.0055954 secs] [Times: user=0.04 sys=0.00, real=0.01 secs] 
Heap after GC invocations=104 (full 0):
 par new generation   total 115200K, used 1342K [0x00000000f0000000, 0x00000000f7d00000, 0x00000000f7d00000)
  eden space 102400K,   0% used [0x00000000f0000000, 0x00000000f0000000, 0x00000000f6400000)
  from space 12800K,  10% used [0x00000000f6400000, 0x00000000f654fac0, 0x00000000f7080000)
  to   space 12800K,   0% used [0x00000000f7080000, 0x00000000f7080000, 0x00000000f7d00000)
 concurrent mark-sweep generation total 134144K, used 52530K [0x00000000f7d00000, 0x0000000100000000, 0x0000000100000000)
 Metaspace       used 53192K, capacity 56654K, committed 56832K, reserved 1099776K
  class space    used 6506K, capacity 7103K, committed 7168K, reserved 1048576K
}
{Heap before GC invocations=104 (full 0):
 par new generation   total 115200K, used 103742K [0x00000000f0000000, 0x00000000f7d00000, 0x00000000f7d00000)
  eden space 102400K, 100% used [0x00000000f0000000, 0x00000000f6400000, 0x00000000f6400000)
  from space 12800K,  10% used [0x00000000f6400000, 0x00000000f654fac0, 0x00000000f7080000)
  to   space 12800K,   0% used [0x00000000f7080000, 0x00000000f7080000, 0x00000000f7d00000)
 concurrent mark-sweep generation total 134144K, used 52530K [0x00000000f7d00000, 0x0000000100000000, 0x0000000100000000)
 Metaspace       used 53192K, capacity 56654K, committed 56832K, reserved 1099776K
  class space    used 6506K, capacity 7103K, committed 7168K, reserved 1048576K
2023-10-03T09:17:52.420+0800: 442.929: [GC (Allocation Failure) 2023-10-03T09:17:52.420+0800: 442.929: [ParNew: 103742K->1555K(115200K), 0.0062023 secs] 156273K->54087K(249344K), 0.0064386 secs] [Times: user=0.03 sys=0.02, real=0.01 secs] 
Heap after GC invocations=105 (full 0):
 par new generation   total 115200K, used 1555K [0x00000000f0000000, 0x00000000f7d00000, 0x00000000f7d00000)
  eden space 102400K,   0% used [0x00000000f0000000, 0x00000000f0000000, 0x00000000f6400000)
  from space 12800K,  12% used [0x00000000f7080000, 0x00000000f7204e20, 0x00000000f7d00000)
  to   space 12800K,   0% used [0x00000000f6400000, 0x00000000f6400000, 0x00000000f7080000)
 concurrent mark-sweep generation total 134144K, used 52531K [0x00000000f7d00000, 0x0000000100000000, 0x0000000100000000)
 Metaspace       used 53192K, capacity 56654K, committed 56832K, reserved 1099776K
  class space    used 6506K, capacity 7103K, committed 7168K, reserved 1048576K
}
{Heap before GC invocations=105 (full 0):
 par new generation   total 115200K, used 103955K [0x00000000f0000000, 0x00000000f7d00000, 0x00000000f7d00000)
  eden space 102400K, 100% used [0x00000000f0000000, 0x00000000f6400000, 0x00000000f6400000)
  from space 12800K,  12% used [0x00000000f7080000, 0x00000000f7204e20, 0x00000000f7d00000)
  to   space 12800K,   0% used [0x00000000f6400000, 0x00000000f6400000, 0x00000000f7080000)
 concurrent mark-sweep generation total 134144K, used 52531K [0x00000000f7d00000, 0x0000000100000000, 0x0000000100000000)
 Metaspace       used 53192K, capacity 56654K, committed 56832K, reserved 1099776K
  class space    used 6506K, capacity 7103K, committed 7168K, reserved 1048576K
2023-10-03T09:17:56.014+0800: 446.523: [GC (Allocation Failure) 2023-10-03T09:17:56.014+0800: 446.523: [ParNew: 103955K->1454K(115200K), 0.0062619 secs] 156487K->54009K(249344K), 0.0065201 secs] [Times: user=0.06 sys=0.00, real=0.00 secs] 
Heap after GC invocations=106 (full 0):
 par new generation   total 115200K, used 1454K [0x00000000f0000000, 0x00000000f7d00000, 0x00000000f7d00000)
  eden space 102400K,   0% used [0x00000000f0000000, 0x00000000f0000000, 0x00000000f6400000)
  from space 12800K,  11% used [0x00000000f6400000, 0x00000000f656ba50, 0x00000000f7080000)
  to   space 12800K,   0% used [0x00000000f7080000, 0x00000000f7080000, 0x00000000f7d00000)
 concurrent mark-sweep generation total 134144K, used 52554K [0x00000000f7d00000, 0x0000000100000000, 0x0000000100000000)
 Metaspace       used 53192K, capacity 56654K, committed 56832K, reserved 1099776K
  class space    used 6506K, capacity 7103K, committed 7168K, reserved 1048576K
}
{Heap before GC invocations=106 (full 0):
 par new generation   total 115200K, used 103854K [0x00000000f0000000, 0x00000000f7d00000, 0x00000000f7d00000)
  eden space 102400K, 100% used [0x00000000f0000000, 0x00000000f6400000, 0x00000000f6400000)
  from space 12800K,  11% used [0x00000000f6400000, 0x00000000f656ba50, 0x00000000f7080000)
  to   space 12800K,   0% used [0x00000000f7080000, 0x00000000f7080000, 0x00000000f7d00000)
 concurrent mark-sweep generation total 134144K, used 52554K [0x00000000f7d00000, 0x0000000100000000, 0x0000000100000000)
 Metaspace       used 53192K, capacity 56654K, committed 56832K, reserved 1099776K
  class space    used 6506K, capacity 7103K, committed 7168K, reserved 1048576K
2023-10-03T09:17:59.647+0800: 450.157: [GC (Allocation Failure) 2023-10-03T09:17:59.647+0800: 450.157: [ParNew: 103854K->1315K(115200K), 0.0063353 secs] 156409K->53870K(249344K), 0.0065644 secs] [Times: user=0.05 sys=0.00, real=0.01 secs] 
Heap after GC invocations=107 (full 0):
 par new generation   total 115200K, used 1315K [0x00000000f0000000, 0x00000000f7d00000, 0x00000000f7d00000)
  eden space 102400K,   0% used [0x00000000f0000000, 0x00000000f0000000, 0x00000000f6400000)
  from space 12800K,  10% used [0x00000000f7080000, 0x00000000f71c8fe0, 0x00000000f7d00000)
  to   space 12800K,   0% used [0x00000000f6400000, 0x00000000f6400000, 0x00000000f7080000)
 concurrent mark-sweep generation total 134144K, used 52554K [0x00000000f7d00000, 0x0000000100000000, 0x0000000100000000)
 Metaspace       used 53192K, capacity 56654K, committed 56832K, reserved 1099776K
  class space    used 6506K, capacity 7103K, committed 7168K, reserved 1048576K
}
{Heap before GC invocations=107 (full 0):
 par new generation   total 115200K, used 103715K [0x00000000f0000000, 0x00000000f7d00000, 0x00000000f7d00000)
  eden space 102400K, 100% used [0x00000000f0000000, 0x00000000f6400000, 0x00000000f6400000)
  from space 12800K,  10% used [0x00000000f7080000, 0x00000000f71c8fe0, 0x00000000f7d00000)
  to   space 12800K,   0% used [0x00000000f6400000, 0x00000000f6400000, 0x00000000f7080000)
 concurrent mark-sweep generation total 134144K, used 52554K [0x00000000f7d00000, 0x0000000100000000, 0x0000000100000000)
 Metaspace       used 53192K, capacity 56654K, committed 56832K, reserved 1099776K
  class space    used 6506K, capacity 7103K, committed 7168K, reserved 1048576K
2023-10-03T09:18:03.244+0800: 453.754: [GC (Allocation Failure) 2023-10-03T09:18:03.245+0800: 453.754: [ParNew: 103715K->1310K(115200K), 0.0066176 secs] 156270K->53866K(249344K), 0.0068565 secs] [Times: user=0.06 sys=0.00, real=0.00 secs] 
Heap after GC invocations=108 (full 0):
 par new generation   total 115200K, used 1310K [0x00000000f0000000, 0x00000000f7d00000, 0x00000000f7d00000)
  eden space 102400K,   0% used [0x00000000f0000000, 0x00000000f0000000, 0x00000000f6400000)
  from space 12800K,  10% used [0x00000000f6400000, 0x00000000f65478a0, 0x00000000f7080000)
  to   space 12800K,   0% used [0x00000000f7080000, 0x00000000f7080000, 0x00000000f7d00000)
 concurrent mark-sweep generation total 134144K, used 52555K [0x00000000f7d00000, 0x0000000100000000, 0x0000000100000000)
 Metaspace       used 53192K, capacity 56654K, committed 56832K, reserved 1099776K
  class space    used 6506K, capacity 7103K, committed 7168K, reserved 1048576K
}
{Heap before GC invocations=108 (full 0):
 par new generation   total 115200K, used 103710K [0x00000000f0000000, 0x00000000f7d00000, 0x00000000f7d00000)
  eden space 102400K, 100% used [0x00000000f0000000, 0x00000000f6400000, 0x00000000f6400000)
  from space 12800K,  10% used [0x00000000f6400000, 0x00000000f65478a0, 0x00000000f7080000)
  to   space 12800K,   0% used [0x00000000f7080000, 0x00000000f7080000, 0x00000000f7d00000)
 concurrent mark-sweep generation total 134144K, used 52555K [0x00000000f7d00000, 0x0000000100000000, 0x0000000100000000)
 Metaspace       used 53192K, capacity 56654K, committed 56832K, reserved 1099776K
  class space    used 6506K, capacity 7103K, committed 7168K, reserved 1048576K
2023-10-03T09:18:06.888+0800: 457.397: [GC (Allocation Failure) 2023-10-03T09:18:06.888+0800: 457.397: [ParNew: 103710K->1461K(115200K), 0.0054558 secs] 156266K->54017K(249344K), 0.0056690 secs] [Times: user=0.05 sys=0.00, real=0.01 secs] 
Heap after GC invocations=109 (full 0):
 par new generation   total 115200K, used 1461K [0x00000000f0000000, 0x00000000f7d00000, 0x00000000f7d00000)
  eden space 102400K,   0% used [0x00000000f0000000, 0x00000000f0000000, 0x00000000f6400000)
  from space 12800K,  11% used [0x00000000f7080000, 0x00000000f71ed450, 0x00000000f7d00000)
  to   space 12800K,   0% used [0x00000000f6400000, 0x00000000f6400000, 0x00000000f7080000)
 concurrent mark-sweep generation total 134144K, used 52556K [0x00000000f7d00000, 0x0000000100000000, 0x0000000100000000)
 Metaspace       used 53192K, capacity 56654K, committed 56832K, reserved 1099776K
  class space    used 6506K, capacity 7103K, committed 7168K, reserved 1048576K
}
{Heap before GC invocations=109 (full 0):
 par new generation   total 115200K, used 103861K [0x00000000f0000000, 0x00000000f7d00000, 0x00000000f7d00000)
  eden space 102400K, 100% used [0x00000000f0000000, 0x00000000f6400000, 0x00000000f6400000)
  from space 12800K,  11% used [0x00000000f7080000, 0x00000000f71ed450, 0x00000000f7d00000)
  to   space 12800K,   0% used [0x00000000f6400000, 0x00000000f6400000, 0x00000000f7080000)
 concurrent mark-sweep generation total 134144K, used 52556K [0x00000000f7d00000, 0x0000000100000000, 0x0000000100000000)
 Metaspace       used 53192K, capacity 56654K, committed 56832K, reserved 1099776K
  class space    used 6506K, capacity 7103K, committed 7168K, reserved 1048576K
2023-10-03T09:18:10.558+0800: 461.067: [GC (Allocation Failure) 2023-10-03T09:18:10.558+0800: 461.067: [ParNew: 103861K->1349K(115200K), 0.0057041 secs] 156417K->53907K(249344K), 0.0058654 secs] [Times: user=0.05 sys=0.00, real=0.01 secs] 
Heap after GC invocations=110 (full 0):
 par new generation   total 115200K, used 1349K [0x00000000f0000000, 0x00000000f7d00000, 0x00000000f7d00000)
  eden space 102400K,   0% used [0x00000000f0000000, 0x00000000f0000000, 0x00000000f6400000)
  from space 12800K,  10% used [0x00000000f6400000, 0x00000000f65516e0, 0x00000000f7080000)
  to   space 12800K,   0% used [0x00000000f7080000, 0x00000000f7080000, 0x00000000f7d00000)
 concurrent mark-sweep generation total 134144K, used 52557K [0x00000000f7d00000, 0x0000000100000000, 0x0000000100000000)
 Metaspace       used 53192K, capacity 56654K, committed 56832K, reserved 1099776K
  class space    used 6506K, capacity 7103K, committed 7168K, reserved 1048576K
}
{Heap before GC invocations=110 (full 0):
 par new generation   total 115200K, used 103749K [0x00000000f0000000, 0x00000000f7d00000, 0x00000000f7d00000)
  eden space 102400K, 100% used [0x00000000f0000000, 0x00000000f6400000, 0x00000000f6400000)
  from space 12800K,  10% used [0x00000000f6400000, 0x00000000f65516e0, 0x00000000f7080000)
  to   space 12800K,   0% used [0x00000000f7080000, 0x00000000f7080000, 0x00000000f7d00000)
 concurrent mark-sweep generation total 134144K, used 52557K [0x00000000f7d00000, 0x0000000100000000, 0x0000000100000000)
 Metaspace       used 53194K, capacity 56654K, committed 56832K, reserved 1099776K
  class space    used 6506K, capacity 7103K, committed 7168K, reserved 1048576K
2023-10-03T09:18:14.118+0800: 464.627: [GC (Allocation Failure) 2023-10-03T09:18:14.118+0800: 464.628: [ParNew: 103749K->1348K(115200K), 0.0064458 secs] 156307K->53913K(249344K), 0.0066943 secs] [Times: user=0.06 sys=0.00, real=0.01 secs] 
Heap after GC invocations=111 (full 0):
 par new generation   total 115200K, used 1348K [0x00000000f0000000, 0x00000000f7d00000, 0x00000000f7d00000)
  eden space 102400K,   0% used [0x00000000f0000000, 0x00000000f0000000, 0x00000000f6400000)
  from space 12800K,  10% used [0x00000000f7080000, 0x00000000f71d1380, 0x00000000f7d00000)
  to   space 12800K,   0% used [0x00000000f6400000, 0x00000000f6400000, 0x00000000f7080000)
 concurrent mark-sweep generation total 134144K, used 52564K [0x00000000f7d00000, 0x0000000100000000, 0x0000000100000000)
 Metaspace       used 53194K, capacity 56654K, committed 56832K, reserved 1099776K
  class space    used 6506K, capacity 7103K, committed 7168K, reserved 1048576K
}
{Heap before GC invocations=111 (full 0):
 par new generation   total 115200K, used 103748K [0x00000000f0000000, 0x00000000f7d00000, 0x00000000f7d00000)
  eden space 102400K, 100% used [0x00000000f0000000, 0x00000000f6400000, 0x00000000f6400000)
  from space 12800K,  10% used [0x00000000f7080000, 0x00000000f71d1380, 0x00000000f7d00000)
  to   space 12800K,   0% used [0x00000000f6400000, 0x00000000f6400000, 0x00000000f7080000)
 concurrent mark-sweep generation total 134144K, used 52564K [0x00000000f7d00000, 0x0000000100000000, 0x0000000100000000)
 Metaspace       used 53194K, capacity 56654K, committed 56832K, reserved 1099776K
  class space    used 6506K, capacity 7103K, committed 7168K, reserved 1048576K
2023-10-03T09:18:17.704+0800: 468.213: [GC (Allocation Failure) 2023-10-03T09:18:17.704+0800: 468.213: [ParNew: 103748K->1457K(115200K), 0.0064335 secs] 156313K->54022K(249344K), 0.0066781 secs] [Times: user=0.05 sys=0.00, real=0.00 secs] 
Heap after GC invocations=112 (full 0):
 par new generation   total 115200K, used 1457K [0x00000000f0000000, 0x00000000f7d00000, 0x00000000f7d00000)
  eden space 102400K,   0% used [0x00000000f0000000, 0x00000000f0000000, 0x00000000f6400000)
  from space 12800K,  11% used [0x00000000f6400000, 0x00000000f656c548, 0x00000000f7080000)
  to   space 12800K,   0% used [0x00000000f7080000, 0x00000000f7080000, 0x00000000f7d00000)
 concurrent mark-sweep generation total 134144K, used 52564K [0x00000000f7d00000, 0x0000000100000000, 0x0000000100000000)
 Metaspace       used 53194K, capacity 56654K, committed 56832K, reserved 1099776K
  class space    used 6506K, capacity 7103K, committed 7168K, reserved 1048576K
}
{Heap before GC invocations=112 (full 0):
 par new generation   total 115200K, used 103857K [0x00000000f0000000, 0x00000000f7d00000, 0x00000000f7d00000)
  eden space 102400K, 100% used [0x00000000f0000000, 0x00000000f6400000, 0x00000000f6400000)
  from space 12800K,  11% used [0x00000000f6400000, 0x00000000f656c548, 0x00000000f7080000)
  to   space 12800K,   0% used [0x00000000f7080000, 0x00000000f7080000, 0x00000000f7d00000)
 concurrent mark-sweep generation total 134144K, used 52564K [0x00000000f7d00000, 0x0000000100000000, 0x0000000100000000)
 Metaspace       used 53194K, capacity 56654K, committed 56832K, reserved 1099776K
  class space    used 6506K, capacity 7103K, committed 7168K, reserved 1048576K
2023-10-03T09:18:21.368+0800: 471.877: [GC (Allocation Failure) 2023-10-03T09:18:21.368+0800: 471.877: [ParNew: 103857K->1486K(115200K), 0.0063475 secs] 156422K->54056K(249344K), 0.0065759 secs] [Times: user=0.05 sys=0.00, real=0.01 secs] 
Heap after GC invocations=113 (full 0):
 par new generation   total 115200K, used 1486K [0x00000000f0000000, 0x00000000f7d00000, 0x00000000f7d00000)
  eden space 102400K,   0% used [0x00000000f0000000, 0x00000000f0000000, 0x00000000f6400000)
  from space 12800K,  11% used [0x00000000f7080000, 0x00000000f71f3a48, 0x00000000f7d00000)
  to   space 12800K,   0% used [0x00000000f6400000, 0x00000000f6400000, 0x00000000f7080000)
 concurrent mark-sweep generation total 134144K, used 52569K [0x00000000f7d00000, 0x0000000100000000, 0x0000000100000000)
 Metaspace       used 53194K, capacity 56654K, committed 56832K, reserved 1099776K
  class space    used 6506K, capacity 7103K, committed 7168K, reserved 1048576K
}
{Heap before GC invocations=113 (full 0):
 par new generation   total 115200K, used 103886K [0x00000000f0000000, 0x00000000f7d00000, 0x00000000f7d00000)
  eden space 102400K, 100% used [0x00000000f0000000, 0x00000000f6400000, 0x00000000f6400000)
  from space 12800K,  11% used [0x00000000f7080000, 0x00000000f71f3a48, 0x00000000f7d00000)
  to   space 12800K,   0% used [0x00000000f6400000, 0x00000000f6400000, 0x00000000f7080000)
 concurrent mark-sweep generation total 134144K, used 52569K [0x00000000f7d00000, 0x0000000100000000, 0x0000000100000000)
 Metaspace       used 53194K, capacity 56654K, committed 56832K, reserved 1099776K
  class space    used 6506K, capacity 7103K, committed 7168K, reserved 1048576K
2023-10-03T09:18:24.965+0800: 475.474: [GC (Allocation Failure) 2023-10-03T09:18:24.965+0800: 475.474: [ParNew: 103886K->1388K(115200K), 0.0067357 secs] 156456K->53986K(249344K), 0.0069872 secs] [Times: user=0.05 sys=0.00, real=0.00 secs] 
Heap after GC invocations=114 (full 0):
 par new generation   total 115200K, used 1388K [0x00000000f0000000, 0x00000000f7d00000, 0x00000000f7d00000)
  eden space 102400K,   0% used [0x00000000f0000000, 0x00000000f0000000, 0x00000000f6400000)
  from space 12800K,  10% used [0x00000000f6400000, 0x00000000f655b100, 0x00000000f7080000)
  to   space 12800K,   0% used [0x00000000f7080000, 0x00000000f7080000, 0x00000000f7d00000)
 concurrent mark-sweep generation total 134144K, used 52597K [0x00000000f7d00000, 0x0000000100000000, 0x0000000100000000)
 Metaspace       used 53194K, capacity 56654K, committed 56832K, reserved 1099776K
  class space    used 6506K, capacity 7103K, committed 7168K, reserved 1048576K
}
{Heap before GC invocations=114 (full 0):
 par new generation   total 115200K, used 103788K [0x00000000f0000000, 0x00000000f7d00000, 0x00000000f7d00000)
  eden space 102400K, 100% used [0x00000000f0000000, 0x00000000f6400000, 0x00000000f6400000)
  from space 12800K,  10% used [0x00000000f6400000, 0x00000000f655b100, 0x00000000f7080000)
  to   space 12800K,   0% used [0x00000000f7080000, 0x00000000f7080000, 0x00000000f7d00000)
 concurrent mark-sweep generation total 134144K, used 52597K [0x00000000f7d00000, 0x0000000100000000, 0x0000000100000000)
 Metaspace       used 53194K, capacity 56654K, committed 56832K, reserved 1099776K
  class space    used 6506K, capacity 7103K, committed 7168K, reserved 1048576K
2023-10-03T09:18:28.612+0800: 479.121: [GC (Allocation Failure) 2023-10-03T09:18:28.612+0800: 479.121: [ParNew: 103788K->1502K(115200K), 0.0190531 secs] 156386K->54104K(249344K), 0.0192200 secs] [Times: user=0.05 sys=0.00, real=0.02 secs] 
Heap after GC invocations=115 (full 0):
 par new generation   total 115200K, used 1502K [0x00000000f0000000, 0x00000000f7d00000, 0x00000000f7d00000)
  eden space 102400K,   0% used [0x00000000f0000000, 0x00000000f0000000, 0x00000000f6400000)
  from space 12800K,  11% used [0x00000000f7080000, 0x00000000f71f7a78, 0x00000000f7d00000)
  to   space 12800K,   0% used [0x00000000f6400000, 0x00000000f6400000, 0x00000000f7080000)
 concurrent mark-sweep generation total 134144K, used 52602K [0x00000000f7d00000, 0x0000000100000000, 0x0000000100000000)
 Metaspace       used 53194K, capacity 56654K, committed 56832K, reserved 1099776K
  class space    used 6506K, capacity 7103K, committed 7168K, reserved 1048576K
}
{Heap before GC invocations=115 (full 0):
 par new generation   total 115200K, used 103902K [0x00000000f0000000, 0x00000000f7d00000, 0x00000000f7d00000)
  eden space 102400K, 100% used [0x00000000f0000000, 0x00000000f6400000, 0x00000000f6400000)
  from space 12800K,  11% used [0x00000000f7080000, 0x00000000f71f7a78, 0x00000000f7d00000)
  to   space 12800K,   0% used [0x00000000f6400000, 0x00000000f6400000, 0x00000000f7080000)
 concurrent mark-sweep generation total 134144K, used 52602K [0x00000000f7d00000, 0x0000000100000000, 0x0000000100000000)
 Metaspace       used 53194K, capacity 56654K, committed 56832K, reserved 1099776K
  class space    used 6506K, capacity 7103K, committed 7168K, reserved 1048576K
2023-10-03T09:18:32.284+0800: 482.793: [GC (Allocation Failure) 2023-10-03T09:18:32.284+0800: 482.793: [ParNew: 103902K->1375K(115200K), 0.0059114 secs] 156504K->53977K(249344K), 0.0060959 secs] [Times: user=0.05 sys=0.00, real=0.00 secs] 
Heap after GC invocations=116 (full 0):
 par new generation   total 115200K, used 1375K [0x00000000f0000000, 0x00000000f7d00000, 0x00000000f7d00000)
  eden space 102400K,   0% used [0x00000000f0000000, 0x00000000f0000000, 0x00000000f6400000)
  from space 12800K,  10% used [0x00000000f6400000, 0x00000000f6557e00, 0x00000000f7080000)
  to   space 12800K,   0% used [0x00000000f7080000, 0x00000000f7080000, 0x00000000f7d00000)
 concurrent mark-sweep generation total 134144K, used 52602K [0x00000000f7d00000, 0x0000000100000000, 0x0000000100000000)
 Metaspace       used 53194K, capacity 56654K, committed 56832K, reserved 1099776K
  class space    used 6506K, capacity 7103K, committed 7168K, reserved 1048576K
}
{Heap before GC invocations=116 (full 0):
 par new generation   total 115200K, used 103775K [0x00000000f0000000, 0x00000000f7d00000, 0x00000000f7d00000)
  eden space 102400K, 100% used [0x00000000f0000000, 0x00000000f6400000, 0x00000000f6400000)
  from space 12800K,  10% used [0x00000000f6400000, 0x00000000f6557e00, 0x00000000f7080000)
  to   space 12800K,   0% used [0x00000000f7080000, 0x00000000f7080000, 0x00000000f7d00000)
 concurrent mark-sweep generation total 134144K, used 52602K [0x00000000f7d00000, 0x0000000100000000, 0x0000000100000000)
 Metaspace       used 53194K, capacity 56654K, committed 56832K, reserved 1099776K
  class space    used 6506K, capacity 7103K, committed 7168K, reserved 1048576K
2023-10-03T09:18:35.849+0800: 486.359: [GC (Allocation Failure) 2023-10-03T09:18:35.850+0800: 486.359: [ParNew: 103775K->1378K(115200K), 0.0061042 secs] 156377K->53985K(249344K), 0.0063411 secs] [Times: user=0.04 sys=0.00, real=0.01 secs] 
Heap after GC invocations=117 (full 0):
 par new generation   total 115200K, used 1378K [0x00000000f0000000, 0x00000000f7d00000, 0x00000000f7d00000)
  eden space 102400K,   0% used [0x00000000f0000000, 0x00000000f0000000, 0x00000000f6400000)
  from space 12800K,  10% used [0x00000000f7080000, 0x00000000f71d89a0, 0x00000000f7d00000)
  to   space 12800K,   0% used [0x00000000f6400000, 0x00000000f6400000, 0x00000000f7080000)
 concurrent mark-sweep generation total 134144K, used 52607K [0x00000000f7d00000, 0x0000000100000000, 0x0000000100000000)
 Metaspace       used 53194K, capacity 56654K, committed 56832K, reserved 1099776K
  class space    used 6506K, capacity 7103K, committed 7168K, reserved 1048576K
}
{Heap before GC invocations=117 (full 0):
 par new generation   total 115200K, used 103778K [0x00000000f0000000, 0x00000000f7d00000, 0x00000000f7d00000)
  eden space 102400K, 100% used [0x00000000f0000000, 0x00000000f6400000, 0x00000000f6400000)
  from space 12800K,  10% used [0x00000000f7080000, 0x00000000f71d89a0, 0x00000000f7d00000)
  to   space 12800K,   0% used [0x00000000f6400000, 0x00000000f6400000, 0x00000000f7080000)
 concurrent mark-sweep generation total 134144K, used 52607K [0x00000000f7d00000, 0x0000000100000000, 0x0000000100000000)
 Metaspace       used 53194K, capacity 56654K, committed 56832K, reserved 1099776K
  class space    used 6506K, capacity 7103K, committed 7168K, reserved 1048576K
2023-10-03T09:18:39.444+0800: 489.954: [GC (Allocation Failure) 2023-10-03T09:18:39.445+0800: 489.954: [ParNew: 103778K->1619K(115200K), 0.0064567 secs] 156385K->54231K(249344K), 0.0066909 secs] [Times: user=0.05 sys=0.00, real=0.00 secs] 
Heap after GC invocations=118 (full 0):
 par new generation   total 115200K, used 1619K [0x00000000f0000000, 0x00000000f7d00000, 0x00000000f7d00000)
  eden space 102400K,   0% used [0x00000000f0000000, 0x00000000f0000000, 0x00000000f6400000)
  from space 12800K,  12% used [0x00000000f6400000, 0x00000000f6594d30, 0x00000000f7080000)
  to   space 12800K,   0% used [0x00000000f7080000, 0x00000000f7080000, 0x00000000f7d00000)
 concurrent mark-sweep generation total 134144K, used 52612K [0x00000000f7d00000, 0x0000000100000000, 0x0000000100000000)
 Metaspace       used 53194K, capacity 56654K, committed 56832K, reserved 1099776K
  class space    used 6506K, capacity 7103K, committed 7168K, reserved 1048576K
}
{Heap before GC invocations=118 (full 0):
 par new generation   total 115200K, used 104019K [0x00000000f0000000, 0x00000000f7d00000, 0x00000000f7d00000)
  eden space 102400K, 100% used [0x00000000f0000000, 0x00000000f6400000, 0x00000000f6400000)
  from space 12800K,  12% used [0x00000000f6400000, 0x00000000f6594d30, 0x00000000f7080000)
  to   space 12800K,   0% used [0x00000000f7080000, 0x00000000f7080000, 0x00000000f7d00000)
 concurrent mark-sweep generation total 134144K, used 52612K [0x00000000f7d00000, 0x0000000100000000, 0x0000000100000000)
 Metaspace       used 53194K, capacity 56654K, committed 56832K, reserved 1099776K
  class space    used 6506K, capacity 7103K, committed 7168K, reserved 1048576K
2023-10-03T09:18:43.098+0800: 493.607: [GC (Allocation Failure) 2023-10-03T09:18:43.098+0800: 493.608: [ParNew: 104019K->1597K(115200K), 0.0058026 secs] 156631K->54249K(249344K), 0.0059946 secs] [Times: user=0.05 sys=0.00, real=0.01 secs] 
Heap after GC invocations=119 (full 0):
 par new generation   total 115200K, used 1597K [0x00000000f0000000, 0x00000000f7d00000, 0x00000000f7d00000)
  eden space 102400K,   0% used [0x00000000f0000000, 0x00000000f0000000, 0x00000000f6400000)
  from space 12800K,  12% used [0x00000000f7080000, 0x00000000f720f540, 0x00000000f7d00000)
  to   space 12800K,   0% used [0x00000000f6400000, 0x00000000f6400000, 0x00000000f7080000)
 concurrent mark-sweep generation total 134144K, used 52651K [0x00000000f7d00000, 0x0000000100000000, 0x0000000100000000)
 Metaspace       used 53194K, capacity 56654K, committed 56832K, reserved 1099776K
  class space    used 6506K, capacity 7103K, committed 7168K, reserved 1048576K
}
{Heap before GC invocations=119 (full 0):
 par new generation   total 115200K, used 103997K [0x00000000f0000000, 0x00000000f7d00000, 0x00000000f7d00000)
  eden space 102400K, 100% used [0x00000000f0000000, 0x00000000f6400000, 0x00000000f6400000)
  from space 12800K,  12% used [0x00000000f7080000, 0x00000000f720f540, 0x00000000f7d00000)
  to   space 12800K,   0% used [0x00000000f6400000, 0x00000000f6400000, 0x00000000f7080000)
 concurrent mark-sweep generation total 134144K, used 52651K [0x00000000f7d00000, 0x0000000100000000, 0x0000000100000000)
 Metaspace       used 53196K, capacity 56718K, committed 56832K, reserved 1099776K
  class space    used 6506K, capacity 7103K, committed 7168K, reserved 1048576K
2023-10-03T09:18:46.673+0800: 497.182: [GC (Allocation Failure) 2023-10-03T09:18:46.673+0800: 497.183: [ParNew: 103997K->2472K(115200K), 0.0067740 secs] 156649K->55131K(249344K), 0.0070282 secs] [Times: user=0.06 sys=0.00, real=0.00 secs] 
Heap after GC invocations=120 (full 0):
 par new generation   total 115200K, used 2472K [0x00000000f0000000, 0x00000000f7d00000, 0x00000000f7d00000)
  eden space 102400K,   0% used [0x00000000f0000000, 0x00000000f0000000, 0x00000000f6400000)
  from space 12800K,  19% used [0x00000000f6400000, 0x00000000f666a2a0, 0x00000000f7080000)
  to   space 12800K,   0% used [0x00000000f7080000, 0x00000000f7080000, 0x00000000f7d00000)
 concurrent mark-sweep generation total 134144K, used 52659K [0x00000000f7d00000, 0x0000000100000000, 0x0000000100000000)
 Metaspace       used 53196K, capacity 56718K, committed 56832K, reserved 1099776K
  class space    used 6506K, capacity 7103K, committed 7168K, reserved 1048576K
}
{Heap before GC invocations=120 (full 0):
 par new generation   total 115200K, used 104872K [0x00000000f0000000, 0x00000000f7d00000, 0x00000000f7d00000)
  eden space 102400K, 100% used [0x00000000f0000000, 0x00000000f6400000, 0x00000000f6400000)
  from space 12800K,  19% used [0x00000000f6400000, 0x00000000f666a2a0, 0x00000000f7080000)
  to   space 12800K,   0% used [0x00000000f7080000, 0x00000000f7080000, 0x00000000f7d00000)
 concurrent mark-sweep generation total 134144K, used 52659K [0x00000000f7d00000, 0x0000000100000000, 0x0000000100000000)
 Metaspace       used 53196K, capacity 56718K, committed 56832K, reserved 1099776K
  class space    used 6506K, capacity 7103K, committed 7168K, reserved 1048576K
2023-10-03T09:18:50.345+0800: 500.854: [GC (Allocation Failure) 2023-10-03T09:18:50.345+0800: 500.855: [ParNew: 104872K->2172K(115200K), 0.0054425 secs] 157531K->54831K(249344K), 0.0056376 secs] [Times: user=0.04 sys=0.00, real=0.00 secs] 
Heap after GC invocations=121 (full 0):
 par new generation   total 115200K, used 2172K [0x00000000f0000000, 0x00000000f7d00000, 0x00000000f7d00000)
  eden space 102400K,   0% used [0x00000000f0000000, 0x00000000f0000000, 0x00000000f6400000)
  from space 12800K,  16% used [0x00000000f7080000, 0x00000000f729f2a0, 0x00000000f7d00000)
  to   space 12800K,   0% used [0x00000000f6400000, 0x00000000f6400000, 0x00000000f7080000)
 concurrent mark-sweep generation total 134144K, used 52659K [0x00000000f7d00000, 0x0000000100000000, 0x0000000100000000)
 Metaspace       used 53196K, capacity 56718K, committed 56832K, reserved 1099776K
  class space    used 6506K, capacity 7103K, committed 7168K, reserved 1048576K
}
{Heap before GC invocations=121 (full 0):
 par new generation   total 115200K, used 104572K [0x00000000f0000000, 0x00000000f7d00000, 0x00000000f7d00000)
  eden space 102400K, 100% used [0x00000000f0000000, 0x00000000f6400000, 0x00000000f6400000)
  from space 12800K,  16% used [0x00000000f7080000, 0x00000000f729f2a0, 0x00000000f7d00000)
  to   space 12800K,   0% used [0x00000000f6400000, 0x00000000f6400000, 0x00000000f7080000)
 concurrent mark-sweep generation total 134144K, used 52659K [0x00000000f7d00000, 0x0000000100000000, 0x0000000100000000)
 Metaspace       used 53196K, capacity 56718K, committed 56832K, reserved 1099776K
  class space    used 6506K, capacity 7103K, committed 7168K, reserved 1048576K
2023-10-03T09:18:54.006+0800: 504.516: [GC (Allocation Failure) 2023-10-03T09:18:54.007+0800: 504.516: [ParNew: 104572K->1955K(115200K), 0.0062740 secs] 157231K->54614K(249344K), 0.0064498 secs] [Times: user=0.06 sys=0.00, real=0.01 secs] 
Heap after GC invocations=122 (full 0):
 par new generation   total 115200K, used 1955K [0x00000000f0000000, 0x00000000f7d00000, 0x00000000f7d00000)
  eden space 102400K,   0% used [0x00000000f0000000, 0x00000000f0000000, 0x00000000f6400000)
  from space 12800K,  15% used [0x00000000f6400000, 0x00000000f65e8df0, 0x00000000f7080000)
  to   space 12800K,   0% used [0x00000000f7080000, 0x00000000f7080000, 0x00000000f7d00000)
 concurrent mark-sweep generation total 134144K, used 52659K [0x00000000f7d00000, 0x0000000100000000, 0x0000000100000000)
 Metaspace       used 53196K, capacity 56718K, committed 56832K, reserved 1099776K
  class space    used 6506K, capacity 7103K, committed 7168K, reserved 1048576K
}
{Heap before GC invocations=122 (full 0):
 par new generation   total 115200K, used 104355K [0x00000000f0000000, 0x00000000f7d00000, 0x00000000f7d00000)
  eden space 102400K, 100% used [0x00000000f0000000, 0x00000000f6400000, 0x00000000f6400000)
  from space 12800K,  15% used [0x00000000f6400000, 0x00000000f65e8df0, 0x00000000f7080000)
  to   space 12800K,   0% used [0x00000000f7080000, 0x00000000f7080000, 0x00000000f7d00000)
 concurrent mark-sweep generation total 134144K, used 52659K [0x00000000f7d00000, 0x0000000100000000, 0x0000000100000000)
 Metaspace       used 53196K, capacity 56718K, committed 56832K, reserved 1099776K
  class space    used 6506K, capacity 7103K, committed 7168K, reserved 1048576K
2023-10-03T09:18:57.565+0800: 508.074: [GC (Allocation Failure) 2023-10-03T09:18:57.565+0800: 508.074: [ParNew: 104355K->2002K(115200K), 0.0068413 secs] 157014K->54661K(249344K), 0.0071311 secs] [Times: user=0.06 sys=0.00, real=0.00 secs] 
Heap after GC invocations=123 (full 0):
 par new generation   total 115200K, used 2002K [0x00000000f0000000, 0x00000000f7d00000, 0x00000000f7d00000)
  eden space 102400K,   0% used [0x00000000f0000000, 0x00000000f0000000, 0x00000000f6400000)
  from space 12800K,  15% used [0x00000000f7080000, 0x00000000f7274a08, 0x00000000f7d00000)
  to   space 12800K,   0% used [0x00000000f6400000, 0x00000000f6400000, 0x00000000f7080000)
 concurrent mark-sweep generation total 134144K, used 52659K [0x00000000f7d00000, 0x0000000100000000, 0x0000000100000000)
 Metaspace       used 53196K, capacity 56718K, committed 56832K, reserved 1099776K
  class space    used 6506K, capacity 7103K, committed 7168K, reserved 1048576K
}
{Heap before GC invocations=123 (full 0):
 par new generation   total 115200K, used 104402K [0x00000000f0000000, 0x00000000f7d00000, 0x00000000f7d00000)
  eden space 102400K, 100% used [0x00000000f0000000, 0x00000000f6400000, 0x00000000f6400000)
  from space 12800K,  15% used [0x00000000f7080000, 0x00000000f7274a08, 0x00000000f7d00000)
  to   space 12800K,   0% used [0x00000000f6400000, 0x00000000f6400000, 0x00000000f7080000)
 concurrent mark-sweep generation total 134144K, used 52659K [0x00000000f7d00000, 0x0000000100000000, 0x0000000100000000)
 Metaspace       used 53198K, capacity 56718K, committed 56832K, reserved 1099776K
  class space    used 6506K, capacity 7103K, committed 7168K, reserved 1048576K
2023-10-03T09:19:01.144+0800: 511.654: [GC (Allocation Failure) 2023-10-03T09:19:01.144+0800: 511.654: [ParNew: 104402K->2017K(115200K), 0.0195605 secs] 157061K->54684K(249344K), 0.0198402 secs] [Times: user=0.06 sys=0.00, real=0.02 secs] 
Heap after GC invocations=124 (full 0):
 par new generation   total 115200K, used 2017K [0x00000000f0000000, 0x00000000f7d00000, 0x00000000f7d00000)
  eden space 102400K,   0% used [0x00000000f0000000, 0x00000000f0000000, 0x00000000f6400000)
  from space 12800K,  15% used [0x00000000f6400000, 0x00000000f65f8488, 0x00000000f7080000)
  to   space 12800K,   0% used [0x00000000f7080000, 0x00000000f7080000, 0x00000000f7d00000)
 concurrent mark-sweep generation total 134144K, used 52667K [0x00000000f7d00000, 0x0000000100000000, 0x0000000100000000)
 Metaspace       used 53198K, capacity 56718K, committed 56832K, reserved 1099776K
  class space    used 6506K, capacity 7103K, committed 7168K, reserved 1048576K
}
{Heap before GC invocations=124 (full 0):
 par new generation   total 115200K, used 104417K [0x00000000f0000000, 0x00000000f7d00000, 0x00000000f7d00000)
  eden space 102400K, 100% used [0x00000000f0000000, 0x00000000f6400000, 0x00000000f6400000)
  from space 12800K,  15% used [0x00000000f6400000, 0x00000000f65f8488, 0x00000000f7080000)
  to   space 12800K,   0% used [0x00000000f7080000, 0x00000000f7080000, 0x00000000f7d00000)
 concurrent mark-sweep generation total 134144K, used 52667K [0x00000000f7d00000, 0x0000000100000000, 0x0000000100000000)
 Metaspace       used 53198K, capacity 56718K, committed 56832K, reserved 1099776K
  class space    used 6506K, capacity 7103K, committed 7168K, reserved 1048576K
2023-10-03T09:19:04.815+0800: 515.324: [GC (Allocation Failure) 2023-10-03T09:19:04.815+0800: 515.324: [ParNew: 104417K->2005K(115200K), 0.0086425 secs] 157084K->54822K(249344K), 0.0088744 secs] [Times: user=0.07 sys=0.00, real=0.01 secs] 
Heap after GC invocations=125 (full 0):
 par new generation   total 115200K, used 2005K [0x00000000f0000000, 0x00000000f7d00000, 0x00000000f7d00000)
  eden space 102400K,   0% used [0x00000000f0000000, 0x00000000f0000000, 0x00000000f6400000)
  from space 12800K,  15% used [0x00000000f7080000, 0x00000000f7275770, 0x00000000f7d00000)
  to   space 12800K,   0% used [0x00000000f6400000, 0x00000000f6400000, 0x00000000f7080000)
 concurrent mark-sweep generation total 134144K, used 52816K [0x00000000f7d00000, 0x0000000100000000, 0x0000000100000000)
 Metaspace       used 53198K, capacity 56718K, committed 56832K, reserved 1099776K
  class space    used 6506K, capacity 7103K, committed 7168K, reserved 1048576K
}
{Heap before GC invocations=125 (full 0):
 par new generation   total 115200K, used 104405K [0x00000000f0000000, 0x00000000f7d00000, 0x00000000f7d00000)
  eden space 102400K, 100% used [0x00000000f0000000, 0x00000000f6400000, 0x00000000f6400000)
  from space 12800K,  15% used [0x00000000f7080000, 0x00000000f7275770, 0x00000000f7d00000)
  to   space 12800K,   0% used [0x00000000f6400000, 0x00000000f6400000, 0x00000000f7080000)
 concurrent mark-sweep generation total 134144K, used 52816K [0x00000000f7d00000, 0x0000000100000000, 0x0000000100000000)
 Metaspace       used 53198K, capacity 56718K, committed 56832K, reserved 1099776K
  class space    used 6506K, capacity 7103K, committed 7168K, reserved 1048576K
2023-10-03T09:19:08.400+0800: 518.910: [GC (Allocation Failure) 2023-10-03T09:19:08.401+0800: 518.910: [ParNew: 104405K->1585K(115200K), 0.0081311 secs] 157222K->54724K(249344K), 0.0083950 secs] [Times: user=0.07 sys=0.00, real=0.01 secs] 
Heap after GC invocations=126 (full 0):
 par new generation   total 115200K, used 1585K [0x00000000f0000000, 0x00000000f7d00000, 0x00000000f7d00000)
  eden space 102400K,   0% used [0x00000000f0000000, 0x00000000f0000000, 0x00000000f6400000)
  from space 12800K,  12% used [0x00000000f6400000, 0x00000000f658c790, 0x00000000f7080000)
  to   space 12800K,   0% used [0x00000000f7080000, 0x00000000f7080000, 0x00000000f7d00000)
 concurrent mark-sweep generation total 134144K, used 53138K [0x00000000f7d00000, 0x0000000100000000, 0x0000000100000000)
 Metaspace       used 53198K, capacity 56718K, committed 56832K, reserved 1099776K
  class space    used 6506K, capacity 7103K, committed 7168K, reserved 1048576K
}
{Heap before GC invocations=126 (full 0):
 par new generation   total 115200K, used 103985K [0x00000000f0000000, 0x00000000f7d00000, 0x00000000f7d00000)
  eden space 102400K, 100% used [0x00000000f0000000, 0x00000000f6400000, 0x00000000f6400000)
  from space 12800K,  12% used [0x00000000f6400000, 0x00000000f658c790, 0x00000000f7080000)
  to   space 12800K,   0% used [0x00000000f7080000, 0x00000000f7080000, 0x00000000f7d00000)
 concurrent mark-sweep generation total 134144K, used 53138K [0x00000000f7d00000, 0x0000000100000000, 0x0000000100000000)
 Metaspace       used 53199K, capacity 56718K, committed 56832K, reserved 1099776K
  class space    used 6506K, capacity 7103K, committed 7168K, reserved 1048576K
2023-10-03T09:19:12.076+0800: 522.585: [GC (Allocation Failure) 2023-10-03T09:19:12.076+0800: 522.585: [ParNew: 103985K->1437K(115200K), 0.0058653 secs] 157124K->54584K(249344K), 0.0060294 secs] [Times: user=0.05 sys=0.00, real=0.00 secs] 
Heap after GC invocations=127 (full 0):
 par new generation   total 115200K, used 1437K [0x00000000f0000000, 0x00000000f7d00000, 0x00000000f7d00000)
  eden space 102400K,   0% used [0x00000000f0000000, 0x00000000f0000000, 0x00000000f6400000)
  from space 12800K,  11% used [0x00000000f7080000, 0x00000000f71e75e0, 0x00000000f7d00000)
  to   space 12800K,   0% used [0x00000000f6400000, 0x00000000f6400000, 0x00000000f7080000)
 concurrent mark-sweep generation total 134144K, used 53146K [0x00000000f7d00000, 0x0000000100000000, 0x0000000100000000)
 Metaspace       used 53199K, capacity 56718K, committed 56832K, reserved 1099776K
  class space    used 6506K, capacity 7103K, committed 7168K, reserved 1048576K
}
{Heap before GC invocations=127 (full 0):
 par new generation   total 115200K, used 103837K [0x00000000f0000000, 0x00000000f7d00000, 0x00000000f7d00000)
  eden space 102400K, 100% used [0x00000000f0000000, 0x00000000f6400000, 0x00000000f6400000)
  from space 12800K,  11% used [0x00000000f7080000, 0x00000000f71e75e0, 0x00000000f7d00000)
  to   space 12800K,   0% used [0x00000000f6400000, 0x00000000f6400000, 0x00000000f7080000)
 concurrent mark-sweep generation total 134144K, used 53146K [0x00000000f7d00000, 0x0000000100000000, 0x0000000100000000)
 Metaspace       used 53202K, capacity 56718K, committed 56832K, reserved 1099776K
  class space    used 6506K, capacity 7103K, committed 7168K, reserved 1048576K
2023-10-03T09:19:15.632+0800: 526.141: [GC (Allocation Failure) 2023-10-03T09:19:15.632+0800: 526.141: [ParNew: 103837K->1788K(115200K), 0.0071423 secs] 156984K->54940K(249344K), 0.0074048 secs] [Times: user=0.05 sys=0.00, real=0.01 secs] 
Heap after GC invocations=128 (full 0):
 par new generation   total 115200K, used 1788K [0x00000000f0000000, 0x00000000f7d00000, 0x00000000f7d00000)
  eden space 102400K,   0% used [0x00000000f0000000, 0x00000000f0000000, 0x00000000f6400000)
  from space 12800K,  13% used [0x00000000f6400000, 0x00000000f65bf000, 0x00000000f7080000)
  to   space 12800K,   0% used [0x00000000f7080000, 0x00000000f7080000, 0x00000000f7d00000)
 concurrent mark-sweep generation total 134144K, used 53152K [0x00000000f7d00000, 0x0000000100000000, 0x0000000100000000)
 Metaspace       used 53202K, capacity 56718K, committed 56832K, reserved 1099776K
  class space    used 6506K, capacity 7103K, committed 7168K, reserved 1048576K
}
{Heap before GC invocations=128 (full 0):
 par new generation   total 115200K, used 104188K [0x00000000f0000000, 0x00000000f7d00000, 0x00000000f7d00000)
  eden space 102400K, 100% used [0x00000000f0000000, 0x00000000f6400000, 0x00000000f6400000)
  from space 12800K,  13% used [0x00000000f6400000, 0x00000000f65bf000, 0x00000000f7080000)
  to   space 12800K,   0% used [0x00000000f7080000, 0x00000000f7080000, 0x00000000f7d00000)
 concurrent mark-sweep generation total 134144K, used 53152K [0x00000000f7d00000, 0x0000000100000000, 0x0000000100000000)
 Metaspace       used 53202K, capacity 56718K, committed 56832K, reserved 1099776K
  class space    used 6506K, capacity 7103K, committed 7168K, reserved 1048576K
2023-10-03T09:19:19.286+0800: 529.795: [GC (Allocation Failure) 2023-10-03T09:19:19.286+0800: 529.795: [ParNew: 104188K->1468K(115200K), 0.0061450 secs] 157340K->54626K(249344K), 0.0063292 secs] [Times: user=0.05 sys=0.00, real=0.01 secs] 
Heap after GC invocations=129 (full 0):
 par new generation   total 115200K, used 1468K [0x00000000f0000000, 0x00000000f7d00000, 0x00000000f7d00000)
  eden space 102400K,   0% used [0x00000000f0000000, 0x00000000f0000000, 0x00000000f6400000)
  from space 12800K,  11% used [0x00000000f7080000, 0x00000000f71ef2c8, 0x00000000f7d00000)
  to   space 12800K,   0% used [0x00000000f6400000, 0x00000000f6400000, 0x00000000f7080000)
 concurrent mark-sweep generation total 134144K, used 53157K [0x00000000f7d00000, 0x0000000100000000, 0x0000000100000000)
 Metaspace       used 53202K, capacity 56718K, committed 56832K, reserved 1099776K
  class space    used 6506K, capacity 7103K, committed 7168K, reserved 1048576K
}
{Heap before GC invocations=129 (full 0):
 par new generation   total 115200K, used 103868K [0x00000000f0000000, 0x00000000f7d00000, 0x00000000f7d00000)
  eden space 102400K, 100% used [0x00000000f0000000, 0x00000000f6400000, 0x00000000f6400000)
  from space 12800K,  11% used [0x00000000f7080000, 0x00000000f71ef2c8, 0x00000000f7d00000)
  to   space 12800K,   0% used [0x00000000f6400000, 0x00000000f6400000, 0x00000000f7080000)
 concurrent mark-sweep generation total 134144K, used 53157K [0x00000000f7d00000, 0x0000000100000000, 0x0000000100000000)
 Metaspace       used 53206K, capacity 56718K, committed 56832K, reserved 1099776K
  class space    used 6506K, capacity 7103K, committed 7168K, reserved 1048576K
2023-10-03T09:19:22.883+0800: 533.392: [GC (Allocation Failure) 2023-10-03T09:19:22.883+0800: 533.392: [ParNew: 103868K->1362K(115200K), 0.0060585 secs] 157026K->54520K(249344K), 0.0062919 secs] [Times: user=0.06 sys=0.01, real=0.00 secs] 
Heap after GC invocations=130 (full 0):
 par new generation   total 115200K, used 1362K [0x00000000f0000000, 0x00000000f7d00000, 0x00000000f7d00000)
  eden space 102400K,   0% used [0x00000000f0000000, 0x00000000f0000000, 0x00000000f6400000)
  from space 12800K,  10% used [0x00000000f6400000, 0x00000000f6554980, 0x00000000f7080000)
  to   space 12800K,   0% used [0x00000000f7080000, 0x00000000f7080000, 0x00000000f7d00000)
 concurrent mark-sweep generation total 134144K, used 53158K [0x00000000f7d00000, 0x0000000100000000, 0x0000000100000000)
 Metaspace       used 53206K, capacity 56718K, committed 56832K, reserved 1099776K
  class space    used 6506K, capacity 7103K, committed 7168K, reserved 1048576K
}
{Heap before GC invocations=130 (full 0):
 par new generation   total 115200K, used 103762K [0x00000000f0000000, 0x00000000f7d00000, 0x00000000f7d00000)
  eden space 102400K, 100% used [0x00000000f0000000, 0x00000000f6400000, 0x00000000f6400000)
  from space 12800K,  10% used [0x00000000f6400000, 0x00000000f6554980, 0x00000000f7080000)
  to   space 12800K,   0% used [0x00000000f7080000, 0x00000000f7080000, 0x00000000f7d00000)
 concurrent mark-sweep generation total 134144K, used 53158K [0x00000000f7d00000, 0x0000000100000000, 0x0000000100000000)
 Metaspace       used 53206K, capacity 56718K, committed 56832K, reserved 1099776K
  class space    used 6506K, capacity 7103K, committed 7168K, reserved 1048576K
2023-10-03T09:19:26.546+0800: 537.055: [GC (Allocation Failure) 2023-10-03T09:19:26.546+0800: 537.055: [ParNew: 103762K->1338K(115200K), 0.0060860 secs] 156920K->54501K(249344K), 0.0062986 secs] [Times: user=0.05 sys=0.01, real=0.01 secs] 
Heap after GC invocations=131 (full 0):
 par new generation   total 115200K, used 1338K [0x00000000f0000000, 0x00000000f7d00000, 0x00000000f7d00000)
  eden space 102400K,   0% used [0x00000000f0000000, 0x00000000f0000000, 0x00000000f6400000)
  from space 12800K,  10% used [0x00000000f7080000, 0x00000000f71ceb60, 0x00000000f7d00000)
  to   space 12800K,   0% used [0x00000000f6400000, 0x00000000f6400000, 0x00000000f7080000)
 concurrent mark-sweep generation total 134144K, used 53162K [0x00000000f7d00000, 0x0000000100000000, 0x0000000100000000)
 Metaspace       used 53206K, capacity 56718K, committed 56832K, reserved 1099776K
  class space    used 6506K, capacity 7103K, committed 7168K, reserved 1048576K
}
{Heap before GC invocations=131 (full 0):
 par new generation   total 115200K, used 103738K [0x00000000f0000000, 0x00000000f7d00000, 0x00000000f7d00000)
  eden space 102400K, 100% used [0x00000000f0000000, 0x00000000f6400000, 0x00000000f6400000)
  from space 12800K,  10% used [0x00000000f7080000, 0x00000000f71ceb60, 0x00000000f7d00000)
  to   space 12800K,   0% used [0x00000000f6400000, 0x00000000f6400000, 0x00000000f7080000)
 concurrent mark-sweep generation total 134144K, used 53162K [0x00000000f7d00000, 0x0000000100000000, 0x0000000100000000)
 Metaspace       used 53207K, capacity 56718K, committed 56832K, reserved 1099776K
  class space    used 6506K, capacity 7103K, committed 7168K, reserved 1048576K
2023-10-03T09:19:30.102+0800: 540.611: [GC (Allocation Failure) 2023-10-03T09:19:30.102+0800: 540.611: [ParNew: 103738K->1344K(115200K), 0.0060433 secs] 156901K->54507K(249344K), 0.0064714 secs] [Times: user=0.04 sys=0.00, real=0.01 secs] 
Heap after GC invocations=132 (full 0):
 par new generation   total 115200K, used 1344K [0x00000000f0000000, 0x00000000f7d00000, 0x00000000f7d00000)
  eden space 102400K,   0% used [0x00000000f0000000, 0x00000000f0000000, 0x00000000f6400000)
  from space 12800K,  10% used [0x00000000f6400000, 0x00000000f65502a0, 0x00000000f7080000)
  to   space 12800K,   0% used [0x00000000f7080000, 0x00000000f7080000, 0x00000000f7d00000)
 concurrent mark-sweep generation total 134144K, used 53162K [0x00000000f7d00000, 0x0000000100000000, 0x0000000100000000)
 Metaspace       used 53207K, capacity 56718K, committed 56832K, reserved 1099776K
  class space    used 6506K, capacity 7103K, committed 7168K, reserved 1048576K
}
{Heap before GC invocations=132 (full 0):
 par new generation   total 115200K, used 103744K [0x00000000f0000000, 0x00000000f7d00000, 0x00000000f7d00000)
  eden space 102400K, 100% used [0x00000000f0000000, 0x00000000f6400000, 0x00000000f6400000)
  from space 12800K,  10% used [0x00000000f6400000, 0x00000000f65502a0, 0x00000000f7080000)
  to   space 12800K,   0% used [0x00000000f7080000, 0x00000000f7080000, 0x00000000f7d00000)
 concurrent mark-sweep generation total 134144K, used 53162K [0x00000000f7d00000, 0x0000000100000000, 0x0000000100000000)
 Metaspace       used 53207K, capacity 56718K, committed 56832K, reserved 1099776K
  class space    used 6506K, capacity 7103K, committed 7168K, reserved 1048576K
2023-10-03T09:19:33.734+0800: 544.243: [GC (Allocation Failure) 2023-10-03T09:19:33.734+0800: 544.243: [ParNew: 103744K->1354K(115200K), 0.0065516 secs] 156907K->54524K(249344K), 0.0068276 secs] [Times: user=0.06 sys=0.00, real=0.00 secs] 
Heap after GC invocations=133 (full 0):
 par new generation   total 115200K, used 1354K [0x00000000f0000000, 0x00000000f7d00000, 0x00000000f7d00000)
  eden space 102400K,   0% used [0x00000000f0000000, 0x00000000f0000000, 0x00000000f6400000)
  from space 12800K,  10% used [0x00000000f7080000, 0x00000000f71d2a60, 0x00000000f7d00000)
  to   space 12800K,   0% used [0x00000000f6400000, 0x00000000f6400000, 0x00000000f7080000)
 concurrent mark-sweep generation total 134144K, used 53169K [0x00000000f7d00000, 0x0000000100000000, 0x0000000100000000)
 Metaspace       used 53207K, capacity 56718K, committed 56832K, reserved 1099776K
  class space    used 6506K, capacity 7103K, committed 7168K, reserved 1048576K
}
{Heap before GC invocations=133 (full 0):
 par new generation   total 115200K, used 103754K [0x00000000f0000000, 0x00000000f7d00000, 0x00000000f7d00000)
  eden space 102400K, 100% used [0x00000000f0000000, 0x00000000f6400000, 0x00000000f6400000)
  from space 12800K,  10% used [0x00000000f7080000, 0x00000000f71d2a60, 0x00000000f7d00000)
  to   space 12800K,   0% used [0x00000000f6400000, 0x00000000f6400000, 0x00000000f7080000)
 concurrent mark-sweep generation total 134144K, used 53169K [0x00000000f7d00000, 0x0000000100000000, 0x0000000100000000)
 Metaspace       used 53207K, capacity 56718K, committed 56832K, reserved 1099776K
  class space    used 6506K, capacity 7103K, committed 7168K, reserved 1048576K
2023-10-03T09:19:37.373+0800: 547.882: [GC (Allocation Failure) 2023-10-03T09:19:37.373+0800: 547.882: [ParNew: 103754K->1440K(115200K), 0.0058914 secs] 156924K->54621K(249344K), 0.0060729 secs] [Times: user=0.05 sys=0.00, real=0.00 secs] 
Heap after GC invocations=134 (full 0):
 par new generation   total 115200K, used 1440K [0x00000000f0000000, 0x00000000f7d00000, 0x00000000f7d00000)
  eden space 102400K,   0% used [0x00000000f0000000, 0x00000000f0000000, 0x00000000f6400000)
  from space 12800K,  11% used [0x00000000f6400000, 0x00000000f65683e0, 0x00000000f7080000)
  to   space 12800K,   0% used [0x00000000f7080000, 0x00000000f7080000, 0x00000000f7d00000)
 concurrent mark-sweep generation total 134144K, used 53180K [0x00000000f7d00000, 0x0000000100000000, 0x0000000100000000)
 Metaspace       used 53207K, capacity 56718K, committed 56832K, reserved 1099776K
  class space    used 6506K, capacity 7103K, committed 7168K, reserved 1048576K
}
{Heap before GC invocations=134 (full 0):
 par new generation   total 115200K, used 103840K [0x00000000f0000000, 0x00000000f7d00000, 0x00000000f7d00000)
  eden space 102400K, 100% used [0x00000000f0000000, 0x00000000f6400000, 0x00000000f6400000)
  from space 12800K,  11% used [0x00000000f6400000, 0x00000000f65683e0, 0x00000000f7080000)
  to   space 12800K,   0% used [0x00000000f7080000, 0x00000000f7080000, 0x00000000f7d00000)
 concurrent mark-sweep generation total 134144K, used 53180K [0x00000000f7d00000, 0x0000000100000000, 0x0000000100000000)
 Metaspace       used 53207K, capacity 56718K, committed 56832K, reserved 1099776K
  class space    used 6506K, capacity 7103K, committed 7168K, reserved 1048576K
2023-10-03T09:19:41.012+0800: 551.521: [GC (Allocation Failure) 2023-10-03T09:19:41.012+0800: 551.521: [ParNew: 103840K->1425K(115200K), 0.0021712 secs] 157021K->54605K(249344K), 0.0023440 secs] [Times: user=0.02 sys=0.00, real=0.01 secs] 
Heap after GC invocations=135 (full 0):
 par new generation   total 115200K, used 1425K [0x00000000f0000000, 0x00000000f7d00000, 0x00000000f7d00000)
  eden space 102400K,   0% used [0x00000000f0000000, 0x00000000f0000000, 0x00000000f6400000)
  from space 12800K,  11% used [0x00000000f7080000, 0x00000000f71e4550, 0x00000000f7d00000)
  to   space 12800K,   0% used [0x00000000f6400000, 0x00000000f6400000, 0x00000000f7080000)
 concurrent mark-sweep generation total 134144K, used 53180K [0x00000000f7d00000, 0x0000000100000000, 0x0000000100000000)
 Metaspace       used 53207K, capacity 56718K, committed 56832K, reserved 1099776K
  class space    used 6506K, capacity 7103K, committed 7168K, reserved 1048576K
}
{Heap before GC invocations=135 (full 0):
 par new generation   total 115200K, used 103825K [0x00000000f0000000, 0x00000000f7d00000, 0x00000000f7d00000)
  eden space 102400K, 100% used [0x00000000f0000000, 0x00000000f6400000, 0x00000000f6400000)
  from space 12800K,  11% used [0x00000000f7080000, 0x00000000f71e4550, 0x00000000f7d00000)
  to   space 12800K,   0% used [0x00000000f6400000, 0x00000000f6400000, 0x00000000f7080000)
 concurrent mark-sweep generation total 134144K, used 53180K [0x00000000f7d00000, 0x0000000100000000, 0x0000000100000000)
 Metaspace       used 53211K, capacity 56718K, committed 56832K, reserved 1099776K
  class space    used 6506K, capacity 7103K, committed 7168K, reserved 1048576K
2023-10-03T09:19:44.562+0800: 555.071: [GC (Allocation Failure) 2023-10-03T09:19:44.562+0800: 555.071: [ParNew: 103825K->1343K(115200K), 0.0060952 secs] 157005K->54524K(249344K), 0.0063589 secs] [Times: user=0.05 sys=0.00, real=0.01 secs] 
Heap after GC invocations=136 (full 0):
 par new generation   total 115200K, used 1343K [0x00000000f0000000, 0x00000000f7d00000, 0x00000000f7d00000)
  eden space 102400K,   0% used [0x00000000f0000000, 0x00000000f0000000, 0x00000000f6400000)
  from space 12800K,  10% used [0x00000000f6400000, 0x00000000f654fe20, 0x00000000f7080000)
  to   space 12800K,   0% used [0x00000000f7080000, 0x00000000f7080000, 0x00000000f7d00000)
 concurrent mark-sweep generation total 134144K, used 53180K [0x00000000f7d00000, 0x0000000100000000, 0x0000000100000000)
 Metaspace       used 53211K, capacity 56718K, committed 56832K, reserved 1099776K
  class space    used 6506K, capacity 7103K, committed 7168K, reserved 1048576K
}
{Heap before GC invocations=136 (full 0):
 par new generation   total 115200K, used 103743K [0x00000000f0000000, 0x00000000f7d00000, 0x00000000f7d00000)
  eden space 102400K, 100% used [0x00000000f0000000, 0x00000000f6400000, 0x00000000f6400000)
  from space 12800K,  10% used [0x00000000f6400000, 0x00000000f654fe20, 0x00000000f7080000)
  to   space 12800K,   0% used [0x00000000f7080000, 0x00000000f7080000, 0x00000000f7d00000)
 concurrent mark-sweep generation total 134144K, used 53180K [0x00000000f7d00000, 0x0000000100000000, 0x0000000100000000)
 Metaspace       used 53211K, capacity 56718K, committed 56832K, reserved 1099776K
  class space    used 6506K, capacity 7103K, committed 7168K, reserved 1048576K
2023-10-03T09:19:48.182+0800: 558.692: [GC (Allocation Failure) 2023-10-03T09:19:48.182+0800: 558.692: [ParNew: 103743K->1344K(115200K), 0.0060061 secs] 156924K->54524K(249344K), 0.0062545 secs] [Times: user=0.05 sys=0.01, real=0.00 secs] 
Heap after GC invocations=137 (full 0):
 par new generation   total 115200K, used 1344K [0x00000000f0000000, 0x00000000f7d00000, 0x00000000f7d00000)
  eden space 102400K,   0% used [0x00000000f0000000, 0x00000000f0000000, 0x00000000f6400000)
  from space 12800K,  10% used [0x00000000f7080000, 0x00000000f71d00c0, 0x00000000f7d00000)
  to   space 12800K,   0% used [0x00000000f6400000, 0x00000000f6400000, 0x00000000f7080000)
 concurrent mark-sweep generation total 134144K, used 53180K [0x00000000f7d00000, 0x0000000100000000, 0x0000000100000000)
 Metaspace       used 53211K, capacity 56718K, committed 56832K, reserved 1099776K
  class space    used 6506K, capacity 7103K, committed 7168K, reserved 1048576K
}
{Heap before GC invocations=137 (full 0):
 par new generation   total 115200K, used 103744K [0x00000000f0000000, 0x00000000f7d00000, 0x00000000f7d00000)
  eden space 102400K, 100% used [0x00000000f0000000, 0x00000000f6400000, 0x00000000f6400000)
  from space 12800K,  10% used [0x00000000f7080000, 0x00000000f71d00c0, 0x00000000f7d00000)
  to   space 12800K,   0% used [0x00000000f6400000, 0x00000000f6400000, 0x00000000f7080000)
 concurrent mark-sweep generation total 134144K, used 53180K [0x00000000f7d00000, 0x0000000100000000, 0x0000000100000000)
 Metaspace       used 53211K, capacity 56718K, committed 56832K, reserved 1099776K
  class space    used 6506K, capacity 7103K, committed 7168K, reserved 1048576K
2023-10-03T09:19:51.826+0800: 562.335: [GC (Allocation Failure) 2023-10-03T09:19:51.826+0800: 562.336: [ParNew: 103744K->1669K(115200K), 0.0066068 secs] 156924K->54851K(249344K), 0.0068801 secs] [Times: user=0.05 sys=0.00, real=0.01 secs] 
Heap after GC invocations=138 (full 0):
 par new generation   total 115200K, used 1669K [0x00000000f0000000, 0x00000000f7d00000, 0x00000000f7d00000)
  eden space 102400K,   0% used [0x00000000f0000000, 0x00000000f0000000, 0x00000000f6400000)
  from space 12800K,  13% used [0x00000000f6400000, 0x00000000f65a1468, 0x00000000f7080000)
  to   space 12800K,   0% used [0x00000000f7080000, 0x00000000f7080000, 0x00000000f7d00000)
 concurrent mark-sweep generation total 134144K, used 53182K [0x00000000f7d00000, 0x0000000100000000, 0x0000000100000000)
 Metaspace       used 53211K, capacity 56718K, committed 56832K, reserved 1099776K
  class space    used 6506K, capacity 7103K, committed 7168K, reserved 1048576K
}
{Heap before GC invocations=138 (full 0):
 par new generation   total 115200K, used 104069K [0x00000000f0000000, 0x00000000f7d00000, 0x00000000f7d00000)
  eden space 102400K, 100% used [0x00000000f0000000, 0x00000000f6400000, 0x00000000f6400000)
  from space 12800K,  13% used [0x00000000f6400000, 0x00000000f65a1468, 0x00000000f7080000)
  to   space 12800K,   0% used [0x00000000f7080000, 0x00000000f7080000, 0x00000000f7d00000)
 concurrent mark-sweep generation total 134144K, used 53182K [0x00000000f7d00000, 0x0000000100000000, 0x0000000100000000)
 Metaspace       used 53211K, capacity 56718K, committed 56832K, reserved 1099776K
  class space    used 6506K, capacity 7103K, committed 7168K, reserved 1048576K
2023-10-03T09:19:55.438+0800: 565.947: [GC (Allocation Failure) 2023-10-03T09:19:55.438+0800: 565.947: [ParNew: 104069K->1373K(115200K), 0.0059607 secs] 157251K->54565K(249344K), 0.0062070 secs] [Times: user=0.06 sys=0.00, real=0.01 secs] 
Heap after GC invocations=139 (full 0):
 par new generation   total 115200K, used 1373K [0x00000000f0000000, 0x00000000f7d00000, 0x00000000f7d00000)
  eden space 102400K,   0% used [0x00000000f0000000, 0x00000000f0000000, 0x00000000f6400000)
  from space 12800K,  10% used [0x00000000f7080000, 0x00000000f71d7500, 0x00000000f7d00000)
  to   space 12800K,   0% used [0x00000000f6400000, 0x00000000f6400000, 0x00000000f7080000)
 concurrent mark-sweep generation total 134144K, used 53192K [0x00000000f7d00000, 0x0000000100000000, 0x0000000100000000)
 Metaspace       used 53211K, capacity 56718K, committed 56832K, reserved 1099776K
  class space    used 6506K, capacity 7103K, committed 7168K, reserved 1048576K
}
{Heap before GC invocations=139 (full 0):
 par new generation   total 115200K, used 103773K [0x00000000f0000000, 0x00000000f7d00000, 0x00000000f7d00000)
  eden space 102400K, 100% used [0x00000000f0000000, 0x00000000f6400000, 0x00000000f6400000)
  from space 12800K,  10% used [0x00000000f7080000, 0x00000000f71d7500, 0x00000000f7d00000)
  to   space 12800K,   0% used [0x00000000f6400000, 0x00000000f6400000, 0x00000000f7080000)
 concurrent mark-sweep generation total 134144K, used 53192K [0x00000000f7d00000, 0x0000000100000000, 0x0000000100000000)
 Metaspace       used 53212K, capacity 56718K, committed 56832K, reserved 1099776K
  class space    used 6506K, capacity 7103K, committed 7168K, reserved 1048576K
2023-10-03T09:19:59.050+0800: 569.559: [GC (Allocation Failure) 2023-10-03T09:19:59.050+0800: 569.560: [ParNew: 103773K->1555K(115200K), 0.0014648 secs] 156965K->54747K(249344K), 0.0015246 secs] [Times: user=0.01 sys=0.00, real=0.00 secs] 
Heap after GC invocations=140 (full 0):
 par new generation   total 115200K, used 1555K [0x00000000f0000000, 0x00000000f7d00000, 0x00000000f7d00000)
  eden space 102400K,   0% used [0x00000000f0000000, 0x00000000f0000000, 0x00000000f6400000)
  from space 12800K,  12% used [0x00000000f6400000, 0x00000000f6584e20, 0x00000000f7080000)
  to   space 12800K,   0% used [0x00000000f7080000, 0x00000000f7080000, 0x00000000f7d00000)
 concurrent mark-sweep generation total 134144K, used 53192K [0x00000000f7d00000, 0x0000000100000000, 0x0000000100000000)
 Metaspace       used 53212K, capacity 56718K, committed 56832K, reserved 1099776K
  class space    used 6506K, capacity 7103K, committed 7168K, reserved 1048576K
}
{Heap before GC invocations=140 (full 0):
 par new generation   total 115200K, used 103955K [0x00000000f0000000, 0x00000000f7d00000, 0x00000000f7d00000)
  eden space 102400K, 100% used [0x00000000f0000000, 0x00000000f6400000, 0x00000000f6400000)
  from space 12800K,  12% used [0x00000000f6400000, 0x00000000f6584e20, 0x00000000f7080000)
  to   space 12800K,   0% used [0x00000000f7080000, 0x00000000f7080000, 0x00000000f7d00000)
 concurrent mark-sweep generation total 134144K, used 53192K [0x00000000f7d00000, 0x0000000100000000, 0x0000000100000000)
 Metaspace       used 53212K, capacity 56718K, committed 56832K, reserved 1099776K
  class space    used 6506K, capacity 7103K, committed 7168K, reserved 1048576K
2023-10-03T09:20:02.726+0800: 573.236: [GC (Allocation Failure) 2023-10-03T09:20:02.727+0800: 573.236: [ParNew: 103955K->1362K(115200K), 0.0059560 secs] 157147K->54558K(249344K), 0.0061482 secs] [Times: user=0.05 sys=0.00, real=0.01 secs] 
Heap after GC invocations=141 (full 0):
 par new generation   total 115200K, used 1362K [0x00000000f0000000, 0x00000000f7d00000, 0x00000000f7d00000)
  eden space 102400K,   0% used [0x00000000f0000000, 0x00000000f0000000, 0x00000000f6400000)
  from space 12800K,  10% used [0x00000000f7080000, 0x00000000f71d4800, 0x00000000f7d00000)
  to   space 12800K,   0% used [0x00000000f6400000, 0x00000000f6400000, 0x00000000f7080000)
 concurrent mark-sweep generation total 134144K, used 53196K [0x00000000f7d00000, 0x0000000100000000, 0x0000000100000000)
 Metaspace       used 53212K, capacity 56718K, committed 56832K, reserved 1099776K
  class space    used 6506K, capacity 7103K, committed 7168K, reserved 1048576K
}
{Heap before GC invocations=141 (full 0):
 par new generation   total 115200K, used 103762K [0x00000000f0000000, 0x00000000f7d00000, 0x00000000f7d00000)
  eden space 102400K, 100% used [0x00000000f0000000, 0x00000000f6400000, 0x00000000f6400000)
  from space 12800K,  10% used [0x00000000f7080000, 0x00000000f71d4800, 0x00000000f7d00000)
  to   space 12800K,   0% used [0x00000000f6400000, 0x00000000f6400000, 0x00000000f7080000)
 concurrent mark-sweep generation total 134144K, used 53196K [0x00000000f7d00000, 0x0000000100000000, 0x0000000100000000)
 Metaspace       used 53212K, capacity 56718K, committed 56832K, reserved 1099776K
  class space    used 6506K, capacity 7103K, committed 7168K, reserved 1048576K
2023-10-03T09:20:06.289+0800: 576.798: [GC (Allocation Failure) 2023-10-03T09:20:06.289+0800: 576.798: [ParNew: 103762K->1608K(115200K), 0.0066789 secs] 156958K->54818K(249344K), 0.0069251 secs] [Times: user=0.05 sys=0.00, real=0.01 secs] 
Heap after GC invocations=142 (full 0):
 par new generation   total 115200K, used 1608K [0x00000000f0000000, 0x00000000f7d00000, 0x00000000f7d00000)
  eden space 102400K,   0% used [0x00000000f0000000, 0x00000000f0000000, 0x00000000f6400000)
  from space 12800K,  12% used [0x00000000f6400000, 0x00000000f65921e0, 0x00000000f7080000)
  to   space 12800K,   0% used [0x00000000f7080000, 0x00000000f7080000, 0x00000000f7d00000)
 concurrent mark-sweep generation total 134144K, used 53209K [0x00000000f7d00000, 0x0000000100000000, 0x0000000100000000)
 Metaspace       used 53212K, capacity 56718K, committed 56832K, reserved 1099776K
  class space    used 6506K, capacity 7103K, committed 7168K, reserved 1048576K
}
{Heap before GC invocations=142 (full 0):
 par new generation   total 115200K, used 104008K [0x00000000f0000000, 0x00000000f7d00000, 0x00000000f7d00000)
  eden space 102400K, 100% used [0x00000000f0000000, 0x00000000f6400000, 0x00000000f6400000)
  from space 12800K,  12% used [0x00000000f6400000, 0x00000000f65921e0, 0x00000000f7080000)
  to   space 12800K,   0% used [0x00000000f7080000, 0x00000000f7080000, 0x00000000f7d00000)
 concurrent mark-sweep generation total 134144K, used 53209K [0x00000000f7d00000, 0x0000000100000000, 0x0000000100000000)
 Metaspace       used 53212K, capacity 56718K, committed 56832K, reserved 1099776K
  class space    used 6506K, capacity 7103K, committed 7168K, reserved 1048576K
2023-10-03T09:20:09.905+0800: 580.414: [GC (Allocation Failure) 2023-10-03T09:20:09.905+0800: 580.414: [ParNew: 104008K->1503K(115200K), 0.0061627 secs] 157218K->54717K(249344K), 0.0064849 secs] [Times: user=0.06 sys=0.00, real=0.00 secs] 
Heap after GC invocations=143 (full 0):
 par new generation   total 115200K, used 1503K [0x00000000f0000000, 0x00000000f7d00000, 0x00000000f7d00000)
  eden space 102400K,   0% used [0x00000000f0000000, 0x00000000f0000000, 0x00000000f6400000)
  from space 12800K,  11% used [0x00000000f7080000, 0x00000000f71f7ef0, 0x00000000f7d00000)
  to   space 12800K,   0% used [0x00000000f6400000, 0x00000000f6400000, 0x00000000f7080000)
 concurrent mark-sweep generation total 134144K, used 53213K [0x00000000f7d00000, 0x0000000100000000, 0x0000000100000000)
 Metaspace       used 53212K, capacity 56718K, committed 56832K, reserved 1099776K
  class space    used 6506K, capacity 7103K, committed 7168K, reserved 1048576K
}
{Heap before GC invocations=143 (full 0):
 par new generation   total 115200K, used 103903K [0x00000000f0000000, 0x00000000f7d00000, 0x00000000f7d00000)
  eden space 102400K, 100% used [0x00000000f0000000, 0x00000000f6400000, 0x00000000f6400000)
  from space 12800K,  11% used [0x00000000f7080000, 0x00000000f71f7ef0, 0x00000000f7d00000)
  to   space 12800K,   0% used [0x00000000f6400000, 0x00000000f6400000, 0x00000000f7080000)
 concurrent mark-sweep generation total 134144K, used 53213K [0x00000000f7d00000, 0x0000000100000000, 0x0000000100000000)
 Metaspace       used 53214K, capacity 56718K, committed 56832K, reserved 1099776K
  class space    used 6506K, capacity 7103K, committed 7168K, reserved 1048576K
2023-10-03T09:20:13.530+0800: 584.039: [GC (Allocation Failure) 2023-10-03T09:20:13.530+0800: 584.039: [ParNew: 103903K->1392K(115200K), 0.0060617 secs] 157117K->54606K(249344K), 0.0063155 secs] [Times: user=0.05 sys=0.00, real=0.01 secs] 
Heap after GC invocations=144 (full 0):
 par new generation   total 115200K, used 1392K [0x00000000f0000000, 0x00000000f7d00000, 0x00000000f7d00000)
  eden space 102400K,   0% used [0x00000000f0000000, 0x00000000f0000000, 0x00000000f6400000)
  from space 12800K,  10% used [0x00000000f6400000, 0x00000000f655c240, 0x00000000f7080000)
  to   space 12800K,   0% used [0x00000000f7080000, 0x00000000f7080000, 0x00000000f7d00000)
 concurrent mark-sweep generation total 134144K, used 53213K [0x00000000f7d00000, 0x0000000100000000, 0x0000000100000000)
 Metaspace       used 53214K, capacity 56718K, committed 56832K, reserved 1099776K
  class space    used 6506K, capacity 7103K, committed 7168K, reserved 1048576K
}
{Heap before GC invocations=144 (full 0):
 par new generation   total 115200K, used 103792K [0x00000000f0000000, 0x00000000f7d00000, 0x00000000f7d00000)
  eden space 102400K, 100% used [0x00000000f0000000, 0x00000000f6400000, 0x00000000f6400000)
  from space 12800K,  10% used [0x00000000f6400000, 0x00000000f655c240, 0x00000000f7080000)
  to   space 12800K,   0% used [0x00000000f7080000, 0x00000000f7080000, 0x00000000f7d00000)
 concurrent mark-sweep generation total 134144K, used 53213K [0x00000000f7d00000, 0x0000000100000000, 0x0000000100000000)
 Metaspace       used 53214K, capacity 56718K, committed 56832K, reserved 1099776K
  class space    used 6506K, capacity 7103K, committed 7168K, reserved 1048576K
2023-10-03T09:20:17.137+0800: 587.647: [GC (Allocation Failure) 2023-10-03T09:20:17.138+0800: 587.647: [ParNew: 103792K->1512K(115200K), 0.0062098 secs] 157006K->54730K(249344K), 0.0064431 secs] [Times: user=0.06 sys=0.00, real=0.01 secs] 
Heap after GC invocations=145 (full 0):
 par new generation   total 115200K, used 1512K [0x00000000f0000000, 0x00000000f7d00000, 0x00000000f7d00000)
  eden space 102400K,   0% used [0x00000000f0000000, 0x00000000f0000000, 0x00000000f6400000)
  from space 12800K,  11% used [0x00000000f7080000, 0x00000000f71fa380, 0x00000000f7d00000)
  to   space 12800K,   0% used [0x00000000f6400000, 0x00000000f6400000, 0x00000000f7080000)
 concurrent mark-sweep generation total 134144K, used 53217K [0x00000000f7d00000, 0x0000000100000000, 0x0000000100000000)
 Metaspace       used 53214K, capacity 56718K, committed 56832K, reserved 1099776K
  class space    used 6506K, capacity 7103K, committed 7168K, reserved 1048576K
}
{Heap before GC invocations=145 (full 0):
 par new generation   total 115200K, used 103912K [0x00000000f0000000, 0x00000000f7d00000, 0x00000000f7d00000)
  eden space 102400K, 100% used [0x00000000f0000000, 0x00000000f6400000, 0x00000000f6400000)
  from space 12800K,  11% used [0x00000000f7080000, 0x00000000f71fa380, 0x00000000f7d00000)
  to   space 12800K,   0% used [0x00000000f6400000, 0x00000000f6400000, 0x00000000f7080000)
 concurrent mark-sweep generation total 134144K, used 53217K [0x00000000f7d00000, 0x0000000100000000, 0x0000000100000000)
 Metaspace       used 53214K, capacity 56718K, committed 56832K, reserved 1099776K
  class space    used 6506K, capacity 7103K, committed 7168K, reserved 1048576K
2023-10-03T09:20:20.774+0800: 591.283: [GC (Allocation Failure) 2023-10-03T09:20:20.774+0800: 591.283: [ParNew: 103912K->1404K(115200K), 0.0062747 secs] 157130K->54629K(249344K), 0.0065632 secs] [Times: user=0.05 sys=0.00, real=0.00 secs] 
Heap after GC invocations=146 (full 0):
 par new generation   total 115200K, used 1404K [0x00000000f0000000, 0x00000000f7d00000, 0x00000000f7d00000)
  eden space 102400K,   0% used [0x00000000f0000000, 0x00000000f0000000, 0x00000000f6400000)
  from space 12800K,  10% used [0x00000000f6400000, 0x00000000f655f180, 0x00000000f7080000)
  to   space 12800K,   0% used [0x00000000f7080000, 0x00000000f7080000, 0x00000000f7d00000)
 concurrent mark-sweep generation total 134144K, used 53225K [0x00000000f7d00000, 0x0000000100000000, 0x0000000100000000)
 Metaspace       used 53214K, capacity 56718K, committed 56832K, reserved 1099776K
  class space    used 6506K, capacity 7103K, committed 7168K, reserved 1048576K
}
{Heap before GC invocations=146 (full 0):
 par new generation   total 115200K, used 103804K [0x00000000f0000000, 0x00000000f7d00000, 0x00000000f7d00000)
  eden space 102400K, 100% used [0x00000000f0000000, 0x00000000f6400000, 0x00000000f6400000)
  from space 12800K,  10% used [0x00000000f6400000, 0x00000000f655f180, 0x00000000f7080000)
  to   space 12800K,   0% used [0x00000000f7080000, 0x00000000f7080000, 0x00000000f7d00000)
 concurrent mark-sweep generation total 134144K, used 53225K [0x00000000f7d00000, 0x0000000100000000, 0x0000000100000000)
 Metaspace       used 53214K, capacity 56718K, committed 56832K, reserved 1099776K
  class space    used 6506K, capacity 7103K, committed 7168K, reserved 1048576K
2023-10-03T09:20:24.455+0800: 594.964: [GC (Allocation Failure) 2023-10-03T09:20:24.455+0800: 594.964: [ParNew: 103804K->1515K(115200K), 0.0062417 secs] 157029K->54752K(249344K), 0.0064067 secs] [Times: user=0.06 sys=0.00, real=0.00 secs] 
Heap after GC invocations=147 (full 0):
 par new generation   total 115200K, used 1515K [0x00000000f0000000, 0x00000000f7d00000, 0x00000000f7d00000)
  eden space 102400K,   0% used [0x00000000f0000000, 0x00000000f0000000, 0x00000000f6400000)
  from space 12800K,  11% used [0x00000000f7080000, 0x00000000f71fad40, 0x00000000f7d00000)
  to   space 12800K,   0% used [0x00000000f6400000, 0x00000000f6400000, 0x00000000f7080000)
 concurrent mark-sweep generation total 134144K, used 53237K [0x00000000f7d00000, 0x0000000100000000, 0x0000000100000000)
 Metaspace       used 53214K, capacity 56718K, committed 56832K, reserved 1099776K
  class space    used 6506K, capacity 7103K, committed 7168K, reserved 1048576K
}
{Heap before GC invocations=147 (full 0):
 par new generation   total 115200K, used 103915K [0x00000000f0000000, 0x00000000f7d00000, 0x00000000f7d00000)
  eden space 102400K, 100% used [0x00000000f0000000, 0x00000000f6400000, 0x00000000f6400000)
  from space 12800K,  11% used [0x00000000f7080000, 0x00000000f71fad40, 0x00000000f7d00000)
  to   space 12800K,   0% used [0x00000000f6400000, 0x00000000f6400000, 0x00000000f7080000)
 concurrent mark-sweep generation total 134144K, used 53237K [0x00000000f7d00000, 0x0000000100000000, 0x0000000100000000)
 Metaspace       used 53214K, capacity 56718K, committed 56832K, reserved 1099776K
  class space    used 6507K, capacity 7103K, committed 7168K, reserved 1048576K
2023-10-03T09:20:28.407+0800: 598.916: [GC (Allocation Failure) 2023-10-03T09:20:28.407+0800: 598.917: [ParNew: 103915K->3811K(115200K), 0.0058375 secs] 157152K->57088K(249344K), 0.0060518 secs] [Times: user=0.05 sys=0.00, real=0.01 secs] 
Heap after GC invocations=148 (full 0):
 par new generation   total 115200K, used 3811K [0x00000000f0000000, 0x00000000f7d00000, 0x00000000f7d00000)
  eden space 102400K,   0% used [0x00000000f0000000, 0x00000000f0000000, 0x00000000f6400000)
  from space 12800K,  29% used [0x00000000f6400000, 0x00000000f67b8ff8, 0x00000000f7080000)
  to   space 12800K,   0% used [0x00000000f7080000, 0x00000000f7080000, 0x00000000f7d00000)
 concurrent mark-sweep generation total 134144K, used 53276K [0x00000000f7d00000, 0x0000000100000000, 0x0000000100000000)
 Metaspace       used 53214K, capacity 56718K, committed 56832K, reserved 1099776K
  class space    used 6507K, capacity 7103K, committed 7168K, reserved 1048576K
}
{Heap before GC invocations=148 (full 0):
 par new generation   total 115200K, used 106211K [0x00000000f0000000, 0x00000000f7d00000, 0x00000000f7d00000)
  eden space 102400K, 100% used [0x00000000f0000000, 0x00000000f6400000, 0x00000000f6400000)
  from space 12800K,  29% used [0x00000000f6400000, 0x00000000f67b8ff8, 0x00000000f7080000)
  to   space 12800K,   0% used [0x00000000f7080000, 0x00000000f7080000, 0x00000000f7d00000)
 concurrent mark-sweep generation total 134144K, used 53276K [0x00000000f7d00000, 0x0000000100000000, 0x0000000100000000)
 Metaspace       used 53219K, capacity 56718K, committed 56832K, reserved 1099776K
  class space    used 6507K, capacity 7103K, committed 7168K, reserved 1048576K
2023-10-03T09:20:32.100+0800: 602.609: [GC (Allocation Failure) 2023-10-03T09:20:32.100+0800: 602.609: [ParNew: 106211K->4555K(115200K), 0.0061960 secs] 159488K->57832K(249344K), 0.0063859 secs] [Times: user=0.05 sys=0.00, real=0.01 secs] 
Heap after GC invocations=149 (full 0):
 par new generation   total 115200K, used 4555K [0x00000000f0000000, 0x00000000f7d00000, 0x00000000f7d00000)
  eden space 102400K,   0% used [0x00000000f0000000, 0x00000000f0000000, 0x00000000f6400000)
  from space 12800K,  35% used [0x00000000f7080000, 0x00000000f74f2de0, 0x00000000f7d00000)
  to   space 12800K,   0% used [0x00000000f6400000, 0x00000000f6400000, 0x00000000f7080000)
 concurrent mark-sweep generation total 134144K, used 53277K [0x00000000f7d00000, 0x0000000100000000, 0x0000000100000000)
 Metaspace       used 53219K, capacity 56718K, committed 56832K, reserved 1099776K
  class space    used 6507K, capacity 7103K, committed 7168K, reserved 1048576K
}
{Heap before GC invocations=149 (full 0):
 par new generation   total 115200K, used 106955K [0x00000000f0000000, 0x00000000f7d00000, 0x00000000f7d00000)
  eden space 102400K, 100% used [0x00000000f0000000, 0x00000000f6400000, 0x00000000f6400000)
  from space 12800K,  35% used [0x00000000f7080000, 0x00000000f74f2de0, 0x00000000f7d00000)
  to   space 12800K,   0% used [0x00000000f6400000, 0x00000000f6400000, 0x00000000f7080000)
 concurrent mark-sweep generation total 134144K, used 53277K [0x00000000f7d00000, 0x0000000100000000, 0x0000000100000000)
 Metaspace       used 53219K, capacity 56718K, committed 56832K, reserved 1099776K
  class space    used 6507K, capacity 7103K, committed 7168K, reserved 1048576K
2023-10-03T09:20:35.711+0800: 606.220: [GC (Allocation Failure) 2023-10-03T09:20:35.711+0800: 606.220: [ParNew: 106955K->4660K(115200K), 0.0064122 secs] 160232K->57942K(249344K), 0.0065791 secs] [Times: user=0.06 sys=0.00, real=0.01 secs] 
Heap after GC invocations=150 (full 0):
 par new generation   total 115200K, used 4660K [0x00000000f0000000, 0x00000000f7d00000, 0x00000000f7d00000)
  eden space 102400K,   0% used [0x00000000f0000000, 0x00000000f0000000, 0x00000000f6400000)
  from space 12800K,  36% used [0x00000000f6400000, 0x00000000f688d2a8, 0x00000000f7080000)
  to   space 12800K,   0% used [0x00000000f7080000, 0x00000000f7080000, 0x00000000f7d00000)
 concurrent mark-sweep generation total 134144K, used 53281K [0x00000000f7d00000, 0x0000000100000000, 0x0000000100000000)
 Metaspace       used 53219K, capacity 56718K, committed 56832K, reserved 1099776K
  class space    used 6507K, capacity 7103K, committed 7168K, reserved 1048576K
}
{Heap before GC invocations=150 (full 0):
 par new generation   total 115200K, used 107060K [0x00000000f0000000, 0x00000000f7d00000, 0x00000000f7d00000)
  eden space 102400K, 100% used [0x00000000f0000000, 0x00000000f6400000, 0x00000000f6400000)
  from space 12800K,  36% used [0x00000000f6400000, 0x00000000f688d2a8, 0x00000000f7080000)
  to   space 12800K,   0% used [0x00000000f7080000, 0x00000000f7080000, 0x00000000f7d00000)
 concurrent mark-sweep generation total 134144K, used 53281K [0x00000000f7d00000, 0x0000000100000000, 0x0000000100000000)
 Metaspace       used 53219K, capacity 56718K, committed 56832K, reserved 1099776K
  class space    used 6507K, capacity 7103K, committed 7168K, reserved 1048576K
2023-10-03T09:20:39.314+0800: 609.823: [GC (Allocation Failure) 2023-10-03T09:20:39.314+0800: 609.823: [ParNew: 107060K->5508K(115200K), 0.0061067 secs] 160342K->58790K(249344K), 0.0062753 secs] [Times: user=0.06 sys=0.00, real=0.00 secs] 
Heap after GC invocations=151 (full 0):
 par new generation   total 115200K, used 5508K [0x00000000f0000000, 0x00000000f7d00000, 0x00000000f7d00000)
  eden space 102400K,   0% used [0x00000000f0000000, 0x00000000f0000000, 0x00000000f6400000)
  from space 12800K,  43% used [0x00000000f7080000, 0x00000000f75e1198, 0x00000000f7d00000)
  to   space 12800K,   0% used [0x00000000f6400000, 0x00000000f6400000, 0x00000000f7080000)
 concurrent mark-sweep generation total 134144K, used 53281K [0x00000000f7d00000, 0x0000000100000000, 0x0000000100000000)
 Metaspace       used 53219K, capacity 56718K, committed 56832K, reserved 1099776K
  class space    used 6507K, capacity 7103K, committed 7168K, reserved 1048576K
}
{Heap before GC invocations=151 (full 0):
 par new generation   total 115200K, used 107908K [0x00000000f0000000, 0x00000000f7d00000, 0x00000000f7d00000)
  eden space 102400K, 100% used [0x00000000f0000000, 0x00000000f6400000, 0x00000000f6400000)
  from space 12800K,  43% used [0x00000000f7080000, 0x00000000f75e1198, 0x00000000f7d00000)
  to   space 12800K,   0% used [0x00000000f6400000, 0x00000000f6400000, 0x00000000f7080000)
 concurrent mark-sweep generation total 134144K, used 53281K [0x00000000f7d00000, 0x0000000100000000, 0x0000000100000000)
 Metaspace       used 53219K, capacity 56718K, committed 56832K, reserved 1099776K
  class space    used 6507K, capacity 7103K, committed 7168K, reserved 1048576K
2023-10-03T09:20:42.921+0800: 613.430: [GC (Allocation Failure) 2023-10-03T09:20:42.921+0800: 613.430: [ParNew: 107908K->4472K(115200K), 0.0071141 secs] 161190K->57755K(249344K), 0.0073411 secs] [Times: user=0.06 sys=0.00, real=0.01 secs] 
Heap after GC invocations=152 (full 0):
 par new generation   total 115200K, used 4472K [0x00000000f0000000, 0x00000000f7d00000, 0x00000000f7d00000)
  eden space 102400K,   0% used [0x00000000f0000000, 0x00000000f0000000, 0x00000000f6400000)
  from space 12800K,  34% used [0x00000000f6400000, 0x00000000f685e220, 0x00000000f7080000)
  to   space 12800K,   0% used [0x00000000f7080000, 0x00000000f7080000, 0x00000000f7d00000)
 concurrent mark-sweep generation total 134144K, used 53282K [0x00000000f7d00000, 0x0000000100000000, 0x0000000100000000)
 Metaspace       used 53219K, capacity 56718K, committed 56832K, reserved 1099776K
  class space    used 6507K, capacity 7103K, committed 7168K, reserved 1048576K
}
{Heap before GC invocations=152 (full 0):
 par new generation   total 115200K, used 106872K [0x00000000f0000000, 0x00000000f7d00000, 0x00000000f7d00000)
  eden space 102400K, 100% used [0x00000000f0000000, 0x00000000f6400000, 0x00000000f6400000)
  from space 12800K,  34% used [0x00000000f6400000, 0x00000000f685e220, 0x00000000f7080000)
  to   space 12800K,   0% used [0x00000000f7080000, 0x00000000f7080000, 0x00000000f7d00000)
 concurrent mark-sweep generation total 134144K, used 53282K [0x00000000f7d00000, 0x0000000100000000, 0x0000000100000000)
 Metaspace       used 53219K, capacity 56718K, committed 56832K, reserved 1099776K
  class space    used 6507K, capacity 7103K, committed 7168K, reserved 1048576K
2023-10-03T09:20:46.502+0800: 617.011: [GC (Allocation Failure) 2023-10-03T09:20:46.502+0800: 617.011: [ParNew: 106872K->4463K(115200K), 0.0074987 secs] 160155K->57751K(249344K), 0.0078119 secs] [Times: user=0.05 sys=0.01, real=0.01 secs] 
Heap after GC invocations=153 (full 0):
 par new generation   total 115200K, used 4463K [0x00000000f0000000, 0x00000000f7d00000, 0x00000000f7d00000)
  eden space 102400K,   0% used [0x00000000f0000000, 0x00000000f0000000, 0x00000000f6400000)
  from space 12800K,  34% used [0x00000000f7080000, 0x00000000f74dbc58, 0x00000000f7d00000)
  to   space 12800K,   0% used [0x00000000f6400000, 0x00000000f6400000, 0x00000000f7080000)
 concurrent mark-sweep generation total 134144K, used 53288K [0x00000000f7d00000, 0x0000000100000000, 0x0000000100000000)
 Metaspace       used 53219K, capacity 56718K, committed 56832K, reserved 1099776K
  class space    used 6507K, capacity 7103K, committed 7168K, reserved 1048576K
}
{Heap before GC invocations=153 (full 0):
 par new generation   total 115200K, used 106863K [0x00000000f0000000, 0x00000000f7d00000, 0x00000000f7d00000)
  eden space 102400K, 100% used [0x00000000f0000000, 0x00000000f6400000, 0x00000000f6400000)
  from space 12800K,  34% used [0x00000000f7080000, 0x00000000f74dbc58, 0x00000000f7d00000)
  to   space 12800K,   0% used [0x00000000f6400000, 0x00000000f6400000, 0x00000000f7080000)
 concurrent mark-sweep generation total 134144K, used 53288K [0x00000000f7d00000, 0x0000000100000000, 0x0000000100000000)
 Metaspace       used 53219K, capacity 56718K, committed 56832K, reserved 1099776K
  class space    used 6507K, capacity 7103K, committed 7168K, reserved 1048576K
2023-10-03T09:20:50.108+0800: 620.617: [GC (Allocation Failure) 2023-10-03T09:20:50.108+0800: 620.617: [ParNew: 106863K->3219K(115200K), 0.0069971 secs] 160151K->58669K(249344K), 0.0071623 secs] [Times: user=0.06 sys=0.00, real=0.01 secs] 
Heap after GC invocations=154 (full 0):
 par new generation   total 115200K, used 3219K [0x00000000f0000000, 0x00000000f7d00000, 0x00000000f7d00000)
  eden space 102400K,   0% used [0x00000000f0000000, 0x00000000f0000000, 0x00000000f6400000)
  from space 12800K,  25% used [0x00000000f6400000, 0x00000000f6724fb0, 0x00000000f7080000)
  to   space 12800K,   0% used [0x00000000f7080000, 0x00000000f7080000, 0x00000000f7d00000)
 concurrent mark-sweep generation total 134144K, used 55449K [0x00000000f7d00000, 0x0000000100000000, 0x0000000100000000)
 Metaspace       used 53219K, capacity 56718K, committed 56832K, reserved 1099776K
  class space    used 6507K, capacity 7103K, committed 7168K, reserved 1048576K
}
{Heap before GC invocations=154 (full 0):
 par new generation   total 115200K, used 105619K [0x00000000f0000000, 0x00000000f7d00000, 0x00000000f7d00000)
  eden space 102400K, 100% used [0x00000000f0000000, 0x00000000f6400000, 0x00000000f6400000)
  from space 12800K,  25% used [0x00000000f6400000, 0x00000000f6724fb0, 0x00000000f7080000)
  to   space 12800K,   0% used [0x00000000f7080000, 0x00000000f7080000, 0x00000000f7d00000)
 concurrent mark-sweep generation total 134144K, used 55449K [0x00000000f7d00000, 0x0000000100000000, 0x0000000100000000)
 Metaspace       used 53219K, capacity 56718K, committed 56832K, reserved 1099776K
  class space    used 6507K, capacity 7103K, committed 7168K, reserved 1048576K
2023-10-03T09:20:53.829+0800: 624.338: [GC (Allocation Failure) 2023-10-03T09:20:53.829+0800: 624.338: [ParNew: 105619K->1541K(115200K), 0.0033752 secs] 161069K->57046K(249344K), 0.0035894 secs] [Times: user=0.03 sys=0.01, real=0.01 secs] 
Heap after GC invocations=155 (full 0):
 par new generation   total 115200K, used 1541K [0x00000000f0000000, 0x00000000f7d00000, 0x00000000f7d00000)
  eden space 102400K,   0% used [0x00000000f0000000, 0x00000000f0000000, 0x00000000f6400000)
  from space 12800K,  12% used [0x00000000f7080000, 0x00000000f7201770, 0x00000000f7d00000)
  to   space 12800K,   0% used [0x00000000f6400000, 0x00000000f6400000, 0x00000000f7080000)
 concurrent mark-sweep generation total 134144K, used 55504K [0x00000000f7d00000, 0x0000000100000000, 0x0000000100000000)
 Metaspace       used 53219K, capacity 56718K, committed 56832K, reserved 1099776K
  class space    used 6507K, capacity 7103K, committed 7168K, reserved 1048576K
}
{Heap before GC invocations=155 (full 0):
 par new generation   total 115200K, used 103941K [0x00000000f0000000, 0x00000000f7d00000, 0x00000000f7d00000)
  eden space 102400K, 100% used [0x00000000f0000000, 0x00000000f6400000, 0x00000000f6400000)
  from space 12800K,  12% used [0x00000000f7080000, 0x00000000f7201770, 0x00000000f7d00000)
  to   space 12800K,   0% used [0x00000000f6400000, 0x00000000f6400000, 0x00000000f7080000)
 concurrent mark-sweep generation total 134144K, used 55504K [0x00000000f7d00000, 0x0000000100000000, 0x0000000100000000)
 Metaspace       used 53219K, capacity 56718K, committed 56832K, reserved 1099776K
  class space    used 6507K, capacity 7103K, committed 7168K, reserved 1048576K
2023-10-03T09:20:57.435+0800: 627.944: [GC (Allocation Failure) 2023-10-03T09:20:57.435+0800: 627.944: [ParNew: 103941K->1484K(115200K), 0.0065044 secs] 159446K->56988K(249344K), 0.0067899 secs] [Times: user=0.05 sys=0.01, real=0.00 secs] 
Heap after GC invocations=156 (full 0):
 par new generation   total 115200K, used 1484K [0x00000000f0000000, 0x00000000f7d00000, 0x00000000f7d00000)
  eden space 102400K,   0% used [0x00000000f0000000, 0x00000000f0000000, 0x00000000f6400000)
  from space 12800K,  11% used [0x00000000f6400000, 0x00000000f6573020, 0x00000000f7080000)
  to   space 12800K,   0% used [0x00000000f7080000, 0x00000000f7080000, 0x00000000f7d00000)
 concurrent mark-sweep generation total 134144K, used 55504K [0x00000000f7d00000, 0x0000000100000000, 0x0000000100000000)
 Metaspace       used 53219K, capacity 56718K, committed 56832K, reserved 1099776K
  class space    used 6507K, capacity 7103K, committed 7168K, reserved 1048576K
}
{Heap before GC invocations=156 (full 0):
 par new generation   total 115200K, used 103884K [0x00000000f0000000, 0x00000000f7d00000, 0x00000000f7d00000)
  eden space 102400K, 100% used [0x00000000f0000000, 0x00000000f6400000, 0x00000000f6400000)
  from space 12800K,  11% used [0x00000000f6400000, 0x00000000f6573020, 0x00000000f7080000)
  to   space 12800K,   0% used [0x00000000f7080000, 0x00000000f7080000, 0x00000000f7d00000)
 concurrent mark-sweep generation total 134144K, used 55504K [0x00000000f7d00000, 0x0000000100000000, 0x0000000100000000)
 Metaspace       used 53220K, capacity 56718K, committed 56832K, reserved 1099776K
  class space    used 6507K, capacity 7103K, committed 7168K, reserved 1048576K
2023-10-03T09:21:01.021+0800: 631.530: [GC (Allocation Failure) 2023-10-03T09:21:01.021+0800: 631.530: [ParNew: 103884K->1513K(115200K), 0.0057107 secs] 159388K->57020K(249344K), 0.0058739 secs] [Times: user=0.05 sys=0.00, real=0.01 secs] 
Heap after GC invocations=157 (full 0):
 par new generation   total 115200K, used 1513K [0x00000000f0000000, 0x00000000f7d00000, 0x00000000f7d00000)
  eden space 102400K,   0% used [0x00000000f0000000, 0x00000000f0000000, 0x00000000f6400000)
  from space 12800K,  11% used [0x00000000f7080000, 0x00000000f71fa4b8, 0x00000000f7d00000)
  to   space 12800K,   0% used [0x00000000f6400000, 0x00000000f6400000, 0x00000000f7080000)
 concurrent mark-sweep generation total 134144K, used 55507K [0x00000000f7d00000, 0x0000000100000000, 0x0000000100000000)
 Metaspace       used 53220K, capacity 56718K, committed 56832K, reserved 1099776K
  class space    used 6507K, capacity 7103K, committed 7168K, reserved 1048576K
}
{Heap before GC invocations=157 (full 0):
 par new generation   total 115200K, used 103913K [0x00000000f0000000, 0x00000000f7d00000, 0x00000000f7d00000)
  eden space 102400K, 100% used [0x00000000f0000000, 0x00000000f6400000, 0x00000000f6400000)
  from space 12800K,  11% used [0x00000000f7080000, 0x00000000f71fa4b8, 0x00000000f7d00000)
  to   space 12800K,   0% used [0x00000000f6400000, 0x00000000f6400000, 0x00000000f7080000)
 concurrent mark-sweep generation total 134144K, used 55507K [0x00000000f7d00000, 0x0000000100000000, 0x0000000100000000)
 Metaspace       used 53220K, capacity 56718K, committed 56832K, reserved 1099776K
  class space    used 6507K, capacity 7103K, committed 7168K, reserved 1048576K
2023-10-03T09:21:04.616+0800: 635.126: [GC (Allocation Failure) 2023-10-03T09:21:04.617+0800: 635.126: [ParNew: 103913K->1382K(115200K), 0.0065176 secs] 159420K->56944K(249344K), 0.0067734 secs] [Times: user=0.05 sys=0.00, real=0.01 secs] 
Heap after GC invocations=158 (full 0):
 par new generation   total 115200K, used 1382K [0x00000000f0000000, 0x00000000f7d00000, 0x00000000f7d00000)
  eden space 102400K,   0% used [0x00000000f0000000, 0x00000000f0000000, 0x00000000f6400000)
  from space 12800K,  10% used [0x00000000f6400000, 0x00000000f65598a0, 0x00000000f7080000)
  to   space 12800K,   0% used [0x00000000f7080000, 0x00000000f7080000, 0x00000000f7d00000)
 concurrent mark-sweep generation total 134144K, used 55562K [0x00000000f7d00000, 0x0000000100000000, 0x0000000100000000)
 Metaspace       used 53220K, capacity 56718K, committed 56832K, reserved 1099776K
  class space    used 6507K, capacity 7103K, committed 7168K, reserved 1048576K
}
{Heap before GC invocations=158 (full 0):
 par new generation   total 115200K, used 103782K [0x00000000f0000000, 0x00000000f7d00000, 0x00000000f7d00000)
  eden space 102400K, 100% used [0x00000000f0000000, 0x00000000f6400000, 0x00000000f6400000)
  from space 12800K,  10% used [0x00000000f6400000, 0x00000000f65598a0, 0x00000000f7080000)
  to   space 12800K,   0% used [0x00000000f7080000, 0x00000000f7080000, 0x00000000f7d00000)
 concurrent mark-sweep generation total 134144K, used 55562K [0x00000000f7d00000, 0x0000000100000000, 0x0000000100000000)
 Metaspace       used 53220K, capacity 56718K, committed 56832K, reserved 1099776K
  class space    used 6507K, capacity 7103K, committed 7168K, reserved 1048576K
2023-10-03T09:21:08.225+0800: 638.734: [GC (Allocation Failure) 2023-10-03T09:21:08.225+0800: 638.734: [ParNew: 103782K->1439K(115200K), 0.0064403 secs] 159344K->57003K(249344K), 0.0066753 secs] [Times: user=0.05 sys=0.00, real=0.00 secs] 
Heap after GC invocations=159 (full 0):
 par new generation   total 115200K, used 1439K [0x00000000f0000000, 0x00000000f7d00000, 0x00000000f7d00000)
  eden space 102400K,   0% used [0x00000000f0000000, 0x00000000f0000000, 0x00000000f6400000)
  from space 12800K,  11% used [0x00000000f7080000, 0x00000000f71e7f00, 0x00000000f7d00000)
  to   space 12800K,   0% used [0x00000000f6400000, 0x00000000f6400000, 0x00000000f7080000)
 concurrent mark-sweep generation total 134144K, used 55564K [0x00000000f7d00000, 0x0000000100000000, 0x0000000100000000)
 Metaspace       used 53220K, capacity 56718K, committed 56832K, reserved 1099776K
  class space    used 6507K, capacity 7103K, committed 7168K, reserved 1048576K
}
{Heap before GC invocations=159 (full 0):
 par new generation   total 115200K, used 103839K [0x00000000f0000000, 0x00000000f7d00000, 0x00000000f7d00000)
  eden space 102400K, 100% used [0x00000000f0000000, 0x00000000f6400000, 0x00000000f6400000)
  from space 12800K,  11% used [0x00000000f7080000, 0x00000000f71e7f00, 0x00000000f7d00000)
  to   space 12800K,   0% used [0x00000000f6400000, 0x00000000f6400000, 0x00000000f7080000)
 concurrent mark-sweep generation total 134144K, used 55564K [0x00000000f7d00000, 0x0000000100000000, 0x0000000100000000)
 Metaspace       used 53222K, capacity 56718K, committed 56832K, reserved 1099776K
  class space    used 6507K, capacity 7103K, committed 7168K, reserved 1048576K
2023-10-03T09:21:11.838+0800: 642.348: [GC (Allocation Failure) 2023-10-03T09:21:11.839+0800: 642.348: [ParNew: 103839K->1341K(115200K), 0.0196897 secs] 159403K->56906K(249344K), 0.0199431 secs] [Times: user=0.05 sys=0.00, real=0.02 secs] 
Heap after GC invocations=160 (full 0):
 par new generation   total 115200K, used 1341K [0x00000000f0000000, 0x00000000f7d00000, 0x00000000f7d00000)
  eden space 102400K,   0% used [0x00000000f0000000, 0x00000000f0000000, 0x00000000f6400000)
  from space 12800K,  10% used [0x00000000f6400000, 0x00000000f654f7c0, 0x00000000f7080000)
  to   space 12800K,   0% used [0x00000000f7080000, 0x00000000f7080000, 0x00000000f7d00000)
 concurrent mark-sweep generation total 134144K, used 55564K [0x00000000f7d00000, 0x0000000100000000, 0x0000000100000000)
 Metaspace       used 53222K, capacity 56718K, committed 56832K, reserved 1099776K
  class space    used 6507K, capacity 7103K, committed 7168K, reserved 1048576K
}
{Heap before GC invocations=160 (full 0):
 par new generation   total 115200K, used 103741K [0x00000000f0000000, 0x00000000f7d00000, 0x00000000f7d00000)
  eden space 102400K, 100% used [0x00000000f0000000, 0x00000000f6400000, 0x00000000f6400000)
  from space 12800K,  10% used [0x00000000f6400000, 0x00000000f654f7c0, 0x00000000f7080000)
  to   space 12800K,   0% used [0x00000000f7080000, 0x00000000f7080000, 0x00000000f7d00000)
 concurrent mark-sweep generation total 134144K, used 55564K [0x00000000f7d00000, 0x0000000100000000, 0x0000000100000000)
 Metaspace       used 53223K, capacity 56718K, committed 56832K, reserved 1099776K
  class space    used 6507K, capacity 7103K, committed 7168K, reserved 1048576K
2023-10-03T09:21:15.520+0800: 646.029: [GC (Allocation Failure) 2023-10-03T09:21:15.520+0800: 646.030: [ParNew: 103741K->1431K(115200K), 0.0056346 secs] 159306K->56995K(249344K), 0.0058287 secs] [Times: user=0.05 sys=0.00, real=0.01 secs] 
Heap after GC invocations=161 (full 0):
 par new generation   total 115200K, used 1431K [0x00000000f0000000, 0x00000000f7d00000, 0x00000000f7d00000)
  eden space 102400K,   0% used [0x00000000f0000000, 0x00000000f0000000, 0x00000000f6400000)
  from space 12800K,  11% used [0x00000000f7080000, 0x00000000f71e5f50, 0x00000000f7d00000)
  to   space 12800K,   0% used [0x00000000f6400000, 0x00000000f6400000, 0x00000000f7080000)
 concurrent mark-sweep generation total 134144K, used 55564K [0x00000000f7d00000, 0x0000000100000000, 0x0000000100000000)
 Metaspace       used 53223K, capacity 56718K, committed 56832K, reserved 1099776K
  class space    used 6507K, capacity 7103K, committed 7168K, reserved 1048576K
}
{Heap before GC invocations=161 (full 0):
 par new generation   total 115200K, used 103831K [0x00000000f0000000, 0x00000000f7d00000, 0x00000000f7d00000)
  eden space 102400K, 100% used [0x00000000f0000000, 0x00000000f6400000, 0x00000000f6400000)
  from space 12800K,  11% used [0x00000000f7080000, 0x00000000f71e5f50, 0x00000000f7d00000)
  to   space 12800K,   0% used [0x00000000f6400000, 0x00000000f6400000, 0x00000000f7080000)
 concurrent mark-sweep generation total 134144K, used 55564K [0x00000000f7d00000, 0x0000000100000000, 0x0000000100000000)
 Metaspace       used 53223K, capacity 56718K, committed 56832K, reserved 1099776K
  class space    used 6507K, capacity 7103K, committed 7168K, reserved 1048576K
2023-10-03T09:21:19.156+0800: 649.665: [GC (Allocation Failure) 2023-10-03T09:21:19.156+0800: 649.665: [ParNew: 103831K->1342K(115200K), 0.0029290 secs] 159395K->56913K(249344K), 0.0031300 secs] [Times: user=0.02 sys=0.01, real=0.00 secs] 
Heap after GC invocations=162 (full 0):
 par new generation   total 115200K, used 1342K [0x00000000f0000000, 0x00000000f7d00000, 0x00000000f7d00000)
  eden space 102400K,   0% used [0x00000000f0000000, 0x00000000f0000000, 0x00000000f6400000)
  from space 12800K,  10% used [0x00000000f6400000, 0x00000000f654fa00, 0x00000000f7080000)
  to   space 12800K,   0% used [0x00000000f7080000, 0x00000000f7080000, 0x00000000f7d00000)
 concurrent mark-sweep generation total 134144K, used 55571K [0x00000000f7d00000, 0x0000000100000000, 0x0000000100000000)
 Metaspace       used 53223K, capacity 56718K, committed 56832K, reserved 1099776K
  class space    used 6507K, capacity 7103K, committed 7168K, reserved 1048576K
}
{Heap before GC invocations=162 (full 0):
 par new generation   total 115200K, used 103742K [0x00000000f0000000, 0x00000000f7d00000, 0x00000000f7d00000)
  eden space 102400K, 100% used [0x00000000f0000000, 0x00000000f6400000, 0x00000000f6400000)
  from space 12800K,  10% used [0x00000000f6400000, 0x00000000f654fa00, 0x00000000f7080000)
  to   space 12800K,   0% used [0x00000000f7080000, 0x00000000f7080000, 0x00000000f7d00000)
 concurrent mark-sweep generation total 134144K, used 55571K [0x00000000f7d00000, 0x0000000100000000, 0x0000000100000000)
 Metaspace       used 53223K, capacity 56718K, committed 56832K, reserved 1099776K
  class space    used 6507K, capacity 7103K, committed 7168K, reserved 1048576K
2023-10-03T09:21:22.741+0800: 653.250: [GC (Allocation Failure) 2023-10-03T09:21:22.741+0800: 653.250: [ParNew: 103742K->1773K(115200K), 0.0071241 secs] 159313K->57345K(249344K), 0.0073772 secs] [Times: user=0.06 sys=0.00, real=0.01 secs] 
Heap after GC invocations=163 (full 0):
 par new generation   total 115200K, used 1773K [0x00000000f0000000, 0x00000000f7d00000, 0x00000000f7d00000)
  eden space 102400K,   0% used [0x00000000f0000000, 0x00000000f0000000, 0x00000000f6400000)
  from space 12800K,  13% used [0x00000000f7080000, 0x00000000f723b500, 0x00000000f7d00000)
  to   space 12800K,   0% used [0x00000000f6400000, 0x00000000f6400000, 0x00000000f7080000)
 concurrent mark-sweep generation total 134144K, used 55572K [0x00000000f7d00000, 0x0000000100000000, 0x0000000100000000)
 Metaspace       used 53223K, capacity 56718K, committed 56832K, reserved 1099776K
  class space    used 6507K, capacity 7103K, committed 7168K, reserved 1048576K
}
{Heap before GC invocations=163 (full 0):
 par new generation   total 115200K, used 104173K [0x00000000f0000000, 0x00000000f7d00000, 0x00000000f7d00000)
  eden space 102400K, 100% used [0x00000000f0000000, 0x00000000f6400000, 0x00000000f6400000)
  from space 12800K,  13% used [0x00000000f7080000, 0x00000000f723b500, 0x00000000f7d00000)
  to   space 12800K,   0% used [0x00000000f6400000, 0x00000000f6400000, 0x00000000f7080000)
 concurrent mark-sweep generation total 134144K, used 55572K [0x00000000f7d00000, 0x0000000100000000, 0x0000000100000000)
 Metaspace       used 53223K, capacity 56718K, committed 56832K, reserved 1099776K
  class space    used 6507K, capacity 7103K, committed 7168K, reserved 1048576K
2023-10-03T09:21:26.340+0800: 656.849: [GC (Allocation Failure) 2023-10-03T09:21:26.340+0800: 656.849: [ParNew: 104173K->1768K(115200K), 0.0063277 secs] 159745K->57341K(249344K), 0.0064930 secs] [Times: user=0.06 sys=0.00, real=0.01 secs] 
Heap after GC invocations=164 (full 0):
 par new generation   total 115200K, used 1768K [0x00000000f0000000, 0x00000000f7d00000, 0x00000000f7d00000)
  eden space 102400K,   0% used [0x00000000f0000000, 0x00000000f0000000, 0x00000000f6400000)
  from space 12800K,  13% used [0x00000000f6400000, 0x00000000f65ba300, 0x00000000f7080000)
  to   space 12800K,   0% used [0x00000000f7080000, 0x00000000f7080000, 0x00000000f7d00000)
 concurrent mark-sweep generation total 134144K, used 55572K [0x00000000f7d00000, 0x0000000100000000, 0x0000000100000000)
 Metaspace       used 53223K, capacity 56718K, committed 56832K, reserved 1099776K
  class space    used 6507K, capacity 7103K, committed 7168K, reserved 1048576K
}
{Heap before GC invocations=164 (full 0):
 par new generation   total 115200K, used 104168K [0x00000000f0000000, 0x00000000f7d00000, 0x00000000f7d00000)
  eden space 102400K, 100% used [0x00000000f0000000, 0x00000000f6400000, 0x00000000f6400000)
  from space 12800K,  13% used [0x00000000f6400000, 0x00000000f65ba300, 0x00000000f7080000)
  to   space 12800K,   0% used [0x00000000f7080000, 0x00000000f7080000, 0x00000000f7d00000)
 concurrent mark-sweep generation total 134144K, used 55572K [0x00000000f7d00000, 0x0000000100000000, 0x0000000100000000)
 Metaspace       used 53229K, capacity 56726K, committed 56832K, reserved 1099776K
  class space    used 6507K, capacity 7103K, committed 7168K, reserved 1048576K
2023-10-03T09:21:29.934+0800: 660.443: [GC (Allocation Failure) 2023-10-03T09:21:29.934+0800: 660.443: [ParNew: 104168K->1881K(115200K), 0.0070334 secs] 159741K->57458K(249344K), 0.0072874 secs] [Times: user=0.06 sys=0.00, real=0.00 secs] 
Heap after GC invocations=165 (full 0):
 par new generation   total 115200K, used 1881K [0x00000000f0000000, 0x00000000f7d00000, 0x00000000f7d00000)
  eden space 102400K,   0% used [0x00000000f0000000, 0x00000000f0000000, 0x00000000f6400000)
  from space 12800K,  14% used [0x00000000f7080000, 0x00000000f72564a0, 0x00000000f7d00000)
  to   space 12800K,   0% used [0x00000000f6400000, 0x00000000f6400000, 0x00000000f7080000)
 concurrent mark-sweep generation total 134144K, used 55577K [0x00000000f7d00000, 0x0000000100000000, 0x0000000100000000)
 Metaspace       used 53229K, capacity 56726K, committed 56832K, reserved 1099776K
  class space    used 6507K, capacity 7103K, committed 7168K, reserved 1048576K
}
{Heap before GC invocations=165 (full 0):
 par new generation   total 115200K, used 104281K [0x00000000f0000000, 0x00000000f7d00000, 0x00000000f7d00000)
  eden space 102400K, 100% used [0x00000000f0000000, 0x00000000f6400000, 0x00000000f6400000)
  from space 12800K,  14% used [0x00000000f7080000, 0x00000000f72564a0, 0x00000000f7d00000)
  to   space 12800K,   0% used [0x00000000f6400000, 0x00000000f6400000, 0x00000000f7080000)
 concurrent mark-sweep generation total 134144K, used 55577K [0x00000000f7d00000, 0x0000000100000000, 0x0000000100000000)
 Metaspace       used 53229K, capacity 56726K, committed 56832K, reserved 1099776K
  class space    used 6507K, capacity 7103K, committed 7168K, reserved 1048576K
2023-10-03T09:21:33.528+0800: 664.037: [GC (Allocation Failure) 2023-10-03T09:21:33.528+0800: 664.037: [ParNew: 104281K->1457K(115200K), 0.0064180 secs] 159858K->57038K(249344K), 0.0066524 secs] [Times: user=0.05 sys=0.00, real=0.01 secs] 
Heap after GC invocations=166 (full 0):
 par new generation   total 115200K, used 1457K [0x00000000f0000000, 0x00000000f7d00000, 0x00000000f7d00000)
  eden space 102400K,   0% used [0x00000000f0000000, 0x00000000f0000000, 0x00000000f6400000)
  from space 12800K,  11% used [0x00000000f6400000, 0x00000000f656c6c8, 0x00000000f7080000)
  to   space 12800K,   0% used [0x00000000f7080000, 0x00000000f7080000, 0x00000000f7d00000)
 concurrent mark-sweep generation total 134144K, used 55580K [0x00000000f7d00000, 0x0000000100000000, 0x0000000100000000)
 Metaspace       used 53229K, capacity 56726K, committed 56832K, reserved 1099776K
  class space    used 6507K, capacity 7103K, committed 7168K, reserved 1048576K
}
{Heap before GC invocations=166 (full 0):
 par new generation   total 115200K, used 103857K [0x00000000f0000000, 0x00000000f7d00000, 0x00000000f7d00000)
  eden space 102400K, 100% used [0x00000000f0000000, 0x00000000f6400000, 0x00000000f6400000)
  from space 12800K,  11% used [0x00000000f6400000, 0x00000000f656c6c8, 0x00000000f7080000)
  to   space 12800K,   0% used [0x00000000f7080000, 0x00000000f7080000, 0x00000000f7d00000)
 concurrent mark-sweep generation total 134144K, used 55580K [0x00000000f7d00000, 0x0000000100000000, 0x0000000100000000)
 Metaspace       used 53229K, capacity 56726K, committed 56832K, reserved 1099776K
  class space    used 6507K, capacity 7103K, committed 7168K, reserved 1048576K
2023-10-03T09:21:37.247+0800: 667.756: [GC (Allocation Failure) 2023-10-03T09:21:37.247+0800: 667.756: [ParNew: 103857K->1916K(115200K), 0.0039114 secs] 159438K->57497K(249344K), 0.0040765 secs] [Times: user=0.03 sys=0.00, real=0.00 secs] 
Heap after GC invocations=167 (full 0):
 par new generation   total 115200K, used 1916K [0x00000000f0000000, 0x00000000f7d00000, 0x00000000f7d00000)
  eden space 102400K,   0% used [0x00000000f0000000, 0x00000000f0000000, 0x00000000f6400000)
  from space 12800K,  14% used [0x00000000f7080000, 0x00000000f725f020, 0x00000000f7d00000)
  to   space 12800K,   0% used [0x00000000f6400000, 0x00000000f6400000, 0x00000000f7080000)
 concurrent mark-sweep generation total 134144K, used 55581K [0x00000000f7d00000, 0x0000000100000000, 0x0000000100000000)
 Metaspace       used 53229K, capacity 56726K, committed 56832K, reserved 1099776K
  class space    used 6507K, capacity 7103K, committed 7168K, reserved 1048576K
}
{Heap before GC invocations=167 (full 0):
 par new generation   total 115200K, used 104316K [0x00000000f0000000, 0x00000000f7d00000, 0x00000000f7d00000)
  eden space 102400K, 100% used [0x00000000f0000000, 0x00000000f6400000, 0x00000000f6400000)
  from space 12800K,  14% used [0x00000000f7080000, 0x00000000f725f020, 0x00000000f7d00000)
  to   space 12800K,   0% used [0x00000000f6400000, 0x00000000f6400000, 0x00000000f7080000)
 concurrent mark-sweep generation total 134144K, used 55581K [0x00000000f7d00000, 0x0000000100000000, 0x0000000100000000)
 Metaspace       used 53229K, capacity 56726K, committed 56832K, reserved 1099776K
  class space    used 6507K, capacity 7103K, committed 7168K, reserved 1048576K
2023-10-03T09:21:40.871+0800: 671.380: [GC (Allocation Failure) 2023-10-03T09:21:40.871+0800: 671.380: [ParNew: 104316K->1428K(115200K), 0.0057599 secs] 159897K->57009K(249344K), 0.0059486 secs] [Times: user=0.05 sys=0.00, real=0.01 secs] 
Heap after GC invocations=168 (full 0):
 par new generation   total 115200K, used 1428K [0x00000000f0000000, 0x00000000f7d00000, 0x00000000f7d00000)
  eden space 102400K,   0% used [0x00000000f0000000, 0x00000000f0000000, 0x00000000f6400000)
  from space 12800K,  11% used [0x00000000f6400000, 0x00000000f6565150, 0x00000000f7080000)
  to   space 12800K,   0% used [0x00000000f7080000, 0x00000000f7080000, 0x00000000f7d00000)
 concurrent mark-sweep generation total 134144K, used 55581K [0x00000000f7d00000, 0x0000000100000000, 0x0000000100000000)
 Metaspace       used 53229K, capacity 56726K, committed 56832K, reserved 1099776K
  class space    used 6507K, capacity 7103K, committed 7168K, reserved 1048576K
}
{Heap before GC invocations=168 (full 0):
 par new generation   total 115200K, used 103828K [0x00000000f0000000, 0x00000000f7d00000, 0x00000000f7d00000)
  eden space 102400K, 100% used [0x00000000f0000000, 0x00000000f6400000, 0x00000000f6400000)
  from space 12800K,  11% used [0x00000000f6400000, 0x00000000f6565150, 0x00000000f7080000)
  to   space 12800K,   0% used [0x00000000f7080000, 0x00000000f7080000, 0x00000000f7d00000)
 concurrent mark-sweep generation total 134144K, used 55581K [0x00000000f7d00000, 0x0000000100000000, 0x0000000100000000)
 Metaspace       used 53229K, capacity 56726K, committed 56832K, reserved 1099776K
  class space    used 6507K, capacity 7103K, committed 7168K, reserved 1048576K
2023-10-03T09:21:44.430+0800: 674.940: [GC (Allocation Failure) 2023-10-03T09:21:44.430+0800: 674.940: [ParNew: 103828K->1536K(115200K), 0.0192837 secs] 159409K->57127K(249344K), 0.0194458 secs] [Times: user=0.05 sys=0.00, real=0.02 secs] 
Heap after GC invocations=169 (full 0):
 par new generation   total 115200K, used 1536K [0x00000000f0000000, 0x00000000f7d00000, 0x00000000f7d00000)
  eden space 102400K,   0% used [0x00000000f0000000, 0x00000000f0000000, 0x00000000f6400000)
  from space 12800K,  12% used [0x00000000f7080000, 0x00000000f72002b8, 0x00000000f7d00000)
  to   space 12800K,   0% used [0x00000000f6400000, 0x00000000f6400000, 0x00000000f7080000)
 concurrent mark-sweep generation total 134144K, used 55590K [0x00000000f7d00000, 0x0000000100000000, 0x0000000100000000)
 Metaspace       used 53229K, capacity 56726K, committed 56832K, reserved 1099776K
  class space    used 6507K, capacity 7103K, committed 7168K, reserved 1048576K
}
{Heap before GC invocations=169 (full 0):
 par new generation   total 115200K, used 103936K [0x00000000f0000000, 0x00000000f7d00000, 0x00000000f7d00000)
  eden space 102400K, 100% used [0x00000000f0000000, 0x00000000f6400000, 0x00000000f6400000)
  from space 12800K,  12% used [0x00000000f7080000, 0x00000000f72002b8, 0x00000000f7d00000)
  to   space 12800K,   0% used [0x00000000f6400000, 0x00000000f6400000, 0x00000000f7080000)
 concurrent mark-sweep generation total 134144K, used 55590K [0x00000000f7d00000, 0x0000000100000000, 0x0000000100000000)
 Metaspace       used 53229K, capacity 56726K, committed 56832K, reserved 1099776K
  class space    used 6507K, capacity 7103K, committed 7168K, reserved 1048576K
2023-10-03T09:21:48.028+0800: 678.537: [GC (Allocation Failure) 2023-10-03T09:21:48.028+0800: 678.537: [ParNew: 103936K->1330K(115200K), 0.0066811 secs] 159527K->56924K(249344K), 0.0069324 secs] [Times: user=0.06 sys=0.00, real=0.01 secs] 
Heap after GC invocations=170 (full 0):
 par new generation   total 115200K, used 1330K [0x00000000f0000000, 0x00000000f7d00000, 0x00000000f7d00000)
  eden space 102400K,   0% used [0x00000000f0000000, 0x00000000f0000000, 0x00000000f6400000)
  from space 12800K,  10% used [0x00000000f6400000, 0x00000000f654cb20, 0x00000000f7080000)
  to   space 12800K,   0% used [0x00000000f7080000, 0x00000000f7080000, 0x00000000f7d00000)
 concurrent mark-sweep generation total 134144K, used 55593K [0x00000000f7d00000, 0x0000000100000000, 0x0000000100000000)
 Metaspace       used 53229K, capacity 56726K, committed 56832K, reserved 1099776K
  class space    used 6507K, capacity 7103K, committed 7168K, reserved 1048576K
}
{Heap before GC invocations=170 (full 0):
 par new generation   total 115200K, used 103730K [0x00000000f0000000, 0x00000000f7d00000, 0x00000000f7d00000)
  eden space 102400K, 100% used [0x00000000f0000000, 0x00000000f6400000, 0x00000000f6400000)
  from space 12800K,  10% used [0x00000000f6400000, 0x00000000f654cb20, 0x00000000f7080000)
  to   space 12800K,   0% used [0x00000000f7080000, 0x00000000f7080000, 0x00000000f7d00000)
 concurrent mark-sweep generation total 134144K, used 55593K [0x00000000f7d00000, 0x0000000100000000, 0x0000000100000000)
 Metaspace       used 53229K, capacity 56726K, committed 56832K, reserved 1099776K
  class space    used 6507K, capacity 7103K, committed 7168K, reserved 1048576K
2023-10-03T09:21:51.660+0800: 682.169: [GC (Allocation Failure) 2023-10-03T09:21:51.660+0800: 682.169: [ParNew: 103730K->1349K(115200K), 0.0059977 secs] 159324K->56947K(249344K), 0.0062275 secs] [Times: user=0.06 sys=0.00, real=0.01 secs] 
Heap after GC invocations=171 (full 0):
 par new generation   total 115200K, used 1349K [0x00000000f0000000, 0x00000000f7d00000, 0x00000000f7d00000)
  eden space 102400K,   0% used [0x00000000f0000000, 0x00000000f0000000, 0x00000000f6400000)
  from space 12800K,  10% used [0x00000000f7080000, 0x00000000f71d1440, 0x00000000f7d00000)
  to   space 12800K,   0% used [0x00000000f6400000, 0x00000000f6400000, 0x00000000f7080000)
 concurrent mark-sweep generation total 134144K, used 55598K [0x00000000f7d00000, 0x0000000100000000, 0x0000000100000000)
 Metaspace       used 53229K, capacity 56726K, committed 56832K, reserved 1099776K
  class space    used 6507K, capacity 7103K, committed 7168K, reserved 1048576K
}
{Heap before GC invocations=171 (full 0):
 par new generation   total 115200K, used 103749K [0x00000000f0000000, 0x00000000f7d00000, 0x00000000f7d00000)
  eden space 102400K, 100% used [0x00000000f0000000, 0x00000000f6400000, 0x00000000f6400000)
  from space 12800K,  10% used [0x00000000f7080000, 0x00000000f71d1440, 0x00000000f7d00000)
  to   space 12800K,   0% used [0x00000000f6400000, 0x00000000f6400000, 0x00000000f7080000)
 concurrent mark-sweep generation total 134144K, used 55598K [0x00000000f7d00000, 0x0000000100000000, 0x0000000100000000)
 Metaspace       used 53229K, capacity 56726K, committed 56832K, reserved 1099776K
  class space    used 6507K, capacity 7103K, committed 7168K, reserved 1048576K
2023-10-03T09:21:55.250+0800: 685.759: [GC (Allocation Failure) 2023-10-03T09:21:55.250+0800: 685.759: [ParNew: 103749K->1333K(115200K), 0.0061227 secs] 159347K->56943K(249344K), 0.0063468 secs] [Times: user=0.06 sys=0.00, real=0.01 secs] 
Heap after GC invocations=172 (full 0):
 par new generation   total 115200K, used 1333K [0x00000000f0000000, 0x00000000f7d00000, 0x00000000f7d00000)
  eden space 102400K,   0% used [0x00000000f0000000, 0x00000000f0000000, 0x00000000f6400000)
  from space 12800K,  10% used [0x00000000f6400000, 0x00000000f654d600, 0x00000000f7080000)
  to   space 12800K,   0% used [0x00000000f7080000, 0x00000000f7080000, 0x00000000f7d00000)
 concurrent mark-sweep generation total 134144K, used 55610K [0x00000000f7d00000, 0x0000000100000000, 0x0000000100000000)
 Metaspace       used 53229K, capacity 56726K, committed 56832K, reserved 1099776K
  class space    used 6507K, capacity 7103K, committed 7168K, reserved 1048576K
}
{Heap before GC invocations=172 (full 0):
 par new generation   total 115200K, used 103727K [0x00000000f0000000, 0x00000000f7d00000, 0x00000000f7d00000)
  eden space 102400K,  99% used [0x00000000f0000000, 0x00000000f63fe9b8, 0x00000000f6400000)
  from space 12800K,  10% used [0x00000000f6400000, 0x00000000f654d600, 0x00000000f7080000)
  to   space 12800K,   0% used [0x00000000f7080000, 0x00000000f7080000, 0x00000000f7d00000)
 concurrent mark-sweep generation total 134144K, used 55610K [0x00000000f7d00000, 0x0000000100000000, 0x0000000100000000)
 Metaspace       used 53238K, capacity 56726K, committed 56832K, reserved 1099776K
  class space    used 6507K, capacity 7103K, committed 7168K, reserved 1048576K
2023-10-03T09:21:58.951+0800: 689.460: [GC (Allocation Failure) 2023-10-03T09:21:58.951+0800: 689.460: [ParNew: 103727K->1329K(115200K), 0.0054591 secs] 159338K->56950K(249344K), 0.0056669 secs] [Times: user=0.05 sys=0.00, real=0.01 secs] 
Heap after GC invocations=173 (full 0):
 par new generation   total 115200K, used 1329K [0x00000000f0000000, 0x00000000f7d00000, 0x00000000f7d00000)
  eden space 102400K,   0% used [0x00000000f0000000, 0x00000000f0000000, 0x00000000f6400000)
  from space 12800K,  10% used [0x00000000f7080000, 0x00000000f71cc760, 0x00000000f7d00000)
  to   space 12800K,   0% used [0x00000000f6400000, 0x00000000f6400000, 0x00000000f7080000)
 concurrent mark-sweep generation total 134144K, used 55620K [0x00000000f7d00000, 0x0000000100000000, 0x0000000100000000)
 Metaspace       used 53238K, capacity 56726K, committed 56832K, reserved 1099776K
  class space    used 6507K, capacity 7103K, committed 7168K, reserved 1048576K
}
{Heap before GC invocations=173 (full 0):
 par new generation   total 115200K, used 103729K [0x00000000f0000000, 0x00000000f7d00000, 0x00000000f7d00000)
  eden space 102400K, 100% used [0x00000000f0000000, 0x00000000f6400000, 0x00000000f6400000)
  from space 12800K,  10% used [0x00000000f7080000, 0x00000000f71cc760, 0x00000000f7d00000)
  to   space 12800K,   0% used [0x00000000f6400000, 0x00000000f6400000, 0x00000000f7080000)
 concurrent mark-sweep generation total 134144K, used 55620K [0x00000000f7d00000, 0x0000000100000000, 0x0000000100000000)
 Metaspace       used 53238K, capacity 56726K, committed 56832K, reserved 1099776K
  class space    used 6507K, capacity 7103K, committed 7168K, reserved 1048576K
2023-10-03T09:22:02.572+0800: 693.081: [GC (Allocation Failure) 2023-10-03T09:22:02.572+0800: 693.081: [ParNew: 103729K->1541K(115200K), 0.0060450 secs] 159350K->57162K(249344K), 0.0062457 secs] [Times: user=0.05 sys=0.01, real=0.01 secs] 
Heap after GC invocations=174 (full 0):
 par new generation   total 115200K, used 1541K [0x00000000f0000000, 0x00000000f7d00000, 0x00000000f7d00000)
  eden space 102400K,   0% used [0x00000000f0000000, 0x00000000f0000000, 0x00000000f6400000)
  from space 12800K,  12% used [0x00000000f6400000, 0x00000000f6581540, 0x00000000f7080000)
  to   space 12800K,   0% used [0x00000000f7080000, 0x00000000f7080000, 0x00000000f7d00000)
 concurrent mark-sweep generation total 134144K, used 55620K [0x00000000f7d00000, 0x0000000100000000, 0x0000000100000000)
 Metaspace       used 53238K, capacity 56726K, committed 56832K, reserved 1099776K
  class space    used 6507K, capacity 7103K, committed 7168K, reserved 1048576K
}
{Heap before GC invocations=174 (full 0):
 par new generation   total 115200K, used 103941K [0x00000000f0000000, 0x00000000f7d00000, 0x00000000f7d00000)
  eden space 102400K, 100% used [0x00000000f0000000, 0x00000000f6400000, 0x00000000f6400000)
  from space 12800K,  12% used [0x00000000f6400000, 0x00000000f6581540, 0x00000000f7080000)
  to   space 12800K,   0% used [0x00000000f7080000, 0x00000000f7080000, 0x00000000f7d00000)
 concurrent mark-sweep generation total 134144K, used 55620K [0x00000000f7d00000, 0x0000000100000000, 0x0000000100000000)
 Metaspace       used 53240K, capacity 56726K, committed 56832K, reserved 1099776K
  class space    used 6507K, capacity 7103K, committed 7168K, reserved 1048576K
2023-10-03T09:22:06.166+0800: 696.675: [GC (Allocation Failure) 2023-10-03T09:22:06.166+0800: 696.675: [ParNew: 103941K->1556K(115200K), 0.0064018 secs] 159562K->57178K(249344K), 0.0067085 secs] [Times: user=0.05 sys=0.00, real=0.01 secs] 
Heap after GC invocations=175 (full 0):
 par new generation   total 115200K, used 1556K [0x00000000f0000000, 0x00000000f7d00000, 0x00000000f7d00000)
  eden space 102400K,   0% used [0x00000000f0000000, 0x00000000f0000000, 0x00000000f6400000)
  from space 12800K,  12% used [0x00000000f7080000, 0x00000000f72051a0, 0x00000000f7d00000)
  to   space 12800K,   0% used [0x00000000f6400000, 0x00000000f6400000, 0x00000000f7080000)
 concurrent mark-sweep generation total 134144K, used 55621K [0x00000000f7d00000, 0x0000000100000000, 0x0000000100000000)
 Metaspace       used 53240K, capacity 56726K, committed 56832K, reserved 1099776K
  class space    used 6507K, capacity 7103K, committed 7168K, reserved 1048576K
}
{Heap before GC invocations=175 (full 0):
 par new generation   total 115200K, used 103956K [0x00000000f0000000, 0x00000000f7d00000, 0x00000000f7d00000)
  eden space 102400K, 100% used [0x00000000f0000000, 0x00000000f6400000, 0x00000000f6400000)
  from space 12800K,  12% used [0x00000000f7080000, 0x00000000f72051a0, 0x00000000f7d00000)
  to   space 12800K,   0% used [0x00000000f6400000, 0x00000000f6400000, 0x00000000f7080000)
 concurrent mark-sweep generation total 134144K, used 55621K [0x00000000f7d00000, 0x0000000100000000, 0x0000000100000000)
 Metaspace       used 53240K, capacity 56726K, committed 56832K, reserved 1099776K
  class space    used 6507K, capacity 7103K, committed 7168K, reserved 1048576K
2023-10-03T09:22:09.749+0800: 700.258: [GC (Allocation Failure) 2023-10-03T09:22:09.749+0800: 700.258: [ParNew: 103956K->1335K(115200K), 0.0058905 secs] 159578K->56960K(249344K), 0.0061191 secs] [Times: user=0.05 sys=0.01, real=0.01 secs] 
Heap after GC invocations=176 (full 0):
 par new generation   total 115200K, used 1335K [0x00000000f0000000, 0x00000000f7d00000, 0x00000000f7d00000)
  eden space 102400K,   0% used [0x00000000f0000000, 0x00000000f0000000, 0x00000000f6400000)
  from space 12800K,  10% used [0x00000000f6400000, 0x00000000f654dea0, 0x00000000f7080000)
  to   space 12800K,   0% used [0x00000000f7080000, 0x00000000f7080000, 0x00000000f7d00000)
 concurrent mark-sweep generation total 134144K, used 55624K [0x00000000f7d00000, 0x0000000100000000, 0x0000000100000000)
 Metaspace       used 53240K, capacity 56726K, committed 56832K, reserved 1099776K
  class space    used 6507K, capacity 7103K, committed 7168K, reserved 1048576K
}
{Heap before GC invocations=176 (full 0):
 par new generation   total 115200K, used 103735K [0x00000000f0000000, 0x00000000f7d00000, 0x00000000f7d00000)
  eden space 102400K, 100% used [0x00000000f0000000, 0x00000000f6400000, 0x00000000f6400000)
  from space 12800K,  10% used [0x00000000f6400000, 0x00000000f654dea0, 0x00000000f7080000)
  to   space 12800K,   0% used [0x00000000f7080000, 0x00000000f7080000, 0x00000000f7d00000)
 concurrent mark-sweep generation total 134144K, used 55624K [0x00000000f7d00000, 0x0000000100000000, 0x0000000100000000)
 Metaspace       used 53240K, capacity 56726K, committed 56832K, reserved 1099776K
  class space    used 6507K, capacity 7103K, committed 7168K, reserved 1048576K
2023-10-03T09:22:13.389+0800: 703.898: [GC (Allocation Failure) 2023-10-03T09:22:13.389+0800: 703.898: [ParNew: 103735K->1333K(115200K), 0.0069287 secs] 159360K->56963K(249344K), 0.0071936 secs] [Times: user=0.05 sys=0.01, real=0.01 secs] 
Heap after GC invocations=177 (full 0):
 par new generation   total 115200K, used 1333K [0x00000000f0000000, 0x00000000f7d00000, 0x00000000f7d00000)
  eden space 102400K,   0% used [0x00000000f0000000, 0x00000000f0000000, 0x00000000f6400000)
  from space 12800K,  10% used [0x00000000f7080000, 0x00000000f71cd780, 0x00000000f7d00000)
  to   space 12800K,   0% used [0x00000000f6400000, 0x00000000f6400000, 0x00000000f7080000)
 concurrent mark-sweep generation total 134144K, used 55629K [0x00000000f7d00000, 0x0000000100000000, 0x0000000100000000)
 Metaspace       used 53240K, capacity 56726K, committed 56832K, reserved 1099776K
  class space    used 6507K, capacity 7103K, committed 7168K, reserved 1048576K
}
{Heap before GC invocations=177 (full 0):
 par new generation   total 115200K, used 103733K [0x00000000f0000000, 0x00000000f7d00000, 0x00000000f7d00000)
  eden space 102400K, 100% used [0x00000000f0000000, 0x00000000f6400000, 0x00000000f6400000)
  from space 12800K,  10% used [0x00000000f7080000, 0x00000000f71cd780, 0x00000000f7d00000)
  to   space 12800K,   0% used [0x00000000f6400000, 0x00000000f6400000, 0x00000000f7080000)
 concurrent mark-sweep generation total 134144K, used 55629K [0x00000000f7d00000, 0x0000000100000000, 0x0000000100000000)
 Metaspace       used 53240K, capacity 56726K, committed 56832K, reserved 1099776K
  class space    used 6507K, capacity 7103K, committed 7168K, reserved 1048576K
2023-10-03T09:22:16.945+0800: 707.454: [GC (Allocation Failure) 2023-10-03T09:22:16.945+0800: 707.454: [ParNew: 103733K->1432K(115200K), 0.0194677 secs] 159363K->57062K(249344K), 0.0196968 secs] [Times: user=0.05 sys=0.00, real=0.02 secs] 
Heap after GC invocations=178 (full 0):
 par new generation   total 115200K, used 1432K [0x00000000f0000000, 0x00000000f7d00000, 0x00000000f7d00000)
  eden space 102400K,   0% used [0x00000000f0000000, 0x00000000f0000000, 0x00000000f6400000)
  from space 12800K,  11% used [0x00000000f6400000, 0x00000000f6566158, 0x00000000f7080000)
  to   space 12800K,   0% used [0x00000000f7080000, 0x00000000f7080000, 0x00000000f7d00000)
 concurrent mark-sweep generation total 134144K, used 55630K [0x00000000f7d00000, 0x0000000100000000, 0x0000000100000000)
 Metaspace       used 53240K, capacity 56726K, committed 56832K, reserved 1099776K
  class space    used 6507K, capacity 7103K, committed 7168K, reserved 1048576K
}
{Heap before GC invocations=178 (full 0):
 par new generation   total 115200K, used 103832K [0x00000000f0000000, 0x00000000f7d00000, 0x00000000f7d00000)
  eden space 102400K, 100% used [0x00000000f0000000, 0x00000000f6400000, 0x00000000f6400000)
  from space 12800K,  11% used [0x00000000f6400000, 0x00000000f6566158, 0x00000000f7080000)
  to   space 12800K,   0% used [0x00000000f7080000, 0x00000000f7080000, 0x00000000f7d00000)
 concurrent mark-sweep generation total 134144K, used 55630K [0x00000000f7d00000, 0x0000000100000000, 0x0000000100000000)
 Metaspace       used 53240K, capacity 56726K, committed 56832K, reserved 1099776K
  class space    used 6507K, capacity 7103K, committed 7168K, reserved 1048576K
2023-10-03T09:22:20.670+0800: 711.179: [GC (Allocation Failure) 2023-10-03T09:22:20.670+0800: 711.179: [ParNew: 103832K->1457K(115200K), 0.0054630 secs] 159462K->57095K(249344K), 0.0056263 secs] [Times: user=0.05 sys=0.01, real=0.01 secs] 
Heap after GC invocations=179 (full 0):
 par new generation   total 115200K, used 1457K [0x00000000f0000000, 0x00000000f7d00000, 0x00000000f7d00000)
  eden space 102400K,   0% used [0x00000000f0000000, 0x00000000f0000000, 0x00000000f6400000)
  from space 12800K,  11% used [0x00000000f7080000, 0x00000000f71ec5b0, 0x00000000f7d00000)
  to   space 12800K,   0% used [0x00000000f6400000, 0x00000000f6400000, 0x00000000f7080000)
 concurrent mark-sweep generation total 134144K, used 55637K [0x00000000f7d00000, 0x0000000100000000, 0x0000000100000000)
 Metaspace       used 53240K, capacity 56726K, committed 56832K, reserved 1099776K
  class space    used 6507K, capacity 7103K, committed 7168K, reserved 1048576K
}
{Heap before GC invocations=179 (full 0):
 par new generation   total 115200K, used 103857K [0x00000000f0000000, 0x00000000f7d00000, 0x00000000f7d00000)
  eden space 102400K, 100% used [0x00000000f0000000, 0x00000000f6400000, 0x00000000f6400000)
  from space 12800K,  11% used [0x00000000f7080000, 0x00000000f71ec5b0, 0x00000000f7d00000)
  to   space 12800K,   0% used [0x00000000f6400000, 0x00000000f6400000, 0x00000000f7080000)
 concurrent mark-sweep generation total 134144K, used 55637K [0x00000000f7d00000, 0x0000000100000000, 0x0000000100000000)
 Metaspace       used 53240K, capacity 56726K, committed 56832K, reserved 1099776K
  class space    used 6507K, capacity 7103K, committed 7168K, reserved 1048576K
2023-10-03T09:22:24.290+0800: 714.799: [GC (Allocation Failure) 2023-10-03T09:22:24.290+0800: 714.799: [ParNew: 103857K->1426K(115200K), 0.0059389 secs] 159495K->57066K(249344K), 0.0061442 secs] [Times: user=0.06 sys=0.00, real=0.01 secs] 
Heap after GC invocations=180 (full 0):
 par new generation   total 115200K, used 1426K [0x00000000f0000000, 0x00000000f7d00000, 0x00000000f7d00000)
  eden space 102400K,   0% used [0x00000000f0000000, 0x00000000f0000000, 0x00000000f6400000)
  from space 12800K,  11% used [0x00000000f6400000, 0x00000000f6564bd0, 0x00000000f7080000)
  to   space 12800K,   0% used [0x00000000f7080000, 0x00000000f7080000, 0x00000000f7d00000)
 concurrent mark-sweep generation total 134144K, used 55639K [0x00000000f7d00000, 0x0000000100000000, 0x0000000100000000)
 Metaspace       used 53240K, capacity 56726K, committed 56832K, reserved 1099776K
  class space    used 6507K, capacity 7103K, committed 7168K, reserved 1048576K
}
{Heap before GC invocations=180 (full 0):
 par new generation   total 115200K, used 103826K [0x00000000f0000000, 0x00000000f7d00000, 0x00000000f7d00000)
  eden space 102400K, 100% used [0x00000000f0000000, 0x00000000f6400000, 0x00000000f6400000)
  from space 12800K,  11% used [0x00000000f6400000, 0x00000000f6564bd0, 0x00000000f7080000)
  to   space 12800K,   0% used [0x00000000f7080000, 0x00000000f7080000, 0x00000000f7d00000)
 concurrent mark-sweep generation total 134144K, used 55639K [0x00000000f7d00000, 0x0000000100000000, 0x0000000100000000)
 Metaspace       used 53240K, capacity 56726K, committed 56832K, reserved 1099776K
  class space    used 6507K, capacity 7103K, committed 7168K, reserved 1048576K
2023-10-03T09:22:27.892+0800: 718.401: [GC (Allocation Failure) 2023-10-03T09:22:27.892+0800: 718.401: [ParNew: 103826K->1441K(115200K), 0.0063439 secs] 159466K->57081K(249344K), 0.0066312 secs] [Times: user=0.04 sys=0.01, real=0.01 secs] 
Heap after GC invocations=181 (full 0):
 par new generation   total 115200K, used 1441K [0x00000000f0000000, 0x00000000f7d00000, 0x00000000f7d00000)
  eden space 102400K,   0% used [0x00000000f0000000, 0x00000000f0000000, 0x00000000f6400000)
  from space 12800K,  11% used [0x00000000f7080000, 0x00000000f71e8788, 0x00000000f7d00000)
  to   space 12800K,   0% used [0x00000000f6400000, 0x00000000f6400000, 0x00000000f7080000)
 concurrent mark-sweep generation total 134144K, used 55639K [0x00000000f7d00000, 0x0000000100000000, 0x0000000100000000)
 Metaspace       used 53240K, capacity 56726K, committed 56832K, reserved 1099776K
  class space    used 6507K, capacity 7103K, committed 7168K, reserved 1048576K
}
{Heap before GC invocations=181 (full 0):
 par new generation   total 115200K, used 103841K [0x00000000f0000000, 0x00000000f7d00000, 0x00000000f7d00000)
  eden space 102400K, 100% used [0x00000000f0000000, 0x00000000f6400000, 0x00000000f6400000)
  from space 12800K,  11% used [0x00000000f7080000, 0x00000000f71e8788, 0x00000000f7d00000)
  to   space 12800K,   0% used [0x00000000f6400000, 0x00000000f6400000, 0x00000000f7080000)
 concurrent mark-sweep generation total 134144K, used 55639K [0x00000000f7d00000, 0x0000000100000000, 0x0000000100000000)
 Metaspace       used 53240K, capacity 56726K, committed 56832K, reserved 1099776K
  class space    used 6507K, capacity 7103K, committed 7168K, reserved 1048576K
2023-10-03T09:22:31.447+0800: 721.956: [GC (Allocation Failure) 2023-10-03T09:22:31.447+0800: 721.956: [ParNew: 103841K->2204K(115200K), 0.0067410 secs] 159481K->57844K(249344K), 0.0069990 secs] [Times: user=0.05 sys=0.00, real=0.01 secs] 
Heap after GC invocations=182 (full 0):
 par new generation   total 115200K, used 2204K [0x00000000f0000000, 0x00000000f7d00000, 0x00000000f7d00000)
  eden space 102400K,   0% used [0x00000000f0000000, 0x00000000f0000000, 0x00000000f6400000)
  from space 12800K,  17% used [0x00000000f6400000, 0x00000000f6627040, 0x00000000f7080000)
  to   space 12800K,   0% used [0x00000000f7080000, 0x00000000f7080000, 0x00000000f7d00000)
 concurrent mark-sweep generation total 134144K, used 55640K [0x00000000f7d00000, 0x0000000100000000, 0x0000000100000000)
 Metaspace       used 53240K, capacity 56726K, committed 56832K, reserved 1099776K
  class space    used 6507K, capacity 7103K, committed 7168K, reserved 1048576K
}
{Heap before GC invocations=182 (full 0):
 par new generation   total 115200K, used 104604K [0x00000000f0000000, 0x00000000f7d00000, 0x00000000f7d00000)
  eden space 102400K,  99% used [0x00000000f0000000, 0x00000000f63ffff0, 0x00000000f6400000)
  from space 12800K,  17% used [0x00000000f6400000, 0x00000000f6627040, 0x00000000f7080000)
  to   space 12800K,   0% used [0x00000000f7080000, 0x00000000f7080000, 0x00000000f7d00000)
 concurrent mark-sweep generation total 134144K, used 55640K [0x00000000f7d00000, 0x0000000100000000, 0x0000000100000000)
 Metaspace       used 53240K, capacity 56726K, committed 56832K, reserved 1099776K
  class space    used 6507K, capacity 7103K, committed 7168K, reserved 1048576K
2023-10-03T09:22:35.036+0800: 725.545: [GC (Allocation Failure) 2023-10-03T09:22:35.036+0800: 725.545: [ParNew: 104604K->2596K(115200K), 0.0071316 secs] 160244K->58241K(249344K), 0.0073889 secs] [Times: user=0.07 sys=0.00, real=0.01 secs] 
Heap after GC invocations=183 (full 0):
 par new generation   total 115200K, used 2596K [0x00000000f0000000, 0x00000000f7d00000, 0x00000000f7d00000)
  eden space 102400K,   0% used [0x00000000f0000000, 0x00000000f0000000, 0x00000000f6400000)
  from space 12800K,  20% used [0x00000000f7080000, 0x00000000f7309278, 0x00000000f7d00000)
  to   space 12800K,   0% used [0x00000000f6400000, 0x00000000f6400000, 0x00000000f7080000)
 concurrent mark-sweep generation total 134144K, used 55644K [0x00000000f7d00000, 0x0000000100000000, 0x0000000100000000)
 Metaspace       used 53240K, capacity 56726K, committed 56832K, reserved 1099776K
  class space    used 6507K, capacity 7103K, committed 7168K, reserved 1048576K
}
{Heap before GC invocations=183 (full 0):
 par new generation   total 115200K, used 104996K [0x00000000f0000000, 0x00000000f7d00000, 0x00000000f7d00000)
  eden space 102400K, 100% used [0x00000000f0000000, 0x00000000f6400000, 0x00000000f6400000)
  from space 12800K,  20% used [0x00000000f7080000, 0x00000000f7309278, 0x00000000f7d00000)
  to   space 12800K,   0% used [0x00000000f6400000, 0x00000000f6400000, 0x00000000f7080000)
 concurrent mark-sweep generation total 134144K, used 55644K [0x00000000f7d00000, 0x0000000100000000, 0x0000000100000000)
 Metaspace       used 53242K, capacity 56726K, committed 56832K, reserved 1099776K
  class space    used 6507K, capacity 7103K, committed 7168K, reserved 1048576K
2023-10-03T09:22:38.681+0800: 729.190: [GC (Allocation Failure) 2023-10-03T09:22:38.681+0800: 729.190: [ParNew: 104996K->2066K(115200K), 0.0073764 secs] 160641K->57711K(249344K), 0.0076131 secs] [Times: user=0.06 sys=0.00, real=0.01 secs] 
Heap after GC invocations=184 (full 0):
 par new generation   total 115200K, used 2066K [0x00000000f0000000, 0x00000000f7d00000, 0x00000000f7d00000)
  eden space 102400K,   0% used [0x00000000f0000000, 0x00000000f0000000, 0x00000000f6400000)
  from space 12800K,  16% used [0x00000000f6400000, 0x00000000f66048c0, 0x00000000f7080000)
  to   space 12800K,   0% used [0x00000000f7080000, 0x00000000f7080000, 0x00000000f7d00000)
 concurrent mark-sweep generation total 134144K, used 55645K [0x00000000f7d00000, 0x0000000100000000, 0x0000000100000000)
 Metaspace       used 53242K, capacity 56726K, committed 56832K, reserved 1099776K
  class space    used 6507K, capacity 7103K, committed 7168K, reserved 1048576K
}
{Heap before GC invocations=184 (full 0):
 par new generation   total 115200K, used 104466K [0x00000000f0000000, 0x00000000f7d00000, 0x00000000f7d00000)
  eden space 102400K, 100% used [0x00000000f0000000, 0x00000000f6400000, 0x00000000f6400000)
  from space 12800K,  16% used [0x00000000f6400000, 0x00000000f66048c0, 0x00000000f7080000)
  to   space 12800K,   0% used [0x00000000f7080000, 0x00000000f7080000, 0x00000000f7d00000)
 concurrent mark-sweep generation total 134144K, used 55645K [0x00000000f7d00000, 0x0000000100000000, 0x0000000100000000)
 Metaspace       used 53242K, capacity 56726K, committed 56832K, reserved 1099776K
  class space    used 6507K, capacity 7103K, committed 7168K, reserved 1048576K
2023-10-03T09:22:42.388+0800: 732.897: [GC (Allocation Failure) 2023-10-03T09:22:42.388+0800: 732.897: [ParNew: 104466K->2142K(115200K), 0.0058140 secs] 160111K->57788K(249344K), 0.0059987 secs] [Times: user=0.05 sys=0.01, real=0.01 secs] 
Heap after GC invocations=185 (full 0):
 par new generation   total 115200K, used 2142K [0x00000000f0000000, 0x00000000f7d00000, 0x00000000f7d00000)
  eden space 102400K,   0% used [0x00000000f0000000, 0x00000000f0000000, 0x00000000f6400000)
  from space 12800K,  16% used [0x00000000f7080000, 0x00000000f7297838, 0x00000000f7d00000)
  to   space 12800K,   0% used [0x00000000f6400000, 0x00000000f6400000, 0x00000000f7080000)
 concurrent mark-sweep generation total 134144K, used 55646K [0x00000000f7d00000, 0x0000000100000000, 0x0000000100000000)
 Metaspace       used 53242K, capacity 56726K, committed 56832K, reserved 1099776K
  class space    used 6507K, capacity 7103K, committed 7168K, reserved 1048576K
}
{Heap before GC invocations=185 (full 0):
 par new generation   total 115200K, used 104542K [0x00000000f0000000, 0x00000000f7d00000, 0x00000000f7d00000)
  eden space 102400K, 100% used [0x00000000f0000000, 0x00000000f6400000, 0x00000000f6400000)
  from space 12800K,  16% used [0x00000000f7080000, 0x00000000f7297838, 0x00000000f7d00000)
  to   space 12800K,   0% used [0x00000000f6400000, 0x00000000f6400000, 0x00000000f7080000)
 concurrent mark-sweep generation total 134144K, used 55646K [0x00000000f7d00000, 0x0000000100000000, 0x0000000100000000)
 Metaspace       used 53242K, capacity 56726K, committed 56832K, reserved 1099776K
  class space    used 6507K, capacity 7103K, committed 7168K, reserved 1048576K
2023-10-03T09:22:45.971+0800: 736.480: [GC (Allocation Failure) 2023-10-03T09:22:45.971+0800: 736.480: [ParNew: 104542K->2109K(115200K), 0.0061934 secs] 160188K->57758K(249344K), 0.0063735 secs] [Times: user=0.06 sys=0.00, real=0.01 secs] 
Heap after GC invocations=186 (full 0):
 par new generation   total 115200K, used 2109K [0x00000000f0000000, 0x00000000f7d00000, 0x00000000f7d00000)
  eden space 102400K,   0% used [0x00000000f0000000, 0x00000000f0000000, 0x00000000f6400000)
  from space 12800K,  16% used [0x00000000f6400000, 0x00000000f660f568, 0x00000000f7080000)
  to   space 12800K,   0% used [0x00000000f7080000, 0x00000000f7080000, 0x00000000f7d00000)
 concurrent mark-sweep generation total 134144K, used 55649K [0x00000000f7d00000, 0x0000000100000000, 0x0000000100000000)
 Metaspace       used 53242K, capacity 56726K, committed 56832K, reserved 1099776K
  class space    used 6507K, capacity 7103K, committed 7168K, reserved 1048576K
}
{Heap before GC invocations=186 (full 0):
 par new generation   total 115200K, used 104509K [0x00000000f0000000, 0x00000000f7d00000, 0x00000000f7d00000)
  eden space 102400K, 100% used [0x00000000f0000000, 0x00000000f6400000, 0x00000000f6400000)
  from space 12800K,  16% used [0x00000000f6400000, 0x00000000f660f568, 0x00000000f7080000)
  to   space 12800K,   0% used [0x00000000f7080000, 0x00000000f7080000, 0x00000000f7d00000)
 concurrent mark-sweep generation total 134144K, used 55649K [0x00000000f7d00000, 0x0000000100000000, 0x0000000100000000)
 Metaspace       used 53242K, capacity 56726K, committed 56832K, reserved 1099776K
  class space    used 6507K, capacity 7103K, committed 7168K, reserved 1048576K
2023-10-03T09:22:49.570+0800: 740.080: [GC (Allocation Failure) 2023-10-03T09:22:49.572+0800: 740.081: [ParNew: 104509K->2118K(115200K), 0.0058601 secs] 160158K->57770K(249344K), 0.0075172 secs] [Times: user=0.05 sys=0.00, real=0.01 secs] 
Heap after GC invocations=187 (full 0):
 par new generation   total 115200K, used 2118K [0x00000000f0000000, 0x00000000f7d00000, 0x00000000f7d00000)
  eden space 102400K,   0% used [0x00000000f0000000, 0x00000000f0000000, 0x00000000f6400000)
  from space 12800K,  16% used [0x00000000f7080000, 0x00000000f7291990, 0x00000000f7d00000)
  to   space 12800K,   0% used [0x00000000f6400000, 0x00000000f6400000, 0x00000000f7080000)
 concurrent mark-sweep generation total 134144K, used 55652K [0x00000000f7d00000, 0x0000000100000000, 0x0000000100000000)
 Metaspace       used 53242K, capacity 56726K, committed 56832K, reserved 1099776K
  class space    used 6507K, capacity 7103K, committed 7168K, reserved 1048576K
}
{Heap before GC invocations=187 (full 0):
 par new generation   total 115200K, used 104518K [0x00000000f0000000, 0x00000000f7d00000, 0x00000000f7d00000)
  eden space 102400K, 100% used [0x00000000f0000000, 0x00000000f6400000, 0x00000000f6400000)
  from space 12800K,  16% used [0x00000000f7080000, 0x00000000f7291990, 0x00000000f7d00000)
  to   space 12800K,   0% used [0x00000000f6400000, 0x00000000f6400000, 0x00000000f7080000)
 concurrent mark-sweep generation total 134144K, used 55652K [0x00000000f7d00000, 0x0000000100000000, 0x0000000100000000)
 Metaspace       used 53242K, capacity 56726K, committed 56832K, reserved 1099776K
  class space    used 6507K, capacity 7103K, committed 7168K, reserved 1048576K
2023-10-03T09:22:53.170+0800: 743.679: [GC (Allocation Failure) 2023-10-03T09:22:53.170+0800: 743.679: [ParNew: 104518K->1968K(115200K), 0.0096434 secs] 160170K->57982K(249344K), 0.0098669 secs] [Times: user=0.08 sys=0.00, real=0.01 secs] 
Heap after GC invocations=188 (full 0):
 par new generation   total 115200K, used 1968K [0x00000000f0000000, 0x00000000f7d00000, 0x00000000f7d00000)
  eden space 102400K,   0% used [0x00000000f0000000, 0x00000000f0000000, 0x00000000f6400000)
  from space 12800K,  15% used [0x00000000f6400000, 0x00000000f65ec060, 0x00000000f7080000)
  to   space 12800K,   0% used [0x00000000f7080000, 0x00000000f7080000, 0x00000000f7d00000)
 concurrent mark-sweep generation total 134144K, used 56014K [0x00000000f7d00000, 0x0000000100000000, 0x0000000100000000)
 Metaspace       used 53242K, capacity 56726K, committed 56832K, reserved 1099776K
  class space    used 6507K, capacity 7103K, committed 7168K, reserved 1048576K
}
{Heap before GC invocations=188 (full 0):
 par new generation   total 115200K, used 104368K [0x00000000f0000000, 0x00000000f7d00000, 0x00000000f7d00000)
  eden space 102400K, 100% used [0x00000000f0000000, 0x00000000f6400000, 0x00000000f6400000)
  from space 12800K,  15% used [0x00000000f6400000, 0x00000000f65ec060, 0x00000000f7080000)
  to   space 12800K,   0% used [0x00000000f7080000, 0x00000000f7080000, 0x00000000f7d00000)
 concurrent mark-sweep generation total 134144K, used 56014K [0x00000000f7d00000, 0x0000000100000000, 0x0000000100000000)
 Metaspace       used 53242K, capacity 56726K, committed 56832K, reserved 1099776K
  class space    used 6507K, capacity 7103K, committed 7168K, reserved 1048576K
2023-10-03T09:22:56.762+0800: 747.271: [GC (Allocation Failure) 2023-10-03T09:22:56.762+0800: 747.271: [ParNew: 104368K->1684K(115200K), 0.0073461 secs] 160382K->57929K(249344K), 0.0075761 secs] [Times: user=0.05 sys=0.00, real=0.01 secs] 
Heap after GC invocations=189 (full 0):
 par new generation   total 115200K, used 1684K [0x00000000f0000000, 0x00000000f7d00000, 0x00000000f7d00000)
  eden space 102400K,   0% used [0x00000000f0000000, 0x00000000f0000000, 0x00000000f6400000)
  from space 12800K,  13% used [0x00000000f7080000, 0x00000000f7225140, 0x00000000f7d00000)
  to   space 12800K,   0% used [0x00000000f6400000, 0x00000000f6400000, 0x00000000f7080000)
 concurrent mark-sweep generation total 134144K, used 56244K [0x00000000f7d00000, 0x0000000100000000, 0x0000000100000000)
 Metaspace       used 53242K, capacity 56726K, committed 56832K, reserved 1099776K
  class space    used 6507K, capacity 7103K, committed 7168K, reserved 1048576K
}
{Heap before GC invocations=189 (full 0):
 par new generation   total 115200K, used 104084K [0x00000000f0000000, 0x00000000f7d00000, 0x00000000f7d00000)
  eden space 102400K, 100% used [0x00000000f0000000, 0x00000000f6400000, 0x00000000f6400000)
  from space 12800K,  13% used [0x00000000f7080000, 0x00000000f7225140, 0x00000000f7d00000)
  to   space 12800K,   0% used [0x00000000f6400000, 0x00000000f6400000, 0x00000000f7080000)
 concurrent mark-sweep generation total 134144K, used 56244K [0x00000000f7d00000, 0x0000000100000000, 0x0000000100000000)
 Metaspace       used 53242K, capacity 56726K, committed 56832K, reserved 1099776K
  class space    used 6507K, capacity 7103K, committed 7168K, reserved 1048576K
2023-10-03T09:23:00.391+0800: 750.901: [GC (Allocation Failure) 2023-10-03T09:23:00.392+0800: 750.901: [ParNew: 104084K->1551K(115200K), 0.0060775 secs] 160329K->57804K(249344K), 0.0063399 secs] [Times: user=0.05 sys=0.00, real=0.01 secs] 
Heap after GC invocations=190 (full 0):
 par new generation   total 115200K, used 1551K [0x00000000f0000000, 0x00000000f7d00000, 0x00000000f7d00000)
  eden space 102400K,   0% used [0x00000000f0000000, 0x00000000f0000000, 0x00000000f6400000)
  from space 12800K,  12% used [0x00000000f6400000, 0x00000000f6583c40, 0x00000000f7080000)
  to   space 12800K,   0% used [0x00000000f7080000, 0x00000000f7080000, 0x00000000f7d00000)
 concurrent mark-sweep generation total 134144K, used 56253K [0x00000000f7d00000, 0x0000000100000000, 0x0000000100000000)
 Metaspace       used 53242K, capacity 56726K, committed 56832K, reserved 1099776K
  class space    used 6507K, capacity 7103K, committed 7168K, reserved 1048576K
}
{Heap before GC invocations=190 (full 0):
 par new generation   total 115200K, used 103951K [0x00000000f0000000, 0x00000000f7d00000, 0x00000000f7d00000)
  eden space 102400K, 100% used [0x00000000f0000000, 0x00000000f6400000, 0x00000000f6400000)
  from space 12800K,  12% used [0x00000000f6400000, 0x00000000f6583c40, 0x00000000f7080000)
  to   space 12800K,   0% used [0x00000000f7080000, 0x00000000f7080000, 0x00000000f7d00000)
 concurrent mark-sweep generation total 134144K, used 56253K [0x00000000f7d00000, 0x0000000100000000, 0x0000000100000000)
 Metaspace       used 53242K, capacity 56726K, committed 56832K, reserved 1099776K
  class space    used 6507K, capacity 7103K, committed 7168K, reserved 1048576K
2023-10-03T09:23:04.064+0800: 754.573: [GC (Allocation Failure) 2023-10-03T09:23:04.064+0800: 754.573: [ParNew: 103951K->1707K(115200K), 0.0054398 secs] 160204K->57962K(249344K), 0.0056045 secs] [Times: user=0.05 sys=0.00, real=0.00 secs] 
Heap after GC invocations=191 (full 0):
 par new generation   total 115200K, used 1707K [0x00000000f0000000, 0x00000000f7d00000, 0x00000000f7d00000)
  eden space 102400K,   0% used [0x00000000f0000000, 0x00000000f0000000, 0x00000000f6400000)
  from space 12800K,  13% used [0x00000000f7080000, 0x00000000f722acf0, 0x00000000f7d00000)
  to   space 12800K,   0% used [0x00000000f6400000, 0x00000000f6400000, 0x00000000f7080000)
 concurrent mark-sweep generation total 134144K, used 56254K [0x00000000f7d00000, 0x0000000100000000, 0x0000000100000000)
 Metaspace       used 53242K, capacity 56726K, committed 56832K, reserved 1099776K
  class space    used 6507K, capacity 7103K, committed 7168K, reserved 1048576K
}
{Heap before GC invocations=191 (full 0):
 par new generation   total 115200K, used 104107K [0x00000000f0000000, 0x00000000f7d00000, 0x00000000f7d00000)
  eden space 102400K, 100% used [0x00000000f0000000, 0x00000000f6400000, 0x00000000f6400000)
  from space 12800K,  13% used [0x00000000f7080000, 0x00000000f722acf0, 0x00000000f7d00000)
  to   space 12800K,   0% used [0x00000000f6400000, 0x00000000f6400000, 0x00000000f7080000)
 concurrent mark-sweep generation total 134144K, used 56254K [0x00000000f7d00000, 0x0000000100000000, 0x0000000100000000)
 Metaspace       used 53242K, capacity 56726K, committed 56832K, reserved 1099776K
  class space    used 6507K, capacity 7103K, committed 7168K, reserved 1048576K
2023-10-03T09:23:07.687+0800: 758.196: [GC (Allocation Failure) 2023-10-03T09:23:07.687+0800: 758.196: [ParNew: 104107K->1610K(115200K), 0.0059289 secs] 160362K->57868K(249344K), 0.0062114 secs] [Times: user=0.05 sys=0.00, real=0.01 secs] 
Heap after GC invocations=192 (full 0):
 par new generation   total 115200K, used 1610K [0x00000000f0000000, 0x00000000f7d00000, 0x00000000f7d00000)
  eden space 102400K,   0% used [0x00000000f0000000, 0x00000000f0000000, 0x00000000f6400000)
  from space 12800K,  12% used [0x00000000f6400000, 0x00000000f6592b88, 0x00000000f7080000)
  to   space 12800K,   0% used [0x00000000f7080000, 0x00000000f7080000, 0x00000000f7d00000)
 concurrent mark-sweep generation total 134144K, used 56257K [0x00000000f7d00000, 0x0000000100000000, 0x0000000100000000)
 Metaspace       used 53242K, capacity 56726K, committed 56832K, reserved 1099776K
  class space    used 6507K, capacity 7103K, committed 7168K, reserved 1048576K
}
{Heap before GC invocations=192 (full 0):
 par new generation   total 115200K, used 104010K [0x00000000f0000000, 0x00000000f7d00000, 0x00000000f7d00000)
  eden space 102400K, 100% used [0x00000000f0000000, 0x00000000f6400000, 0x00000000f6400000)
  from space 12800K,  12% used [0x00000000f6400000, 0x00000000f6592b88, 0x00000000f7080000)
  to   space 12800K,   0% used [0x00000000f7080000, 0x00000000f7080000, 0x00000000f7d00000)
 concurrent mark-sweep generation total 134144K, used 56257K [0x00000000f7d00000, 0x0000000100000000, 0x0000000100000000)
 Metaspace       used 53242K, capacity 56726K, committed 56832K, reserved 1099776K
  class space    used 6507K, capacity 7103K, committed 7168K, reserved 1048576K
2023-10-03T09:23:11.294+0800: 761.804: [GC (Allocation Failure) 2023-10-03T09:23:11.294+0800: 761.804: [ParNew: 104010K->1609K(115200K), 0.0060922 secs] 160268K->57871K(249344K), 0.0063231 secs] [Times: user=0.06 sys=0.00, real=0.00 secs] 
Heap after GC invocations=193 (full 0):
 par new generation   total 115200K, used 1609K [0x00000000f0000000, 0x00000000f7d00000, 0x00000000f7d00000)
  eden space 102400K,   0% used [0x00000000f0000000, 0x00000000f0000000, 0x00000000f6400000)
  from space 12800K,  12% used [0x00000000f7080000, 0x00000000f72127e0, 0x00000000f7d00000)
  to   space 12800K,   0% used [0x00000000f6400000, 0x00000000f6400000, 0x00000000f7080000)
 concurrent mark-sweep generation total 134144K, used 56261K [0x00000000f7d00000, 0x0000000100000000, 0x0000000100000000)
 Metaspace       used 53242K, capacity 56726K, committed 56832K, reserved 1099776K
  class space    used 6507K, capacity 7103K, committed 7168K, reserved 1048576K
}
{Heap before GC invocations=193 (full 0):
 par new generation   total 115200K, used 104009K [0x00000000f0000000, 0x00000000f7d00000, 0x00000000f7d00000)
  eden space 102400K, 100% used [0x00000000f0000000, 0x00000000f6400000, 0x00000000f6400000)
  from space 12800K,  12% used [0x00000000f7080000, 0x00000000f72127e0, 0x00000000f7d00000)
  to   space 12800K,   0% used [0x00000000f6400000, 0x00000000f6400000, 0x00000000f7080000)
 concurrent mark-sweep generation total 134144K, used 56261K [0x00000000f7d00000, 0x0000000100000000, 0x0000000100000000)
 Metaspace       used 53242K, capacity 56726K, committed 56832K, reserved 1099776K
  class space    used 6507K, capacity 7103K, committed 7168K, reserved 1048576K
2023-10-03T09:23:14.886+0800: 765.395: [GC (Allocation Failure) 2023-10-03T09:23:14.886+0800: 765.395: [ParNew: 104009K->1720K(115200K), 0.0064065 secs] 160271K->57984K(249344K), 0.0066353 secs] [Times: user=0.05 sys=0.01, real=0.01 secs] 
Heap after GC invocations=194 (full 0):
 par new generation   total 115200K, used 1720K [0x00000000f0000000, 0x00000000f7d00000, 0x00000000f7d00000)
  eden space 102400K,   0% used [0x00000000f0000000, 0x00000000f0000000, 0x00000000f6400000)
  from space 12800K,  13% used [0x00000000f6400000, 0x00000000f65ae170, 0x00000000f7080000)
  to   space 12800K,   0% used [0x00000000f7080000, 0x00000000f7080000, 0x00000000f7d00000)
 concurrent mark-sweep generation total 134144K, used 56264K [0x00000000f7d00000, 0x0000000100000000, 0x0000000100000000)
 Metaspace       used 53242K, capacity 56726K, committed 56832K, reserved 1099776K
  class space    used 6507K, capacity 7103K, committed 7168K, reserved 1048576K
}
{Heap before GC invocations=194 (full 0):
 par new generation   total 115200K, used 104120K [0x00000000f0000000, 0x00000000f7d00000, 0x00000000f7d00000)
  eden space 102400K, 100% used [0x00000000f0000000, 0x00000000f6400000, 0x00000000f6400000)
  from space 12800K,  13% used [0x00000000f6400000, 0x00000000f65ae170, 0x00000000f7080000)
  to   space 12800K,   0% used [0x00000000f7080000, 0x00000000f7080000, 0x00000000f7d00000)
 concurrent mark-sweep generation total 134144K, used 56264K [0x00000000f7d00000, 0x0000000100000000, 0x0000000100000000)
 Metaspace       used 53242K, capacity 56726K, committed 56832K, reserved 1099776K
  class space    used 6507K, capacity 7103K, committed 7168K, reserved 1048576K
2023-10-03T09:23:18.467+0800: 768.976: [GC (Allocation Failure) 2023-10-03T09:23:18.467+0800: 768.976: [ParNew: 104120K->1474K(115200K), 0.0064407 secs] 160384K->57739K(249344K), 0.0066951 secs] [Times: user=0.05 sys=0.00, real=0.01 secs] 
Heap after GC invocations=195 (full 0):
 par new generation   total 115200K, used 1474K [0x00000000f0000000, 0x00000000f7d00000, 0x00000000f7d00000)
  eden space 102400K,   0% used [0x00000000f0000000, 0x00000000f0000000, 0x00000000f6400000)
  from space 12800K,  11% used [0x00000000f7080000, 0x00000000f71f0be0, 0x00000000f7d00000)
  to   space 12800K,   0% used [0x00000000f6400000, 0x00000000f6400000, 0x00000000f7080000)
 concurrent mark-sweep generation total 134144K, used 56264K [0x00000000f7d00000, 0x0000000100000000, 0x0000000100000000)
 Metaspace       used 53242K, capacity 56726K, committed 56832K, reserved 1099776K
  class space    used 6507K, capacity 7103K, committed 7168K, reserved 1048576K
}
{Heap before GC invocations=195 (full 0):
 par new generation   total 115200K, used 103874K [0x00000000f0000000, 0x00000000f7d00000, 0x00000000f7d00000)
  eden space 102400K, 100% used [0x00000000f0000000, 0x00000000f6400000, 0x00000000f6400000)
  from space 12800K,  11% used [0x00000000f7080000, 0x00000000f71f0be0, 0x00000000f7d00000)
  to   space 12800K,   0% used [0x00000000f6400000, 0x00000000f6400000, 0x00000000f7080000)
 concurrent mark-sweep generation total 134144K, used 56264K [0x00000000f7d00000, 0x0000000100000000, 0x0000000100000000)
 Metaspace       used 53251K, capacity 56726K, committed 56832K, reserved 1099776K
  class space    used 6507K, capacity 7103K, committed 7168K, reserved 1048576K
2023-10-03T09:23:22.115+0800: 772.625: [GC (Allocation Failure) 2023-10-03T09:23:22.116+0800: 772.625: [ParNew: 103874K->1478K(115200K), 0.0061041 secs] 160139K->57881K(249344K), 0.0062752 secs] [Times: user=0.05 sys=0.00, real=0.00 secs] 
Heap after GC invocations=196 (full 0):
 par new generation   total 115200K, used 1478K [0x00000000f0000000, 0x00000000f7d00000, 0x00000000f7d00000)
  eden space 102400K,   0% used [0x00000000f0000000, 0x00000000f0000000, 0x00000000f6400000)
  from space 12800K,  11% used [0x00000000f6400000, 0x00000000f6571900, 0x00000000f7080000)
  to   space 12800K,   0% used [0x00000000f7080000, 0x00000000f7080000, 0x00000000f7d00000)
 concurrent mark-sweep generation total 134144K, used 56403K [0x00000000f7d00000, 0x0000000100000000, 0x0000000100000000)
 Metaspace       used 53251K, capacity 56726K, committed 56832K, reserved 1099776K
  class space    used 6507K, capacity 7103K, committed 7168K, reserved 1048576K
}
{Heap before GC invocations=196 (full 0):
 par new generation   total 115200K, used 103878K [0x00000000f0000000, 0x00000000f7d00000, 0x00000000f7d00000)
  eden space 102400K, 100% used [0x00000000f0000000, 0x00000000f6400000, 0x00000000f6400000)
  from space 12800K,  11% used [0x00000000f6400000, 0x00000000f6571900, 0x00000000f7080000)
  to   space 12800K,   0% used [0x00000000f7080000, 0x00000000f7080000, 0x00000000f7d00000)
 concurrent mark-sweep generation total 134144K, used 56403K [0x00000000f7d00000, 0x0000000100000000, 0x0000000100000000)
 Metaspace       used 53251K, capacity 56726K, committed 56832K, reserved 1099776K
  class space    used 6507K, capacity 7103K, committed 7168K, reserved 1048576K
2023-10-03T09:23:25.784+0800: 776.293: [GC (Allocation Failure) 2023-10-03T09:23:25.784+0800: 776.293: [ParNew: 103878K->1366K(115200K), 0.0057195 secs] 160281K->57776K(249344K), 0.0059171 secs] [Times: user=0.05 sys=0.00, real=0.00 secs] 
Heap after GC invocations=197 (full 0):
 par new generation   total 115200K, used 1366K [0x00000000f0000000, 0x00000000f7d00000, 0x00000000f7d00000)
  eden space 102400K,   0% used [0x00000000f0000000, 0x00000000f0000000, 0x00000000f6400000)
  from space 12800K,  10% used [0x00000000f7080000, 0x00000000f71d58e0, 0x00000000f7d00000)
  to   space 12800K,   0% used [0x00000000f6400000, 0x00000000f6400000, 0x00000000f7080000)
 concurrent mark-sweep generation total 134144K, used 56410K [0x00000000f7d00000, 0x0000000100000000, 0x0000000100000000)
 Metaspace       used 53251K, capacity 56726K, committed 56832K, reserved 1099776K
  class space    used 6507K, capacity 7103K, committed 7168K, reserved 1048576K
}
{Heap before GC invocations=197 (full 0):
 par new generation   total 115200K, used 103766K [0x00000000f0000000, 0x00000000f7d00000, 0x00000000f7d00000)
  eden space 102400K, 100% used [0x00000000f0000000, 0x00000000f6400000, 0x00000000f6400000)
  from space 12800K,  10% used [0x00000000f7080000, 0x00000000f71d58e0, 0x00000000f7d00000)
  to   space 12800K,   0% used [0x00000000f6400000, 0x00000000f6400000, 0x00000000f7080000)
 concurrent mark-sweep generation total 134144K, used 56410K [0x00000000f7d00000, 0x0000000100000000, 0x0000000100000000)
 Metaspace       used 53268K, capacity 56726K, committed 56832K, reserved 1099776K
  class space    used 6507K, capacity 7103K, committed 7168K, reserved 1048576K
2023-10-03T09:23:29.364+0800: 779.874: [GC (Allocation Failure) 2023-10-03T09:23:29.365+0800: 779.874: [ParNew: 103766K->1343K(115200K), 0.0054171 secs] 160176K->57755K(249344K), 0.0056122 secs] [Times: user=0.05 sys=0.00, real=0.00 secs] 
Heap after GC invocations=198 (full 0):
 par new generation   total 115200K, used 1343K [0x00000000f0000000, 0x00000000f7d00000, 0x00000000f7d00000)
  eden space 102400K,   0% used [0x00000000f0000000, 0x00000000f0000000, 0x00000000f6400000)
  from space 12800K,  10% used [0x00000000f6400000, 0x00000000f654fdc0, 0x00000000f7080000)
  to   space 12800K,   0% used [0x00000000f7080000, 0x00000000f7080000, 0x00000000f7d00000)
 concurrent mark-sweep generation total 134144K, used 56411K [0x00000000f7d00000, 0x0000000100000000, 0x0000000100000000)
 Metaspace       used 53268K, capacity 56726K, committed 56832K, reserved 1099776K
  class space    used 6507K, capacity 7103K, committed 7168K, reserved 1048576K
}
{Heap before GC invocations=198 (full 0):
 par new generation   total 115200K, used 103743K [0x00000000f0000000, 0x00000000f7d00000, 0x00000000f7d00000)
  eden space 102400K, 100% used [0x00000000f0000000, 0x00000000f6400000, 0x00000000f6400000)
  from space 12800K,  10% used [0x00000000f6400000, 0x00000000f654fdc0, 0x00000000f7080000)
  to   space 12800K,   0% used [0x00000000f7080000, 0x00000000f7080000, 0x00000000f7d00000)
 concurrent mark-sweep generation total 134144K, used 56411K [0x00000000f7d00000, 0x0000000100000000, 0x0000000100000000)
 Metaspace       used 53268K, capacity 56726K, committed 56832K, reserved 1099776K
  class space    used 6507K, capacity 7103K, committed 7168K, reserved 1048576K
2023-10-03T09:23:32.980+0800: 783.490: [GC (Allocation Failure) 2023-10-03T09:23:32.980+0800: 783.490: [ParNew: 103743K->1587K(115200K), 0.0013662 secs] 160155K->58001K(249344K), 0.0014332 secs] [Times: user=0.01 sys=0.00, real=0.00 secs] 
Heap after GC invocations=199 (full 0):
 par new generation   total 115200K, used 1587K [0x00000000f0000000, 0x00000000f7d00000, 0x00000000f7d00000)
  eden space 102400K,   0% used [0x00000000f0000000, 0x00000000f0000000, 0x00000000f6400000)
  from space 12800K,  12% used [0x00000000f7080000, 0x00000000f720cc90, 0x00000000f7d00000)
  to   space 12800K,   0% used [0x00000000f6400000, 0x00000000f6400000, 0x00000000f7080000)
 concurrent mark-sweep generation total 134144K, used 56414K [0x00000000f7d00000, 0x0000000100000000, 0x0000000100000000)
 Metaspace       used 53268K, capacity 56726K, committed 56832K, reserved 1099776K
  class space    used 6507K, capacity 7103K, committed 7168K, reserved 1048576K
}
{Heap before GC invocations=199 (full 0):
 par new generation   total 115200K, used 103987K [0x00000000f0000000, 0x00000000f7d00000, 0x00000000f7d00000)
  eden space 102400K, 100% used [0x00000000f0000000, 0x00000000f6400000, 0x00000000f6400000)
  from space 12800K,  12% used [0x00000000f7080000, 0x00000000f720cc90, 0x00000000f7d00000)
  to   space 12800K,   0% used [0x00000000f6400000, 0x00000000f6400000, 0x00000000f7080000)
 concurrent mark-sweep generation total 134144K, used 56414K [0x00000000f7d00000, 0x0000000100000000, 0x0000000100000000)
 Metaspace       used 53268K, capacity 56726K, committed 56832K, reserved 1099776K
  class space    used 6507K, capacity 7103K, committed 7168K, reserved 1048576K
2023-10-03T09:23:36.606+0800: 787.115: [GC (Allocation Failure) 2023-10-03T09:23:36.606+0800: 787.115: [ParNew: 103987K->1480K(115200K), 0.0067697 secs] 160401K->57900K(249344K), 0.0070207 secs] [Times: user=0.05 sys=0.01, real=0.01 secs] 
Heap after GC invocations=200 (full 0):
 par new generation   total 115200K, used 1480K [0x00000000f0000000, 0x00000000f7d00000, 0x00000000f7d00000)
  eden space 102400K,   0% used [0x00000000f0000000, 0x00000000f0000000, 0x00000000f6400000)
  from space 12800K,  11% used [0x00000000f6400000, 0x00000000f65721e8, 0x00000000f7080000)
  to   space 12800K,   0% used [0x00000000f7080000, 0x00000000f7080000, 0x00000000f7d00000)
 concurrent mark-sweep generation total 134144K, used 56419K [0x00000000f7d00000, 0x0000000100000000, 0x0000000100000000)
 Metaspace       used 53268K, capacity 56726K, committed 56832K, reserved 1099776K
  class space    used 6507K, capacity 7103K, committed 7168K, reserved 1048576K
}
{Heap before GC invocations=200 (full 0):
 par new generation   total 115200K, used 103880K [0x00000000f0000000, 0x00000000f7d00000, 0x00000000f7d00000)
  eden space 102400K, 100% used [0x00000000f0000000, 0x00000000f6400000, 0x00000000f6400000)
  from space 12800K,  11% used [0x00000000f6400000, 0x00000000f65721e8, 0x00000000f7080000)
  to   space 12800K,   0% used [0x00000000f7080000, 0x00000000f7080000, 0x00000000f7d00000)
 concurrent mark-sweep generation total 134144K, used 56419K [0x00000000f7d00000, 0x0000000100000000, 0x0000000100000000)
 Metaspace       used 53268K, capacity 56726K, committed 56832K, reserved 1099776K
  class space    used 6507K, capacity 7103K, committed 7168K, reserved 1048576K
2023-10-03T09:23:40.182+0800: 790.691: [GC (Allocation Failure) 2023-10-03T09:23:40.182+0800: 790.691: [ParNew: 103880K->1343K(115200K), 0.0064613 secs] 160300K->57768K(249344K), 0.0066918 secs] [Times: user=0.05 sys=0.00, real=0.01 secs] 
Heap after GC invocations=201 (full 0):
 par new generation   total 115200K, used 1343K [0x00000000f0000000, 0x00000000f7d00000, 0x00000000f7d00000)
  eden space 102400K,   0% used [0x00000000f0000000, 0x00000000f0000000, 0x00000000f6400000)
  from space 12800K,  10% used [0x00000000f7080000, 0x00000000f71cfd60, 0x00000000f7d00000)
  to   space 12800K,   0% used [0x00000000f6400000, 0x00000000f6400000, 0x00000000f7080000)
 concurrent mark-sweep generation total 134144K, used 56425K [0x00000000f7d00000, 0x0000000100000000, 0x0000000100000000)
 Metaspace       used 53268K, capacity 56726K, committed 56832K, reserved 1099776K
  class space    used 6507K, capacity 7103K, committed 7168K, reserved 1048576K
}
{Heap before GC invocations=201 (full 0):
 par new generation   total 115200K, used 103743K [0x00000000f0000000, 0x00000000f7d00000, 0x00000000f7d00000)
  eden space 102400K, 100% used [0x00000000f0000000, 0x00000000f6400000, 0x00000000f6400000)
  from space 12800K,  10% used [0x00000000f7080000, 0x00000000f71cfd60, 0x00000000f7d00000)
  to   space 12800K,   0% used [0x00000000f6400000, 0x00000000f6400000, 0x00000000f7080000)
 concurrent mark-sweep generation total 134144K, used 56425K [0x00000000f7d00000, 0x0000000100000000, 0x0000000100000000)
 Metaspace       used 53274K, capacity 56726K, committed 56832K, reserved 1099776K
  class space    used 6507K, capacity 7103K, committed 7168K, reserved 1048576K
2023-10-03T09:23:43.801+0800: 794.310: [GC (Allocation Failure) 2023-10-03T09:23:43.801+0800: 794.310: [ParNew: 103743K->1346K(115200K), 0.0053990 secs] 160168K->57776K(249344K), 0.0055950 secs] [Times: user=0.04 sys=0.00, real=0.01 secs] 
Heap after GC invocations=202 (full 0):
 par new generation   total 115200K, used 1346K [0x00000000f0000000, 0x00000000f7d00000, 0x00000000f7d00000)
  eden space 102400K,   0% used [0x00000000f0000000, 0x00000000f0000000, 0x00000000f6400000)
  from space 12800K,  10% used [0x00000000f6400000, 0x00000000f6550900, 0x00000000f7080000)
  to   space 12800K,   0% used [0x00000000f7080000, 0x00000000f7080000, 0x00000000f7d00000)
 concurrent mark-sweep generation total 134144K, used 56430K [0x00000000f7d00000, 0x0000000100000000, 0x0000000100000000)
 Metaspace       used 53274K, capacity 56726K, committed 56832K, reserved 1099776K
  class space    used 6507K, capacity 7103K, committed 7168K, reserved 1048576K
}
{Heap before GC invocations=202 (full 0):
 par new generation   total 115200K, used 103746K [0x00000000f0000000, 0x00000000f7d00000, 0x00000000f7d00000)
  eden space 102400K, 100% used [0x00000000f0000000, 0x00000000f6400000, 0x00000000f6400000)
  from space 12800K,  10% used [0x00000000f6400000, 0x00000000f6550900, 0x00000000f7080000)
  to   space 12800K,   0% used [0x00000000f7080000, 0x00000000f7080000, 0x00000000f7d00000)
 concurrent mark-sweep generation total 134144K, used 56430K [0x00000000f7d00000, 0x0000000100000000, 0x0000000100000000)
 Metaspace       used 53274K, capacity 56726K, committed 56832K, reserved 1099776K
  class space    used 6507K, capacity 7103K, committed 7168K, reserved 1048576K
2023-10-03T09:23:47.392+0800: 797.901: [GC (Allocation Failure) 2023-10-03T09:23:47.392+0800: 797.901: [ParNew: 103746K->1354K(115200K), 0.0059345 secs] 160176K->57790K(249344K), 0.0061571 secs] [Times: user=0.05 sys=0.00, real=0.00 secs] 
Heap after GC invocations=203 (full 0):
 par new generation   total 115200K, used 1354K [0x00000000f0000000, 0x00000000f7d00000, 0x00000000f7d00000)
  eden space 102400K,   0% used [0x00000000f0000000, 0x00000000f0000000, 0x00000000f6400000)
  from space 12800K,  10% used [0x00000000f7080000, 0x00000000f71d2ac0, 0x00000000f7d00000)
  to   space 12800K,   0% used [0x00000000f6400000, 0x00000000f6400000, 0x00000000f7080000)
 concurrent mark-sweep generation total 134144K, used 56435K [0x00000000f7d00000, 0x0000000100000000, 0x0000000100000000)
 Metaspace       used 53274K, capacity 56726K, committed 56832K, reserved 1099776K
  class space    used 6507K, capacity 7103K, committed 7168K, reserved 1048576K
}
{Heap before GC invocations=203 (full 0):
 par new generation   total 115200K, used 103754K [0x00000000f0000000, 0x00000000f7d00000, 0x00000000f7d00000)
  eden space 102400K, 100% used [0x00000000f0000000, 0x00000000f6400000, 0x00000000f6400000)
  from space 12800K,  10% used [0x00000000f7080000, 0x00000000f71d2ac0, 0x00000000f7d00000)
  to   space 12800K,   0% used [0x00000000f6400000, 0x00000000f6400000, 0x00000000f7080000)
 concurrent mark-sweep generation total 134144K, used 56435K [0x00000000f7d00000, 0x0000000100000000, 0x0000000100000000)
 Metaspace       used 53274K, capacity 56726K, committed 56832K, reserved 1099776K
  class space    used 6507K, capacity 7103K, committed 7168K, reserved 1048576K
2023-10-03T09:23:51.089+0800: 801.598: [GC (Allocation Failure) 2023-10-03T09:23:51.089+0800: 801.599: [ParNew: 103754K->1465K(115200K), 0.0059930 secs] 160190K->57918K(249344K), 0.0061691 secs] [Times: user=0.05 sys=0.01, real=0.01 secs] 
Heap after GC invocations=204 (full 0):
 par new generation   total 115200K, used 1465K [0x00000000f0000000, 0x00000000f7d00000, 0x00000000f7d00000)
  eden space 102400K,   0% used [0x00000000f0000000, 0x00000000f0000000, 0x00000000f6400000)
  from space 12800K,  11% used [0x00000000f6400000, 0x00000000f656e700, 0x00000000f7080000)
  to   space 12800K,   0% used [0x00000000f7080000, 0x00000000f7080000, 0x00000000f7d00000)
 concurrent mark-sweep generation total 134144K, used 56453K [0x00000000f7d00000, 0x0000000100000000, 0x0000000100000000)
 Metaspace       used 53274K, capacity 56726K, committed 56832K, reserved 1099776K
  class space    used 6507K, capacity 7103K, committed 7168K, reserved 1048576K
}
{Heap before GC invocations=204 (full 0):
 par new generation   total 115200K, used 103865K [0x00000000f0000000, 0x00000000f7d00000, 0x00000000f7d00000)
  eden space 102400K, 100% used [0x00000000f0000000, 0x00000000f6400000, 0x00000000f6400000)
  from space 12800K,  11% used [0x00000000f6400000, 0x00000000f656e700, 0x00000000f7080000)
  to   space 12800K,   0% used [0x00000000f7080000, 0x00000000f7080000, 0x00000000f7d00000)
 concurrent mark-sweep generation total 134144K, used 56453K [0x00000000f7d00000, 0x0000000100000000, 0x0000000100000000)
 Metaspace       used 53274K, capacity 56726K, committed 56832K, reserved 1099776K
  class space    used 6507K, capacity 7103K, committed 7168K, reserved 1048576K
2023-10-03T09:23:54.700+0800: 805.209: [GC (Allocation Failure) 2023-10-03T09:23:54.700+0800: 805.209: [ParNew: 103865K->1347K(115200K), 0.0065860 secs] 160318K->57801K(249344K), 0.0068514 secs] [Times: user=0.06 sys=0.00, real=0.01 secs] 
Heap after GC invocations=205 (full 0):
 par new generation   total 115200K, used 1347K [0x00000000f0000000, 0x00000000f7d00000, 0x00000000f7d00000)
  eden space 102400K,   0% used [0x00000000f0000000, 0x00000000f0000000, 0x00000000f6400000)
  from space 12800K,  10% used [0x00000000f7080000, 0x00000000f71d0cc0, 0x00000000f7d00000)
  to   space 12800K,   0% used [0x00000000f6400000, 0x00000000f6400000, 0x00000000f7080000)
 concurrent mark-sweep generation total 134144K, used 56454K [0x00000000f7d00000, 0x0000000100000000, 0x0000000100000000)
 Metaspace       used 53274K, capacity 56726K, committed 56832K, reserved 1099776K
  class space    used 6507K, capacity 7103K, committed 7168K, reserved 1048576K
}
{Heap before GC invocations=205 (full 0):
 par new generation   total 115200K, used 103747K [0x00000000f0000000, 0x00000000f7d00000, 0x00000000f7d00000)
  eden space 102400K, 100% used [0x00000000f0000000, 0x00000000f6400000, 0x00000000f6400000)
  from space 12800K,  10% used [0x00000000f7080000, 0x00000000f71d0cc0, 0x00000000f7d00000)
  to   space 12800K,   0% used [0x00000000f6400000, 0x00000000f6400000, 0x00000000f7080000)
 concurrent mark-sweep generation total 134144K, used 56454K [0x00000000f7d00000, 0x0000000100000000, 0x0000000100000000)
 Metaspace       used 53274K, capacity 56726K, committed 56832K, reserved 1099776K
  class space    used 6507K, capacity 7103K, committed 7168K, reserved 1048576K
2023-10-03T09:23:58.330+0800: 808.839: [GC (Allocation Failure) 2023-10-03T09:23:58.330+0800: 808.839: [ParNew: 103747K->1360K(115200K), 0.0066919 secs] 160201K->57819K(249344K), 0.0069939 secs] [Times: user=0.06 sys=0.00, real=0.01 secs] 
Heap after GC invocations=206 (full 0):
 par new generation   total 115200K, used 1360K [0x00000000f0000000, 0x00000000f7d00000, 0x00000000f7d00000)
  eden space 102400K,   0% used [0x00000000f0000000, 0x00000000f0000000, 0x00000000f6400000)
  from space 12800K,  10% used [0x00000000f6400000, 0x00000000f65543e0, 0x00000000f7080000)
  to   space 12800K,   0% used [0x00000000f7080000, 0x00000000f7080000, 0x00000000f7d00000)
 concurrent mark-sweep generation total 134144K, used 56458K [0x00000000f7d00000, 0x0000000100000000, 0x0000000100000000)
 Metaspace       used 53274K, capacity 56726K, committed 56832K, reserved 1099776K
  class space    used 6507K, capacity 7103K, committed 7168K, reserved 1048576K
}
{Heap before GC invocations=206 (full 0):
 par new generation   total 115200K, used 103760K [0x00000000f0000000, 0x00000000f7d00000, 0x00000000f7d00000)
  eden space 102400K, 100% used [0x00000000f0000000, 0x00000000f6400000, 0x00000000f6400000)
  from space 12800K,  10% used [0x00000000f6400000, 0x00000000f65543e0, 0x00000000f7080000)
  to   space 12800K,   0% used [0x00000000f7080000, 0x00000000f7080000, 0x00000000f7d00000)
 concurrent mark-sweep generation total 134144K, used 56458K [0x00000000f7d00000, 0x0000000100000000, 0x0000000100000000)
 Metaspace       used 53275K, capacity 56726K, committed 56832K, reserved 1099776K
  class space    used 6507K, capacity 7103K, committed 7168K, reserved 1048576K
2023-10-03T09:24:01.890+0800: 812.399: [GC (Allocation Failure) 2023-10-03T09:24:01.890+0800: 812.399: [ParNew: 103760K->1356K(115200K), 0.0067000 secs] 160219K->57828K(249344K), 0.0069704 secs] [Times: user=0.06 sys=0.00, real=0.01 secs] 
Heap after GC invocations=207 (full 0):
 par new generation   total 115200K, used 1356K [0x00000000f0000000, 0x00000000f7d00000, 0x00000000f7d00000)
  eden space 102400K,   0% used [0x00000000f0000000, 0x00000000f0000000, 0x00000000f6400000)
  from space 12800K,  10% used [0x00000000f7080000, 0x00000000f71d3300, 0x00000000f7d00000)
  to   space 12800K,   0% used [0x00000000f6400000, 0x00000000f6400000, 0x00000000f7080000)
 concurrent mark-sweep generation total 134144K, used 56471K [0x00000000f7d00000, 0x0000000100000000, 0x0000000100000000)
 Metaspace       used 53275K, capacity 56726K, committed 56832K, reserved 1099776K
  class space    used 6507K, capacity 7103K, committed 7168K, reserved 1048576K
}
{Heap before GC invocations=207 (full 0):
 par new generation   total 115200K, used 103756K [0x00000000f0000000, 0x00000000f7d00000, 0x00000000f7d00000)
  eden space 102400K, 100% used [0x00000000f0000000, 0x00000000f6400000, 0x00000000f6400000)
  from space 12800K,  10% used [0x00000000f7080000, 0x00000000f71d3300, 0x00000000f7d00000)
  to   space 12800K,   0% used [0x00000000f6400000, 0x00000000f6400000, 0x00000000f7080000)
 concurrent mark-sweep generation total 134144K, used 56471K [0x00000000f7d00000, 0x0000000100000000, 0x0000000100000000)
 Metaspace       used 53275K, capacity 56726K, committed 56832K, reserved 1099776K
  class space    used 6507K, capacity 7103K, committed 7168K, reserved 1048576K
2023-10-03T09:24:05.520+0800: 816.029: [GC (Allocation Failure) 2023-10-03T09:24:05.520+0800: 816.029: [ParNew: 103756K->1335K(115200K), 0.0066224 secs] 160228K->57811K(249344K), 0.0068639 secs] [Times: user=0.06 sys=0.00, real=0.01 secs] 
Heap after GC invocations=208 (full 0):
 par new generation   total 115200K, used 1335K [0x00000000f0000000, 0x00000000f7d00000, 0x00000000f7d00000)
  eden space 102400K,   0% used [0x00000000f0000000, 0x00000000f0000000, 0x00000000f6400000)
  from space 12800K,  10% used [0x00000000f6400000, 0x00000000f654dd80, 0x00000000f7080000)
  to   space 12800K,   0% used [0x00000000f7080000, 0x00000000f7080000, 0x00000000f7d00000)
 concurrent mark-sweep generation total 134144K, used 56476K [0x00000000f7d00000, 0x0000000100000000, 0x0000000100000000)
 Metaspace       used 53275K, capacity 56726K, committed 56832K, reserved 1099776K
  class space    used 6507K, capacity 7103K, committed 7168K, reserved 1048576K
}
{Heap before GC invocations=208 (full 0):
 par new generation   total 115200K, used 103735K [0x00000000f0000000, 0x00000000f7d00000, 0x00000000f7d00000)
  eden space 102400K, 100% used [0x00000000f0000000, 0x00000000f6400000, 0x00000000f6400000)
  from space 12800K,  10% used [0x00000000f6400000, 0x00000000f654dd80, 0x00000000f7080000)
  to   space 12800K,   0% used [0x00000000f7080000, 0x00000000f7080000, 0x00000000f7d00000)
 concurrent mark-sweep generation total 134144K, used 56476K [0x00000000f7d00000, 0x0000000100000000, 0x0000000100000000)
 Metaspace       used 53276K, capacity 56726K, committed 56832K, reserved 1099776K
  class space    used 6507K, capacity 7103K, committed 7168K, reserved 1048576K
2023-10-03T09:24:09.130+0800: 819.640: [GC (Allocation Failure) 2023-10-03T09:24:09.131+0800: 819.640: [ParNew: 103735K->1327K(115200K), 0.0066605 secs] 160211K->57806K(249344K), 0.0069329 secs] [Times: user=0.05 sys=0.00, real=0.01 secs] 
Heap after GC invocations=209 (full 0):
 par new generation   total 115200K, used 1327K [0x00000000f0000000, 0x00000000f7d00000, 0x00000000f7d00000)
  eden space 102400K,   0% used [0x00000000f0000000, 0x00000000f0000000, 0x00000000f6400000)
  from space 12800K,  10% used [0x00000000f7080000, 0x00000000f71cbe60, 0x00000000f7d00000)
  to   space 12800K,   0% used [0x00000000f6400000, 0x00000000f6400000, 0x00000000f7080000)
 concurrent mark-sweep generation total 134144K, used 56479K [0x00000000f7d00000, 0x0000000100000000, 0x0000000100000000)
 Metaspace       used 53276K, capacity 56726K, committed 56832K, reserved 1099776K
  class space    used 6507K, capacity 7103K, committed 7168K, reserved 1048576K
}
{Heap before GC invocations=209 (full 0):
 par new generation   total 115200K, used 103727K [0x00000000f0000000, 0x00000000f7d00000, 0x00000000f7d00000)
  eden space 102400K, 100% used [0x00000000f0000000, 0x00000000f6400000, 0x00000000f6400000)
  from space 12800K,  10% used [0x00000000f7080000, 0x00000000f71cbe60, 0x00000000f7d00000)
  to   space 12800K,   0% used [0x00000000f6400000, 0x00000000f6400000, 0x00000000f7080000)
 concurrent mark-sweep generation total 134144K, used 56479K [0x00000000f7d00000, 0x0000000100000000, 0x0000000100000000)
 Metaspace       used 53276K, capacity 56726K, committed 56832K, reserved 1099776K
  class space    used 6507K, capacity 7103K, committed 7168K, reserved 1048576K
2023-10-03T09:24:12.814+0800: 823.324: [GC (Allocation Failure) 2023-10-03T09:24:12.815+0800: 823.324: [ParNew: 103727K->1437K(115200K), 0.0054091 secs] 160206K->57919K(249344K), 0.0055795 secs] [Times: user=0.05 sys=0.00, real=0.00 secs] 
Heap after GC invocations=210 (full 0):
 par new generation   total 115200K, used 1437K [0x00000000f0000000, 0x00000000f7d00000, 0x00000000f7d00000)
  eden space 102400K,   0% used [0x00000000f0000000, 0x00000000f0000000, 0x00000000f6400000)
  from space 12800K,  11% used [0x00000000f6400000, 0x00000000f65677b0, 0x00000000f7080000)
  to   space 12800K,   0% used [0x00000000f7080000, 0x00000000f7080000, 0x00000000f7d00000)
 concurrent mark-sweep generation total 134144K, used 56482K [0x00000000f7d00000, 0x0000000100000000, 0x0000000100000000)
 Metaspace       used 53276K, capacity 56726K, committed 56832K, reserved 1099776K
  class space    used 6507K, capacity 7103K, committed 7168K, reserved 1048576K
}
{Heap before GC invocations=210 (full 0):
 par new generation   total 115200K, used 103837K [0x00000000f0000000, 0x00000000f7d00000, 0x00000000f7d00000)
  eden space 102400K, 100% used [0x00000000f0000000, 0x00000000f6400000, 0x00000000f6400000)
  from space 12800K,  11% used [0x00000000f6400000, 0x00000000f65677b0, 0x00000000f7080000)
  to   space 12800K,   0% used [0x00000000f7080000, 0x00000000f7080000, 0x00000000f7d00000)
 concurrent mark-sweep generation total 134144K, used 56482K [0x00000000f7d00000, 0x0000000100000000, 0x0000000100000000)
 Metaspace       used 53276K, capacity 56726K, committed 56832K, reserved 1099776K
  class space    used 6507K, capacity 7103K, committed 7168K, reserved 1048576K
2023-10-03T09:24:16.415+0800: 826.924: [GC (Allocation Failure) 2023-10-03T09:24:16.415+0800: 826.925: [ParNew: 103837K->1435K(115200K), 0.0057009 secs] 160319K->57920K(249344K), 0.0059586 secs] [Times: user=0.05 sys=0.01, real=0.00 secs] 
Heap after GC invocations=211 (full 0):
 par new generation   total 115200K, used 1435K [0x00000000f0000000, 0x00000000f7d00000, 0x00000000f7d00000)
  eden space 102400K,   0% used [0x00000000f0000000, 0x00000000f0000000, 0x00000000f6400000)
  from space 12800K,  11% used [0x00000000f7080000, 0x00000000f71e6f28, 0x00000000f7d00000)
  to   space 12800K,   0% used [0x00000000f6400000, 0x00000000f6400000, 0x00000000f7080000)
 concurrent mark-sweep generation total 134144K, used 56484K [0x00000000f7d00000, 0x0000000100000000, 0x0000000100000000)
 Metaspace       used 53276K, capacity 56726K, committed 56832K, reserved 1099776K
  class space    used 6507K, capacity 7103K, committed 7168K, reserved 1048576K
}
{Heap before GC invocations=211 (full 0):
 par new generation   total 115200K, used 103835K [0x00000000f0000000, 0x00000000f7d00000, 0x00000000f7d00000)
  eden space 102400K, 100% used [0x00000000f0000000, 0x00000000f6400000, 0x00000000f6400000)
  from space 12800K,  11% used [0x00000000f7080000, 0x00000000f71e6f28, 0x00000000f7d00000)
  to   space 12800K,   0% used [0x00000000f6400000, 0x00000000f6400000, 0x00000000f7080000)
 concurrent mark-sweep generation total 134144K, used 56484K [0x00000000f7d00000, 0x0000000100000000, 0x0000000100000000)
 Metaspace       used 53276K, capacity 56726K, committed 56832K, reserved 1099776K
  class space    used 6507K, capacity 7103K, committed 7168K, reserved 1048576K
2023-10-03T09:24:19.992+0800: 830.502: [GC (Allocation Failure) 2023-10-03T09:24:19.992+0800: 830.502: [ParNew: 103835K->1346K(115200K), 0.0061470 secs] 160320K->57835K(249344K), 0.0064824 secs] [Times: user=0.05 sys=0.00, real=0.00 secs] 
Heap after GC invocations=212 (full 0):
 par new generation   total 115200K, used 1346K [0x00000000f0000000, 0x00000000f7d00000, 0x00000000f7d00000)
  eden space 102400K,   0% used [0x00000000f0000000, 0x00000000f0000000, 0x00000000f6400000)
  from space 12800K,  10% used [0x00000000f6400000, 0x00000000f6550a20, 0x00000000f7080000)
  to   space 12800K,   0% used [0x00000000f7080000, 0x00000000f7080000, 0x00000000f7d00000)
 concurrent mark-sweep generation total 134144K, used 56488K [0x00000000f7d00000, 0x0000000100000000, 0x0000000100000000)
 Metaspace       used 53276K, capacity 56726K, committed 56832K, reserved 1099776K
  class space    used 6507K, capacity 7103K, committed 7168K, reserved 1048576K
}
{Heap before GC invocations=212 (full 0):
 par new generation   total 115200K, used 103746K [0x00000000f0000000, 0x00000000f7d00000, 0x00000000f7d00000)
  eden space 102400K, 100% used [0x00000000f0000000, 0x00000000f6400000, 0x00000000f6400000)
  from space 12800K,  10% used [0x00000000f6400000, 0x00000000f6550a20, 0x00000000f7080000)
  to   space 12800K,   0% used [0x00000000f7080000, 0x00000000f7080000, 0x00000000f7d00000)
 concurrent mark-sweep generation total 134144K, used 56488K [0x00000000f7d00000, 0x0000000100000000, 0x0000000100000000)
 Metaspace       used 53276K, capacity 56726K, committed 56832K, reserved 1099776K
  class space    used 6507K, capacity 7103K, committed 7168K, reserved 1048576K
2023-10-03T09:24:23.604+0800: 834.113: [GC (Allocation Failure) 2023-10-03T09:24:23.604+0800: 834.113: [ParNew: 103746K->1461K(115200K), 0.0067550 secs] 160235K->57951K(249344K), 0.0069970 secs] [Times: user=0.06 sys=0.00, real=0.00 secs] 
Heap after GC invocations=213 (full 0):
 par new generation   total 115200K, used 1461K [0x00000000f0000000, 0x00000000f7d00000, 0x00000000f7d00000)
  eden space 102400K,   0% used [0x00000000f0000000, 0x00000000f0000000, 0x00000000f6400000)
  from space 12800K,  11% used [0x00000000f7080000, 0x00000000f71ed4b8, 0x00000000f7d00000)
  to   space 12800K,   0% used [0x00000000f6400000, 0x00000000f6400000, 0x00000000f7080000)
 concurrent mark-sweep generation total 134144K, used 56490K [0x00000000f7d00000, 0x0000000100000000, 0x0000000100000000)
 Metaspace       used 53276K, capacity 56726K, committed 56832K, reserved 1099776K
  class space    used 6507K, capacity 7103K, committed 7168K, reserved 1048576K
}
{Heap before GC invocations=213 (full 0):
 par new generation   total 115200K, used 103861K [0x00000000f0000000, 0x00000000f7d00000, 0x00000000f7d00000)
  eden space 102400K, 100% used [0x00000000f0000000, 0x00000000f6400000, 0x00000000f6400000)
  from space 12800K,  11% used [0x00000000f7080000, 0x00000000f71ed4b8, 0x00000000f7d00000)
  to   space 12800K,   0% used [0x00000000f6400000, 0x00000000f6400000, 0x00000000f7080000)
 concurrent mark-sweep generation total 134144K, used 56490K [0x00000000f7d00000, 0x0000000100000000, 0x0000000100000000)
 Metaspace       used 53276K, capacity 56726K, committed 56832K, reserved 1099776K
  class space    used 6507K, capacity 7103K, committed 7168K, reserved 1048576K
2023-10-03T09:24:27.245+0800: 837.755: [GC (Allocation Failure) 2023-10-03T09:24:27.246+0800: 837.755: [ParNew: 103861K->1354K(115200K), 0.0189880 secs] 160351K->57852K(249344K), 0.0191802 secs] [Times: user=0.05 sys=0.01, real=0.02 secs] 
Heap after GC invocations=214 (full 0):
 par new generation   total 115200K, used 1354K [0x00000000f0000000, 0x00000000f7d00000, 0x00000000f7d00000)
  eden space 102400K,   0% used [0x00000000f0000000, 0x00000000f0000000, 0x00000000f6400000)
  from space 12800K,  10% used [0x00000000f6400000, 0x00000000f6552880, 0x00000000f7080000)
  to   space 12800K,   0% used [0x00000000f7080000, 0x00000000f7080000, 0x00000000f7d00000)
 concurrent mark-sweep generation total 134144K, used 56498K [0x00000000f7d00000, 0x0000000100000000, 0x0000000100000000)
 Metaspace       used 53276K, capacity 56726K, committed 56832K, reserved 1099776K
  class space    used 6507K, capacity 7103K, committed 7168K, reserved 1048576K
}
{Heap before GC invocations=214 (full 0):
 par new generation   total 115200K, used 103754K [0x00000000f0000000, 0x00000000f7d00000, 0x00000000f7d00000)
  eden space 102400K, 100% used [0x00000000f0000000, 0x00000000f6400000, 0x00000000f6400000)
  from space 12800K,  10% used [0x00000000f6400000, 0x00000000f6552880, 0x00000000f7080000)
  to   space 12800K,   0% used [0x00000000f7080000, 0x00000000f7080000, 0x00000000f7d00000)
 concurrent mark-sweep generation total 134144K, used 56498K [0x00000000f7d00000, 0x0000000100000000, 0x0000000100000000)
 Metaspace       used 53276K, capacity 56726K, committed 56832K, reserved 1099776K
  class space    used 6507K, capacity 7103K, committed 7168K, reserved 1048576K
2023-10-03T09:24:30.814+0800: 841.323: [GC (Allocation Failure) 2023-10-03T09:24:30.814+0800: 841.323: [ParNew: 103754K->1449K(115200K), 0.0065972 secs] 160252K->57951K(249344K), 0.0068252 secs] [Times: user=0.06 sys=0.00, real=0.00 secs] 
Heap after GC invocations=215 (full 0):
 par new generation   total 115200K, used 1449K [0x00000000f0000000, 0x00000000f7d00000, 0x00000000f7d00000)
  eden space 102400K,   0% used [0x00000000f0000000, 0x00000000f0000000, 0x00000000f6400000)
  from space 12800K,  11% used [0x00000000f7080000, 0x00000000f71ea4c8, 0x00000000f7d00000)
  to   space 12800K,   0% used [0x00000000f6400000, 0x00000000f6400000, 0x00000000f7080000)
 concurrent mark-sweep generation total 134144K, used 56502K [0x00000000f7d00000, 0x0000000100000000, 0x0000000100000000)
 Metaspace       used 53276K, capacity 56726K, committed 56832K, reserved 1099776K
  class space    used 6507K, capacity 7103K, committed 7168K, reserved 1048576K
}
{Heap before GC invocations=215 (full 0):
 par new generation   total 115200K, used 103849K [0x00000000f0000000, 0x00000000f7d00000, 0x00000000f7d00000)
  eden space 102400K, 100% used [0x00000000f0000000, 0x00000000f6400000, 0x00000000f6400000)
  from space 12800K,  11% used [0x00000000f7080000, 0x00000000f71ea4c8, 0x00000000f7d00000)
  to   space 12800K,   0% used [0x00000000f6400000, 0x00000000f6400000, 0x00000000f7080000)
 concurrent mark-sweep generation total 134144K, used 56502K [0x00000000f7d00000, 0x0000000100000000, 0x0000000100000000)
 Metaspace       used 53277K, capacity 56726K, committed 56832K, reserved 1099776K
  class space    used 6507K, capacity 7103K, committed 7168K, reserved 1048576K
2023-10-03T09:24:34.518+0800: 845.028: [GC (Allocation Failure) 2023-10-03T09:24:34.519+0800: 845.028: [ParNew: 103849K->1461K(115200K), 0.0058570 secs] 160351K->57964K(249344K), 0.0060200 secs] [Times: user=0.05 sys=0.00, real=0.01 secs] 
Heap after GC invocations=216 (full 0):
 par new generation   total 115200K, used 1461K [0x00000000f0000000, 0x00000000f7d00000, 0x00000000f7d00000)
  eden space 102400K,   0% used [0x00000000f0000000, 0x00000000f0000000, 0x00000000f6400000)
  from space 12800K,  11% used [0x00000000f6400000, 0x00000000f656d728, 0x00000000f7080000)
  to   space 12800K,   0% used [0x00000000f7080000, 0x00000000f7080000, 0x00000000f7d00000)
 concurrent mark-sweep generation total 134144K, used 56502K [0x00000000f7d00000, 0x0000000100000000, 0x0000000100000000)
 Metaspace       used 53277K, capacity 56726K, committed 56832K, reserved 1099776K
  class space    used 6507K, capacity 7103K, committed 7168K, reserved 1048576K
}
{Heap before GC invocations=216 (full 0):
 par new generation   total 115200K, used 103861K [0x00000000f0000000, 0x00000000f7d00000, 0x00000000f7d00000)
  eden space 102400K, 100% used [0x00000000f0000000, 0x00000000f6400000, 0x00000000f6400000)
  from space 12800K,  11% used [0x00000000f6400000, 0x00000000f656d728, 0x00000000f7080000)
  to   space 12800K,   0% used [0x00000000f7080000, 0x00000000f7080000, 0x00000000f7d00000)
 concurrent mark-sweep generation total 134144K, used 56502K [0x00000000f7d00000, 0x0000000100000000, 0x0000000100000000)
 Metaspace       used 53278K, capacity 56726K, committed 56832K, reserved 1099776K
  class space    used 6507K, capacity 7103K, committed 7168K, reserved 1048576K
2023-10-03T09:24:38.539+0800: 849.048: [GC (Allocation Failure) 2023-10-03T09:24:38.539+0800: 849.048: [ParNew: 103861K->2239K(115200K), 0.0056844 secs] 160364K->58746K(249344K), 0.0058716 secs] [Times: user=0.05 sys=0.01, real=0.01 secs] 
Heap after GC invocations=217 (full 0):
 par new generation   total 115200K, used 2239K [0x00000000f0000000, 0x00000000f7d00000, 0x00000000f7d00000)
  eden space 102400K,   0% used [0x00000000f0000000, 0x00000000f0000000, 0x00000000f6400000)
  from space 12800K,  17% used [0x00000000f7080000, 0x00000000f72aff60, 0x00000000f7d00000)
  to   space 12800K,   0% used [0x00000000f6400000, 0x00000000f6400000, 0x00000000f7080000)
 concurrent mark-sweep generation total 134144K, used 56506K [0x00000000f7d00000, 0x0000000100000000, 0x0000000100000000)
 Metaspace       used 53278K, capacity 56726K, committed 56832K, reserved 1099776K
  class space    used 6507K, capacity 7103K, committed 7168K, reserved 1048576K
}
{Heap before GC invocations=217 (full 0):
 par new generation   total 115200K, used 104639K [0x00000000f0000000, 0x00000000f7d00000, 0x00000000f7d00000)
  eden space 102400K, 100% used [0x00000000f0000000, 0x00000000f6400000, 0x00000000f6400000)
  from space 12800K,  17% used [0x00000000f7080000, 0x00000000f72aff60, 0x00000000f7d00000)
  to   space 12800K,   0% used [0x00000000f6400000, 0x00000000f6400000, 0x00000000f7080000)
 concurrent mark-sweep generation total 134144K, used 56506K [0x00000000f7d00000, 0x0000000100000000, 0x0000000100000000)
 Metaspace       used 53278K, capacity 56726K, committed 56832K, reserved 1099776K
  class space    used 6507K, capacity 7103K, committed 7168K, reserved 1048576K
2023-10-03T09:24:42.086+0800: 852.595: [GC (Allocation Failure) 2023-10-03T09:24:42.086+0800: 852.595: [ParNew: 104639K->4145K(115200K), 0.0075586 secs] 161146K->60652K(249344K), 0.0077913 secs] [Times: user=0.07 sys=0.00, real=0.01 secs] 
Heap after GC invocations=218 (full 0):
 par new generation   total 115200K, used 4145K [0x00000000f0000000, 0x00000000f7d00000, 0x00000000f7d00000)
  eden space 102400K,   0% used [0x00000000f0000000, 0x00000000f0000000, 0x00000000f6400000)
  from space 12800K,  32% used [0x00000000f6400000, 0x00000000f680c4a0, 0x00000000f7080000)
  to   space 12800K,   0% used [0x00000000f7080000, 0x00000000f7080000, 0x00000000f7d00000)
 concurrent mark-sweep generation total 134144K, used 56507K [0x00000000f7d00000, 0x0000000100000000, 0x0000000100000000)
 Metaspace       used 53278K, capacity 56726K, committed 56832K, reserved 1099776K
  class space    used 6507K, capacity 7103K, committed 7168K, reserved 1048576K
}
{Heap before GC invocations=218 (full 0):
 par new generation   total 115200K, used 106545K [0x00000000f0000000, 0x00000000f7d00000, 0x00000000f7d00000)
  eden space 102400K, 100% used [0x00000000f0000000, 0x00000000f6400000, 0x00000000f6400000)
  from space 12800K,  32% used [0x00000000f6400000, 0x00000000f680c4a0, 0x00000000f7080000)
  to   space 12800K,   0% used [0x00000000f7080000, 0x00000000f7080000, 0x00000000f7d00000)
 concurrent mark-sweep generation total 134144K, used 56507K [0x00000000f7d00000, 0x0000000100000000, 0x0000000100000000)
 Metaspace       used 53278K, capacity 56726K, committed 56832K, reserved 1099776K
  class space    used 6507K, capacity 7103K, committed 7168K, reserved 1048576K
2023-10-03T09:24:45.669+0800: 856.178: [GC (Allocation Failure) 2023-10-03T09:24:45.669+0800: 856.178: [ParNew: 106545K->4621K(115200K), 0.0074653 secs] 163052K->61128K(249344K), 0.0077409 secs] [Times: user=0.06 sys=0.00, real=0.01 secs] 
Heap after GC invocations=219 (full 0):
 par new generation   total 115200K, used 4621K [0x00000000f0000000, 0x00000000f7d00000, 0x00000000f7d00000)
  eden space 102400K,   0% used [0x00000000f0000000, 0x00000000f0000000, 0x00000000f6400000)
  from space 12800K,  36% used [0x00000000f7080000, 0x00000000f7503500, 0x00000000f7d00000)
  to   space 12800K,   0% used [0x00000000f6400000, 0x00000000f6400000, 0x00000000f7080000)
 concurrent mark-sweep generation total 134144K, used 56507K [0x00000000f7d00000, 0x0000000100000000, 0x0000000100000000)
 Metaspace       used 53278K, capacity 56726K, committed 56832K, reserved 1099776K
  class space    used 6507K, capacity 7103K, committed 7168K, reserved 1048576K
}
{Heap before GC invocations=219 (full 0):
 par new generation   total 115200K, used 107021K [0x00000000f0000000, 0x00000000f7d00000, 0x00000000f7d00000)
  eden space 102400K, 100% used [0x00000000f0000000, 0x00000000f6400000, 0x00000000f6400000)
  from space 12800K,  36% used [0x00000000f7080000, 0x00000000f7503500, 0x00000000f7d00000)
  to   space 12800K,   0% used [0x00000000f6400000, 0x00000000f6400000, 0x00000000f7080000)
 concurrent mark-sweep generation total 134144K, used 56507K [0x00000000f7d00000, 0x0000000100000000, 0x0000000100000000)
 Metaspace       used 53278K, capacity 56726K, committed 56832K, reserved 1099776K
  class space    used 6507K, capacity 7103K, committed 7168K, reserved 1048576K
2023-10-03T09:24:49.277+0800: 859.787: [GC (Allocation Failure) 2023-10-03T09:24:49.278+0800: 859.787: [ParNew: 107021K->5206K(115200K), 0.0069552 secs] 163528K->61714K(249344K), 0.0071945 secs] [Times: user=0.06 sys=0.00, real=0.01 secs] 
Heap after GC invocations=220 (full 0):
 par new generation   total 115200K, used 5206K [0x00000000f0000000, 0x00000000f7d00000, 0x00000000f7d00000)
  eden space 102400K,   0% used [0x00000000f0000000, 0x00000000f0000000, 0x00000000f6400000)
  from space 12800K,  40% used [0x00000000f6400000, 0x00000000f6915a80, 0x00000000f7080000)
  to   space 12800K,   0% used [0x00000000f7080000, 0x00000000f7080000, 0x00000000f7d00000)
 concurrent mark-sweep generation total 134144K, used 56507K [0x00000000f7d00000, 0x0000000100000000, 0x0000000100000000)
 Metaspace       used 53278K, capacity 56726K, committed 56832K, reserved 1099776K
  class space    used 6507K, capacity 7103K, committed 7168K, reserved 1048576K
}
{Heap before GC invocations=220 (full 0):
 par new generation   total 115200K, used 107606K [0x00000000f0000000, 0x00000000f7d00000, 0x00000000f7d00000)
  eden space 102400K, 100% used [0x00000000f0000000, 0x00000000f6400000, 0x00000000f6400000)
  from space 12800K,  40% used [0x00000000f6400000, 0x00000000f6915a80, 0x00000000f7080000)
  to   space 12800K,   0% used [0x00000000f7080000, 0x00000000f7080000, 0x00000000f7d00000)
 concurrent mark-sweep generation total 134144K, used 56507K [0x00000000f7d00000, 0x0000000100000000, 0x0000000100000000)
 Metaspace       used 53278K, capacity 56726K, committed 56832K, reserved 1099776K
  class space    used 6507K, capacity 7103K, committed 7168K, reserved 1048576K
2023-10-03T09:24:52.889+0800: 863.398: [GC (Allocation Failure) 2023-10-03T09:24:52.889+0800: 863.398: [ParNew: 107606K->5032K(115200K), 0.0076799 secs] 164114K->61540K(249344K), 0.0079644 secs] [Times: user=0.06 sys=0.00, real=0.01 secs] 
Heap after GC invocations=221 (full 0):
 par new generation   total 115200K, used 5032K [0x00000000f0000000, 0x00000000f7d00000, 0x00000000f7d00000)
  eden space 102400K,   0% used [0x00000000f0000000, 0x00000000f0000000, 0x00000000f6400000)
  from space 12800K,  39% used [0x00000000f7080000, 0x00000000f756a188, 0x00000000f7d00000)
  to   space 12800K,   0% used [0x00000000f6400000, 0x00000000f6400000, 0x00000000f7080000)
 concurrent mark-sweep generation total 134144K, used 56508K [0x00000000f7d00000, 0x0000000100000000, 0x0000000100000000)
 Metaspace       used 53278K, capacity 56726K, committed 56832K, reserved 1099776K
  class space    used 6507K, capacity 7103K, committed 7168K, reserved 1048576K
}
{Heap before GC invocations=221 (full 0):
 par new generation   total 115200K, used 107432K [0x00000000f0000000, 0x00000000f7d00000, 0x00000000f7d00000)
  eden space 102400K, 100% used [0x00000000f0000000, 0x00000000f6400000, 0x00000000f6400000)
  from space 12800K,  39% used [0x00000000f7080000, 0x00000000f756a188, 0x00000000f7d00000)
  to   space 12800K,   0% used [0x00000000f6400000, 0x00000000f6400000, 0x00000000f7080000)
 concurrent mark-sweep generation total 134144K, used 56508K [0x00000000f7d00000, 0x0000000100000000, 0x0000000100000000)
 Metaspace       used 53278K, capacity 56726K, committed 56832K, reserved 1099776K
  class space    used 6507K, capacity 7103K, committed 7168K, reserved 1048576K
2023-10-03T09:24:56.592+0800: 867.101: [GC (Allocation Failure) 2023-10-03T09:24:56.592+0800: 867.101: [ParNew: 107432K->4044K(115200K), 0.0036414 secs] 163940K->60555K(249344K), 0.0038845 secs] [Times: user=0.03 sys=0.00, real=0.00 secs] 
Heap after GC invocations=222 (full 0):
 par new generation   total 115200K, used 4044K [0x00000000f0000000, 0x00000000f7d00000, 0x00000000f7d00000)
  eden space 102400K,   0% used [0x00000000f0000000, 0x00000000f0000000, 0x00000000f6400000)
  from space 12800K,  31% used [0x00000000f6400000, 0x00000000f67f32a0, 0x00000000f7080000)
  to   space 12800K,   0% used [0x00000000f7080000, 0x00000000f7080000, 0x00000000f7d00000)
 concurrent mark-sweep generation total 134144K, used 56511K [0x00000000f7d00000, 0x0000000100000000, 0x0000000100000000)
 Metaspace       used 53278K, capacity 56726K, committed 56832K, reserved 1099776K
  class space    used 6507K, capacity 7103K, committed 7168K, reserved 1048576K
}
{Heap before GC invocations=222 (full 0):
 par new generation   total 115200K, used 106444K [0x00000000f0000000, 0x00000000f7d00000, 0x00000000f7d00000)
  eden space 102400K, 100% used [0x00000000f0000000, 0x00000000f6400000, 0x00000000f6400000)
  from space 12800K,  31% used [0x00000000f6400000, 0x00000000f67f32a0, 0x00000000f7080000)
  to   space 12800K,   0% used [0x00000000f7080000, 0x00000000f7080000, 0x00000000f7d00000)
 concurrent mark-sweep generation total 134144K, used 56511K [0x00000000f7d00000, 0x0000000100000000, 0x0000000100000000)
 Metaspace       used 53283K, capacity 56726K, committed 56832K, reserved 1099776K
  class space    used 6507K, capacity 7103K, committed 7168K, reserved 1048576K
2023-10-03T09:25:00.179+0800: 870.689: [GC (Allocation Failure) 2023-10-03T09:25:00.180+0800: 870.689: [ParNew: 106444K->4391K(115200K), 0.0067114 secs] 162955K->61320K(249344K), 0.0068859 secs] [Times: user=0.05 sys=0.00, real=0.01 secs] 
Heap after GC invocations=223 (full 0):
 par new generation   total 115200K, used 4391K [0x00000000f0000000, 0x00000000f7d00000, 0x00000000f7d00000)
  eden space 102400K,   0% used [0x00000000f0000000, 0x00000000f0000000, 0x00000000f6400000)
  from space 12800K,  34% used [0x00000000f7080000, 0x00000000f74c9dd8, 0x00000000f7d00000)
  to   space 12800K,   0% used [0x00000000f6400000, 0x00000000f6400000, 0x00000000f7080000)
 concurrent mark-sweep generation total 134144K, used 56928K [0x00000000f7d00000, 0x0000000100000000, 0x0000000100000000)
 Metaspace       used 53283K, capacity 56726K, committed 56832K, reserved 1099776K
  class space    used 6507K, capacity 7103K, committed 7168K, reserved 1048576K
}
{Heap before GC invocations=223 (full 0):
 par new generation   total 115200K, used 106791K [0x00000000f0000000, 0x00000000f7d00000, 0x00000000f7d00000)
  eden space 102400K,  99% used [0x00000000f0000000, 0x00000000f63ffff8, 0x00000000f6400000)
  from space 12800K,  34% used [0x00000000f7080000, 0x00000000f74c9dd8, 0x00000000f7d00000)
  to   space 12800K,   0% used [0x00000000f6400000, 0x00000000f6400000, 0x00000000f7080000)
 concurrent mark-sweep generation total 134144K, used 56928K [0x00000000f7d00000, 0x0000000100000000, 0x0000000100000000)
 Metaspace       used 53283K, capacity 56726K, committed 56832K, reserved 1099776K
  class space    used 6507K, capacity 7103K, committed 7168K, reserved 1048576K
2023-10-03T09:25:03.796+0800: 874.305: [GC (Allocation Failure) 2023-10-03T09:25:03.796+0800: 874.305: [ParNew: 106791K->3105K(115200K), 0.0064071 secs] 163720K->61981K(249344K), 0.0065943 secs] [Times: user=0.06 sys=0.00, real=0.01 secs] 
Heap after GC invocations=224 (full 0):
 par new generation   total 115200K, used 3105K [0x00000000f0000000, 0x00000000f7d00000, 0x00000000f7d00000)
  eden space 102400K,   0% used [0x00000000f0000000, 0x00000000f0000000, 0x00000000f6400000)
  from space 12800K,  24% used [0x00000000f6400000, 0x00000000f6708590, 0x00000000f7080000)
  to   space 12800K,   0% used [0x00000000f7080000, 0x00000000f7080000, 0x00000000f7d00000)
 concurrent mark-sweep generation total 134144K, used 58875K [0x00000000f7d00000, 0x0000000100000000, 0x0000000100000000)
 Metaspace       used 53283K, capacity 56726K, committed 56832K, reserved 1099776K
  class space    used 6507K, capacity 7103K, committed 7168K, reserved 1048576K
}
{Heap before GC invocations=224 (full 0):
 par new generation   total 115200K, used 105505K [0x00000000f0000000, 0x00000000f7d00000, 0x00000000f7d00000)
  eden space 102400K, 100% used [0x00000000f0000000, 0x00000000f6400000, 0x00000000f6400000)
  from space 12800K,  24% used [0x00000000f6400000, 0x00000000f6708590, 0x00000000f7080000)
  to   space 12800K,   0% used [0x00000000f7080000, 0x00000000f7080000, 0x00000000f7d00000)
 concurrent mark-sweep generation total 134144K, used 58875K [0x00000000f7d00000, 0x0000000100000000, 0x0000000100000000)
 Metaspace       used 53283K, capacity 56726K, committed 56832K, reserved 1099776K
  class space    used 6507K, capacity 7103K, committed 7168K, reserved 1048576K
2023-10-03T09:25:07.413+0800: 877.922: [GC (Allocation Failure) 2023-10-03T09:25:07.413+0800: 877.922: [ParNew: 105505K->1792K(115200K), 0.0061164 secs] 164381K->60671K(249344K), 0.0063473 secs] [Times: user=0.04 sys=0.02, real=0.00 secs] 
Heap after GC invocations=225 (full 0):
 par new generation   total 115200K, used 1792K [0x00000000f0000000, 0x00000000f7d00000, 0x00000000f7d00000)
  eden space 102400K,   0% used [0x00000000f0000000, 0x00000000f0000000, 0x00000000f6400000)
  from space 12800K,  14% used [0x00000000f7080000, 0x00000000f72403e0, 0x00000000f7d00000)
  to   space 12800K,   0% used [0x00000000f6400000, 0x00000000f6400000, 0x00000000f7080000)
 concurrent mark-sweep generation total 134144K, used 58878K [0x00000000f7d00000, 0x0000000100000000, 0x0000000100000000)
 Metaspace       used 53283K, capacity 56726K, committed 56832K, reserved 1099776K
  class space    used 6507K, capacity 7103K, committed 7168K, reserved 1048576K
}
{Heap before GC invocations=225 (full 0):
 par new generation   total 115200K, used 104192K [0x00000000f0000000, 0x00000000f7d00000, 0x00000000f7d00000)
  eden space 102400K, 100% used [0x00000000f0000000, 0x00000000f6400000, 0x00000000f6400000)
  from space 12800K,  14% used [0x00000000f7080000, 0x00000000f72403e0, 0x00000000f7d00000)
  to   space 12800K,   0% used [0x00000000f6400000, 0x00000000f6400000, 0x00000000f7080000)
 concurrent mark-sweep generation total 134144K, used 58878K [0x00000000f7d00000, 0x0000000100000000, 0x0000000100000000)
 Metaspace       used 53283K, capacity 56726K, committed 56832K, reserved 1099776K
  class space    used 6507K, capacity 7103K, committed 7168K, reserved 1048576K
2023-10-03T09:25:10.999+0800: 881.508: [GC (Allocation Failure) 2023-10-03T09:25:10.999+0800: 881.508: [ParNew: 104192K->1664K(115200K), 0.0061807 secs] 163071K->60543K(249344K), 0.0064412 secs] [Times: user=0.05 sys=0.00, real=0.01 secs] 
Heap after GC invocations=226 (full 0):
 par new generation   total 115200K, used 1664K [0x00000000f0000000, 0x00000000f7d00000, 0x00000000f7d00000)
  eden space 102400K,   0% used [0x00000000f0000000, 0x00000000f0000000, 0x00000000f6400000)
  from space 12800K,  13% used [0x00000000f6400000, 0x00000000f65a01a8, 0x00000000f7080000)
  to   space 12800K,   0% used [0x00000000f7080000, 0x00000000f7080000, 0x00000000f7d00000)
 concurrent mark-sweep generation total 134144K, used 58879K [0x00000000f7d00000, 0x0000000100000000, 0x0000000100000000)
 Metaspace       used 53283K, capacity 56726K, committed 56832K, reserved 1099776K
  class space    used 6507K, capacity 7103K, committed 7168K, reserved 1048576K
}
{Heap before GC invocations=226 (full 0):
 par new generation   total 115200K, used 104064K [0x00000000f0000000, 0x00000000f7d00000, 0x00000000f7d00000)
  eden space 102400K, 100% used [0x00000000f0000000, 0x00000000f6400000, 0x00000000f6400000)
  from space 12800K,  13% used [0x00000000f6400000, 0x00000000f65a01a8, 0x00000000f7080000)
  to   space 12800K,   0% used [0x00000000f7080000, 0x00000000f7080000, 0x00000000f7d00000)
 concurrent mark-sweep generation total 134144K, used 58879K [0x00000000f7d00000, 0x0000000100000000, 0x0000000100000000)
 Metaspace       used 53285K, capacity 56790K, committed 57088K, reserved 1099776K
  class space    used 6507K, capacity 7103K, committed 7168K, reserved 1048576K
2023-10-03T09:25:14.587+0800: 885.096: [GC (Allocation Failure) 2023-10-03T09:25:14.587+0800: 885.096: [ParNew: 104064K->1475K(115200K), 0.0056870 secs] 162943K->60354K(249344K), 0.0058731 secs] [Times: user=0.05 sys=0.00, real=0.01 secs] 
Heap after GC invocations=227 (full 0):
 par new generation   total 115200K, used 1475K [0x00000000f0000000, 0x00000000f7d00000, 0x00000000f7d00000)
  eden space 102400K,   0% used [0x00000000f0000000, 0x00000000f0000000, 0x00000000f6400000)
  from space 12800K,  11% used [0x00000000f7080000, 0x00000000f71f0e68, 0x00000000f7d00000)
  to   space 12800K,   0% used [0x00000000f6400000, 0x00000000f6400000, 0x00000000f7080000)
 concurrent mark-sweep generation total 134144K, used 58879K [0x00000000f7d00000, 0x0000000100000000, 0x0000000100000000)
 Metaspace       used 53285K, capacity 56790K, committed 57088K, reserved 1099776K
  class space    used 6507K, capacity 7103K, committed 7168K, reserved 1048576K
}
{Heap before GC invocations=227 (full 0):
 par new generation   total 115200K, used 103875K [0x00000000f0000000, 0x00000000f7d00000, 0x00000000f7d00000)
  eden space 102400K, 100% used [0x00000000f0000000, 0x00000000f6400000, 0x00000000f6400000)
  from space 12800K,  11% used [0x00000000f7080000, 0x00000000f71f0e68, 0x00000000f7d00000)
  to   space 12800K,   0% used [0x00000000f6400000, 0x00000000f6400000, 0x00000000f7080000)
 concurrent mark-sweep generation total 134144K, used 58879K [0x00000000f7d00000, 0x0000000100000000, 0x0000000100000000)
 Metaspace       used 53286K, capacity 56790K, committed 57088K, reserved 1099776K
  class space    used 6507K, capacity 7103K, committed 7168K, reserved 1048576K
2023-10-03T09:25:18.278+0800: 888.787: [GC (Allocation Failure) 2023-10-03T09:25:18.278+0800: 888.788: [ParNew: 103875K->1460K(115200K), 0.0055304 secs] 162754K->60339K(249344K), 0.0057037 secs] [Times: user=0.05 sys=0.00, real=0.01 secs] 
Heap after GC invocations=228 (full 0):
 par new generation   total 115200K, used 1460K [0x00000000f0000000, 0x00000000f7d00000, 0x00000000f7d00000)
  eden space 102400K,   0% used [0x00000000f0000000, 0x00000000f0000000, 0x00000000f6400000)
  from space 12800K,  11% used [0x00000000f6400000, 0x00000000f656d1e0, 0x00000000f7080000)
  to   space 12800K,   0% used [0x00000000f7080000, 0x00000000f7080000, 0x00000000f7d00000)
 concurrent mark-sweep generation total 134144K, used 58879K [0x00000000f7d00000, 0x0000000100000000, 0x0000000100000000)
 Metaspace       used 53286K, capacity 56790K, committed 57088K, reserved 1099776K
  class space    used 6507K, capacity 7103K, committed 7168K, reserved 1048576K
}
{Heap before GC invocations=228 (full 0):
 par new generation   total 115200K, used 103860K [0x00000000f0000000, 0x00000000f7d00000, 0x00000000f7d00000)
  eden space 102400K, 100% used [0x00000000f0000000, 0x00000000f6400000, 0x00000000f6400000)
  from space 12800K,  11% used [0x00000000f6400000, 0x00000000f656d1e0, 0x00000000f7080000)
  to   space 12800K,   0% used [0x00000000f7080000, 0x00000000f7080000, 0x00000000f7d00000)
 concurrent mark-sweep generation total 134144K, used 58879K [0x00000000f7d00000, 0x0000000100000000, 0x0000000100000000)
 Metaspace       used 53286K, capacity 56790K, committed 57088K, reserved 1099776K
  class space    used 6507K, capacity 7103K, committed 7168K, reserved 1048576K
2023-10-03T09:25:21.898+0800: 892.407: [GC (Allocation Failure) 2023-10-03T09:25:21.898+0800: 892.407: [ParNew: 103860K->1460K(115200K), 0.0054868 secs] 162739K->60340K(249344K), 0.0057075 secs] [Times: user=0.05 sys=0.00, real=0.01 secs] 
Heap after GC invocations=229 (full 0):
 par new generation   total 115200K, used 1460K [0x00000000f0000000, 0x00000000f7d00000, 0x00000000f7d00000)
  eden space 102400K,   0% used [0x00000000f0000000, 0x00000000f0000000, 0x00000000f6400000)
  from space 12800K,  11% used [0x00000000f7080000, 0x00000000f71ed0a8, 0x00000000f7d00000)
  to   space 12800K,   0% used [0x00000000f6400000, 0x00000000f6400000, 0x00000000f7080000)
 concurrent mark-sweep generation total 134144K, used 58880K [0x00000000f7d00000, 0x0000000100000000, 0x0000000100000000)
 Metaspace       used 53286K, capacity 56790K, committed 57088K, reserved 1099776K
  class space    used 6507K, capacity 7103K, committed 7168K, reserved 1048576K
}
{Heap before GC invocations=229 (full 0):
 par new generation   total 115200K, used 103860K [0x00000000f0000000, 0x00000000f7d00000, 0x00000000f7d00000)
  eden space 102400K, 100% used [0x00000000f0000000, 0x00000000f6400000, 0x00000000f6400000)
  from space 12800K,  11% used [0x00000000f7080000, 0x00000000f71ed0a8, 0x00000000f7d00000)
  to   space 12800K,   0% used [0x00000000f6400000, 0x00000000f6400000, 0x00000000f7080000)
 concurrent mark-sweep generation total 134144K, used 58880K [0x00000000f7d00000, 0x0000000100000000, 0x0000000100000000)
 Metaspace       used 53286K, capacity 56790K, committed 57088K, reserved 1099776K
  class space    used 6507K, capacity 7103K, committed 7168K, reserved 1048576K
2023-10-03T09:25:25.513+0800: 896.022: [GC (Allocation Failure) 2023-10-03T09:25:25.513+0800: 896.023: [ParNew: 103860K->1486K(115200K), 0.0062540 secs] 162740K->60366K(249344K), 0.0064821 secs] [Times: user=0.06 sys=0.00, real=0.00 secs] 
Heap after GC invocations=230 (full 0):
 par new generation   total 115200K, used 1486K [0x00000000f0000000, 0x00000000f7d00000, 0x00000000f7d00000)
  eden space 102400K,   0% used [0x00000000f0000000, 0x00000000f0000000, 0x00000000f6400000)
  from space 12800K,  11% used [0x00000000f6400000, 0x00000000f6573b80, 0x00000000f7080000)
  to   space 12800K,   0% used [0x00000000f7080000, 0x00000000f7080000, 0x00000000f7d00000)
 concurrent mark-sweep generation total 134144K, used 58880K [0x00000000f7d00000, 0x0000000100000000, 0x0000000100000000)
 Metaspace       used 53286K, capacity 56790K, committed 57088K, reserved 1099776K
  class space    used 6507K, capacity 7103K, committed 7168K, reserved 1048576K
}
{Heap before GC invocations=230 (full 0):
 par new generation   total 115200K, used 103886K [0x00000000f0000000, 0x00000000f7d00000, 0x00000000f7d00000)
  eden space 102400K, 100% used [0x00000000f0000000, 0x00000000f6400000, 0x00000000f6400000)
  from space 12800K,  11% used [0x00000000f6400000, 0x00000000f6573b80, 0x00000000f7080000)
  to   space 12800K,   0% used [0x00000000f7080000, 0x00000000f7080000, 0x00000000f7d00000)
 concurrent mark-sweep generation total 134144K, used 58880K [0x00000000f7d00000, 0x0000000100000000, 0x0000000100000000)
 Metaspace       used 53286K, capacity 56790K, committed 57088K, reserved 1099776K
  class space    used 6507K, capacity 7103K, committed 7168K, reserved 1048576K
2023-10-03T09:25:29.097+0800: 899.606: [GC (Allocation Failure) 2023-10-03T09:25:29.097+0800: 899.606: [ParNew: 103886K->1479K(115200K), 0.0062501 secs] 162766K->60395K(249344K), 0.0065138 secs] [Times: user=0.06 sys=0.00, real=0.01 secs] 
Heap after GC invocations=231 (full 0):
 par new generation   total 115200K, used 1479K [0x00000000f0000000, 0x00000000f7d00000, 0x00000000f7d00000)
  eden space 102400K,   0% used [0x00000000f0000000, 0x00000000f0000000, 0x00000000f6400000)
  from space 12800K,  11% used [0x00000000f7080000, 0x00000000f71f1ca0, 0x00000000f7d00000)
  to   space 12800K,   0% used [0x00000000f6400000, 0x00000000f6400000, 0x00000000f7080000)
 concurrent mark-sweep generation total 134144K, used 58916K [0x00000000f7d00000, 0x0000000100000000, 0x0000000100000000)
 Metaspace       used 53286K, capacity 56790K, committed 57088K, reserved 1099776K
  class space    used 6507K, capacity 7103K, committed 7168K, reserved 1048576K
}
{Heap before GC invocations=231 (full 0):
 par new generation   total 115200K, used 103879K [0x00000000f0000000, 0x00000000f7d00000, 0x00000000f7d00000)
  eden space 102400K, 100% used [0x00000000f0000000, 0x00000000f6400000, 0x00000000f6400000)
  from space 12800K,  11% used [0x00000000f7080000, 0x00000000f71f1ca0, 0x00000000f7d00000)
  to   space 12800K,   0% used [0x00000000f6400000, 0x00000000f6400000, 0x00000000f7080000)
 concurrent mark-sweep generation total 134144K, used 58916K [0x00000000f7d00000, 0x0000000100000000, 0x0000000100000000)
 Metaspace       used 53286K, capacity 56790K, committed 57088K, reserved 1099776K
  class space    used 6507K, capacity 7103K, committed 7168K, reserved 1048576K
2023-10-03T09:25:32.710+0800: 903.219: [GC (Allocation Failure) 2023-10-03T09:25:32.710+0800: 903.219: [ParNew: 103879K->1222K(115200K), 0.0061553 secs] 162795K->60139K(249344K), 0.0065351 secs] [Times: user=0.06 sys=0.00, real=0.01 secs] 
Heap after GC invocations=232 (full 0):
 par new generation   total 115200K, used 1222K [0x00000000f0000000, 0x00000000f7d00000, 0x00000000f7d00000)
  eden space 102400K,   0% used [0x00000000f0000000, 0x00000000f0000000, 0x00000000f6400000)
  from space 12800K,   9% used [0x00000000f6400000, 0x00000000f6531820, 0x00000000f7080000)
  to   space 12800K,   0% used [0x00000000f7080000, 0x00000000f7080000, 0x00000000f7d00000)
 concurrent mark-sweep generation total 134144K, used 58917K [0x00000000f7d00000, 0x0000000100000000, 0x0000000100000000)
 Metaspace       used 53286K, capacity 56790K, committed 57088K, reserved 1099776K
  class space    used 6507K, capacity 7103K, committed 7168K, reserved 1048576K
}
{Heap before GC invocations=232 (full 0):
 par new generation   total 115200K, used 103622K [0x00000000f0000000, 0x00000000f7d00000, 0x00000000f7d00000)
  eden space 102400K, 100% used [0x00000000f0000000, 0x00000000f6400000, 0x00000000f6400000)
  from space 12800K,   9% used [0x00000000f6400000, 0x00000000f6531820, 0x00000000f7080000)
  to   space 12800K,   0% used [0x00000000f7080000, 0x00000000f7080000, 0x00000000f7d00000)
 concurrent mark-sweep generation total 134144K, used 58917K [0x00000000f7d00000, 0x0000000100000000, 0x0000000100000000)
 Metaspace       used 53286K, capacity 56790K, committed 57088K, reserved 1099776K
  class space    used 6507K, capacity 7103K, committed 7168K, reserved 1048576K
2023-10-03T09:25:36.329+0800: 906.838: [GC (Allocation Failure) 2023-10-03T09:25:36.329+0800: 906.838: [ParNew: 103622K->1312K(115200K), 0.0056334 secs] 162539K->60231K(249344K), 0.0057994 secs] [Times: user=0.05 sys=0.00, real=0.01 secs] 
Heap after GC invocations=233 (full 0):
 par new generation   total 115200K, used 1312K [0x00000000f0000000, 0x00000000f7d00000, 0x00000000f7d00000)
  eden space 102400K,   0% used [0x00000000f0000000, 0x00000000f0000000, 0x00000000f6400000)
  from space 12800K,  10% used [0x00000000f7080000, 0x00000000f71c8380, 0x00000000f7d00000)
  to   space 12800K,   0% used [0x00000000f6400000, 0x00000000f6400000, 0x00000000f7080000)
 concurrent mark-sweep generation total 134144K, used 58919K [0x00000000f7d00000, 0x0000000100000000, 0x0000000100000000)
 Metaspace       used 53286K, capacity 56790K, committed 57088K, reserved 1099776K
  class space    used 6507K, capacity 7103K, committed 7168K, reserved 1048576K
}
{Heap before GC invocations=233 (full 0):
 par new generation   total 115200K, used 103712K [0x00000000f0000000, 0x00000000f7d00000, 0x00000000f7d00000)
  eden space 102400K, 100% used [0x00000000f0000000, 0x00000000f6400000, 0x00000000f6400000)
  from space 12800K,  10% used [0x00000000f7080000, 0x00000000f71c8380, 0x00000000f7d00000)
  to   space 12800K,   0% used [0x00000000f6400000, 0x00000000f6400000, 0x00000000f7080000)
 concurrent mark-sweep generation total 134144K, used 58919K [0x00000000f7d00000, 0x0000000100000000, 0x0000000100000000)
 Metaspace       used 53286K, capacity 56790K, committed 57088K, reserved 1099776K
  class space    used 6507K, capacity 7103K, committed 7168K, reserved 1048576K
2023-10-03T09:25:40.000+0800: 910.509: [GC (Allocation Failure) 2023-10-03T09:25:40.000+0800: 910.509: [ParNew: 103712K->1420K(115200K), 0.0054350 secs] 162631K->60339K(249344K), 0.0056301 secs] [Times: user=0.05 sys=0.01, real=0.01 secs] 
Heap after GC invocations=234 (full 0):
 par new generation   total 115200K, used 1420K [0x00000000f0000000, 0x00000000f7d00000, 0x00000000f7d00000)
  eden space 102400K,   0% used [0x00000000f0000000, 0x00000000f0000000, 0x00000000f6400000)
  from space 12800K,  11% used [0x00000000f6400000, 0x00000000f6563098, 0x00000000f7080000)
  to   space 12800K,   0% used [0x00000000f7080000, 0x00000000f7080000, 0x00000000f7d00000)
 concurrent mark-sweep generation total 134144K, used 58919K [0x00000000f7d00000, 0x0000000100000000, 0x0000000100000000)
 Metaspace       used 53286K, capacity 56790K, committed 57088K, reserved 1099776K
  class space    used 6507K, capacity 7103K, committed 7168K, reserved 1048576K
}
{Heap before GC invocations=234 (full 0):
 par new generation   total 115200K, used 103820K [0x00000000f0000000, 0x00000000f7d00000, 0x00000000f7d00000)
  eden space 102400K, 100% used [0x00000000f0000000, 0x00000000f6400000, 0x00000000f6400000)
  from space 12800K,  11% used [0x00000000f6400000, 0x00000000f6563098, 0x00000000f7080000)
  to   space 12800K,   0% used [0x00000000f7080000, 0x00000000f7080000, 0x00000000f7d00000)
 concurrent mark-sweep generation total 134144K, used 58919K [0x00000000f7d00000, 0x0000000100000000, 0x0000000100000000)
 Metaspace       used 53286K, capacity 56790K, committed 57088K, reserved 1099776K
  class space    used 6507K, capacity 7103K, committed 7168K, reserved 1048576K
2023-10-03T09:25:43.620+0800: 914.129: [GC (Allocation Failure) 2023-10-03T09:25:43.620+0800: 914.130: [ParNew: 103820K->1611K(115200K), 0.0057577 secs] 162739K->60530K(249344K), 0.0059351 secs] [Times: user=0.06 sys=0.00, real=0.01 secs] 
Heap after GC invocations=235 (full 0):
 par new generation   total 115200K, used 1611K [0x00000000f0000000, 0x00000000f7d00000, 0x00000000f7d00000)
  eden space 102400K,   0% used [0x00000000f0000000, 0x00000000f0000000, 0x00000000f6400000)
  from space 12800K,  12% used [0x00000000f7080000, 0x00000000f7212f00, 0x00000000f7d00000)
  to   space 12800K,   0% used [0x00000000f6400000, 0x00000000f6400000, 0x00000000f7080000)
 concurrent mark-sweep generation total 134144K, used 58919K [0x00000000f7d00000, 0x0000000100000000, 0x0000000100000000)
 Metaspace       used 53286K, capacity 56790K, committed 57088K, reserved 1099776K
  class space    used 6507K, capacity 7103K, committed 7168K, reserved 1048576K
}
{Heap before GC invocations=235 (full 0):
 par new generation   total 115200K, used 104011K [0x00000000f0000000, 0x00000000f7d00000, 0x00000000f7d00000)
  eden space 102400K, 100% used [0x00000000f0000000, 0x00000000f6400000, 0x00000000f6400000)
  from space 12800K,  12% used [0x00000000f7080000, 0x00000000f7212f00, 0x00000000f7d00000)
  to   space 12800K,   0% used [0x00000000f6400000, 0x00000000f6400000, 0x00000000f7080000)
 concurrent mark-sweep generation total 134144K, used 58919K [0x00000000f7d00000, 0x0000000100000000, 0x0000000100000000)
 Metaspace       used 53288K, capacity 56790K, committed 57088K, reserved 1099776K
  class space    used 6507K, capacity 7103K, committed 7168K, reserved 1048576K
2023-10-03T09:25:47.204+0800: 917.713: [GC (Allocation Failure) 2023-10-03T09:25:47.204+0800: 917.714: [ParNew: 104011K->1912K(115200K), 0.0067341 secs] 162930K->60831K(249344K), 0.0069881 secs] [Times: user=0.06 sys=0.00, real=0.00 secs] 
Heap after GC invocations=236 (full 0):
 par new generation   total 115200K, used 1912K [0x00000000f0000000, 0x00000000f7d00000, 0x00000000f7d00000)
  eden space 102400K,   0% used [0x00000000f0000000, 0x00000000f0000000, 0x00000000f6400000)
  from space 12800K,  14% used [0x00000000f6400000, 0x00000000f65de080, 0x00000000f7080000)
  to   space 12800K,   0% used [0x00000000f7080000, 0x00000000f7080000, 0x00000000f7d00000)
 concurrent mark-sweep generation total 134144K, used 58919K [0x00000000f7d00000, 0x0000000100000000, 0x0000000100000000)
 Metaspace       used 53288K, capacity 56790K, committed 57088K, reserved 1099776K
  class space    used 6507K, capacity 7103K, committed 7168K, reserved 1048576K
}
{Heap before GC invocations=236 (full 0):
 par new generation   total 115200K, used 104312K [0x00000000f0000000, 0x00000000f7d00000, 0x00000000f7d00000)
  eden space 102400K, 100% used [0x00000000f0000000, 0x00000000f6400000, 0x00000000f6400000)
  from space 12800K,  14% used [0x00000000f6400000, 0x00000000f65de080, 0x00000000f7080000)
  to   space 12800K,   0% used [0x00000000f7080000, 0x00000000f7080000, 0x00000000f7d00000)
 concurrent mark-sweep generation total 134144K, used 58919K [0x00000000f7d00000, 0x0000000100000000, 0x0000000100000000)
 Metaspace       used 53288K, capacity 56790K, committed 57088K, reserved 1099776K
  class space    used 6507K, capacity 7103K, committed 7168K, reserved 1048576K
2023-10-03T09:25:50.819+0800: 921.329: [GC (Allocation Failure) 2023-10-03T09:25:50.820+0800: 921.329: [ParNew: 104312K->1673K(115200K), 0.0066022 secs] 163231K->60594K(249344K), 0.0069131 secs] [Times: user=0.06 sys=0.00, real=0.01 secs] 
Heap after GC invocations=237 (full 0):
 par new generation   total 115200K, used 1673K [0x00000000f0000000, 0x00000000f7d00000, 0x00000000f7d00000)
  eden space 102400K,   0% used [0x00000000f0000000, 0x00000000f0000000, 0x00000000f6400000)
  from space 12800K,  13% used [0x00000000f7080000, 0x00000000f72224e0, 0x00000000f7d00000)
  to   space 12800K,   0% used [0x00000000f6400000, 0x00000000f6400000, 0x00000000f7080000)
 concurrent mark-sweep generation total 134144K, used 58921K [0x00000000f7d00000, 0x0000000100000000, 0x0000000100000000)
 Metaspace       used 53288K, capacity 56790K, committed 57088K, reserved 1099776K
  class space    used 6507K, capacity 7103K, committed 7168K, reserved 1048576K
}
{Heap before GC invocations=237 (full 0):
 par new generation   total 115200K, used 104073K [0x00000000f0000000, 0x00000000f7d00000, 0x00000000f7d00000)
  eden space 102400K, 100% used [0x00000000f0000000, 0x00000000f6400000, 0x00000000f6400000)
  from space 12800K,  13% used [0x00000000f7080000, 0x00000000f72224e0, 0x00000000f7d00000)
  to   space 12800K,   0% used [0x00000000f6400000, 0x00000000f6400000, 0x00000000f7080000)
 concurrent mark-sweep generation total 134144K, used 58921K [0x00000000f7d00000, 0x0000000100000000, 0x0000000100000000)
 Metaspace       used 53288K, capacity 56790K, committed 57088K, reserved 1099776K
  class space    used 6507K, capacity 7103K, committed 7168K, reserved 1048576K
2023-10-03T09:25:54.429+0800: 924.938: [GC (Allocation Failure) 2023-10-03T09:25:54.429+0800: 924.938: [ParNew: 104073K->1772K(115200K), 0.0065698 secs] 162994K->60693K(249344K), 0.0068289 secs] [Times: user=0.06 sys=0.00, real=0.01 secs] 
Heap after GC invocations=238 (full 0):
 par new generation   total 115200K, used 1772K [0x00000000f0000000, 0x00000000f7d00000, 0x00000000f7d00000)
  eden space 102400K,   0% used [0x00000000f0000000, 0x00000000f0000000, 0x00000000f6400000)
  from space 12800K,  13% used [0x00000000f6400000, 0x00000000f65bb0e8, 0x00000000f7080000)
  to   space 12800K,   0% used [0x00000000f7080000, 0x00000000f7080000, 0x00000000f7d00000)
 concurrent mark-sweep generation total 134144K, used 58921K [0x00000000f7d00000, 0x0000000100000000, 0x0000000100000000)
 Metaspace       used 53288K, capacity 56790K, committed 57088K, reserved 1099776K
  class space    used 6507K, capacity 7103K, committed 7168K, reserved 1048576K
}
{Heap before GC invocations=238 (full 0):
 par new generation   total 115200K, used 104172K [0x00000000f0000000, 0x00000000f7d00000, 0x00000000f7d00000)
  eden space 102400K, 100% used [0x00000000f0000000, 0x00000000f6400000, 0x00000000f6400000)
  from space 12800K,  13% used [0x00000000f6400000, 0x00000000f65bb0e8, 0x00000000f7080000)
  to   space 12800K,   0% used [0x00000000f7080000, 0x00000000f7080000, 0x00000000f7d00000)
 concurrent mark-sweep generation total 134144K, used 58921K [0x00000000f7d00000, 0x0000000100000000, 0x0000000100000000)
 Metaspace       used 53288K, capacity 56790K, committed 57088K, reserved 1099776K
  class space    used 6507K, capacity 7103K, committed 7168K, reserved 1048576K
2023-10-03T09:25:58.025+0800: 928.534: [GC (Allocation Failure) 2023-10-03T09:25:58.025+0800: 928.535: [ParNew: 104172K->1882K(115200K), 0.0065934 secs] 163093K->60804K(249344K), 0.0069435 secs] [Times: user=0.05 sys=0.02, real=0.01 secs] 
Heap after GC invocations=239 (full 0):
 par new generation   total 115200K, used 1882K [0x00000000f0000000, 0x00000000f7d00000, 0x00000000f7d00000)
  eden space 102400K,   0% used [0x00000000f0000000, 0x00000000f0000000, 0x00000000f6400000)
  from space 12800K,  14% used [0x00000000f7080000, 0x00000000f7256b80, 0x00000000f7d00000)
  to   space 12800K,   0% used [0x00000000f6400000, 0x00000000f6400000, 0x00000000f7080000)
 concurrent mark-sweep generation total 134144K, used 58921K [0x00000000f7d00000, 0x0000000100000000, 0x0000000100000000)
 Metaspace       used 53288K, capacity 56790K, committed 57088K, reserved 1099776K
  class space    used 6507K, capacity 7103K, committed 7168K, reserved 1048576K
}
{Heap before GC invocations=239 (full 0):
 par new generation   total 115200K, used 104282K [0x00000000f0000000, 0x00000000f7d00000, 0x00000000f7d00000)
  eden space 102400K, 100% used [0x00000000f0000000, 0x00000000f6400000, 0x00000000f6400000)
  from space 12800K,  14% used [0x00000000f7080000, 0x00000000f7256b80, 0x00000000f7d00000)
  to   space 12800K,   0% used [0x00000000f6400000, 0x00000000f6400000, 0x00000000f7080000)
 concurrent mark-sweep generation total 134144K, used 58921K [0x00000000f7d00000, 0x0000000100000000, 0x0000000100000000)
 Metaspace       used 53289K, capacity 56790K, committed 57088K, reserved 1099776K
  class space    used 6507K, capacity 7103K, committed 7168K, reserved 1048576K
2023-10-03T09:26:01.606+0800: 932.115: [GC (Allocation Failure) 2023-10-03T09:26:01.606+0800: 932.115: [ParNew: 104282K->1653K(115200K), 0.0066850 secs] 163204K->60666K(249344K), 0.0069449 secs] [Times: user=0.06 sys=0.00, real=0.01 secs] 
Heap after GC invocations=240 (full 0):
 par new generation   total 115200K, used 1653K [0x00000000f0000000, 0x00000000f7d00000, 0x00000000f7d00000)
  eden space 102400K,   0% used [0x00000000f0000000, 0x00000000f0000000, 0x00000000f6400000)
  from space 12800K,  12% used [0x00000000f6400000, 0x00000000f659d540, 0x00000000f7080000)
  to   space 12800K,   0% used [0x00000000f7080000, 0x00000000f7080000, 0x00000000f7d00000)
 concurrent mark-sweep generation total 134144K, used 59012K [0x00000000f7d00000, 0x0000000100000000, 0x0000000100000000)
 Metaspace       used 53289K, capacity 56790K, committed 57088K, reserved 1099776K
  class space    used 6507K, capacity 7103K, committed 7168K, reserved 1048576K
}
{Heap before GC invocations=240 (full 0):
 par new generation   total 115200K, used 104053K [0x00000000f0000000, 0x00000000f7d00000, 0x00000000f7d00000)
  eden space 102400K, 100% used [0x00000000f0000000, 0x00000000f6400000, 0x00000000f6400000)
  from space 12800K,  12% used [0x00000000f6400000, 0x00000000f659d540, 0x00000000f7080000)
  to   space 12800K,   0% used [0x00000000f7080000, 0x00000000f7080000, 0x00000000f7d00000)
 concurrent mark-sweep generation total 134144K, used 59012K [0x00000000f7d00000, 0x0000000100000000, 0x0000000100000000)
 Metaspace       used 53289K, capacity 56790K, committed 57088K, reserved 1099776K
  class space    used 6507K, capacity 7103K, committed 7168K, reserved 1048576K
2023-10-03T09:26:05.335+0800: 935.844: [GC (Allocation Failure) 2023-10-03T09:26:05.336+0800: 935.845: [ParNew: 104053K->1681K(115200K), 0.0192249 secs] 163066K->60695K(249344K), 0.0194735 secs] [Times: user=0.05 sys=0.00, real=0.02 secs] 
Heap after GC invocations=241 (full 0):
 par new generation   total 115200K, used 1681K [0x00000000f0000000, 0x00000000f7d00000, 0x00000000f7d00000)
  eden space 102400K,   0% used [0x00000000f0000000, 0x00000000f0000000, 0x00000000f6400000)
  from space 12800K,  13% used [0x00000000f7080000, 0x00000000f7224618, 0x00000000f7d00000)
  to   space 12800K,   0% used [0x00000000f6400000, 0x00000000f6400000, 0x00000000f7080000)
 concurrent mark-sweep generation total 134144K, used 59013K [0x00000000f7d00000, 0x0000000100000000, 0x0000000100000000)
 Metaspace       used 53289K, capacity 56790K, committed 57088K, reserved 1099776K
  class space    used 6507K, capacity 7103K, committed 7168K, reserved 1048576K
}
{Heap before GC invocations=241 (full 0):
 par new generation   total 115200K, used 104081K [0x00000000f0000000, 0x00000000f7d00000, 0x00000000f7d00000)
  eden space 102400K, 100% used [0x00000000f0000000, 0x00000000f6400000, 0x00000000f6400000)
  from space 12800K,  13% used [0x00000000f7080000, 0x00000000f7224618, 0x00000000f7d00000)
  to   space 12800K,   0% used [0x00000000f6400000, 0x00000000f6400000, 0x00000000f7080000)
 concurrent mark-sweep generation total 134144K, used 59013K [0x00000000f7d00000, 0x0000000100000000, 0x0000000100000000)
 Metaspace       used 53289K, capacity 56790K, committed 57088K, reserved 1099776K
  class space    used 6507K, capacity 7103K, committed 7168K, reserved 1048576K
2023-10-03T09:26:08.935+0800: 939.444: [GC (Allocation Failure) 2023-10-03T09:26:08.935+0800: 939.444: [ParNew: 104081K->1978K(115200K), 0.0070892 secs] 163095K->60993K(249344K), 0.0073353 secs] [Times: user=0.06 sys=0.00, real=0.00 secs] 
Heap after GC invocations=242 (full 0):
 par new generation   total 115200K, used 1978K [0x00000000f0000000, 0x00000000f7d00000, 0x00000000f7d00000)
  eden space 102400K,   0% used [0x00000000f0000000, 0x00000000f0000000, 0x00000000f6400000)
  from space 12800K,  15% used [0x00000000f6400000, 0x00000000f65eeaf0, 0x00000000f7080000)
  to   space 12800K,   0% used [0x00000000f7080000, 0x00000000f7080000, 0x00000000f7d00000)
 concurrent mark-sweep generation total 134144K, used 59014K [0x00000000f7d00000, 0x0000000100000000, 0x0000000100000000)
 Metaspace       used 53289K, capacity 56790K, committed 57088K, reserved 1099776K
  class space    used 6507K, capacity 7103K, committed 7168K, reserved 1048576K
}
{Heap before GC invocations=242 (full 0):
 par new generation   total 115200K, used 104378K [0x00000000f0000000, 0x00000000f7d00000, 0x00000000f7d00000)
  eden space 102400K, 100% used [0x00000000f0000000, 0x00000000f6400000, 0x00000000f6400000)
  from space 12800K,  15% used [0x00000000f6400000, 0x00000000f65eeaf0, 0x00000000f7080000)
  to   space 12800K,   0% used [0x00000000f7080000, 0x00000000f7080000, 0x00000000f7d00000)
 concurrent mark-sweep generation total 134144K, used 59014K [0x00000000f7d00000, 0x0000000100000000, 0x0000000100000000)
 Metaspace       used 53289K, capacity 56790K, committed 57088K, reserved 1099776K
  class space    used 6507K, capacity 7103K, committed 7168K, reserved 1048576K
2023-10-03T09:26:12.540+0800: 943.049: [GC (Allocation Failure) 2023-10-03T09:26:12.540+0800: 943.049: [ParNew: 104378K->1324K(115200K), 0.0066049 secs] 163393K->60339K(249344K), 0.0068645 secs] [Times: user=0.06 sys=0.00, real=0.01 secs] 
Heap after GC invocations=243 (full 0):
 par new generation   total 115200K, used 1324K [0x00000000f0000000, 0x00000000f7d00000, 0x00000000f7d00000)
  eden space 102400K,   0% used [0x00000000f0000000, 0x00000000f0000000, 0x00000000f6400000)
  from space 12800K,  10% used [0x00000000f7080000, 0x00000000f71cb0d8, 0x00000000f7d00000)
  to   space 12800K,   0% used [0x00000000f6400000, 0x00000000f6400000, 0x00000000f7080000)
 concurrent mark-sweep generation total 134144K, used 59014K [0x00000000f7d00000, 0x0000000100000000, 0x0000000100000000)
 Metaspace       used 53289K, capacity 56790K, committed 57088K, reserved 1099776K
  class space    used 6507K, capacity 7103K, committed 7168K, reserved 1048576K
}
{Heap before GC invocations=243 (full 0):
 par new generation   total 115200K, used 103724K [0x00000000f0000000, 0x00000000f7d00000, 0x00000000f7d00000)
  eden space 102400K, 100% used [0x00000000f0000000, 0x00000000f6400000, 0x00000000f6400000)
  from space 12800K,  10% used [0x00000000f7080000, 0x00000000f71cb0d8, 0x00000000f7d00000)
  to   space 12800K,   0% used [0x00000000f6400000, 0x00000000f6400000, 0x00000000f7080000)
 concurrent mark-sweep generation total 134144K, used 59014K [0x00000000f7d00000, 0x0000000100000000, 0x0000000100000000)
 Metaspace       used 53291K, capacity 56790K, committed 57088K, reserved 1099776K
  class space    used 6507K, capacity 7103K, committed 7168K, reserved 1048576K
2023-10-03T09:26:16.107+0800: 946.616: [GC (Allocation Failure) 2023-10-03T09:26:16.107+0800: 946.616: [ParNew: 103724K->1901K(115200K), 0.0067366 secs] 162739K->60919K(249344K), 0.0070180 secs] [Times: user=0.06 sys=0.00, real=0.01 secs] 
Heap after GC invocations=244 (full 0):
 par new generation   total 115200K, used 1901K [0x00000000f0000000, 0x00000000f7d00000, 0x00000000f7d00000)
  eden space 102400K,   0% used [0x00000000f0000000, 0x00000000f0000000, 0x00000000f6400000)
  from space 12800K,  14% used [0x00000000f6400000, 0x00000000f65db428, 0x00000000f7080000)
  to   space 12800K,   0% used [0x00000000f7080000, 0x00000000f7080000, 0x00000000f7d00000)
 concurrent mark-sweep generation total 134144K, used 59018K [0x00000000f7d00000, 0x0000000100000000, 0x0000000100000000)
 Metaspace       used 53291K, capacity 56790K, committed 57088K, reserved 1099776K
  class space    used 6507K, capacity 7103K, committed 7168K, reserved 1048576K
}
{Heap before GC invocations=244 (full 0):
 par new generation   total 115200K, used 104301K [0x00000000f0000000, 0x00000000f7d00000, 0x00000000f7d00000)
  eden space 102400K, 100% used [0x00000000f0000000, 0x00000000f6400000, 0x00000000f6400000)
  from space 12800K,  14% used [0x00000000f6400000, 0x00000000f65db428, 0x00000000f7080000)
  to   space 12800K,   0% used [0x00000000f7080000, 0x00000000f7080000, 0x00000000f7d00000)
 concurrent mark-sweep generation total 134144K, used 59018K [0x00000000f7d00000, 0x0000000100000000, 0x0000000100000000)
 Metaspace       used 53291K, capacity 56790K, committed 57088K, reserved 1099776K
  class space    used 6507K, capacity 7103K, committed 7168K, reserved 1048576K
2023-10-03T09:26:19.710+0800: 950.219: [GC (Allocation Failure) 2023-10-03T09:26:19.710+0800: 950.219: [ParNew: 104301K->1404K(115200K), 0.0066777 secs] 163319K->60429K(249344K), 0.0069415 secs] [Times: user=0.05 sys=0.00, real=0.01 secs] 
Heap after GC invocations=245 (full 0):
 par new generation   total 115200K, used 1404K [0x00000000f0000000, 0x00000000f7d00000, 0x00000000f7d00000)
  eden space 102400K,   0% used [0x00000000f0000000, 0x00000000f0000000, 0x00000000f6400000)
  from space 12800K,  10% used [0x00000000f7080000, 0x00000000f71df2d0, 0x00000000f7d00000)
  to   space 12800K,   0% used [0x00000000f6400000, 0x00000000f6400000, 0x00000000f7080000)
 concurrent mark-sweep generation total 134144K, used 59024K [0x00000000f7d00000, 0x0000000100000000, 0x0000000100000000)
 Metaspace       used 53291K, capacity 56790K, committed 57088K, reserved 1099776K
  class space    used 6507K, capacity 7103K, committed 7168K, reserved 1048576K
}
{Heap before GC invocations=245 (full 0):
 par new generation   total 115200K, used 103804K [0x00000000f0000000, 0x00000000f7d00000, 0x00000000f7d00000)
  eden space 102400K, 100% used [0x00000000f0000000, 0x00000000f6400000, 0x00000000f6400000)
  from space 12800K,  10% used [0x00000000f7080000, 0x00000000f71df2d0, 0x00000000f7d00000)
  to   space 12800K,   0% used [0x00000000f6400000, 0x00000000f6400000, 0x00000000f7080000)
 concurrent mark-sweep generation total 134144K, used 59024K [0x00000000f7d00000, 0x0000000100000000, 0x0000000100000000)
 Metaspace       used 53291K, capacity 56790K, committed 57088K, reserved 1099776K
  class space    used 6507K, capacity 7103K, committed 7168K, reserved 1048576K
2023-10-03T09:26:23.332+0800: 953.841: [GC (Allocation Failure) 2023-10-03T09:26:23.332+0800: 953.841: [ParNew: 103804K->1486K(115200K), 0.0067614 secs] 162829K->60511K(249344K), 0.0070101 secs] [Times: user=0.05 sys=0.01, real=0.00 secs] 
Heap after GC invocations=246 (full 0):
 par new generation   total 115200K, used 1486K [0x00000000f0000000, 0x00000000f7d00000, 0x00000000f7d00000)
  eden space 102400K,   0% used [0x00000000f0000000, 0x00000000f0000000, 0x00000000f6400000)
  from space 12800K,  11% used [0x00000000f6400000, 0x00000000f6573838, 0x00000000f7080000)
  to   space 12800K,   0% used [0x00000000f7080000, 0x00000000f7080000, 0x00000000f7d00000)
 concurrent mark-sweep generation total 134144K, used 59025K [0x00000000f7d00000, 0x0000000100000000, 0x0000000100000000)
 Metaspace       used 53291K, capacity 56790K, committed 57088K, reserved 1099776K
  class space    used 6507K, capacity 7103K, committed 7168K, reserved 1048576K
}
{Heap before GC invocations=246 (full 0):
 par new generation   total 115200K, used 103886K [0x00000000f0000000, 0x00000000f7d00000, 0x00000000f7d00000)
  eden space 102400K, 100% used [0x00000000f0000000, 0x00000000f6400000, 0x00000000f6400000)
  from space 12800K,  11% used [0x00000000f6400000, 0x00000000f6573838, 0x00000000f7080000)
  to   space 12800K,   0% used [0x00000000f7080000, 0x00000000f7080000, 0x00000000f7d00000)
 concurrent mark-sweep generation total 134144K, used 59025K [0x00000000f7d00000, 0x0000000100000000, 0x0000000100000000)
 Metaspace       used 53291K, capacity 56790K, committed 57088K, reserved 1099776K
  class space    used 6507K, capacity 7103K, committed 7168K, reserved 1048576K
2023-10-03T09:26:27.070+0800: 957.579: [GC (Allocation Failure) 2023-10-03T09:26:27.070+0800: 957.579: [ParNew: 103886K->1610K(115200K), 0.0056153 secs] 162911K->60635K(249344K), 0.0057809 secs] [Times: user=0.05 sys=0.01, real=0.01 secs] 
Heap after GC invocations=247 (full 0):
 par new generation   total 115200K, used 1610K [0x00000000f0000000, 0x00000000f7d00000, 0x00000000f7d00000)
  eden space 102400K,   0% used [0x00000000f0000000, 0x00000000f0000000, 0x00000000f6400000)
  from space 12800K,  12% used [0x00000000f7080000, 0x00000000f72128a0, 0x00000000f7d00000)
  to   space 12800K,   0% used [0x00000000f6400000, 0x00000000f6400000, 0x00000000f7080000)
 concurrent mark-sweep generation total 134144K, used 59025K [0x00000000f7d00000, 0x0000000100000000, 0x0000000100000000)
 Metaspace       used 53291K, capacity 56790K, committed 57088K, reserved 1099776K
  class space    used 6507K, capacity 7103K, committed 7168K, reserved 1048576K
}
{Heap before GC invocations=247 (full 0):
 par new generation   total 115200K, used 104010K [0x00000000f0000000, 0x00000000f7d00000, 0x00000000f7d00000)
  eden space 102400K, 100% used [0x00000000f0000000, 0x00000000f6400000, 0x00000000f6400000)
  from space 12800K,  12% used [0x00000000f7080000, 0x00000000f72128a0, 0x00000000f7d00000)
  to   space 12800K,   0% used [0x00000000f6400000, 0x00000000f6400000, 0x00000000f7080000)
 concurrent mark-sweep generation total 134144K, used 59025K [0x00000000f7d00000, 0x0000000100000000, 0x0000000100000000)
 Metaspace       used 53295K, capacity 56790K, committed 57088K, reserved 1099776K
  class space    used 6507K, capacity 7103K, committed 7168K, reserved 1048576K
2023-10-03T09:26:30.623+0800: 961.132: [GC (Allocation Failure) 2023-10-03T09:26:30.623+0800: 961.132: [ParNew: 104010K->1311K(115200K), 0.0060755 secs] 163035K->60336K(249344K), 0.0064517 secs] [Times: user=0.05 sys=0.00, real=0.00 secs] 
Heap after GC invocations=248 (full 0):
 par new generation   total 115200K, used 1311K [0x00000000f0000000, 0x00000000f7d00000, 0x00000000f7d00000)
  eden space 102400K,   0% used [0x00000000f0000000, 0x00000000f0000000, 0x00000000f6400000)
  from space 12800K,  10% used [0x00000000f6400000, 0x00000000f6547cc0, 0x00000000f7080000)
  to   space 12800K,   0% used [0x00000000f7080000, 0x00000000f7080000, 0x00000000f7d00000)
 concurrent mark-sweep generation total 134144K, used 59025K [0x00000000f7d00000, 0x0000000100000000, 0x0000000100000000)
 Metaspace       used 53295K, capacity 56790K, committed 57088K, reserved 1099776K
  class space    used 6507K, capacity 7103K, committed 7168K, reserved 1048576K
}
{Heap before GC invocations=248 (full 0):
 par new generation   total 115200K, used 103711K [0x00000000f0000000, 0x00000000f7d00000, 0x00000000f7d00000)
  eden space 102400K, 100% used [0x00000000f0000000, 0x00000000f6400000, 0x00000000f6400000)
  from space 12800K,  10% used [0x00000000f6400000, 0x00000000f6547cc0, 0x00000000f7080000)
  to   space 12800K,   0% used [0x00000000f7080000, 0x00000000f7080000, 0x00000000f7d00000)
 concurrent mark-sweep generation total 134144K, used 59025K [0x00000000f7d00000, 0x0000000100000000, 0x0000000100000000)
 Metaspace       used 53305K, capacity 56790K, committed 57088K, reserved 1099776K
  class space    used 6507K, capacity 7103K, committed 7168K, reserved 1048576K
2023-10-03T09:26:34.217+0800: 964.726: [GC (Allocation Failure) 2023-10-03T09:26:34.217+0800: 964.727: [ParNew: 103711K->1344K(115200K), 0.0063306 secs] 162736K->60371K(249344K), 0.0065835 secs] [Times: user=0.05 sys=0.00, real=0.01 secs] 
Heap after GC invocations=249 (full 0):
 par new generation   total 115200K, used 1344K [0x00000000f0000000, 0x00000000f7d00000, 0x00000000f7d00000)
  eden space 102400K,   0% used [0x00000000f0000000, 0x00000000f0000000, 0x00000000f6400000)
  from space 12800K,  10% used [0x00000000f7080000, 0x00000000f71d0240, 0x00000000f7d00000)
  to   space 12800K,   0% used [0x00000000f6400000, 0x00000000f6400000, 0x00000000f7080000)
 concurrent mark-sweep generation total 134144K, used 59026K [0x00000000f7d00000, 0x0000000100000000, 0x0000000100000000)
 Metaspace       used 53305K, capacity 56790K, committed 57088K, reserved 1099776K
  class space    used 6507K, capacity 7103K, committed 7168K, reserved 1048576K
}
{Heap before GC invocations=249 (full 0):
 par new generation   total 115200K, used 103744K [0x00000000f0000000, 0x00000000f7d00000, 0x00000000f7d00000)
  eden space 102400K, 100% used [0x00000000f0000000, 0x00000000f6400000, 0x00000000f6400000)
  from space 12800K,  10% used [0x00000000f7080000, 0x00000000f71d0240, 0x00000000f7d00000)
  to   space 12800K,   0% used [0x00000000f6400000, 0x00000000f6400000, 0x00000000f7080000)
 concurrent mark-sweep generation total 134144K, used 59026K [0x00000000f7d00000, 0x0000000100000000, 0x0000000100000000)
 Metaspace       used 53305K, capacity 56790K, committed 57088K, reserved 1099776K
  class space    used 6507K, capacity 7103K, committed 7168K, reserved 1048576K
2023-10-03T09:26:37.826+0800: 968.336: [GC (Allocation Failure) 2023-10-03T09:26:37.826+0800: 968.336: [ParNew: 103744K->1330K(115200K), 0.0061135 secs] 162771K->60362K(249344K), 0.0063437 secs] [Times: user=0.05 sys=0.00, real=0.01 secs] 
Heap after GC invocations=250 (full 0):
 par new generation   total 115200K, used 1330K [0x00000000f0000000, 0x00000000f7d00000, 0x00000000f7d00000)
  eden space 102400K,   0% used [0x00000000f0000000, 0x00000000f0000000, 0x00000000f6400000)
  from space 12800K,  10% used [0x00000000f6400000, 0x00000000f654c8e0, 0x00000000f7080000)
  to   space 12800K,   0% used [0x00000000f7080000, 0x00000000f7080000, 0x00000000f7d00000)
 concurrent mark-sweep generation total 134144K, used 59031K [0x00000000f7d00000, 0x0000000100000000, 0x0000000100000000)
 Metaspace       used 53305K, capacity 56790K, committed 57088K, reserved 1099776K
  class space    used 6507K, capacity 7103K, committed 7168K, reserved 1048576K
}
{Heap before GC invocations=250 (full 0):
 par new generation   total 115200K, used 103730K [0x00000000f0000000, 0x00000000f7d00000, 0x00000000f7d00000)
  eden space 102400K, 100% used [0x00000000f0000000, 0x00000000f6400000, 0x00000000f6400000)
  from space 12800K,  10% used [0x00000000f6400000, 0x00000000f654c8e0, 0x00000000f7080000)
  to   space 12800K,   0% used [0x00000000f7080000, 0x00000000f7080000, 0x00000000f7d00000)
 concurrent mark-sweep generation total 134144K, used 59031K [0x00000000f7d00000, 0x0000000100000000, 0x0000000100000000)
 Metaspace       used 53305K, capacity 56790K, committed 57088K, reserved 1099776K
  class space    used 6507K, capacity 7103K, committed 7168K, reserved 1048576K
2023-10-03T09:26:41.431+0800: 971.941: [GC (Allocation Failure) 2023-10-03T09:26:41.432+0800: 971.941: [ParNew: 103730K->1447K(115200K), 0.0061399 secs] 162762K->60483K(249344K), 0.0063993 secs] [Times: user=0.06 sys=0.00, real=0.01 secs] 
Heap after GC invocations=251 (full 0):
 par new generation   total 115200K, used 1447K [0x00000000f0000000, 0x00000000f7d00000, 0x00000000f7d00000)
  eden space 102400K,   0% used [0x00000000f0000000, 0x00000000f0000000, 0x00000000f6400000)
  from space 12800K,  11% used [0x00000000f7080000, 0x00000000f71e9f18, 0x00000000f7d00000)
  to   space 12800K,   0% used [0x00000000f6400000, 0x00000000f6400000, 0x00000000f7080000)
 concurrent mark-sweep generation total 134144K, used 59035K [0x00000000f7d00000, 0x0000000100000000, 0x0000000100000000)
 Metaspace       used 53305K, capacity 56790K, committed 57088K, reserved 1099776K
  class space    used 6507K, capacity 7103K, committed 7168K, reserved 1048576K
}
{Heap before GC invocations=251 (full 0):
 par new generation   total 115200K, used 103847K [0x00000000f0000000, 0x00000000f7d00000, 0x00000000f7d00000)
  eden space 102400K, 100% used [0x00000000f0000000, 0x00000000f6400000, 0x00000000f6400000)
  from space 12800K,  11% used [0x00000000f7080000, 0x00000000f71e9f18, 0x00000000f7d00000)
  to   space 12800K,   0% used [0x00000000f6400000, 0x00000000f6400000, 0x00000000f7080000)
 concurrent mark-sweep generation total 134144K, used 59035K [0x00000000f7d00000, 0x0000000100000000, 0x0000000100000000)
 Metaspace       used 53311K, capacity 56798K, committed 57088K, reserved 1099776K
  class space    used 6507K, capacity 7103K, committed 7168K, reserved 1048576K
2023-10-03T09:26:45.009+0800: 975.519: [GC (Allocation Failure) 2023-10-03T09:26:45.010+0800: 975.519: [ParNew: 103847K->1545K(115200K), 0.0061494 secs] 162883K->60582K(249344K), 0.0063836 secs] [Times: user=0.05 sys=0.00, real=0.01 secs] 
Heap after GC invocations=252 (full 0):
 par new generation   total 115200K, used 1545K [0x00000000f0000000, 0x00000000f7d00000, 0x00000000f7d00000)
  eden space 102400K,   0% used [0x00000000f0000000, 0x00000000f0000000, 0x00000000f6400000)
  from space 12800K,  12% used [0x00000000f6400000, 0x00000000f6582570, 0x00000000f7080000)
  to   space 12800K,   0% used [0x00000000f7080000, 0x00000000f7080000, 0x00000000f7d00000)
 concurrent mark-sweep generation total 134144K, used 59037K [0x00000000f7d00000, 0x0000000100000000, 0x0000000100000000)
 Metaspace       used 53311K, capacity 56798K, committed 57088K, reserved 1099776K
  class space    used 6507K, capacity 7103K, committed 7168K, reserved 1048576K
}
{Heap before GC invocations=252 (full 0):
 par new generation   total 115200K, used 103945K [0x00000000f0000000, 0x00000000f7d00000, 0x00000000f7d00000)
  eden space 102400K, 100% used [0x00000000f0000000, 0x00000000f6400000, 0x00000000f6400000)
  from space 12800K,  12% used [0x00000000f6400000, 0x00000000f6582570, 0x00000000f7080000)
  to   space 12800K,   0% used [0x00000000f7080000, 0x00000000f7080000, 0x00000000f7d00000)
 concurrent mark-sweep generation total 134144K, used 59037K [0x00000000f7d00000, 0x0000000100000000, 0x0000000100000000)
 Metaspace       used 53311K, capacity 56798K, committed 57088K, reserved 1099776K
  class space    used 6507K, capacity 7103K, committed 7168K, reserved 1048576K
2023-10-03T09:26:48.717+0800: 979.226: [GC (Allocation Failure) 2023-10-03T09:26:48.717+0800: 979.226: [ParNew: 103945K->1450K(115200K), 0.0058941 secs] 162982K->60487K(249344K), 0.0060682 secs] [Times: user=0.05 sys=0.00, real=0.01 secs] 
Heap after GC invocations=253 (full 0):
 par new generation   total 115200K, used 1450K [0x00000000f0000000, 0x00000000f7d00000, 0x00000000f7d00000)
  eden space 102400K,   0% used [0x00000000f0000000, 0x00000000f0000000, 0x00000000f6400000)
  from space 12800K,  11% used [0x00000000f7080000, 0x00000000f71ea8d8, 0x00000000f7d00000)
  to   space 12800K,   0% used [0x00000000f6400000, 0x00000000f6400000, 0x00000000f7080000)
 concurrent mark-sweep generation total 134144K, used 59037K [0x00000000f7d00000, 0x0000000100000000, 0x0000000100000000)
 Metaspace       used 53311K, capacity 56798K, committed 57088K, reserved 1099776K
  class space    used 6507K, capacity 7103K, committed 7168K, reserved 1048576K
}
{Heap before GC invocations=253 (full 0):
 par new generation   total 115200K, used 103850K [0x00000000f0000000, 0x00000000f7d00000, 0x00000000f7d00000)
  eden space 102400K, 100% used [0x00000000f0000000, 0x00000000f6400000, 0x00000000f6400000)
  from space 12800K,  11% used [0x00000000f7080000, 0x00000000f71ea8d8, 0x00000000f7d00000)
  to   space 12800K,   0% used [0x00000000f6400000, 0x00000000f6400000, 0x00000000f7080000)
 concurrent mark-sweep generation total 134144K, used 59037K [0x00000000f7d00000, 0x0000000100000000, 0x0000000100000000)
 Metaspace       used 53311K, capacity 56798K, committed 57088K, reserved 1099776K
  class space    used 6507K, capacity 7103K, committed 7168K, reserved 1048576K
2023-10-03T09:26:52.345+0800: 982.854: [GC (Allocation Failure) 2023-10-03T09:26:52.345+0800: 982.854: [ParNew: 103850K->1566K(115200K), 0.0062935 secs] 162887K->60604K(249344K), 0.0065764 secs] [Times: user=0.06 sys=0.01, real=0.00 secs] 
Heap after GC invocations=254 (full 0):
 par new generation   total 115200K, used 1566K [0x00000000f0000000, 0x00000000f7d00000, 0x00000000f7d00000)
  eden space 102400K,   0% used [0x00000000f0000000, 0x00000000f0000000, 0x00000000f6400000)
  from space 12800K,  12% used [0x00000000f6400000, 0x00000000f6587970, 0x00000000f7080000)
  to   space 12800K,   0% used [0x00000000f7080000, 0x00000000f7080000, 0x00000000f7d00000)
 concurrent mark-sweep generation total 134144K, used 59038K [0x00000000f7d00000, 0x0000000100000000, 0x0000000100000000)
 Metaspace       used 53311K, capacity 56798K, committed 57088K, reserved 1099776K
  class space    used 6507K, capacity 7103K, committed 7168K, reserved 1048576K
}
{Heap before GC invocations=254 (full 0):
 par new generation   total 115200K, used 103966K [0x00000000f0000000, 0x00000000f7d00000, 0x00000000f7d00000)
  eden space 102400K, 100% used [0x00000000f0000000, 0x00000000f6400000, 0x00000000f6400000)
  from space 12800K,  12% used [0x00000000f6400000, 0x00000000f6587970, 0x00000000f7080000)
  to   space 12800K,   0% used [0x00000000f7080000, 0x00000000f7080000, 0x00000000f7d00000)
 concurrent mark-sweep generation total 134144K, used 59038K [0x00000000f7d00000, 0x0000000100000000, 0x0000000100000000)
 Metaspace       used 53311K, capacity 56798K, committed 57088K, reserved 1099776K
  class space    used 6507K, capacity 7103K, committed 7168K, reserved 1048576K
2023-10-03T09:26:55.961+0800: 986.470: [GC (Allocation Failure) 2023-10-03T09:26:55.961+0800: 986.470: [ParNew: 103966K->1243K(115200K), 0.0057480 secs] 163004K->60285K(249344K), 0.0059082 secs] [Times: user=0.06 sys=0.00, real=0.01 secs] 
Heap after GC invocations=255 (full 0):
 par new generation   total 115200K, used 1243K [0x00000000f0000000, 0x00000000f7d00000, 0x00000000f7d00000)
  eden space 102400K,   0% used [0x00000000f0000000, 0x00000000f0000000, 0x00000000f6400000)
  from space 12800K,   9% used [0x00000000f7080000, 0x00000000f71b6d08, 0x00000000f7d00000)
  to   space 12800K,   0% used [0x00000000f6400000, 0x00000000f6400000, 0x00000000f7080000)
 concurrent mark-sweep generation total 134144K, used 59042K [0x00000000f7d00000, 0x0000000100000000, 0x0000000100000000)
 Metaspace       used 53311K, capacity 56798K, committed 57088K, reserved 1099776K
  class space    used 6507K, capacity 7103K, committed 7168K, reserved 1048576K
}
{Heap before GC invocations=255 (full 0):
 par new generation   total 115200K, used 103643K [0x00000000f0000000, 0x00000000f7d00000, 0x00000000f7d00000)
  eden space 102400K, 100% used [0x00000000f0000000, 0x00000000f6400000, 0x00000000f6400000)
  from space 12800K,   9% used [0x00000000f7080000, 0x00000000f71b6d08, 0x00000000f7d00000)
  to   space 12800K,   0% used [0x00000000f6400000, 0x00000000f6400000, 0x00000000f7080000)
 concurrent mark-sweep generation total 134144K, used 59042K [0x00000000f7d00000, 0x0000000100000000, 0x0000000100000000)
 Metaspace       used 53312K, capacity 56798K, committed 57088K, reserved 1099776K
  class space    used 6507K, capacity 7103K, committed 7168K, reserved 1048576K
2023-10-03T09:26:59.539+0800: 990.048: [GC (Allocation Failure) 2023-10-03T09:26:59.539+0800: 990.049: [ParNew: 103643K->1547K(115200K), 0.0061139 secs] 162685K->60589K(249344K), 0.0063680 secs] [Times: user=0.05 sys=0.01, real=0.01 secs] 
Heap after GC invocations=256 (full 0):
 par new generation   total 115200K, used 1547K [0x00000000f0000000, 0x00000000f7d00000, 0x00000000f7d00000)
  eden space 102400K,   0% used [0x00000000f0000000, 0x00000000f0000000, 0x00000000f6400000)
  from space 12800K,  12% used [0x00000000f6400000, 0x00000000f6582ce0, 0x00000000f7080000)
  to   space 12800K,   0% used [0x00000000f7080000, 0x00000000f7080000, 0x00000000f7d00000)
 concurrent mark-sweep generation total 134144K, used 59042K [0x00000000f7d00000, 0x0000000100000000, 0x0000000100000000)
 Metaspace       used 53312K, capacity 56798K, committed 57088K, reserved 1099776K
  class space    used 6507K, capacity 7103K, committed 7168K, reserved 1048576K
}
{Heap before GC invocations=256 (full 0):
 par new generation   total 115200K, used 103947K [0x00000000f0000000, 0x00000000f7d00000, 0x00000000f7d00000)
  eden space 102400K, 100% used [0x00000000f0000000, 0x00000000f6400000, 0x00000000f6400000)
  from space 12800K,  12% used [0x00000000f6400000, 0x00000000f6582ce0, 0x00000000f7080000)
  to   space 12800K,   0% used [0x00000000f7080000, 0x00000000f7080000, 0x00000000f7d00000)
 concurrent mark-sweep generation total 134144K, used 59042K [0x00000000f7d00000, 0x0000000100000000, 0x0000000100000000)
 Metaspace       used 53313K, capacity 56798K, committed 57088K, reserved 1099776K
  class space    used 6507K, capacity 7103K, committed 7168K, reserved 1048576K
2023-10-03T09:27:03.123+0800: 993.632: [GC (Allocation Failure) 2023-10-03T09:27:03.123+0800: 993.632: [ParNew: 103947K->1448K(115200K), 0.0062773 secs] 162989K->60497K(249344K), 0.0064997 secs] [Times: user=0.06 sys=0.00, real=0.00 secs] 
Heap after GC invocations=257 (full 0):
 par new generation   total 115200K, used 1448K [0x00000000f0000000, 0x00000000f7d00000, 0x00000000f7d00000)
  eden space 102400K,   0% used [0x00000000f0000000, 0x00000000f0000000, 0x00000000f6400000)
  from space 12800K,  11% used [0x00000000f7080000, 0x00000000f71ea258, 0x00000000f7d00000)
  to   space 12800K,   0% used [0x00000000f6400000, 0x00000000f6400000, 0x00000000f7080000)
 concurrent mark-sweep generation total 134144K, used 59048K [0x00000000f7d00000, 0x0000000100000000, 0x0000000100000000)
 Metaspace       used 53313K, capacity 56798K, committed 57088K, reserved 1099776K
  class space    used 6507K, capacity 7103K, committed 7168K, reserved 1048576K
}
{Heap before GC invocations=257 (full 0):
 par new generation   total 115200K, used 103848K [0x00000000f0000000, 0x00000000f7d00000, 0x00000000f7d00000)
  eden space 102400K, 100% used [0x00000000f0000000, 0x00000000f6400000, 0x00000000f6400000)
  from space 12800K,  11% used [0x00000000f7080000, 0x00000000f71ea258, 0x00000000f7d00000)
  to   space 12800K,   0% used [0x00000000f6400000, 0x00000000f6400000, 0x00000000f7080000)
 concurrent mark-sweep generation total 134144K, used 59048K [0x00000000f7d00000, 0x0000000100000000, 0x0000000100000000)
 Metaspace       used 53313K, capacity 56798K, committed 57088K, reserved 1099776K
  class space    used 6507K, capacity 7103K, committed 7168K, reserved 1048576K
2023-10-03T09:27:06.726+0800: 997.235: [GC (Allocation Failure) 2023-10-03T09:27:06.726+0800: 997.235: [ParNew: 103848K->1353K(115200K), 0.0066824 secs] 162897K->60405K(249344K), 0.0069706 secs] [Times: user=0.05 sys=0.00, real=0.01 secs] 
Heap after GC invocations=258 (full 0):
 par new generation   total 115200K, used 1353K [0x00000000f0000000, 0x00000000f7d00000, 0x00000000f7d00000)
  eden space 102400K,   0% used [0x00000000f0000000, 0x00000000f0000000, 0x00000000f6400000)
  from space 12800K,  10% used [0x00000000f6400000, 0x00000000f65524c0, 0x00000000f7080000)
  to   space 12800K,   0% used [0x00000000f7080000, 0x00000000f7080000, 0x00000000f7d00000)
 concurrent mark-sweep generation total 134144K, used 59052K [0x00000000f7d00000, 0x0000000100000000, 0x0000000100000000)
 Metaspace       used 53313K, capacity 56798K, committed 57088K, reserved 1099776K
  class space    used 6507K, capacity 7103K, committed 7168K, reserved 1048576K
}
{Heap before GC invocations=258 (full 0):
 par new generation   total 115200K, used 103753K [0x00000000f0000000, 0x00000000f7d00000, 0x00000000f7d00000)
  eden space 102400K, 100% used [0x00000000f0000000, 0x00000000f6400000, 0x00000000f6400000)
  from space 12800K,  10% used [0x00000000f6400000, 0x00000000f65524c0, 0x00000000f7080000)
  to   space 12800K,   0% used [0x00000000f7080000, 0x00000000f7080000, 0x00000000f7d00000)
 concurrent mark-sweep generation total 134144K, used 59052K [0x00000000f7d00000, 0x0000000100000000, 0x0000000100000000)
 Metaspace       used 53316K, capacity 56798K, committed 57088K, reserved 1099776K
  class space    used 6507K, capacity 7103K, committed 7168K, reserved 1048576K
2023-10-03T09:27:10.438+0800: 1000.947: [GC (Allocation Failure) 2023-10-03T09:27:10.438+0800: 1000.947: [ParNew: 103753K->2377K(115200K), 0.0198738 secs] 162805K->61433K(249344K), 0.0200814 secs] [Times: user=0.06 sys=0.00, real=0.02 secs] 
Heap after GC invocations=259 (full 0):
 par new generation   total 115200K, used 2377K [0x00000000f0000000, 0x00000000f7d00000, 0x00000000f7d00000)
  eden space 102400K,   0% used [0x00000000f0000000, 0x00000000f0000000, 0x00000000f6400000)
  from space 12800K,  18% used [0x00000000f7080000, 0x00000000f72d2468, 0x00000000f7d00000)
  to   space 12800K,   0% used [0x00000000f6400000, 0x00000000f6400000, 0x00000000f7080000)
 concurrent mark-sweep generation total 134144K, used 59056K [0x00000000f7d00000, 0x0000000100000000, 0x0000000100000000)
 Metaspace       used 53316K, capacity 56798K, committed 57088K, reserved 1099776K
  class space    used 6507K, capacity 7103K, committed 7168K, reserved 1048576K
}
{Heap before GC invocations=259 (full 0):
 par new generation   total 115200K, used 104777K [0x00000000f0000000, 0x00000000f7d00000, 0x00000000f7d00000)
  eden space 102400K, 100% used [0x00000000f0000000, 0x00000000f6400000, 0x00000000f6400000)
  from space 12800K,  18% used [0x00000000f7080000, 0x00000000f72d2468, 0x00000000f7d00000)
  to   space 12800K,   0% used [0x00000000f6400000, 0x00000000f6400000, 0x00000000f7080000)
 concurrent mark-sweep generation total 134144K, used 59056K [0x00000000f7d00000, 0x0000000100000000, 0x0000000100000000)
 Metaspace       used 53328K, capacity 56798K, committed 57088K, reserved 1099776K
  class space    used 6507K, capacity 7103K, committed 7168K, reserved 1048576K
2023-10-03T09:27:14.045+0800: 1004.554: [GC (Allocation Failure) 2023-10-03T09:27:14.045+0800: 1004.554: [ParNew: 104777K->2477K(115200K), 0.0058058 secs] 163833K->61533K(249344K), 0.0059917 secs] [Times: user=0.05 sys=0.00, real=0.00 secs] 
Heap after GC invocations=260 (full 0):
 par new generation   total 115200K, used 2477K [0x00000000f0000000, 0x00000000f7d00000, 0x00000000f7d00000)
  eden space 102400K,   0% used [0x00000000f0000000, 0x00000000f0000000, 0x00000000f6400000)
  from space 12800K,  19% used [0x00000000f6400000, 0x00000000f666b480, 0x00000000f7080000)
  to   space 12800K,   0% used [0x00000000f7080000, 0x00000000f7080000, 0x00000000f7d00000)
 concurrent mark-sweep generation total 134144K, used 59056K [0x00000000f7d00000, 0x0000000100000000, 0x0000000100000000)
 Metaspace       used 53328K, capacity 56798K, committed 57088K, reserved 1099776K
  class space    used 6507K, capacity 7103K, committed 7168K, reserved 1048576K
}
{Heap before GC invocations=260 (full 0):
 par new generation   total 115200K, used 104877K [0x00000000f0000000, 0x00000000f7d00000, 0x00000000f7d00000)
  eden space 102400K, 100% used [0x00000000f0000000, 0x00000000f6400000, 0x00000000f6400000)
  from space 12800K,  19% used [0x00000000f6400000, 0x00000000f666b480, 0x00000000f7080000)
  to   space 12800K,   0% used [0x00000000f7080000, 0x00000000f7080000, 0x00000000f7d00000)
 concurrent mark-sweep generation total 134144K, used 59056K [0x00000000f7d00000, 0x0000000100000000, 0x0000000100000000)
 Metaspace       used 53328K, capacity 56798K, committed 57088K, reserved 1099776K
  class space    used 6507K, capacity 7103K, committed 7168K, reserved 1048576K
2023-10-03T09:27:17.632+0800: 1008.141: [GC (Allocation Failure) 2023-10-03T09:27:17.632+0800: 1008.141: [ParNew: 104877K->2594K(115200K), 0.0077843 secs] 163933K->61651K(249344K), 0.0080542 secs] [Times: user=0.06 sys=0.00, real=0.01 secs] 
Heap after GC invocations=261 (full 0):
 par new generation   total 115200K, used 2594K [0x00000000f0000000, 0x00000000f7d00000, 0x00000000f7d00000)
  eden space 102400K,   0% used [0x00000000f0000000, 0x00000000f0000000, 0x00000000f6400000)
  from space 12800K,  20% used [0x00000000f7080000, 0x00000000f7308a20, 0x00000000f7d00000)
  to   space 12800K,   0% used [0x00000000f6400000, 0x00000000f6400000, 0x00000000f7080000)
 concurrent mark-sweep generation total 134144K, used 59056K [0x00000000f7d00000, 0x0000000100000000, 0x0000000100000000)
 Metaspace       used 53328K, capacity 56798K, committed 57088K, reserved 1099776K
  class space    used 6507K, capacity 7103K, committed 7168K, reserved 1048576K
}
{Heap before GC invocations=261 (full 0):
 par new generation   total 115200K, used 104994K [0x00000000f0000000, 0x00000000f7d00000, 0x00000000f7d00000)
  eden space 102400K, 100% used [0x00000000f0000000, 0x00000000f6400000, 0x00000000f6400000)
  from space 12800K,  20% used [0x00000000f7080000, 0x00000000f7308a20, 0x00000000f7d00000)
  to   space 12800K,   0% used [0x00000000f6400000, 0x00000000f6400000, 0x00000000f7080000)
 concurrent mark-sweep generation total 134144K, used 59056K [0x00000000f7d00000, 0x0000000100000000, 0x0000000100000000)
 Metaspace       used 53329K, capacity 56798K, committed 57088K, reserved 1099776K
  class space    used 6507K, capacity 7103K, committed 7168K, reserved 1048576K
2023-10-03T09:27:21.254+0800: 1011.763: [GC (Allocation Failure) 2023-10-03T09:27:21.254+0800: 1011.764: [ParNew: 104994K->2135K(115200K), 0.0072802 secs] 164051K->61195K(249344K), 0.0075072 secs] [Times: user=0.06 sys=0.00, real=0.00 secs] 
Heap after GC invocations=262 (full 0):
 par new generation   total 115200K, used 2135K [0x00000000f0000000, 0x00000000f7d00000, 0x00000000f7d00000)
  eden space 102400K,   0% used [0x00000000f0000000, 0x00000000f0000000, 0x00000000f6400000)
  from space 12800K,  16% used [0x00000000f6400000, 0x00000000f6615f40, 0x00000000f7080000)
  to   space 12800K,   0% used [0x00000000f7080000, 0x00000000f7080000, 0x00000000f7d00000)
 concurrent mark-sweep generation total 134144K, used 59059K [0x00000000f7d00000, 0x0000000100000000, 0x0000000100000000)
 Metaspace       used 53329K, capacity 56798K, committed 57088K, reserved 1099776K
  class space    used 6507K, capacity 7103K, committed 7168K, reserved 1048576K
}
{Heap before GC invocations=262 (full 0):
 par new generation   total 115200K, used 104535K [0x00000000f0000000, 0x00000000f7d00000, 0x00000000f7d00000)
  eden space 102400K, 100% used [0x00000000f0000000, 0x00000000f6400000, 0x00000000f6400000)
  from space 12800K,  16% used [0x00000000f6400000, 0x00000000f6615f40, 0x00000000f7080000)
  to   space 12800K,   0% used [0x00000000f7080000, 0x00000000f7080000, 0x00000000f7d00000)
 concurrent mark-sweep generation total 134144K, used 59059K [0x00000000f7d00000, 0x0000000100000000, 0x0000000100000000)
 Metaspace       used 53329K, capacity 56798K, committed 57088K, reserved 1099776K
  class space    used 6507K, capacity 7103K, committed 7168K, reserved 1048576K
2023-10-03T09:27:24.840+0800: 1015.349: [GC (Allocation Failure) 2023-10-03T09:27:24.840+0800: 1015.349: [ParNew: 104535K->2153K(115200K), 0.0073523 secs] 163595K->61221K(249344K), 0.0075887 secs] [Times: user=0.06 sys=0.00, real=0.01 secs] 
Heap after GC invocations=263 (full 0):
 par new generation   total 115200K, used 2153K [0x00000000f0000000, 0x00000000f7d00000, 0x00000000f7d00000)
  eden space 102400K,   0% used [0x00000000f0000000, 0x00000000f0000000, 0x00000000f6400000)
  from space 12800K,  16% used [0x00000000f7080000, 0x00000000f729a4a0, 0x00000000f7d00000)
  to   space 12800K,   0% used [0x00000000f6400000, 0x00000000f6400000, 0x00000000f7080000)
 concurrent mark-sweep generation total 134144K, used 59068K [0x00000000f7d00000, 0x0000000100000000, 0x0000000100000000)
 Metaspace       used 53329K, capacity 56798K, committed 57088K, reserved 1099776K
  class space    used 6507K, capacity 7103K, committed 7168K, reserved 1048576K
}
{Heap before GC invocations=263 (full 0):
 par new generation   total 115200K, used 104553K [0x00000000f0000000, 0x00000000f7d00000, 0x00000000f7d00000)
  eden space 102400K, 100% used [0x00000000f0000000, 0x00000000f6400000, 0x00000000f6400000)
  from space 12800K,  16% used [0x00000000f7080000, 0x00000000f729a4a0, 0x00000000f7d00000)
  to   space 12800K,   0% used [0x00000000f6400000, 0x00000000f6400000, 0x00000000f7080000)
 concurrent mark-sweep generation total 134144K, used 59068K [0x00000000f7d00000, 0x0000000100000000, 0x0000000100000000)
 Metaspace       used 53329K, capacity 56798K, committed 57088K, reserved 1099776K
  class space    used 6507K, capacity 7103K, committed 7168K, reserved 1048576K
2023-10-03T09:27:28.446+0800: 1018.955: [GC (Allocation Failure) 2023-10-03T09:27:28.446+0800: 1018.955: [ParNew: 104553K->2146K(115200K), 0.0077215 secs] 163621K->61222K(249344K), 0.0079519 secs] [Times: user=0.06 sys=0.00, real=0.01 secs] 
Heap after GC invocations=264 (full 0):
 par new generation   total 115200K, used 2146K [0x00000000f0000000, 0x00000000f7d00000, 0x00000000f7d00000)
  eden space 102400K,   0% used [0x00000000f0000000, 0x00000000f0000000, 0x00000000f6400000)
  from space 12800K,  16% used [0x00000000f6400000, 0x00000000f6618940, 0x00000000f7080000)
  to   space 12800K,   0% used [0x00000000f7080000, 0x00000000f7080000, 0x00000000f7d00000)
 concurrent mark-sweep generation total 134144K, used 59076K [0x00000000f7d00000, 0x0000000100000000, 0x0000000100000000)
 Metaspace       used 53329K, capacity 56798K, committed 57088K, reserved 1099776K
  class space    used 6507K, capacity 7103K, committed 7168K, reserved 1048576K
}
{Heap before GC invocations=264 (full 0):
 par new generation   total 115200K, used 104546K [0x00000000f0000000, 0x00000000f7d00000, 0x00000000f7d00000)
  eden space 102400K, 100% used [0x00000000f0000000, 0x00000000f6400000, 0x00000000f6400000)
  from space 12800K,  16% used [0x00000000f6400000, 0x00000000f6618940, 0x00000000f7080000)
  to   space 12800K,   0% used [0x00000000f7080000, 0x00000000f7080000, 0x00000000f7d00000)
 concurrent mark-sweep generation total 134144K, used 59076K [0x00000000f7d00000, 0x0000000100000000, 0x0000000100000000)
 Metaspace       used 53329K, capacity 56798K, committed 57088K, reserved 1099776K
  class space    used 6507K, capacity 7103K, committed 7168K, reserved 1048576K
2023-10-03T09:27:32.135+0800: 1022.645: [GC (Allocation Failure) 2023-10-03T09:27:32.136+0800: 1022.645: [ParNew: 104546K->1955K(115200K), 0.0040550 secs] 163622K->61700K(249344K), 0.0042608 secs] [Times: user=0.04 sys=0.00, real=0.00 secs] 
Heap after GC invocations=265 (full 0):
 par new generation   total 115200K, used 1955K [0x00000000f0000000, 0x00000000f7d00000, 0x00000000f7d00000)
  eden space 102400K,   0% used [0x00000000f0000000, 0x00000000f0000000, 0x00000000f6400000)
  from space 12800K,  15% used [0x00000000f7080000, 0x00000000f7268e08, 0x00000000f7d00000)
  to   space 12800K,   0% used [0x00000000f6400000, 0x00000000f6400000, 0x00000000f7080000)
 concurrent mark-sweep generation total 134144K, used 59744K [0x00000000f7d00000, 0x0000000100000000, 0x0000000100000000)
 Metaspace       used 53329K, capacity 56798K, committed 57088K, reserved 1099776K
  class space    used 6507K, capacity 7103K, committed 7168K, reserved 1048576K
}
{Heap before GC invocations=265 (full 0):
 par new generation   total 115200K, used 104355K [0x00000000f0000000, 0x00000000f7d00000, 0x00000000f7d00000)
  eden space 102400K, 100% used [0x00000000f0000000, 0x00000000f6400000, 0x00000000f6400000)
  from space 12800K,  15% used [0x00000000f7080000, 0x00000000f7268e08, 0x00000000f7d00000)
  to   space 12800K,   0% used [0x00000000f6400000, 0x00000000f6400000, 0x00000000f7080000)
 concurrent mark-sweep generation total 134144K, used 59744K [0x00000000f7d00000, 0x0000000100000000, 0x0000000100000000)
 Metaspace       used 53329K, capacity 56798K, committed 57088K, reserved 1099776K
  class space    used 6507K, capacity 7103K, committed 7168K, reserved 1048576K
2023-10-03T09:27:35.760+0800: 1026.269: [GC (Allocation Failure) 2023-10-03T09:27:35.760+0800: 1026.269: [ParNew: 104355K->1607K(115200K), 0.0061695 secs] 164100K->61429K(249344K), 0.0063695 secs] [Times: user=0.05 sys=0.00, real=0.01 secs] 
Heap after GC invocations=266 (full 0):
 par new generation   total 115200K, used 1607K [0x00000000f0000000, 0x00000000f7d00000, 0x00000000f7d00000)
  eden space 102400K,   0% used [0x00000000f0000000, 0x00000000f0000000, 0x00000000f6400000)
  from space 12800K,  12% used [0x00000000f6400000, 0x00000000f6591c40, 0x00000000f7080000)
  to   space 12800K,   0% used [0x00000000f7080000, 0x00000000f7080000, 0x00000000f7d00000)
 concurrent mark-sweep generation total 134144K, used 59822K [0x00000000f7d00000, 0x0000000100000000, 0x0000000100000000)
 Metaspace       used 53329K, capacity 56798K, committed 57088K, reserved 1099776K
  class space    used 6507K, capacity 7103K, committed 7168K, reserved 1048576K
}
{Heap before GC invocations=266 (full 0):
 par new generation   total 115200K, used 104007K [0x00000000f0000000, 0x00000000f7d00000, 0x00000000f7d00000)
  eden space 102400K,  99% used [0x00000000f0000000, 0x00000000f63ffff8, 0x00000000f6400000)
  from space 12800K,  12% used [0x00000000f6400000, 0x00000000f6591c40, 0x00000000f7080000)
  to   space 12800K,   0% used [0x00000000f7080000, 0x00000000f7080000, 0x00000000f7d00000)
 concurrent mark-sweep generation total 134144K, used 59822K [0x00000000f7d00000, 0x0000000100000000, 0x0000000100000000)
 Metaspace       used 53329K, capacity 56798K, committed 57088K, reserved 1099776K
  class space    used 6507K, capacity 7103K, committed 7168K, reserved 1048576K
2023-10-03T09:27:39.358+0800: 1029.867: [GC (Allocation Failure) 2023-10-03T09:27:39.358+0800: 1029.868: [ParNew: 104007K->1536K(115200K), 0.0058665 secs] 163829K->61360K(249344K), 0.0061083 secs] [Times: user=0.05 sys=0.01, real=0.01 secs] 
Heap after GC invocations=267 (full 0):
 par new generation   total 115200K, used 1536K [0x00000000f0000000, 0x00000000f7d00000, 0x00000000f7d00000)
  eden space 102400K,   0% used [0x00000000f0000000, 0x00000000f0000000, 0x00000000f6400000)
  from space 12800K,  12% used [0x00000000f7080000, 0x00000000f72000f0, 0x00000000f7d00000)
  to   space 12800K,   0% used [0x00000000f6400000, 0x00000000f6400000, 0x00000000f7080000)
 concurrent mark-sweep generation total 134144K, used 59824K [0x00000000f7d00000, 0x0000000100000000, 0x0000000100000000)
 Metaspace       used 53329K, capacity 56798K, committed 57088K, reserved 1099776K
  class space    used 6507K, capacity 7103K, committed 7168K, reserved 1048576K
}
{Heap before GC invocations=267 (full 0):
 par new generation   total 115200K, used 103936K [0x00000000f0000000, 0x00000000f7d00000, 0x00000000f7d00000)
  eden space 102400K, 100% used [0x00000000f0000000, 0x00000000f6400000, 0x00000000f6400000)
  from space 12800K,  12% used [0x00000000f7080000, 0x00000000f72000f0, 0x00000000f7d00000)
  to   space 12800K,   0% used [0x00000000f6400000, 0x00000000f6400000, 0x00000000f7080000)
 concurrent mark-sweep generation total 134144K, used 59824K [0x00000000f7d00000, 0x0000000100000000, 0x0000000100000000)
 Metaspace       used 53329K, capacity 56798K, committed 57088K, reserved 1099776K
  class space    used 6507K, capacity 7103K, committed 7168K, reserved 1048576K
2023-10-03T09:27:42.973+0800: 1033.482: [GC (Allocation Failure) 2023-10-03T09:27:42.973+0800: 1033.482: [ParNew: 103936K->1491K(115200K), 0.0062129 secs] 163760K->61316K(249344K), 0.0064689 secs] [Times: user=0.05 sys=0.00, real=0.00 secs] 
Heap after GC invocations=268 (full 0):
 par new generation   total 115200K, used 1491K [0x00000000f0000000, 0x00000000f7d00000, 0x00000000f7d00000)
  eden space 102400K,   0% used [0x00000000f0000000, 0x00000000f0000000, 0x00000000f6400000)
  from space 12800K,  11% used [0x00000000f6400000, 0x00000000f6574dc8, 0x00000000f7080000)
  to   space 12800K,   0% used [0x00000000f7080000, 0x00000000f7080000, 0x00000000f7d00000)
 concurrent mark-sweep generation total 134144K, used 59825K [0x00000000f7d00000, 0x0000000100000000, 0x0000000100000000)
 Metaspace       used 53329K, capacity 56798K, committed 57088K, reserved 1099776K
  class space    used 6507K, capacity 7103K, committed 7168K, reserved 1048576K
}
{Heap before GC invocations=268 (full 0):
 par new generation   total 115200K, used 103891K [0x00000000f0000000, 0x00000000f7d00000, 0x00000000f7d00000)
  eden space 102400K, 100% used [0x00000000f0000000, 0x00000000f6400000, 0x00000000f6400000)
  from space 12800K,  11% used [0x00000000f6400000, 0x00000000f6574dc8, 0x00000000f7080000)
  to   space 12800K,   0% used [0x00000000f7080000, 0x00000000f7080000, 0x00000000f7d00000)
 concurrent mark-sweep generation total 134144K, used 59825K [0x00000000f7d00000, 0x0000000100000000, 0x0000000100000000)
 Metaspace       used 53329K, capacity 56798K, committed 57088K, reserved 1099776K
  class space    used 6507K, capacity 7103K, committed 7168K, reserved 1048576K
2023-10-03T09:27:46.539+0800: 1037.048: [GC (Allocation Failure) 2023-10-03T09:27:46.539+0800: 1037.048: [ParNew: 103891K->1475K(115200K), 0.0065615 secs] 163716K->61302K(249344K), 0.0067855 secs] [Times: user=0.05 sys=0.00, real=0.01 secs] 
Heap after GC invocations=269 (full 0):
 par new generation   total 115200K, used 1475K [0x00000000f0000000, 0x00000000f7d00000, 0x00000000f7d00000)
  eden space 102400K,   0% used [0x00000000f0000000, 0x00000000f0000000, 0x00000000f6400000)
  from space 12800K,  11% used [0x00000000f7080000, 0x00000000f71f0fa0, 0x00000000f7d00000)
  to   space 12800K,   0% used [0x00000000f6400000, 0x00000000f6400000, 0x00000000f7080000)
 concurrent mark-sweep generation total 134144K, used 59826K [0x00000000f7d00000, 0x0000000100000000, 0x0000000100000000)
 Metaspace       used 53329K, capacity 56798K, committed 57088K, reserved 1099776K
  class space    used 6507K, capacity 7103K, committed 7168K, reserved 1048576K
}
{Heap before GC invocations=269 (full 0):
 par new generation   total 115200K, used 103875K [0x00000000f0000000, 0x00000000f7d00000, 0x00000000f7d00000)
  eden space 102400K, 100% used [0x00000000f0000000, 0x00000000f6400000, 0x00000000f6400000)
  from space 12800K,  11% used [0x00000000f7080000, 0x00000000f71f0fa0, 0x00000000f7d00000)
  to   space 12800K,   0% used [0x00000000f6400000, 0x00000000f6400000, 0x00000000f7080000)
 concurrent mark-sweep generation total 134144K, used 59826K [0x00000000f7d00000, 0x0000000100000000, 0x0000000100000000)
 Metaspace       used 53329K, capacity 56798K, committed 57088K, reserved 1099776K
  class space    used 6507K, capacity 7103K, committed 7168K, reserved 1048576K
2023-10-03T09:27:50.143+0800: 1040.652: [GC (Allocation Failure) 2023-10-03T09:27:50.143+0800: 1040.652: [ParNew: 103875K->1452K(115200K), 0.0060400 secs] 163702K->61278K(249344K), 0.0062659 secs] [Times: user=0.05 sys=0.00, real=0.00 secs] 
Heap after GC invocations=270 (full 0):
 par new generation   total 115200K, used 1452K [0x00000000f0000000, 0x00000000f7d00000, 0x00000000f7d00000)
  eden space 102400K,   0% used [0x00000000f0000000, 0x00000000f0000000, 0x00000000f6400000)
  from space 12800K,  11% used [0x00000000f6400000, 0x00000000f656b028, 0x00000000f7080000)
  to   space 12800K,   0% used [0x00000000f7080000, 0x00000000f7080000, 0x00000000f7d00000)
 concurrent mark-sweep generation total 134144K, used 59826K [0x00000000f7d00000, 0x0000000100000000, 0x0000000100000000)
 Metaspace       used 53329K, capacity 56798K, committed 57088K, reserved 1099776K
  class space    used 6507K, capacity 7103K, committed 7168K, reserved 1048576K
}
{Heap before GC invocations=270 (full 0):
 par new generation   total 115200K, used 103852K [0x00000000f0000000, 0x00000000f7d00000, 0x00000000f7d00000)
  eden space 102400K, 100% used [0x00000000f0000000, 0x00000000f6400000, 0x00000000f6400000)
  from space 12800K,  11% used [0x00000000f6400000, 0x00000000f656b028, 0x00000000f7080000)
  to   space 12800K,   0% used [0x00000000f7080000, 0x00000000f7080000, 0x00000000f7d00000)
 concurrent mark-sweep generation total 134144K, used 59826K [0x00000000f7d00000, 0x0000000100000000, 0x0000000100000000)
 Metaspace       used 53329K, capacity 56798K, committed 57088K, reserved 1099776K
  class space    used 6507K, capacity 7103K, committed 7168K, reserved 1048576K
2023-10-03T09:27:53.885+0800: 1044.394: [GC (Allocation Failure) 2023-10-03T09:27:53.885+0800: 1044.395: [ParNew: 103852K->1334K(115200K), 0.0059508 secs] 163678K->61162K(249344K), 0.0061973 secs] [Times: user=0.05 sys=0.00, real=0.00 secs] 
Heap after GC invocations=271 (full 0):
 par new generation   total 115200K, used 1334K [0x00000000f0000000, 0x00000000f7d00000, 0x00000000f7d00000)
  eden space 102400K,   0% used [0x00000000f0000000, 0x00000000f0000000, 0x00000000f6400000)
  from space 12800K,  10% used [0x00000000f7080000, 0x00000000f71cd960, 0x00000000f7d00000)
  to   space 12800K,   0% used [0x00000000f6400000, 0x00000000f6400000, 0x00000000f7080000)
 concurrent mark-sweep generation total 134144K, used 59827K [0x00000000f7d00000, 0x0000000100000000, 0x0000000100000000)
 Metaspace       used 53329K, capacity 56798K, committed 57088K, reserved 1099776K
  class space    used 6507K, capacity 7103K, committed 7168K, reserved 1048576K
}
{Heap before GC invocations=271 (full 0):
 par new generation   total 115200K, used 103734K [0x00000000f0000000, 0x00000000f7d00000, 0x00000000f7d00000)
  eden space 102400K, 100% used [0x00000000f0000000, 0x00000000f6400000, 0x00000000f6400000)
  from space 12800K,  10% used [0x00000000f7080000, 0x00000000f71cd960, 0x00000000f7d00000)
  to   space 12800K,   0% used [0x00000000f6400000, 0x00000000f6400000, 0x00000000f7080000)
 concurrent mark-sweep generation total 134144K, used 59827K [0x00000000f7d00000, 0x0000000100000000, 0x0000000100000000)
 Metaspace       used 53329K, capacity 56798K, committed 57088K, reserved 1099776K
  class space    used 6507K, capacity 7103K, committed 7168K, reserved 1048576K
2023-10-03T09:27:57.480+0800: 1047.989: [GC (Allocation Failure) 2023-10-03T09:27:57.480+0800: 1047.989: [ParNew: 103734K->1440K(115200K), 0.0060817 secs] 163562K->61272K(249344K), 0.0062713 secs] [Times: user=0.06 sys=0.00, real=0.01 secs] 
Heap after GC invocations=272 (full 0):
 par new generation   total 115200K, used 1440K [0x00000000f0000000, 0x00000000f7d00000, 0x00000000f7d00000)
  eden space 102400K,   0% used [0x00000000f0000000, 0x00000000f0000000, 0x00000000f6400000)
  from space 12800K,  11% used [0x00000000f6400000, 0x00000000f6568170, 0x00000000f7080000)
  to   space 12800K,   0% used [0x00000000f7080000, 0x00000000f7080000, 0x00000000f7d00000)
 concurrent mark-sweep generation total 134144K, used 59831K [0x00000000f7d00000, 0x0000000100000000, 0x0000000100000000)
 Metaspace       used 53329K, capacity 56798K, committed 57088K, reserved 1099776K
  class space    used 6507K, capacity 7103K, committed 7168K, reserved 1048576K
}
{Heap before GC invocations=272 (full 0):
 par new generation   total 115200K, used 103840K [0x00000000f0000000, 0x00000000f7d00000, 0x00000000f7d00000)
  eden space 102400K, 100% used [0x00000000f0000000, 0x00000000f6400000, 0x00000000f6400000)
  from space 12800K,  11% used [0x00000000f6400000, 0x00000000f6568170, 0x00000000f7080000)
  to   space 12800K,   0% used [0x00000000f7080000, 0x00000000f7080000, 0x00000000f7d00000)
 concurrent mark-sweep generation total 134144K, used 59831K [0x00000000f7d00000, 0x0000000100000000, 0x0000000100000000)
 Metaspace       used 53329K, capacity 56798K, committed 57088K, reserved 1099776K
  class space    used 6507K, capacity 7103K, committed 7168K, reserved 1048576K
2023-10-03T09:28:01.073+0800: 1051.582: [GC (Allocation Failure) 2023-10-03T09:28:01.073+0800: 1051.583: [ParNew: 103840K->1334K(115200K), 0.0057920 secs] 163672K->61166K(249344K), 0.0059952 secs] [Times: user=0.05 sys=0.00, real=0.00 secs] 
Heap after GC invocations=273 (full 0):
 par new generation   total 115200K, used 1334K [0x00000000f0000000, 0x00000000f7d00000, 0x00000000f7d00000)
  eden space 102400K,   0% used [0x00000000f0000000, 0x00000000f0000000, 0x00000000f6400000)
  from space 12800K,  10% used [0x00000000f7080000, 0x00000000f71cda20, 0x00000000f7d00000)
  to   space 12800K,   0% used [0x00000000f6400000, 0x00000000f6400000, 0x00000000f7080000)
 concurrent mark-sweep generation total 134144K, used 59831K [0x00000000f7d00000, 0x0000000100000000, 0x0000000100000000)
 Metaspace       used 53329K, capacity 56798K, committed 57088K, reserved 1099776K
  class space    used 6507K, capacity 7103K, committed 7168K, reserved 1048576K
}
{Heap before GC invocations=273 (full 0):
 par new generation   total 115200K, used 103734K [0x00000000f0000000, 0x00000000f7d00000, 0x00000000f7d00000)
  eden space 102400K, 100% used [0x00000000f0000000, 0x00000000f6400000, 0x00000000f6400000)
  from space 12800K,  10% used [0x00000000f7080000, 0x00000000f71cda20, 0x00000000f7d00000)
  to   space 12800K,   0% used [0x00000000f6400000, 0x00000000f6400000, 0x00000000f7080000)
 concurrent mark-sweep generation total 134144K, used 59831K [0x00000000f7d00000, 0x0000000100000000, 0x0000000100000000)
 Metaspace       used 53329K, capacity 56798K, committed 57088K, reserved 1099776K
  class space    used 6507K, capacity 7103K, committed 7168K, reserved 1048576K
2023-10-03T09:28:04.686+0800: 1055.196: [GC (Allocation Failure) 2023-10-03T09:28:04.686+0800: 1055.196: [ParNew: 103734K->1636K(115200K), 0.0057162 secs] 163566K->61470K(249344K), 0.0058887 secs] [Times: user=0.05 sys=0.00, real=0.01 secs] 
Heap after GC invocations=274 (full 0):
 par new generation   total 115200K, used 1636K [0x00000000f0000000, 0x00000000f7d00000, 0x00000000f7d00000)
  eden space 102400K,   0% used [0x00000000f0000000, 0x00000000f0000000, 0x00000000f6400000)
  from space 12800K,  12% used [0x00000000f6400000, 0x00000000f65993f8, 0x00000000f7080000)
  to   space 12800K,   0% used [0x00000000f7080000, 0x00000000f7080000, 0x00000000f7d00000)
 concurrent mark-sweep generation total 134144K, used 59833K [0x00000000f7d00000, 0x0000000100000000, 0x0000000100000000)
 Metaspace       used 53329K, capacity 56798K, committed 57088K, reserved 1099776K
  class space    used 6507K, capacity 7103K, committed 7168K, reserved 1048576K
}
{Heap before GC invocations=274 (full 0):
 par new generation   total 115200K, used 104036K [0x00000000f0000000, 0x00000000f7d00000, 0x00000000f7d00000)
  eden space 102400K, 100% used [0x00000000f0000000, 0x00000000f6400000, 0x00000000f6400000)
  from space 12800K,  12% used [0x00000000f6400000, 0x00000000f65993f8, 0x00000000f7080000)
  to   space 12800K,   0% used [0x00000000f7080000, 0x00000000f7080000, 0x00000000f7d00000)
 concurrent mark-sweep generation total 134144K, used 59833K [0x00000000f7d00000, 0x0000000100000000, 0x0000000100000000)
 Metaspace       used 53329K, capacity 56798K, committed 57088K, reserved 1099776K
  class space    used 6507K, capacity 7103K, committed 7168K, reserved 1048576K
2023-10-03T09:28:08.255+0800: 1058.764: [GC (Allocation Failure) 2023-10-03T09:28:08.255+0800: 1058.764: [ParNew: 104036K->1342K(115200K), 0.0066330 secs] 163870K->61177K(249344K), 0.0068773 secs] [Times: user=0.04 sys=0.01, real=0.00 secs] 
Heap after GC invocations=275 (full 0):
 par new generation   total 115200K, used 1342K [0x00000000f0000000, 0x00000000f7d00000, 0x00000000f7d00000)
  eden space 102400K,   0% used [0x00000000f0000000, 0x00000000f0000000, 0x00000000f6400000)
  from space 12800K,  10% used [0x00000000f7080000, 0x00000000f71cfb80, 0x00000000f7d00000)
  to   space 12800K,   0% used [0x00000000f6400000, 0x00000000f6400000, 0x00000000f7080000)
 concurrent mark-sweep generation total 134144K, used 59834K [0x00000000f7d00000, 0x0000000100000000, 0x0000000100000000)
 Metaspace       used 53329K, capacity 56798K, committed 57088K, reserved 1099776K
  class space    used 6507K, capacity 7103K, committed 7168K, reserved 1048576K
}
{Heap before GC invocations=275 (full 0):
 par new generation   total 115200K, used 103742K [0x00000000f0000000, 0x00000000f7d00000, 0x00000000f7d00000)
  eden space 102400K, 100% used [0x00000000f0000000, 0x00000000f6400000, 0x00000000f6400000)
  from space 12800K,  10% used [0x00000000f7080000, 0x00000000f71cfb80, 0x00000000f7d00000)
  to   space 12800K,   0% used [0x00000000f6400000, 0x00000000f6400000, 0x00000000f7080000)
 concurrent mark-sweep generation total 134144K, used 59834K [0x00000000f7d00000, 0x0000000100000000, 0x0000000100000000)
 Metaspace       used 53329K, capacity 56798K, committed 57088K, reserved 1099776K
  class space    used 6507K, capacity 7103K, committed 7168K, reserved 1048576K
2023-10-03T09:28:11.871+0800: 1062.380: [GC (Allocation Failure) 2023-10-03T09:28:11.871+0800: 1062.380: [ParNew: 103742K->1330K(115200K), 0.0066621 secs] 163577K->61164K(249344K), 0.0069346 secs] [Times: user=0.05 sys=0.00, real=0.01 secs] 
Heap after GC invocations=276 (full 0):
 par new generation   total 115200K, used 1330K [0x00000000f0000000, 0x00000000f7d00000, 0x00000000f7d00000)
  eden space 102400K,   0% used [0x00000000f0000000, 0x00000000f0000000, 0x00000000f6400000)
  from space 12800K,  10% used [0x00000000f6400000, 0x00000000f654c9a0, 0x00000000f7080000)
  to   space 12800K,   0% used [0x00000000f7080000, 0x00000000f7080000, 0x00000000f7d00000)
 concurrent mark-sweep generation total 134144K, used 59834K [0x00000000f7d00000, 0x0000000100000000, 0x0000000100000000)
 Metaspace       used 53329K, capacity 56798K, committed 57088K, reserved 1099776K
  class space    used 6507K, capacity 7103K, committed 7168K, reserved 1048576K
}
{Heap before GC invocations=276 (full 0):
 par new generation   total 115200K, used 103730K [0x00000000f0000000, 0x00000000f7d00000, 0x00000000f7d00000)
  eden space 102400K, 100% used [0x00000000f0000000, 0x00000000f6400000, 0x00000000f6400000)
  from space 12800K,  10% used [0x00000000f6400000, 0x00000000f654c9a0, 0x00000000f7080000)
  to   space 12800K,   0% used [0x00000000f7080000, 0x00000000f7080000, 0x00000000f7d00000)
 concurrent mark-sweep generation total 134144K, used 59834K [0x00000000f7d00000, 0x0000000100000000, 0x0000000100000000)
 Metaspace       used 53329K, capacity 56798K, committed 57088K, reserved 1099776K
  class space    used 6507K, capacity 7103K, committed 7168K, reserved 1048576K
2023-10-03T09:28:15.567+0800: 1066.076: [GC (Allocation Failure) 2023-10-03T09:28:15.567+0800: 1066.076: [ParNew: 103730K->1349K(115200K), 0.0060346 secs] 163564K->61187K(249344K), 0.0061965 secs] [Times: user=0.06 sys=0.00, real=0.01 secs] 
Heap after GC invocations=277 (full 0):
 par new generation   total 115200K, used 1349K [0x00000000f0000000, 0x00000000f7d00000, 0x00000000f7d00000)
  eden space 102400K,   0% used [0x00000000f0000000, 0x00000000f0000000, 0x00000000f6400000)
  from space 12800K,  10% used [0x00000000f7080000, 0x00000000f71d1440, 0x00000000f7d00000)
  to   space 12800K,   0% used [0x00000000f6400000, 0x00000000f6400000, 0x00000000f7080000)
 concurrent mark-sweep generation total 134144K, used 59838K [0x00000000f7d00000, 0x0000000100000000, 0x0000000100000000)
 Metaspace       used 53329K, capacity 56798K, committed 57088K, reserved 1099776K
  class space    used 6507K, capacity 7103K, committed 7168K, reserved 1048576K
}
{Heap before GC invocations=277 (full 0):
 par new generation   total 115200K, used 103749K [0x00000000f0000000, 0x00000000f7d00000, 0x00000000f7d00000)
  eden space 102400K, 100% used [0x00000000f0000000, 0x00000000f6400000, 0x00000000f6400000)
  from space 12800K,  10% used [0x00000000f7080000, 0x00000000f71d1440, 0x00000000f7d00000)
  to   space 12800K,   0% used [0x00000000f6400000, 0x00000000f6400000, 0x00000000f7080000)
 concurrent mark-sweep generation total 134144K, used 59838K [0x00000000f7d00000, 0x0000000100000000, 0x0000000100000000)
 Metaspace       used 53329K, capacity 56798K, committed 57088K, reserved 1099776K
  class space    used 6507K, capacity 7103K, committed 7168K, reserved 1048576K
2023-10-03T09:28:19.194+0800: 1069.703: [GC (Allocation Failure) 2023-10-03T09:28:19.194+0800: 1069.703: [ParNew: 103749K->1328K(115200K), 0.0056677 secs] 163587K->61166K(249344K), 0.0058834 secs] [Times: user=0.05 sys=0.00, real=0.00 secs] 
Heap after GC invocations=278 (full 0):
 par new generation   total 115200K, used 1328K [0x00000000f0000000, 0x00000000f7d00000, 0x00000000f7d00000)
  eden space 102400K,   0% used [0x00000000f0000000, 0x00000000f0000000, 0x00000000f6400000)
  from space 12800K,  10% used [0x00000000f6400000, 0x00000000f654c0a0, 0x00000000f7080000)
  to   space 12800K,   0% used [0x00000000f7080000, 0x00000000f7080000, 0x00000000f7d00000)
 concurrent mark-sweep generation total 134144K, used 59838K [0x00000000f7d00000, 0x0000000100000000, 0x0000000100000000)
 Metaspace       used 53329K, capacity 56798K, committed 57088K, reserved 1099776K
  class space    used 6507K, capacity 7103K, committed 7168K, reserved 1048576K
}
{Heap before GC invocations=278 (full 0):
 par new generation   total 115200K, used 103728K [0x00000000f0000000, 0x00000000f7d00000, 0x00000000f7d00000)
  eden space 102400K, 100% used [0x00000000f0000000, 0x00000000f6400000, 0x00000000f6400000)
  from space 12800K,  10% used [0x00000000f6400000, 0x00000000f654c0a0, 0x00000000f7080000)
  to   space 12800K,   0% used [0x00000000f7080000, 0x00000000f7080000, 0x00000000f7d00000)
 concurrent mark-sweep generation total 134144K, used 59838K [0x00000000f7d00000, 0x0000000100000000, 0x0000000100000000)
 Metaspace       used 53329K, capacity 56798K, committed 57088K, reserved 1099776K
  class space    used 6507K, capacity 7103K, committed 7168K, reserved 1048576K
2023-10-03T09:28:22.794+0800: 1073.303: [GC (Allocation Failure) 2023-10-03T09:28:22.794+0800: 1073.304: [ParNew: 103728K->1339K(115200K), 0.0056887 secs] 163566K->61181K(249344K), 0.0058545 secs] [Times: user=0.05 sys=0.00, real=0.00 secs] 
Heap after GC invocations=279 (full 0):
 par new generation   total 115200K, used 1339K [0x00000000f0000000, 0x00000000f7d00000, 0x00000000f7d00000)
  eden space 102400K,   0% used [0x00000000f0000000, 0x00000000f0000000, 0x00000000f6400000)
  from space 12800K,  10% used [0x00000000f7080000, 0x00000000f71cefe0, 0x00000000f7d00000)
  to   space 12800K,   0% used [0x00000000f6400000, 0x00000000f6400000, 0x00000000f7080000)
 concurrent mark-sweep generation total 134144K, used 59841K [0x00000000f7d00000, 0x0000000100000000, 0x0000000100000000)
 Metaspace       used 53329K, capacity 56798K, committed 57088K, reserved 1099776K
  class space    used 6507K, capacity 7103K, committed 7168K, reserved 1048576K
}
{Heap before GC invocations=279 (full 0):
 par new generation   total 115200K, used 103739K [0x00000000f0000000, 0x00000000f7d00000, 0x00000000f7d00000)
  eden space 102400K, 100% used [0x00000000f0000000, 0x00000000f6400000, 0x00000000f6400000)
  from space 12800K,  10% used [0x00000000f7080000, 0x00000000f71cefe0, 0x00000000f7d00000)
  to   space 12800K,   0% used [0x00000000f6400000, 0x00000000f6400000, 0x00000000f7080000)
 concurrent mark-sweep generation total 134144K, used 59841K [0x00000000f7d00000, 0x0000000100000000, 0x0000000100000000)
 Metaspace       used 53329K, capacity 56798K, committed 57088K, reserved 1099776K
  class space    used 6507K, capacity 7103K, committed 7168K, reserved 1048576K
2023-10-03T09:28:26.405+0800: 1076.914: [GC (Allocation Failure) 2023-10-03T09:28:26.405+0800: 1076.915: [ParNew: 103739K->1456K(115200K), 0.0061394 secs] 163581K->61300K(249344K), 0.0064283 secs] [Times: user=0.05 sys=0.01, real=0.00 secs] 
Heap after GC invocations=280 (full 0):
 par new generation   total 115200K, used 1456K [0x00000000f0000000, 0x00000000f7d00000, 0x00000000f7d00000)
  eden space 102400K,   0% used [0x00000000f0000000, 0x00000000f0000000, 0x00000000f6400000)
  from space 12800K,  11% used [0x00000000f6400000, 0x00000000f656c138, 0x00000000f7080000)
  to   space 12800K,   0% used [0x00000000f7080000, 0x00000000f7080000, 0x00000000f7d00000)
 concurrent mark-sweep generation total 134144K, used 59843K [0x00000000f7d00000, 0x0000000100000000, 0x0000000100000000)
 Metaspace       used 53329K, capacity 56798K, committed 57088K, reserved 1099776K
  class space    used 6507K, capacity 7103K, committed 7168K, reserved 1048576K
}
{Heap before GC invocations=280 (full 0):
 par new generation   total 115200K, used 103856K [0x00000000f0000000, 0x00000000f7d00000, 0x00000000f7d00000)
  eden space 102400K, 100% used [0x00000000f0000000, 0x00000000f6400000, 0x00000000f6400000)
  from space 12800K,  11% used [0x00000000f6400000, 0x00000000f656c138, 0x00000000f7080000)
  to   space 12800K,   0% used [0x00000000f7080000, 0x00000000f7080000, 0x00000000f7d00000)
 concurrent mark-sweep generation total 134144K, used 59843K [0x00000000f7d00000, 0x0000000100000000, 0x0000000100000000)
 Metaspace       used 53329K, capacity 56798K, committed 57088K, reserved 1099776K
  class space    used 6507K, capacity 7103K, committed 7168K, reserved 1048576K
2023-10-03T09:28:29.975+0800: 1080.484: [GC (Allocation Failure) 2023-10-03T09:28:29.975+0800: 1080.484: [ParNew: 103856K->1454K(115200K), 0.0060801 secs] 163700K->61298K(249344K), 0.0063332 secs] [Times: user=0.05 sys=0.01, real=0.00 secs] 
Heap after GC invocations=281 (full 0):
 par new generation   total 115200K, used 1454K [0x00000000f0000000, 0x00000000f7d00000, 0x00000000f7d00000)
  eden space 102400K,   0% used [0x00000000f0000000, 0x00000000f0000000, 0x00000000f6400000)
  from space 12800K,  11% used [0x00000000f7080000, 0x00000000f71ebb88, 0x00000000f7d00000)
  to   space 12800K,   0% used [0x00000000f6400000, 0x00000000f6400000, 0x00000000f7080000)
 concurrent mark-sweep generation total 134144K, used 59843K [0x00000000f7d00000, 0x0000000100000000, 0x0000000100000000)
 Metaspace       used 53329K, capacity 56798K, committed 57088K, reserved 1099776K
  class space    used 6507K, capacity 7103K, committed 7168K, reserved 1048576K
}
{Heap before GC invocations=281 (full 0):
 par new generation   total 115200K, used 103854K [0x00000000f0000000, 0x00000000f7d00000, 0x00000000f7d00000)
  eden space 102400K, 100% used [0x00000000f0000000, 0x00000000f6400000, 0x00000000f6400000)
  from space 12800K,  11% used [0x00000000f7080000, 0x00000000f71ebb88, 0x00000000f7d00000)
  to   space 12800K,   0% used [0x00000000f6400000, 0x00000000f6400000, 0x00000000f7080000)
 concurrent mark-sweep generation total 134144K, used 59843K [0x00000000f7d00000, 0x0000000100000000, 0x0000000100000000)
 Metaspace       used 53329K, capacity 56798K, committed 57088K, reserved 1099776K
  class space    used 6507K, capacity 7103K, committed 7168K, reserved 1048576K
2023-10-03T09:28:33.590+0800: 1084.100: [GC (Allocation Failure) 2023-10-03T09:28:33.591+0800: 1084.100: [ParNew: 103854K->1328K(115200K), 0.0060757 secs] 163698K->61181K(249344K), 0.0062999 secs] [Times: user=0.05 sys=0.00, real=0.01 secs] 
Heap after GC invocations=282 (full 0):
 par new generation   total 115200K, used 1328K [0x00000000f0000000, 0x00000000f7d00000, 0x00000000f7d00000)
  eden space 102400K,   0% used [0x00000000f0000000, 0x00000000f0000000, 0x00000000f6400000)
  from space 12800K,  10% used [0x00000000f6400000, 0x00000000f654c2e0, 0x00000000f7080000)
  to   space 12800K,   0% used [0x00000000f7080000, 0x00000000f7080000, 0x00000000f7d00000)
 concurrent mark-sweep generation total 134144K, used 59852K [0x00000000f7d00000, 0x0000000100000000, 0x0000000100000000)
 Metaspace       used 53329K, capacity 56798K, committed 57088K, reserved 1099776K
  class space    used 6507K, capacity 7103K, committed 7168K, reserved 1048576K
}
{Heap before GC invocations=282 (full 0):
 par new generation   total 115200K, used 103728K [0x00000000f0000000, 0x00000000f7d00000, 0x00000000f7d00000)
  eden space 102400K, 100% used [0x00000000f0000000, 0x00000000f6400000, 0x00000000f6400000)
  from space 12800K,  10% used [0x00000000f6400000, 0x00000000f654c2e0, 0x00000000f7080000)
  to   space 12800K,   0% used [0x00000000f7080000, 0x00000000f7080000, 0x00000000f7d00000)
 concurrent mark-sweep generation total 134144K, used 59852K [0x00000000f7d00000, 0x0000000100000000, 0x0000000100000000)
 Metaspace       used 53329K, capacity 56798K, committed 57088K, reserved 1099776K
  class space    used 6507K, capacity 7103K, committed 7168K, reserved 1048576K
2023-10-03T09:28:37.291+0800: 1087.801: [GC (Allocation Failure) 2023-10-03T09:28:37.292+0800: 1087.801: [ParNew: 103728K->1527K(115200K), 0.0034687 secs] 163581K->61381K(249344K), 0.0036860 secs] [Times: user=0.03 sys=0.00, real=0.01 secs] 
Heap after GC invocations=283 (full 0):
 par new generation   total 115200K, used 1527K [0x00000000f0000000, 0x00000000f7d00000, 0x00000000f7d00000)
  eden space 102400K,   0% used [0x00000000f0000000, 0x00000000f0000000, 0x00000000f6400000)
  from space 12800K,  11% used [0x00000000f7080000, 0x00000000f71fdd40, 0x00000000f7d00000)
  to   space 12800K,   0% used [0x00000000f6400000, 0x00000000f6400000, 0x00000000f7080000)
 concurrent mark-sweep generation total 134144K, used 59854K [0x00000000f7d00000, 0x0000000100000000, 0x0000000100000000)
 Metaspace       used 53329K, capacity 56798K, committed 57088K, reserved 1099776K
  class space    used 6507K, capacity 7103K, committed 7168K, reserved 1048576K
}
{Heap before GC invocations=283 (full 0):
 par new generation   total 115200K, used 103927K [0x00000000f0000000, 0x00000000f7d00000, 0x00000000f7d00000)
  eden space 102400K, 100% used [0x00000000f0000000, 0x00000000f6400000, 0x00000000f6400000)
  from space 12800K,  11% used [0x00000000f7080000, 0x00000000f71fdd40, 0x00000000f7d00000)
  to   space 12800K,   0% used [0x00000000f6400000, 0x00000000f6400000, 0x00000000f7080000)
 concurrent mark-sweep generation total 134144K, used 59854K [0x00000000f7d00000, 0x0000000100000000, 0x0000000100000000)
 Metaspace       used 53329K, capacity 56798K, committed 57088K, reserved 1099776K
  class space    used 6507K, capacity 7103K, committed 7168K, reserved 1048576K
2023-10-03T09:28:40.912+0800: 1091.422: [GC (Allocation Failure) 2023-10-03T09:28:40.912+0800: 1091.422: [ParNew: 103927K->1335K(115200K), 0.0061140 secs] 163781K->61189K(249344K), 0.0062914 secs] [Times: user=0.05 sys=0.00, real=0.00 secs] 
Heap after GC invocations=284 (full 0):
 par new generation   total 115200K, used 1335K [0x00000000f0000000, 0x00000000f7d00000, 0x00000000f7d00000)
  eden space 102400K,   0% used [0x00000000f0000000, 0x00000000f0000000, 0x00000000f6400000)
  from space 12800K,  10% used [0x00000000f6400000, 0x00000000f654dcc0, 0x00000000f7080000)
  to   space 12800K,   0% used [0x00000000f7080000, 0x00000000f7080000, 0x00000000f7d00000)
 concurrent mark-sweep generation total 134144K, used 59854K [0x00000000f7d00000, 0x0000000100000000, 0x0000000100000000)
 Metaspace       used 53329K, capacity 56798K, committed 57088K, reserved 1099776K
  class space    used 6507K, capacity 7103K, committed 7168K, reserved 1048576K
}
{Heap before GC invocations=284 (full 0):
 par new generation   total 115200K, used 103735K [0x00000000f0000000, 0x00000000f7d00000, 0x00000000f7d00000)
  eden space 102400K, 100% used [0x00000000f0000000, 0x00000000f6400000, 0x00000000f6400000)
  from space 12800K,  10% used [0x00000000f6400000, 0x00000000f654dcc0, 0x00000000f7080000)
  to   space 12800K,   0% used [0x00000000f7080000, 0x00000000f7080000, 0x00000000f7d00000)
 concurrent mark-sweep generation total 134144K, used 59854K [0x00000000f7d00000, 0x0000000100000000, 0x0000000100000000)
 Metaspace       used 53329K, capacity 56798K, committed 57088K, reserved 1099776K
  class space    used 6507K, capacity 7103K, committed 7168K, reserved 1048576K
2023-10-03T09:28:44.487+0800: 1094.996: [GC (Allocation Failure) 2023-10-03T09:28:44.487+0800: 1094.996: [ParNew: 103735K->1423K(115200K), 0.0056827 secs] 163589K->61277K(249344K), 0.0058487 secs] [Times: user=0.05 sys=0.00, real=0.01 secs] 
Heap after GC invocations=285 (full 0):
 par new generation   total 115200K, used 1423K [0x00000000f0000000, 0x00000000f7d00000, 0x00000000f7d00000)
  eden space 102400K,   0% used [0x00000000f0000000, 0x00000000f0000000, 0x00000000f6400000)
  from space 12800K,  11% used [0x00000000f7080000, 0x00000000f71e3d30, 0x00000000f7d00000)
  to   space 12800K,   0% used [0x00000000f6400000, 0x00000000f6400000, 0x00000000f7080000)
 concurrent mark-sweep generation total 134144K, used 59854K [0x00000000f7d00000, 0x0000000100000000, 0x0000000100000000)
 Metaspace       used 53329K, capacity 56798K, committed 57088K, reserved 1099776K
  class space    used 6507K, capacity 7103K, committed 7168K, reserved 1048576K
}
{Heap before GC invocations=285 (full 0):
 par new generation   total 115200K, used 103823K [0x00000000f0000000, 0x00000000f7d00000, 0x00000000f7d00000)
  eden space 102400K, 100% used [0x00000000f0000000, 0x00000000f6400000, 0x00000000f6400000)
  from space 12800K,  11% used [0x00000000f7080000, 0x00000000f71e3d30, 0x00000000f7d00000)
  to   space 12800K,   0% used [0x00000000f6400000, 0x00000000f6400000, 0x00000000f7080000)
 concurrent mark-sweep generation total 134144K, used 59854K [0x00000000f7d00000, 0x0000000100000000, 0x0000000100000000)
 Metaspace       used 53329K, capacity 56798K, committed 57088K, reserved 1099776K
  class space    used 6507K, capacity 7103K, committed 7168K, reserved 1048576K
2023-10-03T09:28:48.120+0800: 1098.629: [GC (Allocation Failure) 2023-10-03T09:28:48.120+0800: 1098.629: [ParNew: 103823K->1424K(115200K), 0.0191847 secs] 163677K->61288K(249344K), 0.0193691 secs] [Times: user=0.05 sys=0.00, real=0.02 secs] 
Heap after GC invocations=286 (full 0):
 par new generation   total 115200K, used 1424K [0x00000000f0000000, 0x00000000f7d00000, 0x00000000f7d00000)
  eden space 102400K,   0% used [0x00000000f0000000, 0x00000000f0000000, 0x00000000f6400000)
  from space 12800K,  11% used [0x00000000f6400000, 0x00000000f6564348, 0x00000000f7080000)
  to   space 12800K,   0% used [0x00000000f7080000, 0x00000000f7080000, 0x00000000f7d00000)
 concurrent mark-sweep generation total 134144K, used 59863K [0x00000000f7d00000, 0x0000000100000000, 0x0000000100000000)
 Metaspace       used 53329K, capacity 56798K, committed 57088K, reserved 1099776K
  class space    used 6507K, capacity 7103K, committed 7168K, reserved 1048576K
}
{Heap before GC invocations=286 (full 0):
 par new generation   total 115200K, used 103824K [0x00000000f0000000, 0x00000000f7d00000, 0x00000000f7d00000)
  eden space 102400K, 100% used [0x00000000f0000000, 0x00000000f6400000, 0x00000000f6400000)
  from space 12800K,  11% used [0x00000000f6400000, 0x00000000f6564348, 0x00000000f7080000)
  to   space 12800K,   0% used [0x00000000f7080000, 0x00000000f7080000, 0x00000000f7d00000)
 concurrent mark-sweep generation total 134144K, used 59863K [0x00000000f7d00000, 0x0000000100000000, 0x0000000100000000)
 Metaspace       used 53329K, capacity 56798K, committed 57088K, reserved 1099776K
  class space    used 6507K, capacity 7103K, committed 7168K, reserved 1048576K
2023-10-03T09:28:51.695+0800: 1102.205: [GC (Allocation Failure) 2023-10-03T09:28:51.696+0800: 1102.205: [ParNew: 103824K->1323K(115200K), 0.0066495 secs] 163688K->61189K(249344K), 0.0068827 secs] [Times: user=0.05 sys=0.00, real=0.01 secs] 
Heap after GC invocations=287 (full 0):
 par new generation   total 115200K, used 1323K [0x00000000f0000000, 0x00000000f7d00000, 0x00000000f7d00000)
  eden space 102400K,   0% used [0x00000000f0000000, 0x00000000f0000000, 0x00000000f6400000)
  from space 12800K,  10% used [0x00000000f7080000, 0x00000000f71caf60, 0x00000000f7d00000)
  to   space 12800K,   0% used [0x00000000f6400000, 0x00000000f6400000, 0x00000000f7080000)
 concurrent mark-sweep generation total 134144K, used 59865K [0x00000000f7d00000, 0x0000000100000000, 0x0000000100000000)
 Metaspace       used 53329K, capacity 56798K, committed 57088K, reserved 1099776K
  class space    used 6507K, capacity 7103K, committed 7168K, reserved 1048576K
}
{Heap before GC invocations=287 (full 0):
 par new generation   total 115200K, used 103723K [0x00000000f0000000, 0x00000000f7d00000, 0x00000000f7d00000)
  eden space 102400K, 100% used [0x00000000f0000000, 0x00000000f6400000, 0x00000000f6400000)
  from space 12800K,  10% used [0x00000000f7080000, 0x00000000f71caf60, 0x00000000f7d00000)
  to   space 12800K,   0% used [0x00000000f6400000, 0x00000000f6400000, 0x00000000f7080000)
 concurrent mark-sweep generation total 134144K, used 59865K [0x00000000f7d00000, 0x0000000100000000, 0x0000000100000000)
 Metaspace       used 53329K, capacity 56798K, committed 57088K, reserved 1099776K
  class space    used 6507K, capacity 7103K, committed 7168K, reserved 1048576K
2023-10-03T09:28:55.293+0800: 1105.802: [GC (Allocation Failure) 2023-10-03T09:28:55.293+0800: 1105.802: [ParNew: 103723K->1325K(115200K), 0.0060170 secs] 163589K->61190K(249344K), 0.0062804 secs] [Times: user=0.05 sys=0.01, real=0.00 secs] 
Heap after GC invocations=288 (full 0):
 par new generation   total 115200K, used 1325K [0x00000000f0000000, 0x00000000f7d00000, 0x00000000f7d00000)
  eden space 102400K,   0% used [0x00000000f0000000, 0x00000000f0000000, 0x00000000f6400000)
  from space 12800K,  10% used [0x00000000f6400000, 0x00000000f654b620, 0x00000000f7080000)
  to   space 12800K,   0% used [0x00000000f7080000, 0x00000000f7080000, 0x00000000f7d00000)
 concurrent mark-sweep generation total 134144K, used 59865K [0x00000000f7d00000, 0x0000000100000000, 0x0000000100000000)
 Metaspace       used 53329K, capacity 56798K, committed 57088K, reserved 1099776K
  class space    used 6507K, capacity 7103K, committed 7168K, reserved 1048576K
}
{Heap before GC invocations=288 (full 0):
 par new generation   total 115200K, used 103725K [0x00000000f0000000, 0x00000000f7d00000, 0x00000000f7d00000)
  eden space 102400K, 100% used [0x00000000f0000000, 0x00000000f6400000, 0x00000000f6400000)
  from space 12800K,  10% used [0x00000000f6400000, 0x00000000f654b620, 0x00000000f7080000)
  to   space 12800K,   0% used [0x00000000f7080000, 0x00000000f7080000, 0x00000000f7d00000)
 concurrent mark-sweep generation total 134144K, used 59865K [0x00000000f7d00000, 0x0000000100000000, 0x0000000100000000)
 Metaspace       used 53329K, capacity 56798K, committed 57088K, reserved 1099776K
  class space    used 6507K, capacity 7103K, committed 7168K, reserved 1048576K
2023-10-03T09:28:58.942+0800: 1109.451: [GC (Allocation Failure) 2023-10-03T09:28:58.942+0800: 1109.451: [ParNew: 103725K->1441K(115200K), 0.0039148 secs] 163590K->61306K(249344K), 0.0040763 secs] [Times: user=0.04 sys=0.01, real=0.00 secs] 
Heap after GC invocations=289 (full 0):
 par new generation   total 115200K, used 1441K [0x00000000f0000000, 0x00000000f7d00000, 0x00000000f7d00000)
  eden space 102400K,   0% used [0x00000000f0000000, 0x00000000f0000000, 0x00000000f6400000)
  from space 12800K,  11% used [0x00000000f7080000, 0x00000000f71e8518, 0x00000000f7d00000)
  to   space 12800K,   0% used [0x00000000f6400000, 0x00000000f6400000, 0x00000000f7080000)
 concurrent mark-sweep generation total 134144K, used 59865K [0x00000000f7d00000, 0x0000000100000000, 0x0000000100000000)
 Metaspace       used 53329K, capacity 56798K, committed 57088K, reserved 1099776K
  class space    used 6507K, capacity 7103K, committed 7168K, reserved 1048576K
}
{Heap before GC invocations=289 (full 0):
 par new generation   total 115200K, used 103841K [0x00000000f0000000, 0x00000000f7d00000, 0x00000000f7d00000)
  eden space 102400K, 100% used [0x00000000f0000000, 0x00000000f6400000, 0x00000000f6400000)
  from space 12800K,  11% used [0x00000000f7080000, 0x00000000f71e8518, 0x00000000f7d00000)
  to   space 12800K,   0% used [0x00000000f6400000, 0x00000000f6400000, 0x00000000f7080000)
 concurrent mark-sweep generation total 134144K, used 59865K [0x00000000f7d00000, 0x0000000100000000, 0x0000000100000000)
 Metaspace       used 53329K, capacity 56798K, committed 57088K, reserved 1099776K
  class space    used 6507K, capacity 7103K, committed 7168K, reserved 1048576K
2023-10-03T09:29:02.600+0800: 1113.109: [GC (Allocation Failure) 2023-10-03T09:29:02.600+0800: 1113.109: [ParNew: 103841K->1435K(115200K), 0.0038075 secs] 163706K->61300K(249344K), 0.0040003 secs] [Times: user=0.03 sys=0.00, real=0.01 secs] 
Heap after GC invocations=290 (full 0):
 par new generation   total 115200K, used 1435K [0x00000000f0000000, 0x00000000f7d00000, 0x00000000f7d00000)
  eden space 102400K,   0% used [0x00000000f0000000, 0x00000000f0000000, 0x00000000f6400000)
  from space 12800K,  11% used [0x00000000f6400000, 0x00000000f6566c50, 0x00000000f7080000)
  to   space 12800K,   0% used [0x00000000f7080000, 0x00000000f7080000, 0x00000000f7d00000)
 concurrent mark-sweep generation total 134144K, used 59865K [0x00000000f7d00000, 0x0000000100000000, 0x0000000100000000)
 Metaspace       used 53329K, capacity 56798K, committed 57088K, reserved 1099776K
  class space    used 6507K, capacity 7103K, committed 7168K, reserved 1048576K
}
{Heap before GC invocations=290 (full 0):
 par new generation   total 115200K, used 103835K [0x00000000f0000000, 0x00000000f7d00000, 0x00000000f7d00000)
  eden space 102400K, 100% used [0x00000000f0000000, 0x00000000f6400000, 0x00000000f6400000)
  from space 12800K,  11% used [0x00000000f6400000, 0x00000000f6566c50, 0x00000000f7080000)
  to   space 12800K,   0% used [0x00000000f7080000, 0x00000000f7080000, 0x00000000f7d00000)
 concurrent mark-sweep generation total 134144K, used 59865K [0x00000000f7d00000, 0x0000000100000000, 0x0000000100000000)
 Metaspace       used 53329K, capacity 56798K, committed 57088K, reserved 1099776K
  class space    used 6507K, capacity 7103K, committed 7168K, reserved 1048576K
2023-10-03T09:29:06.209+0800: 1116.719: [GC (Allocation Failure) 2023-10-03T09:29:06.210+0800: 1116.719: [ParNew: 103835K->1352K(115200K), 0.0054639 secs] 163700K->61219K(249344K), 0.0056400 secs] [Times: user=0.04 sys=0.01, real=0.01 secs] 
Heap after GC invocations=291 (full 0):
 par new generation   total 115200K, used 1352K [0x00000000f0000000, 0x00000000f7d00000, 0x00000000f7d00000)
  eden space 102400K,   0% used [0x00000000f0000000, 0x00000000f0000000, 0x00000000f6400000)
  from space 12800K,  10% used [0x00000000f7080000, 0x00000000f71d2280, 0x00000000f7d00000)
  to   space 12800K,   0% used [0x00000000f6400000, 0x00000000f6400000, 0x00000000f7080000)
 concurrent mark-sweep generation total 134144K, used 59866K [0x00000000f7d00000, 0x0000000100000000, 0x0000000100000000)
 Metaspace       used 53329K, capacity 56798K, committed 57088K, reserved 1099776K
  class space    used 6507K, capacity 7103K, committed 7168K, reserved 1048576K
}
{Heap before GC invocations=291 (full 0):
 par new generation   total 115200K, used 103752K [0x00000000f0000000, 0x00000000f7d00000, 0x00000000f7d00000)
  eden space 102400K, 100% used [0x00000000f0000000, 0x00000000f6400000, 0x00000000f6400000)
  from space 12800K,  10% used [0x00000000f7080000, 0x00000000f71d2280, 0x00000000f7d00000)
  to   space 12800K,   0% used [0x00000000f6400000, 0x00000000f6400000, 0x00000000f7080000)
 concurrent mark-sweep generation total 134144K, used 59866K [0x00000000f7d00000, 0x0000000100000000, 0x0000000100000000)
 Metaspace       used 53329K, capacity 56798K, committed 57088K, reserved 1099776K
  class space    used 6507K, capacity 7103K, committed 7168K, reserved 1048576K
2023-10-03T09:29:09.854+0800: 1120.363: [GC (Allocation Failure) 2023-10-03T09:29:09.854+0800: 1120.363: [ParNew: 103752K->1458K(115200K), 0.0056293 secs] 163619K->61330K(249344K), 0.0058001 secs] [Times: user=0.05 sys=0.00, real=0.00 secs] 
Heap after GC invocations=292 (full 0):
 par new generation   total 115200K, used 1458K [0x00000000f0000000, 0x00000000f7d00000, 0x00000000f7d00000)
  eden space 102400K,   0% used [0x00000000f0000000, 0x00000000f0000000, 0x00000000f6400000)
  from space 12800K,  11% used [0x00000000f6400000, 0x00000000f656c958, 0x00000000f7080000)
  to   space 12800K,   0% used [0x00000000f7080000, 0x00000000f7080000, 0x00000000f7d00000)
 concurrent mark-sweep generation total 134144K, used 59872K [0x00000000f7d00000, 0x0000000100000000, 0x0000000100000000)
 Metaspace       used 53329K, capacity 56798K, committed 57088K, reserved 1099776K
  class space    used 6507K, capacity 7103K, committed 7168K, reserved 1048576K
}
{Heap before GC invocations=292 (full 0):
 par new generation   total 115200K, used 103858K [0x00000000f0000000, 0x00000000f7d00000, 0x00000000f7d00000)
  eden space 102400K, 100% used [0x00000000f0000000, 0x00000000f6400000, 0x00000000f6400000)
  from space 12800K,  11% used [0x00000000f6400000, 0x00000000f656c958, 0x00000000f7080000)
  to   space 12800K,   0% used [0x00000000f7080000, 0x00000000f7080000, 0x00000000f7d00000)
 concurrent mark-sweep generation total 134144K, used 59872K [0x00000000f7d00000, 0x0000000100000000, 0x0000000100000000)
 Metaspace       used 53329K, capacity 56798K, committed 57088K, reserved 1099776K
  class space    used 6507K, capacity 7103K, committed 7168K, reserved 1048576K
2023-10-03T09:29:13.412+0800: 1123.922: [GC (Allocation Failure) 2023-10-03T09:29:13.413+0800: 1123.922: [ParNew: 103858K->1474K(115200K), 0.0064668 secs] 163730K->61353K(249344K), 0.0067696 secs] [Times: user=0.06 sys=0.00, real=0.00 secs] 
Heap after GC invocations=293 (full 0):
 par new generation   total 115200K, used 1474K [0x00000000f0000000, 0x00000000f7d00000, 0x00000000f7d00000)
  eden space 102400K,   0% used [0x00000000f0000000, 0x00000000f0000000, 0x00000000f6400000)
  from space 12800K,  11% used [0x00000000f7080000, 0x00000000f71f0850, 0x00000000f7d00000)
  to   space 12800K,   0% used [0x00000000f6400000, 0x00000000f6400000, 0x00000000f7080000)
 concurrent mark-sweep generation total 134144K, used 59878K [0x00000000f7d00000, 0x0000000100000000, 0x0000000100000000)
 Metaspace       used 53329K, capacity 56798K, committed 57088K, reserved 1099776K
  class space    used 6507K, capacity 7103K, committed 7168K, reserved 1048576K
}
{Heap before GC invocations=293 (full 0):
 par new generation   total 115200K, used 103874K [0x00000000f0000000, 0x00000000f7d00000, 0x00000000f7d00000)
  eden space 102400K, 100% used [0x00000000f0000000, 0x00000000f6400000, 0x00000000f6400000)
  from space 12800K,  11% used [0x00000000f7080000, 0x00000000f71f0850, 0x00000000f7d00000)
  to   space 12800K,   0% used [0x00000000f6400000, 0x00000000f6400000, 0x00000000f7080000)
 concurrent mark-sweep generation total 134144K, used 59878K [0x00000000f7d00000, 0x0000000100000000, 0x0000000100000000)
 Metaspace       used 53329K, capacity 56798K, committed 57088K, reserved 1099776K
  class space    used 6507K, capacity 7103K, committed 7168K, reserved 1048576K
2023-10-03T09:29:16.969+0800: 1127.478: [GC (Allocation Failure) 2023-10-03T09:29:16.969+0800: 1127.478: [ParNew: 103874K->1479K(115200K), 0.0068977 secs] 163753K->61368K(249344K), 0.0071331 secs] [Times: user=0.05 sys=0.01, real=0.01 secs] 
Heap after GC invocations=294 (full 0):
 par new generation   total 115200K, used 1479K [0x00000000f0000000, 0x00000000f7d00000, 0x00000000f7d00000)
  eden space 102400K,   0% used [0x00000000f0000000, 0x00000000f0000000, 0x00000000f6400000)
  from space 12800K,  11% used [0x00000000f6400000, 0x00000000f6571ea8, 0x00000000f7080000)
  to   space 12800K,   0% used [0x00000000f7080000, 0x00000000f7080000, 0x00000000f7d00000)
 concurrent mark-sweep generation total 134144K, used 59888K [0x00000000f7d00000, 0x0000000100000000, 0x0000000100000000)
 Metaspace       used 53329K, capacity 56798K, committed 57088K, reserved 1099776K
  class space    used 6507K, capacity 7103K, committed 7168K, reserved 1048576K
}
{Heap before GC invocations=294 (full 0):
 par new generation   total 115200K, used 103879K [0x00000000f0000000, 0x00000000f7d00000, 0x00000000f7d00000)
  eden space 102400K, 100% used [0x00000000f0000000, 0x00000000f6400000, 0x00000000f6400000)
  from space 12800K,  11% used [0x00000000f6400000, 0x00000000f6571ea8, 0x00000000f7080000)
  to   space 12800K,   0% used [0x00000000f7080000, 0x00000000f7080000, 0x00000000f7d00000)
 concurrent mark-sweep generation total 134144K, used 59888K [0x00000000f7d00000, 0x0000000100000000, 0x0000000100000000)
 Metaspace       used 53329K, capacity 56798K, committed 57088K, reserved 1099776K
  class space    used 6507K, capacity 7103K, committed 7168K, reserved 1048576K
2023-10-03T09:29:20.661+0800: 1131.170: [GC (Allocation Failure) 2023-10-03T09:29:20.661+0800: 1131.170: [ParNew: 103879K->1362K(115200K), 0.0058790 secs] 163768K->61252K(249344K), 0.0060659 secs] [Times: user=0.05 sys=0.00, real=0.01 secs] 
Heap after GC invocations=295 (full 0):
 par new generation   total 115200K, used 1362K [0x00000000f0000000, 0x00000000f7d00000, 0x00000000f7d00000)
  eden space 102400K,   0% used [0x00000000f0000000, 0x00000000f0000000, 0x00000000f6400000)
  from space 12800K,  10% used [0x00000000f7080000, 0x00000000f71d4bc0, 0x00000000f7d00000)
  to   space 12800K,   0% used [0x00000000f6400000, 0x00000000f6400000, 0x00000000f7080000)
 concurrent mark-sweep generation total 134144K, used 59890K [0x00000000f7d00000, 0x0000000100000000, 0x0000000100000000)
 Metaspace       used 53329K, capacity 56798K, committed 57088K, reserved 1099776K
  class space    used 6507K, capacity 7103K, committed 7168K, reserved 1048576K
}
{Heap before GC invocations=295 (full 0):
 par new generation   total 115200K, used 103762K [0x00000000f0000000, 0x00000000f7d00000, 0x00000000f7d00000)
  eden space 102400K, 100% used [0x00000000f0000000, 0x00000000f6400000, 0x00000000f6400000)
  from space 12800K,  10% used [0x00000000f7080000, 0x00000000f71d4bc0, 0x00000000f7d00000)
  to   space 12800K,   0% used [0x00000000f6400000, 0x00000000f6400000, 0x00000000f7080000)
 concurrent mark-sweep generation total 134144K, used 59890K [0x00000000f7d00000, 0x0000000100000000, 0x0000000100000000)
 Metaspace       used 53329K, capacity 56798K, committed 57088K, reserved 1099776K
  class space    used 6507K, capacity 7103K, committed 7168K, reserved 1048576K
2023-10-03T09:29:24.323+0800: 1134.832: [GC (Allocation Failure) 2023-10-03T09:29:24.323+0800: 1134.832: [ParNew: 103762K->1565K(115200K), 0.0036626 secs] 163652K->61463K(249344K), 0.0038248 secs] [Times: user=0.03 sys=0.00, real=0.00 secs] 
Heap after GC invocations=296 (full 0):
 par new generation   total 115200K, used 1565K [0x00000000f0000000, 0x00000000f7d00000, 0x00000000f7d00000)
  eden space 102400K,   0% used [0x00000000f0000000, 0x00000000f0000000, 0x00000000f6400000)
  from space 12800K,  12% used [0x00000000f6400000, 0x00000000f6587660, 0x00000000f7080000)
  to   space 12800K,   0% used [0x00000000f7080000, 0x00000000f7080000, 0x00000000f7d00000)
 concurrent mark-sweep generation total 134144K, used 59898K [0x00000000f7d00000, 0x0000000100000000, 0x0000000100000000)
 Metaspace       used 53329K, capacity 56798K, committed 57088K, reserved 1099776K
  class space    used 6507K, capacity 7103K, committed 7168K, reserved 1048576K
}
{Heap before GC invocations=296 (full 0):
 par new generation   total 115200K, used 103965K [0x00000000f0000000, 0x00000000f7d00000, 0x00000000f7d00000)
  eden space 102400K, 100% used [0x00000000f0000000, 0x00000000f6400000, 0x00000000f6400000)
  from space 12800K,  12% used [0x00000000f6400000, 0x00000000f6587660, 0x00000000f7080000)
  to   space 12800K,   0% used [0x00000000f7080000, 0x00000000f7080000, 0x00000000f7d00000)
 concurrent mark-sweep generation total 134144K, used 59898K [0x00000000f7d00000, 0x0000000100000000, 0x0000000100000000)
 Metaspace       used 53329K, capacity 56798K, committed 57088K, reserved 1099776K
  class space    used 6507K, capacity 7103K, committed 7168K, reserved 1048576K
2023-10-03T09:29:27.930+0800: 1138.439: [GC (Allocation Failure) 2023-10-03T09:29:27.930+0800: 1138.439: [ParNew: 103965K->1454K(115200K), 0.0057447 secs] 163863K->61355K(249344K), 0.0059128 secs] [Times: user=0.05 sys=0.00, real=0.01 secs] 
Heap after GC invocations=297 (full 0):
 par new generation   total 115200K, used 1454K [0x00000000f0000000, 0x00000000f7d00000, 0x00000000f7d00000)
  eden space 102400K,   0% used [0x00000000f0000000, 0x00000000f0000000, 0x00000000f6400000)
  from space 12800K,  11% used [0x00000000f7080000, 0x00000000f71ebab8, 0x00000000f7d00000)
  to   space 12800K,   0% used [0x00000000f6400000, 0x00000000f6400000, 0x00000000f7080000)
 concurrent mark-sweep generation total 134144K, used 59900K [0x00000000f7d00000, 0x0000000100000000, 0x0000000100000000)
 Metaspace       used 53329K, capacity 56798K, committed 57088K, reserved 1099776K
  class space    used 6507K, capacity 7103K, committed 7168K, reserved 1048576K
}
{Heap before GC invocations=297 (full 0):
 par new generation   total 115200K, used 103854K [0x00000000f0000000, 0x00000000f7d00000, 0x00000000f7d00000)
  eden space 102400K, 100% used [0x00000000f0000000, 0x00000000f6400000, 0x00000000f6400000)
  from space 12800K,  11% used [0x00000000f7080000, 0x00000000f71ebab8, 0x00000000f7d00000)
  to   space 12800K,   0% used [0x00000000f6400000, 0x00000000f6400000, 0x00000000f7080000)
 concurrent mark-sweep generation total 134144K, used 59900K [0x00000000f7d00000, 0x0000000100000000, 0x0000000100000000)
 Metaspace       used 53329K, capacity 56798K, committed 57088K, reserved 1099776K
  class space    used 6507K, capacity 7103K, committed 7168K, reserved 1048576K
2023-10-03T09:29:31.549+0800: 1142.058: [GC (Allocation Failure) 2023-10-03T09:29:31.549+0800: 1142.058: [ParNew: 103854K->1460K(115200K), 0.0033109 secs] 163755K->61361K(249344K), 0.0035264 secs] [Times: user=0.03 sys=0.00, real=0.01 secs] 
Heap after GC invocations=298 (full 0):
 par new generation   total 115200K, used 1460K [0x00000000f0000000, 0x00000000f7d00000, 0x00000000f7d00000)
  eden space 102400K,   0% used [0x00000000f0000000, 0x00000000f0000000, 0x00000000f6400000)
  from space 12800K,  11% used [0x00000000f6400000, 0x00000000f656d1e0, 0x00000000f7080000)
  to   space 12800K,   0% used [0x00000000f7080000, 0x00000000f7080000, 0x00000000f7d00000)
 concurrent mark-sweep generation total 134144K, used 59901K [0x00000000f7d00000, 0x0000000100000000, 0x0000000100000000)
 Metaspace       used 53329K, capacity 56798K, committed 57088K, reserved 1099776K
  class space    used 6507K, capacity 7103K, committed 7168K, reserved 1048576K
}
{Heap before GC invocations=298 (full 0):
 par new generation   total 115200K, used 103860K [0x00000000f0000000, 0x00000000f7d00000, 0x00000000f7d00000)
  eden space 102400K, 100% used [0x00000000f0000000, 0x00000000f6400000, 0x00000000f6400000)
  from space 12800K,  11% used [0x00000000f6400000, 0x00000000f656d1e0, 0x00000000f7080000)
  to   space 12800K,   0% used [0x00000000f7080000, 0x00000000f7080000, 0x00000000f7d00000)
 concurrent mark-sweep generation total 134144K, used 59901K [0x00000000f7d00000, 0x0000000100000000, 0x0000000100000000)
 Metaspace       used 53329K, capacity 56798K, committed 57088K, reserved 1099776K
  class space    used 6507K, capacity 7103K, committed 7168K, reserved 1048576K
2023-10-03T09:29:35.137+0800: 1145.646: [GC (Allocation Failure) 2023-10-03T09:29:35.137+0800: 1145.646: [ParNew: 103860K->1352K(115200K), 0.0062614 secs] 163761K->61259K(249344K), 0.0064909 secs] [Times: user=0.06 sys=0.00, real=0.01 secs] 
Heap after GC invocations=299 (full 0):
 par new generation   total 115200K, used 1352K [0x00000000f0000000, 0x00000000f7d00000, 0x00000000f7d00000)
  eden space 102400K,   0% used [0x00000000f0000000, 0x00000000f0000000, 0x00000000f6400000)
  from space 12800K,  10% used [0x00000000f7080000, 0x00000000f71d2160, 0x00000000f7d00000)
  to   space 12800K,   0% used [0x00000000f6400000, 0x00000000f6400000, 0x00000000f7080000)
 concurrent mark-sweep generation total 134144K, used 59907K [0x00000000f7d00000, 0x0000000100000000, 0x0000000100000000)
 Metaspace       used 53329K, capacity 56798K, committed 57088K, reserved 1099776K
  class space    used 6507K, capacity 7103K, committed 7168K, reserved 1048576K
}
{Heap before GC invocations=299 (full 0):
 par new generation   total 115200K, used 103752K [0x00000000f0000000, 0x00000000f7d00000, 0x00000000f7d00000)
  eden space 102400K, 100% used [0x00000000f0000000, 0x00000000f6400000, 0x00000000f6400000)
  from space 12800K,  10% used [0x00000000f7080000, 0x00000000f71d2160, 0x00000000f7d00000)
  to   space 12800K,   0% used [0x00000000f6400000, 0x00000000f6400000, 0x00000000f7080000)
 concurrent mark-sweep generation total 134144K, used 59907K [0x00000000f7d00000, 0x0000000100000000, 0x0000000100000000)
 Metaspace       used 53329K, capacity 56798K, committed 57088K, reserved 1099776K
  class space    used 6507K, capacity 7103K, committed 7168K, reserved 1048576K
2023-10-03T09:29:38.696+0800: 1149.205: [GC (Allocation Failure) 2023-10-03T09:29:38.696+0800: 1149.205: [ParNew: 103752K->1348K(115200K), 0.0067164 secs] 163659K->61263K(249344K), 0.0069639 secs] [Times: user=0.05 sys=0.00, real=0.01 secs] 
Heap after GC invocations=300 (full 0):
 par new generation   total 115200K, used 1348K [0x00000000f0000000, 0x00000000f7d00000, 0x00000000f7d00000)
  eden space 102400K,   0% used [0x00000000f0000000, 0x00000000f0000000, 0x00000000f6400000)
  from space 12800K,  10% used [0x00000000f6400000, 0x00000000f6551260, 0x00000000f7080000)
  to   space 12800K,   0% used [0x00000000f7080000, 0x00000000f7080000, 0x00000000f7d00000)
 concurrent mark-sweep generation total 134144K, used 59914K [0x00000000f7d00000, 0x0000000100000000, 0x0000000100000000)
 Metaspace       used 53329K, capacity 56798K, committed 57088K, reserved 1099776K
  class space    used 6507K, capacity 7103K, committed 7168K, reserved 1048576K
}
{Heap before GC invocations=300 (full 0):
 par new generation   total 115200K, used 103748K [0x00000000f0000000, 0x00000000f7d00000, 0x00000000f7d00000)
  eden space 102400K, 100% used [0x00000000f0000000, 0x00000000f6400000, 0x00000000f6400000)
  from space 12800K,  10% used [0x00000000f6400000, 0x00000000f6551260, 0x00000000f7080000)
  to   space 12800K,   0% used [0x00000000f7080000, 0x00000000f7080000, 0x00000000f7d00000)
 concurrent mark-sweep generation total 134144K, used 59914K [0x00000000f7d00000, 0x0000000100000000, 0x0000000100000000)
 Metaspace       used 53332K, capacity 56798K, committed 57088K, reserved 1099776K
  class space    used 6507K, capacity 7103K, committed 7168K, reserved 1048576K
2023-10-03T09:29:42.473+0800: 1152.983: [GC (Allocation Failure) 2023-10-03T09:29:42.474+0800: 1152.983: [ParNew: 103748K->5864K(115200K), 0.0083341 secs] 163663K->65781K(249344K), 0.0085696 secs] [Times: user=0.07 sys=0.00, real=0.00 secs] 
Heap after GC invocations=301 (full 0):
 par new generation   total 115200K, used 5864K [0x00000000f0000000, 0x00000000f7d00000, 0x00000000f7d00000)
  eden space 102400K,   0% used [0x00000000f0000000, 0x00000000f0000000, 0x00000000f6400000)
  from space 12800K,  45% used [0x00000000f7080000, 0x00000000f763a280, 0x00000000f7d00000)
  to   space 12800K,   0% used [0x00000000f6400000, 0x00000000f6400000, 0x00000000f7080000)
 concurrent mark-sweep generation total 134144K, used 59917K [0x00000000f7d00000, 0x0000000100000000, 0x0000000100000000)
 Metaspace       used 53332K, capacity 56798K, committed 57088K, reserved 1099776K
  class space    used 6507K, capacity 7103K, committed 7168K, reserved 1048576K
}
{Heap before GC invocations=301 (full 0):
 par new generation   total 115200K, used 108264K [0x00000000f0000000, 0x00000000f7d00000, 0x00000000f7d00000)
  eden space 102400K, 100% used [0x00000000f0000000, 0x00000000f6400000, 0x00000000f6400000)
  from space 12800K,  45% used [0x00000000f7080000, 0x00000000f763a280, 0x00000000f7d00000)
  to   space 12800K,   0% used [0x00000000f6400000, 0x00000000f6400000, 0x00000000f7080000)
 concurrent mark-sweep generation total 134144K, used 59917K [0x00000000f7d00000, 0x0000000100000000, 0x0000000100000000)
 Metaspace       used 53332K, capacity 56798K, committed 57088K, reserved 1099776K
  class space    used 6507K, capacity 7103K, committed 7168K, reserved 1048576K
2023-10-03T09:29:46.037+0800: 1156.546: [GC (Allocation Failure) 2023-10-03T09:29:46.037+0800: 1156.546: [ParNew: 108264K->6588K(115200K), 0.0071699 secs] 168181K->66506K(249344K), 0.0074178 secs] [Times: user=0.07 sys=0.00, real=0.01 secs] 
Heap after GC invocations=302 (full 0):
 par new generation   total 115200K, used 6588K [0x00000000f0000000, 0x00000000f7d00000, 0x00000000f7d00000)
  eden space 102400K,   0% used [0x00000000f0000000, 0x00000000f0000000, 0x00000000f6400000)
  from space 12800K,  51% used [0x00000000f6400000, 0x00000000f6a6f380, 0x00000000f7080000)
  to   space 12800K,   0% used [0x00000000f7080000, 0x00000000f7080000, 0x00000000f7d00000)
 concurrent mark-sweep generation total 134144K, used 59917K [0x00000000f7d00000, 0x0000000100000000, 0x0000000100000000)
 Metaspace       used 53332K, capacity 56798K, committed 57088K, reserved 1099776K
  class space    used 6507K, capacity 7103K, committed 7168K, reserved 1048576K
}
{Heap before GC invocations=302 (full 0):
 par new generation   total 115200K, used 108988K [0x00000000f0000000, 0x00000000f7d00000, 0x00000000f7d00000)
  eden space 102400K, 100% used [0x00000000f0000000, 0x00000000f6400000, 0x00000000f6400000)
  from space 12800K,  51% used [0x00000000f6400000, 0x00000000f6a6f380, 0x00000000f7080000)
  to   space 12800K,   0% used [0x00000000f7080000, 0x00000000f7080000, 0x00000000f7d00000)
 concurrent mark-sweep generation total 134144K, used 59917K [0x00000000f7d00000, 0x0000000100000000, 0x0000000100000000)
 Metaspace       used 53332K, capacity 56798K, committed 57088K, reserved 1099776K
  class space    used 6507K, capacity 7103K, committed 7168K, reserved 1048576K
2023-10-03T09:29:49.898+0800: 1160.407: [GC (Allocation Failure) 2023-10-03T09:29:49.898+0800: 1160.408: [ParNew: 108988K->7381K(115200K), 0.0060237 secs] 168906K->67299K(249344K), 0.0062441 secs] [Times: user=0.05 sys=0.00, real=0.01 secs] 
Heap after GC invocations=303 (full 0):
 par new generation   total 115200K, used 7381K [0x00000000f0000000, 0x00000000f7d00000, 0x00000000f7d00000)
  eden space 102400K,   0% used [0x00000000f0000000, 0x00000000f0000000, 0x00000000f6400000)
  from space 12800K,  57% used [0x00000000f7080000, 0x00000000f77b54b0, 0x00000000f7d00000)
  to   space 12800K,   0% used [0x00000000f6400000, 0x00000000f6400000, 0x00000000f7080000)
 concurrent mark-sweep generation total 134144K, used 59918K [0x00000000f7d00000, 0x0000000100000000, 0x0000000100000000)
 Metaspace       used 53332K, capacity 56798K, committed 57088K, reserved 1099776K
  class space    used 6507K, capacity 7103K, committed 7168K, reserved 1048576K
}
{Heap before GC invocations=303 (full 0):
 par new generation   total 115200K, used 109781K [0x00000000f0000000, 0x00000000f7d00000, 0x00000000f7d00000)
  eden space 102400K, 100% used [0x00000000f0000000, 0x00000000f6400000, 0x00000000f6400000)
  from space 12800K,  57% used [0x00000000f7080000, 0x00000000f77b54b0, 0x00000000f7d00000)
  to   space 12800K,   0% used [0x00000000f6400000, 0x00000000f6400000, 0x00000000f7080000)
 concurrent mark-sweep generation total 134144K, used 59918K [0x00000000f7d00000, 0x0000000100000000, 0x0000000100000000)
 Metaspace       used 53332K, capacity 56798K, committed 57088K, reserved 1099776K
  class space    used 6507K, capacity 7103K, committed 7168K, reserved 1048576K
2023-10-03T09:29:53.471+0800: 1163.980: [GC (Allocation Failure) 2023-10-03T09:29:53.471+0800: 1163.980: [ParNew: 109781K->7447K(115200K), 0.0193953 secs] 169699K->67371K(249344K), 0.0195732 secs] [Times: user=0.06 sys=0.00, real=0.02 secs] 
Heap after GC invocations=304 (full 0):
 par new generation   total 115200K, used 7447K [0x00000000f0000000, 0x00000000f7d00000, 0x00000000f7d00000)
  eden space 102400K,   0% used [0x00000000f0000000, 0x00000000f0000000, 0x00000000f6400000)
  from space 12800K,  58% used [0x00000000f6400000, 0x00000000f6b45e40, 0x00000000f7080000)
  to   space 12800K,   0% used [0x00000000f7080000, 0x00000000f7080000, 0x00000000f7d00000)
 concurrent mark-sweep generation total 134144K, used 59923K [0x00000000f7d00000, 0x0000000100000000, 0x0000000100000000)
 Metaspace       used 53332K, capacity 56798K, committed 57088K, reserved 1099776K
  class space    used 6507K, capacity 7103K, committed 7168K, reserved 1048576K
}
{Heap before GC invocations=304 (full 0):
 par new generation   total 115200K, used 109847K [0x00000000f0000000, 0x00000000f7d00000, 0x00000000f7d00000)
  eden space 102400K, 100% used [0x00000000f0000000, 0x00000000f6400000, 0x00000000f6400000)
  from space 12800K,  58% used [0x00000000f6400000, 0x00000000f6b45e40, 0x00000000f7080000)
  to   space 12800K,   0% used [0x00000000f7080000, 0x00000000f7080000, 0x00000000f7d00000)
 concurrent mark-sweep generation total 134144K, used 59923K [0x00000000f7d00000, 0x0000000100000000, 0x0000000100000000)
 Metaspace       used 53332K, capacity 56798K, committed 57088K, reserved 1099776K
  class space    used 6507K, capacity 7103K, committed 7168K, reserved 1048576K
2023-10-03T09:29:57.046+0800: 1167.555: [GC (Allocation Failure) 2023-10-03T09:29:57.046+0800: 1167.555: [ParNew: 109847K->7595K(115200K), 0.0084261 secs] 169771K->67520K(249344K), 0.0086742 secs] [Times: user=0.07 sys=0.01, real=0.01 secs] 
Heap after GC invocations=305 (full 0):
 par new generation   total 115200K, used 7595K [0x00000000f0000000, 0x00000000f7d00000, 0x00000000f7d00000)
  eden space 102400K,   0% used [0x00000000f0000000, 0x00000000f0000000, 0x00000000f6400000)
  from space 12800K,  59% used [0x00000000f7080000, 0x00000000f77eace0, 0x00000000f7d00000)
  to   space 12800K,   0% used [0x00000000f6400000, 0x00000000f6400000, 0x00000000f7080000)
 concurrent mark-sweep generation total 134144K, used 59925K [0x00000000f7d00000, 0x0000000100000000, 0x0000000100000000)
 Metaspace       used 53332K, capacity 56798K, committed 57088K, reserved 1099776K
  class space    used 6507K, capacity 7103K, committed 7168K, reserved 1048576K
}
{Heap before GC invocations=305 (full 0):
 par new generation   total 115200K, used 109995K [0x00000000f0000000, 0x00000000f7d00000, 0x00000000f7d00000)
  eden space 102400K, 100% used [0x00000000f0000000, 0x00000000f6400000, 0x00000000f6400000)
  from space 12800K,  59% used [0x00000000f7080000, 0x00000000f77eace0, 0x00000000f7d00000)
  to   space 12800K,   0% used [0x00000000f6400000, 0x00000000f6400000, 0x00000000f7080000)
 concurrent mark-sweep generation total 134144K, used 59925K [0x00000000f7d00000, 0x0000000100000000, 0x0000000100000000)
 Metaspace       used 53332K, capacity 56798K, committed 57088K, reserved 1099776K
  class space    used 6507K, capacity 7103K, committed 7168K, reserved 1048576K
2023-10-03T09:30:00.607+0800: 1171.117: [GC (Allocation Failure) 2023-10-03T09:30:00.608+0800: 1171.117: [ParNew: 109995K->8703K(115200K), 0.0076614 secs] 169920K->68632K(249344K), 0.0079248 secs] [Times: user=0.06 sys=0.00, real=0.01 secs] 
Heap after GC invocations=306 (full 0):
 par new generation   total 115200K, used 8703K [0x00000000f0000000, 0x00000000f7d00000, 0x00000000f7d00000)
  eden space 102400K,   0% used [0x00000000f0000000, 0x00000000f0000000, 0x00000000f6400000)
  from space 12800K,  67% used [0x00000000f6400000, 0x00000000f6c7fe00, 0x00000000f7080000)
  to   space 12800K,   0% used [0x00000000f7080000, 0x00000000f7080000, 0x00000000f7d00000)
 concurrent mark-sweep generation total 134144K, used 59929K [0x00000000f7d00000, 0x0000000100000000, 0x0000000100000000)
 Metaspace       used 53332K, capacity 56798K, committed 57088K, reserved 1099776K
  class space    used 6507K, capacity 7103K, committed 7168K, reserved 1048576K
}
{Heap before GC invocations=306 (full 0):
 par new generation   total 115200K, used 111103K [0x00000000f0000000, 0x00000000f7d00000, 0x00000000f7d00000)
  eden space 102400K, 100% used [0x00000000f0000000, 0x00000000f6400000, 0x00000000f6400000)
  from space 12800K,  67% used [0x00000000f6400000, 0x00000000f6c7fe00, 0x00000000f7080000)
  to   space 12800K,   0% used [0x00000000f7080000, 0x00000000f7080000, 0x00000000f7d00000)
 concurrent mark-sweep generation total 134144K, used 59929K [0x00000000f7d00000, 0x0000000100000000, 0x0000000100000000)
 Metaspace       used 53332K, capacity 56798K, committed 57088K, reserved 1099776K
  class space    used 6507K, capacity 7103K, committed 7168K, reserved 1048576K
2023-10-03T09:30:04.184+0800: 1174.693: [GC (Allocation Failure) 2023-10-03T09:30:04.184+0800: 1174.694: [ParNew: 111103K->5457K(115200K), 0.0158678 secs] 171032K->69395K(249344K), 0.0161070 secs] [Times: user=0.12 sys=0.01, real=0.01 secs] 
Heap after GC invocations=307 (full 0):
 par new generation   total 115200K, used 5457K [0x00000000f0000000, 0x00000000f7d00000, 0x00000000f7d00000)
  eden space 102400K,   0% used [0x00000000f0000000, 0x00000000f0000000, 0x00000000f6400000)
  from space 12800K,  42% used [0x00000000f7080000, 0x00000000f75d46a0, 0x00000000f7d00000)
  to   space 12800K,   0% used [0x00000000f6400000, 0x00000000f6400000, 0x00000000f7080000)
 concurrent mark-sweep generation total 134144K, used 63937K [0x00000000f7d00000, 0x0000000100000000, 0x0000000100000000)
 Metaspace       used 53332K, capacity 56798K, committed 57088K, reserved 1099776K
  class space    used 6507K, capacity 7103K, committed 7168K, reserved 1048576K
}
{Heap before GC invocations=307 (full 0):
 par new generation   total 115200K, used 107857K [0x00000000f0000000, 0x00000000f7d00000, 0x00000000f7d00000)
  eden space 102400K, 100% used [0x00000000f0000000, 0x00000000f6400000, 0x00000000f6400000)
  from space 12800K,  42% used [0x00000000f7080000, 0x00000000f75d46a0, 0x00000000f7d00000)
  to   space 12800K,   0% used [0x00000000f6400000, 0x00000000f6400000, 0x00000000f7080000)
 concurrent mark-sweep generation total 134144K, used 63937K [0x00000000f7d00000, 0x0000000100000000, 0x0000000100000000)
 Metaspace       used 53332K, capacity 56798K, committed 57088K, reserved 1099776K
  class space    used 6507K, capacity 7103K, committed 7168K, reserved 1048576K
2023-10-03T09:30:07.757+0800: 1178.266: [GC (Allocation Failure) 2023-10-03T09:30:07.757+0800: 1178.266: [ParNew: 107857K->2270K(115200K), 0.0070363 secs] 171795K->66252K(249344K), 0.0072885 secs] [Times: user=0.06 sys=0.00, real=0.01 secs] 
Heap after GC invocations=308 (full 0):
 par new generation   total 115200K, used 2270K [0x00000000f0000000, 0x00000000f7d00000, 0x00000000f7d00000)
  eden space 102400K,   0% used [0x00000000f0000000, 0x00000000f0000000, 0x00000000f6400000)
  from space 12800K,  17% used [0x00000000f6400000, 0x00000000f6637818, 0x00000000f7080000)
  to   space 12800K,   0% used [0x00000000f7080000, 0x00000000f7080000, 0x00000000f7d00000)
 concurrent mark-sweep generation total 134144K, used 63982K [0x00000000f7d00000, 0x0000000100000000, 0x0000000100000000)
 Metaspace       used 53332K, capacity 56798K, committed 57088K, reserved 1099776K
  class space    used 6507K, capacity 7103K, committed 7168K, reserved 1048576K
}
{Heap before GC invocations=308 (full 0):
 par new generation   total 115200K, used 104670K [0x00000000f0000000, 0x00000000f7d00000, 0x00000000f7d00000)
  eden space 102400K, 100% used [0x00000000f0000000, 0x00000000f6400000, 0x00000000f6400000)
  from space 12800K,  17% used [0x00000000f6400000, 0x00000000f6637818, 0x00000000f7080000)
  to   space 12800K,   0% used [0x00000000f7080000, 0x00000000f7080000, 0x00000000f7d00000)
 concurrent mark-sweep generation total 134144K, used 63982K [0x00000000f7d00000, 0x0000000100000000, 0x0000000100000000)
 Metaspace       used 53332K, capacity 56798K, committed 57088K, reserved 1099776K
  class space    used 6507K, capacity 7103K, committed 7168K, reserved 1048576K
2023-10-03T09:30:11.622+0800: 1182.131: [GC (Allocation Failure) 2023-10-03T09:30:11.622+0800: 1182.131: [ParNew: 104670K->1893K(115200K), 0.0033415 secs] 168652K->66208K(249344K), 0.0035244 secs] [Times: user=0.02 sys=0.01, real=0.01 secs] 
Heap after GC invocations=309 (full 0):
 par new generation   total 115200K, used 1893K [0x00000000f0000000, 0x00000000f7d00000, 0x00000000f7d00000)
  eden space 102400K,   0% used [0x00000000f0000000, 0x00000000f0000000, 0x00000000f6400000)
  from space 12800K,  14% used [0x00000000f7080000, 0x00000000f7259700, 0x00000000f7d00000)
  to   space 12800K,   0% used [0x00000000f6400000, 0x00000000f6400000, 0x00000000f7080000)
 concurrent mark-sweep generation total 134144K, used 64315K [0x00000000f7d00000, 0x0000000100000000, 0x0000000100000000)
 Metaspace       used 53332K, capacity 56798K, committed 57088K, reserved 1099776K
  class space    used 6507K, capacity 7103K, committed 7168K, reserved 1048576K
}
{Heap before GC invocations=309 (full 0):
 par new generation   total 115200K, used 104293K [0x00000000f0000000, 0x00000000f7d00000, 0x00000000f7d00000)
  eden space 102400K, 100% used [0x00000000f0000000, 0x00000000f6400000, 0x00000000f6400000)
  from space 12800K,  14% used [0x00000000f7080000, 0x00000000f7259700, 0x00000000f7d00000)
  to   space 12800K,   0% used [0x00000000f6400000, 0x00000000f6400000, 0x00000000f7080000)
 concurrent mark-sweep generation total 134144K, used 64315K [0x00000000f7d00000, 0x0000000100000000, 0x0000000100000000)
 Metaspace       used 53332K, capacity 56798K, committed 57088K, reserved 1099776K
  class space    used 6507K, capacity 7103K, committed 7168K, reserved 1048576K
2023-10-03T09:30:15.194+0800: 1185.704: [GC (Allocation Failure) 2023-10-03T09:30:15.195+0800: 1185.704: [ParNew: 104293K->1544K(115200K), 0.0063472 secs] 168608K->65889K(249344K), 0.0066032 secs] [Times: user=0.06 sys=0.00, real=0.00 secs] 
Heap after GC invocations=310 (full 0):
 par new generation   total 115200K, used 1544K [0x00000000f0000000, 0x00000000f7d00000, 0x00000000f7d00000)
  eden space 102400K,   0% used [0x00000000f0000000, 0x00000000f0000000, 0x00000000f6400000)
  from space 12800K,  12% used [0x00000000f6400000, 0x00000000f6582280, 0x00000000f7080000)
  to   space 12800K,   0% used [0x00000000f7080000, 0x00000000f7080000, 0x00000000f7d00000)
 concurrent mark-sweep generation total 134144K, used 64345K [0x00000000f7d00000, 0x0000000100000000, 0x0000000100000000)
 Metaspace       used 53332K, capacity 56798K, committed 57088K, reserved 1099776K
  class space    used 6507K, capacity 7103K, committed 7168K, reserved 1048576K
}
{Heap before GC invocations=310 (full 0):
 par new generation   total 115200K, used 103944K [0x00000000f0000000, 0x00000000f7d00000, 0x00000000f7d00000)
  eden space 102400K, 100% used [0x00000000f0000000, 0x00000000f6400000, 0x00000000f6400000)
  from space 12800K,  12% used [0x00000000f6400000, 0x00000000f6582280, 0x00000000f7080000)
  to   space 12800K,   0% used [0x00000000f7080000, 0x00000000f7080000, 0x00000000f7d00000)
 concurrent mark-sweep generation total 134144K, used 64345K [0x00000000f7d00000, 0x0000000100000000, 0x0000000100000000)
 Metaspace       used 53332K, capacity 56798K, committed 57088K, reserved 1099776K
  class space    used 6507K, capacity 7103K, committed 7168K, reserved 1048576K
2023-10-03T09:30:18.755+0800: 1189.264: [GC (Allocation Failure) 2023-10-03T09:30:18.755+0800: 1189.264: [ParNew: 103944K->1531K(115200K), 0.0056953 secs] 168289K->65888K(249344K), 0.0058519 secs] [Times: user=0.05 sys=0.00, real=0.00 secs] 
Heap after GC invocations=311 (full 0):
 par new generation   total 115200K, used 1531K [0x00000000f0000000, 0x00000000f7d00000, 0x00000000f7d00000)
  eden space 102400K,   0% used [0x00000000f0000000, 0x00000000f0000000, 0x00000000f6400000)
  from space 12800K,  11% used [0x00000000f7080000, 0x00000000f71fefe0, 0x00000000f7d00000)
  to   space 12800K,   0% used [0x00000000f6400000, 0x00000000f6400000, 0x00000000f7080000)
 concurrent mark-sweep generation total 134144K, used 64356K [0x00000000f7d00000, 0x0000000100000000, 0x0000000100000000)
 Metaspace       used 53332K, capacity 56798K, committed 57088K, reserved 1099776K
  class space    used 6507K, capacity 7103K, committed 7168K, reserved 1048576K
}
{Heap before GC invocations=311 (full 0):
 par new generation   total 115200K, used 103931K [0x00000000f0000000, 0x00000000f7d00000, 0x00000000f7d00000)
  eden space 102400K, 100% used [0x00000000f0000000, 0x00000000f6400000, 0x00000000f6400000)
  from space 12800K,  11% used [0x00000000f7080000, 0x00000000f71fefe0, 0x00000000f7d00000)
  to   space 12800K,   0% used [0x00000000f6400000, 0x00000000f6400000, 0x00000000f7080000)
 concurrent mark-sweep generation total 134144K, used 64356K [0x00000000f7d00000, 0x0000000100000000, 0x0000000100000000)
 Metaspace       used 53332K, capacity 56798K, committed 57088K, reserved 1099776K
  class space    used 6507K, capacity 7103K, committed 7168K, reserved 1048576K
2023-10-03T09:30:22.320+0800: 1192.829: [GC (Allocation Failure) 2023-10-03T09:30:22.320+0800: 1192.830: [ParNew: 103931K->1635K(115200K), 0.0067677 secs] 168288K->66012K(249344K), 0.0070042 secs] [Times: user=0.06 sys=0.00, real=0.01 secs] 
Heap after GC invocations=312 (full 0):
 par new generation   total 115200K, used 1635K [0x00000000f0000000, 0x00000000f7d00000, 0x00000000f7d00000)
  eden space 102400K,   0% used [0x00000000f0000000, 0x00000000f0000000, 0x00000000f6400000)
  from space 12800K,  12% used [0x00000000f6400000, 0x00000000f6598c38, 0x00000000f7080000)
  to   space 12800K,   0% used [0x00000000f7080000, 0x00000000f7080000, 0x00000000f7d00000)
 concurrent mark-sweep generation total 134144K, used 64377K [0x00000000f7d00000, 0x0000000100000000, 0x0000000100000000)
 Metaspace       used 53332K, capacity 56798K, committed 57088K, reserved 1099776K
  class space    used 6507K, capacity 7103K, committed 7168K, reserved 1048576K
}
{Heap before GC invocations=312 (full 0):
 par new generation   total 115200K, used 104035K [0x00000000f0000000, 0x00000000f7d00000, 0x00000000f7d00000)
  eden space 102400K, 100% used [0x00000000f0000000, 0x00000000f6400000, 0x00000000f6400000)
  from space 12800K,  12% used [0x00000000f6400000, 0x00000000f6598c38, 0x00000000f7080000)
  to   space 12800K,   0% used [0x00000000f7080000, 0x00000000f7080000, 0x00000000f7d00000)
 concurrent mark-sweep generation total 134144K, used 64377K [0x00000000f7d00000, 0x0000000100000000, 0x0000000100000000)
 Metaspace       used 53332K, capacity 56798K, committed 57088K, reserved 1099776K
  class space    used 6507K, capacity 7103K, committed 7168K, reserved 1048576K
2023-10-03T09:30:25.897+0800: 1196.406: [GC (Allocation Failure) 2023-10-03T09:30:25.897+0800: 1196.406: [ParNew: 104035K->1639K(115200K), 0.0203663 secs] 168412K->66022K(249344K), 0.0205959 secs] [Times: user=0.05 sys=0.00, real=0.02 secs] 
Heap after GC invocations=313 (full 0):
 par new generation   total 115200K, used 1639K [0x00000000f0000000, 0x00000000f7d00000, 0x00000000f7d00000)
  eden space 102400K,   0% used [0x00000000f0000000, 0x00000000f0000000, 0x00000000f6400000)
  from space 12800K,  12% used [0x00000000f7080000, 0x00000000f7219f50, 0x00000000f7d00000)
  to   space 12800K,   0% used [0x00000000f6400000, 0x00000000f6400000, 0x00000000f7080000)
 concurrent mark-sweep generation total 134144K, used 64382K [0x00000000f7d00000, 0x0000000100000000, 0x0000000100000000)
 Metaspace       used 53332K, capacity 56798K, committed 57088K, reserved 1099776K
  class space    used 6507K, capacity 7103K, committed 7168K, reserved 1048576K
}
{Heap before GC invocations=313 (full 0):
 par new generation   total 115200K, used 104039K [0x00000000f0000000, 0x00000000f7d00000, 0x00000000f7d00000)
  eden space 102400K, 100% used [0x00000000f0000000, 0x00000000f6400000, 0x00000000f6400000)
  from space 12800K,  12% used [0x00000000f7080000, 0x00000000f7219f50, 0x00000000f7d00000)
  to   space 12800K,   0% used [0x00000000f6400000, 0x00000000f6400000, 0x00000000f7080000)
 concurrent mark-sweep generation total 134144K, used 64382K [0x00000000f7d00000, 0x0000000100000000, 0x0000000100000000)
 Metaspace       used 53332K, capacity 56798K, committed 57088K, reserved 1099776K
  class space    used 6507K, capacity 7103K, committed 7168K, reserved 1048576K
2023-10-03T09:30:29.466+0800: 1199.975: [GC (Allocation Failure) 2023-10-03T09:30:29.466+0800: 1199.975: [ParNew: 104039K->1645K(115200K), 0.0070443 secs] 168422K->66045K(249344K), 0.0072693 secs] [Times: user=0.05 sys=0.01, real=0.01 secs] 
Heap after GC invocations=314 (full 0):
 par new generation   total 115200K, used 1645K [0x00000000f0000000, 0x00000000f7d00000, 0x00000000f7d00000)
  eden space 102400K,   0% used [0x00000000f0000000, 0x00000000f0000000, 0x00000000f6400000)
  from space 12800K,  12% used [0x00000000f6400000, 0x00000000f659b540, 0x00000000f7080000)
  to   space 12800K,   0% used [0x00000000f7080000, 0x00000000f7080000, 0x00000000f7d00000)
 concurrent mark-sweep generation total 134144K, used 64400K [0x00000000f7d00000, 0x0000000100000000, 0x0000000100000000)
 Metaspace       used 53332K, capacity 56798K, committed 57088K, reserved 1099776K
  class space    used 6507K, capacity 7103K, committed 7168K, reserved 1048576K
}
{Heap before GC invocations=314 (full 0):
 par new generation   total 115200K, used 104045K [0x00000000f0000000, 0x00000000f7d00000, 0x00000000f7d00000)
  eden space 102400K, 100% used [0x00000000f0000000, 0x00000000f6400000, 0x00000000f6400000)
  from space 12800K,  12% used [0x00000000f6400000, 0x00000000f659b540, 0x00000000f7080000)
  to   space 12800K,   0% used [0x00000000f7080000, 0x00000000f7080000, 0x00000000f7d00000)
 concurrent mark-sweep generation total 134144K, used 64400K [0x00000000f7d00000, 0x0000000100000000, 0x0000000100000000)
 Metaspace       used 53332K, capacity 56798K, committed 57088K, reserved 1099776K
  class space    used 6507K, capacity 7103K, committed 7168K, reserved 1048576K
2023-10-03T09:30:33.314+0800: 1203.823: [GC (Allocation Failure) 2023-10-03T09:30:33.314+0800: 1203.823: [ParNew: 104045K->2046K(115200K), 0.0036586 secs] 168445K->66453K(249344K), 0.0038846 secs] [Times: user=0.03 sys=0.00, real=0.00 secs] 
Heap after GC invocations=315 (full 0):
 par new generation   total 115200K, used 2046K [0x00000000f0000000, 0x00000000f7d00000, 0x00000000f7d00000)
  eden space 102400K,   0% used [0x00000000f0000000, 0x00000000f0000000, 0x00000000f6400000)
  from space 12800K,  15% used [0x00000000f7080000, 0x00000000f727f980, 0x00000000f7d00000)
  to   space 12800K,   0% used [0x00000000f6400000, 0x00000000f6400000, 0x00000000f7080000)
 concurrent mark-sweep generation total 134144K, used 64407K [0x00000000f7d00000, 0x0000000100000000, 0x0000000100000000)
 Metaspace       used 53332K, capacity 56798K, committed 57088K, reserved 1099776K
  class space    used 6507K, capacity 7103K, committed 7168K, reserved 1048576K
}
{Heap before GC invocations=315 (full 0):
 par new generation   total 115200K, used 104446K [0x00000000f0000000, 0x00000000f7d00000, 0x00000000f7d00000)
  eden space 102400K, 100% used [0x00000000f0000000, 0x00000000f6400000, 0x00000000f6400000)
  from space 12800K,  15% used [0x00000000f7080000, 0x00000000f727f980, 0x00000000f7d00000)
  to   space 12800K,   0% used [0x00000000f6400000, 0x00000000f6400000, 0x00000000f7080000)
 concurrent mark-sweep generation total 134144K, used 64407K [0x00000000f7d00000, 0x0000000100000000, 0x0000000100000000)
 Metaspace       used 53332K, capacity 56798K, committed 57088K, reserved 1099776K
  class space    used 6507K, capacity 7103K, committed 7168K, reserved 1048576K
2023-10-03T09:30:36.880+0800: 1207.389: [GC (Allocation Failure) 2023-10-03T09:30:36.880+0800: 1207.389: [ParNew: 104446K->2107K(115200K), 0.0056546 secs] 168853K->66520K(249344K), 0.0058125 secs] [Times: user=0.05 sys=0.00, real=0.01 secs] 
Heap after GC invocations=316 (full 0):
 par new generation   total 115200K, used 2107K [0x00000000f0000000, 0x00000000f7d00000, 0x00000000f7d00000)
  eden space 102400K,   0% used [0x00000000f0000000, 0x00000000f0000000, 0x00000000f6400000)
  from space 12800K,  16% used [0x00000000f6400000, 0x00000000f660ed00, 0x00000000f7080000)
  to   space 12800K,   0% used [0x00000000f7080000, 0x00000000f7080000, 0x00000000f7d00000)
 concurrent mark-sweep generation total 134144K, used 64413K [0x00000000f7d00000, 0x0000000100000000, 0x0000000100000000)
 Metaspace       used 53332K, capacity 56798K, committed 57088K, reserved 1099776K
  class space    used 6507K, capacity 7103K, committed 7168K, reserved 1048576K
}
{Heap before GC invocations=316 (full 0):
 par new generation   total 115200K, used 104507K [0x00000000f0000000, 0x00000000f7d00000, 0x00000000f7d00000)
  eden space 102400K, 100% used [0x00000000f0000000, 0x00000000f6400000, 0x00000000f6400000)
  from space 12800K,  16% used [0x00000000f6400000, 0x00000000f660ed00, 0x00000000f7080000)
  to   space 12800K,   0% used [0x00000000f7080000, 0x00000000f7080000, 0x00000000f7d00000)
 concurrent mark-sweep generation total 134144K, used 64413K [0x00000000f7d00000, 0x0000000100000000, 0x0000000100000000)
 Metaspace       used 53332K, capacity 56798K, committed 57088K, reserved 1099776K
  class space    used 6507K, capacity 7103K, committed 7168K, reserved 1048576K
2023-10-03T09:30:40.462+0800: 1210.971: [GC (Allocation Failure) 2023-10-03T09:30:40.462+0800: 1210.971: [ParNew: 104507K->1613K(115200K), 0.0073428 secs] 168920K->66156K(249344K), 0.0075979 secs] [Times: user=0.06 sys=0.00, real=0.01 secs] 
Heap after GC invocations=317 (full 0):
 par new generation   total 115200K, used 1613K [0x00000000f0000000, 0x00000000f7d00000, 0x00000000f7d00000)
  eden space 102400K,   0% used [0x00000000f0000000, 0x00000000f0000000, 0x00000000f6400000)
  from space 12800K,  12% used [0x00000000f7080000, 0x00000000f7213620, 0x00000000f7d00000)
  to   space 12800K,   0% used [0x00000000f6400000, 0x00000000f6400000, 0x00000000f7080000)
 concurrent mark-sweep generation total 134144K, used 64542K [0x00000000f7d00000, 0x0000000100000000, 0x0000000100000000)
 Metaspace       used 53332K, capacity 56798K, committed 57088K, reserved 1099776K
  class space    used 6507K, capacity 7103K, committed 7168K, reserved 1048576K
}
{Heap before GC invocations=317 (full 0):
 par new generation   total 115200K, used 104013K [0x00000000f0000000, 0x00000000f7d00000, 0x00000000f7d00000)
  eden space 102400K, 100% used [0x00000000f0000000, 0x00000000f6400000, 0x00000000f6400000)
  from space 12800K,  12% used [0x00000000f7080000, 0x00000000f7213620, 0x00000000f7d00000)
  to   space 12800K,   0% used [0x00000000f6400000, 0x00000000f6400000, 0x00000000f7080000)
 concurrent mark-sweep generation total 134144K, used 64542K [0x00000000f7d00000, 0x0000000100000000, 0x0000000100000000)
 Metaspace       used 53334K, capacity 56798K, committed 57088K, reserved 1099776K
  class space    used 6507K, capacity 7103K, committed 7168K, reserved 1048576K
2023-10-03T09:30:44.026+0800: 1214.535: [GC (Allocation Failure) 2023-10-03T09:30:44.026+0800: 1214.536: [ParNew: 104013K->2061K(115200K), 0.0072332 secs] 168556K->66613K(249344K), 0.0074778 secs] [Times: user=0.07 sys=0.00, real=0.01 secs] 
Heap after GC invocations=318 (full 0):
 par new generation   total 115200K, used 2061K [0x00000000f0000000, 0x00000000f7d00000, 0x00000000f7d00000)
  eden space 102400K,   0% used [0x00000000f0000000, 0x00000000f0000000, 0x00000000f6400000)
  from space 12800K,  16% used [0x00000000f6400000, 0x00000000f66034c0, 0x00000000f7080000)
  to   space 12800K,   0% used [0x00000000f7080000, 0x00000000f7080000, 0x00000000f7d00000)
 concurrent mark-sweep generation total 134144K, used 64552K [0x00000000f7d00000, 0x0000000100000000, 0x0000000100000000)
 Metaspace       used 53334K, capacity 56798K, committed 57088K, reserved 1099776K
  class space    used 6507K, capacity 7103K, committed 7168K, reserved 1048576K
}
{Heap before GC invocations=318 (full 0):
 par new generation   total 115200K, used 104461K [0x00000000f0000000, 0x00000000f7d00000, 0x00000000f7d00000)
  eden space 102400K, 100% used [0x00000000f0000000, 0x00000000f6400000, 0x00000000f6400000)
  from space 12800K,  16% used [0x00000000f6400000, 0x00000000f66034c0, 0x00000000f7080000)
  to   space 12800K,   0% used [0x00000000f7080000, 0x00000000f7080000, 0x00000000f7d00000)
 concurrent mark-sweep generation total 134144K, used 64552K [0x00000000f7d00000, 0x0000000100000000, 0x0000000100000000)
 Metaspace       used 53334K, capacity 56798K, committed 57088K, reserved 1099776K
  class space    used 6507K, capacity 7103K, committed 7168K, reserved 1048576K
2023-10-03T09:30:47.584+0800: 1218.093: [GC (Allocation Failure) 2023-10-03T09:30:47.584+0800: 1218.093: [ParNew: 104461K->1976K(115200K), 0.0073864 secs] 169013K->66535K(249344K), 0.0076362 secs] [Times: user=0.06 sys=0.00, real=0.00 secs] 
Heap after GC invocations=319 (full 0):
 par new generation   total 115200K, used 1976K [0x00000000f0000000, 0x00000000f7d00000, 0x00000000f7d00000)
  eden space 102400K,   0% used [0x00000000f0000000, 0x00000000f0000000, 0x00000000f6400000)
  from space 12800K,  15% used [0x00000000f7080000, 0x00000000f726e200, 0x00000000f7d00000)
  to   space 12800K,   0% used [0x00000000f6400000, 0x00000000f6400000, 0x00000000f7080000)
 concurrent mark-sweep generation total 134144K, used 64559K [0x00000000f7d00000, 0x0000000100000000, 0x0000000100000000)
 Metaspace       used 53334K, capacity 56798K, committed 57088K, reserved 1099776K
  class space    used 6507K, capacity 7103K, committed 7168K, reserved 1048576K
}
{Heap before GC invocations=319 (full 0):
 par new generation   total 115200K, used 104376K [0x00000000f0000000, 0x00000000f7d00000, 0x00000000f7d00000)
  eden space 102400K, 100% used [0x00000000f0000000, 0x00000000f6400000, 0x00000000f6400000)
  from space 12800K,  15% used [0x00000000f7080000, 0x00000000f726e200, 0x00000000f7d00000)
  to   space 12800K,   0% used [0x00000000f6400000, 0x00000000f6400000, 0x00000000f7080000)
 concurrent mark-sweep generation total 134144K, used 64559K [0x00000000f7d00000, 0x0000000100000000, 0x0000000100000000)
 Metaspace       used 53334K, capacity 56798K, committed 57088K, reserved 1099776K
  class space    used 6507K, capacity 7103K, committed 7168K, reserved 1048576K
2023-10-03T09:30:51.180+0800: 1221.690: [GC (Allocation Failure) 2023-10-03T09:30:51.181+0800: 1221.690: [ParNew: 104376K->2005K(115200K), 0.0074781 secs] 168935K->66575K(249344K), 0.0077458 secs] [Times: user=0.07 sys=0.00, real=0.01 secs] 
Heap after GC invocations=320 (full 0):
 par new generation   total 115200K, used 2005K [0x00000000f0000000, 0x00000000f7d00000, 0x00000000f7d00000)
  eden space 102400K,   0% used [0x00000000f0000000, 0x00000000f0000000, 0x00000000f6400000)
  from space 12800K,  15% used [0x00000000f6400000, 0x00000000f65f5500, 0x00000000f7080000)
  to   space 12800K,   0% used [0x00000000f7080000, 0x00000000f7080000, 0x00000000f7d00000)
 concurrent mark-sweep generation total 134144K, used 64569K [0x00000000f7d00000, 0x0000000100000000, 0x0000000100000000)
 Metaspace       used 53334K, capacity 56798K, committed 57088K, reserved 1099776K
  class space    used 6507K, capacity 7103K, committed 7168K, reserved 1048576K
}
{Heap before GC invocations=320 (full 0):
 par new generation   total 115200K, used 104405K [0x00000000f0000000, 0x00000000f7d00000, 0x00000000f7d00000)
  eden space 102400K, 100% used [0x00000000f0000000, 0x00000000f6400000, 0x00000000f6400000)
  from space 12800K,  15% used [0x00000000f6400000, 0x00000000f65f5500, 0x00000000f7080000)
  to   space 12800K,   0% used [0x00000000f7080000, 0x00000000f7080000, 0x00000000f7d00000)
 concurrent mark-sweep generation total 134144K, used 64569K [0x00000000f7d00000, 0x0000000100000000, 0x0000000100000000)
 Metaspace       used 53334K, capacity 56798K, committed 57088K, reserved 1099776K
  class space    used 6507K, capacity 7103K, committed 7168K, reserved 1048576K
2023-10-03T09:30:55.031+0800: 1225.540: [GC (Allocation Failure) 2023-10-03T09:30:55.031+0800: 1225.540: [ParNew: 104405K->1610K(115200K), 0.0063931 secs] 168975K->66243K(249344K), 0.0065632 secs] [Times: user=0.06 sys=0.00, real=0.01 secs] 
Heap after GC invocations=321 (full 0):
 par new generation   total 115200K, used 1610K [0x00000000f0000000, 0x00000000f7d00000, 0x00000000f7d00000)
  eden space 102400K,   0% used [0x00000000f0000000, 0x00000000f0000000, 0x00000000f6400000)
  from space 12800K,  12% used [0x00000000f7080000, 0x00000000f7212a50, 0x00000000f7d00000)
  to   space 12800K,   0% used [0x00000000f6400000, 0x00000000f6400000, 0x00000000f7080000)
 concurrent mark-sweep generation total 134144K, used 64632K [0x00000000f7d00000, 0x0000000100000000, 0x0000000100000000)
 Metaspace       used 53334K, capacity 56798K, committed 57088K, reserved 1099776K
  class space    used 6507K, capacity 7103K, committed 7168K, reserved 1048576K
}
{Heap before GC invocations=321 (full 0):
 par new generation   total 115200K, used 104010K [0x00000000f0000000, 0x00000000f7d00000, 0x00000000f7d00000)
  eden space 102400K, 100% used [0x00000000f0000000, 0x00000000f6400000, 0x00000000f6400000)
  from space 12800K,  12% used [0x00000000f7080000, 0x00000000f7212a50, 0x00000000f7d00000)
  to   space 12800K,   0% used [0x00000000f6400000, 0x00000000f6400000, 0x00000000f7080000)
 concurrent mark-sweep generation total 134144K, used 64632K [0x00000000f7d00000, 0x0000000100000000, 0x0000000100000000)
 Metaspace       used 53334K, capacity 56798K, committed 57088K, reserved 1099776K
  class space    used 6507K, capacity 7103K, committed 7168K, reserved 1048576K
2023-10-03T09:30:58.592+0800: 1229.101: [GC (Allocation Failure) 2023-10-03T09:30:58.592+0800: 1229.101: [ParNew: 104010K->1657K(115200K), 0.0063505 secs] 168643K->66322K(249344K), 0.0065373 secs] [Times: user=0.05 sys=0.01, real=0.01 secs] 
Heap after GC invocations=322 (full 0):
 par new generation   total 115200K, used 1657K [0x00000000f0000000, 0x00000000f7d00000, 0x00000000f7d00000)
  eden space 102400K,   0% used [0x00000000f0000000, 0x00000000f0000000, 0x00000000f6400000)
  from space 12800K,  12% used [0x00000000f6400000, 0x00000000f659e490, 0x00000000f7080000)
  to   space 12800K,   0% used [0x00000000f7080000, 0x00000000f7080000, 0x00000000f7d00000)
 concurrent mark-sweep generation total 134144K, used 64665K [0x00000000f7d00000, 0x0000000100000000, 0x0000000100000000)
 Metaspace       used 53334K, capacity 56798K, committed 57088K, reserved 1099776K
  class space    used 6507K, capacity 7103K, committed 7168K, reserved 1048576K
}
{Heap before GC invocations=322 (full 0):
 par new generation   total 115200K, used 104057K [0x00000000f0000000, 0x00000000f7d00000, 0x00000000f7d00000)
  eden space 102400K, 100% used [0x00000000f0000000, 0x00000000f6400000, 0x00000000f6400000)
  from space 12800K,  12% used [0x00000000f6400000, 0x00000000f659e490, 0x00000000f7080000)
  to   space 12800K,   0% used [0x00000000f7080000, 0x00000000f7080000, 0x00000000f7d00000)
 concurrent mark-sweep generation total 134144K, used 64665K [0x00000000f7d00000, 0x0000000100000000, 0x0000000100000000)
 Metaspace       used 53334K, capacity 56798K, committed 57088K, reserved 1099776K
  class space    used 6507K, capacity 7103K, committed 7168K, reserved 1048576K
2023-10-03T09:31:02.152+0800: 1232.662: [GC (Allocation Failure) 2023-10-03T09:31:02.152+0800: 1232.662: [ParNew: 104057K->2404K(115200K), 0.0061899 secs] 168722K->67086K(249344K), 0.0063635 secs] [Times: user=0.05 sys=0.00, real=0.00 secs] 
Heap after GC invocations=323 (full 0):
 par new generation   total 115200K, used 2404K [0x00000000f0000000, 0x00000000f7d00000, 0x00000000f7d00000)
  eden space 102400K,   0% used [0x00000000f0000000, 0x00000000f0000000, 0x00000000f6400000)
  from space 12800K,  18% used [0x00000000f7080000, 0x00000000f72d9008, 0x00000000f7d00000)
  to   space 12800K,   0% used [0x00000000f6400000, 0x00000000f6400000, 0x00000000f7080000)
 concurrent mark-sweep generation total 134144K, used 64682K [0x00000000f7d00000, 0x0000000100000000, 0x0000000100000000)
 Metaspace       used 53334K, capacity 56798K, committed 57088K, reserved 1099776K
  class space    used 6507K, capacity 7103K, committed 7168K, reserved 1048576K
}
{Heap before GC invocations=323 (full 0):
 par new generation   total 115200K, used 104804K [0x00000000f0000000, 0x00000000f7d00000, 0x00000000f7d00000)
  eden space 102400K, 100% used [0x00000000f0000000, 0x00000000f6400000, 0x00000000f6400000)
  from space 12800K,  18% used [0x00000000f7080000, 0x00000000f72d9008, 0x00000000f7d00000)
  to   space 12800K,   0% used [0x00000000f6400000, 0x00000000f6400000, 0x00000000f7080000)
 concurrent mark-sweep generation total 134144K, used 64682K [0x00000000f7d00000, 0x0000000100000000, 0x0000000100000000)
 Metaspace       used 53334K, capacity 56798K, committed 57088K, reserved 1099776K
  class space    used 6507K, capacity 7103K, committed 7168K, reserved 1048576K
2023-10-03T09:31:05.717+0800: 1236.226: [GC (Allocation Failure) 2023-10-03T09:31:05.717+0800: 1236.226: [ParNew: 104804K->2770K(115200K), 0.0068091 secs] 169486K->67454K(249344K), 0.0070341 secs] [Times: user=0.06 sys=0.00, real=0.01 secs] 
Heap after GC invocations=324 (full 0):
 par new generation   total 115200K, used 2770K [0x00000000f0000000, 0x00000000f7d00000, 0x00000000f7d00000)
  eden space 102400K,   0% used [0x00000000f0000000, 0x00000000f0000000, 0x00000000f6400000)
  from space 12800K,  21% used [0x00000000f6400000, 0x00000000f66b4b80, 0x00000000f7080000)
  to   space 12800K,   0% used [0x00000000f7080000, 0x00000000f7080000, 0x00000000f7d00000)
 concurrent mark-sweep generation total 134144K, used 64683K [0x00000000f7d00000, 0x0000000100000000, 0x0000000100000000)
 Metaspace       used 53334K, capacity 56798K, committed 57088K, reserved 1099776K
  class space    used 6507K, capacity 7103K, committed 7168K, reserved 1048576K
}
{Heap before GC invocations=324 (full 0):
 par new generation   total 115200K, used 105170K [0x00000000f0000000, 0x00000000f7d00000, 0x00000000f7d00000)
  eden space 102400K, 100% used [0x00000000f0000000, 0x00000000f6400000, 0x00000000f6400000)
  from space 12800K,  21% used [0x00000000f6400000, 0x00000000f66b4b80, 0x00000000f7080000)
  to   space 12800K,   0% used [0x00000000f7080000, 0x00000000f7080000, 0x00000000f7d00000)
 concurrent mark-sweep generation total 134144K, used 64683K [0x00000000f7d00000, 0x0000000100000000, 0x0000000100000000)
 Metaspace       used 53334K, capacity 56798K, committed 57088K, reserved 1099776K
  class space    used 6507K, capacity 7103K, committed 7168K, reserved 1048576K
2023-10-03T09:31:09.286+0800: 1239.796: [GC (Allocation Failure) 2023-10-03T09:31:09.287+0800: 1239.796: [ParNew: 105170K->2638K(115200K), 0.0069179 secs] 169854K->67333K(249344K), 0.0071606 secs] [Times: user=0.06 sys=0.00, real=0.01 secs] 
Heap after GC invocations=325 (full 0):
 par new generation   total 115200K, used 2638K [0x00000000f0000000, 0x00000000f7d00000, 0x00000000f7d00000)
  eden space 102400K,   0% used [0x00000000f0000000, 0x00000000f0000000, 0x00000000f6400000)
  from space 12800K,  20% used [0x00000000f7080000, 0x00000000f7313b20, 0x00000000f7d00000)
  to   space 12800K,   0% used [0x00000000f6400000, 0x00000000f6400000, 0x00000000f7080000)
 concurrent mark-sweep generation total 134144K, used 64694K [0x00000000f7d00000, 0x0000000100000000, 0x0000000100000000)
 Metaspace       used 53334K, capacity 56798K, committed 57088K, reserved 1099776K
  class space    used 6507K, capacity 7103K, committed 7168K, reserved 1048576K
}
{Heap before GC invocations=325 (full 0):
 par new generation   total 115200K, used 105038K [0x00000000f0000000, 0x00000000f7d00000, 0x00000000f7d00000)
  eden space 102400K, 100% used [0x00000000f0000000, 0x00000000f6400000, 0x00000000f6400000)
  from space 12800K,  20% used [0x00000000f7080000, 0x00000000f7313b20, 0x00000000f7d00000)
  to   space 12800K,   0% used [0x00000000f6400000, 0x00000000f6400000, 0x00000000f7080000)
 concurrent mark-sweep generation total 134144K, used 64694K [0x00000000f7d00000, 0x0000000100000000, 0x0000000100000000)
 Metaspace       used 53334K, capacity 56798K, committed 57088K, reserved 1099776K
  class space    used 6507K, capacity 7103K, committed 7168K, reserved 1048576K
2023-10-03T09:31:12.876+0800: 1243.385: [GC (Allocation Failure) 2023-10-03T09:31:12.876+0800: 1243.385: [ParNew: 105038K->2665K(115200K), 0.0067324 secs] 169733K->67361K(249344K), 0.0069643 secs] [Times: user=0.06 sys=0.00, real=0.01 secs] 
Heap after GC invocations=326 (full 0):
 par new generation   total 115200K, used 2665K [0x00000000f0000000, 0x00000000f7d00000, 0x00000000f7d00000)
  eden space 102400K,   0% used [0x00000000f0000000, 0x00000000f0000000, 0x00000000f6400000)
  from space 12800K,  20% used [0x00000000f6400000, 0x00000000f669a500, 0x00000000f7080000)
  to   space 12800K,   0% used [0x00000000f7080000, 0x00000000f7080000, 0x00000000f7d00000)
 concurrent mark-sweep generation total 134144K, used 64696K [0x00000000f7d00000, 0x0000000100000000, 0x0000000100000000)
 Metaspace       used 53334K, capacity 56798K, committed 57088K, reserved 1099776K
  class space    used 6507K, capacity 7103K, committed 7168K, reserved 1048576K
}
{Heap before GC invocations=326 (full 0):
 par new generation   total 115200K, used 105065K [0x00000000f0000000, 0x00000000f7d00000, 0x00000000f7d00000)
  eden space 102400K, 100% used [0x00000000f0000000, 0x00000000f6400000, 0x00000000f6400000)
  from space 12800K,  20% used [0x00000000f6400000, 0x00000000f669a500, 0x00000000f7080000)
  to   space 12800K,   0% used [0x00000000f7080000, 0x00000000f7080000, 0x00000000f7d00000)
 concurrent mark-sweep generation total 134144K, used 64696K [0x00000000f7d00000, 0x0000000100000000, 0x0000000100000000)
 Metaspace       used 53334K, capacity 56798K, committed 57088K, reserved 1099776K
  class space    used 6507K, capacity 7103K, committed 7168K, reserved 1048576K
2023-10-03T09:31:16.443+0800: 1246.953: [GC (Allocation Failure) 2023-10-03T09:31:16.444+0800: 1246.953: [ParNew: 105065K->2646K(115200K), 0.0066756 secs] 169761K->67346K(249344K), 0.0069171 secs] [Times: user=0.06 sys=0.00, real=0.00 secs] 
Heap after GC invocations=327 (full 0):
 par new generation   total 115200K, used 2646K [0x00000000f0000000, 0x00000000f7d00000, 0x00000000f7d00000)
  eden space 102400K,   0% used [0x00000000f0000000, 0x00000000f0000000, 0x00000000f6400000)
  from space 12800K,  20% used [0x00000000f7080000, 0x00000000f73158e0, 0x00000000f7d00000)
  to   space 12800K,   0% used [0x00000000f6400000, 0x00000000f6400000, 0x00000000f7080000)
 concurrent mark-sweep generation total 134144K, used 64700K [0x00000000f7d00000, 0x0000000100000000, 0x0000000100000000)
 Metaspace       used 53334K, capacity 56798K, committed 57088K, reserved 1099776K
  class space    used 6507K, capacity 7103K, committed 7168K, reserved 1048576K
}
{Heap before GC invocations=327 (full 0):
 par new generation   total 115200K, used 105046K [0x00000000f0000000, 0x00000000f7d00000, 0x00000000f7d00000)
  eden space 102400K, 100% used [0x00000000f0000000, 0x00000000f6400000, 0x00000000f6400000)
  from space 12800K,  20% used [0x00000000f7080000, 0x00000000f73158e0, 0x00000000f7d00000)
  to   space 12800K,   0% used [0x00000000f6400000, 0x00000000f6400000, 0x00000000f7080000)
 concurrent mark-sweep generation total 134144K, used 64700K [0x00000000f7d00000, 0x0000000100000000, 0x0000000100000000)
 Metaspace       used 53334K, capacity 56798K, committed 57088K, reserved 1099776K
  class space    used 6507K, capacity 7103K, committed 7168K, reserved 1048576K
2023-10-03T09:31:20.285+0800: 1250.794: [GC (Allocation Failure) 2023-10-03T09:31:20.285+0800: 1250.795: [ParNew: 105046K->2702K(115200K), 0.0060608 secs] 169746K->67413K(249344K), 0.0062577 secs] [Times: user=0.05 sys=0.00, real=0.00 secs] 
Heap after GC invocations=328 (full 0):
 par new generation   total 115200K, used 2702K [0x00000000f0000000, 0x00000000f7d00000, 0x00000000f7d00000)
  eden space 102400K,   0% used [0x00000000f0000000, 0x00000000f0000000, 0x00000000f6400000)
  from space 12800K,  21% used [0x00000000f6400000, 0x00000000f66a3870, 0x00000000f7080000)
  to   space 12800K,   0% used [0x00000000f7080000, 0x00000000f7080000, 0x00000000f7d00000)
 concurrent mark-sweep generation total 134144K, used 64711K [0x00000000f7d00000, 0x0000000100000000, 0x0000000100000000)
 Metaspace       used 53334K, capacity 56798K, committed 57088K, reserved 1099776K
  class space    used 6507K, capacity 7103K, committed 7168K, reserved 1048576K
}
{Heap before GC invocations=328 (full 0):
 par new generation   total 115200K, used 105102K [0x00000000f0000000, 0x00000000f7d00000, 0x00000000f7d00000)
  eden space 102400K, 100% used [0x00000000f0000000, 0x00000000f6400000, 0x00000000f6400000)
  from space 12800K,  21% used [0x00000000f6400000, 0x00000000f66a3870, 0x00000000f7080000)
  to   space 12800K,   0% used [0x00000000f7080000, 0x00000000f7080000, 0x00000000f7d00000)
 concurrent mark-sweep generation total 134144K, used 64711K [0x00000000f7d00000, 0x0000000100000000, 0x0000000100000000)
 Metaspace       used 53334K, capacity 56798K, committed 57088K, reserved 1099776K
  class space    used 6507K, capacity 7103K, committed 7168K, reserved 1048576K
2023-10-03T09:31:23.869+0800: 1254.378: [GC (Allocation Failure) 2023-10-03T09:31:23.869+0800: 1254.379: [ParNew: 105102K->2125K(115200K), 0.0064458 secs] 169813K->67627K(249344K), 0.0066368 secs] [Times: user=0.05 sys=0.00, real=0.01 secs] 
Heap after GC invocations=329 (full 0):
 par new generation   total 115200K, used 2125K [0x00000000f0000000, 0x00000000f7d00000, 0x00000000f7d00000)
  eden space 102400K,   0% used [0x00000000f0000000, 0x00000000f0000000, 0x00000000f6400000)
  from space 12800K,  16% used [0x00000000f7080000, 0x00000000f72935f8, 0x00000000f7d00000)
  to   space 12800K,   0% used [0x00000000f6400000, 0x00000000f6400000, 0x00000000f7080000)
 concurrent mark-sweep generation total 134144K, used 65501K [0x00000000f7d00000, 0x0000000100000000, 0x0000000100000000)
 Metaspace       used 53334K, capacity 56798K, committed 57088K, reserved 1099776K
  class space    used 6507K, capacity 7103K, committed 7168K, reserved 1048576K
}
{Heap before GC invocations=329 (full 0):
 par new generation   total 115200K, used 104525K [0x00000000f0000000, 0x00000000f7d00000, 0x00000000f7d00000)
  eden space 102400K, 100% used [0x00000000f0000000, 0x00000000f6400000, 0x00000000f6400000)
  from space 12800K,  16% used [0x00000000f7080000, 0x00000000f72935f8, 0x00000000f7d00000)
  to   space 12800K,   0% used [0x00000000f6400000, 0x00000000f6400000, 0x00000000f7080000)
 concurrent mark-sweep generation total 134144K, used 65501K [0x00000000f7d00000, 0x0000000100000000, 0x0000000100000000)
 Metaspace       used 53334K, capacity 56798K, committed 57088K, reserved 1099776K
  class space    used 6507K, capacity 7103K, committed 7168K, reserved 1048576K
2023-10-03T09:31:27.428+0800: 1257.937: [GC (Allocation Failure) 2023-10-03T09:31:27.428+0800: 1257.937: [ParNew: 104525K->1757K(115200K), 0.0064380 secs] 170027K->67265K(249344K), 0.0066950 secs] [Times: user=0.05 sys=0.00, real=0.01 secs] 
Heap after GC invocations=330 (full 0):
 par new generation   total 115200K, used 1757K [0x00000000f0000000, 0x00000000f7d00000, 0x00000000f7d00000)
  eden space 102400K,   0% used [0x00000000f0000000, 0x00000000f0000000, 0x00000000f6400000)
  from space 12800K,  13% used [0x00000000f6400000, 0x00000000f65b7568, 0x00000000f7080000)
  to   space 12800K,   0% used [0x00000000f7080000, 0x00000000f7080000, 0x00000000f7d00000)
 concurrent mark-sweep generation total 134144K, used 65508K [0x00000000f7d00000, 0x0000000100000000, 0x0000000100000000)
 Metaspace       used 53334K, capacity 56798K, committed 57088K, reserved 1099776K
  class space    used 6507K, capacity 7103K, committed 7168K, reserved 1048576K
}
{Heap before GC invocations=330 (full 0):
 par new generation   total 115200K, used 104157K [0x00000000f0000000, 0x00000000f7d00000, 0x00000000f7d00000)
  eden space 102400K, 100% used [0x00000000f0000000, 0x00000000f6400000, 0x00000000f6400000)
  from space 12800K,  13% used [0x00000000f6400000, 0x00000000f65b7568, 0x00000000f7080000)
  to   space 12800K,   0% used [0x00000000f7080000, 0x00000000f7080000, 0x00000000f7d00000)
 concurrent mark-sweep generation total 134144K, used 65508K [0x00000000f7d00000, 0x0000000100000000, 0x0000000100000000)
 Metaspace       used 53334K, capacity 56798K, committed 57088K, reserved 1099776K
  class space    used 6507K, capacity 7103K, committed 7168K, reserved 1048576K
2023-10-03T09:31:30.997+0800: 1261.507: [GC (Allocation Failure) 2023-10-03T09:31:30.998+0800: 1261.507: [ParNew: 104157K->1435K(115200K), 0.0197779 secs] 169665K->66948K(249344K), 0.0200100 secs] [Times: user=0.06 sys=0.00, real=0.02 secs] 
Heap after GC invocations=331 (full 0):
 par new generation   total 115200K, used 1435K [0x00000000f0000000, 0x00000000f7d00000, 0x00000000f7d00000)
  eden space 102400K,   0% used [0x00000000f0000000, 0x00000000f0000000, 0x00000000f6400000)
  from space 12800K,  11% used [0x00000000f7080000, 0x00000000f71e6c50, 0x00000000f7d00000)
  to   space 12800K,   0% used [0x00000000f6400000, 0x00000000f6400000, 0x00000000f7080000)
 concurrent mark-sweep generation total 134144K, used 65513K [0x00000000f7d00000, 0x0000000100000000, 0x0000000100000000)
 Metaspace       used 53334K, capacity 56798K, committed 57088K, reserved 1099776K
  class space    used 6507K, capacity 7103K, committed 7168K, reserved 1048576K
}
{Heap before GC invocations=331 (full 0):
 par new generation   total 115200K, used 103835K [0x00000000f0000000, 0x00000000f7d00000, 0x00000000f7d00000)
  eden space 102400K, 100% used [0x00000000f0000000, 0x00000000f6400000, 0x00000000f6400000)
  from space 12800K,  11% used [0x00000000f7080000, 0x00000000f71e6c50, 0x00000000f7d00000)
  to   space 12800K,   0% used [0x00000000f6400000, 0x00000000f6400000, 0x00000000f7080000)
 concurrent mark-sweep generation total 134144K, used 65513K [0x00000000f7d00000, 0x0000000100000000, 0x0000000100000000)
 Metaspace       used 53334K, capacity 56798K, committed 57088K, reserved 1099776K
  class space    used 6507K, capacity 7103K, committed 7168K, reserved 1048576K
2023-10-03T09:31:34.580+0800: 1265.089: [GC (Allocation Failure) 2023-10-03T09:31:34.580+0800: 1265.089: [ParNew: 103835K->1393K(115200K), 0.0068879 secs] 169348K->66918K(249344K), 0.0071379 secs] [Times: user=0.06 sys=0.00, real=0.01 secs] 
Heap after GC invocations=332 (full 0):
 par new generation   total 115200K, used 1393K [0x00000000f0000000, 0x00000000f7d00000, 0x00000000f7d00000)
  eden space 102400K,   0% used [0x00000000f0000000, 0x00000000f0000000, 0x00000000f6400000)
  from space 12800K,  10% used [0x00000000f6400000, 0x00000000f655c7e0, 0x00000000f7080000)
  to   space 12800K,   0% used [0x00000000f7080000, 0x00000000f7080000, 0x00000000f7d00000)
 concurrent mark-sweep generation total 134144K, used 65524K [0x00000000f7d00000, 0x0000000100000000, 0x0000000100000000)
 Metaspace       used 53334K, capacity 56798K, committed 57088K, reserved 1099776K
  class space    used 6507K, capacity 7103K, committed 7168K, reserved 1048576K
}
{Heap before GC invocations=332 (full 0):
 par new generation   total 115200K, used 103793K [0x00000000f0000000, 0x00000000f7d00000, 0x00000000f7d00000)
  eden space 102400K, 100% used [0x00000000f0000000, 0x00000000f6400000, 0x00000000f6400000)
  from space 12800K,  10% used [0x00000000f6400000, 0x00000000f655c7e0, 0x00000000f7080000)
  to   space 12800K,   0% used [0x00000000f7080000, 0x00000000f7080000, 0x00000000f7d00000)
 concurrent mark-sweep generation total 134144K, used 65524K [0x00000000f7d00000, 0x0000000100000000, 0x0000000100000000)
 Metaspace       used 53334K, capacity 56798K, committed 57088K, reserved 1099776K
  class space    used 6507K, capacity 7103K, committed 7168K, reserved 1048576K
2023-10-03T09:31:38.156+0800: 1268.665: [GC (Allocation Failure) 2023-10-03T09:31:38.156+0800: 1268.665: [ParNew: 103793K->1521K(115200K), 0.0064149 secs] 169318K->67061K(249344K), 0.0066912 secs] [Times: user=0.05 sys=0.01, real=0.01 secs] 
Heap after GC invocations=333 (full 0):
 par new generation   total 115200K, used 1521K [0x00000000f0000000, 0x00000000f7d00000, 0x00000000f7d00000)
  eden space 102400K,   0% used [0x00000000f0000000, 0x00000000f0000000, 0x00000000f6400000)
  from space 12800K,  11% used [0x00000000f7080000, 0x00000000f71fc608, 0x00000000f7d00000)
  to   space 12800K,   0% used [0x00000000f6400000, 0x00000000f6400000, 0x00000000f7080000)
 concurrent mark-sweep generation total 134144K, used 65540K [0x00000000f7d00000, 0x0000000100000000, 0x0000000100000000)
 Metaspace       used 53334K, capacity 56798K, committed 57088K, reserved 1099776K
  class space    used 6507K, capacity 7103K, committed 7168K, reserved 1048576K
}
{Heap before GC invocations=333 (full 0):
 par new generation   total 115200K, used 103921K [0x00000000f0000000, 0x00000000f7d00000, 0x00000000f7d00000)
  eden space 102400K, 100% used [0x00000000f0000000, 0x00000000f6400000, 0x00000000f6400000)
  from space 12800K,  11% used [0x00000000f7080000, 0x00000000f71fc608, 0x00000000f7d00000)
  to   space 12800K,   0% used [0x00000000f6400000, 0x00000000f6400000, 0x00000000f7080000)
 concurrent mark-sweep generation total 134144K, used 65540K [0x00000000f7d00000, 0x0000000100000000, 0x0000000100000000)
 Metaspace       used 53334K, capacity 56798K, committed 57088K, reserved 1099776K
  class space    used 6507K, capacity 7103K, committed 7168K, reserved 1048576K
2023-10-03T09:31:41.999+0800: 1272.508: [GC (Allocation Failure) 2023-10-03T09:31:41.999+0800: 1272.508: [ParNew: 103921K->1506K(115200K), 0.0028915 secs] 169461K->67048K(249344K), 0.0030649 secs] [Times: user=0.01 sys=0.00, real=0.01 secs] 
Heap after GC invocations=334 (full 0):
 par new generation   total 115200K, used 1506K [0x00000000f0000000, 0x00000000f7d00000, 0x00000000f7d00000)
  eden space 102400K,   0% used [0x00000000f0000000, 0x00000000f0000000, 0x00000000f6400000)
  from space 12800K,  11% used [0x00000000f6400000, 0x00000000f6578848, 0x00000000f7080000)
  to   space 12800K,   0% used [0x00000000f7080000, 0x00000000f7080000, 0x00000000f7d00000)
 concurrent mark-sweep generation total 134144K, used 65542K [0x00000000f7d00000, 0x0000000100000000, 0x0000000100000000)
 Metaspace       used 53334K, capacity 56798K, committed 57088K, reserved 1099776K
  class space    used 6507K, capacity 7103K, committed 7168K, reserved 1048576K
}
{Heap before GC invocations=334 (full 0):
 par new generation   total 115200K, used 103906K [0x00000000f0000000, 0x00000000f7d00000, 0x00000000f7d00000)
  eden space 102400K, 100% used [0x00000000f0000000, 0x00000000f6400000, 0x00000000f6400000)
  from space 12800K,  11% used [0x00000000f6400000, 0x00000000f6578848, 0x00000000f7080000)
  to   space 12800K,   0% used [0x00000000f7080000, 0x00000000f7080000, 0x00000000f7d00000)
 concurrent mark-sweep generation total 134144K, used 65542K [0x00000000f7d00000, 0x0000000100000000, 0x0000000100000000)
 Metaspace       used 53334K, capacity 56798K, committed 57088K, reserved 1099776K
  class space    used 6507K, capacity 7103K, committed 7168K, reserved 1048576K
2023-10-03T09:31:45.570+0800: 1276.079: [GC (Allocation Failure) 2023-10-03T09:31:45.570+0800: 1276.079: [ParNew: 103906K->1411K(115200K), 0.0057463 secs] 169448K->66989K(249344K), 0.0059448 secs] [Times: user=0.05 sys=0.00, real=0.01 secs] 
Heap after GC invocations=335 (full 0):
 par new generation   total 115200K, used 1411K [0x00000000f0000000, 0x00000000f7d00000, 0x00000000f7d00000)
  eden space 102400K,   0% used [0x00000000f0000000, 0x00000000f0000000, 0x00000000f6400000)
  from space 12800K,  11% used [0x00000000f7080000, 0x00000000f71e0d40, 0x00000000f7d00000)
  to   space 12800K,   0% used [0x00000000f6400000, 0x00000000f6400000, 0x00000000f7080000)
 concurrent mark-sweep generation total 134144K, used 65578K [0x00000000f7d00000, 0x0000000100000000, 0x0000000100000000)
 Metaspace       used 53334K, capacity 56798K, committed 57088K, reserved 1099776K
  class space    used 6507K, capacity 7103K, committed 7168K, reserved 1048576K
}
{Heap before GC invocations=335 (full 0):
 par new generation   total 115200K, used 103811K [0x00000000f0000000, 0x00000000f7d00000, 0x00000000f7d00000)
  eden space 102400K, 100% used [0x00000000f0000000, 0x00000000f6400000, 0x00000000f6400000)
  from space 12800K,  11% used [0x00000000f7080000, 0x00000000f71e0d40, 0x00000000f7d00000)
  to   space 12800K,   0% used [0x00000000f6400000, 0x00000000f6400000, 0x00000000f7080000)
 concurrent mark-sweep generation total 134144K, used 65578K [0x00000000f7d00000, 0x0000000100000000, 0x0000000100000000)
 Metaspace       used 53336K, capacity 56798K, committed 57088K, reserved 1099776K
  class space    used 6507K, capacity 7103K, committed 7168K, reserved 1048576K
2023-10-03T09:31:49.128+0800: 1279.637: [GC (Allocation Failure) 2023-10-03T09:31:49.128+0800: 1279.637: [ParNew: 103811K->1578K(115200K), 0.0067370 secs] 169389K->67160K(249344K), 0.0069646 secs] [Times: user=0.05 sys=0.00, real=0.01 secs] 
Heap after GC invocations=336 (full 0):
 par new generation   total 115200K, used 1578K [0x00000000f0000000, 0x00000000f7d00000, 0x00000000f7d00000)
  eden space 102400K,   0% used [0x00000000f0000000, 0x00000000f0000000, 0x00000000f6400000)
  from space 12800K,  12% used [0x00000000f6400000, 0x00000000f658abc0, 0x00000000f7080000)
  to   space 12800K,   0% used [0x00000000f7080000, 0x00000000f7080000, 0x00000000f7d00000)
 concurrent mark-sweep generation total 134144K, used 65581K [0x00000000f7d00000, 0x0000000100000000, 0x0000000100000000)
 Metaspace       used 53336K, capacity 56798K, committed 57088K, reserved 1099776K
  class space    used 6507K, capacity 7103K, committed 7168K, reserved 1048576K
}
{Heap before GC invocations=336 (full 0):
 par new generation   total 115200K, used 103978K [0x00000000f0000000, 0x00000000f7d00000, 0x00000000f7d00000)
  eden space 102400K, 100% used [0x00000000f0000000, 0x00000000f6400000, 0x00000000f6400000)
  from space 12800K,  12% used [0x00000000f6400000, 0x00000000f658abc0, 0x00000000f7080000)
  to   space 12800K,   0% used [0x00000000f7080000, 0x00000000f7080000, 0x00000000f7d00000)
 concurrent mark-sweep generation total 134144K, used 65581K [0x00000000f7d00000, 0x0000000100000000, 0x0000000100000000)
 Metaspace       used 53336K, capacity 56798K, committed 57088K, reserved 1099776K
  class space    used 6507K, capacity 7103K, committed 7168K, reserved 1048576K
2023-10-03T09:31:52.724+0800: 1283.233: [GC (Allocation Failure) 2023-10-03T09:31:52.724+0800: 1283.233: [ParNew: 103978K->1471K(115200K), 0.0067645 secs] 169560K->67068K(249344K), 0.0070196 secs] [Times: user=0.06 sys=0.00, real=0.00 secs] 
Heap after GC invocations=337 (full 0):
 par new generation   total 115200K, used 1471K [0x00000000f0000000, 0x00000000f7d00000, 0x00000000f7d00000)
  eden space 102400K,   0% used [0x00000000f0000000, 0x00000000f0000000, 0x00000000f6400000)
  from space 12800K,  11% used [0x00000000f7080000, 0x00000000f71efdc0, 0x00000000f7d00000)
  to   space 12800K,   0% used [0x00000000f6400000, 0x00000000f6400000, 0x00000000f7080000)
 concurrent mark-sweep generation total 134144K, used 65597K [0x00000000f7d00000, 0x0000000100000000, 0x0000000100000000)
 Metaspace       used 53336K, capacity 56798K, committed 57088K, reserved 1099776K
  class space    used 6507K, capacity 7103K, committed 7168K, reserved 1048576K
}
{Heap before GC invocations=337 (full 0):
 par new generation   total 115200K, used 103871K [0x00000000f0000000, 0x00000000f7d00000, 0x00000000f7d00000)
  eden space 102400K, 100% used [0x00000000f0000000, 0x00000000f6400000, 0x00000000f6400000)
  from space 12800K,  11% used [0x00000000f7080000, 0x00000000f71efdc0, 0x00000000f7d00000)
  to   space 12800K,   0% used [0x00000000f6400000, 0x00000000f6400000, 0x00000000f7080000)
 concurrent mark-sweep generation total 134144K, used 65597K [0x00000000f7d00000, 0x0000000100000000, 0x0000000100000000)
 Metaspace       used 53336K, capacity 56798K, committed 57088K, reserved 1099776K
  class space    used 6507K, capacity 7103K, committed 7168K, reserved 1048576K
2023-10-03T09:31:56.296+0800: 1286.805: [GC (Allocation Failure) 2023-10-03T09:31:56.296+0800: 1286.805: [ParNew: 103871K->1335K(115200K), 0.0061940 secs] 169468K->66936K(249344K), 0.0064488 secs] [Times: user=0.05 sys=0.00, real=0.01 secs] 
Heap after GC invocations=338 (full 0):
 par new generation   total 115200K, used 1335K [0x00000000f0000000, 0x00000000f7d00000, 0x00000000f7d00000)
  eden space 102400K,   0% used [0x00000000f0000000, 0x00000000f0000000, 0x00000000f6400000)
  from space 12800K,  10% used [0x00000000f6400000, 0x00000000f654dcc0, 0x00000000f7080000)
  to   space 12800K,   0% used [0x00000000f7080000, 0x00000000f7080000, 0x00000000f7d00000)
 concurrent mark-sweep generation total 134144K, used 65601K [0x00000000f7d00000, 0x0000000100000000, 0x0000000100000000)
 Metaspace       used 53336K, capacity 56798K, committed 57088K, reserved 1099776K
  class space    used 6507K, capacity 7103K, committed 7168K, reserved 1048576K
}
{Heap before GC invocations=338 (full 0):
 par new generation   total 115200K, used 103735K [0x00000000f0000000, 0x00000000f7d00000, 0x00000000f7d00000)
  eden space 102400K, 100% used [0x00000000f0000000, 0x00000000f6400000, 0x00000000f6400000)
  from space 12800K,  10% used [0x00000000f6400000, 0x00000000f654dcc0, 0x00000000f7080000)
  to   space 12800K,   0% used [0x00000000f7080000, 0x00000000f7080000, 0x00000000f7d00000)
 concurrent mark-sweep generation total 134144K, used 65601K [0x00000000f7d00000, 0x0000000100000000, 0x0000000100000000)
 Metaspace       used 53336K, capacity 56798K, committed 57088K, reserved 1099776K
  class space    used 6507K, capacity 7103K, committed 7168K, reserved 1048576K
2023-10-03T09:31:59.850+0800: 1290.359: [GC (Allocation Failure) 2023-10-03T09:31:59.850+0800: 1290.359: [ParNew: 103735K->1429K(115200K), 0.0066864 secs] 169336K->67034K(249344K), 0.0069589 secs] [Times: user=0.06 sys=0.00, real=0.01 secs] 
Heap after GC invocations=339 (full 0):
 par new generation   total 115200K, used 1429K [0x00000000f0000000, 0x00000000f7d00000, 0x00000000f7d00000)
  eden space 102400K,   0% used [0x00000000f0000000, 0x00000000f0000000, 0x00000000f6400000)
  from space 12800K,  11% used [0x00000000f7080000, 0x00000000f71e56c8, 0x00000000f7d00000)
  to   space 12800K,   0% used [0x00000000f6400000, 0x00000000f6400000, 0x00000000f7080000)
 concurrent mark-sweep generation total 134144K, used 65604K [0x00000000f7d00000, 0x0000000100000000, 0x0000000100000000)
 Metaspace       used 53336K, capacity 56798K, committed 57088K, reserved 1099776K
  class space    used 6507K, capacity 7103K, committed 7168K, reserved 1048576K
}
{Heap before GC invocations=339 (full 0):
 par new generation   total 115200K, used 103829K [0x00000000f0000000, 0x00000000f7d00000, 0x00000000f7d00000)
  eden space 102400K, 100% used [0x00000000f0000000, 0x00000000f6400000, 0x00000000f6400000)
  from space 12800K,  11% used [0x00000000f7080000, 0x00000000f71e56c8, 0x00000000f7d00000)
  to   space 12800K,   0% used [0x00000000f6400000, 0x00000000f6400000, 0x00000000f7080000)
 concurrent mark-sweep generation total 134144K, used 65604K [0x00000000f7d00000, 0x0000000100000000, 0x0000000100000000)
 Metaspace       used 53336K, capacity 56798K, committed 57088K, reserved 1099776K
  class space    used 6507K, capacity 7103K, committed 7168K, reserved 1048576K
2023-10-03T09:32:03.710+0800: 1294.219: [GC (Allocation Failure) 2023-10-03T09:32:03.710+0800: 1294.219: [ParNew: 103829K->1453K(115200K), 0.0055435 secs] 169434K->67059K(249344K), 0.0057386 secs] [Times: user=0.05 sys=0.00, real=0.01 secs] 
Heap after GC invocations=340 (full 0):
 par new generation   total 115200K, used 1453K [0x00000000f0000000, 0x00000000f7d00000, 0x00000000f7d00000)
  eden space 102400K,   0% used [0x00000000f0000000, 0x00000000f0000000, 0x00000000f6400000)
  from space 12800K,  11% used [0x00000000f6400000, 0x00000000f656b5d8, 0x00000000f7080000)
  to   space 12800K,   0% used [0x00000000f7080000, 0x00000000f7080000, 0x00000000f7d00000)
 concurrent mark-sweep generation total 134144K, used 65605K [0x00000000f7d00000, 0x0000000100000000, 0x0000000100000000)
 Metaspace       used 53336K, capacity 56798K, committed 57088K, reserved 1099776K
  class space    used 6507K, capacity 7103K, committed 7168K, reserved 1048576K
}
{Heap before GC invocations=340 (full 0):
 par new generation   total 115200K, used 103853K [0x00000000f0000000, 0x00000000f7d00000, 0x00000000f7d00000)
  eden space 102400K, 100% used [0x00000000f0000000, 0x00000000f6400000, 0x00000000f6400000)
  from space 12800K,  11% used [0x00000000f6400000, 0x00000000f656b5d8, 0x00000000f7080000)
  to   space 12800K,   0% used [0x00000000f7080000, 0x00000000f7080000, 0x00000000f7d00000)
 concurrent mark-sweep generation total 134144K, used 65605K [0x00000000f7d00000, 0x0000000100000000, 0x0000000100000000)
 Metaspace       used 53336K, capacity 56798K, committed 57088K, reserved 1099776K
  class space    used 6507K, capacity 7103K, committed 7168K, reserved 1048576K
2023-10-03T09:32:07.286+0800: 1297.795: [GC (Allocation Failure) 2023-10-03T09:32:07.286+0800: 1297.795: [ParNew: 103853K->1352K(115200K), 0.0056789 secs] 169459K->66960K(249344K), 0.0058680 secs] [Times: user=0.05 sys=0.00, real=0.00 secs] 
Heap after GC invocations=341 (full 0):
 par new generation   total 115200K, used 1352K [0x00000000f0000000, 0x00000000f7d00000, 0x00000000f7d00000)
  eden space 102400K,   0% used [0x00000000f0000000, 0x00000000f0000000, 0x00000000f6400000)
  from space 12800K,  10% used [0x00000000f7080000, 0x00000000f71d2280, 0x00000000f7d00000)
  to   space 12800K,   0% used [0x00000000f6400000, 0x00000000f6400000, 0x00000000f7080000)
 concurrent mark-sweep generation total 134144K, used 65607K [0x00000000f7d00000, 0x0000000100000000, 0x0000000100000000)
 Metaspace       used 53336K, capacity 56798K, committed 57088K, reserved 1099776K
  class space    used 6507K, capacity 7103K, committed 7168K, reserved 1048576K
}
{Heap before GC invocations=341 (full 0):
 par new generation   total 115200K, used 103752K [0x00000000f0000000, 0x00000000f7d00000, 0x00000000f7d00000)
  eden space 102400K, 100% used [0x00000000f0000000, 0x00000000f6400000, 0x00000000f6400000)
  from space 12800K,  10% used [0x00000000f7080000, 0x00000000f71d2280, 0x00000000f7d00000)
  to   space 12800K,   0% used [0x00000000f6400000, 0x00000000f6400000, 0x00000000f7080000)
 concurrent mark-sweep generation total 134144K, used 65607K [0x00000000f7d00000, 0x0000000100000000, 0x0000000100000000)
 Metaspace       used 53336K, capacity 56798K, committed 57088K, reserved 1099776K
  class space    used 6507K, capacity 7103K, committed 7168K, reserved 1048576K
2023-10-03T09:32:10.849+0800: 1301.359: [GC (Allocation Failure) 2023-10-03T09:32:10.850+0800: 1301.359: [ParNew: 103752K->1320K(115200K), 0.0061057 secs] 169360K->66928K(249344K), 0.0063940 secs] [Times: user=0.05 sys=0.00, real=0.01 secs] 
Heap after GC invocations=342 (full 0):
 par new generation   total 115200K, used 1320K [0x00000000f0000000, 0x00000000f7d00000, 0x00000000f7d00000)
  eden space 102400K,   0% used [0x00000000f0000000, 0x00000000f0000000, 0x00000000f6400000)
  from space 12800K,  10% used [0x00000000f6400000, 0x00000000f654a180, 0x00000000f7080000)
  to   space 12800K,   0% used [0x00000000f7080000, 0x00000000f7080000, 0x00000000f7d00000)
 concurrent mark-sweep generation total 134144K, used 65607K [0x00000000f7d00000, 0x0000000100000000, 0x0000000100000000)
 Metaspace       used 53336K, capacity 56798K, committed 57088K, reserved 1099776K
  class space    used 6507K, capacity 7103K, committed 7168K, reserved 1048576K
}
{Heap before GC invocations=342 (full 0):
 par new generation   total 115200K, used 103720K [0x00000000f0000000, 0x00000000f7d00000, 0x00000000f7d00000)
  eden space 102400K, 100% used [0x00000000f0000000, 0x00000000f6400000, 0x00000000f6400000)
  from space 12800K,  10% used [0x00000000f6400000, 0x00000000f654a180, 0x00000000f7080000)
  to   space 12800K,   0% used [0x00000000f7080000, 0x00000000f7080000, 0x00000000f7d00000)
 concurrent mark-sweep generation total 134144K, used 65607K [0x00000000f7d00000, 0x0000000100000000, 0x0000000100000000)
 Metaspace       used 53343K, capacity 56806K, committed 57088K, reserved 1099776K
  class space    used 6507K, capacity 7103K, committed 7168K, reserved 1048576K
2023-10-03T09:32:14.403+0800: 1304.912: [GC (Allocation Failure) 2023-10-03T09:32:14.403+0800: 1304.912: [ParNew: 103720K->1434K(115200K), 0.0061815 secs] 169328K->67047K(249344K), 0.0064014 secs] [Times: user=0.06 sys=0.00, real=0.00 secs] 
Heap after GC invocations=343 (full 0):
 par new generation   total 115200K, used 1434K [0x00000000f0000000, 0x00000000f7d00000, 0x00000000f7d00000)
  eden space 102400K,   0% used [0x00000000f0000000, 0x00000000f0000000, 0x00000000f6400000)
  from space 12800K,  11% used [0x00000000f7080000, 0x00000000f71e6840, 0x00000000f7d00000)
  to   space 12800K,   0% used [0x00000000f6400000, 0x00000000f6400000, 0x00000000f7080000)
 concurrent mark-sweep generation total 134144K, used 65613K [0x00000000f7d00000, 0x0000000100000000, 0x0000000100000000)
 Metaspace       used 53343K, capacity 56806K, committed 57088K, reserved 1099776K
  class space    used 6507K, capacity 7103K, committed 7168K, reserved 1048576K
}
{Heap before GC invocations=343 (full 0):
 par new generation   total 115200K, used 103834K [0x00000000f0000000, 0x00000000f7d00000, 0x00000000f7d00000)
  eden space 102400K, 100% used [0x00000000f0000000, 0x00000000f6400000, 0x00000000f6400000)
  from space 12800K,  11% used [0x00000000f7080000, 0x00000000f71e6840, 0x00000000f7d00000)
  to   space 12800K,   0% used [0x00000000f6400000, 0x00000000f6400000, 0x00000000f7080000)
 concurrent mark-sweep generation total 134144K, used 65613K [0x00000000f7d00000, 0x0000000100000000, 0x0000000100000000)
 Metaspace       used 53343K, capacity 56806K, committed 57088K, reserved 1099776K
  class space    used 6507K, capacity 7103K, committed 7168K, reserved 1048576K
2023-10-03T09:32:17.980+0800: 1308.489: [GC (Allocation Failure) 2023-10-03T09:32:17.980+0800: 1308.489: [ParNew: 103834K->1328K(115200K), 0.0064924 secs] 169447K->66941K(249344K), 0.0067431 secs] [Times: user=0.05 sys=0.00, real=0.01 secs] 
Heap after GC invocations=344 (full 0):
 par new generation   total 115200K, used 1328K [0x00000000f0000000, 0x00000000f7d00000, 0x00000000f7d00000)
  eden space 102400K,   0% used [0x00000000f0000000, 0x00000000f0000000, 0x00000000f6400000)
  from space 12800K,  10% used [0x00000000f6400000, 0x00000000f654c1c0, 0x00000000f7080000)
  to   space 12800K,   0% used [0x00000000f7080000, 0x00000000f7080000, 0x00000000f7d00000)
 concurrent mark-sweep generation total 134144K, used 65613K [0x00000000f7d00000, 0x0000000100000000, 0x0000000100000000)
 Metaspace       used 53343K, capacity 56806K, committed 57088K, reserved 1099776K
  class space    used 6507K, capacity 7103K, committed 7168K, reserved 1048576K
}
{Heap before GC invocations=344 (full 0):
 par new generation   total 115200K, used 103728K [0x00000000f0000000, 0x00000000f7d00000, 0x00000000f7d00000)
  eden space 102400K, 100% used [0x00000000f0000000, 0x00000000f6400000, 0x00000000f6400000)
  from space 12800K,  10% used [0x00000000f6400000, 0x00000000f654c1c0, 0x00000000f7080000)
  to   space 12800K,   0% used [0x00000000f7080000, 0x00000000f7080000, 0x00000000f7d00000)
 concurrent mark-sweep generation total 134144K, used 65613K [0x00000000f7d00000, 0x0000000100000000, 0x0000000100000000)
 Metaspace       used 53343K, capacity 56806K, committed 57088K, reserved 1099776K
  class space    used 6507K, capacity 7103K, committed 7168K, reserved 1048576K
2023-10-03T09:32:21.566+0800: 1312.075: [GC (Allocation Failure) 2023-10-03T09:32:21.566+0800: 1312.075: [ParNew: 103728K->1339K(115200K), 0.0067085 secs] 169341K->66954K(249344K), 0.0069362 secs] [Times: user=0.05 sys=0.00, real=0.01 secs] 
Heap after GC invocations=345 (full 0):
 par new generation   total 115200K, used 1339K [0x00000000f0000000, 0x00000000f7d00000, 0x00000000f7d00000)
  eden space 102400K,   0% used [0x00000000f0000000, 0x00000000f0000000, 0x00000000f6400000)
  from space 12800K,  10% used [0x00000000f7080000, 0x00000000f71cefe0, 0x00000000f7d00000)
  to   space 12800K,   0% used [0x00000000f6400000, 0x00000000f6400000, 0x00000000f7080000)
 concurrent mark-sweep generation total 134144K, used 65614K [0x00000000f7d00000, 0x0000000100000000, 0x0000000100000000)
 Metaspace       used 53343K, capacity 56806K, committed 57088K, reserved 1099776K
  class space    used 6507K, capacity 7103K, committed 7168K, reserved 1048576K
}
{Heap before GC invocations=345 (full 0):
 par new generation   total 115200K, used 103739K [0x00000000f0000000, 0x00000000f7d00000, 0x00000000f7d00000)
  eden space 102400K, 100% used [0x00000000f0000000, 0x00000000f6400000, 0x00000000f6400000)
  from space 12800K,  10% used [0x00000000f7080000, 0x00000000f71cefe0, 0x00000000f7d00000)
  to   space 12800K,   0% used [0x00000000f6400000, 0x00000000f6400000, 0x00000000f7080000)
 concurrent mark-sweep generation total 134144K, used 65614K [0x00000000f7d00000, 0x0000000100000000, 0x0000000100000000)
 Metaspace       used 53343K, capacity 56806K, committed 57088K, reserved 1099776K
  class space    used 6507K, capacity 7103K, committed 7168K, reserved 1048576K
2023-10-03T09:32:25.429+0800: 1315.939: [GC (Allocation Failure) 2023-10-03T09:32:25.430+0800: 1315.939: [ParNew: 103739K->1793K(115200K), 0.0057040 secs] 169354K->67408K(249344K), 0.0058919 secs] [Times: user=0.05 sys=0.00, real=0.01 secs] 
Heap after GC invocations=346 (full 0):
 par new generation   total 115200K, used 1793K [0x00000000f0000000, 0x00000000f7d00000, 0x00000000f7d00000)
  eden space 102400K,   0% used [0x00000000f0000000, 0x00000000f0000000, 0x00000000f6400000)
  from space 12800K,  14% used [0x00000000f6400000, 0x00000000f65c0780, 0x00000000f7080000)
  to   space 12800K,   0% used [0x00000000f7080000, 0x00000000f7080000, 0x00000000f7d00000)
 concurrent mark-sweep generation total 134144K, used 65614K [0x00000000f7d00000, 0x0000000100000000, 0x0000000100000000)
 Metaspace       used 53343K, capacity 56806K, committed 57088K, reserved 1099776K
  class space    used 6507K, capacity 7103K, committed 7168K, reserved 1048576K
}
{Heap before GC invocations=346 (full 0):
 par new generation   total 115200K, used 104193K [0x00000000f0000000, 0x00000000f7d00000, 0x00000000f7d00000)
  eden space 102400K, 100% used [0x00000000f0000000, 0x00000000f6400000, 0x00000000f6400000)
  from space 12800K,  14% used [0x00000000f6400000, 0x00000000f65c0780, 0x00000000f7080000)
  to   space 12800K,   0% used [0x00000000f7080000, 0x00000000f7080000, 0x00000000f7d00000)
 concurrent mark-sweep generation total 134144K, used 65614K [0x00000000f7d00000, 0x0000000100000000, 0x0000000100000000)
 Metaspace       used 53343K, capacity 56806K, committed 57088K, reserved 1099776K
  class space    used 6507K, capacity 7103K, committed 7168K, reserved 1048576K
2023-10-03T09:32:29.007+0800: 1319.516: [GC (Allocation Failure) 2023-10-03T09:32:29.007+0800: 1319.517: [ParNew: 104193K->1575K(115200K), 0.0056620 secs] 169808K->67190K(249344K), 0.0058412 secs] [Times: user=0.05 sys=0.00, real=0.01 secs] 
Heap after GC invocations=347 (full 0):
 par new generation   total 115200K, used 1575K [0x00000000f0000000, 0x00000000f7d00000, 0x00000000f7d00000)
  eden space 102400K,   0% used [0x00000000f0000000, 0x00000000f0000000, 0x00000000f6400000)
  from space 12800K,  12% used [0x00000000f7080000, 0x00000000f7209f10, 0x00000000f7d00000)
  to   space 12800K,   0% used [0x00000000f6400000, 0x00000000f6400000, 0x00000000f7080000)
 concurrent mark-sweep generation total 134144K, used 65614K [0x00000000f7d00000, 0x0000000100000000, 0x0000000100000000)
 Metaspace       used 53343K, capacity 56806K, committed 57088K, reserved 1099776K
  class space    used 6507K, capacity 7103K, committed 7168K, reserved 1048576K
}
{Heap before GC invocations=347 (full 0):
 par new generation   total 115200K, used 103975K [0x00000000f0000000, 0x00000000f7d00000, 0x00000000f7d00000)
  eden space 102400K, 100% used [0x00000000f0000000, 0x00000000f6400000, 0x00000000f6400000)
  from space 12800K,  12% used [0x00000000f7080000, 0x00000000f7209f10, 0x00000000f7d00000)
  to   space 12800K,   0% used [0x00000000f6400000, 0x00000000f6400000, 0x00000000f7080000)
 concurrent mark-sweep generation total 134144K, used 65614K [0x00000000f7d00000, 0x0000000100000000, 0x0000000100000000)
 Metaspace       used 53345K, capacity 56806K, committed 57088K, reserved 1099776K
  class space    used 6507K, capacity 7103K, committed 7168K, reserved 1048576K
2023-10-03T09:32:32.561+0800: 1323.071: [GC (Allocation Failure) 2023-10-03T09:32:32.562+0800: 1323.071: [ParNew: 103975K->1546K(115200K), 0.0066602 secs] 169590K->67161K(249344K), 0.0068899 secs] [Times: user=0.05 sys=0.01, real=0.01 secs] 
Heap after GC invocations=348 (full 0):
 par new generation   total 115200K, used 1546K [0x00000000f0000000, 0x00000000f7d00000, 0x00000000f7d00000)
  eden space 102400K,   0% used [0x00000000f0000000, 0x00000000f0000000, 0x00000000f6400000)
  from space 12800K,  12% used [0x00000000f6400000, 0x00000000f6582b90, 0x00000000f7080000)
  to   space 12800K,   0% used [0x00000000f7080000, 0x00000000f7080000, 0x00000000f7d00000)
 concurrent mark-sweep generation total 134144K, used 65614K [0x00000000f7d00000, 0x0000000100000000, 0x0000000100000000)
 Metaspace       used 53345K, capacity 56806K, committed 57088K, reserved 1099776K
  class space    used 6507K, capacity 7103K, committed 7168K, reserved 1048576K
}
{Heap before GC invocations=348 (full 0):
 par new generation   total 115200K, used 103946K [0x00000000f0000000, 0x00000000f7d00000, 0x00000000f7d00000)
  eden space 102400K, 100% used [0x00000000f0000000, 0x00000000f6400000, 0x00000000f6400000)
  from space 12800K,  12% used [0x00000000f6400000, 0x00000000f6582b90, 0x00000000f7080000)
  to   space 12800K,   0% used [0x00000000f7080000, 0x00000000f7080000, 0x00000000f7d00000)
 concurrent mark-sweep generation total 134144K, used 65614K [0x00000000f7d00000, 0x0000000100000000, 0x0000000100000000)
 Metaspace       used 53345K, capacity 56806K, committed 57088K, reserved 1099776K
  class space    used 6507K, capacity 7103K, committed 7168K, reserved 1048576K
2023-10-03T09:32:36.119+0800: 1326.628: [GC (Allocation Failure) 2023-10-03T09:32:36.119+0800: 1326.628: [ParNew: 103946K->1902K(115200K), 0.0202682 secs] 169561K->67519K(249344K), 0.0205433 secs] [Times: user=0.05 sys=0.01, real=0.02 secs] 
Heap after GC invocations=349 (full 0):
 par new generation   total 115200K, used 1902K [0x00000000f0000000, 0x00000000f7d00000, 0x00000000f7d00000)
  eden space 102400K,   0% used [0x00000000f0000000, 0x00000000f0000000, 0x00000000f6400000)
  from space 12800K,  14% used [0x00000000f7080000, 0x00000000f725b890, 0x00000000f7d00000)
  to   space 12800K,   0% used [0x00000000f6400000, 0x00000000f6400000, 0x00000000f7080000)
 concurrent mark-sweep generation total 134144K, used 65617K [0x00000000f7d00000, 0x0000000100000000, 0x0000000100000000)
 Metaspace       used 53345K, capacity 56806K, committed 57088K, reserved 1099776K
  class space    used 6507K, capacity 7103K, committed 7168K, reserved 1048576K
}
{Heap before GC invocations=349 (full 0):
 par new generation   total 115200K, used 104302K [0x00000000f0000000, 0x00000000f7d00000, 0x00000000f7d00000)
  eden space 102400K, 100% used [0x00000000f0000000, 0x00000000f6400000, 0x00000000f6400000)
  from space 12800K,  14% used [0x00000000f7080000, 0x00000000f725b890, 0x00000000f7d00000)
  to   space 12800K,   0% used [0x00000000f6400000, 0x00000000f6400000, 0x00000000f7080000)
 concurrent mark-sweep generation total 134144K, used 65617K [0x00000000f7d00000, 0x0000000100000000, 0x0000000100000000)
 Metaspace       used 53345K, capacity 56806K, committed 57088K, reserved 1099776K
  class space    used 6507K, capacity 7103K, committed 7168K, reserved 1048576K
2023-10-03T09:32:39.692+0800: 1330.201: [GC (Allocation Failure) 2023-10-03T09:32:39.692+0800: 1330.201: [ParNew: 104302K->1906K(115200K), 0.0081961 secs] 169919K->67526K(249344K), 0.0084222 secs] [Times: user=0.07 sys=0.00, real=0.01 secs] 
Heap after GC invocations=350 (full 0):
 par new generation   total 115200K, used 1906K [0x00000000f0000000, 0x00000000f7d00000, 0x00000000f7d00000)
  eden space 102400K,   0% used [0x00000000f0000000, 0x00000000f0000000, 0x00000000f6400000)
  from space 12800K,  14% used [0x00000000f6400000, 0x00000000f65dc820, 0x00000000f7080000)
  to   space 12800K,   0% used [0x00000000f7080000, 0x00000000f7080000, 0x00000000f7d00000)
 concurrent mark-sweep generation total 134144K, used 65620K [0x00000000f7d00000, 0x0000000100000000, 0x0000000100000000)
 Metaspace       used 53345K, capacity 56806K, committed 57088K, reserved 1099776K
  class space    used 6507K, capacity 7103K, committed 7168K, reserved 1048576K
}
{Heap before GC invocations=350 (full 0):
 par new generation   total 115200K, used 104306K [0x00000000f0000000, 0x00000000f7d00000, 0x00000000f7d00000)
  eden space 102400K, 100% used [0x00000000f0000000, 0x00000000f6400000, 0x00000000f6400000)
  from space 12800K,  14% used [0x00000000f6400000, 0x00000000f65dc820, 0x00000000f7080000)
  to   space 12800K,   0% used [0x00000000f7080000, 0x00000000f7080000, 0x00000000f7d00000)
 concurrent mark-sweep generation total 134144K, used 65620K [0x00000000f7d00000, 0x0000000100000000, 0x0000000100000000)
 Metaspace       used 53345K, capacity 56806K, committed 57088K, reserved 1099776K
  class space    used 6507K, capacity 7103K, committed 7168K, reserved 1048576K
2023-10-03T09:32:43.282+0800: 1333.791: [GC (Allocation Failure) 2023-10-03T09:32:43.282+0800: 1333.791: [ParNew: 104306K->2569K(115200K), 0.0079244 secs] 169926K->68189K(249344K), 0.0081591 secs] [Times: user=0.06 sys=0.00, real=0.00 secs] 
Heap after GC invocations=351 (full 0):
 par new generation   total 115200K, used 2569K [0x00000000f0000000, 0x00000000f7d00000, 0x00000000f7d00000)
  eden space 102400K,   0% used [0x00000000f0000000, 0x00000000f0000000, 0x00000000f6400000)
  from space 12800K,  20% used [0x00000000f7080000, 0x00000000f7302668, 0x00000000f7d00000)
  to   space 12800K,   0% used [0x00000000f6400000, 0x00000000f6400000, 0x00000000f7080000)
 concurrent mark-sweep generation total 134144K, used 65620K [0x00000000f7d00000, 0x0000000100000000, 0x0000000100000000)
 Metaspace       used 53345K, capacity 56806K, committed 57088K, reserved 1099776K
  class space    used 6507K, capacity 7103K, committed 7168K, reserved 1048576K
}
{Heap before GC invocations=351 (full 0):
 par new generation   total 115200K, used 104969K [0x00000000f0000000, 0x00000000f7d00000, 0x00000000f7d00000)
  eden space 102400K, 100% used [0x00000000f0000000, 0x00000000f6400000, 0x00000000f6400000)
  from space 12800K,  20% used [0x00000000f7080000, 0x00000000f7302668, 0x00000000f7d00000)
  to   space 12800K,   0% used [0x00000000f6400000, 0x00000000f6400000, 0x00000000f7080000)
 concurrent mark-sweep generation total 134144K, used 65620K [0x00000000f7d00000, 0x0000000100000000, 0x0000000100000000)
 Metaspace       used 53347K, capacity 56806K, committed 57088K, reserved 1099776K
  class space    used 6507K, capacity 7103K, committed 7168K, reserved 1048576K
2023-10-03T09:32:47.053+0800: 1337.563: [GC (Allocation Failure) 2023-10-03T09:32:47.054+0800: 1337.563: [ParNew: 104969K->2718K(115200K), 0.0041729 secs] 170589K->68345K(249344K), 0.0043710 secs] [Times: user=0.04 sys=0.00, real=0.00 secs] 
Heap after GC invocations=352 (full 0):
 par new generation   total 115200K, used 2718K [0x00000000f0000000, 0x00000000f7d00000, 0x00000000f7d00000)
  eden space 102400K,   0% used [0x00000000f0000000, 0x00000000f0000000, 0x00000000f6400000)
  from space 12800K,  21% used [0x00000000f6400000, 0x00000000f66a7a40, 0x00000000f7080000)
  to   space 12800K,   0% used [0x00000000f7080000, 0x00000000f7080000, 0x00000000f7d00000)
 concurrent mark-sweep generation total 134144K, used 65626K [0x00000000f7d00000, 0x0000000100000000, 0x0000000100000000)
 Metaspace       used 53347K, capacity 56806K, committed 57088K, reserved 1099776K
  class space    used 6507K, capacity 7103K, committed 7168K, reserved 1048576K
}
{Heap before GC invocations=352 (full 0):
 par new generation   total 115200K, used 105118K [0x00000000f0000000, 0x00000000f7d00000, 0x00000000f7d00000)
  eden space 102400K, 100% used [0x00000000f0000000, 0x00000000f6400000, 0x00000000f6400000)
  from space 12800K,  21% used [0x00000000f6400000, 0x00000000f66a7a40, 0x00000000f7080000)
  to   space 12800K,   0% used [0x00000000f7080000, 0x00000000f7080000, 0x00000000f7d00000)
 concurrent mark-sweep generation total 134144K, used 65626K [0x00000000f7d00000, 0x0000000100000000, 0x0000000100000000)
 Metaspace       used 53347K, capacity 56806K, committed 57088K, reserved 1099776K
  class space    used 6507K, capacity 7103K, committed 7168K, reserved 1048576K
2023-10-03T09:32:50.698+0800: 1341.207: [GC (Allocation Failure) 2023-10-03T09:32:50.698+0800: 1341.207: [ParNew: 105118K->2064K(115200K), 0.0035511 secs] 170745K->67691K(249344K), 0.0037318 secs] [Times: user=0.02 sys=0.00, real=0.00 secs] 
Heap after GC invocations=353 (full 0):
 par new generation   total 115200K, used 2064K [0x00000000f0000000, 0x00000000f7d00000, 0x00000000f7d00000)
  eden space 102400K,   0% used [0x00000000f0000000, 0x00000000f0000000, 0x00000000f6400000)
  from space 12800K,  16% used [0x00000000f7080000, 0x00000000f72840f0, 0x00000000f7d00000)
  to   space 12800K,   0% used [0x00000000f6400000, 0x00000000f6400000, 0x00000000f7080000)
 concurrent mark-sweep generation total 134144K, used 65627K [0x00000000f7d00000, 0x0000000100000000, 0x0000000100000000)
 Metaspace       used 53347K, capacity 56806K, committed 57088K, reserved 1099776K
  class space    used 6507K, capacity 7103K, committed 7168K, reserved 1048576K
}
{Heap before GC invocations=353 (full 0):
 par new generation   total 115200K, used 104464K [0x00000000f0000000, 0x00000000f7d00000, 0x00000000f7d00000)
  eden space 102400K, 100% used [0x00000000f0000000, 0x00000000f6400000, 0x00000000f6400000)
  from space 12800K,  16% used [0x00000000f7080000, 0x00000000f72840f0, 0x00000000f7d00000)
  to   space 12800K,   0% used [0x00000000f6400000, 0x00000000f6400000, 0x00000000f7080000)
 concurrent mark-sweep generation total 134144K, used 65627K [0x00000000f7d00000, 0x0000000100000000, 0x0000000100000000)
 Metaspace       used 53347K, capacity 56806K, committed 57088K, reserved 1099776K
  class space    used 6507K, capacity 7103K, committed 7168K, reserved 1048576K
2023-10-03T09:32:54.273+0800: 1344.782: [GC (Allocation Failure) 2023-10-03T09:32:54.273+0800: 1344.782: [ParNew: 104464K->2789K(115200K), 0.0077809 secs] 170091K->68417K(249344K), 0.0080931 secs] [Times: user=0.07 sys=0.00, real=0.00 secs] 
Heap after GC invocations=354 (full 0):
 par new generation   total 115200K, used 2789K [0x00000000f0000000, 0x00000000f7d00000, 0x00000000f7d00000)
  eden space 102400K,   0% used [0x00000000f0000000, 0x00000000f0000000, 0x00000000f6400000)
  from space 12800K,  21% used [0x00000000f6400000, 0x00000000f66b95c0, 0x00000000f7080000)
  to   space 12800K,   0% used [0x00000000f7080000, 0x00000000f7080000, 0x00000000f7d00000)
 concurrent mark-sweep generation total 134144K, used 65628K [0x00000000f7d00000, 0x0000000100000000, 0x0000000100000000)
 Metaspace       used 53347K, capacity 56806K, committed 57088K, reserved 1099776K
  class space    used 6507K, capacity 7103K, committed 7168K, reserved 1048576K
}
{Heap before GC invocations=354 (full 0):
 par new generation   total 115200K, used 105189K [0x00000000f0000000, 0x00000000f7d00000, 0x00000000f7d00000)
  eden space 102400K, 100% used [0x00000000f0000000, 0x00000000f6400000, 0x00000000f6400000)
  from space 12800K,  21% used [0x00000000f6400000, 0x00000000f66b95c0, 0x00000000f7080000)
  to   space 12800K,   0% used [0x00000000f7080000, 0x00000000f7080000, 0x00000000f7d00000)
 concurrent mark-sweep generation total 134144K, used 65628K [0x00000000f7d00000, 0x0000000100000000, 0x0000000100000000)
 Metaspace       used 53347K, capacity 56806K, committed 57088K, reserved 1099776K
  class space    used 6507K, capacity 7103K, committed 7168K, reserved 1048576K
2023-10-03T09:32:57.849+0800: 1348.358: [GC (Allocation Failure) 2023-10-03T09:32:57.850+0800: 1348.359: [ParNew: 105189K->2045K(115200K), 0.0080972 secs] 170817K->67684K(249344K), 0.0084951 secs] [Times: user=0.07 sys=0.00, real=0.01 secs] 
Heap after GC invocations=355 (full 0):
 par new generation   total 115200K, used 2045K [0x00000000f0000000, 0x00000000f7d00000, 0x00000000f7d00000)
  eden space 102400K,   0% used [0x00000000f0000000, 0x00000000f0000000, 0x00000000f6400000)
  from space 12800K,  15% used [0x00000000f7080000, 0x00000000f727f4d0, 0x00000000f7d00000)
  to   space 12800K,   0% used [0x00000000f6400000, 0x00000000f6400000, 0x00000000f7080000)
 concurrent mark-sweep generation total 134144K, used 65639K [0x00000000f7d00000, 0x0000000100000000, 0x0000000100000000)
 Metaspace       used 53347K, capacity 56806K, committed 57088K, reserved 1099776K
  class space    used 6507K, capacity 7103K, committed 7168K, reserved 1048576K
}
{Heap before GC invocations=355 (full 0):
 par new generation   total 115200K, used 104445K [0x00000000f0000000, 0x00000000f7d00000, 0x00000000f7d00000)
  eden space 102400K, 100% used [0x00000000f0000000, 0x00000000f6400000, 0x00000000f6400000)
  from space 12800K,  15% used [0x00000000f7080000, 0x00000000f727f4d0, 0x00000000f7d00000)
  to   space 12800K,   0% used [0x00000000f6400000, 0x00000000f6400000, 0x00000000f7080000)
 concurrent mark-sweep generation total 134144K, used 65639K [0x00000000f7d00000, 0x0000000100000000, 0x0000000100000000)
 Metaspace       used 53350K, capacity 56806K, committed 57088K, reserved 1099776K
  class space    used 6507K, capacity 7103K, committed 7168K, reserved 1048576K
2023-10-03T09:33:01.408+0800: 1351.917: [GC (Allocation Failure) 2023-10-03T09:33:01.408+0800: 1351.917: [ParNew: 104445K->1482K(115200K), 0.0111901 secs] 170084K->67616K(249344K), 0.0114136 secs] [Times: user=0.09 sys=0.00, real=0.01 secs] 
Heap after GC invocations=356 (full 0):
 par new generation   total 115200K, used 1482K [0x00000000f0000000, 0x00000000f7d00000, 0x00000000f7d00000)
  eden space 102400K,   0% used [0x00000000f0000000, 0x00000000f0000000, 0x00000000f6400000)
  from space 12800K,  11% used [0x00000000f6400000, 0x00000000f6572910, 0x00000000f7080000)
  to   space 12800K,   0% used [0x00000000f7080000, 0x00000000f7080000, 0x00000000f7d00000)
 concurrent mark-sweep generation total 134144K, used 66133K [0x00000000f7d00000, 0x0000000100000000, 0x0000000100000000)
 Metaspace       used 53350K, capacity 56806K, committed 57088K, reserved 1099776K
  class space    used 6507K, capacity 7103K, committed 7168K, reserved 1048576K
}
{Heap before GC invocations=356 (full 0):
 par new generation   total 115200K, used 103882K [0x00000000f0000000, 0x00000000f7d00000, 0x00000000f7d00000)
  eden space 102400K, 100% used [0x00000000f0000000, 0x00000000f6400000, 0x00000000f6400000)
  from space 12800K,  11% used [0x00000000f6400000, 0x00000000f6572910, 0x00000000f7080000)
  to   space 12800K,   0% used [0x00000000f7080000, 0x00000000f7080000, 0x00000000f7d00000)
 concurrent mark-sweep generation total 134144K, used 66133K [0x00000000f7d00000, 0x0000000100000000, 0x0000000100000000)
 Metaspace       used 53350K, capacity 56806K, committed 57088K, reserved 1099776K
  class space    used 6507K, capacity 7103K, committed 7168K, reserved 1048576K
2023-10-03T09:33:04.971+0800: 1355.480: [GC (Allocation Failure) 2023-10-03T09:33:04.971+0800: 1355.480: [ParNew: 103882K->1516K(115200K), 0.0068972 secs] 170016K->67678K(249344K), 0.0071577 secs] [Times: user=0.05 sys=0.00, real=0.01 secs] 
Heap after GC invocations=357 (full 0):
 par new generation   total 115200K, used 1516K [0x00000000f0000000, 0x00000000f7d00000, 0x00000000f7d00000)
  eden space 102400K,   0% used [0x00000000f0000000, 0x00000000f0000000, 0x00000000f6400000)
  from space 12800K,  11% used [0x00000000f7080000, 0x00000000f71fb020, 0x00000000f7d00000)
  to   space 12800K,   0% used [0x00000000f6400000, 0x00000000f6400000, 0x00000000f7080000)
 concurrent mark-sweep generation total 134144K, used 66162K [0x00000000f7d00000, 0x0000000100000000, 0x0000000100000000)
 Metaspace       used 53350K, capacity 56806K, committed 57088K, reserved 1099776K
  class space    used 6507K, capacity 7103K, committed 7168K, reserved 1048576K
}
{Heap before GC invocations=357 (full 0):
 par new generation   total 115200K, used 103916K [0x00000000f0000000, 0x00000000f7d00000, 0x00000000f7d00000)
  eden space 102400K, 100% used [0x00000000f0000000, 0x00000000f6400000, 0x00000000f6400000)
  from space 12800K,  11% used [0x00000000f7080000, 0x00000000f71fb020, 0x00000000f7d00000)
  to   space 12800K,   0% used [0x00000000f6400000, 0x00000000f6400000, 0x00000000f7080000)
 concurrent mark-sweep generation total 134144K, used 66162K [0x00000000f7d00000, 0x0000000100000000, 0x0000000100000000)
 Metaspace       used 53350K, capacity 56806K, committed 57088K, reserved 1099776K
  class space    used 6507K, capacity 7103K, committed 7168K, reserved 1048576K
2023-10-03T09:33:08.810+0800: 1359.320: [GC (Allocation Failure) 2023-10-03T09:33:08.811+0800: 1359.320: [ParNew: 103916K->1453K(115200K), 0.0058226 secs] 170078K->67645K(249344K), 0.0060048 secs] [Times: user=0.05 sys=0.00, real=0.01 secs] 
Heap after GC invocations=358 (full 0):
 par new generation   total 115200K, used 1453K [0x00000000f0000000, 0x00000000f7d00000, 0x00000000f7d00000)
  eden space 102400K,   0% used [0x00000000f0000000, 0x00000000f0000000, 0x00000000f6400000)
  from space 12800K,  11% used [0x00000000f6400000, 0x00000000f656b4e0, 0x00000000f7080000)
  to   space 12800K,   0% used [0x00000000f7080000, 0x00000000f7080000, 0x00000000f7d00000)
 concurrent mark-sweep generation total 134144K, used 66192K [0x00000000f7d00000, 0x0000000100000000, 0x0000000100000000)
 Metaspace       used 53350K, capacity 56806K, committed 57088K, reserved 1099776K
  class space    used 6507K, capacity 7103K, committed 7168K, reserved 1048576K
}
{Heap before GC invocations=358 (full 0):
 par new generation   total 115200K, used 103853K [0x00000000f0000000, 0x00000000f7d00000, 0x00000000f7d00000)
  eden space 102400K, 100% used [0x00000000f0000000, 0x00000000f6400000, 0x00000000f6400000)
  from space 12800K,  11% used [0x00000000f6400000, 0x00000000f656b4e0, 0x00000000f7080000)
  to   space 12800K,   0% used [0x00000000f7080000, 0x00000000f7080000, 0x00000000f7d00000)
 concurrent mark-sweep generation total 134144K, used 66192K [0x00000000f7d00000, 0x0000000100000000, 0x0000000100000000)
 Metaspace       used 53350K, capacity 56806K, committed 57088K, reserved 1099776K
  class space    used 6507K, capacity 7103K, committed 7168K, reserved 1048576K
2023-10-03T09:33:12.410+0800: 1362.919: [GC (Allocation Failure) 2023-10-03T09:33:12.410+0800: 1362.919: [ParNew: 103853K->1408K(115200K), 0.0035626 secs] 170045K->67612K(249344K), 0.0037747 secs] [Times: user=0.03 sys=0.00, real=0.01 secs] 
Heap after GC invocations=359 (full 0):
 par new generation   total 115200K, used 1408K [0x00000000f0000000, 0x00000000f7d00000, 0x00000000f7d00000)
  eden space 102400K,   0% used [0x00000000f0000000, 0x00000000f0000000, 0x00000000f6400000)
  from space 12800K,  11% used [0x00000000f7080000, 0x00000000f71e0380, 0x00000000f7d00000)
  to   space 12800K,   0% used [0x00000000f6400000, 0x00000000f6400000, 0x00000000f7080000)
 concurrent mark-sweep generation total 134144K, used 66203K [0x00000000f7d00000, 0x0000000100000000, 0x0000000100000000)
 Metaspace       used 53350K, capacity 56806K, committed 57088K, reserved 1099776K
  class space    used 6507K, capacity 7103K, committed 7168K, reserved 1048576K
}
{Heap before GC invocations=359 (full 0):
 par new generation   total 115200K, used 103808K [0x00000000f0000000, 0x00000000f7d00000, 0x00000000f7d00000)
  eden space 102400K, 100% used [0x00000000f0000000, 0x00000000f6400000, 0x00000000f6400000)
  from space 12800K,  11% used [0x00000000f7080000, 0x00000000f71e0380, 0x00000000f7d00000)
  to   space 12800K,   0% used [0x00000000f6400000, 0x00000000f6400000, 0x00000000f7080000)
 concurrent mark-sweep generation total 134144K, used 66203K [0x00000000f7d00000, 0x0000000100000000, 0x0000000100000000)
 Metaspace       used 53350K, capacity 56806K, committed 57088K, reserved 1099776K
  class space    used 6507K, capacity 7103K, committed 7168K, reserved 1048576K
2023-10-03T09:33:15.974+0800: 1366.483: [GC (Allocation Failure) 2023-10-03T09:33:15.974+0800: 1366.483: [ParNew: 103808K->1426K(115200K), 0.0066673 secs] 170012K->67635K(249344K), 0.0068963 secs] [Times: user=0.05 sys=0.00, real=0.00 secs] 
Heap after GC invocations=360 (full 0):
 par new generation   total 115200K, used 1426K [0x00000000f0000000, 0x00000000f7d00000, 0x00000000f7d00000)
  eden space 102400K,   0% used [0x00000000f0000000, 0x00000000f0000000, 0x00000000f6400000)
  from space 12800K,  11% used [0x00000000f6400000, 0x00000000f6564a60, 0x00000000f7080000)
  to   space 12800K,   0% used [0x00000000f7080000, 0x00000000f7080000, 0x00000000f7d00000)
 concurrent mark-sweep generation total 134144K, used 66208K [0x00000000f7d00000, 0x0000000100000000, 0x0000000100000000)
 Metaspace       used 53350K, capacity 56806K, committed 57088K, reserved 1099776K
  class space    used 6507K, capacity 7103K, committed 7168K, reserved 1048576K
}
{Heap before GC invocations=360 (full 0):
 par new generation   total 115200K, used 103826K [0x00000000f0000000, 0x00000000f7d00000, 0x00000000f7d00000)
  eden space 102400K, 100% used [0x00000000f0000000, 0x00000000f6400000, 0x00000000f6400000)
  from space 12800K,  11% used [0x00000000f6400000, 0x00000000f6564a60, 0x00000000f7080000)
  to   space 12800K,   0% used [0x00000000f7080000, 0x00000000f7080000, 0x00000000f7d00000)
 concurrent mark-sweep generation total 134144K, used 66208K [0x00000000f7d00000, 0x0000000100000000, 0x0000000100000000)
 Metaspace       used 53350K, capacity 56806K, committed 57088K, reserved 1099776K
  class space    used 6507K, capacity 7103K, committed 7168K, reserved 1048576K
2023-10-03T09:33:19.532+0800: 1370.041: [GC (Allocation Failure) 2023-10-03T09:33:19.532+0800: 1370.042: [ParNew: 103826K->1421K(115200K), 0.0066667 secs] 170035K->67642K(249344K), 0.0068941 secs] [Times: user=0.05 sys=0.00, real=0.00 secs] 
Heap after GC invocations=361 (full 0):
 par new generation   total 115200K, used 1421K [0x00000000f0000000, 0x00000000f7d00000, 0x00000000f7d00000)
  eden space 102400K,   0% used [0x00000000f0000000, 0x00000000f0000000, 0x00000000f6400000)
  from space 12800K,  11% used [0x00000000f7080000, 0x00000000f71e35c0, 0x00000000f7d00000)
  to   space 12800K,   0% used [0x00000000f6400000, 0x00000000f6400000, 0x00000000f7080000)
 concurrent mark-sweep generation total 134144K, used 66221K [0x00000000f7d00000, 0x0000000100000000, 0x0000000100000000)
 Metaspace       used 53350K, capacity 56806K, committed 57088K, reserved 1099776K
  class space    used 6507K, capacity 7103K, committed 7168K, reserved 1048576K
}
{Heap before GC invocations=361 (full 0):
 par new generation   total 115200K, used 103821K [0x00000000f0000000, 0x00000000f7d00000, 0x00000000f7d00000)
  eden space 102400K, 100% used [0x00000000f0000000, 0x00000000f6400000, 0x00000000f6400000)
  from space 12800K,  11% used [0x00000000f7080000, 0x00000000f71e35c0, 0x00000000f7d00000)
  to   space 12800K,   0% used [0x00000000f6400000, 0x00000000f6400000, 0x00000000f7080000)
 concurrent mark-sweep generation total 134144K, used 66221K [0x00000000f7d00000, 0x0000000100000000, 0x0000000100000000)
 Metaspace       used 53350K, capacity 56806K, committed 57088K, reserved 1099776K
  class space    used 6507K, capacity 7103K, committed 7168K, reserved 1048576K
2023-10-03T09:33:23.125+0800: 1373.635: [GC (Allocation Failure) 2023-10-03T09:33:23.126+0800: 1373.635: [ParNew: 103821K->1402K(115200K), 0.0059945 secs] 170042K->67625K(249344K), 0.0062890 secs] [Times: user=0.04 sys=0.01, real=0.00 secs] 
Heap after GC invocations=362 (full 0):
 par new generation   total 115200K, used 1402K [0x00000000f0000000, 0x00000000f7d00000, 0x00000000f7d00000)
  eden space 102400K,   0% used [0x00000000f0000000, 0x00000000f0000000, 0x00000000f6400000)
  from space 12800K,  10% used [0x00000000f6400000, 0x00000000f655ea60, 0x00000000f7080000)
  to   space 12800K,   0% used [0x00000000f7080000, 0x00000000f7080000, 0x00000000f7d00000)
 concurrent mark-sweep generation total 134144K, used 66222K [0x00000000f7d00000, 0x0000000100000000, 0x0000000100000000)
 Metaspace       used 53350K, capacity 56806K, committed 57088K, reserved 1099776K
  class space    used 6507K, capacity 7103K, committed 7168K, reserved 1048576K
}
{Heap before GC invocations=362 (full 0):
 par new generation   total 115200K, used 103802K [0x00000000f0000000, 0x00000000f7d00000, 0x00000000f7d00000)
  eden space 102400K, 100% used [0x00000000f0000000, 0x00000000f6400000, 0x00000000f6400000)
  from space 12800K,  10% used [0x00000000f6400000, 0x00000000f655ea60, 0x00000000f7080000)
  to   space 12800K,   0% used [0x00000000f7080000, 0x00000000f7080000, 0x00000000f7d00000)
 concurrent mark-sweep generation total 134144K, used 66222K [0x00000000f7d00000, 0x0000000100000000, 0x0000000100000000)
 Metaspace       used 53350K, capacity 56806K, committed 57088K, reserved 1099776K
  class space    used 6507K, capacity 7103K, committed 7168K, reserved 1048576K
2023-10-03T09:33:26.684+0800: 1377.193: [GC (Allocation Failure) 2023-10-03T09:33:26.684+0800: 1377.193: [ParNew: 103802K->1402K(115200K), 0.0068670 secs] 170025K->67645K(249344K), 0.0070963 secs] [Times: user=0.06 sys=0.00, real=0.00 secs] 
Heap after GC invocations=363 (full 0):
 par new generation   total 115200K, used 1402K [0x00000000f0000000, 0x00000000f7d00000, 0x00000000f7d00000)
  eden space 102400K,   0% used [0x00000000f0000000, 0x00000000f0000000, 0x00000000f6400000)
  from space 12800K,  10% used [0x00000000f7080000, 0x00000000f71dea00, 0x00000000f7d00000)
  to   space 12800K,   0% used [0x00000000f6400000, 0x00000000f6400000, 0x00000000f7080000)
 concurrent mark-sweep generation total 134144K, used 66242K [0x00000000f7d00000, 0x0000000100000000, 0x0000000100000000)
 Metaspace       used 53350K, capacity 56806K, committed 57088K, reserved 1099776K
  class space    used 6507K, capacity 7103K, committed 7168K, reserved 1048576K
}
{Heap before GC invocations=363 (full 0):
 par new generation   total 115200K, used 103802K [0x00000000f0000000, 0x00000000f7d00000, 0x00000000f7d00000)
  eden space 102400K, 100% used [0x00000000f0000000, 0x00000000f6400000, 0x00000000f6400000)
  from space 12800K,  10% used [0x00000000f7080000, 0x00000000f71dea00, 0x00000000f7d00000)
  to   space 12800K,   0% used [0x00000000f6400000, 0x00000000f6400000, 0x00000000f7080000)
 concurrent mark-sweep generation total 134144K, used 66242K [0x00000000f7d00000, 0x0000000100000000, 0x0000000100000000)
 Metaspace       used 53350K, capacity 56806K, committed 57088K, reserved 1099776K
  class space    used 6507K, capacity 7103K, committed 7168K, reserved 1048576K
2023-10-03T09:33:30.254+0800: 1380.763: [GC (Allocation Failure) 2023-10-03T09:33:30.254+0800: 1380.763: [ParNew: 103802K->1392K(115200K), 0.0066930 secs] 170045K->67659K(249344K), 0.0069485 secs] [Times: user=0.06 sys=0.00, real=0.00 secs] 
Heap after GC invocations=364 (full 0):
 par new generation   total 115200K, used 1392K [0x00000000f0000000, 0x00000000f7d00000, 0x00000000f7d00000)
  eden space 102400K,   0% used [0x00000000f0000000, 0x00000000f0000000, 0x00000000f6400000)
  from space 12800K,  10% used [0x00000000f6400000, 0x00000000f655c3c0, 0x00000000f7080000)
  to   space 12800K,   0% used [0x00000000f7080000, 0x00000000f7080000, 0x00000000f7d00000)
 concurrent mark-sweep generation total 134144K, used 66266K [0x00000000f7d00000, 0x0000000100000000, 0x0000000100000000)
 Metaspace       used 53350K, capacity 56806K, committed 57088K, reserved 1099776K
  class space    used 6507K, capacity 7103K, committed 7168K, reserved 1048576K
}
{Heap before GC invocations=364 (full 0):
 par new generation   total 115200K, used 103792K [0x00000000f0000000, 0x00000000f7d00000, 0x00000000f7d00000)
  eden space 102400K, 100% used [0x00000000f0000000, 0x00000000f6400000, 0x00000000f6400000)
  from space 12800K,  10% used [0x00000000f6400000, 0x00000000f655c3c0, 0x00000000f7080000)
  to   space 12800K,   0% used [0x00000000f7080000, 0x00000000f7080000, 0x00000000f7d00000)
 concurrent mark-sweep generation total 134144K, used 66266K [0x00000000f7d00000, 0x0000000100000000, 0x0000000100000000)
 Metaspace       used 53350K, capacity 56806K, committed 57088K, reserved 1099776K
  class space    used 6507K, capacity 7103K, committed 7168K, reserved 1048576K
2023-10-03T09:33:34.118+0800: 1384.627: [GC (Allocation Failure) 2023-10-03T09:33:34.118+0800: 1384.627: [ParNew: 103792K->1527K(115200K), 0.0061518 secs] 170059K->67805K(249344K), 0.0063246 secs] [Times: user=0.06 sys=0.00, real=0.01 secs] 
Heap after GC invocations=365 (full 0):
 par new generation   total 115200K, used 1527K [0x00000000f0000000, 0x00000000f7d00000, 0x00000000f7d00000)
  eden space 102400K,   0% used [0x00000000f0000000, 0x00000000f0000000, 0x00000000f6400000)
  from space 12800K,  11% used [0x00000000f7080000, 0x00000000f71fde00, 0x00000000f7d00000)
  to   space 12800K,   0% used [0x00000000f6400000, 0x00000000f6400000, 0x00000000f7080000)
 concurrent mark-sweep generation total 134144K, used 66278K [0x00000000f7d00000, 0x0000000100000000, 0x0000000100000000)
 Metaspace       used 53350K, capacity 56806K, committed 57088K, reserved 1099776K
  class space    used 6507K, capacity 7103K, committed 7168K, reserved 1048576K
}
{Heap before GC invocations=365 (full 0):
 par new generation   total 115200K, used 103927K [0x00000000f0000000, 0x00000000f7d00000, 0x00000000f7d00000)
  eden space 102400K, 100% used [0x00000000f0000000, 0x00000000f6400000, 0x00000000f6400000)
  from space 12800K,  11% used [0x00000000f7080000, 0x00000000f71fde00, 0x00000000f7d00000)
  to   space 12800K,   0% used [0x00000000f6400000, 0x00000000f6400000, 0x00000000f7080000)
 concurrent mark-sweep generation total 134144K, used 66278K [0x00000000f7d00000, 0x0000000100000000, 0x0000000100000000)
 Metaspace       used 53350K, capacity 56806K, committed 57088K, reserved 1099776K
  class space    used 6507K, capacity 7103K, committed 7168K, reserved 1048576K
2023-10-03T09:33:37.684+0800: 1388.193: [GC (Allocation Failure) 2023-10-03T09:33:37.684+0800: 1388.193: [ParNew: 103927K->1558K(115200K), 0.0061443 secs] 170205K->67844K(249344K), 0.0063325 secs] [Times: user=0.06 sys=0.00, real=0.00 secs] 
Heap after GC invocations=366 (full 0):
 par new generation   total 115200K, used 1558K [0x00000000f0000000, 0x00000000f7d00000, 0x00000000f7d00000)
  eden space 102400K,   0% used [0x00000000f0000000, 0x00000000f0000000, 0x00000000f6400000)
  from space 12800K,  12% used [0x00000000f6400000, 0x00000000f6585848, 0x00000000f7080000)
  to   space 12800K,   0% used [0x00000000f7080000, 0x00000000f7080000, 0x00000000f7d00000)
 concurrent mark-sweep generation total 134144K, used 66286K [0x00000000f7d00000, 0x0000000100000000, 0x0000000100000000)
 Metaspace       used 53350K, capacity 56806K, committed 57088K, reserved 1099776K
  class space    used 6507K, capacity 7103K, committed 7168K, reserved 1048576K
}
{Heap before GC invocations=366 (full 0):
 par new generation   total 115200K, used 103958K [0x00000000f0000000, 0x00000000f7d00000, 0x00000000f7d00000)
  eden space 102400K, 100% used [0x00000000f0000000, 0x00000000f6400000, 0x00000000f6400000)
  from space 12800K,  12% used [0x00000000f6400000, 0x00000000f6585848, 0x00000000f7080000)
  to   space 12800K,   0% used [0x00000000f7080000, 0x00000000f7080000, 0x00000000f7d00000)
 concurrent mark-sweep generation total 134144K, used 66286K [0x00000000f7d00000, 0x0000000100000000, 0x0000000100000000)
 Metaspace       used 53350K, capacity 56806K, committed 57088K, reserved 1099776K
  class space    used 6507K, capacity 7103K, committed 7168K, reserved 1048576K
2023-10-03T09:33:41.244+0800: 1391.753: [GC (Allocation Failure) 2023-10-03T09:33:41.244+0800: 1391.753: [ParNew: 103958K->1451K(115200K), 0.0195989 secs] 170244K->67743K(249344K), 0.0198311 secs] [Times: user=0.06 sys=0.00, real=0.02 secs] 
Heap after GC invocations=367 (full 0):
 par new generation   total 115200K, used 1451K [0x00000000f0000000, 0x00000000f7d00000, 0x00000000f7d00000)
  eden space 102400K,   0% used [0x00000000f0000000, 0x00000000f0000000, 0x00000000f6400000)
  from space 12800K,  11% used [0x00000000f7080000, 0x00000000f71eafa0, 0x00000000f7d00000)
  to   space 12800K,   0% used [0x00000000f6400000, 0x00000000f6400000, 0x00000000f7080000)
 concurrent mark-sweep generation total 134144K, used 66292K [0x00000000f7d00000, 0x0000000100000000, 0x0000000100000000)
 Metaspace       used 53350K, capacity 56806K, committed 57088K, reserved 1099776K
  class space    used 6507K, capacity 7103K, committed 7168K, reserved 1048576K
}
{Heap before GC invocations=367 (full 0):
 par new generation   total 115200K, used 103851K [0x00000000f0000000, 0x00000000f7d00000, 0x00000000f7d00000)
  eden space 102400K, 100% used [0x00000000f0000000, 0x00000000f6400000, 0x00000000f6400000)
  from space 12800K,  11% used [0x00000000f7080000, 0x00000000f71eafa0, 0x00000000f7d00000)
  to   space 12800K,   0% used [0x00000000f6400000, 0x00000000f6400000, 0x00000000f7080000)
 concurrent mark-sweep generation total 134144K, used 66292K [0x00000000f7d00000, 0x0000000100000000, 0x0000000100000000)
 Metaspace       used 53350K, capacity 56806K, committed 57088K, reserved 1099776K
  class space    used 6507K, capacity 7103K, committed 7168K, reserved 1048576K
2023-10-03T09:33:44.819+0800: 1395.328: [GC (Allocation Failure) 2023-10-03T09:33:44.819+0800: 1395.328: [ParNew: 103851K->1432K(115200K), 0.0067888 secs] 170143K->67735K(249344K), 0.0070962 secs] [Times: user=0.05 sys=0.00, real=0.01 secs] 
Heap after GC invocations=368 (full 0):
 par new generation   total 115200K, used 1432K [0x00000000f0000000, 0x00000000f7d00000, 0x00000000f7d00000)
  eden space 102400K,   0% used [0x00000000f0000000, 0x00000000f0000000, 0x00000000f6400000)
  from space 12800K,  11% used [0x00000000f6400000, 0x00000000f65663e0, 0x00000000f7080000)
  to   space 12800K,   0% used [0x00000000f7080000, 0x00000000f7080000, 0x00000000f7d00000)
 concurrent mark-sweep generation total 134144K, used 66302K [0x00000000f7d00000, 0x0000000100000000, 0x0000000100000000)
 Metaspace       used 53350K, capacity 56806K, committed 57088K, reserved 1099776K
  class space    used 6507K, capacity 7103K, committed 7168K, reserved 1048576K
}
{Heap before GC invocations=368 (full 0):
 par new generation   total 115200K, used 103832K [0x00000000f0000000, 0x00000000f7d00000, 0x00000000f7d00000)
  eden space 102400K, 100% used [0x00000000f0000000, 0x00000000f6400000, 0x00000000f6400000)
  from space 12800K,  11% used [0x00000000f6400000, 0x00000000f65663e0, 0x00000000f7080000)
  to   space 12800K,   0% used [0x00000000f7080000, 0x00000000f7080000, 0x00000000f7d00000)
 concurrent mark-sweep generation total 134144K, used 66302K [0x00000000f7d00000, 0x0000000100000000, 0x0000000100000000)
 Metaspace       used 53350K, capacity 56806K, committed 57088K, reserved 1099776K
  class space    used 6507K, capacity 7103K, committed 7168K, reserved 1048576K
2023-10-03T09:33:48.387+0800: 1398.897: [GC (Allocation Failure) 2023-10-03T09:33:48.388+0800: 1398.897: [ParNew: 103832K->1464K(115200K), 0.0071761 secs] 170135K->67773K(249344K), 0.0074317 secs] [Times: user=0.05 sys=0.00, real=0.01 secs] 
Heap after GC invocations=369 (full 0):
 par new generation   total 115200K, used 1464K [0x00000000f0000000, 0x00000000f7d00000, 0x00000000f7d00000)
  eden space 102400K,   0% used [0x00000000f0000000, 0x00000000f0000000, 0x00000000f6400000)
  from space 12800K,  11% used [0x00000000f7080000, 0x00000000f71ee000, 0x00000000f7d00000)
  to   space 12800K,   0% used [0x00000000f6400000, 0x00000000f6400000, 0x00000000f7080000)
 concurrent mark-sweep generation total 134144K, used 66309K [0x00000000f7d00000, 0x0000000100000000, 0x0000000100000000)
 Metaspace       used 53350K, capacity 56806K, committed 57088K, reserved 1099776K
  class space    used 6507K, capacity 7103K, committed 7168K, reserved 1048576K
}
{Heap before GC invocations=369 (full 0):
 par new generation   total 115200K, used 103864K [0x00000000f0000000, 0x00000000f7d00000, 0x00000000f7d00000)
  eden space 102400K, 100% used [0x00000000f0000000, 0x00000000f6400000, 0x00000000f6400000)
  from space 12800K,  11% used [0x00000000f7080000, 0x00000000f71ee000, 0x00000000f7d00000)
  to   space 12800K,   0% used [0x00000000f6400000, 0x00000000f6400000, 0x00000000f7080000)
 concurrent mark-sweep generation total 134144K, used 66309K [0x00000000f7d00000, 0x0000000100000000, 0x0000000100000000)
 Metaspace       used 53350K, capacity 56806K, committed 57088K, reserved 1099776K
  class space    used 6507K, capacity 7103K, committed 7168K, reserved 1048576K
2023-10-03T09:33:52.142+0800: 1402.651: [GC (Allocation Failure) 2023-10-03T09:33:52.142+0800: 1402.651: [ParNew: 103864K->1434K(115200K), 0.0057054 secs] 170173K->67793K(249344K), 0.0058853 secs] [Times: user=0.05 sys=0.00, real=0.01 secs] 
Heap after GC invocations=370 (full 0):
 par new generation   total 115200K, used 1434K [0x00000000f0000000, 0x00000000f7d00000, 0x00000000f7d00000)
  eden space 102400K,   0% used [0x00000000f0000000, 0x00000000f0000000, 0x00000000f6400000)
  from space 12800K,  11% used [0x00000000f6400000, 0x00000000f6566b60, 0x00000000f7080000)
  to   space 12800K,   0% used [0x00000000f7080000, 0x00000000f7080000, 0x00000000f7d00000)
 concurrent mark-sweep generation total 134144K, used 66358K [0x00000000f7d00000, 0x0000000100000000, 0x0000000100000000)
 Metaspace       used 53350K, capacity 56806K, committed 57088K, reserved 1099776K
  class space    used 6507K, capacity 7103K, committed 7168K, reserved 1048576K
}
{Heap before GC invocations=370 (full 0):
 par new generation   total 115200K, used 103834K [0x00000000f0000000, 0x00000000f7d00000, 0x00000000f7d00000)
  eden space 102400K, 100% used [0x00000000f0000000, 0x00000000f6400000, 0x00000000f6400000)
  from space 12800K,  11% used [0x00000000f6400000, 0x00000000f6566b60, 0x00000000f7080000)
  to   space 12800K,   0% used [0x00000000f7080000, 0x00000000f7080000, 0x00000000f7d00000)
 concurrent mark-sweep generation total 134144K, used 66358K [0x00000000f7d00000, 0x0000000100000000, 0x0000000100000000)
 Metaspace       used 53350K, capacity 56806K, committed 57088K, reserved 1099776K
  class space    used 6507K, capacity 7103K, committed 7168K, reserved 1048576K
2023-10-03T09:33:55.833+0800: 1406.343: [GC (Allocation Failure) 2023-10-03T09:33:55.834+0800: 1406.343: [ParNew: 103834K->1390K(115200K), 0.0060107 secs] 170193K->67771K(249344K), 0.0062119 secs] [Times: user=0.05 sys=0.00, real=0.00 secs] 
Heap after GC invocations=371 (full 0):
 par new generation   total 115200K, used 1390K [0x00000000f0000000, 0x00000000f7d00000, 0x00000000f7d00000)
  eden space 102400K,   0% used [0x00000000f0000000, 0x00000000f0000000, 0x00000000f6400000)
  from space 12800K,  10% used [0x00000000f7080000, 0x00000000f71db820, 0x00000000f7d00000)
  to   space 12800K,   0% used [0x00000000f6400000, 0x00000000f6400000, 0x00000000f7080000)
 concurrent mark-sweep generation total 134144K, used 66381K [0x00000000f7d00000, 0x0000000100000000, 0x0000000100000000)
 Metaspace       used 53350K, capacity 56806K, committed 57088K, reserved 1099776K
  class space    used 6507K, capacity 7103K, committed 7168K, reserved 1048576K
}
{Heap before GC invocations=371 (full 0):
 par new generation   total 115200K, used 103790K [0x00000000f0000000, 0x00000000f7d00000, 0x00000000f7d00000)
  eden space 102400K, 100% used [0x00000000f0000000, 0x00000000f6400000, 0x00000000f6400000)
  from space 12800K,  10% used [0x00000000f7080000, 0x00000000f71db820, 0x00000000f7d00000)
  to   space 12800K,   0% used [0x00000000f6400000, 0x00000000f6400000, 0x00000000f7080000)
 concurrent mark-sweep generation total 134144K, used 66381K [0x00000000f7d00000, 0x0000000100000000, 0x0000000100000000)
 Metaspace       used 53353K, capacity 56806K, committed 57088K, reserved 1099776K
  class space    used 6507K, capacity 7103K, committed 7168K, reserved 1048576K
2023-10-03T09:33:59.394+0800: 1409.903: [GC (Allocation Failure) 2023-10-03T09:33:59.394+0800: 1409.903: [ParNew: 103790K->1714K(115200K), 0.0060502 secs] 170171K->68109K(249344K), 0.0062236 secs] [Times: user=0.05 sys=0.00, real=0.00 secs] 
Heap after GC invocations=372 (full 0):
 par new generation   total 115200K, used 1714K [0x00000000f0000000, 0x00000000f7d00000, 0x00000000f7d00000)
  eden space 102400K,   0% used [0x00000000f0000000, 0x00000000f0000000, 0x00000000f6400000)
  from space 12800K,  13% used [0x00000000f6400000, 0x00000000f65ac868, 0x00000000f7080000)
  to   space 12800K,   0% used [0x00000000f7080000, 0x00000000f7080000, 0x00000000f7d00000)
 concurrent mark-sweep generation total 134144K, used 66395K [0x00000000f7d00000, 0x0000000100000000, 0x0000000100000000)
 Metaspace       used 53353K, capacity 56806K, committed 57088K, reserved 1099776K
  class space    used 6507K, capacity 7103K, committed 7168K, reserved 1048576K
}
{Heap before GC invocations=372 (full 0):
 par new generation   total 115200K, used 104114K [0x00000000f0000000, 0x00000000f7d00000, 0x00000000f7d00000)
  eden space 102400K, 100% used [0x00000000f0000000, 0x00000000f6400000, 0x00000000f6400000)
  from space 12800K,  13% used [0x00000000f6400000, 0x00000000f65ac868, 0x00000000f7080000)
  to   space 12800K,   0% used [0x00000000f7080000, 0x00000000f7080000, 0x00000000f7d00000)
 concurrent mark-sweep generation total 134144K, used 66395K [0x00000000f7d00000, 0x0000000100000000, 0x0000000100000000)
 Metaspace       used 53353K, capacity 56806K, committed 57088K, reserved 1099776K
  class space    used 6507K, capacity 7103K, committed 7168K, reserved 1048576K
2023-10-03T09:34:02.952+0800: 1413.461: [GC (Allocation Failure) 2023-10-03T09:34:02.952+0800: 1413.461: [ParNew: 104114K->1543K(115200K), 0.0067103 secs] 170509K->67938K(249344K), 0.0069433 secs] [Times: user=0.05 sys=0.01, real=0.00 secs] 
Heap after GC invocations=373 (full 0):
 par new generation   total 115200K, used 1543K [0x00000000f0000000, 0x00000000f7d00000, 0x00000000f7d00000)
  eden space 102400K,   0% used [0x00000000f0000000, 0x00000000f0000000, 0x00000000f6400000)
  from space 12800K,  12% used [0x00000000f7080000, 0x00000000f7201c90, 0x00000000f7d00000)
  to   space 12800K,   0% used [0x00000000f6400000, 0x00000000f6400000, 0x00000000f7080000)
 concurrent mark-sweep generation total 134144K, used 66395K [0x00000000f7d00000, 0x0000000100000000, 0x0000000100000000)
 Metaspace       used 53353K, capacity 56806K, committed 57088K, reserved 1099776K
  class space    used 6507K, capacity 7103K, committed 7168K, reserved 1048576K
}
{Heap before GC invocations=373 (full 0):
 par new generation   total 115200K, used 103943K [0x00000000f0000000, 0x00000000f7d00000, 0x00000000f7d00000)
  eden space 102400K, 100% used [0x00000000f0000000, 0x00000000f6400000, 0x00000000f6400000)
  from space 12800K,  12% used [0x00000000f7080000, 0x00000000f7201c90, 0x00000000f7d00000)
  to   space 12800K,   0% used [0x00000000f6400000, 0x00000000f6400000, 0x00000000f7080000)
 concurrent mark-sweep generation total 134144K, used 66395K [0x00000000f7d00000, 0x0000000100000000, 0x0000000100000000)
 Metaspace       used 53353K, capacity 56806K, committed 57088K, reserved 1099776K
  class space    used 6507K, capacity 7103K, committed 7168K, reserved 1048576K
2023-10-03T09:34:06.537+0800: 1417.046: [GC (Allocation Failure) 2023-10-03T09:34:06.537+0800: 1417.046: [ParNew: 103943K->1596K(115200K), 0.0068813 secs] 170338K->68004K(249344K), 0.0071301 secs] [Times: user=0.06 sys=0.00, real=0.01 secs] 
Heap after GC invocations=374 (full 0):
 par new generation   total 115200K, used 1596K [0x00000000f0000000, 0x00000000f7d00000, 0x00000000f7d00000)
  eden space 102400K,   0% used [0x00000000f0000000, 0x00000000f0000000, 0x00000000f6400000)
  from space 12800K,  12% used [0x00000000f6400000, 0x00000000f658f038, 0x00000000f7080000)
  to   space 12800K,   0% used [0x00000000f7080000, 0x00000000f7080000, 0x00000000f7d00000)
 concurrent mark-sweep generation total 134144K, used 66408K [0x00000000f7d00000, 0x0000000100000000, 0x0000000100000000)
 Metaspace       used 53353K, capacity 56806K, committed 57088K, reserved 1099776K
  class space    used 6507K, capacity 7103K, committed 7168K, reserved 1048576K
}
{Heap before GC invocations=374 (full 0):
 par new generation   total 115200K, used 103996K [0x00000000f0000000, 0x00000000f7d00000, 0x00000000f7d00000)
  eden space 102400K, 100% used [0x00000000f0000000, 0x00000000f6400000, 0x00000000f6400000)
  from space 12800K,  12% used [0x00000000f6400000, 0x00000000f658f038, 0x00000000f7080000)
  to   space 12800K,   0% used [0x00000000f7080000, 0x00000000f7080000, 0x00000000f7d00000)
 concurrent mark-sweep generation total 134144K, used 66408K [0x00000000f7d00000, 0x0000000100000000, 0x0000000100000000)
 Metaspace       used 53353K, capacity 56806K, committed 57088K, reserved 1099776K
  class space    used 6507K, capacity 7103K, committed 7168K, reserved 1048576K
2023-10-03T09:34:10.095+0800: 1420.604: [GC (Allocation Failure) 2023-10-03T09:34:10.095+0800: 1420.604: [ParNew: 103996K->1717K(115200K), 0.0015648 secs] 170404K->68127K(249344K), 0.0016254 secs] [Times: user=0.01 sys=0.00, real=0.00 secs] 
Heap after GC invocations=375 (full 0):
 par new generation   total 115200K, used 1717K [0x00000000f0000000, 0x00000000f7d00000, 0x00000000f7d00000)
  eden space 102400K,   0% used [0x00000000f0000000, 0x00000000f0000000, 0x00000000f6400000)
  from space 12800K,  13% used [0x00000000f7080000, 0x00000000f722d760, 0x00000000f7d00000)
  to   space 12800K,   0% used [0x00000000f6400000, 0x00000000f6400000, 0x00000000f7080000)
 concurrent mark-sweep generation total 134144K, used 66409K [0x00000000f7d00000, 0x0000000100000000, 0x0000000100000000)
 Metaspace       used 53353K, capacity 56806K, committed 57088K, reserved 1099776K
  class space    used 6507K, capacity 7103K, committed 7168K, reserved 1048576K
}
{Heap before GC invocations=375 (full 0):
 par new generation   total 115200K, used 104117K [0x00000000f0000000, 0x00000000f7d00000, 0x00000000f7d00000)
  eden space 102400K, 100% used [0x00000000f0000000, 0x00000000f6400000, 0x00000000f6400000)
  from space 12800K,  13% used [0x00000000f7080000, 0x00000000f722d760, 0x00000000f7d00000)
  to   space 12800K,   0% used [0x00000000f6400000, 0x00000000f6400000, 0x00000000f7080000)
 concurrent mark-sweep generation total 134144K, used 66409K [0x00000000f7d00000, 0x0000000100000000, 0x0000000100000000)
 Metaspace       used 53353K, capacity 56806K, committed 57088K, reserved 1099776K
  class space    used 6507K, capacity 7103K, committed 7168K, reserved 1048576K
2023-10-03T09:34:13.863+0800: 1424.373: [GC (Allocation Failure) 2023-10-03T09:34:13.864+0800: 1424.373: [ParNew: 104117K->1606K(115200K), 0.0033514 secs] 170527K->68020K(249344K), 0.0035486 secs] [Times: user=0.02 sys=0.00, real=0.00 secs] 
Heap after GC invocations=376 (full 0):
 par new generation   total 115200K, used 1606K [0x00000000f0000000, 0x00000000f7d00000, 0x00000000f7d00000)
  eden space 102400K,   0% used [0x00000000f0000000, 0x00000000f0000000, 0x00000000f6400000)
  from space 12800K,  12% used [0x00000000f6400000, 0x00000000f6591ae0, 0x00000000f7080000)
  to   space 12800K,   0% used [0x00000000f7080000, 0x00000000f7080000, 0x00000000f7d00000)
 concurrent mark-sweep generation total 134144K, used 66413K [0x00000000f7d00000, 0x0000000100000000, 0x0000000100000000)
 Metaspace       used 53353K, capacity 56806K, committed 57088K, reserved 1099776K
  class space    used 6507K, capacity 7103K, committed 7168K, reserved 1048576K
}
{Heap before GC invocations=376 (full 0):
 par new generation   total 115200K, used 104006K [0x00000000f0000000, 0x00000000f7d00000, 0x00000000f7d00000)
  eden space 102400K, 100% used [0x00000000f0000000, 0x00000000f6400000, 0x00000000f6400000)
  from space 12800K,  12% used [0x00000000f6400000, 0x00000000f6591ae0, 0x00000000f7080000)
  to   space 12800K,   0% used [0x00000000f7080000, 0x00000000f7080000, 0x00000000f7d00000)
 concurrent mark-sweep generation total 134144K, used 66413K [0x00000000f7d00000, 0x0000000100000000, 0x0000000100000000)
 Metaspace       used 53353K, capacity 56806K, committed 57088K, reserved 1099776K
  class space    used 6507K, capacity 7103K, committed 7168K, reserved 1048576K
2023-10-03T09:34:17.543+0800: 1428.052: [GC (Allocation Failure) 2023-10-03T09:34:17.543+0800: 1428.052: [ParNew: 104006K->1480K(115200K), 0.0058582 secs] 170420K->67909K(249344K), 0.0060301 secs] [Times: user=0.05 sys=0.00, real=0.00 secs] 
Heap after GC invocations=377 (full 0):
 par new generation   total 115200K, used 1480K [0x00000000f0000000, 0x00000000f7d00000, 0x00000000f7d00000)
  eden space 102400K,   0% used [0x00000000f0000000, 0x00000000f0000000, 0x00000000f6400000)
  from space 12800K,  11% used [0x00000000f7080000, 0x00000000f71f2200, 0x00000000f7d00000)
  to   space 12800K,   0% used [0x00000000f6400000, 0x00000000f6400000, 0x00000000f7080000)
 concurrent mark-sweep generation total 134144K, used 66428K [0x00000000f7d00000, 0x0000000100000000, 0x0000000100000000)
 Metaspace       used 53353K, capacity 56806K, committed 57088K, reserved 1099776K
  class space    used 6507K, capacity 7103K, committed 7168K, reserved 1048576K
}
{Heap before GC invocations=377 (full 0):
 par new generation   total 115200K, used 103880K [0x00000000f0000000, 0x00000000f7d00000, 0x00000000f7d00000)
  eden space 102400K, 100% used [0x00000000f0000000, 0x00000000f6400000, 0x00000000f6400000)
  from space 12800K,  11% used [0x00000000f7080000, 0x00000000f71f2200, 0x00000000f7d00000)
  to   space 12800K,   0% used [0x00000000f6400000, 0x00000000f6400000, 0x00000000f7080000)
 concurrent mark-sweep generation total 134144K, used 66428K [0x00000000f7d00000, 0x0000000100000000, 0x0000000100000000)
 Metaspace       used 53353K, capacity 56806K, committed 57088K, reserved 1099776K
  class space    used 6507K, capacity 7103K, committed 7168K, reserved 1048576K
2023-10-03T09:34:21.113+0800: 1431.622: [GC (Allocation Failure) 2023-10-03T09:34:21.113+0800: 1431.622: [ParNew: 103880K->1465K(115200K), 0.0057125 secs] 170309K->67992K(249344K), 0.0058827 secs] [Times: user=0.06 sys=0.00, real=0.00 secs] 
Heap after GC invocations=378 (full 0):
 par new generation   total 115200K, used 1465K [0x00000000f0000000, 0x00000000f7d00000, 0x00000000f7d00000)
  eden space 102400K,   0% used [0x00000000f0000000, 0x00000000f0000000, 0x00000000f6400000)
  from space 12800K,  11% used [0x00000000f6400000, 0x00000000f656e780, 0x00000000f7080000)
  to   space 12800K,   0% used [0x00000000f7080000, 0x00000000f7080000, 0x00000000f7d00000)
 concurrent mark-sweep generation total 134144K, used 66526K [0x00000000f7d00000, 0x0000000100000000, 0x0000000100000000)
 Metaspace       used 53353K, capacity 56806K, committed 57088K, reserved 1099776K
  class space    used 6507K, capacity 7103K, committed 7168K, reserved 1048576K
}
{Heap before GC invocations=378 (full 0):
 par new generation   total 115200K, used 103865K [0x00000000f0000000, 0x00000000f7d00000, 0x00000000f7d00000)
  eden space 102400K, 100% used [0x00000000f0000000, 0x00000000f6400000, 0x00000000f6400000)
  from space 12800K,  11% used [0x00000000f6400000, 0x00000000f656e780, 0x00000000f7080000)
  to   space 12800K,   0% used [0x00000000f7080000, 0x00000000f7080000, 0x00000000f7d00000)
 concurrent mark-sweep generation total 134144K, used 66526K [0x00000000f7d00000, 0x0000000100000000, 0x0000000100000000)
 Metaspace       used 53353K, capacity 56806K, committed 57088K, reserved 1099776K
  class space    used 6507K, capacity 7103K, committed 7168K, reserved 1048576K
2023-10-03T09:34:24.670+0800: 1435.179: [GC (Allocation Failure) 2023-10-03T09:34:24.670+0800: 1435.180: [ParNew: 103865K->1387K(115200K), 0.0066708 secs] 170392K->67917K(249344K), 0.0069170 secs] [Times: user=0.05 sys=0.00, real=0.01 secs] 
Heap after GC invocations=379 (full 0):
 par new generation   total 115200K, used 1387K [0x00000000f0000000, 0x00000000f7d00000, 0x00000000f7d00000)
  eden space 102400K,   0% used [0x00000000f0000000, 0x00000000f0000000, 0x00000000f6400000)
  from space 12800K,  10% used [0x00000000f7080000, 0x00000000f71dac80, 0x00000000f7d00000)
  to   space 12800K,   0% used [0x00000000f6400000, 0x00000000f6400000, 0x00000000f7080000)
 concurrent mark-sweep generation total 134144K, used 66530K [0x00000000f7d00000, 0x0000000100000000, 0x0000000100000000)
 Metaspace       used 53353K, capacity 56806K, committed 57088K, reserved 1099776K
  class space    used 6507K, capacity 7103K, committed 7168K, reserved 1048576K
}
{Heap before GC invocations=379 (full 0):
 par new generation   total 115200K, used 103787K [0x00000000f0000000, 0x00000000f7d00000, 0x00000000f7d00000)
  eden space 102400K, 100% used [0x00000000f0000000, 0x00000000f6400000, 0x00000000f6400000)
  from space 12800K,  10% used [0x00000000f7080000, 0x00000000f71dac80, 0x00000000f7d00000)
  to   space 12800K,   0% used [0x00000000f6400000, 0x00000000f6400000, 0x00000000f7080000)
 concurrent mark-sweep generation total 134144K, used 66530K [0x00000000f7d00000, 0x0000000100000000, 0x0000000100000000)
 Metaspace       used 53353K, capacity 56806K, committed 57088K, reserved 1099776K
  class space    used 6507K, capacity 7103K, committed 7168K, reserved 1048576K
2023-10-03T09:34:28.252+0800: 1438.762: [GC (Allocation Failure) 2023-10-03T09:34:28.253+0800: 1438.762: [ParNew: 103787K->1524K(115200K), 0.0062647 secs] 170317K->68059K(249344K), 0.0065292 secs] [Times: user=0.05 sys=0.01, real=0.00 secs] 
Heap after GC invocations=380 (full 0):
 par new generation   total 115200K, used 1524K [0x00000000f0000000, 0x00000000f7d00000, 0x00000000f7d00000)
  eden space 102400K,   0% used [0x00000000f0000000, 0x00000000f0000000, 0x00000000f6400000)
  from space 12800K,  11% used [0x00000000f6400000, 0x00000000f657d3d8, 0x00000000f7080000)
  to   space 12800K,   0% used [0x00000000f7080000, 0x00000000f7080000, 0x00000000f7d00000)
 concurrent mark-sweep generation total 134144K, used 66534K [0x00000000f7d00000, 0x0000000100000000, 0x0000000100000000)
 Metaspace       used 53353K, capacity 56806K, committed 57088K, reserved 1099776K
  class space    used 6507K, capacity 7103K, committed 7168K, reserved 1048576K
}
{Heap before GC invocations=380 (full 0):
 par new generation   total 115200K, used 103924K [0x00000000f0000000, 0x00000000f7d00000, 0x00000000f7d00000)
  eden space 102400K, 100% used [0x00000000f0000000, 0x00000000f6400000, 0x00000000f6400000)
  from space 12800K,  11% used [0x00000000f6400000, 0x00000000f657d3d8, 0x00000000f7080000)
  to   space 12800K,   0% used [0x00000000f7080000, 0x00000000f7080000, 0x00000000f7d00000)
 concurrent mark-sweep generation total 134144K, used 66534K [0x00000000f7d00000, 0x0000000100000000, 0x0000000100000000)
 Metaspace       used 53354K, capacity 56806K, committed 57088K, reserved 1099776K
  class space    used 6507K, capacity 7103K, committed 7168K, reserved 1048576K
2023-10-03T09:34:31.809+0800: 1442.318: [GC (Allocation Failure) 2023-10-03T09:34:31.809+0800: 1442.318: [ParNew: 103924K->1526K(115200K), 0.0062637 secs] 170459K->68082K(249344K), 0.0065178 secs] [Times: user=0.05 sys=0.01, real=0.01 secs] 
Heap after GC invocations=381 (full 0):
 par new generation   total 115200K, used 1526K [0x00000000f0000000, 0x00000000f7d00000, 0x00000000f7d00000)
  eden space 102400K,   0% used [0x00000000f0000000, 0x00000000f0000000, 0x00000000f6400000)
  from space 12800K,  11% used [0x00000000f7080000, 0x00000000f71fd8b8, 0x00000000f7d00000)
  to   space 12800K,   0% used [0x00000000f6400000, 0x00000000f6400000, 0x00000000f7080000)
 concurrent mark-sweep generation total 134144K, used 66555K [0x00000000f7d00000, 0x0000000100000000, 0x0000000100000000)
 Metaspace       used 53354K, capacity 56806K, committed 57088K, reserved 1099776K
  class space    used 6507K, capacity 7103K, committed 7168K, reserved 1048576K
}
{Heap before GC invocations=381 (full 0):
 par new generation   total 115200K, used 103926K [0x00000000f0000000, 0x00000000f7d00000, 0x00000000f7d00000)
  eden space 102400K, 100% used [0x00000000f0000000, 0x00000000f6400000, 0x00000000f6400000)
  from space 12800K,  11% used [0x00000000f7080000, 0x00000000f71fd8b8, 0x00000000f7d00000)
  to   space 12800K,   0% used [0x00000000f6400000, 0x00000000f6400000, 0x00000000f7080000)
 concurrent mark-sweep generation total 134144K, used 66555K [0x00000000f7d00000, 0x0000000100000000, 0x0000000100000000)
 Metaspace       used 53354K, capacity 56806K, committed 57088K, reserved 1099776K
  class space    used 6507K, capacity 7103K, committed 7168K, reserved 1048576K
2023-10-03T09:34:35.383+0800: 1445.893: [GC (Allocation Failure) 2023-10-03T09:34:35.384+0800: 1445.893: [ParNew: 103926K->1404K(115200K), 0.0066395 secs] 170482K->67964K(249344K), 0.0068701 secs] [Times: user=0.05 sys=0.00, real=0.00 secs] 
Heap after GC invocations=382 (full 0):
 par new generation   total 115200K, used 1404K [0x00000000f0000000, 0x00000000f7d00000, 0x00000000f7d00000)
  eden space 102400K,   0% used [0x00000000f0000000, 0x00000000f0000000, 0x00000000f6400000)
  from space 12800K,  10% used [0x00000000f6400000, 0x00000000f655f1e0, 0x00000000f7080000)
  to   space 12800K,   0% used [0x00000000f7080000, 0x00000000f7080000, 0x00000000f7d00000)
 concurrent mark-sweep generation total 134144K, used 66560K [0x00000000f7d00000, 0x0000000100000000, 0x0000000100000000)
 Metaspace       used 53354K, capacity 56806K, committed 57088K, reserved 1099776K
  class space    used 6507K, capacity 7103K, committed 7168K, reserved 1048576K
}
{Heap before GC invocations=382 (full 0):
 par new generation   total 115200K, used 103804K [0x00000000f0000000, 0x00000000f7d00000, 0x00000000f7d00000)
  eden space 102400K, 100% used [0x00000000f0000000, 0x00000000f6400000, 0x00000000f6400000)
  from space 12800K,  10% used [0x00000000f6400000, 0x00000000f655f1e0, 0x00000000f7080000)
  to   space 12800K,   0% used [0x00000000f7080000, 0x00000000f7080000, 0x00000000f7d00000)
 concurrent mark-sweep generation total 134144K, used 66560K [0x00000000f7d00000, 0x0000000100000000, 0x0000000100000000)
 Metaspace       used 53354K, capacity 56806K, committed 57088K, reserved 1099776K
  class space    used 6507K, capacity 7103K, committed 7168K, reserved 1048576K
2023-10-03T09:34:39.254+0800: 1449.763: [GC (Allocation Failure) 2023-10-03T09:34:39.254+0800: 1449.764: [ParNew: 103804K->1486K(115200K), 0.0060557 secs] 170364K->68050K(249344K), 0.0062156 secs] [Times: user=0.06 sys=0.00, real=0.00 secs] 
Heap after GC invocations=383 (full 0):
 par new generation   total 115200K, used 1486K [0x00000000f0000000, 0x00000000f7d00000, 0x00000000f7d00000)
  eden space 102400K,   0% used [0x00000000f0000000, 0x00000000f0000000, 0x00000000f6400000)
  from space 12800K,  11% used [0x00000000f7080000, 0x00000000f71f3ab0, 0x00000000f7d00000)
  to   space 12800K,   0% used [0x00000000f6400000, 0x00000000f6400000, 0x00000000f7080000)
 concurrent mark-sweep generation total 134144K, used 66564K [0x00000000f7d00000, 0x0000000100000000, 0x0000000100000000)
 Metaspace       used 53354K, capacity 56806K, committed 57088K, reserved 1099776K
  class space    used 6507K, capacity 7103K, committed 7168K, reserved 1048576K
}
{Heap before GC invocations=383 (full 0):
 par new generation   total 115200K, used 103886K [0x00000000f0000000, 0x00000000f7d00000, 0x00000000f7d00000)
  eden space 102400K, 100% used [0x00000000f0000000, 0x00000000f6400000, 0x00000000f6400000)
  from space 12800K,  11% used [0x00000000f7080000, 0x00000000f71f3ab0, 0x00000000f7d00000)
  to   space 12800K,   0% used [0x00000000f6400000, 0x00000000f6400000, 0x00000000f7080000)
 concurrent mark-sweep generation total 134144K, used 66564K [0x00000000f7d00000, 0x0000000100000000, 0x0000000100000000)
 Metaspace       used 53354K, capacity 56806K, committed 57088K, reserved 1099776K
  class space    used 6507K, capacity 7103K, committed 7168K, reserved 1048576K
2023-10-03T09:34:42.828+0800: 1453.337: [GC (Allocation Failure) 2023-10-03T09:34:42.828+0800: 1453.337: [ParNew: 103886K->1382K(115200K), 0.0055763 secs] 170450K->67976K(249344K), 0.0057651 secs] [Times: user=0.05 sys=0.00, real=0.01 secs] 
Heap after GC invocations=384 (full 0):
 par new generation   total 115200K, used 1382K [0x00000000f0000000, 0x00000000f7d00000, 0x00000000f7d00000)
  eden space 102400K,   0% used [0x00000000f0000000, 0x00000000f0000000, 0x00000000f6400000)
  from space 12800K,  10% used [0x00000000f6400000, 0x00000000f6559840, 0x00000000f7080000)
  to   space 12800K,   0% used [0x00000000f7080000, 0x00000000f7080000, 0x00000000f7d00000)
 concurrent mark-sweep generation total 134144K, used 66593K [0x00000000f7d00000, 0x0000000100000000, 0x0000000100000000)
 Metaspace       used 53354K, capacity 56806K, committed 57088K, reserved 1099776K
  class space    used 6507K, capacity 7103K, committed 7168K, reserved 1048576K
}
{Heap before GC invocations=384 (full 0):
 par new generation   total 115200K, used 103782K [0x00000000f0000000, 0x00000000f7d00000, 0x00000000f7d00000)
  eden space 102400K, 100% used [0x00000000f0000000, 0x00000000f6400000, 0x00000000f6400000)
  from space 12800K,  10% used [0x00000000f6400000, 0x00000000f6559840, 0x00000000f7080000)
  to   space 12800K,   0% used [0x00000000f7080000, 0x00000000f7080000, 0x00000000f7d00000)
 concurrent mark-sweep generation total 134144K, used 66593K [0x00000000f7d00000, 0x0000000100000000, 0x0000000100000000)
 Metaspace       used 53359K, capacity 56806K, committed 57088K, reserved 1099776K
  class space    used 6507K, capacity 7103K, committed 7168K, reserved 1048576K
2023-10-03T09:34:46.381+0800: 1456.890: [GC (Allocation Failure) 2023-10-03T09:34:46.381+0800: 1456.890: [ParNew: 103782K->1335K(115200K), 0.0062477 secs] 170376K->67941K(249344K), 0.0064965 secs] [Times: user=0.06 sys=0.00, real=0.01 secs] 
Heap after GC invocations=385 (full 0):
 par new generation   total 115200K, used 1335K [0x00000000f0000000, 0x00000000f7d00000, 0x00000000f7d00000)
  eden space 102400K,   0% used [0x00000000f0000000, 0x00000000f0000000, 0x00000000f6400000)
  from space 12800K,  10% used [0x00000000f7080000, 0x00000000f71cdd80, 0x00000000f7d00000)
  to   space 12800K,   0% used [0x00000000f6400000, 0x00000000f6400000, 0x00000000f7080000)
 concurrent mark-sweep generation total 134144K, used 66605K [0x00000000f7d00000, 0x0000000100000000, 0x0000000100000000)
 Metaspace       used 53359K, capacity 56806K, committed 57088K, reserved 1099776K
  class space    used 6507K, capacity 7103K, committed 7168K, reserved 1048576K
}
{Heap before GC invocations=385 (full 0):
 par new generation   total 115200K, used 103735K [0x00000000f0000000, 0x00000000f7d00000, 0x00000000f7d00000)
  eden space 102400K, 100% used [0x00000000f0000000, 0x00000000f6400000, 0x00000000f6400000)
  from space 12800K,  10% used [0x00000000f7080000, 0x00000000f71cdd80, 0x00000000f7d00000)
  to   space 12800K,   0% used [0x00000000f6400000, 0x00000000f6400000, 0x00000000f7080000)
 concurrent mark-sweep generation total 134144K, used 66605K [0x00000000f7d00000, 0x0000000100000000, 0x0000000100000000)
 Metaspace       used 53359K, capacity 56806K, committed 57088K, reserved 1099776K
  class space    used 6507K, capacity 7103K, committed 7168K, reserved 1048576K
2023-10-03T09:34:49.943+0800: 1460.453: [GC (Allocation Failure) 2023-10-03T09:34:49.944+0800: 1460.453: [ParNew: 103735K->1347K(115200K), 0.0059255 secs] 170341K->67957K(249344K), 0.0061733 secs] [Times: user=0.05 sys=0.00, real=0.00 secs] 
Heap after GC invocations=386 (full 0):
 par new generation   total 115200K, used 1347K [0x00000000f0000000, 0x00000000f7d00000, 0x00000000f7d00000)
  eden space 102400K,   0% used [0x00000000f0000000, 0x00000000f0000000, 0x00000000f6400000)
  from space 12800K,  10% used [0x00000000f6400000, 0x00000000f6550cc0, 0x00000000f7080000)
  to   space 12800K,   0% used [0x00000000f7080000, 0x00000000f7080000, 0x00000000f7d00000)
 concurrent mark-sweep generation total 134144K, used 66610K [0x00000000f7d00000, 0x0000000100000000, 0x0000000100000000)
 Metaspace       used 53359K, capacity 56806K, committed 57088K, reserved 1099776K
  class space    used 6507K, capacity 7103K, committed 7168K, reserved 1048576K
}
{Heap before GC invocations=386 (full 0):
 par new generation   total 115200K, used 103747K [0x00000000f0000000, 0x00000000f7d00000, 0x00000000f7d00000)
  eden space 102400K, 100% used [0x00000000f0000000, 0x00000000f6400000, 0x00000000f6400000)
  from space 12800K,  10% used [0x00000000f6400000, 0x00000000f6550cc0, 0x00000000f7080000)
  to   space 12800K,   0% used [0x00000000f7080000, 0x00000000f7080000, 0x00000000f7d00000)
 concurrent mark-sweep generation total 134144K, used 66610K [0x00000000f7d00000, 0x0000000100000000, 0x0000000100000000)
 Metaspace       used 53359K, capacity 56806K, committed 57088K, reserved 1099776K
  class space    used 6507K, capacity 7103K, committed 7168K, reserved 1048576K
2023-10-03T09:34:53.523+0800: 1464.032: [GC (Allocation Failure) 2023-10-03T09:34:53.523+0800: 1464.032: [ParNew: 103747K->1322K(115200K), 0.0066195 secs] 170357K->67935K(249344K), 0.0068453 secs] [Times: user=0.06 sys=0.00, real=0.00 secs] 
Heap after GC invocations=387 (full 0):
 par new generation   total 115200K, used 1322K [0x00000000f0000000, 0x00000000f7d00000, 0x00000000f7d00000)
  eden space 102400K,   0% used [0x00000000f0000000, 0x00000000f0000000, 0x00000000f6400000)
  from space 12800K,  10% used [0x00000000f7080000, 0x00000000f71ca900, 0x00000000f7d00000)
  to   space 12800K,   0% used [0x00000000f6400000, 0x00000000f6400000, 0x00000000f7080000)
 concurrent mark-sweep generation total 134144K, used 66613K [0x00000000f7d00000, 0x0000000100000000, 0x0000000100000000)
 Metaspace       used 53359K, capacity 56806K, committed 57088K, reserved 1099776K
  class space    used 6507K, capacity 7103K, committed 7168K, reserved 1048576K
}
{Heap before GC invocations=387 (full 0):
 par new generation   total 115200K, used 103722K [0x00000000f0000000, 0x00000000f7d00000, 0x00000000f7d00000)
  eden space 102400K, 100% used [0x00000000f0000000, 0x00000000f6400000, 0x00000000f6400000)
  from space 12800K,  10% used [0x00000000f7080000, 0x00000000f71ca900, 0x00000000f7d00000)
  to   space 12800K,   0% used [0x00000000f6400000, 0x00000000f6400000, 0x00000000f7080000)
 concurrent mark-sweep generation total 134144K, used 66613K [0x00000000f7d00000, 0x0000000100000000, 0x0000000100000000)
 Metaspace       used 53363K, capacity 56806K, committed 57088K, reserved 1099776K
  class space    used 6507K, capacity 7103K, committed 7168K, reserved 1048576K
2023-10-03T09:34:57.102+0800: 1467.611: [GC (Allocation Failure) 2023-10-03T09:34:57.102+0800: 1467.611: [ParNew: 103722K->1430K(115200K), 0.0068840 secs] 170335K->68043K(249344K), 0.0071480 secs] [Times: user=0.05 sys=0.01, real=0.01 secs] 
Heap after GC invocations=388 (full 0):
 par new generation   total 115200K, used 1430K [0x00000000f0000000, 0x00000000f7d00000, 0x00000000f7d00000)
  eden space 102400K,   0% used [0x00000000f0000000, 0x00000000f0000000, 0x00000000f6400000)
  from space 12800K,  11% used [0x00000000f6400000, 0x00000000f6565938, 0x00000000f7080000)
  to   space 12800K,   0% used [0x00000000f7080000, 0x00000000f7080000, 0x00000000f7d00000)
 concurrent mark-sweep generation total 134144K, used 66613K [0x00000000f7d00000, 0x0000000100000000, 0x0000000100000000)
 Metaspace       used 53363K, capacity 56806K, committed 57088K, reserved 1099776K
  class space    used 6507K, capacity 7103K, committed 7168K, reserved 1048576K
}
{Heap before GC invocations=388 (full 0):
 par new generation   total 115200K, used 103830K [0x00000000f0000000, 0x00000000f7d00000, 0x00000000f7d00000)
  eden space 102400K, 100% used [0x00000000f0000000, 0x00000000f6400000, 0x00000000f6400000)
  from space 12800K,  11% used [0x00000000f6400000, 0x00000000f6565938, 0x00000000f7080000)
  to   space 12800K,   0% used [0x00000000f7080000, 0x00000000f7080000, 0x00000000f7d00000)
 concurrent mark-sweep generation total 134144K, used 66613K [0x00000000f7d00000, 0x0000000100000000, 0x0000000100000000)
 Metaspace       used 53363K, capacity 56806K, committed 57088K, reserved 1099776K
  class space    used 6507K, capacity 7103K, committed 7168K, reserved 1048576K
2023-10-03T09:35:00.960+0800: 1471.469: [GC (Allocation Failure) 2023-10-03T09:35:00.960+0800: 1471.469: [ParNew: 103830K->1426K(115200K), 0.0058217 secs] 170443K->68040K(249344K), 0.0059971 secs] [Times: user=0.05 sys=0.00, real=0.01 secs] 
Heap after GC invocations=389 (full 0):
 par new generation   total 115200K, used 1426K [0x00000000f0000000, 0x00000000f7d00000, 0x00000000f7d00000)
  eden space 102400K,   0% used [0x00000000f0000000, 0x00000000f0000000, 0x00000000f6400000)
  from space 12800K,  11% used [0x00000000f7080000, 0x00000000f71e4828, 0x00000000f7d00000)
  to   space 12800K,   0% used [0x00000000f6400000, 0x00000000f6400000, 0x00000000f7080000)
 concurrent mark-sweep generation total 134144K, used 66614K [0x00000000f7d00000, 0x0000000100000000, 0x0000000100000000)
 Metaspace       used 53363K, capacity 56806K, committed 57088K, reserved 1099776K
  class space    used 6507K, capacity 7103K, committed 7168K, reserved 1048576K
}
{Heap before GC invocations=389 (full 0):
 par new generation   total 115200K, used 103826K [0x00000000f0000000, 0x00000000f7d00000, 0x00000000f7d00000)
  eden space 102400K, 100% used [0x00000000f0000000, 0x00000000f6400000, 0x00000000f6400000)
  from space 12800K,  11% used [0x00000000f7080000, 0x00000000f71e4828, 0x00000000f7d00000)
  to   space 12800K,   0% used [0x00000000f6400000, 0x00000000f6400000, 0x00000000f7080000)
 concurrent mark-sweep generation total 134144K, used 66614K [0x00000000f7d00000, 0x0000000100000000, 0x0000000100000000)
 Metaspace       used 53363K, capacity 56806K, committed 57088K, reserved 1099776K
  class space    used 6507K, capacity 7103K, committed 7168K, reserved 1048576K
2023-10-03T09:35:04.517+0800: 1475.027: [GC (Allocation Failure) 2023-10-03T09:35:04.518+0800: 1475.027: [ParNew: 103826K->1464K(115200K), 0.0056166 secs] 170440K->68081K(249344K), 0.0057769 secs] [Times: user=0.05 sys=0.00, real=0.01 secs] 
Heap after GC invocations=390 (full 0):
 par new generation   total 115200K, used 1464K [0x00000000f0000000, 0x00000000f7d00000, 0x00000000f7d00000)
  eden space 102400K,   0% used [0x00000000f0000000, 0x00000000f0000000, 0x00000000f6400000)
  from space 12800K,  11% used [0x00000000f6400000, 0x00000000f656e018, 0x00000000f7080000)
  to   space 12800K,   0% used [0x00000000f7080000, 0x00000000f7080000, 0x00000000f7d00000)
 concurrent mark-sweep generation total 134144K, used 66617K [0x00000000f7d00000, 0x0000000100000000, 0x0000000100000000)
 Metaspace       used 53363K, capacity 56806K, committed 57088K, reserved 1099776K
  class space    used 6507K, capacity 7103K, committed 7168K, reserved 1048576K
}
{Heap before GC invocations=390 (full 0):
 par new generation   total 115200K, used 103864K [0x00000000f0000000, 0x00000000f7d00000, 0x00000000f7d00000)
  eden space 102400K, 100% used [0x00000000f0000000, 0x00000000f6400000, 0x00000000f6400000)
  from space 12800K,  11% used [0x00000000f6400000, 0x00000000f656e018, 0x00000000f7080000)
  to   space 12800K,   0% used [0x00000000f7080000, 0x00000000f7080000, 0x00000000f7d00000)
 concurrent mark-sweep generation total 134144K, used 66617K [0x00000000f7d00000, 0x0000000100000000, 0x0000000100000000)
 Metaspace       used 53363K, capacity 56806K, committed 57088K, reserved 1099776K
  class space    used 6507K, capacity 7103K, committed 7168K, reserved 1048576K
2023-10-03T09:35:08.097+0800: 1478.606: [GC (Allocation Failure) 2023-10-03T09:35:08.097+0800: 1478.606: [ParNew: 103864K->1367K(115200K), 0.0055698 secs] 170481K->67991K(249344K), 0.0057557 secs] [Times: user=0.05 sys=0.00, real=0.01 secs] 
Heap after GC invocations=391 (full 0):
 par new generation   total 115200K, used 1367K [0x00000000f0000000, 0x00000000f7d00000, 0x00000000f7d00000)
  eden space 102400K,   0% used [0x00000000f0000000, 0x00000000f0000000, 0x00000000f6400000)
  from space 12800K,  10% used [0x00000000f7080000, 0x00000000f71d5ee0, 0x00000000f7d00000)
  to   space 12800K,   0% used [0x00000000f6400000, 0x00000000f6400000, 0x00000000f7080000)
 concurrent mark-sweep generation total 134144K, used 66624K [0x00000000f7d00000, 0x0000000100000000, 0x0000000100000000)
 Metaspace       used 53363K, capacity 56806K, committed 57088K, reserved 1099776K
  class space    used 6507K, capacity 7103K, committed 7168K, reserved 1048576K
}
{Heap before GC invocations=391 (full 0):
 par new generation   total 115200K, used 103767K [0x00000000f0000000, 0x00000000f7d00000, 0x00000000f7d00000)
  eden space 102400K, 100% used [0x00000000f0000000, 0x00000000f6400000, 0x00000000f6400000)
  from space 12800K,  10% used [0x00000000f7080000, 0x00000000f71d5ee0, 0x00000000f7d00000)
  to   space 12800K,   0% used [0x00000000f6400000, 0x00000000f6400000, 0x00000000f7080000)
 concurrent mark-sweep generation total 134144K, used 66624K [0x00000000f7d00000, 0x0000000100000000, 0x0000000100000000)
 Metaspace       used 53363K, capacity 56806K, committed 57088K, reserved 1099776K
  class space    used 6507K, capacity 7103K, committed 7168K, reserved 1048576K
2023-10-03T09:35:11.654+0800: 1482.163: [GC (Allocation Failure) 2023-10-03T09:35:11.654+0800: 1482.163: [ParNew: 103767K->1458K(115200K), 0.0061782 secs] 170391K->68083K(249344K), 0.0064317 secs] [Times: user=0.06 sys=0.00, real=0.00 secs] 
Heap after GC invocations=392 (full 0):
 par new generation   total 115200K, used 1458K [0x00000000f0000000, 0x00000000f7d00000, 0x00000000f7d00000)
  eden space 102400K,   0% used [0x00000000f0000000, 0x00000000f0000000, 0x00000000f6400000)
  from space 12800K,  11% used [0x00000000f6400000, 0x00000000f656c8f0, 0x00000000f7080000)
  to   space 12800K,   0% used [0x00000000f7080000, 0x00000000f7080000, 0x00000000f7d00000)
 concurrent mark-sweep generation total 134144K, used 66624K [0x00000000f7d00000, 0x0000000100000000, 0x0000000100000000)
 Metaspace       used 53363K, capacity 56806K, committed 57088K, reserved 1099776K
  class space    used 6507K, capacity 7103K, committed 7168K, reserved 1048576K
}
{Heap before GC invocations=392 (full 0):
 par new generation   total 115200K, used 103858K [0x00000000f0000000, 0x00000000f7d00000, 0x00000000f7d00000)
  eden space 102400K, 100% used [0x00000000f0000000, 0x00000000f6400000, 0x00000000f6400000)
  from space 12800K,  11% used [0x00000000f6400000, 0x00000000f656c8f0, 0x00000000f7080000)
  to   space 12800K,   0% used [0x00000000f7080000, 0x00000000f7080000, 0x00000000f7d00000)
 concurrent mark-sweep generation total 134144K, used 66624K [0x00000000f7d00000, 0x0000000100000000, 0x0000000100000000)
 Metaspace       used 53363K, capacity 56806K, committed 57088K, reserved 1099776K
  class space    used 6507K, capacity 7103K, committed 7168K, reserved 1048576K
2023-10-03T09:35:15.219+0800: 1485.728: [GC (Allocation Failure) 2023-10-03T09:35:15.219+0800: 1485.728: [ParNew: 103858K->1347K(115200K), 0.0063089 secs] 170483K->67974K(249344K), 0.0065965 secs] [Times: user=0.05 sys=0.00, real=0.01 secs] 
Heap after GC invocations=393 (full 0):
 par new generation   total 115200K, used 1347K [0x00000000f0000000, 0x00000000f7d00000, 0x00000000f7d00000)
  eden space 102400K,   0% used [0x00000000f0000000, 0x00000000f0000000, 0x00000000f6400000)
  from space 12800K,  10% used [0x00000000f7080000, 0x00000000f71d0d20, 0x00000000f7d00000)
  to   space 12800K,   0% used [0x00000000f6400000, 0x00000000f6400000, 0x00000000f7080000)
 concurrent mark-sweep generation total 134144K, used 66627K [0x00000000f7d00000, 0x0000000100000000, 0x0000000100000000)
 Metaspace       used 53363K, capacity 56806K, committed 57088K, reserved 1099776K
  class space    used 6507K, capacity 7103K, committed 7168K, reserved 1048576K
}
{Heap before GC invocations=393 (full 0):
 par new generation   total 115200K, used 103747K [0x00000000f0000000, 0x00000000f7d00000, 0x00000000f7d00000)
  eden space 102400K, 100% used [0x00000000f0000000, 0x00000000f6400000, 0x00000000f6400000)
  from space 12800K,  10% used [0x00000000f7080000, 0x00000000f71d0d20, 0x00000000f7d00000)
  to   space 12800K,   0% used [0x00000000f6400000, 0x00000000f6400000, 0x00000000f7080000)
 concurrent mark-sweep generation total 134144K, used 66627K [0x00000000f7d00000, 0x0000000100000000, 0x0000000100000000)
 Metaspace       used 53363K, capacity 56806K, committed 57088K, reserved 1099776K
  class space    used 6507K, capacity 7103K, committed 7168K, reserved 1048576K
2023-10-03T09:35:18.782+0800: 1489.291: [GC (Allocation Failure) 2023-10-03T09:35:18.782+0800: 1489.292: [ParNew: 103747K->1366K(115200K), 0.0196973 secs] 170374K->68000K(249344K), 0.0199354 secs] [Times: user=0.06 sys=0.01, real=0.02 secs] 
Heap after GC invocations=394 (full 0):
 par new generation   total 115200K, used 1366K [0x00000000f0000000, 0x00000000f7d00000, 0x00000000f7d00000)
  eden space 102400K,   0% used [0x00000000f0000000, 0x00000000f0000000, 0x00000000f6400000)
  from space 12800K,  10% used [0x00000000f6400000, 0x00000000f6555940, 0x00000000f7080000)
  to   space 12800K,   0% used [0x00000000f7080000, 0x00000000f7080000, 0x00000000f7d00000)
 concurrent mark-sweep generation total 134144K, used 66634K [0x00000000f7d00000, 0x0000000100000000, 0x0000000100000000)
 Metaspace       used 53363K, capacity 56806K, committed 57088K, reserved 1099776K
  class space    used 6507K, capacity 7103K, committed 7168K, reserved 1048576K
}
{Heap before GC invocations=394 (full 0):
 par new generation   total 115200K, used 103766K [0x00000000f0000000, 0x00000000f7d00000, 0x00000000f7d00000)
  eden space 102400K, 100% used [0x00000000f0000000, 0x00000000f6400000, 0x00000000f6400000)
  from space 12800K,  10% used [0x00000000f6400000, 0x00000000f6555940, 0x00000000f7080000)
  to   space 12800K,   0% used [0x00000000f7080000, 0x00000000f7080000, 0x00000000f7d00000)
 concurrent mark-sweep generation total 134144K, used 66634K [0x00000000f7d00000, 0x0000000100000000, 0x0000000100000000)
 Metaspace       used 53363K, capacity 56806K, committed 57088K, reserved 1099776K
  class space    used 6507K, capacity 7103K, committed 7168K, reserved 1048576K
2023-10-03T09:35:22.685+0800: 1493.194: [GC (Allocation Failure) 2023-10-03T09:35:22.685+0800: 1493.194: [ParNew: 103766K->1370K(115200K), 0.0024015 secs] 170400K->68011K(249344K), 0.0025930 secs] [Times: user=0.02 sys=0.00, real=0.00 secs] 
Heap after GC invocations=395 (full 0):
 par new generation   total 115200K, used 1370K [0x00000000f0000000, 0x00000000f7d00000, 0x00000000f7d00000)
  eden space 102400K,   0% used [0x00000000f0000000, 0x00000000f0000000, 0x00000000f6400000)
  from space 12800K,  10% used [0x00000000f7080000, 0x00000000f71d6b40, 0x00000000f7d00000)
  to   space 12800K,   0% used [0x00000000f6400000, 0x00000000f6400000, 0x00000000f7080000)
 concurrent mark-sweep generation total 134144K, used 66640K [0x00000000f7d00000, 0x0000000100000000, 0x0000000100000000)
 Metaspace       used 53363K, capacity 56806K, committed 57088K, reserved 1099776K
  class space    used 6507K, capacity 7103K, committed 7168K, reserved 1048576K
}
{Heap before GC invocations=395 (full 0):
 par new generation   total 115200K, used 103770K [0x00000000f0000000, 0x00000000f7d00000, 0x00000000f7d00000)
  eden space 102400K, 100% used [0x00000000f0000000, 0x00000000f6400000, 0x00000000f6400000)
  from space 12800K,  10% used [0x00000000f7080000, 0x00000000f71d6b40, 0x00000000f7d00000)
  to   space 12800K,   0% used [0x00000000f6400000, 0x00000000f6400000, 0x00000000f7080000)
 concurrent mark-sweep generation total 134144K, used 66640K [0x00000000f7d00000, 0x0000000100000000, 0x0000000100000000)
 Metaspace       used 53363K, capacity 56806K, committed 57088K, reserved 1099776K
  class space    used 6507K, capacity 7103K, committed 7168K, reserved 1048576K
2023-10-03T09:35:26.239+0800: 1496.748: [GC (Allocation Failure) 2023-10-03T09:35:26.239+0800: 1496.748: [ParNew: 103770K->1461K(115200K), 0.0057599 secs] 170411K->68102K(249344K), 0.0059823 secs] [Times: user=0.05 sys=0.00, real=0.01 secs] 
Heap after GC invocations=396 (full 0):
 par new generation   total 115200K, used 1461K [0x00000000f0000000, 0x00000000f7d00000, 0x00000000f7d00000)
  eden space 102400K,   0% used [0x00000000f0000000, 0x00000000f0000000, 0x00000000f6400000)
  from space 12800K,  11% used [0x00000000f6400000, 0x00000000f656d658, 0x00000000f7080000)
  to   space 12800K,   0% used [0x00000000f7080000, 0x00000000f7080000, 0x00000000f7d00000)
 concurrent mark-sweep generation total 134144K, used 66640K [0x00000000f7d00000, 0x0000000100000000, 0x0000000100000000)
 Metaspace       used 53363K, capacity 56806K, committed 57088K, reserved 1099776K
  class space    used 6507K, capacity 7103K, committed 7168K, reserved 1048576K
}
{Heap before GC invocations=396 (full 0):
 par new generation   total 115200K, used 103861K [0x00000000f0000000, 0x00000000f7d00000, 0x00000000f7d00000)
  eden space 102400K, 100% used [0x00000000f0000000, 0x00000000f6400000, 0x00000000f6400000)
  from space 12800K,  11% used [0x00000000f6400000, 0x00000000f656d658, 0x00000000f7080000)
  to   space 12800K,   0% used [0x00000000f7080000, 0x00000000f7080000, 0x00000000f7d00000)
 concurrent mark-sweep generation total 134144K, used 66640K [0x00000000f7d00000, 0x0000000100000000, 0x0000000100000000)
 Metaspace       used 53363K, capacity 56806K, committed 57088K, reserved 1099776K
  class space    used 6507K, capacity 7103K, committed 7168K, reserved 1048576K
2023-10-03T09:35:29.794+0800: 1500.303: [GC (Allocation Failure) 2023-10-03T09:35:29.794+0800: 1500.303: [ParNew: 103861K->1372K(115200K), 0.0066387 secs] 170502K->68012K(249344K), 0.0068593 secs] [Times: user=0.05 sys=0.00, real=0.00 secs] 
Heap after GC invocations=397 (full 0):
 par new generation   total 115200K, used 1372K [0x00000000f0000000, 0x00000000f7d00000, 0x00000000f7d00000)
  eden space 102400K,   0% used [0x00000000f0000000, 0x00000000f0000000, 0x00000000f6400000)
  from space 12800K,  10% used [0x00000000f7080000, 0x00000000f71d7080, 0x00000000f7d00000)
  to   space 12800K,   0% used [0x00000000f6400000, 0x00000000f6400000, 0x00000000f7080000)
 concurrent mark-sweep generation total 134144K, used 66640K [0x00000000f7d00000, 0x0000000100000000, 0x0000000100000000)
 Metaspace       used 53363K, capacity 56806K, committed 57088K, reserved 1099776K
  class space    used 6507K, capacity 7103K, committed 7168K, reserved 1048576K
}
{Heap before GC invocations=397 (full 0):
 par new generation   total 115200K, used 103772K [0x00000000f0000000, 0x00000000f7d00000, 0x00000000f7d00000)
  eden space 102400K, 100% used [0x00000000f0000000, 0x00000000f6400000, 0x00000000f6400000)
  from space 12800K,  10% used [0x00000000f7080000, 0x00000000f71d7080, 0x00000000f7d00000)
  to   space 12800K,   0% used [0x00000000f6400000, 0x00000000f6400000, 0x00000000f7080000)
 concurrent mark-sweep generation total 134144K, used 66640K [0x00000000f7d00000, 0x0000000100000000, 0x0000000100000000)
 Metaspace       used 53363K, capacity 56806K, committed 57088K, reserved 1099776K
  class space    used 6507K, capacity 7103K, committed 7168K, reserved 1048576K
2023-10-03T09:35:33.365+0800: 1503.874: [GC (Allocation Failure) 2023-10-03T09:35:33.365+0800: 1503.874: [ParNew: 103772K->1360K(115200K), 0.0059490 secs] 170412K->68006K(249344K), 0.0061953 secs] [Times: user=0.05 sys=0.01, real=0.00 secs] 
Heap after GC invocations=398 (full 0):
 par new generation   total 115200K, used 1360K [0x00000000f0000000, 0x00000000f7d00000, 0x00000000f7d00000)
  eden space 102400K,   0% used [0x00000000f0000000, 0x00000000f0000000, 0x00000000f6400000)
  from space 12800K,  10% used [0x00000000f6400000, 0x00000000f6554020, 0x00000000f7080000)
  to   space 12800K,   0% used [0x00000000f7080000, 0x00000000f7080000, 0x00000000f7d00000)
 concurrent mark-sweep generation total 134144K, used 66646K [0x00000000f7d00000, 0x0000000100000000, 0x0000000100000000)
 Metaspace       used 53363K, capacity 56806K, committed 57088K, reserved 1099776K
  class space    used 6507K, capacity 7103K, committed 7168K, reserved 1048576K
}
{Heap before GC invocations=398 (full 0):
 par new generation   total 115200K, used 103760K [0x00000000f0000000, 0x00000000f7d00000, 0x00000000f7d00000)
  eden space 102400K, 100% used [0x00000000f0000000, 0x00000000f6400000, 0x00000000f6400000)
  from space 12800K,  10% used [0x00000000f6400000, 0x00000000f6554020, 0x00000000f7080000)
  to   space 12800K,   0% used [0x00000000f7080000, 0x00000000f7080000, 0x00000000f7d00000)
 concurrent mark-sweep generation total 134144K, used 66646K [0x00000000f7d00000, 0x0000000100000000, 0x0000000100000000)
 Metaspace       used 53367K, capacity 56870K, committed 57088K, reserved 1099776K
  class space    used 6507K, capacity 7103K, committed 7168K, reserved 1048576K
2023-10-03T09:35:37.076+0800: 1507.585: [GC (Allocation Failure) 2023-10-03T09:35:37.076+0800: 1507.586: [ParNew: 103760K->7720K(115200K), 0.0065191 secs] 170406K->74374K(249344K), 0.0066930 secs] [Times: user=0.06 sys=0.00, real=0.01 secs] 
Heap after GC invocations=399 (full 0):
 par new generation   total 115200K, used 7720K [0x00000000f0000000, 0x00000000f7d00000, 0x00000000f7d00000)
  eden space 102400K,   0% used [0x00000000f0000000, 0x00000000f0000000, 0x00000000f6400000)
  from space 12800K,  60% used [0x00000000f7080000, 0x00000000f780a3f8, 0x00000000f7d00000)
  to   space 12800K,   0% used [0x00000000f6400000, 0x00000000f6400000, 0x00000000f7080000)
 concurrent mark-sweep generation total 134144K, used 66653K [0x00000000f7d00000, 0x0000000100000000, 0x0000000100000000)
 Metaspace       used 53367K, capacity 56870K, committed 57088K, reserved 1099776K
  class space    used 6507K, capacity 7103K, committed 7168K, reserved 1048576K
}
{Heap before GC invocations=399 (full 0):
 par new generation   total 115200K, used 110120K [0x00000000f0000000, 0x00000000f7d00000, 0x00000000f7d00000)
  eden space 102400K, 100% used [0x00000000f0000000, 0x00000000f6400000, 0x00000000f6400000)
  from space 12800K,  60% used [0x00000000f7080000, 0x00000000f780a3f8, 0x00000000f7d00000)
  to   space 12800K,   0% used [0x00000000f6400000, 0x00000000f6400000, 0x00000000f7080000)
 concurrent mark-sweep generation total 134144K, used 66653K [0x00000000f7d00000, 0x0000000100000000, 0x0000000100000000)
 Metaspace       used 53367K, capacity 56870K, committed 57088K, reserved 1099776K
  class space    used 6507K, capacity 7103K, committed 7168K, reserved 1048576K
2023-10-03T09:35:40.642+0800: 1511.151: [GC (Allocation Failure) 2023-10-03T09:35:40.642+0800: 1511.152: [ParNew: 110120K->5451K(115200K), 0.0183397 secs] 176774K->77989K(249344K), 0.0186447 secs] [Times: user=0.14 sys=0.00, real=0.01 secs] 
Heap after GC invocations=400 (full 0):
 par new generation   total 115200K, used 5451K [0x00000000f0000000, 0x00000000f7d00000, 0x00000000f7d00000)
  eden space 102400K,   0% used [0x00000000f0000000, 0x00000000f0000000, 0x00000000f6400000)
  from space 12800K,  42% used [0x00000000f6400000, 0x00000000f6952da0, 0x00000000f7080000)
  to   space 12800K,   0% used [0x00000000f7080000, 0x00000000f7080000, 0x00000000f7d00000)
 concurrent mark-sweep generation total 134144K, used 72538K [0x00000000f7d00000, 0x0000000100000000, 0x0000000100000000)
 Metaspace       used 53367K, capacity 56870K, committed 57088K, reserved 1099776K
  class space    used 6507K, capacity 7103K, committed 7168K, reserved 1048576K
}
2023-10-03T09:35:40.664+0800: 1511.173: [GC (CMS Initial Mark) [1 CMS-initial-mark: 72538K(134144K)] 78018K(249344K), 0.0029824 secs] [Times: user=0.02 sys=0.00, real=0.00 secs] 
2023-10-03T09:35:40.667+0800: 1511.176: [CMS-concurrent-mark-start]
2023-10-03T09:35:40.697+0800: 1511.206: [CMS-concurrent-mark: 0.030/0.030 secs] [Times: user=0.14 sys=0.02, real=0.03 secs] 
2023-10-03T09:35:40.697+0800: 1511.206: [CMS-concurrent-preclean-start]
2023-10-03T09:35:40.701+0800: 1511.210: [CMS-concurrent-preclean: 0.003/0.004 secs] [Times: user=0.00 sys=0.00, real=0.00 secs] 
2023-10-03T09:35:40.701+0800: 1511.210: [CMS-concurrent-abortable-preclean-start]
2023-10-03T09:35:42.573+0800: 1513.082: [CMS-concurrent-abortable-preclean: 0.567/1.872 secs] [Times: user=1.02 sys=0.15, real=1.88 secs] 
2023-10-03T09:35:42.574+0800: 1513.083: [GC (CMS Final Remark) [YG occupancy: 57471 K (115200 K)]2023-10-03T09:35:42.574+0800: 1513.083: [Rescan (parallel) , 0.0072523 secs]2023-10-03T09:35:42.582+0800: 1513.091: [weak refs processing, 0.0004504 secs]2023-10-03T09:35:42.582+0800: 1513.091: [class unloading, 0.0079061 secs]2023-10-03T09:35:42.590+0800: 1513.099: [scrub symbol table, 0.0018020 secs]2023-10-03T09:35:42.592+0800: 1513.101: [scrub string table, 0.0003991 secs][1 CMS-remark: 72538K(134144K)] 130009K(249344K), 0.0206887 secs] [Times: user=0.08 sys=0.00, real=0.02 secs] 
2023-10-03T09:35:42.595+0800: 1513.104: [CMS-concurrent-sweep-start]
2023-10-03T09:35:42.623+0800: 1513.132: [CMS-concurrent-sweep: 0.014/0.028 secs] [Times: user=0.05 sys=0.00, real=0.03 secs] 
2023-10-03T09:35:42.623+0800: 1513.132: [CMS-concurrent-reset-start]
2023-10-03T09:35:42.623+0800: 1513.133: [CMS-concurrent-reset: 0.000/0.000 secs] [Times: user=0.00 sys=0.00, real=0.00 secs] 
{Heap before GC invocations=400 (full 1):
 par new generation   total 115200K, used 107851K [0x00000000f0000000, 0x00000000f7d00000, 0x00000000f7d00000)
  eden space 102400K, 100% used [0x00000000f0000000, 0x00000000f6400000, 0x00000000f6400000)
  from space 12800K,  42% used [0x00000000f6400000, 0x00000000f6952da0, 0x00000000f7080000)
  to   space 12800K,   0% used [0x00000000f7080000, 0x00000000f7080000, 0x00000000f7d00000)
 concurrent mark-sweep generation total 134144K, used 54398K [0x00000000f7d00000, 0x0000000100000000, 0x0000000100000000)
 Metaspace       used 52983K, capacity 56016K, committed 57088K, reserved 1099776K
  class space    used 6416K, capacity 6942K, committed 7168K, reserved 1048576K
2023-10-03T09:35:44.222+0800: 1514.731: [GC (Allocation Failure) 2023-10-03T09:35:44.222+0800: 1514.731: [ParNew: 107851K->2471K(115200K), 0.0066216 secs] 162249K->56869K(249344K), 0.0069018 secs] [Times: user=0.05 sys=0.00, real=0.01 secs] 
Heap after GC invocations=401 (full 1):
 par new generation   total 115200K, used 2471K [0x00000000f0000000, 0x00000000f7d00000, 0x00000000f7d00000)
  eden space 102400K,   0% used [0x00000000f0000000, 0x00000000f0000000, 0x00000000f6400000)
  from space 12800K,  19% used [0x00000000f7080000, 0x00000000f72e9c00, 0x00000000f7d00000)
  to   space 12800K,   0% used [0x00000000f6400000, 0x00000000f6400000, 0x00000000f7080000)
 concurrent mark-sweep generation total 134144K, used 54398K [0x00000000f7d00000, 0x0000000100000000, 0x0000000100000000)
 Metaspace       used 52983K, capacity 56016K, committed 57088K, reserved 1099776K
  class space    used 6416K, capacity 6942K, committed 7168K, reserved 1048576K
}
{Heap before GC invocations=401 (full 1):
 par new generation   total 115200K, used 104871K [0x00000000f0000000, 0x00000000f7d00000, 0x00000000f7d00000)
  eden space 102400K, 100% used [0x00000000f0000000, 0x00000000f6400000, 0x00000000f6400000)
  from space 12800K,  19% used [0x00000000f7080000, 0x00000000f72e9c00, 0x00000000f7d00000)
  to   space 12800K,   0% used [0x00000000f6400000, 0x00000000f6400000, 0x00000000f7080000)
 concurrent mark-sweep generation total 134144K, used 54398K [0x00000000f7d00000, 0x0000000100000000, 0x0000000100000000)
 Metaspace       used 52983K, capacity 56016K, committed 57088K, reserved 1099776K
  class space    used 6416K, capacity 6942K, committed 7168K, reserved 1048576K
2023-10-03T09:35:47.777+0800: 1518.287: [GC (Allocation Failure) 2023-10-03T09:35:47.778+0800: 1518.287: [ParNew: 104871K->2367K(115200K), 0.0067124 secs] 159269K->56766K(249344K), 0.0069618 secs] [Times: user=0.06 sys=0.00, real=0.01 secs] 
Heap after GC invocations=402 (full 1):
 par new generation   total 115200K, used 2367K [0x00000000f0000000, 0x00000000f7d00000, 0x00000000f7d00000)
  eden space 102400K,   0% used [0x00000000f0000000, 0x00000000f0000000, 0x00000000f6400000)
  from space 12800K,  18% used [0x00000000f6400000, 0x00000000f664ffe0, 0x00000000f7080000)
  to   space 12800K,   0% used [0x00000000f7080000, 0x00000000f7080000, 0x00000000f7d00000)
 concurrent mark-sweep generation total 134144K, used 54398K [0x00000000f7d00000, 0x0000000100000000, 0x0000000100000000)
 Metaspace       used 52983K, capacity 56016K, committed 57088K, reserved 1099776K
  class space    used 6416K, capacity 6942K, committed 7168K, reserved 1048576K
}
{Heap before GC invocations=402 (full 1):
 par new generation   total 115200K, used 104767K [0x00000000f0000000, 0x00000000f7d00000, 0x00000000f7d00000)
  eden space 102400K, 100% used [0x00000000f0000000, 0x00000000f6400000, 0x00000000f6400000)
  from space 12800K,  18% used [0x00000000f6400000, 0x00000000f664ffe0, 0x00000000f7080000)
  to   space 12800K,   0% used [0x00000000f7080000, 0x00000000f7080000, 0x00000000f7d00000)
 concurrent mark-sweep generation total 134144K, used 54398K [0x00000000f7d00000, 0x0000000100000000, 0x0000000100000000)
 Metaspace       used 52983K, capacity 56016K, committed 57088K, reserved 1099776K
  class space    used 6416K, capacity 6942K, committed 7168K, reserved 1048576K
2023-10-03T09:35:51.345+0800: 1521.854: [GC (Allocation Failure) 2023-10-03T09:35:51.345+0800: 1521.854: [ParNew: 104767K->3013K(115200K), 0.0194230 secs] 159166K->57411K(249344K), 0.0196533 secs] [Times: user=0.06 sys=0.00, real=0.02 secs] 
Heap after GC invocations=403 (full 1):
 par new generation   total 115200K, used 3013K [0x00000000f0000000, 0x00000000f7d00000, 0x00000000f7d00000)
  eden space 102400K,   0% used [0x00000000f0000000, 0x00000000f0000000, 0x00000000f6400000)
  from space 12800K,  23% used [0x00000000f7080000, 0x00000000f7371540, 0x00000000f7d00000)
  to   space 12800K,   0% used [0x00000000f6400000, 0x00000000f6400000, 0x00000000f7080000)
 concurrent mark-sweep generation total 134144K, used 54398K [0x00000000f7d00000, 0x0000000100000000, 0x0000000100000000)
 Metaspace       used 52983K, capacity 56016K, committed 57088K, reserved 1099776K
  class space    used 6416K, capacity 6942K, committed 7168K, reserved 1048576K
}
{Heap before GC invocations=403 (full 1):
 par new generation   total 115200K, used 105413K [0x00000000f0000000, 0x00000000f7d00000, 0x00000000f7d00000)
  eden space 102400K, 100% used [0x00000000f0000000, 0x00000000f6400000, 0x00000000f6400000)
  from space 12800K,  23% used [0x00000000f7080000, 0x00000000f7371540, 0x00000000f7d00000)
  to   space 12800K,   0% used [0x00000000f6400000, 0x00000000f6400000, 0x00000000f7080000)
 concurrent mark-sweep generation total 134144K, used 54398K [0x00000000f7d00000, 0x0000000100000000, 0x0000000100000000)
 Metaspace       used 52983K, capacity 56016K, committed 57088K, reserved 1099776K
  class space    used 6416K, capacity 6942K, committed 7168K, reserved 1048576K
2023-10-03T09:35:55.234+0800: 1525.743: [GC (Allocation Failure) 2023-10-03T09:35:55.234+0800: 1525.744: [ParNew: 105413K->3203K(115200K), 0.0034514 secs] 159811K->57601K(249344K), 0.0036087 secs] [Times: user=0.03 sys=0.00, real=0.00 secs] 
Heap after GC invocations=404 (full 1):
 par new generation   total 115200K, used 3203K [0x00000000f0000000, 0x00000000f7d00000, 0x00000000f7d00000)
  eden space 102400K,   0% used [0x00000000f0000000, 0x00000000f0000000, 0x00000000f6400000)
  from space 12800K,  25% used [0x00000000f6400000, 0x00000000f6720c80, 0x00000000f7080000)
  to   space 12800K,   0% used [0x00000000f7080000, 0x00000000f7080000, 0x00000000f7d00000)
 concurrent mark-sweep generation total 134144K, used 54398K [0x00000000f7d00000, 0x0000000100000000, 0x0000000100000000)
 Metaspace       used 52983K, capacity 56016K, committed 57088K, reserved 1099776K
  class space    used 6416K, capacity 6942K, committed 7168K, reserved 1048576K
}
{Heap before GC invocations=404 (full 1):
 par new generation   total 115200K, used 105603K [0x00000000f0000000, 0x00000000f7d00000, 0x00000000f7d00000)
  eden space 102400K, 100% used [0x00000000f0000000, 0x00000000f6400000, 0x00000000f6400000)
  from space 12800K,  25% used [0x00000000f6400000, 0x00000000f6720c80, 0x00000000f7080000)
  to   space 12800K,   0% used [0x00000000f7080000, 0x00000000f7080000, 0x00000000f7d00000)
 concurrent mark-sweep generation total 134144K, used 54398K [0x00000000f7d00000, 0x0000000100000000, 0x0000000100000000)
 Metaspace       used 52983K, capacity 56016K, committed 57088K, reserved 1099776K
  class space    used 6416K, capacity 6942K, committed 7168K, reserved 1048576K
2023-10-03T09:35:58.790+0800: 1529.299: [GC (Allocation Failure) 2023-10-03T09:35:58.790+0800: 1529.299: [ParNew: 105603K->2936K(115200K), 0.0059649 secs] 160001K->57334K(249344K), 0.0061673 secs] [Times: user=0.06 sys=0.00, real=0.01 secs] 
Heap after GC invocations=405 (full 1):
 par new generation   total 115200K, used 2936K [0x00000000f0000000, 0x00000000f7d00000, 0x00000000f7d00000)
  eden space 102400K,   0% used [0x00000000f0000000, 0x00000000f0000000, 0x00000000f6400000)
  from space 12800K,  22% used [0x00000000f7080000, 0x00000000f735e2e0, 0x00000000f7d00000)
  to   space 12800K,   0% used [0x00000000f6400000, 0x00000000f6400000, 0x00000000f7080000)
 concurrent mark-sweep generation total 134144K, used 54398K [0x00000000f7d00000, 0x0000000100000000, 0x0000000100000000)
 Metaspace       used 52983K, capacity 56016K, committed 57088K, reserved 1099776K
  class space    used 6416K, capacity 6942K, committed 7168K, reserved 1048576K
}
{Heap before GC invocations=405 (full 1):
 par new generation   total 115200K, used 105336K [0x00000000f0000000, 0x00000000f7d00000, 0x00000000f7d00000)
  eden space 102400K, 100% used [0x00000000f0000000, 0x00000000f6400000, 0x00000000f6400000)
  from space 12800K,  22% used [0x00000000f7080000, 0x00000000f735e2e0, 0x00000000f7d00000)
  to   space 12800K,   0% used [0x00000000f6400000, 0x00000000f6400000, 0x00000000f7080000)
 concurrent mark-sweep generation total 134144K, used 54398K [0x00000000f7d00000, 0x0000000100000000, 0x0000000100000000)
 Metaspace       used 52983K, capacity 56016K, committed 57088K, reserved 1099776K
  class space    used 6416K, capacity 6942K, committed 7168K, reserved 1048576K
2023-10-03T09:36:02.343+0800: 1532.852: [GC (Allocation Failure) 2023-10-03T09:36:02.343+0800: 1532.852: [ParNew: 105336K->2533K(115200K), 0.0071613 secs] 159734K->57457K(249344K), 0.0073819 secs] [Times: user=0.06 sys=0.00, real=0.00 secs] 
Heap after GC invocations=406 (full 1):
 par new generation   total 115200K, used 2533K [0x00000000f0000000, 0x00000000f7d00000, 0x00000000f7d00000)
  eden space 102400K,   0% used [0x00000000f0000000, 0x00000000f0000000, 0x00000000f6400000)
  from space 12800K,  19% used [0x00000000f6400000, 0x00000000f66796c0, 0x00000000f7080000)
  to   space 12800K,   0% used [0x00000000f7080000, 0x00000000f7080000, 0x00000000f7d00000)
 concurrent mark-sweep generation total 134144K, used 54924K [0x00000000f7d00000, 0x0000000100000000, 0x0000000100000000)
 Metaspace       used 52983K, capacity 56016K, committed 57088K, reserved 1099776K
  class space    used 6416K, capacity 6942K, committed 7168K, reserved 1048576K
}
{Heap before GC invocations=406 (full 1):
 par new generation   total 115200K, used 104933K [0x00000000f0000000, 0x00000000f7d00000, 0x00000000f7d00000)
  eden space 102400K, 100% used [0x00000000f0000000, 0x00000000f6400000, 0x00000000f6400000)
  from space 12800K,  19% used [0x00000000f6400000, 0x00000000f66796c0, 0x00000000f7080000)
  to   space 12800K,   0% used [0x00000000f7080000, 0x00000000f7080000, 0x00000000f7d00000)
 concurrent mark-sweep generation total 134144K, used 54924K [0x00000000f7d00000, 0x0000000100000000, 0x0000000100000000)
 Metaspace       used 52983K, capacity 56016K, committed 57088K, reserved 1099776K
  class space    used 6416K, capacity 6942K, committed 7168K, reserved 1048576K
2023-10-03T09:36:05.918+0800: 1536.427: [GC (Allocation Failure) 2023-10-03T09:36:05.918+0800: 1536.428: [ParNew: 104933K->2441K(115200K), 0.0071982 secs] 159857K->57389K(249344K), 0.0074453 secs] [Times: user=0.06 sys=0.00, real=0.01 secs] 
Heap after GC invocations=407 (full 1):
 par new generation   total 115200K, used 2441K [0x00000000f0000000, 0x00000000f7d00000, 0x00000000f7d00000)
  eden space 102400K,   0% used [0x00000000f0000000, 0x00000000f0000000, 0x00000000f6400000)
  from space 12800K,  19% used [0x00000000f7080000, 0x00000000f72e2500, 0x00000000f7d00000)
  to   space 12800K,   0% used [0x00000000f6400000, 0x00000000f6400000, 0x00000000f7080000)
 concurrent mark-sweep generation total 134144K, used 54948K [0x00000000f7d00000, 0x0000000100000000, 0x0000000100000000)
 Metaspace       used 52983K, capacity 56016K, committed 57088K, reserved 1099776K
  class space    used 6416K, capacity 6942K, committed 7168K, reserved 1048576K
}
{Heap before GC invocations=407 (full 1):
 par new generation   total 115200K, used 104841K [0x00000000f0000000, 0x00000000f7d00000, 0x00000000f7d00000)
  eden space 102400K, 100% used [0x00000000f0000000, 0x00000000f6400000, 0x00000000f6400000)
  from space 12800K,  19% used [0x00000000f7080000, 0x00000000f72e2500, 0x00000000f7d00000)
  to   space 12800K,   0% used [0x00000000f6400000, 0x00000000f6400000, 0x00000000f7080000)
 concurrent mark-sweep generation total 134144K, used 54948K [0x00000000f7d00000, 0x0000000100000000, 0x0000000100000000)
 Metaspace       used 52983K, capacity 56016K, committed 57088K, reserved 1099776K
  class space    used 6416K, capacity 6942K, committed 7168K, reserved 1048576K
2023-10-03T09:36:09.512+0800: 1540.021: [GC (Allocation Failure) 2023-10-03T09:36:09.512+0800: 1540.021: [ParNew: 104841K->2508K(115200K), 0.0068534 secs] 159789K->57469K(249344K), 0.0071428 secs] [Times: user=0.05 sys=0.00, real=0.01 secs] 
Heap after GC invocations=408 (full 1):
 par new generation   total 115200K, used 2508K [0x00000000f0000000, 0x00000000f7d00000, 0x00000000f7d00000)
  eden space 102400K,   0% used [0x00000000f0000000, 0x00000000f0000000, 0x00000000f6400000)
  from space 12800K,  19% used [0x00000000f6400000, 0x00000000f6673378, 0x00000000f7080000)
  to   space 12800K,   0% used [0x00000000f7080000, 0x00000000f7080000, 0x00000000f7d00000)
 concurrent mark-sweep generation total 134144K, used 54960K [0x00000000f7d00000, 0x0000000100000000, 0x0000000100000000)
 Metaspace       used 52983K, capacity 56016K, committed 57088K, reserved 1099776K
  class space    used 6416K, capacity 6942K, committed 7168K, reserved 1048576K
}
{Heap before GC invocations=408 (full 1):
 par new generation   total 115200K, used 104908K [0x00000000f0000000, 0x00000000f7d00000, 0x00000000f7d00000)
  eden space 102400K, 100% used [0x00000000f0000000, 0x00000000f6400000, 0x00000000f6400000)
  from space 12800K,  19% used [0x00000000f6400000, 0x00000000f6673378, 0x00000000f7080000)
  to   space 12800K,   0% used [0x00000000f7080000, 0x00000000f7080000, 0x00000000f7d00000)
 concurrent mark-sweep generation total 134144K, used 54960K [0x00000000f7d00000, 0x0000000100000000, 0x0000000100000000)
 Metaspace       used 52983K, capacity 56016K, committed 57088K, reserved 1099776K
  class space    used 6416K, capacity 6942K, committed 7168K, reserved 1048576K
2023-10-03T09:36:13.341+0800: 1543.850: [GC (Allocation Failure) 2023-10-03T09:36:13.341+0800: 1543.850: [ParNew: 104908K->1802K(115200K), 0.0061903 secs] 159869K->57209K(249344K), 0.0063687 secs] [Times: user=0.05 sys=0.00, real=0.01 secs] 
Heap after GC invocations=409 (full 1):
 par new generation   total 115200K, used 1802K [0x00000000f0000000, 0x00000000f7d00000, 0x00000000f7d00000)
  eden space 102400K,   0% used [0x00000000f0000000, 0x00000000f0000000, 0x00000000f6400000)
  from space 12800K,  14% used [0x00000000f7080000, 0x00000000f72428c8, 0x00000000f7d00000)
  to   space 12800K,   0% used [0x00000000f6400000, 0x00000000f6400000, 0x00000000f7080000)
 concurrent mark-sweep generation total 134144K, used 55407K [0x00000000f7d00000, 0x0000000100000000, 0x0000000100000000)
 Metaspace       used 52983K, capacity 56016K, committed 57088K, reserved 1099776K
  class space    used 6416K, capacity 6942K, committed 7168K, reserved 1048576K
}
{Heap before GC invocations=409 (full 1):
 par new generation   total 115200K, used 104202K [0x00000000f0000000, 0x00000000f7d00000, 0x00000000f7d00000)
  eden space 102400K, 100% used [0x00000000f0000000, 0x00000000f6400000, 0x00000000f6400000)
  from space 12800K,  14% used [0x00000000f7080000, 0x00000000f72428c8, 0x00000000f7d00000)
  to   space 12800K,   0% used [0x00000000f6400000, 0x00000000f6400000, 0x00000000f7080000)
 concurrent mark-sweep generation total 134144K, used 55407K [0x00000000f7d00000, 0x0000000100000000, 0x0000000100000000)
 Metaspace       used 52983K, capacity 56016K, committed 57088K, reserved 1099776K
  class space    used 6416K, capacity 6942K, committed 7168K, reserved 1048576K
2023-10-03T09:36:16.940+0800: 1547.449: [GC (Allocation Failure) 2023-10-03T09:36:16.940+0800: 1547.449: [ParNew: 104202K->1550K(115200K), 0.0055824 secs] 159609K->56959K(249344K), 0.0058029 secs] [Times: user=0.05 sys=0.00, real=0.01 secs] 
Heap after GC invocations=410 (full 1):
 par new generation   total 115200K, used 1550K [0x00000000f0000000, 0x00000000f7d00000, 0x00000000f7d00000)
  eden space 102400K,   0% used [0x00000000f0000000, 0x00000000f0000000, 0x00000000f6400000)
  from space 12800K,  12% used [0x00000000f6400000, 0x00000000f6583a80, 0x00000000f7080000)
  to   space 12800K,   0% used [0x00000000f7080000, 0x00000000f7080000, 0x00000000f7d00000)
 concurrent mark-sweep generation total 134144K, used 55409K [0x00000000f7d00000, 0x0000000100000000, 0x0000000100000000)
 Metaspace       used 52983K, capacity 56016K, committed 57088K, reserved 1099776K
  class space    used 6416K, capacity 6942K, committed 7168K, reserved 1048576K
}
{Heap before GC invocations=410 (full 1):
 par new generation   total 115200K, used 103950K [0x00000000f0000000, 0x00000000f7d00000, 0x00000000f7d00000)
  eden space 102400K, 100% used [0x00000000f0000000, 0x00000000f6400000, 0x00000000f6400000)
  from space 12800K,  12% used [0x00000000f6400000, 0x00000000f6583a80, 0x00000000f7080000)
  to   space 12800K,   0% used [0x00000000f7080000, 0x00000000f7080000, 0x00000000f7d00000)
 concurrent mark-sweep generation total 134144K, used 55409K [0x00000000f7d00000, 0x0000000100000000, 0x0000000100000000)
 Metaspace       used 52983K, capacity 56016K, committed 57088K, reserved 1099776K
  class space    used 6416K, capacity 6942K, committed 7168K, reserved 1048576K
2023-10-03T09:36:20.498+0800: 1551.007: [GC (Allocation Failure) 2023-10-03T09:36:20.498+0800: 1551.007: [ParNew: 103950K->1459K(115200K), 0.0058159 secs] 159359K->56887K(249344K), 0.0059855 secs] [Times: user=0.05 sys=0.00, real=0.01 secs] 
Heap after GC invocations=411 (full 1):
 par new generation   total 115200K, used 1459K [0x00000000f0000000, 0x00000000f7d00000, 0x00000000f7d00000)
  eden space 102400K,   0% used [0x00000000f0000000, 0x00000000f0000000, 0x00000000f6400000)
  from space 12800K,  11% used [0x00000000f7080000, 0x00000000f71ecc80, 0x00000000f7d00000)
  to   space 12800K,   0% used [0x00000000f6400000, 0x00000000f6400000, 0x00000000f7080000)
 concurrent mark-sweep generation total 134144K, used 55428K [0x00000000f7d00000, 0x0000000100000000, 0x0000000100000000)
 Metaspace       used 52983K, capacity 56016K, committed 57088K, reserved 1099776K
  class space    used 6416K, capacity 6942K, committed 7168K, reserved 1048576K
}
{Heap before GC invocations=411 (full 1):
 par new generation   total 115200K, used 103859K [0x00000000f0000000, 0x00000000f7d00000, 0x00000000f7d00000)
  eden space 102400K, 100% used [0x00000000f0000000, 0x00000000f6400000, 0x00000000f6400000)
  from space 12800K,  11% used [0x00000000f7080000, 0x00000000f71ecc80, 0x00000000f7d00000)
  to   space 12800K,   0% used [0x00000000f6400000, 0x00000000f6400000, 0x00000000f7080000)
 concurrent mark-sweep generation total 134144K, used 55428K [0x00000000f7d00000, 0x0000000100000000, 0x0000000100000000)
 Metaspace       used 52983K, capacity 56016K, committed 57088K, reserved 1099776K
  class space    used 6416K, capacity 6942K, committed 7168K, reserved 1048576K
2023-10-03T09:36:24.065+0800: 1554.574: [GC (Allocation Failure) 2023-10-03T09:36:24.065+0800: 1554.574: [ParNew: 103859K->1468K(115200K), 0.0199559 secs] 159287K->56909K(249344K), 0.0202553 secs] [Times: user=0.06 sys=0.00, real=0.02 secs] 
Heap after GC invocations=412 (full 1):
 par new generation   total 115200K, used 1468K [0x00000000f0000000, 0x00000000f7d00000, 0x00000000f7d00000)
  eden space 102400K,   0% used [0x00000000f0000000, 0x00000000f0000000, 0x00000000f6400000)
  from space 12800K,  11% used [0x00000000f6400000, 0x00000000f656f140, 0x00000000f7080000)
  to   space 12800K,   0% used [0x00000000f7080000, 0x00000000f7080000, 0x00000000f7d00000)
 concurrent mark-sweep generation total 134144K, used 55441K [0x00000000f7d00000, 0x0000000100000000, 0x0000000100000000)
 Metaspace       used 52983K, capacity 56016K, committed 57088K, reserved 1099776K
  class space    used 6416K, capacity 6942K, committed 7168K, reserved 1048576K
}
{Heap before GC invocations=412 (full 1):
 par new generation   total 115200K, used 103868K [0x00000000f0000000, 0x00000000f7d00000, 0x00000000f7d00000)
  eden space 102400K, 100% used [0x00000000f0000000, 0x00000000f6400000, 0x00000000f6400000)
  from space 12800K,  11% used [0x00000000f6400000, 0x00000000f656f140, 0x00000000f7080000)
  to   space 12800K,   0% used [0x00000000f7080000, 0x00000000f7080000, 0x00000000f7d00000)
 concurrent mark-sweep generation total 134144K, used 55441K [0x00000000f7d00000, 0x0000000100000000, 0x0000000100000000)
 Metaspace       used 52983K, capacity 56016K, committed 57088K, reserved 1099776K
  class space    used 6416K, capacity 6942K, committed 7168K, reserved 1048576K
2023-10-03T09:36:27.639+0800: 1558.148: [GC (Allocation Failure) 2023-10-03T09:36:27.639+0800: 1558.148: [ParNew: 103868K->1448K(115200K), 0.0067147 secs] 159309K->56937K(249344K), 0.0069841 secs] [Times: user=0.05 sys=0.00, real=0.01 secs] 
Heap after GC invocations=413 (full 1):
 par new generation   total 115200K, used 1448K [0x00000000f0000000, 0x00000000f7d00000, 0x00000000f7d00000)
  eden space 102400K,   0% used [0x00000000f0000000, 0x00000000f0000000, 0x00000000f6400000)
  from space 12800K,  11% used [0x00000000f7080000, 0x00000000f71ea160, 0x00000000f7d00000)
  to   space 12800K,   0% used [0x00000000f6400000, 0x00000000f6400000, 0x00000000f7080000)
 concurrent mark-sweep generation total 134144K, used 55489K [0x00000000f7d00000, 0x0000000100000000, 0x0000000100000000)
 Metaspace       used 52983K, capacity 56016K, committed 57088K, reserved 1099776K
  class space    used 6416K, capacity 6942K, committed 7168K, reserved 1048576K
}
{Heap before GC invocations=413 (full 1):
 par new generation   total 115200K, used 103848K [0x00000000f0000000, 0x00000000f7d00000, 0x00000000f7d00000)
  eden space 102400K, 100% used [0x00000000f0000000, 0x00000000f6400000, 0x00000000f6400000)
  from space 12800K,  11% used [0x00000000f7080000, 0x00000000f71ea160, 0x00000000f7d00000)
  to   space 12800K,   0% used [0x00000000f6400000, 0x00000000f6400000, 0x00000000f7080000)
 concurrent mark-sweep generation total 134144K, used 55489K [0x00000000f7d00000, 0x0000000100000000, 0x0000000100000000)
 Metaspace       used 52983K, capacity 56016K, committed 57088K, reserved 1099776K
  class space    used 6416K, capacity 6942K, committed 7168K, reserved 1048576K
2023-10-03T09:36:31.195+0800: 1561.704: [GC (Allocation Failure) 2023-10-03T09:36:31.195+0800: 1561.705: [ParNew: 103848K->1415K(115200K), 0.0066409 secs] 159337K->56919K(249344K), 0.0069007 secs] [Times: user=0.05 sys=0.00, real=0.01 secs] 
Heap after GC invocations=414 (full 1):
 par new generation   total 115200K, used 1415K [0x00000000f0000000, 0x00000000f7d00000, 0x00000000f7d00000)
  eden space 102400K,   0% used [0x00000000f0000000, 0x00000000f0000000, 0x00000000f6400000)
  from space 12800K,  11% used [0x00000000f6400000, 0x00000000f6561ee0, 0x00000000f7080000)
  to   space 12800K,   0% used [0x00000000f7080000, 0x00000000f7080000, 0x00000000f7d00000)
 concurrent mark-sweep generation total 134144K, used 55503K [0x00000000f7d00000, 0x0000000100000000, 0x0000000100000000)
 Metaspace       used 52983K, capacity 56016K, committed 57088K, reserved 1099776K
  class space    used 6416K, capacity 6942K, committed 7168K, reserved 1048576K
}
{Heap before GC invocations=414 (full 1):
 par new generation   total 115200K, used 103815K [0x00000000f0000000, 0x00000000f7d00000, 0x00000000f7d00000)
  eden space 102400K, 100% used [0x00000000f0000000, 0x00000000f6400000, 0x00000000f6400000)
  from space 12800K,  11% used [0x00000000f6400000, 0x00000000f6561ee0, 0x00000000f7080000)
  to   space 12800K,   0% used [0x00000000f7080000, 0x00000000f7080000, 0x00000000f7d00000)
 concurrent mark-sweep generation total 134144K, used 55503K [0x00000000f7d00000, 0x0000000100000000, 0x0000000100000000)
 Metaspace       used 52983K, capacity 56016K, committed 57088K, reserved 1099776K
  class space    used 6416K, capacity 6942K, committed 7168K, reserved 1048576K
2023-10-03T09:36:34.777+0800: 1565.286: [GC (Allocation Failure) 2023-10-03T09:36:34.777+0800: 1565.286: [ParNew: 103815K->1402K(115200K), 0.0061169 secs] 159319K->56906K(249344K), 0.0063410 secs] [Times: user=0.06 sys=0.00, real=0.01 secs] 
Heap after GC invocations=415 (full 1):
 par new generation   total 115200K, used 1402K [0x00000000f0000000, 0x00000000f7d00000, 0x00000000f7d00000)
  eden space 102400K,   0% used [0x00000000f0000000, 0x00000000f0000000, 0x00000000f6400000)
  from space 12800K,  10% used [0x00000000f7080000, 0x00000000f71de820, 0x00000000f7d00000)
  to   space 12800K,   0% used [0x00000000f6400000, 0x00000000f6400000, 0x00000000f7080000)
 concurrent mark-sweep generation total 134144K, used 55504K [0x00000000f7d00000, 0x0000000100000000, 0x0000000100000000)
 Metaspace       used 52983K, capacity 56016K, committed 57088K, reserved 1099776K
  class space    used 6416K, capacity 6942K, committed 7168K, reserved 1048576K
}
{Heap before GC invocations=415 (full 1):
 par new generation   total 115200K, used 103802K [0x00000000f0000000, 0x00000000f7d00000, 0x00000000f7d00000)
  eden space 102400K, 100% used [0x00000000f0000000, 0x00000000f6400000, 0x00000000f6400000)
  from space 12800K,  10% used [0x00000000f7080000, 0x00000000f71de820, 0x00000000f7d00000)
  to   space 12800K,   0% used [0x00000000f6400000, 0x00000000f6400000, 0x00000000f7080000)
 concurrent mark-sweep generation total 134144K, used 55504K [0x00000000f7d00000, 0x0000000100000000, 0x0000000100000000)
 Metaspace       used 52983K, capacity 56016K, committed 57088K, reserved 1099776K
  class space    used 6416K, capacity 6942K, committed 7168K, reserved 1048576K
2023-10-03T09:36:38.637+0800: 1569.147: [GC (Allocation Failure) 2023-10-03T09:36:38.637+0800: 1569.147: [ParNew: 103802K->1420K(115200K), 0.0032332 secs] 159306K->56932K(249344K), 0.0034213 secs] [Times: user=0.03 sys=0.00, real=0.00 secs] 
Heap after GC invocations=416 (full 1):
 par new generation   total 115200K, used 1420K [0x00000000f0000000, 0x00000000f7d00000, 0x00000000f7d00000)
  eden space 102400K,   0% used [0x00000000f0000000, 0x00000000f0000000, 0x00000000f6400000)
  from space 12800K,  11% used [0x00000000f6400000, 0x00000000f6563140, 0x00000000f7080000)
  to   space 12800K,   0% used [0x00000000f7080000, 0x00000000f7080000, 0x00000000f7d00000)
 concurrent mark-sweep generation total 134144K, used 55512K [0x00000000f7d00000, 0x0000000100000000, 0x0000000100000000)
 Metaspace       used 52983K, capacity 56016K, committed 57088K, reserved 1099776K
  class space    used 6416K, capacity 6942K, committed 7168K, reserved 1048576K
}
{Heap before GC invocations=416 (full 1):
 par new generation   total 115200K, used 103820K [0x00000000f0000000, 0x00000000f7d00000, 0x00000000f7d00000)
  eden space 102400K, 100% used [0x00000000f0000000, 0x00000000f6400000, 0x00000000f6400000)
  from space 12800K,  11% used [0x00000000f6400000, 0x00000000f6563140, 0x00000000f7080000)
  to   space 12800K,   0% used [0x00000000f7080000, 0x00000000f7080000, 0x00000000f7d00000)
 concurrent mark-sweep generation total 134144K, used 55512K [0x00000000f7d00000, 0x0000000100000000, 0x0000000100000000)
 Metaspace       used 52983K, capacity 56016K, committed 57088K, reserved 1099776K
  class space    used 6416K, capacity 6942K, committed 7168K, reserved 1048576K
2023-10-03T09:36:42.206+0800: 1572.715: [GC (Allocation Failure) 2023-10-03T09:36:42.206+0800: 1572.715: [ParNew: 103820K->1407K(115200K), 0.0029514 secs] 159332K->56943K(249344K), 0.0031409 secs] [Times: user=0.02 sys=0.01, real=0.00 secs] 
Heap after GC invocations=417 (full 1):
 par new generation   total 115200K, used 1407K [0x00000000f0000000, 0x00000000f7d00000, 0x00000000f7d00000)
  eden space 102400K,   0% used [0x00000000f0000000, 0x00000000f0000000, 0x00000000f6400000)
  from space 12800K,  10% used [0x00000000f7080000, 0x00000000f71dfc00, 0x00000000f7d00000)
  to   space 12800K,   0% used [0x00000000f6400000, 0x00000000f6400000, 0x00000000f7080000)
 concurrent mark-sweep generation total 134144K, used 55536K [0x00000000f7d00000, 0x0000000100000000, 0x0000000100000000)
 Metaspace       used 52983K, capacity 56016K, committed 57088K, reserved 1099776K
  class space    used 6416K, capacity 6942K, committed 7168K, reserved 1048576K
}
{Heap before GC invocations=417 (full 1):
 par new generation   total 115200K, used 103807K [0x00000000f0000000, 0x00000000f7d00000, 0x00000000f7d00000)
  eden space 102400K, 100% used [0x00000000f0000000, 0x00000000f6400000, 0x00000000f6400000)
  from space 12800K,  10% used [0x00000000f7080000, 0x00000000f71dfc00, 0x00000000f7d00000)
  to   space 12800K,   0% used [0x00000000f6400000, 0x00000000f6400000, 0x00000000f7080000)
 concurrent mark-sweep generation total 134144K, used 55536K [0x00000000f7d00000, 0x0000000100000000, 0x0000000100000000)
 Metaspace       used 52983K, capacity 56016K, committed 57088K, reserved 1099776K
  class space    used 6416K, capacity 6942K, committed 7168K, reserved 1048576K
2023-10-03T09:36:45.757+0800: 1576.266: [GC (Allocation Failure) 2023-10-03T09:36:45.757+0800: 1576.266: [ParNew: 103807K->1419K(115200K), 0.0057745 secs] 159343K->56958K(249344K), 0.0059418 secs] [Times: user=0.05 sys=0.00, real=0.01 secs] 
Heap after GC invocations=418 (full 1):
 par new generation   total 115200K, used 1419K [0x00000000f0000000, 0x00000000f7d00000, 0x00000000f7d00000)
  eden space 102400K,   0% used [0x00000000f0000000, 0x00000000f0000000, 0x00000000f6400000)
  from space 12800K,  11% used [0x00000000f6400000, 0x00000000f6562c60, 0x00000000f7080000)
  to   space 12800K,   0% used [0x00000000f7080000, 0x00000000f7080000, 0x00000000f7d00000)
 concurrent mark-sweep generation total 134144K, used 55539K [0x00000000f7d00000, 0x0000000100000000, 0x0000000100000000)
 Metaspace       used 52983K, capacity 56016K, committed 57088K, reserved 1099776K
  class space    used 6416K, capacity 6942K, committed 7168K, reserved 1048576K
}
{Heap before GC invocations=418 (full 1):
 par new generation   total 115200K, used 103819K [0x00000000f0000000, 0x00000000f7d00000, 0x00000000f7d00000)
  eden space 102400K, 100% used [0x00000000f0000000, 0x00000000f6400000, 0x00000000f6400000)
  from space 12800K,  11% used [0x00000000f6400000, 0x00000000f6562c60, 0x00000000f7080000)
  to   space 12800K,   0% used [0x00000000f7080000, 0x00000000f7080000, 0x00000000f7d00000)
 concurrent mark-sweep generation total 134144K, used 55539K [0x00000000f7d00000, 0x0000000100000000, 0x0000000100000000)
 Metaspace       used 52983K, capacity 56016K, committed 57088K, reserved 1099776K
  class space    used 6416K, capacity 6942K, committed 7168K, reserved 1048576K
2023-10-03T09:36:49.341+0800: 1579.850: [GC (Allocation Failure) 2023-10-03T09:36:49.341+0800: 1579.850: [ParNew: 103819K->1417K(115200K), 0.0065875 secs] 159358K->56969K(249344K), 0.0068363 secs] [Times: user=0.05 sys=0.00, real=0.01 secs] 
Heap after GC invocations=419 (full 1):
 par new generation   total 115200K, used 1417K [0x00000000f0000000, 0x00000000f7d00000, 0x00000000f7d00000)
  eden space 102400K,   0% used [0x00000000f0000000, 0x00000000f0000000, 0x00000000f6400000)
  from space 12800K,  11% used [0x00000000f7080000, 0x00000000f71e25a0, 0x00000000f7d00000)
  to   space 12800K,   0% used [0x00000000f6400000, 0x00000000f6400000, 0x00000000f7080000)
 concurrent mark-sweep generation total 134144K, used 55551K [0x00000000f7d00000, 0x0000000100000000, 0x0000000100000000)
 Metaspace       used 52983K, capacity 56016K, committed 57088K, reserved 1099776K
  class space    used 6416K, capacity 6942K, committed 7168K, reserved 1048576K
}
{Heap before GC invocations=419 (full 1):
 par new generation   total 115200K, used 103817K [0x00000000f0000000, 0x00000000f7d00000, 0x00000000f7d00000)
  eden space 102400K, 100% used [0x00000000f0000000, 0x00000000f6400000, 0x00000000f6400000)
  from space 12800K,  11% used [0x00000000f7080000, 0x00000000f71e25a0, 0x00000000f7d00000)
  to   space 12800K,   0% used [0x00000000f6400000, 0x00000000f6400000, 0x00000000f7080000)
 concurrent mark-sweep generation total 134144K, used 55551K [0x00000000f7d00000, 0x0000000100000000, 0x0000000100000000)
 Metaspace       used 52983K, capacity 56016K, committed 57088K, reserved 1099776K
  class space    used 6416K, capacity 6942K, committed 7168K, reserved 1048576K
2023-10-03T09:36:52.912+0800: 1583.421: [GC (Allocation Failure) 2023-10-03T09:36:52.912+0800: 1583.421: [ParNew: 103817K->1537K(115200K), 0.0067344 secs] 159369K->57090K(249344K), 0.0070105 secs] [Times: user=0.05 sys=0.01, real=0.01 secs] 
Heap after GC invocations=420 (full 1):
 par new generation   total 115200K, used 1537K [0x00000000f0000000, 0x00000000f7d00000, 0x00000000f7d00000)
  eden space 102400K,   0% used [0x00000000f0000000, 0x00000000f0000000, 0x00000000f6400000)
  from space 12800K,  12% used [0x00000000f6400000, 0x00000000f65807d8, 0x00000000f7080000)
  to   space 12800K,   0% used [0x00000000f7080000, 0x00000000f7080000, 0x00000000f7d00000)
 concurrent mark-sweep generation total 134144K, used 55552K [0x00000000f7d00000, 0x0000000100000000, 0x0000000100000000)
 Metaspace       used 52983K, capacity 56016K, committed 57088K, reserved 1099776K
  class space    used 6416K, capacity 6942K, committed 7168K, reserved 1048576K
}
{Heap before GC invocations=420 (full 1):
 par new generation   total 115200K, used 103937K [0x00000000f0000000, 0x00000000f7d00000, 0x00000000f7d00000)
  eden space 102400K, 100% used [0x00000000f0000000, 0x00000000f6400000, 0x00000000f6400000)
  from space 12800K,  12% used [0x00000000f6400000, 0x00000000f65807d8, 0x00000000f7080000)
  to   space 12800K,   0% used [0x00000000f7080000, 0x00000000f7080000, 0x00000000f7d00000)
 concurrent mark-sweep generation total 134144K, used 55552K [0x00000000f7d00000, 0x0000000100000000, 0x0000000100000000)
 Metaspace       used 52983K, capacity 56016K, committed 57088K, reserved 1099776K
  class space    used 6416K, capacity 6942K, committed 7168K, reserved 1048576K
2023-10-03T09:36:56.491+0800: 1587.000: [GC (Allocation Failure) 2023-10-03T09:36:56.491+0800: 1587.000: [ParNew: 103937K->1425K(115200K), 0.0200208 secs] 159490K->57018K(249344K), 0.0202537 secs] [Times: user=0.06 sys=0.00, real=0.02 secs] 
Heap after GC invocations=421 (full 1):
 par new generation   total 115200K, used 1425K [0x00000000f0000000, 0x00000000f7d00000, 0x00000000f7d00000)
  eden space 102400K,   0% used [0x00000000f0000000, 0x00000000f0000000, 0x00000000f6400000)
  from space 12800K,  11% used [0x00000000f7080000, 0x00000000f71e4520, 0x00000000f7d00000)
  to   space 12800K,   0% used [0x00000000f6400000, 0x00000000f6400000, 0x00000000f7080000)
 concurrent mark-sweep generation total 134144K, used 55592K [0x00000000f7d00000, 0x0000000100000000, 0x0000000100000000)
 Metaspace       used 52983K, capacity 56016K, committed 57088K, reserved 1099776K
  class space    used 6416K, capacity 6942K, committed 7168K, reserved 1048576K
}
{Heap before GC invocations=421 (full 1):
 par new generation   total 115200K, used 103825K [0x00000000f0000000, 0x00000000f7d00000, 0x00000000f7d00000)
  eden space 102400K, 100% used [0x00000000f0000000, 0x00000000f6400000, 0x00000000f6400000)
  from space 12800K,  11% used [0x00000000f7080000, 0x00000000f71e4520, 0x00000000f7d00000)
  to   space 12800K,   0% used [0x00000000f6400000, 0x00000000f6400000, 0x00000000f7080000)
 concurrent mark-sweep generation total 134144K, used 55592K [0x00000000f7d00000, 0x0000000100000000, 0x0000000100000000)
 Metaspace       used 52983K, capacity 56016K, committed 57088K, reserved 1099776K
  class space    used 6416K, capacity 6942K, committed 7168K, reserved 1048576K
2023-10-03T09:37:00.303+0800: 1590.812: [GC (Allocation Failure) 2023-10-03T09:37:00.303+0800: 1590.812: [ParNew: 103825K->1536K(115200K), 0.0027474 secs] 159418K->57131K(249344K), 0.0029534 secs] [Times: user=0.02 sys=0.00, real=0.00 secs] 
Heap after GC invocations=422 (full 1):
 par new generation   total 115200K, used 1536K [0x00000000f0000000, 0x00000000f7d00000, 0x00000000f7d00000)
  eden space 102400K,   0% used [0x00000000f0000000, 0x00000000f0000000, 0x00000000f6400000)
  from space 12800K,  12% used [0x00000000f6400000, 0x00000000f65800f0, 0x00000000f7080000)
  to   space 12800K,   0% used [0x00000000f7080000, 0x00000000f7080000, 0x00000000f7d00000)
 concurrent mark-sweep generation total 134144K, used 55595K [0x00000000f7d00000, 0x0000000100000000, 0x0000000100000000)
 Metaspace       used 52983K, capacity 56016K, committed 57088K, reserved 1099776K
  class space    used 6416K, capacity 6942K, committed 7168K, reserved 1048576K
}
{Heap before GC invocations=422 (full 1):
 par new generation   total 115200K, used 103936K [0x00000000f0000000, 0x00000000f7d00000, 0x00000000f7d00000)
  eden space 102400K, 100% used [0x00000000f0000000, 0x00000000f6400000, 0x00000000f6400000)
  from space 12800K,  12% used [0x00000000f6400000, 0x00000000f65800f0, 0x00000000f7080000)
  to   space 12800K,   0% used [0x00000000f7080000, 0x00000000f7080000, 0x00000000f7d00000)
 concurrent mark-sweep generation total 134144K, used 55595K [0x00000000f7d00000, 0x0000000100000000, 0x0000000100000000)
 Metaspace       used 52983K, capacity 56016K, committed 57088K, reserved 1099776K
  class space    used 6416K, capacity 6942K, committed 7168K, reserved 1048576K
2023-10-03T09:37:03.910+0800: 1594.419: [GC (Allocation Failure) 2023-10-03T09:37:03.910+0800: 1594.419: [ParNew: 103936K->1512K(115200K), 0.0056559 secs] 159531K->57126K(249344K), 0.0058252 secs] [Times: user=0.05 sys=0.00, real=0.01 secs] 
Heap after GC invocations=423 (full 1):
 par new generation   total 115200K, used 1512K [0x00000000f0000000, 0x00000000f7d00000, 0x00000000f7d00000)
  eden space 102400K,   0% used [0x00000000f0000000, 0x00000000f0000000, 0x00000000f6400000)
  from space 12800K,  11% used [0x00000000f7080000, 0x00000000f71fa0a8, 0x00000000f7d00000)
  to   space 12800K,   0% used [0x00000000f6400000, 0x00000000f6400000, 0x00000000f7080000)
 concurrent mark-sweep generation total 134144K, used 55614K [0x00000000f7d00000, 0x0000000100000000, 0x0000000100000000)
 Metaspace       used 52983K, capacity 56016K, committed 57088K, reserved 1099776K
  class space    used 6416K, capacity 6942K, committed 7168K, reserved 1048576K
}
{Heap before GC invocations=423 (full 1):
 par new generation   total 115200K, used 103912K [0x00000000f0000000, 0x00000000f7d00000, 0x00000000f7d00000)
  eden space 102400K, 100% used [0x00000000f0000000, 0x00000000f6400000, 0x00000000f6400000)
  from space 12800K,  11% used [0x00000000f7080000, 0x00000000f71fa0a8, 0x00000000f7d00000)
  to   space 12800K,   0% used [0x00000000f6400000, 0x00000000f6400000, 0x00000000f7080000)
 concurrent mark-sweep generation total 134144K, used 55614K [0x00000000f7d00000, 0x0000000100000000, 0x0000000100000000)
 Metaspace       used 52983K, capacity 56016K, committed 57088K, reserved 1099776K
  class space    used 6416K, capacity 6942K, committed 7168K, reserved 1048576K
2023-10-03T09:37:07.467+0800: 1597.976: [GC (Allocation Failure) 2023-10-03T09:37:07.467+0800: 1597.976: [ParNew: 103912K->1403K(115200K), 0.0066294 secs] 159526K->57024K(249344K), 0.0068767 secs] [Times: user=0.05 sys=0.00, real=0.01 secs] 
Heap after GC invocations=424 (full 1):
 par new generation   total 115200K, used 1403K [0x00000000f0000000, 0x00000000f7d00000, 0x00000000f7d00000)
  eden space 102400K,   0% used [0x00000000f0000000, 0x00000000f0000000, 0x00000000f6400000)
  from space 12800K,  10% used [0x00000000f6400000, 0x00000000f655ef40, 0x00000000f7080000)
  to   space 12800K,   0% used [0x00000000f7080000, 0x00000000f7080000, 0x00000000f7d00000)
 concurrent mark-sweep generation total 134144K, used 55620K [0x00000000f7d00000, 0x0000000100000000, 0x0000000100000000)
 Metaspace       used 52983K, capacity 56016K, committed 57088K, reserved 1099776K
  class space    used 6416K, capacity 6942K, committed 7168K, reserved 1048576K
}
{Heap before GC invocations=424 (full 1):
 par new generation   total 115200K, used 103803K [0x00000000f0000000, 0x00000000f7d00000, 0x00000000f7d00000)
  eden space 102400K, 100% used [0x00000000f0000000, 0x00000000f6400000, 0x00000000f6400000)
  from space 12800K,  10% used [0x00000000f6400000, 0x00000000f655ef40, 0x00000000f7080000)
  to   space 12800K,   0% used [0x00000000f7080000, 0x00000000f7080000, 0x00000000f7d00000)
 concurrent mark-sweep generation total 134144K, used 55620K [0x00000000f7d00000, 0x0000000100000000, 0x0000000100000000)
 Metaspace       used 52983K, capacity 56016K, committed 57088K, reserved 1099776K
  class space    used 6416K, capacity 6942K, committed 7168K, reserved 1048576K
2023-10-03T09:37:11.057+0800: 1601.566: [GC (Allocation Failure) 2023-10-03T09:37:11.057+0800: 1601.566: [ParNew: 103803K->1393K(115200K), 0.0071099 secs] 159424K->57029K(249344K), 0.0073432 secs] [Times: user=0.06 sys=0.00, real=0.01 secs] 
Heap after GC invocations=425 (full 1):
 par new generation   total 115200K, used 1393K [0x00000000f0000000, 0x00000000f7d00000, 0x00000000f7d00000)
  eden space 102400K,   0% used [0x00000000f0000000, 0x00000000f0000000, 0x00000000f6400000)
  from space 12800K,  10% used [0x00000000f7080000, 0x00000000f71dc7e0, 0x00000000f7d00000)
  to   space 12800K,   0% used [0x00000000f6400000, 0x00000000f6400000, 0x00000000f7080000)
 concurrent mark-sweep generation total 134144K, used 55635K [0x00000000f7d00000, 0x0000000100000000, 0x0000000100000000)
 Metaspace       used 52983K, capacity 56016K, committed 57088K, reserved 1099776K
  class space    used 6416K, capacity 6942K, committed 7168K, reserved 1048576K
}
{Heap before GC invocations=425 (full 1):
 par new generation   total 115200K, used 103793K [0x00000000f0000000, 0x00000000f7d00000, 0x00000000f7d00000)
  eden space 102400K, 100% used [0x00000000f0000000, 0x00000000f6400000, 0x00000000f6400000)
  from space 12800K,  10% used [0x00000000f7080000, 0x00000000f71dc7e0, 0x00000000f7d00000)
  to   space 12800K,   0% used [0x00000000f6400000, 0x00000000f6400000, 0x00000000f7080000)
 concurrent mark-sweep generation total 134144K, used 55635K [0x00000000f7d00000, 0x0000000100000000, 0x0000000100000000)
 Metaspace       used 52983K, capacity 56016K, committed 57088K, reserved 1099776K
  class space    used 6416K, capacity 6942K, committed 7168K, reserved 1048576K
2023-10-03T09:37:14.615+0800: 1605.125: [GC (Allocation Failure) 2023-10-03T09:37:14.616+0800: 1605.125: [ParNew: 103793K->1484K(115200K), 0.0034396 secs] 159429K->57121K(249344K), 0.0036022 secs] [Times: user=0.02 sys=0.00, real=0.00 secs] 
Heap after GC invocations=426 (full 1):
 par new generation   total 115200K, used 1484K [0x00000000f0000000, 0x00000000f7d00000, 0x00000000f7d00000)
  eden space 102400K,   0% used [0x00000000f0000000, 0x00000000f0000000, 0x00000000f6400000)
  from space 12800K,  11% used [0x00000000f6400000, 0x00000000f6573290, 0x00000000f7080000)
  to   space 12800K,   0% used [0x00000000f7080000, 0x00000000f7080000, 0x00000000f7d00000)
 concurrent mark-sweep generation total 134144K, used 55637K [0x00000000f7d00000, 0x0000000100000000, 0x0000000100000000)
 Metaspace       used 52983K, capacity 56016K, committed 57088K, reserved 1099776K
  class space    used 6416K, capacity 6942K, committed 7168K, reserved 1048576K
}
{Heap before GC invocations=426 (full 1):
 par new generation   total 115200K, used 103884K [0x00000000f0000000, 0x00000000f7d00000, 0x00000000f7d00000)
  eden space 102400K, 100% used [0x00000000f0000000, 0x00000000f6400000, 0x00000000f6400000)
  from space 12800K,  11% used [0x00000000f6400000, 0x00000000f6573290, 0x00000000f7080000)
  to   space 12800K,   0% used [0x00000000f7080000, 0x00000000f7080000, 0x00000000f7d00000)
 concurrent mark-sweep generation total 134144K, used 55637K [0x00000000f7d00000, 0x0000000100000000, 0x0000000100000000)
 Metaspace       used 52983K, capacity 56016K, committed 57088K, reserved 1099776K
  class space    used 6416K, capacity 6942K, committed 7168K, reserved 1048576K
2023-10-03T09:37:18.203+0800: 1608.713: [GC (Allocation Failure) 2023-10-03T09:37:18.204+0800: 1608.713: [ParNew: 103884K->1383K(115200K), 0.0061560 secs] 159521K->57045K(249344K), 0.0064096 secs] [Times: user=0.05 sys=0.00, real=0.00 secs] 
Heap after GC invocations=427 (full 1):
 par new generation   total 115200K, used 1383K [0x00000000f0000000, 0x00000000f7d00000, 0x00000000f7d00000)
  eden space 102400K,   0% used [0x00000000f0000000, 0x00000000f0000000, 0x00000000f6400000)
  from space 12800K,  10% used [0x00000000f7080000, 0x00000000f71d9ea0, 0x00000000f7d00000)
  to   space 12800K,   0% used [0x00000000f6400000, 0x00000000f6400000, 0x00000000f7080000)
 concurrent mark-sweep generation total 134144K, used 55661K [0x00000000f7d00000, 0x0000000100000000, 0x0000000100000000)
 Metaspace       used 52983K, capacity 56016K, committed 57088K, reserved 1099776K
  class space    used 6416K, capacity 6942K, committed 7168K, reserved 1048576K
}
{Heap before GC invocations=427 (full 1):
 par new generation   total 115200K, used 103783K [0x00000000f0000000, 0x00000000f7d00000, 0x00000000f7d00000)
  eden space 102400K, 100% used [0x00000000f0000000, 0x00000000f6400000, 0x00000000f6400000)
  from space 12800K,  10% used [0x00000000f7080000, 0x00000000f71d9ea0, 0x00000000f7d00000)
  to   space 12800K,   0% used [0x00000000f6400000, 0x00000000f6400000, 0x00000000f7080000)
 concurrent mark-sweep generation total 134144K, used 55661K [0x00000000f7d00000, 0x0000000100000000, 0x0000000100000000)
 Metaspace       used 52983K, capacity 56016K, committed 57088K, reserved 1099776K
  class space    used 6416K, capacity 6942K, committed 7168K, reserved 1048576K
2023-10-03T09:37:22.014+0800: 1612.523: [GC (Allocation Failure) 2023-10-03T09:37:22.014+0800: 1612.523: [ParNew: 103783K->1368K(115200K), 0.0054317 secs] 159445K->57030K(249344K), 0.0056093 secs] [Times: user=0.05 sys=0.00, real=0.00 secs] 
Heap after GC invocations=428 (full 1):
 par new generation   total 115200K, used 1368K [0x00000000f0000000, 0x00000000f7d00000, 0x00000000f7d00000)
  eden space 102400K,   0% used [0x00000000f0000000, 0x00000000f0000000, 0x00000000f6400000)
  from space 12800K,  10% used [0x00000000f6400000, 0x00000000f6556240, 0x00000000f7080000)
  to   space 12800K,   0% used [0x00000000f7080000, 0x00000000f7080000, 0x00000000f7d00000)
 concurrent mark-sweep generation total 134144K, used 55661K [0x00000000f7d00000, 0x0000000100000000, 0x0000000100000000)
 Metaspace       used 52983K, capacity 56016K, committed 57088K, reserved 1099776K
  class space    used 6416K, capacity 6942K, committed 7168K, reserved 1048576K
}
{Heap before GC invocations=428 (full 1):
 par new generation   total 115200K, used 103768K [0x00000000f0000000, 0x00000000f7d00000, 0x00000000f7d00000)
  eden space 102400K, 100% used [0x00000000f0000000, 0x00000000f6400000, 0x00000000f6400000)
  from space 12800K,  10% used [0x00000000f6400000, 0x00000000f6556240, 0x00000000f7080000)
  to   space 12800K,   0% used [0x00000000f7080000, 0x00000000f7080000, 0x00000000f7d00000)
 concurrent mark-sweep generation total 134144K, used 55661K [0x00000000f7d00000, 0x0000000100000000, 0x0000000100000000)
 Metaspace       used 52983K, capacity 56016K, committed 57088K, reserved 1099776K
  class space    used 6416K, capacity 6942K, committed 7168K, reserved 1048576K
2023-10-03T09:37:25.620+0800: 1616.129: [GC (Allocation Failure) 2023-10-03T09:37:25.620+0800: 1616.129: [ParNew: 103768K->1364K(115200K), 0.0059209 secs] 159430K->57040K(249344K), 0.0061124 secs] [Times: user=0.05 sys=0.00, real=0.01 secs] 
Heap after GC invocations=429 (full 1):
 par new generation   total 115200K, used 1364K [0x00000000f0000000, 0x00000000f7d00000, 0x00000000f7d00000)
  eden space 102400K,   0% used [0x00000000f0000000, 0x00000000f0000000, 0x00000000f6400000)
  from space 12800K,  10% used [0x00000000f7080000, 0x00000000f71d52e0, 0x00000000f7d00000)
  to   space 12800K,   0% used [0x00000000f6400000, 0x00000000f6400000, 0x00000000f7080000)
 concurrent mark-sweep generation total 134144K, used 55675K [0x00000000f7d00000, 0x0000000100000000, 0x0000000100000000)
 Metaspace       used 52983K, capacity 56016K, committed 57088K, reserved 1099776K
  class space    used 6416K, capacity 6942K, committed 7168K, reserved 1048576K
}
{Heap before GC invocations=429 (full 1):
 par new generation   total 115200K, used 103764K [0x00000000f0000000, 0x00000000f7d00000, 0x00000000f7d00000)
  eden space 102400K, 100% used [0x00000000f0000000, 0x00000000f6400000, 0x00000000f6400000)
  from space 12800K,  10% used [0x00000000f7080000, 0x00000000f71d52e0, 0x00000000f7d00000)
  to   space 12800K,   0% used [0x00000000f6400000, 0x00000000f6400000, 0x00000000f7080000)
 concurrent mark-sweep generation total 134144K, used 55675K [0x00000000f7d00000, 0x0000000100000000, 0x0000000100000000)
 Metaspace       used 52983K, capacity 56016K, committed 57088K, reserved 1099776K
  class space    used 6416K, capacity 6942K, committed 7168K, reserved 1048576K
2023-10-03T09:37:29.182+0800: 1619.691: [GC (Allocation Failure) 2023-10-03T09:37:29.182+0800: 1619.692: [ParNew: 103764K->1451K(115200K), 0.0189193 secs] 159440K->57127K(249344K), 0.0191500 secs] [Times: user=0.05 sys=0.01, real=0.01 secs] 
Heap after GC invocations=430 (full 1):
 par new generation   total 115200K, used 1451K [0x00000000f0000000, 0x00000000f7d00000, 0x00000000f7d00000)
  eden space 102400K,   0% used [0x00000000f0000000, 0x00000000f0000000, 0x00000000f6400000)
  from space 12800K,  11% used [0x00000000f6400000, 0x00000000f656afc0, 0x00000000f7080000)
  to   space 12800K,   0% used [0x00000000f7080000, 0x00000000f7080000, 0x00000000f7d00000)
 concurrent mark-sweep generation total 134144K, used 55675K [0x00000000f7d00000, 0x0000000100000000, 0x0000000100000000)
 Metaspace       used 52983K, capacity 56016K, committed 57088K, reserved 1099776K
  class space    used 6416K, capacity 6942K, committed 7168K, reserved 1048576K
}
{Heap before GC invocations=430 (full 1):
 par new generation   total 115200K, used 103851K [0x00000000f0000000, 0x00000000f7d00000, 0x00000000f7d00000)
  eden space 102400K, 100% used [0x00000000f0000000, 0x00000000f6400000, 0x00000000f6400000)
  from space 12800K,  11% used [0x00000000f6400000, 0x00000000f656afc0, 0x00000000f7080000)
  to   space 12800K,   0% used [0x00000000f7080000, 0x00000000f7080000, 0x00000000f7d00000)
 concurrent mark-sweep generation total 134144K, used 55675K [0x00000000f7d00000, 0x0000000100000000, 0x0000000100000000)
 Metaspace       used 52983K, capacity 56016K, committed 57088K, reserved 1099776K
  class space    used 6416K, capacity 6942K, committed 7168K, reserved 1048576K
2023-10-03T09:37:32.748+0800: 1623.257: [GC (Allocation Failure) 2023-10-03T09:37:32.748+0800: 1623.257: [ParNew: 103851K->1325K(115200K), 0.0064782 secs] 159527K->57000K(249344K), 0.0067028 secs] [Times: user=0.06 sys=0.00, real=0.01 secs] 
Heap after GC invocations=431 (full 1):
 par new generation   total 115200K, used 1325K [0x00000000f0000000, 0x00000000f7d00000, 0x00000000f7d00000)
  eden space 102400K,   0% used [0x00000000f0000000, 0x00000000f0000000, 0x00000000f6400000)
  from space 12800K,  10% used [0x00000000f7080000, 0x00000000f71cb560, 0x00000000f7d00000)
  to   space 12800K,   0% used [0x00000000f6400000, 0x00000000f6400000, 0x00000000f7080000)
 concurrent mark-sweep generation total 134144K, used 55675K [0x00000000f7d00000, 0x0000000100000000, 0x0000000100000000)
 Metaspace       used 52983K, capacity 56016K, committed 57088K, reserved 1099776K
  class space    used 6416K, capacity 6942K, committed 7168K, reserved 1048576K
}
{Heap before GC invocations=431 (full 1):
 par new generation   total 115200K, used 103725K [0x00000000f0000000, 0x00000000f7d00000, 0x00000000f7d00000)
  eden space 102400K, 100% used [0x00000000f0000000, 0x00000000f6400000, 0x00000000f6400000)
  from space 12800K,  10% used [0x00000000f7080000, 0x00000000f71cb560, 0x00000000f7d00000)
  to   space 12800K,   0% used [0x00000000f6400000, 0x00000000f6400000, 0x00000000f7080000)
 concurrent mark-sweep generation total 134144K, used 55675K [0x00000000f7d00000, 0x0000000100000000, 0x0000000100000000)
 Metaspace       used 52983K, capacity 56016K, committed 57088K, reserved 1099776K
  class space    used 6416K, capacity 6942K, committed 7168K, reserved 1048576K
2023-10-03T09:37:36.331+0800: 1626.840: [GC (Allocation Failure) 2023-10-03T09:37:36.331+0800: 1626.840: [ParNew: 103725K->1341K(115200K), 0.0061222 secs] 159400K->57018K(249344K), 0.0063713 secs] [Times: user=0.05 sys=0.00, real=0.01 secs] 
Heap after GC invocations=432 (full 1):
 par new generation   total 115200K, used 1341K [0x00000000f0000000, 0x00000000f7d00000, 0x00000000f7d00000)
  eden space 102400K,   0% used [0x00000000f0000000, 0x00000000f0000000, 0x00000000f6400000)
  from space 12800K,  10% used [0x00000000f6400000, 0x00000000f654f580, 0x00000000f7080000)
  to   space 12800K,   0% used [0x00000000f7080000, 0x00000000f7080000, 0x00000000f7d00000)
 concurrent mark-sweep generation total 134144K, used 55677K [0x00000000f7d00000, 0x0000000100000000, 0x0000000100000000)
 Metaspace       used 52983K, capacity 56016K, committed 57088K, reserved 1099776K
  class space    used 6416K, capacity 6942K, committed 7168K, reserved 1048576K
}
{Heap before GC invocations=432 (full 1):
 par new generation   total 115200K, used 103741K [0x00000000f0000000, 0x00000000f7d00000, 0x00000000f7d00000)
  eden space 102400K, 100% used [0x00000000f0000000, 0x00000000f6400000, 0x00000000f6400000)
  from space 12800K,  10% used [0x00000000f6400000, 0x00000000f654f580, 0x00000000f7080000)
  to   space 12800K,   0% used [0x00000000f7080000, 0x00000000f7080000, 0x00000000f7d00000)
 concurrent mark-sweep generation total 134144K, used 55677K [0x00000000f7d00000, 0x0000000100000000, 0x0000000100000000)
 Metaspace       used 52983K, capacity 56016K, committed 57088K, reserved 1099776K
  class space    used 6416K, capacity 6942K, committed 7168K, reserved 1048576K
2023-10-03T09:37:39.921+0800: 1630.430: [GC (Allocation Failure) 2023-10-03T09:37:39.921+0800: 1630.430: [ParNew: 103741K->1445K(115200K), 0.0060770 secs] 159418K->57124K(249344K), 0.0063036 secs] [Times: user=0.06 sys=0.00, real=0.01 secs] 
Heap after GC invocations=433 (full 1):
 par new generation   total 115200K, used 1445K [0x00000000f0000000, 0x00000000f7d00000, 0x00000000f7d00000)
  eden space 102400K,   0% used [0x00000000f0000000, 0x00000000f0000000, 0x00000000f6400000)
  from space 12800K,  11% used [0x00000000f7080000, 0x00000000f71e9628, 0x00000000f7d00000)
  to   space 12800K,   0% used [0x00000000f6400000, 0x00000000f6400000, 0x00000000f7080000)
 concurrent mark-sweep generation total 134144K, used 55678K [0x00000000f7d00000, 0x0000000100000000, 0x0000000100000000)
 Metaspace       used 52983K, capacity 56016K, committed 57088K, reserved 1099776K
  class space    used 6416K, capacity 6942K, committed 7168K, reserved 1048576K
}
{Heap before GC invocations=433 (full 1):
 par new generation   total 115200K, used 103845K [0x00000000f0000000, 0x00000000f7d00000, 0x00000000f7d00000)
  eden space 102400K, 100% used [0x00000000f0000000, 0x00000000f6400000, 0x00000000f6400000)
  from space 12800K,  11% used [0x00000000f7080000, 0x00000000f71e9628, 0x00000000f7d00000)
  to   space 12800K,   0% used [0x00000000f6400000, 0x00000000f6400000, 0x00000000f7080000)
 concurrent mark-sweep generation total 134144K, used 55678K [0x00000000f7d00000, 0x0000000100000000, 0x0000000100000000)
 Metaspace       used 52983K, capacity 56016K, committed 57088K, reserved 1099776K
  class space    used 6416K, capacity 6942K, committed 7168K, reserved 1048576K
2023-10-03T09:37:43.726+0800: 1634.235: [GC (Allocation Failure) 2023-10-03T09:37:43.726+0800: 1634.235: [ParNew: 103845K->1356K(115200K), 0.0060085 secs] 159524K->57034K(249344K), 0.0062067 secs] [Times: user=0.05 sys=0.00, real=0.00 secs] 
Heap after GC invocations=434 (full 1):
 par new generation   total 115200K, used 1356K [0x00000000f0000000, 0x00000000f7d00000, 0x00000000f7d00000)
  eden space 102400K,   0% used [0x00000000f0000000, 0x00000000f0000000, 0x00000000f6400000)
  from space 12800K,  10% used [0x00000000f6400000, 0x00000000f6553000, 0x00000000f7080000)
  to   space 12800K,   0% used [0x00000000f7080000, 0x00000000f7080000, 0x00000000f7d00000)
 concurrent mark-sweep generation total 134144K, used 55678K [0x00000000f7d00000, 0x0000000100000000, 0x0000000100000000)
 Metaspace       used 52983K, capacity 56016K, committed 57088K, reserved 1099776K
  class space    used 6416K, capacity 6942K, committed 7168K, reserved 1048576K
}
{Heap before GC invocations=434 (full 1):
 par new generation   total 115200K, used 103756K [0x00000000f0000000, 0x00000000f7d00000, 0x00000000f7d00000)
  eden space 102400K, 100% used [0x00000000f0000000, 0x00000000f6400000, 0x00000000f6400000)
  from space 12800K,  10% used [0x00000000f6400000, 0x00000000f6553000, 0x00000000f7080000)
  to   space 12800K,   0% used [0x00000000f7080000, 0x00000000f7080000, 0x00000000f7d00000)
 concurrent mark-sweep generation total 134144K, used 55678K [0x00000000f7d00000, 0x0000000100000000, 0x0000000100000000)
 Metaspace       used 52983K, capacity 56016K, committed 57088K, reserved 1099776K
  class space    used 6416K, capacity 6942K, committed 7168K, reserved 1048576K
2023-10-03T09:37:47.320+0800: 1637.830: [GC (Allocation Failure) 2023-10-03T09:37:47.320+0800: 1637.830: [ParNew: 103756K->1346K(115200K), 0.0055066 secs] 159434K->57024K(249344K), 0.0056748 secs] [Times: user=0.05 sys=0.00, real=0.01 secs] 
Heap after GC invocations=435 (full 1):
 par new generation   total 115200K, used 1346K [0x00000000f0000000, 0x00000000f7d00000, 0x00000000f7d00000)
  eden space 102400K,   0% used [0x00000000f0000000, 0x00000000f0000000, 0x00000000f6400000)
  from space 12800K,  10% used [0x00000000f7080000, 0x00000000f71d0840, 0x00000000f7d00000)
  to   space 12800K,   0% used [0x00000000f6400000, 0x00000000f6400000, 0x00000000f7080000)
 concurrent mark-sweep generation total 134144K, used 55678K [0x00000000f7d00000, 0x0000000100000000, 0x0000000100000000)
 Metaspace       used 52983K, capacity 56016K, committed 57088K, reserved 1099776K
  class space    used 6416K, capacity 6942K, committed 7168K, reserved 1048576K
}
{Heap before GC invocations=435 (full 1):
 par new generation   total 115200K, used 103746K [0x00000000f0000000, 0x00000000f7d00000, 0x00000000f7d00000)
  eden space 102400K, 100% used [0x00000000f0000000, 0x00000000f6400000, 0x00000000f6400000)
  from space 12800K,  10% used [0x00000000f7080000, 0x00000000f71d0840, 0x00000000f7d00000)
  to   space 12800K,   0% used [0x00000000f6400000, 0x00000000f6400000, 0x00000000f7080000)
 concurrent mark-sweep generation total 134144K, used 55678K [0x00000000f7d00000, 0x0000000100000000, 0x0000000100000000)
 Metaspace       used 52983K, capacity 56016K, committed 57088K, reserved 1099776K
  class space    used 6416K, capacity 6942K, committed 7168K, reserved 1048576K
2023-10-03T09:37:50.878+0800: 1641.387: [GC (Allocation Failure) 2023-10-03T09:37:50.878+0800: 1641.387: [ParNew: 103746K->1446K(115200K), 0.0064540 secs] 159424K->57127K(249344K), 0.0067425 secs] [Times: user=0.05 sys=0.00, real=0.01 secs] 
Heap after GC invocations=436 (full 1):
 par new generation   total 115200K, used 1446K [0x00000000f0000000, 0x00000000f7d00000, 0x00000000f7d00000)
  eden space 102400K,   0% used [0x00000000f0000000, 0x00000000f0000000, 0x00000000f6400000)
  from space 12800K,  11% used [0x00000000f6400000, 0x00000000f6569830, 0x00000000f7080000)
  to   space 12800K,   0% used [0x00000000f7080000, 0x00000000f7080000, 0x00000000f7d00000)
 concurrent mark-sweep generation total 134144K, used 55681K [0x00000000f7d00000, 0x0000000100000000, 0x0000000100000000)
 Metaspace       used 52983K, capacity 56016K, committed 57088K, reserved 1099776K
  class space    used 6416K, capacity 6942K, committed 7168K, reserved 1048576K
}
{Heap before GC invocations=436 (full 1):
 par new generation   total 115200K, used 103846K [0x00000000f0000000, 0x00000000f7d00000, 0x00000000f7d00000)
  eden space 102400K, 100% used [0x00000000f0000000, 0x00000000f6400000, 0x00000000f6400000)
  from space 12800K,  11% used [0x00000000f6400000, 0x00000000f6569830, 0x00000000f7080000)
  to   space 12800K,   0% used [0x00000000f7080000, 0x00000000f7080000, 0x00000000f7d00000)
 concurrent mark-sweep generation total 134144K, used 55681K [0x00000000f7d00000, 0x0000000100000000, 0x0000000100000000)
 Metaspace       used 52983K, capacity 56016K, committed 57088K, reserved 1099776K
  class space    used 6416K, capacity 6942K, committed 7168K, reserved 1048576K
2023-10-03T09:37:54.460+0800: 1644.970: [GC (Allocation Failure) 2023-10-03T09:37:54.461+0800: 1644.970: [ParNew: 103846K->1350K(115200K), 0.0065015 secs] 159527K->57032K(249344K), 0.0067768 secs] [Times: user=0.06 sys=0.00, real=0.01 secs] 
Heap after GC invocations=437 (full 1):
 par new generation   total 115200K, used 1350K [0x00000000f0000000, 0x00000000f7d00000, 0x00000000f7d00000)
  eden space 102400K,   0% used [0x00000000f0000000, 0x00000000f0000000, 0x00000000f6400000)
  from space 12800K,  10% used [0x00000000f7080000, 0x00000000f71d1920, 0x00000000f7d00000)
  to   space 12800K,   0% used [0x00000000f6400000, 0x00000000f6400000, 0x00000000f7080000)
 concurrent mark-sweep generation total 134144K, used 55682K [0x00000000f7d00000, 0x0000000100000000, 0x0000000100000000)
 Metaspace       used 52983K, capacity 56016K, committed 57088K, reserved 1099776K
  class space    used 6416K, capacity 6942K, committed 7168K, reserved 1048576K
}
{Heap before GC invocations=437 (full 1):
 par new generation   total 115200K, used 103750K [0x00000000f0000000, 0x00000000f7d00000, 0x00000000f7d00000)
  eden space 102400K, 100% used [0x00000000f0000000, 0x00000000f6400000, 0x00000000f6400000)
  from space 12800K,  10% used [0x00000000f7080000, 0x00000000f71d1920, 0x00000000f7d00000)
  to   space 12800K,   0% used [0x00000000f6400000, 0x00000000f6400000, 0x00000000f7080000)
 concurrent mark-sweep generation total 134144K, used 55682K [0x00000000f7d00000, 0x0000000100000000, 0x0000000100000000)
 Metaspace       used 52983K, capacity 56016K, committed 57088K, reserved 1099776K
  class space    used 6416K, capacity 6942K, committed 7168K, reserved 1048576K
2023-10-03T09:37:58.042+0800: 1648.551: [GC (Allocation Failure) 2023-10-03T09:37:58.042+0800: 1648.551: [ParNew: 103750K->1342K(115200K), 0.0059231 secs] 159432K->57025K(249344K), 0.0061489 secs] [Times: user=0.05 sys=0.00, real=0.01 secs] 
Heap after GC invocations=438 (full 1):
 par new generation   total 115200K, used 1342K [0x00000000f0000000, 0x00000000f7d00000, 0x00000000f7d00000)
  eden space 102400K,   0% used [0x00000000f0000000, 0x00000000f0000000, 0x00000000f6400000)
  from space 12800K,  10% used [0x00000000f6400000, 0x00000000f654f9a0, 0x00000000f7080000)
  to   space 12800K,   0% used [0x00000000f7080000, 0x00000000f7080000, 0x00000000f7d00000)
 concurrent mark-sweep generation total 134144K, used 55682K [0x00000000f7d00000, 0x0000000100000000, 0x0000000100000000)
 Metaspace       used 52983K, capacity 56016K, committed 57088K, reserved 1099776K
  class space    used 6416K, capacity 6942K, committed 7168K, reserved 1048576K
}
{Heap before GC invocations=438 (full 1):
 par new generation   total 115200K, used 103742K [0x00000000f0000000, 0x00000000f7d00000, 0x00000000f7d00000)
  eden space 102400K, 100% used [0x00000000f0000000, 0x00000000f6400000, 0x00000000f6400000)
  from space 12800K,  10% used [0x00000000f6400000, 0x00000000f654f9a0, 0x00000000f7080000)
  to   space 12800K,   0% used [0x00000000f7080000, 0x00000000f7080000, 0x00000000f7d00000)
 concurrent mark-sweep generation total 134144K, used 55682K [0x00000000f7d00000, 0x0000000100000000, 0x0000000100000000)
 Metaspace       used 52983K, capacity 56016K, committed 57088K, reserved 1099776K
  class space    used 6416K, capacity 6942K, committed 7168K, reserved 1048576K
2023-10-03T09:38:01.634+0800: 1652.143: [GC (Allocation Failure) 2023-10-03T09:38:01.634+0800: 1652.143: [ParNew: 103742K->1353K(115200K), 0.0061091 secs] 159425K->57036K(249344K), 0.0063927 secs] [Times: user=0.05 sys=0.00, real=0.00 secs] 
Heap after GC invocations=439 (full 1):
 par new generation   total 115200K, used 1353K [0x00000000f0000000, 0x00000000f7d00000, 0x00000000f7d00000)
  eden space 102400K,   0% used [0x00000000f0000000, 0x00000000f0000000, 0x00000000f6400000)
  from space 12800K,  10% used [0x00000000f7080000, 0x00000000f71d2580, 0x00000000f7d00000)
  to   space 12800K,   0% used [0x00000000f6400000, 0x00000000f6400000, 0x00000000f7080000)
 concurrent mark-sweep generation total 134144K, used 55682K [0x00000000f7d00000, 0x0000000100000000, 0x0000000100000000)
 Metaspace       used 52983K, capacity 56016K, committed 57088K, reserved 1099776K
  class space    used 6416K, capacity 6942K, committed 7168K, reserved 1048576K
}
{Heap before GC invocations=439 (full 1):
 par new generation   total 115200K, used 103753K [0x00000000f0000000, 0x00000000f7d00000, 0x00000000f7d00000)
  eden space 102400K, 100% used [0x00000000f0000000, 0x00000000f6400000, 0x00000000f6400000)
  from space 12800K,  10% used [0x00000000f7080000, 0x00000000f71d2580, 0x00000000f7d00000)
  to   space 12800K,   0% used [0x00000000f6400000, 0x00000000f6400000, 0x00000000f7080000)
 concurrent mark-sweep generation total 134144K, used 55682K [0x00000000f7d00000, 0x0000000100000000, 0x0000000100000000)
 Metaspace       used 52983K, capacity 56016K, committed 57088K, reserved 1099776K
  class space    used 6416K, capacity 6942K, committed 7168K, reserved 1048576K
2023-10-03T09:38:05.440+0800: 1655.949: [GC (Allocation Failure) 2023-10-03T09:38:05.440+0800: 1655.949: [ParNew: 103753K->1335K(115200K), 0.0056241 secs] 159436K->57020K(249344K), 0.0057956 secs] [Times: user=0.05 sys=0.00, real=0.01 secs] 
Heap after GC invocations=440 (full 1):
 par new generation   total 115200K, used 1335K [0x00000000f0000000, 0x00000000f7d00000, 0x00000000f7d00000)
  eden space 102400K,   0% used [0x00000000f0000000, 0x00000000f0000000, 0x00000000f6400000)
  from space 12800K,  10% used [0x00000000f6400000, 0x00000000f654dd20, 0x00000000f7080000)
  to   space 12800K,   0% used [0x00000000f7080000, 0x00000000f7080000, 0x00000000f7d00000)
 concurrent mark-sweep generation total 134144K, used 55685K [0x00000000f7d00000, 0x0000000100000000, 0x0000000100000000)
 Metaspace       used 52983K, capacity 56016K, committed 57088K, reserved 1099776K
  class space    used 6416K, capacity 6942K, committed 7168K, reserved 1048576K
}
{Heap before GC invocations=440 (full 1):
 par new generation   total 115200K, used 103735K [0x00000000f0000000, 0x00000000f7d00000, 0x00000000f7d00000)
  eden space 102400K, 100% used [0x00000000f0000000, 0x00000000f6400000, 0x00000000f6400000)
  from space 12800K,  10% used [0x00000000f6400000, 0x00000000f654dd20, 0x00000000f7080000)
  to   space 12800K,   0% used [0x00000000f7080000, 0x00000000f7080000, 0x00000000f7d00000)
 concurrent mark-sweep generation total 134144K, used 55685K [0x00000000f7d00000, 0x0000000100000000, 0x0000000100000000)
 Metaspace       used 52983K, capacity 56016K, committed 57088K, reserved 1099776K
  class space    used 6416K, capacity 6942K, committed 7168K, reserved 1048576K
2023-10-03T09:38:09.033+0800: 1659.543: [GC (Allocation Failure) 2023-10-03T09:38:09.034+0800: 1659.543: [ParNew: 103735K->1537K(115200K), 0.0059004 secs] 159420K->57225K(249344K), 0.0060636 secs] [Times: user=0.06 sys=0.00, real=0.00 secs] 
Heap after GC invocations=441 (full 1):
 par new generation   total 115200K, used 1537K [0x00000000f0000000, 0x00000000f7d00000, 0x00000000f7d00000)
  eden space 102400K,   0% used [0x00000000f0000000, 0x00000000f0000000, 0x00000000f6400000)
  from space 12800K,  12% used [0x00000000f7080000, 0x00000000f7200740, 0x00000000f7d00000)
  to   space 12800K,   0% used [0x00000000f6400000, 0x00000000f6400000, 0x00000000f7080000)
 concurrent mark-sweep generation total 134144K, used 55687K [0x00000000f7d00000, 0x0000000100000000, 0x0000000100000000)
 Metaspace       used 52983K, capacity 56016K, committed 57088K, reserved 1099776K
  class space    used 6416K, capacity 6942K, committed 7168K, reserved 1048576K
}
{Heap before GC invocations=441 (full 1):
 par new generation   total 115200K, used 103937K [0x00000000f0000000, 0x00000000f7d00000, 0x00000000f7d00000)
  eden space 102400K, 100% used [0x00000000f0000000, 0x00000000f6400000, 0x00000000f6400000)
  from space 12800K,  12% used [0x00000000f7080000, 0x00000000f7200740, 0x00000000f7d00000)
  to   space 12800K,   0% used [0x00000000f6400000, 0x00000000f6400000, 0x00000000f7080000)
 concurrent mark-sweep generation total 134144K, used 55687K [0x00000000f7d00000, 0x0000000100000000, 0x0000000100000000)
 Metaspace       used 52983K, capacity 56016K, committed 57088K, reserved 1099776K
  class space    used 6416K, capacity 6942K, committed 7168K, reserved 1048576K
2023-10-03T09:38:12.593+0800: 1663.102: [GC (Allocation Failure) 2023-10-03T09:38:12.593+0800: 1663.102: [ParNew: 103937K->1335K(115200K), 0.0062034 secs] 159625K->57028K(249344K), 0.0064864 secs] [Times: user=0.06 sys=0.00, real=0.00 secs] 
Heap after GC invocations=442 (full 1):
 par new generation   total 115200K, used 1335K [0x00000000f0000000, 0x00000000f7d00000, 0x00000000f7d00000)
  eden space 102400K,   0% used [0x00000000f0000000, 0x00000000f0000000, 0x00000000f6400000)
  from space 12800K,  10% used [0x00000000f6400000, 0x00000000f654df60, 0x00000000f7080000)
  to   space 12800K,   0% used [0x00000000f7080000, 0x00000000f7080000, 0x00000000f7d00000)
 concurrent mark-sweep generation total 134144K, used 55692K [0x00000000f7d00000, 0x0000000100000000, 0x0000000100000000)
 Metaspace       used 52983K, capacity 56016K, committed 57088K, reserved 1099776K
  class space    used 6416K, capacity 6942K, committed 7168K, reserved 1048576K
}
{Heap before GC invocations=442 (full 1):
 par new generation   total 115200K, used 103735K [0x00000000f0000000, 0x00000000f7d00000, 0x00000000f7d00000)
  eden space 102400K, 100% used [0x00000000f0000000, 0x00000000f6400000, 0x00000000f6400000)
  from space 12800K,  10% used [0x00000000f6400000, 0x00000000f654df60, 0x00000000f7080000)
  to   space 12800K,   0% used [0x00000000f7080000, 0x00000000f7080000, 0x00000000f7d00000)
 concurrent mark-sweep generation total 134144K, used 55692K [0x00000000f7d00000, 0x0000000100000000, 0x0000000100000000)
 Metaspace       used 52983K, capacity 56016K, committed 57088K, reserved 1099776K
  class space    used 6416K, capacity 6942K, committed 7168K, reserved 1048576K
2023-10-03T09:38:16.160+0800: 1666.669: [GC (Allocation Failure) 2023-10-03T09:38:16.160+0800: 1666.669: [ParNew: 103735K->1460K(115200K), 0.0061567 secs] 159428K->57154K(249344K), 0.0063980 secs] [Times: user=0.05 sys=0.00, real=0.01 secs] 
Heap after GC invocations=443 (full 1):
 par new generation   total 115200K, used 1460K [0x00000000f0000000, 0x00000000f7d00000, 0x00000000f7d00000)
  eden space 102400K,   0% used [0x00000000f0000000, 0x00000000f0000000, 0x00000000f6400000)
  from space 12800K,  11% used [0x00000000f7080000, 0x00000000f71ed248, 0x00000000f7d00000)
  to   space 12800K,   0% used [0x00000000f6400000, 0x00000000f6400000, 0x00000000f7080000)
 concurrent mark-sweep generation total 134144K, used 55694K [0x00000000f7d00000, 0x0000000100000000, 0x0000000100000000)
 Metaspace       used 52983K, capacity 56016K, committed 57088K, reserved 1099776K
  class space    used 6416K, capacity 6942K, committed 7168K, reserved 1048576K
}
{Heap before GC invocations=443 (full 1):
 par new generation   total 115200K, used 103860K [0x00000000f0000000, 0x00000000f7d00000, 0x00000000f7d00000)
  eden space 102400K, 100% used [0x00000000f0000000, 0x00000000f6400000, 0x00000000f6400000)
  from space 12800K,  11% used [0x00000000f7080000, 0x00000000f71ed248, 0x00000000f7d00000)
  to   space 12800K,   0% used [0x00000000f6400000, 0x00000000f6400000, 0x00000000f7080000)
 concurrent mark-sweep generation total 134144K, used 55694K [0x00000000f7d00000, 0x0000000100000000, 0x0000000100000000)
 Metaspace       used 52983K, capacity 56016K, committed 57088K, reserved 1099776K
  class space    used 6416K, capacity 6942K, committed 7168K, reserved 1048576K
2023-10-03T09:38:19.733+0800: 1670.242: [GC (Allocation Failure) 2023-10-03T09:38:19.733+0800: 1670.242: [ParNew: 103860K->1342K(115200K), 0.0064510 secs] 159554K->57036K(249344K), 0.0067570 secs] [Times: user=0.05 sys=0.00, real=0.00 secs] 
Heap after GC invocations=444 (full 1):
 par new generation   total 115200K, used 1342K [0x00000000f0000000, 0x00000000f7d00000, 0x00000000f7d00000)
  eden space 102400K,   0% used [0x00000000f0000000, 0x00000000f0000000, 0x00000000f6400000)
  from space 12800K,  10% used [0x00000000f6400000, 0x00000000f654fa60, 0x00000000f7080000)
  to   space 12800K,   0% used [0x00000000f7080000, 0x00000000f7080000, 0x00000000f7d00000)
 concurrent mark-sweep generation total 134144K, used 55694K [0x00000000f7d00000, 0x0000000100000000, 0x0000000100000000)
 Metaspace       used 52983K, capacity 56016K, committed 57088K, reserved 1099776K
  class space    used 6416K, capacity 6942K, committed 7168K, reserved 1048576K
}
{Heap before GC invocations=444 (full 1):
 par new generation   total 115200K, used 103742K [0x00000000f0000000, 0x00000000f7d00000, 0x00000000f7d00000)
  eden space 102400K, 100% used [0x00000000f0000000, 0x00000000f6400000, 0x00000000f6400000)
  from space 12800K,  10% used [0x00000000f6400000, 0x00000000f654fa60, 0x00000000f7080000)
  to   space 12800K,   0% used [0x00000000f7080000, 0x00000000f7080000, 0x00000000f7d00000)
 concurrent mark-sweep generation total 134144K, used 55694K [0x00000000f7d00000, 0x0000000100000000, 0x0000000100000000)
 Metaspace       used 52983K, capacity 56016K, committed 57088K, reserved 1099776K
  class space    used 6416K, capacity 6942K, committed 7168K, reserved 1048576K
2023-10-03T09:38:23.353+0800: 1673.862: [GC (Allocation Failure) 2023-10-03T09:38:23.353+0800: 1673.862: [ParNew: 103742K->1330K(115200K), 0.0066176 secs] 159436K->57025K(249344K), 0.0068431 secs] [Times: user=0.05 sys=0.00, real=0.00 secs] 
Heap after GC invocations=445 (full 1):
 par new generation   total 115200K, used 1330K [0x00000000f0000000, 0x00000000f7d00000, 0x00000000f7d00000)
  eden space 102400K,   0% used [0x00000000f0000000, 0x00000000f0000000, 0x00000000f6400000)
  from space 12800K,  10% used [0x00000000f7080000, 0x00000000f71cca00, 0x00000000f7d00000)
  to   space 12800K,   0% used [0x00000000f6400000, 0x00000000f6400000, 0x00000000f7080000)
 concurrent mark-sweep generation total 134144K, used 55695K [0x00000000f7d00000, 0x0000000100000000, 0x0000000100000000)
 Metaspace       used 52983K, capacity 56016K, committed 57088K, reserved 1099776K
  class space    used 6416K, capacity 6942K, committed 7168K, reserved 1048576K
}
{Heap before GC invocations=445 (full 1):
 par new generation   total 115200K, used 103730K [0x00000000f0000000, 0x00000000f7d00000, 0x00000000f7d00000)
  eden space 102400K, 100% used [0x00000000f0000000, 0x00000000f6400000, 0x00000000f6400000)
  from space 12800K,  10% used [0x00000000f7080000, 0x00000000f71cca00, 0x00000000f7d00000)
  to   space 12800K,   0% used [0x00000000f6400000, 0x00000000f6400000, 0x00000000f7080000)
 concurrent mark-sweep generation total 134144K, used 55695K [0x00000000f7d00000, 0x0000000100000000, 0x0000000100000000)
 Metaspace       used 52983K, capacity 56016K, committed 57088K, reserved 1099776K
  class space    used 6416K, capacity 6942K, committed 7168K, reserved 1048576K
2023-10-03T09:38:27.163+0800: 1677.672: [GC (Allocation Failure) 2023-10-03T09:38:27.163+0800: 1677.672: [ParNew: 103730K->1337K(115200K), 0.0059497 secs] 159425K->57032K(249344K), 0.0061638 secs] [Times: user=0.05 sys=0.00, real=0.00 secs] 
Heap after GC invocations=446 (full 1):
 par new generation   total 115200K, used 1337K [0x00000000f0000000, 0x00000000f7d00000, 0x00000000f7d00000)
  eden space 102400K,   0% used [0x00000000f0000000, 0x00000000f0000000, 0x00000000f6400000)
  from space 12800K,  10% used [0x00000000f6400000, 0x00000000f654e5c0, 0x00000000f7080000)
  to   space 12800K,   0% used [0x00000000f7080000, 0x00000000f7080000, 0x00000000f7d00000)
 concurrent mark-sweep generation total 134144K, used 55695K [0x00000000f7d00000, 0x0000000100000000, 0x0000000100000000)
 Metaspace       used 52983K, capacity 56016K, committed 57088K, reserved 1099776K
  class space    used 6416K, capacity 6942K, committed 7168K, reserved 1048576K
}
{Heap before GC invocations=446 (full 1):
 par new generation   total 115200K, used 103737K [0x00000000f0000000, 0x00000000f7d00000, 0x00000000f7d00000)
  eden space 102400K, 100% used [0x00000000f0000000, 0x00000000f6400000, 0x00000000f6400000)
  from space 12800K,  10% used [0x00000000f6400000, 0x00000000f654e5c0, 0x00000000f7080000)
  to   space 12800K,   0% used [0x00000000f7080000, 0x00000000f7080000, 0x00000000f7d00000)
 concurrent mark-sweep generation total 134144K, used 55695K [0x00000000f7d00000, 0x0000000100000000, 0x0000000100000000)
 Metaspace       used 52983K, capacity 56016K, committed 57088K, reserved 1099776K
  class space    used 6416K, capacity 6942K, committed 7168K, reserved 1048576K
2023-10-03T09:38:30.718+0800: 1681.227: [GC (Allocation Failure) 2023-10-03T09:38:30.718+0800: 1681.228: [ParNew: 103737K->1315K(115200K), 0.0055356 secs] 159432K->57013K(249344K), 0.0057503 secs] [Times: user=0.04 sys=0.00, real=0.01 secs] 
Heap after GC invocations=447 (full 1):
 par new generation   total 115200K, used 1315K [0x00000000f0000000, 0x00000000f7d00000, 0x00000000f7d00000)
  eden space 102400K,   0% used [0x00000000f0000000, 0x00000000f0000000, 0x00000000f6400000)
  from space 12800K,  10% used [0x00000000f7080000, 0x00000000f71c8e60, 0x00000000f7d00000)
  to   space 12800K,   0% used [0x00000000f6400000, 0x00000000f6400000, 0x00000000f7080000)
 concurrent mark-sweep generation total 134144K, used 55698K [0x00000000f7d00000, 0x0000000100000000, 0x0000000100000000)
 Metaspace       used 52983K, capacity 56016K, committed 57088K, reserved 1099776K
  class space    used 6416K, capacity 6942K, committed 7168K, reserved 1048576K
}
{Heap before GC invocations=447 (full 1):
 par new generation   total 115200K, used 103715K [0x00000000f0000000, 0x00000000f7d00000, 0x00000000f7d00000)
  eden space 102400K, 100% used [0x00000000f0000000, 0x00000000f6400000, 0x00000000f6400000)
  from space 12800K,  10% used [0x00000000f7080000, 0x00000000f71c8e60, 0x00000000f7d00000)
  to   space 12800K,   0% used [0x00000000f6400000, 0x00000000f6400000, 0x00000000f7080000)
 concurrent mark-sweep generation total 134144K, used 55698K [0x00000000f7d00000, 0x0000000100000000, 0x0000000100000000)
 Metaspace       used 52983K, capacity 56016K, committed 57088K, reserved 1099776K
  class space    used 6416K, capacity 6942K, committed 7168K, reserved 1048576K
2023-10-03T09:38:34.297+0800: 1684.806: [GC (Allocation Failure) 2023-10-03T09:38:34.297+0800: 1684.806: [ParNew: 103715K->1332K(115200K), 0.0065596 secs] 159413K->57030K(249344K), 0.0067880 secs] [Times: user=0.05 sys=0.00, real=0.01 secs] 
Heap after GC invocations=448 (full 1):
 par new generation   total 115200K, used 1332K [0x00000000f0000000, 0x00000000f7d00000, 0x00000000f7d00000)
  eden space 102400K,   0% used [0x00000000f0000000, 0x00000000f0000000, 0x00000000f6400000)
  from space 12800K,  10% used [0x00000000f6400000, 0x00000000f654d0c0, 0x00000000f7080000)
  to   space 12800K,   0% used [0x00000000f7080000, 0x00000000f7080000, 0x00000000f7d00000)
 concurrent mark-sweep generation total 134144K, used 55698K [0x00000000f7d00000, 0x0000000100000000, 0x0000000100000000)
 Metaspace       used 52983K, capacity 56016K, committed 57088K, reserved 1099776K
  class space    used 6416K, capacity 6942K, committed 7168K, reserved 1048576K
}
{Heap before GC invocations=448 (full 1):
 par new generation   total 115200K, used 103732K [0x00000000f0000000, 0x00000000f7d00000, 0x00000000f7d00000)
  eden space 102400K, 100% used [0x00000000f0000000, 0x00000000f6400000, 0x00000000f6400000)
  from space 12800K,  10% used [0x00000000f6400000, 0x00000000f654d0c0, 0x00000000f7080000)
  to   space 12800K,   0% used [0x00000000f7080000, 0x00000000f7080000, 0x00000000f7d00000)
 concurrent mark-sweep generation total 134144K, used 55698K [0x00000000f7d00000, 0x0000000100000000, 0x0000000100000000)
 Metaspace       used 52983K, capacity 56016K, committed 57088K, reserved 1099776K
  class space    used 6416K, capacity 6942K, committed 7168K, reserved 1048576K
2023-10-03T09:38:37.881+0800: 1688.390: [GC (Allocation Failure) 2023-10-03T09:38:37.881+0800: 1688.390: [ParNew: 103732K->1344K(115200K), 0.0065002 secs] 159430K->57043K(249344K), 0.0067797 secs] [Times: user=0.05 sys=0.00, real=0.01 secs] 
Heap after GC invocations=449 (full 1):
 par new generation   total 115200K, used 1344K [0x00000000f0000000, 0x00000000f7d00000, 0x00000000f7d00000)
  eden space 102400K,   0% used [0x00000000f0000000, 0x00000000f0000000, 0x00000000f6400000)
  from space 12800K,  10% used [0x00000000f7080000, 0x00000000f71d0240, 0x00000000f7d00000)
  to   space 12800K,   0% used [0x00000000f6400000, 0x00000000f6400000, 0x00000000f7080000)
 concurrent mark-sweep generation total 134144K, used 55698K [0x00000000f7d00000, 0x0000000100000000, 0x0000000100000000)
 Metaspace       used 52983K, capacity 56016K, committed 57088K, reserved 1099776K
  class space    used 6416K, capacity 6942K, committed 7168K, reserved 1048576K
}
{Heap before GC invocations=449 (full 1):
 par new generation   total 115200K, used 103744K [0x00000000f0000000, 0x00000000f7d00000, 0x00000000f7d00000)
  eden space 102400K, 100% used [0x00000000f0000000, 0x00000000f6400000, 0x00000000f6400000)
  from space 12800K,  10% used [0x00000000f7080000, 0x00000000f71d0240, 0x00000000f7d00000)
  to   space 12800K,   0% used [0x00000000f6400000, 0x00000000f6400000, 0x00000000f7080000)
 concurrent mark-sweep generation total 134144K, used 55698K [0x00000000f7d00000, 0x0000000100000000, 0x0000000100000000)
 Metaspace       used 52983K, capacity 56016K, committed 57088K, reserved 1099776K
  class space    used 6416K, capacity 6942K, committed 7168K, reserved 1048576K
2023-10-03T09:38:41.443+0800: 1691.952: [GC (Allocation Failure) 2023-10-03T09:38:41.443+0800: 1691.952: [ParNew: 103744K->1336K(115200K), 0.0060344 secs] 159443K->57034K(249344K), 0.0062608 secs] [Times: user=0.05 sys=0.00, real=0.00 secs] 
Heap after GC invocations=450 (full 1):
 par new generation   total 115200K, used 1336K [0x00000000f0000000, 0x00000000f7d00000, 0x00000000f7d00000)
  eden space 102400K,   0% used [0x00000000f0000000, 0x00000000f0000000, 0x00000000f6400000)
  from space 12800K,  10% used [0x00000000f6400000, 0x00000000f654e080, 0x00000000f7080000)
  to   space 12800K,   0% used [0x00000000f7080000, 0x00000000f7080000, 0x00000000f7d00000)
 concurrent mark-sweep generation total 134144K, used 55698K [0x00000000f7d00000, 0x0000000100000000, 0x0000000100000000)
 Metaspace       used 52983K, capacity 56016K, committed 57088K, reserved 1099776K
  class space    used 6416K, capacity 6942K, committed 7168K, reserved 1048576K
}
{Heap before GC invocations=450 (full 1):
 par new generation   total 115200K, used 103736K [0x00000000f0000000, 0x00000000f7d00000, 0x00000000f7d00000)
  eden space 102400K, 100% used [0x00000000f0000000, 0x00000000f6400000, 0x00000000f6400000)
  from space 12800K,  10% used [0x00000000f6400000, 0x00000000f654e080, 0x00000000f7080000)
  to   space 12800K,   0% used [0x00000000f7080000, 0x00000000f7080000, 0x00000000f7d00000)
 concurrent mark-sweep generation total 134144K, used 55698K [0x00000000f7d00000, 0x0000000100000000, 0x0000000100000000)
 Metaspace       used 52983K, capacity 56016K, committed 57088K, reserved 1099776K
  class space    used 6416K, capacity 6942K, committed 7168K, reserved 1048576K
2023-10-03T09:38:45.066+0800: 1695.575: [GC (Allocation Failure) 2023-10-03T09:38:45.066+0800: 1695.575: [ParNew: 103736K->1432K(115200K), 0.0061404 secs] 159434K->57131K(249344K), 0.0063864 secs] [Times: user=0.05 sys=0.01, real=0.01 secs] 
Heap after GC invocations=451 (full 1):
 par new generation   total 115200K, used 1432K [0x00000000f0000000, 0x00000000f7d00000, 0x00000000f7d00000)
  eden space 102400K,   0% used [0x00000000f0000000, 0x00000000f0000000, 0x00000000f6400000)
  from space 12800K,  11% used [0x00000000f7080000, 0x00000000f71e63c8, 0x00000000f7d00000)
  to   space 12800K,   0% used [0x00000000f6400000, 0x00000000f6400000, 0x00000000f7080000)
 concurrent mark-sweep generation total 134144K, used 55698K [0x00000000f7d00000, 0x0000000100000000, 0x0000000100000000)
 Metaspace       used 52983K, capacity 56016K, committed 57088K, reserved 1099776K
  class space    used 6416K, capacity 6942K, committed 7168K, reserved 1048576K
}
{Heap before GC invocations=451 (full 1):
 par new generation   total 115200K, used 103832K [0x00000000f0000000, 0x00000000f7d00000, 0x00000000f7d00000)
  eden space 102400K, 100% used [0x00000000f0000000, 0x00000000f6400000, 0x00000000f6400000)
  from space 12800K,  11% used [0x00000000f7080000, 0x00000000f71e63c8, 0x00000000f7d00000)
  to   space 12800K,   0% used [0x00000000f6400000, 0x00000000f6400000, 0x00000000f7080000)
 concurrent mark-sweep generation total 134144K, used 55698K [0x00000000f7d00000, 0x0000000100000000, 0x0000000100000000)
 Metaspace       used 52983K, capacity 56016K, committed 57088K, reserved 1099776K
  class space    used 6416K, capacity 6942K, committed 7168K, reserved 1048576K
2023-10-03T09:38:48.777+0800: 1699.286: [GC (Allocation Failure) 2023-10-03T09:38:48.777+0800: 1699.286: [ParNew: 103832K->1340K(115200K), 0.0059156 secs] 159531K->57041K(249344K), 0.0060740 secs] [Times: user=0.05 sys=0.00, real=0.01 secs] 
Heap after GC invocations=452 (full 1):
 par new generation   total 115200K, used 1340K [0x00000000f0000000, 0x00000000f7d00000, 0x00000000f7d00000)
  eden space 102400K,   0% used [0x00000000f0000000, 0x00000000f0000000, 0x00000000f6400000)
  from space 12800K,  10% used [0x00000000f6400000, 0x00000000f654f2e0, 0x00000000f7080000)
  to   space 12800K,   0% used [0x00000000f7080000, 0x00000000f7080000, 0x00000000f7d00000)
 concurrent mark-sweep generation total 134144K, used 55701K [0x00000000f7d00000, 0x0000000100000000, 0x0000000100000000)
 Metaspace       used 52983K, capacity 56016K, committed 57088K, reserved 1099776K
  class space    used 6416K, capacity 6942K, committed 7168K, reserved 1048576K
}
{Heap before GC invocations=452 (full 1):
 par new generation   total 115200K, used 103740K [0x00000000f0000000, 0x00000000f7d00000, 0x00000000f7d00000)
  eden space 102400K, 100% used [0x00000000f0000000, 0x00000000f6400000, 0x00000000f6400000)
  from space 12800K,  10% used [0x00000000f6400000, 0x00000000f654f2e0, 0x00000000f7080000)
  to   space 12800K,   0% used [0x00000000f7080000, 0x00000000f7080000, 0x00000000f7d00000)
 concurrent mark-sweep generation total 134144K, used 55701K [0x00000000f7d00000, 0x0000000100000000, 0x0000000100000000)
 Metaspace       used 52983K, capacity 56016K, committed 57088K, reserved 1099776K
  class space    used 6416K, capacity 6942K, committed 7168K, reserved 1048576K
2023-10-03T09:38:52.433+0800: 1702.942: [GC (Allocation Failure) 2023-10-03T09:38:52.433+0800: 1702.942: [ParNew: 103740K->1314K(115200K), 0.0057637 secs] 159441K->57016K(249344K), 0.0059342 secs] [Times: user=0.04 sys=0.00, real=0.00 secs] 
Heap after GC invocations=453 (full 1):
 par new generation   total 115200K, used 1314K [0x00000000f0000000, 0x00000000f7d00000, 0x00000000f7d00000)
  eden space 102400K,   0% used [0x00000000f0000000, 0x00000000f0000000, 0x00000000f6400000)
  from space 12800K,  10% used [0x00000000f7080000, 0x00000000f71c8920, 0x00000000f7d00000)
  to   space 12800K,   0% used [0x00000000f6400000, 0x00000000f6400000, 0x00000000f7080000)
 concurrent mark-sweep generation total 134144K, used 55702K [0x00000000f7d00000, 0x0000000100000000, 0x0000000100000000)
 Metaspace       used 52983K, capacity 56016K, committed 57088K, reserved 1099776K
  class space    used 6416K, capacity 6942K, committed 7168K, reserved 1048576K
}
{Heap before GC invocations=453 (full 1):
 par new generation   total 115200K, used 103714K [0x00000000f0000000, 0x00000000f7d00000, 0x00000000f7d00000)
  eden space 102400K, 100% used [0x00000000f0000000, 0x00000000f6400000, 0x00000000f6400000)
  from space 12800K,  10% used [0x00000000f7080000, 0x00000000f71c8920, 0x00000000f7d00000)
  to   space 12800K,   0% used [0x00000000f6400000, 0x00000000f6400000, 0x00000000f7080000)
 concurrent mark-sweep generation total 134144K, used 55702K [0x00000000f7d00000, 0x0000000100000000, 0x0000000100000000)
 Metaspace       used 52983K, capacity 56016K, committed 57088K, reserved 1099776K
  class space    used 6416K, capacity 6942K, committed 7168K, reserved 1048576K
2023-10-03T09:38:56.009+0800: 1706.518: [GC (Allocation Failure) 2023-10-03T09:38:56.009+0800: 1706.519: [ParNew: 103714K->1870K(115200K), 0.0068705 secs] 159416K->57573K(249344K), 0.0071280 secs] [Times: user=0.06 sys=0.00, real=0.01 secs] 
Heap after GC invocations=454 (full 1):
 par new generation   total 115200K, used 1870K [0x00000000f0000000, 0x00000000f7d00000, 0x00000000f7d00000)
  eden space 102400K,   0% used [0x00000000f0000000, 0x00000000f0000000, 0x00000000f6400000)
  from space 12800K,  14% used [0x00000000f6400000, 0x00000000f65d3bb8, 0x00000000f7080000)
  to   space 12800K,   0% used [0x00000000f7080000, 0x00000000f7080000, 0x00000000f7d00000)
 concurrent mark-sweep generation total 134144K, used 55702K [0x00000000f7d00000, 0x0000000100000000, 0x0000000100000000)
 Metaspace       used 52983K, capacity 56016K, committed 57088K, reserved 1099776K
  class space    used 6416K, capacity 6942K, committed 7168K, reserved 1048576K
}
{Heap before GC invocations=454 (full 1):
 par new generation   total 115200K, used 104270K [0x00000000f0000000, 0x00000000f7d00000, 0x00000000f7d00000)
  eden space 102400K, 100% used [0x00000000f0000000, 0x00000000f6400000, 0x00000000f6400000)
  from space 12800K,  14% used [0x00000000f6400000, 0x00000000f65d3bb8, 0x00000000f7080000)
  to   space 12800K,   0% used [0x00000000f7080000, 0x00000000f7080000, 0x00000000f7d00000)
 concurrent mark-sweep generation total 134144K, used 55702K [0x00000000f7d00000, 0x0000000100000000, 0x0000000100000000)
 Metaspace       used 52983K, capacity 56016K, committed 57088K, reserved 1099776K
  class space    used 6416K, capacity 6942K, committed 7168K, reserved 1048576K
2023-10-03T09:38:59.568+0800: 1710.078: [GC (Allocation Failure) 2023-10-03T09:38:59.568+0800: 1710.078: [ParNew: 104270K->2591K(115200K), 0.0074792 secs] 159973K->58293K(249344K), 0.0077055 secs] [Times: user=0.07 sys=0.00, real=0.01 secs] 
Heap after GC invocations=455 (full 1):
 par new generation   total 115200K, used 2591K [0x00000000f0000000, 0x00000000f7d00000, 0x00000000f7d00000)
  eden space 102400K,   0% used [0x00000000f0000000, 0x00000000f0000000, 0x00000000f6400000)
  from space 12800K,  20% used [0x00000000f7080000, 0x00000000f7307d78, 0x00000000f7d00000)
  to   space 12800K,   0% used [0x00000000f6400000, 0x00000000f6400000, 0x00000000f7080000)
 concurrent mark-sweep generation total 134144K, used 55702K [0x00000000f7d00000, 0x0000000100000000, 0x0000000100000000)
 Metaspace       used 52983K, capacity 56016K, committed 57088K, reserved 1099776K
  class space    used 6416K, capacity 6942K, committed 7168K, reserved 1048576K
}
{Heap before GC invocations=455 (full 1):
 par new generation   total 115200K, used 104991K [0x00000000f0000000, 0x00000000f7d00000, 0x00000000f7d00000)
  eden space 102400K, 100% used [0x00000000f0000000, 0x00000000f6400000, 0x00000000f6400000)
  from space 12800K,  20% used [0x00000000f7080000, 0x00000000f7307d78, 0x00000000f7d00000)
  to   space 12800K,   0% used [0x00000000f6400000, 0x00000000f6400000, 0x00000000f7080000)
 concurrent mark-sweep generation total 134144K, used 55702K [0x00000000f7d00000, 0x0000000100000000, 0x0000000100000000)
 Metaspace       used 52983K, capacity 56016K, committed 57088K, reserved 1099776K
  class space    used 6416K, capacity 6942K, committed 7168K, reserved 1048576K
2023-10-03T09:39:03.147+0800: 1713.656: [GC (Allocation Failure) 2023-10-03T09:39:03.147+0800: 1713.656: [ParNew: 104991K->2627K(115200K), 0.0073562 secs] 160693K->58330K(249344K), 0.0076329 secs] [Times: user=0.07 sys=0.00, real=0.01 secs] 
Heap after GC invocations=456 (full 1):
 par new generation   total 115200K, used 2627K [0x00000000f0000000, 0x00000000f7d00000, 0x00000000f7d00000)
  eden space 102400K,   0% used [0x00000000f0000000, 0x00000000f0000000, 0x00000000f6400000)
  from space 12800K,  20% used [0x00000000f6400000, 0x00000000f6690e80, 0x00000000f7080000)
  to   space 12800K,   0% used [0x00000000f7080000, 0x00000000f7080000, 0x00000000f7d00000)
 concurrent mark-sweep generation total 134144K, used 55702K [0x00000000f7d00000, 0x0000000100000000, 0x0000000100000000)
 Metaspace       used 52983K, capacity 56016K, committed 57088K, reserved 1099776K
  class space    used 6416K, capacity 6942K, committed 7168K, reserved 1048576K
}
{Heap before GC invocations=456 (full 1):
 par new generation   total 115200K, used 105022K [0x00000000f0000000, 0x00000000f7d00000, 0x00000000f7d00000)
  eden space 102400K,  99% used [0x00000000f0000000, 0x00000000f63fed40, 0x00000000f6400000)
  from space 12800K,  20% used [0x00000000f6400000, 0x00000000f6690e80, 0x00000000f7080000)
  to   space 12800K,   0% used [0x00000000f7080000, 0x00000000f7080000, 0x00000000f7d00000)
 concurrent mark-sweep generation total 134144K, used 55702K [0x00000000f7d00000, 0x0000000100000000, 0x0000000100000000)
 Metaspace       used 52983K, capacity 56016K, committed 57088K, reserved 1099776K
  class space    used 6416K, capacity 6942K, committed 7168K, reserved 1048576K
2023-10-03T09:39:06.787+0800: 1717.296: [GC (Allocation Failure) 2023-10-03T09:39:06.787+0800: 1717.296: [ParNew: 105022K->2480K(115200K), 0.0206904 secs] 160725K->58183K(249344K), 0.0209187 secs] [Times: user=0.07 sys=0.00, real=0.02 secs] 
Heap after GC invocations=457 (full 1):
 par new generation   total 115200K, used 2480K [0x00000000f0000000, 0x00000000f7d00000, 0x00000000f7d00000)
  eden space 102400K,   0% used [0x00000000f0000000, 0x00000000f0000000, 0x00000000f6400000)
  from space 12800K,  19% used [0x00000000f7080000, 0x00000000f72ec210, 0x00000000f7d00000)
  to   space 12800K,   0% used [0x00000000f6400000, 0x00000000f6400000, 0x00000000f7080000)
 concurrent mark-sweep generation total 134144K, used 55703K [0x00000000f7d00000, 0x0000000100000000, 0x0000000100000000)
 Metaspace       used 52983K, capacity 56016K, committed 57088K, reserved 1099776K
  class space    used 6416K, capacity 6942K, committed 7168K, reserved 1048576K
}
{Heap before GC invocations=457 (full 1):
 par new generation   total 115200K, used 104880K [0x00000000f0000000, 0x00000000f7d00000, 0x00000000f7d00000)
  eden space 102400K, 100% used [0x00000000f0000000, 0x00000000f6400000, 0x00000000f6400000)
  from space 12800K,  19% used [0x00000000f7080000, 0x00000000f72ec210, 0x00000000f7d00000)
  to   space 12800K,   0% used [0x00000000f6400000, 0x00000000f6400000, 0x00000000f7080000)
 concurrent mark-sweep generation total 134144K, used 55703K [0x00000000f7d00000, 0x0000000100000000, 0x0000000100000000)
 Metaspace       used 52983K, capacity 56016K, committed 57088K, reserved 1099776K
  class space    used 6416K, capacity 6942K, committed 7168K, reserved 1048576K
2023-10-03T09:39:10.416+0800: 1720.926: [GC (Allocation Failure) 2023-10-03T09:39:10.416+0800: 1720.926: [ParNew: 104880K->2532K(115200K), 0.0078050 secs] 160583K->58235K(249344K), 0.0080373 secs] [Times: user=0.07 sys=0.00, real=0.01 secs] 
Heap after GC invocations=458 (full 1):
 par new generation   total 115200K, used 2532K [0x00000000f0000000, 0x00000000f7d00000, 0x00000000f7d00000)
  eden space 102400K,   0% used [0x00000000f0000000, 0x00000000f0000000, 0x00000000f6400000)
  from space 12800K,  19% used [0x00000000f6400000, 0x00000000f6679020, 0x00000000f7080000)
  to   space 12800K,   0% used [0x00000000f7080000, 0x00000000f7080000, 0x00000000f7d00000)
 concurrent mark-sweep generation total 134144K, used 55703K [0x00000000f7d00000, 0x0000000100000000, 0x0000000100000000)
 Metaspace       used 52983K, capacity 56016K, committed 57088K, reserved 1099776K
  class space    used 6416K, capacity 6942K, committed 7168K, reserved 1048576K
}
{Heap before GC invocations=458 (full 1):
 par new generation   total 115200K, used 104932K [0x00000000f0000000, 0x00000000f7d00000, 0x00000000f7d00000)
  eden space 102400K, 100% used [0x00000000f0000000, 0x00000000f6400000, 0x00000000f6400000)
  from space 12800K,  19% used [0x00000000f6400000, 0x00000000f6679020, 0x00000000f7080000)
  to   space 12800K,   0% used [0x00000000f7080000, 0x00000000f7080000, 0x00000000f7d00000)
 concurrent mark-sweep generation total 134144K, used 55703K [0x00000000f7d00000, 0x0000000100000000, 0x0000000100000000)
 Metaspace       used 52983K, capacity 56016K, committed 57088K, reserved 1099776K
  class space    used 6416K, capacity 6942K, committed 7168K, reserved 1048576K
2023-10-03T09:39:14.128+0800: 1724.637: [GC (Allocation Failure) 2023-10-03T09:39:14.128+0800: 1724.638: [ParNew: 104932K->2360K(115200K), 0.0060808 secs] 160635K->58063K(249344K), 0.0063095 secs] [Times: user=0.05 sys=0.00, real=0.01 secs] 
Heap after GC invocations=459 (full 1):
 par new generation   total 115200K, used 2360K [0x00000000f0000000, 0x00000000f7d00000, 0x00000000f7d00000)
  eden space 102400K,   0% used [0x00000000f0000000, 0x00000000f0000000, 0x00000000f6400000)
  from space 12800K,  18% used [0x00000000f7080000, 0x00000000f72ce1a8, 0x00000000f7d00000)
  to   space 12800K,   0% used [0x00000000f6400000, 0x00000000f6400000, 0x00000000f7080000)
 concurrent mark-sweep generation total 134144K, used 55703K [0x00000000f7d00000, 0x0000000100000000, 0x0000000100000000)
 Metaspace       used 52983K, capacity 56016K, committed 57088K, reserved 1099776K
  class space    used 6416K, capacity 6942K, committed 7168K, reserved 1048576K
}
{Heap before GC invocations=459 (full 1):
 par new generation   total 115200K, used 104760K [0x00000000f0000000, 0x00000000f7d00000, 0x00000000f7d00000)
  eden space 102400K, 100% used [0x00000000f0000000, 0x00000000f6400000, 0x00000000f6400000)
  from space 12800K,  18% used [0x00000000f7080000, 0x00000000f72ce1a8, 0x00000000f7d00000)
  to   space 12800K,   0% used [0x00000000f6400000, 0x00000000f6400000, 0x00000000f7080000)
 concurrent mark-sweep generation total 134144K, used 55703K [0x00000000f7d00000, 0x0000000100000000, 0x0000000100000000)
 Metaspace       used 52983K, capacity 56016K, committed 57088K, reserved 1099776K
  class space    used 6416K, capacity 6942K, committed 7168K, reserved 1048576K
2023-10-03T09:39:17.700+0800: 1728.209: [GC (Allocation Failure) 2023-10-03T09:39:17.700+0800: 1728.210: [ParNew: 104760K->2211K(115200K), 0.0083654 secs] 160463K->58126K(249344K), 0.0085937 secs] [Times: user=0.07 sys=0.01, real=0.01 secs] 
Heap after GC invocations=460 (full 1):
 par new generation   total 115200K, used 2211K [0x00000000f0000000, 0x00000000f7d00000, 0x00000000f7d00000)
  eden space 102400K,   0% used [0x00000000f0000000, 0x00000000f0000000, 0x00000000f6400000)
  from space 12800K,  17% used [0x00000000f6400000, 0x00000000f6628cc0, 0x00000000f7080000)
  to   space 12800K,   0% used [0x00000000f7080000, 0x00000000f7080000, 0x00000000f7d00000)
 concurrent mark-sweep generation total 134144K, used 55915K [0x00000000f7d00000, 0x0000000100000000, 0x0000000100000000)
 Metaspace       used 52983K, capacity 56016K, committed 57088K, reserved 1099776K
  class space    used 6416K, capacity 6942K, committed 7168K, reserved 1048576K
}
{Heap before GC invocations=460 (full 1):
 par new generation   total 115200K, used 104611K [0x00000000f0000000, 0x00000000f7d00000, 0x00000000f7d00000)
  eden space 102400K, 100% used [0x00000000f0000000, 0x00000000f6400000, 0x00000000f6400000)
  from space 12800K,  17% used [0x00000000f6400000, 0x00000000f6628cc0, 0x00000000f7080000)
  to   space 12800K,   0% used [0x00000000f7080000, 0x00000000f7080000, 0x00000000f7d00000)
 concurrent mark-sweep generation total 134144K, used 55915K [0x00000000f7d00000, 0x0000000100000000, 0x0000000100000000)
 Metaspace       used 52983K, capacity 56016K, committed 57088K, reserved 1099776K
  class space    used 6416K, capacity 6942K, committed 7168K, reserved 1048576K
2023-10-03T09:39:21.296+0800: 1731.805: [GC (Allocation Failure) 2023-10-03T09:39:21.296+0800: 1731.805: [ParNew: 104611K->1906K(115200K), 0.0063067 secs] 160526K->58372K(249344K), 0.0065118 secs] [Times: user=0.06 sys=0.00, real=0.01 secs] 
Heap after GC invocations=461 (full 1):
 par new generation   total 115200K, used 1906K [0x00000000f0000000, 0x00000000f7d00000, 0x00000000f7d00000)
  eden space 102400K,   0% used [0x00000000f0000000, 0x00000000f0000000, 0x00000000f6400000)
  from space 12800K,  14% used [0x00000000f7080000, 0x00000000f725c860, 0x00000000f7d00000)
  to   space 12800K,   0% used [0x00000000f6400000, 0x00000000f6400000, 0x00000000f7080000)
 concurrent mark-sweep generation total 134144K, used 56466K [0x00000000f7d00000, 0x0000000100000000, 0x0000000100000000)
 Metaspace       used 52983K, capacity 56016K, committed 57088K, reserved 1099776K
  class space    used 6416K, capacity 6942K, committed 7168K, reserved 1048576K
}
{Heap before GC invocations=461 (full 1):
 par new generation   total 115200K, used 104306K [0x00000000f0000000, 0x00000000f7d00000, 0x00000000f7d00000)
  eden space 102400K, 100% used [0x00000000f0000000, 0x00000000f6400000, 0x00000000f6400000)
  from space 12800K,  14% used [0x00000000f7080000, 0x00000000f725c860, 0x00000000f7d00000)
  to   space 12800K,   0% used [0x00000000f6400000, 0x00000000f6400000, 0x00000000f7080000)
 concurrent mark-sweep generation total 134144K, used 56466K [0x00000000f7d00000, 0x0000000100000000, 0x0000000100000000)
 Metaspace       used 52983K, capacity 56016K, committed 57088K, reserved 1099776K
  class space    used 6416K, capacity 6942K, committed 7168K, reserved 1048576K
2023-10-03T09:39:24.862+0800: 1735.371: [GC (Allocation Failure) 2023-10-03T09:39:24.862+0800: 1735.372: [ParNew: 104306K->1581K(115200K), 0.0068574 secs] 160772K->58069K(249344K), 0.0070783 secs] [Times: user=0.06 sys=0.00, real=0.00 secs] 
Heap after GC invocations=462 (full 1):
 par new generation   total 115200K, used 1581K [0x00000000f0000000, 0x00000000f7d00000, 0x00000000f7d00000)
  eden space 102400K,   0% used [0x00000000f0000000, 0x00000000f0000000, 0x00000000f6400000)
  from space 12800K,  12% used [0x00000000f6400000, 0x00000000f658b7c0, 0x00000000f7080000)
  to   space 12800K,   0% used [0x00000000f7080000, 0x00000000f7080000, 0x00000000f7d00000)
 concurrent mark-sweep generation total 134144K, used 56487K [0x00000000f7d00000, 0x0000000100000000, 0x0000000100000000)
 Metaspace       used 52983K, capacity 56016K, committed 57088K, reserved 1099776K
  class space    used 6416K, capacity 6942K, committed 7168K, reserved 1048576K
}
{Heap before GC invocations=462 (full 1):
 par new generation   total 115200K, used 103981K [0x00000000f0000000, 0x00000000f7d00000, 0x00000000f7d00000)
  eden space 102400K, 100% used [0x00000000f0000000, 0x00000000f6400000, 0x00000000f6400000)
  from space 12800K,  12% used [0x00000000f6400000, 0x00000000f658b7c0, 0x00000000f7080000)
  to   space 12800K,   0% used [0x00000000f7080000, 0x00000000f7080000, 0x00000000f7d00000)
 concurrent mark-sweep generation total 134144K, used 56487K [0x00000000f7d00000, 0x0000000100000000, 0x0000000100000000)
 Metaspace       used 52983K, capacity 56016K, committed 57088K, reserved 1099776K
  class space    used 6416K, capacity 6942K, committed 7168K, reserved 1048576K
2023-10-03T09:39:28.522+0800: 1739.031: [GC (Allocation Failure) 2023-10-03T09:39:28.522+0800: 1739.032: [ParNew: 103981K->1585K(115200K), 0.0031034 secs] 160469K->58081K(249344K), 0.0032703 secs] [Times: user=0.03 sys=0.00, real=0.00 secs] 
Heap after GC invocations=463 (full 1):
 par new generation   total 115200K, used 1585K [0x00000000f0000000, 0x00000000f7d00000, 0x00000000f7d00000)
  eden space 102400K,   0% used [0x00000000f0000000, 0x00000000f0000000, 0x00000000f6400000)
  from space 12800K,  12% used [0x00000000f7080000, 0x00000000f720c6c8, 0x00000000f7d00000)
  to   space 12800K,   0% used [0x00000000f6400000, 0x00000000f6400000, 0x00000000f7080000)
 concurrent mark-sweep generation total 134144K, used 56495K [0x00000000f7d00000, 0x0000000100000000, 0x0000000100000000)
 Metaspace       used 52983K, capacity 56016K, committed 57088K, reserved 1099776K
  class space    used 6416K, capacity 6942K, committed 7168K, reserved 1048576K
}
{Heap before GC invocations=463 (full 1):
 par new generation   total 115200K, used 103985K [0x00000000f0000000, 0x00000000f7d00000, 0x00000000f7d00000)
  eden space 102400K, 100% used [0x00000000f0000000, 0x00000000f6400000, 0x00000000f6400000)
  from space 12800K,  12% used [0x00000000f7080000, 0x00000000f720c6c8, 0x00000000f7d00000)
  to   space 12800K,   0% used [0x00000000f6400000, 0x00000000f6400000, 0x00000000f7080000)
 concurrent mark-sweep generation total 134144K, used 56495K [0x00000000f7d00000, 0x0000000100000000, 0x0000000100000000)
 Metaspace       used 52983K, capacity 56016K, committed 57088K, reserved 1099776K
  class space    used 6416K, capacity 6942K, committed 7168K, reserved 1048576K
2023-10-03T09:39:32.073+0800: 1742.582: [GC (Allocation Failure) 2023-10-03T09:39:32.073+0800: 1742.583: [ParNew: 103985K->1474K(115200K), 0.0064836 secs] 160481K->57986K(249344K), 0.0067142 secs] [Times: user=0.06 sys=0.00, real=0.00 secs] 
Heap after GC invocations=464 (full 1):
 par new generation   total 115200K, used 1474K [0x00000000f0000000, 0x00000000f7d00000, 0x00000000f7d00000)
  eden space 102400K,   0% used [0x00000000f0000000, 0x00000000f0000000, 0x00000000f6400000)
  from space 12800K,  11% used [0x00000000f6400000, 0x00000000f6570ac0, 0x00000000f7080000)
  to   space 12800K,   0% used [0x00000000f7080000, 0x00000000f7080000, 0x00000000f7d00000)
 concurrent mark-sweep generation total 134144K, used 56511K [0x00000000f7d00000, 0x0000000100000000, 0x0000000100000000)
 Metaspace       used 52983K, capacity 56016K, committed 57088K, reserved 1099776K
  class space    used 6416K, capacity 6942K, committed 7168K, reserved 1048576K
}
{Heap before GC invocations=464 (full 1):
 par new generation   total 115200K, used 103874K [0x00000000f0000000, 0x00000000f7d00000, 0x00000000f7d00000)
  eden space 102400K, 100% used [0x00000000f0000000, 0x00000000f6400000, 0x00000000f6400000)
  from space 12800K,  11% used [0x00000000f6400000, 0x00000000f6570ac0, 0x00000000f7080000)
  to   space 12800K,   0% used [0x00000000f7080000, 0x00000000f7080000, 0x00000000f7d00000)
 concurrent mark-sweep generation total 134144K, used 56511K [0x00000000f7d00000, 0x0000000100000000, 0x0000000100000000)
 Metaspace       used 52983K, capacity 56016K, committed 57088K, reserved 1099776K
  class space    used 6416K, capacity 6942K, committed 7168K, reserved 1048576K
2023-10-03T09:39:35.817+0800: 1746.326: [GC (Allocation Failure) 2023-10-03T09:39:35.817+0800: 1746.326: [ParNew: 103874K->1610K(115200K), 0.0058759 secs] 160386K->58157K(249344K), 0.0060372 secs] [Times: user=0.05 sys=0.00, real=0.01 secs] 
Heap after GC invocations=465 (full 1):
 par new generation   total 115200K, used 1610K [0x00000000f0000000, 0x00000000f7d00000, 0x00000000f7d00000)
  eden space 102400K,   0% used [0x00000000f0000000, 0x00000000f0000000, 0x00000000f6400000)
  from space 12800K,  12% used [0x00000000f7080000, 0x00000000f7212bf0, 0x00000000f7d00000)
  to   space 12800K,   0% used [0x00000000f6400000, 0x00000000f6400000, 0x00000000f7080000)
 concurrent mark-sweep generation total 134144K, used 56546K [0x00000000f7d00000, 0x0000000100000000, 0x0000000100000000)
 Metaspace       used 52983K, capacity 56016K, committed 57088K, reserved 1099776K
  class space    used 6416K, capacity 6942K, committed 7168K, reserved 1048576K
}
{Heap before GC invocations=465 (full 1):
 par new generation   total 115200K, used 104010K [0x00000000f0000000, 0x00000000f7d00000, 0x00000000f7d00000)
  eden space 102400K, 100% used [0x00000000f0000000, 0x00000000f6400000, 0x00000000f6400000)
  from space 12800K,  12% used [0x00000000f7080000, 0x00000000f7212bf0, 0x00000000f7d00000)
  to   space 12800K,   0% used [0x00000000f6400000, 0x00000000f6400000, 0x00000000f7080000)
 concurrent mark-sweep generation total 134144K, used 56546K [0x00000000f7d00000, 0x0000000100000000, 0x0000000100000000)
 Metaspace       used 52983K, capacity 56016K, committed 57088K, reserved 1099776K
  class space    used 6416K, capacity 6942K, committed 7168K, reserved 1048576K
2023-10-03T09:39:39.411+0800: 1749.921: [GC (Allocation Failure) 2023-10-03T09:39:39.411+0800: 1749.921: [ParNew: 104010K->1451K(115200K), 0.0193505 secs] 160557K->58005K(249344K), 0.0195388 secs] [Times: user=0.06 sys=0.00, real=0.02 secs] 
Heap after GC invocations=466 (full 1):
 par new generation   total 115200K, used 1451K [0x00000000f0000000, 0x00000000f7d00000, 0x00000000f7d00000)
  eden space 102400K,   0% used [0x00000000f0000000, 0x00000000f0000000, 0x00000000f6400000)
  from space 12800K,  11% used [0x00000000f6400000, 0x00000000f656ac40, 0x00000000f7080000)
  to   space 12800K,   0% used [0x00000000f7080000, 0x00000000f7080000, 0x00000000f7d00000)
 concurrent mark-sweep generation total 134144K, used 56554K [0x00000000f7d00000, 0x0000000100000000, 0x0000000100000000)
 Metaspace       used 52983K, capacity 56016K, committed 57088K, reserved 1099776K
  class space    used 6416K, capacity 6942K, committed 7168K, reserved 1048576K
}
{Heap before GC invocations=466 (full 1):
 par new generation   total 115200K, used 103851K [0x00000000f0000000, 0x00000000f7d00000, 0x00000000f7d00000)
  eden space 102400K, 100% used [0x00000000f0000000, 0x00000000f6400000, 0x00000000f6400000)
  from space 12800K,  11% used [0x00000000f6400000, 0x00000000f656ac40, 0x00000000f7080000)
  to   space 12800K,   0% used [0x00000000f7080000, 0x00000000f7080000, 0x00000000f7d00000)
 concurrent mark-sweep generation total 134144K, used 56554K [0x00000000f7d00000, 0x0000000100000000, 0x0000000100000000)
 Metaspace       used 52983K, capacity 56016K, committed 57088K, reserved 1099776K
  class space    used 6416K, capacity 6942K, committed 7168K, reserved 1048576K
2023-10-03T09:39:43.006+0800: 1753.515: [GC (Allocation Failure) 2023-10-03T09:39:43.006+0800: 1753.516: [ParNew: 103851K->1552K(115200K), 0.0064624 secs] 160405K->58122K(249344K), 0.0066931 secs] [Times: user=0.06 sys=0.00, real=0.01 secs] 
Heap after GC invocations=467 (full 1):
 par new generation   total 115200K, used 1552K [0x00000000f0000000, 0x00000000f7d00000, 0x00000000f7d00000)
  eden space 102400K,   0% used [0x00000000f0000000, 0x00000000f0000000, 0x00000000f6400000)
  from space 12800K,  12% used [0x00000000f7080000, 0x00000000f7204328, 0x00000000f7d00000)
  to   space 12800K,   0% used [0x00000000f6400000, 0x00000000f6400000, 0x00000000f7080000)
 concurrent mark-sweep generation total 134144K, used 56570K [0x00000000f7d00000, 0x0000000100000000, 0x0000000100000000)
 Metaspace       used 52983K, capacity 56016K, committed 57088K, reserved 1099776K
  class space    used 6416K, capacity 6942K, committed 7168K, reserved 1048576K
}
{Heap before GC invocations=467 (full 1):
 par new generation   total 115200K, used 103952K [0x00000000f0000000, 0x00000000f7d00000, 0x00000000f7d00000)
  eden space 102400K, 100% used [0x00000000f0000000, 0x00000000f6400000, 0x00000000f6400000)
  from space 12800K,  12% used [0x00000000f7080000, 0x00000000f7204328, 0x00000000f7d00000)
  to   space 12800K,   0% used [0x00000000f6400000, 0x00000000f6400000, 0x00000000f7080000)
 concurrent mark-sweep generation total 134144K, used 56570K [0x00000000f7d00000, 0x0000000100000000, 0x0000000100000000)
 Metaspace       used 52983K, capacity 56016K, committed 57088K, reserved 1099776K
  class space    used 6416K, capacity 6942K, committed 7168K, reserved 1048576K
2023-10-03T09:39:46.561+0800: 1757.070: [GC (Allocation Failure) 2023-10-03T09:39:46.561+0800: 1757.070: [ParNew: 103952K->1555K(115200K), 0.0068174 secs] 160522K->58137K(249344K), 0.0070692 secs] [Times: user=0.06 sys=0.00, real=0.01 secs] 
Heap after GC invocations=468 (full 1):
 par new generation   total 115200K, used 1555K [0x00000000f0000000, 0x00000000f7d00000, 0x00000000f7d00000)
  eden space 102400K,   0% used [0x00000000f0000000, 0x00000000f0000000, 0x00000000f6400000)
  from space 12800K,  12% used [0x00000000f6400000, 0x00000000f6584c18, 0x00000000f7080000)
  to   space 12800K,   0% used [0x00000000f7080000, 0x00000000f7080000, 0x00000000f7d00000)
 concurrent mark-sweep generation total 134144K, used 56582K [0x00000000f7d00000, 0x0000000100000000, 0x0000000100000000)
 Metaspace       used 52983K, capacity 56016K, committed 57088K, reserved 1099776K
  class space    used 6416K, capacity 6942K, committed 7168K, reserved 1048576K
}
{Heap before GC invocations=468 (full 1):
 par new generation   total 115200K, used 103955K [0x00000000f0000000, 0x00000000f7d00000, 0x00000000f7d00000)
  eden space 102400K, 100% used [0x00000000f0000000, 0x00000000f6400000, 0x00000000f6400000)
  from space 12800K,  12% used [0x00000000f6400000, 0x00000000f6584c18, 0x00000000f7080000)
  to   space 12800K,   0% used [0x00000000f7080000, 0x00000000f7080000, 0x00000000f7d00000)
 concurrent mark-sweep generation total 134144K, used 56582K [0x00000000f7d00000, 0x0000000100000000, 0x0000000100000000)
 Metaspace       used 52983K, capacity 56016K, committed 57088K, reserved 1099776K
  class space    used 6416K, capacity 6942K, committed 7168K, reserved 1048576K
2023-10-03T09:39:50.154+0800: 1760.663: [GC (Allocation Failure) 2023-10-03T09:39:50.154+0800: 1760.663: [ParNew: 103955K->1444K(115200K), 0.0070784 secs] 160537K->58070K(249344K), 0.0073041 secs] [Times: user=0.05 sys=0.00, real=0.00 secs] 
Heap after GC invocations=469 (full 1):
 par new generation   total 115200K, used 1444K [0x00000000f0000000, 0x00000000f7d00000, 0x00000000f7d00000)
  eden space 102400K,   0% used [0x00000000f0000000, 0x00000000f0000000, 0x00000000f6400000)
  from space 12800K,  11% used [0x00000000f7080000, 0x00000000f71e9380, 0x00000000f7d00000)
  to   space 12800K,   0% used [0x00000000f6400000, 0x00000000f6400000, 0x00000000f7080000)
 concurrent mark-sweep generation total 134144K, used 56625K [0x00000000f7d00000, 0x0000000100000000, 0x0000000100000000)
 Metaspace       used 52983K, capacity 56016K, committed 57088K, reserved 1099776K
  class space    used 6416K, capacity 6942K, committed 7168K, reserved 1048576K
}
{Heap before GC invocations=469 (full 1):
 par new generation   total 115200K, used 103844K [0x00000000f0000000, 0x00000000f7d00000, 0x00000000f7d00000)
  eden space 102400K, 100% used [0x00000000f0000000, 0x00000000f6400000, 0x00000000f6400000)
  from space 12800K,  11% used [0x00000000f7080000, 0x00000000f71e9380, 0x00000000f7d00000)
  to   space 12800K,   0% used [0x00000000f6400000, 0x00000000f6400000, 0x00000000f7080000)
 concurrent mark-sweep generation total 134144K, used 56625K [0x00000000f7d00000, 0x0000000100000000, 0x0000000100000000)
 Metaspace       used 52983K, capacity 56016K, committed 57088K, reserved 1099776K
  class space    used 6416K, capacity 6942K, committed 7168K, reserved 1048576K
2023-10-03T09:39:53.788+0800: 1764.297: [GC (Allocation Failure) 2023-10-03T09:39:53.788+0800: 1764.297: [ParNew: 103844K->1429K(115200K), 0.0065661 secs] 160470K->58071K(249344K), 0.0067959 secs] [Times: user=0.06 sys=0.00, real=0.01 secs] 
Heap after GC invocations=470 (full 1):
 par new generation   total 115200K, used 1429K [0x00000000f0000000, 0x00000000f7d00000, 0x00000000f7d00000)
  eden space 102400K,   0% used [0x00000000f0000000, 0x00000000f0000000, 0x00000000f6400000)
  from space 12800K,  11% used [0x00000000f6400000, 0x00000000f65656c0, 0x00000000f7080000)
  to   space 12800K,   0% used [0x00000000f7080000, 0x00000000f7080000, 0x00000000f7d00000)
 concurrent mark-sweep generation total 134144K, used 56641K [0x00000000f7d00000, 0x0000000100000000, 0x0000000100000000)
 Metaspace       used 52983K, capacity 56016K, committed 57088K, reserved 1099776K
  class space    used 6416K, capacity 6942K, committed 7168K, reserved 1048576K
}
{Heap before GC invocations=470 (full 1):
 par new generation   total 115200K, used 103829K [0x00000000f0000000, 0x00000000f7d00000, 0x00000000f7d00000)
  eden space 102400K, 100% used [0x00000000f0000000, 0x00000000f6400000, 0x00000000f6400000)
  from space 12800K,  11% used [0x00000000f6400000, 0x00000000f65656c0, 0x00000000f7080000)
  to   space 12800K,   0% used [0x00000000f7080000, 0x00000000f7080000, 0x00000000f7d00000)
 concurrent mark-sweep generation total 134144K, used 56641K [0x00000000f7d00000, 0x0000000100000000, 0x0000000100000000)
 Metaspace       used 52983K, capacity 56016K, committed 57088K, reserved 1099776K
  class space    used 6416K, capacity 6942K, committed 7168K, reserved 1048576K
2023-10-03T09:39:57.534+0800: 1768.044: [GC (Allocation Failure) 2023-10-03T09:39:57.535+0800: 1768.044: [ParNew: 103829K->1416K(115200K), 0.0057875 secs] 160471K->58068K(249344K), 0.0060041 secs] [Times: user=0.05 sys=0.00, real=0.00 secs] 
Heap after GC invocations=471 (full 1):
 par new generation   total 115200K, used 1416K [0x00000000f0000000, 0x00000000f7d00000, 0x00000000f7d00000)
  eden space 102400K,   0% used [0x00000000f0000000, 0x00000000f0000000, 0x00000000f6400000)
  from space 12800K,  11% used [0x00000000f7080000, 0x00000000f71e23c0, 0x00000000f7d00000)
  to   space 12800K,   0% used [0x00000000f6400000, 0x00000000f6400000, 0x00000000f7080000)
 concurrent mark-sweep generation total 134144K, used 56651K [0x00000000f7d00000, 0x0000000100000000, 0x0000000100000000)
 Metaspace       used 52983K, capacity 56016K, committed 57088K, reserved 1099776K
  class space    used 6416K, capacity 6942K, committed 7168K, reserved 1048576K
}
{Heap before GC invocations=471 (full 1):
 par new generation   total 115200K, used 103816K [0x00000000f0000000, 0x00000000f7d00000, 0x00000000f7d00000)
  eden space 102400K, 100% used [0x00000000f0000000, 0x00000000f6400000, 0x00000000f6400000)
  from space 12800K,  11% used [0x00000000f7080000, 0x00000000f71e23c0, 0x00000000f7d00000)
  to   space 12800K,   0% used [0x00000000f6400000, 0x00000000f6400000, 0x00000000f7080000)
 concurrent mark-sweep generation total 134144K, used 56651K [0x00000000f7d00000, 0x0000000100000000, 0x0000000100000000)
 Metaspace       used 52983K, capacity 56016K, committed 57088K, reserved 1099776K
  class space    used 6416K, capacity 6942K, committed 7168K, reserved 1048576K
2023-10-03T09:40:01.103+0800: 1771.613: [GC (Allocation Failure) 2023-10-03T09:40:01.104+0800: 1771.613: [ParNew: 103816K->1433K(115200K), 0.0058397 secs] 160468K->58101K(249344K), 0.0060116 secs] [Times: user=0.05 sys=0.00, real=0.00 secs] 
Heap after GC invocations=472 (full 1):
 par new generation   total 115200K, used 1433K [0x00000000f0000000, 0x00000000f7d00000, 0x00000000f7d00000)
  eden space 102400K,   0% used [0x00000000f0000000, 0x00000000f0000000, 0x00000000f6400000)
  from space 12800K,  11% used [0x00000000f6400000, 0x00000000f65666e0, 0x00000000f7080000)
  to   space 12800K,   0% used [0x00000000f7080000, 0x00000000f7080000, 0x00000000f7d00000)
 concurrent mark-sweep generation total 134144K, used 56667K [0x00000000f7d00000, 0x0000000100000000, 0x0000000100000000)
 Metaspace       used 52983K, capacity 56016K, committed 57088K, reserved 1099776K
  class space    used 6416K, capacity 6942K, committed 7168K, reserved 1048576K
}
{Heap before GC invocations=472 (full 1):
 par new generation   total 115200K, used 103833K [0x00000000f0000000, 0x00000000f7d00000, 0x00000000f7d00000)
  eden space 102400K, 100% used [0x00000000f0000000, 0x00000000f6400000, 0x00000000f6400000)
  from space 12800K,  11% used [0x00000000f6400000, 0x00000000f65666e0, 0x00000000f7080000)
  to   space 12800K,   0% used [0x00000000f7080000, 0x00000000f7080000, 0x00000000f7d00000)
 concurrent mark-sweep generation total 134144K, used 56667K [0x00000000f7d00000, 0x0000000100000000, 0x0000000100000000)
 Metaspace       used 52983K, capacity 56016K, committed 57088K, reserved 1099776K
  class space    used 6416K, capacity 6942K, committed 7168K, reserved 1048576K
2023-10-03T09:40:04.687+0800: 1775.196: [GC (Allocation Failure) 2023-10-03T09:40:04.687+0800: 1775.196: [ParNew: 103833K->1444K(115200K), 0.0071500 secs] 160501K->58129K(249344K), 0.0073960 secs] [Times: user=0.06 sys=0.00, real=0.01 secs] 
Heap after GC invocations=473 (full 1):
 par new generation   total 115200K, used 1444K [0x00000000f0000000, 0x00000000f7d00000, 0x00000000f7d00000)
  eden space 102400K,   0% used [0x00000000f0000000, 0x00000000f0000000, 0x00000000f6400000)
  from space 12800K,  11% used [0x00000000f7080000, 0x00000000f71e92c0, 0x00000000f7d00000)
  to   space 12800K,   0% used [0x00000000f6400000, 0x00000000f6400000, 0x00000000f7080000)
 concurrent mark-sweep generation total 134144K, used 56685K [0x00000000f7d00000, 0x0000000100000000, 0x0000000100000000)
 Metaspace       used 52983K, capacity 56016K, committed 57088K, reserved 1099776K
  class space    used 6416K, capacity 6942K, committed 7168K, reserved 1048576K
}
{Heap before GC invocations=473 (full 1):
 par new generation   total 115200K, used 103844K [0x00000000f0000000, 0x00000000f7d00000, 0x00000000f7d00000)
  eden space 102400K, 100% used [0x00000000f0000000, 0x00000000f6400000, 0x00000000f6400000)
  from space 12800K,  11% used [0x00000000f7080000, 0x00000000f71e92c0, 0x00000000f7d00000)
  to   space 12800K,   0% used [0x00000000f6400000, 0x00000000f6400000, 0x00000000f7080000)
 concurrent mark-sweep generation total 134144K, used 56685K [0x00000000f7d00000, 0x0000000100000000, 0x0000000100000000)
 Metaspace       used 52983K, capacity 56016K, committed 57088K, reserved 1099776K
  class space    used 6416K, capacity 6942K, committed 7168K, reserved 1048576K
2023-10-03T09:40:08.270+0800: 1778.779: [GC (Allocation Failure) 2023-10-03T09:40:08.270+0800: 1778.779: [ParNew: 103844K->1656K(115200K), 0.0068578 secs] 160529K->58357K(249344K), 0.0070868 secs] [Times: user=0.06 sys=0.00, real=0.01 secs] 
Heap after GC invocations=474 (full 1):
 par new generation   total 115200K, used 1656K [0x00000000f0000000, 0x00000000f7d00000, 0x00000000f7d00000)
  eden space 102400K,   0% used [0x00000000f0000000, 0x00000000f0000000, 0x00000000f6400000)
  from space 12800K,  12% used [0x00000000f6400000, 0x00000000f659e030, 0x00000000f7080000)
  to   space 12800K,   0% used [0x00000000f7080000, 0x00000000f7080000, 0x00000000f7d00000)
 concurrent mark-sweep generation total 134144K, used 56701K [0x00000000f7d00000, 0x0000000100000000, 0x0000000100000000)
 Metaspace       used 52983K, capacity 56016K, committed 57088K, reserved 1099776K
  class space    used 6416K, capacity 6942K, committed 7168K, reserved 1048576K
}
{Heap before GC invocations=474 (full 1):
 par new generation   total 115200K, used 104056K [0x00000000f0000000, 0x00000000f7d00000, 0x00000000f7d00000)
  eden space 102400K, 100% used [0x00000000f0000000, 0x00000000f6400000, 0x00000000f6400000)
  from space 12800K,  12% used [0x00000000f6400000, 0x00000000f659e030, 0x00000000f7080000)
  to   space 12800K,   0% used [0x00000000f7080000, 0x00000000f7080000, 0x00000000f7d00000)
 concurrent mark-sweep generation total 134144K, used 56701K [0x00000000f7d00000, 0x0000000100000000, 0x0000000100000000)
 Metaspace       used 52983K, capacity 56016K, committed 57088K, reserved 1099776K
  class space    used 6416K, capacity 6942K, committed 7168K, reserved 1048576K
2023-10-03T09:40:11.878+0800: 1782.387: [GC (Allocation Failure) 2023-10-03T09:40:11.878+0800: 1782.387: [ParNew: 104056K->1428K(115200K), 0.0195012 secs] 160757K->58147K(249344K), 0.0197367 secs] [Times: user=0.06 sys=0.00, real=0.02 secs] 
Heap after GC invocations=475 (full 1):
 par new generation   total 115200K, used 1428K [0x00000000f0000000, 0x00000000f7d00000, 0x00000000f7d00000)
  eden space 102400K,   0% used [0x00000000f0000000, 0x00000000f0000000, 0x00000000f6400000)
  from space 12800K,  11% used [0x00000000f7080000, 0x00000000f71e51e0, 0x00000000f7d00000)
  to   space 12800K,   0% used [0x00000000f6400000, 0x00000000f6400000, 0x00000000f7080000)
 concurrent mark-sweep generation total 134144K, used 56719K [0x00000000f7d00000, 0x0000000100000000, 0x0000000100000000)
 Metaspace       used 52983K, capacity 56016K, committed 57088K, reserved 1099776K
  class space    used 6416K, capacity 6942K, committed 7168K, reserved 1048576K
}
{Heap before GC invocations=475 (full 1):
 par new generation   total 115200K, used 103828K [0x00000000f0000000, 0x00000000f7d00000, 0x00000000f7d00000)
  eden space 102400K, 100% used [0x00000000f0000000, 0x00000000f6400000, 0x00000000f6400000)
  from space 12800K,  11% used [0x00000000f7080000, 0x00000000f71e51e0, 0x00000000f7d00000)
  to   space 12800K,   0% used [0x00000000f6400000, 0x00000000f6400000, 0x00000000f7080000)
 concurrent mark-sweep generation total 134144K, used 56719K [0x00000000f7d00000, 0x0000000100000000, 0x0000000100000000)
 Metaspace       used 52983K, capacity 56016K, committed 57088K, reserved 1099776K
  class space    used 6416K, capacity 6942K, committed 7168K, reserved 1048576K
2023-10-03T09:40:15.496+0800: 1786.005: [GC (Allocation Failure) 2023-10-03T09:40:15.496+0800: 1786.006: [ParNew: 103828K->1421K(115200K), 0.0057185 secs] 160547K->58141K(249344K), 0.0059018 secs] [Times: user=0.05 sys=0.00, real=0.01 secs] 
Heap after GC invocations=476 (full 1):
 par new generation   total 115200K, used 1421K [0x00000000f0000000, 0x00000000f7d00000, 0x00000000f7d00000)
  eden space 102400K,   0% used [0x00000000f0000000, 0x00000000f0000000, 0x00000000f6400000)
  from space 12800K,  11% used [0x00000000f6400000, 0x00000000f65636e0, 0x00000000f7080000)
  to   space 12800K,   0% used [0x00000000f7080000, 0x00000000f7080000, 0x00000000f7d00000)
 concurrent mark-sweep generation total 134144K, used 56719K [0x00000000f7d00000, 0x0000000100000000, 0x0000000100000000)
 Metaspace       used 52983K, capacity 56016K, committed 57088K, reserved 1099776K
  class space    used 6416K, capacity 6942K, committed 7168K, reserved 1048576K
}
{Heap before GC invocations=476 (full 1):
 par new generation   total 115200K, used 103821K [0x00000000f0000000, 0x00000000f7d00000, 0x00000000f7d00000)
  eden space 102400K, 100% used [0x00000000f0000000, 0x00000000f6400000, 0x00000000f6400000)
  from space 12800K,  11% used [0x00000000f6400000, 0x00000000f65636e0, 0x00000000f7080000)
  to   space 12800K,   0% used [0x00000000f7080000, 0x00000000f7080000, 0x00000000f7d00000)
 concurrent mark-sweep generation total 134144K, used 56719K [0x00000000f7d00000, 0x0000000100000000, 0x0000000100000000)
 Metaspace       used 52983K, capacity 56016K, committed 57088K, reserved 1099776K
  class space    used 6416K, capacity 6942K, committed 7168K, reserved 1048576K
2023-10-03T09:40:19.220+0800: 1789.729: [GC (Allocation Failure) 2023-10-03T09:40:19.220+0800: 1789.730: [ParNew: 103821K->1450K(115200K), 0.0059013 secs] 160541K->58207K(249344K), 0.0060660 secs] [Times: user=0.05 sys=0.00, real=0.01 secs] 
Heap after GC invocations=477 (full 1):
 par new generation   total 115200K, used 1450K [0x00000000f0000000, 0x00000000f7d00000, 0x00000000f7d00000)
  eden space 102400K,   0% used [0x00000000f0000000, 0x00000000f0000000, 0x00000000f6400000)
  from space 12800K,  11% used [0x00000000f7080000, 0x00000000f71ea880, 0x00000000f7d00000)
  to   space 12800K,   0% used [0x00000000f6400000, 0x00000000f6400000, 0x00000000f7080000)
 concurrent mark-sweep generation total 134144K, used 56757K [0x00000000f7d00000, 0x0000000100000000, 0x0000000100000000)
 Metaspace       used 52983K, capacity 56016K, committed 57088K, reserved 1099776K
  class space    used 6416K, capacity 6942K, committed 7168K, reserved 1048576K
}
{Heap before GC invocations=477 (full 1):
 par new generation   total 115200K, used 103850K [0x00000000f0000000, 0x00000000f7d00000, 0x00000000f7d00000)
  eden space 102400K, 100% used [0x00000000f0000000, 0x00000000f6400000, 0x00000000f6400000)
  from space 12800K,  11% used [0x00000000f7080000, 0x00000000f71ea880, 0x00000000f7d00000)
  to   space 12800K,   0% used [0x00000000f6400000, 0x00000000f6400000, 0x00000000f7080000)
 concurrent mark-sweep generation total 134144K, used 56757K [0x00000000f7d00000, 0x0000000100000000, 0x0000000100000000)
 Metaspace       used 52983K, capacity 56016K, committed 57088K, reserved 1099776K
  class space    used 6416K, capacity 6942K, committed 7168K, reserved 1048576K
2023-10-03T09:40:22.823+0800: 1793.332: [GC (Allocation Failure) 2023-10-03T09:40:22.823+0800: 1793.332: [ParNew: 103850K->1427K(115200K), 0.0057470 secs] 160607K->58193K(249344K), 0.0059797 secs] [Times: user=0.05 sys=0.00, real=0.00 secs] 
Heap after GC invocations=478 (full 1):
 par new generation   total 115200K, used 1427K [0x00000000f0000000, 0x00000000f7d00000, 0x00000000f7d00000)
  eden space 102400K,   0% used [0x00000000f0000000, 0x00000000f0000000, 0x00000000f6400000)
  from space 12800K,  11% used [0x00000000f6400000, 0x00000000f6564e80, 0x00000000f7080000)
  to   space 12800K,   0% used [0x00000000f7080000, 0x00000000f7080000, 0x00000000f7d00000)
 concurrent mark-sweep generation total 134144K, used 56766K [0x00000000f7d00000, 0x0000000100000000, 0x0000000100000000)
 Metaspace       used 52983K, capacity 56016K, committed 57088K, reserved 1099776K
  class space    used 6416K, capacity 6942K, committed 7168K, reserved 1048576K
}
{Heap before GC invocations=478 (full 1):
 par new generation   total 115200K, used 103827K [0x00000000f0000000, 0x00000000f7d00000, 0x00000000f7d00000)
  eden space 102400K, 100% used [0x00000000f0000000, 0x00000000f6400000, 0x00000000f6400000)
  from space 12800K,  11% used [0x00000000f6400000, 0x00000000f6564e80, 0x00000000f7080000)
  to   space 12800K,   0% used [0x00000000f7080000, 0x00000000f7080000, 0x00000000f7d00000)
 concurrent mark-sweep generation total 134144K, used 56766K [0x00000000f7d00000, 0x0000000100000000, 0x0000000100000000)
 Metaspace       used 52983K, capacity 56016K, committed 57088K, reserved 1099776K
  class space    used 6416K, capacity 6942K, committed 7168K, reserved 1048576K
2023-10-03T09:40:26.412+0800: 1796.921: [GC (Allocation Failure) 2023-10-03T09:40:26.412+0800: 1796.921: [ParNew: 103827K->1419K(115200K), 0.0066837 secs] 160593K->58199K(249344K), 0.0069668 secs] [Times: user=0.05 sys=0.01, real=0.00 secs] 
Heap after GC invocations=479 (full 1):
 par new generation   total 115200K, used 1419K [0x00000000f0000000, 0x00000000f7d00000, 0x00000000f7d00000)
  eden space 102400K,   0% used [0x00000000f0000000, 0x00000000f0000000, 0x00000000f6400000)
  from space 12800K,  11% used [0x00000000f7080000, 0x00000000f71e2d20, 0x00000000f7d00000)
  to   space 12800K,   0% used [0x00000000f6400000, 0x00000000f6400000, 0x00000000f7080000)
 concurrent mark-sweep generation total 134144K, used 56780K [0x00000000f7d00000, 0x0000000100000000, 0x0000000100000000)
 Metaspace       used 52983K, capacity 56016K, committed 57088K, reserved 1099776K
  class space    used 6416K, capacity 6942K, committed 7168K, reserved 1048576K
}
{Heap before GC invocations=479 (full 1):
 par new generation   total 115200K, used 103819K [0x00000000f0000000, 0x00000000f7d00000, 0x00000000f7d00000)
  eden space 102400K, 100% used [0x00000000f0000000, 0x00000000f6400000, 0x00000000f6400000)
  from space 12800K,  11% used [0x00000000f7080000, 0x00000000f71e2d20, 0x00000000f7d00000)
  to   space 12800K,   0% used [0x00000000f6400000, 0x00000000f6400000, 0x00000000f7080000)
 concurrent mark-sweep generation total 134144K, used 56780K [0x00000000f7d00000, 0x0000000100000000, 0x0000000100000000)
 Metaspace       used 52996K, capacity 56030K, committed 57088K, reserved 1099776K
  class space    used 6422K, capacity 6947K, committed 7168K, reserved 1048576K
2023-10-03T09:40:29.962+0800: 1800.471: [GC (Allocation Failure) 2023-10-03T09:40:29.962+0800: 1800.471: [ParNew: 103819K->1850K(115200K), 0.0071750 secs] 160599K->58643K(249344K), 0.0074994 secs] [Times: user=0.05 sys=0.01, real=0.01 secs] 
Heap after GC invocations=480 (full 1):
 par new generation   total 115200K, used 1850K [0x00000000f0000000, 0x00000000f7d00000, 0x00000000f7d00000)
  eden space 102400K,   0% used [0x00000000f0000000, 0x00000000f0000000, 0x00000000f6400000)
  from space 12800K,  14% used [0x00000000f6400000, 0x00000000f65ceb00, 0x00000000f7080000)
  to   space 12800K,   0% used [0x00000000f7080000, 0x00000000f7080000, 0x00000000f7d00000)
 concurrent mark-sweep generation total 134144K, used 56792K [0x00000000f7d00000, 0x0000000100000000, 0x0000000100000000)
 Metaspace       used 52996K, capacity 56030K, committed 57088K, reserved 1099776K
  class space    used 6422K, capacity 6947K, committed 7168K, reserved 1048576K
}
{Heap before GC invocations=480 (full 1):
 par new generation   total 115200K, used 104250K [0x00000000f0000000, 0x00000000f7d00000, 0x00000000f7d00000)
  eden space 102400K, 100% used [0x00000000f0000000, 0x00000000f6400000, 0x00000000f6400000)
  from space 12800K,  14% used [0x00000000f6400000, 0x00000000f65ceb00, 0x00000000f7080000)
  to   space 12800K,   0% used [0x00000000f7080000, 0x00000000f7080000, 0x00000000f7d00000)
 concurrent mark-sweep generation total 134144K, used 56792K [0x00000000f7d00000, 0x0000000100000000, 0x0000000100000000)
 Metaspace       used 53001K, capacity 56040K, committed 57088K, reserved 1099776K
  class space    used 6422K, capacity 6948K, committed 7168K, reserved 1048576K
2023-10-03T09:40:33.514+0800: 1804.023: [GC (Allocation Failure) 2023-10-03T09:40:33.514+0800: 1804.023: [ParNew: 104250K->1848K(115200K), 0.0067914 secs] 161043K->58656K(249344K), 0.0070481 secs] [Times: user=0.06 sys=0.00, real=0.00 secs] 
Heap after GC invocations=481 (full 1):
 par new generation   total 115200K, used 1848K [0x00000000f0000000, 0x00000000f7d00000, 0x00000000f7d00000)
  eden space 102400K,   0% used [0x00000000f0000000, 0x00000000f0000000, 0x00000000f6400000)
  from space 12800K,  14% used [0x00000000f7080000, 0x00000000f724e350, 0x00000000f7d00000)
  to   space 12800K,   0% used [0x00000000f6400000, 0x00000000f6400000, 0x00000000f7080000)
 concurrent mark-sweep generation total 134144K, used 56807K [0x00000000f7d00000, 0x0000000100000000, 0x0000000100000000)
 Metaspace       used 53001K, capacity 56040K, committed 57088K, reserved 1099776K
  class space    used 6422K, capacity 6948K, committed 7168K, reserved 1048576K
}
{Heap before GC invocations=481 (full 1):
 par new generation   total 115200K, used 104248K [0x00000000f0000000, 0x00000000f7d00000, 0x00000000f7d00000)
  eden space 102400K, 100% used [0x00000000f0000000, 0x00000000f6400000, 0x00000000f6400000)
  from space 12800K,  14% used [0x00000000f7080000, 0x00000000f724e350, 0x00000000f7d00000)
  to   space 12800K,   0% used [0x00000000f6400000, 0x00000000f6400000, 0x00000000f7080000)
 concurrent mark-sweep generation total 134144K, used 56807K [0x00000000f7d00000, 0x0000000100000000, 0x0000000100000000)
 Metaspace       used 53001K, capacity 56040K, committed 57088K, reserved 1099776K
  class space    used 6422K, capacity 6948K, committed 7168K, reserved 1048576K
2023-10-03T09:40:37.096+0800: 1807.605: [GC (Allocation Failure) 2023-10-03T09:40:37.096+0800: 1807.605: [ParNew: 104248K->1891K(115200K), 0.0071513 secs] 161056K->58713K(249344K), 0.0073754 secs] [Times: user=0.06 sys=0.00, real=0.01 secs] 
Heap after GC invocations=482 (full 1):
 par new generation   total 115200K, used 1891K [0x00000000f0000000, 0x00000000f7d00000, 0x00000000f7d00000)
  eden space 102400K,   0% used [0x00000000f0000000, 0x00000000f0000000, 0x00000000f6400000)
  from space 12800K,  14% used [0x00000000f6400000, 0x00000000f65d8ff8, 0x00000000f7080000)
  to   space 12800K,   0% used [0x00000000f7080000, 0x00000000f7080000, 0x00000000f7d00000)
 concurrent mark-sweep generation total 134144K, used 56821K [0x00000000f7d00000, 0x0000000100000000, 0x0000000100000000)
 Metaspace       used 53001K, capacity 56040K, committed 57088K, reserved 1099776K
  class space    used 6422K, capacity 6948K, committed 7168K, reserved 1048576K
}
{Heap before GC invocations=482 (full 1):
 par new generation   total 115200K, used 104291K [0x00000000f0000000, 0x00000000f7d00000, 0x00000000f7d00000)
  eden space 102400K, 100% used [0x00000000f0000000, 0x00000000f6400000, 0x00000000f6400000)
  from space 12800K,  14% used [0x00000000f6400000, 0x00000000f65d8ff8, 0x00000000f7080000)
  to   space 12800K,   0% used [0x00000000f7080000, 0x00000000f7080000, 0x00000000f7d00000)
 concurrent mark-sweep generation total 134144K, used 56821K [0x00000000f7d00000, 0x0000000100000000, 0x0000000100000000)
 Metaspace       used 53001K, capacity 56040K, committed 57088K, reserved 1099776K
  class space    used 6422K, capacity 6948K, committed 7168K, reserved 1048576K
2023-10-03T09:40:40.731+0800: 1811.240: [GC (Allocation Failure) 2023-10-03T09:40:40.731+0800: 1811.240: [ParNew: 104291K->1879K(115200K), 0.0055580 secs] 161113K->58714K(249344K), 0.0057695 secs] [Times: user=0.05 sys=0.00, real=0.01 secs] 
Heap after GC invocations=483 (full 1):
 par new generation   total 115200K, used 1879K [0x00000000f0000000, 0x00000000f7d00000, 0x00000000f7d00000)
  eden space 102400K,   0% used [0x00000000f0000000, 0x00000000f0000000, 0x00000000f6400000)
  from space 12800K,  14% used [0x00000000f7080000, 0x00000000f7255d58, 0x00000000f7d00000)
  to   space 12800K,   0% used [0x00000000f6400000, 0x00000000f6400000, 0x00000000f7080000)
 concurrent mark-sweep generation total 134144K, used 56834K [0x00000000f7d00000, 0x0000000100000000, 0x0000000100000000)
 Metaspace       used 53001K, capacity 56040K, committed 57088K, reserved 1099776K
  class space    used 6422K, capacity 6948K, committed 7168K, reserved 1048576K
}
{Heap before GC invocations=483 (full 1):
 par new generation   total 115200K, used 104279K [0x00000000f0000000, 0x00000000f7d00000, 0x00000000f7d00000)
  eden space 102400K, 100% used [0x00000000f0000000, 0x00000000f6400000, 0x00000000f6400000)
  from space 12800K,  14% used [0x00000000f7080000, 0x00000000f7255d58, 0x00000000f7d00000)
  to   space 12800K,   0% used [0x00000000f6400000, 0x00000000f6400000, 0x00000000f7080000)
 concurrent mark-sweep generation total 134144K, used 56834K [0x00000000f7d00000, 0x0000000100000000, 0x0000000100000000)
 Metaspace       used 53001K, capacity 56040K, committed 57088K, reserved 1099776K
  class space    used 6422K, capacity 6948K, committed 7168K, reserved 1048576K
2023-10-03T09:40:44.282+0800: 1814.791: [GC (Allocation Failure) 2023-10-03T09:40:44.282+0800: 1814.791: [ParNew: 104279K->1729K(115200K), 0.0145830 secs] 161114K->58566K(249344K), 0.0146421 secs] [Times: user=0.02 sys=0.00, real=0.01 secs] 
Heap after GC invocations=484 (full 1):
 par new generation   total 115200K, used 1729K [0x00000000f0000000, 0x00000000f7d00000, 0x00000000f7d00000)
  eden space 102400K,   0% used [0x00000000f0000000, 0x00000000f0000000, 0x00000000f6400000)
  from space 12800K,  13% used [0x00000000f6400000, 0x00000000f65b0448, 0x00000000f7080000)
  to   space 12800K,   0% used [0x00000000f7080000, 0x00000000f7080000, 0x00000000f7d00000)
 concurrent mark-sweep generation total 134144K, used 56837K [0x00000000f7d00000, 0x0000000100000000, 0x0000000100000000)
 Metaspace       used 53001K, capacity 56040K, committed 57088K, reserved 1099776K
  class space    used 6422K, capacity 6948K, committed 7168K, reserved 1048576K
}
{Heap before GC invocations=484 (full 1):
 par new generation   total 115200K, used 104129K [0x00000000f0000000, 0x00000000f7d00000, 0x00000000f7d00000)
  eden space 102400K, 100% used [0x00000000f0000000, 0x00000000f6400000, 0x00000000f6400000)
  from space 12800K,  13% used [0x00000000f6400000, 0x00000000f65b0448, 0x00000000f7080000)
  to   space 12800K,   0% used [0x00000000f7080000, 0x00000000f7080000, 0x00000000f7d00000)
 concurrent mark-sweep generation total 134144K, used 56837K [0x00000000f7d00000, 0x0000000100000000, 0x0000000100000000)
 Metaspace       used 53005K, capacity 56046K, committed 57088K, reserved 1099776K
  class space    used 6423K, capacity 6949K, committed 7168K, reserved 1048576K
2023-10-03T09:40:47.818+0800: 1818.328: [GC (Allocation Failure) 2023-10-03T09:40:47.819+0800: 1818.328: [ParNew: 104129K->2094K(115200K), 0.0072007 secs] 160966K->58945K(249344K), 0.0074229 secs] [Times: user=0.06 sys=0.00, real=0.01 secs] 
Heap after GC invocations=485 (full 1):
 par new generation   total 115200K, used 2094K [0x00000000f0000000, 0x00000000f7d00000, 0x00000000f7d00000)
  eden space 102400K,   0% used [0x00000000f0000000, 0x00000000f0000000, 0x00000000f6400000)
  from space 12800K,  16% used [0x00000000f7080000, 0x00000000f728b800, 0x00000000f7d00000)
  to   space 12800K,   0% used [0x00000000f6400000, 0x00000000f6400000, 0x00000000f7080000)
 concurrent mark-sweep generation total 134144K, used 56851K [0x00000000f7d00000, 0x0000000100000000, 0x0000000100000000)
 Metaspace       used 53005K, capacity 56046K, committed 57088K, reserved 1099776K
  class space    used 6423K, capacity 6949K, committed 7168K, reserved 1048576K
}
{Heap before GC invocations=485 (full 1):
 par new generation   total 115200K, used 104494K [0x00000000f0000000, 0x00000000f7d00000, 0x00000000f7d00000)
  eden space 102400K, 100% used [0x00000000f0000000, 0x00000000f6400000, 0x00000000f6400000)
  from space 12800K,  16% used [0x00000000f7080000, 0x00000000f728b800, 0x00000000f7d00000)
  to   space 12800K,   0% used [0x00000000f6400000, 0x00000000f6400000, 0x00000000f7080000)
 concurrent mark-sweep generation total 134144K, used 56851K [0x00000000f7d00000, 0x0000000100000000, 0x0000000100000000)
 Metaspace       used 53005K, capacity 56046K, committed 57088K, reserved 1099776K
  class space    used 6423K, capacity 6949K, committed 7168K, reserved 1048576K
2023-10-03T09:40:51.442+0800: 1821.951: [GC (Allocation Failure) 2023-10-03T09:40:51.442+0800: 1821.951: [ParNew: 104494K->1879K(115200K), 0.0059418 secs] 161345K->58808K(249344K), 0.0061307 secs] [Times: user=0.05 sys=0.00, real=0.01 secs] 
Heap after GC invocations=486 (full 1):
 par new generation   total 115200K, used 1879K [0x00000000f0000000, 0x00000000f7d00000, 0x00000000f7d00000)
  eden space 102400K,   0% used [0x00000000f0000000, 0x00000000f0000000, 0x00000000f6400000)
  from space 12800K,  14% used [0x00000000f6400000, 0x00000000f65d5ec0, 0x00000000f7080000)
  to   space 12800K,   0% used [0x00000000f7080000, 0x00000000f7080000, 0x00000000f7d00000)
 concurrent mark-sweep generation total 134144K, used 56929K [0x00000000f7d00000, 0x0000000100000000, 0x0000000100000000)
 Metaspace       used 53005K, capacity 56046K, committed 57088K, reserved 1099776K
  class space    used 6423K, capacity 6949K, committed 7168K, reserved 1048576K
}
{Heap before GC invocations=486 (full 1):
 par new generation   total 115200K, used 104279K [0x00000000f0000000, 0x00000000f7d00000, 0x00000000f7d00000)
  eden space 102400K, 100% used [0x00000000f0000000, 0x00000000f6400000, 0x00000000f6400000)
  from space 12800K,  14% used [0x00000000f6400000, 0x00000000f65d5ec0, 0x00000000f7080000)
  to   space 12800K,   0% used [0x00000000f7080000, 0x00000000f7080000, 0x00000000f7d00000)
 concurrent mark-sweep generation total 134144K, used 56929K [0x00000000f7d00000, 0x0000000100000000, 0x0000000100000000)
 Metaspace       used 53020K, capacity 56070K, committed 57088K, reserved 1099776K
  class space    used 6425K, capacity 6953K, committed 7168K, reserved 1048576K
2023-10-03T09:40:55.137+0800: 1825.646: [GC (Allocation Failure) 2023-10-03T09:40:55.137+0800: 1825.646: [ParNew: 104279K->1786K(115200K), 0.0042878 secs] 161208K->58774K(249344K), 0.0044143 secs] [Times: user=0.04 sys=0.00, real=0.00 secs] 
Heap after GC invocations=487 (full 1):
 par new generation   total 115200K, used 1786K [0x00000000f0000000, 0x00000000f7d00000, 0x00000000f7d00000)
  eden space 102400K,   0% used [0x00000000f0000000, 0x00000000f0000000, 0x00000000f6400000)
  from space 12800K,  13% used [0x00000000f7080000, 0x00000000f723eab0, 0x00000000f7d00000)
  to   space 12800K,   0% used [0x00000000f6400000, 0x00000000f6400000, 0x00000000f7080000)
 concurrent mark-sweep generation total 134144K, used 56988K [0x00000000f7d00000, 0x0000000100000000, 0x0000000100000000)
 Metaspace       used 53020K, capacity 56070K, committed 57088K, reserved 1099776K
  class space    used 6425K, capacity 6953K, committed 7168K, reserved 1048576K
}
{Heap before GC invocations=487 (full 1):
 par new generation   total 115200K, used 104186K [0x00000000f0000000, 0x00000000f7d00000, 0x00000000f7d00000)
  eden space 102400K, 100% used [0x00000000f0000000, 0x00000000f6400000, 0x00000000f6400000)
  from space 12800K,  13% used [0x00000000f7080000, 0x00000000f723eab0, 0x00000000f7d00000)
  to   space 12800K,   0% used [0x00000000f6400000, 0x00000000f6400000, 0x00000000f7080000)
 concurrent mark-sweep generation total 134144K, used 56988K [0x00000000f7d00000, 0x0000000100000000, 0x0000000100000000)
 Metaspace       used 53021K, capacity 56070K, committed 57088K, reserved 1099776K
  class space    used 6425K, capacity 6953K, committed 7168K, reserved 1048576K
2023-10-03T09:40:58.695+0800: 1829.205: [GC (Allocation Failure) 2023-10-03T09:40:58.696+0800: 1829.205: [ParNew: 104186K->2314K(115200K), 0.0057242 secs] 161174K->59305K(249344K), 0.0059598 secs] [Times: user=0.05 sys=0.01, real=0.00 secs] 
Heap after GC invocations=488 (full 1):
 par new generation   total 115200K, used 2314K [0x00000000f0000000, 0x00000000f7d00000, 0x00000000f7d00000)
  eden space 102400K,   0% used [0x00000000f0000000, 0x00000000f0000000, 0x00000000f6400000)
  from space 12800K,  18% used [0x00000000f6400000, 0x00000000f6642900, 0x00000000f7080000)
  to   space 12800K,   0% used [0x00000000f7080000, 0x00000000f7080000, 0x00000000f7d00000)
 concurrent mark-sweep generation total 134144K, used 56990K [0x00000000f7d00000, 0x0000000100000000, 0x0000000100000000)
 Metaspace       used 53021K, capacity 56070K, committed 57088K, reserved 1099776K
  class space    used 6425K, capacity 6953K, committed 7168K, reserved 1048576K
}
{Heap before GC invocations=488 (full 1):
 par new generation   total 115200K, used 104714K [0x00000000f0000000, 0x00000000f7d00000, 0x00000000f7d00000)
  eden space 102400K, 100% used [0x00000000f0000000, 0x00000000f6400000, 0x00000000f6400000)
  from space 12800K,  18% used [0x00000000f6400000, 0x00000000f6642900, 0x00000000f7080000)
  to   space 12800K,   0% used [0x00000000f7080000, 0x00000000f7080000, 0x00000000f7d00000)
 concurrent mark-sweep generation total 134144K, used 56990K [0x00000000f7d00000, 0x0000000100000000, 0x0000000100000000)
 Metaspace       used 53021K, capacity 56070K, committed 57088K, reserved 1099776K
  class space    used 6425K, capacity 6953K, committed 7168K, reserved 1048576K
2023-10-03T09:41:02.247+0800: 1832.756: [GC (Allocation Failure) 2023-10-03T09:41:02.247+0800: 1832.756: [ParNew: 104714K->2114K(115200K), 0.0067951 secs] 161705K->59165K(249344K), 0.0070235 secs] [Times: user=0.06 sys=0.00, real=0.01 secs] 
Heap after GC invocations=489 (full 1):
 par new generation   total 115200K, used 2114K [0x00000000f0000000, 0x00000000f7d00000, 0x00000000f7d00000)
  eden space 102400K,   0% used [0x00000000f0000000, 0x00000000f0000000, 0x00000000f6400000)
  from space 12800K,  16% used [0x00000000f7080000, 0x00000000f72908e0, 0x00000000f7d00000)
  to   space 12800K,   0% used [0x00000000f6400000, 0x00000000f6400000, 0x00000000f7080000)
 concurrent mark-sweep generation total 134144K, used 57051K [0x00000000f7d00000, 0x0000000100000000, 0x0000000100000000)
 Metaspace       used 53021K, capacity 56070K, committed 57088K, reserved 1099776K
  class space    used 6425K, capacity 6953K, committed 7168K, reserved 1048576K
}
{Heap before GC invocations=489 (full 1):
 par new generation   total 115200K, used 104514K [0x00000000f0000000, 0x00000000f7d00000, 0x00000000f7d00000)
  eden space 102400K, 100% used [0x00000000f0000000, 0x00000000f6400000, 0x00000000f6400000)
  from space 12800K,  16% used [0x00000000f7080000, 0x00000000f72908e0, 0x00000000f7d00000)
  to   space 12800K,   0% used [0x00000000f6400000, 0x00000000f6400000, 0x00000000f7080000)
 concurrent mark-sweep generation total 134144K, used 57051K [0x00000000f7d00000, 0x0000000100000000, 0x0000000100000000)
 Metaspace       used 53021K, capacity 56070K, committed 57088K, reserved 1099776K
  class space    used 6425K, capacity 6953K, committed 7168K, reserved 1048576K
2023-10-03T09:41:05.846+0800: 1836.355: [GC (Allocation Failure) 2023-10-03T09:41:05.846+0800: 1836.355: [ParNew: 104514K->2071K(115200K), 0.0073339 secs] 161565K->59123K(249344K), 0.0075623 secs] [Times: user=0.07 sys=0.00, real=0.01 secs] 
Heap after GC invocations=490 (full 1):
 par new generation   total 115200K, used 2071K [0x00000000f0000000, 0x00000000f7d00000, 0x00000000f7d00000)
  eden space 102400K,   0% used [0x00000000f0000000, 0x00000000f0000000, 0x00000000f6400000)
  from space 12800K,  16% used [0x00000000f6400000, 0x00000000f6605dd0, 0x00000000f7080000)
  to   space 12800K,   0% used [0x00000000f7080000, 0x00000000f7080000, 0x00000000f7d00000)
 concurrent mark-sweep generation total 134144K, used 57051K [0x00000000f7d00000, 0x0000000100000000, 0x0000000100000000)
 Metaspace       used 53021K, capacity 56070K, committed 57088K, reserved 1099776K
  class space    used 6425K, capacity 6953K, committed 7168K, reserved 1048576K
}
{Heap before GC invocations=490 (full 1):
 par new generation   total 115200K, used 104471K [0x00000000f0000000, 0x00000000f7d00000, 0x00000000f7d00000)
  eden space 102400K, 100% used [0x00000000f0000000, 0x00000000f6400000, 0x00000000f6400000)
  from space 12800K,  16% used [0x00000000f6400000, 0x00000000f6605dd0, 0x00000000f7080000)
  to   space 12800K,   0% used [0x00000000f7080000, 0x00000000f7080000, 0x00000000f7d00000)
 concurrent mark-sweep generation total 134144K, used 57051K [0x00000000f7d00000, 0x0000000100000000, 0x0000000100000000)
 Metaspace       used 53021K, capacity 56070K, committed 57088K, reserved 1099776K
  class space    used 6425K, capacity 6953K, committed 7168K, reserved 1048576K
2023-10-03T09:41:09.406+0800: 1839.915: [GC (Allocation Failure) 2023-10-03T09:41:09.406+0800: 1839.915: [ParNew: 104471K->2167K(115200K), 0.0072418 secs] 161523K->59393K(249344K), 0.0074665 secs] [Times: user=0.06 sys=0.00, real=0.01 secs] 
Heap after GC invocations=491 (full 1):
 par new generation   total 115200K, used 2167K [0x00000000f0000000, 0x00000000f7d00000, 0x00000000f7d00000)
  eden space 102400K,   0% used [0x00000000f0000000, 0x00000000f0000000, 0x00000000f6400000)
  from space 12800K,  16% used [0x00000000f7080000, 0x00000000f729df40, 0x00000000f7d00000)
  to   space 12800K,   0% used [0x00000000f6400000, 0x00000000f6400000, 0x00000000f7080000)
 concurrent mark-sweep generation total 134144K, used 57225K [0x00000000f7d00000, 0x0000000100000000, 0x0000000100000000)
 Metaspace       used 53021K, capacity 56070K, committed 57088K, reserved 1099776K
  class space    used 6425K, capacity 6953K, committed 7168K, reserved 1048576K
}
{Heap before GC invocations=491 (full 1):
 par new generation   total 115200K, used 104567K [0x00000000f0000000, 0x00000000f7d00000, 0x00000000f7d00000)
  eden space 102400K, 100% used [0x00000000f0000000, 0x00000000f6400000, 0x00000000f6400000)
  from space 12800K,  16% used [0x00000000f7080000, 0x00000000f729df40, 0x00000000f7d00000)
  to   space 12800K,   0% used [0x00000000f6400000, 0x00000000f6400000, 0x00000000f7080000)
 concurrent mark-sweep generation total 134144K, used 57225K [0x00000000f7d00000, 0x0000000100000000, 0x0000000100000000)
 Metaspace       used 53021K, capacity 56070K, committed 57088K, reserved 1099776K
  class space    used 6425K, capacity 6953K, committed 7168K, reserved 1048576K
2023-10-03T09:41:13.054+0800: 1843.563: [GC (Allocation Failure) 2023-10-03T09:41:13.054+0800: 1843.563: [ParNew: 104567K->1856K(115200K), 0.0063078 secs] 161793K->59172K(249344K), 0.0065370 secs] [Times: user=0.06 sys=0.00, real=0.00 secs] 
Heap after GC invocations=492 (full 1):
 par new generation   total 115200K, used 1856K [0x00000000f0000000, 0x00000000f7d00000, 0x00000000f7d00000)
  eden space 102400K,   0% used [0x00000000f0000000, 0x00000000f0000000, 0x00000000f6400000)
  from space 12800K,  14% used [0x00000000f6400000, 0x00000000f65d03e0, 0x00000000f7080000)
  to   space 12800K,   0% used [0x00000000f7080000, 0x00000000f7080000, 0x00000000f7d00000)
 concurrent mark-sweep generation total 134144K, used 57315K [0x00000000f7d00000, 0x0000000100000000, 0x0000000100000000)
 Metaspace       used 53021K, capacity 56070K, committed 57088K, reserved 1099776K
  class space    used 6425K, capacity 6953K, committed 7168K, reserved 1048576K
}
{Heap before GC invocations=492 (full 1):
 par new generation   total 115200K, used 104256K [0x00000000f0000000, 0x00000000f7d00000, 0x00000000f7d00000)
  eden space 102400K, 100% used [0x00000000f0000000, 0x00000000f6400000, 0x00000000f6400000)
  from space 12800K,  14% used [0x00000000f6400000, 0x00000000f65d03e0, 0x00000000f7080000)
  to   space 12800K,   0% used [0x00000000f7080000, 0x00000000f7080000, 0x00000000f7d00000)
 concurrent mark-sweep generation total 134144K, used 57315K [0x00000000f7d00000, 0x0000000100000000, 0x0000000100000000)
 Metaspace       used 53021K, capacity 56070K, committed 57088K, reserved 1099776K
  class space    used 6425K, capacity 6953K, committed 7168K, reserved 1048576K
2023-10-03T09:41:16.637+0800: 1847.146: [GC (Allocation Failure) 2023-10-03T09:41:16.637+0800: 1847.146: [ParNew: 104256K->1864K(115200K), 0.0065933 secs] 161572K->59212K(249344K), 0.0068437 secs] [Times: user=0.06 sys=0.00, real=0.01 secs] 
Heap after GC invocations=493 (full 1):
 par new generation   total 115200K, used 1864K [0x00000000f0000000, 0x00000000f7d00000, 0x00000000f7d00000)
  eden space 102400K,   0% used [0x00000000f0000000, 0x00000000f0000000, 0x00000000f6400000)
  from space 12800K,  14% used [0x00000000f7080000, 0x00000000f7252210, 0x00000000f7d00000)
  to   space 12800K,   0% used [0x00000000f6400000, 0x00000000f6400000, 0x00000000f7080000)
 concurrent mark-sweep generation total 134144K, used 57348K [0x00000000f7d00000, 0x0000000100000000, 0x0000000100000000)
 Metaspace       used 53021K, capacity 56070K, committed 57088K, reserved 1099776K
  class space    used 6425K, capacity 6953K, committed 7168K, reserved 1048576K
}
{Heap before GC invocations=493 (full 1):
 par new generation   total 115200K, used 104264K [0x00000000f0000000, 0x00000000f7d00000, 0x00000000f7d00000)
  eden space 102400K, 100% used [0x00000000f0000000, 0x00000000f6400000, 0x00000000f6400000)
  from space 12800K,  14% used [0x00000000f7080000, 0x00000000f7252210, 0x00000000f7d00000)
  to   space 12800K,   0% used [0x00000000f6400000, 0x00000000f6400000, 0x00000000f7080000)
 concurrent mark-sweep generation total 134144K, used 57348K [0x00000000f7d00000, 0x0000000100000000, 0x0000000100000000)
 Metaspace       used 53021K, capacity 56070K, committed 57088K, reserved 1099776K
  class space    used 6425K, capacity 6953K, committed 7168K, reserved 1048576K
2023-10-03T09:41:20.382+0800: 1850.891: [GC (Allocation Failure) 2023-10-03T09:41:20.382+0800: 1850.891: [ParNew: 104264K->1651K(115200K), 0.0036051 secs] 161612K->59059K(249344K), 0.0037865 secs] [Times: user=0.03 sys=0.00, real=0.01 secs] 
Heap after GC invocations=494 (full 1):
 par new generation   total 115200K, used 1651K [0x00000000f0000000, 0x00000000f7d00000, 0x00000000f7d00000)
  eden space 102400K,   0% used [0x00000000f0000000, 0x00000000f0000000, 0x00000000f6400000)
  from space 12800K,  12% used [0x00000000f6400000, 0x00000000f659cf40, 0x00000000f7080000)
  to   space 12800K,   0% used [0x00000000f7080000, 0x00000000f7080000, 0x00000000f7d00000)
 concurrent mark-sweep generation total 134144K, used 57407K [0x00000000f7d00000, 0x0000000100000000, 0x0000000100000000)
 Metaspace       used 53021K, capacity 56070K, committed 57088K, reserved 1099776K
  class space    used 6425K, capacity 6953K, committed 7168K, reserved 1048576K
}
{Heap before GC invocations=494 (full 1):
 par new generation   total 115200K, used 104051K [0x00000000f0000000, 0x00000000f7d00000, 0x00000000f7d00000)
  eden space 102400K, 100% used [0x00000000f0000000, 0x00000000f6400000, 0x00000000f6400000)
  from space 12800K,  12% used [0x00000000f6400000, 0x00000000f659cf40, 0x00000000f7080000)
  to   space 12800K,   0% used [0x00000000f7080000, 0x00000000f7080000, 0x00000000f7d00000)
 concurrent mark-sweep generation total 134144K, used 57407K [0x00000000f7d00000, 0x0000000100000000, 0x0000000100000000)
 Metaspace       used 53021K, capacity 56070K, committed 57088K, reserved 1099776K
  class space    used 6425K, capacity 6953K, committed 7168K, reserved 1048576K
2023-10-03T09:41:23.999+0800: 1854.508: [GC (Allocation Failure) 2023-10-03T09:41:23.999+0800: 1854.508: [ParNew: 104051K->1605K(115200K), 0.0060461 secs] 161459K->59022K(249344K), 0.0062610 secs] [Times: user=0.05 sys=0.01, real=0.01 secs] 
Heap after GC invocations=495 (full 1):
 par new generation   total 115200K, used 1605K [0x00000000f0000000, 0x00000000f7d00000, 0x00000000f7d00000)
  eden space 102400K,   0% used [0x00000000f0000000, 0x00000000f0000000, 0x00000000f6400000)
  from space 12800K,  12% used [0x00000000f7080000, 0x00000000f7211530, 0x00000000f7d00000)
  to   space 12800K,   0% used [0x00000000f6400000, 0x00000000f6400000, 0x00000000f7080000)
 concurrent mark-sweep generation total 134144K, used 57417K [0x00000000f7d00000, 0x0000000100000000, 0x0000000100000000)
 Metaspace       used 53021K, capacity 56070K, committed 57088K, reserved 1099776K
  class space    used 6425K, capacity 6953K, committed 7168K, reserved 1048576K
}
{Heap before GC invocations=495 (full 1):
 par new generation   total 115200K, used 104005K [0x00000000f0000000, 0x00000000f7d00000, 0x00000000f7d00000)
  eden space 102400K, 100% used [0x00000000f0000000, 0x00000000f6400000, 0x00000000f6400000)
  from space 12800K,  12% used [0x00000000f7080000, 0x00000000f7211530, 0x00000000f7d00000)
  to   space 12800K,   0% used [0x00000000f6400000, 0x00000000f6400000, 0x00000000f7080000)
 concurrent mark-sweep generation total 134144K, used 57417K [0x00000000f7d00000, 0x0000000100000000, 0x0000000100000000)
 Metaspace       used 53021K, capacity 56070K, committed 57088K, reserved 1099776K
  class space    used 6425K, capacity 6953K, committed 7168K, reserved 1048576K
2023-10-03T09:41:27.555+0800: 1858.064: [GC (Allocation Failure) 2023-10-03T09:41:27.555+0800: 1858.064: [ParNew: 104005K->1463K(115200K), 0.0061659 secs] 161422K->58972K(249344K), 0.0063904 secs] [Times: user=0.05 sys=0.00, real=0.00 secs] 
Heap after GC invocations=496 (full 1):
 par new generation   total 115200K, used 1463K [0x00000000f0000000, 0x00000000f7d00000, 0x00000000f7d00000)
  eden space 102400K,   0% used [0x00000000f0000000, 0x00000000f0000000, 0x00000000f6400000)
  from space 12800K,  11% used [0x00000000f6400000, 0x00000000f656df40, 0x00000000f7080000)
  to   space 12800K,   0% used [0x00000000f7080000, 0x00000000f7080000, 0x00000000f7d00000)
 concurrent mark-sweep generation total 134144K, used 57508K [0x00000000f7d00000, 0x0000000100000000, 0x0000000100000000)
 Metaspace       used 53021K, capacity 56070K, committed 57088K, reserved 1099776K
  class space    used 6425K, capacity 6953K, committed 7168K, reserved 1048576K
}
{Heap before GC invocations=496 (full 1):
 par new generation   total 115200K, used 103863K [0x00000000f0000000, 0x00000000f7d00000, 0x00000000f7d00000)
  eden space 102400K, 100% used [0x00000000f0000000, 0x00000000f6400000, 0x00000000f6400000)
  from space 12800K,  11% used [0x00000000f6400000, 0x00000000f656df40, 0x00000000f7080000)
  to   space 12800K,   0% used [0x00000000f7080000, 0x00000000f7080000, 0x00000000f7d00000)
 concurrent mark-sweep generation total 134144K, used 57508K [0x00000000f7d00000, 0x0000000100000000, 0x0000000100000000)
 Metaspace       used 53021K, capacity 56070K, committed 57088K, reserved 1099776K
  class space    used 6425K, capacity 6953K, committed 7168K, reserved 1048576K
2023-10-03T09:41:31.108+0800: 1861.617: [GC (Allocation Failure) 2023-10-03T09:41:31.108+0800: 1861.617: [ParNew: 103863K->1372K(115200K), 0.0066723 secs] 161372K->58884K(249344K), 0.0069223 secs] [Times: user=0.06 sys=0.00, real=0.01 secs] 
Heap after GC invocations=497 (full 1):
 par new generation   total 115200K, used 1372K [0x00000000f0000000, 0x00000000f7d00000, 0x00000000f7d00000)
  eden space 102400K,   0% used [0x00000000f0000000, 0x00000000f0000000, 0x00000000f6400000)
  from space 12800K,  10% used [0x00000000f7080000, 0x00000000f71d73e0, 0x00000000f7d00000)
  to   space 12800K,   0% used [0x00000000f6400000, 0x00000000f6400000, 0x00000000f7080000)
 concurrent mark-sweep generation total 134144K, used 57511K [0x00000000f7d00000, 0x0000000100000000, 0x0000000100000000)
 Metaspace       used 53021K, capacity 56070K, committed 57088K, reserved 1099776K
  class space    used 6425K, capacity 6953K, committed 7168K, reserved 1048576K
}
{Heap before GC invocations=497 (full 1):
 par new generation   total 115200K, used 103772K [0x00000000f0000000, 0x00000000f7d00000, 0x00000000f7d00000)
  eden space 102400K, 100% used [0x00000000f0000000, 0x00000000f6400000, 0x00000000f6400000)
  from space 12800K,  10% used [0x00000000f7080000, 0x00000000f71d73e0, 0x00000000f7d00000)
  to   space 12800K,   0% used [0x00000000f6400000, 0x00000000f6400000, 0x00000000f7080000)
 concurrent mark-sweep generation total 134144K, used 57511K [0x00000000f7d00000, 0x0000000100000000, 0x0000000100000000)
 Metaspace       used 53021K, capacity 56070K, committed 57088K, reserved 1099776K
  class space    used 6425K, capacity 6953K, committed 7168K, reserved 1048576K
2023-10-03T09:41:34.760+0800: 1865.269: [GC (Allocation Failure) 2023-10-03T09:41:34.760+0800: 1865.269: [ParNew: 103772K->1360K(115200K), 0.0066281 secs] 161284K->58875K(249344K), 0.0068747 secs] [Times: user=0.05 sys=0.00, real=0.01 secs] 
Heap after GC invocations=498 (full 1):
 par new generation   total 115200K, used 1360K [0x00000000f0000000, 0x00000000f7d00000, 0x00000000f7d00000)
  eden space 102400K,   0% used [0x00000000f0000000, 0x00000000f0000000, 0x00000000f6400000)
  from space 12800K,  10% used [0x00000000f6400000, 0x00000000f6554080, 0x00000000f7080000)
  to   space 12800K,   0% used [0x00000000f7080000, 0x00000000f7080000, 0x00000000f7d00000)
 concurrent mark-sweep generation total 134144K, used 57515K [0x00000000f7d00000, 0x0000000100000000, 0x0000000100000000)
 Metaspace       used 53021K, capacity 56070K, committed 57088K, reserved 1099776K
  class space    used 6425K, capacity 6953K, committed 7168K, reserved 1048576K
}
{Heap before GC invocations=498 (full 1):
 par new generation   total 115200K, used 103760K [0x00000000f0000000, 0x00000000f7d00000, 0x00000000f7d00000)
  eden space 102400K, 100% used [0x00000000f0000000, 0x00000000f6400000, 0x00000000f6400000)
  from space 12800K,  10% used [0x00000000f6400000, 0x00000000f6554080, 0x00000000f7080000)
  to   space 12800K,   0% used [0x00000000f7080000, 0x00000000f7080000, 0x00000000f7d00000)
 concurrent mark-sweep generation total 134144K, used 57515K [0x00000000f7d00000, 0x0000000100000000, 0x0000000100000000)
 Metaspace       used 53021K, capacity 56070K, committed 57088K, reserved 1099776K
  class space    used 6425K, capacity 6953K, committed 7168K, reserved 1048576K
2023-10-03T09:41:38.386+0800: 1868.895: [GC (Allocation Failure) 2023-10-03T09:41:38.386+0800: 1868.895: [ParNew: 103760K->1354K(115200K), 0.0056838 secs] 161275K->58872K(249344K), 0.0058500 secs] [Times: user=0.05 sys=0.01, real=0.00 secs] 
Heap after GC invocations=499 (full 1):
 par new generation   total 115200K, used 1354K [0x00000000f0000000, 0x00000000f7d00000, 0x00000000f7d00000)
  eden space 102400K,   0% used [0x00000000f0000000, 0x00000000f0000000, 0x00000000f6400000)
  from space 12800K,  10% used [0x00000000f7080000, 0x00000000f71d2be0, 0x00000000f7d00000)
  to   space 12800K,   0% used [0x00000000f6400000, 0x00000000f6400000, 0x00000000f7080000)
 concurrent mark-sweep generation total 134144K, used 57517K [0x00000000f7d00000, 0x0000000100000000, 0x0000000100000000)
 Metaspace       used 53021K, capacity 56070K, committed 57088K, reserved 1099776K
  class space    used 6425K, capacity 6953K, committed 7168K, reserved 1048576K
}
{Heap before GC invocations=499 (full 1):
 par new generation   total 115200K, used 103754K [0x00000000f0000000, 0x00000000f7d00000, 0x00000000f7d00000)
  eden space 102400K, 100% used [0x00000000f0000000, 0x00000000f6400000, 0x00000000f6400000)
  from space 12800K,  10% used [0x00000000f7080000, 0x00000000f71d2be0, 0x00000000f7d00000)
  to   space 12800K,   0% used [0x00000000f6400000, 0x00000000f6400000, 0x00000000f7080000)
 concurrent mark-sweep generation total 134144K, used 57517K [0x00000000f7d00000, 0x0000000100000000, 0x0000000100000000)
 Metaspace       used 53021K, capacity 56070K, committed 57088K, reserved 1099776K
  class space    used 6425K, capacity 6953K, committed 7168K, reserved 1048576K
2023-10-03T09:41:42.084+0800: 1872.593: [GC (Allocation Failure) 2023-10-03T09:41:42.084+0800: 1872.593: [ParNew: 103754K->1328K(115200K), 0.0062304 secs] 161272K->58846K(249344K), 0.0064166 secs] [Times: user=0.06 sys=0.00, real=0.00 secs] 
Heap after GC invocations=500 (full 1):
 par new generation   total 115200K, used 1328K [0x00000000f0000000, 0x00000000f7d00000, 0x00000000f7d00000)
  eden space 102400K,   0% used [0x00000000f0000000, 0x00000000f0000000, 0x00000000f6400000)
  from space 12800K,  10% used [0x00000000f6400000, 0x00000000f654c2e0, 0x00000000f7080000)
  to   space 12800K,   0% used [0x00000000f7080000, 0x00000000f7080000, 0x00000000f7d00000)
 concurrent mark-sweep generation total 134144K, used 57517K [0x00000000f7d00000, 0x0000000100000000, 0x0000000100000000)
 Metaspace       used 53021K, capacity 56070K, committed 57088K, reserved 1099776K
  class space    used 6425K, capacity 6953K, committed 7168K, reserved 1048576K
}
{Heap before GC invocations=500 (full 1):
 par new generation   total 115200K, used 103728K [0x00000000f0000000, 0x00000000f7d00000, 0x00000000f7d00000)
  eden space 102400K, 100% used [0x00000000f0000000, 0x00000000f6400000, 0x00000000f6400000)
  from space 12800K,  10% used [0x00000000f6400000, 0x00000000f654c2e0, 0x00000000f7080000)
  to   space 12800K,   0% used [0x00000000f7080000, 0x00000000f7080000, 0x00000000f7d00000)
 concurrent mark-sweep generation total 134144K, used 57517K [0x00000000f7d00000, 0x0000000100000000, 0x0000000100000000)
 Metaspace       used 53021K, capacity 56070K, committed 57088K, reserved 1099776K
  class space    used 6425K, capacity 6953K, committed 7168K, reserved 1048576K
2023-10-03T09:41:45.686+0800: 1876.196: [GC (Allocation Failure) 2023-10-03T09:41:45.686+0800: 1876.196: [ParNew: 103728K->1449K(115200K), 0.0058234 secs] 161246K->58971K(249344K), 0.0059907 secs] [Times: user=0.05 sys=0.00, real=0.01 secs] 
Heap after GC invocations=501 (full 1):
 par new generation   total 115200K, used 1449K [0x00000000f0000000, 0x00000000f7d00000, 0x00000000f7d00000)
  eden space 102400K,   0% used [0x00000000f0000000, 0x00000000f0000000, 0x00000000f6400000)
  from space 12800K,  11% used [0x00000000f7080000, 0x00000000f71ea738, 0x00000000f7d00000)
  to   space 12800K,   0% used [0x00000000f6400000, 0x00000000f6400000, 0x00000000f7080000)
 concurrent mark-sweep generation total 134144K, used 57521K [0x00000000f7d00000, 0x0000000100000000, 0x0000000100000000)
 Metaspace       used 53021K, capacity 56070K, committed 57088K, reserved 1099776K
  class space    used 6425K, capacity 6953K, committed 7168K, reserved 1048576K
}
{Heap before GC invocations=501 (full 1):
 par new generation   total 115200K, used 103849K [0x00000000f0000000, 0x00000000f7d00000, 0x00000000f7d00000)
  eden space 102400K, 100% used [0x00000000f0000000, 0x00000000f6400000, 0x00000000f6400000)
  from space 12800K,  11% used [0x00000000f7080000, 0x00000000f71ea738, 0x00000000f7d00000)
  to   space 12800K,   0% used [0x00000000f6400000, 0x00000000f6400000, 0x00000000f7080000)
 concurrent mark-sweep generation total 134144K, used 57521K [0x00000000f7d00000, 0x0000000100000000, 0x0000000100000000)
 Metaspace       used 53021K, capacity 56070K, committed 57088K, reserved 1099776K
  class space    used 6425K, capacity 6953K, committed 7168K, reserved 1048576K
2023-10-03T09:41:49.243+0800: 1879.752: [GC (Allocation Failure) 2023-10-03T09:41:49.243+0800: 1879.752: [ParNew: 103849K->1340K(115200K), 0.0195085 secs] 161371K->58863K(249344K), 0.0197390 secs] [Times: user=0.05 sys=0.01, real=0.02 secs] 
Heap after GC invocations=502 (full 1):
 par new generation   total 115200K, used 1340K [0x00000000f0000000, 0x00000000f7d00000, 0x00000000f7d00000)
  eden space 102400K,   0% used [0x00000000f0000000, 0x00000000f0000000, 0x00000000f6400000)
  from space 12800K,  10% used [0x00000000f6400000, 0x00000000f654f220, 0x00000000f7080000)
  to   space 12800K,   0% used [0x00000000f7080000, 0x00000000f7080000, 0x00000000f7d00000)
 concurrent mark-sweep generation total 134144K, used 57523K [0x00000000f7d00000, 0x0000000100000000, 0x0000000100000000)
 Metaspace       used 53021K, capacity 56070K, committed 57088K, reserved 1099776K
  class space    used 6425K, capacity 6953K, committed 7168K, reserved 1048576K
}
{Heap before GC invocations=502 (full 1):
 par new generation   total 115200K, used 103740K [0x00000000f0000000, 0x00000000f7d00000, 0x00000000f7d00000)
  eden space 102400K, 100% used [0x00000000f0000000, 0x00000000f6400000, 0x00000000f6400000)
  from space 12800K,  10% used [0x00000000f6400000, 0x00000000f654f220, 0x00000000f7080000)
  to   space 12800K,   0% used [0x00000000f7080000, 0x00000000f7080000, 0x00000000f7d00000)
 concurrent mark-sweep generation total 134144K, used 57523K [0x00000000f7d00000, 0x0000000100000000, 0x0000000100000000)
 Metaspace       used 53021K, capacity 56070K, committed 57088K, reserved 1099776K
  class space    used 6425K, capacity 6953K, committed 7168K, reserved 1048576K
2023-10-03T09:41:52.812+0800: 1883.321: [GC (Allocation Failure) 2023-10-03T09:41:52.812+0800: 1883.321: [ParNew: 103740K->1345K(115200K), 0.0066933 secs] 161263K->58880K(249344K), 0.0069484 secs] [Times: user=0.05 sys=0.00, real=0.00 secs] 
Heap after GC invocations=503 (full 1):
 par new generation   total 115200K, used 1345K [0x00000000f0000000, 0x00000000f7d00000, 0x00000000f7d00000)
  eden space 102400K,   0% used [0x00000000f0000000, 0x00000000f0000000, 0x00000000f6400000)
  from space 12800K,  10% used [0x00000000f7080000, 0x00000000f71d06c0, 0x00000000f7d00000)
  to   space 12800K,   0% used [0x00000000f6400000, 0x00000000f6400000, 0x00000000f7080000)
 concurrent mark-sweep generation total 134144K, used 57534K [0x00000000f7d00000, 0x0000000100000000, 0x0000000100000000)
 Metaspace       used 53021K, capacity 56070K, committed 57088K, reserved 1099776K
  class space    used 6425K, capacity 6953K, committed 7168K, reserved 1048576K
}
{Heap before GC invocations=503 (full 1):
 par new generation   total 115200K, used 103745K [0x00000000f0000000, 0x00000000f7d00000, 0x00000000f7d00000)
  eden space 102400K, 100% used [0x00000000f0000000, 0x00000000f6400000, 0x00000000f6400000)
  from space 12800K,  10% used [0x00000000f7080000, 0x00000000f71d06c0, 0x00000000f7d00000)
  to   space 12800K,   0% used [0x00000000f6400000, 0x00000000f6400000, 0x00000000f7080000)
 concurrent mark-sweep generation total 134144K, used 57534K [0x00000000f7d00000, 0x0000000100000000, 0x0000000100000000)
 Metaspace       used 53021K, capacity 56070K, committed 57088K, reserved 1099776K
  class space    used 6425K, capacity 6953K, committed 7168K, reserved 1048576K
2023-10-03T09:41:56.475+0800: 1886.984: [GC (Allocation Failure) 2023-10-03T09:41:56.475+0800: 1886.984: [ParNew: 103745K->1350K(115200K), 0.0060957 secs] 161280K->58885K(249344K), 0.0062691 secs] [Times: user=0.06 sys=0.00, real=0.00 secs] 
Heap after GC invocations=504 (full 1):
 par new generation   total 115200K, used 1350K [0x00000000f0000000, 0x00000000f7d00000, 0x00000000f7d00000)
  eden space 102400K,   0% used [0x00000000f0000000, 0x00000000f0000000, 0x00000000f6400000)
  from space 12800K,  10% used [0x00000000f6400000, 0x00000000f65518c0, 0x00000000f7080000)
  to   space 12800K,   0% used [0x00000000f7080000, 0x00000000f7080000, 0x00000000f7d00000)
 concurrent mark-sweep generation total 134144K, used 57535K [0x00000000f7d00000, 0x0000000100000000, 0x0000000100000000)
 Metaspace       used 53021K, capacity 56070K, committed 57088K, reserved 1099776K
  class space    used 6425K, capacity 6953K, committed 7168K, reserved 1048576K
}
{Heap before GC invocations=504 (full 1):
 par new generation   total 115200K, used 103750K [0x00000000f0000000, 0x00000000f7d00000, 0x00000000f7d00000)
  eden space 102400K, 100% used [0x00000000f0000000, 0x00000000f6400000, 0x00000000f6400000)
  from space 12800K,  10% used [0x00000000f6400000, 0x00000000f65518c0, 0x00000000f7080000)
  to   space 12800K,   0% used [0x00000000f7080000, 0x00000000f7080000, 0x00000000f7d00000)
 concurrent mark-sweep generation total 134144K, used 57535K [0x00000000f7d00000, 0x0000000100000000, 0x0000000100000000)
 Metaspace       used 53021K, capacity 56070K, committed 57088K, reserved 1099776K
  class space    used 6425K, capacity 6953K, committed 7168K, reserved 1048576K
2023-10-03T09:42:00.026+0800: 1890.535: [GC (Allocation Failure) 2023-10-03T09:42:00.026+0800: 1890.535: [ParNew: 103750K->1351K(115200K), 0.0065369 secs] 161285K->58886K(249344K), 0.0067860 secs] [Times: user=0.05 sys=0.00, real=0.01 secs] 
Heap after GC invocations=505 (full 1):
 par new generation   total 115200K, used 1351K [0x00000000f0000000, 0x00000000f7d00000, 0x00000000f7d00000)
  eden space 102400K,   0% used [0x00000000f0000000, 0x00000000f0000000, 0x00000000f6400000)
  from space 12800K,  10% used [0x00000000f7080000, 0x00000000f71d1f80, 0x00000000f7d00000)
  to   space 12800K,   0% used [0x00000000f6400000, 0x00000000f6400000, 0x00000000f7080000)
 concurrent mark-sweep generation total 134144K, used 57535K [0x00000000f7d00000, 0x0000000100000000, 0x0000000100000000)
 Metaspace       used 53021K, capacity 56070K, committed 57088K, reserved 1099776K
  class space    used 6425K, capacity 6953K, committed 7168K, reserved 1048576K
}
{Heap before GC invocations=505 (full 1):
 par new generation   total 115200K, used 103751K [0x00000000f0000000, 0x00000000f7d00000, 0x00000000f7d00000)
  eden space 102400K, 100% used [0x00000000f0000000, 0x00000000f6400000, 0x00000000f6400000)
  from space 12800K,  10% used [0x00000000f7080000, 0x00000000f71d1f80, 0x00000000f7d00000)
  to   space 12800K,   0% used [0x00000000f6400000, 0x00000000f6400000, 0x00000000f7080000)
 concurrent mark-sweep generation total 134144K, used 57535K [0x00000000f7d00000, 0x0000000100000000, 0x0000000100000000)
 Metaspace       used 53021K, capacity 56070K, committed 57088K, reserved 1099776K
  class space    used 6425K, capacity 6953K, committed 7168K, reserved 1048576K
2023-10-03T09:42:03.769+0800: 1894.278: [GC (Allocation Failure) 2023-10-03T09:42:03.769+0800: 1894.278: [ParNew: 103751K->1349K(115200K), 0.0059893 secs] 161286K->58884K(249344K), 0.0061915 secs] [Times: user=0.05 sys=0.00, real=0.01 secs] 
Heap after GC invocations=506 (full 1):
 par new generation   total 115200K, used 1349K [0x00000000f0000000, 0x00000000f7d00000, 0x00000000f7d00000)
  eden space 102400K,   0% used [0x00000000f0000000, 0x00000000f0000000, 0x00000000f6400000)
  from space 12800K,  10% used [0x00000000f6400000, 0x00000000f65516e0, 0x00000000f7080000)
  to   space 12800K,   0% used [0x00000000f7080000, 0x00000000f7080000, 0x00000000f7d00000)
 concurrent mark-sweep generation total 134144K, used 57535K [0x00000000f7d00000, 0x0000000100000000, 0x0000000100000000)
 Metaspace       used 53021K, capacity 56070K, committed 57088K, reserved 1099776K
  class space    used 6425K, capacity 6953K, committed 7168K, reserved 1048576K
}
{Heap before GC invocations=506 (full 1):
 par new generation   total 115200K, used 103749K [0x00000000f0000000, 0x00000000f7d00000, 0x00000000f7d00000)
  eden space 102400K, 100% used [0x00000000f0000000, 0x00000000f6400000, 0x00000000f6400000)
  from space 12800K,  10% used [0x00000000f6400000, 0x00000000f65516e0, 0x00000000f7080000)
  to   space 12800K,   0% used [0x00000000f7080000, 0x00000000f7080000, 0x00000000f7d00000)
 concurrent mark-sweep generation total 134144K, used 57535K [0x00000000f7d00000, 0x0000000100000000, 0x0000000100000000)
 Metaspace       used 53021K, capacity 56070K, committed 57088K, reserved 1099776K
  class space    used 6425K, capacity 6953K, committed 7168K, reserved 1048576K
2023-10-03T09:42:07.388+0800: 1897.897: [GC (Allocation Failure) 2023-10-03T09:42:07.388+0800: 1897.898: [ParNew: 103749K->1314K(115200K), 0.0032579 secs] 161284K->58850K(249344K), 0.0034213 secs] [Times: user=0.02 sys=0.00, real=0.00 secs] 
Heap after GC invocations=507 (full 1):
 par new generation   total 115200K, used 1314K [0x00000000f0000000, 0x00000000f7d00000, 0x00000000f7d00000)
  eden space 102400K,   0% used [0x00000000f0000000, 0x00000000f0000000, 0x00000000f6400000)
  from space 12800K,  10% used [0x00000000f7080000, 0x00000000f71c88c0, 0x00000000f7d00000)
  to   space 12800K,   0% used [0x00000000f6400000, 0x00000000f6400000, 0x00000000f7080000)
 concurrent mark-sweep generation total 134144K, used 57535K [0x00000000f7d00000, 0x0000000100000000, 0x0000000100000000)
 Metaspace       used 53021K, capacity 56070K, committed 57088K, reserved 1099776K
  class space    used 6425K, capacity 6953K, committed 7168K, reserved 1048576K
}
{Heap before GC invocations=507 (full 1):
 par new generation   total 115200K, used 103714K [0x00000000f0000000, 0x00000000f7d00000, 0x00000000f7d00000)
  eden space 102400K, 100% used [0x00000000f0000000, 0x00000000f6400000, 0x00000000f6400000)
  from space 12800K,  10% used [0x00000000f7080000, 0x00000000f71c88c0, 0x00000000f7d00000)
  to   space 12800K,   0% used [0x00000000f6400000, 0x00000000f6400000, 0x00000000f7080000)
 concurrent mark-sweep generation total 134144K, used 57535K [0x00000000f7d00000, 0x0000000100000000, 0x0000000100000000)
 Metaspace       used 53021K, capacity 56070K, committed 57088K, reserved 1099776K
  class space    used 6425K, capacity 6953K, committed 7168K, reserved 1048576K
2023-10-03T09:42:10.962+0800: 1901.471: [GC (Allocation Failure) 2023-10-03T09:42:10.962+0800: 1901.471: [ParNew: 103714K->1428K(115200K), 0.0061708 secs] 161250K->58968K(249344K), 0.0064232 secs] [Times: user=0.05 sys=0.01, real=0.01 secs] 
Heap after GC invocations=508 (full 1):
 par new generation   total 115200K, used 1428K [0x00000000f0000000, 0x00000000f7d00000, 0x00000000f7d00000)
  eden space 102400K,   0% used [0x00000000f0000000, 0x00000000f0000000, 0x00000000f6400000)
  from space 12800K,  11% used [0x00000000f6400000, 0x00000000f65650b0, 0x00000000f7080000)
  to   space 12800K,   0% used [0x00000000f7080000, 0x00000000f7080000, 0x00000000f7d00000)
 concurrent mark-sweep generation total 134144K, used 57539K [0x00000000f7d00000, 0x0000000100000000, 0x0000000100000000)
 Metaspace       used 53021K, capacity 56070K, committed 57088K, reserved 1099776K
  class space    used 6425K, capacity 6953K, committed 7168K, reserved 1048576K
}
{Heap before GC invocations=508 (full 1):
 par new generation   total 115200K, used 103828K [0x00000000f0000000, 0x00000000f7d00000, 0x00000000f7d00000)
  eden space 102400K, 100% used [0x00000000f0000000, 0x00000000f6400000, 0x00000000f6400000)
  from space 12800K,  11% used [0x00000000f6400000, 0x00000000f65650b0, 0x00000000f7080000)
  to   space 12800K,   0% used [0x00000000f7080000, 0x00000000f7080000, 0x00000000f7d00000)
 concurrent mark-sweep generation total 134144K, used 57539K [0x00000000f7d00000, 0x0000000100000000, 0x0000000100000000)
 Metaspace       used 53022K, capacity 56070K, committed 57088K, reserved 1099776K
  class space    used 6425K, capacity 6953K, committed 7168K, reserved 1048576K
2023-10-03T09:42:14.515+0800: 1905.024: [GC (Allocation Failure) 2023-10-03T09:42:14.515+0800: 1905.024: [ParNew: 103828K->1447K(115200K), 0.0066903 secs] 161368K->58987K(249344K), 0.0069502 secs] [Times: user=0.05 sys=0.00, real=0.01 secs] 
Heap after GC invocations=509 (full 1):
 par new generation   total 115200K, used 1447K [0x00000000f0000000, 0x00000000f7d00000, 0x00000000f7d00000)
  eden space 102400K,   0% used [0x00000000f0000000, 0x00000000f0000000, 0x00000000f6400000)
  from space 12800K,  11% used [0x00000000f7080000, 0x00000000f71e9d78, 0x00000000f7d00000)
  to   space 12800K,   0% used [0x00000000f6400000, 0x00000000f6400000, 0x00000000f7080000)
 concurrent mark-sweep generation total 134144K, used 57539K [0x00000000f7d00000, 0x0000000100000000, 0x0000000100000000)
 Metaspace       used 53022K, capacity 56070K, committed 57088K, reserved 1099776K
  class space    used 6425K, capacity 6953K, committed 7168K, reserved 1048576K
}
{Heap before GC invocations=509 (full 1):
 par new generation   total 115200K, used 103847K [0x00000000f0000000, 0x00000000f7d00000, 0x00000000f7d00000)
  eden space 102400K, 100% used [0x00000000f0000000, 0x00000000f6400000, 0x00000000f6400000)
  from space 12800K,  11% used [0x00000000f7080000, 0x00000000f71e9d78, 0x00000000f7d00000)
  to   space 12800K,   0% used [0x00000000f6400000, 0x00000000f6400000, 0x00000000f7080000)
 concurrent mark-sweep generation total 134144K, used 57539K [0x00000000f7d00000, 0x0000000100000000, 0x0000000100000000)
 Metaspace       used 53022K, capacity 56070K, committed 57088K, reserved 1099776K
  class space    used 6425K, capacity 6953K, committed 7168K, reserved 1048576K
2023-10-03T09:42:18.190+0800: 1908.699: [GC (Allocation Failure) 2023-10-03T09:42:18.190+0800: 1908.699: [ParNew: 103847K->1354K(115200K), 0.0059100 secs] 161387K->58895K(249344K), 0.0061173 secs] [Times: user=0.05 sys=0.00, real=0.01 secs] 
Heap after GC invocations=510 (full 1):
 par new generation   total 115200K, used 1354K [0x00000000f0000000, 0x00000000f7d00000, 0x00000000f7d00000)
  eden space 102400K,   0% used [0x00000000f0000000, 0x00000000f0000000, 0x00000000f6400000)
  from space 12800K,  10% used [0x00000000f6400000, 0x00000000f6552a60, 0x00000000f7080000)
  to   space 12800K,   0% used [0x00000000f7080000, 0x00000000f7080000, 0x00000000f7d00000)
 concurrent mark-sweep generation total 134144K, used 57541K [0x00000000f7d00000, 0x0000000100000000, 0x0000000100000000)
 Metaspace       used 53022K, capacity 56070K, committed 57088K, reserved 1099776K
  class space    used 6425K, capacity 6953K, committed 7168K, reserved 1048576K
}
{Heap before GC invocations=510 (full 1):
 par new generation   total 115200K, used 103754K [0x00000000f0000000, 0x00000000f7d00000, 0x00000000f7d00000)
  eden space 102400K, 100% used [0x00000000f0000000, 0x00000000f6400000, 0x00000000f6400000)
  from space 12800K,  10% used [0x00000000f6400000, 0x00000000f6552a60, 0x00000000f7080000)
  to   space 12800K,   0% used [0x00000000f7080000, 0x00000000f7080000, 0x00000000f7d00000)
 concurrent mark-sweep generation total 134144K, used 57541K [0x00000000f7d00000, 0x0000000100000000, 0x0000000100000000)
 Metaspace       used 53022K, capacity 56070K, committed 57088K, reserved 1099776K
  class space    used 6425K, capacity 6953K, committed 7168K, reserved 1048576K
2023-10-03T09:42:21.880+0800: 1912.389: [GC (Allocation Failure) 2023-10-03T09:42:21.880+0800: 1912.389: [ParNew: 103754K->7504K(115200K), 0.0215450 secs] 161295K->65046K(249344K), 0.0217800 secs] [Times: user=0.07 sys=0.00, real=0.02 secs] 
Heap after GC invocations=511 (full 1):
 par new generation   total 115200K, used 7504K [0x00000000f0000000, 0x00000000f7d00000, 0x00000000f7d00000)
  eden space 102400K,   0% used [0x00000000f0000000, 0x00000000f0000000, 0x00000000f6400000)
  from space 12800K,  58% used [0x00000000f7080000, 0x00000000f77d4000, 0x00000000f7d00000)
  to   space 12800K,   0% used [0x00000000f6400000, 0x00000000f6400000, 0x00000000f7080000)
 concurrent mark-sweep generation total 134144K, used 57542K [0x00000000f7d00000, 0x0000000100000000, 0x0000000100000000)
 Metaspace       used 53022K, capacity 56070K, committed 57088K, reserved 1099776K
  class space    used 6425K, capacity 6953K, committed 7168K, reserved 1048576K
}
{Heap before GC invocations=511 (full 1):
 par new generation   total 115200K, used 109904K [0x00000000f0000000, 0x00000000f7d00000, 0x00000000f7d00000)
  eden space 102400K, 100% used [0x00000000f0000000, 0x00000000f6400000, 0x00000000f6400000)
  from space 12800K,  58% used [0x00000000f7080000, 0x00000000f77d4000, 0x00000000f7d00000)
  to   space 12800K,   0% used [0x00000000f6400000, 0x00000000f6400000, 0x00000000f7080000)
 concurrent mark-sweep generation total 134144K, used 57542K [0x00000000f7d00000, 0x0000000100000000, 0x0000000100000000)
 Metaspace       used 53022K, capacity 56070K, committed 57088K, reserved 1099776K
  class space    used 6425K, capacity 6953K, committed 7168K, reserved 1048576K
2023-10-03T09:42:25.452+0800: 1915.961: [GC (Allocation Failure) 2023-10-03T09:42:25.452+0800: 1915.962: [ParNew: 109904K->5439K(115200K), 0.0098552 secs] 167446K->68863K(249344K), 0.0100816 secs] [Times: user=0.08 sys=0.00, real=0.01 secs] 
Heap after GC invocations=512 (full 1):
 par new generation   total 115200K, used 5439K [0x00000000f0000000, 0x00000000f7d00000, 0x00000000f7d00000)
  eden space 102400K,   0% used [0x00000000f0000000, 0x00000000f0000000, 0x00000000f6400000)
  from space 12800K,  42% used [0x00000000f6400000, 0x00000000f694fd80, 0x00000000f7080000)
  to   space 12800K,   0% used [0x00000000f7080000, 0x00000000f7080000, 0x00000000f7d00000)
 concurrent mark-sweep generation total 134144K, used 63423K [0x00000000f7d00000, 0x0000000100000000, 0x0000000100000000)
 Metaspace       used 53022K, capacity 56070K, committed 57088K, reserved 1099776K
  class space    used 6425K, capacity 6953K, committed 7168K, reserved 1048576K
}
{Heap before GC invocations=512 (full 1):
 par new generation   total 115200K, used 107839K [0x00000000f0000000, 0x00000000f7d00000, 0x00000000f7d00000)
  eden space 102400K, 100% used [0x00000000f0000000, 0x00000000f6400000, 0x00000000f6400000)
  from space 12800K,  42% used [0x00000000f6400000, 0x00000000f694fd80, 0x00000000f7080000)
  to   space 12800K,   0% used [0x00000000f7080000, 0x00000000f7080000, 0x00000000f7d00000)
 concurrent mark-sweep generation total 134144K, used 63423K [0x00000000f7d00000, 0x0000000100000000, 0x0000000100000000)
 Metaspace       used 53023K, capacity 56070K, committed 57088K, reserved 1099776K
  class space    used 6425K, capacity 6953K, committed 7168K, reserved 1048576K
2023-10-03T09:42:29.013+0800: 1919.522: [GC (Allocation Failure) 2023-10-03T09:42:29.013+0800: 1919.522: [ParNew: 107839K->2159K(115200K), 0.0063420 secs] 171263K->65583K(249344K), 0.0065940 secs] [Times: user=0.06 sys=0.00, real=0.00 secs] 
Heap after GC invocations=513 (full 1):
 par new generation   total 115200K, used 2159K [0x00000000f0000000, 0x00000000f7d00000, 0x00000000f7d00000)
  eden space 102400K,   0% used [0x00000000f0000000, 0x00000000f0000000, 0x00000000f6400000)
  from space 12800K,  16% used [0x00000000f7080000, 0x00000000f729bf50, 0x00000000f7d00000)
  to   space 12800K,   0% used [0x00000000f6400000, 0x00000000f6400000, 0x00000000f7080000)
 concurrent mark-sweep generation total 134144K, used 63423K [0x00000000f7d00000, 0x0000000100000000, 0x0000000100000000)
 Metaspace       used 53023K, capacity 56070K, committed 57088K, reserved 1099776K
  class space    used 6425K, capacity 6953K, committed 7168K, reserved 1048576K
}
{Heap before GC invocations=513 (full 1):
 par new generation   total 115200K, used 104559K [0x00000000f0000000, 0x00000000f7d00000, 0x00000000f7d00000)
  eden space 102400K, 100% used [0x00000000f0000000, 0x00000000f6400000, 0x00000000f6400000)
  from space 12800K,  16% used [0x00000000f7080000, 0x00000000f729bf50, 0x00000000f7d00000)
  to   space 12800K,   0% used [0x00000000f6400000, 0x00000000f6400000, 0x00000000f7080000)
 concurrent mark-sweep generation total 134144K, used 63423K [0x00000000f7d00000, 0x0000000100000000, 0x0000000100000000)
 Metaspace       used 53023K, capacity 56070K, committed 57088K, reserved 1099776K
  class space    used 6425K, capacity 6953K, committed 7168K, reserved 1048576K
2023-10-03T09:42:32.879+0800: 1923.388: [GC (Allocation Failure) 2023-10-03T09:42:32.879+0800: 1923.389: [ParNew: 104559K->1816K(115200K), 0.0060440 secs] 167983K->65239K(249344K), 0.0062349 secs] [Times: user=0.06 sys=0.00, real=0.01 secs] 
Heap after GC invocations=514 (full 1):
 par new generation   total 115200K, used 1816K [0x00000000f0000000, 0x00000000f7d00000, 0x00000000f7d00000)
  eden space 102400K,   0% used [0x00000000f0000000, 0x00000000f0000000, 0x00000000f6400000)
  from space 12800K,  14% used [0x00000000f6400000, 0x00000000f65c6090, 0x00000000f7080000)
  to   space 12800K,   0% used [0x00000000f7080000, 0x00000000f7080000, 0x00000000f7d00000)
 concurrent mark-sweep generation total 134144K, used 63423K [0x00000000f7d00000, 0x0000000100000000, 0x0000000100000000)
 Metaspace       used 53023K, capacity 56070K, committed 57088K, reserved 1099776K
  class space    used 6425K, capacity 6953K, committed 7168K, reserved 1048576K
}
{Heap before GC invocations=514 (full 1):
 par new generation   total 115200K, used 104216K [0x00000000f0000000, 0x00000000f7d00000, 0x00000000f7d00000)
  eden space 102400K, 100% used [0x00000000f0000000, 0x00000000f6400000, 0x00000000f6400000)
  from space 12800K,  14% used [0x00000000f6400000, 0x00000000f65c6090, 0x00000000f7080000)
  to   space 12800K,   0% used [0x00000000f7080000, 0x00000000f7080000, 0x00000000f7d00000)
 concurrent mark-sweep generation total 134144K, used 63423K [0x00000000f7d00000, 0x0000000100000000, 0x0000000100000000)
 Metaspace       used 53029K, capacity 56070K, committed 57088K, reserved 1099776K
  class space    used 6425K, capacity 6953K, committed 7168K, reserved 1048576K
2023-10-03T09:42:36.439+0800: 1926.948: [GC (Allocation Failure) 2023-10-03T09:42:36.439+0800: 1926.948: [ParNew: 104216K->1874K(115200K), 0.0063072 secs] 167639K->65297K(249344K), 0.0065230 secs] [Times: user=0.05 sys=0.00, real=0.01 secs] 
Heap after GC invocations=515 (full 1):
 par new generation   total 115200K, used 1874K [0x00000000f0000000, 0x00000000f7d00000, 0x00000000f7d00000)
  eden space 102400K,   0% used [0x00000000f0000000, 0x00000000f0000000, 0x00000000f6400000)
  from space 12800K,  14% used [0x00000000f7080000, 0x00000000f7254820, 0x00000000f7d00000)
  to   space 12800K,   0% used [0x00000000f6400000, 0x00000000f6400000, 0x00000000f7080000)
 concurrent mark-sweep generation total 134144K, used 63423K [0x00000000f7d00000, 0x0000000100000000, 0x0000000100000000)
 Metaspace       used 53029K, capacity 56070K, committed 57088K, reserved 1099776K
  class space    used 6425K, capacity 6953K, committed 7168K, reserved 1048576K
}
{Heap before GC invocations=515 (full 1):
 par new generation   total 115200K, used 104274K [0x00000000f0000000, 0x00000000f7d00000, 0x00000000f7d00000)
  eden space 102400K, 100% used [0x00000000f0000000, 0x00000000f6400000, 0x00000000f6400000)
  from space 12800K,  14% used [0x00000000f7080000, 0x00000000f7254820, 0x00000000f7d00000)
  to   space 12800K,   0% used [0x00000000f6400000, 0x00000000f6400000, 0x00000000f7080000)
 concurrent mark-sweep generation total 134144K, used 63423K [0x00000000f7d00000, 0x0000000100000000, 0x0000000100000000)
 Metaspace       used 53029K, capacity 56070K, committed 57088K, reserved 1099776K
  class space    used 6425K, capacity 6953K, committed 7168K, reserved 1048576K
2023-10-03T09:42:40.002+0800: 1930.511: [GC (Allocation Failure) 2023-10-03T09:42:40.002+0800: 1930.511: [ParNew: 104274K->2425K(115200K), 0.0063599 secs] 167697K->65849K(249344K), 0.0065853 secs] [Times: user=0.04 sys=0.01, real=0.00 secs] 
Heap after GC invocations=516 (full 1):
 par new generation   total 115200K, used 2425K [0x00000000f0000000, 0x00000000f7d00000, 0x00000000f7d00000)
  eden space 102400K,   0% used [0x00000000f0000000, 0x00000000f0000000, 0x00000000f6400000)
  from space 12800K,  18% used [0x00000000f6400000, 0x00000000f665e7b0, 0x00000000f7080000)
  to   space 12800K,   0% used [0x00000000f7080000, 0x00000000f7080000, 0x00000000f7d00000)
 concurrent mark-sweep generation total 134144K, used 63423K [0x00000000f7d00000, 0x0000000100000000, 0x0000000100000000)
 Metaspace       used 53029K, capacity 56070K, committed 57088K, reserved 1099776K
  class space    used 6425K, capacity 6953K, committed 7168K, reserved 1048576K
}
{Heap before GC invocations=516 (full 1):
 par new generation   total 115200K, used 104825K [0x00000000f0000000, 0x00000000f7d00000, 0x00000000f7d00000)
  eden space 102400K, 100% used [0x00000000f0000000, 0x00000000f6400000, 0x00000000f6400000)
  from space 12800K,  18% used [0x00000000f6400000, 0x00000000f665e7b0, 0x00000000f7080000)
  to   space 12800K,   0% used [0x00000000f7080000, 0x00000000f7080000, 0x00000000f7d00000)
 concurrent mark-sweep generation total 134144K, used 63423K [0x00000000f7d00000, 0x0000000100000000, 0x0000000100000000)
 Metaspace       used 53029K, capacity 56070K, committed 57088K, reserved 1099776K
  class space    used 6425K, capacity 6953K, committed 7168K, reserved 1048576K
2023-10-03T09:42:43.599+0800: 1934.108: [GC (Allocation Failure) 2023-10-03T09:42:43.599+0800: 1934.108: [ParNew: 104825K->3016K(115200K), 0.0070851 secs] 168249K->66439K(249344K), 0.0073368 secs] [Times: user=0.05 sys=0.01, real=0.01 secs] 
Heap after GC invocations=517 (full 1):
 par new generation   total 115200K, used 3016K [0x00000000f0000000, 0x00000000f7d00000, 0x00000000f7d00000)
  eden space 102400K,   0% used [0x00000000f0000000, 0x00000000f0000000, 0x00000000f6400000)
  from space 12800K,  23% used [0x00000000f7080000, 0x00000000f7372028, 0x00000000f7d00000)
  to   space 12800K,   0% used [0x00000000f6400000, 0x00000000f6400000, 0x00000000f7080000)
 concurrent mark-sweep generation total 134144K, used 63423K [0x00000000f7d00000, 0x0000000100000000, 0x0000000100000000)
 Metaspace       used 53029K, capacity 56070K, committed 57088K, reserved 1099776K
  class space    used 6425K, capacity 6953K, committed 7168K, reserved 1048576K
}
{Heap before GC invocations=517 (full 1):
 par new generation   total 115200K, used 105416K [0x00000000f0000000, 0x00000000f7d00000, 0x00000000f7d00000)
  eden space 102400K, 100% used [0x00000000f0000000, 0x00000000f6400000, 0x00000000f6400000)
  from space 12800K,  23% used [0x00000000f7080000, 0x00000000f7372028, 0x00000000f7d00000)
  to   space 12800K,   0% used [0x00000000f6400000, 0x00000000f6400000, 0x00000000f7080000)
 concurrent mark-sweep generation total 134144K, used 63423K [0x00000000f7d00000, 0x0000000100000000, 0x0000000100000000)
 Metaspace       used 53032K, capacity 56078K, committed 57088K, reserved 1099776K
  class space    used 6425K, capacity 6953K, committed 7168K, reserved 1048576K
2023-10-03T09:42:47.153+0800: 1937.662: [GC (Allocation Failure) 2023-10-03T09:42:47.153+0800: 1937.663: [ParNew: 105416K->2673K(115200K), 0.0071659 secs] 168839K->66171K(249344K), 0.0073917 secs] [Times: user=0.06 sys=0.00, real=0.00 secs] 
Heap after GC invocations=518 (full 1):
 par new generation   total 115200K, used 2673K [0x00000000f0000000, 0x00000000f7d00000, 0x00000000f7d00000)
  eden space 102400K,   0% used [0x00000000f0000000, 0x00000000f0000000, 0x00000000f6400000)
  from space 12800K,  20% used [0x00000000f6400000, 0x00000000f669c4f0, 0x00000000f7080000)
  to   space 12800K,   0% used [0x00000000f7080000, 0x00000000f7080000, 0x00000000f7d00000)
 concurrent mark-sweep generation total 134144K, used 63497K [0x00000000f7d00000, 0x0000000100000000, 0x0000000100000000)
 Metaspace       used 53032K, capacity 56078K, committed 57088K, reserved 1099776K
  class space    used 6425K, capacity 6953K, committed 7168K, reserved 1048576K
}
{Heap before GC invocations=518 (full 1):
 par new generation   total 115200K, used 105073K [0x00000000f0000000, 0x00000000f7d00000, 0x00000000f7d00000)
  eden space 102400K, 100% used [0x00000000f0000000, 0x00000000f6400000, 0x00000000f6400000)
  from space 12800K,  20% used [0x00000000f6400000, 0x00000000f669c4f0, 0x00000000f7080000)
  to   space 12800K,   0% used [0x00000000f7080000, 0x00000000f7080000, 0x00000000f7d00000)
 concurrent mark-sweep generation total 134144K, used 63497K [0x00000000f7d00000, 0x0000000100000000, 0x0000000100000000)
 Metaspace       used 53032K, capacity 56078K, committed 57088K, reserved 1099776K
  class space    used 6425K, capacity 6953K, committed 7168K, reserved 1048576K
2023-10-03T09:42:50.711+0800: 1941.220: [GC (Allocation Failure) 2023-10-03T09:42:50.711+0800: 1941.220: [ParNew: 105073K->2665K(115200K), 0.0067398 secs] 168571K->66279K(249344K), 0.0069863 secs] [Times: user=0.06 sys=0.00, real=0.01 secs] 
Heap after GC invocations=519 (full 1):
 par new generation   total 115200K, used 2665K [0x00000000f0000000, 0x00000000f7d00000, 0x00000000f7d00000)
  eden space 102400K,   0% used [0x00000000f0000000, 0x00000000f0000000, 0x00000000f6400000)
  from space 12800K,  20% used [0x00000000f7080000, 0x00000000f731a570, 0x00000000f7d00000)
  to   space 12800K,   0% used [0x00000000f6400000, 0x00000000f6400000, 0x00000000f7080000)
 concurrent mark-sweep generation total 134144K, used 63614K [0x00000000f7d00000, 0x0000000100000000, 0x0000000100000000)
 Metaspace       used 53032K, capacity 56078K, committed 57088K, reserved 1099776K
  class space    used 6425K, capacity 6953K, committed 7168K, reserved 1048576K
}
{Heap before GC invocations=519 (full 1):
 par new generation   total 115200K, used 105065K [0x00000000f0000000, 0x00000000f7d00000, 0x00000000f7d00000)
  eden space 102400K, 100% used [0x00000000f0000000, 0x00000000f6400000, 0x00000000f6400000)
  from space 12800K,  20% used [0x00000000f7080000, 0x00000000f731a570, 0x00000000f7d00000)
  to   space 12800K,   0% used [0x00000000f6400000, 0x00000000f6400000, 0x00000000f7080000)
 concurrent mark-sweep generation total 134144K, used 63614K [0x00000000f7d00000, 0x0000000100000000, 0x0000000100000000)
 Metaspace       used 53032K, capacity 56078K, committed 57088K, reserved 1099776K
  class space    used 6425K, capacity 6953K, committed 7168K, reserved 1048576K
2023-10-03T09:42:54.581+0800: 1945.090: [GC (Allocation Failure) 2023-10-03T09:42:54.581+0800: 1945.091: [ParNew: 105065K->2544K(115200K), 0.0188805 secs] 168679K->66168K(249344K), 0.0190672 secs] [Times: user=0.05 sys=0.00, real=0.02 secs] 
Heap after GC invocations=520 (full 1):
 par new generation   total 115200K, used 2544K [0x00000000f0000000, 0x00000000f7d00000, 0x00000000f7d00000)
  eden space 102400K,   0% used [0x00000000f0000000, 0x00000000f0000000, 0x00000000f6400000)
  from space 12800K,  19% used [0x00000000f6400000, 0x00000000f667c0b0, 0x00000000f7080000)
  to   space 12800K,   0% used [0x00000000f7080000, 0x00000000f7080000, 0x00000000f7d00000)
 concurrent mark-sweep generation total 134144K, used 63624K [0x00000000f7d00000, 0x0000000100000000, 0x0000000100000000)
 Metaspace       used 53032K, capacity 56078K, committed 57088K, reserved 1099776K
  class space    used 6425K, capacity 6953K, committed 7168K, reserved 1048576K
}
{Heap before GC invocations=520 (full 1):
 par new generation   total 115200K, used 104944K [0x00000000f0000000, 0x00000000f7d00000, 0x00000000f7d00000)
  eden space 102400K, 100% used [0x00000000f0000000, 0x00000000f6400000, 0x00000000f6400000)
  from space 12800K,  19% used [0x00000000f6400000, 0x00000000f667c0b0, 0x00000000f7080000)
  to   space 12800K,   0% used [0x00000000f7080000, 0x00000000f7080000, 0x00000000f7d00000)
 concurrent mark-sweep generation total 134144K, used 63624K [0x00000000f7d00000, 0x0000000100000000, 0x0000000100000000)
 Metaspace       used 53032K, capacity 56078K, committed 57088K, reserved 1099776K
  class space    used 6425K, capacity 6953K, committed 7168K, reserved 1048576K
2023-10-03T09:42:58.148+0800: 1948.657: [GC (Allocation Failure) 2023-10-03T09:42:58.148+0800: 1948.657: [ParNew: 104944K->2892K(115200K), 0.0059755 secs] 168568K->66565K(249344K), 0.0061696 secs] [Times: user=0.05 sys=0.00, real=0.01 secs] 
Heap after GC invocations=521 (full 1):
 par new generation   total 115200K, used 2892K [0x00000000f0000000, 0x00000000f7d00000, 0x00000000f7d00000)
  eden space 102400K,   0% used [0x00000000f0000000, 0x00000000f0000000, 0x00000000f6400000)
  from space 12800K,  22% used [0x00000000f7080000, 0x00000000f7353000, 0x00000000f7d00000)
  to   space 12800K,   0% used [0x00000000f6400000, 0x00000000f6400000, 0x00000000f7080000)
 concurrent mark-sweep generation total 134144K, used 63673K [0x00000000f7d00000, 0x0000000100000000, 0x0000000100000000)
 Metaspace       used 53032K, capacity 56078K, committed 57088K, reserved 1099776K
  class space    used 6425K, capacity 6953K, committed 7168K, reserved 1048576K
}
{Heap before GC invocations=521 (full 1):
 par new generation   total 115200K, used 105292K [0x00000000f0000000, 0x00000000f7d00000, 0x00000000f7d00000)
  eden space 102400K, 100% used [0x00000000f0000000, 0x00000000f6400000, 0x00000000f6400000)
  from space 12800K,  22% used [0x00000000f7080000, 0x00000000f7353000, 0x00000000f7d00000)
  to   space 12800K,   0% used [0x00000000f6400000, 0x00000000f6400000, 0x00000000f7080000)
 concurrent mark-sweep generation total 134144K, used 63673K [0x00000000f7d00000, 0x0000000100000000, 0x0000000100000000)
 Metaspace       used 53032K, capacity 56078K, committed 57088K, reserved 1099776K
  class space    used 6425K, capacity 6953K, committed 7168K, reserved 1048576K
2023-10-03T09:43:01.697+0800: 1952.206: [GC (Allocation Failure) 2023-10-03T09:43:01.697+0800: 1952.206: [ParNew: 105292K->2050K(115200K), 0.0069649 secs] 168965K->66296K(249344K), 0.0072185 secs] [Times: user=0.07 sys=0.00, real=0.01 secs] 
Heap after GC invocations=522 (full 1):
 par new generation   total 115200K, used 2050K [0x00000000f0000000, 0x00000000f7d00000, 0x00000000f7d00000)
  eden space 102400K,   0% used [0x00000000f0000000, 0x00000000f0000000, 0x00000000f6400000)
  from space 12800K,  16% used [0x00000000f6400000, 0x00000000f6600bf0, 0x00000000f7080000)
  to   space 12800K,   0% used [0x00000000f7080000, 0x00000000f7080000, 0x00000000f7d00000)
 concurrent mark-sweep generation total 134144K, used 64245K [0x00000000f7d00000, 0x0000000100000000, 0x0000000100000000)
 Metaspace       used 53032K, capacity 56078K, committed 57088K, reserved 1099776K
  class space    used 6425K, capacity 6953K, committed 7168K, reserved 1048576K
}
{Heap before GC invocations=522 (full 1):
 par new generation   total 115200K, used 104450K [0x00000000f0000000, 0x00000000f7d00000, 0x00000000f7d00000)
  eden space 102400K, 100% used [0x00000000f0000000, 0x00000000f6400000, 0x00000000f6400000)
  from space 12800K,  16% used [0x00000000f6400000, 0x00000000f6600bf0, 0x00000000f7080000)
  to   space 12800K,   0% used [0x00000000f7080000, 0x00000000f7080000, 0x00000000f7d00000)
 concurrent mark-sweep generation total 134144K, used 64245K [0x00000000f7d00000, 0x0000000100000000, 0x0000000100000000)
 Metaspace       used 53032K, capacity 56078K, committed 57088K, reserved 1099776K
  class space    used 6425K, capacity 6953K, committed 7168K, reserved 1048576K
2023-10-03T09:43:05.252+0800: 1955.762: [GC (Allocation Failure) 2023-10-03T09:43:05.252+0800: 1955.762: [ParNew: 104450K->2103K(115200K), 0.0068709 secs] 168696K->66370K(249344K), 0.0070902 secs] [Times: user=0.05 sys=0.01, real=0.00 secs] 
Heap after GC invocations=523 (full 1):
 par new generation   total 115200K, used 2103K [0x00000000f0000000, 0x00000000f7d00000, 0x00000000f7d00000)
  eden space 102400K,   0% used [0x00000000f0000000, 0x00000000f0000000, 0x00000000f6400000)
  from space 12800K,  16% used [0x00000000f7080000, 0x00000000f728dfe0, 0x00000000f7d00000)
  to   space 12800K,   0% used [0x00000000f6400000, 0x00000000f6400000, 0x00000000f7080000)
 concurrent mark-sweep generation total 134144K, used 64266K [0x00000000f7d00000, 0x0000000100000000, 0x0000000100000000)
 Metaspace       used 53032K, capacity 56078K, committed 57088K, reserved 1099776K
  class space    used 6425K, capacity 6953K, committed 7168K, reserved 1048576K
}
{Heap before GC invocations=523 (full 1):
 par new generation   total 115200K, used 104503K [0x00000000f0000000, 0x00000000f7d00000, 0x00000000f7d00000)
  eden space 102400K, 100% used [0x00000000f0000000, 0x00000000f6400000, 0x00000000f6400000)
  from space 12800K,  16% used [0x00000000f7080000, 0x00000000f728dfe0, 0x00000000f7d00000)
  to   space 12800K,   0% used [0x00000000f6400000, 0x00000000f6400000, 0x00000000f7080000)
 concurrent mark-sweep generation total 134144K, used 64266K [0x00000000f7d00000, 0x0000000100000000, 0x0000000100000000)
 Metaspace       used 53032K, capacity 56078K, committed 57088K, reserved 1099776K
  class space    used 6425K, capacity 6953K, committed 7168K, reserved 1048576K
2023-10-03T09:43:08.859+0800: 1959.368: [GC (Allocation Failure) 2023-10-03T09:43:08.859+0800: 1959.369: [ParNew: 104503K->2311K(115200K), 0.0070292 secs] 168770K->66594K(249344K), 0.0072617 secs] [Times: user=0.06 sys=0.00, real=0.01 secs] 
Heap after GC invocations=524 (full 1):
 par new generation   total 115200K, used 2311K [0x00000000f0000000, 0x00000000f7d00000, 0x00000000f7d00000)
  eden space 102400K,   0% used [0x00000000f0000000, 0x00000000f0000000, 0x00000000f6400000)
  from space 12800K,  18% used [0x00000000f6400000, 0x00000000f6641c38, 0x00000000f7080000)
  to   space 12800K,   0% used [0x00000000f7080000, 0x00000000f7080000, 0x00000000f7d00000)
 concurrent mark-sweep generation total 134144K, used 64283K [0x00000000f7d00000, 0x0000000100000000, 0x0000000100000000)
 Metaspace       used 53032K, capacity 56078K, committed 57088K, reserved 1099776K
  class space    used 6425K, capacity 6953K, committed 7168K, reserved 1048576K
}
{Heap before GC invocations=524 (full 1):
 par new generation   total 115200K, used 104711K [0x00000000f0000000, 0x00000000f7d00000, 0x00000000f7d00000)
  eden space 102400K, 100% used [0x00000000f0000000, 0x00000000f6400000, 0x00000000f6400000)
  from space 12800K,  18% used [0x00000000f6400000, 0x00000000f6641c38, 0x00000000f7080000)
  to   space 12800K,   0% used [0x00000000f7080000, 0x00000000f7080000, 0x00000000f7d00000)
 concurrent mark-sweep generation total 134144K, used 64283K [0x00000000f7d00000, 0x0000000100000000, 0x0000000100000000)
 Metaspace       used 53032K, capacity 56078K, committed 57088K, reserved 1099776K
  class space    used 6425K, capacity 6953K, committed 7168K, reserved 1048576K
2023-10-03T09:43:12.424+0800: 1962.933: [GC (Allocation Failure) 2023-10-03T09:43:12.424+0800: 1962.933: [ParNew: 104711K->2138K(115200K), 0.0072407 secs] 168994K->66427K(249344K), 0.0074881 secs] [Times: user=0.06 sys=0.00, real=0.00 secs] 
Heap after GC invocations=525 (full 1):
 par new generation   total 115200K, used 2138K [0x00000000f0000000, 0x00000000f7d00000, 0x00000000f7d00000)
  eden space 102400K,   0% used [0x00000000f0000000, 0x00000000f0000000, 0x00000000f6400000)
  from space 12800K,  16% used [0x00000000f7080000, 0x00000000f7296b50, 0x00000000f7d00000)
  to   space 12800K,   0% used [0x00000000f6400000, 0x00000000f6400000, 0x00000000f7080000)
 concurrent mark-sweep generation total 134144K, used 64288K [0x00000000f7d00000, 0x0000000100000000, 0x0000000100000000)
 Metaspace       used 53032K, capacity 56078K, committed 57088K, reserved 1099776K
  class space    used 6425K, capacity 6953K, committed 7168K, reserved 1048576K
}
{Heap before GC invocations=525 (full 1):
 par new generation   total 115200K, used 104538K [0x00000000f0000000, 0x00000000f7d00000, 0x00000000f7d00000)
  eden space 102400K, 100% used [0x00000000f0000000, 0x00000000f6400000, 0x00000000f6400000)
  from space 12800K,  16% used [0x00000000f7080000, 0x00000000f7296b50, 0x00000000f7d00000)
  to   space 12800K,   0% used [0x00000000f6400000, 0x00000000f6400000, 0x00000000f7080000)
 concurrent mark-sweep generation total 134144K, used 64288K [0x00000000f7d00000, 0x0000000100000000, 0x0000000100000000)
 Metaspace       used 53032K, capacity 56078K, committed 57088K, reserved 1099776K
  class space    used 6425K, capacity 6953K, committed 7168K, reserved 1048576K
2023-10-03T09:43:16.269+0800: 1966.778: [GC (Allocation Failure) 2023-10-03T09:43:16.269+0800: 1966.778: [ParNew: 104538K->2322K(115200K), 0.0018407 secs] 168827K->66635K(249344K), 0.0020215 secs] [Times: user=0.01 sys=0.00, real=0.00 secs] 
Heap after GC invocations=526 (full 1):
 par new generation   total 115200K, used 2322K [0x00000000f0000000, 0x00000000f7d00000, 0x00000000f7d00000)
  eden space 102400K,   0% used [0x00000000f0000000, 0x00000000f0000000, 0x00000000f6400000)
  from space 12800K,  18% used [0x00000000f6400000, 0x00000000f66448c0, 0x00000000f7080000)
  to   space 12800K,   0% used [0x00000000f7080000, 0x00000000f7080000, 0x00000000f7d00000)
 concurrent mark-sweep generation total 134144K, used 64313K [0x00000000f7d00000, 0x0000000100000000, 0x0000000100000000)
 Metaspace       used 53032K, capacity 56078K, committed 57088K, reserved 1099776K
  class space    used 6425K, capacity 6953K, committed 7168K, reserved 1048576K
}
{Heap before GC invocations=526 (full 1):
 par new generation   total 115200K, used 104722K [0x00000000f0000000, 0x00000000f7d00000, 0x00000000f7d00000)
  eden space 102400K, 100% used [0x00000000f0000000, 0x00000000f6400000, 0x00000000f6400000)
  from space 12800K,  18% used [0x00000000f6400000, 0x00000000f66448c0, 0x00000000f7080000)
  to   space 12800K,   0% used [0x00000000f7080000, 0x00000000f7080000, 0x00000000f7d00000)
 concurrent mark-sweep generation total 134144K, used 64313K [0x00000000f7d00000, 0x0000000100000000, 0x0000000100000000)
 Metaspace       used 53032K, capacity 56078K, committed 57088K, reserved 1099776K
  class space    used 6425K, capacity 6953K, committed 7168K, reserved 1048576K
2023-10-03T09:43:19.836+0800: 1970.345: [GC (Allocation Failure) 2023-10-03T09:43:19.836+0800: 1970.345: [ParNew: 104722K->2009K(115200K), 0.0060916 secs] 169035K->66437K(249344K), 0.0062735 secs] [Times: user=0.05 sys=0.01, real=0.00 secs] 
Heap after GC invocations=527 (full 1):
 par new generation   total 115200K, used 2009K [0x00000000f0000000, 0x00000000f7d00000, 0x00000000f7d00000)
  eden space 102400K,   0% used [0x00000000f0000000, 0x00000000f0000000, 0x00000000f6400000)
  from space 12800K,  15% used [0x00000000f7080000, 0x00000000f7276748, 0x00000000f7d00000)
  to   space 12800K,   0% used [0x00000000f6400000, 0x00000000f6400000, 0x00000000f7080000)
 concurrent mark-sweep generation total 134144K, used 64427K [0x00000000f7d00000, 0x0000000100000000, 0x0000000100000000)
 Metaspace       used 53032K, capacity 56078K, committed 57088K, reserved 1099776K
  class space    used 6425K, capacity 6953K, committed 7168K, reserved 1048576K
}
{Heap before GC invocations=527 (full 1):
 par new generation   total 115200K, used 104409K [0x00000000f0000000, 0x00000000f7d00000, 0x00000000f7d00000)
  eden space 102400K, 100% used [0x00000000f0000000, 0x00000000f6400000, 0x00000000f6400000)
  from space 12800K,  15% used [0x00000000f7080000, 0x00000000f7276748, 0x00000000f7d00000)
  to   space 12800K,   0% used [0x00000000f6400000, 0x00000000f6400000, 0x00000000f7080000)
 concurrent mark-sweep generation total 134144K, used 64427K [0x00000000f7d00000, 0x0000000100000000, 0x0000000100000000)
 Metaspace       used 53032K, capacity 56078K, committed 57088K, reserved 1099776K
  class space    used 6425K, capacity 6953K, committed 7168K, reserved 1048576K
2023-10-03T09:43:23.400+0800: 1973.909: [GC (Allocation Failure) 2023-10-03T09:43:23.400+0800: 1973.909: [ParNew: 104409K->1484K(115200K), 0.0069534 secs] 168837K->66131K(249344K), 0.0071891 secs] [Times: user=0.06 sys=0.00, real=0.01 secs] 
Heap after GC invocations=528 (full 1):
 par new generation   total 115200K, used 1484K [0x00000000f0000000, 0x00000000f7d00000, 0x00000000f7d00000)
  eden space 102400K,   0% used [0x00000000f0000000, 0x00000000f0000000, 0x00000000f6400000)
  from space 12800K,  11% used [0x00000000f6400000, 0x00000000f6573360, 0x00000000f7080000)
  to   space 12800K,   0% used [0x00000000f7080000, 0x00000000f7080000, 0x00000000f7d00000)
 concurrent mark-sweep generation total 134144K, used 64646K [0x00000000f7d00000, 0x0000000100000000, 0x0000000100000000)
 Metaspace       used 53032K, capacity 56078K, committed 57088K, reserved 1099776K
  class space    used 6425K, capacity 6953K, committed 7168K, reserved 1048576K
}
{Heap before GC invocations=528 (full 1):
 par new generation   total 115200K, used 103884K [0x00000000f0000000, 0x00000000f7d00000, 0x00000000f7d00000)
  eden space 102400K, 100% used [0x00000000f0000000, 0x00000000f6400000, 0x00000000f6400000)
  from space 12800K,  11% used [0x00000000f6400000, 0x00000000f6573360, 0x00000000f7080000)
  to   space 12800K,   0% used [0x00000000f7080000, 0x00000000f7080000, 0x00000000f7d00000)
 concurrent mark-sweep generation total 134144K, used 64646K [0x00000000f7d00000, 0x0000000100000000, 0x0000000100000000)
 Metaspace       used 53032K, capacity 56078K, committed 57088K, reserved 1099776K
  class space    used 6425K, capacity 6953K, committed 7168K, reserved 1048576K
2023-10-03T09:43:26.960+0800: 1977.469: [GC (Allocation Failure) 2023-10-03T09:43:26.960+0800: 1977.469: [ParNew: 103884K->1984K(115200K), 0.0067447 secs] 168531K->66652K(249344K), 0.0069757 secs] [Times: user=0.06 sys=0.00, real=0.01 secs] 
Heap after GC invocations=529 (full 1):
 par new generation   total 115200K, used 1984K [0x00000000f0000000, 0x00000000f7d00000, 0x00000000f7d00000)
  eden space 102400K,   0% used [0x00000000f0000000, 0x00000000f0000000, 0x00000000f6400000)
  from space 12800K,  15% used [0x00000000f7080000, 0x00000000f7270338, 0x00000000f7d00000)
  to   space 12800K,   0% used [0x00000000f6400000, 0x00000000f6400000, 0x00000000f7080000)
 concurrent mark-sweep generation total 134144K, used 64667K [0x00000000f7d00000, 0x0000000100000000, 0x0000000100000000)
 Metaspace       used 53032K, capacity 56078K, committed 57088K, reserved 1099776K
  class space    used 6425K, capacity 6953K, committed 7168K, reserved 1048576K
}
{Heap before GC invocations=529 (full 1):
 par new generation   total 115200K, used 104384K [0x00000000f0000000, 0x00000000f7d00000, 0x00000000f7d00000)
  eden space 102400K, 100% used [0x00000000f0000000, 0x00000000f6400000, 0x00000000f6400000)
  from space 12800K,  15% used [0x00000000f7080000, 0x00000000f7270338, 0x00000000f7d00000)
  to   space 12800K,   0% used [0x00000000f6400000, 0x00000000f6400000, 0x00000000f7080000)
 concurrent mark-sweep generation total 134144K, used 64667K [0x00000000f7d00000, 0x0000000100000000, 0x0000000100000000)
 Metaspace       used 53032K, capacity 56078K, committed 57088K, reserved 1099776K
  class space    used 6425K, capacity 6953K, committed 7168K, reserved 1048576K
2023-10-03T09:43:30.530+0800: 1981.039: [GC (Allocation Failure) 2023-10-03T09:43:30.530+0800: 1981.039: [ParNew: 104384K->2184K(115200K), 0.0068703 secs] 169052K->66884K(249344K), 0.0071255 secs] [Times: user=0.06 sys=0.00, real=0.01 secs] 
Heap after GC invocations=530 (full 1):
 par new generation   total 115200K, used 2184K [0x00000000f0000000, 0x00000000f7d00000, 0x00000000f7d00000)
  eden space 102400K,   0% used [0x00000000f0000000, 0x00000000f0000000, 0x00000000f6400000)
  from space 12800K,  17% used [0x00000000f6400000, 0x00000000f6622398, 0x00000000f7080000)
  to   space 12800K,   0% used [0x00000000f7080000, 0x00000000f7080000, 0x00000000f7d00000)
 concurrent mark-sweep generation total 134144K, used 64699K [0x00000000f7d00000, 0x0000000100000000, 0x0000000100000000)
 Metaspace       used 53032K, capacity 56078K, committed 57088K, reserved 1099776K
  class space    used 6425K, capacity 6953K, committed 7168K, reserved 1048576K
}
{Heap before GC invocations=530 (full 1):
 par new generation   total 115200K, used 104584K [0x00000000f0000000, 0x00000000f7d00000, 0x00000000f7d00000)
  eden space 102400K, 100% used [0x00000000f0000000, 0x00000000f6400000, 0x00000000f6400000)
  from space 12800K,  17% used [0x00000000f6400000, 0x00000000f6622398, 0x00000000f7080000)
  to   space 12800K,   0% used [0x00000000f7080000, 0x00000000f7080000, 0x00000000f7d00000)
 concurrent mark-sweep generation total 134144K, used 64699K [0x00000000f7d00000, 0x0000000100000000, 0x0000000100000000)
 Metaspace       used 53032K, capacity 56078K, committed 57088K, reserved 1099776K
  class space    used 6425K, capacity 6953K, committed 7168K, reserved 1048576K
2023-10-03T09:43:34.123+0800: 1984.632: [GC (Allocation Failure) 2023-10-03T09:43:34.123+0800: 1984.633: [ParNew: 104584K->1620K(115200K), 0.0069657 secs] 169284K->66329K(249344K), 0.0071961 secs] [Times: user=0.07 sys=0.00, real=0.00 secs] 
Heap after GC invocations=531 (full 1):
 par new generation   total 115200K, used 1620K [0x00000000f0000000, 0x00000000f7d00000, 0x00000000f7d00000)
  eden space 102400K,   0% used [0x00000000f0000000, 0x00000000f0000000, 0x00000000f6400000)
  from space 12800K,  12% used [0x00000000f7080000, 0x00000000f7215320, 0x00000000f7d00000)
  to   space 12800K,   0% used [0x00000000f6400000, 0x00000000f6400000, 0x00000000f7080000)
 concurrent mark-sweep generation total 134144K, used 64708K [0x00000000f7d00000, 0x0000000100000000, 0x0000000100000000)
 Metaspace       used 53032K, capacity 56078K, committed 57088K, reserved 1099776K
  class space    used 6425K, capacity 6953K, committed 7168K, reserved 1048576K
}
{Heap before GC invocations=531 (full 1):
 par new generation   total 115200K, used 104020K [0x00000000f0000000, 0x00000000f7d00000, 0x00000000f7d00000)
  eden space 102400K, 100% used [0x00000000f0000000, 0x00000000f6400000, 0x00000000f6400000)
  from space 12800K,  12% used [0x00000000f7080000, 0x00000000f7215320, 0x00000000f7d00000)
  to   space 12800K,   0% used [0x00000000f6400000, 0x00000000f6400000, 0x00000000f7080000)
 concurrent mark-sweep generation total 134144K, used 64708K [0x00000000f7d00000, 0x0000000100000000, 0x0000000100000000)
 Metaspace       used 53032K, capacity 56078K, committed 57088K, reserved 1099776K
  class space    used 6425K, capacity 6953K, committed 7168K, reserved 1048576K
2023-10-03T09:43:37.983+0800: 1988.492: [GC (Allocation Failure) 2023-10-03T09:43:37.983+0800: 1988.492: [ParNew: 104020K->2192K(115200K), 0.0062915 secs] 168729K->66938K(249344K), 0.0065391 secs] [Times: user=0.06 sys=0.00, real=0.00 secs] 
Heap after GC invocations=532 (full 1):
 par new generation   total 115200K, used 2192K [0x00000000f0000000, 0x00000000f7d00000, 0x00000000f7d00000)
  eden space 102400K,   0% used [0x00000000f0000000, 0x00000000f0000000, 0x00000000f6400000)
  from space 12800K,  17% used [0x00000000f6400000, 0x00000000f6624310, 0x00000000f7080000)
  to   space 12800K,   0% used [0x00000000f7080000, 0x00000000f7080000, 0x00000000f7d00000)
 concurrent mark-sweep generation total 134144K, used 64745K [0x00000000f7d00000, 0x0000000100000000, 0x0000000100000000)
 Metaspace       used 53032K, capacity 56078K, committed 57088K, reserved 1099776K
  class space    used 6425K, capacity 6953K, committed 7168K, reserved 1048576K
}
{Heap before GC invocations=532 (full 1):
 par new generation   total 115200K, used 104592K [0x00000000f0000000, 0x00000000f7d00000, 0x00000000f7d00000)
  eden space 102400K, 100% used [0x00000000f0000000, 0x00000000f6400000, 0x00000000f6400000)
  from space 12800K,  17% used [0x00000000f6400000, 0x00000000f6624310, 0x00000000f7080000)
  to   space 12800K,   0% used [0x00000000f7080000, 0x00000000f7080000, 0x00000000f7d00000)
 concurrent mark-sweep generation total 134144K, used 64745K [0x00000000f7d00000, 0x0000000100000000, 0x0000000100000000)
 Metaspace       used 53032K, capacity 56078K, committed 57088K, reserved 1099776K
  class space    used 6425K, capacity 6953K, committed 7168K, reserved 1048576K
2023-10-03T09:43:41.540+0800: 1992.049: [GC (Allocation Failure) 2023-10-03T09:43:41.540+0800: 1992.050: [ParNew: 104592K->2117K(115200K), 0.0061439 secs] 169338K->66902K(249344K), 0.0063278 secs] [Times: user=0.06 sys=0.00, real=0.01 secs] 
Heap after GC invocations=533 (full 1):
 par new generation   total 115200K, used 2117K [0x00000000f0000000, 0x00000000f7d00000, 0x00000000f7d00000)
  eden space 102400K,   0% used [0x00000000f0000000, 0x00000000f0000000, 0x00000000f6400000)
  from space 12800K,  16% used [0x00000000f7080000, 0x00000000f7291680, 0x00000000f7d00000)
  to   space 12800K,   0% used [0x00000000f6400000, 0x00000000f6400000, 0x00000000f7080000)
 concurrent mark-sweep generation total 134144K, used 64784K [0x00000000f7d00000, 0x0000000100000000, 0x0000000100000000)
 Metaspace       used 53032K, capacity 56078K, committed 57088K, reserved 1099776K
  class space    used 6425K, capacity 6953K, committed 7168K, reserved 1048576K
}
{Heap before GC invocations=533 (full 1):
 par new generation   total 115200K, used 104517K [0x00000000f0000000, 0x00000000f7d00000, 0x00000000f7d00000)
  eden space 102400K, 100% used [0x00000000f0000000, 0x00000000f6400000, 0x00000000f6400000)
  from space 12800K,  16% used [0x00000000f7080000, 0x00000000f7291680, 0x00000000f7d00000)
  to   space 12800K,   0% used [0x00000000f6400000, 0x00000000f6400000, 0x00000000f7080000)
 concurrent mark-sweep generation total 134144K, used 64784K [0x00000000f7d00000, 0x0000000100000000, 0x0000000100000000)
 Metaspace       used 53032K, capacity 56078K, committed 57088K, reserved 1099776K
  class space    used 6425K, capacity 6953K, committed 7168K, reserved 1048576K
2023-10-03T09:43:45.091+0800: 1995.600: [GC (Allocation Failure) 2023-10-03T09:43:45.091+0800: 1995.600: [ParNew: 104517K->2269K(115200K), 0.0061439 secs] 169302K->67075K(249344K), 0.0063029 secs] [Times: user=0.05 sys=0.00, real=0.01 secs] 
Heap after GC invocations=534 (full 1):
 par new generation   total 115200K, used 2269K [0x00000000f0000000, 0x00000000f7d00000, 0x00000000f7d00000)
  eden space 102400K,   0% used [0x00000000f0000000, 0x00000000f0000000, 0x00000000f6400000)
  from space 12800K,  17% used [0x00000000f6400000, 0x00000000f6637600, 0x00000000f7080000)
  to   space 12800K,   0% used [0x00000000f7080000, 0x00000000f7080000, 0x00000000f7d00000)
 concurrent mark-sweep generation total 134144K, used 64805K [0x00000000f7d00000, 0x0000000100000000, 0x0000000100000000)
 Metaspace       used 53032K, capacity 56078K, committed 57088K, reserved 1099776K
  class space    used 6425K, capacity 6953K, committed 7168K, reserved 1048576K
}
{Heap before GC invocations=534 (full 1):
 par new generation   total 115200K, used 104669K [0x00000000f0000000, 0x00000000f7d00000, 0x00000000f7d00000)
  eden space 102400K, 100% used [0x00000000f0000000, 0x00000000f6400000, 0x00000000f6400000)
  from space 12800K,  17% used [0x00000000f6400000, 0x00000000f6637600, 0x00000000f7080000)
  to   space 12800K,   0% used [0x00000000f7080000, 0x00000000f7080000, 0x00000000f7d00000)
 concurrent mark-sweep generation total 134144K, used 64805K [0x00000000f7d00000, 0x0000000100000000, 0x0000000100000000)
 Metaspace       used 53032K, capacity 56078K, committed 57088K, reserved 1099776K
  class space    used 6425K, capacity 6953K, committed 7168K, reserved 1048576K
2023-10-03T09:43:48.646+0800: 1999.156: [GC (Allocation Failure) 2023-10-03T09:43:48.647+0800: 1999.156: [ParNew: 104669K->1574K(115200K), 0.0069830 secs] 169475K->66396K(249344K), 0.0072385 secs] [Times: user=0.06 sys=0.00, real=0.01 secs] 
Heap after GC invocations=535 (full 1):
 par new generation   total 115200K, used 1574K [0x00000000f0000000, 0x00000000f7d00000, 0x00000000f7d00000)
  eden space 102400K,   0% used [0x00000000f0000000, 0x00000000f0000000, 0x00000000f6400000)
  from space 12800K,  12% used [0x00000000f7080000, 0x00000000f72098b8, 0x00000000f7d00000)
  to   space 12800K,   0% used [0x00000000f6400000, 0x00000000f6400000, 0x00000000f7080000)
 concurrent mark-sweep generation total 134144K, used 64822K [0x00000000f7d00000, 0x0000000100000000, 0x0000000100000000)
 Metaspace       used 53032K, capacity 56078K, committed 57088K, reserved 1099776K
  class space    used 6425K, capacity 6953K, committed 7168K, reserved 1048576K
}
{Heap before GC invocations=535 (full 1):
 par new generation   total 115200K, used 103974K [0x00000000f0000000, 0x00000000f7d00000, 0x00000000f7d00000)
  eden space 102400K, 100% used [0x00000000f0000000, 0x00000000f6400000, 0x00000000f6400000)
  from space 12800K,  12% used [0x00000000f7080000, 0x00000000f72098b8, 0x00000000f7d00000)
  to   space 12800K,   0% used [0x00000000f6400000, 0x00000000f6400000, 0x00000000f7080000)
 concurrent mark-sweep generation total 134144K, used 64822K [0x00000000f7d00000, 0x0000000100000000, 0x0000000100000000)
 Metaspace       used 53032K, capacity 56078K, committed 57088K, reserved 1099776K
  class space    used 6425K, capacity 6953K, committed 7168K, reserved 1048576K
2023-10-03T09:43:52.231+0800: 2002.740: [GC (Allocation Failure) 2023-10-03T09:43:52.231+0800: 2002.741: [ParNew: 103974K->2332K(115200K), 0.0076545 secs] 168796K->67208K(249344K), 0.0079995 secs] [Times: user=0.06 sys=0.00, real=0.01 secs] 
Heap after GC invocations=536 (full 1):
 par new generation   total 115200K, used 2332K [0x00000000f0000000, 0x00000000f7d00000, 0x00000000f7d00000)
  eden space 102400K,   0% used [0x00000000f0000000, 0x00000000f0000000, 0x00000000f6400000)
  from space 12800K,  18% used [0x00000000f6400000, 0x00000000f6647068, 0x00000000f7080000)
  to   space 12800K,   0% used [0x00000000f7080000, 0x00000000f7080000, 0x00000000f7d00000)
 concurrent mark-sweep generation total 134144K, used 64876K [0x00000000f7d00000, 0x0000000100000000, 0x0000000100000000)
 Metaspace       used 53032K, capacity 56078K, committed 57088K, reserved 1099776K
  class space    used 6425K, capacity 6953K, committed 7168K, reserved 1048576K
}
{Heap before GC invocations=536 (full 1):
 par new generation   total 115200K, used 104732K [0x00000000f0000000, 0x00000000f7d00000, 0x00000000f7d00000)
  eden space 102400K, 100% used [0x00000000f0000000, 0x00000000f6400000, 0x00000000f6400000)
  from space 12800K,  18% used [0x00000000f6400000, 0x00000000f6647068, 0x00000000f7080000)
  to   space 12800K,   0% used [0x00000000f7080000, 0x00000000f7080000, 0x00000000f7d00000)
 concurrent mark-sweep generation total 134144K, used 64876K [0x00000000f7d00000, 0x0000000100000000, 0x0000000100000000)
 Metaspace       used 53032K, capacity 56078K, committed 57088K, reserved 1099776K
  class space    used 6425K, capacity 6953K, committed 7168K, reserved 1048576K
2023-10-03T09:43:55.821+0800: 2006.330: [GC (Allocation Failure) 2023-10-03T09:43:55.821+0800: 2006.331: [ParNew: 104732K->1616K(115200K), 0.0070545 secs] 169608K->66556K(249344K), 0.0073034 secs] [Times: user=0.07 sys=0.00, real=0.01 secs] 
Heap after GC invocations=537 (full 1):
 par new generation   total 115200K, used 1616K [0x00000000f0000000, 0x00000000f7d00000, 0x00000000f7d00000)
  eden space 102400K,   0% used [0x00000000f0000000, 0x00000000f0000000, 0x00000000f6400000)
  from space 12800K,  12% used [0x00000000f7080000, 0x00000000f7214100, 0x00000000f7d00000)
  to   space 12800K,   0% used [0x00000000f6400000, 0x00000000f6400000, 0x00000000f7080000)
 concurrent mark-sweep generation total 134144K, used 64940K [0x00000000f7d00000, 0x0000000100000000, 0x0000000100000000)
 Metaspace       used 53032K, capacity 56078K, committed 57088K, reserved 1099776K
  class space    used 6425K, capacity 6953K, committed 7168K, reserved 1048576K
}
{Heap before GC invocations=537 (full 1):
 par new generation   total 115200K, used 104016K [0x00000000f0000000, 0x00000000f7d00000, 0x00000000f7d00000)
  eden space 102400K, 100% used [0x00000000f0000000, 0x00000000f6400000, 0x00000000f6400000)
  from space 12800K,  12% used [0x00000000f7080000, 0x00000000f7214100, 0x00000000f7d00000)
  to   space 12800K,   0% used [0x00000000f6400000, 0x00000000f6400000, 0x00000000f7080000)
 concurrent mark-sweep generation total 134144K, used 64940K [0x00000000f7d00000, 0x0000000100000000, 0x0000000100000000)
 Metaspace       used 53032K, capacity 56078K, committed 57088K, reserved 1099776K
  class space    used 6425K, capacity 6953K, committed 7168K, reserved 1048576K
2023-10-03T09:43:59.374+0800: 2009.883: [GC (Allocation Failure) 2023-10-03T09:43:59.374+0800: 2009.883: [ParNew: 104016K->2103K(115200K), 0.0206037 secs] 168956K->67087K(249344K), 0.0209284 secs] [Times: user=0.06 sys=0.00, real=0.02 secs] 
Heap after GC invocations=538 (full 1):
 par new generation   total 115200K, used 2103K [0x00000000f0000000, 0x00000000f7d00000, 0x00000000f7d00000)
  eden space 102400K,   0% used [0x00000000f0000000, 0x00000000f0000000, 0x00000000f6400000)
  from space 12800K,  16% used [0x00000000f6400000, 0x00000000f660dc30, 0x00000000f7080000)
  to   space 12800K,   0% used [0x00000000f7080000, 0x00000000f7080000, 0x00000000f7d00000)
 concurrent mark-sweep generation total 134144K, used 64984K [0x00000000f7d00000, 0x0000000100000000, 0x0000000100000000)
 Metaspace       used 53032K, capacity 56078K, committed 57088K, reserved 1099776K
  class space    used 6425K, capacity 6953K, committed 7168K, reserved 1048576K
}
{Heap before GC invocations=538 (full 1):
 par new generation   total 115200K, used 104503K [0x00000000f0000000, 0x00000000f7d00000, 0x00000000f7d00000)
  eden space 102400K, 100% used [0x00000000f0000000, 0x00000000f6400000, 0x00000000f6400000)
  from space 12800K,  16% used [0x00000000f6400000, 0x00000000f660dc30, 0x00000000f7080000)
  to   space 12800K,   0% used [0x00000000f7080000, 0x00000000f7080000, 0x00000000f7d00000)
 concurrent mark-sweep generation total 134144K, used 64984K [0x00000000f7d00000, 0x0000000100000000, 0x0000000100000000)
 Metaspace       used 53032K, capacity 56078K, committed 57088K, reserved 1099776K
  class space    used 6425K, capacity 6953K, committed 7168K, reserved 1048576K
2023-10-03T09:44:03.246+0800: 2013.755: [GC (Allocation Failure) 2023-10-03T09:44:03.246+0800: 2013.755: [ParNew: 104503K->2312K(115200K), 0.0016188 secs] 169487K->67306K(249344K), 0.0017100 secs] [Times: user=0.01 sys=0.00, real=0.00 secs] 
Heap after GC invocations=539 (full 1):
 par new generation   total 115200K, used 2312K [0x00000000f0000000, 0x00000000f7d00000, 0x00000000f7d00000)
  eden space 102400K,   0% used [0x00000000f0000000, 0x00000000f0000000, 0x00000000f6400000)
  from space 12800K,  18% used [0x00000000f7080000, 0x00000000f72c21c0, 0x00000000f7d00000)
  to   space 12800K,   0% used [0x00000000f6400000, 0x00000000f6400000, 0x00000000f7080000)
 concurrent mark-sweep generation total 134144K, used 64993K [0x00000000f7d00000, 0x0000000100000000, 0x0000000100000000)
 Metaspace       used 53032K, capacity 56078K, committed 57088K, reserved 1099776K
  class space    used 6425K, capacity 6953K, committed 7168K, reserved 1048576K
}
{Heap before GC invocations=539 (full 1):
 par new generation   total 115200K, used 104712K [0x00000000f0000000, 0x00000000f7d00000, 0x00000000f7d00000)
  eden space 102400K, 100% used [0x00000000f0000000, 0x00000000f6400000, 0x00000000f6400000)
  from space 12800K,  18% used [0x00000000f7080000, 0x00000000f72c21c0, 0x00000000f7d00000)
  to   space 12800K,   0% used [0x00000000f6400000, 0x00000000f6400000, 0x00000000f7080000)
 concurrent mark-sweep generation total 134144K, used 64993K [0x00000000f7d00000, 0x0000000100000000, 0x0000000100000000)
 Metaspace       used 53032K, capacity 56078K, committed 57088K, reserved 1099776K
  class space    used 6425K, capacity 6953K, committed 7168K, reserved 1048576K
2023-10-03T09:44:06.799+0800: 2017.308: [GC (Allocation Failure) 2023-10-03T09:44:06.799+0800: 2017.308: [ParNew: 104712K->1835K(115200K), 0.0060221 secs] 169706K->66835K(249344K), 0.0062164 secs] [Times: user=0.05 sys=0.00, real=0.01 secs] 
Heap after GC invocations=540 (full 1):
 par new generation   total 115200K, used 1835K [0x00000000f0000000, 0x00000000f7d00000, 0x00000000f7d00000)
  eden space 102400K,   0% used [0x00000000f0000000, 0x00000000f0000000, 0x00000000f6400000)
  from space 12800K,  14% used [0x00000000f6400000, 0x00000000f65cac70, 0x00000000f7080000)
  to   space 12800K,   0% used [0x00000000f7080000, 0x00000000f7080000, 0x00000000f7d00000)
 concurrent mark-sweep generation total 134144K, used 65000K [0x00000000f7d00000, 0x0000000100000000, 0x0000000100000000)
 Metaspace       used 53032K, capacity 56078K, committed 57088K, reserved 1099776K
  class space    used 6425K, capacity 6953K, committed 7168K, reserved 1048576K
}
{Heap before GC invocations=540 (full 1):
 par new generation   total 115200K, used 104235K [0x00000000f0000000, 0x00000000f7d00000, 0x00000000f7d00000)
  eden space 102400K, 100% used [0x00000000f0000000, 0x00000000f6400000, 0x00000000f6400000)
  from space 12800K,  14% used [0x00000000f6400000, 0x00000000f65cac70, 0x00000000f7080000)
  to   space 12800K,   0% used [0x00000000f7080000, 0x00000000f7080000, 0x00000000f7d00000)
 concurrent mark-sweep generation total 134144K, used 65000K [0x00000000f7d00000, 0x0000000100000000, 0x0000000100000000)
 Metaspace       used 53032K, capacity 56078K, committed 57088K, reserved 1099776K
  class space    used 6425K, capacity 6953K, committed 7168K, reserved 1048576K
2023-10-03T09:44:10.355+0800: 2020.864: [GC (Allocation Failure) 2023-10-03T09:44:10.355+0800: 2020.864: [ParNew: 104235K->1726K(115200K), 0.0072701 secs] 169235K->66774K(249344K), 0.0074926 secs] [Times: user=0.06 sys=0.01, real=0.01 secs] 
Heap after GC invocations=541 (full 1):
 par new generation   total 115200K, used 1726K [0x00000000f0000000, 0x00000000f7d00000, 0x00000000f7d00000)
  eden space 102400K,   0% used [0x00000000f0000000, 0x00000000f0000000, 0x00000000f6400000)
  from space 12800K,  13% used [0x00000000f7080000, 0x00000000f722fad0, 0x00000000f7d00000)
  to   space 12800K,   0% used [0x00000000f6400000, 0x00000000f6400000, 0x00000000f7080000)
 concurrent mark-sweep generation total 134144K, used 65047K [0x00000000f7d00000, 0x0000000100000000, 0x0000000100000000)
 Metaspace       used 53032K, capacity 56078K, committed 57088K, reserved 1099776K
  class space    used 6425K, capacity 6953K, committed 7168K, reserved 1048576K
}
{Heap before GC invocations=541 (full 1):
 par new generation   total 115200K, used 104126K [0x00000000f0000000, 0x00000000f7d00000, 0x00000000f7d00000)
  eden space 102400K, 100% used [0x00000000f0000000, 0x00000000f6400000, 0x00000000f6400000)
  from space 12800K,  13% used [0x00000000f7080000, 0x00000000f722fad0, 0x00000000f7d00000)
  to   space 12800K,   0% used [0x00000000f6400000, 0x00000000f6400000, 0x00000000f7080000)
 concurrent mark-sweep generation total 134144K, used 65047K [0x00000000f7d00000, 0x0000000100000000, 0x0000000100000000)
 Metaspace       used 53032K, capacity 56078K, committed 57088K, reserved 1099776K
  class space    used 6425K, capacity 6953K, committed 7168K, reserved 1048576K
2023-10-03T09:44:13.912+0800: 2024.421: [GC (Allocation Failure) 2023-10-03T09:44:13.912+0800: 2024.421: [ParNew: 104126K->1703K(115200K), 0.0074245 secs] 169174K->66793K(249344K), 0.0076840 secs] [Times: user=0.05 sys=0.01, real=0.01 secs] 
Heap after GC invocations=542 (full 1):
 par new generation   total 115200K, used 1703K [0x00000000f0000000, 0x00000000f7d00000, 0x00000000f7d00000)
  eden space 102400K,   0% used [0x00000000f0000000, 0x00000000f0000000, 0x00000000f6400000)
  from space 12800K,  13% used [0x00000000f6400000, 0x00000000f65a9ed8, 0x00000000f7080000)
  to   space 12800K,   0% used [0x00000000f7080000, 0x00000000f7080000, 0x00000000f7d00000)
 concurrent mark-sweep generation total 134144K, used 65089K [0x00000000f7d00000, 0x0000000100000000, 0x0000000100000000)
 Metaspace       used 53032K, capacity 56078K, committed 57088K, reserved 1099776K
  class space    used 6425K, capacity 6953K, committed 7168K, reserved 1048576K
}
{Heap before GC invocations=542 (full 1):
 par new generation   total 115200K, used 104103K [0x00000000f0000000, 0x00000000f7d00000, 0x00000000f7d00000)
  eden space 102400K, 100% used [0x00000000f0000000, 0x00000000f6400000, 0x00000000f6400000)
  from space 12800K,  13% used [0x00000000f6400000, 0x00000000f65a9ed8, 0x00000000f7080000)
  to   space 12800K,   0% used [0x00000000f7080000, 0x00000000f7080000, 0x00000000f7d00000)
 concurrent mark-sweep generation total 134144K, used 65089K [0x00000000f7d00000, 0x0000000100000000, 0x0000000100000000)
 Metaspace       used 53032K, capacity 56078K, committed 57088K, reserved 1099776K
  class space    used 6425K, capacity 6953K, committed 7168K, reserved 1048576K
2023-10-03T09:44:17.478+0800: 2027.988: [GC (Allocation Failure) 2023-10-03T09:44:17.478+0800: 2027.988: [ParNew: 104103K->1999K(115200K), 0.0073597 secs] 169193K->67126K(249344K), 0.0075836 secs] [Times: user=0.06 sys=0.01, real=0.01 secs] 
Heap after GC invocations=543 (full 1):
 par new generation   total 115200K, used 1999K [0x00000000f0000000, 0x00000000f7d00000, 0x00000000f7d00000)
  eden space 102400K,   0% used [0x00000000f0000000, 0x00000000f0000000, 0x00000000f6400000)
  from space 12800K,  15% used [0x00000000f7080000, 0x00000000f7273dd0, 0x00000000f7d00000)
  to   space 12800K,   0% used [0x00000000f6400000, 0x00000000f6400000, 0x00000000f7080000)
 concurrent mark-sweep generation total 134144K, used 65127K [0x00000000f7d00000, 0x0000000100000000, 0x0000000100000000)
 Metaspace       used 53032K, capacity 56078K, committed 57088K, reserved 1099776K
  class space    used 6425K, capacity 6953K, committed 7168K, reserved 1048576K
}
{Heap before GC invocations=543 (full 1):
 par new generation   total 115200K, used 104399K [0x00000000f0000000, 0x00000000f7d00000, 0x00000000f7d00000)
  eden space 102400K, 100% used [0x00000000f0000000, 0x00000000f6400000, 0x00000000f6400000)
  from space 12800K,  15% used [0x00000000f7080000, 0x00000000f7273dd0, 0x00000000f7d00000)
  to   space 12800K,   0% used [0x00000000f6400000, 0x00000000f6400000, 0x00000000f7080000)
 concurrent mark-sweep generation total 134144K, used 65127K [0x00000000f7d00000, 0x0000000100000000, 0x0000000100000000)
 Metaspace       used 53032K, capacity 56078K, committed 57088K, reserved 1099776K
  class space    used 6425K, capacity 6953K, committed 7168K, reserved 1048576K
2023-10-03T09:44:21.065+0800: 2031.574: [GC (Allocation Failure) 2023-10-03T09:44:21.065+0800: 2031.574: [ParNew: 104399K->1652K(115200K), 0.0073686 secs] 169526K->66831K(249344K), 0.0075976 secs] [Times: user=0.05 sys=0.00, real=0.01 secs] 
Heap after GC invocations=544 (full 1):
 par new generation   total 115200K, used 1652K [0x00000000f0000000, 0x00000000f7d00000, 0x00000000f7d00000)
  eden space 102400K,   0% used [0x00000000f0000000, 0x00000000f0000000, 0x00000000f6400000)
  from space 12800K,  12% used [0x00000000f6400000, 0x00000000f659d340, 0x00000000f7080000)
  to   space 12800K,   0% used [0x00000000f7080000, 0x00000000f7080000, 0x00000000f7d00000)
 concurrent mark-sweep generation total 134144K, used 65178K [0x00000000f7d00000, 0x0000000100000000, 0x0000000100000000)
 Metaspace       used 53032K, capacity 56078K, committed 57088K, reserved 1099776K
  class space    used 6425K, capacity 6953K, committed 7168K, reserved 1048576K
}
{Heap before GC invocations=544 (full 1):
 par new generation   total 115200K, used 104052K [0x00000000f0000000, 0x00000000f7d00000, 0x00000000f7d00000)
  eden space 102400K, 100% used [0x00000000f0000000, 0x00000000f6400000, 0x00000000f6400000)
  from space 12800K,  12% used [0x00000000f6400000, 0x00000000f659d340, 0x00000000f7080000)
  to   space 12800K,   0% used [0x00000000f7080000, 0x00000000f7080000, 0x00000000f7d00000)
 concurrent mark-sweep generation total 134144K, used 65178K [0x00000000f7d00000, 0x0000000100000000, 0x0000000100000000)
 Metaspace       used 53032K, capacity 56078K, committed 57088K, reserved 1099776K
  class space    used 6425K, capacity 6953K, committed 7168K, reserved 1048576K
2023-10-03T09:44:24.957+0800: 2035.466: [GC (Allocation Failure) 2023-10-03T09:44:24.957+0800: 2035.466: [ParNew: 104052K->1804K(115200K), 0.0058643 secs] 169231K->67033K(249344K), 0.0060412 secs] [Times: user=0.05 sys=0.00, real=0.01 secs] 
Heap after GC invocations=545 (full 1):
 par new generation   total 115200K, used 1804K [0x00000000f0000000, 0x00000000f7d00000, 0x00000000f7d00000)
  eden space 102400K,   0% used [0x00000000f0000000, 0x00000000f0000000, 0x00000000f6400000)
  from space 12800K,  14% used [0x00000000f7080000, 0x00000000f7243378, 0x00000000f7d00000)
  to   space 12800K,   0% used [0x00000000f6400000, 0x00000000f6400000, 0x00000000f7080000)
 concurrent mark-sweep generation total 134144K, used 65228K [0x00000000f7d00000, 0x0000000100000000, 0x0000000100000000)
 Metaspace       used 53032K, capacity 56078K, committed 57088K, reserved 1099776K
  class space    used 6425K, capacity 6953K, committed 7168K, reserved 1048576K
}
{Heap before GC invocations=545 (full 1):
 par new generation   total 115200K, used 104204K [0x00000000f0000000, 0x00000000f7d00000, 0x00000000f7d00000)
  eden space 102400K, 100% used [0x00000000f0000000, 0x00000000f6400000, 0x00000000f6400000)
  from space 12800K,  14% used [0x00000000f7080000, 0x00000000f7243378, 0x00000000f7d00000)
  to   space 12800K,   0% used [0x00000000f6400000, 0x00000000f6400000, 0x00000000f7080000)
 concurrent mark-sweep generation total 134144K, used 65228K [0x00000000f7d00000, 0x0000000100000000, 0x0000000100000000)
 Metaspace       used 53032K, capacity 56078K, committed 57088K, reserved 1099776K
  class space    used 6425K, capacity 6953K, committed 7168K, reserved 1048576K
2023-10-03T09:44:28.509+0800: 2039.019: [GC (Allocation Failure) 2023-10-03T09:44:28.510+0800: 2039.019: [ParNew: 104204K->1941K(115200K), 0.0059283 secs] 169433K->67184K(249344K), 0.0061060 secs] [Times: user=0.06 sys=0.00, real=0.01 secs] 
Heap after GC invocations=546 (full 1):
 par new generation   total 115200K, used 1941K [0x00000000f0000000, 0x00000000f7d00000, 0x00000000f7d00000)
  eden space 102400K,   0% used [0x00000000f0000000, 0x00000000f0000000, 0x00000000f6400000)
  from space 12800K,  15% used [0x00000000f6400000, 0x00000000f65e5760, 0x00000000f7080000)
  to   space 12800K,   0% used [0x00000000f7080000, 0x00000000f7080000, 0x00000000f7d00000)
 concurrent mark-sweep generation total 134144K, used 65242K [0x00000000f7d00000, 0x0000000100000000, 0x0000000100000000)
 Metaspace       used 53032K, capacity 56078K, committed 57088K, reserved 1099776K
  class space    used 6425K, capacity 6953K, committed 7168K, reserved 1048576K
}
{Heap before GC invocations=546 (full 1):
 par new generation   total 115200K, used 104341K [0x00000000f0000000, 0x00000000f7d00000, 0x00000000f7d00000)
  eden space 102400K, 100% used [0x00000000f0000000, 0x00000000f6400000, 0x00000000f6400000)
  from space 12800K,  15% used [0x00000000f6400000, 0x00000000f65e5760, 0x00000000f7080000)
  to   space 12800K,   0% used [0x00000000f7080000, 0x00000000f7080000, 0x00000000f7d00000)
 concurrent mark-sweep generation total 134144K, used 65242K [0x00000000f7d00000, 0x0000000100000000, 0x0000000100000000)
 Metaspace       used 53032K, capacity 56078K, committed 57088K, reserved 1099776K
  class space    used 6425K, capacity 6953K, committed 7168K, reserved 1048576K
2023-10-03T09:44:32.057+0800: 2042.566: [GC (Allocation Failure) 2023-10-03T09:44:32.057+0800: 2042.566: [ParNew: 104341K->1870K(115200K), 0.0074696 secs] 169584K->67133K(249344K), 0.0078453 secs] [Times: user=0.06 sys=0.00, real=0.01 secs] 
Heap after GC invocations=547 (full 1):
 par new generation   total 115200K, used 1870K [0x00000000f0000000, 0x00000000f7d00000, 0x00000000f7d00000)
  eden space 102400K,   0% used [0x00000000f0000000, 0x00000000f0000000, 0x00000000f6400000)
  from space 12800K,  14% used [0x00000000f7080000, 0x00000000f72539e8, 0x00000000f7d00000)
  to   space 12800K,   0% used [0x00000000f6400000, 0x00000000f6400000, 0x00000000f7080000)
 concurrent mark-sweep generation total 134144K, used 65263K [0x00000000f7d00000, 0x0000000100000000, 0x0000000100000000)
 Metaspace       used 53032K, capacity 56078K, committed 57088K, reserved 1099776K
  class space    used 6425K, capacity 6953K, committed 7168K, reserved 1048576K
}
{Heap before GC invocations=547 (full 1):
 par new generation   total 115200K, used 104270K [0x00000000f0000000, 0x00000000f7d00000, 0x00000000f7d00000)
  eden space 102400K, 100% used [0x00000000f0000000, 0x00000000f6400000, 0x00000000f6400000)
  from space 12800K,  14% used [0x00000000f7080000, 0x00000000f72539e8, 0x00000000f7d00000)
  to   space 12800K,   0% used [0x00000000f6400000, 0x00000000f6400000, 0x00000000f7080000)
 concurrent mark-sweep generation total 134144K, used 65263K [0x00000000f7d00000, 0x0000000100000000, 0x0000000100000000)
 Metaspace       used 53032K, capacity 56078K, committed 57088K, reserved 1099776K
  class space    used 6425K, capacity 6953K, committed 7168K, reserved 1048576K
2023-10-03T09:44:35.614+0800: 2046.123: [GC (Allocation Failure) 2023-10-03T09:44:35.614+0800: 2046.123: [ParNew: 104270K->2213K(115200K), 0.0078777 secs] 169533K->67526K(249344K), 0.0081068 secs] [Times: user=0.07 sys=0.00, real=0.00 secs] 
Heap after GC invocations=548 (full 1):
 par new generation   total 115200K, used 2213K [0x00000000f0000000, 0x00000000f7d00000, 0x00000000f7d00000)
  eden space 102400K,   0% used [0x00000000f0000000, 0x00000000f0000000, 0x00000000f6400000)
  from space 12800K,  17% used [0x00000000f6400000, 0x00000000f66294d0, 0x00000000f7080000)
  to   space 12800K,   0% used [0x00000000f7080000, 0x00000000f7080000, 0x00000000f7d00000)
 concurrent mark-sweep generation total 134144K, used 65312K [0x00000000f7d00000, 0x0000000100000000, 0x0000000100000000)
 Metaspace       used 53032K, capacity 56078K, committed 57088K, reserved 1099776K
  class space    used 6425K, capacity 6953K, committed 7168K, reserved 1048576K
}
{Heap before GC invocations=548 (full 1):
 par new generation   total 115200K, used 104613K [0x00000000f0000000, 0x00000000f7d00000, 0x00000000f7d00000)
  eden space 102400K, 100% used [0x00000000f0000000, 0x00000000f6400000, 0x00000000f6400000)
  from space 12800K,  17% used [0x00000000f6400000, 0x00000000f66294d0, 0x00000000f7080000)
  to   space 12800K,   0% used [0x00000000f7080000, 0x00000000f7080000, 0x00000000f7d00000)
 concurrent mark-sweep generation total 134144K, used 65312K [0x00000000f7d00000, 0x0000000100000000, 0x0000000100000000)
 Metaspace       used 53032K, capacity 56078K, committed 57088K, reserved 1099776K
  class space    used 6425K, capacity 6953K, committed 7168K, reserved 1048576K
2023-10-03T09:44:39.174+0800: 2049.683: [GC (Allocation Failure) 2023-10-03T09:44:39.174+0800: 2049.683: [ParNew: 104613K->1803K(115200K), 0.0076781 secs] 169926K->67191K(249344K), 0.0079262 secs] [Times: user=0.06 sys=0.00, real=0.01 secs] 
Heap after GC invocations=549 (full 1):
 par new generation   total 115200K, used 1803K [0x00000000f0000000, 0x00000000f7d00000, 0x00000000f7d00000)
  eden space 102400K,   0% used [0x00000000f0000000, 0x00000000f0000000, 0x00000000f6400000)
  from space 12800K,  14% used [0x00000000f7080000, 0x00000000f7242c00, 0x00000000f7d00000)
  to   space 12800K,   0% used [0x00000000f6400000, 0x00000000f6400000, 0x00000000f7080000)
 concurrent mark-sweep generation total 134144K, used 65388K [0x00000000f7d00000, 0x0000000100000000, 0x0000000100000000)
 Metaspace       used 53032K, capacity 56078K, committed 57088K, reserved 1099776K
  class space    used 6425K, capacity 6953K, committed 7168K, reserved 1048576K
}
{Heap before GC invocations=549 (full 1):
 par new generation   total 115200K, used 104203K [0x00000000f0000000, 0x00000000f7d00000, 0x00000000f7d00000)
  eden space 102400K, 100% used [0x00000000f0000000, 0x00000000f6400000, 0x00000000f6400000)
  from space 12800K,  14% used [0x00000000f7080000, 0x00000000f7242c00, 0x00000000f7d00000)
  to   space 12800K,   0% used [0x00000000f6400000, 0x00000000f6400000, 0x00000000f7080000)
 concurrent mark-sweep generation total 134144K, used 65388K [0x00000000f7d00000, 0x0000000100000000, 0x0000000100000000)
 Metaspace       used 53032K, capacity 56078K, committed 57088K, reserved 1099776K
  class space    used 6425K, capacity 6953K, committed 7168K, reserved 1048576K
2023-10-03T09:44:42.757+0800: 2053.267: [GC (Allocation Failure) 2023-10-03T09:44:42.758+0800: 2053.267: [ParNew: 104203K->1752K(115200K), 0.0076195 secs] 169591K->67189K(249344K), 0.0078912 secs] [Times: user=0.06 sys=0.00, real=0.01 secs] 
Heap after GC invocations=550 (full 1):
 par new generation   total 115200K, used 1752K [0x00000000f0000000, 0x00000000f7d00000, 0x00000000f7d00000)
  eden space 102400K,   0% used [0x00000000f0000000, 0x00000000f0000000, 0x00000000f6400000)
  from space 12800K,  13% used [0x00000000f6400000, 0x00000000f65b6180, 0x00000000f7080000)
  to   space 12800K,   0% used [0x00000000f7080000, 0x00000000f7080000, 0x00000000f7d00000)
 concurrent mark-sweep generation total 134144K, used 65436K [0x00000000f7d00000, 0x0000000100000000, 0x0000000100000000)
 Metaspace       used 53032K, capacity 56078K, committed 57088K, reserved 1099776K
  class space    used 6425K, capacity 6953K, committed 7168K, reserved 1048576K
}
{Heap before GC invocations=550 (full 1):
 par new generation   total 115200K, used 104152K [0x00000000f0000000, 0x00000000f7d00000, 0x00000000f7d00000)
  eden space 102400K, 100% used [0x00000000f0000000, 0x00000000f6400000, 0x00000000f6400000)
  from space 12800K,  13% used [0x00000000f6400000, 0x00000000f65b6180, 0x00000000f7080000)
  to   space 12800K,   0% used [0x00000000f7080000, 0x00000000f7080000, 0x00000000f7d00000)
 concurrent mark-sweep generation total 134144K, used 65436K [0x00000000f7d00000, 0x0000000100000000, 0x0000000100000000)
 Metaspace       used 53032K, capacity 56078K, committed 57088K, reserved 1099776K
  class space    used 6425K, capacity 6953K, committed 7168K, reserved 1048576K
2023-10-03T09:44:46.666+0800: 2057.176: [GC (Allocation Failure) 2023-10-03T09:44:46.667+0800: 2057.176: [ParNew: 104152K->1712K(115200K), 0.0057646 secs] 169589K->67196K(249344K), 0.0059563 secs] [Times: user=0.05 sys=0.00, real=0.01 secs] 
Heap after GC invocations=551 (full 1):
 par new generation   total 115200K, used 1712K [0x00000000f0000000, 0x00000000f7d00000, 0x00000000f7d00000)
  eden space 102400K,   0% used [0x00000000f0000000, 0x00000000f0000000, 0x00000000f6400000)
  from space 12800K,  13% used [0x00000000f7080000, 0x00000000f722c100, 0x00000000f7d00000)
  to   space 12800K,   0% used [0x00000000f6400000, 0x00000000f6400000, 0x00000000f7080000)
 concurrent mark-sweep generation total 134144K, used 65483K [0x00000000f7d00000, 0x0000000100000000, 0x0000000100000000)
 Metaspace       used 53032K, capacity 56078K, committed 57088K, reserved 1099776K
  class space    used 6425K, capacity 6953K, committed 7168K, reserved 1048576K
}
{Heap before GC invocations=551 (full 1):
 par new generation   total 115200K, used 104112K [0x00000000f0000000, 0x00000000f7d00000, 0x00000000f7d00000)
  eden space 102400K, 100% used [0x00000000f0000000, 0x00000000f6400000, 0x00000000f6400000)
  from space 12800K,  13% used [0x00000000f7080000, 0x00000000f722c100, 0x00000000f7d00000)
  to   space 12800K,   0% used [0x00000000f6400000, 0x00000000f6400000, 0x00000000f7080000)
 concurrent mark-sweep generation total 134144K, used 65483K [0x00000000f7d00000, 0x0000000100000000, 0x0000000100000000)
 Metaspace       used 53032K, capacity 56078K, committed 57088K, reserved 1099776K
  class space    used 6425K, capacity 6953K, committed 7168K, reserved 1048576K
2023-10-03T09:44:50.220+0800: 2060.729: [GC (Allocation Failure) 2023-10-03T09:44:50.220+0800: 2060.730: [ParNew: 104112K->1667K(115200K), 0.0056945 secs] 169596K->67256K(249344K), 0.0058956 secs] [Times: user=0.06 sys=0.00, real=0.01 secs] 
Heap after GC invocations=552 (full 1):
 par new generation   total 115200K, used 1667K [0x00000000f0000000, 0x00000000f7d00000, 0x00000000f7d00000)
  eden space 102400K,   0% used [0x00000000f0000000, 0x00000000f0000000, 0x00000000f6400000)
  from space 12800K,  13% used [0x00000000f6400000, 0x00000000f65a0ee0, 0x00000000f7080000)
  to   space 12800K,   0% used [0x00000000f7080000, 0x00000000f7080000, 0x00000000f7d00000)
 concurrent mark-sweep generation total 134144K, used 65588K [0x00000000f7d00000, 0x0000000100000000, 0x0000000100000000)
 Metaspace       used 53032K, capacity 56078K, committed 57088K, reserved 1099776K
  class space    used 6425K, capacity 6953K, committed 7168K, reserved 1048576K
}
{Heap before GC invocations=552 (full 1):
 par new generation   total 115200K, used 104067K [0x00000000f0000000, 0x00000000f7d00000, 0x00000000f7d00000)
  eden space 102400K, 100% used [0x00000000f0000000, 0x00000000f6400000, 0x00000000f6400000)
  from space 12800K,  13% used [0x00000000f6400000, 0x00000000f65a0ee0, 0x00000000f7080000)
  to   space 12800K,   0% used [0x00000000f7080000, 0x00000000f7080000, 0x00000000f7d00000)
 concurrent mark-sweep generation total 134144K, used 65588K [0x00000000f7d00000, 0x0000000100000000, 0x0000000100000000)
 Metaspace       used 53032K, capacity 56078K, committed 57088K, reserved 1099776K
  class space    used 6425K, capacity 6953K, committed 7168K, reserved 1048576K
2023-10-03T09:44:53.775+0800: 2064.284: [GC (Allocation Failure) 2023-10-03T09:44:53.775+0800: 2064.284: [ParNew: 104067K->2037K(115200K), 0.0072142 secs] 169656K->67666K(249344K), 0.0074510 secs] [Times: user=0.06 sys=0.01, real=0.01 secs] 
Heap after GC invocations=553 (full 1):
 par new generation   total 115200K, used 2037K [0x00000000f0000000, 0x00000000f7d00000, 0x00000000f7d00000)
  eden space 102400K,   0% used [0x00000000f0000000, 0x00000000f0000000, 0x00000000f6400000)
  from space 12800K,  15% used [0x00000000f7080000, 0x00000000f727d6a0, 0x00000000f7d00000)
  to   space 12800K,   0% used [0x00000000f6400000, 0x00000000f6400000, 0x00000000f7080000)
 concurrent mark-sweep generation total 134144K, used 65628K [0x00000000f7d00000, 0x0000000100000000, 0x0000000100000000)
 Metaspace       used 53032K, capacity 56078K, committed 57088K, reserved 1099776K
  class space    used 6425K, capacity 6953K, committed 7168K, reserved 1048576K
}
{Heap before GC invocations=553 (full 1):
 par new generation   total 115200K, used 104437K [0x00000000f0000000, 0x00000000f7d00000, 0x00000000f7d00000)
  eden space 102400K, 100% used [0x00000000f0000000, 0x00000000f6400000, 0x00000000f6400000)
  from space 12800K,  15% used [0x00000000f7080000, 0x00000000f727d6a0, 0x00000000f7d00000)
  to   space 12800K,   0% used [0x00000000f6400000, 0x00000000f6400000, 0x00000000f7080000)
 concurrent mark-sweep generation total 134144K, used 65628K [0x00000000f7d00000, 0x0000000100000000, 0x0000000100000000)
 Metaspace       used 53032K, capacity 56078K, committed 57088K, reserved 1099776K
  class space    used 6425K, capacity 6953K, committed 7168K, reserved 1048576K
2023-10-03T09:44:57.331+0800: 2067.840: [GC (Allocation Failure) 2023-10-03T09:44:57.331+0800: 2067.840: [ParNew: 104437K->1605K(115200K), 0.0077311 secs] 170066K->67316K(249344K), 0.0079781 secs] [Times: user=0.06 sys=0.00, real=0.01 secs] 
Heap after GC invocations=554 (full 1):
 par new generation   total 115200K, used 1605K [0x00000000f0000000, 0x00000000f7d00000, 0x00000000f7d00000)
  eden space 102400K,   0% used [0x00000000f0000000, 0x00000000f0000000, 0x00000000f6400000)
  from space 12800K,  12% used [0x00000000f6400000, 0x00000000f6591700, 0x00000000f7080000)
  to   space 12800K,   0% used [0x00000000f7080000, 0x00000000f7080000, 0x00000000f7d00000)
 concurrent mark-sweep generation total 134144K, used 65710K [0x00000000f7d00000, 0x0000000100000000, 0x0000000100000000)
 Metaspace       used 53032K, capacity 56078K, committed 57088K, reserved 1099776K
  class space    used 6425K, capacity 6953K, committed 7168K, reserved 1048576K
}
{Heap before GC invocations=554 (full 1):
 par new generation   total 115200K, used 104005K [0x00000000f0000000, 0x00000000f7d00000, 0x00000000f7d00000)
  eden space 102400K, 100% used [0x00000000f0000000, 0x00000000f6400000, 0x00000000f6400000)
  from space 12800K,  12% used [0x00000000f6400000, 0x00000000f6591700, 0x00000000f7080000)
  to   space 12800K,   0% used [0x00000000f7080000, 0x00000000f7080000, 0x00000000f7d00000)
 concurrent mark-sweep generation total 134144K, used 65710K [0x00000000f7d00000, 0x0000000100000000, 0x0000000100000000)
 Metaspace       used 53032K, capacity 56078K, committed 57088K, reserved 1099776K
  class space    used 6425K, capacity 6953K, committed 7168K, reserved 1048576K
2023-10-03T09:45:00.885+0800: 2071.394: [GC (Allocation Failure) 2023-10-03T09:45:00.885+0800: 2071.394: [ParNew: 104005K->1552K(115200K), 0.0067935 secs] 169716K->67304K(249344K), 0.0071609 secs] [Times: user=0.06 sys=0.01, real=0.01 secs] 
Heap after GC invocations=555 (full 1):
 par new generation   total 115200K, used 1552K [0x00000000f0000000, 0x00000000f7d00000, 0x00000000f7d00000)
  eden space 102400K,   0% used [0x00000000f0000000, 0x00000000f0000000, 0x00000000f6400000)
  from space 12800K,  12% used [0x00000000f7080000, 0x00000000f7204380, 0x00000000f7d00000)
  to   space 12800K,   0% used [0x00000000f6400000, 0x00000000f6400000, 0x00000000f7080000)
 concurrent mark-sweep generation total 134144K, used 65751K [0x00000000f7d00000, 0x0000000100000000, 0x0000000100000000)
 Metaspace       used 53032K, capacity 56078K, committed 57088K, reserved 1099776K
  class space    used 6425K, capacity 6953K, committed 7168K, reserved 1048576K
}
{Heap before GC invocations=555 (full 1):
 par new generation   total 115200K, used 103952K [0x00000000f0000000, 0x00000000f7d00000, 0x00000000f7d00000)
  eden space 102400K, 100% used [0x00000000f0000000, 0x00000000f6400000, 0x00000000f6400000)
  from space 12800K,  12% used [0x00000000f7080000, 0x00000000f7204380, 0x00000000f7d00000)
  to   space 12800K,   0% used [0x00000000f6400000, 0x00000000f6400000, 0x00000000f7080000)
 concurrent mark-sweep generation total 134144K, used 65751K [0x00000000f7d00000, 0x0000000100000000, 0x0000000100000000)
 Metaspace       used 53032K, capacity 56078K, committed 57088K, reserved 1099776K
  class space    used 6425K, capacity 6953K, committed 7168K, reserved 1048576K
2023-10-03T09:45:04.442+0800: 2074.951: [GC (Allocation Failure) 2023-10-03T09:45:04.442+0800: 2074.951: [ParNew: 103952K->1682K(115200K), 0.0204645 secs] 169704K->67455K(249344K), 0.0206939 secs] [Times: user=0.06 sys=0.00, real=0.02 secs] 
Heap after GC invocations=556 (full 1):
 par new generation   total 115200K, used 1682K [0x00000000f0000000, 0x00000000f7d00000, 0x00000000f7d00000)
  eden space 102400K,   0% used [0x00000000f0000000, 0x00000000f0000000, 0x00000000f6400000)
  from space 12800K,  13% used [0x00000000f6400000, 0x00000000f65a4850, 0x00000000f7080000)
  to   space 12800K,   0% used [0x00000000f7080000, 0x00000000f7080000, 0x00000000f7d00000)
 concurrent mark-sweep generation total 134144K, used 65773K [0x00000000f7d00000, 0x0000000100000000, 0x0000000100000000)
 Metaspace       used 53032K, capacity 56078K, committed 57088K, reserved 1099776K
  class space    used 6425K, capacity 6953K, committed 7168K, reserved 1048576K
}
{Heap before GC invocations=556 (full 1):
 par new generation   total 115200K, used 104082K [0x00000000f0000000, 0x00000000f7d00000, 0x00000000f7d00000)
  eden space 102400K, 100% used [0x00000000f0000000, 0x00000000f6400000, 0x00000000f6400000)
  from space 12800K,  13% used [0x00000000f6400000, 0x00000000f65a4850, 0x00000000f7080000)
  to   space 12800K,   0% used [0x00000000f7080000, 0x00000000f7080000, 0x00000000f7d00000)
 concurrent mark-sweep generation total 134144K, used 65773K [0x00000000f7d00000, 0x0000000100000000, 0x0000000100000000)
 Metaspace       used 53032K, capacity 56078K, committed 57088K, reserved 1099776K
  class space    used 6425K, capacity 6953K, committed 7168K, reserved 1048576K
2023-10-03T09:45:08.017+0800: 2078.527: [GC (Allocation Failure) 2023-10-03T09:45:08.018+0800: 2078.527: [ParNew: 104082K->1856K(115200K), 0.0072418 secs] 169855K->67639K(249344K), 0.0074895 secs] [Times: user=0.06 sys=0.00, real=0.01 secs] 
Heap after GC invocations=557 (full 1):
 par new generation   total 115200K, used 1856K [0x00000000f0000000, 0x00000000f7d00000, 0x00000000f7d00000)
  eden space 102400K,   0% used [0x00000000f0000000, 0x00000000f0000000, 0x00000000f6400000)
  from space 12800K,  14% used [0x00000000f7080000, 0x00000000f72503e0, 0x00000000f7d00000)
  to   space 12800K,   0% used [0x00000000f6400000, 0x00000000f6400000, 0x00000000f7080000)
 concurrent mark-sweep generation total 134144K, used 65783K [0x00000000f7d00000, 0x0000000100000000, 0x0000000100000000)
 Metaspace       used 53032K, capacity 56078K, committed 57088K, reserved 1099776K
  class space    used 6425K, capacity 6953K, committed 7168K, reserved 1048576K
}
{Heap before GC invocations=557 (full 1):
 par new generation   total 115200K, used 104256K [0x00000000f0000000, 0x00000000f7d00000, 0x00000000f7d00000)
  eden space 102400K, 100% used [0x00000000f0000000, 0x00000000f6400000, 0x00000000f6400000)
  from space 12800K,  14% used [0x00000000f7080000, 0x00000000f72503e0, 0x00000000f7d00000)
  to   space 12800K,   0% used [0x00000000f6400000, 0x00000000f6400000, 0x00000000f7080000)
 concurrent mark-sweep generation total 134144K, used 65783K [0x00000000f7d00000, 0x0000000100000000, 0x0000000100000000)
 Metaspace       used 53032K, capacity 56078K, committed 57088K, reserved 1099776K
  class space    used 6425K, capacity 6953K, committed 7168K, reserved 1048576K
2023-10-03T09:45:11.930+0800: 2082.440: [GC (Allocation Failure) 2023-10-03T09:45:11.931+0800: 2082.440: [ParNew: 104256K->1888K(115200K), 0.0038639 secs] 170039K->67720K(249344K), 0.0040457 secs] [Times: user=0.03 sys=0.00, real=0.01 secs] 
Heap after GC invocations=558 (full 1):
 par new generation   total 115200K, used 1888K [0x00000000f0000000, 0x00000000f7d00000, 0x00000000f7d00000)
  eden space 102400K,   0% used [0x00000000f0000000, 0x00000000f0000000, 0x00000000f6400000)
  from space 12800K,  14% used [0x00000000f6400000, 0x00000000f65d8020, 0x00000000f7080000)
  to   space 12800K,   0% used [0x00000000f7080000, 0x00000000f7080000, 0x00000000f7d00000)
 concurrent mark-sweep generation total 134144K, used 65832K [0x00000000f7d00000, 0x0000000100000000, 0x0000000100000000)
 Metaspace       used 53032K, capacity 56078K, committed 57088K, reserved 1099776K
  class space    used 6425K, capacity 6953K, committed 7168K, reserved 1048576K
}
{Heap before GC invocations=558 (full 1):
 par new generation   total 115200K, used 104288K [0x00000000f0000000, 0x00000000f7d00000, 0x00000000f7d00000)
  eden space 102400K, 100% used [0x00000000f0000000, 0x00000000f6400000, 0x00000000f6400000)
  from space 12800K,  14% used [0x00000000f6400000, 0x00000000f65d8020, 0x00000000f7080000)
  to   space 12800K,   0% used [0x00000000f7080000, 0x00000000f7080000, 0x00000000f7d00000)
 concurrent mark-sweep generation total 134144K, used 65832K [0x00000000f7d00000, 0x0000000100000000, 0x0000000100000000)
 Metaspace       used 53032K, capacity 56078K, committed 57088K, reserved 1099776K
  class space    used 6425K, capacity 6953K, committed 7168K, reserved 1048576K
2023-10-03T09:45:15.479+0800: 2085.988: [GC (Allocation Failure) 2023-10-03T09:45:15.479+0800: 2085.988: [ParNew: 104288K->1668K(115200K), 0.0061114 secs] 170120K->67516K(249344K), 0.0063184 secs] [Times: user=0.05 sys=0.01, real=0.01 secs] 
Heap after GC invocations=559 (full 1):
 par new generation   total 115200K, used 1668K [0x00000000f0000000, 0x00000000f7d00000, 0x00000000f7d00000)
  eden space 102400K,   0% used [0x00000000f0000000, 0x00000000f0000000, 0x00000000f6400000)
  from space 12800K,  13% used [0x00000000f7080000, 0x00000000f72211e0, 0x00000000f7d00000)
  to   space 12800K,   0% used [0x00000000f6400000, 0x00000000f6400000, 0x00000000f7080000)
 concurrent mark-sweep generation total 134144K, used 65847K [0x00000000f7d00000, 0x0000000100000000, 0x0000000100000000)
 Metaspace       used 53032K, capacity 56078K, committed 57088K, reserved 1099776K
  class space    used 6425K, capacity 6953K, committed 7168K, reserved 1048576K
}
{Heap before GC invocations=559 (full 1):
 par new generation   total 115200K, used 104068K [0x00000000f0000000, 0x00000000f7d00000, 0x00000000f7d00000)
  eden space 102400K, 100% used [0x00000000f0000000, 0x00000000f6400000, 0x00000000f6400000)
  from space 12800K,  13% used [0x00000000f7080000, 0x00000000f72211e0, 0x00000000f7d00000)
  to   space 12800K,   0% used [0x00000000f6400000, 0x00000000f6400000, 0x00000000f7080000)
 concurrent mark-sweep generation total 134144K, used 65847K [0x00000000f7d00000, 0x0000000100000000, 0x0000000100000000)
 Metaspace       used 53032K, capacity 56078K, committed 57088K, reserved 1099776K
  class space    used 6425K, capacity 6953K, committed 7168K, reserved 1048576K
2023-10-03T09:45:19.033+0800: 2089.542: [GC (Allocation Failure) 2023-10-03T09:45:19.033+0800: 2089.542: [ParNew: 104068K->1928K(115200K), 0.0077218 secs] 169916K->67816K(249344K), 0.0079531 secs] [Times: user=0.06 sys=0.00, real=0.00 secs] 
Heap after GC invocations=560 (full 1):
 par new generation   total 115200K, used 1928K [0x00000000f0000000, 0x00000000f7d00000, 0x00000000f7d00000)
  eden space 102400K,   0% used [0x00000000f0000000, 0x00000000f0000000, 0x00000000f6400000)
  from space 12800K,  15% used [0x00000000f6400000, 0x00000000f65e22e0, 0x00000000f7080000)
  to   space 12800K,   0% used [0x00000000f7080000, 0x00000000f7080000, 0x00000000f7d00000)
 concurrent mark-sweep generation total 134144K, used 65887K [0x00000000f7d00000, 0x0000000100000000, 0x0000000100000000)
 Metaspace       used 53032K, capacity 56078K, committed 57088K, reserved 1099776K
  class space    used 6425K, capacity 6953K, committed 7168K, reserved 1048576K
}
{Heap before GC invocations=560 (full 1):
 par new generation   total 115200K, used 104328K [0x00000000f0000000, 0x00000000f7d00000, 0x00000000f7d00000)
  eden space 102400K, 100% used [0x00000000f0000000, 0x00000000f6400000, 0x00000000f6400000)
  from space 12800K,  15% used [0x00000000f6400000, 0x00000000f65e22e0, 0x00000000f7080000)
  to   space 12800K,   0% used [0x00000000f7080000, 0x00000000f7080000, 0x00000000f7d00000)
 concurrent mark-sweep generation total 134144K, used 65887K [0x00000000f7d00000, 0x0000000100000000, 0x0000000100000000)
 Metaspace       used 53032K, capacity 56078K, committed 57088K, reserved 1099776K
  class space    used 6425K, capacity 6953K, committed 7168K, reserved 1048576K
2023-10-03T09:45:22.589+0800: 2093.098: [GC (Allocation Failure) 2023-10-03T09:45:22.589+0800: 2093.098: [ParNew: 104328K->1935K(115200K), 0.0076576 secs] 170216K->67857K(249344K), 0.0078840 secs] [Times: user=0.07 sys=0.00, real=0.01 secs] 
Heap after GC invocations=561 (full 1):
 par new generation   total 115200K, used 1935K [0x00000000f0000000, 0x00000000f7d00000, 0x00000000f7d00000)
  eden space 102400K,   0% used [0x00000000f0000000, 0x00000000f0000000, 0x00000000f6400000)
  from space 12800K,  15% used [0x00000000f7080000, 0x00000000f7263d90, 0x00000000f7d00000)
  to   space 12800K,   0% used [0x00000000f6400000, 0x00000000f6400000, 0x00000000f7080000)
 concurrent mark-sweep generation total 134144K, used 65922K [0x00000000f7d00000, 0x0000000100000000, 0x0000000100000000)
 Metaspace       used 53032K, capacity 56078K, committed 57088K, reserved 1099776K
  class space    used 6425K, capacity 6953K, committed 7168K, reserved 1048576K
}
{Heap before GC invocations=561 (full 1):
 par new generation   total 115200K, used 104335K [0x00000000f0000000, 0x00000000f7d00000, 0x00000000f7d00000)
  eden space 102400K, 100% used [0x00000000f0000000, 0x00000000f6400000, 0x00000000f6400000)
  from space 12800K,  15% used [0x00000000f7080000, 0x00000000f7263d90, 0x00000000f7d00000)
  to   space 12800K,   0% used [0x00000000f6400000, 0x00000000f6400000, 0x00000000f7080000)
 concurrent mark-sweep generation total 134144K, used 65922K [0x00000000f7d00000, 0x0000000100000000, 0x0000000100000000)
 Metaspace       used 53032K, capacity 56078K, committed 57088K, reserved 1099776K
  class space    used 6425K, capacity 6953K, committed 7168K, reserved 1048576K
2023-10-03T09:45:26.159+0800: 2096.668: [GC (Allocation Failure) 2023-10-03T09:45:26.159+0800: 2096.669: [ParNew: 104335K->1637K(115200K), 0.0077875 secs] 170257K->67632K(249344K), 0.0080963 secs] [Times: user=0.06 sys=0.00, real=0.01 secs] 
Heap after GC invocations=562 (full 1):
 par new generation   total 115200K, used 1637K [0x00000000f0000000, 0x00000000f7d00000, 0x00000000f7d00000)
  eden space 102400K,   0% used [0x00000000f0000000, 0x00000000f0000000, 0x00000000f6400000)
  from space 12800K,  12% used [0x00000000f6400000, 0x00000000f6599500, 0x00000000f7080000)
  to   space 12800K,   0% used [0x00000000f7080000, 0x00000000f7080000, 0x00000000f7d00000)
 concurrent mark-sweep generation total 134144K, used 65995K [0x00000000f7d00000, 0x0000000100000000, 0x0000000100000000)
 Metaspace       used 53032K, capacity 56078K, committed 57088K, reserved 1099776K
  class space    used 6425K, capacity 6953K, committed 7168K, reserved 1048576K
}
{Heap before GC invocations=562 (full 1):
 par new generation   total 115200K, used 104037K [0x00000000f0000000, 0x00000000f7d00000, 0x00000000f7d00000)
  eden space 102400K, 100% used [0x00000000f0000000, 0x00000000f6400000, 0x00000000f6400000)
  from space 12800K,  12% used [0x00000000f6400000, 0x00000000f6599500, 0x00000000f7080000)
  to   space 12800K,   0% used [0x00000000f7080000, 0x00000000f7080000, 0x00000000f7d00000)
 concurrent mark-sweep generation total 134144K, used 65995K [0x00000000f7d00000, 0x0000000100000000, 0x0000000100000000)
 Metaspace       used 53032K, capacity 56078K, committed 57088K, reserved 1099776K
  class space    used 6425K, capacity 6953K, committed 7168K, reserved 1048576K
2023-10-03T09:45:29.718+0800: 2100.227: [GC (Allocation Failure) 2023-10-03T09:45:29.718+0800: 2100.227: [ParNew: 104037K->1989K(115200K), 0.0079753 secs] 170032K->68030K(249344K), 0.0081979 secs] [Times: user=0.07 sys=0.00, real=0.01 secs] 
Heap after GC invocations=563 (full 1):
 par new generation   total 115200K, used 1989K [0x00000000f0000000, 0x00000000f7d00000, 0x00000000f7d00000)
  eden space 102400K,   0% used [0x00000000f0000000, 0x00000000f0000000, 0x00000000f6400000)
  from space 12800K,  15% used [0x00000000f7080000, 0x00000000f72716e8, 0x00000000f7d00000)
  to   space 12800K,   0% used [0x00000000f6400000, 0x00000000f6400000, 0x00000000f7080000)
 concurrent mark-sweep generation total 134144K, used 66041K [0x00000000f7d00000, 0x0000000100000000, 0x0000000100000000)
 Metaspace       used 53032K, capacity 56078K, committed 57088K, reserved 1099776K
  class space    used 6425K, capacity 6953K, committed 7168K, reserved 1048576K
}
{Heap before GC invocations=563 (full 1):
 par new generation   total 115200K, used 104389K [0x00000000f0000000, 0x00000000f7d00000, 0x00000000f7d00000)
  eden space 102400K, 100% used [0x00000000f0000000, 0x00000000f6400000, 0x00000000f6400000)
  from space 12800K,  15% used [0x00000000f7080000, 0x00000000f72716e8, 0x00000000f7d00000)
  to   space 12800K,   0% used [0x00000000f6400000, 0x00000000f6400000, 0x00000000f7080000)
 concurrent mark-sweep generation total 134144K, used 66041K [0x00000000f7d00000, 0x0000000100000000, 0x0000000100000000)
 Metaspace       used 53032K, capacity 56078K, committed 57088K, reserved 1099776K
  class space    used 6425K, capacity 6953K, committed 7168K, reserved 1048576K
2023-10-03T09:45:33.642+0800: 2104.152: [GC (Allocation Failure) 2023-10-03T09:45:33.643+0800: 2104.152: [ParNew: 104389K->1632K(115200K), 0.0058686 secs] 170430K->67723K(249344K), 0.0060727 secs] [Times: user=0.05 sys=0.01, real=0.00 secs] 
Heap after GC invocations=564 (full 1):
 par new generation   total 115200K, used 1632K [0x00000000f0000000, 0x00000000f7d00000, 0x00000000f7d00000)
  eden space 102400K,   0% used [0x00000000f0000000, 0x00000000f0000000, 0x00000000f6400000)
  from space 12800K,  12% used [0x00000000f6400000, 0x00000000f6598240, 0x00000000f7080000)
  to   space 12800K,   0% used [0x00000000f7080000, 0x00000000f7080000, 0x00000000f7d00000)
 concurrent mark-sweep generation total 134144K, used 66090K [0x00000000f7d00000, 0x0000000100000000, 0x0000000100000000)
 Metaspace       used 53032K, capacity 56078K, committed 57088K, reserved 1099776K
  class space    used 6425K, capacity 6953K, committed 7168K, reserved 1048576K
}
{Heap before GC invocations=564 (full 1):
 par new generation   total 115200K, used 104032K [0x00000000f0000000, 0x00000000f7d00000, 0x00000000f7d00000)
  eden space 102400K, 100% used [0x00000000f0000000, 0x00000000f6400000, 0x00000000f6400000)
  from space 12800K,  12% used [0x00000000f6400000, 0x00000000f6598240, 0x00000000f7080000)
  to   space 12800K,   0% used [0x00000000f7080000, 0x00000000f7080000, 0x00000000f7d00000)
 concurrent mark-sweep generation total 134144K, used 66090K [0x00000000f7d00000, 0x0000000100000000, 0x0000000100000000)
 Metaspace       used 53032K, capacity 56078K, committed 57088K, reserved 1099776K
  class space    used 6425K, capacity 6953K, committed 7168K, reserved 1048576K
2023-10-03T09:45:37.196+0800: 2107.705: [GC (Allocation Failure) 2023-10-03T09:45:37.196+0800: 2107.705: [ParNew: 104032K->1910K(115200K), 0.0191791 secs] 170123K->68018K(249344K), 0.0193508 secs] [Times: user=0.06 sys=0.00, real=0.02 secs] 
Heap after GC invocations=565 (full 1):
 par new generation   total 115200K, used 1910K [0x00000000f0000000, 0x00000000f7d00000, 0x00000000f7d00000)
  eden space 102400K,   0% used [0x00000000f0000000, 0x00000000f0000000, 0x00000000f6400000)
  from space 12800K,  14% used [0x00000000f7080000, 0x00000000f725da40, 0x00000000f7d00000)
  to   space 12800K,   0% used [0x00000000f6400000, 0x00000000f6400000, 0x00000000f7080000)
 concurrent mark-sweep generation total 134144K, used 66108K [0x00000000f7d00000, 0x0000000100000000, 0x0000000100000000)
 Metaspace       used 53032K, capacity 56078K, committed 57088K, reserved 1099776K
  class space    used 6425K, capacity 6953K, committed 7168K, reserved 1048576K
}
{Heap before GC invocations=565 (full 1):
 par new generation   total 115200K, used 104310K [0x00000000f0000000, 0x00000000f7d00000, 0x00000000f7d00000)
  eden space 102400K, 100% used [0x00000000f0000000, 0x00000000f6400000, 0x00000000f6400000)
  from space 12800K,  14% used [0x00000000f7080000, 0x00000000f725da40, 0x00000000f7d00000)
  to   space 12800K,   0% used [0x00000000f6400000, 0x00000000f6400000, 0x00000000f7080000)
 concurrent mark-sweep generation total 134144K, used 66108K [0x00000000f7d00000, 0x0000000100000000, 0x0000000100000000)
 Metaspace       used 53034K, capacity 56078K, committed 57088K, reserved 1099776K
  class space    used 6425K, capacity 6953K, committed 7168K, reserved 1048576K
2023-10-03T09:45:40.763+0800: 2111.272: [GC (Allocation Failure) 2023-10-03T09:45:40.763+0800: 2111.272: [ParNew: 104310K->2066K(115200K), 0.0082451 secs] 170418K->68226K(249344K), 0.0084820 secs] [Times: user=0.07 sys=0.00, real=0.00 secs] 
Heap after GC invocations=566 (full 1):
 par new generation   total 115200K, used 2066K [0x00000000f0000000, 0x00000000f7d00000, 0x00000000f7d00000)
  eden space 102400K,   0% used [0x00000000f0000000, 0x00000000f0000000, 0x00000000f6400000)
  from space 12800K,  16% used [0x00000000f6400000, 0x00000000f6604b58, 0x00000000f7080000)
  to   space 12800K,   0% used [0x00000000f7080000, 0x00000000f7080000, 0x00000000f7d00000)
 concurrent mark-sweep generation total 134144K, used 66159K [0x00000000f7d00000, 0x0000000100000000, 0x0000000100000000)
 Metaspace       used 53034K, capacity 56078K, committed 57088K, reserved 1099776K
  class space    used 6425K, capacity 6953K, committed 7168K, reserved 1048576K
}
{Heap before GC invocations=566 (full 1):
 par new generation   total 115200K, used 104466K [0x00000000f0000000, 0x00000000f7d00000, 0x00000000f7d00000)
  eden space 102400K, 100% used [0x00000000f0000000, 0x00000000f6400000, 0x00000000f6400000)
  from space 12800K,  16% used [0x00000000f6400000, 0x00000000f6604b58, 0x00000000f7080000)
  to   space 12800K,   0% used [0x00000000f7080000, 0x00000000f7080000, 0x00000000f7d00000)
 concurrent mark-sweep generation total 134144K, used 66159K [0x00000000f7d00000, 0x0000000100000000, 0x0000000100000000)
 Metaspace       used 53034K, capacity 56078K, committed 57088K, reserved 1099776K
  class space    used 6425K, capacity 6953K, committed 7168K, reserved 1048576K
2023-10-03T09:45:44.316+0800: 2114.826: [GC (Allocation Failure) 2023-10-03T09:45:44.317+0800: 2114.826: [ParNew: 104466K->1833K(115200K), 0.0075359 secs] 170626K->68011K(249344K), 0.0077856 secs] [Times: user=0.07 sys=0.00, real=0.01 secs] 
Heap after GC invocations=567 (full 1):
 par new generation   total 115200K, used 1833K [0x00000000f0000000, 0x00000000f7d00000, 0x00000000f7d00000)
  eden space 102400K,   0% used [0x00000000f0000000, 0x00000000f0000000, 0x00000000f6400000)
  from space 12800K,  14% used [0x00000000f7080000, 0x00000000f724a608, 0x00000000f7d00000)
  to   space 12800K,   0% used [0x00000000f6400000, 0x00000000f6400000, 0x00000000f7080000)
 concurrent mark-sweep generation total 134144K, used 66177K [0x00000000f7d00000, 0x0000000100000000, 0x0000000100000000)
 Metaspace       used 53034K, capacity 56078K, committed 57088K, reserved 1099776K
  class space    used 6425K, capacity 6953K, committed 7168K, reserved 1048576K
}
{Heap before GC invocations=567 (full 1):
 par new generation   total 115200K, used 104233K [0x00000000f0000000, 0x00000000f7d00000, 0x00000000f7d00000)
  eden space 102400K, 100% used [0x00000000f0000000, 0x00000000f6400000, 0x00000000f6400000)
  from space 12800K,  14% used [0x00000000f7080000, 0x00000000f724a608, 0x00000000f7d00000)
  to   space 12800K,   0% used [0x00000000f6400000, 0x00000000f6400000, 0x00000000f7080000)
 concurrent mark-sweep generation total 134144K, used 66177K [0x00000000f7d00000, 0x0000000100000000, 0x0000000100000000)
 Metaspace       used 53034K, capacity 56078K, committed 57088K, reserved 1099776K
  class space    used 6425K, capacity 6953K, committed 7168K, reserved 1048576K
2023-10-03T09:45:47.874+0800: 2118.383: [GC (Allocation Failure) 2023-10-03T09:45:47.874+0800: 2118.383: [ParNew: 104233K->1718K(115200K), 0.0077162 secs] 170411K->67962K(249344K), 0.0080063 secs] [Times: user=0.07 sys=0.01, real=0.00 secs] 
Heap after GC invocations=568 (full 1):
 par new generation   total 115200K, used 1718K [0x00000000f0000000, 0x00000000f7d00000, 0x00000000f7d00000)
  eden space 102400K,   0% used [0x00000000f0000000, 0x00000000f0000000, 0x00000000f6400000)
  from space 12800K,  13% used [0x00000000f6400000, 0x00000000f65ad960, 0x00000000f7080000)
  to   space 12800K,   0% used [0x00000000f7080000, 0x00000000f7080000, 0x00000000f7d00000)
 concurrent mark-sweep generation total 134144K, used 66243K [0x00000000f7d00000, 0x0000000100000000, 0x0000000100000000)
 Metaspace       used 53034K, capacity 56078K, committed 57088K, reserved 1099776K
  class space    used 6425K, capacity 6953K, committed 7168K, reserved 1048576K
}
{Heap before GC invocations=568 (full 1):
 par new generation   total 115200K, used 104118K [0x00000000f0000000, 0x00000000f7d00000, 0x00000000f7d00000)
  eden space 102400K, 100% used [0x00000000f0000000, 0x00000000f6400000, 0x00000000f6400000)
  from space 12800K,  13% used [0x00000000f6400000, 0x00000000f65ad960, 0x00000000f7080000)
  to   space 12800K,   0% used [0x00000000f7080000, 0x00000000f7080000, 0x00000000f7d00000)
 concurrent mark-sweep generation total 134144K, used 66243K [0x00000000f7d00000, 0x0000000100000000, 0x0000000100000000)
 Metaspace       used 53034K, capacity 56078K, committed 57088K, reserved 1099776K
  class space    used 6425K, capacity 6953K, committed 7168K, reserved 1048576K
2023-10-03T09:45:51.431+0800: 2121.940: [GC (Allocation Failure) 2023-10-03T09:45:51.431+0800: 2121.940: [ParNew: 104118K->1837K(115200K), 0.0072535 secs] 170362K->68152K(249344K), 0.0075356 secs] [Times: user=0.07 sys=0.00, real=0.01 secs] 
Heap after GC invocations=569 (full 1):
 par new generation   total 115200K, used 1837K [0x00000000f0000000, 0x00000000f7d00000, 0x00000000f7d00000)
  eden space 102400K,   0% used [0x00000000f0000000, 0x00000000f0000000, 0x00000000f6400000)
  from space 12800K,  14% used [0x00000000f7080000, 0x00000000f724b4a8, 0x00000000f7d00000)
  to   space 12800K,   0% used [0x00000000f6400000, 0x00000000f6400000, 0x00000000f7080000)
 concurrent mark-sweep generation total 134144K, used 66315K [0x00000000f7d00000, 0x0000000100000000, 0x0000000100000000)
 Metaspace       used 53034K, capacity 56078K, committed 57088K, reserved 1099776K
  class space    used 6425K, capacity 6953K, committed 7168K, reserved 1048576K
}
{Heap before GC invocations=569 (full 1):
 par new generation   total 115200K, used 104237K [0x00000000f0000000, 0x00000000f7d00000, 0x00000000f7d00000)
  eden space 102400K, 100% used [0x00000000f0000000, 0x00000000f6400000, 0x00000000f6400000)
  from space 12800K,  14% used [0x00000000f7080000, 0x00000000f724b4a8, 0x00000000f7d00000)
  to   space 12800K,   0% used [0x00000000f6400000, 0x00000000f6400000, 0x00000000f7080000)
 concurrent mark-sweep generation total 134144K, used 66315K [0x00000000f7d00000, 0x0000000100000000, 0x0000000100000000)
 Metaspace       used 53034K, capacity 56078K, committed 57088K, reserved 1099776K
  class space    used 6425K, capacity 6953K, committed 7168K, reserved 1048576K
2023-10-03T09:45:55.357+0800: 2125.866: [GC (Allocation Failure) 2023-10-03T09:45:55.357+0800: 2125.866: [ParNew: 104237K->1653K(115200K), 0.0061998 secs] 170552K->68001K(249344K), 0.0063905 secs] [Times: user=0.06 sys=0.00, real=0.01 secs] 
Heap after GC invocations=570 (full 1):
 par new generation   total 115200K, used 1653K [0x00000000f0000000, 0x00000000f7d00000, 0x00000000f7d00000)
  eden space 102400K,   0% used [0x00000000f0000000, 0x00000000f0000000, 0x00000000f6400000)
  from space 12800K,  12% used [0x00000000f6400000, 0x00000000f659d400, 0x00000000f7080000)
  to   space 12800K,   0% used [0x00000000f7080000, 0x00000000f7080000, 0x00000000f7d00000)
 concurrent mark-sweep generation total 134144K, used 66348K [0x00000000f7d00000, 0x0000000100000000, 0x0000000100000000)
 Metaspace       used 53034K, capacity 56078K, committed 57088K, reserved 1099776K
  class space    used 6425K, capacity 6953K, committed 7168K, reserved 1048576K
}
{Heap before GC invocations=570 (full 1):
 par new generation   total 115200K, used 104053K [0x00000000f0000000, 0x00000000f7d00000, 0x00000000f7d00000)
  eden space 102400K, 100% used [0x00000000f0000000, 0x00000000f6400000, 0x00000000f6400000)
  from space 12800K,  12% used [0x00000000f6400000, 0x00000000f659d400, 0x00000000f7080000)
  to   space 12800K,   0% used [0x00000000f7080000, 0x00000000f7080000, 0x00000000f7d00000)
 concurrent mark-sweep generation total 134144K, used 66348K [0x00000000f7d00000, 0x0000000100000000, 0x0000000100000000)
 Metaspace       used 53034K, capacity 56078K, committed 57088K, reserved 1099776K
  class space    used 6425K, capacity 6953K, committed 7168K, reserved 1048576K
2023-10-03T09:45:58.912+0800: 2129.421: [GC (Allocation Failure) 2023-10-03T09:45:58.912+0800: 2129.421: [ParNew: 104053K->1817K(115200K), 0.0059295 secs] 170401K->68203K(249344K), 0.0061629 secs] [Times: user=0.05 sys=0.00, real=0.01 secs] 
Heap after GC invocations=571 (full 1):
 par new generation   total 115200K, used 1817K [0x00000000f0000000, 0x00000000f7d00000, 0x00000000f7d00000)
  eden space 102400K,   0% used [0x00000000f0000000, 0x00000000f0000000, 0x00000000f6400000)
  from space 12800K,  14% used [0x00000000f7080000, 0x00000000f72467e0, 0x00000000f7d00000)
  to   space 12800K,   0% used [0x00000000f6400000, 0x00000000f6400000, 0x00000000f7080000)
 concurrent mark-sweep generation total 134144K, used 66385K [0x00000000f7d00000, 0x0000000100000000, 0x0000000100000000)
 Metaspace       used 53034K, capacity 56078K, committed 57088K, reserved 1099776K
  class space    used 6425K, capacity 6953K, committed 7168K, reserved 1048576K
}
{Heap before GC invocations=571 (full 1):
 par new generation   total 115200K, used 104217K [0x00000000f0000000, 0x00000000f7d00000, 0x00000000f7d00000)
  eden space 102400K, 100% used [0x00000000f0000000, 0x00000000f6400000, 0x00000000f6400000)
  from space 12800K,  14% used [0x00000000f7080000, 0x00000000f72467e0, 0x00000000f7d00000)
  to   space 12800K,   0% used [0x00000000f6400000, 0x00000000f6400000, 0x00000000f7080000)
 concurrent mark-sweep generation total 134144K, used 66385K [0x00000000f7d00000, 0x0000000100000000, 0x0000000100000000)
 Metaspace       used 53034K, capacity 56078K, committed 57088K, reserved 1099776K
  class space    used 6425K, capacity 6953K, committed 7168K, reserved 1048576K
2023-10-03T09:46:02.460+0800: 2132.970: [GC (Allocation Failure) 2023-10-03T09:46:02.461+0800: 2132.970: [ParNew: 104217K->1964K(115200K), 0.0027610 secs] 170603K->68437K(249344K), 0.0028535 secs] [Times: user=0.02 sys=0.00, real=0.01 secs] 
Heap after GC invocations=572 (full 1):
 par new generation   total 115200K, used 1964K [0x00000000f0000000, 0x00000000f7d00000, 0x00000000f7d00000)
  eden space 102400K,   0% used [0x00000000f0000000, 0x00000000f0000000, 0x00000000f6400000)
  from space 12800K,  15% used [0x00000000f6400000, 0x00000000f65eb3b0, 0x00000000f7080000)
  to   space 12800K,   0% used [0x00000000f7080000, 0x00000000f7080000, 0x00000000f7d00000)
 concurrent mark-sweep generation total 134144K, used 66472K [0x00000000f7d00000, 0x0000000100000000, 0x0000000100000000)
 Metaspace       used 53034K, capacity 56078K, committed 57088K, reserved 1099776K
  class space    used 6425K, capacity 6953K, committed 7168K, reserved 1048576K
}
{Heap before GC invocations=572 (full 1):
 par new generation   total 115200K, used 104364K [0x00000000f0000000, 0x00000000f7d00000, 0x00000000f7d00000)
  eden space 102400K, 100% used [0x00000000f0000000, 0x00000000f6400000, 0x00000000f6400000)
  from space 12800K,  15% used [0x00000000f6400000, 0x00000000f65eb3b0, 0x00000000f7080000)
  to   space 12800K,   0% used [0x00000000f7080000, 0x00000000f7080000, 0x00000000f7d00000)
 concurrent mark-sweep generation total 134144K, used 66472K [0x00000000f7d00000, 0x0000000100000000, 0x0000000100000000)
 Metaspace       used 53034K, capacity 56078K, committed 57088K, reserved 1099776K
  class space    used 6425K, capacity 6953K, committed 7168K, reserved 1048576K
2023-10-03T09:46:06.016+0800: 2136.526: [GC (Allocation Failure) 2023-10-03T09:46:06.017+0800: 2136.526: [ParNew: 104364K->1786K(115200K), 0.0072480 secs] 170837K->68281K(249344K), 0.0074982 secs] [Times: user=0.07 sys=0.00, real=0.01 secs] 
Heap after GC invocations=573 (full 1):
 par new generation   total 115200K, used 1786K [0x00000000f0000000, 0x00000000f7d00000, 0x00000000f7d00000)
  eden space 102400K,   0% used [0x00000000f0000000, 0x00000000f0000000, 0x00000000f6400000)
  from space 12800K,  13% used [0x00000000f7080000, 0x00000000f723e920, 0x00000000f7d00000)
  to   space 12800K,   0% used [0x00000000f6400000, 0x00000000f6400000, 0x00000000f7080000)
 concurrent mark-sweep generation total 134144K, used 66495K [0x00000000f7d00000, 0x0000000100000000, 0x0000000100000000)
 Metaspace       used 53034K, capacity 56078K, committed 57088K, reserved 1099776K
  class space    used 6425K, capacity 6953K, committed 7168K, reserved 1048576K
}
{Heap before GC invocations=573 (full 1):
 par new generation   total 115200K, used 104186K [0x00000000f0000000, 0x00000000f7d00000, 0x00000000f7d00000)
  eden space 102400K, 100% used [0x00000000f0000000, 0x00000000f6400000, 0x00000000f6400000)
  from space 12800K,  13% used [0x00000000f7080000, 0x00000000f723e920, 0x00000000f7d00000)
  to   space 12800K,   0% used [0x00000000f6400000, 0x00000000f6400000, 0x00000000f7080000)
 concurrent mark-sweep generation total 134144K, used 66495K [0x00000000f7d00000, 0x0000000100000000, 0x0000000100000000)
 Metaspace       used 53034K, capacity 56078K, committed 57088K, reserved 1099776K
  class space    used 6425K, capacity 6953K, committed 7168K, reserved 1048576K
2023-10-03T09:46:09.574+0800: 2140.083: [GC (Allocation Failure) 2023-10-03T09:46:09.574+0800: 2140.083: [ParNew: 104186K->2053K(115200K), 0.0077883 secs] 170681K->68585K(249344K), 0.0080438 secs] [Times: user=0.07 sys=0.00, real=0.01 secs] 
Heap after GC invocations=574 (full 1):
 par new generation   total 115200K, used 2053K [0x00000000f0000000, 0x00000000f7d00000, 0x00000000f7d00000)
  eden space 102400K,   0% used [0x00000000f0000000, 0x00000000f0000000, 0x00000000f6400000)
  from space 12800K,  16% used [0x00000000f6400000, 0x00000000f6601750, 0x00000000f7080000)
  to   space 12800K,   0% used [0x00000000f7080000, 0x00000000f7080000, 0x00000000f7d00000)
 concurrent mark-sweep generation total 134144K, used 66531K [0x00000000f7d00000, 0x0000000100000000, 0x0000000100000000)
 Metaspace       used 53034K, capacity 56078K, committed 57088K, reserved 1099776K
  class space    used 6425K, capacity 6953K, committed 7168K, reserved 1048576K
}
{Heap before GC invocations=574 (full 1):
 par new generation   total 115200K, used 104453K [0x00000000f0000000, 0x00000000f7d00000, 0x00000000f7d00000)
  eden space 102400K, 100% used [0x00000000f0000000, 0x00000000f6400000, 0x00000000f6400000)
  from space 12800K,  16% used [0x00000000f6400000, 0x00000000f6601750, 0x00000000f7080000)
  to   space 12800K,   0% used [0x00000000f7080000, 0x00000000f7080000, 0x00000000f7d00000)
 concurrent mark-sweep generation total 134144K, used 66531K [0x00000000f7d00000, 0x0000000100000000, 0x0000000100000000)
 Metaspace       used 53034K, capacity 56078K, committed 57088K, reserved 1099776K
  class space    used 6425K, capacity 6953K, committed 7168K, reserved 1048576K
2023-10-03T09:46:13.132+0800: 2143.641: [GC (Allocation Failure) 2023-10-03T09:46:13.132+0800: 2143.641: [ParNew: 104453K->2092K(115200K), 0.0079599 secs] 170985K->68658K(249344K), 0.0081849 secs] [Times: user=0.07 sys=0.00, real=0.01 secs] 
Heap after GC invocations=575 (full 1):
 par new generation   total 115200K, used 2092K [0x00000000f0000000, 0x00000000f7d00000, 0x00000000f7d00000)
  eden space 102400K,   0% used [0x00000000f0000000, 0x00000000f0000000, 0x00000000f6400000)
  from space 12800K,  16% used [0x00000000f7080000, 0x00000000f728b368, 0x00000000f7d00000)
  to   space 12800K,   0% used [0x00000000f6400000, 0x00000000f6400000, 0x00000000f7080000)
 concurrent mark-sweep generation total 134144K, used 66565K [0x00000000f7d00000, 0x0000000100000000, 0x0000000100000000)
 Metaspace       used 53034K, capacity 56078K, committed 57088K, reserved 1099776K
  class space    used 6425K, capacity 6953K, committed 7168K, reserved 1048576K
}
{Heap before GC invocations=575 (full 1):
 par new generation   total 115200K, used 104492K [0x00000000f0000000, 0x00000000f7d00000, 0x00000000f7d00000)
  eden space 102400K, 100% used [0x00000000f0000000, 0x00000000f6400000, 0x00000000f6400000)
  from space 12800K,  16% used [0x00000000f7080000, 0x00000000f728b368, 0x00000000f7d00000)
  to   space 12800K,   0% used [0x00000000f6400000, 0x00000000f6400000, 0x00000000f7080000)
 concurrent mark-sweep generation total 134144K, used 66565K [0x00000000f7d00000, 0x0000000100000000, 0x0000000100000000)
 Metaspace       used 53034K, capacity 56078K, committed 57088K, reserved 1099776K
  class space    used 6425K, capacity 6953K, committed 7168K, reserved 1048576K
2023-10-03T09:46:17.066+0800: 2147.575: [GC (Allocation Failure) 2023-10-03T09:46:17.066+0800: 2147.576: [ParNew: 104492K->1817K(115200K), 0.0060319 secs] 171058K->68464K(249344K), 0.0062943 secs] [Times: user=0.06 sys=0.00, real=0.01 secs] 
Heap after GC invocations=576 (full 1):
 par new generation   total 115200K, used 1817K [0x00000000f0000000, 0x00000000f7d00000, 0x00000000f7d00000)
  eden space 102400K,   0% used [0x00000000f0000000, 0x00000000f0000000, 0x00000000f6400000)
  from space 12800K,  14% used [0x00000000f6400000, 0x00000000f65c65d8, 0x00000000f7080000)
  to   space 12800K,   0% used [0x00000000f7080000, 0x00000000f7080000, 0x00000000f7d00000)
 concurrent mark-sweep generation total 134144K, used 66646K [0x00000000f7d00000, 0x0000000100000000, 0x0000000100000000)
 Metaspace       used 53034K, capacity 56078K, committed 57088K, reserved 1099776K
  class space    used 6425K, capacity 6953K, committed 7168K, reserved 1048576K
}
{Heap before GC invocations=576 (full 1):
 par new generation   total 115200K, used 104217K [0x00000000f0000000, 0x00000000f7d00000, 0x00000000f7d00000)
  eden space 102400K, 100% used [0x00000000f0000000, 0x00000000f6400000, 0x00000000f6400000)
  from space 12800K,  14% used [0x00000000f6400000, 0x00000000f65c65d8, 0x00000000f7080000)
  to   space 12800K,   0% used [0x00000000f7080000, 0x00000000f7080000, 0x00000000f7d00000)
 concurrent mark-sweep generation total 134144K, used 66646K [0x00000000f7d00000, 0x0000000100000000, 0x0000000100000000)
 Metaspace       used 53034K, capacity 56078K, committed 57088K, reserved 1099776K
  class space    used 6425K, capacity 6953K, committed 7168K, reserved 1048576K
2023-10-03T09:46:20.620+0800: 2151.129: [GC (Allocation Failure) 2023-10-03T09:46:20.620+0800: 2151.130: [ParNew: 104217K->2175K(115200K), 0.0061727 secs] 170864K->68854K(249344K), 0.0063446 secs] [Times: user=0.05 sys=0.00, real=0.01 secs] 
Heap after GC invocations=577 (full 1):
 par new generation   total 115200K, used 2175K [0x00000000f0000000, 0x00000000f7d00000, 0x00000000f7d00000)
  eden space 102400K,   0% used [0x00000000f0000000, 0x00000000f0000000, 0x00000000f6400000)
  from space 12800K,  16% used [0x00000000f7080000, 0x00000000f729fe00, 0x00000000f7d00000)
  to   space 12800K,   0% used [0x00000000f6400000, 0x00000000f6400000, 0x00000000f7080000)
 concurrent mark-sweep generation total 134144K, used 66678K [0x00000000f7d00000, 0x0000000100000000, 0x0000000100000000)
 Metaspace       used 53034K, capacity 56078K, committed 57088K, reserved 1099776K
  class space    used 6425K, capacity 6953K, committed 7168K, reserved 1048576K
}
{Heap before GC invocations=577 (full 1):
 par new generation   total 115200K, used 104575K [0x00000000f0000000, 0x00000000f7d00000, 0x00000000f7d00000)
  eden space 102400K, 100% used [0x00000000f0000000, 0x00000000f6400000, 0x00000000f6400000)
  from space 12800K,  16% used [0x00000000f7080000, 0x00000000f729fe00, 0x00000000f7d00000)
  to   space 12800K,   0% used [0x00000000f6400000, 0x00000000f6400000, 0x00000000f7080000)
 concurrent mark-sweep generation total 134144K, used 66678K [0x00000000f7d00000, 0x0000000100000000, 0x0000000100000000)
 Metaspace       used 53034K, capacity 56078K, committed 57088K, reserved 1099776K
  class space    used 6425K, capacity 6953K, committed 7168K, reserved 1048576K
2023-10-03T09:46:24.174+0800: 2154.683: [GC (Allocation Failure) 2023-10-03T09:46:24.174+0800: 2154.683: [ParNew: 104575K->1800K(115200K), 0.0064127 secs] 171254K->68530K(249344K), 0.0066095 secs] [Times: user=0.05 sys=0.00, real=0.00 secs] 
Heap after GC invocations=578 (full 1):
 par new generation   total 115200K, used 1800K [0x00000000f0000000, 0x00000000f7d00000, 0x00000000f7d00000)
  eden space 102400K,   0% used [0x00000000f0000000, 0x00000000f0000000, 0x00000000f6400000)
  from space 12800K,  14% used [0x00000000f6400000, 0x00000000f65c2338, 0x00000000f7080000)
  to   space 12800K,   0% used [0x00000000f7080000, 0x00000000f7080000, 0x00000000f7d00000)
 concurrent mark-sweep generation total 134144K, used 66730K [0x00000000f7d00000, 0x0000000100000000, 0x0000000100000000)
 Metaspace       used 53034K, capacity 56078K, committed 57088K, reserved 1099776K
  class space    used 6425K, capacity 6953K, committed 7168K, reserved 1048576K
}
{Heap before GC invocations=578 (full 1):
 par new generation   total 115200K, used 104200K [0x00000000f0000000, 0x00000000f7d00000, 0x00000000f7d00000)
  eden space 102400K, 100% used [0x00000000f0000000, 0x00000000f6400000, 0x00000000f6400000)
  from space 12800K,  14% used [0x00000000f6400000, 0x00000000f65c2338, 0x00000000f7080000)
  to   space 12800K,   0% used [0x00000000f7080000, 0x00000000f7080000, 0x00000000f7d00000)
 concurrent mark-sweep generation total 134144K, used 66730K [0x00000000f7d00000, 0x0000000100000000, 0x0000000100000000)
 Metaspace       used 53034K, capacity 56078K, committed 57088K, reserved 1099776K
  class space    used 6425K, capacity 6953K, committed 7168K, reserved 1048576K
2023-10-03T09:46:27.728+0800: 2158.238: [GC (Allocation Failure) 2023-10-03T09:46:27.729+0800: 2158.238: [ParNew: 104200K->1823K(115200K), 0.0070920 secs] 170930K->68612K(249344K), 0.0073417 secs] [Times: user=0.06 sys=0.00, real=0.01 secs] 
Heap after GC invocations=579 (full 1):
 par new generation   total 115200K, used 1823K [0x00000000f0000000, 0x00000000f7d00000, 0x00000000f7d00000)
  eden space 102400K,   0% used [0x00000000f0000000, 0x00000000f0000000, 0x00000000f6400000)
  from space 12800K,  14% used [0x00000000f7080000, 0x00000000f7247c30, 0x00000000f7d00000)
  to   space 12800K,   0% used [0x00000000f6400000, 0x00000000f6400000, 0x00000000f7080000)
 concurrent mark-sweep generation total 134144K, used 66789K [0x00000000f7d00000, 0x0000000100000000, 0x0000000100000000)
 Metaspace       used 53034K, capacity 56078K, committed 57088K, reserved 1099776K
  class space    used 6425K, capacity 6953K, committed 7168K, reserved 1048576K
}
{Heap before GC invocations=579 (full 1):
 par new generation   total 115200K, used 104223K [0x00000000f0000000, 0x00000000f7d00000, 0x00000000f7d00000)
  eden space 102400K, 100% used [0x00000000f0000000, 0x00000000f6400000, 0x00000000f6400000)
  from space 12800K,  14% used [0x00000000f7080000, 0x00000000f7247c30, 0x00000000f7d00000)
  to   space 12800K,   0% used [0x00000000f6400000, 0x00000000f6400000, 0x00000000f7080000)
 concurrent mark-sweep generation total 134144K, used 66789K [0x00000000f7d00000, 0x0000000100000000, 0x0000000100000000)
 Metaspace       used 53034K, capacity 56078K, committed 57088K, reserved 1099776K
  class space    used 6425K, capacity 6953K, committed 7168K, reserved 1048576K
2023-10-03T09:46:31.279+0800: 2161.788: [GC (Allocation Failure) 2023-10-03T09:46:31.279+0800: 2161.788: [ParNew: 104223K->1778K(115200K), 0.0019968 secs] 171012K->68626K(249344K), 0.0021043 secs] [Times: user=0.01 sys=0.00, real=0.00 secs] 
Heap after GC invocations=580 (full 1):
 par new generation   total 115200K, used 1778K [0x00000000f0000000, 0x00000000f7d00000, 0x00000000f7d00000)
  eden space 102400K,   0% used [0x00000000f0000000, 0x00000000f0000000, 0x00000000f6400000)
  from space 12800K,  13% used [0x00000000f6400000, 0x00000000f65bc838, 0x00000000f7080000)
  to   space 12800K,   0% used [0x00000000f7080000, 0x00000000f7080000, 0x00000000f7d00000)
 concurrent mark-sweep generation total 134144K, used 66848K [0x00000000f7d00000, 0x0000000100000000, 0x0000000100000000)
 Metaspace       used 53034K, capacity 56078K, committed 57088K, reserved 1099776K
  class space    used 6425K, capacity 6953K, committed 7168K, reserved 1048576K
}
{Heap before GC invocations=580 (full 1):
 par new generation   total 115200K, used 104178K [0x00000000f0000000, 0x00000000f7d00000, 0x00000000f7d00000)
  eden space 102400K, 100% used [0x00000000f0000000, 0x00000000f6400000, 0x00000000f6400000)
  from space 12800K,  13% used [0x00000000f6400000, 0x00000000f65bc838, 0x00000000f7080000)
  to   space 12800K,   0% used [0x00000000f7080000, 0x00000000f7080000, 0x00000000f7d00000)
 concurrent mark-sweep generation total 134144K, used 66848K [0x00000000f7d00000, 0x0000000100000000, 0x0000000100000000)
 Metaspace       used 53034K, capacity 56078K, committed 57088K, reserved 1099776K
  class space    used 6425K, capacity 6953K, committed 7168K, reserved 1048576K
2023-10-03T09:46:34.827+0800: 2165.336: [GC (Allocation Failure) 2023-10-03T09:46:34.827+0800: 2165.336: [ParNew: 104178K->2011K(115200K), 0.0075147 secs] 171026K->68880K(249344K), 0.0078060 secs] [Times: user=0.07 sys=0.00, real=0.01 secs] 
Heap after GC invocations=581 (full 1):
 par new generation   total 115200K, used 2011K [0x00000000f0000000, 0x00000000f7d00000, 0x00000000f7d00000)
  eden space 102400K,   0% used [0x00000000f0000000, 0x00000000f0000000, 0x00000000f6400000)
  from space 12800K,  15% used [0x00000000f7080000, 0x00000000f7276e18, 0x00000000f7d00000)
  to   space 12800K,   0% used [0x00000000f6400000, 0x00000000f6400000, 0x00000000f7080000)
 concurrent mark-sweep generation total 134144K, used 66869K [0x00000000f7d00000, 0x0000000100000000, 0x0000000100000000)
 Metaspace       used 53034K, capacity 56078K, committed 57088K, reserved 1099776K
  class space    used 6425K, capacity 6953K, committed 7168K, reserved 1048576K
}
{Heap before GC invocations=581 (full 1):
 par new generation   total 115200K, used 104411K [0x00000000f0000000, 0x00000000f7d00000, 0x00000000f7d00000)
  eden space 102400K, 100% used [0x00000000f0000000, 0x00000000f6400000, 0x00000000f6400000)
  from space 12800K,  15% used [0x00000000f7080000, 0x00000000f7276e18, 0x00000000f7d00000)
  to   space 12800K,   0% used [0x00000000f6400000, 0x00000000f6400000, 0x00000000f7080000)
 concurrent mark-sweep generation total 134144K, used 66869K [0x00000000f7d00000, 0x0000000100000000, 0x0000000100000000)
 Metaspace       used 53034K, capacity 56078K, committed 57088K, reserved 1099776K
  class space    used 6425K, capacity 6953K, committed 7168K, reserved 1048576K
2023-10-03T09:46:38.383+0800: 2168.892: [GC (Allocation Failure) 2023-10-03T09:46:38.383+0800: 2168.892: [ParNew: 104411K->1803K(115200K), 0.0080361 secs] 171280K->68722K(249344K), 0.0083606 secs] [Times: user=0.07 sys=0.00, real=0.00 secs] 
Heap after GC invocations=582 (full 1):
 par new generation   total 115200K, used 1803K [0x00000000f0000000, 0x00000000f7d00000, 0x00000000f7d00000)
  eden space 102400K,   0% used [0x00000000f0000000, 0x00000000f0000000, 0x00000000f6400000)
  from space 12800K,  14% used [0x00000000f6400000, 0x00000000f65c2c28, 0x00000000f7080000)
  to   space 12800K,   0% used [0x00000000f7080000, 0x00000000f7080000, 0x00000000f7d00000)
 concurrent mark-sweep generation total 134144K, used 66919K [0x00000000f7d00000, 0x0000000100000000, 0x0000000100000000)
 Metaspace       used 53034K, capacity 56078K, committed 57088K, reserved 1099776K
  class space    used 6425K, capacity 6953K, committed 7168K, reserved 1048576K
}
{Heap before GC invocations=582 (full 1):
 par new generation   total 115200K, used 104203K [0x00000000f0000000, 0x00000000f7d00000, 0x00000000f7d00000)
  eden space 102400K, 100% used [0x00000000f0000000, 0x00000000f6400000, 0x00000000f6400000)
  from space 12800K,  14% used [0x00000000f6400000, 0x00000000f65c2c28, 0x00000000f7080000)
  to   space 12800K,   0% used [0x00000000f7080000, 0x00000000f7080000, 0x00000000f7d00000)
 concurrent mark-sweep generation total 134144K, used 66919K [0x00000000f7d00000, 0x0000000100000000, 0x0000000100000000)
 Metaspace       used 53034K, capacity 56078K, committed 57088K, reserved 1099776K
  class space    used 6425K, capacity 6953K, committed 7168K, reserved 1048576K
2023-10-03T09:46:42.330+0800: 2172.839: [GC (Allocation Failure) 2023-10-03T09:46:42.330+0800: 2172.839: [ParNew: 104203K->1846K(115200K), 0.0191034 secs] 171122K->68814K(249344K), 0.0192980 secs] [Times: user=0.05 sys=0.00, real=0.02 secs] 
Heap after GC invocations=583 (full 1):
 par new generation   total 115200K, used 1846K [0x00000000f0000000, 0x00000000f7d00000, 0x00000000f7d00000)
  eden space 102400K,   0% used [0x00000000f0000000, 0x00000000f0000000, 0x00000000f6400000)
  from space 12800K,  14% used [0x00000000f7080000, 0x00000000f724db40, 0x00000000f7d00000)
  to   space 12800K,   0% used [0x00000000f6400000, 0x00000000f6400000, 0x00000000f7080000)
 concurrent mark-sweep generation total 134144K, used 66967K [0x00000000f7d00000, 0x0000000100000000, 0x0000000100000000)
 Metaspace       used 53034K, capacity 56078K, committed 57088K, reserved 1099776K
  class space    used 6425K, capacity 6953K, committed 7168K, reserved 1048576K
}
{Heap before GC invocations=583 (full 1):
 par new generation   total 115200K, used 104246K [0x00000000f0000000, 0x00000000f7d00000, 0x00000000f7d00000)
  eden space 102400K, 100% used [0x00000000f0000000, 0x00000000f6400000, 0x00000000f6400000)
  from space 12800K,  14% used [0x00000000f7080000, 0x00000000f724db40, 0x00000000f7d00000)
  to   space 12800K,   0% used [0x00000000f6400000, 0x00000000f6400000, 0x00000000f7080000)
 concurrent mark-sweep generation total 134144K, used 66967K [0x00000000f7d00000, 0x0000000100000000, 0x0000000100000000)
 Metaspace       used 53034K, capacity 56078K, committed 57088K, reserved 1099776K
  class space    used 6425K, capacity 6953K, committed 7168K, reserved 1048576K
2023-10-03T09:46:45.895+0800: 2176.404: [GC (Allocation Failure) 2023-10-03T09:46:45.895+0800: 2176.404: [ParNew: 104246K->1831K(115200K), 0.0065888 secs] 171214K->68845K(249344K), 0.0067763 secs] [Times: user=0.06 sys=0.01, real=0.00 secs] 
Heap after GC invocations=584 (full 1):
 par new generation   total 115200K, used 1831K [0x00000000f0000000, 0x00000000f7d00000, 0x00000000f7d00000)
  eden space 102400K,   0% used [0x00000000f0000000, 0x00000000f0000000, 0x00000000f6400000)
  from space 12800K,  14% used [0x00000000f6400000, 0x00000000f65c9de8, 0x00000000f7080000)
  to   space 12800K,   0% used [0x00000000f7080000, 0x00000000f7080000, 0x00000000f7d00000)
 concurrent mark-sweep generation total 134144K, used 67014K [0x00000000f7d00000, 0x0000000100000000, 0x0000000100000000)
 Metaspace       used 53034K, capacity 56078K, committed 57088K, reserved 1099776K
  class space    used 6425K, capacity 6953K, committed 7168K, reserved 1048576K
}
{Heap before GC invocations=584 (full 1):
 par new generation   total 115200K, used 104231K [0x00000000f0000000, 0x00000000f7d00000, 0x00000000f7d00000)
  eden space 102400K, 100% used [0x00000000f0000000, 0x00000000f6400000, 0x00000000f6400000)
  from space 12800K,  14% used [0x00000000f6400000, 0x00000000f65c9de8, 0x00000000f7080000)
  to   space 12800K,   0% used [0x00000000f7080000, 0x00000000f7080000, 0x00000000f7d00000)
 concurrent mark-sweep generation total 134144K, used 67014K [0x00000000f7d00000, 0x0000000100000000, 0x0000000100000000)
 Metaspace       used 53034K, capacity 56078K, committed 57088K, reserved 1099776K
  class space    used 6425K, capacity 6953K, committed 7168K, reserved 1048576K
2023-10-03T09:46:49.449+0800: 2179.958: [GC (Allocation Failure) 2023-10-03T09:46:49.449+0800: 2179.958: [ParNew: 104231K->2061K(115200K), 0.0075890 secs] 171245K->69101K(249344K), 0.0078369 secs] [Times: user=0.06 sys=0.00, real=0.01 secs] 
Heap after GC invocations=585 (full 1):
 par new generation   total 115200K, used 2061K [0x00000000f0000000, 0x00000000f7d00000, 0x00000000f7d00000)
  eden space 102400K,   0% used [0x00000000f0000000, 0x00000000f0000000, 0x00000000f6400000)
  from space 12800K,  16% used [0x00000000f7080000, 0x00000000f7283730, 0x00000000f7d00000)
  to   space 12800K,   0% used [0x00000000f6400000, 0x00000000f6400000, 0x00000000f7080000)
 concurrent mark-sweep generation total 134144K, used 67039K [0x00000000f7d00000, 0x0000000100000000, 0x0000000100000000)
 Metaspace       used 53034K, capacity 56078K, committed 57088K, reserved 1099776K
  class space    used 6425K, capacity 6953K, committed 7168K, reserved 1048576K
}
{Heap before GC invocations=585 (full 1):
 par new generation   total 115200K, used 104461K [0x00000000f0000000, 0x00000000f7d00000, 0x00000000f7d00000)
  eden space 102400K, 100% used [0x00000000f0000000, 0x00000000f6400000, 0x00000000f6400000)
  from space 12800K,  16% used [0x00000000f7080000, 0x00000000f7283730, 0x00000000f7d00000)
  to   space 12800K,   0% used [0x00000000f6400000, 0x00000000f6400000, 0x00000000f7080000)
 concurrent mark-sweep generation total 134144K, used 67039K [0x00000000f7d00000, 0x0000000100000000, 0x0000000100000000)
 Metaspace       used 53034K, capacity 56078K, committed 57088K, reserved 1099776K
  class space    used 6425K, capacity 6953K, committed 7168K, reserved 1048576K
2023-10-03T09:46:53.005+0800: 2183.515: [GC (Allocation Failure) 2023-10-03T09:46:53.006+0800: 2183.515: [ParNew: 104461K->2073K(115200K), 0.0076807 secs] 171501K->69154K(249344K), 0.0079399 secs] [Times: user=0.07 sys=0.00, real=0.01 secs] 
Heap after GC invocations=586 (full 1):
 par new generation   total 115200K, used 2073K [0x00000000f0000000, 0x00000000f7d00000, 0x00000000f7d00000)
  eden space 102400K,   0% used [0x00000000f0000000, 0x00000000f0000000, 0x00000000f6400000)
  from space 12800K,  16% used [0x00000000f6400000, 0x00000000f66064a8, 0x00000000f7080000)
  to   space 12800K,   0% used [0x00000000f7080000, 0x00000000f7080000, 0x00000000f7d00000)
 concurrent mark-sweep generation total 134144K, used 67081K [0x00000000f7d00000, 0x0000000100000000, 0x0000000100000000)
 Metaspace       used 53034K, capacity 56078K, committed 57088K, reserved 1099776K
  class space    used 6425K, capacity 6953K, committed 7168K, reserved 1048576K
}
{Heap before GC invocations=586 (full 1):
 par new generation   total 115200K, used 104473K [0x00000000f0000000, 0x00000000f7d00000, 0x00000000f7d00000)
  eden space 102400K, 100% used [0x00000000f0000000, 0x00000000f6400000, 0x00000000f6400000)
  from space 12800K,  16% used [0x00000000f6400000, 0x00000000f66064a8, 0x00000000f7080000)
  to   space 12800K,   0% used [0x00000000f7080000, 0x00000000f7080000, 0x00000000f7d00000)
 concurrent mark-sweep generation total 134144K, used 67081K [0x00000000f7d00000, 0x0000000100000000, 0x0000000100000000)
 Metaspace       used 53034K, capacity 56078K, committed 57088K, reserved 1099776K
  class space    used 6425K, capacity 6953K, committed 7168K, reserved 1048576K
2023-10-03T09:46:56.563+0800: 2187.073: [GC (Allocation Failure) 2023-10-03T09:46:56.564+0800: 2187.073: [ParNew: 104473K->2169K(115200K), 0.0072494 secs] 171554K->69321K(249344K), 0.0074891 secs] [Times: user=0.07 sys=0.00, real=0.00 secs] 
Heap after GC invocations=587 (full 1):
 par new generation   total 115200K, used 2169K [0x00000000f0000000, 0x00000000f7d00000, 0x00000000f7d00000)
  eden space 102400K,   0% used [0x00000000f0000000, 0x00000000f0000000, 0x00000000f6400000)
  from space 12800K,  16% used [0x00000000f7080000, 0x00000000f729e490, 0x00000000f7d00000)
  to   space 12800K,   0% used [0x00000000f6400000, 0x00000000f6400000, 0x00000000f7080000)
 concurrent mark-sweep generation total 134144K, used 67152K [0x00000000f7d00000, 0x0000000100000000, 0x0000000100000000)
 Metaspace       used 53034K, capacity 56078K, committed 57088K, reserved 1099776K
  class space    used 6425K, capacity 6953K, committed 7168K, reserved 1048576K
}
{Heap before GC invocations=587 (full 1):
 par new generation   total 115200K, used 104569K [0x00000000f0000000, 0x00000000f7d00000, 0x00000000f7d00000)
  eden space 102400K, 100% used [0x00000000f0000000, 0x00000000f6400000, 0x00000000f6400000)
  from space 12800K,  16% used [0x00000000f7080000, 0x00000000f729e490, 0x00000000f7d00000)
  to   space 12800K,   0% used [0x00000000f6400000, 0x00000000f6400000, 0x00000000f7080000)
 concurrent mark-sweep generation total 134144K, used 67152K [0x00000000f7d00000, 0x0000000100000000, 0x0000000100000000)
 Metaspace       used 53034K, capacity 56078K, committed 57088K, reserved 1099776K
  class space    used 6425K, capacity 6953K, committed 7168K, reserved 1048576K
2023-10-03T09:47:00.117+0800: 2190.626: [GC (Allocation Failure) 2023-10-03T09:47:00.117+0800: 2190.626: [ParNew: 104569K->1733K(115200K), 0.0075016 secs] 171721K->68937K(249344K), 0.0077415 secs] [Times: user=0.07 sys=0.00, real=0.01 secs] 
Heap after GC invocations=588 (full 1):
 par new generation   total 115200K, used 1733K [0x00000000f0000000, 0x00000000f7d00000, 0x00000000f7d00000)
  eden space 102400K,   0% used [0x00000000f0000000, 0x00000000f0000000, 0x00000000f6400000)
  from space 12800K,  13% used [0x00000000f6400000, 0x00000000f65b1560, 0x00000000f7080000)
  to   space 12800K,   0% used [0x00000000f7080000, 0x00000000f7080000, 0x00000000f7d00000)
 concurrent mark-sweep generation total 134144K, used 67204K [0x00000000f7d00000, 0x0000000100000000, 0x0000000100000000)
 Metaspace       used 53034K, capacity 56078K, committed 57088K, reserved 1099776K
  class space    used 6425K, capacity 6953K, committed 7168K, reserved 1048576K
}
{Heap before GC invocations=588 (full 1):
 par new generation   total 115200K, used 104133K [0x00000000f0000000, 0x00000000f7d00000, 0x00000000f7d00000)
  eden space 102400K, 100% used [0x00000000f0000000, 0x00000000f6400000, 0x00000000f6400000)
  from space 12800K,  13% used [0x00000000f6400000, 0x00000000f65b1560, 0x00000000f7080000)
  to   space 12800K,   0% used [0x00000000f7080000, 0x00000000f7080000, 0x00000000f7d00000)
 concurrent mark-sweep generation total 134144K, used 67204K [0x00000000f7d00000, 0x0000000100000000, 0x0000000100000000)
 Metaspace       used 53034K, capacity 56078K, committed 57088K, reserved 1099776K
  class space    used 6425K, capacity 6953K, committed 7168K, reserved 1048576K
2023-10-03T09:47:04.040+0800: 2194.550: [GC (Allocation Failure) 2023-10-03T09:47:04.041+0800: 2194.550: [ParNew: 104133K->1857K(115200K), 0.0059010 secs] 171337K->69096K(249344K), 0.0061360 secs] [Times: user=0.05 sys=0.00, real=0.01 secs] 
Heap after GC invocations=589 (full 1):
 par new generation   total 115200K, used 1857K [0x00000000f0000000, 0x00000000f7d00000, 0x00000000f7d00000)
  eden space 102400K,   0% used [0x00000000f0000000, 0x00000000f0000000, 0x00000000f6400000)
  from space 12800K,  14% used [0x00000000f7080000, 0x00000000f7250448, 0x00000000f7d00000)
  to   space 12800K,   0% used [0x00000000f6400000, 0x00000000f6400000, 0x00000000f7080000)
 concurrent mark-sweep generation total 134144K, used 67239K [0x00000000f7d00000, 0x0000000100000000, 0x0000000100000000)
 Metaspace       used 53034K, capacity 56078K, committed 57088K, reserved 1099776K
  class space    used 6425K, capacity 6953K, committed 7168K, reserved 1048576K
}
{Heap before GC invocations=589 (full 1):
 par new generation   total 115200K, used 104257K [0x00000000f0000000, 0x00000000f7d00000, 0x00000000f7d00000)
  eden space 102400K, 100% used [0x00000000f0000000, 0x00000000f6400000, 0x00000000f6400000)
  from space 12800K,  14% used [0x00000000f7080000, 0x00000000f7250448, 0x00000000f7d00000)
  to   space 12800K,   0% used [0x00000000f6400000, 0x00000000f6400000, 0x00000000f7080000)
 concurrent mark-sweep generation total 134144K, used 67239K [0x00000000f7d00000, 0x0000000100000000, 0x0000000100000000)
 Metaspace       used 53034K, capacity 56078K, committed 57088K, reserved 1099776K
  class space    used 6425K, capacity 6953K, committed 7168K, reserved 1048576K
2023-10-03T09:47:07.594+0800: 2198.103: [GC (Allocation Failure) 2023-10-03T09:47:07.594+0800: 2198.104: [ParNew: 104257K->2052K(115200K), 0.0062180 secs] 171496K->69301K(249344K), 0.0063757 secs] [Times: user=0.06 sys=0.00, real=0.00 secs] 
Heap after GC invocations=590 (full 1):
 par new generation   total 115200K, used 2052K [0x00000000f0000000, 0x00000000f7d00000, 0x00000000f7d00000)
  eden space 102400K,   0% used [0x00000000f0000000, 0x00000000f0000000, 0x00000000f6400000)
  from space 12800K,  16% used [0x00000000f6400000, 0x00000000f6601290, 0x00000000f7080000)
  to   space 12800K,   0% used [0x00000000f7080000, 0x00000000f7080000, 0x00000000f7d00000)
 concurrent mark-sweep generation total 134144K, used 67248K [0x00000000f7d00000, 0x0000000100000000, 0x0000000100000000)
 Metaspace       used 53034K, capacity 56078K, committed 57088K, reserved 1099776K
  class space    used 6425K, capacity 6953K, committed 7168K, reserved 1048576K
}
{Heap before GC invocations=590 (full 1):
 par new generation   total 115200K, used 104452K [0x00000000f0000000, 0x00000000f7d00000, 0x00000000f7d00000)
  eden space 102400K, 100% used [0x00000000f0000000, 0x00000000f6400000, 0x00000000f6400000)
  from space 12800K,  16% used [0x00000000f6400000, 0x00000000f6601290, 0x00000000f7080000)
  to   space 12800K,   0% used [0x00000000f7080000, 0x00000000f7080000, 0x00000000f7d00000)
 concurrent mark-sweep generation total 134144K, used 67248K [0x00000000f7d00000, 0x0000000100000000, 0x0000000100000000)
 Metaspace       used 53034K, capacity 56078K, committed 57088K, reserved 1099776K
  class space    used 6425K, capacity 6953K, committed 7168K, reserved 1048576K
2023-10-03T09:47:11.149+0800: 2201.658: [GC (Allocation Failure) 2023-10-03T09:47:11.149+0800: 2201.658: [ParNew: 104452K->1955K(115200K), 0.0071786 secs] 171701K->69260K(249344K), 0.0074366 secs] [Times: user=0.06 sys=0.01, real=0.01 secs] 
Heap after GC invocations=591 (full 1):
 par new generation   total 115200K, used 1955K [0x00000000f0000000, 0x00000000f7d00000, 0x00000000f7d00000)
  eden space 102400K,   0% used [0x00000000f0000000, 0x00000000f0000000, 0x00000000f6400000)
  from space 12800K,  15% used [0x00000000f7080000, 0x00000000f7268c50, 0x00000000f7d00000)
  to   space 12800K,   0% used [0x00000000f6400000, 0x00000000f6400000, 0x00000000f7080000)
 concurrent mark-sweep generation total 134144K, used 67305K [0x00000000f7d00000, 0x0000000100000000, 0x0000000100000000)
 Metaspace       used 53034K, capacity 56078K, committed 57088K, reserved 1099776K
  class space    used 6425K, capacity 6953K, committed 7168K, reserved 1048576K
}
{Heap before GC invocations=591 (full 1):
 par new generation   total 115200K, used 104355K [0x00000000f0000000, 0x00000000f7d00000, 0x00000000f7d00000)
  eden space 102400K, 100% used [0x00000000f0000000, 0x00000000f6400000, 0x00000000f6400000)
  from space 12800K,  15% used [0x00000000f7080000, 0x00000000f7268c50, 0x00000000f7d00000)
  to   space 12800K,   0% used [0x00000000f6400000, 0x00000000f6400000, 0x00000000f7080000)
 concurrent mark-sweep generation total 134144K, used 67305K [0x00000000f7d00000, 0x0000000100000000, 0x0000000100000000)
 Metaspace       used 53034K, capacity 56078K, committed 57088K, reserved 1099776K
  class space    used 6425K, capacity 6953K, committed 7168K, reserved 1048576K
2023-10-03T09:47:14.700+0800: 2205.209: [GC (Allocation Failure) 2023-10-03T09:47:14.700+0800: 2205.209: [ParNew: 104355K->1778K(115200K), 0.0045187 secs] 171660K->69209K(249344K), 0.0046737 secs] [Times: user=0.03 sys=0.00, real=0.01 secs] 
Heap after GC invocations=592 (full 1):
 par new generation   total 115200K, used 1778K [0x00000000f0000000, 0x00000000f7d00000, 0x00000000f7d00000)
  eden space 102400K,   0% used [0x00000000f0000000, 0x00000000f0000000, 0x00000000f6400000)
  from space 12800K,  13% used [0x00000000f6400000, 0x00000000f65bc8a0, 0x00000000f7080000)
  to   space 12800K,   0% used [0x00000000f7080000, 0x00000000f7080000, 0x00000000f7d00000)
 concurrent mark-sweep generation total 134144K, used 67431K [0x00000000f7d00000, 0x0000000100000000, 0x0000000100000000)
 Metaspace       used 53034K, capacity 56078K, committed 57088K, reserved 1099776K
  class space    used 6425K, capacity 6953K, committed 7168K, reserved 1048576K
}
{Heap before GC invocations=592 (full 1):
 par new generation   total 115200K, used 104178K [0x00000000f0000000, 0x00000000f7d00000, 0x00000000f7d00000)
  eden space 102400K, 100% used [0x00000000f0000000, 0x00000000f6400000, 0x00000000f6400000)
  from space 12800K,  13% used [0x00000000f6400000, 0x00000000f65bc8a0, 0x00000000f7080000)
  to   space 12800K,   0% used [0x00000000f7080000, 0x00000000f7080000, 0x00000000f7d00000)
 concurrent mark-sweep generation total 134144K, used 67431K [0x00000000f7d00000, 0x0000000100000000, 0x0000000100000000)
 Metaspace       used 53034K, capacity 56078K, committed 57088K, reserved 1099776K
  class space    used 6425K, capacity 6953K, committed 7168K, reserved 1048576K
2023-10-03T09:47:18.252+0800: 2208.761: [GC (Allocation Failure) 2023-10-03T09:47:18.252+0800: 2208.761: [ParNew: 104178K->1843K(115200K), 0.0077752 secs] 171609K->69317K(249344K), 0.0080151 secs] [Times: user=0.07 sys=0.00, real=0.01 secs] 
Heap after GC invocations=593 (full 1):
 par new generation   total 115200K, used 1843K [0x00000000f0000000, 0x00000000f7d00000, 0x00000000f7d00000)
  eden space 102400K,   0% used [0x00000000f0000000, 0x00000000f0000000, 0x00000000f6400000)
  from space 12800K,  14% used [0x00000000f7080000, 0x00000000f724cf78, 0x00000000f7d00000)
  to   space 12800K,   0% used [0x00000000f6400000, 0x00000000f6400000, 0x00000000f7080000)
 concurrent mark-sweep generation total 134144K, used 67474K [0x00000000f7d00000, 0x0000000100000000, 0x0000000100000000)
 Metaspace       used 53034K, capacity 56078K, committed 57088K, reserved 1099776K
  class space    used 6425K, capacity 6953K, committed 7168K, reserved 1048576K
}
{Heap before GC invocations=593 (full 1):
 par new generation   total 115200K, used 104243K [0x00000000f0000000, 0x00000000f7d00000, 0x00000000f7d00000)
  eden space 102400K, 100% used [0x00000000f0000000, 0x00000000f6400000, 0x00000000f6400000)
  from space 12800K,  14% used [0x00000000f7080000, 0x00000000f724cf78, 0x00000000f7d00000)
  to   space 12800K,   0% used [0x00000000f6400000, 0x00000000f6400000, 0x00000000f7080000)
 concurrent mark-sweep generation total 134144K, used 67474K [0x00000000f7d00000, 0x0000000100000000, 0x0000000100000000)
 Metaspace       used 53034K, capacity 56078K, committed 57088K, reserved 1099776K
  class space    used 6425K, capacity 6953K, committed 7168K, reserved 1048576K
2023-10-03T09:47:21.812+0800: 2212.321: [GC (Allocation Failure) 2023-10-03T09:47:21.812+0800: 2212.321: [ParNew: 104243K->1985K(115200K), 0.0073850 secs] 171717K->69501K(249344K), 0.0076818 secs] [Times: user=0.06 sys=0.00, real=0.01 secs] 
Heap after GC invocations=594 (full 1):
 par new generation   total 115200K, used 1985K [0x00000000f0000000, 0x00000000f7d00000, 0x00000000f7d00000)
  eden space 102400K,   0% used [0x00000000f0000000, 0x00000000f0000000, 0x00000000f6400000)
  from space 12800K,  15% used [0x00000000f6400000, 0x00000000f65f0580, 0x00000000f7080000)
  to   space 12800K,   0% used [0x00000000f7080000, 0x00000000f7080000, 0x00000000f7d00000)
 concurrent mark-sweep generation total 134144K, used 67516K [0x00000000f7d00000, 0x0000000100000000, 0x0000000100000000)
 Metaspace       used 53034K, capacity 56078K, committed 57088K, reserved 1099776K
  class space    used 6425K, capacity 6953K, committed 7168K, reserved 1048576K
}
{Heap before GC invocations=594 (full 1):
 par new generation   total 115200K, used 104385K [0x00000000f0000000, 0x00000000f7d00000, 0x00000000f7d00000)
  eden space 102400K, 100% used [0x00000000f0000000, 0x00000000f6400000, 0x00000000f6400000)
  from space 12800K,  15% used [0x00000000f6400000, 0x00000000f65f0580, 0x00000000f7080000)
  to   space 12800K,   0% used [0x00000000f7080000, 0x00000000f7080000, 0x00000000f7d00000)
 concurrent mark-sweep generation total 134144K, used 67516K [0x00000000f7d00000, 0x0000000100000000, 0x0000000100000000)
 Metaspace       used 53034K, capacity 56078K, committed 57088K, reserved 1099776K
  class space    used 6425K, capacity 6953K, committed 7168K, reserved 1048576K
2023-10-03T09:47:25.752+0800: 2216.261: [GC (Allocation Failure) 2023-10-03T09:47:25.752+0800: 2216.261: [ParNew: 104385K->2379K(115200K), 0.0061479 secs] 171901K->69967K(249344K), 0.0064206 secs] [Times: user=0.05 sys=0.00, real=0.01 secs] 
Heap after GC invocations=595 (full 1):
 par new generation   total 115200K, used 2379K [0x00000000f0000000, 0x00000000f7d00000, 0x00000000f7d00000)
  eden space 102400K,   0% used [0x00000000f0000000, 0x00000000f0000000, 0x00000000f6400000)
  from space 12800K,  18% used [0x00000000f7080000, 0x00000000f72d2d58, 0x00000000f7d00000)
  to   space 12800K,   0% used [0x00000000f6400000, 0x00000000f6400000, 0x00000000f7080000)
 concurrent mark-sweep generation total 134144K, used 67588K [0x00000000f7d00000, 0x0000000100000000, 0x0000000100000000)
 Metaspace       used 53034K, capacity 56078K, committed 57088K, reserved 1099776K
  class space    used 6425K, capacity 6953K, committed 7168K, reserved 1048576K
}
{Heap before GC invocations=595 (full 1):
 par new generation   total 115200K, used 104779K [0x00000000f0000000, 0x00000000f7d00000, 0x00000000f7d00000)
  eden space 102400K, 100% used [0x00000000f0000000, 0x00000000f6400000, 0x00000000f6400000)
  from space 12800K,  18% used [0x00000000f7080000, 0x00000000f72d2d58, 0x00000000f7d00000)
  to   space 12800K,   0% used [0x00000000f6400000, 0x00000000f6400000, 0x00000000f7080000)
 concurrent mark-sweep generation total 134144K, used 67588K [0x00000000f7d00000, 0x0000000100000000, 0x0000000100000000)
 Metaspace       used 53034K, capacity 56078K, committed 57088K, reserved 1099776K
  class space    used 6425K, capacity 6953K, committed 7168K, reserved 1048576K
2023-10-03T09:47:29.302+0800: 2219.811: [GC (Allocation Failure) 2023-10-03T09:47:29.302+0800: 2219.811: [ParNew: 104779K->2611K(115200K), 0.0014248 secs] 172367K->70263K(249344K), 0.0014845 secs] [Times: user=0.01 sys=0.00, real=0.00 secs] 
Heap after GC invocations=596 (full 1):
 par new generation   total 115200K, used 2611K [0x00000000f0000000, 0x00000000f7d00000, 0x00000000f7d00000)
  eden space 102400K,   0% used [0x00000000f0000000, 0x00000000f0000000, 0x00000000f6400000)
  from space 12800K,  20% used [0x00000000f6400000, 0x00000000f668cf00, 0x00000000f7080000)
  to   space 12800K,   0% used [0x00000000f7080000, 0x00000000f7080000, 0x00000000f7d00000)
 concurrent mark-sweep generation total 134144K, used 67651K [0x00000000f7d00000, 0x0000000100000000, 0x0000000100000000)
 Metaspace       used 53034K, capacity 56078K, committed 57088K, reserved 1099776K
  class space    used 6425K, capacity 6953K, committed 7168K, reserved 1048576K
}
{Heap before GC invocations=596 (full 1):
 par new generation   total 115200K, used 105011K [0x00000000f0000000, 0x00000000f7d00000, 0x00000000f7d00000)
  eden space 102400K, 100% used [0x00000000f0000000, 0x00000000f6400000, 0x00000000f6400000)
  from space 12800K,  20% used [0x00000000f6400000, 0x00000000f668cf00, 0x00000000f7080000)
  to   space 12800K,   0% used [0x00000000f7080000, 0x00000000f7080000, 0x00000000f7d00000)
 concurrent mark-sweep generation total 134144K, used 67651K [0x00000000f7d00000, 0x0000000100000000, 0x0000000100000000)
 Metaspace       used 53034K, capacity 56078K, committed 57088K, reserved 1099776K
  class space    used 6425K, capacity 6953K, committed 7168K, reserved 1048576K
2023-10-03T09:47:32.851+0800: 2223.360: [GC (Allocation Failure) 2023-10-03T09:47:32.851+0800: 2223.361: [ParNew: 105011K->2391K(115200K), 0.0067785 secs] 172663K->70072K(249344K), 0.0069564 secs] [Times: user=0.06 sys=0.00, real=0.01 secs] 
Heap after GC invocations=597 (full 1):
 par new generation   total 115200K, used 2391K [0x00000000f0000000, 0x00000000f7d00000, 0x00000000f7d00000)
  eden space 102400K,   0% used [0x00000000f0000000, 0x00000000f0000000, 0x00000000f6400000)
  from space 12800K,  18% used [0x00000000f7080000, 0x00000000f72d5ca0, 0x00000000f7d00000)
  to   space 12800K,   0% used [0x00000000f6400000, 0x00000000f6400000, 0x00000000f7080000)
 concurrent mark-sweep generation total 134144K, used 67681K [0x00000000f7d00000, 0x0000000100000000, 0x0000000100000000)
 Metaspace       used 53034K, capacity 56078K, committed 57088K, reserved 1099776K
  class space    used 6425K, capacity 6953K, committed 7168K, reserved 1048576K
}
{Heap before GC invocations=597 (full 1):
 par new generation   total 115200K, used 104791K [0x00000000f0000000, 0x00000000f7d00000, 0x00000000f7d00000)
  eden space 102400K, 100% used [0x00000000f0000000, 0x00000000f6400000, 0x00000000f6400000)
  from space 12800K,  18% used [0x00000000f7080000, 0x00000000f72d5ca0, 0x00000000f7d00000)
  to   space 12800K,   0% used [0x00000000f6400000, 0x00000000f6400000, 0x00000000f7080000)
 concurrent mark-sweep generation total 134144K, used 67681K [0x00000000f7d00000, 0x0000000100000000, 0x0000000100000000)
 Metaspace       used 53034K, capacity 56078K, committed 57088K, reserved 1099776K
  class space    used 6425K, capacity 6953K, committed 7168K, reserved 1048576K
2023-10-03T09:47:36.404+0800: 2226.914: [GC (Allocation Failure) 2023-10-03T09:47:36.405+0800: 2226.914: [ParNew: 104791K->2414K(115200K), 0.0076091 secs] 172472K->70128K(249344K), 0.0078603 secs] [Times: user=0.06 sys=0.00, real=0.01 secs] 
Heap after GC invocations=598 (full 1):
 par new generation   total 115200K, used 2414K [0x00000000f0000000, 0x00000000f7d00000, 0x00000000f7d00000)
  eden space 102400K,   0% used [0x00000000f0000000, 0x00000000f0000000, 0x00000000f6400000)
  from space 12800K,  18% used [0x00000000f6400000, 0x00000000f665b880, 0x00000000f7080000)
  to   space 12800K,   0% used [0x00000000f7080000, 0x00000000f7080000, 0x00000000f7d00000)
 concurrent mark-sweep generation total 134144K, used 67714K [0x00000000f7d00000, 0x0000000100000000, 0x0000000100000000)
 Metaspace       used 53034K, capacity 56078K, committed 57088K, reserved 1099776K
  class space    used 6425K, capacity 6953K, committed 7168K, reserved 1048576K
}
{Heap before GC invocations=598 (full 1):
 par new generation   total 115200K, used 104814K [0x00000000f0000000, 0x00000000f7d00000, 0x00000000f7d00000)
  eden space 102400K, 100% used [0x00000000f0000000, 0x00000000f6400000, 0x00000000f6400000)
  from space 12800K,  18% used [0x00000000f6400000, 0x00000000f665b880, 0x00000000f7080000)
  to   space 12800K,   0% used [0x00000000f7080000, 0x00000000f7080000, 0x00000000f7d00000)
 concurrent mark-sweep generation total 134144K, used 67714K [0x00000000f7d00000, 0x0000000100000000, 0x0000000100000000)
 Metaspace       used 53034K, capacity 56078K, committed 57088K, reserved 1099776K
  class space    used 6425K, capacity 6953K, committed 7168K, reserved 1048576K
2023-10-03T09:47:39.961+0800: 2230.470: [GC (Allocation Failure) 2023-10-03T09:47:39.961+0800: 2230.470: [ParNew: 104814K->2638K(115200K), 0.0076958 secs] 172528K->70409K(249344K), 0.0079245 secs] [Times: user=0.07 sys=0.00, real=0.01 secs] 
Heap after GC invocations=599 (full 1):
 par new generation   total 115200K, used 2638K [0x00000000f0000000, 0x00000000f7d00000, 0x00000000f7d00000)
  eden space 102400K,   0% used [0x00000000f0000000, 0x00000000f0000000, 0x00000000f6400000)
  from space 12800K,  20% used [0x00000000f7080000, 0x00000000f7313bc8, 0x00000000f7d00000)
  to   space 12800K,   0% used [0x00000000f6400000, 0x00000000f6400000, 0x00000000f7080000)
 concurrent mark-sweep generation total 134144K, used 67770K [0x00000000f7d00000, 0x0000000100000000, 0x0000000100000000)
 Metaspace       used 53034K, capacity 56078K, committed 57088K, reserved 1099776K
  class space    used 6425K, capacity 6953K, committed 7168K, reserved 1048576K
}
{Heap before GC invocations=599 (full 1):
 par new generation   total 115200K, used 105038K [0x00000000f0000000, 0x00000000f7d00000, 0x00000000f7d00000)
  eden space 102400K, 100% used [0x00000000f0000000, 0x00000000f6400000, 0x00000000f6400000)
  from space 12800K,  20% used [0x00000000f7080000, 0x00000000f7313bc8, 0x00000000f7d00000)
  to   space 12800K,   0% used [0x00000000f6400000, 0x00000000f6400000, 0x00000000f7080000)
 concurrent mark-sweep generation total 134144K, used 67770K [0x00000000f7d00000, 0x0000000100000000, 0x0000000100000000)
 Metaspace       used 53034K, capacity 56078K, committed 57088K, reserved 1099776K
  class space    used 6425K, capacity 6953K, committed 7168K, reserved 1048576K
2023-10-03T09:47:43.518+0800: 2234.027: [GC (Allocation Failure) 2023-10-03T09:47:43.518+0800: 2234.027: [ParNew: 105038K->2294K(115200K), 0.0076561 secs] 172809K->70093K(249344K), 0.0078923 secs] [Times: user=0.06 sys=0.00, real=0.01 secs] 
Heap after GC invocations=600 (full 1):
 par new generation   total 115200K, used 2294K [0x00000000f0000000, 0x00000000f7d00000, 0x00000000f7d00000)
  eden space 102400K,   0% used [0x00000000f0000000, 0x00000000f0000000, 0x00000000f6400000)
  from space 12800K,  17% used [0x00000000f6400000, 0x00000000f663d8c8, 0x00000000f7080000)
  to   space 12800K,   0% used [0x00000000f7080000, 0x00000000f7080000, 0x00000000f7d00000)
 concurrent mark-sweep generation total 134144K, used 67799K [0x00000000f7d00000, 0x0000000100000000, 0x0000000100000000)
 Metaspace       used 53034K, capacity 56078K, committed 57088K, reserved 1099776K
  class space    used 6425K, capacity 6953K, committed 7168K, reserved 1048576K
}
{Heap before GC invocations=600 (full 1):
 par new generation   total 115200K, used 104694K [0x00000000f0000000, 0x00000000f7d00000, 0x00000000f7d00000)
  eden space 102400K, 100% used [0x00000000f0000000, 0x00000000f6400000, 0x00000000f6400000)
  from space 12800K,  17% used [0x00000000f6400000, 0x00000000f663d8c8, 0x00000000f7080000)
  to   space 12800K,   0% used [0x00000000f7080000, 0x00000000f7080000, 0x00000000f7d00000)
 concurrent mark-sweep generation total 134144K, used 67799K [0x00000000f7d00000, 0x0000000100000000, 0x0000000100000000)
 Metaspace       used 53034K, capacity 56078K, committed 57088K, reserved 1099776K
  class space    used 6425K, capacity 6953K, committed 7168K, reserved 1048576K
2023-10-03T09:47:47.072+0800: 2237.582: [GC (Allocation Failure) 2023-10-03T09:47:47.073+0800: 2237.582: [ParNew: 104694K->2102K(115200K), 0.0199691 secs] 172493K->70291K(249344K), 0.0202278 secs] [Times: user=0.06 sys=0.00, real=0.02 secs] 
Heap after GC invocations=601 (full 1):
 par new generation   total 115200K, used 2102K [0x00000000f0000000, 0x00000000f7d00000, 0x00000000f7d00000)
  eden space 102400K,   0% used [0x00000000f0000000, 0x00000000f0000000, 0x00000000f6400000)
  from space 12800K,  16% used [0x00000000f7080000, 0x00000000f728da80, 0x00000000f7d00000)
  to   space 12800K,   0% used [0x00000000f6400000, 0x00000000f6400000, 0x00000000f7080000)
 concurrent mark-sweep generation total 134144K, used 68189K [0x00000000f7d00000, 0x0000000100000000, 0x0000000100000000)
 Metaspace       used 53034K, capacity 56078K, committed 57088K, reserved 1099776K
  class space    used 6425K, capacity 6953K, committed 7168K, reserved 1048576K
}
{Heap before GC invocations=601 (full 1):
 par new generation   total 115200K, used 104502K [0x00000000f0000000, 0x00000000f7d00000, 0x00000000f7d00000)
  eden space 102400K, 100% used [0x00000000f0000000, 0x00000000f6400000, 0x00000000f6400000)
  from space 12800K,  16% used [0x00000000f7080000, 0x00000000f728da80, 0x00000000f7d00000)
  to   space 12800K,   0% used [0x00000000f6400000, 0x00000000f6400000, 0x00000000f7080000)
 concurrent mark-sweep generation total 134144K, used 68189K [0x00000000f7d00000, 0x0000000100000000, 0x0000000100000000)
 Metaspace       used 53034K, capacity 56078K, committed 57088K, reserved 1099776K
  class space    used 6425K, capacity 6953K, committed 7168K, reserved 1048576K
2023-10-03T09:47:51.012+0800: 2241.522: [GC (Allocation Failure) 2023-10-03T09:47:51.013+0800: 2241.522: [ParNew: 104502K->1923K(115200K), 0.0060430 secs] 172691K->70159K(249344K), 0.0062156 secs] [Times: user=0.05 sys=0.00, real=0.00 secs] 
Heap after GC invocations=602 (full 1):
 par new generation   total 115200K, used 1923K [0x00000000f0000000, 0x00000000f7d00000, 0x00000000f7d00000)
  eden space 102400K,   0% used [0x00000000f0000000, 0x00000000f0000000, 0x00000000f6400000)
  from space 12800K,  15% used [0x00000000f6400000, 0x00000000f65e0d28, 0x00000000f7080000)
  to   space 12800K,   0% used [0x00000000f7080000, 0x00000000f7080000, 0x00000000f7d00000)
 concurrent mark-sweep generation total 134144K, used 68235K [0x00000000f7d00000, 0x0000000100000000, 0x0000000100000000)
 Metaspace       used 53034K, capacity 56078K, committed 57088K, reserved 1099776K
  class space    used 6425K, capacity 6953K, committed 7168K, reserved 1048576K
}
{Heap before GC invocations=602 (full 1):
 par new generation   total 115200K, used 104323K [0x00000000f0000000, 0x00000000f7d00000, 0x00000000f7d00000)
  eden space 102400K, 100% used [0x00000000f0000000, 0x00000000f6400000, 0x00000000f6400000)
  from space 12800K,  15% used [0x00000000f6400000, 0x00000000f65e0d28, 0x00000000f7080000)
  to   space 12800K,   0% used [0x00000000f7080000, 0x00000000f7080000, 0x00000000f7d00000)
 concurrent mark-sweep generation total 134144K, used 68235K [0x00000000f7d00000, 0x0000000100000000, 0x0000000100000000)
 Metaspace       used 53034K, capacity 56078K, committed 57088K, reserved 1099776K
  class space    used 6425K, capacity 6953K, committed 7168K, reserved 1048576K
2023-10-03T09:47:54.573+0800: 2245.082: [GC (Allocation Failure) 2023-10-03T09:47:54.573+0800: 2245.082: [ParNew: 104323K->1841K(115200K), 0.0033598 secs] 172559K->70127K(249344K), 0.0035653 secs] [Times: user=0.03 sys=0.00, real=0.00 secs] 
Heap after GC invocations=603 (full 1):
 par new generation   total 115200K, used 1841K [0x00000000f0000000, 0x00000000f7d00000, 0x00000000f7d00000)
  eden space 102400K,   0% used [0x00000000f0000000, 0x00000000f0000000, 0x00000000f6400000)
  from space 12800K,  14% used [0x00000000f7080000, 0x00000000f724c4e8, 0x00000000f7d00000)
  to   space 12800K,   0% used [0x00000000f6400000, 0x00000000f6400000, 0x00000000f7080000)
 concurrent mark-sweep generation total 134144K, used 68286K [0x00000000f7d00000, 0x0000000100000000, 0x0000000100000000)
 Metaspace       used 53034K, capacity 56078K, committed 57088K, reserved 1099776K
  class space    used 6425K, capacity 6953K, committed 7168K, reserved 1048576K
}
{Heap before GC invocations=603 (full 1):
 par new generation   total 115200K, used 104241K [0x00000000f0000000, 0x00000000f7d00000, 0x00000000f7d00000)
  eden space 102400K, 100% used [0x00000000f0000000, 0x00000000f6400000, 0x00000000f6400000)
  from space 12800K,  14% used [0x00000000f7080000, 0x00000000f724c4e8, 0x00000000f7d00000)
  to   space 12800K,   0% used [0x00000000f6400000, 0x00000000f6400000, 0x00000000f7080000)
 concurrent mark-sweep generation total 134144K, used 68286K [0x00000000f7d00000, 0x0000000100000000, 0x0000000100000000)
 Metaspace       used 53034K, capacity 56078K, committed 57088K, reserved 1099776K
  class space    used 6425K, capacity 6953K, committed 7168K, reserved 1048576K
2023-10-03T09:47:58.123+0800: 2248.632: [GC (Allocation Failure) 2023-10-03T09:47:58.123+0800: 2248.632: [ParNew: 104241K->1668K(115200K), 0.0073450 secs] 172527K->70033K(249344K), 0.0075694 secs] [Times: user=0.06 sys=0.00, real=0.00 secs] 
Heap after GC invocations=604 (full 1):
 par new generation   total 115200K, used 1668K [0x00000000f0000000, 0x00000000f7d00000, 0x00000000f7d00000)
  eden space 102400K,   0% used [0x00000000f0000000, 0x00000000f0000000, 0x00000000f6400000)
  from space 12800K,  13% used [0x00000000f6400000, 0x00000000f65a1120, 0x00000000f7080000)
  to   space 12800K,   0% used [0x00000000f7080000, 0x00000000f7080000, 0x00000000f7d00000)
 concurrent mark-sweep generation total 134144K, used 68365K [0x00000000f7d00000, 0x0000000100000000, 0x0000000100000000)
 Metaspace       used 53034K, capacity 56078K, committed 57088K, reserved 1099776K
  class space    used 6425K, capacity 6953K, committed 7168K, reserved 1048576K
}
{Heap before GC invocations=604 (full 1):
 par new generation   total 115200K, used 104068K [0x00000000f0000000, 0x00000000f7d00000, 0x00000000f7d00000)
  eden space 102400K, 100% used [0x00000000f0000000, 0x00000000f6400000, 0x00000000f6400000)
  from space 12800K,  13% used [0x00000000f6400000, 0x00000000f65a1120, 0x00000000f7080000)
  to   space 12800K,   0% used [0x00000000f7080000, 0x00000000f7080000, 0x00000000f7d00000)
 concurrent mark-sweep generation total 134144K, used 68365K [0x00000000f7d00000, 0x0000000100000000, 0x0000000100000000)
 Metaspace       used 53034K, capacity 56078K, committed 57088K, reserved 1099776K
  class space    used 6425K, capacity 6953K, committed 7168K, reserved 1048576K
2023-10-03T09:48:01.677+0800: 2252.186: [GC (Allocation Failure) 2023-10-03T09:48:01.677+0800: 2252.187: [ParNew: 104068K->1605K(115200K), 0.0075482 secs] 172433K->70011K(249344K), 0.0077784 secs] [Times: user=0.06 sys=0.00, real=0.01 secs] 
Heap after GC invocations=605 (full 1):
 par new generation   total 115200K, used 1605K [0x00000000f0000000, 0x00000000f7d00000, 0x00000000f7d00000)
  eden space 102400K,   0% used [0x00000000f0000000, 0x00000000f0000000, 0x00000000f6400000)
  from space 12800K,  12% used [0x00000000f7080000, 0x00000000f7211700, 0x00000000f7d00000)
  to   space 12800K,   0% used [0x00000000f6400000, 0x00000000f6400000, 0x00000000f7080000)
 concurrent mark-sweep generation total 134144K, used 68405K [0x00000000f7d00000, 0x0000000100000000, 0x0000000100000000)
 Metaspace       used 53034K, capacity 56078K, committed 57088K, reserved 1099776K
  class space    used 6425K, capacity 6953K, committed 7168K, reserved 1048576K
}
{Heap before GC invocations=605 (full 1):
 par new generation   total 115200K, used 104005K [0x00000000f0000000, 0x00000000f7d00000, 0x00000000f7d00000)
  eden space 102400K, 100% used [0x00000000f0000000, 0x00000000f6400000, 0x00000000f6400000)
  from space 12800K,  12% used [0x00000000f7080000, 0x00000000f7211700, 0x00000000f7d00000)
  to   space 12800K,   0% used [0x00000000f6400000, 0x00000000f6400000, 0x00000000f7080000)
 concurrent mark-sweep generation total 134144K, used 68405K [0x00000000f7d00000, 0x0000000100000000, 0x0000000100000000)
 Metaspace       used 53034K, capacity 56078K, committed 57088K, reserved 1099776K
  class space    used 6425K, capacity 6953K, committed 7168K, reserved 1048576K
2023-10-03T09:48:05.235+0800: 2255.744: [GC (Allocation Failure) 2023-10-03T09:48:05.235+0800: 2255.744: [ParNew: 104005K->2024K(115200K), 0.0081014 secs] 172411K->70455K(249344K), 0.0083489 secs] [Times: user=0.06 sys=0.00, real=0.01 secs] 
Heap after GC invocations=606 (full 1):
 par new generation   total 115200K, used 2024K [0x00000000f0000000, 0x00000000f7d00000, 0x00000000f7d00000)
  eden space 102400K,   0% used [0x00000000f0000000, 0x00000000f0000000, 0x00000000f6400000)
  from space 12800K,  15% used [0x00000000f6400000, 0x00000000f65fa388, 0x00000000f7080000)
  to   space 12800K,   0% used [0x00000000f7080000, 0x00000000f7080000, 0x00000000f7d00000)
 concurrent mark-sweep generation total 134144K, used 68430K [0x00000000f7d00000, 0x0000000100000000, 0x0000000100000000)
 Metaspace       used 53034K, capacity 56078K, committed 57088K, reserved 1099776K
  class space    used 6425K, capacity 6953K, committed 7168K, reserved 1048576K
}
{Heap before GC invocations=606 (full 1):
 par new generation   total 115200K, used 104424K [0x00000000f0000000, 0x00000000f7d00000, 0x00000000f7d00000)
  eden space 102400K, 100% used [0x00000000f0000000, 0x00000000f6400000, 0x00000000f6400000)
  from space 12800K,  15% used [0x00000000f6400000, 0x00000000f65fa388, 0x00000000f7080000)
  to   space 12800K,   0% used [0x00000000f7080000, 0x00000000f7080000, 0x00000000f7d00000)
 concurrent mark-sweep generation total 134144K, used 68430K [0x00000000f7d00000, 0x0000000100000000, 0x0000000100000000)
 Metaspace       used 53034K, capacity 56078K, committed 57088K, reserved 1099776K
  class space    used 6425K, capacity 6953K, committed 7168K, reserved 1048576K
2023-10-03T09:48:08.791+0800: 2259.300: [GC (Allocation Failure) 2023-10-03T09:48:08.791+0800: 2259.300: [ParNew: 104424K->1826K(115200K), 0.0075755 secs] 172855K->70291K(249344K), 0.0078079 secs] [Times: user=0.07 sys=0.00, real=0.01 secs] 
Heap after GC invocations=607 (full 1):
 par new generation   total 115200K, used 1826K [0x00000000f0000000, 0x00000000f7d00000, 0x00000000f7d00000)
  eden space 102400K,   0% used [0x00000000f0000000, 0x00000000f0000000, 0x00000000f6400000)
  from space 12800K,  14% used [0x00000000f7080000, 0x00000000f7248930, 0x00000000f7d00000)
  to   space 12800K,   0% used [0x00000000f6400000, 0x00000000f6400000, 0x00000000f7080000)
 concurrent mark-sweep generation total 134144K, used 68465K [0x00000000f7d00000, 0x0000000100000000, 0x0000000100000000)
 Metaspace       used 53034K, capacity 56078K, committed 57088K, reserved 1099776K
  class space    used 6425K, capacity 6953K, committed 7168K, reserved 1048576K
}
{Heap before GC invocations=607 (full 1):
 par new generation   total 115200K, used 104226K [0x00000000f0000000, 0x00000000f7d00000, 0x00000000f7d00000)
  eden space 102400K, 100% used [0x00000000f0000000, 0x00000000f6400000, 0x00000000f6400000)
  from space 12800K,  14% used [0x00000000f7080000, 0x00000000f7248930, 0x00000000f7d00000)
  to   space 12800K,   0% used [0x00000000f6400000, 0x00000000f6400000, 0x00000000f7080000)
 concurrent mark-sweep generation total 134144K, used 68465K [0x00000000f7d00000, 0x0000000100000000, 0x0000000100000000)
 Metaspace       used 53034K, capacity 56078K, committed 57088K, reserved 1099776K
  class space    used 6425K, capacity 6953K, committed 7168K, reserved 1048576K
2023-10-03T09:48:12.725+0800: 2263.234: [GC (Allocation Failure) 2023-10-03T09:48:12.725+0800: 2263.234: [ParNew: 104226K->2023K(115200K), 0.0062001 secs] 172691K->70522K(249344K), 0.0064035 secs] [Times: user=0.05 sys=0.01, real=0.00 secs] 
Heap after GC invocations=608 (full 1):
 par new generation   total 115200K, used 2023K [0x00000000f0000000, 0x00000000f7d00000, 0x00000000f7d00000)
  eden space 102400K,   0% used [0x00000000f0000000, 0x00000000f0000000, 0x00000000f6400000)
  from space 12800K,  15% used [0x00000000f6400000, 0x00000000f65f9c00, 0x00000000f7080000)
  to   space 12800K,   0% used [0x00000000f7080000, 0x00000000f7080000, 0x00000000f7d00000)
 concurrent mark-sweep generation total 134144K, used 68499K [0x00000000f7d00000, 0x0000000100000000, 0x0000000100000000)
 Metaspace       used 53034K, capacity 56078K, committed 57088K, reserved 1099776K
  class space    used 6425K, capacity 6953K, committed 7168K, reserved 1048576K
}
{Heap before GC invocations=608 (full 1):
 par new generation   total 115200K, used 104423K [0x00000000f0000000, 0x00000000f7d00000, 0x00000000f7d00000)
  eden space 102400K, 100% used [0x00000000f0000000, 0x00000000f6400000, 0x00000000f6400000)
  from space 12800K,  15% used [0x00000000f6400000, 0x00000000f65f9c00, 0x00000000f7080000)
  to   space 12800K,   0% used [0x00000000f7080000, 0x00000000f7080000, 0x00000000f7d00000)
 concurrent mark-sweep generation total 134144K, used 68499K [0x00000000f7d00000, 0x0000000100000000, 0x0000000100000000)
 Metaspace       used 53034K, capacity 56078K, committed 57088K, reserved 1099776K
  class space    used 6425K, capacity 6953K, committed 7168K, reserved 1048576K
2023-10-03T09:48:16.277+0800: 2266.786: [GC (Allocation Failure) 2023-10-03T09:48:16.277+0800: 2266.786: [ParNew: 104423K->2063K(115200K), 0.0065834 secs] 172922K->70605K(249344K), 0.0067690 secs] [Times: user=0.05 sys=0.00, real=0.01 secs] 
Heap after GC invocations=609 (full 1):
 par new generation   total 115200K, used 2063K [0x00000000f0000000, 0x00000000f7d00000, 0x00000000f7d00000)
  eden space 102400K,   0% used [0x00000000f0000000, 0x00000000f0000000, 0x00000000f6400000)
  from space 12800K,  16% used [0x00000000f7080000, 0x00000000f7283d70, 0x00000000f7d00000)
  to   space 12800K,   0% used [0x00000000f6400000, 0x00000000f6400000, 0x00000000f7080000)
 concurrent mark-sweep generation total 134144K, used 68542K [0x00000000f7d00000, 0x0000000100000000, 0x0000000100000000)
 Metaspace       used 53034K, capacity 56078K, committed 57088K, reserved 1099776K
  class space    used 6425K, capacity 6953K, committed 7168K, reserved 1048576K
}
{Heap before GC invocations=609 (full 1):
 par new generation   total 115200K, used 104463K [0x00000000f0000000, 0x00000000f7d00000, 0x00000000f7d00000)
  eden space 102400K, 100% used [0x00000000f0000000, 0x00000000f6400000, 0x00000000f6400000)
  from space 12800K,  16% used [0x00000000f7080000, 0x00000000f7283d70, 0x00000000f7d00000)
  to   space 12800K,   0% used [0x00000000f6400000, 0x00000000f6400000, 0x00000000f7080000)
 concurrent mark-sweep generation total 134144K, used 68542K [0x00000000f7d00000, 0x0000000100000000, 0x0000000100000000)
 Metaspace       used 53034K, capacity 56078K, committed 57088K, reserved 1099776K
  class space    used 6425K, capacity 6953K, committed 7168K, reserved 1048576K
2023-10-03T09:48:19.831+0800: 2270.340: [GC (Allocation Failure) 2023-10-03T09:48:19.831+0800: 2270.340: [ParNew: 104463K->2128K(115200K), 0.0080746 secs] 173005K->70696K(249344K), 0.0083334 secs] [Times: user=0.07 sys=0.00, real=0.01 secs] 
Heap after GC invocations=610 (full 1):
 par new generation   total 115200K, used 2128K [0x00000000f0000000, 0x00000000f7d00000, 0x00000000f7d00000)
  eden space 102400K,   0% used [0x00000000f0000000, 0x00000000f0000000, 0x00000000f6400000)
  from space 12800K,  16% used [0x00000000f6400000, 0x00000000f6614000, 0x00000000f7080000)
  to   space 12800K,   0% used [0x00000000f7080000, 0x00000000f7080000, 0x00000000f7d00000)
 concurrent mark-sweep generation total 134144K, used 68568K [0x00000000f7d00000, 0x0000000100000000, 0x0000000100000000)
 Metaspace       used 53034K, capacity 56078K, committed 57088K, reserved 1099776K
  class space    used 6425K, capacity 6953K, committed 7168K, reserved 1048576K
}
{Heap before GC invocations=610 (full 1):
 par new generation   total 115200K, used 104528K [0x00000000f0000000, 0x00000000f7d00000, 0x00000000f7d00000)
  eden space 102400K, 100% used [0x00000000f0000000, 0x00000000f6400000, 0x00000000f6400000)
  from space 12800K,  16% used [0x00000000f6400000, 0x00000000f6614000, 0x00000000f7080000)
  to   space 12800K,   0% used [0x00000000f7080000, 0x00000000f7080000, 0x00000000f7d00000)
 concurrent mark-sweep generation total 134144K, used 68568K [0x00000000f7d00000, 0x0000000100000000, 0x0000000100000000)
 Metaspace       used 53034K, capacity 56078K, committed 57088K, reserved 1099776K
  class space    used 6425K, capacity 6953K, committed 7168K, reserved 1048576K
2023-10-03T09:48:23.390+0800: 2273.899: [GC (Allocation Failure) 2023-10-03T09:48:23.390+0800: 2273.899: [ParNew: 104528K->2131K(115200K), 0.0083589 secs] 173096K->70757K(249344K), 0.0086469 secs] [Times: user=0.07 sys=0.00, real=0.01 secs] 
Heap after GC invocations=611 (full 1):
 par new generation   total 115200K, used 2131K [0x00000000f0000000, 0x00000000f7d00000, 0x00000000f7d00000)
  eden space 102400K,   0% used [0x00000000f0000000, 0x00000000f0000000, 0x00000000f6400000)
  from space 12800K,  16% used [0x00000000f7080000, 0x00000000f7294fc0, 0x00000000f7d00000)
  to   space 12800K,   0% used [0x00000000f6400000, 0x00000000f6400000, 0x00000000f7080000)
 concurrent mark-sweep generation total 134144K, used 68625K [0x00000000f7d00000, 0x0000000100000000, 0x0000000100000000)
 Metaspace       used 53034K, capacity 56078K, committed 57088K, reserved 1099776K
  class space    used 6425K, capacity 6953K, committed 7168K, reserved 1048576K
}
{Heap before GC invocations=611 (full 1):
 par new generation   total 115200K, used 104531K [0x00000000f0000000, 0x00000000f7d00000, 0x00000000f7d00000)
  eden space 102400K, 100% used [0x00000000f0000000, 0x00000000f6400000, 0x00000000f6400000)
  from space 12800K,  16% used [0x00000000f7080000, 0x00000000f7294fc0, 0x00000000f7d00000)
  to   space 12800K,   0% used [0x00000000f6400000, 0x00000000f6400000, 0x00000000f7080000)
 concurrent mark-sweep generation total 134144K, used 68625K [0x00000000f7d00000, 0x0000000100000000, 0x0000000100000000)
 Metaspace       used 53034K, capacity 56078K, committed 57088K, reserved 1099776K
  class space    used 6425K, capacity 6953K, committed 7168K, reserved 1048576K
2023-10-03T09:48:26.948+0800: 2277.457: [GC (Allocation Failure) 2023-10-03T09:48:26.948+0800: 2277.457: [ParNew: 104531K->1795K(115200K), 0.0078380 secs] 173157K->70526K(249344K), 0.0080683 secs] [Times: user=0.07 sys=0.00, real=0.01 secs] 
Heap after GC invocations=612 (full 1):
 par new generation   total 115200K, used 1795K [0x00000000f0000000, 0x00000000f7d00000, 0x00000000f7d00000)
  eden space 102400K,   0% used [0x00000000f0000000, 0x00000000f0000000, 0x00000000f6400000)
  from space 12800K,  14% used [0x00000000f6400000, 0x00000000f65c0fe0, 0x00000000f7080000)
  to   space 12800K,   0% used [0x00000000f7080000, 0x00000000f7080000, 0x00000000f7d00000)
 concurrent mark-sweep generation total 134144K, used 68730K [0x00000000f7d00000, 0x0000000100000000, 0x0000000100000000)
 Metaspace       used 53034K, capacity 56078K, committed 57088K, reserved 1099776K
  class space    used 6425K, capacity 6953K, committed 7168K, reserved 1048576K
}
{Heap before GC invocations=612 (full 1):
 par new generation   total 115200K, used 104195K [0x00000000f0000000, 0x00000000f7d00000, 0x00000000f7d00000)
  eden space 102400K, 100% used [0x00000000f0000000, 0x00000000f6400000, 0x00000000f6400000)
  from space 12800K,  14% used [0x00000000f6400000, 0x00000000f65c0fe0, 0x00000000f7080000)
  to   space 12800K,   0% used [0x00000000f7080000, 0x00000000f7080000, 0x00000000f7d00000)
 concurrent mark-sweep generation total 134144K, used 68730K [0x00000000f7d00000, 0x0000000100000000, 0x0000000100000000)
 Metaspace       used 53034K, capacity 56078K, committed 57088K, reserved 1099776K
  class space    used 6425K, capacity 6953K, committed 7168K, reserved 1048576K
2023-10-03T09:48:30.502+0800: 2281.011: [GC (Allocation Failure) 2023-10-03T09:48:30.502+0800: 2281.011: [ParNew: 104195K->1867K(115200K), 0.0074568 secs] 172926K->70666K(249344K), 0.0077445 secs] [Times: user=0.06 sys=0.00, real=0.01 secs] 
Heap after GC invocations=613 (full 1):
 par new generation   total 115200K, used 1867K [0x00000000f0000000, 0x00000000f7d00000, 0x00000000f7d00000)
  eden space 102400K,   0% used [0x00000000f0000000, 0x00000000f0000000, 0x00000000f6400000)
  from space 12800K,  14% used [0x00000000f7080000, 0x00000000f7252c80, 0x00000000f7d00000)
  to   space 12800K,   0% used [0x00000000f6400000, 0x00000000f6400000, 0x00000000f7080000)
 concurrent mark-sweep generation total 134144K, used 68799K [0x00000000f7d00000, 0x0000000100000000, 0x0000000100000000)
 Metaspace       used 53034K, capacity 56078K, committed 57088K, reserved 1099776K
  class space    used 6425K, capacity 6953K, committed 7168K, reserved 1048576K
}
{Heap before GC invocations=613 (full 1):
 par new generation   total 115200K, used 104267K [0x00000000f0000000, 0x00000000f7d00000, 0x00000000f7d00000)
  eden space 102400K, 100% used [0x00000000f0000000, 0x00000000f6400000, 0x00000000f6400000)
  from space 12800K,  14% used [0x00000000f7080000, 0x00000000f7252c80, 0x00000000f7d00000)
  to   space 12800K,   0% used [0x00000000f6400000, 0x00000000f6400000, 0x00000000f7080000)
 concurrent mark-sweep generation total 134144K, used 68799K [0x00000000f7d00000, 0x0000000100000000, 0x0000000100000000)
 Metaspace       used 53034K, capacity 56078K, committed 57088K, reserved 1099776K
  class space    used 6425K, capacity 6953K, committed 7168K, reserved 1048576K
2023-10-03T09:48:34.436+0800: 2284.946: [GC (Allocation Failure) 2023-10-03T09:48:34.437+0800: 2284.946: [ParNew: 104267K->1697K(115200K), 0.0039351 secs] 173066K->70577K(249344K), 0.0041573 secs] [Times: user=0.03 sys=0.00, real=0.00 secs] 
Heap after GC invocations=614 (full 1):
 par new generation   total 115200K, used 1697K [0x00000000f0000000, 0x00000000f7d00000, 0x00000000f7d00000)
  eden space 102400K,   0% used [0x00000000f0000000, 0x00000000f0000000, 0x00000000f6400000)
  from space 12800K,  13% used [0x00000000f6400000, 0x00000000f65a87a0, 0x00000000f7080000)
  to   space 12800K,   0% used [0x00000000f7080000, 0x00000000f7080000, 0x00000000f7d00000)
 concurrent mark-sweep generation total 134144K, used 68879K [0x00000000f7d00000, 0x0000000100000000, 0x0000000100000000)
 Metaspace       used 53034K, capacity 56078K, committed 57088K, reserved 1099776K
  class space    used 6425K, capacity 6953K, committed 7168K, reserved 1048576K
}
{Heap before GC invocations=614 (full 1):
 par new generation   total 115200K, used 104097K [0x00000000f0000000, 0x00000000f7d00000, 0x00000000f7d00000)
  eden space 102400K, 100% used [0x00000000f0000000, 0x00000000f6400000, 0x00000000f6400000)
  from space 12800K,  13% used [0x00000000f6400000, 0x00000000f65a87a0, 0x00000000f7080000)
  to   space 12800K,   0% used [0x00000000f7080000, 0x00000000f7080000, 0x00000000f7d00000)
 concurrent mark-sweep generation total 134144K, used 68879K [0x00000000f7d00000, 0x0000000100000000, 0x0000000100000000)
 Metaspace       used 53034K, capacity 56078K, committed 57088K, reserved 1099776K
  class space    used 6425K, capacity 6953K, committed 7168K, reserved 1048576K
2023-10-03T09:48:37.989+0800: 2288.498: [GC (Allocation Failure) 2023-10-03T09:48:37.989+0800: 2288.498: [ParNew: 104097K->2326K(115200K), 0.0058214 secs] 172977K->71292K(249344K), 0.0059930 secs] [Times: user=0.05 sys=0.01, real=0.01 secs] 
Heap after GC invocations=615 (full 1):
 par new generation   total 115200K, used 2326K [0x00000000f0000000, 0x00000000f7d00000, 0x00000000f7d00000)
  eden space 102400K,   0% used [0x00000000f0000000, 0x00000000f0000000, 0x00000000f6400000)
  from space 12800K,  18% used [0x00000000f7080000, 0x00000000f72c58d8, 0x00000000f7d00000)
  to   space 12800K,   0% used [0x00000000f6400000, 0x00000000f6400000, 0x00000000f7080000)
 concurrent mark-sweep generation total 134144K, used 68966K [0x00000000f7d00000, 0x0000000100000000, 0x0000000100000000)
 Metaspace       used 53034K, capacity 56078K, committed 57088K, reserved 1099776K
  class space    used 6425K, capacity 6953K, committed 7168K, reserved 1048576K
}
{Heap before GC invocations=615 (full 1):
 par new generation   total 115200K, used 104726K [0x00000000f0000000, 0x00000000f7d00000, 0x00000000f7d00000)
  eden space 102400K, 100% used [0x00000000f0000000, 0x00000000f6400000, 0x00000000f6400000)
  from space 12800K,  18% used [0x00000000f7080000, 0x00000000f72c58d8, 0x00000000f7d00000)
  to   space 12800K,   0% used [0x00000000f6400000, 0x00000000f6400000, 0x00000000f7080000)
 concurrent mark-sweep generation total 134144K, used 68966K [0x00000000f7d00000, 0x0000000100000000, 0x0000000100000000)
 Metaspace       used 53034K, capacity 56078K, committed 57088K, reserved 1099776K
  class space    used 6425K, capacity 6953K, committed 7168K, reserved 1048576K
2023-10-03T09:48:41.542+0800: 2292.051: [GC (Allocation Failure) 2023-10-03T09:48:41.542+0800: 2292.051: [ParNew: 104726K->1723K(115200K), 0.0078524 secs] 173692K->70717K(249344K), 0.0081037 secs] [Times: user=0.06 sys=0.00, real=0.01 secs] 
Heap after GC invocations=616 (full 1):
 par new generation   total 115200K, used 1723K [0x00000000f0000000, 0x00000000f7d00000, 0x00000000f7d00000)
  eden space 102400K,   0% used [0x00000000f0000000, 0x00000000f0000000, 0x00000000f6400000)
  from space 12800K,  13% used [0x00000000f6400000, 0x00000000f65aef00, 0x00000000f7080000)
  to   space 12800K,   0% used [0x00000000f7080000, 0x00000000f7080000, 0x00000000f7d00000)
 concurrent mark-sweep generation total 134144K, used 68993K [0x00000000f7d00000, 0x0000000100000000, 0x0000000100000000)
 Metaspace       used 53034K, capacity 56078K, committed 57088K, reserved 1099776K
  class space    used 6425K, capacity 6953K, committed 7168K, reserved 1048576K
}
{Heap before GC invocations=616 (full 1):
 par new generation   total 115200K, used 104123K [0x00000000f0000000, 0x00000000f7d00000, 0x00000000f7d00000)
  eden space 102400K, 100% used [0x00000000f0000000, 0x00000000f6400000, 0x00000000f6400000)
  from space 12800K,  13% used [0x00000000f6400000, 0x00000000f65aef00, 0x00000000f7080000)
  to   space 12800K,   0% used [0x00000000f7080000, 0x00000000f7080000, 0x00000000f7d00000)
 concurrent mark-sweep generation total 134144K, used 68993K [0x00000000f7d00000, 0x0000000100000000, 0x0000000100000000)
 Metaspace       used 53034K, capacity 56078K, committed 57088K, reserved 1099776K
  class space    used 6425K, capacity 6953K, committed 7168K, reserved 1048576K
2023-10-03T09:48:45.100+0800: 2295.609: [GC (Allocation Failure) 2023-10-03T09:48:45.100+0800: 2295.609: [ParNew: 104123K->2417K(115200K), 0.0072225 secs] 173117K->71431K(249344K), 0.0074460 secs] [Times: user=0.07 sys=0.00, real=0.01 secs] 
Heap after GC invocations=617 (full 1):
 par new generation   total 115200K, used 2417K [0x00000000f0000000, 0x00000000f7d00000, 0x00000000f7d00000)
  eden space 102400K,   0% used [0x00000000f0000000, 0x00000000f0000000, 0x00000000f6400000)
  from space 12800K,  18% used [0x00000000f7080000, 0x00000000f72dc5d0, 0x00000000f7d00000)
  to   space 12800K,   0% used [0x00000000f6400000, 0x00000000f6400000, 0x00000000f7080000)
 concurrent mark-sweep generation total 134144K, used 69014K [0x00000000f7d00000, 0x0000000100000000, 0x0000000100000000)
 Metaspace       used 53034K, capacity 56078K, committed 57088K, reserved 1099776K
  class space    used 6425K, capacity 6953K, committed 7168K, reserved 1048576K
}
{Heap before GC invocations=617 (full 1):
 par new generation   total 115200K, used 104817K [0x00000000f0000000, 0x00000000f7d00000, 0x00000000f7d00000)
  eden space 102400K, 100% used [0x00000000f0000000, 0x00000000f6400000, 0x00000000f6400000)
  from space 12800K,  18% used [0x00000000f7080000, 0x00000000f72dc5d0, 0x00000000f7d00000)
  to   space 12800K,   0% used [0x00000000f6400000, 0x00000000f6400000, 0x00000000f7080000)
 concurrent mark-sweep generation total 134144K, used 69014K [0x00000000f7d00000, 0x0000000100000000, 0x0000000100000000)
 Metaspace       used 53034K, capacity 56078K, committed 57088K, reserved 1099776K
  class space    used 6425K, capacity 6953K, committed 7168K, reserved 1048576K
2023-10-03T09:48:48.668+0800: 2299.177: [GC (Allocation Failure) 2023-10-03T09:48:48.668+0800: 2299.177: [ParNew: 104817K->1711K(115200K), 0.0074056 secs] 173831K->70740K(249344K), 0.0077659 secs] [Times: user=0.06 sys=0.00, real=0.01 secs] 
Heap after GC invocations=618 (full 1):
 par new generation   total 115200K, used 1711K [0x00000000f0000000, 0x00000000f7d00000, 0x00000000f7d00000)
  eden space 102400K,   0% used [0x00000000f0000000, 0x00000000f0000000, 0x00000000f6400000)
  from space 12800K,  13% used [0x00000000f6400000, 0x00000000f65abd00, 0x00000000f7080000)
  to   space 12800K,   0% used [0x00000000f7080000, 0x00000000f7080000, 0x00000000f7d00000)
 concurrent mark-sweep generation total 134144K, used 69029K [0x00000000f7d00000, 0x0000000100000000, 0x0000000100000000)
 Metaspace       used 53034K, capacity 56078K, committed 57088K, reserved 1099776K
  class space    used 6425K, capacity 6953K, committed 7168K, reserved 1048576K
}
{Heap before GC invocations=618 (full 1):
 par new generation   total 115200K, used 104111K [0x00000000f0000000, 0x00000000f7d00000, 0x00000000f7d00000)
  eden space 102400K, 100% used [0x00000000f0000000, 0x00000000f6400000, 0x00000000f6400000)
  from space 12800K,  13% used [0x00000000f6400000, 0x00000000f65abd00, 0x00000000f7080000)
  to   space 12800K,   0% used [0x00000000f7080000, 0x00000000f7080000, 0x00000000f7d00000)
 concurrent mark-sweep generation total 134144K, used 69029K [0x00000000f7d00000, 0x0000000100000000, 0x0000000100000000)
 Metaspace       used 53034K, capacity 56078K, committed 57088K, reserved 1099776K
  class space    used 6425K, capacity 6953K, committed 7168K, reserved 1048576K
2023-10-03T09:48:52.225+0800: 2302.734: [GC (Allocation Failure) 2023-10-03T09:48:52.225+0800: 2302.734: [ParNew: 104111K->2282K(115200K), 0.0204636 secs] 173140K->71390K(249344K), 0.0207233 secs] [Times: user=0.07 sys=0.00, real=0.02 secs] 
Heap after GC invocations=619 (full 1):
 par new generation   total 115200K, used 2282K [0x00000000f0000000, 0x00000000f7d00000, 0x00000000f7d00000)
  eden space 102400K,   0% used [0x00000000f0000000, 0x00000000f0000000, 0x00000000f6400000)
  from space 12800K,  17% used [0x00000000f7080000, 0x00000000f72ba8d0, 0x00000000f7d00000)
  to   space 12800K,   0% used [0x00000000f6400000, 0x00000000f6400000, 0x00000000f7080000)
 concurrent mark-sweep generation total 134144K, used 69108K [0x00000000f7d00000, 0x0000000100000000, 0x0000000100000000)
 Metaspace       used 53034K, capacity 56078K, committed 57088K, reserved 1099776K
  class space    used 6425K, capacity 6953K, committed 7168K, reserved 1048576K
}
{Heap before GC invocations=619 (full 1):
 par new generation   total 115200K, used 104682K [0x00000000f0000000, 0x00000000f7d00000, 0x00000000f7d00000)
  eden space 102400K, 100% used [0x00000000f0000000, 0x00000000f6400000, 0x00000000f6400000)
  from space 12800K,  17% used [0x00000000f7080000, 0x00000000f72ba8d0, 0x00000000f7d00000)
  to   space 12800K,   0% used [0x00000000f6400000, 0x00000000f6400000, 0x00000000f7080000)
 concurrent mark-sweep generation total 134144K, used 69108K [0x00000000f7d00000, 0x0000000100000000, 0x0000000100000000)
 Metaspace       used 53034K, capacity 56078K, committed 57088K, reserved 1099776K
  class space    used 6425K, capacity 6953K, committed 7168K, reserved 1048576K
2023-10-03T09:48:55.794+0800: 2306.304: [GC (Allocation Failure) 2023-10-03T09:48:55.795+0800: 2306.304: [ParNew: 104682K->1653K(115200K), 0.0076214 secs] 173790K->70801K(249344K), 0.0078684 secs] [Times: user=0.06 sys=0.00, real=0.01 secs] 
Heap after GC invocations=620 (full 1):
 par new generation   total 115200K, used 1653K [0x00000000f0000000, 0x00000000f7d00000, 0x00000000f7d00000)
  eden space 102400K,   0% used [0x00000000f0000000, 0x00000000f0000000, 0x00000000f6400000)
  from space 12800K,  12% used [0x00000000f6400000, 0x00000000f659d7a0, 0x00000000f7080000)
  to   space 12800K,   0% used [0x00000000f7080000, 0x00000000f7080000, 0x00000000f7d00000)
 concurrent mark-sweep generation total 134144K, used 69147K [0x00000000f7d00000, 0x0000000100000000, 0x0000000100000000)
 Metaspace       used 53034K, capacity 56078K, committed 57088K, reserved 1099776K
  class space    used 6425K, capacity 6953K, committed 7168K, reserved 1048576K
}
{Heap before GC invocations=620 (full 1):
 par new generation   total 115200K, used 104053K [0x00000000f0000000, 0x00000000f7d00000, 0x00000000f7d00000)
  eden space 102400K, 100% used [0x00000000f0000000, 0x00000000f6400000, 0x00000000f6400000)
  from space 12800K,  12% used [0x00000000f6400000, 0x00000000f659d7a0, 0x00000000f7080000)
  to   space 12800K,   0% used [0x00000000f7080000, 0x00000000f7080000, 0x00000000f7d00000)
 concurrent mark-sweep generation total 134144K, used 69147K [0x00000000f7d00000, 0x0000000100000000, 0x0000000100000000)
 Metaspace       used 53034K, capacity 56078K, committed 57088K, reserved 1099776K
  class space    used 6425K, capacity 6953K, committed 7168K, reserved 1048576K
2023-10-03T09:48:59.697+0800: 2310.206: [GC (Allocation Failure) 2023-10-03T09:48:59.697+0800: 2310.206: [ParNew: 104053K->2058K(115200K), 0.0033523 secs] 173201K->71294K(249344K), 0.0035438 secs] [Times: user=0.03 sys=0.00, real=0.00 secs] 
Heap after GC invocations=621 (full 1):
 par new generation   total 115200K, used 2058K [0x00000000f0000000, 0x00000000f7d00000, 0x00000000f7d00000)
  eden space 102400K,   0% used [0x00000000f0000000, 0x00000000f0000000, 0x00000000f6400000)
  from space 12800K,  16% used [0x00000000f7080000, 0x00000000f72829d8, 0x00000000f7d00000)
  to   space 12800K,   0% used [0x00000000f6400000, 0x00000000f6400000, 0x00000000f7080000)
 concurrent mark-sweep generation total 134144K, used 69235K [0x00000000f7d00000, 0x0000000100000000, 0x0000000100000000)
 Metaspace       used 53034K, capacity 56078K, committed 57088K, reserved 1099776K
  class space    used 6425K, capacity 6953K, committed 7168K, reserved 1048576K
}
{Heap before GC invocations=621 (full 1):
 par new generation   total 115200K, used 104458K [0x00000000f0000000, 0x00000000f7d00000, 0x00000000f7d00000)
  eden space 102400K, 100% used [0x00000000f0000000, 0x00000000f6400000, 0x00000000f6400000)
  from space 12800K,  16% used [0x00000000f7080000, 0x00000000f72829d8, 0x00000000f7d00000)
  to   space 12800K,   0% used [0x00000000f6400000, 0x00000000f6400000, 0x00000000f7080000)
 concurrent mark-sweep generation total 134144K, used 69235K [0x00000000f7d00000, 0x0000000100000000, 0x0000000100000000)
 Metaspace       used 53034K, capacity 56078K, committed 57088K, reserved 1099776K
  class space    used 6425K, capacity 6953K, committed 7168K, reserved 1048576K
2023-10-03T09:49:12.765+0800: 2323.274: [GC (Allocation Failure) 2023-10-03T09:49:12.765+0800: 2323.275: [ParNew: 104458K->1284K(115200K), 0.0016094 secs] 173694K->70556K(249344K), 0.0016711 secs] [Times: user=0.01 sys=0.00, real=0.00 secs] 
