OpenJDK 64-Bit Server VM (25.382-b05) for linux-amd64 JRE (Zulu 8.72.0.17-CA-linux64) (1.8.0_382-b05), built on Jul 14 2023 08:27:52 by "zulu_re" with gcc 7.3.0
Memory: 4k page, physical 32828952k(27814004k free), swap 4194300k(4194300k free)
CommandLine flags: -XX:CompressedClassSpaceSize=125829120 -XX:InitialHeapSize=268435456 -XX:MaxHeapSize=268435456 -XX:MaxMetaspaceSize=134217728 -XX:MaxNewSize=131072000 -XX:MetaspaceSize=134217728 -XX:NewSize=131072000 -XX:+PrintGC -XX:+PrintGCDateStamps -XX:+PrintGCDetails -XX:+PrintGCTimeStamps -XX:+PrintHeapAtGC -XX:ThreadStackSize=512 -XX:+UseCompressedClassPointers -XX:+UseCompressedOops -XX:+UseParallelGC -XX:+UseParallelOldGC 
{Heap before GC invocations=1 (full 0):
 PSYoungGen      total 112128K, used 96256K [0x00000000f8300000, 0x0000000100000000, 0x0000000100000000)
  eden space 96256K, 100% used [0x00000000f8300000,0x00000000fe100000,0x00000000fe100000)
  from space 15872K, 0% used [0x00000000ff080000,0x00000000ff080000,0x0000000100000000)
  to   space 15872K, 0% used [0x00000000fe100000,0x00000000fe100000,0x00000000ff080000)
 ParOldGen       total 134144K, used 0K [0x00000000f0000000, 0x00000000f8300000, 0x00000000f8300000)
  object space 134144K, 0% used [0x00000000f0000000,0x00000000f0000000,0x00000000f8300000)
 Metaspace       used 13885K, capacity 14562K, committed 14720K, reserved 1062912K
  class space    used 1723K, capacity 1871K, committed 1920K, reserved 1048576K
2023-10-03T08:04:34.671+0800: 0.469: [GC (Allocation Failure) [PSYoungGen: 96256K->4191K(112128K)] 96256K->4207K(246272K), 0.0037611 secs] [Times: user=0.00 sys=0.03, real=0.00 secs] 
Heap after GC invocations=1 (full 0):
 PSYoungGen      total 112128K, used 4191K [0x00000000f8300000, 0x0000000100000000, 0x0000000100000000)
  eden space 96256K, 0% used [0x00000000f8300000,0x00000000f8300000,0x00000000fe100000)
  from space 15872K, 26% used [0x00000000fe100000,0x00000000fe517fb8,0x00000000ff080000)
  to   space 15872K, 0% used [0x00000000ff080000,0x00000000ff080000,0x0000000100000000)
 ParOldGen       total 134144K, used 16K [0x00000000f0000000, 0x00000000f8300000, 0x00000000f8300000)
  object space 134144K, 0% used [0x00000000f0000000,0x00000000f0004000,0x00000000f8300000)
 Metaspace       used 13885K, capacity 14562K, committed 14720K, reserved 1062912K
  class space    used 1723K, capacity 1871K, committed 1920K, reserved 1048576K
}
{Heap before GC invocations=2 (full 0):
 PSYoungGen      total 112128K, used 100447K [0x00000000f8300000, 0x0000000100000000, 0x0000000100000000)
  eden space 96256K, 100% used [0x00000000f8300000,0x00000000fe100000,0x00000000fe100000)
  from space 15872K, 26% used [0x00000000fe100000,0x00000000fe517fb8,0x00000000ff080000)
  to   space 15872K, 0% used [0x00000000ff080000,0x00000000ff080000,0x0000000100000000)
 ParOldGen       total 134144K, used 16K [0x00000000f0000000, 0x00000000f8300000, 0x00000000f8300000)
  object space 134144K, 0% used [0x00000000f0000000,0x00000000f0004000,0x00000000f8300000)
 Metaspace       used 20854K, capacity 21768K, committed 22016K, reserved 1069056K
  class space    used 2592K, capacity 2802K, committed 2816K, reserved 1048576K
2023-10-03T08:04:34.845+0800: 0.643: [GC (Allocation Failure) [PSYoungGen: 100447K->5840K(112128K)] 100463K->5864K(246272K), 0.0052913 secs] [Times: user=0.05 sys=0.01, real=0.01 secs] 
Heap after GC invocations=2 (full 0):
 PSYoungGen      total 112128K, used 5840K [0x00000000f8300000, 0x0000000100000000, 0x0000000100000000)
  eden space 96256K, 0% used [0x00000000f8300000,0x00000000f8300000,0x00000000fe100000)
  from space 15872K, 36% used [0x00000000ff080000,0x00000000ff634190,0x0000000100000000)
  to   space 15872K, 0% used [0x00000000fe100000,0x00000000fe100000,0x00000000ff080000)
 ParOldGen       total 134144K, used 24K [0x00000000f0000000, 0x00000000f8300000, 0x00000000f8300000)
  object space 134144K, 0% used [0x00000000f0000000,0x00000000f0006000,0x00000000f8300000)
 Metaspace       used 20854K, capacity 21768K, committed 22016K, reserved 1069056K
  class space    used 2592K, capacity 2802K, committed 2816K, reserved 1048576K
}
{Heap before GC invocations=3 (full 0):
 PSYoungGen      total 112128K, used 102096K [0x00000000f8300000, 0x0000000100000000, 0x0000000100000000)
  eden space 96256K, 100% used [0x00000000f8300000,0x00000000fe100000,0x00000000fe100000)
  from space 15872K, 36% used [0x00000000ff080000,0x00000000ff634190,0x0000000100000000)
  to   space 15872K, 0% used [0x00000000fe100000,0x00000000fe100000,0x00000000ff080000)
 ParOldGen       total 134144K, used 24K [0x00000000f0000000, 0x00000000f8300000, 0x00000000f8300000)
  object space 134144K, 0% used [0x00000000f0000000,0x00000000f0006000,0x00000000f8300000)
 Metaspace       used 23866K, capacity 25018K, committed 25088K, reserved 1071104K
  class space    used 2987K, capacity 3261K, committed 3328K, reserved 1048576K
2023-10-03T08:04:35.125+0800: 0.923: [GC (Allocation Failure) [PSYoungGen: 102096K->7696K(112128K)] 102120K->7736K(246272K), 0.0044137 secs] [Times: user=0.04 sys=0.00, real=0.01 secs] 
Heap after GC invocations=3 (full 0):
 PSYoungGen      total 112128K, used 7696K [0x00000000f8300000, 0x0000000100000000, 0x0000000100000000)
  eden space 96256K, 0% used [0x00000000f8300000,0x00000000f8300000,0x00000000fe100000)
  from space 15872K, 48% used [0x00000000fe100000,0x00000000fe8841a0,0x00000000ff080000)
  to   space 15872K, 0% used [0x00000000ff080000,0x00000000ff080000,0x0000000100000000)
 ParOldGen       total 134144K, used 40K [0x00000000f0000000, 0x00000000f8300000, 0x00000000f8300000)
  object space 134144K, 0% used [0x00000000f0000000,0x00000000f000a000,0x00000000f8300000)
 Metaspace       used 23866K, capacity 25018K, committed 25088K, reserved 1071104K
  class space    used 2987K, capacity 3261K, committed 3328K, reserved 1048576K
}
{Heap before GC invocations=4 (full 0):
 PSYoungGen      total 112128K, used 103952K [0x00000000f8300000, 0x0000000100000000, 0x0000000100000000)
  eden space 96256K, 100% used [0x00000000f8300000,0x00000000fe100000,0x00000000fe100000)
  from space 15872K, 48% used [0x00000000fe100000,0x00000000fe8841a0,0x00000000ff080000)
  to   space 15872K, 0% used [0x00000000ff080000,0x00000000ff080000,0x0000000100000000)
 ParOldGen       total 134144K, used 40K [0x00000000f0000000, 0x00000000f8300000, 0x00000000f8300000)
  object space 134144K, 0% used [0x00000000f0000000,0x00000000f000a000,0x00000000f8300000)
 Metaspace       used 30305K, capacity 32028K, committed 32384K, reserved 1077248K
  class space    used 3849K, capacity 4140K, committed 4224K, reserved 1048576K
2023-10-03T08:04:35.493+0800: 1.291: [GC (Allocation Failure) [PSYoungGen: 103952K->11365K(112128K)] 103992K->11421K(246272K), 0.0052986 secs] [Times: user=0.04 sys=0.00, real=0.00 secs] 
Heap after GC invocations=4 (full 0):
 PSYoungGen      total 112128K, used 11365K [0x00000000f8300000, 0x0000000100000000, 0x0000000100000000)
  eden space 96256K, 0% used [0x00000000f8300000,0x00000000f8300000,0x00000000fe100000)
  from space 15872K, 71% used [0x00000000ff080000,0x00000000ffb99560,0x0000000100000000)
  to   space 15872K, 0% used [0x00000000fe100000,0x00000000fe100000,0x00000000ff080000)
 ParOldGen       total 134144K, used 56K [0x00000000f0000000, 0x00000000f8300000, 0x00000000f8300000)
  object space 134144K, 0% used [0x00000000f0000000,0x00000000f000e000,0x00000000f8300000)
 Metaspace       used 30305K, capacity 32028K, committed 32384K, reserved 1077248K
  class space    used 3849K, capacity 4140K, committed 4224K, reserved 1048576K
}
{Heap before GC invocations=5 (full 0):
 PSYoungGen      total 112128K, used 107621K [0x00000000f8300000, 0x0000000100000000, 0x0000000100000000)
  eden space 96256K, 100% used [0x00000000f8300000,0x00000000fe100000,0x00000000fe100000)
  from space 15872K, 71% used [0x00000000ff080000,0x00000000ffb99560,0x0000000100000000)
  to   space 15872K, 0% used [0x00000000fe100000,0x00000000fe100000,0x00000000ff080000)
 ParOldGen       total 134144K, used 56K [0x00000000f0000000, 0x00000000f8300000, 0x00000000f8300000)
  object space 134144K, 0% used [0x00000000f0000000,0x00000000f000e000,0x00000000f8300000)
 Metaspace       used 36505K, capacity 38706K, committed 39040K, reserved 1083392K
  class space    used 4719K, capacity 5127K, committed 5248K, reserved 1048576K
2023-10-03T08:04:35.800+0800: 1.598: [GC (Allocation Failure) [PSYoungGen: 107621K->13556K(112128K)] 107677K->13684K(246272K), 0.0072982 secs] [Times: user=0.08 sys=0.01, real=0.00 secs] 
Heap after GC invocations=5 (full 0):
 PSYoungGen      total 112128K, used 13556K [0x00000000f8300000, 0x0000000100000000, 0x0000000100000000)
  eden space 96256K, 0% used [0x00000000f8300000,0x00000000f8300000,0x00000000fe100000)
  from space 15872K, 85% used [0x00000000fe100000,0x00000000fee3d1c0,0x00000000ff080000)
  to   space 15872K, 0% used [0x00000000ff080000,0x00000000ff080000,0x0000000100000000)
 ParOldGen       total 134144K, used 128K [0x00000000f0000000, 0x00000000f8300000, 0x00000000f8300000)
  object space 134144K, 0% used [0x00000000f0000000,0x00000000f0020010,0x00000000f8300000)
 Metaspace       used 36505K, capacity 38706K, committed 39040K, reserved 1083392K
  class space    used 4719K, capacity 5127K, committed 5248K, reserved 1048576K
}
{Heap before GC invocations=6 (full 0):
 PSYoungGen      total 112128K, used 109812K [0x00000000f8300000, 0x0000000100000000, 0x0000000100000000)
  eden space 96256K, 100% used [0x00000000f8300000,0x00000000fe100000,0x00000000fe100000)
  from space 15872K, 85% used [0x00000000fe100000,0x00000000fee3d1c0,0x00000000ff080000)
  to   space 15872K, 0% used [0x00000000ff080000,0x00000000ff080000,0x0000000100000000)
 ParOldGen       total 134144K, used 128K [0x00000000f0000000, 0x00000000f8300000, 0x00000000f8300000)
  object space 134144K, 0% used [0x00000000f0000000,0x00000000f0020010,0x00000000f8300000)
 Metaspace       used 40759K, capacity 43424K, committed 43648K, reserved 1087488K
  class space    used 5288K, capacity 5754K, committed 5760K, reserved 1048576K
2023-10-03T08:04:36.118+0800: 1.916: [GC (Allocation Failure) [PSYoungGen: 109812K->15364K(107008K)] 109940K->15508K(241152K), 0.0075845 secs] [Times: user=0.08 sys=0.00, real=0.01 secs] 
Heap after GC invocations=6 (full 0):
 PSYoungGen      total 107008K, used 15364K [0x00000000f8300000, 0x0000000100000000, 0x0000000100000000)
  eden space 91136K, 0% used [0x00000000f8300000,0x00000000f8300000,0x00000000fdc00000)
  from space 15872K, 96% used [0x00000000ff080000,0x00000000fff81090,0x0000000100000000)
  to   space 18432K, 0% used [0x00000000fdc00000,0x00000000fdc00000,0x00000000fee00000)
 ParOldGen       total 134144K, used 144K [0x00000000f0000000, 0x00000000f8300000, 0x00000000f8300000)
  object space 134144K, 0% used [0x00000000f0000000,0x00000000f0024010,0x00000000f8300000)
 Metaspace       used 40759K, capacity 43424K, committed 43648K, reserved 1087488K
  class space    used 5288K, capacity 5754K, committed 5760K, reserved 1048576K
}
{Heap before GC invocations=7 (full 0):
 PSYoungGen      total 107008K, used 106500K [0x00000000f8300000, 0x0000000100000000, 0x0000000100000000)
  eden space 91136K, 100% used [0x00000000f8300000,0x00000000fdc00000,0x00000000fdc00000)
  from space 15872K, 96% used [0x00000000ff080000,0x00000000fff81090,0x0000000100000000)
  to   space 18432K, 0% used [0x00000000fdc00000,0x00000000fdc00000,0x00000000fee00000)
 ParOldGen       total 134144K, used 144K [0x00000000f0000000, 0x00000000f8300000, 0x00000000f8300000)
  object space 134144K, 0% used [0x00000000f0000000,0x00000000f0024010,0x00000000f8300000)
 Metaspace       used 49498K, capacity 52472K, committed 52736K, reserved 1095680K
  class space    used 6350K, capacity 6900K, committed 6912K, reserved 1048576K
2023-10-03T08:05:24.955+0800: 50.753: [GC (Allocation Failure) [PSYoungGen: 106500K->18426K(109568K)] 106644K->23522K(243712K), 0.0092092 secs] [Times: user=0.09 sys=0.00, real=0.01 secs] 
Heap after GC invocations=7 (full 0):
 PSYoungGen      total 109568K, used 18426K [0x00000000f8300000, 0x0000000100000000, 0x0000000100000000)
  eden space 91136K, 0% used [0x00000000f8300000,0x00000000f8300000,0x00000000fdc00000)
  from space 18432K, 99% used [0x00000000fdc00000,0x00000000fedfe8f0,0x00000000fee00000)
  to   space 18432K, 0% used [0x00000000fee00000,0x00000000fee00000,0x0000000100000000)
 ParOldGen       total 134144K, used 5096K [0x00000000f0000000, 0x00000000f8300000, 0x00000000f8300000)
  object space 134144K, 3% used [0x00000000f0000000,0x00000000f04fa150,0x00000000f8300000)
 Metaspace       used 49498K, capacity 52472K, committed 52736K, reserved 1095680K
  class space    used 6350K, capacity 6900K, committed 6912K, reserved 1048576K
}
{Heap before GC invocations=8 (full 0):
 PSYoungGen      total 109568K, used 109562K [0x00000000f8300000, 0x0000000100000000, 0x0000000100000000)
  eden space 91136K, 100% used [0x00000000f8300000,0x00000000fdc00000,0x00000000fdc00000)
  from space 18432K, 99% used [0x00000000fdc00000,0x00000000fedfe8f0,0x00000000fee00000)
  to   space 18432K, 0% used [0x00000000fee00000,0x00000000fee00000,0x0000000100000000)
 ParOldGen       total 134144K, used 5096K [0x00000000f0000000, 0x00000000f8300000, 0x00000000f8300000)
  object space 134144K, 3% used [0x00000000f0000000,0x00000000f04fa150,0x00000000f8300000)
 Metaspace       used 52719K, capacity 56094K, committed 56320K, reserved 1097728K
  class space    used 6476K, capacity 7065K, committed 7168K, reserved 1048576K
2023-10-03T08:05:28.588+0800: 54.386: [GC (Allocation Failure) [PSYoungGen: 109562K->18426K(86016K)] 114658K->33999K(220160K), 0.0099917 secs] [Times: user=0.01 sys=0.07, real=0.01 secs] 
Heap after GC invocations=8 (full 0):
 PSYoungGen      total 86016K, used 18426K [0x00000000f8300000, 0x0000000100000000, 0x0000000100000000)
  eden space 67584K, 0% used [0x00000000f8300000,0x00000000f8300000,0x00000000fc500000)
  from space 18432K, 99% used [0x00000000fee00000,0x00000000ffffe810,0x0000000100000000)
  to   space 30208K, 0% used [0x00000000fc500000,0x00000000fc500000,0x00000000fe280000)
 ParOldGen       total 134144K, used 15573K [0x00000000f0000000, 0x00000000f8300000, 0x00000000f8300000)
  object space 134144K, 11% used [0x00000000f0000000,0x00000000f0f355b8,0x00000000f8300000)
 Metaspace       used 52719K, capacity 56094K, committed 56320K, reserved 1097728K
  class space    used 6476K, capacity 7065K, committed 7168K, reserved 1048576K
}
{Heap before GC invocations=9 (full 0):
 PSYoungGen      total 86016K, used 86010K [0x00000000f8300000, 0x0000000100000000, 0x0000000100000000)
  eden space 67584K, 100% used [0x00000000f8300000,0x00000000fc500000,0x00000000fc500000)
  from space 18432K, 99% used [0x00000000fee00000,0x00000000ffffe810,0x0000000100000000)
  to   space 30208K, 0% used [0x00000000fc500000,0x00000000fc500000,0x00000000fe280000)
 ParOldGen       total 134144K, used 15573K [0x00000000f0000000, 0x00000000f8300000, 0x00000000f8300000)
  object space 134144K, 11% used [0x00000000f0000000,0x00000000f0f355b8,0x00000000f8300000)
 Metaspace       used 52785K, capacity 56094K, committed 56320K, reserved 1097728K
  class space    used 6476K, capacity 7065K, committed 7168K, reserved 1048576K
2023-10-03T08:05:32.602+0800: 58.400: [GC (Allocation Failure) [PSYoungGen: 86010K->15371K(97792K)] 101583K->34036K(231936K), 0.0050966 secs] [Times: user=0.04 sys=0.01, real=0.00 secs] 
Heap after GC invocations=9 (full 0):
 PSYoungGen      total 97792K, used 15371K [0x00000000f8300000, 0x0000000100000000, 0x0000000100000000)
  eden space 67584K, 0% used [0x00000000f8300000,0x00000000f8300000,0x00000000fc500000)
  from space 30208K, 50% used [0x00000000fc500000,0x00000000fd402c00,0x00000000fe280000)
  to   space 29184K, 0% used [0x00000000fe380000,0x00000000fe380000,0x0000000100000000)
 ParOldGen       total 134144K, used 18665K [0x00000000f0000000, 0x00000000f8300000, 0x00000000f8300000)
  object space 134144K, 13% used [0x00000000f0000000,0x00000000f123a5c8,0x00000000f8300000)
 Metaspace       used 52785K, capacity 56094K, committed 56320K, reserved 1097728K
  class space    used 6476K, capacity 7065K, committed 7168K, reserved 1048576K
}
{Heap before GC invocations=10 (full 0):
 PSYoungGen      total 97792K, used 82955K [0x00000000f8300000, 0x0000000100000000, 0x0000000100000000)
  eden space 67584K, 100% used [0x00000000f8300000,0x00000000fc500000,0x00000000fc500000)
  from space 30208K, 50% used [0x00000000fc500000,0x00000000fd402c00,0x00000000fe280000)
  to   space 29184K, 0% used [0x00000000fe380000,0x00000000fe380000,0x0000000100000000)
 ParOldGen       total 134144K, used 18665K [0x00000000f0000000, 0x00000000f8300000, 0x00000000f8300000)
  object space 134144K, 13% used [0x00000000f0000000,0x00000000f123a5c8,0x00000000f8300000)
 Metaspace       used 52812K, capacity 56158K, committed 56320K, reserved 1097728K
  class space    used 6478K, capacity 7065K, committed 7168K, reserved 1048576K
2023-10-03T08:05:36.693+0800: 62.491: [GC (Allocation Failure) [PSYoungGen: 82955K->800K(97792K)] 101620K->33343K(231936K), 0.0118807 secs] [Times: user=0.09 sys=0.02, real=0.01 secs] 
Heap after GC invocations=10 (full 0):
 PSYoungGen      total 97792K, used 800K [0x00000000f8300000, 0x0000000100000000, 0x0000000100000000)
  eden space 68608K, 0% used [0x00000000f8300000,0x00000000f8300000,0x00000000fc600000)
  from space 29184K, 2% used [0x00000000fe380000,0x00000000fe448000,0x0000000100000000)
  to   space 29696K, 0% used [0x00000000fc600000,0x00000000fc600000,0x00000000fe300000)
 ParOldGen       total 134144K, used 32543K [0x00000000f0000000, 0x00000000f8300000, 0x00000000f8300000)
  object space 134144K, 24% used [0x00000000f0000000,0x00000000f1fc7e38,0x00000000f8300000)
 Metaspace       used 52812K, capacity 56158K, committed 56320K, reserved 1097728K
  class space    used 6478K, capacity 7065K, committed 7168K, reserved 1048576K
}
{Heap before GC invocations=11 (full 0):
 PSYoungGen      total 97792K, used 69408K [0x00000000f8300000, 0x0000000100000000, 0x0000000100000000)
  eden space 68608K, 100% used [0x00000000f8300000,0x00000000fc600000,0x00000000fc600000)
  from space 29184K, 2% used [0x00000000fe380000,0x00000000fe448000,0x0000000100000000)
  to   space 29696K, 0% used [0x00000000fc600000,0x00000000fc600000,0x00000000fe300000)
 ParOldGen       total 134144K, used 32543K [0x00000000f0000000, 0x00000000f8300000, 0x00000000f8300000)
  object space 134144K, 24% used [0x00000000f0000000,0x00000000f1fc7e38,0x00000000f8300000)
 Metaspace       used 52817K, capacity 56158K, committed 56320K, reserved 1097728K
  class space    used 6478K, capacity 7065K, committed 7168K, reserved 1048576K
2023-10-03T08:05:40.904+0800: 66.702: [GC (Allocation Failure) [PSYoungGen: 69408K->800K(69632K)] 101951K->33471K(203776K), 0.0063136 secs] [Times: user=0.03 sys=0.00, real=0.01 secs] 
Heap after GC invocations=11 (full 0):
 PSYoungGen      total 69632K, used 800K [0x00000000f8300000, 0x0000000100000000, 0x0000000100000000)
  eden space 68608K, 0% used [0x00000000f8300000,0x00000000f8300000,0x00000000fc600000)
  from space 1024K, 78% used [0x00000000fc600000,0x00000000fc6c8000,0x00000000fc700000)
  to   space 30208K, 0% used [0x00000000fe280000,0x00000000fe280000,0x0000000100000000)
 ParOldGen       total 134144K, used 32671K [0x00000000f0000000, 0x00000000f8300000, 0x00000000f8300000)
  object space 134144K, 24% used [0x00000000f0000000,0x00000000f1fe7e38,0x00000000f8300000)
 Metaspace       used 52817K, capacity 56158K, committed 56320K, reserved 1097728K
  class space    used 6478K, capacity 7065K, committed 7168K, reserved 1048576K
}
{Heap before GC invocations=12 (full 0):
 PSYoungGen      total 69632K, used 69408K [0x00000000f8300000, 0x0000000100000000, 0x0000000100000000)
  eden space 68608K, 100% used [0x00000000f8300000,0x00000000fc600000,0x00000000fc600000)
  from space 1024K, 78% used [0x00000000fc600000,0x00000000fc6c8000,0x00000000fc700000)
  to   space 30208K, 0% used [0x00000000fe280000,0x00000000fe280000,0x0000000100000000)
 ParOldGen       total 134144K, used 32671K [0x00000000f0000000, 0x00000000f8300000, 0x00000000f8300000)
  object space 134144K, 24% used [0x00000000f0000000,0x00000000f1fe7e38,0x00000000f8300000)
 Metaspace       used 52841K, capacity 56226K, committed 56576K, reserved 1099776K
  class space    used 6480K, capacity 7065K, committed 7168K, reserved 1048576K
2023-10-03T08:05:45.077+0800: 70.875: [GC (Allocation Failure) [PSYoungGen: 69408K->768K(97792K)] 102079K->33599K(231936K), 0.0078049 secs] [Times: user=0.03 sys=0.01, real=0.01 secs] 
Heap after GC invocations=12 (full 0):
 PSYoungGen      total 97792K, used 768K [0x00000000f8300000, 0x0000000100000000, 0x0000000100000000)
  eden space 67584K, 0% used [0x00000000f8300000,0x00000000f8300000,0x00000000fc500000)
  from space 30208K, 2% used [0x00000000fe280000,0x00000000fe340000,0x0000000100000000)
  to   space 30208K, 0% used [0x00000000fc500000,0x00000000fc500000,0x00000000fe280000)
 ParOldGen       total 134144K, used 32831K [0x00000000f0000000, 0x00000000f8300000, 0x00000000f8300000)
  object space 134144K, 24% used [0x00000000f0000000,0x00000000f200fe38,0x00000000f8300000)
 Metaspace       used 52841K, capacity 56226K, committed 56576K, reserved 1099776K
  class space    used 6480K, capacity 7065K, committed 7168K, reserved 1048576K
}
{Heap before GC invocations=13 (full 0):
 PSYoungGen      total 97792K, used 68352K [0x00000000f8300000, 0x0000000100000000, 0x0000000100000000)
  eden space 67584K, 100% used [0x00000000f8300000,0x00000000fc500000,0x00000000fc500000)
  from space 30208K, 2% used [0x00000000fe280000,0x00000000fe340000,0x0000000100000000)
  to   space 30208K, 0% used [0x00000000fc500000,0x00000000fc500000,0x00000000fe280000)
 ParOldGen       total 134144K, used 32831K [0x00000000f0000000, 0x00000000f8300000, 0x00000000f8300000)
  object space 134144K, 24% used [0x00000000f0000000,0x00000000f200fe38,0x00000000f8300000)
 Metaspace       used 52843K, capacity 56226K, committed 56576K, reserved 1099776K
  class space    used 6480K, capacity 7065K, committed 7168K, reserved 1048576K
2023-10-03T08:05:49.614+0800: 75.412: [GC (Allocation Failure) [PSYoungGen: 68352K->672K(97792K)] 101183K->33591K(231936K), 0.0035478 secs] [Times: user=0.02 sys=0.00, real=0.00 secs] 
Heap after GC invocations=13 (full 0):
 PSYoungGen      total 97792K, used 672K [0x00000000f8300000, 0x0000000100000000, 0x0000000100000000)
  eden space 67584K, 0% used [0x00000000f8300000,0x00000000f8300000,0x00000000fc500000)
  from space 30208K, 2% used [0x00000000fc500000,0x00000000fc5a8000,0x00000000fe280000)
  to   space 29696K, 0% used [0x00000000fe300000,0x00000000fe300000,0x0000000100000000)
 ParOldGen       total 134144K, used 32919K [0x00000000f0000000, 0x00000000f8300000, 0x00000000f8300000)
  object space 134144K, 24% used [0x00000000f0000000,0x00000000f2025e38,0x00000000f8300000)
 Metaspace       used 52843K, capacity 56226K, committed 56576K, reserved 1099776K
  class space    used 6480K, capacity 7065K, committed 7168K, reserved 1048576K
}
{Heap before GC invocations=14 (full 0):
 PSYoungGen      total 97792K, used 68256K [0x00000000f8300000, 0x0000000100000000, 0x0000000100000000)
  eden space 67584K, 100% used [0x00000000f8300000,0x00000000fc500000,0x00000000fc500000)
  from space 30208K, 2% used [0x00000000fc500000,0x00000000fc5a8000,0x00000000fe280000)
  to   space 29696K, 0% used [0x00000000fe300000,0x00000000fe300000,0x0000000100000000)
 ParOldGen       total 134144K, used 32919K [0x00000000f0000000, 0x00000000f8300000, 0x00000000f8300000)
  object space 134144K, 24% used [0x00000000f0000000,0x00000000f2025e38,0x00000000f8300000)
 Metaspace       used 52856K, capacity 56226K, committed 56576K, reserved 1099776K
  class space    used 6482K, capacity 7065K, committed 7168K, reserved 1048576K
2023-10-03T08:05:54.052+0800: 79.850: [GC (Allocation Failure) [PSYoungGen: 68256K->704K(98816K)] 101175K->33687K(232960K), 0.0017416 secs] [Times: user=0.02 sys=0.00, real=0.00 secs] 
Heap after GC invocations=14 (full 0):
 PSYoungGen      total 98816K, used 704K [0x00000000f8300000, 0x0000000100000000, 0x0000000100000000)
  eden space 69120K, 0% used [0x00000000f8300000,0x00000000f8300000,0x00000000fc680000)
  from space 29696K, 2% used [0x00000000fe300000,0x00000000fe3b0000,0x0000000100000000)
  to   space 29184K, 0% used [0x00000000fc680000,0x00000000fc680000,0x00000000fe300000)
 ParOldGen       total 134144K, used 32983K [0x00000000f0000000, 0x00000000f8300000, 0x00000000f8300000)
  object space 134144K, 24% used [0x00000000f0000000,0x00000000f2035e38,0x00000000f8300000)
 Metaspace       used 52856K, capacity 56226K, committed 56576K, reserved 1099776K
  class space    used 6482K, capacity 7065K, committed 7168K, reserved 1048576K
}
{Heap before GC invocations=15 (full 0):
 PSYoungGen      total 98816K, used 69824K [0x00000000f8300000, 0x0000000100000000, 0x0000000100000000)
  eden space 69120K, 100% used [0x00000000f8300000,0x00000000fc680000,0x00000000fc680000)
  from space 29696K, 2% used [0x00000000fe300000,0x00000000fe3b0000,0x0000000100000000)
  to   space 29184K, 0% used [0x00000000fc680000,0x00000000fc680000,0x00000000fe300000)
 ParOldGen       total 134144K, used 32983K [0x00000000f0000000, 0x00000000f8300000, 0x00000000f8300000)
  object space 134144K, 24% used [0x00000000f0000000,0x00000000f2035e38,0x00000000f8300000)
 Metaspace       used 52884K, capacity 56230K, committed 56576K, reserved 1099776K
  class space    used 6485K, capacity 7065K, committed 7168K, reserved 1048576K
2023-10-03T08:05:58.581+0800: 84.379: [GC (Allocation Failure) [PSYoungGen: 69824K->736K(98304K)] 102807K->33807K(232448K), 0.0070163 secs] [Times: user=0.04 sys=0.00, real=0.00 secs] 
Heap after GC invocations=15 (full 0):
 PSYoungGen      total 98304K, used 736K [0x00000000f8300000, 0x0000000100000000, 0x0000000100000000)
  eden space 69120K, 0% used [0x00000000f8300000,0x00000000f8300000,0x00000000fc680000)
  from space 29184K, 2% used [0x00000000fc680000,0x00000000fc738000,0x00000000fe300000)
  to   space 28672K, 0% used [0x00000000fe400000,0x00000000fe400000,0x0000000100000000)
 ParOldGen       total 134144K, used 33071K [0x00000000f0000000, 0x00000000f8300000, 0x00000000f8300000)
  object space 134144K, 24% used [0x00000000f0000000,0x00000000f204be38,0x00000000f8300000)
 Metaspace       used 52884K, capacity 56230K, committed 56576K, reserved 1099776K
  class space    used 6485K, capacity 7065K, committed 7168K, reserved 1048576K
}
{Heap before GC invocations=16 (full 0):
 PSYoungGen      total 98304K, used 69856K [0x00000000f8300000, 0x0000000100000000, 0x0000000100000000)
  eden space 69120K, 100% used [0x00000000f8300000,0x00000000fc680000,0x00000000fc680000)
  from space 29184K, 2% used [0x00000000fc680000,0x00000000fc738000,0x00000000fe300000)
  to   space 28672K, 0% used [0x00000000fe400000,0x00000000fe400000,0x0000000100000000)
 ParOldGen       total 134144K, used 33071K [0x00000000f0000000, 0x00000000f8300000, 0x00000000f8300000)
  object space 134144K, 24% used [0x00000000f0000000,0x00000000f204be38,0x00000000f8300000)
 Metaspace       used 52886K, capacity 56230K, committed 56576K, reserved 1099776K
  class space    used 6486K, capacity 7065K, committed 7168K, reserved 1048576K
2023-10-03T08:06:03.213+0800: 89.011: [GC (Allocation Failure) [PSYoungGen: 69856K->736K(100352K)] 102927K->33879K(234496K), 0.0043771 secs] [Times: user=0.03 sys=0.00, real=0.00 secs] 
Heap after GC invocations=16 (full 0):
 PSYoungGen      total 100352K, used 736K [0x00000000f8300000, 0x0000000100000000, 0x0000000100000000)
  eden space 71680K, 0% used [0x00000000f8300000,0x00000000f8300000,0x00000000fc900000)
  from space 28672K, 2% used [0x00000000fe400000,0x00000000fe4b8000,0x0000000100000000)
  to   space 27648K, 0% used [0x00000000fc900000,0x00000000fc900000,0x00000000fe400000)
 ParOldGen       total 134144K, used 33143K [0x00000000f0000000, 0x00000000f8300000, 0x00000000f8300000)
  object space 134144K, 24% used [0x00000000f0000000,0x00000000f205de38,0x00000000f8300000)
 Metaspace       used 52886K, capacity 56230K, committed 56576K, reserved 1099776K
  class space    used 6486K, capacity 7065K, committed 7168K, reserved 1048576K
}
{Heap before GC invocations=17 (full 0):
 PSYoungGen      total 100352K, used 72416K [0x00000000f8300000, 0x0000000100000000, 0x0000000100000000)
  eden space 71680K, 100% used [0x00000000f8300000,0x00000000fc900000,0x00000000fc900000)
  from space 28672K, 2% used [0x00000000fe400000,0x00000000fe4b8000,0x0000000100000000)
  to   space 27648K, 0% used [0x00000000fc900000,0x00000000fc900000,0x00000000fe400000)
 ParOldGen       total 134144K, used 33143K [0x00000000f0000000, 0x00000000f8300000, 0x00000000f8300000)
  object space 134144K, 24% used [0x00000000f0000000,0x00000000f205de38,0x00000000f8300000)
 Metaspace       used 52893K, capacity 56230K, committed 56576K, reserved 1099776K
  class space    used 6486K, capacity 7065K, committed 7168K, reserved 1048576K
2023-10-03T08:06:07.965+0800: 93.763: [GC (Allocation Failure) [PSYoungGen: 72416K->672K(99328K)] 105559K->33887K(233472K), 0.0068937 secs] [Times: user=0.03 sys=0.00, real=0.01 secs] 
Heap after GC invocations=17 (full 0):
 PSYoungGen      total 99328K, used 672K [0x00000000f8300000, 0x0000000100000000, 0x0000000100000000)
  eden space 71680K, 0% used [0x00000000f8300000,0x00000000f8300000,0x00000000fc900000)
  from space 27648K, 2% used [0x00000000fc900000,0x00000000fc9a8000,0x00000000fe400000)
  to   space 26624K, 0% used [0x00000000fe600000,0x00000000fe600000,0x0000000100000000)
 ParOldGen       total 134144K, used 33215K [0x00000000f0000000, 0x00000000f8300000, 0x00000000f8300000)
  object space 134144K, 24% used [0x00000000f0000000,0x00000000f206fe38,0x00000000f8300000)
 Metaspace       used 52893K, capacity 56230K, committed 56576K, reserved 1099776K
  class space    used 6486K, capacity 7065K, committed 7168K, reserved 1048576K
}
{Heap before GC invocations=18 (full 0):
 PSYoungGen      total 99328K, used 72352K [0x00000000f8300000, 0x0000000100000000, 0x0000000100000000)
  eden space 71680K, 100% used [0x00000000f8300000,0x00000000fc900000,0x00000000fc900000)
  from space 27648K, 2% used [0x00000000fc900000,0x00000000fc9a8000,0x00000000fe400000)
  to   space 26624K, 0% used [0x00000000fe600000,0x00000000fe600000,0x0000000100000000)
 ParOldGen       total 134144K, used 33215K [0x00000000f0000000, 0x00000000f8300000, 0x00000000f8300000)
  object space 134144K, 24% used [0x00000000f0000000,0x00000000f206fe38,0x00000000f8300000)
 Metaspace       used 52905K, capacity 56230K, committed 56576K, reserved 1099776K
  class space    used 6486K, capacity 7065K, committed 7168K, reserved 1048576K
2023-10-03T08:06:12.793+0800: 98.591: [GC (Allocation Failure) [PSYoungGen: 72352K->672K(102400K)] 105567K->33935K(236544K), 0.0020138 secs] [Times: user=0.01 sys=0.00, real=0.00 secs] 
Heap after GC invocations=18 (full 0):
 PSYoungGen      total 102400K, used 672K [0x00000000f8300000, 0x0000000100000000, 0x0000000100000000)
  eden space 75776K, 0% used [0x00000000f8300000,0x00000000f8300000,0x00000000fcd00000)
  from space 26624K, 2% used [0x00000000fe600000,0x00000000fe6a8000,0x0000000100000000)
  to   space 25600K, 0% used [0x00000000fcd00000,0x00000000fcd00000,0x00000000fe600000)
 ParOldGen       total 134144K, used 33263K [0x00000000f0000000, 0x00000000f8300000, 0x00000000f8300000)
  object space 134144K, 24% used [0x00000000f0000000,0x00000000f207be38,0x00000000f8300000)
 Metaspace       used 52905K, capacity 56230K, committed 56576K, reserved 1099776K
  class space    used 6486K, capacity 7065K, committed 7168K, reserved 1048576K
}
{Heap before GC invocations=19 (full 0):
 PSYoungGen      total 102400K, used 76448K [0x00000000f8300000, 0x0000000100000000, 0x0000000100000000)
  eden space 75776K, 100% used [0x00000000f8300000,0x00000000fcd00000,0x00000000fcd00000)
  from space 26624K, 2% used [0x00000000fe600000,0x00000000fe6a8000,0x0000000100000000)
  to   space 25600K, 0% used [0x00000000fcd00000,0x00000000fcd00000,0x00000000fe600000)
 ParOldGen       total 134144K, used 33263K [0x00000000f0000000, 0x00000000f8300000, 0x00000000f8300000)
  object space 134144K, 24% used [0x00000000f0000000,0x00000000f207be38,0x00000000f8300000)
 Metaspace       used 52921K, capacity 56230K, committed 56576K, reserved 1099776K
  class space    used 6486K, capacity 7065K, committed 7168K, reserved 1048576K
2023-10-03T08:06:17.897+0800: 103.695: [GC (Allocation Failure) [PSYoungGen: 76448K->768K(101376K)] 109711K->34087K(235520K), 0.0048160 secs] [Times: user=0.04 sys=0.00, real=0.01 secs] 
Heap after GC invocations=19 (full 0):
 PSYoungGen      total 101376K, used 768K [0x00000000f8300000, 0x0000000100000000, 0x0000000100000000)
  eden space 75776K, 0% used [0x00000000f8300000,0x00000000f8300000,0x00000000fcd00000)
  from space 25600K, 3% used [0x00000000fcd00000,0x00000000fcdc0000,0x00000000fe600000)
  to   space 24576K, 0% used [0x00000000fe800000,0x00000000fe800000,0x0000000100000000)
 ParOldGen       total 134144K, used 33319K [0x00000000f0000000, 0x00000000f8300000, 0x00000000f8300000)
  object space 134144K, 24% used [0x00000000f0000000,0x00000000f2089e38,0x00000000f8300000)
 Metaspace       used 52921K, capacity 56230K, committed 56576K, reserved 1099776K
  class space    used 6486K, capacity 7065K, committed 7168K, reserved 1048576K
}
{Heap before GC invocations=20 (full 0):
 PSYoungGen      total 101376K, used 76544K [0x00000000f8300000, 0x0000000100000000, 0x0000000100000000)
  eden space 75776K, 100% used [0x00000000f8300000,0x00000000fcd00000,0x00000000fcd00000)
  from space 25600K, 3% used [0x00000000fcd00000,0x00000000fcdc0000,0x00000000fe600000)
  to   space 24576K, 0% used [0x00000000fe800000,0x00000000fe800000,0x0000000100000000)
 ParOldGen       total 134144K, used 33319K [0x00000000f0000000, 0x00000000f8300000, 0x00000000f8300000)
  object space 134144K, 24% used [0x00000000f0000000,0x00000000f2089e38,0x00000000f8300000)
 Metaspace       used 52926K, capacity 56230K, committed 56576K, reserved 1099776K
  class space    used 6486K, capacity 7065K, committed 7168K, reserved 1048576K
2023-10-03T08:06:22.987+0800: 108.785: [GC (Allocation Failure) [PSYoungGen: 76544K->672K(104448K)] 109863K->34111K(238592K), 0.0069768 secs] [Times: user=0.03 sys=0.00, real=0.01 secs] 
Heap after GC invocations=20 (full 0):
 PSYoungGen      total 104448K, used 672K [0x00000000f8300000, 0x0000000100000000, 0x0000000100000000)
  eden space 79872K, 0% used [0x00000000f8300000,0x00000000f8300000,0x00000000fd100000)
  from space 24576K, 2% used [0x00000000fe800000,0x00000000fe8a8000,0x0000000100000000)
  to   space 23552K, 0% used [0x00000000fd100000,0x00000000fd100000,0x00000000fe800000)
 ParOldGen       total 134144K, used 33439K [0x00000000f0000000, 0x00000000f8300000, 0x00000000f8300000)
  object space 134144K, 24% used [0x00000000f0000000,0x00000000f20a7e38,0x00000000f8300000)
 Metaspace       used 52926K, capacity 56230K, committed 56576K, reserved 1099776K
  class space    used 6486K, capacity 7065K, committed 7168K, reserved 1048576K
}
{Heap before GC invocations=21 (full 0):
 PSYoungGen      total 104448K, used 80544K [0x00000000f8300000, 0x0000000100000000, 0x0000000100000000)
  eden space 79872K, 100% used [0x00000000f8300000,0x00000000fd100000,0x00000000fd100000)
  from space 24576K, 2% used [0x00000000fe800000,0x00000000fe8a8000,0x0000000100000000)
  to   space 23552K, 0% used [0x00000000fd100000,0x00000000fd100000,0x00000000fe800000)
 ParOldGen       total 134144K, used 33439K [0x00000000f0000000, 0x00000000f8300000, 0x00000000f8300000)
  object space 134144K, 24% used [0x00000000f0000000,0x00000000f20a7e38,0x00000000f8300000)
 Metaspace       used 52938K, capacity 56294K, committed 56576K, reserved 1099776K
  class space    used 6486K, capacity 7065K, committed 7168K, reserved 1048576K
2023-10-03T08:06:28.332+0800: 114.130: [GC (Allocation Failure) [PSYoungGen: 80544K->672K(103424K)] 113983K->34183K(237568K), 0.0042537 secs] [Times: user=0.02 sys=0.01, real=0.01 secs] 
Heap after GC invocations=21 (full 0):
 PSYoungGen      total 103424K, used 672K [0x00000000f8300000, 0x0000000100000000, 0x0000000100000000)
  eden space 79872K, 0% used [0x00000000f8300000,0x00000000f8300000,0x00000000fd100000)
  from space 23552K, 2% used [0x00000000fd100000,0x00000000fd1a8000,0x00000000fe800000)
  to   space 22528K, 0% used [0x00000000fea00000,0x00000000fea00000,0x0000000100000000)
 ParOldGen       total 134144K, used 33511K [0x00000000f0000000, 0x00000000f8300000, 0x00000000f8300000)
  object space 134144K, 24% used [0x00000000f0000000,0x00000000f20b9e38,0x00000000f8300000)
 Metaspace       used 52938K, capacity 56294K, committed 56576K, reserved 1099776K
  class space    used 6486K, capacity 7065K, committed 7168K, reserved 1048576K
}
{Heap before GC invocations=22 (full 0):
 PSYoungGen      total 103424K, used 80544K [0x00000000f8300000, 0x0000000100000000, 0x0000000100000000)
  eden space 79872K, 100% used [0x00000000f8300000,0x00000000fd100000,0x00000000fd100000)
  from space 23552K, 2% used [0x00000000fd100000,0x00000000fd1a8000,0x00000000fe800000)
  to   space 22528K, 0% used [0x00000000fea00000,0x00000000fea00000,0x0000000100000000)
 ParOldGen       total 134144K, used 33511K [0x00000000f0000000, 0x00000000f8300000, 0x00000000f8300000)
  object space 134144K, 24% used [0x00000000f0000000,0x00000000f20b9e38,0x00000000f8300000)
 Metaspace       used 52938K, capacity 56294K, committed 56576K, reserved 1099776K
  class space    used 6486K, capacity 7065K, committed 7168K, reserved 1048576K
2023-10-03T08:06:33.708+0800: 119.506: [GC (Allocation Failure) [PSYoungGen: 80544K->704K(107008K)] 114055K->34295K(241152K), 0.0071557 secs] [Times: user=0.04 sys=0.00, real=0.01 secs] 
Heap after GC invocations=22 (full 0):
 PSYoungGen      total 107008K, used 704K [0x00000000f8300000, 0x0000000100000000, 0x0000000100000000)
  eden space 84480K, 0% used [0x00000000f8300000,0x00000000f8300000,0x00000000fd580000)
  from space 22528K, 3% used [0x00000000fea00000,0x00000000feab0000,0x0000000100000000)
  to   space 20992K, 0% used [0x00000000fd580000,0x00000000fd580000,0x00000000fea00000)
 ParOldGen       total 134144K, used 33591K [0x00000000f0000000, 0x00000000f8300000, 0x00000000f8300000)
  object space 134144K, 25% used [0x00000000f0000000,0x00000000f20cde38,0x00000000f8300000)
 Metaspace       used 52938K, capacity 56294K, committed 56576K, reserved 1099776K
  class space    used 6486K, capacity 7065K, committed 7168K, reserved 1048576K
}
{Heap before GC invocations=23 (full 0):
 PSYoungGen      total 107008K, used 85184K [0x00000000f8300000, 0x0000000100000000, 0x0000000100000000)
  eden space 84480K, 100% used [0x00000000f8300000,0x00000000fd580000,0x00000000fd580000)
  from space 22528K, 3% used [0x00000000fea00000,0x00000000feab0000,0x0000000100000000)
  to   space 20992K, 0% used [0x00000000fd580000,0x00000000fd580000,0x00000000fea00000)
 ParOldGen       total 134144K, used 33591K [0x00000000f0000000, 0x00000000f8300000, 0x00000000f8300000)
  object space 134144K, 25% used [0x00000000f0000000,0x00000000f20cde38,0x00000000f8300000)
 Metaspace       used 52940K, capacity 56294K, committed 56576K, reserved 1099776K
  class space    used 6486K, capacity 7065K, committed 7168K, reserved 1048576K
2023-10-03T08:06:39.388+0800: 125.186: [GC (Allocation Failure) [PSYoungGen: 85184K->704K(105472K)] 118775K->34383K(239616K), 0.0068587 secs] [Times: user=0.04 sys=0.00, real=0.01 secs] 
Heap after GC invocations=23 (full 0):
 PSYoungGen      total 105472K, used 704K [0x00000000f8300000, 0x0000000100000000, 0x0000000100000000)
  eden space 84480K, 0% used [0x00000000f8300000,0x00000000f8300000,0x00000000fd580000)
  from space 20992K, 3% used [0x00000000fd580000,0x00000000fd630000,0x00000000fea00000)
  to   space 19968K, 0% used [0x00000000fec80000,0x00000000fec80000,0x0000000100000000)
 ParOldGen       total 134144K, used 33679K [0x00000000f0000000, 0x00000000f8300000, 0x00000000f8300000)
  object space 134144K, 25% used [0x00000000f0000000,0x00000000f20e3e38,0x00000000f8300000)
 Metaspace       used 52940K, capacity 56294K, committed 56576K, reserved 1099776K
  class space    used 6486K, capacity 7065K, committed 7168K, reserved 1048576K
}
{Heap before GC invocations=24 (full 0):
 PSYoungGen      total 105472K, used 85184K [0x00000000f8300000, 0x0000000100000000, 0x0000000100000000)
  eden space 84480K, 100% used [0x00000000f8300000,0x00000000fd580000,0x00000000fd580000)
  from space 20992K, 3% used [0x00000000fd580000,0x00000000fd630000,0x00000000fea00000)
  to   space 19968K, 0% used [0x00000000fec80000,0x00000000fec80000,0x0000000100000000)
 ParOldGen       total 134144K, used 33679K [0x00000000f0000000, 0x00000000f8300000, 0x00000000f8300000)
  object space 134144K, 25% used [0x00000000f0000000,0x00000000f20e3e38,0x00000000f8300000)
 Metaspace       used 52944K, capacity 56294K, committed 56576K, reserved 1099776K
  class space    used 6486K, capacity 7065K, committed 7168K, reserved 1048576K
2023-10-03T08:06:45.064+0800: 130.862: [GC (Allocation Failure) [PSYoungGen: 85184K->672K(109056K)] 118863K->34383K(243200K), 0.0057959 secs] [Times: user=0.04 sys=0.00, real=0.01 secs] 
Heap after GC invocations=24 (full 0):
 PSYoungGen      total 109056K, used 672K [0x00000000f8300000, 0x0000000100000000, 0x0000000100000000)
  eden space 89088K, 0% used [0x00000000f8300000,0x00000000f8300000,0x00000000fda00000)
  from space 19968K, 3% used [0x00000000fec80000,0x00000000fed28000,0x0000000100000000)
  to   space 18944K, 0% used [0x00000000fda00000,0x00000000fda00000,0x00000000fec80000)
 ParOldGen       total 134144K, used 33711K [0x00000000f0000000, 0x00000000f8300000, 0x00000000f8300000)
  object space 134144K, 25% used [0x00000000f0000000,0x00000000f20ebe38,0x00000000f8300000)
 Metaspace       used 52944K, capacity 56294K, committed 56576K, reserved 1099776K
  class space    used 6486K, capacity 7065K, committed 7168K, reserved 1048576K
}
{Heap before GC invocations=25 (full 0):
 PSYoungGen      total 109056K, used 89760K [0x00000000f8300000, 0x0000000100000000, 0x0000000100000000)
  eden space 89088K, 100% used [0x00000000f8300000,0x00000000fda00000,0x00000000fda00000)
  from space 19968K, 3% used [0x00000000fec80000,0x00000000fed28000,0x0000000100000000)
  to   space 18944K, 0% used [0x00000000fda00000,0x00000000fda00000,0x00000000fec80000)
 ParOldGen       total 134144K, used 33711K [0x00000000f0000000, 0x00000000f8300000, 0x00000000f8300000)
  object space 134144K, 25% used [0x00000000f0000000,0x00000000f20ebe38,0x00000000f8300000)
 Metaspace       used 52945K, capacity 56294K, committed 56576K, reserved 1099776K
  class space    used 6486K, capacity 7065K, committed 7168K, reserved 1048576K
2023-10-03T08:06:51.012+0800: 136.810: [GC (Allocation Failure) [PSYoungGen: 89760K->704K(108032K)] 123471K->34487K(242176K), 0.0068764 secs] [Times: user=0.04 sys=0.00, real=0.00 secs] 
Heap after GC invocations=25 (full 0):
 PSYoungGen      total 108032K, used 704K [0x00000000f8300000, 0x0000000100000000, 0x0000000100000000)
  eden space 89088K, 0% used [0x00000000f8300000,0x00000000f8300000,0x00000000fda00000)
  from space 18944K, 3% used [0x00000000fda00000,0x00000000fdab0000,0x00000000fec80000)
  to   space 17920K, 0% used [0x00000000fee80000,0x00000000fee80000,0x0000000100000000)
 ParOldGen       total 134144K, used 33783K [0x00000000f0000000, 0x00000000f8300000, 0x00000000f8300000)
  object space 134144K, 25% used [0x00000000f0000000,0x00000000f20fde38,0x00000000f8300000)
 Metaspace       used 52945K, capacity 56294K, committed 56576K, reserved 1099776K
  class space    used 6486K, capacity 7065K, committed 7168K, reserved 1048576K
}
{Heap before GC invocations=26 (full 0):
 PSYoungGen      total 108032K, used 89792K [0x00000000f8300000, 0x0000000100000000, 0x0000000100000000)
  eden space 89088K, 100% used [0x00000000f8300000,0x00000000fda00000,0x00000000fda00000)
  from space 18944K, 3% used [0x00000000fda00000,0x00000000fdab0000,0x00000000fec80000)
  to   space 17920K, 0% used [0x00000000fee80000,0x00000000fee80000,0x0000000100000000)
 ParOldGen       total 134144K, used 33783K [0x00000000f0000000, 0x00000000f8300000, 0x00000000f8300000)
  object space 134144K, 25% used [0x00000000f0000000,0x00000000f20fde38,0x00000000f8300000)
 Metaspace       used 52955K, capacity 56294K, committed 56576K, reserved 1099776K
  class space    used 6486K, capacity 7065K, committed 7168K, reserved 1048576K
2023-10-03T08:06:56.981+0800: 142.779: [GC (Allocation Failure) [PSYoungGen: 89792K->640K(111104K)] 123575K->34447K(245248K), 0.0061218 secs] [Times: user=0.02 sys=0.01, real=0.00 secs] 
Heap after GC invocations=26 (full 0):
 PSYoungGen      total 111104K, used 640K [0x00000000f8300000, 0x0000000100000000, 0x0000000100000000)
  eden space 93184K, 0% used [0x00000000f8300000,0x00000000f8300000,0x00000000fde00000)
  from space 17920K, 3% used [0x00000000fee80000,0x00000000fef20000,0x0000000100000000)
  to   space 16896K, 0% used [0x00000000fde00000,0x00000000fde00000,0x00000000fee80000)
 ParOldGen       total 134144K, used 33807K [0x00000000f0000000, 0x00000000f8300000, 0x00000000f8300000)
  object space 134144K, 25% used [0x00000000f0000000,0x00000000f2103e38,0x00000000f8300000)
 Metaspace       used 52955K, capacity 56294K, committed 56576K, reserved 1099776K
  class space    used 6486K, capacity 7065K, committed 7168K, reserved 1048576K
}
{Heap before GC invocations=27 (full 0):
 PSYoungGen      total 111104K, used 93824K [0x00000000f8300000, 0x0000000100000000, 0x0000000100000000)
  eden space 93184K, 100% used [0x00000000f8300000,0x00000000fde00000,0x00000000fde00000)
  from space 17920K, 3% used [0x00000000fee80000,0x00000000fef20000,0x0000000100000000)
  to   space 16896K, 0% used [0x00000000fde00000,0x00000000fde00000,0x00000000fee80000)
 ParOldGen       total 134144K, used 33807K [0x00000000f0000000, 0x00000000f8300000, 0x00000000f8300000)
  object space 134144K, 25% used [0x00000000f0000000,0x00000000f2103e38,0x00000000f8300000)
 Metaspace       used 52956K, capacity 56294K, committed 56576K, reserved 1099776K
  class space    used 6486K, capacity 7065K, committed 7168K, reserved 1048576K
2023-10-03T08:07:03.269+0800: 149.067: [GC (Allocation Failure) [PSYoungGen: 93824K->704K(110080K)] 127631K->34591K(244224K), 0.0068068 secs] [Times: user=0.03 sys=0.00, real=0.01 secs] 
Heap after GC invocations=27 (full 0):
 PSYoungGen      total 110080K, used 704K [0x00000000f8300000, 0x0000000100000000, 0x0000000100000000)
  eden space 93184K, 0% used [0x00000000f8300000,0x00000000f8300000,0x00000000fde00000)
  from space 16896K, 4% used [0x00000000fde00000,0x00000000fdeb0000,0x00000000fee80000)
  to   space 15872K, 0% used [0x00000000ff080000,0x00000000ff080000,0x0000000100000000)
 ParOldGen       total 134144K, used 33887K [0x00000000f0000000, 0x00000000f8300000, 0x00000000f8300000)
  object space 134144K, 25% used [0x00000000f0000000,0x00000000f2117e38,0x00000000f8300000)
 Metaspace       used 52956K, capacity 56294K, committed 56576K, reserved 1099776K
  class space    used 6486K, capacity 7065K, committed 7168K, reserved 1048576K
}
{Heap before GC invocations=28 (full 0):
 PSYoungGen      total 110080K, used 93888K [0x00000000f8300000, 0x0000000100000000, 0x0000000100000000)
  eden space 93184K, 100% used [0x00000000f8300000,0x00000000fde00000,0x00000000fde00000)
  from space 16896K, 4% used [0x00000000fde00000,0x00000000fdeb0000,0x00000000fee80000)
  to   space 15872K, 0% used [0x00000000ff080000,0x00000000ff080000,0x0000000100000000)
 ParOldGen       total 134144K, used 33887K [0x00000000f0000000, 0x00000000f8300000, 0x00000000f8300000)
  object space 134144K, 25% used [0x00000000f0000000,0x00000000f2117e38,0x00000000f8300000)
 Metaspace       used 52994K, capacity 56294K, committed 56576K, reserved 1099776K
  class space    used 6486K, capacity 7065K, committed 7168K, reserved 1048576K
2023-10-03T08:07:09.011+0800: 154.809: [GC (Allocation Failure) [PSYoungGen: 93888K->13506K(107008K)] 127775K->47449K(241152K), 0.0097506 secs] [Times: user=0.06 sys=0.00, real=0.01 secs] 
Heap after GC invocations=28 (full 0):
 PSYoungGen      total 107008K, used 13506K [0x00000000f8300000, 0x0000000100000000, 0x0000000100000000)
  eden space 91136K, 0% used [0x00000000f8300000,0x00000000f8300000,0x00000000fdc00000)
  from space 15872K, 85% used [0x00000000ff080000,0x00000000ffdb08a0,0x0000000100000000)
  to   space 18432K, 0% used [0x00000000fdc00000,0x00000000fdc00000,0x00000000fee00000)
 ParOldGen       total 134144K, used 33943K [0x00000000f0000000, 0x00000000f8300000, 0x00000000f8300000)
  object space 134144K, 25% used [0x00000000f0000000,0x00000000f2125e38,0x00000000f8300000)
 Metaspace       used 52994K, capacity 56294K, committed 56576K, reserved 1099776K
  class space    used 6486K, capacity 7065K, committed 7168K, reserved 1048576K
}
{Heap before GC invocations=29 (full 0):
 PSYoungGen      total 107008K, used 104642K [0x00000000f8300000, 0x0000000100000000, 0x0000000100000000)
  eden space 91136K, 100% used [0x00000000f8300000,0x00000000fdc00000,0x00000000fdc00000)
  from space 15872K, 85% used [0x00000000ff080000,0x00000000ffdb08a0,0x0000000100000000)
  to   space 18432K, 0% used [0x00000000fdc00000,0x00000000fdc00000,0x00000000fee00000)
 ParOldGen       total 134144K, used 33943K [0x00000000f0000000, 0x00000000f8300000, 0x00000000f8300000)
  object space 134144K, 25% used [0x00000000f0000000,0x00000000f2125e38,0x00000000f8300000)
 Metaspace       used 52995K, capacity 56294K, committed 56576K, reserved 1099776K
  class space    used 6486K, capacity 7065K, committed 7168K, reserved 1048576K
2023-10-03T08:07:12.023+0800: 157.821: [GC (Allocation Failure) [PSYoungGen: 104642K->2624K(109568K)] 138585K->48086K(243712K), 0.0109099 secs] [Times: user=0.07 sys=0.03, real=0.01 secs] 
Heap after GC invocations=29 (full 0):
 PSYoungGen      total 109568K, used 2624K [0x00000000f8300000, 0x0000000100000000, 0x0000000100000000)
  eden space 91136K, 0% used [0x00000000f8300000,0x00000000f8300000,0x00000000fdc00000)
  from space 18432K, 14% used [0x00000000fdc00000,0x00000000fde90000,0x00000000fee00000)
  to   space 17408K, 0% used [0x00000000fef00000,0x00000000fef00000,0x0000000100000000)
 ParOldGen       total 134144K, used 45462K [0x00000000f0000000, 0x00000000f8300000, 0x00000000f8300000)
  object space 134144K, 33% used [0x00000000f0000000,0x00000000f2c658b8,0x00000000f8300000)
 Metaspace       used 52995K, capacity 56294K, committed 56576K, reserved 1099776K
  class space    used 6486K, capacity 7065K, committed 7168K, reserved 1048576K
}
{Heap before GC invocations=30 (full 0):
 PSYoungGen      total 109568K, used 93760K [0x00000000f8300000, 0x0000000100000000, 0x0000000100000000)
  eden space 91136K, 100% used [0x00000000f8300000,0x00000000fdc00000,0x00000000fdc00000)
  from space 18432K, 14% used [0x00000000fdc00000,0x00000000fde90000,0x00000000fee00000)
  to   space 17408K, 0% used [0x00000000fef00000,0x00000000fef00000,0x0000000100000000)
 ParOldGen       total 134144K, used 45462K [0x00000000f0000000, 0x00000000f8300000, 0x00000000f8300000)
  object space 134144K, 33% used [0x00000000f0000000,0x00000000f2c658b8,0x00000000f8300000)
 Metaspace       used 53001K, capacity 56294K, committed 56576K, reserved 1099776K
  class space    used 6486K, capacity 7065K, committed 7168K, reserved 1048576K
2023-10-03T08:07:15.060+0800: 160.858: [GC (Allocation Failure) [PSYoungGen: 93760K->1248K(111616K)] 139222K->47967K(245760K), 0.0084746 secs] [Times: user=0.05 sys=0.00, real=0.00 secs] 
Heap after GC invocations=30 (full 0):
 PSYoungGen      total 111616K, used 1248K [0x00000000f8300000, 0x0000000100000000, 0x0000000100000000)
  eden space 94208K, 0% used [0x00000000f8300000,0x00000000f8300000,0x00000000fdf00000)
  from space 17408K, 7% used [0x00000000fef00000,0x00000000ff038000,0x0000000100000000)
  to   space 16384K, 0% used [0x00000000fdf00000,0x00000000fdf00000,0x00000000fef00000)
 ParOldGen       total 134144K, used 46719K [0x00000000f0000000, 0x00000000f8300000, 0x00000000f8300000)
  object space 134144K, 34% used [0x00000000f0000000,0x00000000f2d9fc98,0x00000000f8300000)
 Metaspace       used 53001K, capacity 56294K, committed 56576K, reserved 1099776K
  class space    used 6486K, capacity 7065K, committed 7168K, reserved 1048576K
}
{Heap before GC invocations=31 (full 0):
 PSYoungGen      total 111616K, used 95456K [0x00000000f8300000, 0x0000000100000000, 0x0000000100000000)
  eden space 94208K, 100% used [0x00000000f8300000,0x00000000fdf00000,0x00000000fdf00000)
  from space 17408K, 7% used [0x00000000fef00000,0x00000000ff038000,0x0000000100000000)
  to   space 16384K, 0% used [0x00000000fdf00000,0x00000000fdf00000,0x00000000fef00000)
 ParOldGen       total 134144K, used 46719K [0x00000000f0000000, 0x00000000f8300000, 0x00000000f8300000)
  object space 134144K, 34% used [0x00000000f0000000,0x00000000f2d9fc98,0x00000000f8300000)
 Metaspace       used 53006K, capacity 56358K, committed 56576K, reserved 1099776K
  class space    used 6486K, capacity 7065K, committed 7168K, reserved 1048576K
2023-10-03T08:07:18.219+0800: 164.017: [GC (Allocation Failure) [PSYoungGen: 95456K->1248K(110592K)] 142175K->48047K(244736K), 0.0079607 secs] [Times: user=0.05 sys=0.00, real=0.01 secs] 
Heap after GC invocations=31 (full 0):
 PSYoungGen      total 110592K, used 1248K [0x00000000f8300000, 0x0000000100000000, 0x0000000100000000)
  eden space 94208K, 0% used [0x00000000f8300000,0x00000000f8300000,0x00000000fdf00000)
  from space 16384K, 7% used [0x00000000fdf00000,0x00000000fe038000,0x00000000fef00000)
  to   space 15360K, 0% used [0x00000000ff100000,0x00000000ff100000,0x0000000100000000)
 ParOldGen       total 134144K, used 46799K [0x00000000f0000000, 0x00000000f8300000, 0x00000000f8300000)
  object space 134144K, 34% used [0x00000000f0000000,0x00000000f2db3c98,0x00000000f8300000)
 Metaspace       used 53006K, capacity 56358K, committed 56576K, reserved 1099776K
  class space    used 6486K, capacity 7065K, committed 7168K, reserved 1048576K
}
{Heap before GC invocations=32 (full 0):
 PSYoungGen      total 110592K, used 95456K [0x00000000f8300000, 0x0000000100000000, 0x0000000100000000)
  eden space 94208K, 100% used [0x00000000f8300000,0x00000000fdf00000,0x00000000fdf00000)
  from space 16384K, 7% used [0x00000000fdf00000,0x00000000fe038000,0x00000000fef00000)
  to   space 15360K, 0% used [0x00000000ff100000,0x00000000ff100000,0x0000000100000000)
 ParOldGen       total 134144K, used 46799K [0x00000000f0000000, 0x00000000f8300000, 0x00000000f8300000)
  object space 134144K, 34% used [0x00000000f0000000,0x00000000f2db3c98,0x00000000f8300000)
 Metaspace       used 53006K, capacity 56358K, committed 56576K, reserved 1099776K
  class space    used 6486K, capacity 7065K, committed 7168K, reserved 1048576K
2023-10-03T08:07:21.357+0800: 167.155: [GC (Allocation Failure) [PSYoungGen: 95456K->1248K(113152K)] 142255K->48119K(247296K), 0.0079890 secs] [Times: user=0.04 sys=0.00, real=0.01 secs] 
Heap after GC invocations=32 (full 0):
 PSYoungGen      total 113152K, used 1248K [0x00000000f8300000, 0x0000000100000000, 0x0000000100000000)
  eden space 97792K, 0% used [0x00000000f8300000,0x00000000f8300000,0x00000000fe280000)
  from space 15360K, 8% used [0x00000000ff100000,0x00000000ff238000,0x0000000100000000)
  to   space 14848K, 0% used [0x00000000fe280000,0x00000000fe280000,0x00000000ff100000)
 ParOldGen       total 134144K, used 46871K [0x00000000f0000000, 0x00000000f8300000, 0x00000000f8300000)
  object space 134144K, 34% used [0x00000000f0000000,0x00000000f2dc5c98,0x00000000f8300000)
 Metaspace       used 53006K, capacity 56358K, committed 56576K, reserved 1099776K
  class space    used 6486K, capacity 7065K, committed 7168K, reserved 1048576K
}
{Heap before GC invocations=33 (full 0):
 PSYoungGen      total 113152K, used 99040K [0x00000000f8300000, 0x0000000100000000, 0x0000000100000000)
  eden space 97792K, 100% used [0x00000000f8300000,0x00000000fe280000,0x00000000fe280000)
  from space 15360K, 8% used [0x00000000ff100000,0x00000000ff238000,0x0000000100000000)
  to   space 14848K, 0% used [0x00000000fe280000,0x00000000fe280000,0x00000000ff100000)
 ParOldGen       total 134144K, used 46871K [0x00000000f0000000, 0x00000000f8300000, 0x00000000f8300000)
  object space 134144K, 34% used [0x00000000f0000000,0x00000000f2dc5c98,0x00000000f8300000)
 Metaspace       used 53006K, capacity 56358K, committed 56576K, reserved 1099776K
  class space    used 6486K, capacity 7065K, committed 7168K, reserved 1048576K
2023-10-03T08:07:24.646+0800: 170.444: [GC (Allocation Failure) [PSYoungGen: 99040K->1312K(112640K)] 145911K->48263K(246784K), 0.0079895 secs] [Times: user=0.04 sys=0.00, real=0.01 secs] 
Heap after GC invocations=33 (full 0):
 PSYoungGen      total 112640K, used 1312K [0x00000000f8300000, 0x0000000100000000, 0x0000000100000000)
  eden space 97792K, 0% used [0x00000000f8300000,0x00000000f8300000,0x00000000fe280000)
  from space 14848K, 8% used [0x00000000fe280000,0x00000000fe3c8000,0x00000000ff100000)
  to   space 13824K, 0% used [0x00000000ff280000,0x00000000ff280000,0x0000000100000000)
 ParOldGen       total 134144K, used 46951K [0x00000000f0000000, 0x00000000f8300000, 0x00000000f8300000)
  object space 134144K, 35% used [0x00000000f0000000,0x00000000f2dd9c98,0x00000000f8300000)
 Metaspace       used 53006K, capacity 56358K, committed 56576K, reserved 1099776K
  class space    used 6486K, capacity 7065K, committed 7168K, reserved 1048576K
}
{Heap before GC invocations=34 (full 0):
 PSYoungGen      total 112640K, used 99104K [0x00000000f8300000, 0x0000000100000000, 0x0000000100000000)
  eden space 97792K, 100% used [0x00000000f8300000,0x00000000fe280000,0x00000000fe280000)
  from space 14848K, 8% used [0x00000000fe280000,0x00000000fe3c8000,0x00000000ff100000)
  to   space 13824K, 0% used [0x00000000ff280000,0x00000000ff280000,0x0000000100000000)
 ParOldGen       total 134144K, used 46951K [0x00000000f0000000, 0x00000000f8300000, 0x00000000f8300000)
  object space 134144K, 35% used [0x00000000f0000000,0x00000000f2dd9c98,0x00000000f8300000)
 Metaspace       used 53006K, capacity 56358K, committed 56576K, reserved 1099776K
  class space    used 6486K, capacity 7065K, committed 7168K, reserved 1048576K
2023-10-03T08:07:27.924+0800: 173.722: [GC (Allocation Failure) [PSYoungGen: 99104K->1184K(115200K)] 146055K->48183K(249344K), 0.0080482 secs] [Times: user=0.05 sys=0.00, real=0.01 secs] 
Heap after GC invocations=34 (full 0):
 PSYoungGen      total 115200K, used 1184K [0x00000000f8300000, 0x0000000100000000, 0x0000000100000000)
  eden space 101376K, 0% used [0x00000000f8300000,0x00000000f8300000,0x00000000fe600000)
  from space 13824K, 8% used [0x00000000ff280000,0x00000000ff3a8000,0x0000000100000000)
  to   space 12800K, 0% used [0x00000000fe600000,0x00000000fe600000,0x00000000ff280000)
 ParOldGen       total 134144K, used 46999K [0x00000000f0000000, 0x00000000f8300000, 0x00000000f8300000)
  object space 134144K, 35% used [0x00000000f0000000,0x00000000f2de5c98,0x00000000f8300000)
 Metaspace       used 53006K, capacity 56358K, committed 56576K, reserved 1099776K
  class space    used 6486K, capacity 7065K, committed 7168K, reserved 1048576K
}
{Heap before GC invocations=35 (full 0):
 PSYoungGen      total 115200K, used 102560K [0x00000000f8300000, 0x0000000100000000, 0x0000000100000000)
  eden space 101376K, 100% used [0x00000000f8300000,0x00000000fe600000,0x00000000fe600000)
  from space 13824K, 8% used [0x00000000ff280000,0x00000000ff3a8000,0x0000000100000000)
  to   space 12800K, 0% used [0x00000000fe600000,0x00000000fe600000,0x00000000ff280000)
 ParOldGen       total 134144K, used 46999K [0x00000000f0000000, 0x00000000f8300000, 0x00000000f8300000)
  object space 134144K, 35% used [0x00000000f0000000,0x00000000f2de5c98,0x00000000f8300000)
 Metaspace       used 53006K, capacity 56358K, committed 56576K, reserved 1099776K
  class space    used 6486K, capacity 7065K, committed 7168K, reserved 1048576K
2023-10-03T08:07:31.316+0800: 177.114: [GC (Allocation Failure) [PSYoungGen: 102560K->1248K(114176K)] 149559K->48327K(248320K), 0.0082320 secs] [Times: user=0.04 sys=0.00, real=0.01 secs] 
Heap after GC invocations=35 (full 0):
 PSYoungGen      total 114176K, used 1248K [0x00000000f8300000, 0x0000000100000000, 0x0000000100000000)
  eden space 101376K, 0% used [0x00000000f8300000,0x00000000f8300000,0x00000000fe600000)
  from space 12800K, 9% used [0x00000000fe600000,0x00000000fe738000,0x00000000ff280000)
  to   space 12288K, 0% used [0x00000000ff400000,0x00000000ff400000,0x0000000100000000)
 ParOldGen       total 134144K, used 47079K [0x00000000f0000000, 0x00000000f8300000, 0x00000000f8300000)
  object space 134144K, 35% used [0x00000000f0000000,0x00000000f2df9c98,0x00000000f8300000)
 Metaspace       used 53006K, capacity 56358K, committed 56576K, reserved 1099776K
  class space    used 6486K, capacity 7065K, committed 7168K, reserved 1048576K
}
{Heap before GC invocations=36 (full 0):
 PSYoungGen      total 114176K, used 102624K [0x00000000f8300000, 0x0000000100000000, 0x0000000100000000)
  eden space 101376K, 100% used [0x00000000f8300000,0x00000000fe600000,0x00000000fe600000)
  from space 12800K, 9% used [0x00000000fe600000,0x00000000fe738000,0x00000000ff280000)
  to   space 12288K, 0% used [0x00000000ff400000,0x00000000ff400000,0x0000000100000000)
 ParOldGen       total 134144K, used 47079K [0x00000000f0000000, 0x00000000f8300000, 0x00000000f8300000)
  object space 134144K, 35% used [0x00000000f0000000,0x00000000f2df9c98,0x00000000f8300000)
 Metaspace       used 53006K, capacity 56358K, committed 56576K, reserved 1099776K
  class space    used 6486K, capacity 7065K, committed 7168K, reserved 1048576K
2023-10-03T08:07:34.708+0800: 180.506: [GC (Allocation Failure) [PSYoungGen: 102624K->1184K(116736K)] 149703K->48327K(250880K), 0.0084683 secs] [Times: user=0.06 sys=0.00, real=0.01 secs] 
Heap after GC invocations=36 (full 0):
 PSYoungGen      total 116736K, used 1184K [0x00000000f8300000, 0x0000000100000000, 0x0000000100000000)
  eden space 104448K, 0% used [0x00000000f8300000,0x00000000f8300000,0x00000000fe900000)
  from space 12288K, 9% used [0x00000000ff400000,0x00000000ff528000,0x0000000100000000)
  to   space 11264K, 0% used [0x00000000fe900000,0x00000000fe900000,0x00000000ff400000)
 ParOldGen       total 134144K, used 47143K [0x00000000f0000000, 0x00000000f8300000, 0x00000000f8300000)
  object space 134144K, 35% used [0x00000000f0000000,0x00000000f2e09c98,0x00000000f8300000)
 Metaspace       used 53006K, capacity 56358K, committed 56576K, reserved 1099776K
  class space    used 6486K, capacity 7065K, committed 7168K, reserved 1048576K
}
{Heap before GC invocations=37 (full 0):
 PSYoungGen      total 116736K, used 105632K [0x00000000f8300000, 0x0000000100000000, 0x0000000100000000)
  eden space 104448K, 100% used [0x00000000f8300000,0x00000000fe900000,0x00000000fe900000)
  from space 12288K, 9% used [0x00000000ff400000,0x00000000ff528000,0x0000000100000000)
  to   space 11264K, 0% used [0x00000000fe900000,0x00000000fe900000,0x00000000ff400000)
 ParOldGen       total 134144K, used 47143K [0x00000000f0000000, 0x00000000f8300000, 0x00000000f8300000)
  object space 134144K, 35% used [0x00000000f0000000,0x00000000f2e09c98,0x00000000f8300000)
 Metaspace       used 53010K, capacity 56358K, committed 56576K, reserved 1099776K
  class space    used 6486K, capacity 7065K, committed 7168K, reserved 1048576K
2023-10-03T08:07:38.235+0800: 184.033: [GC (Allocation Failure) [PSYoungGen: 105632K->1184K(115712K)] 152775K->48399K(249856K), 0.0078959 secs] [Times: user=0.05 sys=0.00, real=0.01 secs] 
Heap after GC invocations=37 (full 0):
 PSYoungGen      total 115712K, used 1184K [0x00000000f8300000, 0x0000000100000000, 0x0000000100000000)
  eden space 104448K, 0% used [0x00000000f8300000,0x00000000f8300000,0x00000000fe900000)
  from space 11264K, 10% used [0x00000000fe900000,0x00000000fea28000,0x00000000ff400000)
  to   space 10752K, 0% used [0x00000000ff580000,0x00000000ff580000,0x0000000100000000)
 ParOldGen       total 134144K, used 47215K [0x00000000f0000000, 0x00000000f8300000, 0x00000000f8300000)
  object space 134144K, 35% used [0x00000000f0000000,0x00000000f2e1bc98,0x00000000f8300000)
 Metaspace       used 53010K, capacity 56358K, committed 56576K, reserved 1099776K
  class space    used 6486K, capacity 7065K, committed 7168K, reserved 1048576K
}
{Heap before GC invocations=38 (full 0):
 PSYoungGen      total 115712K, used 105632K [0x00000000f8300000, 0x0000000100000000, 0x0000000100000000)
  eden space 104448K, 100% used [0x00000000f8300000,0x00000000fe900000,0x00000000fe900000)
  from space 11264K, 10% used [0x00000000fe900000,0x00000000fea28000,0x00000000ff400000)
  to   space 10752K, 0% used [0x00000000ff580000,0x00000000ff580000,0x0000000100000000)
 ParOldGen       total 134144K, used 47215K [0x00000000f0000000, 0x00000000f8300000, 0x00000000f8300000)
  object space 134144K, 35% used [0x00000000f0000000,0x00000000f2e1bc98,0x00000000f8300000)
 Metaspace       used 53010K, capacity 56358K, committed 56576K, reserved 1099776K
  class space    used 6486K, capacity 7065K, committed 7168K, reserved 1048576K
2023-10-03T08:07:41.743+0800: 187.541: [GC (Allocation Failure) [PSYoungGen: 105632K->1248K(117760K)] 152847K->48519K(251904K), 0.0082038 secs] [Times: user=0.05 sys=0.01, real=0.01 secs] 
Heap after GC invocations=38 (full 0):
 PSYoungGen      total 117760K, used 1248K [0x00000000f8300000, 0x0000000100000000, 0x0000000100000000)
  eden space 107008K, 0% used [0x00000000f8300000,0x00000000f8300000,0x00000000feb80000)
  from space 10752K, 11% used [0x00000000ff580000,0x00000000ff6b8000,0x0000000100000000)
  to   space 10240K, 0% used [0x00000000feb80000,0x00000000feb80000,0x00000000ff580000)
 ParOldGen       total 134144K, used 47271K [0x00000000f0000000, 0x00000000f8300000, 0x00000000f8300000)
  object space 134144K, 35% used [0x00000000f0000000,0x00000000f2e29c98,0x00000000f8300000)
 Metaspace       used 53010K, capacity 56358K, committed 56576K, reserved 1099776K
  class space    used 6486K, capacity 7065K, committed 7168K, reserved 1048576K
}
{Heap before GC invocations=39 (full 0):
 PSYoungGen      total 117760K, used 108256K [0x00000000f8300000, 0x0000000100000000, 0x0000000100000000)
  eden space 107008K, 100% used [0x00000000f8300000,0x00000000feb80000,0x00000000feb80000)
  from space 10752K, 11% used [0x00000000ff580000,0x00000000ff6b8000,0x0000000100000000)
  to   space 10240K, 0% used [0x00000000feb80000,0x00000000feb80000,0x00000000ff580000)
 ParOldGen       total 134144K, used 47271K [0x00000000f0000000, 0x00000000f8300000, 0x00000000f8300000)
  object space 134144K, 35% used [0x00000000f0000000,0x00000000f2e29c98,0x00000000f8300000)
 Metaspace       used 53136K, capacity 56530K, committed 56832K, reserved 1099776K
  class space    used 6490K, capacity 7071K, committed 7168K, reserved 1048576K
2023-10-03T08:13:11.370+0800: 517.168: [GC (Allocation Failure) [PSYoungGen: 108256K->3296K(117248K)] 155527K->50615K(251392K), 0.0079415 secs] [Times: user=0.05 sys=0.00, real=0.00 secs] 
Heap after GC invocations=39 (full 0):
 PSYoungGen      total 117248K, used 3296K [0x00000000f8300000, 0x0000000100000000, 0x0000000100000000)
  eden space 107008K, 0% used [0x00000000f8300000,0x00000000f8300000,0x00000000feb80000)
  from space 10240K, 32% used [0x00000000feb80000,0x00000000feeb8000,0x00000000ff580000)
  to   space 9728K, 0% used [0x00000000ff680000,0x00000000ff680000,0x0000000100000000)
 ParOldGen       total 134144K, used 47319K [0x00000000f0000000, 0x00000000f8300000, 0x00000000f8300000)
  object space 134144K, 35% used [0x00000000f0000000,0x00000000f2e35c98,0x00000000f8300000)
 Metaspace       used 53136K, capacity 56530K, committed 56832K, reserved 1099776K
  class space    used 6490K, capacity 7071K, committed 7168K, reserved 1048576K
}
{Heap before GC invocations=40 (full 0):
 PSYoungGen      total 117248K, used 110304K [0x00000000f8300000, 0x0000000100000000, 0x0000000100000000)
  eden space 107008K, 100% used [0x00000000f8300000,0x00000000feb80000,0x00000000feb80000)
  from space 10240K, 32% used [0x00000000feb80000,0x00000000feeb8000,0x00000000ff580000)
  to   space 9728K, 0% used [0x00000000ff680000,0x00000000ff680000,0x0000000100000000)
 ParOldGen       total 134144K, used 47319K [0x00000000f0000000, 0x00000000f8300000, 0x00000000f8300000)
  object space 134144K, 35% used [0x00000000f0000000,0x00000000f2e35c98,0x00000000f8300000)
 Metaspace       used 53145K, capacity 56530K, committed 56832K, reserved 1099776K
  class space    used 6490K, capacity 7071K, committed 7168K, reserved 1048576K
2023-10-03T08:13:18.534+0800: 524.332: [GC (Allocation Failure) [PSYoungGen: 110304K->768K(118784K)] 157623K->50489K(252928K), 0.0062151 secs] [Times: user=0.01 sys=0.04, real=0.01 secs] 
Heap after GC invocations=40 (full 0):
 PSYoungGen      total 118784K, used 768K [0x00000000f8300000, 0x0000000100000000, 0x0000000100000000)
  eden space 109056K, 0% used [0x00000000f8300000,0x00000000f8300000,0x00000000fed80000)
  from space 9728K, 7% used [0x00000000ff680000,0x00000000ff740000,0x0000000100000000)
  to   space 9216K, 0% used [0x00000000fed80000,0x00000000fed80000,0x00000000ff680000)
 ParOldGen       total 134144K, used 49721K [0x00000000f0000000, 0x00000000f8300000, 0x00000000f8300000)
  object space 134144K, 37% used [0x00000000f0000000,0x00000000f308e7f8,0x00000000f8300000)
 Metaspace       used 53145K, capacity 56530K, committed 56832K, reserved 1099776K
  class space    used 6490K, capacity 7071K, committed 7168K, reserved 1048576K
}
{Heap before GC invocations=41 (full 0):
 PSYoungGen      total 118784K, used 109824K [0x00000000f8300000, 0x0000000100000000, 0x0000000100000000)
  eden space 109056K, 100% used [0x00000000f8300000,0x00000000fed80000,0x00000000fed80000)
  from space 9728K, 7% used [0x00000000ff680000,0x00000000ff740000,0x0000000100000000)
  to   space 9216K, 0% used [0x00000000fed80000,0x00000000fed80000,0x00000000ff680000)
 ParOldGen       total 134144K, used 49721K [0x00000000f0000000, 0x00000000f8300000, 0x00000000f8300000)
  object space 134144K, 37% used [0x00000000f0000000,0x00000000f308e7f8,0x00000000f8300000)
 Metaspace       used 53146K, capacity 56530K, committed 56832K, reserved 1099776K
  class space    used 6490K, capacity 7071K, committed 7168K, reserved 1048576K
2023-10-03T08:13:25.936+0800: 531.734: [GC (Allocation Failure) [PSYoungGen: 109824K->640K(118272K)] 159545K->50449K(252416K), 0.0070708 secs] [Times: user=0.04 sys=0.00, real=0.01 secs] 
Heap after GC invocations=41 (full 0):
 PSYoungGen      total 118272K, used 640K [0x00000000f8300000, 0x0000000100000000, 0x0000000100000000)
  eden space 109056K, 0% used [0x00000000f8300000,0x00000000f8300000,0x00000000fed80000)
  from space 9216K, 6% used [0x00000000fed80000,0x00000000fee20000,0x00000000ff680000)
  to   space 8704K, 0% used [0x00000000ff780000,0x00000000ff780000,0x0000000100000000)
 ParOldGen       total 134144K, used 49809K [0x00000000f0000000, 0x00000000f8300000, 0x00000000f8300000)
  object space 134144K, 37% used [0x00000000f0000000,0x00000000f30a4698,0x00000000f8300000)
 Metaspace       used 53146K, capacity 56530K, committed 56832K, reserved 1099776K
  class space    used 6490K, capacity 7071K, committed 7168K, reserved 1048576K
}
{Heap before GC invocations=42 (full 0):
 PSYoungGen      total 118272K, used 109696K [0x00000000f8300000, 0x0000000100000000, 0x0000000100000000)
  eden space 109056K, 100% used [0x00000000f8300000,0x00000000fed80000,0x00000000fed80000)
  from space 9216K, 6% used [0x00000000fed80000,0x00000000fee20000,0x00000000ff680000)
  to   space 8704K, 0% used [0x00000000ff780000,0x00000000ff780000,0x0000000100000000)
 ParOldGen       total 134144K, used 49809K [0x00000000f0000000, 0x00000000f8300000, 0x00000000f8300000)
  object space 134144K, 37% used [0x00000000f0000000,0x00000000f30a4698,0x00000000f8300000)
 Metaspace       used 53146K, capacity 56530K, committed 56832K, reserved 1099776K
  class space    used 6490K, capacity 7071K, committed 7168K, reserved 1048576K
2023-10-03T08:13:33.201+0800: 538.999: [GC (Allocation Failure) [PSYoungGen: 109696K->704K(119808K)] 159505K->50585K(253952K), 0.0044050 secs] [Times: user=0.03 sys=0.00, real=0.00 secs] 
Heap after GC invocations=42 (full 0):
 PSYoungGen      total 119808K, used 704K [0x00000000f8300000, 0x0000000100000000, 0x0000000100000000)
  eden space 111104K, 0% used [0x00000000f8300000,0x00000000f8300000,0x00000000fef80000)
  from space 8704K, 8% used [0x00000000ff780000,0x00000000ff830000,0x0000000100000000)
  to   space 8192K, 0% used [0x00000000fef80000,0x00000000fef80000,0x00000000ff780000)
 ParOldGen       total 134144K, used 49881K [0x00000000f0000000, 0x00000000f8300000, 0x00000000f8300000)
  object space 134144K, 37% used [0x00000000f0000000,0x00000000f30b6698,0x00000000f8300000)
 Metaspace       used 53146K, capacity 56530K, committed 56832K, reserved 1099776K
  class space    used 6490K, capacity 7071K, committed 7168K, reserved 1048576K
}
{Heap before GC invocations=43 (full 0):
 PSYoungGen      total 119808K, used 111808K [0x00000000f8300000, 0x0000000100000000, 0x0000000100000000)
  eden space 111104K, 100% used [0x00000000f8300000,0x00000000fef80000,0x00000000fef80000)
  from space 8704K, 8% used [0x00000000ff780000,0x00000000ff830000,0x0000000100000000)
  to   space 8192K, 0% used [0x00000000fef80000,0x00000000fef80000,0x00000000ff780000)
 ParOldGen       total 134144K, used 49881K [0x00000000f0000000, 0x00000000f8300000, 0x00000000f8300000)
  object space 134144K, 37% used [0x00000000f0000000,0x00000000f30b6698,0x00000000f8300000)
 Metaspace       used 53146K, capacity 56530K, committed 56832K, reserved 1099776K
  class space    used 6490K, capacity 7071K, committed 7168K, reserved 1048576K
2023-10-03T08:13:40.741+0800: 546.539: [GC (Allocation Failure) [PSYoungGen: 111808K->672K(119296K)] 161689K->50625K(253440K), 0.0070172 secs] [Times: user=0.04 sys=0.00, real=0.00 secs] 
Heap after GC invocations=43 (full 0):
 PSYoungGen      total 119296K, used 672K [0x00000000f8300000, 0x0000000100000000, 0x0000000100000000)
  eden space 111104K, 0% used [0x00000000f8300000,0x00000000f8300000,0x00000000fef80000)
  from space 8192K, 8% used [0x00000000fef80000,0x00000000ff028000,0x00000000ff780000)
  to   space 8192K, 0% used [0x00000000ff800000,0x00000000ff800000,0x0000000100000000)
 ParOldGen       total 134144K, used 49953K [0x00000000f0000000, 0x00000000f8300000, 0x00000000f8300000)
  object space 134144K, 37% used [0x00000000f0000000,0x00000000f30c8698,0x00000000f8300000)
 Metaspace       used 53146K, capacity 56530K, committed 56832K, reserved 1099776K
  class space    used 6490K, capacity 7071K, committed 7168K, reserved 1048576K
}
{Heap before GC invocations=44 (full 0):
 PSYoungGen      total 119296K, used 111776K [0x00000000f8300000, 0x0000000100000000, 0x0000000100000000)
  eden space 111104K, 100% used [0x00000000f8300000,0x00000000fef80000,0x00000000fef80000)
  from space 8192K, 8% used [0x00000000fef80000,0x00000000ff028000,0x00000000ff780000)
  to   space 8192K, 0% used [0x00000000ff800000,0x00000000ff800000,0x0000000100000000)
 ParOldGen       total 134144K, used 49953K [0x00000000f0000000, 0x00000000f8300000, 0x00000000f8300000)
  object space 134144K, 37% used [0x00000000f0000000,0x00000000f30c8698,0x00000000f8300000)
 Metaspace       used 53148K, capacity 56530K, committed 56832K, reserved 1099776K
  class space    used 6490K, capacity 7071K, committed 7168K, reserved 1048576K
2023-10-03T08:13:48.180+0800: 553.978: [GC (Allocation Failure) [PSYoungGen: 111776K->640K(120320K)] 161729K->50657K(254464K), 0.0067086 secs] [Times: user=0.04 sys=0.00, real=0.00 secs] 
Heap after GC invocations=44 (full 0):
 PSYoungGen      total 120320K, used 640K [0x00000000f8300000, 0x0000000100000000, 0x0000000100000000)
  eden space 112128K, 0% used [0x00000000f8300000,0x00000000f8300000,0x00000000ff080000)
  from space 8192K, 7% used [0x00000000ff800000,0x00000000ff8a0000,0x0000000100000000)
  to   space 7680K, 0% used [0x00000000ff080000,0x00000000ff080000,0x00000000ff800000)
 ParOldGen       total 134144K, used 50017K [0x00000000f0000000, 0x00000000f8300000, 0x00000000f8300000)
  object space 134144K, 37% used [0x00000000f0000000,0x00000000f30d8698,0x00000000f8300000)
 Metaspace       used 53148K, capacity 56530K, committed 56832K, reserved 1099776K
  class space    used 6490K, capacity 7071K, committed 7168K, reserved 1048576K
}
{Heap before GC invocations=45 (full 0):
 PSYoungGen      total 120320K, used 112768K [0x00000000f8300000, 0x0000000100000000, 0x0000000100000000)
  eden space 112128K, 100% used [0x00000000f8300000,0x00000000ff080000,0x00000000ff080000)
  from space 8192K, 7% used [0x00000000ff800000,0x00000000ff8a0000,0x0000000100000000)
  to   space 7680K, 0% used [0x00000000ff080000,0x00000000ff080000,0x00000000ff800000)
 ParOldGen       total 134144K, used 50017K [0x00000000f0000000, 0x00000000f8300000, 0x00000000f8300000)
  object space 134144K, 37% used [0x00000000f0000000,0x00000000f30d8698,0x00000000f8300000)
 Metaspace       used 53164K, capacity 56530K, committed 56832K, reserved 1099776K
  class space    used 6490K, capacity 7071K, committed 7168K, reserved 1048576K
2023-10-03T08:14:36.288+0800: 602.086: [GC (Allocation Failure) [PSYoungGen: 112768K->896K(119808K)] 162785K->50993K(253952K), 0.0068403 secs] [Times: user=0.03 sys=0.00, real=0.01 secs] 
Heap after GC invocations=45 (full 0):
 PSYoungGen      total 119808K, used 896K [0x00000000f8300000, 0x0000000100000000, 0x0000000100000000)
  eden space 112128K, 0% used [0x00000000f8300000,0x00000000f8300000,0x00000000ff080000)
  from space 7680K, 11% used [0x00000000ff080000,0x00000000ff160000,0x00000000ff800000)
  to   space 7168K, 0% used [0x00000000ff900000,0x00000000ff900000,0x0000000100000000)
 ParOldGen       total 134144K, used 50097K [0x00000000f0000000, 0x00000000f8300000, 0x00000000f8300000)
  object space 134144K, 37% used [0x00000000f0000000,0x00000000f30ec698,0x00000000f8300000)
 Metaspace       used 53164K, capacity 56530K, committed 56832K, reserved 1099776K
  class space    used 6490K, capacity 7071K, committed 7168K, reserved 1048576K
}
{Heap before GC invocations=46 (full 0):
 PSYoungGen      total 119808K, used 113024K [0x00000000f8300000, 0x0000000100000000, 0x0000000100000000)
  eden space 112128K, 100% used [0x00000000f8300000,0x00000000ff080000,0x00000000ff080000)
  from space 7680K, 11% used [0x00000000ff080000,0x00000000ff160000,0x00000000ff800000)
  to   space 7168K, 0% used [0x00000000ff900000,0x00000000ff900000,0x0000000100000000)
 ParOldGen       total 134144K, used 50097K [0x00000000f0000000, 0x00000000f8300000, 0x00000000f8300000)
  object space 134144K, 37% used [0x00000000f0000000,0x00000000f30ec698,0x00000000f8300000)
 Metaspace       used 53165K, capacity 56530K, committed 56832K, reserved 1099776K
  class space    used 6490K, capacity 7071K, committed 7168K, reserved 1048576K
2023-10-03T08:14:43.781+0800: 609.579: [GC (Allocation Failure) [PSYoungGen: 113024K->672K(121344K)] 163121K->50929K(255488K), 0.0071542 secs] [Times: user=0.04 sys=0.00, real=0.00 secs] 
Heap after GC invocations=46 (full 0):
 PSYoungGen      total 121344K, used 672K [0x00000000f8300000, 0x0000000100000000, 0x0000000100000000)
  eden space 114176K, 0% used [0x00000000f8300000,0x00000000f8300000,0x00000000ff280000)
  from space 7168K, 9% used [0x00000000ff900000,0x00000000ff9a8000,0x0000000100000000)
  to   space 6656K, 0% used [0x00000000ff280000,0x00000000ff280000,0x00000000ff900000)
 ParOldGen       total 134144K, used 50257K [0x00000000f0000000, 0x00000000f8300000, 0x00000000f8300000)
  object space 134144K, 37% used [0x00000000f0000000,0x00000000f3114698,0x00000000f8300000)
 Metaspace       used 53165K, capacity 56530K, committed 56832K, reserved 1099776K
  class space    used 6490K, capacity 7071K, committed 7168K, reserved 1048576K
}
{Heap before GC invocations=47 (full 0):
 PSYoungGen      total 121344K, used 114848K [0x00000000f8300000, 0x0000000100000000, 0x0000000100000000)
  eden space 114176K, 100% used [0x00000000f8300000,0x00000000ff280000,0x00000000ff280000)
  from space 7168K, 9% used [0x00000000ff900000,0x00000000ff9a8000,0x0000000100000000)
  to   space 6656K, 0% used [0x00000000ff280000,0x00000000ff280000,0x00000000ff900000)
 ParOldGen       total 134144K, used 50257K [0x00000000f0000000, 0x00000000f8300000, 0x00000000f8300000)
  object space 134144K, 37% used [0x00000000f0000000,0x00000000f3114698,0x00000000f8300000)
 Metaspace       used 53167K, capacity 56530K, committed 56832K, reserved 1099776K
  class space    used 6490K, capacity 7071K, committed 7168K, reserved 1048576K
2023-10-03T08:14:51.495+0800: 617.293: [GC (Allocation Failure) [PSYoungGen: 114848K->672K(120832K)] 165105K->50977K(254976K), 0.0071496 secs] [Times: user=0.03 sys=0.01, real=0.01 secs] 
Heap after GC invocations=47 (full 0):
 PSYoungGen      total 120832K, used 672K [0x00000000f8300000, 0x0000000100000000, 0x0000000100000000)
  eden space 114176K, 0% used [0x00000000f8300000,0x00000000f8300000,0x00000000ff280000)
  from space 6656K, 10% used [0x00000000ff280000,0x00000000ff328000,0x00000000ff900000)
  to   space 6144K, 0% used [0x00000000ffa00000,0x00000000ffa00000,0x0000000100000000)
 ParOldGen       total 134144K, used 50305K [0x00000000f0000000, 0x00000000f8300000, 0x00000000f8300000)
  object space 134144K, 37% used [0x00000000f0000000,0x00000000f3120698,0x00000000f8300000)
 Metaspace       used 53167K, capacity 56530K, committed 56832K, reserved 1099776K
  class space    used 6490K, capacity 7071K, committed 7168K, reserved 1048576K
}
{Heap before GC invocations=48 (full 0):
 PSYoungGen      total 120832K, used 114848K [0x00000000f8300000, 0x0000000100000000, 0x0000000100000000)
  eden space 114176K, 100% used [0x00000000f8300000,0x00000000ff280000,0x00000000ff280000)
  from space 6656K, 10% used [0x00000000ff280000,0x00000000ff328000,0x00000000ff900000)
  to   space 6144K, 0% used [0x00000000ffa00000,0x00000000ffa00000,0x0000000100000000)
 ParOldGen       total 134144K, used 50305K [0x00000000f0000000, 0x00000000f8300000, 0x00000000f8300000)
  object space 134144K, 37% used [0x00000000f0000000,0x00000000f3120698,0x00000000f8300000)
 Metaspace       used 53173K, capacity 56530K, committed 56832K, reserved 1099776K
  class space    used 6490K, capacity 7071K, committed 7168K, reserved 1048576K
2023-10-03T08:14:59.147+0800: 624.945: [GC (Allocation Failure) [PSYoungGen: 114848K->672K(121856K)] 165153K->51049K(256000K), 0.0069573 secs] [Times: user=0.04 sys=0.00, real=0.01 secs] 
Heap after GC invocations=48 (full 0):
 PSYoungGen      total 121856K, used 672K [0x00000000f8300000, 0x0000000100000000, 0x0000000100000000)
  eden space 115712K, 0% used [0x00000000f8300000,0x00000000f8300000,0x00000000ff400000)
  from space 6144K, 10% used [0x00000000ffa00000,0x00000000ffaa8000,0x0000000100000000)
  to   space 6144K, 0% used [0x00000000ff400000,0x00000000ff400000,0x00000000ffa00000)
 ParOldGen       total 134144K, used 50377K [0x00000000f0000000, 0x00000000f8300000, 0x00000000f8300000)
  object space 134144K, 37% used [0x00000000f0000000,0x00000000f3132698,0x00000000f8300000)
 Metaspace       used 53173K, capacity 56530K, committed 56832K, reserved 1099776K
  class space    used 6490K, capacity 7071K, committed 7168K, reserved 1048576K
}
{Heap before GC invocations=49 (full 0):
 PSYoungGen      total 121856K, used 116384K [0x00000000f8300000, 0x0000000100000000, 0x0000000100000000)
  eden space 115712K, 100% used [0x00000000f8300000,0x00000000ff400000,0x00000000ff400000)
  from space 6144K, 10% used [0x00000000ffa00000,0x00000000ffaa8000,0x0000000100000000)
  to   space 6144K, 0% used [0x00000000ff400000,0x00000000ff400000,0x00000000ffa00000)
 ParOldGen       total 134144K, used 50377K [0x00000000f0000000, 0x00000000f8300000, 0x00000000f8300000)
  object space 134144K, 37% used [0x00000000f0000000,0x00000000f3132698,0x00000000f8300000)
 Metaspace       used 53174K, capacity 56530K, committed 56832K, reserved 1099776K
  class space    used 6490K, capacity 7071K, committed 7168K, reserved 1048576K
2023-10-03T08:15:06.908+0800: 632.706: [GC (Allocation Failure) [PSYoungGen: 116384K->704K(121856K)] 166761K->51145K(256000K), 0.0070221 secs] [Times: user=0.03 sys=0.00, real=0.01 secs] 
Heap after GC invocations=49 (full 0):
 PSYoungGen      total 121856K, used 704K [0x00000000f8300000, 0x0000000100000000, 0x0000000100000000)
  eden space 115712K, 0% used [0x00000000f8300000,0x00000000f8300000,0x00000000ff400000)
  from space 6144K, 11% used [0x00000000ff400000,0x00000000ff4b0000,0x00000000ffa00000)
  to   space 5632K, 0% used [0x00000000ffa80000,0x00000000ffa80000,0x0000000100000000)
 ParOldGen       total 134144K, used 50441K [0x00000000f0000000, 0x00000000f8300000, 0x00000000f8300000)
  object space 134144K, 37% used [0x00000000f0000000,0x00000000f3142698,0x00000000f8300000)
 Metaspace       used 53174K, capacity 56530K, committed 56832K, reserved 1099776K
  class space    used 6490K, capacity 7071K, committed 7168K, reserved 1048576K
}
{Heap before GC invocations=50 (full 0):
 PSYoungGen      total 121856K, used 116416K [0x00000000f8300000, 0x0000000100000000, 0x0000000100000000)
  eden space 115712K, 100% used [0x00000000f8300000,0x00000000ff400000,0x00000000ff400000)
  from space 6144K, 11% used [0x00000000ff400000,0x00000000ff4b0000,0x00000000ffa00000)
  to   space 5632K, 0% used [0x00000000ffa80000,0x00000000ffa80000,0x0000000100000000)
 ParOldGen       total 134144K, used 50441K [0x00000000f0000000, 0x00000000f8300000, 0x00000000f8300000)
  object space 134144K, 37% used [0x00000000f0000000,0x00000000f3142698,0x00000000f8300000)
 Metaspace       used 53179K, capacity 56530K, committed 56832K, reserved 1099776K
  class space    used 6490K, capacity 7071K, committed 7168K, reserved 1048576K
2023-10-03T08:15:14.658+0800: 640.456: [GC (Allocation Failure) [PSYoungGen: 116416K->672K(122880K)] 166857K->51161K(257024K), 0.0070168 secs] [Times: user=0.04 sys=0.00, real=0.01 secs] 
Heap after GC invocations=50 (full 0):
 PSYoungGen      total 122880K, used 672K [0x00000000f8300000, 0x0000000100000000, 0x0000000100000000)
  eden space 117248K, 0% used [0x00000000f8300000,0x00000000f8300000,0x00000000ff580000)
  from space 5632K, 11% used [0x00000000ffa80000,0x00000000ffb28000,0x0000000100000000)
  to   space 5120K, 0% used [0x00000000ff580000,0x00000000ff580000,0x00000000ffa80000)
 ParOldGen       total 134144K, used 50489K [0x00000000f0000000, 0x00000000f8300000, 0x00000000f8300000)
  object space 134144K, 37% used [0x00000000f0000000,0x00000000f314e698,0x00000000f8300000)
 Metaspace       used 53179K, capacity 56530K, committed 56832K, reserved 1099776K
  class space    used 6490K, capacity 7071K, committed 7168K, reserved 1048576K
}
{Heap before GC invocations=51 (full 0):
 PSYoungGen      total 122880K, used 117920K [0x00000000f8300000, 0x0000000100000000, 0x0000000100000000)
  eden space 117248K, 100% used [0x00000000f8300000,0x00000000ff580000,0x00000000ff580000)
  from space 5632K, 11% used [0x00000000ffa80000,0x00000000ffb28000,0x0000000100000000)
  to   space 5120K, 0% used [0x00000000ff580000,0x00000000ff580000,0x00000000ffa80000)
 ParOldGen       total 134144K, used 50489K [0x00000000f0000000, 0x00000000f8300000, 0x00000000f8300000)
  object space 134144K, 37% used [0x00000000f0000000,0x00000000f314e698,0x00000000f8300000)
 Metaspace       used 53181K, capacity 56530K, committed 56832K, reserved 1099776K
  class space    used 6490K, capacity 7071K, committed 7168K, reserved 1048576K
2023-10-03T08:15:22.518+0800: 648.316: [GC (Allocation Failure) [PSYoungGen: 117920K->672K(122368K)] 168409K->51217K(256512K), 0.0067934 secs] [Times: user=0.04 sys=0.00, real=0.01 secs] 
Heap after GC invocations=51 (full 0):
 PSYoungGen      total 122368K, used 672K [0x00000000f8300000, 0x0000000100000000, 0x0000000100000000)
  eden space 117248K, 0% used [0x00000000f8300000,0x00000000f8300000,0x00000000ff580000)
  from space 5120K, 13% used [0x00000000ff580000,0x00000000ff628000,0x00000000ffa80000)
  to   space 5120K, 0% used [0x00000000ffb00000,0x00000000ffb00000,0x0000000100000000)
 ParOldGen       total 134144K, used 50545K [0x00000000f0000000, 0x00000000f8300000, 0x00000000f8300000)
  object space 134144K, 37% used [0x00000000f0000000,0x00000000f315c698,0x00000000f8300000)
 Metaspace       used 53181K, capacity 56530K, committed 56832K, reserved 1099776K
  class space    used 6490K, capacity 7071K, committed 7168K, reserved 1048576K
}
{Heap before GC invocations=52 (full 0):
 PSYoungGen      total 122368K, used 117920K [0x00000000f8300000, 0x0000000100000000, 0x0000000100000000)
  eden space 117248K, 100% used [0x00000000f8300000,0x00000000ff580000,0x00000000ff580000)
  from space 5120K, 13% used [0x00000000ff580000,0x00000000ff628000,0x00000000ffa80000)
  to   space 5120K, 0% used [0x00000000ffb00000,0x00000000ffb00000,0x0000000100000000)
 ParOldGen       total 134144K, used 50545K [0x00000000f0000000, 0x00000000f8300000, 0x00000000f8300000)
  object space 134144K, 37% used [0x00000000f0000000,0x00000000f315c698,0x00000000f8300000)
 Metaspace       used 53182K, capacity 56530K, committed 56832K, reserved 1099776K
  class space    used 6490K, capacity 7071K, committed 7168K, reserved 1048576K
2023-10-03T08:15:30.426+0800: 656.224: [GC (Allocation Failure) [PSYoungGen: 117920K->832K(123392K)] 168465K->51417K(257536K), 0.0072860 secs] [Times: user=0.04 sys=0.00, real=0.01 secs] 
Heap after GC invocations=52 (full 0):
 PSYoungGen      total 123392K, used 832K [0x00000000f8300000, 0x0000000100000000, 0x0000000100000000)
  eden space 118272K, 0% used [0x00000000f8300000,0x00000000f8300000,0x00000000ff680000)
  from space 5120K, 16% used [0x00000000ffb00000,0x00000000ffbd0000,0x0000000100000000)
  to   space 4608K, 0% used [0x00000000ff680000,0x00000000ff680000,0x00000000ffb00000)
 ParOldGen       total 134144K, used 50585K [0x00000000f0000000, 0x00000000f8300000, 0x00000000f8300000)
  object space 134144K, 37% used [0x00000000f0000000,0x00000000f3166698,0x00000000f8300000)
 Metaspace       used 53182K, capacity 56530K, committed 56832K, reserved 1099776K
  class space    used 6490K, capacity 7071K, committed 7168K, reserved 1048576K
}
{Heap before GC invocations=53 (full 0):
 PSYoungGen      total 123392K, used 119104K [0x00000000f8300000, 0x0000000100000000, 0x0000000100000000)
  eden space 118272K, 100% used [0x00000000f8300000,0x00000000ff680000,0x00000000ff680000)
  from space 5120K, 16% used [0x00000000ffb00000,0x00000000ffbd0000,0x0000000100000000)
  to   space 4608K, 0% used [0x00000000ff680000,0x00000000ff680000,0x00000000ffb00000)
 ParOldGen       total 134144K, used 50585K [0x00000000f0000000, 0x00000000f8300000, 0x00000000f8300000)
  object space 134144K, 37% used [0x00000000f0000000,0x00000000f3166698,0x00000000f8300000)
 Metaspace       used 53183K, capacity 56530K, committed 56832K, reserved 1099776K
  class space    used 6490K, capacity 7071K, committed 7168K, reserved 1048576K
2023-10-03T08:15:38.331+0800: 664.129: [GC (Allocation Failure) [PSYoungGen: 119104K->704K(122880K)] 169689K->51433K(257024K), 0.0070789 secs] [Times: user=0.04 sys=0.00, real=0.00 secs] 
Heap after GC invocations=53 (full 0):
 PSYoungGen      total 122880K, used 704K [0x00000000f8300000, 0x0000000100000000, 0x0000000100000000)
  eden space 118272K, 0% used [0x00000000f8300000,0x00000000f8300000,0x00000000ff680000)
  from space 4608K, 15% used [0x00000000ff680000,0x00000000ff730000,0x00000000ffb00000)
  to   space 4608K, 0% used [0x00000000ffb80000,0x00000000ffb80000,0x0000000100000000)
 ParOldGen       total 134144K, used 50729K [0x00000000f0000000, 0x00000000f8300000, 0x00000000f8300000)
  object space 134144K, 37% used [0x00000000f0000000,0x00000000f318a698,0x00000000f8300000)
 Metaspace       used 53183K, capacity 56530K, committed 56832K, reserved 1099776K
  class space    used 6490K, capacity 7071K, committed 7168K, reserved 1048576K
}
{Heap before GC invocations=54 (full 0):
 PSYoungGen      total 122880K, used 118976K [0x00000000f8300000, 0x0000000100000000, 0x0000000100000000)
  eden space 118272K, 100% used [0x00000000f8300000,0x00000000ff680000,0x00000000ff680000)
  from space 4608K, 15% used [0x00000000ff680000,0x00000000ff730000,0x00000000ffb00000)
  to   space 4608K, 0% used [0x00000000ffb80000,0x00000000ffb80000,0x0000000100000000)
 ParOldGen       total 134144K, used 50729K [0x00000000f0000000, 0x00000000f8300000, 0x00000000f8300000)
  object space 134144K, 37% used [0x00000000f0000000,0x00000000f318a698,0x00000000f8300000)
 Metaspace       used 53185K, capacity 56530K, committed 56832K, reserved 1099776K
  class space    used 6490K, capacity 7071K, committed 7168K, reserved 1048576K
2023-10-03T08:15:46.307+0800: 672.105: [GC (Allocation Failure) [PSYoungGen: 118976K->640K(123904K)] 169705K->51401K(258048K), 0.0042723 secs] [Times: user=0.03 sys=0.00, real=0.01 secs] 
Heap after GC invocations=54 (full 0):
 PSYoungGen      total 123904K, used 640K [0x00000000f8300000, 0x0000000100000000, 0x0000000100000000)
  eden space 119296K, 0% used [0x00000000f8300000,0x00000000f8300000,0x00000000ff780000)
  from space 4608K, 13% used [0x00000000ffb80000,0x00000000ffc20000,0x0000000100000000)
  to   space 4096K, 0% used [0x00000000ff780000,0x00000000ff780000,0x00000000ffb80000)
 ParOldGen       total 134144K, used 50761K [0x00000000f0000000, 0x00000000f8300000, 0x00000000f8300000)
  object space 134144K, 37% used [0x00000000f0000000,0x00000000f3192698,0x00000000f8300000)
 Metaspace       used 53185K, capacity 56530K, committed 56832K, reserved 1099776K
  class space    used 6490K, capacity 7071K, committed 7168K, reserved 1048576K
}
{Heap before GC invocations=55 (full 0):
 PSYoungGen      total 123904K, used 119936K [0x00000000f8300000, 0x0000000100000000, 0x0000000100000000)
  eden space 119296K, 100% used [0x00000000f8300000,0x00000000ff780000,0x00000000ff780000)
  from space 4608K, 13% used [0x00000000ffb80000,0x00000000ffc20000,0x0000000100000000)
  to   space 4096K, 0% used [0x00000000ff780000,0x00000000ff780000,0x00000000ffb80000)
 ParOldGen       total 134144K, used 50761K [0x00000000f0000000, 0x00000000f8300000, 0x00000000f8300000)
  object space 134144K, 37% used [0x00000000f0000000,0x00000000f3192698,0x00000000f8300000)
 Metaspace       used 53185K, capacity 56530K, committed 56832K, reserved 1099776K
  class space    used 6490K, capacity 7071K, committed 7168K, reserved 1048576K
2023-10-03T08:15:54.341+0800: 680.139: [GC (Allocation Failure) [PSYoungGen: 119936K->736K(123392K)] 170697K->51545K(257536K), 0.0071072 secs] [Times: user=0.04 sys=0.00, real=0.00 secs] 
Heap after GC invocations=55 (full 0):
 PSYoungGen      total 123392K, used 736K [0x00000000f8300000, 0x0000000100000000, 0x0000000100000000)
  eden space 119296K, 0% used [0x00000000f8300000,0x00000000f8300000,0x00000000ff780000)
  from space 4096K, 17% used [0x00000000ff780000,0x00000000ff838000,0x00000000ffb80000)
  to   space 4096K, 0% used [0x00000000ffc00000,0x00000000ffc00000,0x0000000100000000)
 ParOldGen       total 134144K, used 50809K [0x00000000f0000000, 0x00000000f8300000, 0x00000000f8300000)
  object space 134144K, 37% used [0x00000000f0000000,0x00000000f319e698,0x00000000f8300000)
 Metaspace       used 53185K, capacity 56530K, committed 56832K, reserved 1099776K
  class space    used 6490K, capacity 7071K, committed 7168K, reserved 1048576K
}
{Heap before GC invocations=56 (full 0):
 PSYoungGen      total 123392K, used 120032K [0x00000000f8300000, 0x0000000100000000, 0x0000000100000000)
  eden space 119296K, 100% used [0x00000000f8300000,0x00000000ff780000,0x00000000ff780000)
  from space 4096K, 17% used [0x00000000ff780000,0x00000000ff838000,0x00000000ffb80000)
  to   space 4096K, 0% used [0x00000000ffc00000,0x00000000ffc00000,0x0000000100000000)
 ParOldGen       total 134144K, used 50809K [0x00000000f0000000, 0x00000000f8300000, 0x00000000f8300000)
  object space 134144K, 37% used [0x00000000f0000000,0x00000000f319e698,0x00000000f8300000)
 Metaspace       used 53186K, capacity 56530K, committed 56832K, reserved 1099776K
  class space    used 6490K, capacity 7071K, committed 7168K, reserved 1048576K
2023-10-03T08:16:02.387+0800: 688.185: [GC (Allocation Failure) [PSYoungGen: 120032K->704K(124416K)] 170841K->51553K(258560K), 0.0047210 secs] [Times: user=0.04 sys=0.00, real=0.01 secs] 
Heap after GC invocations=56 (full 0):
 PSYoungGen      total 124416K, used 704K [0x00000000f8300000, 0x0000000100000000, 0x0000000100000000)
  eden space 120320K, 0% used [0x00000000f8300000,0x00000000f8300000,0x00000000ff880000)
  from space 4096K, 17% used [0x00000000ffc00000,0x00000000ffcb0000,0x0000000100000000)
  to   space 3584K, 0% used [0x00000000ff880000,0x00000000ff880000,0x00000000ffc00000)
 ParOldGen       total 134144K, used 50849K [0x00000000f0000000, 0x00000000f8300000, 0x00000000f8300000)
  object space 134144K, 37% used [0x00000000f0000000,0x00000000f31a8698,0x00000000f8300000)
 Metaspace       used 53186K, capacity 56530K, committed 56832K, reserved 1099776K
  class space    used 6490K, capacity 7071K, committed 7168K, reserved 1048576K
}
{Heap before GC invocations=57 (full 0):
 PSYoungGen      total 124416K, used 121024K [0x00000000f8300000, 0x0000000100000000, 0x0000000100000000)
  eden space 120320K, 100% used [0x00000000f8300000,0x00000000ff880000,0x00000000ff880000)
  from space 4096K, 17% used [0x00000000ffc00000,0x00000000ffcb0000,0x0000000100000000)
  to   space 3584K, 0% used [0x00000000ff880000,0x00000000ff880000,0x00000000ffc00000)
 ParOldGen       total 134144K, used 50849K [0x00000000f0000000, 0x00000000f8300000, 0x00000000f8300000)
  object space 134144K, 37% used [0x00000000f0000000,0x00000000f31a8698,0x00000000f8300000)
 Metaspace       used 53186K, capacity 56530K, committed 56832K, reserved 1099776K
  class space    used 6490K, capacity 7071K, committed 7168K, reserved 1048576K
2023-10-03T08:16:10.435+0800: 696.233: [GC (Allocation Failure) [PSYoungGen: 121024K->672K(123904K)] 171873K->51585K(258048K), 0.0068283 secs] [Times: user=0.04 sys=0.00, real=0.01 secs] 
Heap after GC invocations=57 (full 0):
 PSYoungGen      total 123904K, used 672K [0x00000000f8300000, 0x0000000100000000, 0x0000000100000000)
  eden space 120320K, 0% used [0x00000000f8300000,0x00000000f8300000,0x00000000ff880000)
  from space 3584K, 18% used [0x00000000ff880000,0x00000000ff928000,0x00000000ffc00000)
  to   space 3584K, 0% used [0x00000000ffc80000,0x00000000ffc80000,0x0000000100000000)
 ParOldGen       total 134144K, used 50913K [0x00000000f0000000, 0x00000000f8300000, 0x00000000f8300000)
  object space 134144K, 37% used [0x00000000f0000000,0x00000000f31b8698,0x00000000f8300000)
 Metaspace       used 53186K, capacity 56530K, committed 56832K, reserved 1099776K
  class space    used 6490K, capacity 7071K, committed 7168K, reserved 1048576K
}
{Heap before GC invocations=58 (full 0):
 PSYoungGen      total 123904K, used 120992K [0x00000000f8300000, 0x0000000100000000, 0x0000000100000000)
  eden space 120320K, 100% used [0x00000000f8300000,0x00000000ff880000,0x00000000ff880000)
  from space 3584K, 18% used [0x00000000ff880000,0x00000000ff928000,0x00000000ffc00000)
  to   space 3584K, 0% used [0x00000000ffc80000,0x00000000ffc80000,0x0000000100000000)
 ParOldGen       total 134144K, used 50913K [0x00000000f0000000, 0x00000000f8300000, 0x00000000f8300000)
  object space 134144K, 37% used [0x00000000f0000000,0x00000000f31b8698,0x00000000f8300000)
 Metaspace       used 53189K, capacity 56530K, committed 56832K, reserved 1099776K
  class space    used 6490K, capacity 7071K, committed 7168K, reserved 1048576K
2023-10-03T08:16:19.033+0800: 704.831: [GC (Allocation Failure) [PSYoungGen: 120992K->1536K(124416K)] 171905K->52497K(258560K), 0.0070814 secs] [Times: user=0.04 sys=0.00, real=0.01 secs] 
Heap after GC invocations=58 (full 0):
 PSYoungGen      total 124416K, used 1536K [0x00000000f8300000, 0x0000000100000000, 0x0000000100000000)
  eden space 120832K, 0% used [0x00000000f8300000,0x00000000f8300000,0x00000000ff900000)
  from space 3584K, 42% used [0x00000000ffc80000,0x00000000ffe00000,0x0000000100000000)
  to   space 3584K, 0% used [0x00000000ff900000,0x00000000ff900000,0x00000000ffc80000)
 ParOldGen       total 134144K, used 50961K [0x00000000f0000000, 0x00000000f8300000, 0x00000000f8300000)
  object space 134144K, 37% used [0x00000000f0000000,0x00000000f31c4698,0x00000000f8300000)
 Metaspace       used 53189K, capacity 56530K, committed 56832K, reserved 1099776K
  class space    used 6490K, capacity 7071K, committed 7168K, reserved 1048576K
}
{Heap before GC invocations=59 (full 0):
 PSYoungGen      total 124416K, used 122368K [0x00000000f8300000, 0x0000000100000000, 0x0000000100000000)
  eden space 120832K, 100% used [0x00000000f8300000,0x00000000ff900000,0x00000000ff900000)
  from space 3584K, 42% used [0x00000000ffc80000,0x00000000ffe00000,0x0000000100000000)
  to   space 3584K, 0% used [0x00000000ff900000,0x00000000ff900000,0x00000000ffc80000)
 ParOldGen       total 134144K, used 50961K [0x00000000f0000000, 0x00000000f8300000, 0x00000000f8300000)
  object space 134144K, 37% used [0x00000000f0000000,0x00000000f31c4698,0x00000000f8300000)
 Metaspace       used 53190K, capacity 56530K, committed 56832K, reserved 1099776K
  class space    used 6490K, capacity 7071K, committed 7168K, reserved 1048576K
2023-10-03T08:16:23.061+0800: 708.859: [GC (Allocation Failure) [PSYoungGen: 122368K->3360K(124416K)] 173329K->54869K(258560K), 0.0101383 secs] [Times: user=0.03 sys=0.03, real=0.01 secs] 
Heap after GC invocations=59 (full 0):
 PSYoungGen      total 124416K, used 3360K [0x00000000f8300000, 0x0000000100000000, 0x0000000100000000)
  eden space 120832K, 0% used [0x00000000f8300000,0x00000000f8300000,0x00000000ff900000)
  from space 3584K, 93% used [0x00000000ff900000,0x00000000ffc48000,0x00000000ffc80000)
  to   space 3584K, 0% used [0x00000000ffc80000,0x00000000ffc80000,0x0000000100000000)
 ParOldGen       total 134144K, used 51509K [0x00000000f0000000, 0x00000000f8300000, 0x00000000f8300000)
  object space 134144K, 38% used [0x00000000f0000000,0x00000000f324d788,0x00000000f8300000)
 Metaspace       used 53190K, capacity 56530K, committed 56832K, reserved 1099776K
  class space    used 6490K, capacity 7071K, committed 7168K, reserved 1048576K
}
{Heap before GC invocations=60 (full 0):
 PSYoungGen      total 124416K, used 124192K [0x00000000f8300000, 0x0000000100000000, 0x0000000100000000)
  eden space 120832K, 100% used [0x00000000f8300000,0x00000000ff900000,0x00000000ff900000)
  from space 3584K, 93% used [0x00000000ff900000,0x00000000ffc48000,0x00000000ffc80000)
  to   space 3584K, 0% used [0x00000000ffc80000,0x00000000ffc80000,0x0000000100000000)
 ParOldGen       total 134144K, used 51509K [0x00000000f0000000, 0x00000000f8300000, 0x00000000f8300000)
  object space 134144K, 38% used [0x00000000f0000000,0x00000000f324d788,0x00000000f8300000)
 Metaspace       used 53190K, capacity 56530K, committed 56832K, reserved 1099776K
  class space    used 6490K, capacity 7071K, committed 7168K, reserved 1048576K
2023-10-03T08:16:27.097+0800: 712.895: [GC (Allocation Failure) [PSYoungGen: 124192K->1248K(123392K)] 175701K->54684K(257536K), 0.0088157 secs] [Times: user=0.05 sys=0.00, real=0.01 secs] 
Heap after GC invocations=60 (full 0):
 PSYoungGen      total 123392K, used 1248K [0x00000000f8300000, 0x0000000100000000, 0x0000000100000000)
  eden space 119808K, 0% used [0x00000000f8300000,0x00000000f8300000,0x00000000ff800000)
  from space 3584K, 34% used [0x00000000ffc80000,0x00000000ffdb8000,0x0000000100000000)
  to   space 4096K, 0% used [0x00000000ff800000,0x00000000ff800000,0x00000000ffc00000)
 ParOldGen       total 134144K, used 53436K [0x00000000f0000000, 0x00000000f8300000, 0x00000000f8300000)
  object space 134144K, 39% used [0x00000000f0000000,0x00000000f342f1a8,0x00000000f8300000)
 Metaspace       used 53190K, capacity 56530K, committed 56832K, reserved 1099776K
  class space    used 6490K, capacity 7071K, committed 7168K, reserved 1048576K
}
{Heap before GC invocations=61 (full 0):
 PSYoungGen      total 123392K, used 121056K [0x00000000f8300000, 0x0000000100000000, 0x0000000100000000)
  eden space 119808K, 100% used [0x00000000f8300000,0x00000000ff800000,0x00000000ff800000)
  from space 3584K, 34% used [0x00000000ffc80000,0x00000000ffdb8000,0x0000000100000000)
  to   space 4096K, 0% used [0x00000000ff800000,0x00000000ff800000,0x00000000ffc00000)
 ParOldGen       total 134144K, used 53436K [0x00000000f0000000, 0x00000000f8300000, 0x00000000f8300000)
  object space 134144K, 39% used [0x00000000f0000000,0x00000000f342f1a8,0x00000000f8300000)
 Metaspace       used 53191K, capacity 56530K, committed 56832K, reserved 1099776K
  class space    used 6490K, capacity 7071K, committed 7168K, reserved 1048576K
2023-10-03T08:16:31.097+0800: 716.895: [GC (Allocation Failure) [PSYoungGen: 121056K->1248K(123904K)] 174492K->54740K(258048K), 0.0080273 secs] [Times: user=0.05 sys=0.00, real=0.01 secs] 
Heap after GC invocations=61 (full 0):
 PSYoungGen      total 123904K, used 1248K [0x00000000f8300000, 0x0000000100000000, 0x0000000100000000)
  eden space 119808K, 0% used [0x00000000f8300000,0x00000000f8300000,0x00000000ff800000)
  from space 4096K, 30% used [0x00000000ff800000,0x00000000ff938000,0x00000000ffc00000)
  to   space 3584K, 0% used [0x00000000ffc80000,0x00000000ffc80000,0x0000000100000000)
 ParOldGen       total 134144K, used 53492K [0x00000000f0000000, 0x00000000f8300000, 0x00000000f8300000)
  object space 134144K, 39% used [0x00000000f0000000,0x00000000f343d1a8,0x00000000f8300000)
 Metaspace       used 53191K, capacity 56530K, committed 56832K, reserved 1099776K
  class space    used 6490K, capacity 7071K, committed 7168K, reserved 1048576K
}
{Heap before GC invocations=62 (full 0):
 PSYoungGen      total 123904K, used 121056K [0x00000000f8300000, 0x0000000100000000, 0x0000000100000000)
  eden space 119808K, 100% used [0x00000000f8300000,0x00000000ff800000,0x00000000ff800000)
  from space 4096K, 30% used [0x00000000ff800000,0x00000000ff938000,0x00000000ffc00000)
  to   space 3584K, 0% used [0x00000000ffc80000,0x00000000ffc80000,0x0000000100000000)
 ParOldGen       total 134144K, used 53492K [0x00000000f0000000, 0x00000000f8300000, 0x00000000f8300000)
  object space 134144K, 39% used [0x00000000f0000000,0x00000000f343d1a8,0x00000000f8300000)
 Metaspace       used 53191K, capacity 56530K, committed 56832K, reserved 1099776K
  class space    used 6490K, capacity 7071K, committed 7168K, reserved 1048576K
2023-10-03T08:16:35.123+0800: 720.921: [GC (Allocation Failure) [PSYoungGen: 121056K->1216K(124416K)] 174548K->54756K(258560K), 0.0080461 secs] [Times: user=0.04 sys=0.00, real=0.01 secs] 
Heap after GC invocations=62 (full 0):
 PSYoungGen      total 124416K, used 1216K [0x00000000f8300000, 0x0000000100000000, 0x0000000100000000)
  eden space 120832K, 0% used [0x00000000f8300000,0x00000000f8300000,0x00000000ff900000)
  from space 3584K, 33% used [0x00000000ffc80000,0x00000000ffdb0000,0x0000000100000000)
  to   space 3584K, 0% used [0x00000000ff900000,0x00000000ff900000,0x00000000ffc80000)
 ParOldGen       total 134144K, used 53540K [0x00000000f0000000, 0x00000000f8300000, 0x00000000f8300000)
  object space 134144K, 39% used [0x00000000f0000000,0x00000000f34491a8,0x00000000f8300000)
 Metaspace       used 53191K, capacity 56530K, committed 56832K, reserved 1099776K
  class space    used 6490K, capacity 7071K, committed 7168K, reserved 1048576K
}
{Heap before GC invocations=63 (full 0):
 PSYoungGen      total 124416K, used 122048K [0x00000000f8300000, 0x0000000100000000, 0x0000000100000000)
  eden space 120832K, 100% used [0x00000000f8300000,0x00000000ff900000,0x00000000ff900000)
  from space 3584K, 33% used [0x00000000ffc80000,0x00000000ffdb0000,0x0000000100000000)
  to   space 3584K, 0% used [0x00000000ff900000,0x00000000ff900000,0x00000000ffc80000)
 ParOldGen       total 134144K, used 53540K [0x00000000f0000000, 0x00000000f8300000, 0x00000000f8300000)
  object space 134144K, 39% used [0x00000000f0000000,0x00000000f34491a8,0x00000000f8300000)
 Metaspace       used 53191K, capacity 56530K, committed 56832K, reserved 1099776K
  class space    used 6490K, capacity 7071K, committed 7168K, reserved 1048576K
2023-10-03T08:16:39.166+0800: 724.964: [GC (Allocation Failure) [PSYoungGen: 122048K->1248K(124416K)] 175588K->54852K(258560K), 0.0081297 secs] [Times: user=0.04 sys=0.00, real=0.01 secs] 
Heap after GC invocations=63 (full 0):
 PSYoungGen      total 124416K, used 1248K [0x00000000f8300000, 0x0000000100000000, 0x0000000100000000)
  eden space 120832K, 0% used [0x00000000f8300000,0x00000000f8300000,0x00000000ff900000)
  from space 3584K, 34% used [0x00000000ff900000,0x00000000ffa38000,0x00000000ffc80000)
  to   space 3072K, 0% used [0x00000000ffd00000,0x00000000ffd00000,0x0000000100000000)
 ParOldGen       total 134144K, used 53604K [0x00000000f0000000, 0x00000000f8300000, 0x00000000f8300000)
  object space 134144K, 39% used [0x00000000f0000000,0x00000000f34591a8,0x00000000f8300000)
 Metaspace       used 53191K, capacity 56530K, committed 56832K, reserved 1099776K
  class space    used 6490K, capacity 7071K, committed 7168K, reserved 1048576K
}
{Heap before GC invocations=64 (full 0):
 PSYoungGen      total 124416K, used 122080K [0x00000000f8300000, 0x0000000100000000, 0x0000000100000000)
  eden space 120832K, 100% used [0x00000000f8300000,0x00000000ff900000,0x00000000ff900000)
  from space 3584K, 34% used [0x00000000ff900000,0x00000000ffa38000,0x00000000ffc80000)
  to   space 3072K, 0% used [0x00000000ffd00000,0x00000000ffd00000,0x0000000100000000)
 ParOldGen       total 134144K, used 53604K [0x00000000f0000000, 0x00000000f8300000, 0x00000000f8300000)
  object space 134144K, 39% used [0x00000000f0000000,0x00000000f34591a8,0x00000000f8300000)
 Metaspace       used 53191K, capacity 56530K, committed 56832K, reserved 1099776K
  class space    used 6490K, capacity 7071K, committed 7168K, reserved 1048576K
2023-10-03T08:16:43.224+0800: 729.022: [GC (Allocation Failure) [PSYoungGen: 122080K->1216K(124928K)] 175684K->54900K(259072K), 0.0079302 secs] [Times: user=0.04 sys=0.01, real=0.01 secs] 
Heap after GC invocations=64 (full 0):
 PSYoungGen      total 124928K, used 1216K [0x00000000f8300000, 0x0000000100000000, 0x0000000100000000)
  eden space 121856K, 0% used [0x00000000f8300000,0x00000000f8300000,0x00000000ffa00000)
  from space 3072K, 39% used [0x00000000ffd00000,0x00000000ffe30000,0x0000000100000000)
  to   space 3072K, 0% used [0x00000000ffa00000,0x00000000ffa00000,0x00000000ffd00000)
 ParOldGen       total 134144K, used 53684K [0x00000000f0000000, 0x00000000f8300000, 0x00000000f8300000)
  object space 134144K, 40% used [0x00000000f0000000,0x00000000f346d1e8,0x00000000f8300000)
 Metaspace       used 53191K, capacity 56530K, committed 56832K, reserved 1099776K
  class space    used 6490K, capacity 7071K, committed 7168K, reserved 1048576K
}
{Heap before GC invocations=65 (full 0):
 PSYoungGen      total 124928K, used 123072K [0x00000000f8300000, 0x0000000100000000, 0x0000000100000000)
  eden space 121856K, 100% used [0x00000000f8300000,0x00000000ffa00000,0x00000000ffa00000)
  from space 3072K, 39% used [0x00000000ffd00000,0x00000000ffe30000,0x0000000100000000)
  to   space 3072K, 0% used [0x00000000ffa00000,0x00000000ffa00000,0x00000000ffd00000)
 ParOldGen       total 134144K, used 53684K [0x00000000f0000000, 0x00000000f8300000, 0x00000000f8300000)
  object space 134144K, 40% used [0x00000000f0000000,0x00000000f346d1e8,0x00000000f8300000)
 Metaspace       used 53191K, capacity 56530K, committed 56832K, reserved 1099776K
  class space    used 6490K, capacity 7071K, committed 7168K, reserved 1048576K
2023-10-03T08:16:47.321+0800: 733.119: [GC (Allocation Failure) [PSYoungGen: 123072K->1120K(124928K)] 176756K->54836K(259072K), 0.0072913 secs] [Times: user=0.05 sys=0.00, real=0.00 secs] 
Heap after GC invocations=65 (full 0):
 PSYoungGen      total 124928K, used 1120K [0x00000000f8300000, 0x0000000100000000, 0x0000000100000000)
  eden space 121856K, 0% used [0x00000000f8300000,0x00000000f8300000,0x00000000ffa00000)
  from space 3072K, 36% used [0x00000000ffa00000,0x00000000ffb18000,0x00000000ffd00000)
  to   space 3072K, 0% used [0x00000000ffd00000,0x00000000ffd00000,0x0000000100000000)
 ParOldGen       total 134144K, used 53716K [0x00000000f0000000, 0x00000000f8300000, 0x00000000f8300000)
  object space 134144K, 40% used [0x00000000f0000000,0x00000000f34751e8,0x00000000f8300000)
 Metaspace       used 53191K, capacity 56530K, committed 56832K, reserved 1099776K
  class space    used 6490K, capacity 7071K, committed 7168K, reserved 1048576K
}
{Heap before GC invocations=66 (full 0):
 PSYoungGen      total 124928K, used 122976K [0x00000000f8300000, 0x0000000100000000, 0x0000000100000000)
  eden space 121856K, 100% used [0x00000000f8300000,0x00000000ffa00000,0x00000000ffa00000)
  from space 3072K, 36% used [0x00000000ffa00000,0x00000000ffb18000,0x00000000ffd00000)
  to   space 3072K, 0% used [0x00000000ffd00000,0x00000000ffd00000,0x0000000100000000)
 ParOldGen       total 134144K, used 53716K [0x00000000f0000000, 0x00000000f8300000, 0x00000000f8300000)
  object space 134144K, 40% used [0x00000000f0000000,0x00000000f34751e8,0x00000000f8300000)
 Metaspace       used 53191K, capacity 56530K, committed 56832K, reserved 1099776K
  class space    used 6490K, capacity 7071K, committed 7168K, reserved 1048576K
2023-10-03T08:16:51.423+0800: 737.221: [GC (Allocation Failure) [PSYoungGen: 122976K->1184K(124928K)] 176692K->54916K(259072K), 0.0081937 secs] [Times: user=0.04 sys=0.00, real=0.01 secs] 
Heap after GC invocations=66 (full 0):
 PSYoungGen      total 124928K, used 1184K [0x00000000f8300000, 0x0000000100000000, 0x0000000100000000)
  eden space 121856K, 0% used [0x00000000f8300000,0x00000000f8300000,0x00000000ffa00000)
  from space 3072K, 38% used [0x00000000ffd00000,0x00000000ffe28000,0x0000000100000000)
  to   space 3072K, 0% used [0x00000000ffa00000,0x00000000ffa00000,0x00000000ffd00000)
 ParOldGen       total 134144K, used 53732K [0x00000000f0000000, 0x00000000f8300000, 0x00000000f8300000)
  object space 134144K, 40% used [0x00000000f0000000,0x00000000f34791e8,0x00000000f8300000)
 Metaspace       used 53191K, capacity 56530K, committed 56832K, reserved 1099776K
  class space    used 6490K, capacity 7071K, committed 7168K, reserved 1048576K
}
{Heap before GC invocations=67 (full 0):
 PSYoungGen      total 124928K, used 123040K [0x00000000f8300000, 0x0000000100000000, 0x0000000100000000)
  eden space 121856K, 100% used [0x00000000f8300000,0x00000000ffa00000,0x00000000ffa00000)
  from space 3072K, 38% used [0x00000000ffd00000,0x00000000ffe28000,0x0000000100000000)
  to   space 3072K, 0% used [0x00000000ffa00000,0x00000000ffa00000,0x00000000ffd00000)
 ParOldGen       total 134144K, used 53732K [0x00000000f0000000, 0x00000000f8300000, 0x00000000f8300000)
  object space 134144K, 40% used [0x00000000f0000000,0x00000000f34791e8,0x00000000f8300000)
 Metaspace       used 53194K, capacity 56530K, committed 56832K, reserved 1099776K
  class space    used 6490K, capacity 7071K, committed 7168K, reserved 1048576K
2023-10-03T08:16:55.519+0800: 741.317: [GC (Allocation Failure) [PSYoungGen: 123040K->1248K(124928K)] 176772K->55004K(259072K), 0.0073714 secs] [Times: user=0.05 sys=0.00, real=0.01 secs] 
Heap after GC invocations=67 (full 0):
 PSYoungGen      total 124928K, used 1248K [0x00000000f8300000, 0x0000000100000000, 0x0000000100000000)
  eden space 121856K, 0% used [0x00000000f8300000,0x00000000f8300000,0x00000000ffa00000)
  from space 3072K, 40% used [0x00000000ffa00000,0x00000000ffb38000,0x00000000ffd00000)
  to   space 2560K, 0% used [0x00000000ffd80000,0x00000000ffd80000,0x0000000100000000)
 ParOldGen       total 134144K, used 53756K [0x00000000f0000000, 0x00000000f8300000, 0x00000000f8300000)
  object space 134144K, 40% used [0x00000000f0000000,0x00000000f347f1e8,0x00000000f8300000)
 Metaspace       used 53194K, capacity 56530K, committed 56832K, reserved 1099776K
  class space    used 6490K, capacity 7071K, committed 7168K, reserved 1048576K
}
{Heap before GC invocations=68 (full 0):
 PSYoungGen      total 124928K, used 123104K [0x00000000f8300000, 0x0000000100000000, 0x0000000100000000)
  eden space 121856K, 100% used [0x00000000f8300000,0x00000000ffa00000,0x00000000ffa00000)
  from space 3072K, 40% used [0x00000000ffa00000,0x00000000ffb38000,0x00000000ffd00000)
  to   space 2560K, 0% used [0x00000000ffd80000,0x00000000ffd80000,0x0000000100000000)
 ParOldGen       total 134144K, used 53756K [0x00000000f0000000, 0x00000000f8300000, 0x00000000f8300000)
  object space 134144K, 40% used [0x00000000f0000000,0x00000000f347f1e8,0x00000000f8300000)
 Metaspace       used 53195K, capacity 56530K, committed 56832K, reserved 1099776K
  class space    used 6490K, capacity 7071K, committed 7168K, reserved 1048576K
2023-10-03T08:16:59.618+0800: 745.416: [GC (Allocation Failure) [PSYoungGen: 123104K->1216K(125440K)] 176860K->55028K(259584K), 0.0080226 secs] [Times: user=0.05 sys=0.00, real=0.01 secs] 
Heap after GC invocations=68 (full 0):
 PSYoungGen      total 125440K, used 1216K [0x00000000f8300000, 0x0000000100000000, 0x0000000100000000)
  eden space 122880K, 0% used [0x00000000f8300000,0x00000000f8300000,0x00000000ffb00000)
  from space 2560K, 47% used [0x00000000ffd80000,0x00000000ffeb0000,0x0000000100000000)
  to   space 2560K, 0% used [0x00000000ffb00000,0x00000000ffb00000,0x00000000ffd80000)
 ParOldGen       total 134144K, used 53812K [0x00000000f0000000, 0x00000000f8300000, 0x00000000f8300000)
  object space 134144K, 40% used [0x00000000f0000000,0x00000000f348d1e8,0x00000000f8300000)
 Metaspace       used 53195K, capacity 56530K, committed 56832K, reserved 1099776K
  class space    used 6490K, capacity 7071K, committed 7168K, reserved 1048576K
}
{Heap before GC invocations=69 (full 0):
 PSYoungGen      total 125440K, used 124096K [0x00000000f8300000, 0x0000000100000000, 0x0000000100000000)
  eden space 122880K, 100% used [0x00000000f8300000,0x00000000ffb00000,0x00000000ffb00000)
  from space 2560K, 47% used [0x00000000ffd80000,0x00000000ffeb0000,0x0000000100000000)
  to   space 2560K, 0% used [0x00000000ffb00000,0x00000000ffb00000,0x00000000ffd80000)
 ParOldGen       total 134144K, used 53812K [0x00000000f0000000, 0x00000000f8300000, 0x00000000f8300000)
  object space 134144K, 40% used [0x00000000f0000000,0x00000000f348d1e8,0x00000000f8300000)
 Metaspace       used 53196K, capacity 56530K, committed 56832K, reserved 1099776K
  class space    used 6490K, capacity 7071K, committed 7168K, reserved 1048576K
2023-10-03T08:17:03.730+0800: 749.528: [GC (Allocation Failure) [PSYoungGen: 124096K->1280K(125440K)] 177908K->55156K(259584K), 0.0038010 secs] [Times: user=0.02 sys=0.00, real=0.00 secs] 
Heap after GC invocations=69 (full 0):
 PSYoungGen      total 125440K, used 1280K [0x00000000f8300000, 0x0000000100000000, 0x0000000100000000)
  eden space 122880K, 0% used [0x00000000f8300000,0x00000000f8300000,0x00000000ffb00000)
  from space 2560K, 50% used [0x00000000ffb00000,0x00000000ffc40000,0x00000000ffd80000)
  to   space 2560K, 0% used [0x00000000ffd80000,0x00000000ffd80000,0x0000000100000000)
 ParOldGen       total 134144K, used 53876K [0x00000000f0000000, 0x00000000f8300000, 0x00000000f8300000)
  object space 134144K, 40% used [0x00000000f0000000,0x00000000f349d1e8,0x00000000f8300000)
 Metaspace       used 53196K, capacity 56530K, committed 56832K, reserved 1099776K
  class space    used 6490K, capacity 7071K, committed 7168K, reserved 1048576K
}
{Heap before GC invocations=70 (full 0):
 PSYoungGen      total 125440K, used 124160K [0x00000000f8300000, 0x0000000100000000, 0x0000000100000000)
  eden space 122880K, 100% used [0x00000000f8300000,0x00000000ffb00000,0x00000000ffb00000)
  from space 2560K, 50% used [0x00000000ffb00000,0x00000000ffc40000,0x00000000ffd80000)
  to   space 2560K, 0% used [0x00000000ffd80000,0x00000000ffd80000,0x0000000100000000)
 ParOldGen       total 134144K, used 53876K [0x00000000f0000000, 0x00000000f8300000, 0x00000000f8300000)
  object space 134144K, 40% used [0x00000000f0000000,0x00000000f349d1e8,0x00000000f8300000)
 Metaspace       used 53196K, capacity 56530K, committed 56832K, reserved 1099776K
  class space    used 6490K, capacity 7071K, committed 7168K, reserved 1048576K
2023-10-03T08:17:07.823+0800: 753.621: [GC (Allocation Failure) [PSYoungGen: 124160K->1248K(125440K)] 178036K->55180K(259584K), 0.0082957 secs] [Times: user=0.04 sys=0.00, real=0.01 secs] 
Heap after GC invocations=70 (full 0):
 PSYoungGen      total 125440K, used 1248K [0x00000000f8300000, 0x0000000100000000, 0x0000000100000000)
  eden space 122880K, 0% used [0x00000000f8300000,0x00000000f8300000,0x00000000ffb00000)
  from space 2560K, 48% used [0x00000000ffd80000,0x00000000ffeb8000,0x0000000100000000)
  to   space 2560K, 0% used [0x00000000ffb00000,0x00000000ffb00000,0x00000000ffd80000)
 ParOldGen       total 134144K, used 53932K [0x00000000f0000000, 0x00000000f8300000, 0x00000000f8300000)
  object space 134144K, 40% used [0x00000000f0000000,0x00000000f34ab1e8,0x00000000f8300000)
 Metaspace       used 53196K, capacity 56530K, committed 56832K, reserved 1099776K
  class space    used 6490K, capacity 7071K, committed 7168K, reserved 1048576K
}
{Heap before GC invocations=71 (full 0):
 PSYoungGen      total 125440K, used 124128K [0x00000000f8300000, 0x0000000100000000, 0x0000000100000000)
  eden space 122880K, 100% used [0x00000000f8300000,0x00000000ffb00000,0x00000000ffb00000)
  from space 2560K, 48% used [0x00000000ffd80000,0x00000000ffeb8000,0x0000000100000000)
  to   space 2560K, 0% used [0x00000000ffb00000,0x00000000ffb00000,0x00000000ffd80000)
 ParOldGen       total 134144K, used 53932K [0x00000000f0000000, 0x00000000f8300000, 0x00000000f8300000)
  object space 134144K, 40% used [0x00000000f0000000,0x00000000f34ab1e8,0x00000000f8300000)
 Metaspace       used 53197K, capacity 56530K, committed 56832K, reserved 1099776K
  class space    used 6490K, capacity 7071K, committed 7168K, reserved 1048576K
2023-10-03T08:17:11.938+0800: 757.736: [GC (Allocation Failure) [PSYoungGen: 124128K->1472K(125440K)] 178060K->55460K(259584K), 0.0084594 secs] [Times: user=0.05 sys=0.00, real=0.01 secs] 
Heap after GC invocations=71 (full 0):
 PSYoungGen      total 125440K, used 1472K [0x00000000f8300000, 0x0000000100000000, 0x0000000100000000)
  eden space 122880K, 0% used [0x00000000f8300000,0x00000000f8300000,0x00000000ffb00000)
  from space 2560K, 57% used [0x00000000ffb00000,0x00000000ffc70000,0x00000000ffd80000)
  to   space 2560K, 0% used [0x00000000ffd80000,0x00000000ffd80000,0x0000000100000000)
 ParOldGen       total 134144K, used 53988K [0x00000000f0000000, 0x00000000f8300000, 0x00000000f8300000)
  object space 134144K, 40% used [0x00000000f0000000,0x00000000f34b91e8,0x00000000f8300000)
 Metaspace       used 53197K, capacity 56530K, committed 56832K, reserved 1099776K
  class space    used 6490K, capacity 7071K, committed 7168K, reserved 1048576K
}
{Heap before GC invocations=72 (full 0):
 PSYoungGen      total 125440K, used 124352K [0x00000000f8300000, 0x0000000100000000, 0x0000000100000000)
  eden space 122880K, 100% used [0x00000000f8300000,0x00000000ffb00000,0x00000000ffb00000)
  from space 2560K, 57% used [0x00000000ffb00000,0x00000000ffc70000,0x00000000ffd80000)
  to   space 2560K, 0% used [0x00000000ffd80000,0x00000000ffd80000,0x0000000100000000)
 ParOldGen       total 134144K, used 53988K [0x00000000f0000000, 0x00000000f8300000, 0x00000000f8300000)
  object space 134144K, 40% used [0x00000000f0000000,0x00000000f34b91e8,0x00000000f8300000)
 Metaspace       used 53213K, capacity 56594K, committed 56832K, reserved 1099776K
  class space    used 6490K, capacity 7071K, committed 7168K, reserved 1048576K
2023-10-03T08:17:16.150+0800: 761.948: [GC (Allocation Failure) [PSYoungGen: 124352K->1216K(125440K)] 178340K->55468K(259584K), 0.0041375 secs] [Times: user=0.03 sys=0.00, real=0.00 secs] 
Heap after GC invocations=72 (full 0):
 PSYoungGen      total 125440K, used 1216K [0x00000000f8300000, 0x0000000100000000, 0x0000000100000000)
  eden space 122880K, 0% used [0x00000000f8300000,0x00000000f8300000,0x00000000ffb00000)
  from space 2560K, 47% used [0x00000000ffd80000,0x00000000ffeb0000,0x0000000100000000)
  to   space 2560K, 0% used [0x00000000ffb00000,0x00000000ffb00000,0x00000000ffd80000)
 ParOldGen       total 134144K, used 54252K [0x00000000f0000000, 0x00000000f8300000, 0x00000000f8300000)
  object space 134144K, 40% used [0x00000000f0000000,0x00000000f34fb1e8,0x00000000f8300000)
 Metaspace       used 53213K, capacity 56594K, committed 56832K, reserved 1099776K
  class space    used 6490K, capacity 7071K, committed 7168K, reserved 1048576K
}
{Heap before GC invocations=73 (full 0):
 PSYoungGen      total 125440K, used 124096K [0x00000000f8300000, 0x0000000100000000, 0x0000000100000000)
  eden space 122880K, 100% used [0x00000000f8300000,0x00000000ffb00000,0x00000000ffb00000)
  from space 2560K, 47% used [0x00000000ffd80000,0x00000000ffeb0000,0x0000000100000000)
  to   space 2560K, 0% used [0x00000000ffb00000,0x00000000ffb00000,0x00000000ffd80000)
 ParOldGen       total 134144K, used 54252K [0x00000000f0000000, 0x00000000f8300000, 0x00000000f8300000)
  object space 134144K, 40% used [0x00000000f0000000,0x00000000f34fb1e8,0x00000000f8300000)
 Metaspace       used 53213K, capacity 56594K, committed 56832K, reserved 1099776K
  class space    used 6490K, capacity 7071K, committed 7168K, reserved 1048576K
2023-10-03T08:17:20.269+0800: 766.067: [GC (Allocation Failure) [PSYoungGen: 124096K->1184K(125440K)] 178348K->55476K(259584K), 0.0084788 secs] [Times: user=0.05 sys=0.00, real=0.01 secs] 
Heap after GC invocations=73 (full 0):
 PSYoungGen      total 125440K, used 1184K [0x00000000f8300000, 0x0000000100000000, 0x0000000100000000)
  eden space 122880K, 0% used [0x00000000f8300000,0x00000000f8300000,0x00000000ffb00000)
  from space 2560K, 46% used [0x00000000ffb00000,0x00000000ffc28000,0x00000000ffd80000)
  to   space 2048K, 0% used [0x00000000ffe00000,0x00000000ffe00000,0x0000000100000000)
 ParOldGen       total 134144K, used 54292K [0x00000000f0000000, 0x00000000f8300000, 0x00000000f8300000)
  object space 134144K, 40% used [0x00000000f0000000,0x00000000f35051e8,0x00000000f8300000)
 Metaspace       used 53213K, capacity 56594K, committed 56832K, reserved 1099776K
  class space    used 6490K, capacity 7071K, committed 7168K, reserved 1048576K
}
{Heap before GC invocations=74 (full 0):
 PSYoungGen      total 125440K, used 124064K [0x00000000f8300000, 0x0000000100000000, 0x0000000100000000)
  eden space 122880K, 100% used [0x00000000f8300000,0x00000000ffb00000,0x00000000ffb00000)
  from space 2560K, 46% used [0x00000000ffb00000,0x00000000ffc28000,0x00000000ffd80000)
  to   space 2048K, 0% used [0x00000000ffe00000,0x00000000ffe00000,0x0000000100000000)
 ParOldGen       total 134144K, used 54292K [0x00000000f0000000, 0x00000000f8300000, 0x00000000f8300000)
  object space 134144K, 40% used [0x00000000f0000000,0x00000000f35051e8,0x00000000f8300000)
 Metaspace       used 53213K, capacity 56594K, committed 56832K, reserved 1099776K
  class space    used 6490K, capacity 7071K, committed 7168K, reserved 1048576K
2023-10-03T08:17:24.373+0800: 770.171: [GC (Allocation Failure) [PSYoungGen: 124064K->1184K(125952K)] 178356K->55556K(260096K), 0.0073040 secs] [Times: user=0.04 sys=0.00, real=0.01 secs] 
Heap after GC invocations=74 (full 0):
 PSYoungGen      total 125952K, used 1184K [0x00000000f8300000, 0x0000000100000000, 0x0000000100000000)
  eden space 123904K, 0% used [0x00000000f8300000,0x00000000f8300000,0x00000000ffc00000)
  from space 2048K, 57% used [0x00000000ffe00000,0x00000000fff28000,0x0000000100000000)
  to   space 2048K, 0% used [0x00000000ffc00000,0x00000000ffc00000,0x00000000ffe00000)
 ParOldGen       total 134144K, used 54372K [0x00000000f0000000, 0x00000000f8300000, 0x00000000f8300000)
  object space 134144K, 40% used [0x00000000f0000000,0x00000000f35191e8,0x00000000f8300000)
 Metaspace       used 53213K, capacity 56594K, committed 56832K, reserved 1099776K
  class space    used 6490K, capacity 7071K, committed 7168K, reserved 1048576K
}
{Heap before GC invocations=75 (full 0):
 PSYoungGen      total 125952K, used 125088K [0x00000000f8300000, 0x0000000100000000, 0x0000000100000000)
  eden space 123904K, 100% used [0x00000000f8300000,0x00000000ffc00000,0x00000000ffc00000)
  from space 2048K, 57% used [0x00000000ffe00000,0x00000000fff28000,0x0000000100000000)
  to   space 2048K, 0% used [0x00000000ffc00000,0x00000000ffc00000,0x00000000ffe00000)
 ParOldGen       total 134144K, used 54372K [0x00000000f0000000, 0x00000000f8300000, 0x00000000f8300000)
  object space 134144K, 40% used [0x00000000f0000000,0x00000000f35191e8,0x00000000f8300000)
 Metaspace       used 53217K, capacity 56594K, committed 56832K, reserved 1099776K
  class space    used 6490K, capacity 7071K, committed 7168K, reserved 1048576K
2023-10-03T08:17:28.486+0800: 774.284: [GC (Allocation Failure) [PSYoungGen: 125088K->1184K(125952K)] 179460K->55620K(260096K), 0.0082457 secs] [Times: user=0.05 sys=0.00, real=0.01 secs] 
Heap after GC invocations=75 (full 0):
 PSYoungGen      total 125952K, used 1184K [0x00000000f8300000, 0x0000000100000000, 0x0000000100000000)
  eden space 123904K, 0% used [0x00000000f8300000,0x00000000f8300000,0x00000000ffc00000)
  from space 2048K, 57% used [0x00000000ffc00000,0x00000000ffd28000,0x00000000ffe00000)
  to   space 2048K, 0% used [0x00000000ffe00000,0x00000000ffe00000,0x0000000100000000)
 ParOldGen       total 134144K, used 54436K [0x00000000f0000000, 0x00000000f8300000, 0x00000000f8300000)
  object space 134144K, 40% used [0x00000000f0000000,0x00000000f35291e8,0x00000000f8300000)
 Metaspace       used 53217K, capacity 56594K, committed 56832K, reserved 1099776K
  class space    used 6490K, capacity 7071K, committed 7168K, reserved 1048576K
}
{Heap before GC invocations=76 (full 0):
 PSYoungGen      total 125952K, used 125088K [0x00000000f8300000, 0x0000000100000000, 0x0000000100000000)
  eden space 123904K, 100% used [0x00000000f8300000,0x00000000ffc00000,0x00000000ffc00000)
  from space 2048K, 57% used [0x00000000ffc00000,0x00000000ffd28000,0x00000000ffe00000)
  to   space 2048K, 0% used [0x00000000ffe00000,0x00000000ffe00000,0x0000000100000000)
 ParOldGen       total 134144K, used 54436K [0x00000000f0000000, 0x00000000f8300000, 0x00000000f8300000)
  object space 134144K, 40% used [0x00000000f0000000,0x00000000f35291e8,0x00000000f8300000)
 Metaspace       used 53217K, capacity 56594K, committed 56832K, reserved 1099776K
  class space    used 6490K, capacity 7071K, committed 7168K, reserved 1048576K
2023-10-03T08:17:32.595+0800: 778.393: [GC (Allocation Failure) [PSYoungGen: 125088K->1280K(125952K)] 179524K->55796K(260096K), 0.0080325 secs] [Times: user=0.05 sys=0.00, real=0.01 secs] 
Heap after GC invocations=76 (full 0):
 PSYoungGen      total 125952K, used 1280K [0x00000000f8300000, 0x0000000100000000, 0x0000000100000000)
  eden space 123904K, 0% used [0x00000000f8300000,0x00000000f8300000,0x00000000ffc00000)
  from space 2048K, 62% used [0x00000000ffe00000,0x00000000fff40000,0x0000000100000000)
  to   space 2048K, 0% used [0x00000000ffc00000,0x00000000ffc00000,0x00000000ffe00000)
 ParOldGen       total 134144K, used 54516K [0x00000000f0000000, 0x00000000f8300000, 0x00000000f8300000)
  object space 134144K, 40% used [0x00000000f0000000,0x00000000f353d1e8,0x00000000f8300000)
 Metaspace       used 53217K, capacity 56594K, committed 56832K, reserved 1099776K
  class space    used 6490K, capacity 7071K, committed 7168K, reserved 1048576K
}
{Heap before GC invocations=77 (full 0):
 PSYoungGen      total 125952K, used 125184K [0x00000000f8300000, 0x0000000100000000, 0x0000000100000000)
  eden space 123904K, 100% used [0x00000000f8300000,0x00000000ffc00000,0x00000000ffc00000)
  from space 2048K, 62% used [0x00000000ffe00000,0x00000000fff40000,0x0000000100000000)
  to   space 2048K, 0% used [0x00000000ffc00000,0x00000000ffc00000,0x00000000ffe00000)
 ParOldGen       total 134144K, used 54516K [0x00000000f0000000, 0x00000000f8300000, 0x00000000f8300000)
  object space 134144K, 40% used [0x00000000f0000000,0x00000000f353d1e8,0x00000000f8300000)
 Metaspace       used 53217K, capacity 56594K, committed 56832K, reserved 1099776K
  class space    used 6490K, capacity 7071K, committed 7168K, reserved 1048576K
2023-10-03T08:17:36.840+0800: 782.638: [GC (Allocation Failure) [PSYoungGen: 125184K->1280K(125952K)] 179700K->55836K(260096K), 0.0081163 secs] [Times: user=0.04 sys=0.00, real=0.00 secs] 
Heap after GC invocations=77 (full 0):
 PSYoungGen      total 125952K, used 1280K [0x00000000f8300000, 0x0000000100000000, 0x0000000100000000)
  eden space 123904K, 0% used [0x00000000f8300000,0x00000000f8300000,0x00000000ffc00000)
  from space 2048K, 62% used [0x00000000ffc00000,0x00000000ffd40000,0x00000000ffe00000)
  to   space 2048K, 0% used [0x00000000ffe00000,0x00000000ffe00000,0x0000000100000000)
 ParOldGen       total 134144K, used 54556K [0x00000000f0000000, 0x00000000f8300000, 0x00000000f8300000)
  object space 134144K, 40% used [0x00000000f0000000,0x00000000f35471e8,0x00000000f8300000)
 Metaspace       used 53217K, capacity 56594K, committed 56832K, reserved 1099776K
  class space    used 6490K, capacity 7071K, committed 7168K, reserved 1048576K
}
{Heap before GC invocations=78 (full 0):
 PSYoungGen      total 125952K, used 125184K [0x00000000f8300000, 0x0000000100000000, 0x0000000100000000)
  eden space 123904K, 100% used [0x00000000f8300000,0x00000000ffc00000,0x00000000ffc00000)
  from space 2048K, 62% used [0x00000000ffc00000,0x00000000ffd40000,0x00000000ffe00000)
  to   space 2048K, 0% used [0x00000000ffe00000,0x00000000ffe00000,0x0000000100000000)
 ParOldGen       total 134144K, used 54556K [0x00000000f0000000, 0x00000000f8300000, 0x00000000f8300000)
  object space 134144K, 40% used [0x00000000f0000000,0x00000000f35471e8,0x00000000f8300000)
 Metaspace       used 53217K, capacity 56594K, committed 56832K, reserved 1099776K
  class space    used 6490K, capacity 7071K, committed 7168K, reserved 1048576K
2023-10-03T08:17:41.016+0800: 786.814: [GC (Allocation Failure) [PSYoungGen: 125184K->1216K(125952K)] 179740K->55796K(260096K), 0.0080849 secs] [Times: user=0.05 sys=0.00, real=0.01 secs] 
Heap after GC invocations=78 (full 0):
 PSYoungGen      total 125952K, used 1216K [0x00000000f8300000, 0x0000000100000000, 0x0000000100000000)
  eden space 123904K, 0% used [0x00000000f8300000,0x00000000f8300000,0x00000000ffc00000)
  from space 2048K, 59% used [0x00000000ffe00000,0x00000000fff30000,0x0000000100000000)
  to   space 2048K, 0% used [0x00000000ffc00000,0x00000000ffc00000,0x00000000ffe00000)
 ParOldGen       total 134144K, used 54580K [0x00000000f0000000, 0x00000000f8300000, 0x00000000f8300000)
  object space 134144K, 40% used [0x00000000f0000000,0x00000000f354d1e8,0x00000000f8300000)
 Metaspace       used 53217K, capacity 56594K, committed 56832K, reserved 1099776K
  class space    used 6490K, capacity 7071K, committed 7168K, reserved 1048576K
}
{Heap before GC invocations=79 (full 0):
 PSYoungGen      total 125952K, used 125120K [0x00000000f8300000, 0x0000000100000000, 0x0000000100000000)
  eden space 123904K, 100% used [0x00000000f8300000,0x00000000ffc00000,0x00000000ffc00000)
  from space 2048K, 59% used [0x00000000ffe00000,0x00000000fff30000,0x0000000100000000)
  to   space 2048K, 0% used [0x00000000ffc00000,0x00000000ffc00000,0x00000000ffe00000)
 ParOldGen       total 134144K, used 54580K [0x00000000f0000000, 0x00000000f8300000, 0x00000000f8300000)
  object space 134144K, 40% used [0x00000000f0000000,0x00000000f354d1e8,0x00000000f8300000)
 Metaspace       used 53217K, capacity 56594K, committed 56832K, reserved 1099776K
  class space    used 6490K, capacity 7071K, committed 7168K, reserved 1048576K
2023-10-03T08:17:45.174+0800: 790.972: [GC (Allocation Failure) [PSYoungGen: 125120K->1216K(125952K)] 179700K->55836K(260096K), 0.0080378 secs] [Times: user=0.04 sys=0.00, real=0.01 secs] 
Heap after GC invocations=79 (full 0):
 PSYoungGen      total 125952K, used 1216K [0x00000000f8300000, 0x0000000100000000, 0x0000000100000000)
  eden space 123904K, 0% used [0x00000000f8300000,0x00000000f8300000,0x00000000ffc00000)
  from space 2048K, 59% used [0x00000000ffc00000,0x00000000ffd30000,0x00000000ffe00000)
  to   space 2048K, 0% used [0x00000000ffe00000,0x00000000ffe00000,0x0000000100000000)
 ParOldGen       total 134144K, used 54620K [0x00000000f0000000, 0x00000000f8300000, 0x00000000f8300000)
  object space 134144K, 40% used [0x00000000f0000000,0x00000000f35571e8,0x00000000f8300000)
 Metaspace       used 53217K, capacity 56594K, committed 56832K, reserved 1099776K
  class space    used 6490K, capacity 7071K, committed 7168K, reserved 1048576K
}
{Heap before GC invocations=80 (full 0):
 PSYoungGen      total 125952K, used 125120K [0x00000000f8300000, 0x0000000100000000, 0x0000000100000000)
  eden space 123904K, 100% used [0x00000000f8300000,0x00000000ffc00000,0x00000000ffc00000)
  from space 2048K, 59% used [0x00000000ffc00000,0x00000000ffd30000,0x00000000ffe00000)
  to   space 2048K, 0% used [0x00000000ffe00000,0x00000000ffe00000,0x0000000100000000)
 ParOldGen       total 134144K, used 54620K [0x00000000f0000000, 0x00000000f8300000, 0x00000000f8300000)
  object space 134144K, 40% used [0x00000000f0000000,0x00000000f35571e8,0x00000000f8300000)
 Metaspace       used 53217K, capacity 56594K, committed 56832K, reserved 1099776K
  class space    used 6490K, capacity 7071K, committed 7168K, reserved 1048576K
2023-10-03T08:17:49.328+0800: 795.126: [GC (Allocation Failure) [PSYoungGen: 125120K->1248K(125952K)] 179740K->55892K(260096K), 0.0081901 secs] [Times: user=0.04 sys=0.00, real=0.01 secs] 
Heap after GC invocations=80 (full 0):
 PSYoungGen      total 125952K, used 1248K [0x00000000f8300000, 0x0000000100000000, 0x0000000100000000)
  eden space 123904K, 0% used [0x00000000f8300000,0x00000000f8300000,0x00000000ffc00000)
  from space 2048K, 60% used [0x00000000ffe00000,0x00000000fff38000,0x0000000100000000)
  to   space 2048K, 0% used [0x00000000ffc00000,0x00000000ffc00000,0x00000000ffe00000)
 ParOldGen       total 134144K, used 54644K [0x00000000f0000000, 0x00000000f8300000, 0x00000000f8300000)
  object space 134144K, 40% used [0x00000000f0000000,0x00000000f355d1e8,0x00000000f8300000)
 Metaspace       used 53217K, capacity 56594K, committed 56832K, reserved 1099776K
  class space    used 6490K, capacity 7071K, committed 7168K, reserved 1048576K
}
{Heap before GC invocations=81 (full 0):
 PSYoungGen      total 125952K, used 125152K [0x00000000f8300000, 0x0000000100000000, 0x0000000100000000)
  eden space 123904K, 100% used [0x00000000f8300000,0x00000000ffc00000,0x00000000ffc00000)
  from space 2048K, 60% used [0x00000000ffe00000,0x00000000fff38000,0x0000000100000000)
  to   space 2048K, 0% used [0x00000000ffc00000,0x00000000ffc00000,0x00000000ffe00000)
 ParOldGen       total 134144K, used 54644K [0x00000000f0000000, 0x00000000f8300000, 0x00000000f8300000)
  object space 134144K, 40% used [0x00000000f0000000,0x00000000f355d1e8,0x00000000f8300000)
 Metaspace       used 53217K, capacity 56594K, committed 56832K, reserved 1099776K
  class space    used 6490K, capacity 7071K, committed 7168K, reserved 1048576K
2023-10-03T08:17:53.467+0800: 799.265: [GC (Allocation Failure) [PSYoungGen: 125152K->1152K(125952K)] 179796K->55844K(260096K), 0.0079458 secs] [Times: user=0.05 sys=0.01, real=0.01 secs] 
Heap after GC invocations=81 (full 0):
 PSYoungGen      total 125952K, used 1152K [0x00000000f8300000, 0x0000000100000000, 0x0000000100000000)
  eden space 123904K, 0% used [0x00000000f8300000,0x00000000f8300000,0x00000000ffc00000)
  from space 2048K, 56% used [0x00000000ffc00000,0x00000000ffd20000,0x00000000ffe00000)
  to   space 2048K, 0% used [0x00000000ffe00000,0x00000000ffe00000,0x0000000100000000)
 ParOldGen       total 134144K, used 54692K [0x00000000f0000000, 0x00000000f8300000, 0x00000000f8300000)
  object space 134144K, 40% used [0x00000000f0000000,0x00000000f35691e8,0x00000000f8300000)
 Metaspace       used 53217K, capacity 56594K, committed 56832K, reserved 1099776K
  class space    used 6490K, capacity 7071K, committed 7168K, reserved 1048576K
}
{Heap before GC invocations=82 (full 0):
 PSYoungGen      total 125952K, used 125056K [0x00000000f8300000, 0x0000000100000000, 0x0000000100000000)
  eden space 123904K, 100% used [0x00000000f8300000,0x00000000ffc00000,0x00000000ffc00000)
  from space 2048K, 56% used [0x00000000ffc00000,0x00000000ffd20000,0x00000000ffe00000)
  to   space 2048K, 0% used [0x00000000ffe00000,0x00000000ffe00000,0x0000000100000000)
 ParOldGen       total 134144K, used 54692K [0x00000000f0000000, 0x00000000f8300000, 0x00000000f8300000)
  object space 134144K, 40% used [0x00000000f0000000,0x00000000f35691e8,0x00000000f8300000)
 Metaspace       used 53217K, capacity 56594K, committed 56832K, reserved 1099776K
  class space    used 6490K, capacity 7071K, committed 7168K, reserved 1048576K
2023-10-03T08:17:57.577+0800: 803.375: [GC (Allocation Failure) [PSYoungGen: 125056K->1248K(125952K)] 179748K->55996K(260096K), 0.0082373 secs] [Times: user=0.05 sys=0.00, real=0.01 secs] 
Heap after GC invocations=82 (full 0):
 PSYoungGen      total 125952K, used 1248K [0x00000000f8300000, 0x0000000100000000, 0x0000000100000000)
  eden space 123904K, 0% used [0x00000000f8300000,0x00000000f8300000,0x00000000ffc00000)
  from space 2048K, 60% used [0x00000000ffe00000,0x00000000fff38000,0x0000000100000000)
  to   space 2048K, 0% used [0x00000000ffc00000,0x00000000ffc00000,0x00000000ffe00000)
 ParOldGen       total 134144K, used 54748K [0x00000000f0000000, 0x00000000f8300000, 0x00000000f8300000)
  object space 134144K, 40% used [0x00000000f0000000,0x00000000f35771e8,0x00000000f8300000)
 Metaspace       used 53217K, capacity 56594K, committed 56832K, reserved 1099776K
  class space    used 6490K, capacity 7071K, committed 7168K, reserved 1048576K
}
{Heap before GC invocations=83 (full 0):
 PSYoungGen      total 125952K, used 125152K [0x00000000f8300000, 0x0000000100000000, 0x0000000100000000)
  eden space 123904K, 100% used [0x00000000f8300000,0x00000000ffc00000,0x00000000ffc00000)
  from space 2048K, 60% used [0x00000000ffe00000,0x00000000fff38000,0x0000000100000000)
  to   space 2048K, 0% used [0x00000000ffc00000,0x00000000ffc00000,0x00000000ffe00000)
 ParOldGen       total 134144K, used 54748K [0x00000000f0000000, 0x00000000f8300000, 0x00000000f8300000)
  object space 134144K, 40% used [0x00000000f0000000,0x00000000f35771e8,0x00000000f8300000)
 Metaspace       used 53222K, capacity 56594K, committed 56832K, reserved 1099776K
  class space    used 6490K, capacity 7071K, committed 7168K, reserved 1048576K
2023-10-03T08:18:02.622+0800: 808.420: [GC (Allocation Failure) [PSYoungGen: 125152K->2048K(125952K)] 179900K->57989K(260096K), 0.0064078 secs] [Times: user=0.03 sys=0.03, real=0.00 secs] 
Heap after GC invocations=83 (full 0):
 PSYoungGen      total 125952K, used 2048K [0x00000000f8300000, 0x0000000100000000, 0x0000000100000000)
  eden space 123904K, 0% used [0x00000000f8300000,0x00000000f8300000,0x00000000ffc00000)
  from space 2048K, 100% used [0x00000000ffc00000,0x00000000ffe00000,0x00000000ffe00000)
  to   space 2048K, 0% used [0x00000000ffe00000,0x00000000ffe00000,0x0000000100000000)
 ParOldGen       total 134144K, used 55941K [0x00000000f0000000, 0x00000000f8300000, 0x00000000f8300000)
  object space 134144K, 41% used [0x00000000f0000000,0x00000000f36a1598,0x00000000f8300000)
 Metaspace       used 53222K, capacity 56594K, committed 56832K, reserved 1099776K
  class space    used 6490K, capacity 7071K, committed 7168K, reserved 1048576K
}
{Heap before GC invocations=84 (full 0):
 PSYoungGen      total 125952K, used 125952K [0x00000000f8300000, 0x0000000100000000, 0x0000000100000000)
  eden space 123904K, 100% used [0x00000000f8300000,0x00000000ffc00000,0x00000000ffc00000)
  from space 2048K, 100% used [0x00000000ffc00000,0x00000000ffe00000,0x00000000ffe00000)
  to   space 2048K, 0% used [0x00000000ffe00000,0x00000000ffe00000,0x0000000100000000)
 ParOldGen       total 134144K, used 55941K [0x00000000f0000000, 0x00000000f8300000, 0x00000000f8300000)
  object space 134144K, 41% used [0x00000000f0000000,0x00000000f36a1598,0x00000000f8300000)
 Metaspace       used 53222K, capacity 56594K, committed 56832K, reserved 1099776K
  class space    used 6490K, capacity 7071K, committed 7168K, reserved 1048576K
2023-10-03T08:18:06.767+0800: 812.565: [GC (Allocation Failure) [PSYoungGen: 125952K->1312K(124928K)] 181893K->58687K(259072K), 0.0061182 secs] [Times: user=0.05 sys=0.00, real=0.01 secs] 
Heap after GC invocations=84 (full 0):
 PSYoungGen      total 124928K, used 1312K [0x00000000f8300000, 0x0000000100000000, 0x0000000100000000)
  eden space 122880K, 0% used [0x00000000f8300000,0x00000000f8300000,0x00000000ffb00000)
  from space 2048K, 64% used [0x00000000ffe00000,0x00000000fff48000,0x0000000100000000)
  to   space 2560K, 0% used [0x00000000ffb00000,0x00000000ffb00000,0x00000000ffd80000)
 ParOldGen       total 134144K, used 57375K [0x00000000f0000000, 0x00000000f8300000, 0x00000000f8300000)
  object space 134144K, 42% used [0x00000000f0000000,0x00000000f3807e28,0x00000000f8300000)
 Metaspace       used 53222K, capacity 56594K, committed 56832K, reserved 1099776K
  class space    used 6490K, capacity 7071K, committed 7168K, reserved 1048576K
}
{Heap before GC invocations=85 (full 0):
 PSYoungGen      total 124928K, used 124192K [0x00000000f8300000, 0x0000000100000000, 0x0000000100000000)
  eden space 122880K, 100% used [0x00000000f8300000,0x00000000ffb00000,0x00000000ffb00000)
  from space 2048K, 64% used [0x00000000ffe00000,0x00000000fff48000,0x0000000100000000)
  to   space 2560K, 0% used [0x00000000ffb00000,0x00000000ffb00000,0x00000000ffd80000)
 ParOldGen       total 134144K, used 57375K [0x00000000f0000000, 0x00000000f8300000, 0x00000000f8300000)
  object space 134144K, 42% used [0x00000000f0000000,0x00000000f3807e28,0x00000000f8300000)
 Metaspace       used 53222K, capacity 56594K, committed 56832K, reserved 1099776K
  class space    used 6490K, capacity 7071K, committed 7168K, reserved 1048576K
2023-10-03T08:18:10.872+0800: 816.670: [GC (Allocation Failure) [PSYoungGen: 124192K->1248K(125440K)] 181567K->58703K(259584K), 0.0083514 secs] [Times: user=0.05 sys=0.00, real=0.01 secs] 
Heap after GC invocations=85 (full 0):
 PSYoungGen      total 125440K, used 1248K [0x00000000f8300000, 0x0000000100000000, 0x0000000100000000)
  eden space 122880K, 0% used [0x00000000f8300000,0x00000000f8300000,0x00000000ffb00000)
  from space 2560K, 48% used [0x00000000ffb00000,0x00000000ffc38000,0x00000000ffd80000)
  to   space 2560K, 0% used [0x00000000ffd80000,0x00000000ffd80000,0x0000000100000000)
 ParOldGen       total 134144K, used 57455K [0x00000000f0000000, 0x00000000f8300000, 0x00000000f8300000)
  object space 134144K, 42% used [0x00000000f0000000,0x00000000f381be28,0x00000000f8300000)
 Metaspace       used 53222K, capacity 56594K, committed 56832K, reserved 1099776K
  class space    used 6490K, capacity 7071K, committed 7168K, reserved 1048576K
}
{Heap before GC invocations=86 (full 0):
 PSYoungGen      total 125440K, used 124128K [0x00000000f8300000, 0x0000000100000000, 0x0000000100000000)
  eden space 122880K, 100% used [0x00000000f8300000,0x00000000ffb00000,0x00000000ffb00000)
  from space 2560K, 48% used [0x00000000ffb00000,0x00000000ffc38000,0x00000000ffd80000)
  to   space 2560K, 0% used [0x00000000ffd80000,0x00000000ffd80000,0x0000000100000000)
 ParOldGen       total 134144K, used 57455K [0x00000000f0000000, 0x00000000f8300000, 0x00000000f8300000)
  object space 134144K, 42% used [0x00000000f0000000,0x00000000f381be28,0x00000000f8300000)
 Metaspace       used 53222K, capacity 56594K, committed 56832K, reserved 1099776K
  class space    used 6490K, capacity 7071K, committed 7168K, reserved 1048576K
2023-10-03T08:18:14.932+0800: 820.730: [GC (Allocation Failure) [PSYoungGen: 124128K->1312K(125440K)] 181583K->58767K(259584K), 0.0082440 secs] [Times: user=0.05 sys=0.00, real=0.01 secs] 
Heap after GC invocations=86 (full 0):
 PSYoungGen      total 125440K, used 1312K [0x00000000f8300000, 0x0000000100000000, 0x0000000100000000)
  eden space 122880K, 0% used [0x00000000f8300000,0x00000000f8300000,0x00000000ffb00000)
  from space 2560K, 51% used [0x00000000ffd80000,0x00000000ffec8000,0x0000000100000000)
  to   space 2560K, 0% used [0x00000000ffb00000,0x00000000ffb00000,0x00000000ffd80000)
 ParOldGen       total 134144K, used 57455K [0x00000000f0000000, 0x00000000f8300000, 0x00000000f8300000)
  object space 134144K, 42% used [0x00000000f0000000,0x00000000f381be28,0x00000000f8300000)
 Metaspace       used 53222K, capacity 56594K, committed 56832K, reserved 1099776K
  class space    used 6490K, capacity 7071K, committed 7168K, reserved 1048576K
}
{Heap before GC invocations=87 (full 0):
 PSYoungGen      total 125440K, used 124192K [0x00000000f8300000, 0x0000000100000000, 0x0000000100000000)
  eden space 122880K, 100% used [0x00000000f8300000,0x00000000ffb00000,0x00000000ffb00000)
  from space 2560K, 51% used [0x00000000ffd80000,0x00000000ffec8000,0x0000000100000000)
  to   space 2560K, 0% used [0x00000000ffb00000,0x00000000ffb00000,0x00000000ffd80000)
 ParOldGen       total 134144K, used 57455K [0x00000000f0000000, 0x00000000f8300000, 0x00000000f8300000)
  object space 134144K, 42% used [0x00000000f0000000,0x00000000f381be28,0x00000000f8300000)
 Metaspace       used 53222K, capacity 56594K, committed 56832K, reserved 1099776K
  class space    used 6490K, capacity 7071K, committed 7168K, reserved 1048576K
2023-10-03T08:18:19.012+0800: 824.810: [GC (Allocation Failure) [PSYoungGen: 124192K->1216K(125440K)] 181647K->58791K(259584K), 0.0081397 secs] [Times: user=0.04 sys=0.00, real=0.01 secs] 
Heap after GC invocations=87 (full 0):
 PSYoungGen      total 125440K, used 1216K [0x00000000f8300000, 0x0000000100000000, 0x0000000100000000)
  eden space 122880K, 0% used [0x00000000f8300000,0x00000000f8300000,0x00000000ffb00000)
  from space 2560K, 47% used [0x00000000ffb00000,0x00000000ffc30000,0x00000000ffd80000)
  to   space 2560K, 0% used [0x00000000ffd80000,0x00000000ffd80000,0x0000000100000000)
 ParOldGen       total 134144K, used 57575K [0x00000000f0000000, 0x00000000f8300000, 0x00000000f8300000)
  object space 134144K, 42% used [0x00000000f0000000,0x00000000f3839e88,0x00000000f8300000)
 Metaspace       used 53222K, capacity 56594K, committed 56832K, reserved 1099776K
  class space    used 6490K, capacity 7071K, committed 7168K, reserved 1048576K
}
{Heap before GC invocations=88 (full 0):
 PSYoungGen      total 125440K, used 124096K [0x00000000f8300000, 0x0000000100000000, 0x0000000100000000)
  eden space 122880K, 100% used [0x00000000f8300000,0x00000000ffb00000,0x00000000ffb00000)
  from space 2560K, 47% used [0x00000000ffb00000,0x00000000ffc30000,0x00000000ffd80000)
  to   space 2560K, 0% used [0x00000000ffd80000,0x00000000ffd80000,0x0000000100000000)
 ParOldGen       total 134144K, used 57575K [0x00000000f0000000, 0x00000000f8300000, 0x00000000f8300000)
  object space 134144K, 42% used [0x00000000f0000000,0x00000000f3839e88,0x00000000f8300000)
 Metaspace       used 53222K, capacity 56594K, committed 56832K, reserved 1099776K
  class space    used 6490K, capacity 7071K, committed 7168K, reserved 1048576K
2023-10-03T08:18:23.075+0800: 828.873: [GC (Allocation Failure) [PSYoungGen: 124096K->1248K(125952K)] 181671K->58847K(260096K), 0.0081133 secs] [Times: user=0.04 sys=0.00, real=0.01 secs] 
Heap after GC invocations=88 (full 0):
 PSYoungGen      total 125952K, used 1248K [0x00000000f8300000, 0x0000000100000000, 0x0000000100000000)
  eden space 123392K, 0% used [0x00000000f8300000,0x00000000f8300000,0x00000000ffb80000)
  from space 2560K, 48% used [0x00000000ffd80000,0x00000000ffeb8000,0x0000000100000000)
  to   space 2048K, 0% used [0x00000000ffb80000,0x00000000ffb80000,0x00000000ffd80000)
 ParOldGen       total 134144K, used 57599K [0x00000000f0000000, 0x00000000f8300000, 0x00000000f8300000)
  object space 134144K, 42% used [0x00000000f0000000,0x00000000f383fe88,0x00000000f8300000)
 Metaspace       used 53222K, capacity 56594K, committed 56832K, reserved 1099776K
  class space    used 6490K, capacity 7071K, committed 7168K, reserved 1048576K
}
{Heap before GC invocations=89 (full 0):
 PSYoungGen      total 125952K, used 124640K [0x00000000f8300000, 0x0000000100000000, 0x0000000100000000)
  eden space 123392K, 100% used [0x00000000f8300000,0x00000000ffb80000,0x00000000ffb80000)
  from space 2560K, 48% used [0x00000000ffd80000,0x00000000ffeb8000,0x0000000100000000)
  to   space 2048K, 0% used [0x00000000ffb80000,0x00000000ffb80000,0x00000000ffd80000)
 ParOldGen       total 134144K, used 57599K [0x00000000f0000000, 0x00000000f8300000, 0x00000000f8300000)
  object space 134144K, 42% used [0x00000000f0000000,0x00000000f383fe88,0x00000000f8300000)
 Metaspace       used 53222K, capacity 56594K, committed 56832K, reserved 1099776K
  class space    used 6490K, capacity 7071K, committed 7168K, reserved 1048576K
2023-10-03T08:18:27.172+0800: 832.970: [GC (Allocation Failure) [PSYoungGen: 124640K->1216K(125440K)] 182239K->58823K(259584K), 0.0082801 secs] [Times: user=0.04 sys=0.00, real=0.01 secs] 
Heap after GC invocations=89 (full 0):
 PSYoungGen      total 125440K, used 1216K [0x00000000f8300000, 0x0000000100000000, 0x0000000100000000)
  eden space 123392K, 0% used [0x00000000f8300000,0x00000000f8300000,0x00000000ffb80000)
  from space 2048K, 59% used [0x00000000ffb80000,0x00000000ffcb0000,0x00000000ffd80000)
  to   space 2048K, 0% used [0x00000000ffe00000,0x00000000ffe00000,0x0000000100000000)
 ParOldGen       total 134144K, used 57607K [0x00000000f0000000, 0x00000000f8300000, 0x00000000f8300000)
  object space 134144K, 42% used [0x00000000f0000000,0x00000000f3841e88,0x00000000f8300000)
 Metaspace       used 53222K, capacity 56594K, committed 56832K, reserved 1099776K
  class space    used 6490K, capacity 7071K, committed 7168K, reserved 1048576K
}
{Heap before GC invocations=90 (full 0):
 PSYoungGen      total 125440K, used 124608K [0x00000000f8300000, 0x0000000100000000, 0x0000000100000000)
  eden space 123392K, 100% used [0x00000000f8300000,0x00000000ffb80000,0x00000000ffb80000)
  from space 2048K, 59% used [0x00000000ffb80000,0x00000000ffcb0000,0x00000000ffd80000)
  to   space 2048K, 0% used [0x00000000ffe00000,0x00000000ffe00000,0x0000000100000000)
 ParOldGen       total 134144K, used 57607K [0x00000000f0000000, 0x00000000f8300000, 0x00000000f8300000)
  object space 134144K, 42% used [0x00000000f0000000,0x00000000f3841e88,0x00000000f8300000)
 Metaspace       used 53223K, capacity 56594K, committed 56832K, reserved 1099776K
  class space    used 6490K, capacity 7071K, committed 7168K, reserved 1048576K
2023-10-03T08:18:31.275+0800: 837.073: [GC (Allocation Failure) [PSYoungGen: 124608K->1216K(125952K)] 182215K->58863K(260096K), 0.0081837 secs] [Times: user=0.05 sys=0.00, real=0.01 secs] 
Heap after GC invocations=90 (full 0):
 PSYoungGen      total 125952K, used 1216K [0x00000000f8300000, 0x0000000100000000, 0x0000000100000000)
  eden space 123904K, 0% used [0x00000000f8300000,0x00000000f8300000,0x00000000ffc00000)
  from space 2048K, 59% used [0x00000000ffe00000,0x00000000fff30000,0x0000000100000000)
  to   space 2048K, 0% used [0x00000000ffc00000,0x00000000ffc00000,0x00000000ffe00000)
 ParOldGen       total 134144K, used 57647K [0x00000000f0000000, 0x00000000f8300000, 0x00000000f8300000)
  object space 134144K, 42% used [0x00000000f0000000,0x00000000f384be88,0x00000000f8300000)
 Metaspace       used 53223K, capacity 56594K, committed 56832K, reserved 1099776K
  class space    used 6490K, capacity 7071K, committed 7168K, reserved 1048576K
}
{Heap before GC invocations=91 (full 0):
 PSYoungGen      total 125952K, used 125120K [0x00000000f8300000, 0x0000000100000000, 0x0000000100000000)
  eden space 123904K, 100% used [0x00000000f8300000,0x00000000ffc00000,0x00000000ffc00000)
  from space 2048K, 59% used [0x00000000ffe00000,0x00000000fff30000,0x0000000100000000)
  to   space 2048K, 0% used [0x00000000ffc00000,0x00000000ffc00000,0x00000000ffe00000)
 ParOldGen       total 134144K, used 57647K [0x00000000f0000000, 0x00000000f8300000, 0x00000000f8300000)
  object space 134144K, 42% used [0x00000000f0000000,0x00000000f384be88,0x00000000f8300000)
 Metaspace       used 53227K, capacity 56594K, committed 56832K, reserved 1099776K
  class space    used 6490K, capacity 7071K, committed 7168K, reserved 1048576K
2023-10-03T08:18:35.422+0800: 841.220: [GC (Allocation Failure) [PSYoungGen: 125120K->1248K(125952K)] 182767K->58935K(260096K), 0.0041725 secs] [Times: user=0.03 sys=0.00, real=0.00 secs] 
Heap after GC invocations=91 (full 0):
 PSYoungGen      total 125952K, used 1248K [0x00000000f8300000, 0x0000000100000000, 0x0000000100000000)
  eden space 123904K, 0% used [0x00000000f8300000,0x00000000f8300000,0x00000000ffc00000)
  from space 2048K, 60% used [0x00000000ffc00000,0x00000000ffd38000,0x00000000ffe00000)
  to   space 2048K, 0% used [0x00000000ffe00000,0x00000000ffe00000,0x0000000100000000)
 ParOldGen       total 134144K, used 57687K [0x00000000f0000000, 0x00000000f8300000, 0x00000000f8300000)
  object space 134144K, 43% used [0x00000000f0000000,0x00000000f3855e88,0x00000000f8300000)
 Metaspace       used 53227K, capacity 56594K, committed 56832K, reserved 1099776K
  class space    used 6490K, capacity 7071K, committed 7168K, reserved 1048576K
}
{Heap before GC invocations=92 (full 0):
 PSYoungGen      total 125952K, used 125152K [0x00000000f8300000, 0x0000000100000000, 0x0000000100000000)
  eden space 123904K, 100% used [0x00000000f8300000,0x00000000ffc00000,0x00000000ffc00000)
  from space 2048K, 60% used [0x00000000ffc00000,0x00000000ffd38000,0x00000000ffe00000)
  to   space 2048K, 0% used [0x00000000ffe00000,0x00000000ffe00000,0x0000000100000000)
 ParOldGen       total 134144K, used 57687K [0x00000000f0000000, 0x00000000f8300000, 0x00000000f8300000)
  object space 134144K, 43% used [0x00000000f0000000,0x00000000f3855e88,0x00000000f8300000)
 Metaspace       used 53227K, capacity 56594K, committed 56832K, reserved 1099776K
  class space    used 6490K, capacity 7071K, committed 7168K, reserved 1048576K
2023-10-03T08:18:39.577+0800: 845.375: [GC (Allocation Failure) [PSYoungGen: 125152K->1216K(125952K)] 182839K->58943K(260096K), 0.0078068 secs] [Times: user=0.05 sys=0.00, real=0.01 secs] 
Heap after GC invocations=92 (full 0):
 PSYoungGen      total 125952K, used 1216K [0x00000000f8300000, 0x0000000100000000, 0x0000000100000000)
  eden space 123904K, 0% used [0x00000000f8300000,0x00000000f8300000,0x00000000ffc00000)
  from space 2048K, 59% used [0x00000000ffe00000,0x00000000fff30000,0x0000000100000000)
  to   space 2048K, 0% used [0x00000000ffc00000,0x00000000ffc00000,0x00000000ffe00000)
 ParOldGen       total 134144K, used 57727K [0x00000000f0000000, 0x00000000f8300000, 0x00000000f8300000)
  object space 134144K, 43% used [0x00000000f0000000,0x00000000f385fe88,0x00000000f8300000)
 Metaspace       used 53227K, capacity 56594K, committed 56832K, reserved 1099776K
  class space    used 6490K, capacity 7071K, committed 7168K, reserved 1048576K
}
{Heap before GC invocations=93 (full 0):
 PSYoungGen      total 125952K, used 125120K [0x00000000f8300000, 0x0000000100000000, 0x0000000100000000)
  eden space 123904K, 100% used [0x00000000f8300000,0x00000000ffc00000,0x00000000ffc00000)
  from space 2048K, 59% used [0x00000000ffe00000,0x00000000fff30000,0x0000000100000000)
  to   space 2048K, 0% used [0x00000000ffc00000,0x00000000ffc00000,0x00000000ffe00000)
 ParOldGen       total 134144K, used 57727K [0x00000000f0000000, 0x00000000f8300000, 0x00000000f8300000)
  object space 134144K, 43% used [0x00000000f0000000,0x00000000f385fe88,0x00000000f8300000)
 Metaspace       used 53232K, capacity 56594K, committed 56832K, reserved 1099776K
  class space    used 6490K, capacity 7071K, committed 7168K, reserved 1048576K
2023-10-03T08:18:43.702+0800: 849.500: [GC (Allocation Failure) [PSYoungGen: 125120K->1312K(125952K)] 182847K->59039K(260096K), 0.0082300 secs] [Times: user=0.05 sys=0.00, real=0.01 secs] 
Heap after GC invocations=93 (full 0):
 PSYoungGen      total 125952K, used 1312K [0x00000000f8300000, 0x0000000100000000, 0x0000000100000000)
  eden space 123904K, 0% used [0x00000000f8300000,0x00000000f8300000,0x00000000ffc00000)
  from space 2048K, 64% used [0x00000000ffc00000,0x00000000ffd48000,0x00000000ffe00000)
  to   space 2048K, 0% used [0x00000000ffe00000,0x00000000ffe00000,0x0000000100000000)
 ParOldGen       total 134144K, used 57727K [0x00000000f0000000, 0x00000000f8300000, 0x00000000f8300000)
  object space 134144K, 43% used [0x00000000f0000000,0x00000000f385fe88,0x00000000f8300000)
 Metaspace       used 53232K, capacity 56594K, committed 56832K, reserved 1099776K
  class space    used 6490K, capacity 7071K, committed 7168K, reserved 1048576K
}
{Heap before GC invocations=94 (full 0):
 PSYoungGen      total 125952K, used 125216K [0x00000000f8300000, 0x0000000100000000, 0x0000000100000000)
  eden space 123904K, 100% used [0x00000000f8300000,0x00000000ffc00000,0x00000000ffc00000)
  from space 2048K, 64% used [0x00000000ffc00000,0x00000000ffd48000,0x00000000ffe00000)
  to   space 2048K, 0% used [0x00000000ffe00000,0x00000000ffe00000,0x0000000100000000)
 ParOldGen       total 134144K, used 57727K [0x00000000f0000000, 0x00000000f8300000, 0x00000000f8300000)
  object space 134144K, 43% used [0x00000000f0000000,0x00000000f385fe88,0x00000000f8300000)
 Metaspace       used 53232K, capacity 56594K, committed 56832K, reserved 1099776K
  class space    used 6490K, capacity 7071K, committed 7168K, reserved 1048576K
2023-10-03T08:18:47.786+0800: 853.584: [GC (Allocation Failure) [PSYoungGen: 125216K->1280K(125952K)] 182943K->59055K(260096K), 0.0080916 secs] [Times: user=0.04 sys=0.01, real=0.01 secs] 
Heap after GC invocations=94 (full 0):
 PSYoungGen      total 125952K, used 1280K [0x00000000f8300000, 0x0000000100000000, 0x0000000100000000)
  eden space 123904K, 0% used [0x00000000f8300000,0x00000000f8300000,0x00000000ffc00000)
  from space 2048K, 62% used [0x00000000ffe00000,0x00000000fff40000,0x0000000100000000)
  to   space 2048K, 0% used [0x00000000ffc00000,0x00000000ffc00000,0x00000000ffe00000)
 ParOldGen       total 134144K, used 57775K [0x00000000f0000000, 0x00000000f8300000, 0x00000000f8300000)
  object space 134144K, 43% used [0x00000000f0000000,0x00000000f386be88,0x00000000f8300000)
 Metaspace       used 53232K, capacity 56594K, committed 56832K, reserved 1099776K
  class space    used 6490K, capacity 7071K, committed 7168K, reserved 1048576K
}
{Heap before GC invocations=95 (full 0):
 PSYoungGen      total 125952K, used 125184K [0x00000000f8300000, 0x0000000100000000, 0x0000000100000000)
  eden space 123904K, 100% used [0x00000000f8300000,0x00000000ffc00000,0x00000000ffc00000)
  from space 2048K, 62% used [0x00000000ffe00000,0x00000000fff40000,0x0000000100000000)
  to   space 2048K, 0% used [0x00000000ffc00000,0x00000000ffc00000,0x00000000ffe00000)
 ParOldGen       total 134144K, used 57775K [0x00000000f0000000, 0x00000000f8300000, 0x00000000f8300000)
  object space 134144K, 43% used [0x00000000f0000000,0x00000000f386be88,0x00000000f8300000)
 Metaspace       used 53232K, capacity 56594K, committed 56832K, reserved 1099776K
  class space    used 6490K, capacity 7071K, committed 7168K, reserved 1048576K
2023-10-03T08:18:51.873+0800: 857.671: [GC (Allocation Failure) [PSYoungGen: 125184K->1280K(125952K)] 182959K->59087K(260096K), 0.0082989 secs] [Times: user=0.04 sys=0.01, real=0.01 secs] 
Heap after GC invocations=95 (full 0):
 PSYoungGen      total 125952K, used 1280K [0x00000000f8300000, 0x0000000100000000, 0x0000000100000000)
  eden space 123904K, 0% used [0x00000000f8300000,0x00000000f8300000,0x00000000ffc00000)
  from space 2048K, 62% used [0x00000000ffc00000,0x00000000ffd40000,0x00000000ffe00000)
  to   space 2048K, 0% used [0x00000000ffe00000,0x00000000ffe00000,0x0000000100000000)
 ParOldGen       total 134144K, used 57807K [0x00000000f0000000, 0x00000000f8300000, 0x00000000f8300000)
  object space 134144K, 43% used [0x00000000f0000000,0x00000000f3873e88,0x00000000f8300000)
 Metaspace       used 53232K, capacity 56594K, committed 56832K, reserved 1099776K
  class space    used 6490K, capacity 7071K, committed 7168K, reserved 1048576K
}
{Heap before GC invocations=96 (full 0):
 PSYoungGen      total 125952K, used 125184K [0x00000000f8300000, 0x0000000100000000, 0x0000000100000000)
  eden space 123904K, 100% used [0x00000000f8300000,0x00000000ffc00000,0x00000000ffc00000)
  from space 2048K, 62% used [0x00000000ffc00000,0x00000000ffd40000,0x00000000ffe00000)
  to   space 2048K, 0% used [0x00000000ffe00000,0x00000000ffe00000,0x0000000100000000)
 ParOldGen       total 134144K, used 57807K [0x00000000f0000000, 0x00000000f8300000, 0x00000000f8300000)
  object space 134144K, 43% used [0x00000000f0000000,0x00000000f3873e88,0x00000000f8300000)
 Metaspace       used 53232K, capacity 56594K, committed 56832K, reserved 1099776K
  class space    used 6490K, capacity 7071K, committed 7168K, reserved 1048576K
2023-10-03T08:18:56.021+0800: 861.819: [GC (Allocation Failure) [PSYoungGen: 125184K->1184K(125952K)] 182991K->59015K(260096K), 0.0081624 secs] [Times: user=0.05 sys=0.00, real=0.01 secs] 
Heap after GC invocations=96 (full 0):
 PSYoungGen      total 125952K, used 1184K [0x00000000f8300000, 0x0000000100000000, 0x0000000100000000)
  eden space 123904K, 0% used [0x00000000f8300000,0x00000000f8300000,0x00000000ffc00000)
  from space 2048K, 57% used [0x00000000ffe00000,0x00000000fff28000,0x0000000100000000)
  to   space 2048K, 0% used [0x00000000ffc00000,0x00000000ffc00000,0x00000000ffe00000)
 ParOldGen       total 134144K, used 57831K [0x00000000f0000000, 0x00000000f8300000, 0x00000000f8300000)
  object space 134144K, 43% used [0x00000000f0000000,0x00000000f3879e88,0x00000000f8300000)
 Metaspace       used 53232K, capacity 56594K, committed 56832K, reserved 1099776K
  class space    used 6490K, capacity 7071K, committed 7168K, reserved 1048576K
}
{Heap before GC invocations=97 (full 0):
 PSYoungGen      total 125952K, used 125088K [0x00000000f8300000, 0x0000000100000000, 0x0000000100000000)
  eden space 123904K, 100% used [0x00000000f8300000,0x00000000ffc00000,0x00000000ffc00000)
  from space 2048K, 57% used [0x00000000ffe00000,0x00000000fff28000,0x0000000100000000)
  to   space 2048K, 0% used [0x00000000ffc00000,0x00000000ffc00000,0x00000000ffe00000)
 ParOldGen       total 134144K, used 57831K [0x00000000f0000000, 0x00000000f8300000, 0x00000000f8300000)
  object space 134144K, 43% used [0x00000000f0000000,0x00000000f3879e88,0x00000000f8300000)
 Metaspace       used 53232K, capacity 56594K, committed 56832K, reserved 1099776K
  class space    used 6490K, capacity 7071K, committed 7168K, reserved 1048576K
2023-10-03T08:19:00.136+0800: 865.934: [GC (Allocation Failure) [PSYoungGen: 125088K->1216K(125952K)] 182919K->59055K(260096K), 0.0080711 secs] [Times: user=0.05 sys=0.00, real=0.01 secs] 
Heap after GC invocations=97 (full 0):
 PSYoungGen      total 125952K, used 1216K [0x00000000f8300000, 0x0000000100000000, 0x0000000100000000)
  eden space 123904K, 0% used [0x00000000f8300000,0x00000000f8300000,0x00000000ffc00000)
  from space 2048K, 59% used [0x00000000ffc00000,0x00000000ffd30000,0x00000000ffe00000)
  to   space 2048K, 0% used [0x00000000ffe00000,0x00000000ffe00000,0x0000000100000000)
 ParOldGen       total 134144K, used 57839K [0x00000000f0000000, 0x00000000f8300000, 0x00000000f8300000)
  object space 134144K, 43% used [0x00000000f0000000,0x00000000f387be88,0x00000000f8300000)
 Metaspace       used 53232K, capacity 56594K, committed 56832K, reserved 1099776K
  class space    used 6490K, capacity 7071K, committed 7168K, reserved 1048576K
}
{Heap before GC invocations=98 (full 0):
 PSYoungGen      total 125952K, used 125120K [0x00000000f8300000, 0x0000000100000000, 0x0000000100000000)
  eden space 123904K, 100% used [0x00000000f8300000,0x00000000ffc00000,0x00000000ffc00000)
  from space 2048K, 59% used [0x00000000ffc00000,0x00000000ffd30000,0x00000000ffe00000)
  to   space 2048K, 0% used [0x00000000ffe00000,0x00000000ffe00000,0x0000000100000000)
 ParOldGen       total 134144K, used 57839K [0x00000000f0000000, 0x00000000f8300000, 0x00000000f8300000)
  object space 134144K, 43% used [0x00000000f0000000,0x00000000f387be88,0x00000000f8300000)
 Metaspace       used 53232K, capacity 56594K, committed 56832K, reserved 1099776K
  class space    used 6490K, capacity 7071K, committed 7168K, reserved 1048576K
2023-10-03T08:19:04.292+0800: 870.090: [GC (Allocation Failure) [PSYoungGen: 125120K->1248K(125952K)] 182959K->59135K(260096K), 0.0073403 secs] [Times: user=0.05 sys=0.00, real=0.01 secs] 
Heap after GC invocations=98 (full 0):
 PSYoungGen      total 125952K, used 1248K [0x00000000f8300000, 0x0000000100000000, 0x0000000100000000)
  eden space 123904K, 0% used [0x00000000f8300000,0x00000000f8300000,0x00000000ffc00000)
  from space 2048K, 60% used [0x00000000ffe00000,0x00000000fff38000,0x0000000100000000)
  to   space 2048K, 0% used [0x00000000ffc00000,0x00000000ffc00000,0x00000000ffe00000)
 ParOldGen       total 134144K, used 57887K [0x00000000f0000000, 0x00000000f8300000, 0x00000000f8300000)
  object space 134144K, 43% used [0x00000000f0000000,0x00000000f3887e88,0x00000000f8300000)
 Metaspace       used 53232K, capacity 56594K, committed 56832K, reserved 1099776K
  class space    used 6490K, capacity 7071K, committed 7168K, reserved 1048576K
}
{Heap before GC invocations=99 (full 0):
 PSYoungGen      total 125952K, used 125152K [0x00000000f8300000, 0x0000000100000000, 0x0000000100000000)
  eden space 123904K, 100% used [0x00000000f8300000,0x00000000ffc00000,0x00000000ffc00000)
  from space 2048K, 60% used [0x00000000ffe00000,0x00000000fff38000,0x0000000100000000)
  to   space 2048K, 0% used [0x00000000ffc00000,0x00000000ffc00000,0x00000000ffe00000)
 ParOldGen       total 134144K, used 57887K [0x00000000f0000000, 0x00000000f8300000, 0x00000000f8300000)
  object space 134144K, 43% used [0x00000000f0000000,0x00000000f3887e88,0x00000000f8300000)
 Metaspace       used 53232K, capacity 56594K, committed 56832K, reserved 1099776K
  class space    used 6490K, capacity 7071K, committed 7168K, reserved 1048576K
2023-10-03T08:19:08.452+0800: 874.250: [GC (Allocation Failure) [PSYoungGen: 125152K->1280K(125952K)] 183039K->59183K(260096K), 0.0037863 secs] [Times: user=0.02 sys=0.00, real=0.00 secs] 
Heap after GC invocations=99 (full 0):
 PSYoungGen      total 125952K, used 1280K [0x00000000f8300000, 0x0000000100000000, 0x0000000100000000)
  eden space 123904K, 0% used [0x00000000f8300000,0x00000000f8300000,0x00000000ffc00000)
  from space 2048K, 62% used [0x00000000ffc00000,0x00000000ffd40000,0x00000000ffe00000)
  to   space 2048K, 0% used [0x00000000ffe00000,0x00000000ffe00000,0x0000000100000000)
 ParOldGen       total 134144K, used 57903K [0x00000000f0000000, 0x00000000f8300000, 0x00000000f8300000)
  object space 134144K, 43% used [0x00000000f0000000,0x00000000f388be88,0x00000000f8300000)
 Metaspace       used 53232K, capacity 56594K, committed 56832K, reserved 1099776K
  class space    used 6490K, capacity 7071K, committed 7168K, reserved 1048576K
}
{Heap before GC invocations=100 (full 0):
 PSYoungGen      total 125952K, used 125184K [0x00000000f8300000, 0x0000000100000000, 0x0000000100000000)
  eden space 123904K, 100% used [0x00000000f8300000,0x00000000ffc00000,0x00000000ffc00000)
  from space 2048K, 62% used [0x00000000ffc00000,0x00000000ffd40000,0x00000000ffe00000)
  to   space 2048K, 0% used [0x00000000ffe00000,0x00000000ffe00000,0x0000000100000000)
 ParOldGen       total 134144K, used 57903K [0x00000000f0000000, 0x00000000f8300000, 0x00000000f8300000)
  object space 134144K, 43% used [0x00000000f0000000,0x00000000f388be88,0x00000000f8300000)
 Metaspace       used 53232K, capacity 56594K, committed 56832K, reserved 1099776K
  class space    used 6490K, capacity 7071K, committed 7168K, reserved 1048576K
2023-10-03T08:19:12.525+0800: 878.323: [GC (Allocation Failure) [PSYoungGen: 125184K->1280K(125952K)] 183087K->59191K(260096K), 0.0080838 secs] [Times: user=0.05 sys=0.00, real=0.01 secs] 
Heap after GC invocations=100 (full 0):
 PSYoungGen      total 125952K, used 1280K [0x00000000f8300000, 0x0000000100000000, 0x0000000100000000)
  eden space 123904K, 0% used [0x00000000f8300000,0x00000000f8300000,0x00000000ffc00000)
  from space 2048K, 62% used [0x00000000ffe00000,0x00000000fff40000,0x0000000100000000)
  to   space 2048K, 0% used [0x00000000ffc00000,0x00000000ffc00000,0x00000000ffe00000)
 ParOldGen       total 134144K, used 57911K [0x00000000f0000000, 0x00000000f8300000, 0x00000000f8300000)
  object space 134144K, 43% used [0x00000000f0000000,0x00000000f388de88,0x00000000f8300000)
 Metaspace       used 53232K, capacity 56594K, committed 56832K, reserved 1099776K
  class space    used 6490K, capacity 7071K, committed 7168K, reserved 1048576K
}
{Heap before GC invocations=101 (full 0):
 PSYoungGen      total 125952K, used 125184K [0x00000000f8300000, 0x0000000100000000, 0x0000000100000000)
  eden space 123904K, 100% used [0x00000000f8300000,0x00000000ffc00000,0x00000000ffc00000)
  from space 2048K, 62% used [0x00000000ffe00000,0x00000000fff40000,0x0000000100000000)
  to   space 2048K, 0% used [0x00000000ffc00000,0x00000000ffc00000,0x00000000ffe00000)
 ParOldGen       total 134144K, used 57911K [0x00000000f0000000, 0x00000000f8300000, 0x00000000f8300000)
  object space 134144K, 43% used [0x00000000f0000000,0x00000000f388de88,0x00000000f8300000)
 Metaspace       used 53236K, capacity 56594K, committed 56832K, reserved 1099776K
  class space    used 6490K, capacity 7071K, committed 7168K, reserved 1048576K
2023-10-03T08:19:16.604+0800: 882.402: [GC (Allocation Failure) [PSYoungGen: 125184K->1312K(125952K)] 183095K->59231K(260096K), 0.0079105 secs] [Times: user=0.05 sys=0.01, real=0.01 secs] 
Heap after GC invocations=101 (full 0):
 PSYoungGen      total 125952K, used 1312K [0x00000000f8300000, 0x0000000100000000, 0x0000000100000000)
  eden space 123904K, 0% used [0x00000000f8300000,0x00000000f8300000,0x00000000ffc00000)
  from space 2048K, 64% used [0x00000000ffc00000,0x00000000ffd48000,0x00000000ffe00000)
  to   space 2048K, 0% used [0x00000000ffe00000,0x00000000ffe00000,0x0000000100000000)
 ParOldGen       total 134144K, used 57919K [0x00000000f0000000, 0x00000000f8300000, 0x00000000f8300000)
  object space 134144K, 43% used [0x00000000f0000000,0x00000000f388fe88,0x00000000f8300000)
 Metaspace       used 53236K, capacity 56594K, committed 56832K, reserved 1099776K
  class space    used 6490K, capacity 7071K, committed 7168K, reserved 1048576K
}
{Heap before GC invocations=102 (full 0):
 PSYoungGen      total 125952K, used 125216K [0x00000000f8300000, 0x0000000100000000, 0x0000000100000000)
  eden space 123904K, 100% used [0x00000000f8300000,0x00000000ffc00000,0x00000000ffc00000)
  from space 2048K, 64% used [0x00000000ffc00000,0x00000000ffd48000,0x00000000ffe00000)
  to   space 2048K, 0% used [0x00000000ffe00000,0x00000000ffe00000,0x0000000100000000)
 ParOldGen       total 134144K, used 57919K [0x00000000f0000000, 0x00000000f8300000, 0x00000000f8300000)
  object space 134144K, 43% used [0x00000000f0000000,0x00000000f388fe88,0x00000000f8300000)
 Metaspace       used 53236K, capacity 56594K, committed 56832K, reserved 1099776K
  class space    used 6490K, capacity 7071K, committed 7168K, reserved 1048576K
2023-10-03T08:19:20.756+0800: 886.554: [GC (Allocation Failure) [PSYoungGen: 125216K->1568K(125952K)] 183135K->59567K(260096K), 0.0041440 secs] [Times: user=0.02 sys=0.01, real=0.01 secs] 
Heap after GC invocations=102 (full 0):
 PSYoungGen      total 125952K, used 1568K [0x00000000f8300000, 0x0000000100000000, 0x0000000100000000)
  eden space 123904K, 0% used [0x00000000f8300000,0x00000000f8300000,0x00000000ffc00000)
  from space 2048K, 76% used [0x00000000ffe00000,0x00000000fff88000,0x0000000100000000)
  to   space 2048K, 0% used [0x00000000ffc00000,0x00000000ffc00000,0x00000000ffe00000)
 ParOldGen       total 134144K, used 57999K [0x00000000f0000000, 0x00000000f8300000, 0x00000000f8300000)
  object space 134144K, 43% used [0x00000000f0000000,0x00000000f38a3e88,0x00000000f8300000)
 Metaspace       used 53236K, capacity 56594K, committed 56832K, reserved 1099776K
  class space    used 6490K, capacity 7071K, committed 7168K, reserved 1048576K
}
{Heap before GC invocations=103 (full 0):
 PSYoungGen      total 125952K, used 125472K [0x00000000f8300000, 0x0000000100000000, 0x0000000100000000)
  eden space 123904K, 100% used [0x00000000f8300000,0x00000000ffc00000,0x00000000ffc00000)
  from space 2048K, 76% used [0x00000000ffe00000,0x00000000fff88000,0x0000000100000000)
  to   space 2048K, 0% used [0x00000000ffc00000,0x00000000ffc00000,0x00000000ffe00000)
 ParOldGen       total 134144K, used 57999K [0x00000000f0000000, 0x00000000f8300000, 0x00000000f8300000)
  object space 134144K, 43% used [0x00000000f0000000,0x00000000f38a3e88,0x00000000f8300000)
 Metaspace       used 53236K, capacity 56594K, committed 56832K, reserved 1099776K
  class space    used 6490K, capacity 7071K, committed 7168K, reserved 1048576K
2023-10-03T08:19:24.884+0800: 890.682: [GC (Allocation Failure) [PSYoungGen: 125472K->1216K(125952K)] 183471K->59583K(260096K), 0.0084061 secs] [Times: user=0.05 sys=0.00, real=0.01 secs] 
Heap after GC invocations=103 (full 0):
 PSYoungGen      total 125952K, used 1216K [0x00000000f8300000, 0x0000000100000000, 0x0000000100000000)
  eden space 123904K, 0% used [0x00000000f8300000,0x00000000f8300000,0x00000000ffc00000)
  from space 2048K, 59% used [0x00000000ffc00000,0x00000000ffd30000,0x00000000ffe00000)
  to   space 2048K, 0% used [0x00000000ffe00000,0x00000000ffe00000,0x0000000100000000)
 ParOldGen       total 134144K, used 58367K [0x00000000f0000000, 0x00000000f8300000, 0x00000000f8300000)
  object space 134144K, 43% used [0x00000000f0000000,0x00000000f38ffe88,0x00000000f8300000)
 Metaspace       used 53236K, capacity 56594K, committed 56832K, reserved 1099776K
  class space    used 6490K, capacity 7071K, committed 7168K, reserved 1048576K
}
{Heap before GC invocations=104 (full 0):
 PSYoungGen      total 125952K, used 125120K [0x00000000f8300000, 0x0000000100000000, 0x0000000100000000)
  eden space 123904K, 100% used [0x00000000f8300000,0x00000000ffc00000,0x00000000ffc00000)
  from space 2048K, 59% used [0x00000000ffc00000,0x00000000ffd30000,0x00000000ffe00000)
  to   space 2048K, 0% used [0x00000000ffe00000,0x00000000ffe00000,0x0000000100000000)
 ParOldGen       total 134144K, used 58367K [0x00000000f0000000, 0x00000000f8300000, 0x00000000f8300000)
  object space 134144K, 43% used [0x00000000f0000000,0x00000000f38ffe88,0x00000000f8300000)
 Metaspace       used 53237K, capacity 56594K, committed 56832K, reserved 1099776K
  class space    used 6490K, capacity 7071K, committed 7168K, reserved 1048576K
2023-10-03T08:19:29.017+0800: 894.815: [GC (Allocation Failure) [PSYoungGen: 125120K->1280K(125952K)] 183487K->59695K(260096K), 0.0076681 secs] [Times: user=0.04 sys=0.01, real=0.01 secs] 
Heap after GC invocations=104 (full 0):
 PSYoungGen      total 125952K, used 1280K [0x00000000f8300000, 0x0000000100000000, 0x0000000100000000)
  eden space 123904K, 0% used [0x00000000f8300000,0x00000000f8300000,0x00000000ffc00000)
  from space 2048K, 62% used [0x00000000ffe00000,0x00000000fff40000,0x0000000100000000)
  to   space 2048K, 0% used [0x00000000ffc00000,0x00000000ffc00000,0x00000000ffe00000)
 ParOldGen       total 134144K, used 58415K [0x00000000f0000000, 0x00000000f8300000, 0x00000000f8300000)
  object space 134144K, 43% used [0x00000000f0000000,0x00000000f390be88,0x00000000f8300000)
 Metaspace       used 53237K, capacity 56594K, committed 56832K, reserved 1099776K
  class space    used 6490K, capacity 7071K, committed 7168K, reserved 1048576K
}
{Heap before GC invocations=105 (full 0):
 PSYoungGen      total 125952K, used 125184K [0x00000000f8300000, 0x0000000100000000, 0x0000000100000000)
  eden space 123904K, 100% used [0x00000000f8300000,0x00000000ffc00000,0x00000000ffc00000)
  from space 2048K, 62% used [0x00000000ffe00000,0x00000000fff40000,0x0000000100000000)
  to   space 2048K, 0% used [0x00000000ffc00000,0x00000000ffc00000,0x00000000ffe00000)
 ParOldGen       total 134144K, used 58415K [0x00000000f0000000, 0x00000000f8300000, 0x00000000f8300000)
  object space 134144K, 43% used [0x00000000f0000000,0x00000000f390be88,0x00000000f8300000)
 Metaspace       used 53237K, capacity 56594K, committed 56832K, reserved 1099776K
  class space    used 6490K, capacity 7071K, committed 7168K, reserved 1048576K
2023-10-03T08:19:33.199+0800: 898.997: [GC (Allocation Failure) [PSYoungGen: 125184K->1408K(125952K)] 183599K->59847K(260096K), 0.0063202 secs] [Times: user=0.05 sys=0.00, real=0.01 secs] 
Heap after GC invocations=105 (full 0):
 PSYoungGen      total 125952K, used 1408K [0x00000000f8300000, 0x0000000100000000, 0x0000000100000000)
  eden space 123904K, 0% used [0x00000000f8300000,0x00000000f8300000,0x00000000ffc00000)
  from space 2048K, 68% used [0x00000000ffc00000,0x00000000ffd60000,0x00000000ffe00000)
  to   space 2048K, 0% used [0x00000000ffe00000,0x00000000ffe00000,0x0000000100000000)
 ParOldGen       total 134144K, used 58439K [0x00000000f0000000, 0x00000000f8300000, 0x00000000f8300000)
  object space 134144K, 43% used [0x00000000f0000000,0x00000000f3911e88,0x00000000f8300000)
 Metaspace       used 53237K, capacity 56594K, committed 56832K, reserved 1099776K
  class space    used 6490K, capacity 7071K, committed 7168K, reserved 1048576K
}
{Heap before GC invocations=106 (full 0):
 PSYoungGen      total 125952K, used 125312K [0x00000000f8300000, 0x0000000100000000, 0x0000000100000000)
  eden space 123904K, 100% used [0x00000000f8300000,0x00000000ffc00000,0x00000000ffc00000)
  from space 2048K, 68% used [0x00000000ffc00000,0x00000000ffd60000,0x00000000ffe00000)
  to   space 2048K, 0% used [0x00000000ffe00000,0x00000000ffe00000,0x0000000100000000)
 ParOldGen       total 134144K, used 58439K [0x00000000f0000000, 0x00000000f8300000, 0x00000000f8300000)
  object space 134144K, 43% used [0x00000000f0000000,0x00000000f3911e88,0x00000000f8300000)
 Metaspace       used 53237K, capacity 56594K, committed 56832K, reserved 1099776K
  class space    used 6490K, capacity 7071K, committed 7168K, reserved 1048576K
2023-10-03T08:19:37.259+0800: 903.057: [GC (Allocation Failure) [PSYoungGen: 125312K->1248K(125952K)] 183751K->59895K(260096K), 0.0085873 secs] [Times: user=0.05 sys=0.00, real=0.01 secs] 
Heap after GC invocations=106 (full 0):
 PSYoungGen      total 125952K, used 1248K [0x00000000f8300000, 0x0000000100000000, 0x0000000100000000)
  eden space 123904K, 0% used [0x00000000f8300000,0x00000000f8300000,0x00000000ffc00000)
  from space 2048K, 60% used [0x00000000ffe00000,0x00000000fff38000,0x0000000100000000)
  to   space 2048K, 0% used [0x00000000ffc00000,0x00000000ffc00000,0x00000000ffe00000)
 ParOldGen       total 134144K, used 58647K [0x00000000f0000000, 0x00000000f8300000, 0x00000000f8300000)
  object space 134144K, 43% used [0x00000000f0000000,0x00000000f3945f88,0x00000000f8300000)
 Metaspace       used 53237K, capacity 56594K, committed 56832K, reserved 1099776K
  class space    used 6490K, capacity 7071K, committed 7168K, reserved 1048576K
}
{Heap before GC invocations=107 (full 0):
 PSYoungGen      total 125952K, used 125152K [0x00000000f8300000, 0x0000000100000000, 0x0000000100000000)
  eden space 123904K, 100% used [0x00000000f8300000,0x00000000ffc00000,0x00000000ffc00000)
  from space 2048K, 60% used [0x00000000ffe00000,0x00000000fff38000,0x0000000100000000)
  to   space 2048K, 0% used [0x00000000ffc00000,0x00000000ffc00000,0x00000000ffe00000)
 ParOldGen       total 134144K, used 58647K [0x00000000f0000000, 0x00000000f8300000, 0x00000000f8300000)
  object space 134144K, 43% used [0x00000000f0000000,0x00000000f3945f88,0x00000000f8300000)
 Metaspace       used 53237K, capacity 56594K, committed 56832K, reserved 1099776K
  class space    used 6490K, capacity 7071K, committed 7168K, reserved 1048576K
2023-10-03T08:19:41.340+0800: 907.138: [GC (Allocation Failure) [PSYoungGen: 125152K->1184K(125952K)] 183799K->59831K(260096K), 0.0081024 secs] [Times: user=0.04 sys=0.01, real=0.00 secs] 
Heap after GC invocations=107 (full 0):
 PSYoungGen      total 125952K, used 1184K [0x00000000f8300000, 0x0000000100000000, 0x0000000100000000)
  eden space 123904K, 0% used [0x00000000f8300000,0x00000000f8300000,0x00000000ffc00000)
  from space 2048K, 57% used [0x00000000ffc00000,0x00000000ffd28000,0x00000000ffe00000)
  to   space 2048K, 0% used [0x00000000ffe00000,0x00000000ffe00000,0x0000000100000000)
 ParOldGen       total 134144K, used 58647K [0x00000000f0000000, 0x00000000f8300000, 0x00000000f8300000)
  object space 134144K, 43% used [0x00000000f0000000,0x00000000f3945f88,0x00000000f8300000)
 Metaspace       used 53237K, capacity 56594K, committed 56832K, reserved 1099776K
  class space    used 6490K, capacity 7071K, committed 7168K, reserved 1048576K
}
{Heap before GC invocations=108 (full 0):
 PSYoungGen      total 125952K, used 125088K [0x00000000f8300000, 0x0000000100000000, 0x0000000100000000)
  eden space 123904K, 100% used [0x00000000f8300000,0x00000000ffc00000,0x00000000ffc00000)
  from space 2048K, 57% used [0x00000000ffc00000,0x00000000ffd28000,0x00000000ffe00000)
  to   space 2048K, 0% used [0x00000000ffe00000,0x00000000ffe00000,0x0000000100000000)
 ParOldGen       total 134144K, used 58647K [0x00000000f0000000, 0x00000000f8300000, 0x00000000f8300000)
  object space 134144K, 43% used [0x00000000f0000000,0x00000000f3945f88,0x00000000f8300000)
 Metaspace       used 53238K, capacity 56594K, committed 56832K, reserved 1099776K
  class space    used 6490K, capacity 7071K, committed 7168K, reserved 1048576K
2023-10-03T08:19:45.483+0800: 911.281: [GC (Allocation Failure) [PSYoungGen: 125088K->1248K(125952K)] 183735K->59951K(260096K), 0.0082454 secs] [Times: user=0.05 sys=0.00, real=0.01 secs] 
Heap after GC invocations=108 (full 0):
 PSYoungGen      total 125952K, used 1248K [0x00000000f8300000, 0x0000000100000000, 0x0000000100000000)
  eden space 123904K, 0% used [0x00000000f8300000,0x00000000f8300000,0x00000000ffc00000)
  from space 2048K, 60% used [0x00000000ffe00000,0x00000000fff38000,0x0000000100000000)
  to   space 2048K, 0% used [0x00000000ffc00000,0x00000000ffc00000,0x00000000ffe00000)
 ParOldGen       total 134144K, used 58703K [0x00000000f0000000, 0x00000000f8300000, 0x00000000f8300000)
  object space 134144K, 43% used [0x00000000f0000000,0x00000000f3953f88,0x00000000f8300000)
 Metaspace       used 53238K, capacity 56594K, committed 56832K, reserved 1099776K
  class space    used 6490K, capacity 7071K, committed 7168K, reserved 1048576K
}
{Heap before GC invocations=109 (full 0):
 PSYoungGen      total 125952K, used 125152K [0x00000000f8300000, 0x0000000100000000, 0x0000000100000000)
  eden space 123904K, 100% used [0x00000000f8300000,0x00000000ffc00000,0x00000000ffc00000)
  from space 2048K, 60% used [0x00000000ffe00000,0x00000000fff38000,0x0000000100000000)
  to   space 2048K, 0% used [0x00000000ffc00000,0x00000000ffc00000,0x00000000ffe00000)
 ParOldGen       total 134144K, used 58703K [0x00000000f0000000, 0x00000000f8300000, 0x00000000f8300000)
  object space 134144K, 43% used [0x00000000f0000000,0x00000000f3953f88,0x00000000f8300000)
 Metaspace       used 53238K, capacity 56594K, committed 56832K, reserved 1099776K
  class space    used 6490K, capacity 7071K, committed 7168K, reserved 1048576K
2023-10-03T08:19:49.597+0800: 915.395: [GC (Allocation Failure) [PSYoungGen: 125152K->1248K(125952K)] 183855K->60007K(260096K), 0.0080418 secs] [Times: user=0.05 sys=0.00, real=0.01 secs] 
Heap after GC invocations=109 (full 0):
 PSYoungGen      total 125952K, used 1248K [0x00000000f8300000, 0x0000000100000000, 0x0000000100000000)
  eden space 123904K, 0% used [0x00000000f8300000,0x00000000f8300000,0x00000000ffc00000)
  from space 2048K, 60% used [0x00000000ffc00000,0x00000000ffd38000,0x00000000ffe00000)
  to   space 2048K, 0% used [0x00000000ffe00000,0x00000000ffe00000,0x0000000100000000)
 ParOldGen       total 134144K, used 58759K [0x00000000f0000000, 0x00000000f8300000, 0x00000000f8300000)
  object space 134144K, 43% used [0x00000000f0000000,0x00000000f3961f88,0x00000000f8300000)
 Metaspace       used 53238K, capacity 56594K, committed 56832K, reserved 1099776K
  class space    used 6490K, capacity 7071K, committed 7168K, reserved 1048576K
}
{Heap before GC invocations=110 (full 0):
 PSYoungGen      total 125952K, used 125152K [0x00000000f8300000, 0x0000000100000000, 0x0000000100000000)
  eden space 123904K, 100% used [0x00000000f8300000,0x00000000ffc00000,0x00000000ffc00000)
  from space 2048K, 60% used [0x00000000ffc00000,0x00000000ffd38000,0x00000000ffe00000)
  to   space 2048K, 0% used [0x00000000ffe00000,0x00000000ffe00000,0x0000000100000000)
 ParOldGen       total 134144K, used 58759K [0x00000000f0000000, 0x00000000f8300000, 0x00000000f8300000)
  object space 134144K, 43% used [0x00000000f0000000,0x00000000f3961f88,0x00000000f8300000)
 Metaspace       used 53238K, capacity 56594K, committed 56832K, reserved 1099776K
  class space    used 6490K, capacity 7071K, committed 7168K, reserved 1048576K
2023-10-03T08:19:53.756+0800: 919.554: [GC (Allocation Failure) [PSYoungGen: 125152K->1248K(126464K)] 183911K->60039K(260608K), 0.0040625 secs] [Times: user=0.03 sys=0.00, real=0.01 secs] 
Heap after GC invocations=110 (full 0):
 PSYoungGen      total 126464K, used 1248K [0x00000000f8300000, 0x0000000100000000, 0x0000000100000000)
  eden space 124416K, 0% used [0x00000000f8300000,0x00000000f8300000,0x00000000ffc80000)
  from space 2048K, 60% used [0x00000000ffe00000,0x00000000fff38000,0x0000000100000000)
  to   space 1536K, 0% used [0x00000000ffc80000,0x00000000ffc80000,0x00000000ffe00000)
 ParOldGen       total 134144K, used 58791K [0x00000000f0000000, 0x00000000f8300000, 0x00000000f8300000)
  object space 134144K, 43% used [0x00000000f0000000,0x00000000f3969f88,0x00000000f8300000)
 Metaspace       used 53238K, capacity 56594K, committed 56832K, reserved 1099776K
  class space    used 6490K, capacity 7071K, committed 7168K, reserved 1048576K
}
{Heap before GC invocations=111 (full 0):
 PSYoungGen      total 126464K, used 125664K [0x00000000f8300000, 0x0000000100000000, 0x0000000100000000)
  eden space 124416K, 100% used [0x00000000f8300000,0x00000000ffc80000,0x00000000ffc80000)
  from space 2048K, 60% used [0x00000000ffe00000,0x00000000fff38000,0x0000000100000000)
  to   space 1536K, 0% used [0x00000000ffc80000,0x00000000ffc80000,0x00000000ffe00000)
 ParOldGen       total 134144K, used 58791K [0x00000000f0000000, 0x00000000f8300000, 0x00000000f8300000)
  object space 134144K, 43% used [0x00000000f0000000,0x00000000f3969f88,0x00000000f8300000)
 Metaspace       used 53238K, capacity 56594K, committed 56832K, reserved 1099776K
  class space    used 6490K, capacity 7071K, committed 7168K, reserved 1048576K
2023-10-03T08:19:57.945+0800: 923.743: [GC (Allocation Failure) [PSYoungGen: 125664K->1536K(125952K)] 184455K->60855K(260096K), 0.0059216 secs] [Times: user=0.05 sys=0.00, real=0.01 secs] 
Heap after GC invocations=111 (full 0):
 PSYoungGen      total 125952K, used 1536K [0x00000000f8300000, 0x0000000100000000, 0x0000000100000000)
  eden space 124416K, 0% used [0x00000000f8300000,0x00000000f8300000,0x00000000ffc80000)
  from space 1536K, 100% used [0x00000000ffc80000,0x00000000ffe00000,0x00000000ffe00000)
  to   space 2048K, 0% used [0x00000000ffe00000,0x00000000ffe00000,0x0000000100000000)
 ParOldGen       total 134144K, used 59319K [0x00000000f0000000, 0x00000000f8300000, 0x00000000f8300000)
  object space 134144K, 44% used [0x00000000f0000000,0x00000000f39edfa8,0x00000000f8300000)
 Metaspace       used 53238K, capacity 56594K, committed 56832K, reserved 1099776K
  class space    used 6490K, capacity 7071K, committed 7168K, reserved 1048576K
}
{Heap before GC invocations=112 (full 0):
 PSYoungGen      total 125952K, used 125952K [0x00000000f8300000, 0x0000000100000000, 0x0000000100000000)
  eden space 124416K, 100% used [0x00000000f8300000,0x00000000ffc80000,0x00000000ffc80000)
  from space 1536K, 100% used [0x00000000ffc80000,0x00000000ffe00000,0x00000000ffe00000)
  to   space 2048K, 0% used [0x00000000ffe00000,0x00000000ffe00000,0x0000000100000000)
 ParOldGen       total 134144K, used 59319K [0x00000000f0000000, 0x00000000f8300000, 0x00000000f8300000)
  object space 134144K, 44% used [0x00000000f0000000,0x00000000f39edfa8,0x00000000f8300000)
 Metaspace       used 53240K, capacity 56594K, committed 56832K, reserved 1099776K
  class space    used 6490K, capacity 7071K, committed 7168K, reserved 1048576K
2023-10-03T08:20:02.001+0800: 927.799: [GC (Allocation Failure) [PSYoungGen: 125952K->1344K(125952K)] 185271K->61505K(260096K), 0.0098324 secs] [Times: user=0.04 sys=0.03, real=0.01 secs] 
Heap after GC invocations=112 (full 0):
 PSYoungGen      total 125952K, used 1344K [0x00000000f8300000, 0x0000000100000000, 0x0000000100000000)
  eden space 123904K, 0% used [0x00000000f8300000,0x00000000f8300000,0x00000000ffc00000)
  from space 2048K, 65% used [0x00000000ffe00000,0x00000000fff50000,0x0000000100000000)
  to   space 2048K, 0% used [0x00000000ffc00000,0x00000000ffc00000,0x00000000ffe00000)
 ParOldGen       total 134144K, used 60161K [0x00000000f0000000, 0x00000000f8300000, 0x00000000f8300000)
  object space 134144K, 44% used [0x00000000f0000000,0x00000000f3ac0528,0x00000000f8300000)
 Metaspace       used 53240K, capacity 56594K, committed 56832K, reserved 1099776K
  class space    used 6490K, capacity 7071K, committed 7168K, reserved 1048576K
}
{Heap before GC invocations=113 (full 0):
 PSYoungGen      total 125952K, used 125248K [0x00000000f8300000, 0x0000000100000000, 0x0000000100000000)
  eden space 123904K, 100% used [0x00000000f8300000,0x00000000ffc00000,0x00000000ffc00000)
  from space 2048K, 65% used [0x00000000ffe00000,0x00000000fff50000,0x0000000100000000)
  to   space 2048K, 0% used [0x00000000ffc00000,0x00000000ffc00000,0x00000000ffe00000)
 ParOldGen       total 134144K, used 60161K [0x00000000f0000000, 0x00000000f8300000, 0x00000000f8300000)
  object space 134144K, 44% used [0x00000000f0000000,0x00000000f3ac0528,0x00000000f8300000)
 Metaspace       used 53240K, capacity 56594K, committed 56832K, reserved 1099776K
  class space    used 6490K, capacity 7071K, committed 7168K, reserved 1048576K
2023-10-03T08:20:06.066+0800: 931.864: [GC (Allocation Failure) [PSYoungGen: 125248K->1280K(125952K)] 185409K->61529K(260096K), 0.0019986 secs] [Times: user=0.02 sys=0.00, real=0.00 secs] 
Heap after GC invocations=113 (full 0):
 PSYoungGen      total 125952K, used 1280K [0x00000000f8300000, 0x0000000100000000, 0x0000000100000000)
  eden space 123904K, 0% used [0x00000000f8300000,0x00000000f8300000,0x00000000ffc00000)
  from space 2048K, 62% used [0x00000000ffc00000,0x00000000ffd40000,0x00000000ffe00000)
  to   space 2048K, 0% used [0x00000000ffe00000,0x00000000ffe00000,0x0000000100000000)
 ParOldGen       total 134144K, used 60249K [0x00000000f0000000, 0x00000000f8300000, 0x00000000f8300000)
  object space 134144K, 44% used [0x00000000f0000000,0x00000000f3ad6528,0x00000000f8300000)
 Metaspace       used 53240K, capacity 56594K, committed 56832K, reserved 1099776K
  class space    used 6490K, capacity 7071K, committed 7168K, reserved 1048576K
}
{Heap before GC invocations=114 (full 0):
 PSYoungGen      total 125952K, used 125184K [0x00000000f8300000, 0x0000000100000000, 0x0000000100000000)
  eden space 123904K, 100% used [0x00000000f8300000,0x00000000ffc00000,0x00000000ffc00000)
  from space 2048K, 62% used [0x00000000ffc00000,0x00000000ffd40000,0x00000000ffe00000)
  to   space 2048K, 0% used [0x00000000ffe00000,0x00000000ffe00000,0x0000000100000000)
 ParOldGen       total 134144K, used 60249K [0x00000000f0000000, 0x00000000f8300000, 0x00000000f8300000)
  object space 134144K, 44% used [0x00000000f0000000,0x00000000f3ad6528,0x00000000f8300000)
 Metaspace       used 53240K, capacity 56594K, committed 56832K, reserved 1099776K
  class space    used 6490K, capacity 7071K, committed 7168K, reserved 1048576K
2023-10-03T08:20:10.221+0800: 936.019: [GC (Allocation Failure) [PSYoungGen: 125184K->1280K(125952K)] 185433K->61609K(260096K), 0.0018870 secs] [Times: user=0.01 sys=0.00, real=0.00 secs] 
Heap after GC invocations=114 (full 0):
 PSYoungGen      total 125952K, used 1280K [0x00000000f8300000, 0x0000000100000000, 0x0000000100000000)
  eden space 123904K, 0% used [0x00000000f8300000,0x00000000f8300000,0x00000000ffc00000)
  from space 2048K, 62% used [0x00000000ffe00000,0x00000000fff40000,0x0000000100000000)
  to   space 2048K, 0% used [0x00000000ffc00000,0x00000000ffc00000,0x00000000ffe00000)
 ParOldGen       total 134144K, used 60329K [0x00000000f0000000, 0x00000000f8300000, 0x00000000f8300000)
  object space 134144K, 44% used [0x00000000f0000000,0x00000000f3aea528,0x00000000f8300000)
 Metaspace       used 53240K, capacity 56594K, committed 56832K, reserved 1099776K
  class space    used 6490K, capacity 7071K, committed 7168K, reserved 1048576K
}
{Heap before GC invocations=115 (full 0):
 PSYoungGen      total 125952K, used 125184K [0x00000000f8300000, 0x0000000100000000, 0x0000000100000000)
  eden space 123904K, 100% used [0x00000000f8300000,0x00000000ffc00000,0x00000000ffc00000)
  from space 2048K, 62% used [0x00000000ffe00000,0x00000000fff40000,0x0000000100000000)
  to   space 2048K, 0% used [0x00000000ffc00000,0x00000000ffc00000,0x00000000ffe00000)
 ParOldGen       total 134144K, used 60329K [0x00000000f0000000, 0x00000000f8300000, 0x00000000f8300000)
  object space 134144K, 44% used [0x00000000f0000000,0x00000000f3aea528,0x00000000f8300000)
 Metaspace       used 53242K, capacity 56594K, committed 56832K, reserved 1099776K
  class space    used 6490K, capacity 7071K, committed 7168K, reserved 1048576K
2023-10-03T08:20:14.292+0800: 940.090: [GC (Allocation Failure) [PSYoungGen: 125184K->1248K(125952K)] 185513K->61585K(260096K), 0.0031204 secs] [Times: user=0.02 sys=0.00, real=0.00 secs] 
Heap after GC invocations=115 (full 0):
 PSYoungGen      total 125952K, used 1248K [0x00000000f8300000, 0x0000000100000000, 0x0000000100000000)
  eden space 123904K, 0% used [0x00000000f8300000,0x00000000f8300000,0x00000000ffc00000)
  from space 2048K, 60% used [0x00000000ffc00000,0x00000000ffd38000,0x00000000ffe00000)
  to   space 2048K, 0% used [0x00000000ffe00000,0x00000000ffe00000,0x0000000100000000)
 ParOldGen       total 134144K, used 60337K [0x00000000f0000000, 0x00000000f8300000, 0x00000000f8300000)
  object space 134144K, 44% used [0x00000000f0000000,0x00000000f3aec528,0x00000000f8300000)
 Metaspace       used 53242K, capacity 56594K, committed 56832K, reserved 1099776K
  class space    used 6490K, capacity 7071K, committed 7168K, reserved 1048576K
}
{Heap before GC invocations=116 (full 0):
 PSYoungGen      total 125952K, used 125152K [0x00000000f8300000, 0x0000000100000000, 0x0000000100000000)
  eden space 123904K, 100% used [0x00000000f8300000,0x00000000ffc00000,0x00000000ffc00000)
  from space 2048K, 60% used [0x00000000ffc00000,0x00000000ffd38000,0x00000000ffe00000)
  to   space 2048K, 0% used [0x00000000ffe00000,0x00000000ffe00000,0x0000000100000000)
 ParOldGen       total 134144K, used 60337K [0x00000000f0000000, 0x00000000f8300000, 0x00000000f8300000)
  object space 134144K, 44% used [0x00000000f0000000,0x00000000f3aec528,0x00000000f8300000)
 Metaspace       used 53242K, capacity 56594K, committed 56832K, reserved 1099776K
  class space    used 6490K, capacity 7071K, committed 7168K, reserved 1048576K
2023-10-03T08:20:18.457+0800: 944.255: [GC (Allocation Failure) [PSYoungGen: 125152K->1216K(125952K)] 185489K->61577K(260096K), 0.0082755 secs] [Times: user=0.05 sys=0.01, real=0.01 secs] 
Heap after GC invocations=116 (full 0):
 PSYoungGen      total 125952K, used 1216K [0x00000000f8300000, 0x0000000100000000, 0x0000000100000000)
  eden space 123904K, 0% used [0x00000000f8300000,0x00000000f8300000,0x00000000ffc00000)
  from space 2048K, 59% used [0x00000000ffe00000,0x00000000fff30000,0x0000000100000000)
  to   space 2048K, 0% used [0x00000000ffc00000,0x00000000ffc00000,0x00000000ffe00000)
 ParOldGen       total 134144K, used 60361K [0x00000000f0000000, 0x00000000f8300000, 0x00000000f8300000)
  object space 134144K, 44% used [0x00000000f0000000,0x00000000f3af2528,0x00000000f8300000)
 Metaspace       used 53242K, capacity 56594K, committed 56832K, reserved 1099776K
  class space    used 6490K, capacity 7071K, committed 7168K, reserved 1048576K
}
{Heap before GC invocations=117 (full 0):
 PSYoungGen      total 125952K, used 125120K [0x00000000f8300000, 0x0000000100000000, 0x0000000100000000)
  eden space 123904K, 100% used [0x00000000f8300000,0x00000000ffc00000,0x00000000ffc00000)
  from space 2048K, 59% used [0x00000000ffe00000,0x00000000fff30000,0x0000000100000000)
  to   space 2048K, 0% used [0x00000000ffc00000,0x00000000ffc00000,0x00000000ffe00000)
 ParOldGen       total 134144K, used 60361K [0x00000000f0000000, 0x00000000f8300000, 0x00000000f8300000)
  object space 134144K, 44% used [0x00000000f0000000,0x00000000f3af2528,0x00000000f8300000)
 Metaspace       used 53242K, capacity 56594K, committed 56832K, reserved 1099776K
  class space    used 6490K, capacity 7071K, committed 7168K, reserved 1048576K
2023-10-03T08:20:22.692+0800: 948.490: [GC (Allocation Failure) [PSYoungGen: 125120K->1248K(125952K)] 185481K->61609K(260096K), 0.0059988 secs] [Times: user=0.05 sys=0.00, real=0.00 secs] 
Heap after GC invocations=117 (full 0):
 PSYoungGen      total 125952K, used 1248K [0x00000000f8300000, 0x0000000100000000, 0x0000000100000000)
  eden space 123904K, 0% used [0x00000000f8300000,0x00000000f8300000,0x00000000ffc00000)
  from space 2048K, 60% used [0x00000000ffc00000,0x00000000ffd38000,0x00000000ffe00000)
  to   space 2048K, 0% used [0x00000000ffe00000,0x00000000ffe00000,0x0000000100000000)
 ParOldGen       total 134144K, used 60361K [0x00000000f0000000, 0x00000000f8300000, 0x00000000f8300000)
  object space 134144K, 44% used [0x00000000f0000000,0x00000000f3af2528,0x00000000f8300000)
 Metaspace       used 53242K, capacity 56594K, committed 56832K, reserved 1099776K
  class space    used 6490K, capacity 7071K, committed 7168K, reserved 1048576K
}
{Heap before GC invocations=118 (full 0):
 PSYoungGen      total 125952K, used 125152K [0x00000000f8300000, 0x0000000100000000, 0x0000000100000000)
  eden space 123904K, 100% used [0x00000000f8300000,0x00000000ffc00000,0x00000000ffc00000)
  from space 2048K, 60% used [0x00000000ffc00000,0x00000000ffd38000,0x00000000ffe00000)
  to   space 2048K, 0% used [0x00000000ffe00000,0x00000000ffe00000,0x0000000100000000)
 ParOldGen       total 134144K, used 60361K [0x00000000f0000000, 0x00000000f8300000, 0x00000000f8300000)
  object space 134144K, 44% used [0x00000000f0000000,0x00000000f3af2528,0x00000000f8300000)
 Metaspace       used 53242K, capacity 56594K, committed 56832K, reserved 1099776K
  class space    used 6490K, capacity 7071K, committed 7168K, reserved 1048576K
2023-10-03T08:20:26.751+0800: 952.549: [GC (Allocation Failure) [PSYoungGen: 125152K->1248K(125952K)] 185513K->61617K(260096K), 0.0081346 secs] [Times: user=0.05 sys=0.00, real=0.00 secs] 
Heap after GC invocations=118 (full 0):
 PSYoungGen      total 125952K, used 1248K [0x00000000f8300000, 0x0000000100000000, 0x0000000100000000)
  eden space 123904K, 0% used [0x00000000f8300000,0x00000000f8300000,0x00000000ffc00000)
  from space 2048K, 60% used [0x00000000ffe00000,0x00000000fff38000,0x0000000100000000)
  to   space 2048K, 0% used [0x00000000ffc00000,0x00000000ffc00000,0x00000000ffe00000)
 ParOldGen       total 134144K, used 60369K [0x00000000f0000000, 0x00000000f8300000, 0x00000000f8300000)
  object space 134144K, 45% used [0x00000000f0000000,0x00000000f3af4528,0x00000000f8300000)
 Metaspace       used 53242K, capacity 56594K, committed 56832K, reserved 1099776K
  class space    used 6490K, capacity 7071K, committed 7168K, reserved 1048576K
}
{Heap before GC invocations=119 (full 0):
 PSYoungGen      total 125952K, used 125152K [0x00000000f8300000, 0x0000000100000000, 0x0000000100000000)
  eden space 123904K, 100% used [0x00000000f8300000,0x00000000ffc00000,0x00000000ffc00000)
  from space 2048K, 60% used [0x00000000ffe00000,0x00000000fff38000,0x0000000100000000)
  to   space 2048K, 0% used [0x00000000ffc00000,0x00000000ffc00000,0x00000000ffe00000)
 ParOldGen       total 134144K, used 60369K [0x00000000f0000000, 0x00000000f8300000, 0x00000000f8300000)
  object space 134144K, 45% used [0x00000000f0000000,0x00000000f3af4528,0x00000000f8300000)
 Metaspace       used 53248K, capacity 56602K, committed 56832K, reserved 1099776K
  class space    used 6490K, capacity 7071K, committed 7168K, reserved 1048576K
2023-10-03T08:20:30.808+0800: 956.606: [GC (Allocation Failure) [PSYoungGen: 125152K->1216K(125952K)] 185521K->61633K(260096K), 0.0082189 secs] [Times: user=0.05 sys=0.00, real=0.01 secs] 
Heap after GC invocations=119 (full 0):
 PSYoungGen      total 125952K, used 1216K [0x00000000f8300000, 0x0000000100000000, 0x0000000100000000)
  eden space 123904K, 0% used [0x00000000f8300000,0x00000000f8300000,0x00000000ffc00000)
  from space 2048K, 59% used [0x00000000ffc00000,0x00000000ffd30000,0x00000000ffe00000)
  to   space 2048K, 0% used [0x00000000ffe00000,0x00000000ffe00000,0x0000000100000000)
 ParOldGen       total 134144K, used 60417K [0x00000000f0000000, 0x00000000f8300000, 0x00000000f8300000)
  object space 134144K, 45% used [0x00000000f0000000,0x00000000f3b00528,0x00000000f8300000)
 Metaspace       used 53248K, capacity 56602K, committed 56832K, reserved 1099776K
  class space    used 6490K, capacity 7071K, committed 7168K, reserved 1048576K
}
{Heap before GC invocations=120 (full 0):
 PSYoungGen      total 125952K, used 125120K [0x00000000f8300000, 0x0000000100000000, 0x0000000100000000)
  eden space 123904K, 100% used [0x00000000f8300000,0x00000000ffc00000,0x00000000ffc00000)
  from space 2048K, 59% used [0x00000000ffc00000,0x00000000ffd30000,0x00000000ffe00000)
  to   space 2048K, 0% used [0x00000000ffe00000,0x00000000ffe00000,0x0000000100000000)
 ParOldGen       total 134144K, used 60417K [0x00000000f0000000, 0x00000000f8300000, 0x00000000f8300000)
  object space 134144K, 45% used [0x00000000f0000000,0x00000000f3b00528,0x00000000f8300000)
 Metaspace       used 53248K, capacity 56602K, committed 56832K, reserved 1099776K
  class space    used 6490K, capacity 7071K, committed 7168K, reserved 1048576K
2023-10-03T08:20:35.551+0800: 961.349: [GC (Allocation Failure) [PSYoungGen: 125120K->2048K(125952K)] 185537K->62845K(260096K), 0.0063075 secs] [Times: user=0.06 sys=0.00, real=0.00 secs] 
Heap after GC invocations=120 (full 0):
 PSYoungGen      total 125952K, used 2048K [0x00000000f8300000, 0x0000000100000000, 0x0000000100000000)
  eden space 123904K, 0% used [0x00000000f8300000,0x00000000f8300000,0x00000000ffc00000)
  from space 2048K, 100% used [0x00000000ffe00000,0x0000000100000000,0x0000000100000000)
  to   space 2048K, 0% used [0x00000000ffc00000,0x00000000ffc00000,0x00000000ffe00000)
 ParOldGen       total 134144K, used 60797K [0x00000000f0000000, 0x00000000f8300000, 0x00000000f8300000)
  object space 134144K, 45% used [0x00000000f0000000,0x00000000f3b5f5b8,0x00000000f8300000)
 Metaspace       used 53248K, capacity 56602K, committed 56832K, reserved 1099776K
  class space    used 6490K, capacity 7071K, committed 7168K, reserved 1048576K
}
{Heap before GC invocations=121 (full 0):
 PSYoungGen      total 125952K, used 125952K [0x00000000f8300000, 0x0000000100000000, 0x0000000100000000)
  eden space 123904K, 100% used [0x00000000f8300000,0x00000000ffc00000,0x00000000ffc00000)
  from space 2048K, 100% used [0x00000000ffe00000,0x0000000100000000,0x0000000100000000)
  to   space 2048K, 0% used [0x00000000ffc00000,0x00000000ffc00000,0x00000000ffe00000)
 ParOldGen       total 134144K, used 60797K [0x00000000f0000000, 0x00000000f8300000, 0x00000000f8300000)
  object space 134144K, 45% used [0x00000000f0000000,0x00000000f3b5f5b8,0x00000000f8300000)
 Metaspace       used 53259K, capacity 56602K, committed 56832K, reserved 1099776K
  class space    used 6490K, capacity 7071K, committed 7168K, reserved 1048576K
2023-10-03T08:20:39.694+0800: 965.492: [GC (Allocation Failure) [PSYoungGen: 125952K->1248K(125952K)] 186749K->63206K(260096K), 0.0069379 secs] [Times: user=0.05 sys=0.01, real=0.01 secs] 
Heap after GC invocations=121 (full 0):
 PSYoungGen      total 125952K, used 1248K [0x00000000f8300000, 0x0000000100000000, 0x0000000100000000)
  eden space 123904K, 0% used [0x00000000f8300000,0x00000000f8300000,0x00000000ffc00000)
  from space 2048K, 60% used [0x00000000ffc00000,0x00000000ffd38000,0x00000000ffe00000)
  to   space 2048K, 0% used [0x00000000ffe00000,0x00000000ffe00000,0x0000000100000000)
 ParOldGen       total 134144K, used 61958K [0x00000000f0000000, 0x00000000f8300000, 0x00000000f8300000)
  object space 134144K, 46% used [0x00000000f0000000,0x00000000f3c81ab8,0x00000000f8300000)
 Metaspace       used 53259K, capacity 56602K, committed 56832K, reserved 1099776K
  class space    used 6490K, capacity 7071K, committed 7168K, reserved 1048576K
}
{Heap before GC invocations=122 (full 0):
 PSYoungGen      total 125952K, used 125152K [0x00000000f8300000, 0x0000000100000000, 0x0000000100000000)
  eden space 123904K, 100% used [0x00000000f8300000,0x00000000ffc00000,0x00000000ffc00000)
  from space 2048K, 60% used [0x00000000ffc00000,0x00000000ffd38000,0x00000000ffe00000)
  to   space 2048K, 0% used [0x00000000ffe00000,0x00000000ffe00000,0x0000000100000000)
 ParOldGen       total 134144K, used 61958K [0x00000000f0000000, 0x00000000f8300000, 0x00000000f8300000)
  object space 134144K, 46% used [0x00000000f0000000,0x00000000f3c81ab8,0x00000000f8300000)
 Metaspace       used 53260K, capacity 56602K, committed 56832K, reserved 1099776K
  class space    used 6490K, capacity 7071K, committed 7168K, reserved 1048576K
2023-10-03T08:20:43.811+0800: 969.609: [GC (Allocation Failure) [PSYoungGen: 125152K->1280K(125952K)] 187110K->63302K(260096K), 0.0041150 secs] [Times: user=0.04 sys=0.00, real=0.00 secs] 
Heap after GC invocations=122 (full 0):
 PSYoungGen      total 125952K, used 1280K [0x00000000f8300000, 0x0000000100000000, 0x0000000100000000)
  eden space 123904K, 0% used [0x00000000f8300000,0x00000000f8300000,0x00000000ffc00000)
  from space 2048K, 62% used [0x00000000ffe00000,0x00000000fff40000,0x0000000100000000)
  to   space 2048K, 0% used [0x00000000ffc00000,0x00000000ffc00000,0x00000000ffe00000)
 ParOldGen       total 134144K, used 62022K [0x00000000f0000000, 0x00000000f8300000, 0x00000000f8300000)
  object space 134144K, 46% used [0x00000000f0000000,0x00000000f3c91ab8,0x00000000f8300000)
 Metaspace       used 53260K, capacity 56602K, committed 56832K, reserved 1099776K
  class space    used 6490K, capacity 7071K, committed 7168K, reserved 1048576K
}
{Heap before GC invocations=123 (full 0):
 PSYoungGen      total 125952K, used 125184K [0x00000000f8300000, 0x0000000100000000, 0x0000000100000000)
  eden space 123904K, 100% used [0x00000000f8300000,0x00000000ffc00000,0x00000000ffc00000)
  from space 2048K, 62% used [0x00000000ffe00000,0x00000000fff40000,0x0000000100000000)
  to   space 2048K, 0% used [0x00000000ffc00000,0x00000000ffc00000,0x00000000ffe00000)
 ParOldGen       total 134144K, used 62022K [0x00000000f0000000, 0x00000000f8300000, 0x00000000f8300000)
  object space 134144K, 46% used [0x00000000f0000000,0x00000000f3c91ab8,0x00000000f8300000)
 Metaspace       used 53260K, capacity 56602K, committed 56832K, reserved 1099776K
  class space    used 6490K, capacity 7071K, committed 7168K, reserved 1048576K
2023-10-03T08:20:47.953+0800: 973.751: [GC (Allocation Failure) [PSYoungGen: 125184K->1280K(125952K)] 187206K->63342K(260096K), 0.0042713 secs] [Times: user=0.03 sys=0.00, real=0.00 secs] 
Heap after GC invocations=123 (full 0):
 PSYoungGen      total 125952K, used 1280K [0x00000000f8300000, 0x0000000100000000, 0x0000000100000000)
  eden space 123904K, 0% used [0x00000000f8300000,0x00000000f8300000,0x00000000ffc00000)
  from space 2048K, 62% used [0x00000000ffc00000,0x00000000ffd40000,0x00000000ffe00000)
  to   space 2048K, 0% used [0x00000000ffe00000,0x00000000ffe00000,0x0000000100000000)
 ParOldGen       total 134144K, used 62062K [0x00000000f0000000, 0x00000000f8300000, 0x00000000f8300000)
  object space 134144K, 46% used [0x00000000f0000000,0x00000000f3c9bab8,0x00000000f8300000)
 Metaspace       used 53260K, capacity 56602K, committed 56832K, reserved 1099776K
  class space    used 6490K, capacity 7071K, committed 7168K, reserved 1048576K
}
{Heap before GC invocations=124 (full 0):
 PSYoungGen      total 125952K, used 125184K [0x00000000f8300000, 0x0000000100000000, 0x0000000100000000)
  eden space 123904K, 100% used [0x00000000f8300000,0x00000000ffc00000,0x00000000ffc00000)
  from space 2048K, 62% used [0x00000000ffc00000,0x00000000ffd40000,0x00000000ffe00000)
  to   space 2048K, 0% used [0x00000000ffe00000,0x00000000ffe00000,0x0000000100000000)
 ParOldGen       total 134144K, used 62062K [0x00000000f0000000, 0x00000000f8300000, 0x00000000f8300000)
  object space 134144K, 46% used [0x00000000f0000000,0x00000000f3c9bab8,0x00000000f8300000)
 Metaspace       used 53260K, capacity 56602K, committed 56832K, reserved 1099776K
  class space    used 6490K, capacity 7071K, committed 7168K, reserved 1048576K
2023-10-03T08:20:52.067+0800: 977.865: [GC (Allocation Failure) [PSYoungGen: 125184K->1216K(125952K)] 187246K->63334K(260096K), 0.0081628 secs] [Times: user=0.04 sys=0.01, real=0.01 secs] 
Heap after GC invocations=124 (full 0):
 PSYoungGen      total 125952K, used 1216K [0x00000000f8300000, 0x0000000100000000, 0x0000000100000000)
  eden space 123904K, 0% used [0x00000000f8300000,0x00000000f8300000,0x00000000ffc00000)
  from space 2048K, 59% used [0x00000000ffe00000,0x00000000fff30000,0x0000000100000000)
  to   space 2048K, 0% used [0x00000000ffc00000,0x00000000ffc00000,0x00000000ffe00000)
 ParOldGen       total 134144K, used 62118K [0x00000000f0000000, 0x00000000f8300000, 0x00000000f8300000)
  object space 134144K, 46% used [0x00000000f0000000,0x00000000f3ca9ad8,0x00000000f8300000)
 Metaspace       used 53260K, capacity 56602K, committed 56832K, reserved 1099776K
  class space    used 6490K, capacity 7071K, committed 7168K, reserved 1048576K
}
{Heap before GC invocations=125 (full 0):
 PSYoungGen      total 125952K, used 125120K [0x00000000f8300000, 0x0000000100000000, 0x0000000100000000)
  eden space 123904K, 100% used [0x00000000f8300000,0x00000000ffc00000,0x00000000ffc00000)
  from space 2048K, 59% used [0x00000000ffe00000,0x00000000fff30000,0x0000000100000000)
  to   space 2048K, 0% used [0x00000000ffc00000,0x00000000ffc00000,0x00000000ffe00000)
 ParOldGen       total 134144K, used 62118K [0x00000000f0000000, 0x00000000f8300000, 0x00000000f8300000)
  object space 134144K, 46% used [0x00000000f0000000,0x00000000f3ca9ad8,0x00000000f8300000)
 Metaspace       used 53260K, capacity 56602K, committed 56832K, reserved 1099776K
  class space    used 6490K, capacity 7071K, committed 7168K, reserved 1048576K
2023-10-03T08:20:56.151+0800: 981.949: [GC (Allocation Failure) [PSYoungGen: 125120K->1280K(125952K)] 187238K->63438K(260096K), 0.0074800 secs] [Times: user=0.04 sys=0.00, real=0.00 secs] 
Heap after GC invocations=125 (full 0):
 PSYoungGen      total 125952K, used 1280K [0x00000000f8300000, 0x0000000100000000, 0x0000000100000000)
  eden space 123904K, 0% used [0x00000000f8300000,0x00000000f8300000,0x00000000ffc00000)
  from space 2048K, 62% used [0x00000000ffc00000,0x00000000ffd40000,0x00000000ffe00000)
  to   space 2048K, 0% used [0x00000000ffe00000,0x00000000ffe00000,0x0000000100000000)
 ParOldGen       total 134144K, used 62158K [0x00000000f0000000, 0x00000000f8300000, 0x00000000f8300000)
  object space 134144K, 46% used [0x00000000f0000000,0x00000000f3cb3ad8,0x00000000f8300000)
 Metaspace       used 53260K, capacity 56602K, committed 56832K, reserved 1099776K
  class space    used 6490K, capacity 7071K, committed 7168K, reserved 1048576K
}
{Heap before GC invocations=126 (full 0):
 PSYoungGen      total 125952K, used 125184K [0x00000000f8300000, 0x0000000100000000, 0x0000000100000000)
  eden space 123904K, 100% used [0x00000000f8300000,0x00000000ffc00000,0x00000000ffc00000)
  from space 2048K, 62% used [0x00000000ffc00000,0x00000000ffd40000,0x00000000ffe00000)
  to   space 2048K, 0% used [0x00000000ffe00000,0x00000000ffe00000,0x0000000100000000)
 ParOldGen       total 134144K, used 62158K [0x00000000f0000000, 0x00000000f8300000, 0x00000000f8300000)
  object space 134144K, 46% used [0x00000000f0000000,0x00000000f3cb3ad8,0x00000000f8300000)
 Metaspace       used 53260K, capacity 56602K, committed 56832K, reserved 1099776K
  class space    used 6490K, capacity 7071K, committed 7168K, reserved 1048576K
2023-10-03T08:21:00.266+0800: 986.064: [GC (Allocation Failure) [PSYoungGen: 125184K->1248K(125952K)] 187342K->63422K(260096K), 0.0082570 secs] [Times: user=0.05 sys=0.00, real=0.01 secs] 
Heap after GC invocations=126 (full 0):
 PSYoungGen      total 125952K, used 1248K [0x00000000f8300000, 0x0000000100000000, 0x0000000100000000)
  eden space 123904K, 0% used [0x00000000f8300000,0x00000000f8300000,0x00000000ffc00000)
  from space 2048K, 60% used [0x00000000ffe00000,0x00000000fff38000,0x0000000100000000)
  to   space 2048K, 0% used [0x00000000ffc00000,0x00000000ffc00000,0x00000000ffe00000)
 ParOldGen       total 134144K, used 62174K [0x00000000f0000000, 0x00000000f8300000, 0x00000000f8300000)
  object space 134144K, 46% used [0x00000000f0000000,0x00000000f3cb7ad8,0x00000000f8300000)
 Metaspace       used 53260K, capacity 56602K, committed 56832K, reserved 1099776K
  class space    used 6490K, capacity 7071K, committed 7168K, reserved 1048576K
}
{Heap before GC invocations=127 (full 0):
 PSYoungGen      total 125952K, used 125152K [0x00000000f8300000, 0x0000000100000000, 0x0000000100000000)
  eden space 123904K, 100% used [0x00000000f8300000,0x00000000ffc00000,0x00000000ffc00000)
  from space 2048K, 60% used [0x00000000ffe00000,0x00000000fff38000,0x0000000100000000)
  to   space 2048K, 0% used [0x00000000ffc00000,0x00000000ffc00000,0x00000000ffe00000)
 ParOldGen       total 134144K, used 62174K [0x00000000f0000000, 0x00000000f8300000, 0x00000000f8300000)
  object space 134144K, 46% used [0x00000000f0000000,0x00000000f3cb7ad8,0x00000000f8300000)
 Metaspace       used 53260K, capacity 56602K, committed 56832K, reserved 1099776K
  class space    used 6490K, capacity 7071K, committed 7168K, reserved 1048576K
2023-10-03T08:21:04.412+0800: 990.210: [GC (Allocation Failure) [PSYoungGen: 125152K->1248K(125952K)] 187326K->63462K(260096K), 0.0085089 secs] [Times: user=0.05 sys=0.00, real=0.01 secs] 
Heap after GC invocations=127 (full 0):
 PSYoungGen      total 125952K, used 1248K [0x00000000f8300000, 0x0000000100000000, 0x0000000100000000)
  eden space 123904K, 0% used [0x00000000f8300000,0x00000000f8300000,0x00000000ffc00000)
  from space 2048K, 60% used [0x00000000ffc00000,0x00000000ffd38000,0x00000000ffe00000)
  to   space 2048K, 0% used [0x00000000ffe00000,0x00000000ffe00000,0x0000000100000000)
 ParOldGen       total 134144K, used 62214K [0x00000000f0000000, 0x00000000f8300000, 0x00000000f8300000)
  object space 134144K, 46% used [0x00000000f0000000,0x00000000f3cc1ad8,0x00000000f8300000)
 Metaspace       used 53260K, capacity 56602K, committed 56832K, reserved 1099776K
  class space    used 6490K, capacity 7071K, committed 7168K, reserved 1048576K
}
{Heap before GC invocations=128 (full 0):
 PSYoungGen      total 125952K, used 125152K [0x00000000f8300000, 0x0000000100000000, 0x0000000100000000)
  eden space 123904K, 100% used [0x00000000f8300000,0x00000000ffc00000,0x00000000ffc00000)
  from space 2048K, 60% used [0x00000000ffc00000,0x00000000ffd38000,0x00000000ffe00000)
  to   space 2048K, 0% used [0x00000000ffe00000,0x00000000ffe00000,0x0000000100000000)
 ParOldGen       total 134144K, used 62214K [0x00000000f0000000, 0x00000000f8300000, 0x00000000f8300000)
  object space 134144K, 46% used [0x00000000f0000000,0x00000000f3cc1ad8,0x00000000f8300000)
 Metaspace       used 53260K, capacity 56602K, committed 56832K, reserved 1099776K
  class space    used 6490K, capacity 7071K, committed 7168K, reserved 1048576K
2023-10-03T08:21:08.557+0800: 994.355: [GC (Allocation Failure) [PSYoungGen: 125152K->1216K(125952K)] 187366K->63486K(260096K), 0.0037823 secs] [Times: user=0.03 sys=0.00, real=0.01 secs] 
Heap after GC invocations=128 (full 0):
 PSYoungGen      total 125952K, used 1216K [0x00000000f8300000, 0x0000000100000000, 0x0000000100000000)
  eden space 123904K, 0% used [0x00000000f8300000,0x00000000f8300000,0x00000000ffc00000)
  from space 2048K, 59% used [0x00000000ffe00000,0x00000000fff30000,0x0000000100000000)
  to   space 2048K, 0% used [0x00000000ffc00000,0x00000000ffc00000,0x00000000ffe00000)
 ParOldGen       total 134144K, used 62270K [0x00000000f0000000, 0x00000000f8300000, 0x00000000f8300000)
  object space 134144K, 46% used [0x00000000f0000000,0x00000000f3ccfaf8,0x00000000f8300000)
 Metaspace       used 53260K, capacity 56602K, committed 56832K, reserved 1099776K
  class space    used 6490K, capacity 7071K, committed 7168K, reserved 1048576K
}
{Heap before GC invocations=129 (full 0):
 PSYoungGen      total 125952K, used 125120K [0x00000000f8300000, 0x0000000100000000, 0x0000000100000000)
  eden space 123904K, 100% used [0x00000000f8300000,0x00000000ffc00000,0x00000000ffc00000)
  from space 2048K, 59% used [0x00000000ffe00000,0x00000000fff30000,0x0000000100000000)
  to   space 2048K, 0% used [0x00000000ffc00000,0x00000000ffc00000,0x00000000ffe00000)
 ParOldGen       total 134144K, used 62270K [0x00000000f0000000, 0x00000000f8300000, 0x00000000f8300000)
  object space 134144K, 46% used [0x00000000f0000000,0x00000000f3ccfaf8,0x00000000f8300000)
 Metaspace       used 53264K, capacity 56602K, committed 56832K, reserved 1099776K
  class space    used 6490K, capacity 7071K, committed 7168K, reserved 1048576K
2023-10-03T08:21:12.692+0800: 998.490: [GC (Allocation Failure) [PSYoungGen: 125120K->1248K(125952K)] 187390K->63534K(260096K), 0.0082635 secs] [Times: user=0.04 sys=0.00, real=0.01 secs] 
Heap after GC invocations=129 (full 0):
 PSYoungGen      total 125952K, used 1248K [0x00000000f8300000, 0x0000000100000000, 0x0000000100000000)
  eden space 123904K, 0% used [0x00000000f8300000,0x00000000f8300000,0x00000000ffc00000)
  from space 2048K, 60% used [0x00000000ffc00000,0x00000000ffd38000,0x00000000ffe00000)
  to   space 2048K, 0% used [0x00000000ffe00000,0x00000000ffe00000,0x0000000100000000)
 ParOldGen       total 134144K, used 62286K [0x00000000f0000000, 0x00000000f8300000, 0x00000000f8300000)
  object space 134144K, 46% used [0x00000000f0000000,0x00000000f3cd3af8,0x00000000f8300000)
 Metaspace       used 53264K, capacity 56602K, committed 56832K, reserved 1099776K
  class space    used 6490K, capacity 7071K, committed 7168K, reserved 1048576K
}
{Heap before GC invocations=130 (full 0):
 PSYoungGen      total 125952K, used 125152K [0x00000000f8300000, 0x0000000100000000, 0x0000000100000000)
  eden space 123904K, 100% used [0x00000000f8300000,0x00000000ffc00000,0x00000000ffc00000)
  from space 2048K, 60% used [0x00000000ffc00000,0x00000000ffd38000,0x00000000ffe00000)
  to   space 2048K, 0% used [0x00000000ffe00000,0x00000000ffe00000,0x0000000100000000)
 ParOldGen       total 134144K, used 62286K [0x00000000f0000000, 0x00000000f8300000, 0x00000000f8300000)
  object space 134144K, 46% used [0x00000000f0000000,0x00000000f3cd3af8,0x00000000f8300000)
 Metaspace       used 53270K, capacity 56602K, committed 56832K, reserved 1099776K
  class space    used 6490K, capacity 7071K, committed 7168K, reserved 1048576K
2023-10-03T08:21:16.802+0800: 1002.600: [GC (Allocation Failure) [PSYoungGen: 125152K->1280K(125952K)] 187438K->63574K(260096K), 0.0081974 secs] [Times: user=0.05 sys=0.00, real=0.01 secs] 
Heap after GC invocations=130 (full 0):
 PSYoungGen      total 125952K, used 1280K [0x00000000f8300000, 0x0000000100000000, 0x0000000100000000)
  eden space 123904K, 0% used [0x00000000f8300000,0x00000000f8300000,0x00000000ffc00000)
  from space 2048K, 62% used [0x00000000ffe00000,0x00000000fff40000,0x0000000100000000)
  to   space 2048K, 0% used [0x00000000ffc00000,0x00000000ffc00000,0x00000000ffe00000)
 ParOldGen       total 134144K, used 62294K [0x00000000f0000000, 0x00000000f8300000, 0x00000000f8300000)
  object space 134144K, 46% used [0x00000000f0000000,0x00000000f3cd5af8,0x00000000f8300000)
 Metaspace       used 53270K, capacity 56602K, committed 56832K, reserved 1099776K
  class space    used 6490K, capacity 7071K, committed 7168K, reserved 1048576K
}
{Heap before GC invocations=131 (full 0):
 PSYoungGen      total 125952K, used 125184K [0x00000000f8300000, 0x0000000100000000, 0x0000000100000000)
  eden space 123904K, 100% used [0x00000000f8300000,0x00000000ffc00000,0x00000000ffc00000)
  from space 2048K, 62% used [0x00000000ffe00000,0x00000000fff40000,0x0000000100000000)
  to   space 2048K, 0% used [0x00000000ffc00000,0x00000000ffc00000,0x00000000ffe00000)
 ParOldGen       total 134144K, used 62294K [0x00000000f0000000, 0x00000000f8300000, 0x00000000f8300000)
  object space 134144K, 46% used [0x00000000f0000000,0x00000000f3cd5af8,0x00000000f8300000)
 Metaspace       used 53275K, capacity 56602K, committed 56832K, reserved 1099776K
  class space    used 6490K, capacity 7071K, committed 7168K, reserved 1048576K
2023-10-03T08:21:20.879+0800: 1006.677: [GC (Allocation Failure) [PSYoungGen: 125184K->1248K(125952K)] 187478K->63614K(260096K), 0.0082350 secs] [Times: user=0.05 sys=0.00, real=0.00 secs] 
Heap after GC invocations=131 (full 0):
 PSYoungGen      total 125952K, used 1248K [0x00000000f8300000, 0x0000000100000000, 0x0000000100000000)
  eden space 123904K, 0% used [0x00000000f8300000,0x00000000f8300000,0x00000000ffc00000)
  from space 2048K, 60% used [0x00000000ffc00000,0x00000000ffd38000,0x00000000ffe00000)
  to   space 2048K, 0% used [0x00000000ffe00000,0x00000000ffe00000,0x0000000100000000)
 ParOldGen       total 134144K, used 62366K [0x00000000f0000000, 0x00000000f8300000, 0x00000000f8300000)
  object space 134144K, 46% used [0x00000000f0000000,0x00000000f3ce7b18,0x00000000f8300000)
 Metaspace       used 53275K, capacity 56602K, committed 56832K, reserved 1099776K
  class space    used 6490K, capacity 7071K, committed 7168K, reserved 1048576K
}
{Heap before GC invocations=132 (full 0):
 PSYoungGen      total 125952K, used 125152K [0x00000000f8300000, 0x0000000100000000, 0x0000000100000000)
  eden space 123904K, 100% used [0x00000000f8300000,0x00000000ffc00000,0x00000000ffc00000)
  from space 2048K, 60% used [0x00000000ffc00000,0x00000000ffd38000,0x00000000ffe00000)
  to   space 2048K, 0% used [0x00000000ffe00000,0x00000000ffe00000,0x0000000100000000)
 ParOldGen       total 134144K, used 62366K [0x00000000f0000000, 0x00000000f8300000, 0x00000000f8300000)
  object space 134144K, 46% used [0x00000000f0000000,0x00000000f3ce7b18,0x00000000f8300000)
 Metaspace       used 53275K, capacity 56602K, committed 56832K, reserved 1099776K
  class space    used 6490K, capacity 7071K, committed 7168K, reserved 1048576K
2023-10-03T08:21:25.019+0800: 1010.817: [GC (Allocation Failure) [PSYoungGen: 125152K->1248K(125952K)] 187518K->63630K(260096K), 0.0082569 secs] [Times: user=0.04 sys=0.00, real=0.00 secs] 
Heap after GC invocations=132 (full 0):
 PSYoungGen      total 125952K, used 1248K [0x00000000f8300000, 0x0000000100000000, 0x0000000100000000)
  eden space 123904K, 0% used [0x00000000f8300000,0x00000000f8300000,0x00000000ffc00000)
  from space 2048K, 60% used [0x00000000ffe00000,0x00000000fff38000,0x0000000100000000)
  to   space 2048K, 0% used [0x00000000ffc00000,0x00000000ffc00000,0x00000000ffe00000)
 ParOldGen       total 134144K, used 62382K [0x00000000f0000000, 0x00000000f8300000, 0x00000000f8300000)
  object space 134144K, 46% used [0x00000000f0000000,0x00000000f3cebb18,0x00000000f8300000)
 Metaspace       used 53275K, capacity 56602K, committed 56832K, reserved 1099776K
  class space    used 6490K, capacity 7071K, committed 7168K, reserved 1048576K
}
{Heap before GC invocations=133 (full 0):
 PSYoungGen      total 125952K, used 125152K [0x00000000f8300000, 0x0000000100000000, 0x0000000100000000)
  eden space 123904K, 100% used [0x00000000f8300000,0x00000000ffc00000,0x00000000ffc00000)
  from space 2048K, 60% used [0x00000000ffe00000,0x00000000fff38000,0x0000000100000000)
  to   space 2048K, 0% used [0x00000000ffc00000,0x00000000ffc00000,0x00000000ffe00000)
 ParOldGen       total 134144K, used 62382K [0x00000000f0000000, 0x00000000f8300000, 0x00000000f8300000)
  object space 134144K, 46% used [0x00000000f0000000,0x00000000f3cebb18,0x00000000f8300000)
 Metaspace       used 53276K, capacity 56602K, committed 56832K, reserved 1099776K
  class space    used 6490K, capacity 7071K, committed 7168K, reserved 1048576K
2023-10-03T08:21:29.150+0800: 1014.948: [GC (Allocation Failure) [PSYoungGen: 125152K->1280K(125952K)] 187534K->63670K(260096K), 0.0082071 secs] [Times: user=0.04 sys=0.01, real=0.00 secs] 
Heap after GC invocations=133 (full 0):
 PSYoungGen      total 125952K, used 1280K [0x00000000f8300000, 0x0000000100000000, 0x0000000100000000)
  eden space 123904K, 0% used [0x00000000f8300000,0x00000000f8300000,0x00000000ffc00000)
  from space 2048K, 62% used [0x00000000ffc00000,0x00000000ffd40000,0x00000000ffe00000)
  to   space 2048K, 0% used [0x00000000ffe00000,0x00000000ffe00000,0x0000000100000000)
 ParOldGen       total 134144K, used 62390K [0x00000000f0000000, 0x00000000f8300000, 0x00000000f8300000)
  object space 134144K, 46% used [0x00000000f0000000,0x00000000f3cedb18,0x00000000f8300000)
 Metaspace       used 53276K, capacity 56602K, committed 56832K, reserved 1099776K
  class space    used 6490K, capacity 7071K, committed 7168K, reserved 1048576K
}
{Heap before GC invocations=134 (full 0):
 PSYoungGen      total 125952K, used 125184K [0x00000000f8300000, 0x0000000100000000, 0x0000000100000000)
  eden space 123904K, 100% used [0x00000000f8300000,0x00000000ffc00000,0x00000000ffc00000)
  from space 2048K, 62% used [0x00000000ffc00000,0x00000000ffd40000,0x00000000ffe00000)
  to   space 2048K, 0% used [0x00000000ffe00000,0x00000000ffe00000,0x0000000100000000)
 ParOldGen       total 134144K, used 62390K [0x00000000f0000000, 0x00000000f8300000, 0x00000000f8300000)
  object space 134144K, 46% used [0x00000000f0000000,0x00000000f3cedb18,0x00000000f8300000)
 Metaspace       used 53276K, capacity 56602K, committed 56832K, reserved 1099776K
  class space    used 6490K, capacity 7071K, committed 7168K, reserved 1048576K
2023-10-03T08:21:33.295+0800: 1019.093: [GC (Allocation Failure) [PSYoungGen: 125184K->1280K(125952K)] 187574K->63726K(260096K), 0.0083032 secs] [Times: user=0.05 sys=0.00, real=0.01 secs] 
Heap after GC invocations=134 (full 0):
 PSYoungGen      total 125952K, used 1280K [0x00000000f8300000, 0x0000000100000000, 0x0000000100000000)
  eden space 123904K, 0% used [0x00000000f8300000,0x00000000f8300000,0x00000000ffc00000)
  from space 2048K, 62% used [0x00000000ffe00000,0x00000000fff40000,0x0000000100000000)
  to   space 2048K, 0% used [0x00000000ffc00000,0x00000000ffc00000,0x00000000ffe00000)
 ParOldGen       total 134144K, used 62446K [0x00000000f0000000, 0x00000000f8300000, 0x00000000f8300000)
  object space 134144K, 46% used [0x00000000f0000000,0x00000000f3cfbb18,0x00000000f8300000)
 Metaspace       used 53276K, capacity 56602K, committed 56832K, reserved 1099776K
  class space    used 6490K, capacity 7071K, committed 7168K, reserved 1048576K
}
{Heap before GC invocations=135 (full 0):
 PSYoungGen      total 125952K, used 125184K [0x00000000f8300000, 0x0000000100000000, 0x0000000100000000)
  eden space 123904K, 100% used [0x00000000f8300000,0x00000000ffc00000,0x00000000ffc00000)
  from space 2048K, 62% used [0x00000000ffe00000,0x00000000fff40000,0x0000000100000000)
  to   space 2048K, 0% used [0x00000000ffc00000,0x00000000ffc00000,0x00000000ffe00000)
 ParOldGen       total 134144K, used 62446K [0x00000000f0000000, 0x00000000f8300000, 0x00000000f8300000)
  object space 134144K, 46% used [0x00000000f0000000,0x00000000f3cfbb18,0x00000000f8300000)
 Metaspace       used 53276K, capacity 56602K, committed 56832K, reserved 1099776K
  class space    used 6490K, capacity 7071K, committed 7168K, reserved 1048576K
2023-10-03T08:21:37.438+0800: 1023.236: [GC (Allocation Failure) [PSYoungGen: 125184K->1216K(125952K)] 187630K->63670K(260096K), 0.0017836 secs] [Times: user=0.01 sys=0.00, real=0.01 secs] 
Heap after GC invocations=135 (full 0):
 PSYoungGen      total 125952K, used 1216K [0x00000000f8300000, 0x0000000100000000, 0x0000000100000000)
  eden space 123904K, 0% used [0x00000000f8300000,0x00000000f8300000,0x00000000ffc00000)
  from space 2048K, 59% used [0x00000000ffc00000,0x00000000ffd30000,0x00000000ffe00000)
  to   space 2048K, 0% used [0x00000000ffe00000,0x00000000ffe00000,0x0000000100000000)
 ParOldGen       total 134144K, used 62454K [0x00000000f0000000, 0x00000000f8300000, 0x00000000f8300000)
  object space 134144K, 46% used [0x00000000f0000000,0x00000000f3cfdb18,0x00000000f8300000)
 Metaspace       used 53276K, capacity 56602K, committed 56832K, reserved 1099776K
  class space    used 6490K, capacity 7071K, committed 7168K, reserved 1048576K
}
{Heap before GC invocations=136 (full 0):
 PSYoungGen      total 125952K, used 125120K [0x00000000f8300000, 0x0000000100000000, 0x0000000100000000)
  eden space 123904K, 100% used [0x00000000f8300000,0x00000000ffc00000,0x00000000ffc00000)
  from space 2048K, 59% used [0x00000000ffc00000,0x00000000ffd30000,0x00000000ffe00000)
  to   space 2048K, 0% used [0x00000000ffe00000,0x00000000ffe00000,0x0000000100000000)
 ParOldGen       total 134144K, used 62454K [0x00000000f0000000, 0x00000000f8300000, 0x00000000f8300000)
  object space 134144K, 46% used [0x00000000f0000000,0x00000000f3cfdb18,0x00000000f8300000)
 Metaspace       used 53276K, capacity 56602K, committed 56832K, reserved 1099776K
  class space    used 6490K, capacity 7071K, committed 7168K, reserved 1048576K
2023-10-03T08:21:41.533+0800: 1027.331: [GC (Allocation Failure) [PSYoungGen: 125120K->1280K(126464K)] 187574K->63750K(260608K), 0.0083164 secs] [Times: user=0.04 sys=0.01, real=0.01 secs] 
Heap after GC invocations=136 (full 0):
 PSYoungGen      total 126464K, used 1280K [0x00000000f8300000, 0x0000000100000000, 0x0000000100000000)
  eden space 124416K, 0% used [0x00000000f8300000,0x00000000f8300000,0x00000000ffc80000)
  from space 2048K, 62% used [0x00000000ffe00000,0x00000000fff40000,0x0000000100000000)
  to   space 1536K, 0% used [0x00000000ffc80000,0x00000000ffc80000,0x00000000ffe00000)
 ParOldGen       total 134144K, used 62470K [0x00000000f0000000, 0x00000000f8300000, 0x00000000f8300000)
  object space 134144K, 46% used [0x00000000f0000000,0x00000000f3d01b18,0x00000000f8300000)
 Metaspace       used 53276K, capacity 56602K, committed 56832K, reserved 1099776K
  class space    used 6490K, capacity 7071K, committed 7168K, reserved 1048576K
}
{Heap before GC invocations=137 (full 0):
 PSYoungGen      total 126464K, used 125696K [0x00000000f8300000, 0x0000000100000000, 0x0000000100000000)
  eden space 124416K, 100% used [0x00000000f8300000,0x00000000ffc80000,0x00000000ffc80000)
  from space 2048K, 62% used [0x00000000ffe00000,0x00000000fff40000,0x0000000100000000)
  to   space 1536K, 0% used [0x00000000ffc80000,0x00000000ffc80000,0x00000000ffe00000)
 ParOldGen       total 134144K, used 62470K [0x00000000f0000000, 0x00000000f8300000, 0x00000000f8300000)
  object space 134144K, 46% used [0x00000000f0000000,0x00000000f3d01b18,0x00000000f8300000)
 Metaspace       used 53276K, capacity 56602K, committed 56832K, reserved 1099776K
  class space    used 6490K, capacity 7071K, committed 7168K, reserved 1048576K
2023-10-03T08:21:45.618+0800: 1031.416: [GC (Allocation Failure) [PSYoungGen: 125696K->1280K(125952K)] 188166K->63806K(260096K), 0.0074771 secs] [Times: user=0.05 sys=0.00, real=0.01 secs] 
Heap after GC invocations=137 (full 0):
 PSYoungGen      total 125952K, used 1280K [0x00000000f8300000, 0x0000000100000000, 0x0000000100000000)
  eden space 124416K, 0% used [0x00000000f8300000,0x00000000f8300000,0x00000000ffc80000)
  from space 1536K, 83% used [0x00000000ffc80000,0x00000000ffdc0000,0x00000000ffe00000)
  to   space 1536K, 0% used [0x00000000ffe80000,0x00000000ffe80000,0x0000000100000000)
 ParOldGen       total 134144K, used 62526K [0x00000000f0000000, 0x00000000f8300000, 0x00000000f8300000)
  object space 134144K, 46% used [0x00000000f0000000,0x00000000f3d0fb18,0x00000000f8300000)
 Metaspace       used 53276K, capacity 56602K, committed 56832K, reserved 1099776K
  class space    used 6490K, capacity 7071K, committed 7168K, reserved 1048576K
}
{Heap before GC invocations=138 (full 0):
 PSYoungGen      total 125952K, used 125696K [0x00000000f8300000, 0x0000000100000000, 0x0000000100000000)
  eden space 124416K, 100% used [0x00000000f8300000,0x00000000ffc80000,0x00000000ffc80000)
  from space 1536K, 83% used [0x00000000ffc80000,0x00000000ffdc0000,0x00000000ffe00000)
  to   space 1536K, 0% used [0x00000000ffe80000,0x00000000ffe80000,0x0000000100000000)
 ParOldGen       total 134144K, used 62526K [0x00000000f0000000, 0x00000000f8300000, 0x00000000f8300000)
  object space 134144K, 46% used [0x00000000f0000000,0x00000000f3d0fb18,0x00000000f8300000)
 Metaspace       used 53276K, capacity 56602K, committed 56832K, reserved 1099776K
  class space    used 6490K, capacity 7071K, committed 7168K, reserved 1048576K
2023-10-03T08:21:49.770+0800: 1035.568: [GC (Allocation Failure) [PSYoungGen: 125696K->1280K(126464K)] 188222K->63822K(260608K), 0.0081680 secs] [Times: user=0.04 sys=0.00, real=0.00 secs] 
Heap after GC invocations=138 (full 0):
 PSYoungGen      total 126464K, used 1280K [0x00000000f8300000, 0x0000000100000000, 0x0000000100000000)
  eden space 124928K, 0% used [0x00000000f8300000,0x00000000f8300000,0x00000000ffd00000)
  from space 1536K, 83% used [0x00000000ffe80000,0x00000000fffc0000,0x0000000100000000)
  to   space 1536K, 0% used [0x00000000ffd00000,0x00000000ffd00000,0x00000000ffe80000)
 ParOldGen       total 134144K, used 62542K [0x00000000f0000000, 0x00000000f8300000, 0x00000000f8300000)
  object space 134144K, 46% used [0x00000000f0000000,0x00000000f3d13b18,0x00000000f8300000)
 Metaspace       used 53276K, capacity 56602K, committed 56832K, reserved 1099776K
  class space    used 6490K, capacity 7071K, committed 7168K, reserved 1048576K
}
{Heap before GC invocations=139 (full 0):
 PSYoungGen      total 126464K, used 126208K [0x00000000f8300000, 0x0000000100000000, 0x0000000100000000)
  eden space 124928K, 100% used [0x00000000f8300000,0x00000000ffd00000,0x00000000ffd00000)
  from space 1536K, 83% used [0x00000000ffe80000,0x00000000fffc0000,0x0000000100000000)
  to   space 1536K, 0% used [0x00000000ffd00000,0x00000000ffd00000,0x00000000ffe80000)
 ParOldGen       total 134144K, used 62542K [0x00000000f0000000, 0x00000000f8300000, 0x00000000f8300000)
  object space 134144K, 46% used [0x00000000f0000000,0x00000000f3d13b18,0x00000000f8300000)
 Metaspace       used 53276K, capacity 56602K, committed 56832K, reserved 1099776K
  class space    used 6490K, capacity 7071K, committed 7168K, reserved 1048576K
2023-10-03T08:21:53.937+0800: 1039.735: [GC (Allocation Failure) [PSYoungGen: 126208K->1216K(126464K)] 188750K->63774K(260608K), 0.0079890 secs] [Times: user=0.04 sys=0.01, real=0.01 secs] 
Heap after GC invocations=139 (full 0):
 PSYoungGen      total 126464K, used 1216K [0x00000000f8300000, 0x0000000100000000, 0x0000000100000000)
  eden space 124928K, 0% used [0x00000000f8300000,0x00000000f8300000,0x00000000ffd00000)
  from space 1536K, 79% used [0x00000000ffd00000,0x00000000ffe30000,0x00000000ffe80000)
  to   space 1536K, 0% used [0x00000000ffe80000,0x00000000ffe80000,0x0000000100000000)
 ParOldGen       total 134144K, used 62558K [0x00000000f0000000, 0x00000000f8300000, 0x00000000f8300000)
  object space 134144K, 46% used [0x00000000f0000000,0x00000000f3d17b18,0x00000000f8300000)
 Metaspace       used 53276K, capacity 56602K, committed 56832K, reserved 1099776K
  class space    used 6490K, capacity 7071K, committed 7168K, reserved 1048576K
}
{Heap before GC invocations=140 (full 0):
 PSYoungGen      total 126464K, used 126144K [0x00000000f8300000, 0x0000000100000000, 0x0000000100000000)
  eden space 124928K, 100% used [0x00000000f8300000,0x00000000ffd00000,0x00000000ffd00000)
  from space 1536K, 79% used [0x00000000ffd00000,0x00000000ffe30000,0x00000000ffe80000)
  to   space 1536K, 0% used [0x00000000ffe80000,0x00000000ffe80000,0x0000000100000000)
 ParOldGen       total 134144K, used 62558K [0x00000000f0000000, 0x00000000f8300000, 0x00000000f8300000)
  object space 134144K, 46% used [0x00000000f0000000,0x00000000f3d17b18,0x00000000f8300000)
 Metaspace       used 53276K, capacity 56602K, committed 56832K, reserved 1099776K
  class space    used 6490K, capacity 7071K, committed 7168K, reserved 1048576K
2023-10-03T08:21:58.143+0800: 1043.941: [GC (Allocation Failure) [PSYoungGen: 126144K->1344K(126464K)] 188702K->63910K(260608K), 0.0037894 secs] [Times: user=0.03 sys=0.00, real=0.00 secs] 
Heap after GC invocations=140 (full 0):
 PSYoungGen      total 126464K, used 1344K [0x00000000f8300000, 0x0000000100000000, 0x0000000100000000)
  eden space 124928K, 0% used [0x00000000f8300000,0x00000000f8300000,0x00000000ffd00000)
  from space 1536K, 87% used [0x00000000ffe80000,0x00000000fffd0000,0x0000000100000000)
  to   space 1536K, 0% used [0x00000000ffd00000,0x00000000ffd00000,0x00000000ffe80000)
 ParOldGen       total 134144K, used 62566K [0x00000000f0000000, 0x00000000f8300000, 0x00000000f8300000)
  object space 134144K, 46% used [0x00000000f0000000,0x00000000f3d19b18,0x00000000f8300000)
 Metaspace       used 53276K, capacity 56602K, committed 56832K, reserved 1099776K
  class space    used 6490K, capacity 7071K, committed 7168K, reserved 1048576K
}
{Heap before GC invocations=141 (full 0):
 PSYoungGen      total 126464K, used 126272K [0x00000000f8300000, 0x0000000100000000, 0x0000000100000000)
  eden space 124928K, 100% used [0x00000000f8300000,0x00000000ffd00000,0x00000000ffd00000)
  from space 1536K, 87% used [0x00000000ffe80000,0x00000000fffd0000,0x0000000100000000)
  to   space 1536K, 0% used [0x00000000ffd00000,0x00000000ffd00000,0x00000000ffe80000)
 ParOldGen       total 134144K, used 62566K [0x00000000f0000000, 0x00000000f8300000, 0x00000000f8300000)
  object space 134144K, 46% used [0x00000000f0000000,0x00000000f3d19b18,0x00000000f8300000)
 Metaspace       used 53276K, capacity 56602K, committed 56832K, reserved 1099776K
  class space    used 6490K, capacity 7071K, committed 7168K, reserved 1048576K
2023-10-03T08:22:02.209+0800: 1048.007: [GC (Allocation Failure) [PSYoungGen: 126272K->1536K(126464K)] 188838K->64502K(260608K), 0.0083550 secs] [Times: user=0.04 sys=0.00, real=0.00 secs] 
Heap after GC invocations=141 (full 0):
 PSYoungGen      total 126464K, used 1536K [0x00000000f8300000, 0x0000000100000000, 0x0000000100000000)
  eden space 124928K, 0% used [0x00000000f8300000,0x00000000f8300000,0x00000000ffd00000)
  from space 1536K, 100% used [0x00000000ffd00000,0x00000000ffe80000,0x00000000ffe80000)
  to   space 1536K, 0% used [0x00000000ffe80000,0x00000000ffe80000,0x0000000100000000)
 ParOldGen       total 134144K, used 62966K [0x00000000f0000000, 0x00000000f8300000, 0x00000000f8300000)
  object space 134144K, 46% used [0x00000000f0000000,0x00000000f3d7dba8,0x00000000f8300000)
 Metaspace       used 53276K, capacity 56602K, committed 56832K, reserved 1099776K
  class space    used 6490K, capacity 7071K, committed 7168K, reserved 1048576K
}
{Heap before GC invocations=142 (full 0):
 PSYoungGen      total 126464K, used 126464K [0x00000000f8300000, 0x0000000100000000, 0x0000000100000000)
  eden space 124928K, 100% used [0x00000000f8300000,0x00000000ffd00000,0x00000000ffd00000)
  from space 1536K, 100% used [0x00000000ffd00000,0x00000000ffe80000,0x00000000ffe80000)
  to   space 1536K, 0% used [0x00000000ffe80000,0x00000000ffe80000,0x0000000100000000)
 ParOldGen       total 134144K, used 62966K [0x00000000f0000000, 0x00000000f8300000, 0x00000000f8300000)
  object space 134144K, 46% used [0x00000000f0000000,0x00000000f3d7dba8,0x00000000f8300000)
 Metaspace       used 53276K, capacity 56602K, committed 56832K, reserved 1099776K
  class space    used 6490K, capacity 7071K, committed 7168K, reserved 1048576K
2023-10-03T08:22:06.315+0800: 1052.113: [GC (Allocation Failure) [PSYoungGen: 126464K->1376K(125440K)] 189430K->65015K(259584K), 0.0082705 secs] [Times: user=0.06 sys=0.00, real=0.01 secs] 
Heap after GC invocations=142 (full 0):
 PSYoungGen      total 125440K, used 1376K [0x00000000f8300000, 0x0000000100000000, 0x0000000100000000)
  eden space 123904K, 0% used [0x00000000f8300000,0x00000000f8300000,0x00000000ffc00000)
  from space 1536K, 89% used [0x00000000ffe80000,0x00000000fffd8000,0x0000000100000000)
  to   space 2048K, 0% used [0x00000000ffc00000,0x00000000ffc00000,0x00000000ffe00000)
 ParOldGen       total 134144K, used 63639K [0x00000000f0000000, 0x00000000f8300000, 0x00000000f8300000)
  object space 134144K, 47% used [0x00000000f0000000,0x00000000f3e25ff8,0x00000000f8300000)
 Metaspace       used 53276K, capacity 56602K, committed 56832K, reserved 1099776K
  class space    used 6490K, capacity 7071K, committed 7168K, reserved 1048576K
}
{Heap before GC invocations=143 (full 0):
 PSYoungGen      total 125440K, used 125280K [0x00000000f8300000, 0x0000000100000000, 0x0000000100000000)
  eden space 123904K, 100% used [0x00000000f8300000,0x00000000ffc00000,0x00000000ffc00000)
  from space 1536K, 89% used [0x00000000ffe80000,0x00000000fffd8000,0x0000000100000000)
  to   space 2048K, 0% used [0x00000000ffc00000,0x00000000ffc00000,0x00000000ffe00000)
 ParOldGen       total 134144K, used 63639K [0x00000000f0000000, 0x00000000f8300000, 0x00000000f8300000)
  object space 134144K, 47% used [0x00000000f0000000,0x00000000f3e25ff8,0x00000000f8300000)
 Metaspace       used 53276K, capacity 56602K, committed 56832K, reserved 1099776K
  class space    used 6490K, capacity 7071K, committed 7168K, reserved 1048576K
2023-10-03T08:22:10.474+0800: 1056.272: [GC (Allocation Failure) [PSYoungGen: 125280K->1248K(125952K)] 188919K->64959K(260096K), 0.0082672 secs] [Times: user=0.04 sys=0.00, real=0.01 secs] 
Heap after GC invocations=143 (full 0):
 PSYoungGen      total 125952K, used 1248K [0x00000000f8300000, 0x0000000100000000, 0x0000000100000000)
  eden space 123904K, 0% used [0x00000000f8300000,0x00000000f8300000,0x00000000ffc00000)
  from space 2048K, 60% used [0x00000000ffc00000,0x00000000ffd38000,0x00000000ffe00000)
  to   space 2048K, 0% used [0x00000000ffe00000,0x00000000ffe00000,0x0000000100000000)
 ParOldGen       total 134144K, used 63711K [0x00000000f0000000, 0x00000000f8300000, 0x00000000f8300000)
  object space 134144K, 47% used [0x00000000f0000000,0x00000000f3e37ff8,0x00000000f8300000)
 Metaspace       used 53276K, capacity 56602K, committed 56832K, reserved 1099776K
  class space    used 6490K, capacity 7071K, committed 7168K, reserved 1048576K
}
{Heap before GC invocations=144 (full 0):
 PSYoungGen      total 125952K, used 125152K [0x00000000f8300000, 0x0000000100000000, 0x0000000100000000)
  eden space 123904K, 100% used [0x00000000f8300000,0x00000000ffc00000,0x00000000ffc00000)
  from space 2048K, 60% used [0x00000000ffc00000,0x00000000ffd38000,0x00000000ffe00000)
  to   space 2048K, 0% used [0x00000000ffe00000,0x00000000ffe00000,0x0000000100000000)
 ParOldGen       total 134144K, used 63711K [0x00000000f0000000, 0x00000000f8300000, 0x00000000f8300000)
  object space 134144K, 47% used [0x00000000f0000000,0x00000000f3e37ff8,0x00000000f8300000)
 Metaspace       used 53276K, capacity 56602K, committed 56832K, reserved 1099776K
  class space    used 6490K, capacity 7071K, committed 7168K, reserved 1048576K
2023-10-03T08:22:14.559+0800: 1060.357: [GC (Allocation Failure) [PSYoungGen: 125152K->1504K(125952K)] 188863K->65239K(260096K), 0.0086746 secs] [Times: user=0.05 sys=0.00, real=0.01 secs] 
Heap after GC invocations=144 (full 0):
 PSYoungGen      total 125952K, used 1504K [0x00000000f8300000, 0x0000000100000000, 0x0000000100000000)
  eden space 123904K, 0% used [0x00000000f8300000,0x00000000f8300000,0x00000000ffc00000)
  from space 2048K, 73% used [0x00000000ffe00000,0x00000000fff78000,0x0000000100000000)
  to   space 2048K, 0% used [0x00000000ffc00000,0x00000000ffc00000,0x00000000ffe00000)
 ParOldGen       total 134144K, used 63735K [0x00000000f0000000, 0x00000000f8300000, 0x00000000f8300000)
  object space 134144K, 47% used [0x00000000f0000000,0x00000000f3e3dff8,0x00000000f8300000)
 Metaspace       used 53276K, capacity 56602K, committed 56832K, reserved 1099776K
  class space    used 6490K, capacity 7071K, committed 7168K, reserved 1048576K
}
{Heap before GC invocations=145 (full 0):
 PSYoungGen      total 125952K, used 125408K [0x00000000f8300000, 0x0000000100000000, 0x0000000100000000)
  eden space 123904K, 100% used [0x00000000f8300000,0x00000000ffc00000,0x00000000ffc00000)
  from space 2048K, 73% used [0x00000000ffe00000,0x00000000fff78000,0x0000000100000000)
  to   space 2048K, 0% used [0x00000000ffc00000,0x00000000ffc00000,0x00000000ffe00000)
 ParOldGen       total 134144K, used 63735K [0x00000000f0000000, 0x00000000f8300000, 0x00000000f8300000)
  object space 134144K, 47% used [0x00000000f0000000,0x00000000f3e3dff8,0x00000000f8300000)
 Metaspace       used 53277K, capacity 56602K, committed 56832K, reserved 1099776K
  class space    used 6491K, capacity 7071K, committed 7168K, reserved 1048576K
2023-10-03T08:22:18.681+0800: 1064.479: [GC (Allocation Failure) [PSYoungGen: 125408K->1440K(125952K)] 189143K->65455K(260096K), 0.0060938 secs] [Times: user=0.05 sys=0.00, real=0.00 secs] 
Heap after GC invocations=145 (full 0):
 PSYoungGen      total 125952K, used 1440K [0x00000000f8300000, 0x0000000100000000, 0x0000000100000000)
  eden space 123904K, 0% used [0x00000000f8300000,0x00000000f8300000,0x00000000ffc00000)
  from space 2048K, 70% used [0x00000000ffc00000,0x00000000ffd68000,0x00000000ffe00000)
  to   space 2048K, 0% used [0x00000000ffe00000,0x00000000ffe00000,0x0000000100000000)
 ParOldGen       total 134144K, used 64015K [0x00000000f0000000, 0x00000000f8300000, 0x00000000f8300000)
  object space 134144K, 47% used [0x00000000f0000000,0x00000000f3e83ff8,0x00000000f8300000)
 Metaspace       used 53277K, capacity 56602K, committed 56832K, reserved 1099776K
  class space    used 6491K, capacity 7071K, committed 7168K, reserved 1048576K
}
{Heap before GC invocations=146 (full 0):
 PSYoungGen      total 125952K, used 125344K [0x00000000f8300000, 0x0000000100000000, 0x0000000100000000)
  eden space 123904K, 100% used [0x00000000f8300000,0x00000000ffc00000,0x00000000ffc00000)
  from space 2048K, 70% used [0x00000000ffc00000,0x00000000ffd68000,0x00000000ffe00000)
  to   space 2048K, 0% used [0x00000000ffe00000,0x00000000ffe00000,0x0000000100000000)
 ParOldGen       total 134144K, used 64015K [0x00000000f0000000, 0x00000000f8300000, 0x00000000f8300000)
  object space 134144K, 47% used [0x00000000f0000000,0x00000000f3e83ff8,0x00000000f8300000)
 Metaspace       used 53277K, capacity 56602K, committed 56832K, reserved 1099776K
  class space    used 6491K, capacity 7071K, committed 7168K, reserved 1048576K
2023-10-03T08:22:22.891+0800: 1068.689: [GC (Allocation Failure) [PSYoungGen: 125344K->1280K(125952K)] 189359K->65527K(260096K), 0.0058414 secs] [Times: user=0.05 sys=0.00, real=0.00 secs] 
Heap after GC invocations=146 (full 0):
 PSYoungGen      total 125952K, used 1280K [0x00000000f8300000, 0x0000000100000000, 0x0000000100000000)
  eden space 123904K, 0% used [0x00000000f8300000,0x00000000f8300000,0x00000000ffc00000)
  from space 2048K, 62% used [0x00000000ffe00000,0x00000000fff40000,0x0000000100000000)
  to   space 2048K, 0% used [0x00000000ffc00000,0x00000000ffc00000,0x00000000ffe00000)
 ParOldGen       total 134144K, used 64247K [0x00000000f0000000, 0x00000000f8300000, 0x00000000f8300000)
  object space 134144K, 47% used [0x00000000f0000000,0x00000000f3ebdff8,0x00000000f8300000)
 Metaspace       used 53277K, capacity 56602K, committed 56832K, reserved 1099776K
  class space    used 6491K, capacity 7071K, committed 7168K, reserved 1048576K
}
{Heap before GC invocations=147 (full 0):
 PSYoungGen      total 125952K, used 125184K [0x00000000f8300000, 0x0000000100000000, 0x0000000100000000)
  eden space 123904K, 100% used [0x00000000f8300000,0x00000000ffc00000,0x00000000ffc00000)
  from space 2048K, 62% used [0x00000000ffe00000,0x00000000fff40000,0x0000000100000000)
  to   space 2048K, 0% used [0x00000000ffc00000,0x00000000ffc00000,0x00000000ffe00000)
 ParOldGen       total 134144K, used 64247K [0x00000000f0000000, 0x00000000f8300000, 0x00000000f8300000)
  object space 134144K, 47% used [0x00000000f0000000,0x00000000f3ebdff8,0x00000000f8300000)
 Metaspace       used 53277K, capacity 56602K, committed 56832K, reserved 1099776K
  class space    used 6491K, capacity 7071K, committed 7168K, reserved 1048576K
2023-10-03T08:22:26.952+0800: 1072.750: [GC (Allocation Failure) [PSYoungGen: 125184K->1248K(125952K)] 189431K->65503K(260096K), 0.0075925 secs] [Times: user=0.06 sys=0.00, real=0.01 secs] 
Heap after GC invocations=147 (full 0):
 PSYoungGen      total 125952K, used 1248K [0x00000000f8300000, 0x0000000100000000, 0x0000000100000000)
  eden space 123904K, 0% used [0x00000000f8300000,0x00000000f8300000,0x00000000ffc00000)
  from space 2048K, 60% used [0x00000000ffc00000,0x00000000ffd38000,0x00000000ffe00000)
  to   space 2048K, 0% used [0x00000000ffe00000,0x00000000ffe00000,0x0000000100000000)
 ParOldGen       total 134144K, used 64255K [0x00000000f0000000, 0x00000000f8300000, 0x00000000f8300000)
  object space 134144K, 47% used [0x00000000f0000000,0x00000000f3ebfff8,0x00000000f8300000)
 Metaspace       used 53277K, capacity 56602K, committed 56832K, reserved 1099776K
  class space    used 6491K, capacity 7071K, committed 7168K, reserved 1048576K
}
{Heap before GC invocations=148 (full 0):
 PSYoungGen      total 125952K, used 125152K [0x00000000f8300000, 0x0000000100000000, 0x0000000100000000)
  eden space 123904K, 100% used [0x00000000f8300000,0x00000000ffc00000,0x00000000ffc00000)
  from space 2048K, 60% used [0x00000000ffc00000,0x00000000ffd38000,0x00000000ffe00000)
  to   space 2048K, 0% used [0x00000000ffe00000,0x00000000ffe00000,0x0000000100000000)
 ParOldGen       total 134144K, used 64255K [0x00000000f0000000, 0x00000000f8300000, 0x00000000f8300000)
  object space 134144K, 47% used [0x00000000f0000000,0x00000000f3ebfff8,0x00000000f8300000)
 Metaspace       used 53277K, capacity 56602K, committed 56832K, reserved 1099776K
  class space    used 6491K, capacity 7071K, committed 7168K, reserved 1048576K
2023-10-03T08:22:31.011+0800: 1076.809: [GC (Allocation Failure) [PSYoungGen: 125152K->1312K(125952K)] 189407K->65591K(260096K), 0.0080582 secs] [Times: user=0.05 sys=0.00, real=0.01 secs] 
Heap after GC invocations=148 (full 0):
 PSYoungGen      total 125952K, used 1312K [0x00000000f8300000, 0x0000000100000000, 0x0000000100000000)
  eden space 123904K, 0% used [0x00000000f8300000,0x00000000f8300000,0x00000000ffc00000)
  from space 2048K, 64% used [0x00000000ffe00000,0x00000000fff48000,0x0000000100000000)
  to   space 2048K, 0% used [0x00000000ffc00000,0x00000000ffc00000,0x00000000ffe00000)
 ParOldGen       total 134144K, used 64279K [0x00000000f0000000, 0x00000000f8300000, 0x00000000f8300000)
  object space 134144K, 47% used [0x00000000f0000000,0x00000000f3ec5ff8,0x00000000f8300000)
 Metaspace       used 53277K, capacity 56602K, committed 56832K, reserved 1099776K
  class space    used 6491K, capacity 7071K, committed 7168K, reserved 1048576K
}
{Heap before GC invocations=149 (full 0):
 PSYoungGen      total 125952K, used 125216K [0x00000000f8300000, 0x0000000100000000, 0x0000000100000000)
  eden space 123904K, 100% used [0x00000000f8300000,0x00000000ffc00000,0x00000000ffc00000)
  from space 2048K, 64% used [0x00000000ffe00000,0x00000000fff48000,0x0000000100000000)
  to   space 2048K, 0% used [0x00000000ffc00000,0x00000000ffc00000,0x00000000ffe00000)
 ParOldGen       total 134144K, used 64279K [0x00000000f0000000, 0x00000000f8300000, 0x00000000f8300000)
  object space 134144K, 47% used [0x00000000f0000000,0x00000000f3ec5ff8,0x00000000f8300000)
 Metaspace       used 53277K, capacity 56602K, committed 56832K, reserved 1099776K
  class space    used 6491K, capacity 7071K, committed 7168K, reserved 1048576K
2023-10-03T08:22:35.118+0800: 1080.916: [GC (Allocation Failure) [PSYoungGen: 125216K->1248K(125952K)] 189495K->65591K(260096K), 0.0082676 secs] [Times: user=0.05 sys=0.00, real=0.01 secs] 
Heap after GC invocations=149 (full 0):
 PSYoungGen      total 125952K, used 1248K [0x00000000f8300000, 0x0000000100000000, 0x0000000100000000)
  eden space 123904K, 0% used [0x00000000f8300000,0x00000000f8300000,0x00000000ffc00000)
  from space 2048K, 60% used [0x00000000ffc00000,0x00000000ffd38000,0x00000000ffe00000)
  to   space 2048K, 0% used [0x00000000ffe00000,0x00000000ffe00000,0x0000000100000000)
 ParOldGen       total 134144K, used 64343K [0x00000000f0000000, 0x00000000f8300000, 0x00000000f8300000)
  object space 134144K, 47% used [0x00000000f0000000,0x00000000f3ed5ff8,0x00000000f8300000)
 Metaspace       used 53277K, capacity 56602K, committed 56832K, reserved 1099776K
  class space    used 6491K, capacity 7071K, committed 7168K, reserved 1048576K
}
{Heap before GC invocations=150 (full 0):
 PSYoungGen      total 125952K, used 125152K [0x00000000f8300000, 0x0000000100000000, 0x0000000100000000)
  eden space 123904K, 100% used [0x00000000f8300000,0x00000000ffc00000,0x00000000ffc00000)
  from space 2048K, 60% used [0x00000000ffc00000,0x00000000ffd38000,0x00000000ffe00000)
  to   space 2048K, 0% used [0x00000000ffe00000,0x00000000ffe00000,0x0000000100000000)
 ParOldGen       total 134144K, used 64343K [0x00000000f0000000, 0x00000000f8300000, 0x00000000f8300000)
  object space 134144K, 47% used [0x00000000f0000000,0x00000000f3ed5ff8,0x00000000f8300000)
 Metaspace       used 53277K, capacity 56602K, committed 56832K, reserved 1099776K
  class space    used 6491K, capacity 7071K, committed 7168K, reserved 1048576K
2023-10-03T08:22:39.264+0800: 1085.062: [GC (Allocation Failure) [PSYoungGen: 125152K->1312K(125952K)] 189495K->65687K(260096K), 0.0080173 secs] [Times: user=0.05 sys=0.00, real=0.01 secs] 
Heap after GC invocations=150 (full 0):
 PSYoungGen      total 125952K, used 1312K [0x00000000f8300000, 0x0000000100000000, 0x0000000100000000)
  eden space 123904K, 0% used [0x00000000f8300000,0x00000000f8300000,0x00000000ffc00000)
  from space 2048K, 64% used [0x00000000ffe00000,0x00000000fff48000,0x0000000100000000)
  to   space 2048K, 0% used [0x00000000ffc00000,0x00000000ffc00000,0x00000000ffe00000)
 ParOldGen       total 134144K, used 64375K [0x00000000f0000000, 0x00000000f8300000, 0x00000000f8300000)
  object space 134144K, 47% used [0x00000000f0000000,0x00000000f3eddff8,0x00000000f8300000)
 Metaspace       used 53277K, capacity 56602K, committed 56832K, reserved 1099776K
  class space    used 6491K, capacity 7071K, committed 7168K, reserved 1048576K
}
{Heap before GC invocations=151 (full 0):
 PSYoungGen      total 125952K, used 125216K [0x00000000f8300000, 0x0000000100000000, 0x0000000100000000)
  eden space 123904K, 100% used [0x00000000f8300000,0x00000000ffc00000,0x00000000ffc00000)
  from space 2048K, 64% used [0x00000000ffe00000,0x00000000fff48000,0x0000000100000000)
  to   space 2048K, 0% used [0x00000000ffc00000,0x00000000ffc00000,0x00000000ffe00000)
 ParOldGen       total 134144K, used 64375K [0x00000000f0000000, 0x00000000f8300000, 0x00000000f8300000)
  object space 134144K, 47% used [0x00000000f0000000,0x00000000f3eddff8,0x00000000f8300000)
 Metaspace       used 53278K, capacity 56602K, committed 56832K, reserved 1099776K
  class space    used 6491K, capacity 7071K, committed 7168K, reserved 1048576K
2023-10-03T08:22:43.382+0800: 1089.180: [GC (Allocation Failure) [PSYoungGen: 125216K->1184K(125952K)] 189591K->65599K(260096K), 0.0081889 secs] [Times: user=0.04 sys=0.00, real=0.01 secs] 
Heap after GC invocations=151 (full 0):
 PSYoungGen      total 125952K, used 1184K [0x00000000f8300000, 0x0000000100000000, 0x0000000100000000)
  eden space 123904K, 0% used [0x00000000f8300000,0x00000000f8300000,0x00000000ffc00000)
  from space 2048K, 57% used [0x00000000ffc00000,0x00000000ffd28000,0x00000000ffe00000)
  to   space 2048K, 0% used [0x00000000ffe00000,0x00000000ffe00000,0x0000000100000000)
 ParOldGen       total 134144K, used 64415K [0x00000000f0000000, 0x00000000f8300000, 0x00000000f8300000)
  object space 134144K, 48% used [0x00000000f0000000,0x00000000f3ee7ff8,0x00000000f8300000)
 Metaspace       used 53278K, capacity 56602K, committed 56832K, reserved 1099776K
  class space    used 6491K, capacity 7071K, committed 7168K, reserved 1048576K
}
{Heap before GC invocations=152 (full 0):
 PSYoungGen      total 125952K, used 125088K [0x00000000f8300000, 0x0000000100000000, 0x0000000100000000)
  eden space 123904K, 100% used [0x00000000f8300000,0x00000000ffc00000,0x00000000ffc00000)
  from space 2048K, 57% used [0x00000000ffc00000,0x00000000ffd28000,0x00000000ffe00000)
  to   space 2048K, 0% used [0x00000000ffe00000,0x00000000ffe00000,0x0000000100000000)
 ParOldGen       total 134144K, used 64415K [0x00000000f0000000, 0x00000000f8300000, 0x00000000f8300000)
  object space 134144K, 48% used [0x00000000f0000000,0x00000000f3ee7ff8,0x00000000f8300000)
 Metaspace       used 53278K, capacity 56602K, committed 56832K, reserved 1099776K
  class space    used 6491K, capacity 7071K, committed 7168K, reserved 1048576K
2023-10-03T08:22:47.635+0800: 1093.433: [GC (Allocation Failure) [PSYoungGen: 125088K->1280K(125952K)] 189503K->65743K(260096K), 0.0022525 secs] [Times: user=0.01 sys=0.00, real=0.00 secs] 
Heap after GC invocations=152 (full 0):
 PSYoungGen      total 125952K, used 1280K [0x00000000f8300000, 0x0000000100000000, 0x0000000100000000)
  eden space 123904K, 0% used [0x00000000f8300000,0x00000000f8300000,0x00000000ffc00000)
  from space 2048K, 62% used [0x00000000ffe00000,0x00000000fff40000,0x0000000100000000)
  to   space 2048K, 0% used [0x00000000ffc00000,0x00000000ffc00000,0x00000000ffe00000)
 ParOldGen       total 134144K, used 64463K [0x00000000f0000000, 0x00000000f8300000, 0x00000000f8300000)
  object space 134144K, 48% used [0x00000000f0000000,0x00000000f3ef3ff8,0x00000000f8300000)
 Metaspace       used 53278K, capacity 56602K, committed 56832K, reserved 1099776K
  class space    used 6491K, capacity 7071K, committed 7168K, reserved 1048576K
}
{Heap before GC invocations=153 (full 0):
 PSYoungGen      total 125952K, used 125184K [0x00000000f8300000, 0x0000000100000000, 0x0000000100000000)
  eden space 123904K, 100% used [0x00000000f8300000,0x00000000ffc00000,0x00000000ffc00000)
  from space 2048K, 62% used [0x00000000ffe00000,0x00000000fff40000,0x0000000100000000)
  to   space 2048K, 0% used [0x00000000ffc00000,0x00000000ffc00000,0x00000000ffe00000)
 ParOldGen       total 134144K, used 64463K [0x00000000f0000000, 0x00000000f8300000, 0x00000000f8300000)
  object space 134144K, 48% used [0x00000000f0000000,0x00000000f3ef3ff8,0x00000000f8300000)
 Metaspace       used 53278K, capacity 56602K, committed 56832K, reserved 1099776K
  class space    used 6491K, capacity 7071K, committed 7168K, reserved 1048576K
2023-10-03T08:22:51.694+0800: 1097.492: [GC (Allocation Failure) [PSYoungGen: 125184K->1216K(125952K)] 189647K->65759K(260096K), 0.0082529 secs] [Times: user=0.05 sys=0.00, real=0.01 secs] 
Heap after GC invocations=153 (full 0):
 PSYoungGen      total 125952K, used 1216K [0x00000000f8300000, 0x0000000100000000, 0x0000000100000000)
  eden space 123904K, 0% used [0x00000000f8300000,0x00000000f8300000,0x00000000ffc00000)
  from space 2048K, 59% used [0x00000000ffc00000,0x00000000ffd30000,0x00000000ffe00000)
  to   space 2048K, 0% used [0x00000000ffe00000,0x00000000ffe00000,0x0000000100000000)
 ParOldGen       total 134144K, used 64543K [0x00000000f0000000, 0x00000000f8300000, 0x00000000f8300000)
  object space 134144K, 48% used [0x00000000f0000000,0x00000000f3f07ff8,0x00000000f8300000)
 Metaspace       used 53278K, capacity 56602K, committed 56832K, reserved 1099776K
  class space    used 6491K, capacity 7071K, committed 7168K, reserved 1048576K
}
{Heap before GC invocations=154 (full 0):
 PSYoungGen      total 125952K, used 125120K [0x00000000f8300000, 0x0000000100000000, 0x0000000100000000)
  eden space 123904K, 100% used [0x00000000f8300000,0x00000000ffc00000,0x00000000ffc00000)
  from space 2048K, 59% used [0x00000000ffc00000,0x00000000ffd30000,0x00000000ffe00000)
  to   space 2048K, 0% used [0x00000000ffe00000,0x00000000ffe00000,0x0000000100000000)
 ParOldGen       total 134144K, used 64543K [0x00000000f0000000, 0x00000000f8300000, 0x00000000f8300000)
  object space 134144K, 48% used [0x00000000f0000000,0x00000000f3f07ff8,0x00000000f8300000)
 Metaspace       used 53278K, capacity 56602K, committed 56832K, reserved 1099776K
  class space    used 6491K, capacity 7071K, committed 7168K, reserved 1048576K
2023-10-03T08:22:55.756+0800: 1101.554: [GC (Allocation Failure) [PSYoungGen: 125120K->1280K(125952K)] 189663K->65871K(260096K), 0.0080833 secs] [Times: user=0.05 sys=0.00, real=0.01 secs] 
Heap after GC invocations=154 (full 0):
 PSYoungGen      total 125952K, used 1280K [0x00000000f8300000, 0x0000000100000000, 0x0000000100000000)
  eden space 123904K, 0% used [0x00000000f8300000,0x00000000f8300000,0x00000000ffc00000)
  from space 2048K, 62% used [0x00000000ffe00000,0x00000000fff40000,0x0000000100000000)
  to   space 2048K, 0% used [0x00000000ffc00000,0x00000000ffc00000,0x00000000ffe00000)
 ParOldGen       total 134144K, used 64591K [0x00000000f0000000, 0x00000000f8300000, 0x00000000f8300000)
  object space 134144K, 48% used [0x00000000f0000000,0x00000000f3f13ff8,0x00000000f8300000)
 Metaspace       used 53278K, capacity 56602K, committed 56832K, reserved 1099776K
  class space    used 6491K, capacity 7071K, committed 7168K, reserved 1048576K
}
{Heap before GC invocations=155 (full 0):
 PSYoungGen      total 125952K, used 125184K [0x00000000f8300000, 0x0000000100000000, 0x0000000100000000)
  eden space 123904K, 100% used [0x00000000f8300000,0x00000000ffc00000,0x00000000ffc00000)
  from space 2048K, 62% used [0x00000000ffe00000,0x00000000fff40000,0x0000000100000000)
  to   space 2048K, 0% used [0x00000000ffc00000,0x00000000ffc00000,0x00000000ffe00000)
 ParOldGen       total 134144K, used 64591K [0x00000000f0000000, 0x00000000f8300000, 0x00000000f8300000)
  object space 134144K, 48% used [0x00000000f0000000,0x00000000f3f13ff8,0x00000000f8300000)
 Metaspace       used 53278K, capacity 56602K, committed 56832K, reserved 1099776K
  class space    used 6491K, capacity 7071K, committed 7168K, reserved 1048576K
2023-10-03T08:22:59.840+0800: 1105.638: [GC (Allocation Failure) [PSYoungGen: 125184K->1216K(125952K)] 189775K->65871K(260096K), 0.0082798 secs] [Times: user=0.05 sys=0.00, real=0.00 secs] 
Heap after GC invocations=155 (full 0):
 PSYoungGen      total 125952K, used 1216K [0x00000000f8300000, 0x0000000100000000, 0x0000000100000000)
  eden space 123904K, 0% used [0x00000000f8300000,0x00000000f8300000,0x00000000ffc00000)
  from space 2048K, 59% used [0x00000000ffc00000,0x00000000ffd30000,0x00000000ffe00000)
  to   space 1536K, 0% used [0x00000000ffe80000,0x00000000ffe80000,0x0000000100000000)
 ParOldGen       total 134144K, used 64655K [0x00000000f0000000, 0x00000000f8300000, 0x00000000f8300000)
  object space 134144K, 48% used [0x00000000f0000000,0x00000000f3f23ff8,0x00000000f8300000)
 Metaspace       used 53278K, capacity 56602K, committed 56832K, reserved 1099776K
  class space    used 6491K, capacity 7071K, committed 7168K, reserved 1048576K
}
{Heap before GC invocations=156 (full 0):
 PSYoungGen      total 125952K, used 125120K [0x00000000f8300000, 0x0000000100000000, 0x0000000100000000)
  eden space 123904K, 100% used [0x00000000f8300000,0x00000000ffc00000,0x00000000ffc00000)
  from space 2048K, 59% used [0x00000000ffc00000,0x00000000ffd30000,0x00000000ffe00000)
  to   space 1536K, 0% used [0x00000000ffe80000,0x00000000ffe80000,0x0000000100000000)
 ParOldGen       total 134144K, used 64655K [0x00000000f0000000, 0x00000000f8300000, 0x00000000f8300000)
  object space 134144K, 48% used [0x00000000f0000000,0x00000000f3f23ff8,0x00000000f8300000)
 Metaspace       used 53278K, capacity 56602K, committed 56832K, reserved 1099776K
  class space    used 6491K, capacity 7071K, committed 7168K, reserved 1048576K
2023-10-03T08:23:03.991+0800: 1109.789: [GC (Allocation Failure) [PSYoungGen: 125120K->1216K(126464K)] 189775K->65919K(260608K), 0.0076066 secs] [Times: user=0.05 sys=0.00, real=0.00 secs] 
Heap after GC invocations=156 (full 0):
 PSYoungGen      total 126464K, used 1216K [0x00000000f8300000, 0x0000000100000000, 0x0000000100000000)
  eden space 124928K, 0% used [0x00000000f8300000,0x00000000f8300000,0x00000000ffd00000)
  from space 1536K, 79% used [0x00000000ffe80000,0x00000000fffb0000,0x0000000100000000)
  to   space 1536K, 0% used [0x00000000ffd00000,0x00000000ffd00000,0x00000000ffe80000)
 ParOldGen       total 134144K, used 64703K [0x00000000f0000000, 0x00000000f8300000, 0x00000000f8300000)
  object space 134144K, 48% used [0x00000000f0000000,0x00000000f3f2fff8,0x00000000f8300000)
 Metaspace       used 53278K, capacity 56602K, committed 56832K, reserved 1099776K
  class space    used 6491K, capacity 7071K, committed 7168K, reserved 1048576K
}
{Heap before GC invocations=157 (full 0):
 PSYoungGen      total 126464K, used 126144K [0x00000000f8300000, 0x0000000100000000, 0x0000000100000000)
  eden space 124928K, 100% used [0x00000000f8300000,0x00000000ffd00000,0x00000000ffd00000)
  from space 1536K, 79% used [0x00000000ffe80000,0x00000000fffb0000,0x0000000100000000)
  to   space 1536K, 0% used [0x00000000ffd00000,0x00000000ffd00000,0x00000000ffe80000)
 ParOldGen       total 134144K, used 64703K [0x00000000f0000000, 0x00000000f8300000, 0x00000000f8300000)
  object space 134144K, 48% used [0x00000000f0000000,0x00000000f3f2fff8,0x00000000f8300000)
 Metaspace       used 53278K, capacity 56602K, committed 56832K, reserved 1099776K
  class space    used 6491K, capacity 7071K, committed 7168K, reserved 1048576K
2023-10-03T08:23:08.175+0800: 1113.973: [GC (Allocation Failure) [PSYoungGen: 126144K->1248K(126464K)] 190847K->65967K(260608K), 0.0075863 secs] [Times: user=0.05 sys=0.01, real=0.01 secs] 
Heap after GC invocations=157 (full 0):
 PSYoungGen      total 126464K, used 1248K [0x00000000f8300000, 0x0000000100000000, 0x0000000100000000)
  eden space 124928K, 0% used [0x00000000f8300000,0x00000000f8300000,0x00000000ffd00000)
  from space 1536K, 81% used [0x00000000ffd00000,0x00000000ffe38000,0x00000000ffe80000)
  to   space 1536K, 0% used [0x00000000ffe80000,0x00000000ffe80000,0x0000000100000000)
 ParOldGen       total 134144K, used 64719K [0x00000000f0000000, 0x00000000f8300000, 0x00000000f8300000)
  object space 134144K, 48% used [0x00000000f0000000,0x00000000f3f33ff8,0x00000000f8300000)
 Metaspace       used 53278K, capacity 56602K, committed 56832K, reserved 1099776K
  class space    used 6491K, capacity 7071K, committed 7168K, reserved 1048576K
}
{Heap before GC invocations=158 (full 0):
 PSYoungGen      total 126464K, used 126176K [0x00000000f8300000, 0x0000000100000000, 0x0000000100000000)
  eden space 124928K, 100% used [0x00000000f8300000,0x00000000ffd00000,0x00000000ffd00000)
  from space 1536K, 81% used [0x00000000ffd00000,0x00000000ffe38000,0x00000000ffe80000)
  to   space 1536K, 0% used [0x00000000ffe80000,0x00000000ffe80000,0x0000000100000000)
 ParOldGen       total 134144K, used 64719K [0x00000000f0000000, 0x00000000f8300000, 0x00000000f8300000)
  object space 134144K, 48% used [0x00000000f0000000,0x00000000f3f33ff8,0x00000000f8300000)
 Metaspace       used 53278K, capacity 56602K, committed 56832K, reserved 1099776K
  class space    used 6491K, capacity 7071K, committed 7168K, reserved 1048576K
2023-10-03T08:23:12.391+0800: 1118.189: [GC (Allocation Failure) [PSYoungGen: 126176K->1280K(126464K)] 190895K->66015K(260608K), 0.0083934 secs] [Times: user=0.05 sys=0.00, real=0.01 secs] 
Heap after GC invocations=158 (full 0):
 PSYoungGen      total 126464K, used 1280K [0x00000000f8300000, 0x0000000100000000, 0x0000000100000000)
  eden space 124928K, 0% used [0x00000000f8300000,0x00000000f8300000,0x00000000ffd00000)
  from space 1536K, 83% used [0x00000000ffe80000,0x00000000fffc0000,0x0000000100000000)
  to   space 1536K, 0% used [0x00000000ffd00000,0x00000000ffd00000,0x00000000ffe80000)
 ParOldGen       total 134144K, used 64735K [0x00000000f0000000, 0x00000000f8300000, 0x00000000f8300000)
  object space 134144K, 48% used [0x00000000f0000000,0x00000000f3f37ff8,0x00000000f8300000)
 Metaspace       used 53278K, capacity 56602K, committed 56832K, reserved 1099776K
  class space    used 6491K, capacity 7071K, committed 7168K, reserved 1048576K
}
{Heap before GC invocations=159 (full 0):
 PSYoungGen      total 126464K, used 126208K [0x00000000f8300000, 0x0000000100000000, 0x0000000100000000)
  eden space 124928K, 100% used [0x00000000f8300000,0x00000000ffd00000,0x00000000ffd00000)
  from space 1536K, 83% used [0x00000000ffe80000,0x00000000fffc0000,0x0000000100000000)
  to   space 1536K, 0% used [0x00000000ffd00000,0x00000000ffd00000,0x00000000ffe80000)
 ParOldGen       total 134144K, used 64735K [0x00000000f0000000, 0x00000000f8300000, 0x00000000f8300000)
  object space 134144K, 48% used [0x00000000f0000000,0x00000000f3f37ff8,0x00000000f8300000)
 Metaspace       used 53278K, capacity 56602K, committed 56832K, reserved 1099776K
  class space    used 6491K, capacity 7071K, committed 7168K, reserved 1048576K
2023-10-03T08:23:16.454+0800: 1122.252: [GC (Allocation Failure) [PSYoungGen: 126208K->1280K(126464K)] 190943K->66031K(260608K), 0.0080089 secs] [Times: user=0.05 sys=0.00, real=0.01 secs] 
Heap after GC invocations=159 (full 0):
 PSYoungGen      total 126464K, used 1280K [0x00000000f8300000, 0x0000000100000000, 0x0000000100000000)
  eden space 124928K, 0% used [0x00000000f8300000,0x00000000f8300000,0x00000000ffd00000)
  from space 1536K, 83% used [0x00000000ffd00000,0x00000000ffe40000,0x00000000ffe80000)
  to   space 1536K, 0% used [0x00000000ffe80000,0x00000000ffe80000,0x0000000100000000)
 ParOldGen       total 134144K, used 64751K [0x00000000f0000000, 0x00000000f8300000, 0x00000000f8300000)
  object space 134144K, 48% used [0x00000000f0000000,0x00000000f3f3bff8,0x00000000f8300000)
 Metaspace       used 53278K, capacity 56602K, committed 56832K, reserved 1099776K
  class space    used 6491K, capacity 7071K, committed 7168K, reserved 1048576K
}
{Heap before GC invocations=160 (full 0):
 PSYoungGen      total 126464K, used 126208K [0x00000000f8300000, 0x0000000100000000, 0x0000000100000000)
  eden space 124928K, 100% used [0x00000000f8300000,0x00000000ffd00000,0x00000000ffd00000)
  from space 1536K, 83% used [0x00000000ffd00000,0x00000000ffe40000,0x00000000ffe80000)
  to   space 1536K, 0% used [0x00000000ffe80000,0x00000000ffe80000,0x0000000100000000)
 ParOldGen       total 134144K, used 64751K [0x00000000f0000000, 0x00000000f8300000, 0x00000000f8300000)
  object space 134144K, 48% used [0x00000000f0000000,0x00000000f3f3bff8,0x00000000f8300000)
 Metaspace       used 53278K, capacity 56602K, committed 56832K, reserved 1099776K
  class space    used 6491K, capacity 7071K, committed 7168K, reserved 1048576K
2023-10-03T08:23:20.532+0800: 1126.330: [GC (Allocation Failure) [PSYoungGen: 126208K->1216K(126464K)] 190959K->66031K(260608K), 0.0075468 secs] [Times: user=0.05 sys=0.00, real=0.01 secs] 
Heap after GC invocations=160 (full 0):
 PSYoungGen      total 126464K, used 1216K [0x00000000f8300000, 0x0000000100000000, 0x0000000100000000)
  eden space 124928K, 0% used [0x00000000f8300000,0x00000000f8300000,0x00000000ffd00000)
  from space 1536K, 79% used [0x00000000ffe80000,0x00000000fffb0000,0x0000000100000000)
  to   space 1536K, 0% used [0x00000000ffd00000,0x00000000ffd00000,0x00000000ffe80000)
 ParOldGen       total 134144K, used 64815K [0x00000000f0000000, 0x00000000f8300000, 0x00000000f8300000)
  object space 134144K, 48% used [0x00000000f0000000,0x00000000f3f4bff8,0x00000000f8300000)
 Metaspace       used 53278K, capacity 56602K, committed 56832K, reserved 1099776K
  class space    used 6491K, capacity 7071K, committed 7168K, reserved 1048576K
}
{Heap before GC invocations=161 (full 0):
 PSYoungGen      total 126464K, used 126144K [0x00000000f8300000, 0x0000000100000000, 0x0000000100000000)
  eden space 124928K, 100% used [0x00000000f8300000,0x00000000ffd00000,0x00000000ffd00000)
  from space 1536K, 79% used [0x00000000ffe80000,0x00000000fffb0000,0x0000000100000000)
  to   space 1536K, 0% used [0x00000000ffd00000,0x00000000ffd00000,0x00000000ffe80000)
 ParOldGen       total 134144K, used 64815K [0x00000000f0000000, 0x00000000f8300000, 0x00000000f8300000)
  object space 134144K, 48% used [0x00000000f0000000,0x00000000f3f4bff8,0x00000000f8300000)
 Metaspace       used 53278K, capacity 56602K, committed 56832K, reserved 1099776K
  class space    used 6491K, capacity 7071K, committed 7168K, reserved 1048576K
2023-10-03T08:23:24.720+0800: 1130.518: [GC (Allocation Failure) [PSYoungGen: 126144K->1248K(126464K)] 190959K->66135K(260608K), 0.0081397 secs] [Times: user=0.05 sys=0.00, real=0.00 secs] 
Heap after GC invocations=161 (full 0):
 PSYoungGen      total 126464K, used 1248K [0x00000000f8300000, 0x0000000100000000, 0x0000000100000000)
  eden space 124928K, 0% used [0x00000000f8300000,0x00000000f8300000,0x00000000ffd00000)
  from space 1536K, 81% used [0x00000000ffd00000,0x00000000ffe38000,0x00000000ffe80000)
  to   space 1536K, 0% used [0x00000000ffe80000,0x00000000ffe80000,0x0000000100000000)
 ParOldGen       total 134144K, used 64887K [0x00000000f0000000, 0x00000000f8300000, 0x00000000f8300000)
  object space 134144K, 48% used [0x00000000f0000000,0x00000000f3f5dff8,0x00000000f8300000)
 Metaspace       used 53278K, capacity 56602K, committed 56832K, reserved 1099776K
  class space    used 6491K, capacity 7071K, committed 7168K, reserved 1048576K
}
{Heap before GC invocations=162 (full 0):
 PSYoungGen      total 126464K, used 126176K [0x00000000f8300000, 0x0000000100000000, 0x0000000100000000)
  eden space 124928K, 100% used [0x00000000f8300000,0x00000000ffd00000,0x00000000ffd00000)
  from space 1536K, 81% used [0x00000000ffd00000,0x00000000ffe38000,0x00000000ffe80000)
  to   space 1536K, 0% used [0x00000000ffe80000,0x00000000ffe80000,0x0000000100000000)
 ParOldGen       total 134144K, used 64887K [0x00000000f0000000, 0x00000000f8300000, 0x00000000f8300000)
  object space 134144K, 48% used [0x00000000f0000000,0x00000000f3f5dff8,0x00000000f8300000)
 Metaspace       used 53278K, capacity 56602K, committed 56832K, reserved 1099776K
  class space    used 6491K, capacity 7071K, committed 7168K, reserved 1048576K
2023-10-03T08:23:29.045+0800: 1134.843: [GC (Allocation Failure) [PSYoungGen: 126176K->1312K(126464K)] 191063K->66223K(260608K), 0.0080630 secs] [Times: user=0.05 sys=0.00, real=0.01 secs] 
Heap after GC invocations=162 (full 0):
 PSYoungGen      total 126464K, used 1312K [0x00000000f8300000, 0x0000000100000000, 0x0000000100000000)
  eden space 124928K, 0% used [0x00000000f8300000,0x00000000f8300000,0x00000000ffd00000)
  from space 1536K, 85% used [0x00000000ffe80000,0x00000000fffc8000,0x0000000100000000)
  to   space 1536K, 0% used [0x00000000ffd00000,0x00000000ffd00000,0x00000000ffe80000)
 ParOldGen       total 134144K, used 64911K [0x00000000f0000000, 0x00000000f8300000, 0x00000000f8300000)
  object space 134144K, 48% used [0x00000000f0000000,0x00000000f3f63ff8,0x00000000f8300000)
 Metaspace       used 53278K, capacity 56602K, committed 56832K, reserved 1099776K
  class space    used 6491K, capacity 7071K, committed 7168K, reserved 1048576K
}
{Heap before GC invocations=163 (full 0):
 PSYoungGen      total 126464K, used 126240K [0x00000000f8300000, 0x0000000100000000, 0x0000000100000000)
  eden space 124928K, 100% used [0x00000000f8300000,0x00000000ffd00000,0x00000000ffd00000)
  from space 1536K, 85% used [0x00000000ffe80000,0x00000000fffc8000,0x0000000100000000)
  to   space 1536K, 0% used [0x00000000ffd00000,0x00000000ffd00000,0x00000000ffe80000)
 ParOldGen       total 134144K, used 64911K [0x00000000f0000000, 0x00000000f8300000, 0x00000000f8300000)
  object space 134144K, 48% used [0x00000000f0000000,0x00000000f3f63ff8,0x00000000f8300000)
 Metaspace       used 53278K, capacity 56602K, committed 56832K, reserved 1099776K
  class space    used 6491K, capacity 7071K, committed 7168K, reserved 1048576K
2023-10-03T08:23:33.112+0800: 1138.910: [GC (Allocation Failure) [PSYoungGen: 126240K->1280K(126464K)] 191151K->66239K(260608K), 0.0084678 secs] [Times: user=0.04 sys=0.01, real=0.01 secs] 
Heap after GC invocations=163 (full 0):
 PSYoungGen      total 126464K, used 1280K [0x00000000f8300000, 0x0000000100000000, 0x0000000100000000)
  eden space 124928K, 0% used [0x00000000f8300000,0x00000000f8300000,0x00000000ffd00000)
  from space 1536K, 83% used [0x00000000ffd00000,0x00000000ffe40000,0x00000000ffe80000)
  to   space 1536K, 0% used [0x00000000ffe80000,0x00000000ffe80000,0x0000000100000000)
 ParOldGen       total 134144K, used 64959K [0x00000000f0000000, 0x00000000f8300000, 0x00000000f8300000)
  object space 134144K, 48% used [0x00000000f0000000,0x00000000f3f6fff8,0x00000000f8300000)
 Metaspace       used 53278K, capacity 56602K, committed 56832K, reserved 1099776K
  class space    used 6491K, capacity 7071K, committed 7168K, reserved 1048576K
}
{Heap before GC invocations=164 (full 0):
 PSYoungGen      total 126464K, used 126208K [0x00000000f8300000, 0x0000000100000000, 0x0000000100000000)
  eden space 124928K, 100% used [0x00000000f8300000,0x00000000ffd00000,0x00000000ffd00000)
  from space 1536K, 83% used [0x00000000ffd00000,0x00000000ffe40000,0x00000000ffe80000)
  to   space 1536K, 0% used [0x00000000ffe80000,0x00000000ffe80000,0x0000000100000000)
 ParOldGen       total 134144K, used 64959K [0x00000000f0000000, 0x00000000f8300000, 0x00000000f8300000)
  object space 134144K, 48% used [0x00000000f0000000,0x00000000f3f6fff8,0x00000000f8300000)
 Metaspace       used 53278K, capacity 56602K, committed 56832K, reserved 1099776K
  class space    used 6491K, capacity 7071K, committed 7168K, reserved 1048576K
2023-10-03T08:23:37.188+0800: 1142.986: [GC (Allocation Failure) [PSYoungGen: 126208K->1248K(126464K)] 191167K->66279K(260608K), 0.0081322 secs] [Times: user=0.05 sys=0.00, real=0.01 secs] 
Heap after GC invocations=164 (full 0):
 PSYoungGen      total 126464K, used 1248K [0x00000000f8300000, 0x0000000100000000, 0x0000000100000000)
  eden space 124928K, 0% used [0x00000000f8300000,0x00000000f8300000,0x00000000ffd00000)
  from space 1536K, 81% used [0x00000000ffe80000,0x00000000fffb8000,0x0000000100000000)
  to   space 1536K, 0% used [0x00000000ffd00000,0x00000000ffd00000,0x00000000ffe80000)
 ParOldGen       total 134144K, used 65031K [0x00000000f0000000, 0x00000000f8300000, 0x00000000f8300000)
  object space 134144K, 48% used [0x00000000f0000000,0x00000000f3f81ff8,0x00000000f8300000)
 Metaspace       used 53278K, capacity 56602K, committed 56832K, reserved 1099776K
  class space    used 6491K, capacity 7071K, committed 7168K, reserved 1048576K
}
{Heap before GC invocations=165 (full 0):
 PSYoungGen      total 126464K, used 126176K [0x00000000f8300000, 0x0000000100000000, 0x0000000100000000)
  eden space 124928K, 100% used [0x00000000f8300000,0x00000000ffd00000,0x00000000ffd00000)
  from space 1536K, 81% used [0x00000000ffe80000,0x00000000fffb8000,0x0000000100000000)
  to   space 1536K, 0% used [0x00000000ffd00000,0x00000000ffd00000,0x00000000ffe80000)
 ParOldGen       total 134144K, used 65031K [0x00000000f0000000, 0x00000000f8300000, 0x00000000f8300000)
  object space 134144K, 48% used [0x00000000f0000000,0x00000000f3f81ff8,0x00000000f8300000)
 Metaspace       used 53278K, capacity 56602K, committed 56832K, reserved 1099776K
  class space    used 6491K, capacity 7071K, committed 7168K, reserved 1048576K
2023-10-03T08:23:41.310+0800: 1147.108: [GC (Allocation Failure) [PSYoungGen: 126176K->1312K(126464K)] 191207K->66407K(260608K), 0.0082828 secs] [Times: user=0.05 sys=0.00, real=0.00 secs] 
Heap after GC invocations=165 (full 0):
 PSYoungGen      total 126464K, used 1312K [0x00000000f8300000, 0x0000000100000000, 0x0000000100000000)
  eden space 124928K, 0% used [0x00000000f8300000,0x00000000f8300000,0x00000000ffd00000)
  from space 1536K, 85% used [0x00000000ffd00000,0x00000000ffe48000,0x00000000ffe80000)
  to   space 1536K, 0% used [0x00000000ffe80000,0x00000000ffe80000,0x0000000100000000)
 ParOldGen       total 134144K, used 65095K [0x00000000f0000000, 0x00000000f8300000, 0x00000000f8300000)
  object space 134144K, 48% used [0x00000000f0000000,0x00000000f3f91ff8,0x00000000f8300000)
 Metaspace       used 53278K, capacity 56602K, committed 56832K, reserved 1099776K
  class space    used 6491K, capacity 7071K, committed 7168K, reserved 1048576K
}
{Heap before GC invocations=166 (full 0):
 PSYoungGen      total 126464K, used 126240K [0x00000000f8300000, 0x0000000100000000, 0x0000000100000000)
  eden space 124928K, 100% used [0x00000000f8300000,0x00000000ffd00000,0x00000000ffd00000)
  from space 1536K, 85% used [0x00000000ffd00000,0x00000000ffe48000,0x00000000ffe80000)
  to   space 1536K, 0% used [0x00000000ffe80000,0x00000000ffe80000,0x0000000100000000)
 ParOldGen       total 134144K, used 65095K [0x00000000f0000000, 0x00000000f8300000, 0x00000000f8300000)
  object space 134144K, 48% used [0x00000000f0000000,0x00000000f3f91ff8,0x00000000f8300000)
 Metaspace       used 53279K, capacity 56602K, committed 56832K, reserved 1099776K
  class space    used 6491K, capacity 7071K, committed 7168K, reserved 1048576K
2023-10-03T08:23:45.494+0800: 1151.292: [GC (Allocation Failure) [PSYoungGen: 126240K->1216K(126464K)] 191335K->66415K(260608K), 0.0079641 secs] [Times: user=0.05 sys=0.00, real=0.01 secs] 
Heap after GC invocations=166 (full 0):
 PSYoungGen      total 126464K, used 1216K [0x00000000f8300000, 0x0000000100000000, 0x0000000100000000)
  eden space 124928K, 0% used [0x00000000f8300000,0x00000000f8300000,0x00000000ffd00000)
  from space 1536K, 79% used [0x00000000ffe80000,0x00000000fffb0000,0x0000000100000000)
  to   space 1536K, 0% used [0x00000000ffd00000,0x00000000ffd00000,0x00000000ffe80000)
 ParOldGen       total 134144K, used 65199K [0x00000000f0000000, 0x00000000f8300000, 0x00000000f8300000)
  object space 134144K, 48% used [0x00000000f0000000,0x00000000f3fabff8,0x00000000f8300000)
 Metaspace       used 53279K, capacity 56602K, committed 56832K, reserved 1099776K
  class space    used 6491K, capacity 7071K, committed 7168K, reserved 1048576K
}
{Heap before GC invocations=167 (full 0):
 PSYoungGen      total 126464K, used 126144K [0x00000000f8300000, 0x0000000100000000, 0x0000000100000000)
  eden space 124928K, 100% used [0x00000000f8300000,0x00000000ffd00000,0x00000000ffd00000)
  from space 1536K, 79% used [0x00000000ffe80000,0x00000000fffb0000,0x0000000100000000)
  to   space 1536K, 0% used [0x00000000ffd00000,0x00000000ffd00000,0x00000000ffe80000)
 ParOldGen       total 134144K, used 65199K [0x00000000f0000000, 0x00000000f8300000, 0x00000000f8300000)
  object space 134144K, 48% used [0x00000000f0000000,0x00000000f3fabff8,0x00000000f8300000)
 Metaspace       used 53279K, capacity 56602K, committed 56832K, reserved 1099776K
  class space    used 6491K, capacity 7071K, committed 7168K, reserved 1048576K
2023-10-03T08:23:49.762+0800: 1155.560: [GC (Allocation Failure) [PSYoungGen: 126144K->1280K(126464K)] 191343K->66535K(260608K), 0.0059871 secs] [Times: user=0.04 sys=0.00, real=0.00 secs] 
Heap after GC invocations=167 (full 0):
 PSYoungGen      total 126464K, used 1280K [0x00000000f8300000, 0x0000000100000000, 0x0000000100000000)
  eden space 124928K, 0% used [0x00000000f8300000,0x00000000f8300000,0x00000000ffd00000)
  from space 1536K, 83% used [0x00000000ffd00000,0x00000000ffe40000,0x00000000ffe80000)
  to   space 1536K, 0% used [0x00000000ffe80000,0x00000000ffe80000,0x0000000100000000)
 ParOldGen       total 134144K, used 65255K [0x00000000f0000000, 0x00000000f8300000, 0x00000000f8300000)
  object space 134144K, 48% used [0x00000000f0000000,0x00000000f3fb9ff8,0x00000000f8300000)
 Metaspace       used 53279K, capacity 56602K, committed 56832K, reserved 1099776K
  class space    used 6491K, capacity 7071K, committed 7168K, reserved 1048576K
}
{Heap before GC invocations=168 (full 0):
 PSYoungGen      total 126464K, used 126208K [0x00000000f8300000, 0x0000000100000000, 0x0000000100000000)
  eden space 124928K, 100% used [0x00000000f8300000,0x00000000ffd00000,0x00000000ffd00000)
  from space 1536K, 83% used [0x00000000ffd00000,0x00000000ffe40000,0x00000000ffe80000)
  to   space 1536K, 0% used [0x00000000ffe80000,0x00000000ffe80000,0x0000000100000000)
 ParOldGen       total 134144K, used 65255K [0x00000000f0000000, 0x00000000f8300000, 0x00000000f8300000)
  object space 134144K, 48% used [0x00000000f0000000,0x00000000f3fb9ff8,0x00000000f8300000)
 Metaspace       used 53279K, capacity 56602K, committed 56832K, reserved 1099776K
  class space    used 6491K, capacity 7071K, committed 7168K, reserved 1048576K
2023-10-03T08:23:53.827+0800: 1159.625: [GC (Allocation Failure) [PSYoungGen: 126208K->1280K(126464K)] 191463K->66551K(260608K), 0.0080469 secs] [Times: user=0.04 sys=0.01, real=0.01 secs] 
Heap after GC invocations=168 (full 0):
 PSYoungGen      total 126464K, used 1280K [0x00000000f8300000, 0x0000000100000000, 0x0000000100000000)
  eden space 124928K, 0% used [0x00000000f8300000,0x00000000f8300000,0x00000000ffd00000)
  from space 1536K, 83% used [0x00000000ffe80000,0x00000000fffc0000,0x0000000100000000)
  to   space 1536K, 0% used [0x00000000ffd00000,0x00000000ffd00000,0x00000000ffe80000)
 ParOldGen       total 134144K, used 65271K [0x00000000f0000000, 0x00000000f8300000, 0x00000000f8300000)
  object space 134144K, 48% used [0x00000000f0000000,0x00000000f3fbdff8,0x00000000f8300000)
 Metaspace       used 53279K, capacity 56602K, committed 56832K, reserved 1099776K
  class space    used 6491K, capacity 7071K, committed 7168K, reserved 1048576K
}
{Heap before GC invocations=169 (full 0):
 PSYoungGen      total 126464K, used 126208K [0x00000000f8300000, 0x0000000100000000, 0x0000000100000000)
  eden space 124928K, 100% used [0x00000000f8300000,0x00000000ffd00000,0x00000000ffd00000)
  from space 1536K, 83% used [0x00000000ffe80000,0x00000000fffc0000,0x0000000100000000)
  to   space 1536K, 0% used [0x00000000ffd00000,0x00000000ffd00000,0x00000000ffe80000)
 ParOldGen       total 134144K, used 65271K [0x00000000f0000000, 0x00000000f8300000, 0x00000000f8300000)
  object space 134144K, 48% used [0x00000000f0000000,0x00000000f3fbdff8,0x00000000f8300000)
 Metaspace       used 53281K, capacity 56602K, committed 56832K, reserved 1099776K
  class space    used 6491K, capacity 7071K, committed 7168K, reserved 1048576K
2023-10-03T08:23:58.489+0800: 1164.287: [GC (Allocation Failure) [PSYoungGen: 126208K->1536K(126464K)] 191479K->67985K(260608K), 0.0066847 secs] [Times: user=0.02 sys=0.04, real=0.01 secs] 
Heap after GC invocations=169 (full 0):
 PSYoungGen      total 126464K, used 1536K [0x00000000f8300000, 0x0000000100000000, 0x0000000100000000)
  eden space 124928K, 0% used [0x00000000f8300000,0x00000000f8300000,0x00000000ffd00000)
  from space 1536K, 100% used [0x00000000ffd00000,0x00000000ffe80000,0x00000000ffe80000)
  to   space 1536K, 0% used [0x00000000ffe80000,0x00000000ffe80000,0x0000000100000000)
 ParOldGen       total 134144K, used 66449K [0x00000000f0000000, 0x00000000f8300000, 0x00000000f8300000)
  object space 134144K, 49% used [0x00000000f0000000,0x00000000f40e4578,0x00000000f8300000)
 Metaspace       used 53281K, capacity 56602K, committed 56832K, reserved 1099776K
  class space    used 6491K, capacity 7071K, committed 7168K, reserved 1048576K
}
{Heap before GC invocations=170 (full 0):
 PSYoungGen      total 126464K, used 126464K [0x00000000f8300000, 0x0000000100000000, 0x0000000100000000)
  eden space 124928K, 100% used [0x00000000f8300000,0x00000000ffd00000,0x00000000ffd00000)
  from space 1536K, 100% used [0x00000000ffd00000,0x00000000ffe80000,0x00000000ffe80000)
  to   space 1536K, 0% used [0x00000000ffe80000,0x00000000ffe80000,0x0000000100000000)
 ParOldGen       total 134144K, used 66449K [0x00000000f0000000, 0x00000000f8300000, 0x00000000f8300000)
  object space 134144K, 49% used [0x00000000f0000000,0x00000000f40e4578,0x00000000f8300000)
 Metaspace       used 53281K, capacity 56602K, committed 56832K, reserved 1099776K
  class space    used 6491K, capacity 7071K, committed 7168K, reserved 1048576K
2023-10-03T08:24:02.600+0800: 1168.398: [GC (Allocation Failure) [PSYoungGen: 126464K->1280K(125440K)] 192913K->68489K(259584K), 0.0088537 secs] [Times: user=0.06 sys=0.00, real=0.01 secs] 
Heap after GC invocations=170 (full 0):
 PSYoungGen      total 125440K, used 1280K [0x00000000f8300000, 0x0000000100000000, 0x0000000100000000)
  eden space 123904K, 0% used [0x00000000f8300000,0x00000000f8300000,0x00000000ffc00000)
  from space 1536K, 83% used [0x00000000ffe80000,0x00000000fffc0000,0x0000000100000000)
  to   space 2048K, 0% used [0x00000000ffc00000,0x00000000ffc00000,0x00000000ffe00000)
 ParOldGen       total 134144K, used 67209K [0x00000000f0000000, 0x00000000f8300000, 0x00000000f8300000)
  object space 134144K, 50% used [0x00000000f0000000,0x00000000f41a2738,0x00000000f8300000)
 Metaspace       used 53281K, capacity 56602K, committed 56832K, reserved 1099776K
  class space    used 6491K, capacity 7071K, committed 7168K, reserved 1048576K
}
{Heap before GC invocations=171 (full 0):
 PSYoungGen      total 125440K, used 125184K [0x00000000f8300000, 0x0000000100000000, 0x0000000100000000)
  eden space 123904K, 100% used [0x00000000f8300000,0x00000000ffc00000,0x00000000ffc00000)
  from space 1536K, 83% used [0x00000000ffe80000,0x00000000fffc0000,0x0000000100000000)
  to   space 2048K, 0% used [0x00000000ffc00000,0x00000000ffc00000,0x00000000ffe00000)
 ParOldGen       total 134144K, used 67209K [0x00000000f0000000, 0x00000000f8300000, 0x00000000f8300000)
  object space 134144K, 50% used [0x00000000f0000000,0x00000000f41a2738,0x00000000f8300000)
 Metaspace       used 53281K, capacity 56602K, committed 56832K, reserved 1099776K
  class space    used 6491K, capacity 7071K, committed 7168K, reserved 1048576K
2023-10-03T08:24:06.709+0800: 1172.507: [GC (Allocation Failure) [PSYoungGen: 125184K->1312K(125952K)] 192393K->68641K(260096K), 0.0083938 secs] [Times: user=0.05 sys=0.00, real=0.00 secs] 
Heap after GC invocations=171 (full 0):
 PSYoungGen      total 125952K, used 1312K [0x00000000f8300000, 0x0000000100000000, 0x0000000100000000)
  eden space 123904K, 0% used [0x00000000f8300000,0x00000000f8300000,0x00000000ffc00000)
  from space 2048K, 64% used [0x00000000ffc00000,0x00000000ffd48000,0x00000000ffe00000)
  to   space 2048K, 0% used [0x00000000ffe00000,0x00000000ffe00000,0x0000000100000000)
 ParOldGen       total 134144K, used 67329K [0x00000000f0000000, 0x00000000f8300000, 0x00000000f8300000)
  object space 134144K, 50% used [0x00000000f0000000,0x00000000f41c0798,0x00000000f8300000)
 Metaspace       used 53281K, capacity 56602K, committed 56832K, reserved 1099776K
  class space    used 6491K, capacity 7071K, committed 7168K, reserved 1048576K
}
{Heap before GC invocations=172 (full 0):
 PSYoungGen      total 125952K, used 125216K [0x00000000f8300000, 0x0000000100000000, 0x0000000100000000)
  eden space 123904K, 100% used [0x00000000f8300000,0x00000000ffc00000,0x00000000ffc00000)
  from space 2048K, 64% used [0x00000000ffc00000,0x00000000ffd48000,0x00000000ffe00000)
  to   space 2048K, 0% used [0x00000000ffe00000,0x00000000ffe00000,0x0000000100000000)
 ParOldGen       total 134144K, used 67329K [0x00000000f0000000, 0x00000000f8300000, 0x00000000f8300000)
  object space 134144K, 50% used [0x00000000f0000000,0x00000000f41c0798,0x00000000f8300000)
 Metaspace       used 53281K, capacity 56602K, committed 56832K, reserved 1099776K
  class space    used 6491K, capacity 7071K, committed 7168K, reserved 1048576K
2023-10-03T08:24:10.809+0800: 1176.607: [GC (Allocation Failure) [PSYoungGen: 125216K->1248K(125952K)] 192545K->68617K(260096K), 0.0084112 secs] [Times: user=0.05 sys=0.00, real=0.00 secs] 
Heap after GC invocations=172 (full 0):
 PSYoungGen      total 125952K, used 1248K [0x00000000f8300000, 0x0000000100000000, 0x0000000100000000)
  eden space 123904K, 0% used [0x00000000f8300000,0x00000000f8300000,0x00000000ffc00000)
  from space 2048K, 60% used [0x00000000ffe00000,0x00000000fff38000,0x0000000100000000)
  to   space 2048K, 0% used [0x00000000ffc00000,0x00000000ffc00000,0x00000000ffe00000)
 ParOldGen       total 134144K, used 67369K [0x00000000f0000000, 0x00000000f8300000, 0x00000000f8300000)
  object space 134144K, 50% used [0x00000000f0000000,0x00000000f41ca798,0x00000000f8300000)
 Metaspace       used 53281K, capacity 56602K, committed 56832K, reserved 1099776K
  class space    used 6491K, capacity 7071K, committed 7168K, reserved 1048576K
}
{Heap before GC invocations=173 (full 0):
 PSYoungGen      total 125952K, used 125152K [0x00000000f8300000, 0x0000000100000000, 0x0000000100000000)
  eden space 123904K, 100% used [0x00000000f8300000,0x00000000ffc00000,0x00000000ffc00000)
  from space 2048K, 60% used [0x00000000ffe00000,0x00000000fff38000,0x0000000100000000)
  to   space 2048K, 0% used [0x00000000ffc00000,0x00000000ffc00000,0x00000000ffe00000)
 ParOldGen       total 134144K, used 67369K [0x00000000f0000000, 0x00000000f8300000, 0x00000000f8300000)
  object space 134144K, 50% used [0x00000000f0000000,0x00000000f41ca798,0x00000000f8300000)
 Metaspace       used 53281K, capacity 56602K, committed 56832K, reserved 1099776K
  class space    used 6491K, capacity 7071K, committed 7168K, reserved 1048576K
2023-10-03T08:24:14.895+0800: 1180.693: [GC (Allocation Failure) [PSYoungGen: 125152K->1280K(125952K)] 192521K->68705K(260096K), 0.0080738 secs] [Times: user=0.05 sys=0.00, real=0.01 secs] 
Heap after GC invocations=173 (full 0):
 PSYoungGen      total 125952K, used 1280K [0x00000000f8300000, 0x0000000100000000, 0x0000000100000000)
  eden space 123904K, 0% used [0x00000000f8300000,0x00000000f8300000,0x00000000ffc00000)
  from space 2048K, 62% used [0x00000000ffc00000,0x00000000ffd40000,0x00000000ffe00000)
  to   space 2048K, 0% used [0x00000000ffe00000,0x00000000ffe00000,0x0000000100000000)
 ParOldGen       total 134144K, used 67425K [0x00000000f0000000, 0x00000000f8300000, 0x00000000f8300000)
  object space 134144K, 50% used [0x00000000f0000000,0x00000000f41d8798,0x00000000f8300000)
 Metaspace       used 53281K, capacity 56602K, committed 56832K, reserved 1099776K
  class space    used 6491K, capacity 7071K, committed 7168K, reserved 1048576K
}
{Heap before GC invocations=174 (full 0):
 PSYoungGen      total 125952K, used 125184K [0x00000000f8300000, 0x0000000100000000, 0x0000000100000000)
  eden space 123904K, 100% used [0x00000000f8300000,0x00000000ffc00000,0x00000000ffc00000)
  from space 2048K, 62% used [0x00000000ffc00000,0x00000000ffd40000,0x00000000ffe00000)
  to   space 2048K, 0% used [0x00000000ffe00000,0x00000000ffe00000,0x0000000100000000)
 ParOldGen       total 134144K, used 67425K [0x00000000f0000000, 0x00000000f8300000, 0x00000000f8300000)
  object space 134144K, 50% used [0x00000000f0000000,0x00000000f41d8798,0x00000000f8300000)
 Metaspace       used 53281K, capacity 56602K, committed 56832K, reserved 1099776K
  class space    used 6491K, capacity 7071K, committed 7168K, reserved 1048576K
2023-10-03T08:24:19.107+0800: 1184.905: [GC (Allocation Failure) [PSYoungGen: 125184K->1280K(125952K)] 192609K->68729K(260096K), 0.0083613 secs] [Times: user=0.05 sys=0.00, real=0.01 secs] 
Heap after GC invocations=174 (full 0):
 PSYoungGen      total 125952K, used 1280K [0x00000000f8300000, 0x0000000100000000, 0x0000000100000000)
  eden space 123904K, 0% used [0x00000000f8300000,0x00000000f8300000,0x00000000ffc00000)
  from space 2048K, 62% used [0x00000000ffe00000,0x00000000fff40000,0x0000000100000000)
  to   space 2048K, 0% used [0x00000000ffc00000,0x00000000ffc00000,0x00000000ffe00000)
 ParOldGen       total 134144K, used 67449K [0x00000000f0000000, 0x00000000f8300000, 0x00000000f8300000)
  object space 134144K, 50% used [0x00000000f0000000,0x00000000f41de798,0x00000000f8300000)
 Metaspace       used 53281K, capacity 56602K, committed 56832K, reserved 1099776K
  class space    used 6491K, capacity 7071K, committed 7168K, reserved 1048576K
}
{Heap before GC invocations=175 (full 0):
 PSYoungGen      total 125952K, used 125184K [0x00000000f8300000, 0x0000000100000000, 0x0000000100000000)
  eden space 123904K, 100% used [0x00000000f8300000,0x00000000ffc00000,0x00000000ffc00000)
  from space 2048K, 62% used [0x00000000ffe00000,0x00000000fff40000,0x0000000100000000)
  to   space 2048K, 0% used [0x00000000ffc00000,0x00000000ffc00000,0x00000000ffe00000)
 ParOldGen       total 134144K, used 67449K [0x00000000f0000000, 0x00000000f8300000, 0x00000000f8300000)
  object space 134144K, 50% used [0x00000000f0000000,0x00000000f41de798,0x00000000f8300000)
 Metaspace       used 53281K, capacity 56602K, committed 56832K, reserved 1099776K
  class space    used 6491K, capacity 7071K, committed 7168K, reserved 1048576K
2023-10-03T08:24:23.230+0800: 1189.028: [GC (Allocation Failure) [PSYoungGen: 125184K->1248K(125952K)] 192633K->68713K(260096K), 0.0061148 secs] [Times: user=0.05 sys=0.01, real=0.00 secs] 
Heap after GC invocations=175 (full 0):
 PSYoungGen      total 125952K, used 1248K [0x00000000f8300000, 0x0000000100000000, 0x0000000100000000)
  eden space 123904K, 0% used [0x00000000f8300000,0x00000000f8300000,0x00000000ffc00000)
  from space 2048K, 60% used [0x00000000ffc00000,0x00000000ffd38000,0x00000000ffe00000)
  to   space 2048K, 0% used [0x00000000ffe00000,0x00000000ffe00000,0x0000000100000000)
 ParOldGen       total 134144K, used 67465K [0x00000000f0000000, 0x00000000f8300000, 0x00000000f8300000)
  object space 134144K, 50% used [0x00000000f0000000,0x00000000f41e2798,0x00000000f8300000)
 Metaspace       used 53281K, capacity 56602K, committed 56832K, reserved 1099776K
  class space    used 6491K, capacity 7071K, committed 7168K, reserved 1048576K
}
{Heap before GC invocations=176 (full 0):
 PSYoungGen      total 125952K, used 125152K [0x00000000f8300000, 0x0000000100000000, 0x0000000100000000)
  eden space 123904K, 100% used [0x00000000f8300000,0x00000000ffc00000,0x00000000ffc00000)
  from space 2048K, 60% used [0x00000000ffc00000,0x00000000ffd38000,0x00000000ffe00000)
  to   space 2048K, 0% used [0x00000000ffe00000,0x00000000ffe00000,0x0000000100000000)
 ParOldGen       total 134144K, used 67465K [0x00000000f0000000, 0x00000000f8300000, 0x00000000f8300000)
  object space 134144K, 50% used [0x00000000f0000000,0x00000000f41e2798,0x00000000f8300000)
 Metaspace       used 53285K, capacity 56602K, committed 56832K, reserved 1099776K
  class space    used 6491K, capacity 7071K, committed 7168K, reserved 1048576K
2023-10-03T08:24:27.329+0800: 1193.127: [GC (Allocation Failure) [PSYoungGen: 125152K->1248K(125952K)] 192617K->68753K(260096K), 0.0085838 secs] [Times: user=0.05 sys=0.00, real=0.01 secs] 
Heap after GC invocations=176 (full 0):
 PSYoungGen      total 125952K, used 1248K [0x00000000f8300000, 0x0000000100000000, 0x0000000100000000)
  eden space 123904K, 0% used [0x00000000f8300000,0x00000000f8300000,0x00000000ffc00000)
  from space 2048K, 60% used [0x00000000ffe00000,0x00000000fff38000,0x0000000100000000)
  to   space 2048K, 0% used [0x00000000ffc00000,0x00000000ffc00000,0x00000000ffe00000)
 ParOldGen       total 134144K, used 67505K [0x00000000f0000000, 0x00000000f8300000, 0x00000000f8300000)
  object space 134144K, 50% used [0x00000000f0000000,0x00000000f41ec798,0x00000000f8300000)
 Metaspace       used 53285K, capacity 56602K, committed 56832K, reserved 1099776K
  class space    used 6491K, capacity 7071K, committed 7168K, reserved 1048576K
}
{Heap before GC invocations=177 (full 0):
 PSYoungGen      total 125952K, used 125152K [0x00000000f8300000, 0x0000000100000000, 0x0000000100000000)
  eden space 123904K, 100% used [0x00000000f8300000,0x00000000ffc00000,0x00000000ffc00000)
  from space 2048K, 60% used [0x00000000ffe00000,0x00000000fff38000,0x0000000100000000)
  to   space 2048K, 0% used [0x00000000ffc00000,0x00000000ffc00000,0x00000000ffe00000)
 ParOldGen       total 134144K, used 67505K [0x00000000f0000000, 0x00000000f8300000, 0x00000000f8300000)
  object space 134144K, 50% used [0x00000000f0000000,0x00000000f41ec798,0x00000000f8300000)
 Metaspace       used 53288K, capacity 56606K, committed 56832K, reserved 1099776K
  class space    used 6491K, capacity 7071K, committed 7168K, reserved 1048576K
2023-10-03T08:24:31.429+0800: 1197.227: [GC (Allocation Failure) [PSYoungGen: 125152K->1248K(125952K)] 192657K->68801K(260096K), 0.0074778 secs] [Times: user=0.04 sys=0.01, real=0.01 secs] 
Heap after GC invocations=177 (full 0):
 PSYoungGen      total 125952K, used 1248K [0x00000000f8300000, 0x0000000100000000, 0x0000000100000000)
  eden space 123904K, 0% used [0x00000000f8300000,0x00000000f8300000,0x00000000ffc00000)
  from space 2048K, 60% used [0x00000000ffc00000,0x00000000ffd38000,0x00000000ffe00000)
  to   space 2048K, 0% used [0x00000000ffe00000,0x00000000ffe00000,0x0000000100000000)
 ParOldGen       total 134144K, used 67553K [0x00000000f0000000, 0x00000000f8300000, 0x00000000f8300000)
  object space 134144K, 50% used [0x00000000f0000000,0x00000000f41f8798,0x00000000f8300000)
 Metaspace       used 53288K, capacity 56606K, committed 56832K, reserved 1099776K
  class space    used 6491K, capacity 7071K, committed 7168K, reserved 1048576K
}
{Heap before GC invocations=178 (full 0):
 PSYoungGen      total 125952K, used 125152K [0x00000000f8300000, 0x0000000100000000, 0x0000000100000000)
  eden space 123904K, 100% used [0x00000000f8300000,0x00000000ffc00000,0x00000000ffc00000)
  from space 2048K, 60% used [0x00000000ffc00000,0x00000000ffd38000,0x00000000ffe00000)
  to   space 2048K, 0% used [0x00000000ffe00000,0x00000000ffe00000,0x0000000100000000)
 ParOldGen       total 134144K, used 67553K [0x00000000f0000000, 0x00000000f8300000, 0x00000000f8300000)
  object space 134144K, 50% used [0x00000000f0000000,0x00000000f41f8798,0x00000000f8300000)
 Metaspace       used 53288K, capacity 56606K, committed 56832K, reserved 1099776K
  class space    used 6491K, capacity 7071K, committed 7168K, reserved 1048576K
2023-10-03T08:24:35.528+0800: 1201.326: [GC (Allocation Failure) [PSYoungGen: 125152K->1280K(125952K)] 192705K->68881K(260096K), 0.0087382 secs] [Times: user=0.05 sys=0.00, real=0.01 secs] 
Heap after GC invocations=178 (full 0):
 PSYoungGen      total 125952K, used 1280K [0x00000000f8300000, 0x0000000100000000, 0x0000000100000000)
  eden space 123904K, 0% used [0x00000000f8300000,0x00000000f8300000,0x00000000ffc00000)
  from space 2048K, 62% used [0x00000000ffe00000,0x00000000fff40000,0x0000000100000000)
  to   space 2048K, 0% used [0x00000000ffc00000,0x00000000ffc00000,0x00000000ffe00000)
 ParOldGen       total 134144K, used 67601K [0x00000000f0000000, 0x00000000f8300000, 0x00000000f8300000)
  object space 134144K, 50% used [0x00000000f0000000,0x00000000f4204798,0x00000000f8300000)
 Metaspace       used 53288K, capacity 56606K, committed 56832K, reserved 1099776K
  class space    used 6491K, capacity 7071K, committed 7168K, reserved 1048576K
}
{Heap before GC invocations=179 (full 0):
 PSYoungGen      total 125952K, used 125184K [0x00000000f8300000, 0x0000000100000000, 0x0000000100000000)
  eden space 123904K, 100% used [0x00000000f8300000,0x00000000ffc00000,0x00000000ffc00000)
  from space 2048K, 62% used [0x00000000ffe00000,0x00000000fff40000,0x0000000100000000)
  to   space 2048K, 0% used [0x00000000ffc00000,0x00000000ffc00000,0x00000000ffe00000)
 ParOldGen       total 134144K, used 67601K [0x00000000f0000000, 0x00000000f8300000, 0x00000000f8300000)
  object space 134144K, 50% used [0x00000000f0000000,0x00000000f4204798,0x00000000f8300000)
 Metaspace       used 53288K, capacity 56606K, committed 56832K, reserved 1099776K
  class space    used 6491K, capacity 7071K, committed 7168K, reserved 1048576K
2023-10-03T08:24:39.634+0800: 1205.432: [GC (Allocation Failure) [PSYoungGen: 125184K->1280K(125952K)] 192785K->68961K(260096K), 0.0083733 secs] [Times: user=0.05 sys=0.00, real=0.01 secs] 
Heap after GC invocations=179 (full 0):
 PSYoungGen      total 125952K, used 1280K [0x00000000f8300000, 0x0000000100000000, 0x0000000100000000)
  eden space 123904K, 0% used [0x00000000f8300000,0x00000000f8300000,0x00000000ffc00000)
  from space 2048K, 62% used [0x00000000ffc00000,0x00000000ffd40000,0x00000000ffe00000)
  to   space 2048K, 0% used [0x00000000ffe00000,0x00000000ffe00000,0x0000000100000000)
 ParOldGen       total 134144K, used 67681K [0x00000000f0000000, 0x00000000f8300000, 0x00000000f8300000)
  object space 134144K, 50% used [0x00000000f0000000,0x00000000f42187b8,0x00000000f8300000)
 Metaspace       used 53288K, capacity 56606K, committed 56832K, reserved 1099776K
  class space    used 6491K, capacity 7071K, committed 7168K, reserved 1048576K
}
{Heap before GC invocations=180 (full 0):
 PSYoungGen      total 125952K, used 125184K [0x00000000f8300000, 0x0000000100000000, 0x0000000100000000)
  eden space 123904K, 100% used [0x00000000f8300000,0x00000000ffc00000,0x00000000ffc00000)
  from space 2048K, 62% used [0x00000000ffc00000,0x00000000ffd40000,0x00000000ffe00000)
  to   space 2048K, 0% used [0x00000000ffe00000,0x00000000ffe00000,0x0000000100000000)
 ParOldGen       total 134144K, used 67681K [0x00000000f0000000, 0x00000000f8300000, 0x00000000f8300000)
  object space 134144K, 50% used [0x00000000f0000000,0x00000000f42187b8,0x00000000f8300000)
 Metaspace       used 53288K, capacity 56606K, committed 56832K, reserved 1099776K
  class space    used 6491K, capacity 7071K, committed 7168K, reserved 1048576K
2023-10-03T08:24:43.843+0800: 1209.641: [GC (Allocation Failure) [PSYoungGen: 125184K->1216K(125952K)] 192865K->68913K(260096K), 0.0059327 secs] [Times: user=0.04 sys=0.00, real=0.00 secs] 
Heap after GC invocations=180 (full 0):
 PSYoungGen      total 125952K, used 1216K [0x00000000f8300000, 0x0000000100000000, 0x0000000100000000)
  eden space 123904K, 0% used [0x00000000f8300000,0x00000000f8300000,0x00000000ffc00000)
  from space 2048K, 59% used [0x00000000ffe00000,0x00000000fff30000,0x0000000100000000)
  to   space 2048K, 0% used [0x00000000ffc00000,0x00000000ffc00000,0x00000000ffe00000)
 ParOldGen       total 134144K, used 67697K [0x00000000f0000000, 0x00000000f8300000, 0x00000000f8300000)
  object space 134144K, 50% used [0x00000000f0000000,0x00000000f421c7b8,0x00000000f8300000)
 Metaspace       used 53288K, capacity 56606K, committed 56832K, reserved 1099776K
  class space    used 6491K, capacity 7071K, committed 7168K, reserved 1048576K
}
{Heap before GC invocations=181 (full 0):
 PSYoungGen      total 125952K, used 125120K [0x00000000f8300000, 0x0000000100000000, 0x0000000100000000)
  eden space 123904K, 100% used [0x00000000f8300000,0x00000000ffc00000,0x00000000ffc00000)
  from space 2048K, 59% used [0x00000000ffe00000,0x00000000fff30000,0x0000000100000000)
  to   space 2048K, 0% used [0x00000000ffc00000,0x00000000ffc00000,0x00000000ffe00000)
 ParOldGen       total 134144K, used 67697K [0x00000000f0000000, 0x00000000f8300000, 0x00000000f8300000)
  object space 134144K, 50% used [0x00000000f0000000,0x00000000f421c7b8,0x00000000f8300000)
 Metaspace       used 53288K, capacity 56606K, committed 56832K, reserved 1099776K
  class space    used 6491K, capacity 7071K, committed 7168K, reserved 1048576K
2023-10-03T08:24:47.955+0800: 1213.753: [GC (Allocation Failure) [PSYoungGen: 125120K->1248K(125952K)] 192817K->68969K(260096K), 0.0045206 secs] [Times: user=0.03 sys=0.00, real=0.00 secs] 
Heap after GC invocations=181 (full 0):
 PSYoungGen      total 125952K, used 1248K [0x00000000f8300000, 0x0000000100000000, 0x0000000100000000)
  eden space 123904K, 0% used [0x00000000f8300000,0x00000000f8300000,0x00000000ffc00000)
  from space 2048K, 60% used [0x00000000ffc00000,0x00000000ffd38000,0x00000000ffe00000)
  to   space 2048K, 0% used [0x00000000ffe00000,0x00000000ffe00000,0x0000000100000000)
 ParOldGen       total 134144K, used 67721K [0x00000000f0000000, 0x00000000f8300000, 0x00000000f8300000)
  object space 134144K, 50% used [0x00000000f0000000,0x00000000f42227b8,0x00000000f8300000)
 Metaspace       used 53288K, capacity 56606K, committed 56832K, reserved 1099776K
  class space    used 6491K, capacity 7071K, committed 7168K, reserved 1048576K
}
{Heap before GC invocations=182 (full 0):
 PSYoungGen      total 125952K, used 125152K [0x00000000f8300000, 0x0000000100000000, 0x0000000100000000)
  eden space 123904K, 100% used [0x00000000f8300000,0x00000000ffc00000,0x00000000ffc00000)
  from space 2048K, 60% used [0x00000000ffc00000,0x00000000ffd38000,0x00000000ffe00000)
  to   space 2048K, 0% used [0x00000000ffe00000,0x00000000ffe00000,0x0000000100000000)
 ParOldGen       total 134144K, used 67721K [0x00000000f0000000, 0x00000000f8300000, 0x00000000f8300000)
  object space 134144K, 50% used [0x00000000f0000000,0x00000000f42227b8,0x00000000f8300000)
 Metaspace       used 53288K, capacity 56606K, committed 56832K, reserved 1099776K
  class space    used 6491K, capacity 7071K, committed 7168K, reserved 1048576K
2023-10-03T08:24:52.061+0800: 1217.859: [GC (Allocation Failure) [PSYoungGen: 125152K->1280K(125952K)] 192873K->69009K(260096K), 0.0080657 secs] [Times: user=0.05 sys=0.00, real=0.01 secs] 
Heap after GC invocations=182 (full 0):
 PSYoungGen      total 125952K, used 1280K [0x00000000f8300000, 0x0000000100000000, 0x0000000100000000)
  eden space 123904K, 0% used [0x00000000f8300000,0x00000000f8300000,0x00000000ffc00000)
  from space 2048K, 62% used [0x00000000ffe00000,0x00000000fff40000,0x0000000100000000)
  to   space 2048K, 0% used [0x00000000ffc00000,0x00000000ffc00000,0x00000000ffe00000)
 ParOldGen       total 134144K, used 67729K [0x00000000f0000000, 0x00000000f8300000, 0x00000000f8300000)
  object space 134144K, 50% used [0x00000000f0000000,0x00000000f42247b8,0x00000000f8300000)
 Metaspace       used 53288K, capacity 56606K, committed 56832K, reserved 1099776K
  class space    used 6491K, capacity 7071K, committed 7168K, reserved 1048576K
}
{Heap before GC invocations=183 (full 0):
 PSYoungGen      total 125952K, used 125184K [0x00000000f8300000, 0x0000000100000000, 0x0000000100000000)
  eden space 123904K, 100% used [0x00000000f8300000,0x00000000ffc00000,0x00000000ffc00000)
  from space 2048K, 62% used [0x00000000ffe00000,0x00000000fff40000,0x0000000100000000)
  to   space 2048K, 0% used [0x00000000ffc00000,0x00000000ffc00000,0x00000000ffe00000)
 ParOldGen       total 134144K, used 67729K [0x00000000f0000000, 0x00000000f8300000, 0x00000000f8300000)
  object space 134144K, 50% used [0x00000000f0000000,0x00000000f42247b8,0x00000000f8300000)
 Metaspace       used 53288K, capacity 56606K, committed 56832K, reserved 1099776K
  class space    used 6491K, capacity 7071K, committed 7168K, reserved 1048576K
2023-10-03T08:24:56.173+0800: 1221.971: [GC (Allocation Failure) [PSYoungGen: 125184K->1280K(125952K)] 192913K->69065K(260096K), 0.0082125 secs] [Times: user=0.04 sys=0.00, real=0.01 secs] 
Heap after GC invocations=183 (full 0):
 PSYoungGen      total 125952K, used 1280K [0x00000000f8300000, 0x0000000100000000, 0x0000000100000000)
  eden space 123904K, 0% used [0x00000000f8300000,0x00000000f8300000,0x00000000ffc00000)
  from space 2048K, 62% used [0x00000000ffc00000,0x00000000ffd40000,0x00000000ffe00000)
  to   space 2048K, 0% used [0x00000000ffe00000,0x00000000ffe00000,0x0000000100000000)
 ParOldGen       total 134144K, used 67785K [0x00000000f0000000, 0x00000000f8300000, 0x00000000f8300000)
  object space 134144K, 50% used [0x00000000f0000000,0x00000000f42327b8,0x00000000f8300000)
 Metaspace       used 53288K, capacity 56606K, committed 56832K, reserved 1099776K
  class space    used 6491K, capacity 7071K, committed 7168K, reserved 1048576K
}
{Heap before GC invocations=184 (full 0):
 PSYoungGen      total 125952K, used 125184K [0x00000000f8300000, 0x0000000100000000, 0x0000000100000000)
  eden space 123904K, 100% used [0x00000000f8300000,0x00000000ffc00000,0x00000000ffc00000)
  from space 2048K, 62% used [0x00000000ffc00000,0x00000000ffd40000,0x00000000ffe00000)
  to   space 2048K, 0% used [0x00000000ffe00000,0x00000000ffe00000,0x0000000100000000)
 ParOldGen       total 134144K, used 67785K [0x00000000f0000000, 0x00000000f8300000, 0x00000000f8300000)
  object space 134144K, 50% used [0x00000000f0000000,0x00000000f42327b8,0x00000000f8300000)
 Metaspace       used 53288K, capacity 56606K, committed 56832K, reserved 1099776K
  class space    used 6491K, capacity 7071K, committed 7168K, reserved 1048576K
2023-10-03T08:25:00.263+0800: 1226.061: [GC (Allocation Failure) [PSYoungGen: 125184K->1248K(125952K)] 192969K->69105K(260096K), 0.0084285 secs] [Times: user=0.05 sys=0.00, real=0.01 secs] 
Heap after GC invocations=184 (full 0):
 PSYoungGen      total 125952K, used 1248K [0x00000000f8300000, 0x0000000100000000, 0x0000000100000000)
  eden space 123904K, 0% used [0x00000000f8300000,0x00000000f8300000,0x00000000ffc00000)
  from space 2048K, 60% used [0x00000000ffe00000,0x00000000fff38000,0x0000000100000000)
  to   space 2048K, 0% used [0x00000000ffc00000,0x00000000ffc00000,0x00000000ffe00000)
 ParOldGen       total 134144K, used 67857K [0x00000000f0000000, 0x00000000f8300000, 0x00000000f8300000)
  object space 134144K, 50% used [0x00000000f0000000,0x00000000f42447b8,0x00000000f8300000)
 Metaspace       used 53288K, capacity 56606K, committed 56832K, reserved 1099776K
  class space    used 6491K, capacity 7071K, committed 7168K, reserved 1048576K
}
{Heap before GC invocations=185 (full 0):
 PSYoungGen      total 125952K, used 125152K [0x00000000f8300000, 0x0000000100000000, 0x0000000100000000)
  eden space 123904K, 100% used [0x00000000f8300000,0x00000000ffc00000,0x00000000ffc00000)
  from space 2048K, 60% used [0x00000000ffe00000,0x00000000fff38000,0x0000000100000000)
  to   space 2048K, 0% used [0x00000000ffc00000,0x00000000ffc00000,0x00000000ffe00000)
 ParOldGen       total 134144K, used 67857K [0x00000000f0000000, 0x00000000f8300000, 0x00000000f8300000)
  object space 134144K, 50% used [0x00000000f0000000,0x00000000f42447b8,0x00000000f8300000)
 Metaspace       used 53288K, capacity 56606K, committed 56832K, reserved 1099776K
  class space    used 6491K, capacity 7071K, committed 7168K, reserved 1048576K
2023-10-03T08:25:04.495+0800: 1230.293: [GC (Allocation Failure) [PSYoungGen: 125152K->1248K(125952K)] 193009K->69129K(260096K), 0.0063353 secs] [Times: user=0.05 sys=0.00, real=0.01 secs] 
Heap after GC invocations=185 (full 0):
 PSYoungGen      total 125952K, used 1248K [0x00000000f8300000, 0x0000000100000000, 0x0000000100000000)
  eden space 123904K, 0% used [0x00000000f8300000,0x00000000f8300000,0x00000000ffc00000)
  from space 2048K, 60% used [0x00000000ffc00000,0x00000000ffd38000,0x00000000ffe00000)
  to   space 1536K, 0% used [0x00000000ffe80000,0x00000000ffe80000,0x0000000100000000)
 ParOldGen       total 134144K, used 67881K [0x00000000f0000000, 0x00000000f8300000, 0x00000000f8300000)
  object space 134144K, 50% used [0x00000000f0000000,0x00000000f424a7b8,0x00000000f8300000)
 Metaspace       used 53288K, capacity 56606K, committed 56832K, reserved 1099776K
  class space    used 6491K, capacity 7071K, committed 7168K, reserved 1048576K
}
{Heap before GC invocations=186 (full 0):
 PSYoungGen      total 125952K, used 125152K [0x00000000f8300000, 0x0000000100000000, 0x0000000100000000)
  eden space 123904K, 100% used [0x00000000f8300000,0x00000000ffc00000,0x00000000ffc00000)
  from space 2048K, 60% used [0x00000000ffc00000,0x00000000ffd38000,0x00000000ffe00000)
  to   space 1536K, 0% used [0x00000000ffe80000,0x00000000ffe80000,0x0000000100000000)
 ParOldGen       total 134144K, used 67881K [0x00000000f0000000, 0x00000000f8300000, 0x00000000f8300000)
  object space 134144K, 50% used [0x00000000f0000000,0x00000000f424a7b8,0x00000000f8300000)
 Metaspace       used 53288K, capacity 56606K, committed 56832K, reserved 1099776K
  class space    used 6491K, capacity 7071K, committed 7168K, reserved 1048576K
2023-10-03T08:25:08.575+0800: 1234.373: [GC (Allocation Failure) [PSYoungGen: 125152K->1248K(126464K)] 193033K->69137K(260608K), 0.0082522 secs] [Times: user=0.04 sys=0.00, real=0.01 secs] 
Heap after GC invocations=186 (full 0):
 PSYoungGen      total 126464K, used 1248K [0x00000000f8300000, 0x0000000100000000, 0x0000000100000000)
  eden space 124928K, 0% used [0x00000000f8300000,0x00000000f8300000,0x00000000ffd00000)
  from space 1536K, 81% used [0x00000000ffe80000,0x00000000fffb8000,0x0000000100000000)
  to   space 1536K, 0% used [0x00000000ffd00000,0x00000000ffd00000,0x00000000ffe80000)
 ParOldGen       total 134144K, used 67889K [0x00000000f0000000, 0x00000000f8300000, 0x00000000f8300000)
  object space 134144K, 50% used [0x00000000f0000000,0x00000000f424c7b8,0x00000000f8300000)
 Metaspace       used 53288K, capacity 56606K, committed 56832K, reserved 1099776K
  class space    used 6491K, capacity 7071K, committed 7168K, reserved 1048576K
}
{Heap before GC invocations=187 (full 0):
 PSYoungGen      total 126464K, used 126176K [0x00000000f8300000, 0x0000000100000000, 0x0000000100000000)
  eden space 124928K, 100% used [0x00000000f8300000,0x00000000ffd00000,0x00000000ffd00000)
  from space 1536K, 81% used [0x00000000ffe80000,0x00000000fffb8000,0x0000000100000000)
  to   space 1536K, 0% used [0x00000000ffd00000,0x00000000ffd00000,0x00000000ffe80000)
 ParOldGen       total 134144K, used 67889K [0x00000000f0000000, 0x00000000f8300000, 0x00000000f8300000)
  object space 134144K, 50% used [0x00000000f0000000,0x00000000f424c7b8,0x00000000f8300000)
 Metaspace       used 53288K, capacity 56606K, committed 56832K, reserved 1099776K
  class space    used 6491K, capacity 7071K, committed 7168K, reserved 1048576K
2023-10-03T08:25:12.704+0800: 1238.502: [GC (Allocation Failure) [PSYoungGen: 126176K->1248K(126464K)] 194065K->69145K(260608K), 0.0079888 secs] [Times: user=0.05 sys=0.01, real=0.01 secs] 
Heap after GC invocations=187 (full 0):
 PSYoungGen      total 126464K, used 1248K [0x00000000f8300000, 0x0000000100000000, 0x0000000100000000)
  eden space 124928K, 0% used [0x00000000f8300000,0x00000000f8300000,0x00000000ffd00000)
  from space 1536K, 81% used [0x00000000ffd00000,0x00000000ffe38000,0x00000000ffe80000)
  to   space 1536K, 0% used [0x00000000ffe80000,0x00000000ffe80000,0x0000000100000000)
 ParOldGen       total 134144K, used 67897K [0x00000000f0000000, 0x00000000f8300000, 0x00000000f8300000)
  object space 134144K, 50% used [0x00000000f0000000,0x00000000f424e7b8,0x00000000f8300000)
 Metaspace       used 53288K, capacity 56606K, committed 56832K, reserved 1099776K
  class space    used 6491K, capacity 7071K, committed 7168K, reserved 1048576K
}
{Heap before GC invocations=188 (full 0):
 PSYoungGen      total 126464K, used 126176K [0x00000000f8300000, 0x0000000100000000, 0x0000000100000000)
  eden space 124928K, 100% used [0x00000000f8300000,0x00000000ffd00000,0x00000000ffd00000)
  from space 1536K, 81% used [0x00000000ffd00000,0x00000000ffe38000,0x00000000ffe80000)
  to   space 1536K, 0% used [0x00000000ffe80000,0x00000000ffe80000,0x0000000100000000)
 ParOldGen       total 134144K, used 67897K [0x00000000f0000000, 0x00000000f8300000, 0x00000000f8300000)
  object space 134144K, 50% used [0x00000000f0000000,0x00000000f424e7b8,0x00000000f8300000)
 Metaspace       used 53288K, capacity 56606K, committed 56832K, reserved 1099776K
  class space    used 6491K, capacity 7071K, committed 7168K, reserved 1048576K
2023-10-03T08:25:16.832+0800: 1242.630: [GC (Allocation Failure) [PSYoungGen: 126176K->1248K(126464K)] 194073K->69153K(260608K), 0.0081351 secs] [Times: user=0.05 sys=0.00, real=0.01 secs] 
Heap after GC invocations=188 (full 0):
 PSYoungGen      total 126464K, used 1248K [0x00000000f8300000, 0x0000000100000000, 0x0000000100000000)
  eden space 124928K, 0% used [0x00000000f8300000,0x00000000f8300000,0x00000000ffd00000)
  from space 1536K, 81% used [0x00000000ffe80000,0x00000000fffb8000,0x0000000100000000)
  to   space 1536K, 0% used [0x00000000ffd00000,0x00000000ffd00000,0x00000000ffe80000)
 ParOldGen       total 134144K, used 67905K [0x00000000f0000000, 0x00000000f8300000, 0x00000000f8300000)
  object space 134144K, 50% used [0x00000000f0000000,0x00000000f42507b8,0x00000000f8300000)
 Metaspace       used 53288K, capacity 56606K, committed 56832K, reserved 1099776K
  class space    used 6491K, capacity 7071K, committed 7168K, reserved 1048576K
}
{Heap before GC invocations=189 (full 0):
 PSYoungGen      total 126464K, used 126176K [0x00000000f8300000, 0x0000000100000000, 0x0000000100000000)
  eden space 124928K, 100% used [0x00000000f8300000,0x00000000ffd00000,0x00000000ffd00000)
  from space 1536K, 81% used [0x00000000ffe80000,0x00000000fffb8000,0x0000000100000000)
  to   space 1536K, 0% used [0x00000000ffd00000,0x00000000ffd00000,0x00000000ffe80000)
 ParOldGen       total 134144K, used 67905K [0x00000000f0000000, 0x00000000f8300000, 0x00000000f8300000)
  object space 134144K, 50% used [0x00000000f0000000,0x00000000f42507b8,0x00000000f8300000)
 Metaspace       used 53288K, capacity 56606K, committed 56832K, reserved 1099776K
  class space    used 6491K, capacity 7071K, committed 7168K, reserved 1048576K
2023-10-03T08:25:20.955+0800: 1246.753: [GC (Allocation Failure) [PSYoungGen: 126176K->1248K(126464K)] 194081K->69193K(260608K), 0.0081708 secs] [Times: user=0.05 sys=0.00, real=0.01 secs] 
Heap after GC invocations=189 (full 0):
 PSYoungGen      total 126464K, used 1248K [0x00000000f8300000, 0x0000000100000000, 0x0000000100000000)
  eden space 124928K, 0% used [0x00000000f8300000,0x00000000f8300000,0x00000000ffd00000)
  from space 1536K, 81% used [0x00000000ffd00000,0x00000000ffe38000,0x00000000ffe80000)
  to   space 1536K, 0% used [0x00000000ffe80000,0x00000000ffe80000,0x0000000100000000)
 ParOldGen       total 134144K, used 67945K [0x00000000f0000000, 0x00000000f8300000, 0x00000000f8300000)
  object space 134144K, 50% used [0x00000000f0000000,0x00000000f425a7b8,0x00000000f8300000)
 Metaspace       used 53288K, capacity 56606K, committed 56832K, reserved 1099776K
  class space    used 6491K, capacity 7071K, committed 7168K, reserved 1048576K
}
{Heap before GC invocations=190 (full 0):
 PSYoungGen      total 126464K, used 126176K [0x00000000f8300000, 0x0000000100000000, 0x0000000100000000)
  eden space 124928K, 100% used [0x00000000f8300000,0x00000000ffd00000,0x00000000ffd00000)
  from space 1536K, 81% used [0x00000000ffd00000,0x00000000ffe38000,0x00000000ffe80000)
  to   space 1536K, 0% used [0x00000000ffe80000,0x00000000ffe80000,0x0000000100000000)
 ParOldGen       total 134144K, used 67945K [0x00000000f0000000, 0x00000000f8300000, 0x00000000f8300000)
  object space 134144K, 50% used [0x00000000f0000000,0x00000000f425a7b8,0x00000000f8300000)
 Metaspace       used 53288K, capacity 56606K, committed 56832K, reserved 1099776K
  class space    used 6491K, capacity 7071K, committed 7168K, reserved 1048576K
2023-10-03T08:25:25.207+0800: 1251.005: [GC (Allocation Failure) [PSYoungGen: 126176K->1312K(126464K)] 194121K->69273K(260608K), 0.0082497 secs] [Times: user=0.04 sys=0.00, real=0.01 secs] 
Heap after GC invocations=190 (full 0):
 PSYoungGen      total 126464K, used 1312K [0x00000000f8300000, 0x0000000100000000, 0x0000000100000000)
  eden space 124928K, 0% used [0x00000000f8300000,0x00000000f8300000,0x00000000ffd00000)
  from space 1536K, 85% used [0x00000000ffe80000,0x00000000fffc8000,0x0000000100000000)
  to   space 1536K, 0% used [0x00000000ffd00000,0x00000000ffd00000,0x00000000ffe80000)
 ParOldGen       total 134144K, used 67961K [0x00000000f0000000, 0x00000000f8300000, 0x00000000f8300000)
  object space 134144K, 50% used [0x00000000f0000000,0x00000000f425e7b8,0x00000000f8300000)
 Metaspace       used 53288K, capacity 56606K, committed 56832K, reserved 1099776K
  class space    used 6491K, capacity 7071K, committed 7168K, reserved 1048576K
}
{Heap before GC invocations=191 (full 0):
 PSYoungGen      total 126464K, used 126240K [0x00000000f8300000, 0x0000000100000000, 0x0000000100000000)
  eden space 124928K, 100% used [0x00000000f8300000,0x00000000ffd00000,0x00000000ffd00000)
  from space 1536K, 85% used [0x00000000ffe80000,0x00000000fffc8000,0x0000000100000000)
  to   space 1536K, 0% used [0x00000000ffd00000,0x00000000ffd00000,0x00000000ffe80000)
 ParOldGen       total 134144K, used 67961K [0x00000000f0000000, 0x00000000f8300000, 0x00000000f8300000)
  object space 134144K, 50% used [0x00000000f0000000,0x00000000f425e7b8,0x00000000f8300000)
 Metaspace       used 53289K, capacity 56606K, committed 56832K, reserved 1099776K
  class space    used 6491K, capacity 7071K, committed 7168K, reserved 1048576K
2023-10-03T08:25:29.296+0800: 1255.094: [GC (Allocation Failure) [PSYoungGen: 126240K->1280K(126464K)] 194201K->69313K(260608K), 0.0083435 secs] [Times: user=0.04 sys=0.01, real=0.01 secs] 
Heap after GC invocations=191 (full 0):
 PSYoungGen      total 126464K, used 1280K [0x00000000f8300000, 0x0000000100000000, 0x0000000100000000)
  eden space 124928K, 0% used [0x00000000f8300000,0x00000000f8300000,0x00000000ffd00000)
  from space 1536K, 83% used [0x00000000ffd00000,0x00000000ffe40000,0x00000000ffe80000)
  to   space 1536K, 0% used [0x00000000ffe80000,0x00000000ffe80000,0x0000000100000000)
 ParOldGen       total 134144K, used 68033K [0x00000000f0000000, 0x00000000f8300000, 0x00000000f8300000)
  object space 134144K, 50% used [0x00000000f0000000,0x00000000f42707d8,0x00000000f8300000)
 Metaspace       used 53289K, capacity 56606K, committed 56832K, reserved 1099776K
  class space    used 6491K, capacity 7071K, committed 7168K, reserved 1048576K
}
{Heap before GC invocations=192 (full 0):
 PSYoungGen      total 126464K, used 126208K [0x00000000f8300000, 0x0000000100000000, 0x0000000100000000)
  eden space 124928K, 100% used [0x00000000f8300000,0x00000000ffd00000,0x00000000ffd00000)
  from space 1536K, 83% used [0x00000000ffd00000,0x00000000ffe40000,0x00000000ffe80000)
  to   space 1536K, 0% used [0x00000000ffe80000,0x00000000ffe80000,0x0000000100000000)
 ParOldGen       total 134144K, used 68033K [0x00000000f0000000, 0x00000000f8300000, 0x00000000f8300000)
  object space 134144K, 50% used [0x00000000f0000000,0x00000000f42707d8,0x00000000f8300000)
 Metaspace       used 53289K, capacity 56606K, committed 56832K, reserved 1099776K
  class space    used 6491K, capacity 7071K, committed 7168K, reserved 1048576K
2023-10-03T08:25:33.445+0800: 1259.243: [GC (Allocation Failure) [PSYoungGen: 126208K->1280K(126464K)] 194241K->69353K(260608K), 0.0082710 secs] [Times: user=0.05 sys=0.00, real=0.01 secs] 
Heap after GC invocations=192 (full 0):
 PSYoungGen      total 126464K, used 1280K [0x00000000f8300000, 0x0000000100000000, 0x0000000100000000)
  eden space 124928K, 0% used [0x00000000f8300000,0x00000000f8300000,0x00000000ffd00000)
  from space 1536K, 83% used [0x00000000ffe80000,0x00000000fffc0000,0x0000000100000000)
  to   space 1536K, 0% used [0x00000000ffd00000,0x00000000ffd00000,0x00000000ffe80000)
 ParOldGen       total 134144K, used 68073K [0x00000000f0000000, 0x00000000f8300000, 0x00000000f8300000)
  object space 134144K, 50% used [0x00000000f0000000,0x00000000f427a7d8,0x00000000f8300000)
 Metaspace       used 53289K, capacity 56606K, committed 56832K, reserved 1099776K
  class space    used 6491K, capacity 7071K, committed 7168K, reserved 1048576K
}
{Heap before GC invocations=193 (full 0):
 PSYoungGen      total 126464K, used 126208K [0x00000000f8300000, 0x0000000100000000, 0x0000000100000000)
  eden space 124928K, 100% used [0x00000000f8300000,0x00000000ffd00000,0x00000000ffd00000)
  from space 1536K, 83% used [0x00000000ffe80000,0x00000000fffc0000,0x0000000100000000)
  to   space 1536K, 0% used [0x00000000ffd00000,0x00000000ffd00000,0x00000000ffe80000)
 ParOldGen       total 134144K, used 68073K [0x00000000f0000000, 0x00000000f8300000, 0x00000000f8300000)
  object space 134144K, 50% used [0x00000000f0000000,0x00000000f427a7d8,0x00000000f8300000)
 Metaspace       used 53289K, capacity 56606K, committed 56832K, reserved 1099776K
  class space    used 6491K, capacity 7071K, committed 7168K, reserved 1048576K
2023-10-03T08:25:37.583+0800: 1263.381: [GC (Allocation Failure) [PSYoungGen: 126208K->1312K(126464K)] 194281K->69417K(260608K), 0.0060467 secs] [Times: user=0.05 sys=0.00, real=0.01 secs] 
Heap after GC invocations=193 (full 0):
 PSYoungGen      total 126464K, used 1312K [0x00000000f8300000, 0x0000000100000000, 0x0000000100000000)
  eden space 124928K, 0% used [0x00000000f8300000,0x00000000f8300000,0x00000000ffd00000)
  from space 1536K, 85% used [0x00000000ffd00000,0x00000000ffe48000,0x00000000ffe80000)
  to   space 1536K, 0% used [0x00000000ffe80000,0x00000000ffe80000,0x0000000100000000)
 ParOldGen       total 134144K, used 68105K [0x00000000f0000000, 0x00000000f8300000, 0x00000000f8300000)
  object space 134144K, 50% used [0x00000000f0000000,0x00000000f42827d8,0x00000000f8300000)
 Metaspace       used 53289K, capacity 56606K, committed 56832K, reserved 1099776K
  class space    used 6491K, capacity 7071K, committed 7168K, reserved 1048576K
}
{Heap before GC invocations=194 (full 0):
 PSYoungGen      total 126464K, used 126240K [0x00000000f8300000, 0x0000000100000000, 0x0000000100000000)
  eden space 124928K, 100% used [0x00000000f8300000,0x00000000ffd00000,0x00000000ffd00000)
  from space 1536K, 85% used [0x00000000ffd00000,0x00000000ffe48000,0x00000000ffe80000)
  to   space 1536K, 0% used [0x00000000ffe80000,0x00000000ffe80000,0x0000000100000000)
 ParOldGen       total 134144K, used 68105K [0x00000000f0000000, 0x00000000f8300000, 0x00000000f8300000)
  object space 134144K, 50% used [0x00000000f0000000,0x00000000f42827d8,0x00000000f8300000)
 Metaspace       used 53289K, capacity 56606K, committed 56832K, reserved 1099776K
  class space    used 6491K, capacity 7071K, committed 7168K, reserved 1048576K
2023-10-03T08:25:41.751+0800: 1267.549: [GC (Allocation Failure) [PSYoungGen: 126240K->1216K(126464K)] 194345K->69345K(260608K), 0.0080083 secs] [Times: user=0.05 sys=0.01, real=0.00 secs] 
Heap after GC invocations=194 (full 0):
 PSYoungGen      total 126464K, used 1216K [0x00000000f8300000, 0x0000000100000000, 0x0000000100000000)
  eden space 124928K, 0% used [0x00000000f8300000,0x00000000f8300000,0x00000000ffd00000)
  from space 1536K, 79% used [0x00000000ffe80000,0x00000000fffb0000,0x0000000100000000)
  to   space 1536K, 0% used [0x00000000ffd00000,0x00000000ffd00000,0x00000000ffe80000)
 ParOldGen       total 134144K, used 68129K [0x00000000f0000000, 0x00000000f8300000, 0x00000000f8300000)
  object space 134144K, 50% used [0x00000000f0000000,0x00000000f42887d8,0x00000000f8300000)
 Metaspace       used 53289K, capacity 56606K, committed 56832K, reserved 1099776K
  class space    used 6491K, capacity 7071K, committed 7168K, reserved 1048576K
}
{Heap before GC invocations=195 (full 0):
 PSYoungGen      total 126464K, used 126144K [0x00000000f8300000, 0x0000000100000000, 0x0000000100000000)
  eden space 124928K, 100% used [0x00000000f8300000,0x00000000ffd00000,0x00000000ffd00000)
  from space 1536K, 79% used [0x00000000ffe80000,0x00000000fffb0000,0x0000000100000000)
  to   space 1536K, 0% used [0x00000000ffd00000,0x00000000ffd00000,0x00000000ffe80000)
 ParOldGen       total 134144K, used 68129K [0x00000000f0000000, 0x00000000f8300000, 0x00000000f8300000)
  object space 134144K, 50% used [0x00000000f0000000,0x00000000f42887d8,0x00000000f8300000)
 Metaspace       used 53289K, capacity 56606K, committed 56832K, reserved 1099776K
  class space    used 6491K, capacity 7071K, committed 7168K, reserved 1048576K
2023-10-03T08:25:45.921+0800: 1271.719: [GC (Allocation Failure) [PSYoungGen: 126144K->1312K(126464K)] 194273K->69497K(260608K), 0.0084263 secs] [Times: user=0.05 sys=0.00, real=0.01 secs] 
Heap after GC invocations=195 (full 0):
 PSYoungGen      total 126464K, used 1312K [0x00000000f8300000, 0x0000000100000000, 0x0000000100000000)
  eden space 124928K, 0% used [0x00000000f8300000,0x00000000f8300000,0x00000000ffd00000)
  from space 1536K, 85% used [0x00000000ffd00000,0x00000000ffe48000,0x00000000ffe80000)
  to   space 1536K, 0% used [0x00000000ffe80000,0x00000000ffe80000,0x0000000100000000)
 ParOldGen       total 134144K, used 68185K [0x00000000f0000000, 0x00000000f8300000, 0x00000000f8300000)
  object space 134144K, 50% used [0x00000000f0000000,0x00000000f42967d8,0x00000000f8300000)
 Metaspace       used 53289K, capacity 56606K, committed 56832K, reserved 1099776K
  class space    used 6491K, capacity 7071K, committed 7168K, reserved 1048576K
}
{Heap before GC invocations=196 (full 0):
 PSYoungGen      total 126464K, used 126240K [0x00000000f8300000, 0x0000000100000000, 0x0000000100000000)
  eden space 124928K, 100% used [0x00000000f8300000,0x00000000ffd00000,0x00000000ffd00000)
  from space 1536K, 85% used [0x00000000ffd00000,0x00000000ffe48000,0x00000000ffe80000)
  to   space 1536K, 0% used [0x00000000ffe80000,0x00000000ffe80000,0x0000000100000000)
 ParOldGen       total 134144K, used 68185K [0x00000000f0000000, 0x00000000f8300000, 0x00000000f8300000)
  object space 134144K, 50% used [0x00000000f0000000,0x00000000f42967d8,0x00000000f8300000)
 Metaspace       used 53289K, capacity 56606K, committed 56832K, reserved 1099776K
  class space    used 6491K, capacity 7071K, committed 7168K, reserved 1048576K
2023-10-03T08:25:50.042+0800: 1275.840: [GC (Allocation Failure) [PSYoungGen: 126240K->1248K(126464K)] 194425K->69465K(260608K), 0.0082627 secs] [Times: user=0.04 sys=0.00, real=0.01 secs] 
Heap after GC invocations=196 (full 0):
 PSYoungGen      total 126464K, used 1248K [0x00000000f8300000, 0x0000000100000000, 0x0000000100000000)
  eden space 124928K, 0% used [0x00000000f8300000,0x00000000f8300000,0x00000000ffd00000)
  from space 1536K, 81% used [0x00000000ffe80000,0x00000000fffb8000,0x0000000100000000)
  to   space 1536K, 0% used [0x00000000ffd00000,0x00000000ffd00000,0x00000000ffe80000)
 ParOldGen       total 134144K, used 68217K [0x00000000f0000000, 0x00000000f8300000, 0x00000000f8300000)
  object space 134144K, 50% used [0x00000000f0000000,0x00000000f429e7d8,0x00000000f8300000)
 Metaspace       used 53289K, capacity 56606K, committed 56832K, reserved 1099776K
  class space    used 6491K, capacity 7071K, committed 7168K, reserved 1048576K
}
{Heap before GC invocations=197 (full 0):
 PSYoungGen      total 126464K, used 126176K [0x00000000f8300000, 0x0000000100000000, 0x0000000100000000)
  eden space 124928K, 100% used [0x00000000f8300000,0x00000000ffd00000,0x00000000ffd00000)
  from space 1536K, 81% used [0x00000000ffe80000,0x00000000fffb8000,0x0000000100000000)
  to   space 1536K, 0% used [0x00000000ffd00000,0x00000000ffd00000,0x00000000ffe80000)
 ParOldGen       total 134144K, used 68217K [0x00000000f0000000, 0x00000000f8300000, 0x00000000f8300000)
  object space 134144K, 50% used [0x00000000f0000000,0x00000000f429e7d8,0x00000000f8300000)
 Metaspace       used 53300K, capacity 56606K, committed 56832K, reserved 1099776K
  class space    used 6491K, capacity 7071K, committed 7168K, reserved 1048576K
2023-10-03T08:25:54.188+0800: 1279.986: [GC (Allocation Failure) [PSYoungGen: 126176K->1280K(126464K)] 194393K->69529K(260608K), 0.0080836 secs] [Times: user=0.05 sys=0.00, real=0.01 secs] 
Heap after GC invocations=197 (full 0):
 PSYoungGen      total 126464K, used 1280K [0x00000000f8300000, 0x0000000100000000, 0x0000000100000000)
  eden space 124928K, 0% used [0x00000000f8300000,0x00000000f8300000,0x00000000ffd00000)
  from space 1536K, 83% used [0x00000000ffd00000,0x00000000ffe40000,0x00000000ffe80000)
  to   space 1536K, 0% used [0x00000000ffe80000,0x00000000ffe80000,0x0000000100000000)
 ParOldGen       total 134144K, used 68249K [0x00000000f0000000, 0x00000000f8300000, 0x00000000f8300000)
  object space 134144K, 50% used [0x00000000f0000000,0x00000000f42a67d8,0x00000000f8300000)
 Metaspace       used 53300K, capacity 56606K, committed 56832K, reserved 1099776K
  class space    used 6491K, capacity 7071K, committed 7168K, reserved 1048576K
}
{Heap before GC invocations=198 (full 0):
 PSYoungGen      total 126464K, used 126208K [0x00000000f8300000, 0x0000000100000000, 0x0000000100000000)
  eden space 124928K, 100% used [0x00000000f8300000,0x00000000ffd00000,0x00000000ffd00000)
  from space 1536K, 83% used [0x00000000ffd00000,0x00000000ffe40000,0x00000000ffe80000)
  to   space 1536K, 0% used [0x00000000ffe80000,0x00000000ffe80000,0x0000000100000000)
 ParOldGen       total 134144K, used 68249K [0x00000000f0000000, 0x00000000f8300000, 0x00000000f8300000)
  object space 134144K, 50% used [0x00000000f0000000,0x00000000f42a67d8,0x00000000f8300000)
 Metaspace       used 53300K, capacity 56606K, committed 56832K, reserved 1099776K
  class space    used 6491K, capacity 7071K, committed 7168K, reserved 1048576K
2023-10-03T08:25:58.317+0800: 1284.115: [GC (Allocation Failure) [PSYoungGen: 126208K->1344K(126464K)] 194457K->69625K(260608K), 0.0081869 secs] [Times: user=0.05 sys=0.00, real=0.01 secs] 
Heap after GC invocations=198 (full 0):
 PSYoungGen      total 126464K, used 1344K [0x00000000f8300000, 0x0000000100000000, 0x0000000100000000)
  eden space 124928K, 0% used [0x00000000f8300000,0x00000000f8300000,0x00000000ffd00000)
  from space 1536K, 87% used [0x00000000ffe80000,0x00000000fffd0000,0x0000000100000000)
  to   space 1536K, 0% used [0x00000000ffd00000,0x00000000ffd00000,0x00000000ffe80000)
 ParOldGen       total 134144K, used 68281K [0x00000000f0000000, 0x00000000f8300000, 0x00000000f8300000)
  object space 134144K, 50% used [0x00000000f0000000,0x00000000f42ae7d8,0x00000000f8300000)
 Metaspace       used 53300K, capacity 56606K, committed 56832K, reserved 1099776K
  class space    used 6491K, capacity 7071K, committed 7168K, reserved 1048576K
}
{Heap before GC invocations=199 (full 0):
 PSYoungGen      total 126464K, used 126272K [0x00000000f8300000, 0x0000000100000000, 0x0000000100000000)
  eden space 124928K, 100% used [0x00000000f8300000,0x00000000ffd00000,0x00000000ffd00000)
  from space 1536K, 87% used [0x00000000ffe80000,0x00000000fffd0000,0x0000000100000000)
  to   space 1536K, 0% used [0x00000000ffd00000,0x00000000ffd00000,0x00000000ffe80000)
 ParOldGen       total 134144K, used 68281K [0x00000000f0000000, 0x00000000f8300000, 0x00000000f8300000)
  object space 134144K, 50% used [0x00000000f0000000,0x00000000f42ae7d8,0x00000000f8300000)
 Metaspace       used 53308K, capacity 56622K, committed 56832K, reserved 1099776K
  class space    used 6491K, capacity 7071K, committed 7168K, reserved 1048576K
2023-10-03T08:26:02.578+0800: 1288.376: [GC (Allocation Failure) [PSYoungGen: 126272K->1536K(126464K)] 194553K->70018K(260608K), 0.0065730 secs] [Times: user=0.06 sys=0.00, real=0.01 secs] 
Heap after GC invocations=199 (full 0):
 PSYoungGen      total 126464K, used 1536K [0x00000000f8300000, 0x0000000100000000, 0x0000000100000000)
  eden space 124928K, 0% used [0x00000000f8300000,0x00000000f8300000,0x00000000ffd00000)
  from space 1536K, 100% used [0x00000000ffd00000,0x00000000ffe80000,0x00000000ffe80000)
  to   space 1536K, 0% used [0x00000000ffe80000,0x00000000ffe80000,0x0000000100000000)
 ParOldGen       total 134144K, used 68482K [0x00000000f0000000, 0x00000000f8300000, 0x00000000f8300000)
  object space 134144K, 51% used [0x00000000f0000000,0x00000000f42e0878,0x00000000f8300000)
 Metaspace       used 53308K, capacity 56622K, committed 56832K, reserved 1099776K
  class space    used 6491K, capacity 7071K, committed 7168K, reserved 1048576K
}
{Heap before GC invocations=200 (full 0):
 PSYoungGen      total 126464K, used 126464K [0x00000000f8300000, 0x0000000100000000, 0x0000000100000000)
  eden space 124928K, 100% used [0x00000000f8300000,0x00000000ffd00000,0x00000000ffd00000)
  from space 1536K, 100% used [0x00000000ffd00000,0x00000000ffe80000,0x00000000ffe80000)
  to   space 1536K, 0% used [0x00000000ffe80000,0x00000000ffe80000,0x0000000100000000)
 ParOldGen       total 134144K, used 68482K [0x00000000f0000000, 0x00000000f8300000, 0x00000000f8300000)
  object space 134144K, 51% used [0x00000000f0000000,0x00000000f42e0878,0x00000000f8300000)
 Metaspace       used 53308K, capacity 56622K, committed 56832K, reserved 1099776K
  class space    used 6491K, capacity 7071K, committed 7168K, reserved 1048576K
2023-10-03T08:26:06.661+0800: 1292.459: [GC (Allocation Failure) [PSYoungGen: 126464K->1376K(125440K)] 194946K->70346K(259584K), 0.0068226 secs] [Times: user=0.05 sys=0.00, real=0.00 secs] 
Heap after GC invocations=200 (full 0):
 PSYoungGen      total 125440K, used 1376K [0x00000000f8300000, 0x0000000100000000, 0x0000000100000000)
  eden space 123904K, 0% used [0x00000000f8300000,0x00000000f8300000,0x00000000ffc00000)
  from space 1536K, 89% used [0x00000000ffe80000,0x00000000fffd8000,0x0000000100000000)
  to   space 2048K, 0% used [0x00000000ffc00000,0x00000000ffc00000,0x00000000ffe00000)
 ParOldGen       total 134144K, used 68970K [0x00000000f0000000, 0x00000000f8300000, 0x00000000f8300000)
  object space 134144K, 51% used [0x00000000f0000000,0x00000000f435a878,0x00000000f8300000)
 Metaspace       used 53308K, capacity 56622K, committed 56832K, reserved 1099776K
  class space    used 6491K, capacity 7071K, committed 7168K, reserved 1048576K
}
{Heap before GC invocations=201 (full 0):
 PSYoungGen      total 125440K, used 125280K [0x00000000f8300000, 0x0000000100000000, 0x0000000100000000)
  eden space 123904K, 100% used [0x00000000f8300000,0x00000000ffc00000,0x00000000ffc00000)
  from space 1536K, 89% used [0x00000000ffe80000,0x00000000fffd8000,0x0000000100000000)
  to   space 2048K, 0% used [0x00000000ffc00000,0x00000000ffc00000,0x00000000ffe00000)
 ParOldGen       total 134144K, used 68970K [0x00000000f0000000, 0x00000000f8300000, 0x00000000f8300000)
  object space 134144K, 51% used [0x00000000f0000000,0x00000000f435a878,0x00000000f8300000)
 Metaspace       used 53308K, capacity 56622K, committed 56832K, reserved 1099776K
  class space    used 6491K, capacity 7071K, committed 7168K, reserved 1048576K
2023-10-03T08:26:10.777+0800: 1296.575: [GC (Allocation Failure) [PSYoungGen: 125280K->1216K(125952K)] 194250K->70378K(260096K), 0.0082441 secs] [Times: user=0.04 sys=0.00, real=0.01 secs] 
Heap after GC invocations=201 (full 0):
 PSYoungGen      total 125952K, used 1216K [0x00000000f8300000, 0x0000000100000000, 0x0000000100000000)
  eden space 123904K, 0% used [0x00000000f8300000,0x00000000f8300000,0x00000000ffc00000)
  from space 2048K, 59% used [0x00000000ffc00000,0x00000000ffd30000,0x00000000ffe00000)
  to   space 2048K, 0% used [0x00000000ffe00000,0x00000000ffe00000,0x0000000100000000)
 ParOldGen       total 134144K, used 69162K [0x00000000f0000000, 0x00000000f8300000, 0x00000000f8300000)
  object space 134144K, 51% used [0x00000000f0000000,0x00000000f438a878,0x00000000f8300000)
 Metaspace       used 53308K, capacity 56622K, committed 56832K, reserved 1099776K
  class space    used 6491K, capacity 7071K, committed 7168K, reserved 1048576K
}
{Heap before GC invocations=202 (full 0):
 PSYoungGen      total 125952K, used 125120K [0x00000000f8300000, 0x0000000100000000, 0x0000000100000000)
  eden space 123904K, 100% used [0x00000000f8300000,0x00000000ffc00000,0x00000000ffc00000)
  from space 2048K, 59% used [0x00000000ffc00000,0x00000000ffd30000,0x00000000ffe00000)
  to   space 2048K, 0% used [0x00000000ffe00000,0x00000000ffe00000,0x0000000100000000)
 ParOldGen       total 134144K, used 69162K [0x00000000f0000000, 0x00000000f8300000, 0x00000000f8300000)
  object space 134144K, 51% used [0x00000000f0000000,0x00000000f438a878,0x00000000f8300000)
 Metaspace       used 53308K, capacity 56622K, committed 56832K, reserved 1099776K
  class space    used 6491K, capacity 7071K, committed 7168K, reserved 1048576K
2023-10-03T08:26:14.836+0800: 1300.634: [GC (Allocation Failure) [PSYoungGen: 125120K->1280K(125952K)] 194282K->70490K(260096K), 0.0082890 secs] [Times: user=0.04 sys=0.01, real=0.01 secs] 
Heap after GC invocations=202 (full 0):
 PSYoungGen      total 125952K, used 1280K [0x00000000f8300000, 0x0000000100000000, 0x0000000100000000)
  eden space 123904K, 0% used [0x00000000f8300000,0x00000000f8300000,0x00000000ffc00000)
  from space 2048K, 62% used [0x00000000ffe00000,0x00000000fff40000,0x0000000100000000)
  to   space 2048K, 0% used [0x00000000ffc00000,0x00000000ffc00000,0x00000000ffe00000)
 ParOldGen       total 134144K, used 69210K [0x00000000f0000000, 0x00000000f8300000, 0x00000000f8300000)
  object space 134144K, 51% used [0x00000000f0000000,0x00000000f4396878,0x00000000f8300000)
 Metaspace       used 53308K, capacity 56622K, committed 56832K, reserved 1099776K
  class space    used 6491K, capacity 7071K, committed 7168K, reserved 1048576K
}
{Heap before GC invocations=203 (full 0):
 PSYoungGen      total 125952K, used 125184K [0x00000000f8300000, 0x0000000100000000, 0x0000000100000000)
  eden space 123904K, 100% used [0x00000000f8300000,0x00000000ffc00000,0x00000000ffc00000)
  from space 2048K, 62% used [0x00000000ffe00000,0x00000000fff40000,0x0000000100000000)
  to   space 2048K, 0% used [0x00000000ffc00000,0x00000000ffc00000,0x00000000ffe00000)
 ParOldGen       total 134144K, used 69210K [0x00000000f0000000, 0x00000000f8300000, 0x00000000f8300000)
  object space 134144K, 51% used [0x00000000f0000000,0x00000000f4396878,0x00000000f8300000)
 Metaspace       used 53308K, capacity 56622K, committed 56832K, reserved 1099776K
  class space    used 6491K, capacity 7071K, committed 7168K, reserved 1048576K
2023-10-03T08:26:18.962+0800: 1304.760: [GC (Allocation Failure) [PSYoungGen: 125184K->1280K(125952K)] 194394K->70562K(260096K), 0.0083200 secs] [Times: user=0.05 sys=0.00, real=0.01 secs] 
Heap after GC invocations=203 (full 0):
 PSYoungGen      total 125952K, used 1280K [0x00000000f8300000, 0x0000000100000000, 0x0000000100000000)
  eden space 123904K, 0% used [0x00000000f8300000,0x00000000f8300000,0x00000000ffc00000)
  from space 2048K, 62% used [0x00000000ffc00000,0x00000000ffd40000,0x00000000ffe00000)
  to   space 1536K, 0% used [0x00000000ffe80000,0x00000000ffe80000,0x0000000100000000)
 ParOldGen       total 134144K, used 69282K [0x00000000f0000000, 0x00000000f8300000, 0x00000000f8300000)
  object space 134144K, 51% used [0x00000000f0000000,0x00000000f43a8878,0x00000000f8300000)
 Metaspace       used 53308K, capacity 56622K, committed 56832K, reserved 1099776K
  class space    used 6491K, capacity 7071K, committed 7168K, reserved 1048576K
}
{Heap before GC invocations=204 (full 0):
 PSYoungGen      total 125952K, used 125184K [0x00000000f8300000, 0x0000000100000000, 0x0000000100000000)
  eden space 123904K, 100% used [0x00000000f8300000,0x00000000ffc00000,0x00000000ffc00000)
  from space 2048K, 62% used [0x00000000ffc00000,0x00000000ffd40000,0x00000000ffe00000)
  to   space 1536K, 0% used [0x00000000ffe80000,0x00000000ffe80000,0x0000000100000000)
 ParOldGen       total 134144K, used 69282K [0x00000000f0000000, 0x00000000f8300000, 0x00000000f8300000)
  object space 134144K, 51% used [0x00000000f0000000,0x00000000f43a8878,0x00000000f8300000)
 Metaspace       used 53308K, capacity 56622K, committed 56832K, reserved 1099776K
  class space    used 6491K, capacity 7071K, committed 7168K, reserved 1048576K
2023-10-03T08:26:23.049+0800: 1308.847: [GC (Allocation Failure) [PSYoungGen: 125184K->1248K(126464K)] 194466K->70594K(260608K), 0.0075080 secs] [Times: user=0.05 sys=0.00, real=0.01 secs] 
Heap after GC invocations=204 (full 0):
 PSYoungGen      total 126464K, used 1248K [0x00000000f8300000, 0x0000000100000000, 0x0000000100000000)
  eden space 124928K, 0% used [0x00000000f8300000,0x00000000f8300000,0x00000000ffd00000)
  from space 1536K, 81% used [0x00000000ffe80000,0x00000000fffb8000,0x0000000100000000)
  to   space 1536K, 0% used [0x00000000ffd00000,0x00000000ffd00000,0x00000000ffe80000)
 ParOldGen       total 134144K, used 69346K [0x00000000f0000000, 0x00000000f8300000, 0x00000000f8300000)
  object space 134144K, 51% used [0x00000000f0000000,0x00000000f43b8878,0x00000000f8300000)
 Metaspace       used 53308K, capacity 56622K, committed 56832K, reserved 1099776K
  class space    used 6491K, capacity 7071K, committed 7168K, reserved 1048576K
}
{Heap before GC invocations=205 (full 0):
 PSYoungGen      total 126464K, used 126176K [0x00000000f8300000, 0x0000000100000000, 0x0000000100000000)
  eden space 124928K, 100% used [0x00000000f8300000,0x00000000ffd00000,0x00000000ffd00000)
  from space 1536K, 81% used [0x00000000ffe80000,0x00000000fffb8000,0x0000000100000000)
  to   space 1536K, 0% used [0x00000000ffd00000,0x00000000ffd00000,0x00000000ffe80000)
 ParOldGen       total 134144K, used 69346K [0x00000000f0000000, 0x00000000f8300000, 0x00000000f8300000)
  object space 134144K, 51% used [0x00000000f0000000,0x00000000f43b8878,0x00000000f8300000)
 Metaspace       used 53308K, capacity 56622K, committed 56832K, reserved 1099776K
  class space    used 6491K, capacity 7071K, committed 7168K, reserved 1048576K
2023-10-03T08:26:27.331+0800: 1313.129: [GC (Allocation Failure) [PSYoungGen: 126176K->1184K(126464K)] 195522K->70538K(260608K), 0.0082935 secs] [Times: user=0.05 sys=0.00, real=0.01 secs] 
Heap after GC invocations=205 (full 0):
 PSYoungGen      total 126464K, used 1184K [0x00000000f8300000, 0x0000000100000000, 0x0000000100000000)
  eden space 124928K, 0% used [0x00000000f8300000,0x00000000f8300000,0x00000000ffd00000)
  from space 1536K, 77% used [0x00000000ffd00000,0x00000000ffe28000,0x00000000ffe80000)
  to   space 1536K, 0% used [0x00000000ffe80000,0x00000000ffe80000,0x0000000100000000)
 ParOldGen       total 134144K, used 69354K [0x00000000f0000000, 0x00000000f8300000, 0x00000000f8300000)
  object space 134144K, 51% used [0x00000000f0000000,0x00000000f43ba878,0x00000000f8300000)
 Metaspace       used 53308K, capacity 56622K, committed 56832K, reserved 1099776K
  class space    used 6491K, capacity 7071K, committed 7168K, reserved 1048576K
}
{Heap before GC invocations=206 (full 0):
 PSYoungGen      total 126464K, used 126112K [0x00000000f8300000, 0x0000000100000000, 0x0000000100000000)
  eden space 124928K, 100% used [0x00000000f8300000,0x00000000ffd00000,0x00000000ffd00000)
  from space 1536K, 77% used [0x00000000ffd00000,0x00000000ffe28000,0x00000000ffe80000)
  to   space 1536K, 0% used [0x00000000ffe80000,0x00000000ffe80000,0x0000000100000000)
 ParOldGen       total 134144K, used 69354K [0x00000000f0000000, 0x00000000f8300000, 0x00000000f8300000)
  object space 134144K, 51% used [0x00000000f0000000,0x00000000f43ba878,0x00000000f8300000)
 Metaspace       used 53317K, capacity 56750K, committed 57088K, reserved 1099776K
  class space    used 6491K, capacity 7071K, committed 7168K, reserved 1048576K
2023-10-03T08:26:31.399+0800: 1317.197: [GC (Allocation Failure) [PSYoungGen: 126112K->1312K(126464K)] 195466K->70722K(260608K), 0.0081491 secs] [Times: user=0.04 sys=0.00, real=0.01 secs] 
Heap after GC invocations=206 (full 0):
 PSYoungGen      total 126464K, used 1312K [0x00000000f8300000, 0x0000000100000000, 0x0000000100000000)
  eden space 124928K, 0% used [0x00000000f8300000,0x00000000f8300000,0x00000000ffd00000)
  from space 1536K, 85% used [0x00000000ffe80000,0x00000000fffc8000,0x0000000100000000)
  to   space 1536K, 0% used [0x00000000ffd00000,0x00000000ffd00000,0x00000000ffe80000)
 ParOldGen       total 134144K, used 69410K [0x00000000f0000000, 0x00000000f8300000, 0x00000000f8300000)
  object space 134144K, 51% used [0x00000000f0000000,0x00000000f43c8878,0x00000000f8300000)
 Metaspace       used 53317K, capacity 56750K, committed 57088K, reserved 1099776K
  class space    used 6491K, capacity 7071K, committed 7168K, reserved 1048576K
}
{Heap before GC invocations=207 (full 0):
 PSYoungGen      total 126464K, used 126240K [0x00000000f8300000, 0x0000000100000000, 0x0000000100000000)
  eden space 124928K, 100% used [0x00000000f8300000,0x00000000ffd00000,0x00000000ffd00000)
  from space 1536K, 85% used [0x00000000ffe80000,0x00000000fffc8000,0x0000000100000000)
  to   space 1536K, 0% used [0x00000000ffd00000,0x00000000ffd00000,0x00000000ffe80000)
 ParOldGen       total 134144K, used 69410K [0x00000000f0000000, 0x00000000f8300000, 0x00000000f8300000)
  object space 134144K, 51% used [0x00000000f0000000,0x00000000f43c8878,0x00000000f8300000)
 Metaspace       used 53317K, capacity 56750K, committed 57088K, reserved 1099776K
  class space    used 6491K, capacity 7071K, committed 7168K, reserved 1048576K
2023-10-03T08:26:35.529+0800: 1321.327: [GC (Allocation Failure) [PSYoungGen: 126240K->1216K(126464K)] 195650K->70698K(260608K), 0.0075433 secs] [Times: user=0.05 sys=0.00, real=0.01 secs] 
Heap after GC invocations=207 (full 0):
 PSYoungGen      total 126464K, used 1216K [0x00000000f8300000, 0x0000000100000000, 0x0000000100000000)
  eden space 124928K, 0% used [0x00000000f8300000,0x00000000f8300000,0x00000000ffd00000)
  from space 1536K, 79% used [0x00000000ffd00000,0x00000000ffe30000,0x00000000ffe80000)
  to   space 1536K, 0% used [0x00000000ffe80000,0x00000000ffe80000,0x0000000100000000)
 ParOldGen       total 134144K, used 69482K [0x00000000f0000000, 0x00000000f8300000, 0x00000000f8300000)
  object space 134144K, 51% used [0x00000000f0000000,0x00000000f43da878,0x00000000f8300000)
 Metaspace       used 53317K, capacity 56750K, committed 57088K, reserved 1099776K
  class space    used 6491K, capacity 7071K, committed 7168K, reserved 1048576K
}
{Heap before GC invocations=208 (full 0):
 PSYoungGen      total 126464K, used 126144K [0x00000000f8300000, 0x0000000100000000, 0x0000000100000000)
  eden space 124928K, 100% used [0x00000000f8300000,0x00000000ffd00000,0x00000000ffd00000)
  from space 1536K, 79% used [0x00000000ffd00000,0x00000000ffe30000,0x00000000ffe80000)
  to   space 1536K, 0% used [0x00000000ffe80000,0x00000000ffe80000,0x0000000100000000)
 ParOldGen       total 134144K, used 69482K [0x00000000f0000000, 0x00000000f8300000, 0x00000000f8300000)
  object space 134144K, 51% used [0x00000000f0000000,0x00000000f43da878,0x00000000f8300000)
 Metaspace       used 53317K, capacity 56750K, committed 57088K, reserved 1099776K
  class space    used 6491K, capacity 7071K, committed 7168K, reserved 1048576K
2023-10-03T08:26:39.657+0800: 1325.455: [GC (Allocation Failure) [PSYoungGen: 126144K->1312K(126464K)] 195626K->70810K(260608K), 0.0085972 secs] [Times: user=0.06 sys=0.00, real=0.01 secs] 
Heap after GC invocations=208 (full 0):
 PSYoungGen      total 126464K, used 1312K [0x00000000f8300000, 0x0000000100000000, 0x0000000100000000)
  eden space 124928K, 0% used [0x00000000f8300000,0x00000000f8300000,0x00000000ffd00000)
  from space 1536K, 85% used [0x00000000ffe80000,0x00000000fffc8000,0x0000000100000000)
  to   space 1536K, 0% used [0x00000000ffd00000,0x00000000ffd00000,0x00000000ffe80000)
 ParOldGen       total 134144K, used 69498K [0x00000000f0000000, 0x00000000f8300000, 0x00000000f8300000)
  object space 134144K, 51% used [0x00000000f0000000,0x00000000f43de878,0x00000000f8300000)
 Metaspace       used 53317K, capacity 56750K, committed 57088K, reserved 1099776K
  class space    used 6491K, capacity 7071K, committed 7168K, reserved 1048576K
}
{Heap before GC invocations=209 (full 0):
 PSYoungGen      total 126464K, used 126240K [0x00000000f8300000, 0x0000000100000000, 0x0000000100000000)
  eden space 124928K, 100% used [0x00000000f8300000,0x00000000ffd00000,0x00000000ffd00000)
  from space 1536K, 85% used [0x00000000ffe80000,0x00000000fffc8000,0x0000000100000000)
  to   space 1536K, 0% used [0x00000000ffd00000,0x00000000ffd00000,0x00000000ffe80000)
 ParOldGen       total 134144K, used 69498K [0x00000000f0000000, 0x00000000f8300000, 0x00000000f8300000)
  object space 134144K, 51% used [0x00000000f0000000,0x00000000f43de878,0x00000000f8300000)
 Metaspace       used 53323K, capacity 56750K, committed 57088K, reserved 1099776K
  class space    used 6491K, capacity 7071K, committed 7168K, reserved 1048576K
2023-10-03T08:26:43.798+0800: 1329.596: [GC (Allocation Failure) [PSYoungGen: 126240K->1216K(126464K)] 195738K->70842K(260608K), 0.0043380 secs] [Times: user=0.03 sys=0.00, real=0.01 secs] 
Heap after GC invocations=209 (full 0):
 PSYoungGen      total 126464K, used 1216K [0x00000000f8300000, 0x0000000100000000, 0x0000000100000000)
  eden space 124928K, 0% used [0x00000000f8300000,0x00000000f8300000,0x00000000ffd00000)
  from space 1536K, 79% used [0x00000000ffd00000,0x00000000ffe30000,0x00000000ffe80000)
  to   space 1536K, 0% used [0x00000000ffe80000,0x00000000ffe80000,0x0000000100000000)
 ParOldGen       total 134144K, used 69626K [0x00000000f0000000, 0x00000000f8300000, 0x00000000f8300000)
  object space 134144K, 51% used [0x00000000f0000000,0x00000000f43fe8d8,0x00000000f8300000)
 Metaspace       used 53323K, capacity 56750K, committed 57088K, reserved 1099776K
  class space    used 6491K, capacity 7071K, committed 7168K, reserved 1048576K
}
{Heap before GC invocations=210 (full 0):
 PSYoungGen      total 126464K, used 126144K [0x00000000f8300000, 0x0000000100000000, 0x0000000100000000)
  eden space 124928K, 100% used [0x00000000f8300000,0x00000000ffd00000,0x00000000ffd00000)
  from space 1536K, 79% used [0x00000000ffd00000,0x00000000ffe30000,0x00000000ffe80000)
  to   space 1536K, 0% used [0x00000000ffe80000,0x00000000ffe80000,0x0000000100000000)
 ParOldGen       total 134144K, used 69626K [0x00000000f0000000, 0x00000000f8300000, 0x00000000f8300000)
  object space 134144K, 51% used [0x00000000f0000000,0x00000000f43fe8d8,0x00000000f8300000)
 Metaspace       used 53323K, capacity 56750K, committed 57088K, reserved 1099776K
  class space    used 6491K, capacity 7071K, committed 7168K, reserved 1048576K
2023-10-03T08:26:48.043+0800: 1333.841: [GC (Allocation Failure) [PSYoungGen: 126144K->1280K(126464K)] 195770K->70986K(260608K), 0.0061966 secs] [Times: user=0.05 sys=0.01, real=0.01 secs] 
Heap after GC invocations=210 (full 0):
 PSYoungGen      total 126464K, used 1280K [0x00000000f8300000, 0x0000000100000000, 0x0000000100000000)
  eden space 124928K, 0% used [0x00000000f8300000,0x00000000f8300000,0x00000000ffd00000)
  from space 1536K, 83% used [0x00000000ffe80000,0x00000000fffc0000,0x0000000100000000)
  to   space 1536K, 0% used [0x00000000ffd00000,0x00000000ffd00000,0x00000000ffe80000)
 ParOldGen       total 134144K, used 69706K [0x00000000f0000000, 0x00000000f8300000, 0x00000000f8300000)
  object space 134144K, 51% used [0x00000000f0000000,0x00000000f44128d8,0x00000000f8300000)
 Metaspace       used 53323K, capacity 56750K, committed 57088K, reserved 1099776K
  class space    used 6491K, capacity 7071K, committed 7168K, reserved 1048576K
}
{Heap before GC invocations=211 (full 0):
 PSYoungGen      total 126464K, used 126208K [0x00000000f8300000, 0x0000000100000000, 0x0000000100000000)
  eden space 124928K, 100% used [0x00000000f8300000,0x00000000ffd00000,0x00000000ffd00000)
  from space 1536K, 83% used [0x00000000ffe80000,0x00000000fffc0000,0x0000000100000000)
  to   space 1536K, 0% used [0x00000000ffd00000,0x00000000ffd00000,0x00000000ffe80000)
 ParOldGen       total 134144K, used 69706K [0x00000000f0000000, 0x00000000f8300000, 0x00000000f8300000)
  object space 134144K, 51% used [0x00000000f0000000,0x00000000f44128d8,0x00000000f8300000)
 Metaspace       used 53323K, capacity 56750K, committed 57088K, reserved 1099776K
  class space    used 6491K, capacity 7071K, committed 7168K, reserved 1048576K
2023-10-03T08:26:52.132+0800: 1337.930: [GC (Allocation Failure) [PSYoungGen: 126208K->1248K(126464K)] 195914K->70970K(260608K), 0.0074906 secs] [Times: user=0.05 sys=0.00, real=0.01 secs] 
Heap after GC invocations=211 (full 0):
 PSYoungGen      total 126464K, used 1248K [0x00000000f8300000, 0x0000000100000000, 0x0000000100000000)
  eden space 124928K, 0% used [0x00000000f8300000,0x00000000f8300000,0x00000000ffd00000)
  from space 1536K, 81% used [0x00000000ffd00000,0x00000000ffe38000,0x00000000ffe80000)
  to   space 1536K, 0% used [0x00000000ffe80000,0x00000000ffe80000,0x0000000100000000)
 ParOldGen       total 134144K, used 69722K [0x00000000f0000000, 0x00000000f8300000, 0x00000000f8300000)
  object space 134144K, 51% used [0x00000000f0000000,0x00000000f44168d8,0x00000000f8300000)
 Metaspace       used 53323K, capacity 56750K, committed 57088K, reserved 1099776K
  class space    used 6491K, capacity 7071K, committed 7168K, reserved 1048576K
}
{Heap before GC invocations=212 (full 0):
 PSYoungGen      total 126464K, used 126176K [0x00000000f8300000, 0x0000000100000000, 0x0000000100000000)
  eden space 124928K, 100% used [0x00000000f8300000,0x00000000ffd00000,0x00000000ffd00000)
  from space 1536K, 81% used [0x00000000ffd00000,0x00000000ffe38000,0x00000000ffe80000)
  to   space 1536K, 0% used [0x00000000ffe80000,0x00000000ffe80000,0x0000000100000000)
 ParOldGen       total 134144K, used 69722K [0x00000000f0000000, 0x00000000f8300000, 0x00000000f8300000)
  object space 134144K, 51% used [0x00000000f0000000,0x00000000f44168d8,0x00000000f8300000)
 Metaspace       used 53323K, capacity 56750K, committed 57088K, reserved 1099776K
  class space    used 6491K, capacity 7071K, committed 7168K, reserved 1048576K
2023-10-03T08:26:56.265+0800: 1342.063: [GC (Allocation Failure) [PSYoungGen: 126176K->1216K(126464K)] 195898K->70946K(260608K), 0.0084206 secs] [Times: user=0.05 sys=0.00, real=0.01 secs] 
Heap after GC invocations=212 (full 0):
 PSYoungGen      total 126464K, used 1216K [0x00000000f8300000, 0x0000000100000000, 0x0000000100000000)
  eden space 124928K, 0% used [0x00000000f8300000,0x00000000f8300000,0x00000000ffd00000)
  from space 1536K, 79% used [0x00000000ffe80000,0x00000000fffb0000,0x0000000100000000)
  to   space 1536K, 0% used [0x00000000ffd00000,0x00000000ffd00000,0x00000000ffe80000)
 ParOldGen       total 134144K, used 69730K [0x00000000f0000000, 0x00000000f8300000, 0x00000000f8300000)
  object space 134144K, 51% used [0x00000000f0000000,0x00000000f44188d8,0x00000000f8300000)
 Metaspace       used 53323K, capacity 56750K, committed 57088K, reserved 1099776K
  class space    used 6491K, capacity 7071K, committed 7168K, reserved 1048576K
}
{Heap before GC invocations=213 (full 0):
 PSYoungGen      total 126464K, used 126144K [0x00000000f8300000, 0x0000000100000000, 0x0000000100000000)
  eden space 124928K, 100% used [0x00000000f8300000,0x00000000ffd00000,0x00000000ffd00000)
  from space 1536K, 79% used [0x00000000ffe80000,0x00000000fffb0000,0x0000000100000000)
  to   space 1536K, 0% used [0x00000000ffd00000,0x00000000ffd00000,0x00000000ffe80000)
 ParOldGen       total 134144K, used 69730K [0x00000000f0000000, 0x00000000f8300000, 0x00000000f8300000)
  object space 134144K, 51% used [0x00000000f0000000,0x00000000f44188d8,0x00000000f8300000)
 Metaspace       used 53323K, capacity 56750K, committed 57088K, reserved 1099776K
  class space    used 6491K, capacity 7071K, committed 7168K, reserved 1048576K
2023-10-03T08:27:00.376+0800: 1346.174: [GC (Allocation Failure) [PSYoungGen: 126144K->1280K(126464K)] 195874K->71058K(260608K), 0.0085061 secs] [Times: user=0.05 sys=0.00, real=0.01 secs] 
Heap after GC invocations=213 (full 0):
 PSYoungGen      total 126464K, used 1280K [0x00000000f8300000, 0x0000000100000000, 0x0000000100000000)
  eden space 124928K, 0% used [0x00000000f8300000,0x00000000f8300000,0x00000000ffd00000)
  from space 1536K, 83% used [0x00000000ffd00000,0x00000000ffe40000,0x00000000ffe80000)
  to   space 1536K, 0% used [0x00000000ffe80000,0x00000000ffe80000,0x0000000100000000)
 ParOldGen       total 134144K, used 69778K [0x00000000f0000000, 0x00000000f8300000, 0x00000000f8300000)
  object space 134144K, 52% used [0x00000000f0000000,0x00000000f44248d8,0x00000000f8300000)
 Metaspace       used 53323K, capacity 56750K, committed 57088K, reserved 1099776K
  class space    used 6491K, capacity 7071K, committed 7168K, reserved 1048576K
}
{Heap before GC invocations=214 (full 0):
 PSYoungGen      total 126464K, used 126208K [0x00000000f8300000, 0x0000000100000000, 0x0000000100000000)
  eden space 124928K, 100% used [0x00000000f8300000,0x00000000ffd00000,0x00000000ffd00000)
  from space 1536K, 83% used [0x00000000ffd00000,0x00000000ffe40000,0x00000000ffe80000)
  to   space 1536K, 0% used [0x00000000ffe80000,0x00000000ffe80000,0x0000000100000000)
 ParOldGen       total 134144K, used 69778K [0x00000000f0000000, 0x00000000f8300000, 0x00000000f8300000)
  object space 134144K, 52% used [0x00000000f0000000,0x00000000f44248d8,0x00000000f8300000)
 Metaspace       used 53323K, capacity 56750K, committed 57088K, reserved 1099776K
  class space    used 6491K, capacity 7071K, committed 7168K, reserved 1048576K
2023-10-03T08:27:04.702+0800: 1350.500: [GC (Allocation Failure) [PSYoungGen: 126208K->1280K(126464K)] 195986K->71098K(260608K), 0.0082530 secs] [Times: user=0.06 sys=0.00, real=0.01 secs] 
Heap after GC invocations=214 (full 0):
 PSYoungGen      total 126464K, used 1280K [0x00000000f8300000, 0x0000000100000000, 0x0000000100000000)
  eden space 124928K, 0% used [0x00000000f8300000,0x00000000f8300000,0x00000000ffd00000)
  from space 1536K, 83% used [0x00000000ffe80000,0x00000000fffc0000,0x0000000100000000)
  to   space 1536K, 0% used [0x00000000ffd00000,0x00000000ffd00000,0x00000000ffe80000)
 ParOldGen       total 134144K, used 69818K [0x00000000f0000000, 0x00000000f8300000, 0x00000000f8300000)
  object space 134144K, 52% used [0x00000000f0000000,0x00000000f442e8d8,0x00000000f8300000)
 Metaspace       used 53323K, capacity 56750K, committed 57088K, reserved 1099776K
  class space    used 6491K, capacity 7071K, committed 7168K, reserved 1048576K
}
{Heap before GC invocations=215 (full 0):
 PSYoungGen      total 126464K, used 126208K [0x00000000f8300000, 0x0000000100000000, 0x0000000100000000)
  eden space 124928K, 100% used [0x00000000f8300000,0x00000000ffd00000,0x00000000ffd00000)
  from space 1536K, 83% used [0x00000000ffe80000,0x00000000fffc0000,0x0000000100000000)
  to   space 1536K, 0% used [0x00000000ffd00000,0x00000000ffd00000,0x00000000ffe80000)
 ParOldGen       total 134144K, used 69818K [0x00000000f0000000, 0x00000000f8300000, 0x00000000f8300000)
  object space 134144K, 52% used [0x00000000f0000000,0x00000000f442e8d8,0x00000000f8300000)
 Metaspace       used 53323K, capacity 56750K, committed 57088K, reserved 1099776K
  class space    used 6491K, capacity 7071K, committed 7168K, reserved 1048576K
2023-10-03T08:27:08.769+0800: 1354.567: [GC (Allocation Failure) [PSYoungGen: 126208K->1248K(126464K)] 196026K->71114K(260608K), 0.0083781 secs] [Times: user=0.05 sys=0.01, real=0.00 secs] 
Heap after GC invocations=215 (full 0):
 PSYoungGen      total 126464K, used 1248K [0x00000000f8300000, 0x0000000100000000, 0x0000000100000000)
  eden space 124928K, 0% used [0x00000000f8300000,0x00000000f8300000,0x00000000ffd00000)
  from space 1536K, 81% used [0x00000000ffd00000,0x00000000ffe38000,0x00000000ffe80000)
  to   space 1536K, 0% used [0x00000000ffe80000,0x00000000ffe80000,0x0000000100000000)
 ParOldGen       total 134144K, used 69866K [0x00000000f0000000, 0x00000000f8300000, 0x00000000f8300000)
  object space 134144K, 52% used [0x00000000f0000000,0x00000000f443a8d8,0x00000000f8300000)
 Metaspace       used 53323K, capacity 56750K, committed 57088K, reserved 1099776K
  class space    used 6491K, capacity 7071K, committed 7168K, reserved 1048576K
}
{Heap before GC invocations=216 (full 0):
 PSYoungGen      total 126464K, used 126176K [0x00000000f8300000, 0x0000000100000000, 0x0000000100000000)
  eden space 124928K, 100% used [0x00000000f8300000,0x00000000ffd00000,0x00000000ffd00000)
  from space 1536K, 81% used [0x00000000ffd00000,0x00000000ffe38000,0x00000000ffe80000)
  to   space 1536K, 0% used [0x00000000ffe80000,0x00000000ffe80000,0x0000000100000000)
 ParOldGen       total 134144K, used 69866K [0x00000000f0000000, 0x00000000f8300000, 0x00000000f8300000)
  object space 134144K, 52% used [0x00000000f0000000,0x00000000f443a8d8,0x00000000f8300000)
 Metaspace       used 53323K, capacity 56750K, committed 57088K, reserved 1099776K
  class space    used 6491K, capacity 7071K, committed 7168K, reserved 1048576K
2023-10-03T08:27:12.892+0800: 1358.690: [GC (Allocation Failure) [PSYoungGen: 126176K->1280K(126464K)] 196042K->71226K(260608K), 0.0082073 secs] [Times: user=0.05 sys=0.00, real=0.01 secs] 
Heap after GC invocations=216 (full 0):
 PSYoungGen      total 126464K, used 1280K [0x00000000f8300000, 0x0000000100000000, 0x0000000100000000)
  eden space 124928K, 0% used [0x00000000f8300000,0x00000000f8300000,0x00000000ffd00000)
  from space 1536K, 83% used [0x00000000ffe80000,0x00000000fffc0000,0x0000000100000000)
  to   space 1536K, 0% used [0x00000000ffd00000,0x00000000ffd00000,0x00000000ffe80000)
 ParOldGen       total 134144K, used 69946K [0x00000000f0000000, 0x00000000f8300000, 0x00000000f8300000)
  object space 134144K, 52% used [0x00000000f0000000,0x00000000f444e8d8,0x00000000f8300000)
 Metaspace       used 53323K, capacity 56750K, committed 57088K, reserved 1099776K
  class space    used 6491K, capacity 7071K, committed 7168K, reserved 1048576K
}
{Heap before GC invocations=217 (full 0):
 PSYoungGen      total 126464K, used 126208K [0x00000000f8300000, 0x0000000100000000, 0x0000000100000000)
  eden space 124928K, 100% used [0x00000000f8300000,0x00000000ffd00000,0x00000000ffd00000)
  from space 1536K, 83% used [0x00000000ffe80000,0x00000000fffc0000,0x0000000100000000)
  to   space 1536K, 0% used [0x00000000ffd00000,0x00000000ffd00000,0x00000000ffe80000)
 ParOldGen       total 134144K, used 69946K [0x00000000f0000000, 0x00000000f8300000, 0x00000000f8300000)
  object space 134144K, 52% used [0x00000000f0000000,0x00000000f444e8d8,0x00000000f8300000)
 Metaspace       used 53324K, capacity 56750K, committed 57088K, reserved 1099776K
  class space    used 6491K, capacity 7071K, committed 7168K, reserved 1048576K
2023-10-03T08:27:17.006+0800: 1362.804: [GC (Allocation Failure) [PSYoungGen: 126208K->1312K(126464K)] 196154K->71274K(260608K), 0.0084484 secs] [Times: user=0.05 sys=0.01, real=0.01 secs] 
Heap after GC invocations=217 (full 0):
 PSYoungGen      total 126464K, used 1312K [0x00000000f8300000, 0x0000000100000000, 0x0000000100000000)
  eden space 124928K, 0% used [0x00000000f8300000,0x00000000f8300000,0x00000000ffd00000)
  from space 1536K, 85% used [0x00000000ffd00000,0x00000000ffe48000,0x00000000ffe80000)
  to   space 1536K, 0% used [0x00000000ffe80000,0x00000000ffe80000,0x0000000100000000)
 ParOldGen       total 134144K, used 69962K [0x00000000f0000000, 0x00000000f8300000, 0x00000000f8300000)
  object space 134144K, 52% used [0x00000000f0000000,0x00000000f44528d8,0x00000000f8300000)
 Metaspace       used 53324K, capacity 56750K, committed 57088K, reserved 1099776K
  class space    used 6491K, capacity 7071K, committed 7168K, reserved 1048576K
}
{Heap before GC invocations=218 (full 0):
 PSYoungGen      total 126464K, used 126240K [0x00000000f8300000, 0x0000000100000000, 0x0000000100000000)
  eden space 124928K, 100% used [0x00000000f8300000,0x00000000ffd00000,0x00000000ffd00000)
  from space 1536K, 85% used [0x00000000ffd00000,0x00000000ffe48000,0x00000000ffe80000)
  to   space 1536K, 0% used [0x00000000ffe80000,0x00000000ffe80000,0x0000000100000000)
 ParOldGen       total 134144K, used 69962K [0x00000000f0000000, 0x00000000f8300000, 0x00000000f8300000)
  object space 134144K, 52% used [0x00000000f0000000,0x00000000f44528d8,0x00000000f8300000)
 Metaspace       used 53324K, capacity 56750K, committed 57088K, reserved 1099776K
  class space    used 6491K, capacity 7071K, committed 7168K, reserved 1048576K
2023-10-03T08:27:21.360+0800: 1367.158: [GC (Allocation Failure) [PSYoungGen: 126240K->1280K(126464K)] 196202K->71322K(260608K), 0.0039132 secs] [Times: user=0.03 sys=0.00, real=0.00 secs] 
Heap after GC invocations=218 (full 0):
 PSYoungGen      total 126464K, used 1280K [0x00000000f8300000, 0x0000000100000000, 0x0000000100000000)
  eden space 124928K, 0% used [0x00000000f8300000,0x00000000f8300000,0x00000000ffd00000)
  from space 1536K, 83% used [0x00000000ffe80000,0x00000000fffc0000,0x0000000100000000)
  to   space 1536K, 0% used [0x00000000ffd00000,0x00000000ffd00000,0x00000000ffe80000)
 ParOldGen       total 134144K, used 70042K [0x00000000f0000000, 0x00000000f8300000, 0x00000000f8300000)
  object space 134144K, 52% used [0x00000000f0000000,0x00000000f44668d8,0x00000000f8300000)
 Metaspace       used 53324K, capacity 56750K, committed 57088K, reserved 1099776K
  class space    used 6491K, capacity 7071K, committed 7168K, reserved 1048576K
}
{Heap before GC invocations=219 (full 0):
 PSYoungGen      total 126464K, used 126208K [0x00000000f8300000, 0x0000000100000000, 0x0000000100000000)
  eden space 124928K, 100% used [0x00000000f8300000,0x00000000ffd00000,0x00000000ffd00000)
  from space 1536K, 83% used [0x00000000ffe80000,0x00000000fffc0000,0x0000000100000000)
  to   space 1536K, 0% used [0x00000000ffd00000,0x00000000ffd00000,0x00000000ffe80000)
 ParOldGen       total 134144K, used 70042K [0x00000000f0000000, 0x00000000f8300000, 0x00000000f8300000)
  object space 134144K, 52% used [0x00000000f0000000,0x00000000f44668d8,0x00000000f8300000)
 Metaspace       used 53324K, capacity 56750K, committed 57088K, reserved 1099776K
  class space    used 6491K, capacity 7071K, committed 7168K, reserved 1048576K
2023-10-03T08:27:25.430+0800: 1371.228: [GC (Allocation Failure) [PSYoungGen: 126208K->1280K(126464K)] 196250K->71354K(260608K), 0.0082979 secs] [Times: user=0.04 sys=0.01, real=0.00 secs] 
Heap after GC invocations=219 (full 0):
 PSYoungGen      total 126464K, used 1280K [0x00000000f8300000, 0x0000000100000000, 0x0000000100000000)
  eden space 124928K, 0% used [0x00000000f8300000,0x00000000f8300000,0x00000000ffd00000)
  from space 1536K, 83% used [0x00000000ffd00000,0x00000000ffe40000,0x00000000ffe80000)
  to   space 1536K, 0% used [0x00000000ffe80000,0x00000000ffe80000,0x0000000100000000)
 ParOldGen       total 134144K, used 70074K [0x00000000f0000000, 0x00000000f8300000, 0x00000000f8300000)
  object space 134144K, 52% used [0x00000000f0000000,0x00000000f446e8d8,0x00000000f8300000)
 Metaspace       used 53324K, capacity 56750K, committed 57088K, reserved 1099776K
  class space    used 6491K, capacity 7071K, committed 7168K, reserved 1048576K
}
{Heap before GC invocations=220 (full 0):
 PSYoungGen      total 126464K, used 126208K [0x00000000f8300000, 0x0000000100000000, 0x0000000100000000)
  eden space 124928K, 100% used [0x00000000f8300000,0x00000000ffd00000,0x00000000ffd00000)
  from space 1536K, 83% used [0x00000000ffd00000,0x00000000ffe40000,0x00000000ffe80000)
  to   space 1536K, 0% used [0x00000000ffe80000,0x00000000ffe80000,0x0000000100000000)
 ParOldGen       total 134144K, used 70074K [0x00000000f0000000, 0x00000000f8300000, 0x00000000f8300000)
  object space 134144K, 52% used [0x00000000f0000000,0x00000000f446e8d8,0x00000000f8300000)
 Metaspace       used 53324K, capacity 56750K, committed 57088K, reserved 1099776K
  class space    used 6491K, capacity 7071K, committed 7168K, reserved 1048576K
2023-10-03T08:27:29.494+0800: 1375.292: [GC (Allocation Failure) [PSYoungGen: 126208K->1280K(126464K)] 196282K->71434K(260608K), 0.0084585 secs] [Times: user=0.05 sys=0.00, real=0.01 secs] 
Heap after GC invocations=220 (full 0):
 PSYoungGen      total 126464K, used 1280K [0x00000000f8300000, 0x0000000100000000, 0x0000000100000000)
  eden space 124928K, 0% used [0x00000000f8300000,0x00000000f8300000,0x00000000ffd00000)
  from space 1536K, 83% used [0x00000000ffe80000,0x00000000fffc0000,0x0000000100000000)
  to   space 1536K, 0% used [0x00000000ffd00000,0x00000000ffd00000,0x00000000ffe80000)
 ParOldGen       total 134144K, used 70154K [0x00000000f0000000, 0x00000000f8300000, 0x00000000f8300000)
  object space 134144K, 52% used [0x00000000f0000000,0x00000000f44828d8,0x00000000f8300000)
 Metaspace       used 53324K, capacity 56750K, committed 57088K, reserved 1099776K
  class space    used 6491K, capacity 7071K, committed 7168K, reserved 1048576K
}
{Heap before GC invocations=221 (full 0):
 PSYoungGen      total 126464K, used 126208K [0x00000000f8300000, 0x0000000100000000, 0x0000000100000000)
  eden space 124928K, 100% used [0x00000000f8300000,0x00000000ffd00000,0x00000000ffd00000)
  from space 1536K, 83% used [0x00000000ffe80000,0x00000000fffc0000,0x0000000100000000)
  to   space 1536K, 0% used [0x00000000ffd00000,0x00000000ffd00000,0x00000000ffe80000)
 ParOldGen       total 134144K, used 70154K [0x00000000f0000000, 0x00000000f8300000, 0x00000000f8300000)
  object space 134144K, 52% used [0x00000000f0000000,0x00000000f44828d8,0x00000000f8300000)
 Metaspace       used 53324K, capacity 56750K, committed 57088K, reserved 1099776K
  class space    used 6491K, capacity 7071K, committed 7168K, reserved 1048576K
2023-10-03T08:27:33.595+0800: 1379.393: [GC (Allocation Failure) [PSYoungGen: 126208K->1312K(126464K)] 196362K->71538K(260608K), 0.0082352 secs] [Times: user=0.05 sys=0.00, real=0.01 secs] 
Heap after GC invocations=221 (full 0):
 PSYoungGen      total 126464K, used 1312K [0x00000000f8300000, 0x0000000100000000, 0x0000000100000000)
  eden space 124928K, 0% used [0x00000000f8300000,0x00000000f8300000,0x00000000ffd00000)
  from space 1536K, 85% used [0x00000000ffd00000,0x00000000ffe48000,0x00000000ffe80000)
  to   space 1536K, 0% used [0x00000000ffe80000,0x00000000ffe80000,0x0000000100000000)
 ParOldGen       total 134144K, used 70226K [0x00000000f0000000, 0x00000000f8300000, 0x00000000f8300000)
  object space 134144K, 52% used [0x00000000f0000000,0x00000000f44948d8,0x00000000f8300000)
 Metaspace       used 53324K, capacity 56750K, committed 57088K, reserved 1099776K
  class space    used 6491K, capacity 7071K, committed 7168K, reserved 1048576K
}
{Heap before GC invocations=222 (full 0):
 PSYoungGen      total 126464K, used 126240K [0x00000000f8300000, 0x0000000100000000, 0x0000000100000000)
  eden space 124928K, 100% used [0x00000000f8300000,0x00000000ffd00000,0x00000000ffd00000)
  from space 1536K, 85% used [0x00000000ffd00000,0x00000000ffe48000,0x00000000ffe80000)
  to   space 1536K, 0% used [0x00000000ffe80000,0x00000000ffe80000,0x0000000100000000)
 ParOldGen       total 134144K, used 70226K [0x00000000f0000000, 0x00000000f8300000, 0x00000000f8300000)
  object space 134144K, 52% used [0x00000000f0000000,0x00000000f44948d8,0x00000000f8300000)
 Metaspace       used 53324K, capacity 56750K, committed 57088K, reserved 1099776K
  class space    used 6491K, capacity 7071K, committed 7168K, reserved 1048576K
2023-10-03T08:27:37.726+0800: 1383.524: [GC (Allocation Failure) [PSYoungGen: 126240K->1312K(126464K)] 196466K->71618K(260608K), 0.0084576 secs] [Times: user=0.05 sys=0.01, real=0.01 secs] 
Heap after GC invocations=222 (full 0):
 PSYoungGen      total 126464K, used 1312K [0x00000000f8300000, 0x0000000100000000, 0x0000000100000000)
  eden space 124928K, 0% used [0x00000000f8300000,0x00000000f8300000,0x00000000ffd00000)
  from space 1536K, 85% used [0x00000000ffe80000,0x00000000fffc8000,0x0000000100000000)
  to   space 1536K, 0% used [0x00000000ffd00000,0x00000000ffd00000,0x00000000ffe80000)
 ParOldGen       total 134144K, used 70306K [0x00000000f0000000, 0x00000000f8300000, 0x00000000f8300000)
  object space 134144K, 52% used [0x00000000f0000000,0x00000000f44a88d8,0x00000000f8300000)
 Metaspace       used 53324K, capacity 56750K, committed 57088K, reserved 1099776K
  class space    used 6491K, capacity 7071K, committed 7168K, reserved 1048576K
}
{Heap before GC invocations=223 (full 0):
 PSYoungGen      total 126464K, used 126240K [0x00000000f8300000, 0x0000000100000000, 0x0000000100000000)
  eden space 124928K, 100% used [0x00000000f8300000,0x00000000ffd00000,0x00000000ffd00000)
  from space 1536K, 85% used [0x00000000ffe80000,0x00000000fffc8000,0x0000000100000000)
  to   space 1536K, 0% used [0x00000000ffd00000,0x00000000ffd00000,0x00000000ffe80000)
 ParOldGen       total 134144K, used 70306K [0x00000000f0000000, 0x00000000f8300000, 0x00000000f8300000)
  object space 134144K, 52% used [0x00000000f0000000,0x00000000f44a88d8,0x00000000f8300000)
 Metaspace       used 53324K, capacity 56750K, committed 57088K, reserved 1099776K
  class space    used 6491K, capacity 7071K, committed 7168K, reserved 1048576K
2023-10-03T08:27:42.075+0800: 1387.873: [GC (Allocation Failure) [PSYoungGen: 126240K->1344K(126464K)] 196546K->71714K(260608K), 0.0035617 secs] [Times: user=0.03 sys=0.01, real=0.00 secs] 
Heap after GC invocations=223 (full 0):
 PSYoungGen      total 126464K, used 1344K [0x00000000f8300000, 0x0000000100000000, 0x0000000100000000)
  eden space 124928K, 0% used [0x00000000f8300000,0x00000000f8300000,0x00000000ffd00000)
  from space 1536K, 87% used [0x00000000ffd00000,0x00000000ffe50000,0x00000000ffe80000)
  to   space 1536K, 0% used [0x00000000ffe80000,0x00000000ffe80000,0x0000000100000000)
 ParOldGen       total 134144K, used 70370K [0x00000000f0000000, 0x00000000f8300000, 0x00000000f8300000)
  object space 134144K, 52% used [0x00000000f0000000,0x00000000f44b88d8,0x00000000f8300000)
 Metaspace       used 53324K, capacity 56750K, committed 57088K, reserved 1099776K
  class space    used 6491K, capacity 7071K, committed 7168K, reserved 1048576K
}
{Heap before GC invocations=224 (full 0):
 PSYoungGen      total 126464K, used 126272K [0x00000000f8300000, 0x0000000100000000, 0x0000000100000000)
  eden space 124928K, 100% used [0x00000000f8300000,0x00000000ffd00000,0x00000000ffd00000)
  from space 1536K, 87% used [0x00000000ffd00000,0x00000000ffe50000,0x00000000ffe80000)
  to   space 1536K, 0% used [0x00000000ffe80000,0x00000000ffe80000,0x0000000100000000)
 ParOldGen       total 134144K, used 70370K [0x00000000f0000000, 0x00000000f8300000, 0x00000000f8300000)
  object space 134144K, 52% used [0x00000000f0000000,0x00000000f44b88d8,0x00000000f8300000)
 Metaspace       used 53324K, capacity 56750K, committed 57088K, reserved 1099776K
  class space    used 6491K, capacity 7071K, committed 7168K, reserved 1048576K
2023-10-03T08:27:46.133+0800: 1391.931: [GC (Allocation Failure) [PSYoungGen: 126272K->1216K(126464K)] 196642K->71762K(260608K), 0.0082842 secs] [Times: user=0.05 sys=0.01, real=0.01 secs] 
Heap after GC invocations=224 (full 0):
 PSYoungGen      total 126464K, used 1216K [0x00000000f8300000, 0x0000000100000000, 0x0000000100000000)
  eden space 124928K, 0% used [0x00000000f8300000,0x00000000f8300000,0x00000000ffd00000)
  from space 1536K, 79% used [0x00000000ffe80000,0x00000000fffb0000,0x0000000100000000)
  to   space 1536K, 0% used [0x00000000ffd00000,0x00000000ffd00000,0x00000000ffe80000)
 ParOldGen       total 134144K, used 70546K [0x00000000f0000000, 0x00000000f8300000, 0x00000000f8300000)
  object space 134144K, 52% used [0x00000000f0000000,0x00000000f44e4998,0x00000000f8300000)
 Metaspace       used 53324K, capacity 56750K, committed 57088K, reserved 1099776K
  class space    used 6491K, capacity 7071K, committed 7168K, reserved 1048576K
}
{Heap before GC invocations=225 (full 0):
 PSYoungGen      total 126464K, used 126144K [0x00000000f8300000, 0x0000000100000000, 0x0000000100000000)
  eden space 124928K, 100% used [0x00000000f8300000,0x00000000ffd00000,0x00000000ffd00000)
  from space 1536K, 79% used [0x00000000ffe80000,0x00000000fffb0000,0x0000000100000000)
  to   space 1536K, 0% used [0x00000000ffd00000,0x00000000ffd00000,0x00000000ffe80000)
 ParOldGen       total 134144K, used 70546K [0x00000000f0000000, 0x00000000f8300000, 0x00000000f8300000)
  object space 134144K, 52% used [0x00000000f0000000,0x00000000f44e4998,0x00000000f8300000)
 Metaspace       used 53324K, capacity 56750K, committed 57088K, reserved 1099776K
  class space    used 6491K, capacity 7071K, committed 7168K, reserved 1048576K
2023-10-03T08:27:50.229+0800: 1396.027: [GC (Allocation Failure) [PSYoungGen: 126144K->1440K(126464K)] 196690K->72066K(260608K), 0.0081699 secs] [Times: user=0.04 sys=0.01, real=0.01 secs] 
Heap after GC invocations=225 (full 0):
 PSYoungGen      total 126464K, used 1440K [0x00000000f8300000, 0x0000000100000000, 0x0000000100000000)
  eden space 124928K, 0% used [0x00000000f8300000,0x00000000f8300000,0x00000000ffd00000)
  from space 1536K, 93% used [0x00000000ffd00000,0x00000000ffe68000,0x00000000ffe80000)
  to   space 1536K, 0% used [0x00000000ffe80000,0x00000000ffe80000,0x0000000100000000)
 ParOldGen       total 134144K, used 70626K [0x00000000f0000000, 0x00000000f8300000, 0x00000000f8300000)
  object space 134144K, 52% used [0x00000000f0000000,0x00000000f44f8998,0x00000000f8300000)
 Metaspace       used 53324K, capacity 56750K, committed 57088K, reserved 1099776K
  class space    used 6491K, capacity 7071K, committed 7168K, reserved 1048576K
}
{Heap before GC invocations=226 (full 0):
 PSYoungGen      total 126464K, used 126368K [0x00000000f8300000, 0x0000000100000000, 0x0000000100000000)
  eden space 124928K, 100% used [0x00000000f8300000,0x00000000ffd00000,0x00000000ffd00000)
  from space 1536K, 93% used [0x00000000ffd00000,0x00000000ffe68000,0x00000000ffe80000)
  to   space 1536K, 0% used [0x00000000ffe80000,0x00000000ffe80000,0x0000000100000000)
 ParOldGen       total 134144K, used 70626K [0x00000000f0000000, 0x00000000f8300000, 0x00000000f8300000)
  object space 134144K, 52% used [0x00000000f0000000,0x00000000f44f8998,0x00000000f8300000)
 Metaspace       used 53324K, capacity 56750K, committed 57088K, reserved 1099776K
  class space    used 6491K, capacity 7071K, committed 7168K, reserved 1048576K
2023-10-03T08:27:54.356+0800: 1400.154: [GC (Allocation Failure) [PSYoungGen: 126368K->1312K(126464K)] 196994K->72170K(260608K), 0.0084190 secs] [Times: user=0.05 sys=0.00, real=0.01 secs] 
Heap after GC invocations=226 (full 0):
 PSYoungGen      total 126464K, used 1312K [0x00000000f8300000, 0x0000000100000000, 0x0000000100000000)
  eden space 124928K, 0% used [0x00000000f8300000,0x00000000f8300000,0x00000000ffd00000)
  from space 1536K, 85% used [0x00000000ffe80000,0x00000000fffc8000,0x0000000100000000)
  to   space 1536K, 0% used [0x00000000ffd00000,0x00000000ffd00000,0x00000000ffe80000)
 ParOldGen       total 134144K, used 70858K [0x00000000f0000000, 0x00000000f8300000, 0x00000000f8300000)
  object space 134144K, 52% used [0x00000000f0000000,0x00000000f4532ab8,0x00000000f8300000)
 Metaspace       used 53324K, capacity 56750K, committed 57088K, reserved 1099776K
  class space    used 6491K, capacity 7071K, committed 7168K, reserved 1048576K
}
{Heap before GC invocations=227 (full 0):
 PSYoungGen      total 126464K, used 126240K [0x00000000f8300000, 0x0000000100000000, 0x0000000100000000)
  eden space 124928K, 100% used [0x00000000f8300000,0x00000000ffd00000,0x00000000ffd00000)
  from space 1536K, 85% used [0x00000000ffe80000,0x00000000fffc8000,0x0000000100000000)
  to   space 1536K, 0% used [0x00000000ffd00000,0x00000000ffd00000,0x00000000ffe80000)
 ParOldGen       total 134144K, used 70858K [0x00000000f0000000, 0x00000000f8300000, 0x00000000f8300000)
  object space 134144K, 52% used [0x00000000f0000000,0x00000000f4532ab8,0x00000000f8300000)
 Metaspace       used 53324K, capacity 56750K, committed 57088K, reserved 1099776K
  class space    used 6491K, capacity 7071K, committed 7168K, reserved 1048576K
2023-10-03T08:27:58.734+0800: 1404.532: [GC (Allocation Failure) [PSYoungGen: 126240K->1312K(126464K)] 197098K->72251K(260608K), 0.0040904 secs] [Times: user=0.03 sys=0.00, real=0.00 secs] 
Heap after GC invocations=227 (full 0):
 PSYoungGen      total 126464K, used 1312K [0x00000000f8300000, 0x0000000100000000, 0x0000000100000000)
  eden space 124928K, 0% used [0x00000000f8300000,0x00000000f8300000,0x00000000ffd00000)
  from space 1536K, 85% used [0x00000000ffd00000,0x00000000ffe482d8,0x00000000ffe80000)
  to   space 1536K, 0% used [0x00000000ffe80000,0x00000000ffe80000,0x0000000100000000)
 ParOldGen       total 134144K, used 70938K [0x00000000f0000000, 0x00000000f8300000, 0x00000000f8300000)
  object space 134144K, 52% used [0x00000000f0000000,0x00000000f4546ab8,0x00000000f8300000)
 Metaspace       used 53324K, capacity 56750K, committed 57088K, reserved 1099776K
  class space    used 6491K, capacity 7071K, committed 7168K, reserved 1048576K
}
{Heap before GC invocations=228 (full 0):
 PSYoungGen      total 126464K, used 126240K [0x00000000f8300000, 0x0000000100000000, 0x0000000100000000)
  eden space 124928K, 100% used [0x00000000f8300000,0x00000000ffd00000,0x00000000ffd00000)
  from space 1536K, 85% used [0x00000000ffd00000,0x00000000ffe482d8,0x00000000ffe80000)
  to   space 1536K, 0% used [0x00000000ffe80000,0x00000000ffe80000,0x0000000100000000)
 ParOldGen       total 134144K, used 70938K [0x00000000f0000000, 0x00000000f8300000, 0x00000000f8300000)
  object space 134144K, 52% used [0x00000000f0000000,0x00000000f4546ab8,0x00000000f8300000)
 Metaspace       used 53324K, capacity 56750K, committed 57088K, reserved 1099776K
  class space    used 6491K, capacity 7071K, committed 7168K, reserved 1048576K
2023-10-03T08:28:02.794+0800: 1408.592: [GC (Allocation Failure) [PSYoungGen: 126240K->1344K(126464K)] 197179K->72362K(260608K), 0.0059211 secs] [Times: user=0.05 sys=0.00, real=0.01 secs] 
Heap after GC invocations=228 (full 0):
 PSYoungGen      total 126464K, used 1344K [0x00000000f8300000, 0x0000000100000000, 0x0000000100000000)
  eden space 124928K, 0% used [0x00000000f8300000,0x00000000f8300000,0x00000000ffd00000)
  from space 1536K, 87% used [0x00000000ffe80000,0x00000000fffd0000,0x0000000100000000)
  to   space 1536K, 0% used [0x00000000ffd00000,0x00000000ffd00000,0x00000000ffe80000)
 ParOldGen       total 134144K, used 71018K [0x00000000f0000000, 0x00000000f8300000, 0x00000000f8300000)
  object space 134144K, 52% used [0x00000000f0000000,0x00000000f455aab8,0x00000000f8300000)
 Metaspace       used 53324K, capacity 56750K, committed 57088K, reserved 1099776K
  class space    used 6491K, capacity 7071K, committed 7168K, reserved 1048576K
}
{Heap before GC invocations=229 (full 0):
 PSYoungGen      total 126464K, used 126272K [0x00000000f8300000, 0x0000000100000000, 0x0000000100000000)
  eden space 124928K, 100% used [0x00000000f8300000,0x00000000ffd00000,0x00000000ffd00000)
  from space 1536K, 87% used [0x00000000ffe80000,0x00000000fffd0000,0x0000000100000000)
  to   space 1536K, 0% used [0x00000000ffd00000,0x00000000ffd00000,0x00000000ffe80000)
 ParOldGen       total 134144K, used 71018K [0x00000000f0000000, 0x00000000f8300000, 0x00000000f8300000)
  object space 134144K, 52% used [0x00000000f0000000,0x00000000f455aab8,0x00000000f8300000)
 Metaspace       used 53324K, capacity 56750K, committed 57088K, reserved 1099776K
  class space    used 6491K, capacity 7071K, committed 7168K, reserved 1048576K
2023-10-03T08:28:06.856+0800: 1412.654: [GC (Allocation Failure) [PSYoungGen: 126272K->1280K(126464K)] 197290K->72386K(260608K), 0.0082528 secs] [Times: user=0.05 sys=0.01, real=0.01 secs] 
Heap after GC invocations=229 (full 0):
 PSYoungGen      total 126464K, used 1280K [0x00000000f8300000, 0x0000000100000000, 0x0000000100000000)
  eden space 124928K, 0% used [0x00000000f8300000,0x00000000f8300000,0x00000000ffd00000)
  from space 1536K, 83% used [0x00000000ffd00000,0x00000000ffe40000,0x00000000ffe80000)
  to   space 1536K, 0% used [0x00000000ffe80000,0x00000000ffe80000,0x0000000100000000)
 ParOldGen       total 134144K, used 71106K [0x00000000f0000000, 0x00000000f8300000, 0x00000000f8300000)
  object space 134144K, 53% used [0x00000000f0000000,0x00000000f4570ab8,0x00000000f8300000)
 Metaspace       used 53324K, capacity 56750K, committed 57088K, reserved 1099776K
  class space    used 6491K, capacity 7071K, committed 7168K, reserved 1048576K
}
{Heap before GC invocations=230 (full 0):
 PSYoungGen      total 126464K, used 126208K [0x00000000f8300000, 0x0000000100000000, 0x0000000100000000)
  eden space 124928K, 100% used [0x00000000f8300000,0x00000000ffd00000,0x00000000ffd00000)
  from space 1536K, 83% used [0x00000000ffd00000,0x00000000ffe40000,0x00000000ffe80000)
  to   space 1536K, 0% used [0x00000000ffe80000,0x00000000ffe80000,0x0000000100000000)
 ParOldGen       total 134144K, used 71106K [0x00000000f0000000, 0x00000000f8300000, 0x00000000f8300000)
  object space 134144K, 53% used [0x00000000f0000000,0x00000000f4570ab8,0x00000000f8300000)
 Metaspace       used 53324K, capacity 56750K, committed 57088K, reserved 1099776K
  class space    used 6491K, capacity 7071K, committed 7168K, reserved 1048576K
2023-10-03T08:28:12.375+0800: 1418.173: [GC (Allocation Failure) [PSYoungGen: 126208K->1536K(124416K)] 197314K->74580K(258560K), 0.0120411 secs] [Times: user=0.04 sys=0.03, real=0.01 secs] 
Heap after GC invocations=230 (full 0):
 PSYoungGen      total 124416K, used 1536K [0x00000000f8300000, 0x0000000100000000, 0x0000000100000000)
  eden space 122880K, 0% used [0x00000000f8300000,0x00000000f8300000,0x00000000ffb00000)
  from space 1536K, 100% used [0x00000000ffe80000,0x0000000100000000,0x0000000100000000)
  to   space 2560K, 0% used [0x00000000ffb00000,0x00000000ffb00000,0x00000000ffd80000)
 ParOldGen       total 134144K, used 73044K [0x00000000f0000000, 0x00000000f8300000, 0x00000000f8300000)
  object space 134144K, 54% used [0x00000000f0000000,0x00000000f47553d8,0x00000000f8300000)
 Metaspace       used 53324K, capacity 56750K, committed 57088K, reserved 1099776K
  class space    used 6491K, capacity 7071K, committed 7168K, reserved 1048576K
}
{Heap before GC invocations=231 (full 0):
 PSYoungGen      total 124416K, used 124416K [0x00000000f8300000, 0x0000000100000000, 0x0000000100000000)
  eden space 122880K, 100% used [0x00000000f8300000,0x00000000ffb00000,0x00000000ffb00000)
  from space 1536K, 100% used [0x00000000ffe80000,0x0000000100000000,0x0000000100000000)
  to   space 2560K, 0% used [0x00000000ffb00000,0x00000000ffb00000,0x00000000ffd80000)
 ParOldGen       total 134144K, used 73044K [0x00000000f0000000, 0x00000000f8300000, 0x00000000f8300000)
  object space 134144K, 54% used [0x00000000f0000000,0x00000000f47553d8,0x00000000f8300000)
 Metaspace       used 53328K, capacity 56750K, committed 57088K, reserved 1099776K
  class space    used 6491K, capacity 7071K, committed 7168K, reserved 1048576K
2023-10-03T08:28:16.433+0800: 1422.231: [GC (Allocation Failure) [PSYoungGen: 124416K->1312K(125440K)] 197460K->75181K(259584K), 0.0065346 secs] [Times: user=0.02 sys=0.03, real=0.01 secs] 
Heap after GC invocations=231 (full 0):
 PSYoungGen      total 125440K, used 1312K [0x00000000f8300000, 0x0000000100000000, 0x0000000100000000)
  eden space 122880K, 0% used [0x00000000f8300000,0x00000000f8300000,0x00000000ffb00000)
  from space 2560K, 51% used [0x00000000ffb00000,0x00000000ffc48000,0x00000000ffd80000)
  to   space 2560K, 0% used [0x00000000ffd80000,0x00000000ffd80000,0x0000000100000000)
 ParOldGen       total 134144K, used 73869K [0x00000000f0000000, 0x00000000f8300000, 0x00000000f8300000)
  object space 134144K, 55% used [0x00000000f0000000,0x00000000f48236b8,0x00000000f8300000)
 Metaspace       used 53328K, capacity 56750K, committed 57088K, reserved 1099776K
  class space    used 6491K, capacity 7071K, committed 7168K, reserved 1048576K
}
{Heap before GC invocations=232 (full 0):
 PSYoungGen      total 125440K, used 124192K [0x00000000f8300000, 0x0000000100000000, 0x0000000100000000)
  eden space 122880K, 100% used [0x00000000f8300000,0x00000000ffb00000,0x00000000ffb00000)
  from space 2560K, 51% used [0x00000000ffb00000,0x00000000ffc48000,0x00000000ffd80000)
  to   space 2560K, 0% used [0x00000000ffd80000,0x00000000ffd80000,0x0000000100000000)
 ParOldGen       total 134144K, used 73869K [0x00000000f0000000, 0x00000000f8300000, 0x00000000f8300000)
  object space 134144K, 55% used [0x00000000f0000000,0x00000000f48236b8,0x00000000f8300000)
 Metaspace       used 53328K, capacity 56750K, committed 57088K, reserved 1099776K
  class space    used 6491K, capacity 7071K, committed 7168K, reserved 1048576K
2023-10-03T08:28:20.516+0800: 1426.314: [GC (Allocation Failure) [PSYoungGen: 124192K->1280K(125440K)] 198061K->75221K(259584K), 0.0083449 secs] [Times: user=0.04 sys=0.00, real=0.01 secs] 
Heap after GC invocations=232 (full 0):
 PSYoungGen      total 125440K, used 1280K [0x00000000f8300000, 0x0000000100000000, 0x0000000100000000)
  eden space 122880K, 0% used [0x00000000f8300000,0x00000000f8300000,0x00000000ffb00000)
  from space 2560K, 50% used [0x00000000ffd80000,0x00000000ffec0000,0x0000000100000000)
  to   space 2560K, 0% used [0x00000000ffb00000,0x00000000ffb00000,0x00000000ffd80000)
 ParOldGen       total 134144K, used 73941K [0x00000000f0000000, 0x00000000f8300000, 0x00000000f8300000)
  object space 134144K, 55% used [0x00000000f0000000,0x00000000f48356b8,0x00000000f8300000)
 Metaspace       used 53328K, capacity 56750K, committed 57088K, reserved 1099776K
  class space    used 6491K, capacity 7071K, committed 7168K, reserved 1048576K
}
{Heap before GC invocations=233 (full 0):
 PSYoungGen      total 125440K, used 124160K [0x00000000f8300000, 0x0000000100000000, 0x0000000100000000)
  eden space 122880K, 100% used [0x00000000f8300000,0x00000000ffb00000,0x00000000ffb00000)
  from space 2560K, 50% used [0x00000000ffd80000,0x00000000ffec0000,0x0000000100000000)
  to   space 2560K, 0% used [0x00000000ffb00000,0x00000000ffb00000,0x00000000ffd80000)
 ParOldGen       total 134144K, used 73941K [0x00000000f0000000, 0x00000000f8300000, 0x00000000f8300000)
  object space 134144K, 55% used [0x00000000f0000000,0x00000000f48356b8,0x00000000f8300000)
 Metaspace       used 53328K, capacity 56750K, committed 57088K, reserved 1099776K
  class space    used 6491K, capacity 7071K, committed 7168K, reserved 1048576K
2023-10-03T08:28:24.589+0800: 1430.387: [GC (Allocation Failure) [PSYoungGen: 124160K->1248K(125440K)] 198101K->75245K(259584K), 0.0081762 secs] [Times: user=0.04 sys=0.00, real=0.01 secs] 
Heap after GC invocations=233 (full 0):
 PSYoungGen      total 125440K, used 1248K [0x00000000f8300000, 0x0000000100000000, 0x0000000100000000)
  eden space 122880K, 0% used [0x00000000f8300000,0x00000000f8300000,0x00000000ffb00000)
  from space 2560K, 48% used [0x00000000ffb00000,0x00000000ffc38000,0x00000000ffd80000)
  to   space 2560K, 0% used [0x00000000ffd80000,0x00000000ffd80000,0x0000000100000000)
 ParOldGen       total 134144K, used 73997K [0x00000000f0000000, 0x00000000f8300000, 0x00000000f8300000)
  object space 134144K, 55% used [0x00000000f0000000,0x00000000f48436d8,0x00000000f8300000)
 Metaspace       used 53328K, capacity 56750K, committed 57088K, reserved 1099776K
  class space    used 6491K, capacity 7071K, committed 7168K, reserved 1048576K
}
{Heap before GC invocations=234 (full 0):
 PSYoungGen      total 125440K, used 124128K [0x00000000f8300000, 0x0000000100000000, 0x0000000100000000)
  eden space 122880K, 100% used [0x00000000f8300000,0x00000000ffb00000,0x00000000ffb00000)
  from space 2560K, 48% used [0x00000000ffb00000,0x00000000ffc38000,0x00000000ffd80000)
  to   space 2560K, 0% used [0x00000000ffd80000,0x00000000ffd80000,0x0000000100000000)
 ParOldGen       total 134144K, used 73997K [0x00000000f0000000, 0x00000000f8300000, 0x00000000f8300000)
  object space 134144K, 55% used [0x00000000f0000000,0x00000000f48436d8,0x00000000f8300000)
 Metaspace       used 53328K, capacity 56750K, committed 57088K, reserved 1099776K
  class space    used 6491K, capacity 7071K, committed 7168K, reserved 1048576K
2023-10-03T08:28:28.663+0800: 1434.461: [GC (Allocation Failure) [PSYoungGen: 124128K->1248K(125440K)] 198125K->75285K(259584K), 0.0084941 secs] [Times: user=0.04 sys=0.01, real=0.01 secs] 
Heap after GC invocations=234 (full 0):
 PSYoungGen      total 125440K, used 1248K [0x00000000f8300000, 0x0000000100000000, 0x0000000100000000)
  eden space 122880K, 0% used [0x00000000f8300000,0x00000000f8300000,0x00000000ffb00000)
  from space 2560K, 48% used [0x00000000ffd80000,0x00000000ffeb8000,0x0000000100000000)
  to   space 2560K, 0% used [0x00000000ffb00000,0x00000000ffb00000,0x00000000ffd80000)
 ParOldGen       total 134144K, used 74037K [0x00000000f0000000, 0x00000000f8300000, 0x00000000f8300000)
  object space 134144K, 55% used [0x00000000f0000000,0x00000000f484d6d8,0x00000000f8300000)
 Metaspace       used 53328K, capacity 56750K, committed 57088K, reserved 1099776K
  class space    used 6491K, capacity 7071K, committed 7168K, reserved 1048576K
}
{Heap before GC invocations=235 (full 0):
 PSYoungGen      total 125440K, used 124128K [0x00000000f8300000, 0x0000000100000000, 0x0000000100000000)
  eden space 122880K, 100% used [0x00000000f8300000,0x00000000ffb00000,0x00000000ffb00000)
  from space 2560K, 48% used [0x00000000ffd80000,0x00000000ffeb8000,0x0000000100000000)
  to   space 2560K, 0% used [0x00000000ffb00000,0x00000000ffb00000,0x00000000ffd80000)
 ParOldGen       total 134144K, used 74037K [0x00000000f0000000, 0x00000000f8300000, 0x00000000f8300000)
  object space 134144K, 55% used [0x00000000f0000000,0x00000000f484d6d8,0x00000000f8300000)
 Metaspace       used 53333K, capacity 56750K, committed 57088K, reserved 1099776K
  class space    used 6491K, capacity 7071K, committed 7168K, reserved 1048576K
2023-10-03T08:28:32.837+0800: 1438.635: [GC (Allocation Failure) [PSYoungGen: 124128K->1216K(125440K)] 198165K->75317K(259584K), 0.0057996 secs] [Times: user=0.04 sys=0.00, real=0.01 secs] 
Heap after GC invocations=235 (full 0):
 PSYoungGen      total 125440K, used 1216K [0x00000000f8300000, 0x0000000100000000, 0x0000000100000000)
  eden space 122880K, 0% used [0x00000000f8300000,0x00000000f8300000,0x00000000ffb00000)
  from space 2560K, 47% used [0x00000000ffb00000,0x00000000ffc30000,0x00000000ffd80000)
  to   space 2560K, 0% used [0x00000000ffd80000,0x00000000ffd80000,0x0000000100000000)
 ParOldGen       total 134144K, used 74101K [0x00000000f0000000, 0x00000000f8300000, 0x00000000f8300000)
  object space 134144K, 55% used [0x00000000f0000000,0x00000000f485d6f8,0x00000000f8300000)
 Metaspace       used 53333K, capacity 56750K, committed 57088K, reserved 1099776K
  class space    used 6491K, capacity 7071K, committed 7168K, reserved 1048576K
}
{Heap before GC invocations=236 (full 0):
 PSYoungGen      total 125440K, used 124096K [0x00000000f8300000, 0x0000000100000000, 0x0000000100000000)
  eden space 122880K, 100% used [0x00000000f8300000,0x00000000ffb00000,0x00000000ffb00000)
  from space 2560K, 47% used [0x00000000ffb00000,0x00000000ffc30000,0x00000000ffd80000)
  to   space 2560K, 0% used [0x00000000ffd80000,0x00000000ffd80000,0x0000000100000000)
 ParOldGen       total 134144K, used 74101K [0x00000000f0000000, 0x00000000f8300000, 0x00000000f8300000)
  object space 134144K, 55% used [0x00000000f0000000,0x00000000f485d6f8,0x00000000f8300000)
 Metaspace       used 53333K, capacity 56750K, committed 57088K, reserved 1099776K
  class space    used 6491K, capacity 7071K, committed 7168K, reserved 1048576K
2023-10-03T08:28:36.913+0800: 1442.711: [GC (Allocation Failure) [PSYoungGen: 124096K->1248K(125952K)] 198197K->75381K(260096K), 0.0083175 secs] [Times: user=0.04 sys=0.00, real=0.01 secs] 
Heap after GC invocations=236 (full 0):
 PSYoungGen      total 125952K, used 1248K [0x00000000f8300000, 0x0000000100000000, 0x0000000100000000)
  eden space 123392K, 0% used [0x00000000f8300000,0x00000000f8300000,0x00000000ffb80000)
  from space 2560K, 48% used [0x00000000ffd80000,0x00000000ffeb8000,0x0000000100000000)
  to   space 2048K, 0% used [0x00000000ffb80000,0x00000000ffb80000,0x00000000ffd80000)
 ParOldGen       total 134144K, used 74133K [0x00000000f0000000, 0x00000000f8300000, 0x00000000f8300000)
  object space 134144K, 55% used [0x00000000f0000000,0x00000000f48656f8,0x00000000f8300000)
 Metaspace       used 53333K, capacity 56750K, committed 57088K, reserved 1099776K
  class space    used 6491K, capacity 7071K, committed 7168K, reserved 1048576K
}
{Heap before GC invocations=237 (full 0):
 PSYoungGen      total 125952K, used 124640K [0x00000000f8300000, 0x0000000100000000, 0x0000000100000000)
  eden space 123392K, 100% used [0x00000000f8300000,0x00000000ffb80000,0x00000000ffb80000)
  from space 2560K, 48% used [0x00000000ffd80000,0x00000000ffeb8000,0x0000000100000000)
  to   space 2048K, 0% used [0x00000000ffb80000,0x00000000ffb80000,0x00000000ffd80000)
 ParOldGen       total 134144K, used 74133K [0x00000000f0000000, 0x00000000f8300000, 0x00000000f8300000)
  object space 134144K, 55% used [0x00000000f0000000,0x00000000f48656f8,0x00000000f8300000)
 Metaspace       used 53333K, capacity 56750K, committed 57088K, reserved 1099776K
  class space    used 6491K, capacity 7071K, committed 7168K, reserved 1048576K
2023-10-03T08:28:41.018+0800: 1446.816: [GC (Allocation Failure) [PSYoungGen: 124640K->1248K(125440K)] 198773K->75397K(259584K), 0.0082057 secs] [Times: user=0.04 sys=0.00, real=0.01 secs] 
Heap after GC invocations=237 (full 0):
 PSYoungGen      total 125440K, used 1248K [0x00000000f8300000, 0x0000000100000000, 0x0000000100000000)
  eden space 123392K, 0% used [0x00000000f8300000,0x00000000f8300000,0x00000000ffb80000)
  from space 2048K, 60% used [0x00000000ffb80000,0x00000000ffcb8000,0x00000000ffd80000)
  to   space 2048K, 0% used [0x00000000ffe00000,0x00000000ffe00000,0x0000000100000000)
 ParOldGen       total 134144K, used 74149K [0x00000000f0000000, 0x00000000f8300000, 0x00000000f8300000)
  object space 134144K, 55% used [0x00000000f0000000,0x00000000f48696f8,0x00000000f8300000)
 Metaspace       used 53333K, capacity 56750K, committed 57088K, reserved 1099776K
  class space    used 6491K, capacity 7071K, committed 7168K, reserved 1048576K
}
{Heap before GC invocations=238 (full 0):
 PSYoungGen      total 125440K, used 124640K [0x00000000f8300000, 0x0000000100000000, 0x0000000100000000)
  eden space 123392K, 100% used [0x00000000f8300000,0x00000000ffb80000,0x00000000ffb80000)
  from space 2048K, 60% used [0x00000000ffb80000,0x00000000ffcb8000,0x00000000ffd80000)
  to   space 2048K, 0% used [0x00000000ffe00000,0x00000000ffe00000,0x0000000100000000)
 ParOldGen       total 134144K, used 74149K [0x00000000f0000000, 0x00000000f8300000, 0x00000000f8300000)
  object space 134144K, 55% used [0x00000000f0000000,0x00000000f48696f8,0x00000000f8300000)
 Metaspace       used 53333K, capacity 56750K, committed 57088K, reserved 1099776K
  class space    used 6491K, capacity 7071K, committed 7168K, reserved 1048576K
2023-10-03T08:28:45.093+0800: 1450.891: [GC (Allocation Failure) [PSYoungGen: 124640K->1376K(125952K)] 198789K->75597K(260096K), 0.0084623 secs] [Times: user=0.05 sys=0.00, real=0.01 secs] 
Heap after GC invocations=238 (full 0):
 PSYoungGen      total 125952K, used 1376K [0x00000000f8300000, 0x0000000100000000, 0x0000000100000000)
  eden space 123904K, 0% used [0x00000000f8300000,0x00000000f8300000,0x00000000ffc00000)
  from space 2048K, 67% used [0x00000000ffe00000,0x00000000fff58000,0x0000000100000000)
  to   space 2048K, 0% used [0x00000000ffc00000,0x00000000ffc00000,0x00000000ffe00000)
 ParOldGen       total 134144K, used 74221K [0x00000000f0000000, 0x00000000f8300000, 0x00000000f8300000)
  object space 134144K, 55% used [0x00000000f0000000,0x00000000f487b738,0x00000000f8300000)
 Metaspace       used 53333K, capacity 56750K, committed 57088K, reserved 1099776K
  class space    used 6491K, capacity 7071K, committed 7168K, reserved 1048576K
}
{Heap before GC invocations=239 (full 0):
 PSYoungGen      total 125952K, used 125280K [0x00000000f8300000, 0x0000000100000000, 0x0000000100000000)
  eden space 123904K, 100% used [0x00000000f8300000,0x00000000ffc00000,0x00000000ffc00000)
  from space 2048K, 67% used [0x00000000ffe00000,0x00000000fff58000,0x0000000100000000)
  to   space 2048K, 0% used [0x00000000ffc00000,0x00000000ffc00000,0x00000000ffe00000)
 ParOldGen       total 134144K, used 74221K [0x00000000f0000000, 0x00000000f8300000, 0x00000000f8300000)
  object space 134144K, 55% used [0x00000000f0000000,0x00000000f487b738,0x00000000f8300000)
 Metaspace       used 53333K, capacity 56750K, committed 57088K, reserved 1099776K
  class space    used 6491K, capacity 7071K, committed 7168K, reserved 1048576K
2023-10-03T08:28:49.238+0800: 1455.036: [GC (Allocation Failure) [PSYoungGen: 125280K->1312K(125952K)] 199501K->75726K(260096K), 0.0063431 secs] [Times: user=0.05 sys=0.00, real=0.01 secs] 
Heap after GC invocations=239 (full 0):
 PSYoungGen      total 125952K, used 1312K [0x00000000f8300000, 0x0000000100000000, 0x0000000100000000)
  eden space 123904K, 0% used [0x00000000f8300000,0x00000000f8300000,0x00000000ffc00000)
  from space 2048K, 64% used [0x00000000ffc00000,0x00000000ffd48000,0x00000000ffe00000)
  to   space 2048K, 0% used [0x00000000ffe00000,0x00000000ffe00000,0x0000000100000000)
 ParOldGen       total 134144K, used 74414K [0x00000000f0000000, 0x00000000f8300000, 0x00000000f8300000)
  object space 134144K, 55% used [0x00000000f0000000,0x00000000f48ab818,0x00000000f8300000)
 Metaspace       used 53333K, capacity 56750K, committed 57088K, reserved 1099776K
  class space    used 6491K, capacity 7071K, committed 7168K, reserved 1048576K
}
{Heap before GC invocations=240 (full 0):
 PSYoungGen      total 125952K, used 125216K [0x00000000f8300000, 0x0000000100000000, 0x0000000100000000)
  eden space 123904K, 100% used [0x00000000f8300000,0x00000000ffc00000,0x00000000ffc00000)
  from space 2048K, 64% used [0x00000000ffc00000,0x00000000ffd48000,0x00000000ffe00000)
  to   space 2048K, 0% used [0x00000000ffe00000,0x00000000ffe00000,0x0000000100000000)
 ParOldGen       total 134144K, used 74414K [0x00000000f0000000, 0x00000000f8300000, 0x00000000f8300000)
  object space 134144K, 55% used [0x00000000f0000000,0x00000000f48ab818,0x00000000f8300000)
 Metaspace       used 53333K, capacity 56750K, committed 57088K, reserved 1099776K
  class space    used 6491K, capacity 7071K, committed 7168K, reserved 1048576K
2023-10-03T08:28:53.321+0800: 1459.119: [GC (Allocation Failure) [PSYoungGen: 125216K->1248K(125952K)] 199630K->75718K(260096K), 0.0059845 secs] [Times: user=0.05 sys=0.00, real=0.00 secs] 
Heap after GC invocations=240 (full 0):
 PSYoungGen      total 125952K, used 1248K [0x00000000f8300000, 0x0000000100000000, 0x0000000100000000)
  eden space 123904K, 0% used [0x00000000f8300000,0x00000000f8300000,0x00000000ffc00000)
  from space 2048K, 60% used [0x00000000ffe00000,0x00000000fff38000,0x0000000100000000)
  to   space 2048K, 0% used [0x00000000ffc00000,0x00000000ffc00000,0x00000000ffe00000)
 ParOldGen       total 134144K, used 74470K [0x00000000f0000000, 0x00000000f8300000, 0x00000000f8300000)
  object space 134144K, 55% used [0x00000000f0000000,0x00000000f48b9818,0x00000000f8300000)
 Metaspace       used 53333K, capacity 56750K, committed 57088K, reserved 1099776K
  class space    used 6491K, capacity 7071K, committed 7168K, reserved 1048576K
}
{Heap before GC invocations=241 (full 0):
 PSYoungGen      total 125952K, used 125152K [0x00000000f8300000, 0x0000000100000000, 0x0000000100000000)
  eden space 123904K, 100% used [0x00000000f8300000,0x00000000ffc00000,0x00000000ffc00000)
  from space 2048K, 60% used [0x00000000ffe00000,0x00000000fff38000,0x0000000100000000)
  to   space 2048K, 0% used [0x00000000ffc00000,0x00000000ffc00000,0x00000000ffe00000)
 ParOldGen       total 134144K, used 74470K [0x00000000f0000000, 0x00000000f8300000, 0x00000000f8300000)
  object space 134144K, 55% used [0x00000000f0000000,0x00000000f48b9818,0x00000000f8300000)
 Metaspace       used 53333K, capacity 56750K, committed 57088K, reserved 1099776K
  class space    used 6491K, capacity 7071K, committed 7168K, reserved 1048576K
2023-10-03T08:28:57.405+0800: 1463.203: [GC (Allocation Failure) [PSYoungGen: 125152K->1216K(125952K)] 199622K->75710K(260096K), 0.0079744 secs] [Times: user=0.05 sys=0.00, real=0.01 secs] 
Heap after GC invocations=241 (full 0):
 PSYoungGen      total 125952K, used 1216K [0x00000000f8300000, 0x0000000100000000, 0x0000000100000000)
  eden space 123904K, 0% used [0x00000000f8300000,0x00000000f8300000,0x00000000ffc00000)
  from space 2048K, 59% used [0x00000000ffc00000,0x00000000ffd30000,0x00000000ffe00000)
  to   space 2048K, 0% used [0x00000000ffe00000,0x00000000ffe00000,0x0000000100000000)
 ParOldGen       total 134144K, used 74494K [0x00000000f0000000, 0x00000000f8300000, 0x00000000f8300000)
  object space 134144K, 55% used [0x00000000f0000000,0x00000000f48bf818,0x00000000f8300000)
 Metaspace       used 53333K, capacity 56750K, committed 57088K, reserved 1099776K
  class space    used 6491K, capacity 7071K, committed 7168K, reserved 1048576K
}
{Heap before GC invocations=242 (full 0):
 PSYoungGen      total 125952K, used 125120K [0x00000000f8300000, 0x0000000100000000, 0x0000000100000000)
  eden space 123904K, 100% used [0x00000000f8300000,0x00000000ffc00000,0x00000000ffc00000)
  from space 2048K, 59% used [0x00000000ffc00000,0x00000000ffd30000,0x00000000ffe00000)
  to   space 2048K, 0% used [0x00000000ffe00000,0x00000000ffe00000,0x0000000100000000)
 ParOldGen       total 134144K, used 74494K [0x00000000f0000000, 0x00000000f8300000, 0x00000000f8300000)
  object space 134144K, 55% used [0x00000000f0000000,0x00000000f48bf818,0x00000000f8300000)
 Metaspace       used 53333K, capacity 56750K, committed 57088K, reserved 1099776K
  class space    used 6491K, capacity 7071K, committed 7168K, reserved 1048576K
2023-10-03T08:29:01.599+0800: 1467.397: [GC (Allocation Failure) [PSYoungGen: 125120K->1280K(125952K)] 199614K->75790K(260096K), 0.0075913 secs] [Times: user=0.05 sys=0.01, real=0.00 secs] 
Heap after GC invocations=242 (full 0):
 PSYoungGen      total 125952K, used 1280K [0x00000000f8300000, 0x0000000100000000, 0x0000000100000000)
  eden space 123904K, 0% used [0x00000000f8300000,0x00000000f8300000,0x00000000ffc00000)
  from space 2048K, 62% used [0x00000000ffe00000,0x00000000fff40000,0x0000000100000000)
  to   space 2048K, 0% used [0x00000000ffc00000,0x00000000ffc00000,0x00000000ffe00000)
 ParOldGen       total 134144K, used 74510K [0x00000000f0000000, 0x00000000f8300000, 0x00000000f8300000)
  object space 134144K, 55% used [0x00000000f0000000,0x00000000f48c3818,0x00000000f8300000)
 Metaspace       used 53333K, capacity 56750K, committed 57088K, reserved 1099776K
  class space    used 6491K, capacity 7071K, committed 7168K, reserved 1048576K
}
{Heap before GC invocations=243 (full 0):
 PSYoungGen      total 125952K, used 125184K [0x00000000f8300000, 0x0000000100000000, 0x0000000100000000)
  eden space 123904K, 100% used [0x00000000f8300000,0x00000000ffc00000,0x00000000ffc00000)
  from space 2048K, 62% used [0x00000000ffe00000,0x00000000fff40000,0x0000000100000000)
  to   space 2048K, 0% used [0x00000000ffc00000,0x00000000ffc00000,0x00000000ffe00000)
 ParOldGen       total 134144K, used 74510K [0x00000000f0000000, 0x00000000f8300000, 0x00000000f8300000)
  object space 134144K, 55% used [0x00000000f0000000,0x00000000f48c3818,0x00000000f8300000)
 Metaspace       used 53333K, capacity 56750K, committed 57088K, reserved 1099776K
  class space    used 6491K, capacity 7071K, committed 7168K, reserved 1048576K
2023-10-03T08:29:05.689+0800: 1471.487: [GC (Allocation Failure) [PSYoungGen: 125184K->1216K(125952K)] 199694K->75782K(260096K), 0.0061321 secs] [Times: user=0.05 sys=0.00, real=0.01 secs] 
Heap after GC invocations=243 (full 0):
 PSYoungGen      total 125952K, used 1216K [0x00000000f8300000, 0x0000000100000000, 0x0000000100000000)
  eden space 123904K, 0% used [0x00000000f8300000,0x00000000f8300000,0x00000000ffc00000)
  from space 2048K, 59% used [0x00000000ffc00000,0x00000000ffd30000,0x00000000ffe00000)
  to   space 2048K, 0% used [0x00000000ffe00000,0x00000000ffe00000,0x0000000100000000)
 ParOldGen       total 134144K, used 74566K [0x00000000f0000000, 0x00000000f8300000, 0x00000000f8300000)
  object space 134144K, 55% used [0x00000000f0000000,0x00000000f48d1818,0x00000000f8300000)
 Metaspace       used 53333K, capacity 56750K, committed 57088K, reserved 1099776K
  class space    used 6491K, capacity 7071K, committed 7168K, reserved 1048576K
}
{Heap before GC invocations=244 (full 0):
 PSYoungGen      total 125952K, used 125120K [0x00000000f8300000, 0x0000000100000000, 0x0000000100000000)
  eden space 123904K, 100% used [0x00000000f8300000,0x00000000ffc00000,0x00000000ffc00000)
  from space 2048K, 59% used [0x00000000ffc00000,0x00000000ffd30000,0x00000000ffe00000)
  to   space 2048K, 0% used [0x00000000ffe00000,0x00000000ffe00000,0x0000000100000000)
 ParOldGen       total 134144K, used 74566K [0x00000000f0000000, 0x00000000f8300000, 0x00000000f8300000)
  object space 134144K, 55% used [0x00000000f0000000,0x00000000f48d1818,0x00000000f8300000)
 Metaspace       used 53333K, capacity 56750K, committed 57088K, reserved 1099776K
  class space    used 6491K, capacity 7071K, committed 7168K, reserved 1048576K
2023-10-03T08:29:09.825+0800: 1475.623: [GC (Allocation Failure) [PSYoungGen: 125120K->1216K(125952K)] 199686K->75798K(260096K), 0.0083838 secs] [Times: user=0.05 sys=0.00, real=0.01 secs] 
Heap after GC invocations=244 (full 0):
 PSYoungGen      total 125952K, used 1216K [0x00000000f8300000, 0x0000000100000000, 0x0000000100000000)
  eden space 123904K, 0% used [0x00000000f8300000,0x00000000f8300000,0x00000000ffc00000)
  from space 2048K, 59% used [0x00000000ffe00000,0x00000000fff30000,0x0000000100000000)
  to   space 2048K, 0% used [0x00000000ffc00000,0x00000000ffc00000,0x00000000ffe00000)
 ParOldGen       total 134144K, used 74582K [0x00000000f0000000, 0x00000000f8300000, 0x00000000f8300000)
  object space 134144K, 55% used [0x00000000f0000000,0x00000000f48d5818,0x00000000f8300000)
 Metaspace       used 53333K, capacity 56750K, committed 57088K, reserved 1099776K
  class space    used 6491K, capacity 7071K, committed 7168K, reserved 1048576K
}
{Heap before GC invocations=245 (full 0):
 PSYoungGen      total 125952K, used 125120K [0x00000000f8300000, 0x0000000100000000, 0x0000000100000000)
  eden space 123904K, 100% used [0x00000000f8300000,0x00000000ffc00000,0x00000000ffc00000)
  from space 2048K, 59% used [0x00000000ffe00000,0x00000000fff30000,0x0000000100000000)
  to   space 2048K, 0% used [0x00000000ffc00000,0x00000000ffc00000,0x00000000ffe00000)
 ParOldGen       total 134144K, used 74582K [0x00000000f0000000, 0x00000000f8300000, 0x00000000f8300000)
  object space 134144K, 55% used [0x00000000f0000000,0x00000000f48d5818,0x00000000f8300000)
 Metaspace       used 53333K, capacity 56750K, committed 57088K, reserved 1099776K
  class space    used 6491K, capacity 7071K, committed 7168K, reserved 1048576K
2023-10-03T08:29:13.983+0800: 1479.781: [GC (Allocation Failure) [PSYoungGen: 125120K->1248K(125952K)] 199702K->75846K(260096K), 0.0083127 secs] [Times: user=0.05 sys=0.00, real=0.01 secs] 
Heap after GC invocations=245 (full 0):
 PSYoungGen      total 125952K, used 1248K [0x00000000f8300000, 0x0000000100000000, 0x0000000100000000)
  eden space 123904K, 0% used [0x00000000f8300000,0x00000000f8300000,0x00000000ffc00000)
  from space 2048K, 60% used [0x00000000ffc00000,0x00000000ffd38000,0x00000000ffe00000)
  to   space 2048K, 0% used [0x00000000ffe00000,0x00000000ffe00000,0x0000000100000000)
 ParOldGen       total 134144K, used 74598K [0x00000000f0000000, 0x00000000f8300000, 0x00000000f8300000)
  object space 134144K, 55% used [0x00000000f0000000,0x00000000f48d9818,0x00000000f8300000)
 Metaspace       used 53333K, capacity 56750K, committed 57088K, reserved 1099776K
  class space    used 6491K, capacity 7071K, committed 7168K, reserved 1048576K
}
{Heap before GC invocations=246 (full 0):
 PSYoungGen      total 125952K, used 125152K [0x00000000f8300000, 0x0000000100000000, 0x0000000100000000)
  eden space 123904K, 100% used [0x00000000f8300000,0x00000000ffc00000,0x00000000ffc00000)
  from space 2048K, 60% used [0x00000000ffc00000,0x00000000ffd38000,0x00000000ffe00000)
  to   space 2048K, 0% used [0x00000000ffe00000,0x00000000ffe00000,0x0000000100000000)
 ParOldGen       total 134144K, used 74598K [0x00000000f0000000, 0x00000000f8300000, 0x00000000f8300000)
  object space 134144K, 55% used [0x00000000f0000000,0x00000000f48d9818,0x00000000f8300000)
 Metaspace       used 53333K, capacity 56750K, committed 57088K, reserved 1099776K
  class space    used 6491K, capacity 7071K, committed 7168K, reserved 1048576K
2023-10-03T08:29:18.057+0800: 1483.855: [GC (Allocation Failure) [PSYoungGen: 125152K->1280K(125952K)] 199750K->75942K(260096K), 0.0083996 secs] [Times: user=0.05 sys=0.00, real=0.01 secs] 
Heap after GC invocations=246 (full 0):
 PSYoungGen      total 125952K, used 1280K [0x00000000f8300000, 0x0000000100000000, 0x0000000100000000)
  eden space 123904K, 0% used [0x00000000f8300000,0x00000000f8300000,0x00000000ffc00000)
  from space 2048K, 62% used [0x00000000ffe00000,0x00000000fff40000,0x0000000100000000)
  to   space 2048K, 0% used [0x00000000ffc00000,0x00000000ffc00000,0x00000000ffe00000)
 ParOldGen       total 134144K, used 74662K [0x00000000f0000000, 0x00000000f8300000, 0x00000000f8300000)
  object space 134144K, 55% used [0x00000000f0000000,0x00000000f48e9818,0x00000000f8300000)
 Metaspace       used 53333K, capacity 56750K, committed 57088K, reserved 1099776K
  class space    used 6491K, capacity 7071K, committed 7168K, reserved 1048576K
}
{Heap before GC invocations=247 (full 0):
 PSYoungGen      total 125952K, used 125184K [0x00000000f8300000, 0x0000000100000000, 0x0000000100000000)
  eden space 123904K, 100% used [0x00000000f8300000,0x00000000ffc00000,0x00000000ffc00000)
  from space 2048K, 62% used [0x00000000ffe00000,0x00000000fff40000,0x0000000100000000)
  to   space 2048K, 0% used [0x00000000ffc00000,0x00000000ffc00000,0x00000000ffe00000)
 ParOldGen       total 134144K, used 74662K [0x00000000f0000000, 0x00000000f8300000, 0x00000000f8300000)
  object space 134144K, 55% used [0x00000000f0000000,0x00000000f48e9818,0x00000000f8300000)
 Metaspace       used 53333K, capacity 56750K, committed 57088K, reserved 1099776K
  class space    used 6491K, capacity 7071K, committed 7168K, reserved 1048576K
2023-10-03T08:29:22.142+0800: 1487.940: [GC (Allocation Failure) [PSYoungGen: 125184K->1280K(125952K)] 199846K->75990K(260096K), 0.0082968 secs] [Times: user=0.05 sys=0.00, real=0.01 secs] 
Heap after GC invocations=247 (full 0):
 PSYoungGen      total 125952K, used 1280K [0x00000000f8300000, 0x0000000100000000, 0x0000000100000000)
  eden space 123904K, 0% used [0x00000000f8300000,0x00000000f8300000,0x00000000ffc00000)
  from space 2048K, 62% used [0x00000000ffc00000,0x00000000ffd40000,0x00000000ffe00000)
  to   space 2048K, 0% used [0x00000000ffe00000,0x00000000ffe00000,0x0000000100000000)
 ParOldGen       total 134144K, used 74710K [0x00000000f0000000, 0x00000000f8300000, 0x00000000f8300000)
  object space 134144K, 55% used [0x00000000f0000000,0x00000000f48f5818,0x00000000f8300000)
 Metaspace       used 53333K, capacity 56750K, committed 57088K, reserved 1099776K
  class space    used 6491K, capacity 7071K, committed 7168K, reserved 1048576K
}
{Heap before GC invocations=248 (full 0):
 PSYoungGen      total 125952K, used 125184K [0x00000000f8300000, 0x0000000100000000, 0x0000000100000000)
  eden space 123904K, 100% used [0x00000000f8300000,0x00000000ffc00000,0x00000000ffc00000)
  from space 2048K, 62% used [0x00000000ffc00000,0x00000000ffd40000,0x00000000ffe00000)
  to   space 2048K, 0% used [0x00000000ffe00000,0x00000000ffe00000,0x0000000100000000)
 ParOldGen       total 134144K, used 74710K [0x00000000f0000000, 0x00000000f8300000, 0x00000000f8300000)
  object space 134144K, 55% used [0x00000000f0000000,0x00000000f48f5818,0x00000000f8300000)
 Metaspace       used 53333K, capacity 56750K, committed 57088K, reserved 1099776K
  class space    used 6491K, capacity 7071K, committed 7168K, reserved 1048576K
2023-10-03T08:29:26.334+0800: 1492.132: [GC (Allocation Failure) [PSYoungGen: 125184K->1248K(125952K)] 199894K->75966K(260096K), 0.0079413 secs] [Times: user=0.05 sys=0.00, real=0.01 secs] 
Heap after GC invocations=248 (full 0):
 PSYoungGen      total 125952K, used 1248K [0x00000000f8300000, 0x0000000100000000, 0x0000000100000000)
  eden space 123904K, 0% used [0x00000000f8300000,0x00000000f8300000,0x00000000ffc00000)
  from space 2048K, 60% used [0x00000000ffe00000,0x00000000fff38000,0x0000000100000000)
  to   space 2048K, 0% used [0x00000000ffc00000,0x00000000ffc00000,0x00000000ffe00000)
 ParOldGen       total 134144K, used 74718K [0x00000000f0000000, 0x00000000f8300000, 0x00000000f8300000)
  object space 134144K, 55% used [0x00000000f0000000,0x00000000f48f7818,0x00000000f8300000)
 Metaspace       used 53333K, capacity 56750K, committed 57088K, reserved 1099776K
  class space    used 6491K, capacity 7071K, committed 7168K, reserved 1048576K
}
{Heap before GC invocations=249 (full 0):
 PSYoungGen      total 125952K, used 125152K [0x00000000f8300000, 0x0000000100000000, 0x0000000100000000)
  eden space 123904K, 100% used [0x00000000f8300000,0x00000000ffc00000,0x00000000ffc00000)
  from space 2048K, 60% used [0x00000000ffe00000,0x00000000fff38000,0x0000000100000000)
  to   space 2048K, 0% used [0x00000000ffc00000,0x00000000ffc00000,0x00000000ffe00000)
 ParOldGen       total 134144K, used 74718K [0x00000000f0000000, 0x00000000f8300000, 0x00000000f8300000)
  object space 134144K, 55% used [0x00000000f0000000,0x00000000f48f7818,0x00000000f8300000)
 Metaspace       used 53333K, capacity 56750K, committed 57088K, reserved 1099776K
  class space    used 6491K, capacity 7071K, committed 7168K, reserved 1048576K
2023-10-03T08:29:30.420+0800: 1496.218: [GC (Allocation Failure) [PSYoungGen: 125152K->1216K(125952K)] 199870K->75974K(260096K), 0.0084512 secs] [Times: user=0.04 sys=0.00, real=0.00 secs] 
Heap after GC invocations=249 (full 0):
 PSYoungGen      total 125952K, used 1216K [0x00000000f8300000, 0x0000000100000000, 0x0000000100000000)
  eden space 123904K, 0% used [0x00000000f8300000,0x00000000f8300000,0x00000000ffc00000)
  from space 2048K, 59% used [0x00000000ffc00000,0x00000000ffd30000,0x00000000ffe00000)
  to   space 2048K, 0% used [0x00000000ffe00000,0x00000000ffe00000,0x0000000100000000)
 ParOldGen       total 134144K, used 74758K [0x00000000f0000000, 0x00000000f8300000, 0x00000000f8300000)
  object space 134144K, 55% used [0x00000000f0000000,0x00000000f4901818,0x00000000f8300000)
 Metaspace       used 53333K, capacity 56750K, committed 57088K, reserved 1099776K
  class space    used 6491K, capacity 7071K, committed 7168K, reserved 1048576K
}
{Heap before GC invocations=250 (full 0):
 PSYoungGen      total 125952K, used 125120K [0x00000000f8300000, 0x0000000100000000, 0x0000000100000000)
  eden space 123904K, 100% used [0x00000000f8300000,0x00000000ffc00000,0x00000000ffc00000)
  from space 2048K, 59% used [0x00000000ffc00000,0x00000000ffd30000,0x00000000ffe00000)
  to   space 2048K, 0% used [0x00000000ffe00000,0x00000000ffe00000,0x0000000100000000)
 ParOldGen       total 134144K, used 74758K [0x00000000f0000000, 0x00000000f8300000, 0x00000000f8300000)
  object space 134144K, 55% used [0x00000000f0000000,0x00000000f4901818,0x00000000f8300000)
 Metaspace       used 53333K, capacity 56750K, committed 57088K, reserved 1099776K
  class space    used 6491K, capacity 7071K, committed 7168K, reserved 1048576K
2023-10-03T08:29:34.562+0800: 1500.360: [GC (Allocation Failure) [PSYoungGen: 125120K->1312K(125952K)] 199878K->76118K(260096K), 0.0082654 secs] [Times: user=0.05 sys=0.00, real=0.01 secs] 
Heap after GC invocations=250 (full 0):
 PSYoungGen      total 125952K, used 1312K [0x00000000f8300000, 0x0000000100000000, 0x0000000100000000)
  eden space 123904K, 0% used [0x00000000f8300000,0x00000000f8300000,0x00000000ffc00000)
  from space 2048K, 64% used [0x00000000ffe00000,0x00000000fff48000,0x0000000100000000)
  to   space 2048K, 0% used [0x00000000ffc00000,0x00000000ffc00000,0x00000000ffe00000)
 ParOldGen       total 134144K, used 74806K [0x00000000f0000000, 0x00000000f8300000, 0x00000000f8300000)
  object space 134144K, 55% used [0x00000000f0000000,0x00000000f490d818,0x00000000f8300000)
 Metaspace       used 53333K, capacity 56750K, committed 57088K, reserved 1099776K
  class space    used 6491K, capacity 7071K, committed 7168K, reserved 1048576K
}
{Heap before GC invocations=251 (full 0):
 PSYoungGen      total 125952K, used 125216K [0x00000000f8300000, 0x0000000100000000, 0x0000000100000000)
  eden space 123904K, 100% used [0x00000000f8300000,0x00000000ffc00000,0x00000000ffc00000)
  from space 2048K, 64% used [0x00000000ffe00000,0x00000000fff48000,0x0000000100000000)
  to   space 2048K, 0% used [0x00000000ffc00000,0x00000000ffc00000,0x00000000ffe00000)
 ParOldGen       total 134144K, used 74806K [0x00000000f0000000, 0x00000000f8300000, 0x00000000f8300000)
  object space 134144K, 55% used [0x00000000f0000000,0x00000000f490d818,0x00000000f8300000)
 Metaspace       used 53333K, capacity 56750K, committed 57088K, reserved 1099776K
  class space    used 6491K, capacity 7071K, committed 7168K, reserved 1048576K
2023-10-03T08:29:38.733+0800: 1504.531: [GC (Allocation Failure) [PSYoungGen: 125216K->1280K(125952K)] 200022K->76094K(260096K), 0.0084905 secs] [Times: user=0.05 sys=0.00, real=0.01 secs] 
Heap after GC invocations=251 (full 0):
 PSYoungGen      total 125952K, used 1280K [0x00000000f8300000, 0x0000000100000000, 0x0000000100000000)
  eden space 123904K, 0% used [0x00000000f8300000,0x00000000f8300000,0x00000000ffc00000)
  from space 2048K, 62% used [0x00000000ffc00000,0x00000000ffd40000,0x00000000ffe00000)
  to   space 2048K, 0% used [0x00000000ffe00000,0x00000000ffe00000,0x0000000100000000)
 ParOldGen       total 134144K, used 74814K [0x00000000f0000000, 0x00000000f8300000, 0x00000000f8300000)
  object space 134144K, 55% used [0x00000000f0000000,0x00000000f490f818,0x00000000f8300000)
 Metaspace       used 53333K, capacity 56750K, committed 57088K, reserved 1099776K
  class space    used 6491K, capacity 7071K, committed 7168K, reserved 1048576K
}
{Heap before GC invocations=252 (full 0):
 PSYoungGen      total 125952K, used 125184K [0x00000000f8300000, 0x0000000100000000, 0x0000000100000000)
  eden space 123904K, 100% used [0x00000000f8300000,0x00000000ffc00000,0x00000000ffc00000)
  from space 2048K, 62% used [0x00000000ffc00000,0x00000000ffd40000,0x00000000ffe00000)
  to   space 2048K, 0% used [0x00000000ffe00000,0x00000000ffe00000,0x0000000100000000)
 ParOldGen       total 134144K, used 74814K [0x00000000f0000000, 0x00000000f8300000, 0x00000000f8300000)
  object space 134144K, 55% used [0x00000000f0000000,0x00000000f490f818,0x00000000f8300000)
 Metaspace       used 53333K, capacity 56750K, committed 57088K, reserved 1099776K
  class space    used 6491K, capacity 7071K, committed 7168K, reserved 1048576K
2023-10-03T08:29:42.796+0800: 1508.594: [GC (Allocation Failure) [PSYoungGen: 125184K->1248K(126464K)] 199998K->76134K(260608K), 0.0082428 secs] [Times: user=0.04 sys=0.01, real=0.01 secs] 
Heap after GC invocations=252 (full 0):
 PSYoungGen      total 126464K, used 1248K [0x00000000f8300000, 0x0000000100000000, 0x0000000100000000)
  eden space 124416K, 0% used [0x00000000f8300000,0x00000000f8300000,0x00000000ffc80000)
  from space 2048K, 60% used [0x00000000ffe00000,0x00000000fff38000,0x0000000100000000)
  to   space 1536K, 0% used [0x00000000ffc80000,0x00000000ffc80000,0x00000000ffe00000)
 ParOldGen       total 134144K, used 74886K [0x00000000f0000000, 0x00000000f8300000, 0x00000000f8300000)
  object space 134144K, 55% used [0x00000000f0000000,0x00000000f4921818,0x00000000f8300000)
 Metaspace       used 53333K, capacity 56750K, committed 57088K, reserved 1099776K
  class space    used 6491K, capacity 7071K, committed 7168K, reserved 1048576K
}
{Heap before GC invocations=253 (full 0):
 PSYoungGen      total 126464K, used 125664K [0x00000000f8300000, 0x0000000100000000, 0x0000000100000000)
  eden space 124416K, 100% used [0x00000000f8300000,0x00000000ffc80000,0x00000000ffc80000)
  from space 2048K, 60% used [0x00000000ffe00000,0x00000000fff38000,0x0000000100000000)
  to   space 1536K, 0% used [0x00000000ffc80000,0x00000000ffc80000,0x00000000ffe00000)
 ParOldGen       total 134144K, used 74886K [0x00000000f0000000, 0x00000000f8300000, 0x00000000f8300000)
  object space 134144K, 55% used [0x00000000f0000000,0x00000000f4921818,0x00000000f8300000)
 Metaspace       used 53338K, capacity 56750K, committed 57088K, reserved 1099776K
  class space    used 6491K, capacity 7071K, committed 7168K, reserved 1048576K
2023-10-03T08:29:46.878+0800: 1512.676: [GC (Allocation Failure) [PSYoungGen: 125664K->1312K(125952K)] 200550K->76238K(260096K), 0.0084148 secs] [Times: user=0.05 sys=0.00, real=0.01 secs] 
Heap after GC invocations=253 (full 0):
 PSYoungGen      total 125952K, used 1312K [0x00000000f8300000, 0x0000000100000000, 0x0000000100000000)
  eden space 124416K, 0% used [0x00000000f8300000,0x00000000f8300000,0x00000000ffc80000)
  from space 1536K, 85% used [0x00000000ffc80000,0x00000000ffdc8000,0x00000000ffe00000)
  to   space 1536K, 0% used [0x00000000ffe80000,0x00000000ffe80000,0x0000000100000000)
 ParOldGen       total 134144K, used 74926K [0x00000000f0000000, 0x00000000f8300000, 0x00000000f8300000)
  object space 134144K, 55% used [0x00000000f0000000,0x00000000f492b818,0x00000000f8300000)
 Metaspace       used 53338K, capacity 56750K, committed 57088K, reserved 1099776K
  class space    used 6491K, capacity 7071K, committed 7168K, reserved 1048576K
}
{Heap before GC invocations=254 (full 0):
 PSYoungGen      total 125952K, used 125728K [0x00000000f8300000, 0x0000000100000000, 0x0000000100000000)
  eden space 124416K, 100% used [0x00000000f8300000,0x00000000ffc80000,0x00000000ffc80000)
  from space 1536K, 85% used [0x00000000ffc80000,0x00000000ffdc8000,0x00000000ffe00000)
  to   space 1536K, 0% used [0x00000000ffe80000,0x00000000ffe80000,0x0000000100000000)
 ParOldGen       total 134144K, used 74926K [0x00000000f0000000, 0x00000000f8300000, 0x00000000f8300000)
  object space 134144K, 55% used [0x00000000f0000000,0x00000000f492b818,0x00000000f8300000)
 Metaspace       used 53338K, capacity 56750K, committed 57088K, reserved 1099776K
  class space    used 6491K, capacity 7071K, committed 7168K, reserved 1048576K
2023-10-03T08:29:51.073+0800: 1516.871: [GC (Allocation Failure) [PSYoungGen: 125728K->1248K(126464K)] 200654K->76206K(260608K), 0.0083721 secs] [Times: user=0.04 sys=0.00, real=0.01 secs] 
Heap after GC invocations=254 (full 0):
 PSYoungGen      total 126464K, used 1248K [0x00000000f8300000, 0x0000000100000000, 0x0000000100000000)
  eden space 124928K, 0% used [0x00000000f8300000,0x00000000f8300000,0x00000000ffd00000)
  from space 1536K, 81% used [0x00000000ffe80000,0x00000000fffb8000,0x0000000100000000)
  to   space 1536K, 0% used [0x00000000ffd00000,0x00000000ffd00000,0x00000000ffe80000)
 ParOldGen       total 134144K, used 74958K [0x00000000f0000000, 0x00000000f8300000, 0x00000000f8300000)
  object space 134144K, 55% used [0x00000000f0000000,0x00000000f4933818,0x00000000f8300000)
 Metaspace       used 53338K, capacity 56750K, committed 57088K, reserved 1099776K
  class space    used 6491K, capacity 7071K, committed 7168K, reserved 1048576K
}
{Heap before GC invocations=255 (full 0):
 PSYoungGen      total 126464K, used 126176K [0x00000000f8300000, 0x0000000100000000, 0x0000000100000000)
  eden space 124928K, 100% used [0x00000000f8300000,0x00000000ffd00000,0x00000000ffd00000)
  from space 1536K, 81% used [0x00000000ffe80000,0x00000000fffb8000,0x0000000100000000)
  to   space 1536K, 0% used [0x00000000ffd00000,0x00000000ffd00000,0x00000000ffe80000)
 ParOldGen       total 134144K, used 74958K [0x00000000f0000000, 0x00000000f8300000, 0x00000000f8300000)
  object space 134144K, 55% used [0x00000000f0000000,0x00000000f4933818,0x00000000f8300000)
 Metaspace       used 53338K, capacity 56750K, committed 57088K, reserved 1099776K
  class space    used 6491K, capacity 7071K, committed 7168K, reserved 1048576K
2023-10-03T08:29:55.190+0800: 1520.988: [GC (Allocation Failure) [PSYoungGen: 126176K->1280K(126464K)] 201134K->76238K(260608K), 0.0082725 secs] [Times: user=0.05 sys=0.00, real=0.00 secs] 
Heap after GC invocations=255 (full 0):
 PSYoungGen      total 126464K, used 1280K [0x00000000f8300000, 0x0000000100000000, 0x0000000100000000)
  eden space 124928K, 0% used [0x00000000f8300000,0x00000000f8300000,0x00000000ffd00000)
  from space 1536K, 83% used [0x00000000ffd00000,0x00000000ffe40000,0x00000000ffe80000)
  to   space 1536K, 0% used [0x00000000ffe80000,0x00000000ffe80000,0x0000000100000000)
 ParOldGen       total 134144K, used 74958K [0x00000000f0000000, 0x00000000f8300000, 0x00000000f8300000)
  object space 134144K, 55% used [0x00000000f0000000,0x00000000f4933818,0x00000000f8300000)
 Metaspace       used 53338K, capacity 56750K, committed 57088K, reserved 1099776K
  class space    used 6491K, capacity 7071K, committed 7168K, reserved 1048576K
}
{Heap before GC invocations=256 (full 0):
 PSYoungGen      total 126464K, used 126208K [0x00000000f8300000, 0x0000000100000000, 0x0000000100000000)
  eden space 124928K, 100% used [0x00000000f8300000,0x00000000ffd00000,0x00000000ffd00000)
  from space 1536K, 83% used [0x00000000ffd00000,0x00000000ffe40000,0x00000000ffe80000)
  to   space 1536K, 0% used [0x00000000ffe80000,0x00000000ffe80000,0x0000000100000000)
 ParOldGen       total 134144K, used 74958K [0x00000000f0000000, 0x00000000f8300000, 0x00000000f8300000)
  object space 134144K, 55% used [0x00000000f0000000,0x00000000f4933818,0x00000000f8300000)
 Metaspace       used 53339K, capacity 56750K, committed 57088K, reserved 1099776K
  class space    used 6491K, capacity 7071K, committed 7168K, reserved 1048576K
2023-10-03T08:29:59.435+0800: 1525.233: [GC (Allocation Failure) [PSYoungGen: 126208K->1280K(126464K)] 201166K->76254K(260608K), 0.0081734 secs] [Times: user=0.04 sys=0.00, real=0.01 secs] 
Heap after GC invocations=256 (full 0):
 PSYoungGen      total 126464K, used 1280K [0x00000000f8300000, 0x0000000100000000, 0x0000000100000000)
  eden space 124928K, 0% used [0x00000000f8300000,0x00000000f8300000,0x00000000ffd00000)
  from space 1536K, 83% used [0x00000000ffe80000,0x00000000fffc0000,0x0000000100000000)
  to   space 1536K, 0% used [0x00000000ffd00000,0x00000000ffd00000,0x00000000ffe80000)
 ParOldGen       total 134144K, used 74974K [0x00000000f0000000, 0x00000000f8300000, 0x00000000f8300000)
  object space 134144K, 55% used [0x00000000f0000000,0x00000000f4937818,0x00000000f8300000)
 Metaspace       used 53339K, capacity 56750K, committed 57088K, reserved 1099776K
  class space    used 6491K, capacity 7071K, committed 7168K, reserved 1048576K
}
{Heap before GC invocations=257 (full 0):
 PSYoungGen      total 126464K, used 126208K [0x00000000f8300000, 0x0000000100000000, 0x0000000100000000)
  eden space 124928K, 100% used [0x00000000f8300000,0x00000000ffd00000,0x00000000ffd00000)
  from space 1536K, 83% used [0x00000000ffe80000,0x00000000fffc0000,0x0000000100000000)
  to   space 1536K, 0% used [0x00000000ffd00000,0x00000000ffd00000,0x00000000ffe80000)
 ParOldGen       total 134144K, used 74974K [0x00000000f0000000, 0x00000000f8300000, 0x00000000f8300000)
  object space 134144K, 55% used [0x00000000f0000000,0x00000000f4937818,0x00000000f8300000)
 Metaspace       used 53339K, capacity 56750K, committed 57088K, reserved 1099776K
  class space    used 6491K, capacity 7071K, committed 7168K, reserved 1048576K
2023-10-03T08:30:03.506+0800: 1529.304: [GC (Allocation Failure) [PSYoungGen: 126208K->1248K(126464K)] 201182K->76254K(260608K), 0.0083412 secs] [Times: user=0.05 sys=0.00, real=0.01 secs] 
Heap after GC invocations=257 (full 0):
 PSYoungGen      total 126464K, used 1248K [0x00000000f8300000, 0x0000000100000000, 0x0000000100000000)
  eden space 124928K, 0% used [0x00000000f8300000,0x00000000f8300000,0x00000000ffd00000)
  from space 1536K, 81% used [0x00000000ffd00000,0x00000000ffe38000,0x00000000ffe80000)
  to   space 1536K, 0% used [0x00000000ffe80000,0x00000000ffe80000,0x0000000100000000)
 ParOldGen       total 134144K, used 75006K [0x00000000f0000000, 0x00000000f8300000, 0x00000000f8300000)
  object space 134144K, 55% used [0x00000000f0000000,0x00000000f493f818,0x00000000f8300000)
 Metaspace       used 53339K, capacity 56750K, committed 57088K, reserved 1099776K
  class space    used 6491K, capacity 7071K, committed 7168K, reserved 1048576K
}
{Heap before GC invocations=258 (full 0):
 PSYoungGen      total 126464K, used 126176K [0x00000000f8300000, 0x0000000100000000, 0x0000000100000000)
  eden space 124928K, 100% used [0x00000000f8300000,0x00000000ffd00000,0x00000000ffd00000)
  from space 1536K, 81% used [0x00000000ffd00000,0x00000000ffe38000,0x00000000ffe80000)
  to   space 1536K, 0% used [0x00000000ffe80000,0x00000000ffe80000,0x0000000100000000)
 ParOldGen       total 134144K, used 75006K [0x00000000f0000000, 0x00000000f8300000, 0x00000000f8300000)
  object space 134144K, 55% used [0x00000000f0000000,0x00000000f493f818,0x00000000f8300000)
 Metaspace       used 53340K, capacity 56750K, committed 57088K, reserved 1099776K
  class space    used 6491K, capacity 7071K, committed 7168K, reserved 1048576K
2023-10-03T08:30:07.574+0800: 1533.372: [GC (Allocation Failure) [PSYoungGen: 126176K->1280K(126464K)] 201182K->76350K(260608K), 0.0082707 secs] [Times: user=0.06 sys=0.00, real=0.01 secs] 
Heap after GC invocations=258 (full 0):
 PSYoungGen      total 126464K, used 1280K [0x00000000f8300000, 0x0000000100000000, 0x0000000100000000)
  eden space 124928K, 0% used [0x00000000f8300000,0x00000000f8300000,0x00000000ffd00000)
  from space 1536K, 83% used [0x00000000ffe80000,0x00000000fffc0000,0x0000000100000000)
  to   space 1536K, 0% used [0x00000000ffd00000,0x00000000ffd00000,0x00000000ffe80000)
 ParOldGen       total 134144K, used 75070K [0x00000000f0000000, 0x00000000f8300000, 0x00000000f8300000)
  object space 134144K, 55% used [0x00000000f0000000,0x00000000f494f818,0x00000000f8300000)
 Metaspace       used 53340K, capacity 56750K, committed 57088K, reserved 1099776K
  class space    used 6491K, capacity 7071K, committed 7168K, reserved 1048576K
}
{Heap before GC invocations=259 (full 0):
 PSYoungGen      total 126464K, used 126208K [0x00000000f8300000, 0x0000000100000000, 0x0000000100000000)
  eden space 124928K, 100% used [0x00000000f8300000,0x00000000ffd00000,0x00000000ffd00000)
  from space 1536K, 83% used [0x00000000ffe80000,0x00000000fffc0000,0x0000000100000000)
  to   space 1536K, 0% used [0x00000000ffd00000,0x00000000ffd00000,0x00000000ffe80000)
 ParOldGen       total 134144K, used 75070K [0x00000000f0000000, 0x00000000f8300000, 0x00000000f8300000)
  object space 134144K, 55% used [0x00000000f0000000,0x00000000f494f818,0x00000000f8300000)
 Metaspace       used 53340K, capacity 56750K, committed 57088K, reserved 1099776K
  class space    used 6491K, capacity 7071K, committed 7168K, reserved 1048576K
2023-10-03T08:30:11.791+0800: 1537.589: [GC (Allocation Failure) [PSYoungGen: 126208K->1312K(126464K)] 201278K->76446K(260608K), 0.0086441 secs] [Times: user=0.05 sys=0.00, real=0.01 secs] 
Heap after GC invocations=259 (full 0):
 PSYoungGen      total 126464K, used 1312K [0x00000000f8300000, 0x0000000100000000, 0x0000000100000000)
  eden space 124928K, 0% used [0x00000000f8300000,0x00000000f8300000,0x00000000ffd00000)
  from space 1536K, 85% used [0x00000000ffd00000,0x00000000ffe48000,0x00000000ffe80000)
  to   space 1536K, 0% used [0x00000000ffe80000,0x00000000ffe80000,0x0000000100000000)
 ParOldGen       total 134144K, used 75134K [0x00000000f0000000, 0x00000000f8300000, 0x00000000f8300000)
  object space 134144K, 56% used [0x00000000f0000000,0x00000000f495f818,0x00000000f8300000)
 Metaspace       used 53340K, capacity 56750K, committed 57088K, reserved 1099776K
  class space    used 6491K, capacity 7071K, committed 7168K, reserved 1048576K
}
{Heap before GC invocations=260 (full 0):
 PSYoungGen      total 126464K, used 126240K [0x00000000f8300000, 0x0000000100000000, 0x0000000100000000)
  eden space 124928K, 100% used [0x00000000f8300000,0x00000000ffd00000,0x00000000ffd00000)
  from space 1536K, 85% used [0x00000000ffd00000,0x00000000ffe48000,0x00000000ffe80000)
  to   space 1536K, 0% used [0x00000000ffe80000,0x00000000ffe80000,0x0000000100000000)
 ParOldGen       total 134144K, used 75134K [0x00000000f0000000, 0x00000000f8300000, 0x00000000f8300000)
  object space 134144K, 56% used [0x00000000f0000000,0x00000000f495f818,0x00000000f8300000)
 Metaspace       used 53342K, capacity 56750K, committed 57088K, reserved 1099776K
  class space    used 6491K, capacity 7071K, committed 7168K, reserved 1048576K
2023-10-03T08:30:15.927+0800: 1541.725: [GC (Allocation Failure) [PSYoungGen: 126240K->1280K(126464K)] 201374K->76430K(260608K), 0.0081621 secs] [Times: user=0.05 sys=0.00, real=0.01 secs] 
Heap after GC invocations=260 (full 0):
 PSYoungGen      total 126464K, used 1280K [0x00000000f8300000, 0x0000000100000000, 0x0000000100000000)
  eden space 124928K, 0% used [0x00000000f8300000,0x00000000f8300000,0x00000000ffd00000)
  from space 1536K, 83% used [0x00000000ffe80000,0x00000000fffc0000,0x0000000100000000)
  to   space 1536K, 0% used [0x00000000ffd00000,0x00000000ffd00000,0x00000000ffe80000)
 ParOldGen       total 134144K, used 75150K [0x00000000f0000000, 0x00000000f8300000, 0x00000000f8300000)
  object space 134144K, 56% used [0x00000000f0000000,0x00000000f4963818,0x00000000f8300000)
 Metaspace       used 53342K, capacity 56750K, committed 57088K, reserved 1099776K
  class space    used 6491K, capacity 7071K, committed 7168K, reserved 1048576K
}
{Heap before GC invocations=261 (full 0):
 PSYoungGen      total 126464K, used 126208K [0x00000000f8300000, 0x0000000100000000, 0x0000000100000000)
  eden space 124928K, 100% used [0x00000000f8300000,0x00000000ffd00000,0x00000000ffd00000)
  from space 1536K, 83% used [0x00000000ffe80000,0x00000000fffc0000,0x0000000100000000)
  to   space 1536K, 0% used [0x00000000ffd00000,0x00000000ffd00000,0x00000000ffe80000)
 ParOldGen       total 134144K, used 75150K [0x00000000f0000000, 0x00000000f8300000, 0x00000000f8300000)
  object space 134144K, 56% used [0x00000000f0000000,0x00000000f4963818,0x00000000f8300000)
 Metaspace       used 53348K, capacity 56750K, committed 57088K, reserved 1099776K
  class space    used 6491K, capacity 7071K, committed 7168K, reserved 1048576K
2023-10-03T08:30:20.152+0800: 1545.950: [GC (Allocation Failure) [PSYoungGen: 126208K->1248K(126464K)] 201358K->76446K(260608K), 0.0087142 secs] [Times: user=0.05 sys=0.00, real=0.01 secs] 
Heap after GC invocations=261 (full 0):
 PSYoungGen      total 126464K, used 1248K [0x00000000f8300000, 0x0000000100000000, 0x0000000100000000)
  eden space 124928K, 0% used [0x00000000f8300000,0x00000000f8300000,0x00000000ffd00000)
  from space 1536K, 81% used [0x00000000ffd00000,0x00000000ffe38000,0x00000000ffe80000)
  to   space 1536K, 0% used [0x00000000ffe80000,0x00000000ffe80000,0x0000000100000000)
 ParOldGen       total 134144K, used 75198K [0x00000000f0000000, 0x00000000f8300000, 0x00000000f8300000)
  object space 134144K, 56% used [0x00000000f0000000,0x00000000f496f818,0x00000000f8300000)
 Metaspace       used 53348K, capacity 56750K, committed 57088K, reserved 1099776K
  class space    used 6491K, capacity 7071K, committed 7168K, reserved 1048576K
}
{Heap before GC invocations=262 (full 0):
 PSYoungGen      total 126464K, used 126176K [0x00000000f8300000, 0x0000000100000000, 0x0000000100000000)
  eden space 124928K, 100% used [0x00000000f8300000,0x00000000ffd00000,0x00000000ffd00000)
  from space 1536K, 81% used [0x00000000ffd00000,0x00000000ffe38000,0x00000000ffe80000)
  to   space 1536K, 0% used [0x00000000ffe80000,0x00000000ffe80000,0x0000000100000000)
 ParOldGen       total 134144K, used 75198K [0x00000000f0000000, 0x00000000f8300000, 0x00000000f8300000)
  object space 134144K, 56% used [0x00000000f0000000,0x00000000f496f818,0x00000000f8300000)
 Metaspace       used 53348K, capacity 56750K, committed 57088K, reserved 1099776K
  class space    used 6491K, capacity 7071K, committed 7168K, reserved 1048576K
2023-10-03T08:30:24.219+0800: 1550.017: [GC (Allocation Failure) [PSYoungGen: 126176K->1344K(126464K)] 201374K->76558K(260608K), 0.0084457 secs] [Times: user=0.04 sys=0.01, real=0.00 secs] 
Heap after GC invocations=262 (full 0):
 PSYoungGen      total 126464K, used 1344K [0x00000000f8300000, 0x0000000100000000, 0x0000000100000000)
  eden space 124928K, 0% used [0x00000000f8300000,0x00000000f8300000,0x00000000ffd00000)
  from space 1536K, 87% used [0x00000000ffe80000,0x00000000fffd0000,0x0000000100000000)
  to   space 1536K, 0% used [0x00000000ffd00000,0x00000000ffd00000,0x00000000ffe80000)
 ParOldGen       total 134144K, used 75214K [0x00000000f0000000, 0x00000000f8300000, 0x00000000f8300000)
  object space 134144K, 56% used [0x00000000f0000000,0x00000000f4973818,0x00000000f8300000)
 Metaspace       used 53348K, capacity 56750K, committed 57088K, reserved 1099776K
  class space    used 6491K, capacity 7071K, committed 7168K, reserved 1048576K
}
{Heap before GC invocations=263 (full 0):
 PSYoungGen      total 126464K, used 126272K [0x00000000f8300000, 0x0000000100000000, 0x0000000100000000)
  eden space 124928K, 100% used [0x00000000f8300000,0x00000000ffd00000,0x00000000ffd00000)
  from space 1536K, 87% used [0x00000000ffe80000,0x00000000fffd0000,0x0000000100000000)
  to   space 1536K, 0% used [0x00000000ffd00000,0x00000000ffd00000,0x00000000ffe80000)
 ParOldGen       total 134144K, used 75214K [0x00000000f0000000, 0x00000000f8300000, 0x00000000f8300000)
  object space 134144K, 56% used [0x00000000f0000000,0x00000000f4973818,0x00000000f8300000)
 Metaspace       used 53348K, capacity 56750K, committed 57088K, reserved 1099776K
  class space    used 6491K, capacity 7071K, committed 7168K, reserved 1048576K
2023-10-03T08:30:28.423+0800: 1554.221: [GC (Allocation Failure) [PSYoungGen: 126272K->1312K(126464K)] 201486K->76534K(260608K), 0.0019767 secs] [Times: user=0.00 sys=0.00, real=0.00 secs] 
Heap after GC invocations=263 (full 0):
 PSYoungGen      total 126464K, used 1312K [0x00000000f8300000, 0x0000000100000000, 0x0000000100000000)
  eden space 124928K, 0% used [0x00000000f8300000,0x00000000f8300000,0x00000000ffd00000)
  from space 1536K, 85% used [0x00000000ffd00000,0x00000000ffe48000,0x00000000ffe80000)
  to   space 1536K, 0% used [0x00000000ffe80000,0x00000000ffe80000,0x0000000100000000)
 ParOldGen       total 134144K, used 75222K [0x00000000f0000000, 0x00000000f8300000, 0x00000000f8300000)
  object space 134144K, 56% used [0x00000000f0000000,0x00000000f4975818,0x00000000f8300000)
 Metaspace       used 53348K, capacity 56750K, committed 57088K, reserved 1099776K
  class space    used 6491K, capacity 7071K, committed 7168K, reserved 1048576K
}
{Heap before GC invocations=264 (full 0):
 PSYoungGen      total 126464K, used 126240K [0x00000000f8300000, 0x0000000100000000, 0x0000000100000000)
  eden space 124928K, 100% used [0x00000000f8300000,0x00000000ffd00000,0x00000000ffd00000)
  from space 1536K, 85% used [0x00000000ffd00000,0x00000000ffe48000,0x00000000ffe80000)
  to   space 1536K, 0% used [0x00000000ffe80000,0x00000000ffe80000,0x0000000100000000)
 ParOldGen       total 134144K, used 75222K [0x00000000f0000000, 0x00000000f8300000, 0x00000000f8300000)
  object space 134144K, 56% used [0x00000000f0000000,0x00000000f4975818,0x00000000f8300000)
 Metaspace       used 53348K, capacity 56750K, committed 57088K, reserved 1099776K
  class space    used 6491K, capacity 7071K, committed 7168K, reserved 1048576K
2023-10-03T08:30:32.537+0800: 1558.335: [GC (Allocation Failure) [PSYoungGen: 126240K->1248K(126464K)] 201462K->76486K(260608K), 0.0059395 secs] [Times: user=0.04 sys=0.00, real=0.01 secs] 
Heap after GC invocations=264 (full 0):
 PSYoungGen      total 126464K, used 1248K [0x00000000f8300000, 0x0000000100000000, 0x0000000100000000)
  eden space 124928K, 0% used [0x00000000f8300000,0x00000000f8300000,0x00000000ffd00000)
  from space 1536K, 81% used [0x00000000ffe80000,0x00000000fffb8000,0x0000000100000000)
  to   space 1536K, 0% used [0x00000000ffd00000,0x00000000ffd00000,0x00000000ffe80000)
 ParOldGen       total 134144K, used 75238K [0x00000000f0000000, 0x00000000f8300000, 0x00000000f8300000)
  object space 134144K, 56% used [0x00000000f0000000,0x00000000f4979818,0x00000000f8300000)
 Metaspace       used 53348K, capacity 56750K, committed 57088K, reserved 1099776K
  class space    used 6491K, capacity 7071K, committed 7168K, reserved 1048576K
}
{Heap before GC invocations=265 (full 0):
 PSYoungGen      total 126464K, used 126176K [0x00000000f8300000, 0x0000000100000000, 0x0000000100000000)
  eden space 124928K, 100% used [0x00000000f8300000,0x00000000ffd00000,0x00000000ffd00000)
  from space 1536K, 81% used [0x00000000ffe80000,0x00000000fffb8000,0x0000000100000000)
  to   space 1536K, 0% used [0x00000000ffd00000,0x00000000ffd00000,0x00000000ffe80000)
 ParOldGen       total 134144K, used 75238K [0x00000000f0000000, 0x00000000f8300000, 0x00000000f8300000)
  object space 134144K, 56% used [0x00000000f0000000,0x00000000f4979818,0x00000000f8300000)
 Metaspace       used 53348K, capacity 56750K, committed 57088K, reserved 1099776K
  class space    used 6491K, capacity 7071K, committed 7168K, reserved 1048576K
2023-10-03T08:30:36.811+0800: 1562.609: [GC (Allocation Failure) [PSYoungGen: 126176K->1312K(126464K)] 201414K->76622K(260608K), 0.0063014 secs] [Times: user=0.05 sys=0.00, real=0.00 secs] 
Heap after GC invocations=265 (full 0):
 PSYoungGen      total 126464K, used 1312K [0x00000000f8300000, 0x0000000100000000, 0x0000000100000000)
  eden space 124928K, 0% used [0x00000000f8300000,0x00000000f8300000,0x00000000ffd00000)
  from space 1536K, 85% used [0x00000000ffd00000,0x00000000ffe48000,0x00000000ffe80000)
  to   space 1536K, 0% used [0x00000000ffe80000,0x00000000ffe80000,0x0000000100000000)
 ParOldGen       total 134144K, used 75310K [0x00000000f0000000, 0x00000000f8300000, 0x00000000f8300000)
  object space 134144K, 56% used [0x00000000f0000000,0x00000000f498b818,0x00000000f8300000)
 Metaspace       used 53348K, capacity 56750K, committed 57088K, reserved 1099776K
  class space    used 6491K, capacity 7071K, committed 7168K, reserved 1048576K
}
{Heap before GC invocations=266 (full 0):
 PSYoungGen      total 126464K, used 126240K [0x00000000f8300000, 0x0000000100000000, 0x0000000100000000)
  eden space 124928K, 100% used [0x00000000f8300000,0x00000000ffd00000,0x00000000ffd00000)
  from space 1536K, 85% used [0x00000000ffd00000,0x00000000ffe48000,0x00000000ffe80000)
  to   space 1536K, 0% used [0x00000000ffe80000,0x00000000ffe80000,0x0000000100000000)
 ParOldGen       total 134144K, used 75310K [0x00000000f0000000, 0x00000000f8300000, 0x00000000f8300000)
  object space 134144K, 56% used [0x00000000f0000000,0x00000000f498b818,0x00000000f8300000)
 Metaspace       used 53348K, capacity 56750K, committed 57088K, reserved 1099776K
  class space    used 6491K, capacity 7071K, committed 7168K, reserved 1048576K
2023-10-03T08:30:40.873+0800: 1566.671: [GC (Allocation Failure) [PSYoungGen: 126240K->1536K(126464K)] 201550K->76894K(260608K), 0.0086900 secs] [Times: user=0.05 sys=0.01, real=0.01 secs] 
Heap after GC invocations=266 (full 0):
 PSYoungGen      total 126464K, used 1536K [0x00000000f8300000, 0x0000000100000000, 0x0000000100000000)
  eden space 124928K, 0% used [0x00000000f8300000,0x00000000f8300000,0x00000000ffd00000)
  from space 1536K, 100% used [0x00000000ffe80000,0x0000000100000000,0x0000000100000000)
  to   space 1536K, 0% used [0x00000000ffd00000,0x00000000ffd00000,0x00000000ffe80000)
 ParOldGen       total 134144K, used 75358K [0x00000000f0000000, 0x00000000f8300000, 0x00000000f8300000)
  object space 134144K, 56% used [0x00000000f0000000,0x00000000f4997818,0x00000000f8300000)
 Metaspace       used 53348K, capacity 56750K, committed 57088K, reserved 1099776K
  class space    used 6491K, capacity 7071K, committed 7168K, reserved 1048576K
}
{Heap before GC invocations=267 (full 0):
 PSYoungGen      total 126464K, used 126464K [0x00000000f8300000, 0x0000000100000000, 0x0000000100000000)
  eden space 124928K, 100% used [0x00000000f8300000,0x00000000ffd00000,0x00000000ffd00000)
  from space 1536K, 100% used [0x00000000ffe80000,0x0000000100000000,0x0000000100000000)
  to   space 1536K, 0% used [0x00000000ffd00000,0x00000000ffd00000,0x00000000ffe80000)
 ParOldGen       total 134144K, used 75358K [0x00000000f0000000, 0x00000000f8300000, 0x00000000f8300000)
  object space 134144K, 56% used [0x00000000f0000000,0x00000000f4997818,0x00000000f8300000)
 Metaspace       used 53349K, capacity 56750K, committed 57088K, reserved 1099776K
  class space    used 6491K, capacity 7071K, committed 7168K, reserved 1048576K
2023-10-03T08:30:44.935+0800: 1570.733: [GC (Allocation Failure) [PSYoungGen: 126464K->1536K(126464K)] 201822K->77270K(260608K), 0.0085009 secs] [Times: user=0.05 sys=0.01, real=0.01 secs] 
Heap after GC invocations=267 (full 0):
 PSYoungGen      total 126464K, used 1536K [0x00000000f8300000, 0x0000000100000000, 0x0000000100000000)
  eden space 124928K, 0% used [0x00000000f8300000,0x00000000f8300000,0x00000000ffd00000)
  from space 1536K, 100% used [0x00000000ffd00000,0x00000000ffe80000,0x00000000ffe80000)
  to   space 1536K, 0% used [0x00000000ffe80000,0x00000000ffe80000,0x0000000100000000)
 ParOldGen       total 134144K, used 75734K [0x00000000f0000000, 0x00000000f8300000, 0x00000000f8300000)
  object space 134144K, 56% used [0x00000000f0000000,0x00000000f49f5818,0x00000000f8300000)
 Metaspace       used 53349K, capacity 56750K, committed 57088K, reserved 1099776K
  class space    used 6491K, capacity 7071K, committed 7168K, reserved 1048576K
}
{Heap before GC invocations=268 (full 0):
 PSYoungGen      total 126464K, used 126464K [0x00000000f8300000, 0x0000000100000000, 0x0000000100000000)
  eden space 124928K, 100% used [0x00000000f8300000,0x00000000ffd00000,0x00000000ffd00000)
  from space 1536K, 100% used [0x00000000ffd00000,0x00000000ffe80000,0x00000000ffe80000)
  to   space 1536K, 0% used [0x00000000ffe80000,0x00000000ffe80000,0x0000000100000000)
 ParOldGen       total 134144K, used 75734K [0x00000000f0000000, 0x00000000f8300000, 0x00000000f8300000)
  object space 134144K, 56% used [0x00000000f0000000,0x00000000f49f5818,0x00000000f8300000)
 Metaspace       used 53349K, capacity 56750K, committed 57088K, reserved 1099776K
  class space    used 6491K, capacity 7071K, committed 7168K, reserved 1048576K
2023-10-03T08:30:49.119+0800: 1574.917: [GC (Allocation Failure) [PSYoungGen: 126464K->1312K(125440K)] 202198K->77470K(259584K), 0.0099290 secs] [Times: user=0.07 sys=0.00, real=0.01 secs] 
Heap after GC invocations=268 (full 0):
 PSYoungGen      total 125440K, used 1312K [0x00000000f8300000, 0x0000000100000000, 0x0000000100000000)
  eden space 123904K, 0% used [0x00000000f8300000,0x00000000f8300000,0x00000000ffc00000)
  from space 1536K, 85% used [0x00000000ffe80000,0x00000000fffc8000,0x0000000100000000)
  to   space 2048K, 0% used [0x00000000ffc00000,0x00000000ffc00000,0x00000000ffe00000)
 ParOldGen       total 134144K, used 76158K [0x00000000f0000000, 0x00000000f8300000, 0x00000000f8300000)
  object space 134144K, 56% used [0x00000000f0000000,0x00000000f4a5f818,0x00000000f8300000)
 Metaspace       used 53349K, capacity 56750K, committed 57088K, reserved 1099776K
  class space    used 6491K, capacity 7071K, committed 7168K, reserved 1048576K
}
{Heap before GC invocations=269 (full 0):
 PSYoungGen      total 125440K, used 125216K [0x00000000f8300000, 0x0000000100000000, 0x0000000100000000)
  eden space 123904K, 100% used [0x00000000f8300000,0x00000000ffc00000,0x00000000ffc00000)
  from space 1536K, 85% used [0x00000000ffe80000,0x00000000fffc8000,0x0000000100000000)
  to   space 2048K, 0% used [0x00000000ffc00000,0x00000000ffc00000,0x00000000ffe00000)
 ParOldGen       total 134144K, used 76158K [0x00000000f0000000, 0x00000000f8300000, 0x00000000f8300000)
  object space 134144K, 56% used [0x00000000f0000000,0x00000000f4a5f818,0x00000000f8300000)
 Metaspace       used 53349K, capacity 56750K, committed 57088K, reserved 1099776K
  class space    used 6491K, capacity 7071K, committed 7168K, reserved 1048576K
2023-10-03T08:30:53.235+0800: 1579.033: [GC (Allocation Failure) [PSYoungGen: 125216K->1312K(125952K)] 201374K->77518K(260096K), 0.0081643 secs] [Times: user=0.05 sys=0.00, real=0.01 secs] 
Heap after GC invocations=269 (full 0):
 PSYoungGen      total 125952K, used 1312K [0x00000000f8300000, 0x0000000100000000, 0x0000000100000000)
  eden space 123904K, 0% used [0x00000000f8300000,0x00000000f8300000,0x00000000ffc00000)
  from space 2048K, 64% used [0x00000000ffc00000,0x00000000ffd48000,0x00000000ffe00000)
  to   space 2048K, 0% used [0x00000000ffe00000,0x00000000ffe00000,0x0000000100000000)
 ParOldGen       total 134144K, used 76206K [0x00000000f0000000, 0x00000000f8300000, 0x00000000f8300000)
  object space 134144K, 56% used [0x00000000f0000000,0x00000000f4a6b818,0x00000000f8300000)
 Metaspace       used 53349K, capacity 56750K, committed 57088K, reserved 1099776K
  class space    used 6491K, capacity 7071K, committed 7168K, reserved 1048576K
}
{Heap before GC invocations=270 (full 0):
 PSYoungGen      total 125952K, used 125216K [0x00000000f8300000, 0x0000000100000000, 0x0000000100000000)
  eden space 123904K, 100% used [0x00000000f8300000,0x00000000ffc00000,0x00000000ffc00000)
  from space 2048K, 64% used [0x00000000ffc00000,0x00000000ffd48000,0x00000000ffe00000)
  to   space 2048K, 0% used [0x00000000ffe00000,0x00000000ffe00000,0x0000000100000000)
 ParOldGen       total 134144K, used 76206K [0x00000000f0000000, 0x00000000f8300000, 0x00000000f8300000)
  object space 134144K, 56% used [0x00000000f0000000,0x00000000f4a6b818,0x00000000f8300000)
 Metaspace       used 53349K, capacity 56750K, committed 57088K, reserved 1099776K
  class space    used 6491K, capacity 7071K, committed 7168K, reserved 1048576K
2023-10-03T08:30:57.516+0800: 1583.314: [GC (Allocation Failure) [PSYoungGen: 125216K->1248K(125952K)] 201422K->77510K(260096K), 0.0084496 secs] [Times: user=0.05 sys=0.01, real=0.01 secs] 
Heap after GC invocations=270 (full 0):
 PSYoungGen      total 125952K, used 1248K [0x00000000f8300000, 0x0000000100000000, 0x0000000100000000)
  eden space 123904K, 0% used [0x00000000f8300000,0x00000000f8300000,0x00000000ffc00000)
  from space 2048K, 60% used [0x00000000ffe00000,0x00000000fff38000,0x0000000100000000)
  to   space 2048K, 0% used [0x00000000ffc00000,0x00000000ffc00000,0x00000000ffe00000)
 ParOldGen       total 134144K, used 76262K [0x00000000f0000000, 0x00000000f8300000, 0x00000000f8300000)
  object space 134144K, 56% used [0x00000000f0000000,0x00000000f4a79818,0x00000000f8300000)
 Metaspace       used 53349K, capacity 56750K, committed 57088K, reserved 1099776K
  class space    used 6491K, capacity 7071K, committed 7168K, reserved 1048576K
}
{Heap before GC invocations=271 (full 0):
 PSYoungGen      total 125952K, used 125152K [0x00000000f8300000, 0x0000000100000000, 0x0000000100000000)
  eden space 123904K, 100% used [0x00000000f8300000,0x00000000ffc00000,0x00000000ffc00000)
  from space 2048K, 60% used [0x00000000ffe00000,0x00000000fff38000,0x0000000100000000)
  to   space 2048K, 0% used [0x00000000ffc00000,0x00000000ffc00000,0x00000000ffe00000)
 ParOldGen       total 134144K, used 76262K [0x00000000f0000000, 0x00000000f8300000, 0x00000000f8300000)
  object space 134144K, 56% used [0x00000000f0000000,0x00000000f4a79818,0x00000000f8300000)
 Metaspace       used 53349K, capacity 56750K, committed 57088K, reserved 1099776K
  class space    used 6491K, capacity 7071K, committed 7168K, reserved 1048576K
2023-10-03T08:31:01.576+0800: 1587.374: [GC (Allocation Failure) [PSYoungGen: 125152K->1280K(125952K)] 201414K->77558K(260096K), 0.0083443 secs] [Times: user=0.05 sys=0.00, real=0.01 secs] 
Heap after GC invocations=271 (full 0):
 PSYoungGen      total 125952K, used 1280K [0x00000000f8300000, 0x0000000100000000, 0x0000000100000000)
  eden space 123904K, 0% used [0x00000000f8300000,0x00000000f8300000,0x00000000ffc00000)
  from space 2048K, 62% used [0x00000000ffc00000,0x00000000ffd40000,0x00000000ffe00000)
  to   space 2048K, 0% used [0x00000000ffe00000,0x00000000ffe00000,0x0000000100000000)
 ParOldGen       total 134144K, used 76278K [0x00000000f0000000, 0x00000000f8300000, 0x00000000f8300000)
  object space 134144K, 56% used [0x00000000f0000000,0x00000000f4a7d818,0x00000000f8300000)
 Metaspace       used 53349K, capacity 56750K, committed 57088K, reserved 1099776K
  class space    used 6491K, capacity 7071K, committed 7168K, reserved 1048576K
}
{Heap before GC invocations=272 (full 0):
 PSYoungGen      total 125952K, used 125184K [0x00000000f8300000, 0x0000000100000000, 0x0000000100000000)
  eden space 123904K, 100% used [0x00000000f8300000,0x00000000ffc00000,0x00000000ffc00000)
  from space 2048K, 62% used [0x00000000ffc00000,0x00000000ffd40000,0x00000000ffe00000)
  to   space 2048K, 0% used [0x00000000ffe00000,0x00000000ffe00000,0x0000000100000000)
 ParOldGen       total 134144K, used 76278K [0x00000000f0000000, 0x00000000f8300000, 0x00000000f8300000)
  object space 134144K, 56% used [0x00000000f0000000,0x00000000f4a7d818,0x00000000f8300000)
 Metaspace       used 53349K, capacity 56750K, committed 57088K, reserved 1099776K
  class space    used 6491K, capacity 7071K, committed 7168K, reserved 1048576K
2023-10-03T08:31:05.637+0800: 1591.435: [GC (Allocation Failure) [PSYoungGen: 125184K->1248K(125952K)] 201462K->77606K(260096K), 0.0076919 secs] [Times: user=0.05 sys=0.01, real=0.01 secs] 
Heap after GC invocations=272 (full 0):
 PSYoungGen      total 125952K, used 1248K [0x00000000f8300000, 0x0000000100000000, 0x0000000100000000)
  eden space 123904K, 0% used [0x00000000f8300000,0x00000000f8300000,0x00000000ffc00000)
  from space 2048K, 60% used [0x00000000ffe00000,0x00000000fff38000,0x0000000100000000)
  to   space 2048K, 0% used [0x00000000ffc00000,0x00000000ffc00000,0x00000000ffe00000)
 ParOldGen       total 134144K, used 76358K [0x00000000f0000000, 0x00000000f8300000, 0x00000000f8300000)
  object space 134144K, 56% used [0x00000000f0000000,0x00000000f4a91818,0x00000000f8300000)
 Metaspace       used 53349K, capacity 56750K, committed 57088K, reserved 1099776K
  class space    used 6491K, capacity 7071K, committed 7168K, reserved 1048576K
}
{Heap before GC invocations=273 (full 0):
 PSYoungGen      total 125952K, used 125152K [0x00000000f8300000, 0x0000000100000000, 0x0000000100000000)
  eden space 123904K, 100% used [0x00000000f8300000,0x00000000ffc00000,0x00000000ffc00000)
  from space 2048K, 60% used [0x00000000ffe00000,0x00000000fff38000,0x0000000100000000)
  to   space 2048K, 0% used [0x00000000ffc00000,0x00000000ffc00000,0x00000000ffe00000)
 ParOldGen       total 134144K, used 76358K [0x00000000f0000000, 0x00000000f8300000, 0x00000000f8300000)
  object space 134144K, 56% used [0x00000000f0000000,0x00000000f4a91818,0x00000000f8300000)
 Metaspace       used 53349K, capacity 56750K, committed 57088K, reserved 1099776K
  class space    used 6491K, capacity 7071K, committed 7168K, reserved 1048576K
2023-10-03T08:31:09.700+0800: 1595.498: [GC (Allocation Failure) [PSYoungGen: 125152K->1280K(125952K)] 201510K->77678K(260096K), 0.0081409 secs] [Times: user=0.05 sys=0.00, real=0.00 secs] 
Heap after GC invocations=273 (full 0):
 PSYoungGen      total 125952K, used 1280K [0x00000000f8300000, 0x0000000100000000, 0x0000000100000000)
  eden space 123904K, 0% used [0x00000000f8300000,0x00000000f8300000,0x00000000ffc00000)
  from space 2048K, 62% used [0x00000000ffc00000,0x00000000ffd40000,0x00000000ffe00000)
  to   space 2048K, 0% used [0x00000000ffe00000,0x00000000ffe00000,0x0000000100000000)
 ParOldGen       total 134144K, used 76398K [0x00000000f0000000, 0x00000000f8300000, 0x00000000f8300000)
  object space 134144K, 56% used [0x00000000f0000000,0x00000000f4a9b818,0x00000000f8300000)
 Metaspace       used 53349K, capacity 56750K, committed 57088K, reserved 1099776K
  class space    used 6491K, capacity 7071K, committed 7168K, reserved 1048576K
}
{Heap before GC invocations=274 (full 0):
 PSYoungGen      total 125952K, used 125184K [0x00000000f8300000, 0x0000000100000000, 0x0000000100000000)
  eden space 123904K, 100% used [0x00000000f8300000,0x00000000ffc00000,0x00000000ffc00000)
  from space 2048K, 62% used [0x00000000ffc00000,0x00000000ffd40000,0x00000000ffe00000)
  to   space 2048K, 0% used [0x00000000ffe00000,0x00000000ffe00000,0x0000000100000000)
 ParOldGen       total 134144K, used 76398K [0x00000000f0000000, 0x00000000f8300000, 0x00000000f8300000)
  object space 134144K, 56% used [0x00000000f0000000,0x00000000f4a9b818,0x00000000f8300000)
 Metaspace       used 53349K, capacity 56750K, committed 57088K, reserved 1099776K
  class space    used 6491K, capacity 7071K, committed 7168K, reserved 1048576K
2023-10-03T08:31:13.836+0800: 1599.634: [GC (Allocation Failure) [PSYoungGen: 125184K->1312K(125952K)] 201582K->77734K(260096K), 0.0081357 secs] [Times: user=0.05 sys=0.01, real=0.01 secs] 
Heap after GC invocations=274 (full 0):
 PSYoungGen      total 125952K, used 1312K [0x00000000f8300000, 0x0000000100000000, 0x0000000100000000)
  eden space 123904K, 0% used [0x00000000f8300000,0x00000000f8300000,0x00000000ffc00000)
  from space 2048K, 64% used [0x00000000ffe00000,0x00000000fff48000,0x0000000100000000)
  to   space 2048K, 0% used [0x00000000ffc00000,0x00000000ffc00000,0x00000000ffe00000)
 ParOldGen       total 134144K, used 76422K [0x00000000f0000000, 0x00000000f8300000, 0x00000000f8300000)
  object space 134144K, 56% used [0x00000000f0000000,0x00000000f4aa1818,0x00000000f8300000)
 Metaspace       used 53349K, capacity 56750K, committed 57088K, reserved 1099776K
  class space    used 6491K, capacity 7071K, committed 7168K, reserved 1048576K
}
{Heap before GC invocations=275 (full 0):
 PSYoungGen      total 125952K, used 125216K [0x00000000f8300000, 0x0000000100000000, 0x0000000100000000)
  eden space 123904K, 100% used [0x00000000f8300000,0x00000000ffc00000,0x00000000ffc00000)
  from space 2048K, 64% used [0x00000000ffe00000,0x00000000fff48000,0x0000000100000000)
  to   space 2048K, 0% used [0x00000000ffc00000,0x00000000ffc00000,0x00000000ffe00000)
 ParOldGen       total 134144K, used 76422K [0x00000000f0000000, 0x00000000f8300000, 0x00000000f8300000)
  object space 134144K, 56% used [0x00000000f0000000,0x00000000f4aa1818,0x00000000f8300000)
 Metaspace       used 53349K, capacity 56750K, committed 57088K, reserved 1099776K
  class space    used 6491K, capacity 7071K, committed 7168K, reserved 1048576K
2023-10-03T08:31:17.929+0800: 1603.727: [GC (Allocation Failure) [PSYoungGen: 125216K->1280K(125952K)] 201638K->77750K(260096K), 0.0083965 secs] [Times: user=0.05 sys=0.00, real=0.00 secs] 
Heap after GC invocations=275 (full 0):
 PSYoungGen      total 125952K, used 1280K [0x00000000f8300000, 0x0000000100000000, 0x0000000100000000)
  eden space 123904K, 0% used [0x00000000f8300000,0x00000000f8300000,0x00000000ffc00000)
  from space 2048K, 62% used [0x00000000ffc00000,0x00000000ffd40000,0x00000000ffe00000)
  to   space 2048K, 0% used [0x00000000ffe00000,0x00000000ffe00000,0x0000000100000000)
 ParOldGen       total 134144K, used 76470K [0x00000000f0000000, 0x00000000f8300000, 0x00000000f8300000)
  object space 134144K, 57% used [0x00000000f0000000,0x00000000f4aad818,0x00000000f8300000)
 Metaspace       used 53349K, capacity 56750K, committed 57088K, reserved 1099776K
  class space    used 6491K, capacity 7071K, committed 7168K, reserved 1048576K
}
{Heap before GC invocations=276 (full 0):
 PSYoungGen      total 125952K, used 125184K [0x00000000f8300000, 0x0000000100000000, 0x0000000100000000)
  eden space 123904K, 100% used [0x00000000f8300000,0x00000000ffc00000,0x00000000ffc00000)
  from space 2048K, 62% used [0x00000000ffc00000,0x00000000ffd40000,0x00000000ffe00000)
  to   space 2048K, 0% used [0x00000000ffe00000,0x00000000ffe00000,0x0000000100000000)
 ParOldGen       total 134144K, used 76470K [0x00000000f0000000, 0x00000000f8300000, 0x00000000f8300000)
  object space 134144K, 57% used [0x00000000f0000000,0x00000000f4aad818,0x00000000f8300000)
 Metaspace       used 53349K, capacity 56750K, committed 57088K, reserved 1099776K
  class space    used 6491K, capacity 7071K, committed 7168K, reserved 1048576K
2023-10-03T08:31:22.259+0800: 1608.057: [GC (Allocation Failure) [PSYoungGen: 125184K->1216K(125952K)] 201654K->77750K(260096K), 0.0083695 secs] [Times: user=0.05 sys=0.00, real=0.01 secs] 
Heap after GC invocations=276 (full 0):
 PSYoungGen      total 125952K, used 1216K [0x00000000f8300000, 0x0000000100000000, 0x0000000100000000)
  eden space 123904K, 0% used [0x00000000f8300000,0x00000000f8300000,0x00000000ffc00000)
  from space 2048K, 59% used [0x00000000ffe00000,0x00000000fff30000,0x0000000100000000)
  to   space 2048K, 0% used [0x00000000ffc00000,0x00000000ffc00000,0x00000000ffe00000)
 ParOldGen       total 134144K, used 76534K [0x00000000f0000000, 0x00000000f8300000, 0x00000000f8300000)
  object space 134144K, 57% used [0x00000000f0000000,0x00000000f4abd818,0x00000000f8300000)
 Metaspace       used 53349K, capacity 56750K, committed 57088K, reserved 1099776K
  class space    used 6491K, capacity 7071K, committed 7168K, reserved 1048576K
}
{Heap before GC invocations=277 (full 0):
 PSYoungGen      total 125952K, used 125120K [0x00000000f8300000, 0x0000000100000000, 0x0000000100000000)
  eden space 123904K, 100% used [0x00000000f8300000,0x00000000ffc00000,0x00000000ffc00000)
  from space 2048K, 59% used [0x00000000ffe00000,0x00000000fff30000,0x0000000100000000)
  to   space 2048K, 0% used [0x00000000ffc00000,0x00000000ffc00000,0x00000000ffe00000)
 ParOldGen       total 134144K, used 76534K [0x00000000f0000000, 0x00000000f8300000, 0x00000000f8300000)
  object space 134144K, 57% used [0x00000000f0000000,0x00000000f4abd818,0x00000000f8300000)
 Metaspace       used 53349K, capacity 56750K, committed 57088K, reserved 1099776K
  class space    used 6491K, capacity 7071K, committed 7168K, reserved 1048576K
2023-10-03T08:31:26.322+0800: 1612.120: [GC (Allocation Failure) [PSYoungGen: 125120K->1248K(125952K)] 201654K->77830K(260096K), 0.0083728 secs] [Times: user=0.05 sys=0.00, real=0.01 secs] 
Heap after GC invocations=277 (full 0):
 PSYoungGen      total 125952K, used 1248K [0x00000000f8300000, 0x0000000100000000, 0x0000000100000000)
  eden space 123904K, 0% used [0x00000000f8300000,0x00000000f8300000,0x00000000ffc00000)
  from space 2048K, 60% used [0x00000000ffc00000,0x00000000ffd38000,0x00000000ffe00000)
  to   space 2048K, 0% used [0x00000000ffe00000,0x00000000ffe00000,0x0000000100000000)
 ParOldGen       total 134144K, used 76582K [0x00000000f0000000, 0x00000000f8300000, 0x00000000f8300000)
  object space 134144K, 57% used [0x00000000f0000000,0x00000000f4ac9818,0x00000000f8300000)
 Metaspace       used 53349K, capacity 56750K, committed 57088K, reserved 1099776K
  class space    used 6491K, capacity 7071K, committed 7168K, reserved 1048576K
}
{Heap before GC invocations=278 (full 0):
 PSYoungGen      total 125952K, used 125152K [0x00000000f8300000, 0x0000000100000000, 0x0000000100000000)
  eden space 123904K, 100% used [0x00000000f8300000,0x00000000ffc00000,0x00000000ffc00000)
  from space 2048K, 60% used [0x00000000ffc00000,0x00000000ffd38000,0x00000000ffe00000)
  to   space 2048K, 0% used [0x00000000ffe00000,0x00000000ffe00000,0x0000000100000000)
 ParOldGen       total 134144K, used 76582K [0x00000000f0000000, 0x00000000f8300000, 0x00000000f8300000)
  object space 134144K, 57% used [0x00000000f0000000,0x00000000f4ac9818,0x00000000f8300000)
 Metaspace       used 53349K, capacity 56750K, committed 57088K, reserved 1099776K
  class space    used 6491K, capacity 7071K, committed 7168K, reserved 1048576K
2023-10-03T08:31:30.381+0800: 1616.179: [GC (Allocation Failure) [PSYoungGen: 125152K->1248K(126464K)] 201734K->77870K(260608K), 0.0088919 secs] [Times: user=0.06 sys=0.00, real=0.01 secs] 
Heap after GC invocations=278 (full 0):
 PSYoungGen      total 126464K, used 1248K [0x00000000f8300000, 0x0000000100000000, 0x0000000100000000)
  eden space 124416K, 0% used [0x00000000f8300000,0x00000000f8300000,0x00000000ffc80000)
  from space 2048K, 60% used [0x00000000ffe00000,0x00000000fff38000,0x0000000100000000)
  to   space 1536K, 0% used [0x00000000ffc80000,0x00000000ffc80000,0x00000000ffe00000)
 ParOldGen       total 134144K, used 76622K [0x00000000f0000000, 0x00000000f8300000, 0x00000000f8300000)
  object space 134144K, 57% used [0x00000000f0000000,0x00000000f4ad3818,0x00000000f8300000)
 Metaspace       used 53349K, capacity 56750K, committed 57088K, reserved 1099776K
  class space    used 6491K, capacity 7071K, committed 7168K, reserved 1048576K
}
{Heap before GC invocations=279 (full 0):
 PSYoungGen      total 126464K, used 125664K [0x00000000f8300000, 0x0000000100000000, 0x0000000100000000)
  eden space 124416K, 100% used [0x00000000f8300000,0x00000000ffc80000,0x00000000ffc80000)
  from space 2048K, 60% used [0x00000000ffe00000,0x00000000fff38000,0x0000000100000000)
  to   space 1536K, 0% used [0x00000000ffc80000,0x00000000ffc80000,0x00000000ffe00000)
 ParOldGen       total 134144K, used 76622K [0x00000000f0000000, 0x00000000f8300000, 0x00000000f8300000)
  object space 134144K, 57% used [0x00000000f0000000,0x00000000f4ad3818,0x00000000f8300000)
 Metaspace       used 53349K, capacity 56750K, committed 57088K, reserved 1099776K
  class space    used 6491K, capacity 7071K, committed 7168K, reserved 1048576K
2023-10-03T08:31:34.444+0800: 1620.242: [GC (Allocation Failure) [PSYoungGen: 125664K->1472K(125952K)] 202286K->78158K(260096K), 0.0085159 secs] [Times: user=0.04 sys=0.01, real=0.01 secs] 
Heap after GC invocations=279 (full 0):
 PSYoungGen      total 125952K, used 1472K [0x00000000f8300000, 0x0000000100000000, 0x0000000100000000)
  eden space 124416K, 0% used [0x00000000f8300000,0x00000000f8300000,0x00000000ffc80000)
  from space 1536K, 95% used [0x00000000ffc80000,0x00000000ffdf0000,0x00000000ffe00000)
  to   space 2048K, 0% used [0x00000000ffe00000,0x00000000ffe00000,0x0000000100000000)
 ParOldGen       total 134144K, used 76686K [0x00000000f0000000, 0x00000000f8300000, 0x00000000f8300000)
  object space 134144K, 57% used [0x00000000f0000000,0x00000000f4ae3818,0x00000000f8300000)
 Metaspace       used 53349K, capacity 56750K, committed 57088K, reserved 1099776K
  class space    used 6491K, capacity 7071K, committed 7168K, reserved 1048576K
}
{Heap before GC invocations=280 (full 0):
 PSYoungGen      total 125952K, used 125888K [0x00000000f8300000, 0x0000000100000000, 0x0000000100000000)
  eden space 124416K, 100% used [0x00000000f8300000,0x00000000ffc80000,0x00000000ffc80000)
  from space 1536K, 95% used [0x00000000ffc80000,0x00000000ffdf0000,0x00000000ffe00000)
  to   space 2048K, 0% used [0x00000000ffe00000,0x00000000ffe00000,0x0000000100000000)
 ParOldGen       total 134144K, used 76686K [0x00000000f0000000, 0x00000000f8300000, 0x00000000f8300000)
  object space 134144K, 57% used [0x00000000f0000000,0x00000000f4ae3818,0x00000000f8300000)
 Metaspace       used 53349K, capacity 56750K, committed 57088K, reserved 1099776K
  class space    used 6491K, capacity 7071K, committed 7168K, reserved 1048576K
2023-10-03T08:31:38.576+0800: 1624.374: [GC (Allocation Failure) [PSYoungGen: 125888K->1216K(125952K)] 202574K->78126K(260096K), 0.0082582 secs] [Times: user=0.04 sys=0.01, real=0.01 secs] 
Heap after GC invocations=280 (full 0):
 PSYoungGen      total 125952K, used 1216K [0x00000000f8300000, 0x0000000100000000, 0x0000000100000000)
  eden space 123904K, 0% used [0x00000000f8300000,0x00000000f8300000,0x00000000ffc00000)
  from space 2048K, 59% used [0x00000000ffe00000,0x00000000fff30000,0x0000000100000000)
  to   space 2048K, 0% used [0x00000000ffc00000,0x00000000ffc00000,0x00000000ffe00000)
 ParOldGen       total 134144K, used 76910K [0x00000000f0000000, 0x00000000f8300000, 0x00000000f8300000)
  object space 134144K, 57% used [0x00000000f0000000,0x00000000f4b1b938,0x00000000f8300000)
 Metaspace       used 53349K, capacity 56750K, committed 57088K, reserved 1099776K
  class space    used 6491K, capacity 7071K, committed 7168K, reserved 1048576K
}
{Heap before GC invocations=281 (full 0):
 PSYoungGen      total 125952K, used 125120K [0x00000000f8300000, 0x0000000100000000, 0x0000000100000000)
  eden space 123904K, 100% used [0x00000000f8300000,0x00000000ffc00000,0x00000000ffc00000)
  from space 2048K, 59% used [0x00000000ffe00000,0x00000000fff30000,0x0000000100000000)
  to   space 2048K, 0% used [0x00000000ffc00000,0x00000000ffc00000,0x00000000ffe00000)
 ParOldGen       total 134144K, used 76910K [0x00000000f0000000, 0x00000000f8300000, 0x00000000f8300000)
  object space 134144K, 57% used [0x00000000f0000000,0x00000000f4b1b938,0x00000000f8300000)
 Metaspace       used 53349K, capacity 56750K, committed 57088K, reserved 1099776K
  class space    used 6491K, capacity 7071K, committed 7168K, reserved 1048576K
2023-10-03T08:31:42.666+0800: 1628.464: [GC (Allocation Failure) [PSYoungGen: 125120K->1312K(125952K)] 202030K->78238K(260096K), 0.0084998 secs] [Times: user=0.05 sys=0.00, real=0.01 secs] 
Heap after GC invocations=281 (full 0):
 PSYoungGen      total 125952K, used 1312K [0x00000000f8300000, 0x0000000100000000, 0x0000000100000000)
  eden space 123904K, 0% used [0x00000000f8300000,0x00000000f8300000,0x00000000ffc00000)
  from space 2048K, 64% used [0x00000000ffc00000,0x00000000ffd48000,0x00000000ffe00000)
  to   space 2048K, 0% used [0x00000000ffe00000,0x00000000ffe00000,0x0000000100000000)
 ParOldGen       total 134144K, used 76926K [0x00000000f0000000, 0x00000000f8300000, 0x00000000f8300000)
  object space 134144K, 57% used [0x00000000f0000000,0x00000000f4b1f938,0x00000000f8300000)
 Metaspace       used 53349K, capacity 56750K, committed 57088K, reserved 1099776K
  class space    used 6491K, capacity 7071K, committed 7168K, reserved 1048576K
}
{Heap before GC invocations=282 (full 0):
 PSYoungGen      total 125952K, used 125216K [0x00000000f8300000, 0x0000000100000000, 0x0000000100000000)
  eden space 123904K, 100% used [0x00000000f8300000,0x00000000ffc00000,0x00000000ffc00000)
  from space 2048K, 64% used [0x00000000ffc00000,0x00000000ffd48000,0x00000000ffe00000)
  to   space 2048K, 0% used [0x00000000ffe00000,0x00000000ffe00000,0x0000000100000000)
 ParOldGen       total 134144K, used 76926K [0x00000000f0000000, 0x00000000f8300000, 0x00000000f8300000)
  object space 134144K, 57% used [0x00000000f0000000,0x00000000f4b1f938,0x00000000f8300000)
 Metaspace       used 53349K, capacity 56750K, committed 57088K, reserved 1099776K
  class space    used 6491K, capacity 7071K, committed 7168K, reserved 1048576K
2023-10-03T08:31:47.009+0800: 1632.807: [GC (Allocation Failure) [PSYoungGen: 125216K->1312K(126464K)] 202142K->78302K(260608K), 0.0041339 secs] [Times: user=0.03 sys=0.00, real=0.01 secs] 
Heap after GC invocations=282 (full 0):
 PSYoungGen      total 126464K, used 1312K [0x00000000f8300000, 0x0000000100000000, 0x0000000100000000)
  eden space 124416K, 0% used [0x00000000f8300000,0x00000000f8300000,0x00000000ffc80000)
  from space 2048K, 64% used [0x00000000ffe00000,0x00000000fff48000,0x0000000100000000)
  to   space 1536K, 0% used [0x00000000ffc80000,0x00000000ffc80000,0x00000000ffe00000)
 ParOldGen       total 134144K, used 76990K [0x00000000f0000000, 0x00000000f8300000, 0x00000000f8300000)
  object space 134144K, 57% used [0x00000000f0000000,0x00000000f4b2f938,0x00000000f8300000)
 Metaspace       used 53349K, capacity 56750K, committed 57088K, reserved 1099776K
  class space    used 6491K, capacity 7071K, committed 7168K, reserved 1048576K
}
{Heap before GC invocations=283 (full 0):
 PSYoungGen      total 126464K, used 125728K [0x00000000f8300000, 0x0000000100000000, 0x0000000100000000)
  eden space 124416K, 100% used [0x00000000f8300000,0x00000000ffc80000,0x00000000ffc80000)
  from space 2048K, 64% used [0x00000000ffe00000,0x00000000fff48000,0x0000000100000000)
  to   space 1536K, 0% used [0x00000000ffc80000,0x00000000ffc80000,0x00000000ffe00000)
 ParOldGen       total 134144K, used 76990K [0x00000000f0000000, 0x00000000f8300000, 0x00000000f8300000)
  object space 134144K, 57% used [0x00000000f0000000,0x00000000f4b2f938,0x00000000f8300000)
 Metaspace       used 53349K, capacity 56750K, committed 57088K, reserved 1099776K
  class space    used 6491K, capacity 7071K, committed 7168K, reserved 1048576K
2023-10-03T08:31:51.067+0800: 1636.865: [GC (Allocation Failure) [PSYoungGen: 125728K->1312K(125952K)] 202718K->78350K(260096K), 0.0082069 secs] [Times: user=0.05 sys=0.00, real=0.01 secs] 
Heap after GC invocations=283 (full 0):
 PSYoungGen      total 125952K, used 1312K [0x00000000f8300000, 0x0000000100000000, 0x0000000100000000)
  eden space 124416K, 0% used [0x00000000f8300000,0x00000000f8300000,0x00000000ffc80000)
  from space 1536K, 85% used [0x00000000ffc80000,0x00000000ffdc8000,0x00000000ffe00000)
  to   space 1536K, 0% used [0x00000000ffe80000,0x00000000ffe80000,0x0000000100000000)
 ParOldGen       total 134144K, used 77038K [0x00000000f0000000, 0x00000000f8300000, 0x00000000f8300000)
  object space 134144K, 57% used [0x00000000f0000000,0x00000000f4b3b938,0x00000000f8300000)
 Metaspace       used 53349K, capacity 56750K, committed 57088K, reserved 1099776K
  class space    used 6491K, capacity 7071K, committed 7168K, reserved 1048576K
}
{Heap before GC invocations=284 (full 0):
 PSYoungGen      total 125952K, used 125728K [0x00000000f8300000, 0x0000000100000000, 0x0000000100000000)
  eden space 124416K, 100% used [0x00000000f8300000,0x00000000ffc80000,0x00000000ffc80000)
  from space 1536K, 85% used [0x00000000ffc80000,0x00000000ffdc8000,0x00000000ffe00000)
  to   space 1536K, 0% used [0x00000000ffe80000,0x00000000ffe80000,0x0000000100000000)
 ParOldGen       total 134144K, used 77038K [0x00000000f0000000, 0x00000000f8300000, 0x00000000f8300000)
  object space 134144K, 57% used [0x00000000f0000000,0x00000000f4b3b938,0x00000000f8300000)
 Metaspace       used 53349K, capacity 56750K, committed 57088K, reserved 1099776K
  class space    used 6491K, capacity 7071K, committed 7168K, reserved 1048576K
2023-10-03T08:31:55.134+0800: 1640.932: [GC (Allocation Failure) [PSYoungGen: 125728K->1280K(126464K)] 202766K->78350K(260608K), 0.0087965 secs] [Times: user=0.06 sys=0.00, real=0.01 secs] 
Heap after GC invocations=284 (full 0):
 PSYoungGen      total 126464K, used 1280K [0x00000000f8300000, 0x0000000100000000, 0x0000000100000000)
  eden space 124928K, 0% used [0x00000000f8300000,0x00000000f8300000,0x00000000ffd00000)
  from space 1536K, 83% used [0x00000000ffe80000,0x00000000fffc0000,0x0000000100000000)
  to   space 1536K, 0% used [0x00000000ffd00000,0x00000000ffd00000,0x00000000ffe80000)
 ParOldGen       total 134144K, used 77070K [0x00000000f0000000, 0x00000000f8300000, 0x00000000f8300000)
  object space 134144K, 57% used [0x00000000f0000000,0x00000000f4b43938,0x00000000f8300000)
 Metaspace       used 53349K, capacity 56750K, committed 57088K, reserved 1099776K
  class space    used 6491K, capacity 7071K, committed 7168K, reserved 1048576K
}
{Heap before GC invocations=285 (full 0):
 PSYoungGen      total 126464K, used 126208K [0x00000000f8300000, 0x0000000100000000, 0x0000000100000000)
  eden space 124928K, 100% used [0x00000000f8300000,0x00000000ffd00000,0x00000000ffd00000)
  from space 1536K, 83% used [0x00000000ffe80000,0x00000000fffc0000,0x0000000100000000)
  to   space 1536K, 0% used [0x00000000ffd00000,0x00000000ffd00000,0x00000000ffe80000)
 ParOldGen       total 134144K, used 77070K [0x00000000f0000000, 0x00000000f8300000, 0x00000000f8300000)
  object space 134144K, 57% used [0x00000000f0000000,0x00000000f4b43938,0x00000000f8300000)
 Metaspace       used 53349K, capacity 56750K, committed 57088K, reserved 1099776K
  class space    used 6491K, capacity 7071K, committed 7168K, reserved 1048576K
2023-10-03T08:31:59.231+0800: 1645.029: [GC (Allocation Failure) [PSYoungGen: 126208K->1216K(126464K)] 203278K->78358K(260608K), 0.0084325 secs] [Times: user=0.05 sys=0.00, real=0.01 secs] 
Heap after GC invocations=285 (full 0):
 PSYoungGen      total 126464K, used 1216K [0x00000000f8300000, 0x0000000100000000, 0x0000000100000000)
  eden space 124928K, 0% used [0x00000000f8300000,0x00000000f8300000,0x00000000ffd00000)
  from space 1536K, 79% used [0x00000000ffd00000,0x00000000ffe30000,0x00000000ffe80000)
  to   space 1536K, 0% used [0x00000000ffe80000,0x00000000ffe80000,0x0000000100000000)
 ParOldGen       total 134144K, used 77142K [0x00000000f0000000, 0x00000000f8300000, 0x00000000f8300000)
  object space 134144K, 57% used [0x00000000f0000000,0x00000000f4b55938,0x00000000f8300000)
 Metaspace       used 53349K, capacity 56750K, committed 57088K, reserved 1099776K
  class space    used 6491K, capacity 7071K, committed 7168K, reserved 1048576K
}
{Heap before GC invocations=286 (full 0):
 PSYoungGen      total 126464K, used 126144K [0x00000000f8300000, 0x0000000100000000, 0x0000000100000000)
  eden space 124928K, 100% used [0x00000000f8300000,0x00000000ffd00000,0x00000000ffd00000)
  from space 1536K, 79% used [0x00000000ffd00000,0x00000000ffe30000,0x00000000ffe80000)
  to   space 1536K, 0% used [0x00000000ffe80000,0x00000000ffe80000,0x0000000100000000)
 ParOldGen       total 134144K, used 77142K [0x00000000f0000000, 0x00000000f8300000, 0x00000000f8300000)
  object space 134144K, 57% used [0x00000000f0000000,0x00000000f4b55938,0x00000000f8300000)
 Metaspace       used 53349K, capacity 56750K, committed 57088K, reserved 1099776K
  class space    used 6491K, capacity 7071K, committed 7168K, reserved 1048576K
2023-10-03T08:32:03.326+0800: 1649.124: [GC (Allocation Failure) [PSYoungGen: 126144K->1248K(126464K)] 203286K->78454K(260608K), 0.0085555 secs] [Times: user=0.05 sys=0.01, real=0.01 secs] 
Heap after GC invocations=286 (full 0):
 PSYoungGen      total 126464K, used 1248K [0x00000000f8300000, 0x0000000100000000, 0x0000000100000000)
  eden space 124928K, 0% used [0x00000000f8300000,0x00000000f8300000,0x00000000ffd00000)
  from space 1536K, 81% used [0x00000000ffe80000,0x00000000fffb8000,0x0000000100000000)
  to   space 1536K, 0% used [0x00000000ffd00000,0x00000000ffd00000,0x00000000ffe80000)
 ParOldGen       total 134144K, used 77206K [0x00000000f0000000, 0x00000000f8300000, 0x00000000f8300000)
  object space 134144K, 57% used [0x00000000f0000000,0x00000000f4b65938,0x00000000f8300000)
 Metaspace       used 53349K, capacity 56750K, committed 57088K, reserved 1099776K
  class space    used 6491K, capacity 7071K, committed 7168K, reserved 1048576K
}
{Heap before GC invocations=287 (full 0):
 PSYoungGen      total 126464K, used 126176K [0x00000000f8300000, 0x0000000100000000, 0x0000000100000000)
  eden space 124928K, 100% used [0x00000000f8300000,0x00000000ffd00000,0x00000000ffd00000)
  from space 1536K, 81% used [0x00000000ffe80000,0x00000000fffb8000,0x0000000100000000)
  to   space 1536K, 0% used [0x00000000ffd00000,0x00000000ffd00000,0x00000000ffe80000)
 ParOldGen       total 134144K, used 77206K [0x00000000f0000000, 0x00000000f8300000, 0x00000000f8300000)
  object space 134144K, 57% used [0x00000000f0000000,0x00000000f4b65938,0x00000000f8300000)
 Metaspace       used 53349K, capacity 56750K, committed 57088K, reserved 1099776K
  class space    used 6491K, capacity 7071K, committed 7168K, reserved 1048576K
2023-10-03T08:32:07.719+0800: 1653.517: [GC (Allocation Failure) [PSYoungGen: 126176K->1312K(126464K)] 203382K->78526K(260608K), 0.0079645 secs] [Times: user=0.05 sys=0.00, real=0.01 secs] 
Heap after GC invocations=287 (full 0):
 PSYoungGen      total 126464K, used 1312K [0x00000000f8300000, 0x0000000100000000, 0x0000000100000000)
  eden space 124928K, 0% used [0x00000000f8300000,0x00000000f8300000,0x00000000ffd00000)
  from space 1536K, 85% used [0x00000000ffd00000,0x00000000ffe48000,0x00000000ffe80000)
  to   space 1536K, 0% used [0x00000000ffe80000,0x00000000ffe80000,0x0000000100000000)
 ParOldGen       total 134144K, used 77214K [0x00000000f0000000, 0x00000000f8300000, 0x00000000f8300000)
  object space 134144K, 57% used [0x00000000f0000000,0x00000000f4b67938,0x00000000f8300000)
 Metaspace       used 53349K, capacity 56750K, committed 57088K, reserved 1099776K
  class space    used 6491K, capacity 7071K, committed 7168K, reserved 1048576K
}
{Heap before GC invocations=288 (full 0):
 PSYoungGen      total 126464K, used 126240K [0x00000000f8300000, 0x0000000100000000, 0x0000000100000000)
  eden space 124928K, 100% used [0x00000000f8300000,0x00000000ffd00000,0x00000000ffd00000)
  from space 1536K, 85% used [0x00000000ffd00000,0x00000000ffe48000,0x00000000ffe80000)
  to   space 1536K, 0% used [0x00000000ffe80000,0x00000000ffe80000,0x0000000100000000)
 ParOldGen       total 134144K, used 77214K [0x00000000f0000000, 0x00000000f8300000, 0x00000000f8300000)
  object space 134144K, 57% used [0x00000000f0000000,0x00000000f4b67938,0x00000000f8300000)
 Metaspace       used 53349K, capacity 56750K, committed 57088K, reserved 1099776K
  class space    used 6491K, capacity 7071K, committed 7168K, reserved 1048576K
2023-10-03T08:32:11.789+0800: 1657.587: [GC (Allocation Failure) [PSYoungGen: 126240K->1312K(126464K)] 203454K->78534K(260608K), 0.0078647 secs] [Times: user=0.05 sys=0.00, real=0.00 secs] 
Heap after GC invocations=288 (full 0):
 PSYoungGen      total 126464K, used 1312K [0x00000000f8300000, 0x0000000100000000, 0x0000000100000000)
  eden space 124928K, 0% used [0x00000000f8300000,0x00000000f8300000,0x00000000ffd00000)
  from space 1536K, 85% used [0x00000000ffe80000,0x00000000fffc8000,0x0000000100000000)
  to   space 1536K, 0% used [0x00000000ffd00000,0x00000000ffd00000,0x00000000ffe80000)
 ParOldGen       total 134144K, used 77222K [0x00000000f0000000, 0x00000000f8300000, 0x00000000f8300000)
  object space 134144K, 57% used [0x00000000f0000000,0x00000000f4b69938,0x00000000f8300000)
 Metaspace       used 53349K, capacity 56750K, committed 57088K, reserved 1099776K
  class space    used 6491K, capacity 7071K, committed 7168K, reserved 1048576K
}
{Heap before GC invocations=289 (full 0):
 PSYoungGen      total 126464K, used 126240K [0x00000000f8300000, 0x0000000100000000, 0x0000000100000000)
  eden space 124928K, 100% used [0x00000000f8300000,0x00000000ffd00000,0x00000000ffd00000)
  from space 1536K, 85% used [0x00000000ffe80000,0x00000000fffc8000,0x0000000100000000)
  to   space 1536K, 0% used [0x00000000ffd00000,0x00000000ffd00000,0x00000000ffe80000)
 ParOldGen       total 134144K, used 77222K [0x00000000f0000000, 0x00000000f8300000, 0x00000000f8300000)
  object space 134144K, 57% used [0x00000000f0000000,0x00000000f4b69938,0x00000000f8300000)
 Metaspace       used 53351K, capacity 56750K, committed 57088K, reserved 1099776K
  class space    used 6491K, capacity 7071K, committed 7168K, reserved 1048576K
2023-10-03T08:32:15.857+0800: 1661.655: [GC (Allocation Failure) [PSYoungGen: 126240K->1312K(126464K)] 203462K->78606K(260608K), 0.0088306 secs] [Times: user=0.05 sys=0.00, real=0.01 secs] 
Heap after GC invocations=289 (full 0):
 PSYoungGen      total 126464K, used 1312K [0x00000000f8300000, 0x0000000100000000, 0x0000000100000000)
  eden space 124928K, 0% used [0x00000000f8300000,0x00000000f8300000,0x00000000ffd00000)
  from space 1536K, 85% used [0x00000000ffd00000,0x00000000ffe48000,0x00000000ffe80000)
  to   space 1536K, 0% used [0x00000000ffe80000,0x00000000ffe80000,0x0000000100000000)
 ParOldGen       total 134144K, used 77294K [0x00000000f0000000, 0x00000000f8300000, 0x00000000f8300000)
  object space 134144K, 57% used [0x00000000f0000000,0x00000000f4b7b938,0x00000000f8300000)
 Metaspace       used 53351K, capacity 56750K, committed 57088K, reserved 1099776K
  class space    used 6491K, capacity 7071K, committed 7168K, reserved 1048576K
}
{Heap before GC invocations=290 (full 0):
 PSYoungGen      total 126464K, used 126240K [0x00000000f8300000, 0x0000000100000000, 0x0000000100000000)
  eden space 124928K, 100% used [0x00000000f8300000,0x00000000ffd00000,0x00000000ffd00000)
  from space 1536K, 85% used [0x00000000ffd00000,0x00000000ffe48000,0x00000000ffe80000)
  to   space 1536K, 0% used [0x00000000ffe80000,0x00000000ffe80000,0x0000000100000000)
 ParOldGen       total 134144K, used 77294K [0x00000000f0000000, 0x00000000f8300000, 0x00000000f8300000)
  object space 134144K, 57% used [0x00000000f0000000,0x00000000f4b7b938,0x00000000f8300000)
 Metaspace       used 53351K, capacity 56750K, committed 57088K, reserved 1099776K
  class space    used 6491K, capacity 7071K, committed 7168K, reserved 1048576K
2023-10-03T08:32:19.963+0800: 1665.761: [GC (Allocation Failure) [PSYoungGen: 126240K->1280K(126464K)] 203534K->78686K(260608K), 0.0083855 secs] [Times: user=0.05 sys=0.00, real=0.01 secs] 
Heap after GC invocations=290 (full 0):
 PSYoungGen      total 126464K, used 1280K [0x00000000f8300000, 0x0000000100000000, 0x0000000100000000)
  eden space 124928K, 0% used [0x00000000f8300000,0x00000000f8300000,0x00000000ffd00000)
  from space 1536K, 83% used [0x00000000ffe80000,0x00000000fffc0000,0x0000000100000000)
  to   space 1536K, 0% used [0x00000000ffd00000,0x00000000ffd00000,0x00000000ffe80000)
 ParOldGen       total 134144K, used 77406K [0x00000000f0000000, 0x00000000f8300000, 0x00000000f8300000)
  object space 134144K, 57% used [0x00000000f0000000,0x00000000f4b97978,0x00000000f8300000)
 Metaspace       used 53351K, capacity 56750K, committed 57088K, reserved 1099776K
  class space    used 6491K, capacity 7071K, committed 7168K, reserved 1048576K
}
{Heap before GC invocations=291 (full 0):
 PSYoungGen      total 126464K, used 126208K [0x00000000f8300000, 0x0000000100000000, 0x0000000100000000)
  eden space 124928K, 100% used [0x00000000f8300000,0x00000000ffd00000,0x00000000ffd00000)
  from space 1536K, 83% used [0x00000000ffe80000,0x00000000fffc0000,0x0000000100000000)
  to   space 1536K, 0% used [0x00000000ffd00000,0x00000000ffd00000,0x00000000ffe80000)
 ParOldGen       total 134144K, used 77406K [0x00000000f0000000, 0x00000000f8300000, 0x00000000f8300000)
  object space 134144K, 57% used [0x00000000f0000000,0x00000000f4b97978,0x00000000f8300000)
 Metaspace       used 53351K, capacity 56750K, committed 57088K, reserved 1099776K
  class space    used 6491K, capacity 7071K, committed 7168K, reserved 1048576K
2023-10-03T08:32:24.083+0800: 1669.881: [GC (Allocation Failure) [PSYoungGen: 126208K->1248K(126464K)] 203614K->78670K(260608K), 0.0080928 secs] [Times: user=0.04 sys=0.00, real=0.01 secs] 
Heap after GC invocations=291 (full 0):
 PSYoungGen      total 126464K, used 1248K [0x00000000f8300000, 0x0000000100000000, 0x0000000100000000)
  eden space 124928K, 0% used [0x00000000f8300000,0x00000000f8300000,0x00000000ffd00000)
  from space 1536K, 81% used [0x00000000ffd00000,0x00000000ffe38000,0x00000000ffe80000)
  to   space 1536K, 0% used [0x00000000ffe80000,0x00000000ffe80000,0x0000000100000000)
 ParOldGen       total 134144K, used 77422K [0x00000000f0000000, 0x00000000f8300000, 0x00000000f8300000)
  object space 134144K, 57% used [0x00000000f0000000,0x00000000f4b9b978,0x00000000f8300000)
 Metaspace       used 53351K, capacity 56750K, committed 57088K, reserved 1099776K
  class space    used 6491K, capacity 7071K, committed 7168K, reserved 1048576K
}
{Heap before GC invocations=292 (full 0):
 PSYoungGen      total 126464K, used 126176K [0x00000000f8300000, 0x0000000100000000, 0x0000000100000000)
  eden space 124928K, 100% used [0x00000000f8300000,0x00000000ffd00000,0x00000000ffd00000)
  from space 1536K, 81% used [0x00000000ffd00000,0x00000000ffe38000,0x00000000ffe80000)
  to   space 1536K, 0% used [0x00000000ffe80000,0x00000000ffe80000,0x0000000100000000)
 ParOldGen       total 134144K, used 77422K [0x00000000f0000000, 0x00000000f8300000, 0x00000000f8300000)
  object space 134144K, 57% used [0x00000000f0000000,0x00000000f4b9b978,0x00000000f8300000)
 Metaspace       used 53351K, capacity 56750K, committed 57088K, reserved 1099776K
  class space    used 6491K, capacity 7071K, committed 7168K, reserved 1048576K
2023-10-03T08:32:28.434+0800: 1674.232: [GC (Allocation Failure) [PSYoungGen: 126176K->1280K(126464K)] 203598K->78710K(260608K), 0.0059525 secs] [Times: user=0.05 sys=0.00, real=0.01 secs] 
Heap after GC invocations=292 (full 0):
 PSYoungGen      total 126464K, used 1280K [0x00000000f8300000, 0x0000000100000000, 0x0000000100000000)
  eden space 124928K, 0% used [0x00000000f8300000,0x00000000f8300000,0x00000000ffd00000)
  from space 1536K, 83% used [0x00000000ffe80000,0x00000000fffc0000,0x0000000100000000)
  to   space 1536K, 0% used [0x00000000ffd00000,0x00000000ffd00000,0x00000000ffe80000)
 ParOldGen       total 134144K, used 77430K [0x00000000f0000000, 0x00000000f8300000, 0x00000000f8300000)
  object space 134144K, 57% used [0x00000000f0000000,0x00000000f4b9d978,0x00000000f8300000)
 Metaspace       used 53351K, capacity 56750K, committed 57088K, reserved 1099776K
  class space    used 6491K, capacity 7071K, committed 7168K, reserved 1048576K
}
{Heap before GC invocations=293 (full 0):
 PSYoungGen      total 126464K, used 126208K [0x00000000f8300000, 0x0000000100000000, 0x0000000100000000)
  eden space 124928K, 100% used [0x00000000f8300000,0x00000000ffd00000,0x00000000ffd00000)
  from space 1536K, 83% used [0x00000000ffe80000,0x00000000fffc0000,0x0000000100000000)
  to   space 1536K, 0% used [0x00000000ffd00000,0x00000000ffd00000,0x00000000ffe80000)
 ParOldGen       total 134144K, used 77430K [0x00000000f0000000, 0x00000000f8300000, 0x00000000f8300000)
  object space 134144K, 57% used [0x00000000f0000000,0x00000000f4b9d978,0x00000000f8300000)
 Metaspace       used 53351K, capacity 56750K, committed 57088K, reserved 1099776K
  class space    used 6491K, capacity 7071K, committed 7168K, reserved 1048576K
2023-10-03T08:32:32.493+0800: 1678.291: [GC (Allocation Failure) [PSYoungGen: 126208K->1280K(126464K)] 203638K->78726K(260608K), 0.0082371 secs] [Times: user=0.04 sys=0.01, real=0.01 secs] 
Heap after GC invocations=293 (full 0):
 PSYoungGen      total 126464K, used 1280K [0x00000000f8300000, 0x0000000100000000, 0x0000000100000000)
  eden space 124928K, 0% used [0x00000000f8300000,0x00000000f8300000,0x00000000ffd00000)
  from space 1536K, 83% used [0x00000000ffd00000,0x00000000ffe40000,0x00000000ffe80000)
  to   space 1536K, 0% used [0x00000000ffe80000,0x00000000ffe80000,0x0000000100000000)
 ParOldGen       total 134144K, used 77446K [0x00000000f0000000, 0x00000000f8300000, 0x00000000f8300000)
  object space 134144K, 57% used [0x00000000f0000000,0x00000000f4ba1978,0x00000000f8300000)
 Metaspace       used 53351K, capacity 56750K, committed 57088K, reserved 1099776K
  class space    used 6491K, capacity 7071K, committed 7168K, reserved 1048576K
}
{Heap before GC invocations=294 (full 0):
 PSYoungGen      total 126464K, used 126208K [0x00000000f8300000, 0x0000000100000000, 0x0000000100000000)
  eden space 124928K, 100% used [0x00000000f8300000,0x00000000ffd00000,0x00000000ffd00000)
  from space 1536K, 83% used [0x00000000ffd00000,0x00000000ffe40000,0x00000000ffe80000)
  to   space 1536K, 0% used [0x00000000ffe80000,0x00000000ffe80000,0x0000000100000000)
 ParOldGen       total 134144K, used 77446K [0x00000000f0000000, 0x00000000f8300000, 0x00000000f8300000)
  object space 134144K, 57% used [0x00000000f0000000,0x00000000f4ba1978,0x00000000f8300000)
 Metaspace       used 53351K, capacity 56750K, committed 57088K, reserved 1099776K
  class space    used 6491K, capacity 7071K, committed 7168K, reserved 1048576K
2023-10-03T08:32:36.588+0800: 1682.386: [GC (Allocation Failure) [PSYoungGen: 126208K->1248K(126464K)] 203654K->78750K(260608K), 0.0078380 secs] [Times: user=0.05 sys=0.00, real=0.01 secs] 
Heap after GC invocations=294 (full 0):
 PSYoungGen      total 126464K, used 1248K [0x00000000f8300000, 0x0000000100000000, 0x0000000100000000)
  eden space 124928K, 0% used [0x00000000f8300000,0x00000000f8300000,0x00000000ffd00000)
  from space 1536K, 81% used [0x00000000ffe80000,0x00000000fffb8000,0x0000000100000000)
  to   space 1536K, 0% used [0x00000000ffd00000,0x00000000ffd00000,0x00000000ffe80000)
 ParOldGen       total 134144K, used 77502K [0x00000000f0000000, 0x00000000f8300000, 0x00000000f8300000)
  object space 134144K, 57% used [0x00000000f0000000,0x00000000f4baf978,0x00000000f8300000)
 Metaspace       used 53351K, capacity 56750K, committed 57088K, reserved 1099776K
  class space    used 6491K, capacity 7071K, committed 7168K, reserved 1048576K
}
{Heap before GC invocations=295 (full 0):
 PSYoungGen      total 126464K, used 126176K [0x00000000f8300000, 0x0000000100000000, 0x0000000100000000)
  eden space 124928K, 100% used [0x00000000f8300000,0x00000000ffd00000,0x00000000ffd00000)
  from space 1536K, 81% used [0x00000000ffe80000,0x00000000fffb8000,0x0000000100000000)
  to   space 1536K, 0% used [0x00000000ffd00000,0x00000000ffd00000,0x00000000ffe80000)
 ParOldGen       total 134144K, used 77502K [0x00000000f0000000, 0x00000000f8300000, 0x00000000f8300000)
  object space 134144K, 57% used [0x00000000f0000000,0x00000000f4baf978,0x00000000f8300000)
 Metaspace       used 53351K, capacity 56750K, committed 57088K, reserved 1099776K
  class space    used 6491K, capacity 7071K, committed 7168K, reserved 1048576K
2023-10-03T08:32:40.679+0800: 1686.477: [GC (Allocation Failure) [PSYoungGen: 126176K->1280K(126464K)] 203678K->78838K(260608K), 0.0083087 secs] [Times: user=0.05 sys=0.00, real=0.01 secs] 
Heap after GC invocations=295 (full 0):
 PSYoungGen      total 126464K, used 1280K [0x00000000f8300000, 0x0000000100000000, 0x0000000100000000)
  eden space 124928K, 0% used [0x00000000f8300000,0x00000000f8300000,0x00000000ffd00000)
  from space 1536K, 83% used [0x00000000ffd00000,0x00000000ffe40000,0x00000000ffe80000)
  to   space 1536K, 0% used [0x00000000ffe80000,0x00000000ffe80000,0x0000000100000000)
 ParOldGen       total 134144K, used 77558K [0x00000000f0000000, 0x00000000f8300000, 0x00000000f8300000)
  object space 134144K, 57% used [0x00000000f0000000,0x00000000f4bbd978,0x00000000f8300000)
 Metaspace       used 53351K, capacity 56750K, committed 57088K, reserved 1099776K
  class space    used 6491K, capacity 7071K, committed 7168K, reserved 1048576K
}
{Heap before GC invocations=296 (full 0):
 PSYoungGen      total 126464K, used 126208K [0x00000000f8300000, 0x0000000100000000, 0x0000000100000000)
  eden space 124928K, 100% used [0x00000000f8300000,0x00000000ffd00000,0x00000000ffd00000)
  from space 1536K, 83% used [0x00000000ffd00000,0x00000000ffe40000,0x00000000ffe80000)
  to   space 1536K, 0% used [0x00000000ffe80000,0x00000000ffe80000,0x0000000100000000)
 ParOldGen       total 134144K, used 77558K [0x00000000f0000000, 0x00000000f8300000, 0x00000000f8300000)
  object space 134144K, 57% used [0x00000000f0000000,0x00000000f4bbd978,0x00000000f8300000)
 Metaspace       used 53351K, capacity 56750K, committed 57088K, reserved 1099776K
  class space    used 6491K, capacity 7071K, committed 7168K, reserved 1048576K
2023-10-03T08:32:45.089+0800: 1690.887: [GC (Allocation Failure) [PSYoungGen: 126208K->1280K(126464K)] 203766K->78894K(260608K), 0.0083169 secs] [Times: user=0.05 sys=0.00, real=0.00 secs] 
Heap after GC invocations=296 (full 0):
 PSYoungGen      total 126464K, used 1280K [0x00000000f8300000, 0x0000000100000000, 0x0000000100000000)
  eden space 124928K, 0% used [0x00000000f8300000,0x00000000f8300000,0x00000000ffd00000)
  from space 1536K, 83% used [0x00000000ffe80000,0x00000000fffc0000,0x0000000100000000)
  to   space 1536K, 0% used [0x00000000ffd00000,0x00000000ffd00000,0x00000000ffe80000)
 ParOldGen       total 134144K, used 77614K [0x00000000f0000000, 0x00000000f8300000, 0x00000000f8300000)
  object space 134144K, 57% used [0x00000000f0000000,0x00000000f4bcb978,0x00000000f8300000)
 Metaspace       used 53351K, capacity 56750K, committed 57088K, reserved 1099776K
  class space    used 6491K, capacity 7071K, committed 7168K, reserved 1048576K
}
{Heap before GC invocations=297 (full 0):
 PSYoungGen      total 126464K, used 126208K [0x00000000f8300000, 0x0000000100000000, 0x0000000100000000)
  eden space 124928K, 100% used [0x00000000f8300000,0x00000000ffd00000,0x00000000ffd00000)
  from space 1536K, 83% used [0x00000000ffe80000,0x00000000fffc0000,0x0000000100000000)
  to   space 1536K, 0% used [0x00000000ffd00000,0x00000000ffd00000,0x00000000ffe80000)
 ParOldGen       total 134144K, used 77614K [0x00000000f0000000, 0x00000000f8300000, 0x00000000f8300000)
  object space 134144K, 57% used [0x00000000f0000000,0x00000000f4bcb978,0x00000000f8300000)
 Metaspace       used 53351K, capacity 56750K, committed 57088K, reserved 1099776K
  class space    used 6491K, capacity 7071K, committed 7168K, reserved 1048576K
2023-10-03T08:32:49.163+0800: 1694.961: [GC (Allocation Failure) [PSYoungGen: 126208K->1280K(126464K)] 203822K->78974K(260608K), 0.0059652 secs] [Times: user=0.04 sys=0.00, real=0.00 secs] 
Heap after GC invocations=297 (full 0):
 PSYoungGen      total 126464K, used 1280K [0x00000000f8300000, 0x0000000100000000, 0x0000000100000000)
  eden space 124928K, 0% used [0x00000000f8300000,0x00000000f8300000,0x00000000ffd00000)
  from space 1536K, 83% used [0x00000000ffd00000,0x00000000ffe40000,0x00000000ffe80000)
  to   space 1536K, 0% used [0x00000000ffe80000,0x00000000ffe80000,0x0000000100000000)
 ParOldGen       total 134144K, used 77694K [0x00000000f0000000, 0x00000000f8300000, 0x00000000f8300000)
  object space 134144K, 57% used [0x00000000f0000000,0x00000000f4bdf978,0x00000000f8300000)
 Metaspace       used 53351K, capacity 56750K, committed 57088K, reserved 1099776K
  class space    used 6491K, capacity 7071K, committed 7168K, reserved 1048576K
}
{Heap before GC invocations=298 (full 0):
 PSYoungGen      total 126464K, used 126208K [0x00000000f8300000, 0x0000000100000000, 0x0000000100000000)
  eden space 124928K, 100% used [0x00000000f8300000,0x00000000ffd00000,0x00000000ffd00000)
  from space 1536K, 83% used [0x00000000ffd00000,0x00000000ffe40000,0x00000000ffe80000)
  to   space 1536K, 0% used [0x00000000ffe80000,0x00000000ffe80000,0x0000000100000000)
 ParOldGen       total 134144K, used 77694K [0x00000000f0000000, 0x00000000f8300000, 0x00000000f8300000)
  object space 134144K, 57% used [0x00000000f0000000,0x00000000f4bdf978,0x00000000f8300000)
 Metaspace       used 53351K, capacity 56750K, committed 57088K, reserved 1099776K
  class space    used 6491K, capacity 7071K, committed 7168K, reserved 1048576K
2023-10-03T08:32:53.226+0800: 1699.024: [GC (Allocation Failure) [PSYoungGen: 126208K->1344K(126464K)] 203902K->79134K(260608K), 0.0085916 secs] [Times: user=0.05 sys=0.01, real=0.01 secs] 
Heap after GC invocations=298 (full 0):
 PSYoungGen      total 126464K, used 1344K [0x00000000f8300000, 0x0000000100000000, 0x0000000100000000)
  eden space 124928K, 0% used [0x00000000f8300000,0x00000000f8300000,0x00000000ffd00000)
  from space 1536K, 87% used [0x00000000ffe80000,0x00000000fffd0000,0x0000000100000000)
  to   space 1536K, 0% used [0x00000000ffd00000,0x00000000ffd00000,0x00000000ffe80000)
 ParOldGen       total 134144K, used 77790K [0x00000000f0000000, 0x00000000f8300000, 0x00000000f8300000)
  object space 134144K, 57% used [0x00000000f0000000,0x00000000f4bf7978,0x00000000f8300000)
 Metaspace       used 53351K, capacity 56750K, committed 57088K, reserved 1099776K
  class space    used 6491K, capacity 7071K, committed 7168K, reserved 1048576K
}
{Heap before GC invocations=299 (full 0):
 PSYoungGen      total 126464K, used 126272K [0x00000000f8300000, 0x0000000100000000, 0x0000000100000000)
  eden space 124928K, 100% used [0x00000000f8300000,0x00000000ffd00000,0x00000000ffd00000)
  from space 1536K, 87% used [0x00000000ffe80000,0x00000000fffd0000,0x0000000100000000)
  to   space 1536K, 0% used [0x00000000ffd00000,0x00000000ffd00000,0x00000000ffe80000)
 ParOldGen       total 134144K, used 77790K [0x00000000f0000000, 0x00000000f8300000, 0x00000000f8300000)
  object space 134144K, 57% used [0x00000000f0000000,0x00000000f4bf7978,0x00000000f8300000)
 Metaspace       used 53351K, capacity 56750K, committed 57088K, reserved 1099776K
  class space    used 6491K, capacity 7071K, committed 7168K, reserved 1048576K
2023-10-03T08:32:57.310+0800: 1703.108: [GC (Allocation Failure) [PSYoungGen: 126272K->1248K(126464K)] 204062K->79150K(260608K), 0.0034680 secs] [Times: user=0.03 sys=0.00, real=0.00 secs] 
Heap after GC invocations=299 (full 0):
 PSYoungGen      total 126464K, used 1248K [0x00000000f8300000, 0x0000000100000000, 0x0000000100000000)
  eden space 124928K, 0% used [0x00000000f8300000,0x00000000f8300000,0x00000000ffd00000)
  from space 1536K, 81% used [0x00000000ffd00000,0x00000000ffe38000,0x00000000ffe80000)
  to   space 1536K, 0% used [0x00000000ffe80000,0x00000000ffe80000,0x0000000100000000)
 ParOldGen       total 134144K, used 77902K [0x00000000f0000000, 0x00000000f8300000, 0x00000000f8300000)
  object space 134144K, 58% used [0x00000000f0000000,0x00000000f4c139b8,0x00000000f8300000)
 Metaspace       used 53351K, capacity 56750K, committed 57088K, reserved 1099776K
  class space    used 6491K, capacity 7071K, committed 7168K, reserved 1048576K
}
{Heap before GC invocations=300 (full 0):
 PSYoungGen      total 126464K, used 126176K [0x00000000f8300000, 0x0000000100000000, 0x0000000100000000)
  eden space 124928K, 100% used [0x00000000f8300000,0x00000000ffd00000,0x00000000ffd00000)
  from space 1536K, 81% used [0x00000000ffd00000,0x00000000ffe38000,0x00000000ffe80000)
  to   space 1536K, 0% used [0x00000000ffe80000,0x00000000ffe80000,0x0000000100000000)
 ParOldGen       total 134144K, used 77902K [0x00000000f0000000, 0x00000000f8300000, 0x00000000f8300000)
  object space 134144K, 58% used [0x00000000f0000000,0x00000000f4c139b8,0x00000000f8300000)
 Metaspace       used 53351K, capacity 56750K, committed 57088K, reserved 1099776K
  class space    used 6491K, capacity 7071K, committed 7168K, reserved 1048576K
2023-10-03T08:33:01.412+0800: 1707.210: [GC (Allocation Failure) [PSYoungGen: 126176K->1376K(126464K)] 204078K->79358K(260608K), 0.0076389 secs] [Times: user=0.05 sys=0.00, real=0.01 secs] 
Heap after GC invocations=300 (full 0):
 PSYoungGen      total 126464K, used 1376K [0x00000000f8300000, 0x0000000100000000, 0x0000000100000000)
  eden space 124928K, 0% used [0x00000000f8300000,0x00000000f8300000,0x00000000ffd00000)
  from space 1536K, 89% used [0x00000000ffe80000,0x00000000fffd8000,0x0000000100000000)
  to   space 1536K, 0% used [0x00000000ffd00000,0x00000000ffd00000,0x00000000ffe80000)
 ParOldGen       total 134144K, used 77982K [0x00000000f0000000, 0x00000000f8300000, 0x00000000f8300000)
  object space 134144K, 58% used [0x00000000f0000000,0x00000000f4c279b8,0x00000000f8300000)
 Metaspace       used 53351K, capacity 56750K, committed 57088K, reserved 1099776K
  class space    used 6491K, capacity 7071K, committed 7168K, reserved 1048576K
}
{Heap before GC invocations=301 (full 0):
 PSYoungGen      total 126464K, used 126304K [0x00000000f8300000, 0x0000000100000000, 0x0000000100000000)
  eden space 124928K, 100% used [0x00000000f8300000,0x00000000ffd00000,0x00000000ffd00000)
  from space 1536K, 89% used [0x00000000ffe80000,0x00000000fffd8000,0x0000000100000000)
  to   space 1536K, 0% used [0x00000000ffd00000,0x00000000ffd00000,0x00000000ffe80000)
 ParOldGen       total 134144K, used 77982K [0x00000000f0000000, 0x00000000f8300000, 0x00000000f8300000)
  object space 134144K, 58% used [0x00000000f0000000,0x00000000f4c279b8,0x00000000f8300000)
 Metaspace       used 53351K, capacity 56750K, committed 57088K, reserved 1099776K
  class space    used 6491K, capacity 7071K, committed 7168K, reserved 1048576K
2023-10-03T08:33:05.804+0800: 1711.602: [GC (Allocation Failure) [PSYoungGen: 126304K->1312K(126464K)] 204286K->79462K(260608K), 0.0043779 secs] [Times: user=0.03 sys=0.00, real=0.00 secs] 
Heap after GC invocations=301 (full 0):
 PSYoungGen      total 126464K, used 1312K [0x00000000f8300000, 0x0000000100000000, 0x0000000100000000)
  eden space 124928K, 0% used [0x00000000f8300000,0x00000000f8300000,0x00000000ffd00000)
  from space 1536K, 85% used [0x00000000ffd00000,0x00000000ffe48000,0x00000000ffe80000)
  to   space 1536K, 0% used [0x00000000ffe80000,0x00000000ffe80000,0x0000000100000000)
 ParOldGen       total 134144K, used 78150K [0x00000000f0000000, 0x00000000f8300000, 0x00000000f8300000)
  object space 134144K, 58% used [0x00000000f0000000,0x00000000f4c51a58,0x00000000f8300000)
 Metaspace       used 53351K, capacity 56750K, committed 57088K, reserved 1099776K
  class space    used 6491K, capacity 7071K, committed 7168K, reserved 1048576K
}
{Heap before GC invocations=302 (full 0):
 PSYoungGen      total 126464K, used 126240K [0x00000000f8300000, 0x0000000100000000, 0x0000000100000000)
  eden space 124928K, 100% used [0x00000000f8300000,0x00000000ffd00000,0x00000000ffd00000)
  from space 1536K, 85% used [0x00000000ffd00000,0x00000000ffe48000,0x00000000ffe80000)
  to   space 1536K, 0% used [0x00000000ffe80000,0x00000000ffe80000,0x0000000100000000)
 ParOldGen       total 134144K, used 78150K [0x00000000f0000000, 0x00000000f8300000, 0x00000000f8300000)
  object space 134144K, 58% used [0x00000000f0000000,0x00000000f4c51a58,0x00000000f8300000)
 Metaspace       used 53351K, capacity 56750K, committed 57088K, reserved 1099776K
  class space    used 6491K, capacity 7071K, committed 7168K, reserved 1048576K
2023-10-03T08:33:09.864+0800: 1715.662: [GC (Allocation Failure) [PSYoungGen: 126240K->1312K(126464K)] 204390K->79566K(260608K), 0.0083976 secs] [Times: user=0.05 sys=0.00, real=0.01 secs] 
Heap after GC invocations=302 (full 0):
 PSYoungGen      total 126464K, used 1312K [0x00000000f8300000, 0x0000000100000000, 0x0000000100000000)
  eden space 124928K, 0% used [0x00000000f8300000,0x00000000f8300000,0x00000000ffd00000)
  from space 1536K, 85% used [0x00000000ffe80000,0x00000000fffc8000,0x0000000100000000)
  to   space 1536K, 0% used [0x00000000ffd00000,0x00000000ffd00000,0x00000000ffe80000)
 ParOldGen       total 134144K, used 78254K [0x00000000f0000000, 0x00000000f8300000, 0x00000000f8300000)
  object space 134144K, 58% used [0x00000000f0000000,0x00000000f4c6ba58,0x00000000f8300000)
 Metaspace       used 53351K, capacity 56750K, committed 57088K, reserved 1099776K
  class space    used 6491K, capacity 7071K, committed 7168K, reserved 1048576K
}
{Heap before GC invocations=303 (full 0):
 PSYoungGen      total 126464K, used 126240K [0x00000000f8300000, 0x0000000100000000, 0x0000000100000000)
  eden space 124928K, 100% used [0x00000000f8300000,0x00000000ffd00000,0x00000000ffd00000)
  from space 1536K, 85% used [0x00000000ffe80000,0x00000000fffc8000,0x0000000100000000)
  to   space 1536K, 0% used [0x00000000ffd00000,0x00000000ffd00000,0x00000000ffe80000)
 ParOldGen       total 134144K, used 78254K [0x00000000f0000000, 0x00000000f8300000, 0x00000000f8300000)
  object space 134144K, 58% used [0x00000000f0000000,0x00000000f4c6ba58,0x00000000f8300000)
 Metaspace       used 53351K, capacity 56750K, committed 57088K, reserved 1099776K
  class space    used 6491K, capacity 7071K, committed 7168K, reserved 1048576K
2023-10-03T08:33:14.091+0800: 1719.889: [GC (Allocation Failure) [PSYoungGen: 126240K->1536K(126464K)] 204494K->83531K(260608K), 0.0109846 secs] [Times: user=0.06 sys=0.02, real=0.01 secs] 
Heap after GC invocations=303 (full 0):
 PSYoungGen      total 126464K, used 1536K [0x00000000f8300000, 0x0000000100000000, 0x0000000100000000)
  eden space 124928K, 0% used [0x00000000f8300000,0x00000000f8300000,0x00000000ffd00000)
  from space 1536K, 100% used [0x00000000ffd00000,0x00000000ffe80000,0x00000000ffe80000)
  to   space 1536K, 0% used [0x00000000ffe80000,0x00000000ffe80000,0x0000000100000000)
 ParOldGen       total 134144K, used 81995K [0x00000000f0000000, 0x00000000f8300000, 0x00000000f8300000)
  object space 134144K, 61% used [0x00000000f0000000,0x00000000f5012df8,0x00000000f8300000)
 Metaspace       used 53351K, capacity 56750K, committed 57088K, reserved 1099776K
  class space    used 6491K, capacity 7071K, committed 7168K, reserved 1048576K
}
{Heap before GC invocations=304 (full 0):
 PSYoungGen      total 126464K, used 126464K [0x00000000f8300000, 0x0000000100000000, 0x0000000100000000)
  eden space 124928K, 100% used [0x00000000f8300000,0x00000000ffd00000,0x00000000ffd00000)
  from space 1536K, 100% used [0x00000000ffd00000,0x00000000ffe80000,0x00000000ffe80000)
  to   space 1536K, 0% used [0x00000000ffe80000,0x00000000ffe80000,0x0000000100000000)
 ParOldGen       total 134144K, used 81995K [0x00000000f0000000, 0x00000000f8300000, 0x00000000f8300000)
  object space 134144K, 61% used [0x00000000f0000000,0x00000000f5012df8,0x00000000f8300000)
 Metaspace       used 53351K, capacity 56750K, committed 57088K, reserved 1099776K
  class space    used 6491K, capacity 7071K, committed 7168K, reserved 1048576K
2023-10-03T08:33:18.476+0800: 1724.274: [GC (Allocation Failure) [PSYoungGen: 126464K->1536K(123392K)] 208459K->84484K(257536K), 0.0038893 secs] [Times: user=0.03 sys=0.00, real=0.01 secs] 
Heap after GC invocations=304 (full 0):
 PSYoungGen      total 123392K, used 1536K [0x00000000f8300000, 0x0000000100000000, 0x0000000100000000)
  eden space 121856K, 0% used [0x00000000f8300000,0x00000000f8300000,0x00000000ffa00000)
  from space 1536K, 100% used [0x00000000ffe80000,0x0000000100000000,0x0000000100000000)
  to   space 3072K, 0% used [0x00000000ffa00000,0x00000000ffa00000,0x00000000ffd00000)
 ParOldGen       total 134144K, used 82948K [0x00000000f0000000, 0x00000000f8300000, 0x00000000f8300000)
  object space 134144K, 61% used [0x00000000f0000000,0x00000000f51012b8,0x00000000f8300000)
 Metaspace       used 53351K, capacity 56750K, committed 57088K, reserved 1099776K
  class space    used 6491K, capacity 7071K, committed 7168K, reserved 1048576K
}
{Heap before GC invocations=305 (full 0):
 PSYoungGen      total 123392K, used 123392K [0x00000000f8300000, 0x0000000100000000, 0x0000000100000000)
  eden space 121856K, 100% used [0x00000000f8300000,0x00000000ffa00000,0x00000000ffa00000)
  from space 1536K, 100% used [0x00000000ffe80000,0x0000000100000000,0x0000000100000000)
  to   space 3072K, 0% used [0x00000000ffa00000,0x00000000ffa00000,0x00000000ffd00000)
 ParOldGen       total 134144K, used 82948K [0x00000000f0000000, 0x00000000f8300000, 0x00000000f8300000)
  object space 134144K, 61% used [0x00000000f0000000,0x00000000f51012b8,0x00000000f8300000)
 Metaspace       used 53351K, capacity 56750K, committed 57088K, reserved 1099776K
  class space    used 6491K, capacity 7071K, committed 7168K, reserved 1048576K
2023-10-03T08:33:22.521+0800: 1728.319: [GC (Allocation Failure) [PSYoungGen: 123392K->1600K(124928K)] 206340K->84869K(259072K), 0.0058720 secs] [Times: user=0.05 sys=0.00, real=0.00 secs] 
Heap after GC invocations=305 (full 0):
 PSYoungGen      total 124928K, used 1600K [0x00000000f8300000, 0x0000000100000000, 0x0000000100000000)
  eden space 121856K, 0% used [0x00000000f8300000,0x00000000f8300000,0x00000000ffa00000)
  from space 3072K, 52% used [0x00000000ffa00000,0x00000000ffb90000,0x00000000ffd00000)
  to   space 3072K, 0% used [0x00000000ffd00000,0x00000000ffd00000,0x0000000100000000)
 ParOldGen       total 134144K, used 83269K [0x00000000f0000000, 0x00000000f8300000, 0x00000000f8300000)
  object space 134144K, 62% used [0x00000000f0000000,0x00000000f5151478,0x00000000f8300000)
 Metaspace       used 53351K, capacity 56750K, committed 57088K, reserved 1099776K
  class space    used 6491K, capacity 7071K, committed 7168K, reserved 1048576K
}
{Heap before GC invocations=306 (full 0):
 PSYoungGen      total 124928K, used 123456K [0x00000000f8300000, 0x0000000100000000, 0x0000000100000000)
  eden space 121856K, 100% used [0x00000000f8300000,0x00000000ffa00000,0x00000000ffa00000)
  from space 3072K, 52% used [0x00000000ffa00000,0x00000000ffb90000,0x00000000ffd00000)
  to   space 3072K, 0% used [0x00000000ffd00000,0x00000000ffd00000,0x0000000100000000)
 ParOldGen       total 134144K, used 83269K [0x00000000f0000000, 0x00000000f8300000, 0x00000000f8300000)
  object space 134144K, 62% used [0x00000000f0000000,0x00000000f5151478,0x00000000f8300000)
 Metaspace       used 53351K, capacity 56750K, committed 57088K, reserved 1099776K
  class space    used 6491K, capacity 7071K, committed 7168K, reserved 1048576K
2023-10-03T08:33:26.566+0800: 1732.364: [GC (Allocation Failure) [PSYoungGen: 123456K->1568K(124928K)] 206725K->85141K(259072K), 0.0061802 secs] [Times: user=0.05 sys=0.00, real=0.01 secs] 
Heap after GC invocations=306 (full 0):
 PSYoungGen      total 124928K, used 1568K [0x00000000f8300000, 0x0000000100000000, 0x0000000100000000)
  eden space 121856K, 0% used [0x00000000f8300000,0x00000000f8300000,0x00000000ffa00000)
  from space 3072K, 51% used [0x00000000ffd00000,0x00000000ffe88000,0x0000000100000000)
  to   space 3072K, 0% used [0x00000000ffa00000,0x00000000ffa00000,0x00000000ffd00000)
 ParOldGen       total 134144K, used 83573K [0x00000000f0000000, 0x00000000f8300000, 0x00000000f8300000)
  object space 134144K, 62% used [0x00000000f0000000,0x00000000f519d638,0x00000000f8300000)
 Metaspace       used 53351K, capacity 56750K, committed 57088K, reserved 1099776K
  class space    used 6491K, capacity 7071K, committed 7168K, reserved 1048576K
}
{Heap before GC invocations=307 (full 0):
 PSYoungGen      total 124928K, used 123424K [0x00000000f8300000, 0x0000000100000000, 0x0000000100000000)
  eden space 121856K, 100% used [0x00000000f8300000,0x00000000ffa00000,0x00000000ffa00000)
  from space 3072K, 51% used [0x00000000ffd00000,0x00000000ffe88000,0x0000000100000000)
  to   space 3072K, 0% used [0x00000000ffa00000,0x00000000ffa00000,0x00000000ffd00000)
 ParOldGen       total 134144K, used 83573K [0x00000000f0000000, 0x00000000f8300000, 0x00000000f8300000)
  object space 134144K, 62% used [0x00000000f0000000,0x00000000f519d638,0x00000000f8300000)
 Metaspace       used 53351K, capacity 56750K, committed 57088K, reserved 1099776K
  class space    used 6491K, capacity 7071K, committed 7168K, reserved 1048576K
2023-10-03T08:33:30.595+0800: 1736.393: [GC (Allocation Failure) [PSYoungGen: 123424K->1248K(124928K)] 206997K->85133K(259072K), 0.0084231 secs] [Times: user=0.05 sys=0.01, real=0.01 secs] 
Heap after GC invocations=307 (full 0):
 PSYoungGen      total 124928K, used 1248K [0x00000000f8300000, 0x0000000100000000, 0x0000000100000000)
  eden space 121856K, 0% used [0x00000000f8300000,0x00000000f8300000,0x00000000ffa00000)
  from space 3072K, 40% used [0x00000000ffa00000,0x00000000ffb38000,0x00000000ffd00000)
  to   space 3072K, 0% used [0x00000000ffd00000,0x00000000ffd00000,0x0000000100000000)
 ParOldGen       total 134144K, used 83885K [0x00000000f0000000, 0x00000000f8300000, 0x00000000f8300000)
  object space 134144K, 62% used [0x00000000f0000000,0x00000000f51eb7d8,0x00000000f8300000)
 Metaspace       used 53351K, capacity 56750K, committed 57088K, reserved 1099776K
  class space    used 6491K, capacity 7071K, committed 7168K, reserved 1048576K
}
{Heap before GC invocations=308 (full 0):
 PSYoungGen      total 124928K, used 123104K [0x00000000f8300000, 0x0000000100000000, 0x0000000100000000)
  eden space 121856K, 100% used [0x00000000f8300000,0x00000000ffa00000,0x00000000ffa00000)
  from space 3072K, 40% used [0x00000000ffa00000,0x00000000ffb38000,0x00000000ffd00000)
  to   space 3072K, 0% used [0x00000000ffd00000,0x00000000ffd00000,0x0000000100000000)
 ParOldGen       total 134144K, used 83885K [0x00000000f0000000, 0x00000000f8300000, 0x00000000f8300000)
  object space 134144K, 62% used [0x00000000f0000000,0x00000000f51eb7d8,0x00000000f8300000)
 Metaspace       used 53351K, capacity 56750K, committed 57088K, reserved 1099776K
  class space    used 6491K, capacity 7071K, committed 7168K, reserved 1048576K
2023-10-03T08:33:34.644+0800: 1740.442: [GC (Allocation Failure) [PSYoungGen: 123104K->1440K(124928K)] 206989K->85405K(259072K), 0.0085700 secs] [Times: user=0.05 sys=0.00, real=0.01 secs] 
Heap after GC invocations=308 (full 0):
 PSYoungGen      total 124928K, used 1440K [0x00000000f8300000, 0x0000000100000000, 0x0000000100000000)
  eden space 121856K, 0% used [0x00000000f8300000,0x00000000f8300000,0x00000000ffa00000)
  from space 3072K, 46% used [0x00000000ffd00000,0x00000000ffe68000,0x0000000100000000)
  to   space 3072K, 0% used [0x00000000ffa00000,0x00000000ffa00000,0x00000000ffd00000)
 ParOldGen       total 134144K, used 83965K [0x00000000f0000000, 0x00000000f8300000, 0x00000000f8300000)
  object space 134144K, 62% used [0x00000000f0000000,0x00000000f51ff7d8,0x00000000f8300000)
 Metaspace       used 53351K, capacity 56750K, committed 57088K, reserved 1099776K
  class space    used 6491K, capacity 7071K, committed 7168K, reserved 1048576K
}
{Heap before GC invocations=309 (full 0):
 PSYoungGen      total 124928K, used 123296K [0x00000000f8300000, 0x0000000100000000, 0x0000000100000000)
  eden space 121856K, 100% used [0x00000000f8300000,0x00000000ffa00000,0x00000000ffa00000)
  from space 3072K, 46% used [0x00000000ffd00000,0x00000000ffe68000,0x0000000100000000)
  to   space 3072K, 0% used [0x00000000ffa00000,0x00000000ffa00000,0x00000000ffd00000)
 ParOldGen       total 134144K, used 83965K [0x00000000f0000000, 0x00000000f8300000, 0x00000000f8300000)
  object space 134144K, 62% used [0x00000000f0000000,0x00000000f51ff7d8,0x00000000f8300000)
 Metaspace       used 53351K, capacity 56750K, committed 57088K, reserved 1099776K
  class space    used 6491K, capacity 7071K, committed 7168K, reserved 1048576K
2023-10-03T08:33:38.696+0800: 1744.494: [GC (Allocation Failure) [PSYoungGen: 123296K->1280K(124928K)] 207261K->85470K(259072K), 0.0068291 secs] [Times: user=0.05 sys=0.01, real=0.01 secs] 
Heap after GC invocations=309 (full 0):
 PSYoungGen      total 124928K, used 1280K [0x00000000f8300000, 0x0000000100000000, 0x0000000100000000)
  eden space 121856K, 0% used [0x00000000f8300000,0x00000000f8300000,0x00000000ffa00000)
  from space 3072K, 41% used [0x00000000ffa00000,0x00000000ffb40000,0x00000000ffd00000)
  to   space 3072K, 0% used [0x00000000ffd00000,0x00000000ffd00000,0x0000000100000000)
 ParOldGen       total 134144K, used 84190K [0x00000000f0000000, 0x00000000f8300000, 0x00000000f8300000)
  object space 134144K, 62% used [0x00000000f0000000,0x00000000f52378b8,0x00000000f8300000)
 Metaspace       used 53351K, capacity 56750K, committed 57088K, reserved 1099776K
  class space    used 6491K, capacity 7071K, committed 7168K, reserved 1048576K
}
{Heap before GC invocations=310 (full 0):
 PSYoungGen      total 124928K, used 123136K [0x00000000f8300000, 0x0000000100000000, 0x0000000100000000)
  eden space 121856K, 100% used [0x00000000f8300000,0x00000000ffa00000,0x00000000ffa00000)
  from space 3072K, 41% used [0x00000000ffa00000,0x00000000ffb40000,0x00000000ffd00000)
  to   space 3072K, 0% used [0x00000000ffd00000,0x00000000ffd00000,0x0000000100000000)
 ParOldGen       total 134144K, used 84190K [0x00000000f0000000, 0x00000000f8300000, 0x00000000f8300000)
  object space 134144K, 62% used [0x00000000f0000000,0x00000000f52378b8,0x00000000f8300000)
 Metaspace       used 53351K, capacity 56750K, committed 57088K, reserved 1099776K
  class space    used 6491K, capacity 7071K, committed 7168K, reserved 1048576K
2023-10-03T08:33:42.744+0800: 1748.542: [GC (Allocation Failure) [PSYoungGen: 123136K->1280K(124928K)] 207326K->85542K(259072K), 0.0084346 secs] [Times: user=0.05 sys=0.00, real=0.01 secs] 
Heap after GC invocations=310 (full 0):
 PSYoungGen      total 124928K, used 1280K [0x00000000f8300000, 0x0000000100000000, 0x0000000100000000)
  eden space 121856K, 0% used [0x00000000f8300000,0x00000000f8300000,0x00000000ffa00000)
  from space 3072K, 41% used [0x00000000ffd00000,0x00000000ffe40000,0x0000000100000000)
  to   space 3072K, 0% used [0x00000000ffa00000,0x00000000ffa00000,0x00000000ffd00000)
 ParOldGen       total 134144K, used 84262K [0x00000000f0000000, 0x00000000f8300000, 0x00000000f8300000)
  object space 134144K, 62% used [0x00000000f0000000,0x00000000f52498b8,0x00000000f8300000)
 Metaspace       used 53351K, capacity 56750K, committed 57088K, reserved 1099776K
  class space    used 6491K, capacity 7071K, committed 7168K, reserved 1048576K
}
{Heap before GC invocations=311 (full 0):
 PSYoungGen      total 124928K, used 123136K [0x00000000f8300000, 0x0000000100000000, 0x0000000100000000)
  eden space 121856K, 100% used [0x00000000f8300000,0x00000000ffa00000,0x00000000ffa00000)
  from space 3072K, 41% used [0x00000000ffd00000,0x00000000ffe40000,0x0000000100000000)
  to   space 3072K, 0% used [0x00000000ffa00000,0x00000000ffa00000,0x00000000ffd00000)
 ParOldGen       total 134144K, used 84262K [0x00000000f0000000, 0x00000000f8300000, 0x00000000f8300000)
  object space 134144K, 62% used [0x00000000f0000000,0x00000000f52498b8,0x00000000f8300000)
 Metaspace       used 53351K, capacity 56750K, committed 57088K, reserved 1099776K
  class space    used 6491K, capacity 7071K, committed 7168K, reserved 1048576K
2023-10-03T08:33:46.792+0800: 1752.590: [GC (Allocation Failure) [PSYoungGen: 123136K->1280K(124928K)] 207398K->85622K(259072K), 0.0059863 secs] [Times: user=0.05 sys=0.00, real=0.00 secs] 
Heap after GC invocations=311 (full 0):
 PSYoungGen      total 124928K, used 1280K [0x00000000f8300000, 0x0000000100000000, 0x0000000100000000)
  eden space 121856K, 0% used [0x00000000f8300000,0x00000000f8300000,0x00000000ffa00000)
  from space 3072K, 41% used [0x00000000ffa00000,0x00000000ffb40000,0x00000000ffd00000)
  to   space 3072K, 0% used [0x00000000ffd00000,0x00000000ffd00000,0x0000000100000000)
 ParOldGen       total 134144K, used 84342K [0x00000000f0000000, 0x00000000f8300000, 0x00000000f8300000)
  object space 134144K, 62% used [0x00000000f0000000,0x00000000f525d8b8,0x00000000f8300000)
 Metaspace       used 53351K, capacity 56750K, committed 57088K, reserved 1099776K
  class space    used 6491K, capacity 7071K, committed 7168K, reserved 1048576K
}
{Heap before GC invocations=312 (full 0):
 PSYoungGen      total 124928K, used 123136K [0x00000000f8300000, 0x0000000100000000, 0x0000000100000000)
  eden space 121856K, 100% used [0x00000000f8300000,0x00000000ffa00000,0x00000000ffa00000)
  from space 3072K, 41% used [0x00000000ffa00000,0x00000000ffb40000,0x00000000ffd00000)
  to   space 3072K, 0% used [0x00000000ffd00000,0x00000000ffd00000,0x0000000100000000)
 ParOldGen       total 134144K, used 84342K [0x00000000f0000000, 0x00000000f8300000, 0x00000000f8300000)
  object space 134144K, 62% used [0x00000000f0000000,0x00000000f525d8b8,0x00000000f8300000)
 Metaspace       used 53351K, capacity 56750K, committed 57088K, reserved 1099776K
  class space    used 6491K, capacity 7071K, committed 7168K, reserved 1048576K
2023-10-03T08:33:50.838+0800: 1756.636: [GC (Allocation Failure) [PSYoungGen: 123136K->1248K(125440K)] 207478K->85662K(259584K), 0.0063807 secs] [Times: user=0.05 sys=0.00, real=0.01 secs] 
Heap after GC invocations=312 (full 0):
 PSYoungGen      total 125440K, used 1248K [0x00000000f8300000, 0x0000000100000000, 0x0000000100000000)
  eden space 122368K, 0% used [0x00000000f8300000,0x00000000f8300000,0x00000000ffa80000)
  from space 3072K, 40% used [0x00000000ffd00000,0x00000000ffe38000,0x0000000100000000)
  to   space 2560K, 0% used [0x00000000ffa80000,0x00000000ffa80000,0x00000000ffd00000)
 ParOldGen       total 134144K, used 84414K [0x00000000f0000000, 0x00000000f8300000, 0x00000000f8300000)
  object space 134144K, 62% used [0x00000000f0000000,0x00000000f526f8b8,0x00000000f8300000)
 Metaspace       used 53351K, capacity 56750K, committed 57088K, reserved 1099776K
  class space    used 6491K, capacity 7071K, committed 7168K, reserved 1048576K
}
{Heap before GC invocations=313 (full 0):
 PSYoungGen      total 125440K, used 123616K [0x00000000f8300000, 0x0000000100000000, 0x0000000100000000)
  eden space 122368K, 100% used [0x00000000f8300000,0x00000000ffa80000,0x00000000ffa80000)
  from space 3072K, 40% used [0x00000000ffd00000,0x00000000ffe38000,0x0000000100000000)
  to   space 2560K, 0% used [0x00000000ffa80000,0x00000000ffa80000,0x00000000ffd00000)
 ParOldGen       total 134144K, used 84414K [0x00000000f0000000, 0x00000000f8300000, 0x00000000f8300000)
  object space 134144K, 62% used [0x00000000f0000000,0x00000000f526f8b8,0x00000000f8300000)
 Metaspace       used 53351K, capacity 56750K, committed 57088K, reserved 1099776K
  class space    used 6491K, capacity 7071K, committed 7168K, reserved 1048576K
2023-10-03T08:33:54.890+0800: 1760.688: [GC (Allocation Failure) [PSYoungGen: 123616K->1312K(124928K)] 208030K->85782K(259072K), 0.0083751 secs] [Times: user=0.04 sys=0.00, real=0.00 secs] 
Heap after GC invocations=313 (full 0):
 PSYoungGen      total 124928K, used 1312K [0x00000000f8300000, 0x0000000100000000, 0x0000000100000000)
  eden space 122368K, 0% used [0x00000000f8300000,0x00000000f8300000,0x00000000ffa80000)
  from space 2560K, 51% used [0x00000000ffa80000,0x00000000ffbc8000,0x00000000ffd00000)
  to   space 2560K, 0% used [0x00000000ffd80000,0x00000000ffd80000,0x0000000100000000)
 ParOldGen       total 134144K, used 84470K [0x00000000f0000000, 0x00000000f8300000, 0x00000000f8300000)
  object space 134144K, 62% used [0x00000000f0000000,0x00000000f527d8b8,0x00000000f8300000)
 Metaspace       used 53351K, capacity 56750K, committed 57088K, reserved 1099776K
  class space    used 6491K, capacity 7071K, committed 7168K, reserved 1048576K
}
{Heap before GC invocations=314 (full 0):
 PSYoungGen      total 124928K, used 123680K [0x00000000f8300000, 0x0000000100000000, 0x0000000100000000)
  eden space 122368K, 100% used [0x00000000f8300000,0x00000000ffa80000,0x00000000ffa80000)
  from space 2560K, 51% used [0x00000000ffa80000,0x00000000ffbc8000,0x00000000ffd00000)
  to   space 2560K, 0% used [0x00000000ffd80000,0x00000000ffd80000,0x0000000100000000)
 ParOldGen       total 134144K, used 84470K [0x00000000f0000000, 0x00000000f8300000, 0x00000000f8300000)
  object space 134144K, 62% used [0x00000000f0000000,0x00000000f527d8b8,0x00000000f8300000)
 Metaspace       used 53351K, capacity 56750K, committed 57088K, reserved 1099776K
  class space    used 6491K, capacity 7071K, committed 7168K, reserved 1048576K
2023-10-03T08:33:58.946+0800: 1764.744: [GC (Allocation Failure) [PSYoungGen: 123680K->1280K(125440K)] 208150K->85782K(259584K), 0.0060837 secs] [Times: user=0.05 sys=0.01, real=0.01 secs] 
Heap after GC invocations=314 (full 0):
 PSYoungGen      total 125440K, used 1280K [0x00000000f8300000, 0x0000000100000000, 0x0000000100000000)
  eden space 122880K, 0% used [0x00000000f8300000,0x00000000f8300000,0x00000000ffb00000)
  from space 2560K, 50% used [0x00000000ffd80000,0x00000000ffec0000,0x0000000100000000)
  to   space 2560K, 0% used [0x00000000ffb00000,0x00000000ffb00000,0x00000000ffd80000)
 ParOldGen       total 134144K, used 84502K [0x00000000f0000000, 0x00000000f8300000, 0x00000000f8300000)
  object space 134144K, 62% used [0x00000000f0000000,0x00000000f52858b8,0x00000000f8300000)
 Metaspace       used 53351K, capacity 56750K, committed 57088K, reserved 1099776K
  class space    used 6491K, capacity 7071K, committed 7168K, reserved 1048576K
}
{Heap before GC invocations=315 (full 0):
 PSYoungGen      total 125440K, used 124160K [0x00000000f8300000, 0x0000000100000000, 0x0000000100000000)
  eden space 122880K, 100% used [0x00000000f8300000,0x00000000ffb00000,0x00000000ffb00000)
  from space 2560K, 50% used [0x00000000ffd80000,0x00000000ffec0000,0x0000000100000000)
  to   space 2560K, 0% used [0x00000000ffb00000,0x00000000ffb00000,0x00000000ffd80000)
 ParOldGen       total 134144K, used 84502K [0x00000000f0000000, 0x00000000f8300000, 0x00000000f8300000)
  object space 134144K, 62% used [0x00000000f0000000,0x00000000f52858b8,0x00000000f8300000)
 Metaspace       used 53351K, capacity 56750K, committed 57088K, reserved 1099776K
  class space    used 6491K, capacity 7071K, committed 7168K, reserved 1048576K
2023-10-03T08:34:02.996+0800: 1768.794: [GC (Allocation Failure) [PSYoungGen: 124160K->1312K(125440K)] 208662K->85854K(259584K), 0.0061931 secs] [Times: user=0.05 sys=0.00, real=0.01 secs] 
Heap after GC invocations=315 (full 0):
 PSYoungGen      total 125440K, used 1312K [0x00000000f8300000, 0x0000000100000000, 0x0000000100000000)
  eden space 122880K, 0% used [0x00000000f8300000,0x00000000f8300000,0x00000000ffb00000)
  from space 2560K, 51% used [0x00000000ffb00000,0x00000000ffc48000,0x00000000ffd80000)
  to   space 2560K, 0% used [0x00000000ffd80000,0x00000000ffd80000,0x0000000100000000)
 ParOldGen       total 134144K, used 84542K [0x00000000f0000000, 0x00000000f8300000, 0x00000000f8300000)
  object space 134144K, 63% used [0x00000000f0000000,0x00000000f528f8b8,0x00000000f8300000)
 Metaspace       used 53351K, capacity 56750K, committed 57088K, reserved 1099776K
  class space    used 6491K, capacity 7071K, committed 7168K, reserved 1048576K
}
{Heap before GC invocations=316 (full 0):
 PSYoungGen      total 125440K, used 124192K [0x00000000f8300000, 0x0000000100000000, 0x0000000100000000)
  eden space 122880K, 100% used [0x00000000f8300000,0x00000000ffb00000,0x00000000ffb00000)
  from space 2560K, 51% used [0x00000000ffb00000,0x00000000ffc48000,0x00000000ffd80000)
  to   space 2560K, 0% used [0x00000000ffd80000,0x00000000ffd80000,0x0000000100000000)
 ParOldGen       total 134144K, used 84542K [0x00000000f0000000, 0x00000000f8300000, 0x00000000f8300000)
  object space 134144K, 63% used [0x00000000f0000000,0x00000000f528f8b8,0x00000000f8300000)
 Metaspace       used 53351K, capacity 56750K, committed 57088K, reserved 1099776K
  class space    used 6491K, capacity 7071K, committed 7168K, reserved 1048576K
2023-10-03T08:34:07.061+0800: 1772.859: [GC (Allocation Failure) [PSYoungGen: 124192K->1248K(125440K)] 208734K->85870K(259584K), 0.0063792 secs] [Times: user=0.04 sys=0.01, real=0.00 secs] 
Heap after GC invocations=316 (full 0):
 PSYoungGen      total 125440K, used 1248K [0x00000000f8300000, 0x0000000100000000, 0x0000000100000000)
  eden space 122880K, 0% used [0x00000000f8300000,0x00000000f8300000,0x00000000ffb00000)
  from space 2560K, 48% used [0x00000000ffd80000,0x00000000ffeb8000,0x0000000100000000)
  to   space 2560K, 0% used [0x00000000ffb00000,0x00000000ffb00000,0x00000000ffd80000)
 ParOldGen       total 134144K, used 84622K [0x00000000f0000000, 0x00000000f8300000, 0x00000000f8300000)
  object space 134144K, 63% used [0x00000000f0000000,0x00000000f52a38b8,0x00000000f8300000)
 Metaspace       used 53351K, capacity 56750K, committed 57088K, reserved 1099776K
  class space    used 6491K, capacity 7071K, committed 7168K, reserved 1048576K
}
{Heap before GC invocations=317 (full 0):
 PSYoungGen      total 125440K, used 124128K [0x00000000f8300000, 0x0000000100000000, 0x0000000100000000)
  eden space 122880K, 100% used [0x00000000f8300000,0x00000000ffb00000,0x00000000ffb00000)
  from space 2560K, 48% used [0x00000000ffd80000,0x00000000ffeb8000,0x0000000100000000)
  to   space 2560K, 0% used [0x00000000ffb00000,0x00000000ffb00000,0x00000000ffd80000)
 ParOldGen       total 134144K, used 84622K [0x00000000f0000000, 0x00000000f8300000, 0x00000000f8300000)
  object space 134144K, 63% used [0x00000000f0000000,0x00000000f52a38b8,0x00000000f8300000)
 Metaspace       used 53351K, capacity 56750K, committed 57088K, reserved 1099776K
  class space    used 6491K, capacity 7071K, committed 7168K, reserved 1048576K
2023-10-03T08:34:11.119+0800: 1776.917: [GC (Allocation Failure) [PSYoungGen: 124128K->1312K(125440K)] 208750K->86014K(259584K), 0.0089691 secs] [Times: user=0.05 sys=0.00, real=0.01 secs] 
Heap after GC invocations=317 (full 0):
 PSYoungGen      total 125440K, used 1312K [0x00000000f8300000, 0x0000000100000000, 0x0000000100000000)
  eden space 122880K, 0% used [0x00000000f8300000,0x00000000f8300000,0x00000000ffb00000)
  from space 2560K, 51% used [0x00000000ffb00000,0x00000000ffc48000,0x00000000ffd80000)
  to   space 2560K, 0% used [0x00000000ffd80000,0x00000000ffd80000,0x0000000100000000)
 ParOldGen       total 134144K, used 84702K [0x00000000f0000000, 0x00000000f8300000, 0x00000000f8300000)
  object space 134144K, 63% used [0x00000000f0000000,0x00000000f52b78b8,0x00000000f8300000)
 Metaspace       used 53351K, capacity 56750K, committed 57088K, reserved 1099776K
  class space    used 6491K, capacity 7071K, committed 7168K, reserved 1048576K
}
{Heap before GC invocations=318 (full 0):
 PSYoungGen      total 125440K, used 124192K [0x00000000f8300000, 0x0000000100000000, 0x0000000100000000)
  eden space 122880K, 100% used [0x00000000f8300000,0x00000000ffb00000,0x00000000ffb00000)
  from space 2560K, 51% used [0x00000000ffb00000,0x00000000ffc48000,0x00000000ffd80000)
  to   space 2560K, 0% used [0x00000000ffd80000,0x00000000ffd80000,0x0000000100000000)
 ParOldGen       total 134144K, used 84702K [0x00000000f0000000, 0x00000000f8300000, 0x00000000f8300000)
  object space 134144K, 63% used [0x00000000f0000000,0x00000000f52b78b8,0x00000000f8300000)
 Metaspace       used 53352K, capacity 56750K, committed 57088K, reserved 1099776K
  class space    used 6491K, capacity 7071K, committed 7168K, reserved 1048576K
2023-10-03T08:34:15.177+0800: 1780.975: [GC (Allocation Failure) [PSYoungGen: 124192K->1248K(125440K)] 208894K->86022K(259584K), 0.0087090 secs] [Times: user=0.06 sys=0.00, real=0.01 secs] 
Heap after GC invocations=318 (full 0):
 PSYoungGen      total 125440K, used 1248K [0x00000000f8300000, 0x0000000100000000, 0x0000000100000000)
  eden space 122880K, 0% used [0x00000000f8300000,0x00000000f8300000,0x00000000ffb00000)
  from space 2560K, 48% used [0x00000000ffd80000,0x00000000ffeb8000,0x0000000100000000)
  to   space 2560K, 0% used [0x00000000ffb00000,0x00000000ffb00000,0x00000000ffd80000)
 ParOldGen       total 134144K, used 84774K [0x00000000f0000000, 0x00000000f8300000, 0x00000000f8300000)
  object space 134144K, 63% used [0x00000000f0000000,0x00000000f52c98b8,0x00000000f8300000)
 Metaspace       used 53352K, capacity 56750K, committed 57088K, reserved 1099776K
  class space    used 6491K, capacity 7071K, committed 7168K, reserved 1048576K
}
{Heap before GC invocations=319 (full 0):
 PSYoungGen      total 125440K, used 124128K [0x00000000f8300000, 0x0000000100000000, 0x0000000100000000)
  eden space 122880K, 100% used [0x00000000f8300000,0x00000000ffb00000,0x00000000ffb00000)
  from space 2560K, 48% used [0x00000000ffd80000,0x00000000ffeb8000,0x0000000100000000)
  to   space 2560K, 0% used [0x00000000ffb00000,0x00000000ffb00000,0x00000000ffd80000)
 ParOldGen       total 134144K, used 84774K [0x00000000f0000000, 0x00000000f8300000, 0x00000000f8300000)
  object space 134144K, 63% used [0x00000000f0000000,0x00000000f52c98b8,0x00000000f8300000)
 Metaspace       used 53352K, capacity 56750K, committed 57088K, reserved 1099776K
  class space    used 6491K, capacity 7071K, committed 7168K, reserved 1048576K
2023-10-03T08:34:19.236+0800: 1785.034: [GC (Allocation Failure) [PSYoungGen: 124128K->1248K(125440K)] 208902K->86078K(259584K), 0.0086280 secs] [Times: user=0.05 sys=0.00, real=0.01 secs] 
Heap after GC invocations=319 (full 0):
 PSYoungGen      total 125440K, used 1248K [0x00000000f8300000, 0x0000000100000000, 0x0000000100000000)
  eden space 122880K, 0% used [0x00000000f8300000,0x00000000f8300000,0x00000000ffb00000)
  from space 2560K, 48% used [0x00000000ffb00000,0x00000000ffc38000,0x00000000ffd80000)
  to   space 2560K, 0% used [0x00000000ffd80000,0x00000000ffd80000,0x0000000100000000)
 ParOldGen       total 134144K, used 84830K [0x00000000f0000000, 0x00000000f8300000, 0x00000000f8300000)
  object space 134144K, 63% used [0x00000000f0000000,0x00000000f52d78b8,0x00000000f8300000)
 Metaspace       used 53352K, capacity 56750K, committed 57088K, reserved 1099776K
  class space    used 6491K, capacity 7071K, committed 7168K, reserved 1048576K
}
{Heap before GC invocations=320 (full 0):
 PSYoungGen      total 125440K, used 124128K [0x00000000f8300000, 0x0000000100000000, 0x0000000100000000)
  eden space 122880K, 100% used [0x00000000f8300000,0x00000000ffb00000,0x00000000ffb00000)
  from space 2560K, 48% used [0x00000000ffb00000,0x00000000ffc38000,0x00000000ffd80000)
  to   space 2560K, 0% used [0x00000000ffd80000,0x00000000ffd80000,0x0000000100000000)
 ParOldGen       total 134144K, used 84830K [0x00000000f0000000, 0x00000000f8300000, 0x00000000f8300000)
  object space 134144K, 63% used [0x00000000f0000000,0x00000000f52d78b8,0x00000000f8300000)
 Metaspace       used 53352K, capacity 56750K, committed 57088K, reserved 1099776K
  class space    used 6491K, capacity 7071K, committed 7168K, reserved 1048576K
2023-10-03T08:34:23.298+0800: 1789.096: [GC (Allocation Failure) [PSYoungGen: 124128K->1280K(125440K)] 208958K->86174K(259584K), 0.0087286 secs] [Times: user=0.05 sys=0.00, real=0.01 secs] 
Heap after GC invocations=320 (full 0):
 PSYoungGen      total 125440K, used 1280K [0x00000000f8300000, 0x0000000100000000, 0x0000000100000000)
  eden space 122880K, 0% used [0x00000000f8300000,0x00000000f8300000,0x00000000ffb00000)
  from space 2560K, 50% used [0x00000000ffd80000,0x00000000ffec0000,0x0000000100000000)
  to   space 2560K, 0% used [0x00000000ffb00000,0x00000000ffb00000,0x00000000ffd80000)
 ParOldGen       total 134144K, used 84894K [0x00000000f0000000, 0x00000000f8300000, 0x00000000f8300000)
  object space 134144K, 63% used [0x00000000f0000000,0x00000000f52e78b8,0x00000000f8300000)
 Metaspace       used 53352K, capacity 56750K, committed 57088K, reserved 1099776K
  class space    used 6491K, capacity 7071K, committed 7168K, reserved 1048576K
}
{Heap before GC invocations=321 (full 0):
 PSYoungGen      total 125440K, used 124160K [0x00000000f8300000, 0x0000000100000000, 0x0000000100000000)
  eden space 122880K, 100% used [0x00000000f8300000,0x00000000ffb00000,0x00000000ffb00000)
  from space 2560K, 50% used [0x00000000ffd80000,0x00000000ffec0000,0x0000000100000000)
  to   space 2560K, 0% used [0x00000000ffb00000,0x00000000ffb00000,0x00000000ffd80000)
 ParOldGen       total 134144K, used 84894K [0x00000000f0000000, 0x00000000f8300000, 0x00000000f8300000)
  object space 134144K, 63% used [0x00000000f0000000,0x00000000f52e78b8,0x00000000f8300000)
 Metaspace       used 53352K, capacity 56750K, committed 57088K, reserved 1099776K
  class space    used 6491K, capacity 7071K, committed 7168K, reserved 1048576K
2023-10-03T08:34:27.638+0800: 1793.436: [GC (Allocation Failure) [PSYoungGen: 124160K->1280K(125440K)] 209054K->86230K(259584K), 0.0081201 secs] [Times: user=0.05 sys=0.00, real=0.01 secs] 
Heap after GC invocations=321 (full 0):
 PSYoungGen      total 125440K, used 1280K [0x00000000f8300000, 0x0000000100000000, 0x0000000100000000)
  eden space 122880K, 0% used [0x00000000f8300000,0x00000000f8300000,0x00000000ffb00000)
  from space 2560K, 50% used [0x00000000ffb00000,0x00000000ffc40000,0x00000000ffd80000)
  to   space 2048K, 0% used [0x00000000ffe00000,0x00000000ffe00000,0x0000000100000000)
 ParOldGen       total 134144K, used 84950K [0x00000000f0000000, 0x00000000f8300000, 0x00000000f8300000)
  object space 134144K, 63% used [0x00000000f0000000,0x00000000f52f58b8,0x00000000f8300000)
 Metaspace       used 53352K, capacity 56750K, committed 57088K, reserved 1099776K
  class space    used 6491K, capacity 7071K, committed 7168K, reserved 1048576K
}
{Heap before GC invocations=322 (full 0):
 PSYoungGen      total 125440K, used 124160K [0x00000000f8300000, 0x0000000100000000, 0x0000000100000000)
  eden space 122880K, 100% used [0x00000000f8300000,0x00000000ffb00000,0x00000000ffb00000)
  from space 2560K, 50% used [0x00000000ffb00000,0x00000000ffc40000,0x00000000ffd80000)
  to   space 2048K, 0% used [0x00000000ffe00000,0x00000000ffe00000,0x0000000100000000)
 ParOldGen       total 134144K, used 84950K [0x00000000f0000000, 0x00000000f8300000, 0x00000000f8300000)
  object space 134144K, 63% used [0x00000000f0000000,0x00000000f52f58b8,0x00000000f8300000)
 Metaspace       used 53352K, capacity 56750K, committed 57088K, reserved 1099776K
  class space    used 6491K, capacity 7071K, committed 7168K, reserved 1048576K
2023-10-03T08:34:31.713+0800: 1797.511: [GC (Allocation Failure) [PSYoungGen: 124160K->1280K(125952K)] 209110K->86254K(260096K), 0.0064792 secs] [Times: user=0.05 sys=0.00, real=0.01 secs] 
Heap after GC invocations=322 (full 0):
 PSYoungGen      total 125952K, used 1280K [0x00000000f8300000, 0x0000000100000000, 0x0000000100000000)
  eden space 123904K, 0% used [0x00000000f8300000,0x00000000f8300000,0x00000000ffc00000)
  from space 2048K, 62% used [0x00000000ffe00000,0x00000000fff40000,0x0000000100000000)
  to   space 2048K, 0% used [0x00000000ffc00000,0x00000000ffc00000,0x00000000ffe00000)
 ParOldGen       total 134144K, used 84974K [0x00000000f0000000, 0x00000000f8300000, 0x00000000f8300000)
  object space 134144K, 63% used [0x00000000f0000000,0x00000000f52fb8b8,0x00000000f8300000)
 Metaspace       used 53352K, capacity 56750K, committed 57088K, reserved 1099776K
  class space    used 6491K, capacity 7071K, committed 7168K, reserved 1048576K
}
{Heap before GC invocations=323 (full 0):
 PSYoungGen      total 125952K, used 125184K [0x00000000f8300000, 0x0000000100000000, 0x0000000100000000)
  eden space 123904K, 100% used [0x00000000f8300000,0x00000000ffc00000,0x00000000ffc00000)
  from space 2048K, 62% used [0x00000000ffe00000,0x00000000fff40000,0x0000000100000000)
  to   space 2048K, 0% used [0x00000000ffc00000,0x00000000ffc00000,0x00000000ffe00000)
 ParOldGen       total 134144K, used 84974K [0x00000000f0000000, 0x00000000f8300000, 0x00000000f8300000)
  object space 134144K, 63% used [0x00000000f0000000,0x00000000f52fb8b8,0x00000000f8300000)
 Metaspace       used 53352K, capacity 56750K, committed 57088K, reserved 1099776K
  class space    used 6491K, capacity 7071K, committed 7168K, reserved 1048576K
2023-10-03T08:34:35.770+0800: 1801.568: [GC (Allocation Failure) [PSYoungGen: 125184K->1280K(125952K)] 210158K->86334K(260096K), 0.0102570 secs] [Times: user=0.05 sys=0.00, real=0.01 secs] 
Heap after GC invocations=323 (full 0):
 PSYoungGen      total 125952K, used 1280K [0x00000000f8300000, 0x0000000100000000, 0x0000000100000000)
  eden space 123904K, 0% used [0x00000000f8300000,0x00000000f8300000,0x00000000ffc00000)
  from space 2048K, 62% used [0x00000000ffc00000,0x00000000ffd40000,0x00000000ffe00000)
  to   space 2048K, 0% used [0x00000000ffe00000,0x00000000ffe00000,0x0000000100000000)
 ParOldGen       total 134144K, used 85054K [0x00000000f0000000, 0x00000000f8300000, 0x00000000f8300000)
  object space 134144K, 63% used [0x00000000f0000000,0x00000000f530f8b8,0x00000000f8300000)
 Metaspace       used 53352K, capacity 56750K, committed 57088K, reserved 1099776K
  class space    used 6491K, capacity 7071K, committed 7168K, reserved 1048576K
}
{Heap before GC invocations=324 (full 0):
 PSYoungGen      total 125952K, used 125184K [0x00000000f8300000, 0x0000000100000000, 0x0000000100000000)
  eden space 123904K, 100% used [0x00000000f8300000,0x00000000ffc00000,0x00000000ffc00000)
  from space 2048K, 62% used [0x00000000ffc00000,0x00000000ffd40000,0x00000000ffe00000)
  to   space 2048K, 0% used [0x00000000ffe00000,0x00000000ffe00000,0x0000000100000000)
 ParOldGen       total 134144K, used 85054K [0x00000000f0000000, 0x00000000f8300000, 0x00000000f8300000)
  object space 134144K, 63% used [0x00000000f0000000,0x00000000f530f8b8,0x00000000f8300000)
 Metaspace       used 53352K, capacity 56750K, committed 57088K, reserved 1099776K
  class space    used 6491K, capacity 7071K, committed 7168K, reserved 1048576K
2023-10-03T08:34:39.834+0800: 1805.632: [GC (Allocation Failure) [PSYoungGen: 125184K->1248K(125952K)] 210238K->86318K(260096K), 0.0082780 secs] [Times: user=0.05 sys=0.01, real=0.01 secs] 
Heap after GC invocations=324 (full 0):
 PSYoungGen      total 125952K, used 1248K [0x00000000f8300000, 0x0000000100000000, 0x0000000100000000)
  eden space 123904K, 0% used [0x00000000f8300000,0x00000000f8300000,0x00000000ffc00000)
  from space 2048K, 60% used [0x00000000ffe00000,0x00000000fff38000,0x0000000100000000)
  to   space 2048K, 0% used [0x00000000ffc00000,0x00000000ffc00000,0x00000000ffe00000)
 ParOldGen       total 134144K, used 85070K [0x00000000f0000000, 0x00000000f8300000, 0x00000000f8300000)
  object space 134144K, 63% used [0x00000000f0000000,0x00000000f53138b8,0x00000000f8300000)
 Metaspace       used 53352K, capacity 56750K, committed 57088K, reserved 1099776K
  class space    used 6491K, capacity 7071K, committed 7168K, reserved 1048576K
}
{Heap before GC invocations=325 (full 0):
 PSYoungGen      total 125952K, used 125152K [0x00000000f8300000, 0x0000000100000000, 0x0000000100000000)
  eden space 123904K, 100% used [0x00000000f8300000,0x00000000ffc00000,0x00000000ffc00000)
  from space 2048K, 60% used [0x00000000ffe00000,0x00000000fff38000,0x0000000100000000)
  to   space 2048K, 0% used [0x00000000ffc00000,0x00000000ffc00000,0x00000000ffe00000)
 ParOldGen       total 134144K, used 85070K [0x00000000f0000000, 0x00000000f8300000, 0x00000000f8300000)
  object space 134144K, 63% used [0x00000000f0000000,0x00000000f53138b8,0x00000000f8300000)
 Metaspace       used 53353K, capacity 56750K, committed 57088K, reserved 1099776K
  class space    used 6491K, capacity 7071K, committed 7168K, reserved 1048576K
2023-10-03T08:34:43.902+0800: 1809.700: [GC (Allocation Failure) [PSYoungGen: 125152K->1280K(125952K)] 210222K->86422K(260096K), 0.0084057 secs] [Times: user=0.05 sys=0.00, real=0.01 secs] 
Heap after GC invocations=325 (full 0):
 PSYoungGen      total 125952K, used 1280K [0x00000000f8300000, 0x0000000100000000, 0x0000000100000000)
  eden space 123904K, 0% used [0x00000000f8300000,0x00000000f8300000,0x00000000ffc00000)
  from space 2048K, 62% used [0x00000000ffc00000,0x00000000ffd40000,0x00000000ffe00000)
  to   space 2048K, 0% used [0x00000000ffe00000,0x00000000ffe00000,0x0000000100000000)
 ParOldGen       total 134144K, used 85142K [0x00000000f0000000, 0x00000000f8300000, 0x00000000f8300000)
  object space 134144K, 63% used [0x00000000f0000000,0x00000000f53258b8,0x00000000f8300000)
 Metaspace       used 53353K, capacity 56750K, committed 57088K, reserved 1099776K
  class space    used 6491K, capacity 7071K, committed 7168K, reserved 1048576K
}
{Heap before GC invocations=326 (full 0):
 PSYoungGen      total 125952K, used 125184K [0x00000000f8300000, 0x0000000100000000, 0x0000000100000000)
  eden space 123904K, 100% used [0x00000000f8300000,0x00000000ffc00000,0x00000000ffc00000)
  from space 2048K, 62% used [0x00000000ffc00000,0x00000000ffd40000,0x00000000ffe00000)
  to   space 2048K, 0% used [0x00000000ffe00000,0x00000000ffe00000,0x0000000100000000)
 ParOldGen       total 134144K, used 85142K [0x00000000f0000000, 0x00000000f8300000, 0x00000000f8300000)
  object space 134144K, 63% used [0x00000000f0000000,0x00000000f53258b8,0x00000000f8300000)
 Metaspace       used 53382K, capacity 56760K, committed 57088K, reserved 1099776K
  class space    used 6495K, capacity 7074K, committed 7168K, reserved 1048576K
2023-10-03T08:34:47.966+0800: 1813.764: [GC (Allocation Failure) [PSYoungGen: 125184K->1376K(125952K)] 210326K->86582K(260096K), 0.0022903 secs] [Times: user=0.01 sys=0.00, real=0.00 secs] 
Heap after GC invocations=326 (full 0):
 PSYoungGen      total 125952K, used 1376K [0x00000000f8300000, 0x0000000100000000, 0x0000000100000000)
  eden space 123904K, 0% used [0x00000000f8300000,0x00000000f8300000,0x00000000ffc00000)
  from space 2048K, 67% used [0x00000000ffe00000,0x00000000fff58000,0x0000000100000000)
  to   space 2048K, 0% used [0x00000000ffc00000,0x00000000ffc00000,0x00000000ffe00000)
 ParOldGen       total 134144K, used 85206K [0x00000000f0000000, 0x00000000f8300000, 0x00000000f8300000)
  object space 134144K, 63% used [0x00000000f0000000,0x00000000f53358b8,0x00000000f8300000)
 Metaspace       used 53382K, capacity 56760K, committed 57088K, reserved 1099776K
  class space    used 6495K, capacity 7074K, committed 7168K, reserved 1048576K
}
{Heap before GC invocations=327 (full 0):
 PSYoungGen      total 125952K, used 125280K [0x00000000f8300000, 0x0000000100000000, 0x0000000100000000)
  eden space 123904K, 100% used [0x00000000f8300000,0x00000000ffc00000,0x00000000ffc00000)
  from space 2048K, 67% used [0x00000000ffe00000,0x00000000fff58000,0x0000000100000000)
  to   space 2048K, 0% used [0x00000000ffc00000,0x00000000ffc00000,0x00000000ffe00000)
 ParOldGen       total 134144K, used 85206K [0x00000000f0000000, 0x00000000f8300000, 0x00000000f8300000)
  object space 134144K, 63% used [0x00000000f0000000,0x00000000f53358b8,0x00000000f8300000)
 Metaspace       used 53392K, capacity 56760K, committed 57088K, reserved 1099776K
  class space    used 6495K, capacity 7074K, committed 7168K, reserved 1048576K
2023-10-03T08:34:52.025+0800: 1817.823: [GC (Allocation Failure) [PSYoungGen: 125280K->1344K(125952K)] 210486K->86682K(260096K), 0.0082090 secs] [Times: user=0.05 sys=0.00, real=0.01 secs] 
Heap after GC invocations=327 (full 0):
 PSYoungGen      total 125952K, used 1344K [0x00000000f8300000, 0x0000000100000000, 0x0000000100000000)
  eden space 123904K, 0% used [0x00000000f8300000,0x00000000f8300000,0x00000000ffc00000)
  from space 2048K, 65% used [0x00000000ffc00000,0x00000000ffd50000,0x00000000ffe00000)
  to   space 2048K, 0% used [0x00000000ffe00000,0x00000000ffe00000,0x0000000100000000)
 ParOldGen       total 134144K, used 85338K [0x00000000f0000000, 0x00000000f8300000, 0x00000000f8300000)
  object space 134144K, 63% used [0x00000000f0000000,0x00000000f53568d8,0x00000000f8300000)
 Metaspace       used 53392K, capacity 56760K, committed 57088K, reserved 1099776K
  class space    used 6495K, capacity 7074K, committed 7168K, reserved 1048576K
}
{Heap before GC invocations=328 (full 0):
 PSYoungGen      total 125952K, used 125248K [0x00000000f8300000, 0x0000000100000000, 0x0000000100000000)
  eden space 123904K, 100% used [0x00000000f8300000,0x00000000ffc00000,0x00000000ffc00000)
  from space 2048K, 65% used [0x00000000ffc00000,0x00000000ffd50000,0x00000000ffe00000)
  to   space 2048K, 0% used [0x00000000ffe00000,0x00000000ffe00000,0x0000000100000000)
 ParOldGen       total 134144K, used 85338K [0x00000000f0000000, 0x00000000f8300000, 0x00000000f8300000)
  object space 134144K, 63% used [0x00000000f0000000,0x00000000f53568d8,0x00000000f8300000)
 Metaspace       used 53392K, capacity 56760K, committed 57088K, reserved 1099776K
  class space    used 6495K, capacity 7074K, committed 7168K, reserved 1048576K
2023-10-03T08:34:56.105+0800: 1821.903: [GC (Allocation Failure) [PSYoungGen: 125248K->1312K(125952K)] 210586K->86758K(260096K), 0.0078001 secs] [Times: user=0.05 sys=0.01, real=0.01 secs] 
Heap after GC invocations=328 (full 0):
 PSYoungGen      total 125952K, used 1312K [0x00000000f8300000, 0x0000000100000000, 0x0000000100000000)
  eden space 123904K, 0% used [0x00000000f8300000,0x00000000f8300000,0x00000000ffc00000)
  from space 2048K, 64% used [0x00000000ffe00000,0x00000000fff48000,0x0000000100000000)
  to   space 2048K, 0% used [0x00000000ffc00000,0x00000000ffc00000,0x00000000ffe00000)
 ParOldGen       total 134144K, used 85446K [0x00000000f0000000, 0x00000000f8300000, 0x00000000f8300000)
  object space 134144K, 63% used [0x00000000f0000000,0x00000000f53718f8,0x00000000f8300000)
 Metaspace       used 53392K, capacity 56760K, committed 57088K, reserved 1099776K
  class space    used 6495K, capacity 7074K, committed 7168K, reserved 1048576K
}
{Heap before GC invocations=329 (full 0):
 PSYoungGen      total 125952K, used 125216K [0x00000000f8300000, 0x0000000100000000, 0x0000000100000000)
  eden space 123904K, 100% used [0x00000000f8300000,0x00000000ffc00000,0x00000000ffc00000)
  from space 2048K, 64% used [0x00000000ffe00000,0x00000000fff48000,0x0000000100000000)
  to   space 2048K, 0% used [0x00000000ffc00000,0x00000000ffc00000,0x00000000ffe00000)
 ParOldGen       total 134144K, used 85446K [0x00000000f0000000, 0x00000000f8300000, 0x00000000f8300000)
  object space 134144K, 63% used [0x00000000f0000000,0x00000000f53718f8,0x00000000f8300000)
 Metaspace       used 53393K, capacity 56760K, committed 57088K, reserved 1099776K
  class space    used 6495K, capacity 7074K, committed 7168K, reserved 1048576K
2023-10-03T08:35:00.440+0800: 1826.238: [GC (Allocation Failure) [PSYoungGen: 125216K->1280K(125952K)] 210662K->86750K(260096K), 0.0085317 secs] [Times: user=0.04 sys=0.01, real=0.00 secs] 
Heap after GC invocations=329 (full 0):
 PSYoungGen      total 125952K, used 1280K [0x00000000f8300000, 0x0000000100000000, 0x0000000100000000)
  eden space 123904K, 0% used [0x00000000f8300000,0x00000000f8300000,0x00000000ffc00000)
  from space 2048K, 62% used [0x00000000ffc00000,0x00000000ffd40000,0x00000000ffe00000)
  to   space 2048K, 0% used [0x00000000ffe00000,0x00000000ffe00000,0x0000000100000000)
 ParOldGen       total 134144K, used 85470K [0x00000000f0000000, 0x00000000f8300000, 0x00000000f8300000)
  object space 134144K, 63% used [0x00000000f0000000,0x00000000f53778f8,0x00000000f8300000)
 Metaspace       used 53393K, capacity 56760K, committed 57088K, reserved 1099776K
  class space    used 6495K, capacity 7074K, committed 7168K, reserved 1048576K
}
{Heap before GC invocations=330 (full 0):
 PSYoungGen      total 125952K, used 125184K [0x00000000f8300000, 0x0000000100000000, 0x0000000100000000)
  eden space 123904K, 100% used [0x00000000f8300000,0x00000000ffc00000,0x00000000ffc00000)
  from space 2048K, 62% used [0x00000000ffc00000,0x00000000ffd40000,0x00000000ffe00000)
  to   space 2048K, 0% used [0x00000000ffe00000,0x00000000ffe00000,0x0000000100000000)
 ParOldGen       total 134144K, used 85470K [0x00000000f0000000, 0x00000000f8300000, 0x00000000f8300000)
  object space 134144K, 63% used [0x00000000f0000000,0x00000000f53778f8,0x00000000f8300000)
 Metaspace       used 53399K, capacity 56766K, committed 57088K, reserved 1099776K
  class space    used 6496K, capacity 7075K, committed 7168K, reserved 1048576K
2023-10-03T08:35:04.519+0800: 1830.317: [GC (Allocation Failure) [PSYoungGen: 125184K->1344K(125952K)] 210654K->86894K(260096K), 0.0031610 secs] [Times: user=0.02 sys=0.01, real=0.00 secs] 
Heap after GC invocations=330 (full 0):
 PSYoungGen      total 125952K, used 1344K [0x00000000f8300000, 0x0000000100000000, 0x0000000100000000)
  eden space 123904K, 0% used [0x00000000f8300000,0x00000000f8300000,0x00000000ffc00000)
  from space 2048K, 65% used [0x00000000ffe00000,0x00000000fff50000,0x0000000100000000)
  to   space 2048K, 0% used [0x00000000ffc00000,0x00000000ffc00000,0x00000000ffe00000)
 ParOldGen       total 134144K, used 85550K [0x00000000f0000000, 0x00000000f8300000, 0x00000000f8300000)
  object space 134144K, 63% used [0x00000000f0000000,0x00000000f538b8f8,0x00000000f8300000)
 Metaspace       used 53399K, capacity 56766K, committed 57088K, reserved 1099776K
  class space    used 6496K, capacity 7075K, committed 7168K, reserved 1048576K
}
{Heap before GC invocations=331 (full 0):
 PSYoungGen      total 125952K, used 125248K [0x00000000f8300000, 0x0000000100000000, 0x0000000100000000)
  eden space 123904K, 100% used [0x00000000f8300000,0x00000000ffc00000,0x00000000ffc00000)
  from space 2048K, 65% used [0x00000000ffe00000,0x00000000fff50000,0x0000000100000000)
  to   space 2048K, 0% used [0x00000000ffc00000,0x00000000ffc00000,0x00000000ffe00000)
 ParOldGen       total 134144K, used 85550K [0x00000000f0000000, 0x00000000f8300000, 0x00000000f8300000)
  object space 134144K, 63% used [0x00000000f0000000,0x00000000f538b8f8,0x00000000f8300000)
 Metaspace       used 53400K, capacity 56766K, committed 57088K, reserved 1099776K
  class space    used 6496K, capacity 7075K, committed 7168K, reserved 1048576K
2023-10-03T08:35:08.579+0800: 1834.377: [GC (Allocation Failure) [PSYoungGen: 125248K->1280K(125952K)] 210798K->86962K(260096K), 0.0085199 secs] [Times: user=0.05 sys=0.00, real=0.00 secs] 
Heap after GC invocations=331 (full 0):
 PSYoungGen      total 125952K, used 1280K [0x00000000f8300000, 0x0000000100000000, 0x0000000100000000)
  eden space 123904K, 0% used [0x00000000f8300000,0x00000000f8300000,0x00000000ffc00000)
  from space 2048K, 62% used [0x00000000ffc00000,0x00000000ffd40000,0x00000000ffe00000)
  to   space 2048K, 0% used [0x00000000ffe00000,0x00000000ffe00000,0x0000000100000000)
 ParOldGen       total 134144K, used 85682K [0x00000000f0000000, 0x00000000f8300000, 0x00000000f8300000)
  object space 134144K, 63% used [0x00000000f0000000,0x00000000f53ac918,0x00000000f8300000)
 Metaspace       used 53400K, capacity 56766K, committed 57088K, reserved 1099776K
  class space    used 6496K, capacity 7075K, committed 7168K, reserved 1048576K
}
{Heap before GC invocations=332 (full 0):
 PSYoungGen      total 125952K, used 125184K [0x00000000f8300000, 0x0000000100000000, 0x0000000100000000)
  eden space 123904K, 100% used [0x00000000f8300000,0x00000000ffc00000,0x00000000ffc00000)
  from space 2048K, 62% used [0x00000000ffc00000,0x00000000ffd40000,0x00000000ffe00000)
  to   space 2048K, 0% used [0x00000000ffe00000,0x00000000ffe00000,0x0000000100000000)
 ParOldGen       total 134144K, used 85682K [0x00000000f0000000, 0x00000000f8300000, 0x00000000f8300000)
  object space 134144K, 63% used [0x00000000f0000000,0x00000000f53ac918,0x00000000f8300000)
 Metaspace       used 53426K, capacity 56854K, committed 57088K, reserved 1099776K
  class space    used 6498K, capacity 7079K, committed 7168K, reserved 1048576K
2023-10-03T08:35:12.630+0800: 1838.428: [GC (Allocation Failure) [PSYoungGen: 125184K->1424K(125952K)] 210866K->87202K(260096K), 0.0060764 secs] [Times: user=0.05 sys=0.00, real=0.00 secs] 
Heap after GC invocations=332 (full 0):
 PSYoungGen      total 125952K, used 1424K [0x00000000f8300000, 0x0000000100000000, 0x0000000100000000)
  eden space 123904K, 0% used [0x00000000f8300000,0x00000000f8300000,0x00000000ffc00000)
  from space 2048K, 69% used [0x00000000ffe00000,0x00000000fff64010,0x0000000100000000)
  to   space 2048K, 0% used [0x00000000ffc00000,0x00000000ffc00000,0x00000000ffe00000)
 ParOldGen       total 134144K, used 85778K [0x00000000f0000000, 0x00000000f8300000, 0x00000000f8300000)
  object space 134144K, 63% used [0x00000000f0000000,0x00000000f53c4918,0x00000000f8300000)
 Metaspace       used 53426K, capacity 56854K, committed 57088K, reserved 1099776K
  class space    used 6498K, capacity 7079K, committed 7168K, reserved 1048576K
}
{Heap before GC invocations=333 (full 0):
 PSYoungGen      total 125952K, used 125328K [0x00000000f8300000, 0x0000000100000000, 0x0000000100000000)
  eden space 123904K, 100% used [0x00000000f8300000,0x00000000ffc00000,0x00000000ffc00000)
  from space 2048K, 69% used [0x00000000ffe00000,0x00000000fff64010,0x0000000100000000)
  to   space 2048K, 0% used [0x00000000ffc00000,0x00000000ffc00000,0x00000000ffe00000)
 ParOldGen       total 134144K, used 85778K [0x00000000f0000000, 0x00000000f8300000, 0x00000000f8300000)
  object space 134144K, 63% used [0x00000000f0000000,0x00000000f53c4918,0x00000000f8300000)
 Metaspace       used 53426K, capacity 56854K, committed 57088K, reserved 1099776K
  class space    used 6498K, capacity 7079K, committed 7168K, reserved 1048576K
2023-10-03T08:35:16.685+0800: 1842.483: [GC (Allocation Failure) [PSYoungGen: 125328K->1312K(125952K)] 211106K->87274K(260096K), 0.0084517 secs] [Times: user=0.05 sys=0.00, real=0.01 secs] 
Heap after GC invocations=333 (full 0):
 PSYoungGen      total 125952K, used 1312K [0x00000000f8300000, 0x0000000100000000, 0x0000000100000000)
  eden space 123904K, 0% used [0x00000000f8300000,0x00000000f8300000,0x00000000ffc00000)
  from space 2048K, 64% used [0x00000000ffc00000,0x00000000ffd48000,0x00000000ffe00000)
  to   space 2048K, 0% used [0x00000000ffe00000,0x00000000ffe00000,0x0000000100000000)
 ParOldGen       total 134144K, used 85962K [0x00000000f0000000, 0x00000000f8300000, 0x00000000f8300000)
  object space 134144K, 64% used [0x00000000f0000000,0x00000000f53f2958,0x00000000f8300000)
 Metaspace       used 53426K, capacity 56854K, committed 57088K, reserved 1099776K
  class space    used 6498K, capacity 7079K, committed 7168K, reserved 1048576K
}
{Heap before GC invocations=334 (full 0):
 PSYoungGen      total 125952K, used 125216K [0x00000000f8300000, 0x0000000100000000, 0x0000000100000000)
  eden space 123904K, 100% used [0x00000000f8300000,0x00000000ffc00000,0x00000000ffc00000)
  from space 2048K, 64% used [0x00000000ffc00000,0x00000000ffd48000,0x00000000ffe00000)
  to   space 2048K, 0% used [0x00000000ffe00000,0x00000000ffe00000,0x0000000100000000)
 ParOldGen       total 134144K, used 85962K [0x00000000f0000000, 0x00000000f8300000, 0x00000000f8300000)
  object space 134144K, 64% used [0x00000000f0000000,0x00000000f53f2958,0x00000000f8300000)
 Metaspace       used 53461K, capacity 56902K, committed 57088K, reserved 1099776K
  class space    used 6503K, capacity 7087K, committed 7168K, reserved 1048576K
2023-10-03T08:35:20.742+0800: 1846.540: [GC (Allocation Failure) [PSYoungGen: 125216K->1344K(125952K)] 211178K->87354K(260096K), 0.0078607 secs] [Times: user=0.05 sys=0.00, real=0.01 secs] 
Heap after GC invocations=334 (full 0):
 PSYoungGen      total 125952K, used 1344K [0x00000000f8300000, 0x0000000100000000, 0x0000000100000000)
  eden space 123904K, 0% used [0x00000000f8300000,0x00000000f8300000,0x00000000ffc00000)
  from space 2048K, 65% used [0x00000000ffe00000,0x00000000fff50000,0x0000000100000000)
  to   space 2048K, 0% used [0x00000000ffc00000,0x00000000ffc00000,0x00000000ffe00000)
 ParOldGen       total 134144K, used 86010K [0x00000000f0000000, 0x00000000f8300000, 0x00000000f8300000)
  object space 134144K, 64% used [0x00000000f0000000,0x00000000f53fe958,0x00000000f8300000)
 Metaspace       used 53461K, capacity 56902K, committed 57088K, reserved 1099776K
  class space    used 6503K, capacity 7087K, committed 7168K, reserved 1048576K
}
{Heap before GC invocations=335 (full 0):
 PSYoungGen      total 125952K, used 125248K [0x00000000f8300000, 0x0000000100000000, 0x0000000100000000)
  eden space 123904K, 100% used [0x00000000f8300000,0x00000000ffc00000,0x00000000ffc00000)
  from space 2048K, 65% used [0x00000000ffe00000,0x00000000fff50000,0x0000000100000000)
  to   space 2048K, 0% used [0x00000000ffc00000,0x00000000ffc00000,0x00000000ffe00000)
 ParOldGen       total 134144K, used 86010K [0x00000000f0000000, 0x00000000f8300000, 0x00000000f8300000)
  object space 134144K, 64% used [0x00000000f0000000,0x00000000f53fe958,0x00000000f8300000)
 Metaspace       used 53479K, capacity 56902K, committed 57088K, reserved 1099776K
  class space    used 6503K, capacity 7087K, committed 7168K, reserved 1048576K
2023-10-03T08:35:24.752+0800: 1850.550: [GC (Allocation Failure) [PSYoungGen: 125248K->1520K(125952K)] 211258K->87662K(260096K), 0.0039660 secs] [Times: user=0.01 sys=0.02, real=0.00 secs] 
Heap after GC invocations=335 (full 0):
 PSYoungGen      total 125952K, used 1520K [0x00000000f8300000, 0x0000000100000000, 0x0000000100000000)
  eden space 123904K, 0% used [0x00000000f8300000,0x00000000f8300000,0x00000000ffc00000)
  from space 2048K, 74% used [0x00000000ffc00000,0x00000000ffd7c010,0x00000000ffe00000)
  to   space 2048K, 0% used [0x00000000ffe00000,0x00000000ffe00000,0x0000000100000000)
 ParOldGen       total 134144K, used 86142K [0x00000000f0000000, 0x00000000f8300000, 0x00000000f8300000)
  object space 134144K, 64% used [0x00000000f0000000,0x00000000f541f978,0x00000000f8300000)
 Metaspace       used 53479K, capacity 56902K, committed 57088K, reserved 1099776K
  class space    used 6503K, capacity 7087K, committed 7168K, reserved 1048576K
}
{Heap before GC invocations=336 (full 0):
 PSYoungGen      total 125952K, used 125424K [0x00000000f8300000, 0x0000000100000000, 0x0000000100000000)
  eden space 123904K, 100% used [0x00000000f8300000,0x00000000ffc00000,0x00000000ffc00000)
  from space 2048K, 74% used [0x00000000ffc00000,0x00000000ffd7c010,0x00000000ffe00000)
  to   space 2048K, 0% used [0x00000000ffe00000,0x00000000ffe00000,0x0000000100000000)
 ParOldGen       total 134144K, used 86142K [0x00000000f0000000, 0x00000000f8300000, 0x00000000f8300000)
  object space 134144K, 64% used [0x00000000f0000000,0x00000000f541f978,0x00000000f8300000)
 Metaspace       used 53479K, capacity 56902K, committed 57088K, reserved 1099776K
  class space    used 6503K, capacity 7087K, committed 7168K, reserved 1048576K
2023-10-03T08:35:28.835+0800: 1854.633: [GC (Allocation Failure) [PSYoungGen: 125424K->1280K(125952K)] 211566K->87702K(260096K), 0.0087039 secs] [Times: user=0.05 sys=0.00, real=0.01 secs] 
Heap after GC invocations=336 (full 0):
 PSYoungGen      total 125952K, used 1280K [0x00000000f8300000, 0x0000000100000000, 0x0000000100000000)
  eden space 123904K, 0% used [0x00000000f8300000,0x00000000f8300000,0x00000000ffc00000)
  from space 2048K, 62% used [0x00000000ffe00000,0x00000000fff40000,0x0000000100000000)
  to   space 2048K, 0% used [0x00000000ffc00000,0x00000000ffc00000,0x00000000ffe00000)
 ParOldGen       total 134144K, used 86422K [0x00000000f0000000, 0x00000000f8300000, 0x00000000f8300000)
  object space 134144K, 64% used [0x00000000f0000000,0x00000000f54659d8,0x00000000f8300000)
 Metaspace       used 53479K, capacity 56902K, committed 57088K, reserved 1099776K
  class space    used 6503K, capacity 7087K, committed 7168K, reserved 1048576K
}
{Heap before GC invocations=337 (full 0):
 PSYoungGen      total 125952K, used 125184K [0x00000000f8300000, 0x0000000100000000, 0x0000000100000000)
  eden space 123904K, 100% used [0x00000000f8300000,0x00000000ffc00000,0x00000000ffc00000)
  from space 2048K, 62% used [0x00000000ffe00000,0x00000000fff40000,0x0000000100000000)
  to   space 2048K, 0% used [0x00000000ffc00000,0x00000000ffc00000,0x00000000ffe00000)
 ParOldGen       total 134144K, used 86422K [0x00000000f0000000, 0x00000000f8300000, 0x00000000f8300000)
  object space 134144K, 64% used [0x00000000f0000000,0x00000000f54659d8,0x00000000f8300000)
 Metaspace       used 53479K, capacity 56902K, committed 57088K, reserved 1099776K
  class space    used 6503K, capacity 7087K, committed 7168K, reserved 1048576K
2023-10-03T08:35:32.934+0800: 1858.732: [GC (Allocation Failure) [PSYoungGen: 125184K->1344K(125952K)] 211606K->87838K(260096K), 0.0083445 secs] [Times: user=0.06 sys=0.00, real=0.01 secs] 
Heap after GC invocations=337 (full 0):
 PSYoungGen      total 125952K, used 1344K [0x00000000f8300000, 0x0000000100000000, 0x0000000100000000)
  eden space 123904K, 0% used [0x00000000f8300000,0x00000000f8300000,0x00000000ffc00000)
  from space 2048K, 65% used [0x00000000ffc00000,0x00000000ffd50000,0x00000000ffe00000)
  to   space 2048K, 0% used [0x00000000ffe00000,0x00000000ffe00000,0x0000000100000000)
 ParOldGen       total 134144K, used 86494K [0x00000000f0000000, 0x00000000f8300000, 0x00000000f8300000)
  object space 134144K, 64% used [0x00000000f0000000,0x00000000f54779d8,0x00000000f8300000)
 Metaspace       used 53479K, capacity 56902K, committed 57088K, reserved 1099776K
  class space    used 6503K, capacity 7087K, committed 7168K, reserved 1048576K
}
{Heap before GC invocations=338 (full 0):
 PSYoungGen      total 125952K, used 125248K [0x00000000f8300000, 0x0000000100000000, 0x0000000100000000)
  eden space 123904K, 100% used [0x00000000f8300000,0x00000000ffc00000,0x00000000ffc00000)
  from space 2048K, 65% used [0x00000000ffc00000,0x00000000ffd50000,0x00000000ffe00000)
  to   space 2048K, 0% used [0x00000000ffe00000,0x00000000ffe00000,0x0000000100000000)
 ParOldGen       total 134144K, used 86494K [0x00000000f0000000, 0x00000000f8300000, 0x00000000f8300000)
  object space 134144K, 64% used [0x00000000f0000000,0x00000000f54779d8,0x00000000f8300000)
 Metaspace       used 53479K, capacity 56902K, committed 57088K, reserved 1099776K
  class space    used 6503K, capacity 7087K, committed 7168K, reserved 1048576K
2023-10-03T08:35:36.998+0800: 1862.796: [GC (Allocation Failure) [PSYoungGen: 125248K->1344K(125952K)] 211742K->87918K(260096K), 0.0078721 secs] [Times: user=0.05 sys=0.00, real=0.01 secs] 
Heap after GC invocations=338 (full 0):
 PSYoungGen      total 125952K, used 1344K [0x00000000f8300000, 0x0000000100000000, 0x0000000100000000)
  eden space 123904K, 0% used [0x00000000f8300000,0x00000000f8300000,0x00000000ffc00000)
  from space 2048K, 65% used [0x00000000ffe00000,0x00000000fff50000,0x0000000100000000)
  to   space 2048K, 0% used [0x00000000ffc00000,0x00000000ffc00000,0x00000000ffe00000)
 ParOldGen       total 134144K, used 86574K [0x00000000f0000000, 0x00000000f8300000, 0x00000000f8300000)
  object space 134144K, 64% used [0x00000000f0000000,0x00000000f548b9d8,0x00000000f8300000)
 Metaspace       used 53479K, capacity 56902K, committed 57088K, reserved 1099776K
  class space    used 6503K, capacity 7087K, committed 7168K, reserved 1048576K
}
{Heap before GC invocations=339 (full 0):
 PSYoungGen      total 125952K, used 125248K [0x00000000f8300000, 0x0000000100000000, 0x0000000100000000)
  eden space 123904K, 100% used [0x00000000f8300000,0x00000000ffc00000,0x00000000ffc00000)
  from space 2048K, 65% used [0x00000000ffe00000,0x00000000fff50000,0x0000000100000000)
  to   space 2048K, 0% used [0x00000000ffc00000,0x00000000ffc00000,0x00000000ffe00000)
 ParOldGen       total 134144K, used 86574K [0x00000000f0000000, 0x00000000f8300000, 0x00000000f8300000)
  object space 134144K, 64% used [0x00000000f0000000,0x00000000f548b9d8,0x00000000f8300000)
 Metaspace       used 53479K, capacity 56902K, committed 57088K, reserved 1099776K
  class space    used 6503K, capacity 7087K, committed 7168K, reserved 1048576K
2023-10-03T08:35:41.363+0800: 1867.161: [GC (Allocation Failure) [PSYoungGen: 125248K->1312K(125952K)] 211822K->87966K(260096K), 0.0040011 secs] [Times: user=0.03 sys=0.00, real=0.00 secs] 
Heap after GC invocations=339 (full 0):
 PSYoungGen      total 125952K, used 1312K [0x00000000f8300000, 0x0000000100000000, 0x0000000100000000)
  eden space 123904K, 0% used [0x00000000f8300000,0x00000000f8300000,0x00000000ffc00000)
  from space 2048K, 64% used [0x00000000ffc00000,0x00000000ffd48000,0x00000000ffe00000)
  to   space 2048K, 0% used [0x00000000ffe00000,0x00000000ffe00000,0x0000000100000000)
 ParOldGen       total 134144K, used 86654K [0x00000000f0000000, 0x00000000f8300000, 0x00000000f8300000)
  object space 134144K, 64% used [0x00000000f0000000,0x00000000f549f9d8,0x00000000f8300000)
 Metaspace       used 53479K, capacity 56902K, committed 57088K, reserved 1099776K
  class space    used 6503K, capacity 7087K, committed 7168K, reserved 1048576K
}
{Heap before GC invocations=340 (full 0):
 PSYoungGen      total 125952K, used 125216K [0x00000000f8300000, 0x0000000100000000, 0x0000000100000000)
  eden space 123904K, 100% used [0x00000000f8300000,0x00000000ffc00000,0x00000000ffc00000)
  from space 2048K, 64% used [0x00000000ffc00000,0x00000000ffd48000,0x00000000ffe00000)
  to   space 2048K, 0% used [0x00000000ffe00000,0x00000000ffe00000,0x0000000100000000)
 ParOldGen       total 134144K, used 86654K [0x00000000f0000000, 0x00000000f8300000, 0x00000000f8300000)
  object space 134144K, 64% used [0x00000000f0000000,0x00000000f549f9d8,0x00000000f8300000)
 Metaspace       used 53479K, capacity 56902K, committed 57088K, reserved 1099776K
  class space    used 6503K, capacity 7087K, committed 7168K, reserved 1048576K
2023-10-03T08:35:45.426+0800: 1871.224: [GC (Allocation Failure) [PSYoungGen: 125216K->1312K(125952K)] 211870K->87990K(260096K), 0.0086126 secs] [Times: user=0.04 sys=0.01, real=0.01 secs] 
Heap after GC invocations=340 (full 0):
 PSYoungGen      total 125952K, used 1312K [0x00000000f8300000, 0x0000000100000000, 0x0000000100000000)
  eden space 123904K, 0% used [0x00000000f8300000,0x00000000f8300000,0x00000000ffc00000)
  from space 2048K, 64% used [0x00000000ffe00000,0x00000000fff48000,0x0000000100000000)
  to   space 2048K, 0% used [0x00000000ffc00000,0x00000000ffc00000,0x00000000ffe00000)
 ParOldGen       total 134144K, used 86678K [0x00000000f0000000, 0x00000000f8300000, 0x00000000f8300000)
  object space 134144K, 64% used [0x00000000f0000000,0x00000000f54a59d8,0x00000000f8300000)
 Metaspace       used 53479K, capacity 56902K, committed 57088K, reserved 1099776K
  class space    used 6503K, capacity 7087K, committed 7168K, reserved 1048576K
}
{Heap before GC invocations=341 (full 0):
 PSYoungGen      total 125952K, used 125216K [0x00000000f8300000, 0x0000000100000000, 0x0000000100000000)
  eden space 123904K, 100% used [0x00000000f8300000,0x00000000ffc00000,0x00000000ffc00000)
  from space 2048K, 64% used [0x00000000ffe00000,0x00000000fff48000,0x0000000100000000)
  to   space 2048K, 0% used [0x00000000ffc00000,0x00000000ffc00000,0x00000000ffe00000)
 ParOldGen       total 134144K, used 86678K [0x00000000f0000000, 0x00000000f8300000, 0x00000000f8300000)
  object space 134144K, 64% used [0x00000000f0000000,0x00000000f54a59d8,0x00000000f8300000)
 Metaspace       used 53479K, capacity 56902K, committed 57088K, reserved 1099776K
  class space    used 6503K, capacity 7087K, committed 7168K, reserved 1048576K
2023-10-03T08:35:49.488+0800: 1875.286: [GC (Allocation Failure) [PSYoungGen: 125216K->1312K(125952K)] 211894K->88046K(260096K), 0.0085590 secs] [Times: user=0.05 sys=0.00, real=0.01 secs] 
Heap after GC invocations=341 (full 0):
 PSYoungGen      total 125952K, used 1312K [0x00000000f8300000, 0x0000000100000000, 0x0000000100000000)
  eden space 123904K, 0% used [0x00000000f8300000,0x00000000f8300000,0x00000000ffc00000)
  from space 2048K, 64% used [0x00000000ffc00000,0x00000000ffd48000,0x00000000ffe00000)
  to   space 1536K, 0% used [0x00000000ffe80000,0x00000000ffe80000,0x0000000100000000)
 ParOldGen       total 134144K, used 86734K [0x00000000f0000000, 0x00000000f8300000, 0x00000000f8300000)
  object space 134144K, 64% used [0x00000000f0000000,0x00000000f54b39d8,0x00000000f8300000)
 Metaspace       used 53479K, capacity 56902K, committed 57088K, reserved 1099776K
  class space    used 6503K, capacity 7087K, committed 7168K, reserved 1048576K
}
{Heap before GC invocations=342 (full 0):
 PSYoungGen      total 125952K, used 125216K [0x00000000f8300000, 0x0000000100000000, 0x0000000100000000)
  eden space 123904K, 100% used [0x00000000f8300000,0x00000000ffc00000,0x00000000ffc00000)
  from space 2048K, 64% used [0x00000000ffc00000,0x00000000ffd48000,0x00000000ffe00000)
  to   space 1536K, 0% used [0x00000000ffe80000,0x00000000ffe80000,0x0000000100000000)
 ParOldGen       total 134144K, used 86734K [0x00000000f0000000, 0x00000000f8300000, 0x00000000f8300000)
  object space 134144K, 64% used [0x00000000f0000000,0x00000000f54b39d8,0x00000000f8300000)
 Metaspace       used 53479K, capacity 56902K, committed 57088K, reserved 1099776K
  class space    used 6503K, capacity 7087K, committed 7168K, reserved 1048576K
2023-10-03T08:35:53.574+0800: 1879.372: [GC (Allocation Failure) [PSYoungGen: 125216K->1280K(126464K)] 211950K->88078K(260608K), 0.0085494 secs] [Times: user=0.06 sys=0.00, real=0.01 secs] 
Heap after GC invocations=342 (full 0):
 PSYoungGen      total 126464K, used 1280K [0x00000000f8300000, 0x0000000100000000, 0x0000000100000000)
  eden space 124928K, 0% used [0x00000000f8300000,0x00000000f8300000,0x00000000ffd00000)
  from space 1536K, 83% used [0x00000000ffe80000,0x00000000fffc0000,0x0000000100000000)
  to   space 1536K, 0% used [0x00000000ffd00000,0x00000000ffd00000,0x00000000ffe80000)
 ParOldGen       total 134144K, used 86798K [0x00000000f0000000, 0x00000000f8300000, 0x00000000f8300000)
  object space 134144K, 64% used [0x00000000f0000000,0x00000000f54c39d8,0x00000000f8300000)
 Metaspace       used 53479K, capacity 56902K, committed 57088K, reserved 1099776K
  class space    used 6503K, capacity 7087K, committed 7168K, reserved 1048576K
}
{Heap before GC invocations=343 (full 0):
 PSYoungGen      total 126464K, used 126208K [0x00000000f8300000, 0x0000000100000000, 0x0000000100000000)
  eden space 124928K, 100% used [0x00000000f8300000,0x00000000ffd00000,0x00000000ffd00000)
  from space 1536K, 83% used [0x00000000ffe80000,0x00000000fffc0000,0x0000000100000000)
  to   space 1536K, 0% used [0x00000000ffd00000,0x00000000ffd00000,0x00000000ffe80000)
 ParOldGen       total 134144K, used 86798K [0x00000000f0000000, 0x00000000f8300000, 0x00000000f8300000)
  object space 134144K, 64% used [0x00000000f0000000,0x00000000f54c39d8,0x00000000f8300000)
 Metaspace       used 53479K, capacity 56902K, committed 57088K, reserved 1099776K
  class space    used 6503K, capacity 7087K, committed 7168K, reserved 1048576K
2023-10-03T08:35:57.676+0800: 1883.474: [GC (Allocation Failure) [PSYoungGen: 126208K->1312K(126464K)] 213006K->88174K(260608K), 0.0087508 secs] [Times: user=0.04 sys=0.01, real=0.01 secs] 
Heap after GC invocations=343 (full 0):
 PSYoungGen      total 126464K, used 1312K [0x00000000f8300000, 0x0000000100000000, 0x0000000100000000)
  eden space 124928K, 0% used [0x00000000f8300000,0x00000000f8300000,0x00000000ffd00000)
  from space 1536K, 85% used [0x00000000ffd00000,0x00000000ffe48000,0x00000000ffe80000)
  to   space 1536K, 0% used [0x00000000ffe80000,0x00000000ffe80000,0x0000000100000000)
 ParOldGen       total 134144K, used 86862K [0x00000000f0000000, 0x00000000f8300000, 0x00000000f8300000)
  object space 134144K, 64% used [0x00000000f0000000,0x00000000f54d39d8,0x00000000f8300000)
 Metaspace       used 53479K, capacity 56902K, committed 57088K, reserved 1099776K
  class space    used 6503K, capacity 7087K, committed 7168K, reserved 1048576K
}
{Heap before GC invocations=344 (full 0):
 PSYoungGen      total 126464K, used 126240K [0x00000000f8300000, 0x0000000100000000, 0x0000000100000000)
  eden space 124928K, 100% used [0x00000000f8300000,0x00000000ffd00000,0x00000000ffd00000)
  from space 1536K, 85% used [0x00000000ffd00000,0x00000000ffe48000,0x00000000ffe80000)
  to   space 1536K, 0% used [0x00000000ffe80000,0x00000000ffe80000,0x0000000100000000)
 ParOldGen       total 134144K, used 86862K [0x00000000f0000000, 0x00000000f8300000, 0x00000000f8300000)
  object space 134144K, 64% used [0x00000000f0000000,0x00000000f54d39d8,0x00000000f8300000)
 Metaspace       used 53482K, capacity 56902K, committed 57088K, reserved 1099776K
  class space    used 6503K, capacity 7087K, committed 7168K, reserved 1048576K
2023-10-03T08:36:01.744+0800: 1887.542: [GC (Allocation Failure) [PSYoungGen: 126240K->1280K(126464K)] 213102K->88214K(260608K), 0.0085571 secs] [Times: user=0.04 sys=0.01, real=0.01 secs] 
Heap after GC invocations=344 (full 0):
 PSYoungGen      total 126464K, used 1280K [0x00000000f8300000, 0x0000000100000000, 0x0000000100000000)
  eden space 124928K, 0% used [0x00000000f8300000,0x00000000f8300000,0x00000000ffd00000)
  from space 1536K, 83% used [0x00000000ffe80000,0x00000000fffc0000,0x0000000100000000)
  to   space 1536K, 0% used [0x00000000ffd00000,0x00000000ffd00000,0x00000000ffe80000)
 ParOldGen       total 134144K, used 86934K [0x00000000f0000000, 0x00000000f8300000, 0x00000000f8300000)
  object space 134144K, 64% used [0x00000000f0000000,0x00000000f54e59d8,0x00000000f8300000)
 Metaspace       used 53482K, capacity 56902K, committed 57088K, reserved 1099776K
  class space    used 6503K, capacity 7087K, committed 7168K, reserved 1048576K
}
{Heap before GC invocations=345 (full 0):
 PSYoungGen      total 126464K, used 126208K [0x00000000f8300000, 0x0000000100000000, 0x0000000100000000)
  eden space 124928K, 100% used [0x00000000f8300000,0x00000000ffd00000,0x00000000ffd00000)
  from space 1536K, 83% used [0x00000000ffe80000,0x00000000fffc0000,0x0000000100000000)
  to   space 1536K, 0% used [0x00000000ffd00000,0x00000000ffd00000,0x00000000ffe80000)
 ParOldGen       total 134144K, used 86934K [0x00000000f0000000, 0x00000000f8300000, 0x00000000f8300000)
  object space 134144K, 64% used [0x00000000f0000000,0x00000000f54e59d8,0x00000000f8300000)
 Metaspace       used 53482K, capacity 56902K, committed 57088K, reserved 1099776K
  class space    used 6503K, capacity 7087K, committed 7168K, reserved 1048576K
2023-10-03T08:36:06.111+0800: 1891.909: [GC (Allocation Failure) [PSYoungGen: 126208K->1312K(126464K)] 213142K->88326K(260608K), 0.0063398 secs] [Times: user=0.05 sys=0.00, real=0.00 secs] 
Heap after GC invocations=345 (full 0):
 PSYoungGen      total 126464K, used 1312K [0x00000000f8300000, 0x0000000100000000, 0x0000000100000000)
  eden space 124928K, 0% used [0x00000000f8300000,0x00000000f8300000,0x00000000ffd00000)
  from space 1536K, 85% used [0x00000000ffd00000,0x00000000ffe48000,0x00000000ffe80000)
  to   space 1536K, 0% used [0x00000000ffe80000,0x00000000ffe80000,0x0000000100000000)
 ParOldGen       total 134144K, used 87014K [0x00000000f0000000, 0x00000000f8300000, 0x00000000f8300000)
  object space 134144K, 64% used [0x00000000f0000000,0x00000000f54f99d8,0x00000000f8300000)
 Metaspace       used 53482K, capacity 56902K, committed 57088K, reserved 1099776K
  class space    used 6503K, capacity 7087K, committed 7168K, reserved 1048576K
}
{Heap before GC invocations=346 (full 0):
 PSYoungGen      total 126464K, used 126240K [0x00000000f8300000, 0x0000000100000000, 0x0000000100000000)
  eden space 124928K, 100% used [0x00000000f8300000,0x00000000ffd00000,0x00000000ffd00000)
  from space 1536K, 85% used [0x00000000ffd00000,0x00000000ffe48000,0x00000000ffe80000)
  to   space 1536K, 0% used [0x00000000ffe80000,0x00000000ffe80000,0x0000000100000000)
 ParOldGen       total 134144K, used 87014K [0x00000000f0000000, 0x00000000f8300000, 0x00000000f8300000)
  object space 134144K, 64% used [0x00000000f0000000,0x00000000f54f99d8,0x00000000f8300000)
 Metaspace       used 53482K, capacity 56902K, committed 57088K, reserved 1099776K
  class space    used 6503K, capacity 7087K, committed 7168K, reserved 1048576K
2023-10-03T08:36:10.188+0800: 1895.986: [GC (Allocation Failure) [PSYoungGen: 126240K->1536K(125440K)] 213254K->88638K(259584K), 0.0041547 secs] [Times: user=0.03 sys=0.00, real=0.01 secs] 
Heap after GC invocations=346 (full 0):
 PSYoungGen      total 125440K, used 1536K [0x00000000f8300000, 0x0000000100000000, 0x0000000100000000)
  eden space 123904K, 0% used [0x00000000f8300000,0x00000000f8300000,0x00000000ffc00000)
  from space 1536K, 100% used [0x00000000ffe80000,0x0000000100000000,0x0000000100000000)
  to   space 2048K, 0% used [0x00000000ffc00000,0x00000000ffc00000,0x00000000ffe00000)
 ParOldGen       total 134144K, used 87102K [0x00000000f0000000, 0x00000000f8300000, 0x00000000f8300000)
  object space 134144K, 64% used [0x00000000f0000000,0x00000000f550f9d8,0x00000000f8300000)
 Metaspace       used 53482K, capacity 56902K, committed 57088K, reserved 1099776K
  class space    used 6503K, capacity 7087K, committed 7168K, reserved 1048576K
}
{Heap before GC invocations=347 (full 0):
 PSYoungGen      total 125440K, used 125440K [0x00000000f8300000, 0x0000000100000000, 0x0000000100000000)
  eden space 123904K, 100% used [0x00000000f8300000,0x00000000ffc00000,0x00000000ffc00000)
  from space 1536K, 100% used [0x00000000ffe80000,0x0000000100000000,0x0000000100000000)
  to   space 2048K, 0% used [0x00000000ffc00000,0x00000000ffc00000,0x00000000ffe00000)
 ParOldGen       total 134144K, used 87102K [0x00000000f0000000, 0x00000000f8300000, 0x00000000f8300000)
  object space 134144K, 64% used [0x00000000f0000000,0x00000000f550f9d8,0x00000000f8300000)
 Metaspace       used 53482K, capacity 56902K, committed 57088K, reserved 1099776K
  class space    used 6503K, capacity 7087K, committed 7168K, reserved 1048576K
2023-10-03T08:36:14.267+0800: 1900.065: [GC (Allocation Failure) [PSYoungGen: 125440K->1344K(125952K)] 212542K->88854K(260096K), 0.0086205 secs] [Times: user=0.04 sys=0.01, real=0.01 secs] 
Heap after GC invocations=347 (full 0):
 PSYoungGen      total 125952K, used 1344K [0x00000000f8300000, 0x0000000100000000, 0x0000000100000000)
  eden space 123904K, 0% used [0x00000000f8300000,0x00000000f8300000,0x00000000ffc00000)
  from space 2048K, 65% used [0x00000000ffc00000,0x00000000ffd50000,0x00000000ffe00000)
  to   space 2048K, 0% used [0x00000000ffe00000,0x00000000ffe00000,0x0000000100000000)
 ParOldGen       total 134144K, used 87510K [0x00000000f0000000, 0x00000000f8300000, 0x00000000f8300000)
  object space 134144K, 65% used [0x00000000f0000000,0x00000000f55759d8,0x00000000f8300000)
 Metaspace       used 53482K, capacity 56902K, committed 57088K, reserved 1099776K
  class space    used 6503K, capacity 7087K, committed 7168K, reserved 1048576K
}
{Heap before GC invocations=348 (full 0):
 PSYoungGen      total 125952K, used 125248K [0x00000000f8300000, 0x0000000100000000, 0x0000000100000000)
  eden space 123904K, 100% used [0x00000000f8300000,0x00000000ffc00000,0x00000000ffc00000)
  from space 2048K, 65% used [0x00000000ffc00000,0x00000000ffd50000,0x00000000ffe00000)
  to   space 2048K, 0% used [0x00000000ffe00000,0x00000000ffe00000,0x0000000100000000)
 ParOldGen       total 134144K, used 87510K [0x00000000f0000000, 0x00000000f8300000, 0x00000000f8300000)
  object space 134144K, 65% used [0x00000000f0000000,0x00000000f55759d8,0x00000000f8300000)
 Metaspace       used 53482K, capacity 56902K, committed 57088K, reserved 1099776K
  class space    used 6503K, capacity 7087K, committed 7168K, reserved 1048576K
2023-10-03T08:36:18.345+0800: 1904.143: [GC (Allocation Failure) [PSYoungGen: 125248K->1280K(125952K)] 212758K->88894K(260096K), 0.0090282 secs] [Times: user=0.06 sys=0.00, real=0.01 secs] 
Heap after GC invocations=348 (full 0):
 PSYoungGen      total 125952K, used 1280K [0x00000000f8300000, 0x0000000100000000, 0x0000000100000000)
  eden space 123904K, 0% used [0x00000000f8300000,0x00000000f8300000,0x00000000ffc00000)
  from space 2048K, 62% used [0x00000000ffe00000,0x00000000fff40000,0x0000000100000000)
  to   space 2048K, 0% used [0x00000000ffc00000,0x00000000ffc00000,0x00000000ffe00000)
 ParOldGen       total 134144K, used 87614K [0x00000000f0000000, 0x00000000f8300000, 0x00000000f8300000)
  object space 134144K, 65% used [0x00000000f0000000,0x00000000f558f9d8,0x00000000f8300000)
 Metaspace       used 53482K, capacity 56902K, committed 57088K, reserved 1099776K
  class space    used 6503K, capacity 7087K, committed 7168K, reserved 1048576K
}
{Heap before GC invocations=349 (full 0):
 PSYoungGen      total 125952K, used 125184K [0x00000000f8300000, 0x0000000100000000, 0x0000000100000000)
  eden space 123904K, 100% used [0x00000000f8300000,0x00000000ffc00000,0x00000000ffc00000)
  from space 2048K, 62% used [0x00000000ffe00000,0x00000000fff40000,0x0000000100000000)
  to   space 2048K, 0% used [0x00000000ffc00000,0x00000000ffc00000,0x00000000ffe00000)
 ParOldGen       total 134144K, used 87614K [0x00000000f0000000, 0x00000000f8300000, 0x00000000f8300000)
  object space 134144K, 65% used [0x00000000f0000000,0x00000000f558f9d8,0x00000000f8300000)
 Metaspace       used 53482K, capacity 56902K, committed 57088K, reserved 1099776K
  class space    used 6503K, capacity 7087K, committed 7168K, reserved 1048576K
2023-10-03T08:36:22.423+0800: 1908.221: [GC (Allocation Failure) [PSYoungGen: 125184K->1344K(125952K)] 212798K->89054K(260096K), 0.0087455 secs] [Times: user=0.05 sys=0.00, real=0.01 secs] 
Heap after GC invocations=349 (full 0):
 PSYoungGen      total 125952K, used 1344K [0x00000000f8300000, 0x0000000100000000, 0x0000000100000000)
  eden space 123904K, 0% used [0x00000000f8300000,0x00000000f8300000,0x00000000ffc00000)
  from space 2048K, 65% used [0x00000000ffc00000,0x00000000ffd50000,0x00000000ffe00000)
  to   space 1536K, 0% used [0x00000000ffe80000,0x00000000ffe80000,0x0000000100000000)
 ParOldGen       total 134144K, used 87710K [0x00000000f0000000, 0x00000000f8300000, 0x00000000f8300000)
  object space 134144K, 65% used [0x00000000f0000000,0x00000000f55a79d8,0x00000000f8300000)
 Metaspace       used 53482K, capacity 56902K, committed 57088K, reserved 1099776K
  class space    used 6503K, capacity 7087K, committed 7168K, reserved 1048576K
}
{Heap before GC invocations=350 (full 0):
 PSYoungGen      total 125952K, used 125248K [0x00000000f8300000, 0x0000000100000000, 0x0000000100000000)
  eden space 123904K, 100% used [0x00000000f8300000,0x00000000ffc00000,0x00000000ffc00000)
  from space 2048K, 65% used [0x00000000ffc00000,0x00000000ffd50000,0x00000000ffe00000)
  to   space 1536K, 0% used [0x00000000ffe80000,0x00000000ffe80000,0x0000000100000000)
 ParOldGen       total 134144K, used 87710K [0x00000000f0000000, 0x00000000f8300000, 0x00000000f8300000)
  object space 134144K, 65% used [0x00000000f0000000,0x00000000f55a79d8,0x00000000f8300000)
 Metaspace       used 53482K, capacity 56902K, committed 57088K, reserved 1099776K
  class space    used 6503K, capacity 7087K, committed 7168K, reserved 1048576K
2023-10-03T08:36:26.799+0800: 1912.597: [GC (Allocation Failure) [PSYoungGen: 125248K->1344K(126464K)] 212958K->89158K(260608K), 0.0066907 secs] [Times: user=0.05 sys=0.00, real=0.00 secs] 
Heap after GC invocations=350 (full 0):
 PSYoungGen      total 126464K, used 1344K [0x00000000f8300000, 0x0000000100000000, 0x0000000100000000)
  eden space 124928K, 0% used [0x00000000f8300000,0x00000000f8300000,0x00000000ffd00000)
  from space 1536K, 87% used [0x00000000ffe80000,0x00000000fffd0000,0x0000000100000000)
  to   space 1536K, 0% used [0x00000000ffd00000,0x00000000ffd00000,0x00000000ffe80000)
 ParOldGen       total 134144K, used 87814K [0x00000000f0000000, 0x00000000f8300000, 0x00000000f8300000)
  object space 134144K, 65% used [0x00000000f0000000,0x00000000f55c19d8,0x00000000f8300000)
 Metaspace       used 53482K, capacity 56902K, committed 57088K, reserved 1099776K
  class space    used 6503K, capacity 7087K, committed 7168K, reserved 1048576K
}
{Heap before GC invocations=351 (full 0):
 PSYoungGen      total 126464K, used 126272K [0x00000000f8300000, 0x0000000100000000, 0x0000000100000000)
  eden space 124928K, 100% used [0x00000000f8300000,0x00000000ffd00000,0x00000000ffd00000)
  from space 1536K, 87% used [0x00000000ffe80000,0x00000000fffd0000,0x0000000100000000)
  to   space 1536K, 0% used [0x00000000ffd00000,0x00000000ffd00000,0x00000000ffe80000)
 ParOldGen       total 134144K, used 87814K [0x00000000f0000000, 0x00000000f8300000, 0x00000000f8300000)
  object space 134144K, 65% used [0x00000000f0000000,0x00000000f55c19d8,0x00000000f8300000)
 Metaspace       used 53490K, capacity 56910K, committed 57088K, reserved 1099776K
  class space    used 6503K, capacity 7087K, committed 7168K, reserved 1048576K
2023-10-03T08:36:30.860+0800: 1916.658: [GC (Allocation Failure) [PSYoungGen: 126272K->1312K(126464K)] 214086K->89246K(260608K), 0.0086443 secs] [Times: user=0.05 sys=0.00, real=0.00 secs] 
Heap after GC invocations=351 (full 0):
 PSYoungGen      total 126464K, used 1312K [0x00000000f8300000, 0x0000000100000000, 0x0000000100000000)
  eden space 124928K, 0% used [0x00000000f8300000,0x00000000f8300000,0x00000000ffd00000)
  from space 1536K, 85% used [0x00000000ffd00000,0x00000000ffe48000,0x00000000ffe80000)
  to   space 1536K, 0% used [0x00000000ffe80000,0x00000000ffe80000,0x0000000100000000)
 ParOldGen       total 134144K, used 87934K [0x00000000f0000000, 0x00000000f8300000, 0x00000000f8300000)
  object space 134144K, 65% used [0x00000000f0000000,0x00000000f55df9d8,0x00000000f8300000)
 Metaspace       used 53490K, capacity 56910K, committed 57088K, reserved 1099776K
  class space    used 6503K, capacity 7087K, committed 7168K, reserved 1048576K
}
{Heap before GC invocations=352 (full 0):
 PSYoungGen      total 126464K, used 126240K [0x00000000f8300000, 0x0000000100000000, 0x0000000100000000)
  eden space 124928K, 100% used [0x00000000f8300000,0x00000000ffd00000,0x00000000ffd00000)
  from space 1536K, 85% used [0x00000000ffd00000,0x00000000ffe48000,0x00000000ffe80000)
  to   space 1536K, 0% used [0x00000000ffe80000,0x00000000ffe80000,0x0000000100000000)
 ParOldGen       total 134144K, used 87934K [0x00000000f0000000, 0x00000000f8300000, 0x00000000f8300000)
  object space 134144K, 65% used [0x00000000f0000000,0x00000000f55df9d8,0x00000000f8300000)
 Metaspace       used 53490K, capacity 56910K, committed 57088K, reserved 1099776K
  class space    used 6503K, capacity 7087K, committed 7168K, reserved 1048576K
2023-10-03T08:36:34.928+0800: 1920.726: [GC (Allocation Failure) [PSYoungGen: 126240K->1376K(126464K)] 214174K->89406K(260608K), 0.0085773 secs] [Times: user=0.06 sys=0.00, real=0.01 secs] 
Heap after GC invocations=352 (full 0):
 PSYoungGen      total 126464K, used 1376K [0x00000000f8300000, 0x0000000100000000, 0x0000000100000000)
  eden space 124928K, 0% used [0x00000000f8300000,0x00000000f8300000,0x00000000ffd00000)
  from space 1536K, 89% used [0x00000000ffe80000,0x00000000fffd8000,0x0000000100000000)
  to   space 1536K, 0% used [0x00000000ffd00000,0x00000000ffd00000,0x00000000ffe80000)
 ParOldGen       total 134144K, used 88030K [0x00000000f0000000, 0x00000000f8300000, 0x00000000f8300000)
  object space 134144K, 65% used [0x00000000f0000000,0x00000000f55f79d8,0x00000000f8300000)
 Metaspace       used 53490K, capacity 56910K, committed 57088K, reserved 1099776K
  class space    used 6503K, capacity 7087K, committed 7168K, reserved 1048576K
}
{Heap before GC invocations=353 (full 0):
 PSYoungGen      total 126464K, used 126304K [0x00000000f8300000, 0x0000000100000000, 0x0000000100000000)
  eden space 124928K, 100% used [0x00000000f8300000,0x00000000ffd00000,0x00000000ffd00000)
  from space 1536K, 89% used [0x00000000ffe80000,0x00000000fffd8000,0x0000000100000000)
  to   space 1536K, 0% used [0x00000000ffd00000,0x00000000ffd00000,0x00000000ffe80000)
 ParOldGen       total 134144K, used 88030K [0x00000000f0000000, 0x00000000f8300000, 0x00000000f8300000)
  object space 134144K, 65% used [0x00000000f0000000,0x00000000f55f79d8,0x00000000f8300000)
 Metaspace       used 53490K, capacity 56910K, committed 57088K, reserved 1099776K
  class space    used 6503K, capacity 7087K, committed 7168K, reserved 1048576K
2023-10-03T08:36:39.015+0800: 1924.813: [GC (Allocation Failure) [PSYoungGen: 126304K->1312K(126464K)] 214334K->89430K(260608K), 0.0092198 secs] [Times: user=0.06 sys=0.00, real=0.01 secs] 
Heap after GC invocations=353 (full 0):
 PSYoungGen      total 126464K, used 1312K [0x00000000f8300000, 0x0000000100000000, 0x0000000100000000)
  eden space 124928K, 0% used [0x00000000f8300000,0x00000000f8300000,0x00000000ffd00000)
  from space 1536K, 85% used [0x00000000ffd00000,0x00000000ffe48000,0x00000000ffe80000)
  to   space 1536K, 0% used [0x00000000ffe80000,0x00000000ffe80000,0x0000000100000000)
 ParOldGen       total 134144K, used 88118K [0x00000000f0000000, 0x00000000f8300000, 0x00000000f8300000)
  object space 134144K, 65% used [0x00000000f0000000,0x00000000f560d9d8,0x00000000f8300000)
 Metaspace       used 53490K, capacity 56910K, committed 57088K, reserved 1099776K
  class space    used 6503K, capacity 7087K, committed 7168K, reserved 1048576K
}
{Heap before GC invocations=354 (full 0):
 PSYoungGen      total 126464K, used 126240K [0x00000000f8300000, 0x0000000100000000, 0x0000000100000000)
  eden space 124928K, 100% used [0x00000000f8300000,0x00000000ffd00000,0x00000000ffd00000)
  from space 1536K, 85% used [0x00000000ffd00000,0x00000000ffe48000,0x00000000ffe80000)
  to   space 1536K, 0% used [0x00000000ffe80000,0x00000000ffe80000,0x0000000100000000)
 ParOldGen       total 134144K, used 88118K [0x00000000f0000000, 0x00000000f8300000, 0x00000000f8300000)
  object space 134144K, 65% used [0x00000000f0000000,0x00000000f560d9d8,0x00000000f8300000)
 Metaspace       used 53490K, capacity 56910K, committed 57088K, reserved 1099776K
  class space    used 6503K, capacity 7087K, committed 7168K, reserved 1048576K
2023-10-03T08:36:43.129+0800: 1928.927: [GC (Allocation Failure) [PSYoungGen: 126240K->1344K(126464K)] 214358K->89550K(260608K), 0.0086154 secs] [Times: user=0.05 sys=0.00, real=0.00 secs] 
Heap after GC invocations=354 (full 0):
 PSYoungGen      total 126464K, used 1344K [0x00000000f8300000, 0x0000000100000000, 0x0000000100000000)
  eden space 124928K, 0% used [0x00000000f8300000,0x00000000f8300000,0x00000000ffd00000)
  from space 1536K, 87% used [0x00000000ffe80000,0x00000000fffd0000,0x0000000100000000)
  to   space 1536K, 0% used [0x00000000ffd00000,0x00000000ffd00000,0x00000000ffe80000)
 ParOldGen       total 134144K, used 88206K [0x00000000f0000000, 0x00000000f8300000, 0x00000000f8300000)
  object space 134144K, 65% used [0x00000000f0000000,0x00000000f56239d8,0x00000000f8300000)
 Metaspace       used 53490K, capacity 56910K, committed 57088K, reserved 1099776K
  class space    used 6503K, capacity 7087K, committed 7168K, reserved 1048576K
}
{Heap before GC invocations=355 (full 0):
 PSYoungGen      total 126464K, used 126272K [0x00000000f8300000, 0x0000000100000000, 0x0000000100000000)
  eden space 124928K, 100% used [0x00000000f8300000,0x00000000ffd00000,0x00000000ffd00000)
  from space 1536K, 87% used [0x00000000ffe80000,0x00000000fffd0000,0x0000000100000000)
  to   space 1536K, 0% used [0x00000000ffd00000,0x00000000ffd00000,0x00000000ffe80000)
 ParOldGen       total 134144K, used 88206K [0x00000000f0000000, 0x00000000f8300000, 0x00000000f8300000)
  object space 134144K, 65% used [0x00000000f0000000,0x00000000f56239d8,0x00000000f8300000)
 Metaspace       used 53490K, capacity 56910K, committed 57088K, reserved 1099776K
  class space    used 6503K, capacity 7087K, committed 7168K, reserved 1048576K
2023-10-03T08:36:47.512+0800: 1933.310: [GC (Allocation Failure) [PSYoungGen: 126272K->1344K(126464K)] 214478K->89646K(260608K), 0.0061667 secs] [Times: user=0.04 sys=0.00, real=0.00 secs] 
Heap after GC invocations=355 (full 0):
 PSYoungGen      total 126464K, used 1344K [0x00000000f8300000, 0x0000000100000000, 0x0000000100000000)
  eden space 124928K, 0% used [0x00000000f8300000,0x00000000f8300000,0x00000000ffd00000)
  from space 1536K, 87% used [0x00000000ffd00000,0x00000000ffe50000,0x00000000ffe80000)
  to   space 1536K, 0% used [0x00000000ffe80000,0x00000000ffe80000,0x0000000100000000)
 ParOldGen       total 134144K, used 88302K [0x00000000f0000000, 0x00000000f8300000, 0x00000000f8300000)
  object space 134144K, 65% used [0x00000000f0000000,0x00000000f563b9d8,0x00000000f8300000)
 Metaspace       used 53490K, capacity 56910K, committed 57088K, reserved 1099776K
  class space    used 6503K, capacity 7087K, committed 7168K, reserved 1048576K
}
{Heap before GC invocations=356 (full 0):
 PSYoungGen      total 126464K, used 126272K [0x00000000f8300000, 0x0000000100000000, 0x0000000100000000)
  eden space 124928K, 100% used [0x00000000f8300000,0x00000000ffd00000,0x00000000ffd00000)
  from space 1536K, 87% used [0x00000000ffd00000,0x00000000ffe50000,0x00000000ffe80000)
  to   space 1536K, 0% used [0x00000000ffe80000,0x00000000ffe80000,0x0000000100000000)
 ParOldGen       total 134144K, used 88302K [0x00000000f0000000, 0x00000000f8300000, 0x00000000f8300000)
  object space 134144K, 65% used [0x00000000f0000000,0x00000000f563b9d8,0x00000000f8300000)
 Metaspace       used 53490K, capacity 56910K, committed 57088K, reserved 1099776K
  class space    used 6503K, capacity 7087K, committed 7168K, reserved 1048576K
2023-10-03T08:36:51.578+0800: 1937.376: [GC (Allocation Failure) [PSYoungGen: 126272K->1280K(126464K)] 214574K->89670K(260608K), 0.0059502 secs] [Times: user=0.05 sys=0.00, real=0.01 secs] 
Heap after GC invocations=356 (full 0):
 PSYoungGen      total 126464K, used 1280K [0x00000000f8300000, 0x0000000100000000, 0x0000000100000000)
  eden space 124928K, 0% used [0x00000000f8300000,0x00000000f8300000,0x00000000ffd00000)
  from space 1536K, 83% used [0x00000000ffe80000,0x00000000fffc0000,0x0000000100000000)
  to   space 1536K, 0% used [0x00000000ffd00000,0x00000000ffd00000,0x00000000ffe80000)
 ParOldGen       total 134144K, used 88390K [0x00000000f0000000, 0x00000000f8300000, 0x00000000f8300000)
  object space 134144K, 65% used [0x00000000f0000000,0x00000000f56519d8,0x00000000f8300000)
 Metaspace       used 53490K, capacity 56910K, committed 57088K, reserved 1099776K
  class space    used 6503K, capacity 7087K, committed 7168K, reserved 1048576K
}
{Heap before GC invocations=357 (full 0):
 PSYoungGen      total 126464K, used 126208K [0x00000000f8300000, 0x0000000100000000, 0x0000000100000000)
  eden space 124928K, 100% used [0x00000000f8300000,0x00000000ffd00000,0x00000000ffd00000)
  from space 1536K, 83% used [0x00000000ffe80000,0x00000000fffc0000,0x0000000100000000)
  to   space 1536K, 0% used [0x00000000ffd00000,0x00000000ffd00000,0x00000000ffe80000)
 ParOldGen       total 134144K, used 88390K [0x00000000f0000000, 0x00000000f8300000, 0x00000000f8300000)
  object space 134144K, 65% used [0x00000000f0000000,0x00000000f56519d8,0x00000000f8300000)
 Metaspace       used 53490K, capacity 56910K, committed 57088K, reserved 1099776K
  class space    used 6503K, capacity 7087K, committed 7168K, reserved 1048576K
2023-10-03T08:36:55.659+0800: 1941.457: [GC (Allocation Failure) [PSYoungGen: 126208K->1312K(126464K)] 214598K->89782K(260608K), 0.0085933 secs] [Times: user=0.04 sys=0.01, real=0.01 secs] 
Heap after GC invocations=357 (full 0):
 PSYoungGen      total 126464K, used 1312K [0x00000000f8300000, 0x0000000100000000, 0x0000000100000000)
  eden space 124928K, 0% used [0x00000000f8300000,0x00000000f8300000,0x00000000ffd00000)
  from space 1536K, 85% used [0x00000000ffd00000,0x00000000ffe48000,0x00000000ffe80000)
  to   space 1536K, 0% used [0x00000000ffe80000,0x00000000ffe80000,0x0000000100000000)
 ParOldGen       total 134144K, used 88470K [0x00000000f0000000, 0x00000000f8300000, 0x00000000f8300000)
  object space 134144K, 65% used [0x00000000f0000000,0x00000000f56659d8,0x00000000f8300000)
 Metaspace       used 53490K, capacity 56910K, committed 57088K, reserved 1099776K
  class space    used 6503K, capacity 7087K, committed 7168K, reserved 1048576K
}
{Heap before GC invocations=358 (full 0):
 PSYoungGen      total 126464K, used 126240K [0x00000000f8300000, 0x0000000100000000, 0x0000000100000000)
  eden space 124928K, 100% used [0x00000000f8300000,0x00000000ffd00000,0x00000000ffd00000)
  from space 1536K, 85% used [0x00000000ffd00000,0x00000000ffe48000,0x00000000ffe80000)
  to   space 1536K, 0% used [0x00000000ffe80000,0x00000000ffe80000,0x0000000100000000)
 ParOldGen       total 134144K, used 88470K [0x00000000f0000000, 0x00000000f8300000, 0x00000000f8300000)
  object space 134144K, 65% used [0x00000000f0000000,0x00000000f56659d8,0x00000000f8300000)
 Metaspace       used 53490K, capacity 56910K, committed 57088K, reserved 1099776K
  class space    used 6503K, capacity 7087K, committed 7168K, reserved 1048576K
2023-10-03T08:36:59.751+0800: 1945.549: [GC (Allocation Failure) [PSYoungGen: 126240K->1312K(126464K)] 214710K->89870K(260608K), 0.0087108 secs] [Times: user=0.05 sys=0.00, real=0.01 secs] 
Heap after GC invocations=358 (full 0):
 PSYoungGen      total 126464K, used 1312K [0x00000000f8300000, 0x0000000100000000, 0x0000000100000000)
  eden space 124928K, 0% used [0x00000000f8300000,0x00000000f8300000,0x00000000ffd00000)
  from space 1536K, 85% used [0x00000000ffe80000,0x00000000fffc8000,0x0000000100000000)
  to   space 1536K, 0% used [0x00000000ffd00000,0x00000000ffd00000,0x00000000ffe80000)
 ParOldGen       total 134144K, used 88558K [0x00000000f0000000, 0x00000000f8300000, 0x00000000f8300000)
  object space 134144K, 66% used [0x00000000f0000000,0x00000000f567b9d8,0x00000000f8300000)
 Metaspace       used 53490K, capacity 56910K, committed 57088K, reserved 1099776K
  class space    used 6503K, capacity 7087K, committed 7168K, reserved 1048576K
}
{Heap before GC invocations=359 (full 0):
 PSYoungGen      total 126464K, used 126240K [0x00000000f8300000, 0x0000000100000000, 0x0000000100000000)
  eden space 124928K, 100% used [0x00000000f8300000,0x00000000ffd00000,0x00000000ffd00000)
  from space 1536K, 85% used [0x00000000ffe80000,0x00000000fffc8000,0x0000000100000000)
  to   space 1536K, 0% used [0x00000000ffd00000,0x00000000ffd00000,0x00000000ffe80000)
 ParOldGen       total 134144K, used 88558K [0x00000000f0000000, 0x00000000f8300000, 0x00000000f8300000)
  object space 134144K, 66% used [0x00000000f0000000,0x00000000f567b9d8,0x00000000f8300000)
 Metaspace       used 53490K, capacity 56910K, committed 57088K, reserved 1099776K
  class space    used 6503K, capacity 7087K, committed 7168K, reserved 1048576K
2023-10-03T08:37:04.167+0800: 1949.965: [GC (Allocation Failure) [PSYoungGen: 126240K->1312K(126464K)] 214798K->89942K(260608K), 0.0059639 secs] [Times: user=0.04 sys=0.00, real=0.01 secs] 
Heap after GC invocations=359 (full 0):
 PSYoungGen      total 126464K, used 1312K [0x00000000f8300000, 0x0000000100000000, 0x0000000100000000)
  eden space 124928K, 0% used [0x00000000f8300000,0x00000000f8300000,0x00000000ffd00000)
  from space 1536K, 85% used [0x00000000ffd00000,0x00000000ffe48000,0x00000000ffe80000)
  to   space 1536K, 0% used [0x00000000ffe80000,0x00000000ffe80000,0x0000000100000000)
 ParOldGen       total 134144K, used 88630K [0x00000000f0000000, 0x00000000f8300000, 0x00000000f8300000)
  object space 134144K, 66% used [0x00000000f0000000,0x00000000f568d9d8,0x00000000f8300000)
 Metaspace       used 53490K, capacity 56910K, committed 57088K, reserved 1099776K
  class space    used 6503K, capacity 7087K, committed 7168K, reserved 1048576K
}
{Heap before GC invocations=360 (full 0):
 PSYoungGen      total 126464K, used 126240K [0x00000000f8300000, 0x0000000100000000, 0x0000000100000000)
  eden space 124928K, 100% used [0x00000000f8300000,0x00000000ffd00000,0x00000000ffd00000)
  from space 1536K, 85% used [0x00000000ffd00000,0x00000000ffe48000,0x00000000ffe80000)
  to   space 1536K, 0% used [0x00000000ffe80000,0x00000000ffe80000,0x0000000100000000)
 ParOldGen       total 134144K, used 88630K [0x00000000f0000000, 0x00000000f8300000, 0x00000000f8300000)
  object space 134144K, 66% used [0x00000000f0000000,0x00000000f568d9d8,0x00000000f8300000)
 Metaspace       used 53490K, capacity 56910K, committed 57088K, reserved 1099776K
  class space    used 6503K, capacity 7087K, committed 7168K, reserved 1048576K
2023-10-03T08:37:08.234+0800: 1954.032: [GC (Allocation Failure) [PSYoungGen: 126240K->1312K(126464K)] 214870K->90030K(260608K), 0.0061037 secs] [Times: user=0.04 sys=0.00, real=0.01 secs] 
Heap after GC invocations=360 (full 0):
 PSYoungGen      total 126464K, used 1312K [0x00000000f8300000, 0x0000000100000000, 0x0000000100000000)
  eden space 124928K, 0% used [0x00000000f8300000,0x00000000f8300000,0x00000000ffd00000)
  from space 1536K, 85% used [0x00000000ffe80000,0x00000000fffc8000,0x0000000100000000)
  to   space 1536K, 0% used [0x00000000ffd00000,0x00000000ffd00000,0x00000000ffe80000)
 ParOldGen       total 134144K, used 88718K [0x00000000f0000000, 0x00000000f8300000, 0x00000000f8300000)
  object space 134144K, 66% used [0x00000000f0000000,0x00000000f56a39d8,0x00000000f8300000)
 Metaspace       used 53490K, capacity 56910K, committed 57088K, reserved 1099776K
  class space    used 6503K, capacity 7087K, committed 7168K, reserved 1048576K
}
{Heap before GC invocations=361 (full 0):
 PSYoungGen      total 126464K, used 126240K [0x00000000f8300000, 0x0000000100000000, 0x0000000100000000)
  eden space 124928K, 100% used [0x00000000f8300000,0x00000000ffd00000,0x00000000ffd00000)
  from space 1536K, 85% used [0x00000000ffe80000,0x00000000fffc8000,0x0000000100000000)
  to   space 1536K, 0% used [0x00000000ffd00000,0x00000000ffd00000,0x00000000ffe80000)
 ParOldGen       total 134144K, used 88718K [0x00000000f0000000, 0x00000000f8300000, 0x00000000f8300000)
  object space 134144K, 66% used [0x00000000f0000000,0x00000000f56a39d8,0x00000000f8300000)
 Metaspace       used 53490K, capacity 56910K, committed 57088K, reserved 1099776K
  class space    used 6503K, capacity 7087K, committed 7168K, reserved 1048576K
2023-10-03T08:37:12.299+0800: 1958.097: [GC (Allocation Failure) [PSYoungGen: 126240K->1312K(126464K)] 214958K->90110K(260608K), 0.0085124 secs] [Times: user=0.05 sys=0.01, real=0.01 secs] 
Heap after GC invocations=361 (full 0):
 PSYoungGen      total 126464K, used 1312K [0x00000000f8300000, 0x0000000100000000, 0x0000000100000000)
  eden space 124928K, 0% used [0x00000000f8300000,0x00000000f8300000,0x00000000ffd00000)
  from space 1536K, 85% used [0x00000000ffd00000,0x00000000ffe48000,0x00000000ffe80000)
  to   space 1536K, 0% used [0x00000000ffe80000,0x00000000ffe80000,0x0000000100000000)
 ParOldGen       total 134144K, used 88798K [0x00000000f0000000, 0x00000000f8300000, 0x00000000f8300000)
  object space 134144K, 66% used [0x00000000f0000000,0x00000000f56b79d8,0x00000000f8300000)
 Metaspace       used 53490K, capacity 56910K, committed 57088K, reserved 1099776K
  class space    used 6503K, capacity 7087K, committed 7168K, reserved 1048576K
}
{Heap before GC invocations=362 (full 0):
 PSYoungGen      total 126464K, used 126240K [0x00000000f8300000, 0x0000000100000000, 0x0000000100000000)
  eden space 124928K, 100% used [0x00000000f8300000,0x00000000ffd00000,0x00000000ffd00000)
  from space 1536K, 85% used [0x00000000ffd00000,0x00000000ffe48000,0x00000000ffe80000)
  to   space 1536K, 0% used [0x00000000ffe80000,0x00000000ffe80000,0x0000000100000000)
 ParOldGen       total 134144K, used 88798K [0x00000000f0000000, 0x00000000f8300000, 0x00000000f8300000)
  object space 134144K, 66% used [0x00000000f0000000,0x00000000f56b79d8,0x00000000f8300000)
 Metaspace       used 53490K, capacity 56910K, committed 57088K, reserved 1099776K
  class space    used 6503K, capacity 7087K, committed 7168K, reserved 1048576K
2023-10-03T08:37:16.373+0800: 1962.171: [GC (Allocation Failure) [PSYoungGen: 126240K->1312K(126464K)] 215038K->90222K(260608K), 0.0091673 secs] [Times: user=0.05 sys=0.00, real=0.01 secs] 
Heap after GC invocations=362 (full 0):
 PSYoungGen      total 126464K, used 1312K [0x00000000f8300000, 0x0000000100000000, 0x0000000100000000)
  eden space 124928K, 0% used [0x00000000f8300000,0x00000000f8300000,0x00000000ffd00000)
  from space 1536K, 85% used [0x00000000ffe80000,0x00000000fffc8000,0x0000000100000000)
  to   space 1536K, 0% used [0x00000000ffd00000,0x00000000ffd00000,0x00000000ffe80000)
 ParOldGen       total 134144K, used 88910K [0x00000000f0000000, 0x00000000f8300000, 0x00000000f8300000)
  object space 134144K, 66% used [0x00000000f0000000,0x00000000f56d39d8,0x00000000f8300000)
 Metaspace       used 53490K, capacity 56910K, committed 57088K, reserved 1099776K
  class space    used 6503K, capacity 7087K, committed 7168K, reserved 1048576K
}
{Heap before GC invocations=363 (full 0):
 PSYoungGen      total 126464K, used 126240K [0x00000000f8300000, 0x0000000100000000, 0x0000000100000000)
  eden space 124928K, 100% used [0x00000000f8300000,0x00000000ffd00000,0x00000000ffd00000)
  from space 1536K, 85% used [0x00000000ffe80000,0x00000000fffc8000,0x0000000100000000)
  to   space 1536K, 0% used [0x00000000ffd00000,0x00000000ffd00000,0x00000000ffe80000)
 ParOldGen       total 134144K, used 88910K [0x00000000f0000000, 0x00000000f8300000, 0x00000000f8300000)
  object space 134144K, 66% used [0x00000000f0000000,0x00000000f56d39d8,0x00000000f8300000)
 Metaspace       used 53490K, capacity 56910K, committed 57088K, reserved 1099776K
  class space    used 6503K, capacity 7087K, committed 7168K, reserved 1048576K
2023-10-03T08:37:20.483+0800: 1966.281: [GC (Allocation Failure) [PSYoungGen: 126240K->1312K(126464K)] 215150K->90302K(260608K), 0.0079436 secs] [Times: user=0.05 sys=0.01, real=0.01 secs] 
Heap after GC invocations=363 (full 0):
 PSYoungGen      total 126464K, used 1312K [0x00000000f8300000, 0x0000000100000000, 0x0000000100000000)
  eden space 124928K, 0% used [0x00000000f8300000,0x00000000f8300000,0x00000000ffd00000)
  from space 1536K, 85% used [0x00000000ffd00000,0x00000000ffe48000,0x00000000ffe80000)
  to   space 1536K, 0% used [0x00000000ffe80000,0x00000000ffe80000,0x0000000100000000)
 ParOldGen       total 134144K, used 88990K [0x00000000f0000000, 0x00000000f8300000, 0x00000000f8300000)
  object space 134144K, 66% used [0x00000000f0000000,0x00000000f56e79d8,0x00000000f8300000)
 Metaspace       used 53490K, capacity 56910K, committed 57088K, reserved 1099776K
  class space    used 6503K, capacity 7087K, committed 7168K, reserved 1048576K
}
{Heap before GC invocations=364 (full 0):
 PSYoungGen      total 126464K, used 126240K [0x00000000f8300000, 0x0000000100000000, 0x0000000100000000)
  eden space 124928K, 100% used [0x00000000f8300000,0x00000000ffd00000,0x00000000ffd00000)
  from space 1536K, 85% used [0x00000000ffd00000,0x00000000ffe48000,0x00000000ffe80000)
  to   space 1536K, 0% used [0x00000000ffe80000,0x00000000ffe80000,0x0000000100000000)
 ParOldGen       total 134144K, used 88990K [0x00000000f0000000, 0x00000000f8300000, 0x00000000f8300000)
  object space 134144K, 66% used [0x00000000f0000000,0x00000000f56e79d8,0x00000000f8300000)
 Metaspace       used 53490K, capacity 56910K, committed 57088K, reserved 1099776K
  class space    used 6503K, capacity 7087K, committed 7168K, reserved 1048576K
2023-10-03T08:37:24.884+0800: 1970.682: [GC (Allocation Failure) [PSYoungGen: 126240K->1312K(126464K)] 215230K->90398K(260608K), 0.0066426 secs] [Times: user=0.05 sys=0.00, real=0.01 secs] 
Heap after GC invocations=364 (full 0):
 PSYoungGen      total 126464K, used 1312K [0x00000000f8300000, 0x0000000100000000, 0x0000000100000000)
  eden space 124928K, 0% used [0x00000000f8300000,0x00000000f8300000,0x00000000ffd00000)
  from space 1536K, 85% used [0x00000000ffe80000,0x00000000fffc8000,0x0000000100000000)
  to   space 1536K, 0% used [0x00000000ffd00000,0x00000000ffd00000,0x00000000ffe80000)
 ParOldGen       total 134144K, used 89086K [0x00000000f0000000, 0x00000000f8300000, 0x00000000f8300000)
  object space 134144K, 66% used [0x00000000f0000000,0x00000000f56ff9d8,0x00000000f8300000)
 Metaspace       used 53490K, capacity 56910K, committed 57088K, reserved 1099776K
  class space    used 6503K, capacity 7087K, committed 7168K, reserved 1048576K
}
{Heap before GC invocations=365 (full 0):
 PSYoungGen      total 126464K, used 126240K [0x00000000f8300000, 0x0000000100000000, 0x0000000100000000)
  eden space 124928K, 100% used [0x00000000f8300000,0x00000000ffd00000,0x00000000ffd00000)
  from space 1536K, 85% used [0x00000000ffe80000,0x00000000fffc8000,0x0000000100000000)
  to   space 1536K, 0% used [0x00000000ffd00000,0x00000000ffd00000,0x00000000ffe80000)
 ParOldGen       total 134144K, used 89086K [0x00000000f0000000, 0x00000000f8300000, 0x00000000f8300000)
  object space 134144K, 66% used [0x00000000f0000000,0x00000000f56ff9d8,0x00000000f8300000)
 Metaspace       used 53490K, capacity 56910K, committed 57088K, reserved 1099776K
  class space    used 6503K, capacity 7087K, committed 7168K, reserved 1048576K
2023-10-03T08:37:28.950+0800: 1974.748: [GC (Allocation Failure) [PSYoungGen: 126240K->1280K(126464K)] 215326K->90446K(260608K), 0.0079012 secs] [Times: user=0.05 sys=0.01, real=0.00 secs] 
Heap after GC invocations=365 (full 0):
 PSYoungGen      total 126464K, used 1280K [0x00000000f8300000, 0x0000000100000000, 0x0000000100000000)
  eden space 124928K, 0% used [0x00000000f8300000,0x00000000f8300000,0x00000000ffd00000)
  from space 1536K, 83% used [0x00000000ffd00000,0x00000000ffe40000,0x00000000ffe80000)
  to   space 1536K, 0% used [0x00000000ffe80000,0x00000000ffe80000,0x0000000100000000)
 ParOldGen       total 134144K, used 89166K [0x00000000f0000000, 0x00000000f8300000, 0x00000000f8300000)
  object space 134144K, 66% used [0x00000000f0000000,0x00000000f57139d8,0x00000000f8300000)
 Metaspace       used 53490K, capacity 56910K, committed 57088K, reserved 1099776K
  class space    used 6503K, capacity 7087K, committed 7168K, reserved 1048576K
}
{Heap before GC invocations=366 (full 0):
 PSYoungGen      total 126464K, used 126208K [0x00000000f8300000, 0x0000000100000000, 0x0000000100000000)
  eden space 124928K, 100% used [0x00000000f8300000,0x00000000ffd00000,0x00000000ffd00000)
  from space 1536K, 83% used [0x00000000ffd00000,0x00000000ffe40000,0x00000000ffe80000)
  to   space 1536K, 0% used [0x00000000ffe80000,0x00000000ffe80000,0x0000000100000000)
 ParOldGen       total 134144K, used 89166K [0x00000000f0000000, 0x00000000f8300000, 0x00000000f8300000)
  object space 134144K, 66% used [0x00000000f0000000,0x00000000f57139d8,0x00000000f8300000)
 Metaspace       used 53490K, capacity 56910K, committed 57088K, reserved 1099776K
  class space    used 6503K, capacity 7087K, committed 7168K, reserved 1048576K
2023-10-03T08:37:33.025+0800: 1978.823: [GC (Allocation Failure) [PSYoungGen: 126208K->1248K(126464K)] 215374K->90494K(260608K), 0.0086594 secs] [Times: user=0.05 sys=0.00, real=0.01 secs] 
Heap after GC invocations=366 (full 0):
 PSYoungGen      total 126464K, used 1248K [0x00000000f8300000, 0x0000000100000000, 0x0000000100000000)
  eden space 124928K, 0% used [0x00000000f8300000,0x00000000f8300000,0x00000000ffd00000)
  from space 1536K, 81% used [0x00000000ffe80000,0x00000000fffb8000,0x0000000100000000)
  to   space 1536K, 0% used [0x00000000ffd00000,0x00000000ffd00000,0x00000000ffe80000)
 ParOldGen       total 134144K, used 89246K [0x00000000f0000000, 0x00000000f8300000, 0x00000000f8300000)
  object space 134144K, 66% used [0x00000000f0000000,0x00000000f57279d8,0x00000000f8300000)
 Metaspace       used 53490K, capacity 56910K, committed 57088K, reserved 1099776K
  class space    used 6503K, capacity 7087K, committed 7168K, reserved 1048576K
}
{Heap before GC invocations=367 (full 0):
 PSYoungGen      total 126464K, used 126176K [0x00000000f8300000, 0x0000000100000000, 0x0000000100000000)
  eden space 124928K, 100% used [0x00000000f8300000,0x00000000ffd00000,0x00000000ffd00000)
  from space 1536K, 81% used [0x00000000ffe80000,0x00000000fffb8000,0x0000000100000000)
  to   space 1536K, 0% used [0x00000000ffd00000,0x00000000ffd00000,0x00000000ffe80000)
 ParOldGen       total 134144K, used 89246K [0x00000000f0000000, 0x00000000f8300000, 0x00000000f8300000)
  object space 134144K, 66% used [0x00000000f0000000,0x00000000f57279d8,0x00000000f8300000)
 Metaspace       used 53490K, capacity 56910K, committed 57088K, reserved 1099776K
  class space    used 6503K, capacity 7087K, committed 7168K, reserved 1048576K
2023-10-03T08:37:37.102+0800: 1982.900: [GC (Allocation Failure) [PSYoungGen: 126176K->1312K(126464K)] 215422K->90630K(260608K), 0.0084728 secs] [Times: user=0.05 sys=0.00, real=0.01 secs] 
Heap after GC invocations=367 (full 0):
 PSYoungGen      total 126464K, used 1312K [0x00000000f8300000, 0x0000000100000000, 0x0000000100000000)
  eden space 124928K, 0% used [0x00000000f8300000,0x00000000f8300000,0x00000000ffd00000)
  from space 1536K, 85% used [0x00000000ffd00000,0x00000000ffe48000,0x00000000ffe80000)
  to   space 1536K, 0% used [0x00000000ffe80000,0x00000000ffe80000,0x0000000100000000)
 ParOldGen       total 134144K, used 89318K [0x00000000f0000000, 0x00000000f8300000, 0x00000000f8300000)
  object space 134144K, 66% used [0x00000000f0000000,0x00000000f57399d8,0x00000000f8300000)
 Metaspace       used 53490K, capacity 56910K, committed 57088K, reserved 1099776K
  class space    used 6503K, capacity 7087K, committed 7168K, reserved 1048576K
}
{Heap before GC invocations=368 (full 0):
 PSYoungGen      total 126464K, used 126240K [0x00000000f8300000, 0x0000000100000000, 0x0000000100000000)
  eden space 124928K, 100% used [0x00000000f8300000,0x00000000ffd00000,0x00000000ffd00000)
  from space 1536K, 85% used [0x00000000ffd00000,0x00000000ffe48000,0x00000000ffe80000)
  to   space 1536K, 0% used [0x00000000ffe80000,0x00000000ffe80000,0x0000000100000000)
 ParOldGen       total 134144K, used 89318K [0x00000000f0000000, 0x00000000f8300000, 0x00000000f8300000)
  object space 134144K, 66% used [0x00000000f0000000,0x00000000f57399d8,0x00000000f8300000)
 Metaspace       used 53490K, capacity 56910K, committed 57088K, reserved 1099776K
  class space    used 6503K, capacity 7087K, committed 7168K, reserved 1048576K
2023-10-03T08:37:41.541+0800: 1987.339: [GC (Allocation Failure) [PSYoungGen: 126240K->1376K(126464K)] 215558K->90774K(260608K), 0.0061468 secs] [Times: user=0.05 sys=0.00, real=0.00 secs] 
Heap after GC invocations=368 (full 0):
 PSYoungGen      total 126464K, used 1376K [0x00000000f8300000, 0x0000000100000000, 0x0000000100000000)
  eden space 124928K, 0% used [0x00000000f8300000,0x00000000f8300000,0x00000000ffd00000)
  from space 1536K, 89% used [0x00000000ffe80000,0x00000000fffd8000,0x0000000100000000)
  to   space 1536K, 0% used [0x00000000ffd00000,0x00000000ffd00000,0x00000000ffe80000)
 ParOldGen       total 134144K, used 89398K [0x00000000f0000000, 0x00000000f8300000, 0x00000000f8300000)
  object space 134144K, 66% used [0x00000000f0000000,0x00000000f574d9d8,0x00000000f8300000)
 Metaspace       used 53490K, capacity 56910K, committed 57088K, reserved 1099776K
  class space    used 6503K, capacity 7087K, committed 7168K, reserved 1048576K
}
{Heap before GC invocations=369 (full 0):
 PSYoungGen      total 126464K, used 126304K [0x00000000f8300000, 0x0000000100000000, 0x0000000100000000)
  eden space 124928K, 100% used [0x00000000f8300000,0x00000000ffd00000,0x00000000ffd00000)
  from space 1536K, 89% used [0x00000000ffe80000,0x00000000fffd8000,0x0000000100000000)
  to   space 1536K, 0% used [0x00000000ffd00000,0x00000000ffd00000,0x00000000ffe80000)
 ParOldGen       total 134144K, used 89398K [0x00000000f0000000, 0x00000000f8300000, 0x00000000f8300000)
  object space 134144K, 66% used [0x00000000f0000000,0x00000000f574d9d8,0x00000000f8300000)
 Metaspace       used 53490K, capacity 56910K, committed 57088K, reserved 1099776K
  class space    used 6503K, capacity 7087K, committed 7168K, reserved 1048576K
2023-10-03T08:37:45.603+0800: 1991.401: [GC (Allocation Failure) [PSYoungGen: 126304K->1312K(126464K)] 215702K->90822K(260608K), 0.0027966 secs] [Times: user=0.01 sys=0.00, real=0.00 secs] 
Heap after GC invocations=369 (full 0):
 PSYoungGen      total 126464K, used 1312K [0x00000000f8300000, 0x0000000100000000, 0x0000000100000000)
  eden space 124928K, 0% used [0x00000000f8300000,0x00000000f8300000,0x00000000ffd00000)
  from space 1536K, 85% used [0x00000000ffd00000,0x00000000ffe48000,0x00000000ffe80000)
  to   space 1536K, 0% used [0x00000000ffe80000,0x00000000ffe80000,0x0000000100000000)
 ParOldGen       total 134144K, used 89510K [0x00000000f0000000, 0x00000000f8300000, 0x00000000f8300000)
  object space 134144K, 66% used [0x00000000f0000000,0x00000000f57699d8,0x00000000f8300000)
 Metaspace       used 53490K, capacity 56910K, committed 57088K, reserved 1099776K
  class space    used 6503K, capacity 7087K, committed 7168K, reserved 1048576K
}
{Heap before GC invocations=370 (full 0):
 PSYoungGen      total 126464K, used 126240K [0x00000000f8300000, 0x0000000100000000, 0x0000000100000000)
  eden space 124928K, 100% used [0x00000000f8300000,0x00000000ffd00000,0x00000000ffd00000)
  from space 1536K, 85% used [0x00000000ffd00000,0x00000000ffe48000,0x00000000ffe80000)
  to   space 1536K, 0% used [0x00000000ffe80000,0x00000000ffe80000,0x0000000100000000)
 ParOldGen       total 134144K, used 89510K [0x00000000f0000000, 0x00000000f8300000, 0x00000000f8300000)
  object space 134144K, 66% used [0x00000000f0000000,0x00000000f57699d8,0x00000000f8300000)
 Metaspace       used 53490K, capacity 56910K, committed 57088K, reserved 1099776K
  class space    used 6503K, capacity 7087K, committed 7168K, reserved 1048576K
2023-10-03T08:37:49.664+0800: 1995.462: [GC (Allocation Failure) [PSYoungGen: 126240K->1344K(126464K)] 215750K->90942K(260608K), 0.0083398 secs] [Times: user=0.05 sys=0.00, real=0.01 secs] 
Heap after GC invocations=370 (full 0):
 PSYoungGen      total 126464K, used 1344K [0x00000000f8300000, 0x0000000100000000, 0x0000000100000000)
  eden space 124928K, 0% used [0x00000000f8300000,0x00000000f8300000,0x00000000ffd00000)
  from space 1536K, 87% used [0x00000000ffe80000,0x00000000fffd0000,0x0000000100000000)
  to   space 1536K, 0% used [0x00000000ffd00000,0x00000000ffd00000,0x00000000ffe80000)
 ParOldGen       total 134144K, used 89598K [0x00000000f0000000, 0x00000000f8300000, 0x00000000f8300000)
  object space 134144K, 66% used [0x00000000f0000000,0x00000000f577f9d8,0x00000000f8300000)
 Metaspace       used 53490K, capacity 56910K, committed 57088K, reserved 1099776K
  class space    used 6503K, capacity 7087K, committed 7168K, reserved 1048576K
}
{Heap before GC invocations=371 (full 0):
 PSYoungGen      total 126464K, used 126272K [0x00000000f8300000, 0x0000000100000000, 0x0000000100000000)
  eden space 124928K, 100% used [0x00000000f8300000,0x00000000ffd00000,0x00000000ffd00000)
  from space 1536K, 87% used [0x00000000ffe80000,0x00000000fffd0000,0x0000000100000000)
  to   space 1536K, 0% used [0x00000000ffd00000,0x00000000ffd00000,0x00000000ffe80000)
 ParOldGen       total 134144K, used 89598K [0x00000000f0000000, 0x00000000f8300000, 0x00000000f8300000)
  object space 134144K, 66% used [0x00000000f0000000,0x00000000f577f9d8,0x00000000f8300000)
 Metaspace       used 53490K, capacity 56910K, committed 57088K, reserved 1099776K
  class space    used 6503K, capacity 7087K, committed 7168K, reserved 1048576K
2023-10-03T08:37:53.755+0800: 1999.553: [GC (Allocation Failure) [PSYoungGen: 126272K->1216K(126464K)] 215870K->90910K(260608K), 0.0078773 secs] [Times: user=0.06 sys=0.00, real=0.01 secs] 
Heap after GC invocations=371 (full 0):
 PSYoungGen      total 126464K, used 1216K [0x00000000f8300000, 0x0000000100000000, 0x0000000100000000)
  eden space 124928K, 0% used [0x00000000f8300000,0x00000000f8300000,0x00000000ffd00000)
  from space 1536K, 79% used [0x00000000ffd00000,0x00000000ffe30000,0x00000000ffe80000)
  to   space 1536K, 0% used [0x00000000ffe80000,0x00000000ffe80000,0x0000000100000000)
 ParOldGen       total 134144K, used 89694K [0x00000000f0000000, 0x00000000f8300000, 0x00000000f8300000)
  object space 134144K, 66% used [0x00000000f0000000,0x00000000f57979d8,0x00000000f8300000)
 Metaspace       used 53490K, capacity 56910K, committed 57088K, reserved 1099776K
  class space    used 6503K, capacity 7087K, committed 7168K, reserved 1048576K
}
{Heap before GC invocations=372 (full 0):
 PSYoungGen      total 126464K, used 126144K [0x00000000f8300000, 0x0000000100000000, 0x0000000100000000)
  eden space 124928K, 100% used [0x00000000f8300000,0x00000000ffd00000,0x00000000ffd00000)
  from space 1536K, 79% used [0x00000000ffd00000,0x00000000ffe30000,0x00000000ffe80000)
  to   space 1536K, 0% used [0x00000000ffe80000,0x00000000ffe80000,0x0000000100000000)
 ParOldGen       total 134144K, used 89694K [0x00000000f0000000, 0x00000000f8300000, 0x00000000f8300000)
  object space 134144K, 66% used [0x00000000f0000000,0x00000000f57979d8,0x00000000f8300000)
 Metaspace       used 53490K, capacity 56910K, committed 57088K, reserved 1099776K
  class space    used 6503K, capacity 7087K, committed 7168K, reserved 1048576K
2023-10-03T08:37:57.828+0800: 2003.626: [GC (Allocation Failure) [PSYoungGen: 126144K->1344K(126464K)] 215838K->91102K(260608K), 0.0084517 secs] [Times: user=0.05 sys=0.00, real=0.01 secs] 
Heap after GC invocations=372 (full 0):
 PSYoungGen      total 126464K, used 1344K [0x00000000f8300000, 0x0000000100000000, 0x0000000100000000)
  eden space 124928K, 0% used [0x00000000f8300000,0x00000000f8300000,0x00000000ffd00000)
  from space 1536K, 87% used [0x00000000ffe80000,0x00000000fffd0000,0x0000000100000000)
  to   space 1536K, 0% used [0x00000000ffd00000,0x00000000ffd00000,0x00000000ffe80000)
 ParOldGen       total 134144K, used 89758K [0x00000000f0000000, 0x00000000f8300000, 0x00000000f8300000)
  object space 134144K, 66% used [0x00000000f0000000,0x00000000f57a79d8,0x00000000f8300000)
 Metaspace       used 53490K, capacity 56910K, committed 57088K, reserved 1099776K
  class space    used 6503K, capacity 7087K, committed 7168K, reserved 1048576K
}
{Heap before GC invocations=373 (full 0):
 PSYoungGen      total 126464K, used 126272K [0x00000000f8300000, 0x0000000100000000, 0x0000000100000000)
  eden space 124928K, 100% used [0x00000000f8300000,0x00000000ffd00000,0x00000000ffd00000)
  from space 1536K, 87% used [0x00000000ffe80000,0x00000000fffd0000,0x0000000100000000)
  to   space 1536K, 0% used [0x00000000ffd00000,0x00000000ffd00000,0x00000000ffe80000)
 ParOldGen       total 134144K, used 89758K [0x00000000f0000000, 0x00000000f8300000, 0x00000000f8300000)
  object space 134144K, 66% used [0x00000000f0000000,0x00000000f57a79d8,0x00000000f8300000)
 Metaspace       used 53490K, capacity 56910K, committed 57088K, reserved 1099776K
  class space    used 6503K, capacity 7087K, committed 7168K, reserved 1048576K
2023-10-03T08:38:02.261+0800: 2008.059: [GC (Allocation Failure) [PSYoungGen: 126272K->1312K(126464K)] 216030K->91158K(260608K), 0.0057198 secs] [Times: user=0.05 sys=0.00, real=0.01 secs] 
Heap after GC invocations=373 (full 0):
 PSYoungGen      total 126464K, used 1312K [0x00000000f8300000, 0x0000000100000000, 0x0000000100000000)
  eden space 124928K, 0% used [0x00000000f8300000,0x00000000f8300000,0x00000000ffd00000)
  from space 1536K, 85% used [0x00000000ffd00000,0x00000000ffe48000,0x00000000ffe80000)
  to   space 1536K, 0% used [0x00000000ffe80000,0x00000000ffe80000,0x0000000100000000)
 ParOldGen       total 134144K, used 89846K [0x00000000f0000000, 0x00000000f8300000, 0x00000000f8300000)
  object space 134144K, 66% used [0x00000000f0000000,0x00000000f57bd9d8,0x00000000f8300000)
 Metaspace       used 53490K, capacity 56910K, committed 57088K, reserved 1099776K
  class space    used 6503K, capacity 7087K, committed 7168K, reserved 1048576K
}
{Heap before GC invocations=374 (full 0):
 PSYoungGen      total 126464K, used 126240K [0x00000000f8300000, 0x0000000100000000, 0x0000000100000000)
  eden space 124928K, 100% used [0x00000000f8300000,0x00000000ffd00000,0x00000000ffd00000)
  from space 1536K, 85% used [0x00000000ffd00000,0x00000000ffe48000,0x00000000ffe80000)
  to   space 1536K, 0% used [0x00000000ffe80000,0x00000000ffe80000,0x0000000100000000)
 ParOldGen       total 134144K, used 89846K [0x00000000f0000000, 0x00000000f8300000, 0x00000000f8300000)
  object space 134144K, 66% used [0x00000000f0000000,0x00000000f57bd9d8,0x00000000f8300000)
 Metaspace       used 53490K, capacity 56910K, committed 57088K, reserved 1099776K
  class space    used 6503K, capacity 7087K, committed 7168K, reserved 1048576K
2023-10-03T08:38:06.325+0800: 2012.123: [GC (Allocation Failure) [PSYoungGen: 126240K->1312K(126464K)] 216086K->91254K(260608K), 0.0089784 secs] [Times: user=0.05 sys=0.00, real=0.01 secs] 
Heap after GC invocations=374 (full 0):
 PSYoungGen      total 126464K, used 1312K [0x00000000f8300000, 0x0000000100000000, 0x0000000100000000)
  eden space 124928K, 0% used [0x00000000f8300000,0x00000000f8300000,0x00000000ffd00000)
  from space 1536K, 85% used [0x00000000ffe80000,0x00000000fffc8000,0x0000000100000000)
  to   space 1536K, 0% used [0x00000000ffd00000,0x00000000ffd00000,0x00000000ffe80000)
 ParOldGen       total 134144K, used 89942K [0x00000000f0000000, 0x00000000f8300000, 0x00000000f8300000)
  object space 134144K, 67% used [0x00000000f0000000,0x00000000f57d59d8,0x00000000f8300000)
 Metaspace       used 53490K, capacity 56910K, committed 57088K, reserved 1099776K
  class space    used 6503K, capacity 7087K, committed 7168K, reserved 1048576K
}
{Heap before GC invocations=375 (full 0):
 PSYoungGen      total 126464K, used 126240K [0x00000000f8300000, 0x0000000100000000, 0x0000000100000000)
  eden space 124928K, 100% used [0x00000000f8300000,0x00000000ffd00000,0x00000000ffd00000)
  from space 1536K, 85% used [0x00000000ffe80000,0x00000000fffc8000,0x0000000100000000)
  to   space 1536K, 0% used [0x00000000ffd00000,0x00000000ffd00000,0x00000000ffe80000)
 ParOldGen       total 134144K, used 89942K [0x00000000f0000000, 0x00000000f8300000, 0x00000000f8300000)
  object space 134144K, 67% used [0x00000000f0000000,0x00000000f57d59d8,0x00000000f8300000)
 Metaspace       used 53490K, capacity 56910K, committed 57088K, reserved 1099776K
  class space    used 6503K, capacity 7087K, committed 7168K, reserved 1048576K
2023-10-03T08:38:10.395+0800: 2016.193: [GC (Allocation Failure) [PSYoungGen: 126240K->1312K(126464K)] 216182K->91350K(260608K), 0.0084222 secs] [Times: user=0.05 sys=0.00, real=0.01 secs] 
Heap after GC invocations=375 (full 0):
 PSYoungGen      total 126464K, used 1312K [0x00000000f8300000, 0x0000000100000000, 0x0000000100000000)
  eden space 124928K, 0% used [0x00000000f8300000,0x00000000f8300000,0x00000000ffd00000)
  from space 1536K, 85% used [0x00000000ffd00000,0x00000000ffe48000,0x00000000ffe80000)
  to   space 1536K, 0% used [0x00000000ffe80000,0x00000000ffe80000,0x0000000100000000)
 ParOldGen       total 134144K, used 90038K [0x00000000f0000000, 0x00000000f8300000, 0x00000000f8300000)
  object space 134144K, 67% used [0x00000000f0000000,0x00000000f57ed9d8,0x00000000f8300000)
 Metaspace       used 53490K, capacity 56910K, committed 57088K, reserved 1099776K
  class space    used 6503K, capacity 7087K, committed 7168K, reserved 1048576K
}
{Heap before GC invocations=376 (full 0):
 PSYoungGen      total 126464K, used 126240K [0x00000000f8300000, 0x0000000100000000, 0x0000000100000000)
  eden space 124928K, 100% used [0x00000000f8300000,0x00000000ffd00000,0x00000000ffd00000)
  from space 1536K, 85% used [0x00000000ffd00000,0x00000000ffe48000,0x00000000ffe80000)
  to   space 1536K, 0% used [0x00000000ffe80000,0x00000000ffe80000,0x0000000100000000)
 ParOldGen       total 134144K, used 90038K [0x00000000f0000000, 0x00000000f8300000, 0x00000000f8300000)
  object space 134144K, 67% used [0x00000000f0000000,0x00000000f57ed9d8,0x00000000f8300000)
 Metaspace       used 53490K, capacity 56910K, committed 57088K, reserved 1099776K
  class space    used 6503K, capacity 7087K, committed 7168K, reserved 1048576K
2023-10-03T08:38:14.459+0800: 2020.257: [GC (Allocation Failure) [PSYoungGen: 126240K->1280K(126464K)] 216278K->91414K(260608K), 0.0090412 secs] [Times: user=0.05 sys=0.00, real=0.01 secs] 
Heap after GC invocations=376 (full 0):
 PSYoungGen      total 126464K, used 1280K [0x00000000f8300000, 0x0000000100000000, 0x0000000100000000)
  eden space 124928K, 0% used [0x00000000f8300000,0x00000000f8300000,0x00000000ffd00000)
  from space 1536K, 83% used [0x00000000ffe80000,0x00000000fffc0000,0x0000000100000000)
  to   space 1536K, 0% used [0x00000000ffd00000,0x00000000ffd00000,0x00000000ffe80000)
 ParOldGen       total 134144K, used 90134K [0x00000000f0000000, 0x00000000f8300000, 0x00000000f8300000)
  object space 134144K, 67% used [0x00000000f0000000,0x00000000f58059d8,0x00000000f8300000)
 Metaspace       used 53490K, capacity 56910K, committed 57088K, reserved 1099776K
  class space    used 6503K, capacity 7087K, committed 7168K, reserved 1048576K
}
{Heap before GC invocations=377 (full 0):
 PSYoungGen      total 126464K, used 126208K [0x00000000f8300000, 0x0000000100000000, 0x0000000100000000)
  eden space 124928K, 100% used [0x00000000f8300000,0x00000000ffd00000,0x00000000ffd00000)
  from space 1536K, 83% used [0x00000000ffe80000,0x00000000fffc0000,0x0000000100000000)
  to   space 1536K, 0% used [0x00000000ffd00000,0x00000000ffd00000,0x00000000ffe80000)
 ParOldGen       total 134144K, used 90134K [0x00000000f0000000, 0x00000000f8300000, 0x00000000f8300000)
  object space 134144K, 67% used [0x00000000f0000000,0x00000000f58059d8,0x00000000f8300000)
 Metaspace       used 53490K, capacity 56910K, committed 57088K, reserved 1099776K
  class space    used 6503K, capacity 7087K, committed 7168K, reserved 1048576K
2023-10-03T08:38:18.913+0800: 2024.711: [GC (Allocation Failure) [PSYoungGen: 126208K->1312K(126464K)] 216342K->91526K(260608K), 0.0065780 secs] [Times: user=0.05 sys=0.01, real=0.01 secs] 
Heap after GC invocations=377 (full 0):
 PSYoungGen      total 126464K, used 1312K [0x00000000f8300000, 0x0000000100000000, 0x0000000100000000)
  eden space 124928K, 0% used [0x00000000f8300000,0x00000000f8300000,0x00000000ffd00000)
  from space 1536K, 85% used [0x00000000ffd00000,0x00000000ffe48000,0x00000000ffe80000)
  to   space 1536K, 0% used [0x00000000ffe80000,0x00000000ffe80000,0x0000000100000000)
 ParOldGen       total 134144K, used 90214K [0x00000000f0000000, 0x00000000f8300000, 0x00000000f8300000)
  object space 134144K, 67% used [0x00000000f0000000,0x00000000f58199d8,0x00000000f8300000)
 Metaspace       used 53490K, capacity 56910K, committed 57088K, reserved 1099776K
  class space    used 6503K, capacity 7087K, committed 7168K, reserved 1048576K
}
{Heap before GC invocations=378 (full 0):
 PSYoungGen      total 126464K, used 126240K [0x00000000f8300000, 0x0000000100000000, 0x0000000100000000)
  eden space 124928K, 100% used [0x00000000f8300000,0x00000000ffd00000,0x00000000ffd00000)
  from space 1536K, 85% used [0x00000000ffd00000,0x00000000ffe48000,0x00000000ffe80000)
  to   space 1536K, 0% used [0x00000000ffe80000,0x00000000ffe80000,0x0000000100000000)
 ParOldGen       total 134144K, used 90214K [0x00000000f0000000, 0x00000000f8300000, 0x00000000f8300000)
  object space 134144K, 67% used [0x00000000f0000000,0x00000000f58199d8,0x00000000f8300000)
 Metaspace       used 53490K, capacity 56910K, committed 57088K, reserved 1099776K
  class space    used 6503K, capacity 7087K, committed 7168K, reserved 1048576K
2023-10-03T08:38:22.985+0800: 2028.783: [GC (Allocation Failure) [PSYoungGen: 126240K->1312K(126464K)] 216454K->91622K(260608K), 0.0042665 secs] [Times: user=0.03 sys=0.00, real=0.00 secs] 
Heap after GC invocations=378 (full 0):
 PSYoungGen      total 126464K, used 1312K [0x00000000f8300000, 0x0000000100000000, 0x0000000100000000)
  eden space 124928K, 0% used [0x00000000f8300000,0x00000000f8300000,0x00000000ffd00000)
  from space 1536K, 85% used [0x00000000ffe80000,0x00000000fffc8000,0x0000000100000000)
  to   space 1536K, 0% used [0x00000000ffd00000,0x00000000ffd00000,0x00000000ffe80000)
 ParOldGen       total 134144K, used 90310K [0x00000000f0000000, 0x00000000f8300000, 0x00000000f8300000)
  object space 134144K, 67% used [0x00000000f0000000,0x00000000f58319d8,0x00000000f8300000)
 Metaspace       used 53490K, capacity 56910K, committed 57088K, reserved 1099776K
  class space    used 6503K, capacity 7087K, committed 7168K, reserved 1048576K
}
{Heap before GC invocations=379 (full 0):
 PSYoungGen      total 126464K, used 126240K [0x00000000f8300000, 0x0000000100000000, 0x0000000100000000)
  eden space 124928K, 100% used [0x00000000f8300000,0x00000000ffd00000,0x00000000ffd00000)
  from space 1536K, 85% used [0x00000000ffe80000,0x00000000fffc8000,0x0000000100000000)
  to   space 1536K, 0% used [0x00000000ffd00000,0x00000000ffd00000,0x00000000ffe80000)
 ParOldGen       total 134144K, used 90310K [0x00000000f0000000, 0x00000000f8300000, 0x00000000f8300000)
  object space 134144K, 67% used [0x00000000f0000000,0x00000000f58319d8,0x00000000f8300000)
 Metaspace       used 53490K, capacity 56910K, committed 57088K, reserved 1099776K
  class space    used 6503K, capacity 7087K, committed 7168K, reserved 1048576K
2023-10-03T08:38:27.049+0800: 2032.847: [GC (Allocation Failure) [PSYoungGen: 126240K->1280K(126464K)] 216550K->91670K(260608K), 0.0085257 secs] [Times: user=0.05 sys=0.01, real=0.01 secs] 
Heap after GC invocations=379 (full 0):
 PSYoungGen      total 126464K, used 1280K [0x00000000f8300000, 0x0000000100000000, 0x0000000100000000)
  eden space 124928K, 0% used [0x00000000f8300000,0x00000000f8300000,0x00000000ffd00000)
  from space 1536K, 83% used [0x00000000ffd00000,0x00000000ffe40000,0x00000000ffe80000)
  to   space 1536K, 0% used [0x00000000ffe80000,0x00000000ffe80000,0x0000000100000000)
 ParOldGen       total 134144K, used 90390K [0x00000000f0000000, 0x00000000f8300000, 0x00000000f8300000)
  object space 134144K, 67% used [0x00000000f0000000,0x00000000f58459d8,0x00000000f8300000)
 Metaspace       used 53490K, capacity 56910K, committed 57088K, reserved 1099776K
  class space    used 6503K, capacity 7087K, committed 7168K, reserved 1048576K
}
{Heap before GC invocations=380 (full 0):
 PSYoungGen      total 126464K, used 126208K [0x00000000f8300000, 0x0000000100000000, 0x0000000100000000)
  eden space 124928K, 100% used [0x00000000f8300000,0x00000000ffd00000,0x00000000ffd00000)
  from space 1536K, 83% used [0x00000000ffd00000,0x00000000ffe40000,0x00000000ffe80000)
  to   space 1536K, 0% used [0x00000000ffe80000,0x00000000ffe80000,0x0000000100000000)
 ParOldGen       total 134144K, used 90390K [0x00000000f0000000, 0x00000000f8300000, 0x00000000f8300000)
  object space 134144K, 67% used [0x00000000f0000000,0x00000000f58459d8,0x00000000f8300000)
 Metaspace       used 53490K, capacity 56910K, committed 57088K, reserved 1099776K
  class space    used 6503K, capacity 7087K, committed 7168K, reserved 1048576K
2023-10-03T08:38:31.113+0800: 2036.911: [GC (Allocation Failure) [PSYoungGen: 126208K->1312K(126464K)] 216598K->91782K(260608K), 0.0082447 secs] [Times: user=0.05 sys=0.00, real=0.00 secs] 
Heap after GC invocations=380 (full 0):
 PSYoungGen      total 126464K, used 1312K [0x00000000f8300000, 0x0000000100000000, 0x0000000100000000)
  eden space 124928K, 0% used [0x00000000f8300000,0x00000000f8300000,0x00000000ffd00000)
  from space 1536K, 85% used [0x00000000ffe80000,0x00000000fffc8000,0x0000000100000000)
  to   space 1536K, 0% used [0x00000000ffd00000,0x00000000ffd00000,0x00000000ffe80000)
 ParOldGen       total 134144K, used 90470K [0x00000000f0000000, 0x00000000f8300000, 0x00000000f8300000)
  object space 134144K, 67% used [0x00000000f0000000,0x00000000f58599d8,0x00000000f8300000)
 Metaspace       used 53490K, capacity 56910K, committed 57088K, reserved 1099776K
  class space    used 6503K, capacity 7087K, committed 7168K, reserved 1048576K
}
{Heap before GC invocations=381 (full 0):
 PSYoungGen      total 126464K, used 126240K [0x00000000f8300000, 0x0000000100000000, 0x0000000100000000)
  eden space 124928K, 100% used [0x00000000f8300000,0x00000000ffd00000,0x00000000ffd00000)
  from space 1536K, 85% used [0x00000000ffe80000,0x00000000fffc8000,0x0000000100000000)
  to   space 1536K, 0% used [0x00000000ffd00000,0x00000000ffd00000,0x00000000ffe80000)
 ParOldGen       total 134144K, used 90470K [0x00000000f0000000, 0x00000000f8300000, 0x00000000f8300000)
  object space 134144K, 67% used [0x00000000f0000000,0x00000000f58599d8,0x00000000f8300000)
 Metaspace       used 53490K, capacity 56910K, committed 57088K, reserved 1099776K
  class space    used 6503K, capacity 7087K, committed 7168K, reserved 1048576K
2023-10-03T08:38:35.182+0800: 2040.980: [GC (Allocation Failure) [PSYoungGen: 126240K->1312K(126464K)] 216710K->91870K(260608K), 0.0082768 secs] [Times: user=0.05 sys=0.01, real=0.01 secs] 
Heap after GC invocations=381 (full 0):
 PSYoungGen      total 126464K, used 1312K [0x00000000f8300000, 0x0000000100000000, 0x0000000100000000)
  eden space 124928K, 0% used [0x00000000f8300000,0x00000000f8300000,0x00000000ffd00000)
  from space 1536K, 85% used [0x00000000ffd00000,0x00000000ffe48000,0x00000000ffe80000)
  to   space 1536K, 0% used [0x00000000ffe80000,0x00000000ffe80000,0x0000000100000000)
 ParOldGen       total 134144K, used 90558K [0x00000000f0000000, 0x00000000f8300000, 0x00000000f8300000)
  object space 134144K, 67% used [0x00000000f0000000,0x00000000f586f9d8,0x00000000f8300000)
 Metaspace       used 53490K, capacity 56910K, committed 57088K, reserved 1099776K
  class space    used 6503K, capacity 7087K, committed 7168K, reserved 1048576K
}
{Heap before GC invocations=382 (full 0):
 PSYoungGen      total 126464K, used 126240K [0x00000000f8300000, 0x0000000100000000, 0x0000000100000000)
  eden space 124928K, 100% used [0x00000000f8300000,0x00000000ffd00000,0x00000000ffd00000)
  from space 1536K, 85% used [0x00000000ffd00000,0x00000000ffe48000,0x00000000ffe80000)
  to   space 1536K, 0% used [0x00000000ffe80000,0x00000000ffe80000,0x0000000100000000)
 ParOldGen       total 134144K, used 90558K [0x00000000f0000000, 0x00000000f8300000, 0x00000000f8300000)
  object space 134144K, 67% used [0x00000000f0000000,0x00000000f586f9d8,0x00000000f8300000)
 Metaspace       used 53490K, capacity 56910K, committed 57088K, reserved 1099776K
  class space    used 6503K, capacity 7087K, committed 7168K, reserved 1048576K
2023-10-03T08:38:39.635+0800: 2045.433: [GC (Allocation Failure) [PSYoungGen: 126240K->1344K(126464K)] 216798K->91990K(260608K), 0.0065315 secs] [Times: user=0.05 sys=0.00, real=0.00 secs] 
Heap after GC invocations=382 (full 0):
 PSYoungGen      total 126464K, used 1344K [0x00000000f8300000, 0x0000000100000000, 0x0000000100000000)
  eden space 124928K, 0% used [0x00000000f8300000,0x00000000f8300000,0x00000000ffd00000)
  from space 1536K, 87% used [0x00000000ffe80000,0x00000000fffd0000,0x0000000100000000)
  to   space 1536K, 0% used [0x00000000ffd00000,0x00000000ffd00000,0x00000000ffe80000)
 ParOldGen       total 134144K, used 90646K [0x00000000f0000000, 0x00000000f8300000, 0x00000000f8300000)
  object space 134144K, 67% used [0x00000000f0000000,0x00000000f58859d8,0x00000000f8300000)
 Metaspace       used 53490K, capacity 56910K, committed 57088K, reserved 1099776K
  class space    used 6503K, capacity 7087K, committed 7168K, reserved 1048576K
}
{Heap before GC invocations=383 (full 0):
 PSYoungGen      total 126464K, used 126272K [0x00000000f8300000, 0x0000000100000000, 0x0000000100000000)
  eden space 124928K, 100% used [0x00000000f8300000,0x00000000ffd00000,0x00000000ffd00000)
  from space 1536K, 87% used [0x00000000ffe80000,0x00000000fffd0000,0x0000000100000000)
  to   space 1536K, 0% used [0x00000000ffd00000,0x00000000ffd00000,0x00000000ffe80000)
 ParOldGen       total 134144K, used 90646K [0x00000000f0000000, 0x00000000f8300000, 0x00000000f8300000)
  object space 134144K, 67% used [0x00000000f0000000,0x00000000f58859d8,0x00000000f8300000)
 Metaspace       used 53490K, capacity 56910K, committed 57088K, reserved 1099776K
  class space    used 6503K, capacity 7087K, committed 7168K, reserved 1048576K
2023-10-03T08:38:43.701+0800: 2049.499: [GC (Allocation Failure) [PSYoungGen: 126272K->1248K(126464K)] 216918K->91982K(260608K), 0.0078772 secs] [Times: user=0.06 sys=0.00, real=0.01 secs] 
Heap after GC invocations=383 (full 0):
 PSYoungGen      total 126464K, used 1248K [0x00000000f8300000, 0x0000000100000000, 0x0000000100000000)
  eden space 124928K, 0% used [0x00000000f8300000,0x00000000f8300000,0x00000000ffd00000)
  from space 1536K, 81% used [0x00000000ffd00000,0x00000000ffe38000,0x00000000ffe80000)
  to   space 1536K, 0% used [0x00000000ffe80000,0x00000000ffe80000,0x0000000100000000)
 ParOldGen       total 134144K, used 90734K [0x00000000f0000000, 0x00000000f8300000, 0x00000000f8300000)
  object space 134144K, 67% used [0x00000000f0000000,0x00000000f589b9d8,0x00000000f8300000)
 Metaspace       used 53490K, capacity 56910K, committed 57088K, reserved 1099776K
  class space    used 6503K, capacity 7087K, committed 7168K, reserved 1048576K
}
{Heap before GC invocations=384 (full 0):
 PSYoungGen      total 126464K, used 126176K [0x00000000f8300000, 0x0000000100000000, 0x0000000100000000)
  eden space 124928K, 100% used [0x00000000f8300000,0x00000000ffd00000,0x00000000ffd00000)
  from space 1536K, 81% used [0x00000000ffd00000,0x00000000ffe38000,0x00000000ffe80000)
  to   space 1536K, 0% used [0x00000000ffe80000,0x00000000ffe80000,0x0000000100000000)
 ParOldGen       total 134144K, used 90734K [0x00000000f0000000, 0x00000000f8300000, 0x00000000f8300000)
  object space 134144K, 67% used [0x00000000f0000000,0x00000000f589b9d8,0x00000000f8300000)
 Metaspace       used 53490K, capacity 56910K, committed 57088K, reserved 1099776K
  class space    used 6503K, capacity 7087K, committed 7168K, reserved 1048576K
2023-10-03T08:38:47.771+0800: 2053.569: [GC (Allocation Failure) [PSYoungGen: 126176K->1312K(126464K)] 216910K->92126K(260608K), 0.0058925 secs] [Times: user=0.04 sys=0.00, real=0.01 secs] 
Heap after GC invocations=384 (full 0):
 PSYoungGen      total 126464K, used 1312K [0x00000000f8300000, 0x0000000100000000, 0x0000000100000000)
  eden space 124928K, 0% used [0x00000000f8300000,0x00000000f8300000,0x00000000ffd00000)
  from space 1536K, 85% used [0x00000000ffe80000,0x00000000fffc8000,0x0000000100000000)
  to   space 1536K, 0% used [0x00000000ffd00000,0x00000000ffd00000,0x00000000ffe80000)
 ParOldGen       total 134144K, used 90814K [0x00000000f0000000, 0x00000000f8300000, 0x00000000f8300000)
  object space 134144K, 67% used [0x00000000f0000000,0x00000000f58af9d8,0x00000000f8300000)
 Metaspace       used 53490K, capacity 56910K, committed 57088K, reserved 1099776K
  class space    used 6503K, capacity 7087K, committed 7168K, reserved 1048576K
}
{Heap before GC invocations=385 (full 0):
 PSYoungGen      total 126464K, used 126240K [0x00000000f8300000, 0x0000000100000000, 0x0000000100000000)
  eden space 124928K, 100% used [0x00000000f8300000,0x00000000ffd00000,0x00000000ffd00000)
  from space 1536K, 85% used [0x00000000ffe80000,0x00000000fffc8000,0x0000000100000000)
  to   space 1536K, 0% used [0x00000000ffd00000,0x00000000ffd00000,0x00000000ffe80000)
 ParOldGen       total 134144K, used 90814K [0x00000000f0000000, 0x00000000f8300000, 0x00000000f8300000)
  object space 134144K, 67% used [0x00000000f0000000,0x00000000f58af9d8,0x00000000f8300000)
 Metaspace       used 53490K, capacity 56910K, committed 57088K, reserved 1099776K
  class space    used 6503K, capacity 7087K, committed 7168K, reserved 1048576K
2023-10-03T08:38:51.839+0800: 2057.637: [GC (Allocation Failure) [PSYoungGen: 126240K->1248K(126464K)] 217054K->92150K(260608K), 0.0084648 secs] [Times: user=0.05 sys=0.00, real=0.01 secs] 
Heap after GC invocations=385 (full 0):
 PSYoungGen      total 126464K, used 1248K [0x00000000f8300000, 0x0000000100000000, 0x0000000100000000)
  eden space 124928K, 0% used [0x00000000f8300000,0x00000000f8300000,0x00000000ffd00000)
  from space 1536K, 81% used [0x00000000ffd00000,0x00000000ffe38000,0x00000000ffe80000)
  to   space 1536K, 0% used [0x00000000ffe80000,0x00000000ffe80000,0x0000000100000000)
 ParOldGen       total 134144K, used 90902K [0x00000000f0000000, 0x00000000f8300000, 0x00000000f8300000)
  object space 134144K, 67% used [0x00000000f0000000,0x00000000f58c59d8,0x00000000f8300000)
 Metaspace       used 53490K, capacity 56910K, committed 57088K, reserved 1099776K
  class space    used 6503K, capacity 7087K, committed 7168K, reserved 1048576K
}
{Heap before GC invocations=386 (full 0):
 PSYoungGen      total 126464K, used 126176K [0x00000000f8300000, 0x0000000100000000, 0x0000000100000000)
  eden space 124928K, 100% used [0x00000000f8300000,0x00000000ffd00000,0x00000000ffd00000)
  from space 1536K, 81% used [0x00000000ffd00000,0x00000000ffe38000,0x00000000ffe80000)
  to   space 1536K, 0% used [0x00000000ffe80000,0x00000000ffe80000,0x0000000100000000)
 ParOldGen       total 134144K, used 90902K [0x00000000f0000000, 0x00000000f8300000, 0x00000000f8300000)
  object space 134144K, 67% used [0x00000000f0000000,0x00000000f58c59d8,0x00000000f8300000)
 Metaspace       used 53490K, capacity 56910K, committed 57088K, reserved 1099776K
  class space    used 6503K, capacity 7087K, committed 7168K, reserved 1048576K
2023-10-03T08:38:56.290+0800: 2062.088: [GC (Allocation Failure) [PSYoungGen: 126176K->1312K(126464K)] 217078K->92286K(260608K), 0.0062942 secs] [Times: user=0.05 sys=0.00, real=0.01 secs] 
Heap after GC invocations=386 (full 0):
 PSYoungGen      total 126464K, used 1312K [0x00000000f8300000, 0x0000000100000000, 0x0000000100000000)
  eden space 124928K, 0% used [0x00000000f8300000,0x00000000f8300000,0x00000000ffd00000)
  from space 1536K, 85% used [0x00000000ffe80000,0x00000000fffc8000,0x0000000100000000)
  to   space 1536K, 0% used [0x00000000ffd00000,0x00000000ffd00000,0x00000000ffe80000)
 ParOldGen       total 134144K, used 90974K [0x00000000f0000000, 0x00000000f8300000, 0x00000000f8300000)
  object space 134144K, 67% used [0x00000000f0000000,0x00000000f58d79d8,0x00000000f8300000)
 Metaspace       used 53490K, capacity 56910K, committed 57088K, reserved 1099776K
  class space    used 6503K, capacity 7087K, committed 7168K, reserved 1048576K
}
{Heap before GC invocations=387 (full 0):
 PSYoungGen      total 126464K, used 126240K [0x00000000f8300000, 0x0000000100000000, 0x0000000100000000)
  eden space 124928K, 100% used [0x00000000f8300000,0x00000000ffd00000,0x00000000ffd00000)
  from space 1536K, 85% used [0x00000000ffe80000,0x00000000fffc8000,0x0000000100000000)
  to   space 1536K, 0% used [0x00000000ffd00000,0x00000000ffd00000,0x00000000ffe80000)
 ParOldGen       total 134144K, used 90974K [0x00000000f0000000, 0x00000000f8300000, 0x00000000f8300000)
  object space 134144K, 67% used [0x00000000f0000000,0x00000000f58d79d8,0x00000000f8300000)
 Metaspace       used 53490K, capacity 56910K, committed 57088K, reserved 1099776K
  class space    used 6503K, capacity 7087K, committed 7168K, reserved 1048576K
2023-10-03T08:39:00.351+0800: 2066.149: [GC (Allocation Failure) [PSYoungGen: 126240K->1440K(126464K)] 217214K->92502K(260608K), 0.0026421 secs] [Times: user=0.02 sys=0.00, real=0.01 secs] 
Heap after GC invocations=387 (full 0):
 PSYoungGen      total 126464K, used 1440K [0x00000000f8300000, 0x0000000100000000, 0x0000000100000000)
  eden space 124928K, 0% used [0x00000000f8300000,0x00000000f8300000,0x00000000ffd00000)
  from space 1536K, 93% used [0x00000000ffd00000,0x00000000ffe68000,0x00000000ffe80000)
  to   space 1536K, 0% used [0x00000000ffe80000,0x00000000ffe80000,0x0000000100000000)
 ParOldGen       total 134144K, used 91062K [0x00000000f0000000, 0x00000000f8300000, 0x00000000f8300000)
  object space 134144K, 67% used [0x00000000f0000000,0x00000000f58ed9d8,0x00000000f8300000)
 Metaspace       used 53490K, capacity 56910K, committed 57088K, reserved 1099776K
  class space    used 6503K, capacity 7087K, committed 7168K, reserved 1048576K
}
{Heap before GC invocations=388 (full 0):
 PSYoungGen      total 126464K, used 126368K [0x00000000f8300000, 0x0000000100000000, 0x0000000100000000)
  eden space 124928K, 100% used [0x00000000f8300000,0x00000000ffd00000,0x00000000ffd00000)
  from space 1536K, 93% used [0x00000000ffd00000,0x00000000ffe68000,0x00000000ffe80000)
  to   space 1536K, 0% used [0x00000000ffe80000,0x00000000ffe80000,0x0000000100000000)
 ParOldGen       total 134144K, used 91062K [0x00000000f0000000, 0x00000000f8300000, 0x00000000f8300000)
  object space 134144K, 67% used [0x00000000f0000000,0x00000000f58ed9d8,0x00000000f8300000)
 Metaspace       used 53490K, capacity 56910K, committed 57088K, reserved 1099776K
  class space    used 6503K, capacity 7087K, committed 7168K, reserved 1048576K
2023-10-03T08:39:04.412+0800: 2070.210: [GC (Allocation Failure) [PSYoungGen: 126368K->1280K(126464K)] 217430K->92558K(260608K), 0.0084213 secs] [Times: user=0.04 sys=0.01, real=0.01 secs] 
Heap after GC invocations=388 (full 0):
 PSYoungGen      total 126464K, used 1280K [0x00000000f8300000, 0x0000000100000000, 0x0000000100000000)
  eden space 124928K, 0% used [0x00000000f8300000,0x00000000f8300000,0x00000000ffd00000)
  from space 1536K, 83% used [0x00000000ffe80000,0x00000000fffc0000,0x0000000100000000)
  to   space 1536K, 0% used [0x00000000ffd00000,0x00000000ffd00000,0x00000000ffe80000)
 ParOldGen       total 134144K, used 91278K [0x00000000f0000000, 0x00000000f8300000, 0x00000000f8300000)
  object space 134144K, 68% used [0x00000000f0000000,0x00000000f5923a98,0x00000000f8300000)
 Metaspace       used 53490K, capacity 56910K, committed 57088K, reserved 1099776K
  class space    used 6503K, capacity 7087K, committed 7168K, reserved 1048576K
}
{Heap before GC invocations=389 (full 0):
 PSYoungGen      total 126464K, used 126208K [0x00000000f8300000, 0x0000000100000000, 0x0000000100000000)
  eden space 124928K, 100% used [0x00000000f8300000,0x00000000ffd00000,0x00000000ffd00000)
  from space 1536K, 83% used [0x00000000ffe80000,0x00000000fffc0000,0x0000000100000000)
  to   space 1536K, 0% used [0x00000000ffd00000,0x00000000ffd00000,0x00000000ffe80000)
 ParOldGen       total 134144K, used 91278K [0x00000000f0000000, 0x00000000f8300000, 0x00000000f8300000)
  object space 134144K, 68% used [0x00000000f0000000,0x00000000f5923a98,0x00000000f8300000)
 Metaspace       used 53495K, capacity 56910K, committed 57088K, reserved 1099776K
  class space    used 6503K, capacity 7087K, committed 7168K, reserved 1048576K
2023-10-03T08:39:09.118+0800: 2074.916: [GC (Allocation Failure) [PSYoungGen: 126208K->1536K(123392K)] 217486K->98342K(257536K), 0.0088055 secs] [Times: user=0.07 sys=0.00, real=0.01 secs] 
Heap after GC invocations=389 (full 0):
 PSYoungGen      total 123392K, used 1536K [0x00000000f8300000, 0x0000000100000000, 0x0000000100000000)
  eden space 121856K, 0% used [0x00000000f8300000,0x00000000f8300000,0x00000000ffa00000)
  from space 1536K, 100% used [0x00000000ffd00000,0x00000000ffe80000,0x00000000ffe80000)
  to   space 1536K, 0% used [0x00000000ffe80000,0x00000000ffe80000,0x0000000100000000)
 ParOldGen       total 134144K, used 96806K [0x00000000f0000000, 0x00000000f8300000, 0x00000000f8300000)
  object space 134144K, 72% used [0x00000000f0000000,0x00000000f5e898d8,0x00000000f8300000)
 Metaspace       used 53495K, capacity 56910K, committed 57088K, reserved 1099776K
  class space    used 6503K, capacity 7087K, committed 7168K, reserved 1048576K
}
{Heap before GC invocations=390 (full 0):
 PSYoungGen      total 123392K, used 123392K [0x00000000f8300000, 0x0000000100000000, 0x0000000100000000)
  eden space 121856K, 100% used [0x00000000f8300000,0x00000000ffa00000,0x00000000ffa00000)
  from space 1536K, 100% used [0x00000000ffd00000,0x00000000ffe80000,0x00000000ffe80000)
  to   space 1536K, 0% used [0x00000000ffe80000,0x00000000ffe80000,0x0000000100000000)
 ParOldGen       total 134144K, used 96806K [0x00000000f0000000, 0x00000000f8300000, 0x00000000f8300000)
  object space 134144K, 72% used [0x00000000f0000000,0x00000000f5e898d8,0x00000000f8300000)
 Metaspace       used 53495K, capacity 56910K, committed 57088K, reserved 1099776K
  class space    used 6503K, capacity 7087K, committed 7168K, reserved 1048576K
2023-10-03T08:39:13.164+0800: 2078.962: [GC (Allocation Failure) [PSYoungGen: 123392K->1536K(121344K)] 220198K->99816K(255488K), 0.0037329 secs] [Times: user=0.03 sys=0.00, real=0.00 secs] 
Heap after GC invocations=390 (full 0):
 PSYoungGen      total 121344K, used 1536K [0x00000000f8300000, 0x0000000100000000, 0x0000000100000000)
  eden space 119808K, 0% used [0x00000000f8300000,0x00000000f8300000,0x00000000ff800000)
  from space 1536K, 100% used [0x00000000ffe80000,0x0000000100000000,0x0000000100000000)
  to   space 4096K, 0% used [0x00000000ff800000,0x00000000ff800000,0x00000000ffc00000)
 ParOldGen       total 134144K, used 98280K [0x00000000f0000000, 0x00000000f8300000, 0x00000000f8300000)
  object space 134144K, 73% used [0x00000000f0000000,0x00000000f5ffa058,0x00000000f8300000)
 Metaspace       used 53495K, capacity 56910K, committed 57088K, reserved 1099776K
  class space    used 6503K, capacity 7087K, committed 7168K, reserved 1048576K
}
{Heap before GC invocations=391 (full 0):
 PSYoungGen      total 121344K, used 121344K [0x00000000f8300000, 0x0000000100000000, 0x0000000100000000)
  eden space 119808K, 100% used [0x00000000f8300000,0x00000000ff800000,0x00000000ff800000)
  from space 1536K, 100% used [0x00000000ffe80000,0x0000000100000000,0x0000000100000000)
  to   space 4096K, 0% used [0x00000000ff800000,0x00000000ff800000,0x00000000ffc00000)
 ParOldGen       total 134144K, used 98280K [0x00000000f0000000, 0x00000000f8300000, 0x00000000f8300000)
  object space 134144K, 73% used [0x00000000f0000000,0x00000000f5ffa058,0x00000000f8300000)
 Metaspace       used 53495K, capacity 56910K, committed 57088K, reserved 1099776K
  class space    used 6503K, capacity 7087K, committed 7168K, reserved 1048576K
2023-10-03T08:39:17.171+0800: 2082.969: [GC (Allocation Failure) [PSYoungGen: 121344K->1312K(123904K)] 219624K->100217K(258048K), 0.0041961 secs] [Times: user=0.03 sys=0.01, real=0.01 secs] 
Heap after GC invocations=391 (full 0):
 PSYoungGen      total 123904K, used 1312K [0x00000000f8300000, 0x0000000100000000, 0x0000000100000000)
  eden space 119808K, 0% used [0x00000000f8300000,0x00000000f8300000,0x00000000ff800000)
  from space 4096K, 32% used [0x00000000ff800000,0x00000000ff948000,0x00000000ffc00000)
  to   space 4096K, 0% used [0x00000000ffc00000,0x00000000ffc00000,0x0000000100000000)
 ParOldGen       total 134144K, used 98905K [0x00000000f0000000, 0x00000000f8300000, 0x00000000f8300000)
  object space 134144K, 73% used [0x00000000f0000000,0x00000000f6096428,0x00000000f8300000)
 Metaspace       used 53495K, capacity 56910K, committed 57088K, reserved 1099776K
  class space    used 6503K, capacity 7087K, committed 7168K, reserved 1048576K
}
{Heap before GC invocations=392 (full 0):
 PSYoungGen      total 123904K, used 121120K [0x00000000f8300000, 0x0000000100000000, 0x0000000100000000)
  eden space 119808K, 100% used [0x00000000f8300000,0x00000000ff800000,0x00000000ff800000)
  from space 4096K, 32% used [0x00000000ff800000,0x00000000ff948000,0x00000000ffc00000)
  to   space 4096K, 0% used [0x00000000ffc00000,0x00000000ffc00000,0x0000000100000000)
 ParOldGen       total 134144K, used 98905K [0x00000000f0000000, 0x00000000f8300000, 0x00000000f8300000)
  object space 134144K, 73% used [0x00000000f0000000,0x00000000f6096428,0x00000000f8300000)
 Metaspace       used 53495K, capacity 56910K, committed 57088K, reserved 1099776K
  class space    used 6503K, capacity 7087K, committed 7168K, reserved 1048576K
2023-10-03T08:39:21.174+0800: 2086.972: [GC (Allocation Failure) [PSYoungGen: 121120K->1216K(123904K)] 220025K->100201K(258048K), 0.0066619 secs] [Times: user=0.05 sys=0.00, real=0.00 secs] 
Heap after GC invocations=392 (full 0):
 PSYoungGen      total 123904K, used 1216K [0x00000000f8300000, 0x0000000100000000, 0x0000000100000000)
  eden space 119808K, 0% used [0x00000000f8300000,0x00000000f8300000,0x00000000ff800000)
  from space 4096K, 29% used [0x00000000ffc00000,0x00000000ffd30000,0x0000000100000000)
  to   space 4096K, 0% used [0x00000000ff800000,0x00000000ff800000,0x00000000ffc00000)
 ParOldGen       total 134144K, used 98985K [0x00000000f0000000, 0x00000000f8300000, 0x00000000f8300000)
  object space 134144K, 73% used [0x00000000f0000000,0x00000000f60aa428,0x00000000f8300000)
 Metaspace       used 53495K, capacity 56910K, committed 57088K, reserved 1099776K
  class space    used 6503K, capacity 7087K, committed 7168K, reserved 1048576K
}
{Heap before GC invocations=393 (full 0):
 PSYoungGen      total 123904K, used 121024K [0x00000000f8300000, 0x0000000100000000, 0x0000000100000000)
  eden space 119808K, 100% used [0x00000000f8300000,0x00000000ff800000,0x00000000ff800000)
  from space 4096K, 29% used [0x00000000ffc00000,0x00000000ffd30000,0x0000000100000000)
  to   space 4096K, 0% used [0x00000000ff800000,0x00000000ff800000,0x00000000ffc00000)
 ParOldGen       total 134144K, used 98985K [0x00000000f0000000, 0x00000000f8300000, 0x00000000f8300000)
  object space 134144K, 73% used [0x00000000f0000000,0x00000000f60aa428,0x00000000f8300000)
 Metaspace       used 53495K, capacity 56910K, committed 57088K, reserved 1099776K
  class space    used 6503K, capacity 7087K, committed 7168K, reserved 1048576K
2023-10-03T08:39:24.894+0800: 2090.692: [GC (Allocation Failure) [PSYoungGen: 121024K->1312K(123904K)] 220009K->100369K(258048K), 0.0085325 secs] [Times: user=0.06 sys=0.00, real=0.01 secs] 
Heap after GC invocations=393 (full 0):
 PSYoungGen      total 123904K, used 1312K [0x00000000f8300000, 0x0000000100000000, 0x0000000100000000)
  eden space 119808K, 0% used [0x00000000f8300000,0x00000000f8300000,0x00000000ff800000)
  from space 4096K, 32% used [0x00000000ff800000,0x00000000ff948000,0x00000000ffc00000)
  to   space 3584K, 0% used [0x00000000ffc80000,0x00000000ffc80000,0x0000000100000000)
 ParOldGen       total 134144K, used 99057K [0x00000000f0000000, 0x00000000f8300000, 0x00000000f8300000)
  object space 134144K, 73% used [0x00000000f0000000,0x00000000f60bc428,0x00000000f8300000)
 Metaspace       used 53495K, capacity 56910K, committed 57088K, reserved 1099776K
  class space    used 6503K, capacity 7087K, committed 7168K, reserved 1048576K
}
{Heap before GC invocations=394 (full 0):
 PSYoungGen      total 123904K, used 121120K [0x00000000f8300000, 0x0000000100000000, 0x0000000100000000)
  eden space 119808K, 100% used [0x00000000f8300000,0x00000000ff800000,0x00000000ff800000)
  from space 4096K, 32% used [0x00000000ff800000,0x00000000ff948000,0x00000000ffc00000)
  to   space 3584K, 0% used [0x00000000ffc80000,0x00000000ffc80000,0x0000000100000000)
 ParOldGen       total 134144K, used 99057K [0x00000000f0000000, 0x00000000f8300000, 0x00000000f8300000)
  object space 134144K, 73% used [0x00000000f0000000,0x00000000f60bc428,0x00000000f8300000)
 Metaspace       used 53495K, capacity 56910K, committed 57088K, reserved 1099776K
  class space    used 6503K, capacity 7087K, committed 7168K, reserved 1048576K
2023-10-03T08:39:28.905+0800: 2094.703: [GC (Allocation Failure) [PSYoungGen: 121120K->1248K(124416K)] 220177K->100369K(258560K), 0.0084943 secs] [Times: user=0.05 sys=0.00, real=0.01 secs] 
Heap after GC invocations=394 (full 0):
 PSYoungGen      total 124416K, used 1248K [0x00000000f8300000, 0x0000000100000000, 0x0000000100000000)
  eden space 120832K, 0% used [0x00000000f8300000,0x00000000f8300000,0x00000000ff900000)
  from space 3584K, 34% used [0x00000000ffc80000,0x00000000ffdb8000,0x0000000100000000)
  to   space 3584K, 0% used [0x00000000ff900000,0x00000000ff900000,0x00000000ffc80000)
 ParOldGen       total 134144K, used 99121K [0x00000000f0000000, 0x00000000f8300000, 0x00000000f8300000)
  object space 134144K, 73% used [0x00000000f0000000,0x00000000f60cc428,0x00000000f8300000)
 Metaspace       used 53495K, capacity 56910K, committed 57088K, reserved 1099776K
  class space    used 6503K, capacity 7087K, committed 7168K, reserved 1048576K
}
{Heap before GC invocations=395 (full 0):
 PSYoungGen      total 124416K, used 122080K [0x00000000f8300000, 0x0000000100000000, 0x0000000100000000)
  eden space 120832K, 100% used [0x00000000f8300000,0x00000000ff900000,0x00000000ff900000)
  from space 3584K, 34% used [0x00000000ffc80000,0x00000000ffdb8000,0x0000000100000000)
  to   space 3584K, 0% used [0x00000000ff900000,0x00000000ff900000,0x00000000ffc80000)
 ParOldGen       total 134144K, used 99121K [0x00000000f0000000, 0x00000000f8300000, 0x00000000f8300000)
  object space 134144K, 73% used [0x00000000f0000000,0x00000000f60cc428,0x00000000f8300000)
 Metaspace       used 53495K, capacity 56910K, committed 57088K, reserved 1099776K
  class space    used 6503K, capacity 7087K, committed 7168K, reserved 1048576K
2023-10-03T08:39:32.934+0800: 2098.732: [GC (Allocation Failure) [PSYoungGen: 122080K->1280K(124416K)] 221201K->100481K(258560K), 0.0084978 secs] [Times: user=0.05 sys=0.00, real=0.01 secs] 
Heap after GC invocations=395 (full 0):
 PSYoungGen      total 124416K, used 1280K [0x00000000f8300000, 0x0000000100000000, 0x0000000100000000)
  eden space 120832K, 0% used [0x00000000f8300000,0x00000000f8300000,0x00000000ff900000)
  from space 3584K, 35% used [0x00000000ff900000,0x00000000ffa40000,0x00000000ffc80000)
  to   space 3584K, 0% used [0x00000000ffc80000,0x00000000ffc80000,0x0000000100000000)
 ParOldGen       total 134144K, used 99201K [0x00000000f0000000, 0x00000000f8300000, 0x00000000f8300000)
  object space 134144K, 73% used [0x00000000f0000000,0x00000000f60e0428,0x00000000f8300000)
 Metaspace       used 53495K, capacity 56910K, committed 57088K, reserved 1099776K
  class space    used 6503K, capacity 7087K, committed 7168K, reserved 1048576K
}
{Heap before GC invocations=396 (full 0):
 PSYoungGen      total 124416K, used 122112K [0x00000000f8300000, 0x0000000100000000, 0x0000000100000000)
  eden space 120832K, 100% used [0x00000000f8300000,0x00000000ff900000,0x00000000ff900000)
  from space 3584K, 35% used [0x00000000ff900000,0x00000000ffa40000,0x00000000ffc80000)
  to   space 3584K, 0% used [0x00000000ffc80000,0x00000000ffc80000,0x0000000100000000)
 ParOldGen       total 134144K, used 99201K [0x00000000f0000000, 0x00000000f8300000, 0x00000000f8300000)
  object space 134144K, 73% used [0x00000000f0000000,0x00000000f60e0428,0x00000000f8300000)
 Metaspace       used 53495K, capacity 56910K, committed 57088K, reserved 1099776K
  class space    used 6503K, capacity 7087K, committed 7168K, reserved 1048576K
2023-10-03T08:39:36.968+0800: 2102.766: [GC (Allocation Failure) [PSYoungGen: 122112K->1344K(124416K)] 221313K->100617K(258560K), 0.0086583 secs] [Times: user=0.05 sys=0.01, real=0.01 secs] 
Heap after GC invocations=396 (full 0):
 PSYoungGen      total 124416K, used 1344K [0x00000000f8300000, 0x0000000100000000, 0x0000000100000000)
  eden space 120832K, 0% used [0x00000000f8300000,0x00000000f8300000,0x00000000ff900000)
  from space 3584K, 37% used [0x00000000ffc80000,0x00000000ffdd0000,0x0000000100000000)
  to   space 3584K, 0% used [0x00000000ff900000,0x00000000ff900000,0x00000000ffc80000)
 ParOldGen       total 134144K, used 99273K [0x00000000f0000000, 0x00000000f8300000, 0x00000000f8300000)
  object space 134144K, 74% used [0x00000000f0000000,0x00000000f60f2428,0x00000000f8300000)
 Metaspace       used 53495K, capacity 56910K, committed 57088K, reserved 1099776K
  class space    used 6503K, capacity 7087K, committed 7168K, reserved 1048576K
}
{Heap before GC invocations=397 (full 0):
 PSYoungGen      total 124416K, used 122176K [0x00000000f8300000, 0x0000000100000000, 0x0000000100000000)
  eden space 120832K, 100% used [0x00000000f8300000,0x00000000ff900000,0x00000000ff900000)
  from space 3584K, 37% used [0x00000000ffc80000,0x00000000ffdd0000,0x0000000100000000)
  to   space 3584K, 0% used [0x00000000ff900000,0x00000000ff900000,0x00000000ffc80000)
 ParOldGen       total 134144K, used 99273K [0x00000000f0000000, 0x00000000f8300000, 0x00000000f8300000)
  object space 134144K, 74% used [0x00000000f0000000,0x00000000f60f2428,0x00000000f8300000)
 Metaspace       used 53495K, capacity 56910K, committed 57088K, reserved 1099776K
  class space    used 6503K, capacity 7087K, committed 7168K, reserved 1048576K
2023-10-03T08:39:40.997+0800: 2106.795: [GC (Allocation Failure) [PSYoungGen: 122176K->1280K(124416K)] 221449K->100633K(258560K), 0.0087993 secs] [Times: user=0.06 sys=0.00, real=0.01 secs] 
Heap after GC invocations=397 (full 0):
 PSYoungGen      total 124416K, used 1280K [0x00000000f8300000, 0x0000000100000000, 0x0000000100000000)
  eden space 120832K, 0% used [0x00000000f8300000,0x00000000f8300000,0x00000000ff900000)
  from space 3584K, 35% used [0x00000000ff900000,0x00000000ffa40000,0x00000000ffc80000)
  to   space 3584K, 0% used [0x00000000ffc80000,0x00000000ffc80000,0x0000000100000000)
 ParOldGen       total 134144K, used 99353K [0x00000000f0000000, 0x00000000f8300000, 0x00000000f8300000)
  object space 134144K, 74% used [0x00000000f0000000,0x00000000f6106428,0x00000000f8300000)
 Metaspace       used 53495K, capacity 56910K, committed 57088K, reserved 1099776K
  class space    used 6503K, capacity 7087K, committed 7168K, reserved 1048576K
}
{Heap before GC invocations=398 (full 0):
 PSYoungGen      total 124416K, used 122112K [0x00000000f8300000, 0x0000000100000000, 0x0000000100000000)
  eden space 120832K, 100% used [0x00000000f8300000,0x00000000ff900000,0x00000000ff900000)
  from space 3584K, 35% used [0x00000000ff900000,0x00000000ffa40000,0x00000000ffc80000)
  to   space 3584K, 0% used [0x00000000ffc80000,0x00000000ffc80000,0x0000000100000000)
 ParOldGen       total 134144K, used 99353K [0x00000000f0000000, 0x00000000f8300000, 0x00000000f8300000)
  object space 134144K, 74% used [0x00000000f0000000,0x00000000f6106428,0x00000000f8300000)
 Metaspace       used 53495K, capacity 56910K, committed 57088K, reserved 1099776K
  class space    used 6503K, capacity 7087K, committed 7168K, reserved 1048576K
2023-10-03T08:39:45.027+0800: 2110.825: [GC (Allocation Failure) [PSYoungGen: 122112K->1312K(124416K)] 221465K->100705K(258560K), 0.0091280 secs] [Times: user=0.05 sys=0.00, real=0.01 secs] 
Heap after GC invocations=398 (full 0):
 PSYoungGen      total 124416K, used 1312K [0x00000000f8300000, 0x0000000100000000, 0x0000000100000000)
  eden space 120832K, 0% used [0x00000000f8300000,0x00000000f8300000,0x00000000ff900000)
  from space 3584K, 36% used [0x00000000ffc80000,0x00000000ffdc8000,0x0000000100000000)
  to   space 3584K, 0% used [0x00000000ff900000,0x00000000ff900000,0x00000000ffc80000)
 ParOldGen       total 134144K, used 99393K [0x00000000f0000000, 0x00000000f8300000, 0x00000000f8300000)
  object space 134144K, 74% used [0x00000000f0000000,0x00000000f6110428,0x00000000f8300000)
 Metaspace       used 53495K, capacity 56910K, committed 57088K, reserved 1099776K
  class space    used 6503K, capacity 7087K, committed 7168K, reserved 1048576K
}
{Heap before GC invocations=399 (full 0):
 PSYoungGen      total 124416K, used 122144K [0x00000000f8300000, 0x0000000100000000, 0x0000000100000000)
  eden space 120832K, 100% used [0x00000000f8300000,0x00000000ff900000,0x00000000ff900000)
  from space 3584K, 36% used [0x00000000ffc80000,0x00000000ffdc8000,0x0000000100000000)
  to   space 3584K, 0% used [0x00000000ff900000,0x00000000ff900000,0x00000000ffc80000)
 ParOldGen       total 134144K, used 99393K [0x00000000f0000000, 0x00000000f8300000, 0x00000000f8300000)
  object space 134144K, 74% used [0x00000000f0000000,0x00000000f6110428,0x00000000f8300000)
 Metaspace       used 53495K, capacity 56910K, committed 57088K, reserved 1099776K
  class space    used 6503K, capacity 7087K, committed 7168K, reserved 1048576K
2023-10-03T08:39:49.057+0800: 2114.855: [GC (Allocation Failure) [PSYoungGen: 122144K->1248K(124416K)] 221537K->100721K(258560K), 0.0084591 secs] [Times: user=0.05 sys=0.00, real=0.01 secs] 
Heap after GC invocations=399 (full 0):
 PSYoungGen      total 124416K, used 1248K [0x00000000f8300000, 0x0000000100000000, 0x0000000100000000)
  eden space 120832K, 0% used [0x00000000f8300000,0x00000000f8300000,0x00000000ff900000)
  from space 3584K, 34% used [0x00000000ff900000,0x00000000ffa38000,0x00000000ffc80000)
  to   space 3072K, 0% used [0x00000000ffd00000,0x00000000ffd00000,0x0000000100000000)
 ParOldGen       total 134144K, used 99473K [0x00000000f0000000, 0x00000000f8300000, 0x00000000f8300000)
  object space 134144K, 74% used [0x00000000f0000000,0x00000000f6124428,0x00000000f8300000)
 Metaspace       used 53495K, capacity 56910K, committed 57088K, reserved 1099776K
  class space    used 6503K, capacity 7087K, committed 7168K, reserved 1048576K
}
{Heap before GC invocations=400 (full 0):
 PSYoungGen      total 124416K, used 122080K [0x00000000f8300000, 0x0000000100000000, 0x0000000100000000)
  eden space 120832K, 100% used [0x00000000f8300000,0x00000000ff900000,0x00000000ff900000)
  from space 3584K, 34% used [0x00000000ff900000,0x00000000ffa38000,0x00000000ffc80000)
  to   space 3072K, 0% used [0x00000000ffd00000,0x00000000ffd00000,0x0000000100000000)
 ParOldGen       total 134144K, used 99473K [0x00000000f0000000, 0x00000000f8300000, 0x00000000f8300000)
  object space 134144K, 74% used [0x00000000f0000000,0x00000000f6124428,0x00000000f8300000)
 Metaspace       used 53495K, capacity 56910K, committed 57088K, reserved 1099776K
  class space    used 6503K, capacity 7087K, committed 7168K, reserved 1048576K
2023-10-03T08:39:53.091+0800: 2118.889: [GC (Allocation Failure) [PSYoungGen: 122080K->1184K(124928K)] 221553K->100705K(259072K), 0.0087488 secs] [Times: user=0.05 sys=0.00, real=0.01 secs] 
Heap after GC invocations=400 (full 0):
 PSYoungGen      total 124928K, used 1184K [0x00000000f8300000, 0x0000000100000000, 0x0000000100000000)
  eden space 121856K, 0% used [0x00000000f8300000,0x00000000f8300000,0x00000000ffa00000)
  from space 3072K, 38% used [0x00000000ffd00000,0x00000000ffe28000,0x0000000100000000)
  to   space 3072K, 0% used [0x00000000ffa00000,0x00000000ffa00000,0x00000000ffd00000)
 ParOldGen       total 134144K, used 99521K [0x00000000f0000000, 0x00000000f8300000, 0x00000000f8300000)
  object space 134144K, 74% used [0x00000000f0000000,0x00000000f6130428,0x00000000f8300000)
 Metaspace       used 53495K, capacity 56910K, committed 57088K, reserved 1099776K
  class space    used 6503K, capacity 7087K, committed 7168K, reserved 1048576K
}
{Heap before GC invocations=401 (full 0):
 PSYoungGen      total 124928K, used 123040K [0x00000000f8300000, 0x0000000100000000, 0x0000000100000000)
  eden space 121856K, 100% used [0x00000000f8300000,0x00000000ffa00000,0x00000000ffa00000)
  from space 3072K, 38% used [0x00000000ffd00000,0x00000000ffe28000,0x0000000100000000)
  to   space 3072K, 0% used [0x00000000ffa00000,0x00000000ffa00000,0x00000000ffd00000)
 ParOldGen       total 134144K, used 99521K [0x00000000f0000000, 0x00000000f8300000, 0x00000000f8300000)
  object space 134144K, 74% used [0x00000000f0000000,0x00000000f6130428,0x00000000f8300000)
 Metaspace       used 53495K, capacity 56910K, committed 57088K, reserved 1099776K
  class space    used 6503K, capacity 7087K, committed 7168K, reserved 1048576K
2023-10-03T08:39:57.147+0800: 2122.945: [GC (Allocation Failure) [PSYoungGen: 123040K->1312K(124928K)] 222561K->100881K(259072K), 0.0083402 secs] [Times: user=0.05 sys=0.00, real=0.01 secs] 
Heap after GC invocations=401 (full 0):
 PSYoungGen      total 124928K, used 1312K [0x00000000f8300000, 0x0000000100000000, 0x0000000100000000)
  eden space 121856K, 0% used [0x00000000f8300000,0x00000000f8300000,0x00000000ffa00000)
  from space 3072K, 42% used [0x00000000ffa00000,0x00000000ffb48000,0x00000000ffd00000)
  to   space 3072K, 0% used [0x00000000ffd00000,0x00000000ffd00000,0x0000000100000000)
 ParOldGen       total 134144K, used 99569K [0x00000000f0000000, 0x00000000f8300000, 0x00000000f8300000)
  object space 134144K, 74% used [0x00000000f0000000,0x00000000f613c428,0x00000000f8300000)
 Metaspace       used 53495K, capacity 56910K, committed 57088K, reserved 1099776K
  class space    used 6503K, capacity 7087K, committed 7168K, reserved 1048576K
}
{Heap before GC invocations=402 (full 0):
 PSYoungGen      total 124928K, used 123168K [0x00000000f8300000, 0x0000000100000000, 0x0000000100000000)
  eden space 121856K, 100% used [0x00000000f8300000,0x00000000ffa00000,0x00000000ffa00000)
  from space 3072K, 42% used [0x00000000ffa00000,0x00000000ffb48000,0x00000000ffd00000)
  to   space 3072K, 0% used [0x00000000ffd00000,0x00000000ffd00000,0x0000000100000000)
 ParOldGen       total 134144K, used 99569K [0x00000000f0000000, 0x00000000f8300000, 0x00000000f8300000)
  object space 134144K, 74% used [0x00000000f0000000,0x00000000f613c428,0x00000000f8300000)
 Metaspace       used 53495K, capacity 56910K, committed 57088K, reserved 1099776K
  class space    used 6503K, capacity 7087K, committed 7168K, reserved 1048576K
2023-10-03T08:40:01.199+0800: 2126.997: [GC (Allocation Failure) [PSYoungGen: 123168K->1280K(124928K)] 222737K->100937K(259072K), 0.0086154 secs] [Times: user=0.04 sys=0.00, real=0.01 secs] 
Heap after GC invocations=402 (full 0):
 PSYoungGen      total 124928K, used 1280K [0x00000000f8300000, 0x0000000100000000, 0x0000000100000000)
  eden space 121856K, 0% used [0x00000000f8300000,0x00000000f8300000,0x00000000ffa00000)
  from space 3072K, 41% used [0x00000000ffd00000,0x00000000ffe40000,0x0000000100000000)
  to   space 3072K, 0% used [0x00000000ffa00000,0x00000000ffa00000,0x00000000ffd00000)
 ParOldGen       total 134144K, used 99657K [0x00000000f0000000, 0x00000000f8300000, 0x00000000f8300000)
  object space 134144K, 74% used [0x00000000f0000000,0x00000000f6152428,0x00000000f8300000)
 Metaspace       used 53495K, capacity 56910K, committed 57088K, reserved 1099776K
  class space    used 6503K, capacity 7087K, committed 7168K, reserved 1048576K
}
{Heap before GC invocations=403 (full 0):
 PSYoungGen      total 124928K, used 123136K [0x00000000f8300000, 0x0000000100000000, 0x0000000100000000)
  eden space 121856K, 100% used [0x00000000f8300000,0x00000000ffa00000,0x00000000ffa00000)
  from space 3072K, 41% used [0x00000000ffd00000,0x00000000ffe40000,0x0000000100000000)
  to   space 3072K, 0% used [0x00000000ffa00000,0x00000000ffa00000,0x00000000ffd00000)
 ParOldGen       total 134144K, used 99657K [0x00000000f0000000, 0x00000000f8300000, 0x00000000f8300000)
  object space 134144K, 74% used [0x00000000f0000000,0x00000000f6152428,0x00000000f8300000)
 Metaspace       used 53495K, capacity 56910K, committed 57088K, reserved 1099776K
  class space    used 6503K, capacity 7087K, committed 7168K, reserved 1048576K
2023-10-03T08:40:05.254+0800: 2131.052: [GC (Allocation Failure) [PSYoungGen: 123136K->1440K(124928K)] 222793K->101121K(259072K), 0.0087723 secs] [Times: user=0.06 sys=0.00, real=0.01 secs] 
Heap after GC invocations=403 (full 0):
 PSYoungGen      total 124928K, used 1440K [0x00000000f8300000, 0x0000000100000000, 0x0000000100000000)
  eden space 121856K, 0% used [0x00000000f8300000,0x00000000f8300000,0x00000000ffa00000)
  from space 3072K, 46% used [0x00000000ffa00000,0x00000000ffb68000,0x00000000ffd00000)
  to   space 3072K, 0% used [0x00000000ffd00000,0x00000000ffd00000,0x0000000100000000)
 ParOldGen       total 134144K, used 99681K [0x00000000f0000000, 0x00000000f8300000, 0x00000000f8300000)
  object space 134144K, 74% used [0x00000000f0000000,0x00000000f6158428,0x00000000f8300000)
 Metaspace       used 53495K, capacity 56910K, committed 57088K, reserved 1099776K
  class space    used 6503K, capacity 7087K, committed 7168K, reserved 1048576K
}
{Heap before GC invocations=404 (full 0):
 PSYoungGen      total 124928K, used 123296K [0x00000000f8300000, 0x0000000100000000, 0x0000000100000000)
  eden space 121856K, 100% used [0x00000000f8300000,0x00000000ffa00000,0x00000000ffa00000)
  from space 3072K, 46% used [0x00000000ffa00000,0x00000000ffb68000,0x00000000ffd00000)
  to   space 3072K, 0% used [0x00000000ffd00000,0x00000000ffd00000,0x0000000100000000)
 ParOldGen       total 134144K, used 99681K [0x00000000f0000000, 0x00000000f8300000, 0x00000000f8300000)
  object space 134144K, 74% used [0x00000000f0000000,0x00000000f6158428,0x00000000f8300000)
 Metaspace       used 53495K, capacity 56910K, committed 57088K, reserved 1099776K
  class space    used 6503K, capacity 7087K, committed 7168K, reserved 1048576K
2023-10-03T08:40:09.310+0800: 2135.108: [GC (Allocation Failure) [PSYoungGen: 123296K->1280K(125440K)] 222977K->101169K(259584K), 0.0084771 secs] [Times: user=0.04 sys=0.01, real=0.01 secs] 
Heap after GC invocations=404 (full 0):
 PSYoungGen      total 125440K, used 1280K [0x00000000f8300000, 0x0000000100000000, 0x0000000100000000)
  eden space 122368K, 0% used [0x00000000f8300000,0x00000000f8300000,0x00000000ffa80000)
  from space 3072K, 41% used [0x00000000ffd00000,0x00000000ffe40000,0x0000000100000000)
  to   space 2560K, 0% used [0x00000000ffa80000,0x00000000ffa80000,0x00000000ffd00000)
 ParOldGen       total 134144K, used 99889K [0x00000000f0000000, 0x00000000f8300000, 0x00000000f8300000)
  object space 134144K, 74% used [0x00000000f0000000,0x00000000f618c4e8,0x00000000f8300000)
 Metaspace       used 53495K, capacity 56910K, committed 57088K, reserved 1099776K
  class space    used 6503K, capacity 7087K, committed 7168K, reserved 1048576K
}
{Heap before GC invocations=405 (full 0):
 PSYoungGen      total 125440K, used 123648K [0x00000000f8300000, 0x0000000100000000, 0x0000000100000000)
  eden space 122368K, 100% used [0x00000000f8300000,0x00000000ffa80000,0x00000000ffa80000)
  from space 3072K, 41% used [0x00000000ffd00000,0x00000000ffe40000,0x0000000100000000)
  to   space 2560K, 0% used [0x00000000ffa80000,0x00000000ffa80000,0x00000000ffd00000)
 ParOldGen       total 134144K, used 99889K [0x00000000f0000000, 0x00000000f8300000, 0x00000000f8300000)
  object space 134144K, 74% used [0x00000000f0000000,0x00000000f618c4e8,0x00000000f8300000)
 Metaspace       used 53495K, capacity 56910K, committed 57088K, reserved 1099776K
  class space    used 6503K, capacity 7087K, committed 7168K, reserved 1048576K
2023-10-03T08:40:13.375+0800: 2139.173: [GC (Allocation Failure) [PSYoungGen: 123648K->1280K(124928K)] 223537K->101249K(259072K), 0.0084731 secs] [Times: user=0.06 sys=0.00, real=0.01 secs] 
Heap after GC invocations=405 (full 0):
 PSYoungGen      total 124928K, used 1280K [0x00000000f8300000, 0x0000000100000000, 0x0000000100000000)
  eden space 122368K, 0% used [0x00000000f8300000,0x00000000f8300000,0x00000000ffa80000)
  from space 2560K, 50% used [0x00000000ffa80000,0x00000000ffbc0000,0x00000000ffd00000)
  to   space 2560K, 0% used [0x00000000ffd80000,0x00000000ffd80000,0x0000000100000000)
 ParOldGen       total 134144K, used 99969K [0x00000000f0000000, 0x00000000f8300000, 0x00000000f8300000)
  object space 134144K, 74% used [0x00000000f0000000,0x00000000f61a04e8,0x00000000f8300000)
 Metaspace       used 53495K, capacity 56910K, committed 57088K, reserved 1099776K
  class space    used 6503K, capacity 7087K, committed 7168K, reserved 1048576K
}
{Heap before GC invocations=406 (full 0):
 PSYoungGen      total 124928K, used 123648K [0x00000000f8300000, 0x0000000100000000, 0x0000000100000000)
  eden space 122368K, 100% used [0x00000000f8300000,0x00000000ffa80000,0x00000000ffa80000)
  from space 2560K, 50% used [0x00000000ffa80000,0x00000000ffbc0000,0x00000000ffd00000)
  to   space 2560K, 0% used [0x00000000ffd80000,0x00000000ffd80000,0x0000000100000000)
 ParOldGen       total 134144K, used 99969K [0x00000000f0000000, 0x00000000f8300000, 0x00000000f8300000)
  object space 134144K, 74% used [0x00000000f0000000,0x00000000f61a04e8,0x00000000f8300000)
 Metaspace       used 53495K, capacity 56910K, committed 57088K, reserved 1099776K
  class space    used 6503K, capacity 7087K, committed 7168K, reserved 1048576K
2023-10-03T08:40:17.428+0800: 2143.226: [GC (Allocation Failure) [PSYoungGen: 123648K->1280K(125440K)] 223617K->101329K(259584K), 0.0084624 secs] [Times: user=0.05 sys=0.00, real=0.01 secs] 
Heap after GC invocations=406 (full 0):
 PSYoungGen      total 125440K, used 1280K [0x00000000f8300000, 0x0000000100000000, 0x0000000100000000)
  eden space 122880K, 0% used [0x00000000f8300000,0x00000000f8300000,0x00000000ffb00000)
  from space 2560K, 50% used [0x00000000ffd80000,0x00000000ffec0000,0x0000000100000000)
  to   space 2560K, 0% used [0x00000000ffb00000,0x00000000ffb00000,0x00000000ffd80000)
 ParOldGen       total 134144K, used 100049K [0x00000000f0000000, 0x00000000f8300000, 0x00000000f8300000)
  object space 134144K, 74% used [0x00000000f0000000,0x00000000f61b44e8,0x00000000f8300000)
 Metaspace       used 53495K, capacity 56910K, committed 57088K, reserved 1099776K
  class space    used 6503K, capacity 7087K, committed 7168K, reserved 1048576K
}
{Heap before GC invocations=407 (full 0):
 PSYoungGen      total 125440K, used 124160K [0x00000000f8300000, 0x0000000100000000, 0x0000000100000000)
  eden space 122880K, 100% used [0x00000000f8300000,0x00000000ffb00000,0x00000000ffb00000)
  from space 2560K, 50% used [0x00000000ffd80000,0x00000000ffec0000,0x0000000100000000)
  to   space 2560K, 0% used [0x00000000ffb00000,0x00000000ffb00000,0x00000000ffd80000)
 ParOldGen       total 134144K, used 100049K [0x00000000f0000000, 0x00000000f8300000, 0x00000000f8300000)
  object space 134144K, 74% used [0x00000000f0000000,0x00000000f61b44e8,0x00000000f8300000)
 Metaspace       used 53495K, capacity 56910K, committed 57088K, reserved 1099776K
  class space    used 6503K, capacity 7087K, committed 7168K, reserved 1048576K
2023-10-03T08:40:21.487+0800: 2147.285: [GC (Allocation Failure) [PSYoungGen: 124160K->1280K(125440K)] 224209K->101369K(259584K), 0.0084349 secs] [Times: user=0.05 sys=0.01, real=0.01 secs] 
Heap after GC invocations=407 (full 0):
 PSYoungGen      total 125440K, used 1280K [0x00000000f8300000, 0x0000000100000000, 0x0000000100000000)
  eden space 122880K, 0% used [0x00000000f8300000,0x00000000f8300000,0x00000000ffb00000)
  from space 2560K, 50% used [0x00000000ffb00000,0x00000000ffc40000,0x00000000ffd80000)
  to   space 2560K, 0% used [0x00000000ffd80000,0x00000000ffd80000,0x0000000100000000)
 ParOldGen       total 134144K, used 100089K [0x00000000f0000000, 0x00000000f8300000, 0x00000000f8300000)
  object space 134144K, 74% used [0x00000000f0000000,0x00000000f61be4e8,0x00000000f8300000)
 Metaspace       used 53495K, capacity 56910K, committed 57088K, reserved 1099776K
  class space    used 6503K, capacity 7087K, committed 7168K, reserved 1048576K
}
{Heap before GC invocations=408 (full 0):
 PSYoungGen      total 125440K, used 124160K [0x00000000f8300000, 0x0000000100000000, 0x0000000100000000)
  eden space 122880K, 100% used [0x00000000f8300000,0x00000000ffb00000,0x00000000ffb00000)
  from space 2560K, 50% used [0x00000000ffb00000,0x00000000ffc40000,0x00000000ffd80000)
  to   space 2560K, 0% used [0x00000000ffd80000,0x00000000ffd80000,0x0000000100000000)
 ParOldGen       total 134144K, used 100089K [0x00000000f0000000, 0x00000000f8300000, 0x00000000f8300000)
  object space 134144K, 74% used [0x00000000f0000000,0x00000000f61be4e8,0x00000000f8300000)
 Metaspace       used 53495K, capacity 56910K, committed 57088K, reserved 1099776K
  class space    used 6503K, capacity 7087K, committed 7168K, reserved 1048576K
2023-10-03T08:40:25.805+0800: 2151.603: [GC (Allocation Failure) [PSYoungGen: 124160K->1216K(125440K)] 224249K->101337K(259584K), 0.0063069 secs] [Times: user=0.05 sys=0.00, real=0.00 secs] 
Heap after GC invocations=408 (full 0):
 PSYoungGen      total 125440K, used 1216K [0x00000000f8300000, 0x0000000100000000, 0x0000000100000000)
  eden space 122880K, 0% used [0x00000000f8300000,0x00000000f8300000,0x00000000ffb00000)
  from space 2560K, 47% used [0x00000000ffd80000,0x00000000ffeb0000,0x0000000100000000)
  to   space 2560K, 0% used [0x00000000ffb00000,0x00000000ffb00000,0x00000000ffd80000)
 ParOldGen       total 134144K, used 100121K [0x00000000f0000000, 0x00000000f8300000, 0x00000000f8300000)
  object space 134144K, 74% used [0x00000000f0000000,0x00000000f61c64e8,0x00000000f8300000)
 Metaspace       used 53495K, capacity 56910K, committed 57088K, reserved 1099776K
  class space    used 6503K, capacity 7087K, committed 7168K, reserved 1048576K
}
{Heap before GC invocations=409 (full 0):
 PSYoungGen      total 125440K, used 124096K [0x00000000f8300000, 0x0000000100000000, 0x0000000100000000)
  eden space 122880K, 100% used [0x00000000f8300000,0x00000000ffb00000,0x00000000ffb00000)
  from space 2560K, 47% used [0x00000000ffd80000,0x00000000ffeb0000,0x0000000100000000)
  to   space 2560K, 0% used [0x00000000ffb00000,0x00000000ffb00000,0x00000000ffd80000)
 ParOldGen       total 134144K, used 100121K [0x00000000f0000000, 0x00000000f8300000, 0x00000000f8300000)
  object space 134144K, 74% used [0x00000000f0000000,0x00000000f61c64e8,0x00000000f8300000)
 Metaspace       used 53495K, capacity 56910K, committed 57088K, reserved 1099776K
  class space    used 6503K, capacity 7087K, committed 7168K, reserved 1048576K
2023-10-03T08:40:29.858+0800: 2155.656: [GC (Allocation Failure) [PSYoungGen: 124096K->1248K(125440K)] 224217K->101377K(259584K), 0.0041182 secs] [Times: user=0.03 sys=0.00, real=0.00 secs] 
Heap after GC invocations=409 (full 0):
 PSYoungGen      total 125440K, used 1248K [0x00000000f8300000, 0x0000000100000000, 0x0000000100000000)
  eden space 122880K, 0% used [0x00000000f8300000,0x00000000f8300000,0x00000000ffb00000)
  from space 2560K, 48% used [0x00000000ffb00000,0x00000000ffc38000,0x00000000ffd80000)
  to   space 2560K, 0% used [0x00000000ffd80000,0x00000000ffd80000,0x0000000100000000)
 ParOldGen       total 134144K, used 100129K [0x00000000f0000000, 0x00000000f8300000, 0x00000000f8300000)
  object space 134144K, 74% used [0x00000000f0000000,0x00000000f61c84e8,0x00000000f8300000)
 Metaspace       used 53495K, capacity 56910K, committed 57088K, reserved 1099776K
  class space    used 6503K, capacity 7087K, committed 7168K, reserved 1048576K
}
{Heap before GC invocations=410 (full 0):
 PSYoungGen      total 125440K, used 124128K [0x00000000f8300000, 0x0000000100000000, 0x0000000100000000)
  eden space 122880K, 100% used [0x00000000f8300000,0x00000000ffb00000,0x00000000ffb00000)
  from space 2560K, 48% used [0x00000000ffb00000,0x00000000ffc38000,0x00000000ffd80000)
  to   space 2560K, 0% used [0x00000000ffd80000,0x00000000ffd80000,0x0000000100000000)
 ParOldGen       total 134144K, used 100129K [0x00000000f0000000, 0x00000000f8300000, 0x00000000f8300000)
  object space 134144K, 74% used [0x00000000f0000000,0x00000000f61c84e8,0x00000000f8300000)
 Metaspace       used 53495K, capacity 56910K, committed 57088K, reserved 1099776K
  class space    used 6503K, capacity 7087K, committed 7168K, reserved 1048576K
2023-10-03T08:40:33.914+0800: 2159.712: [GC (Allocation Failure) [PSYoungGen: 124128K->1280K(125440K)] 224257K->101425K(259584K), 0.0057087 secs] [Times: user=0.05 sys=0.00, real=0.00 secs] 
Heap after GC invocations=410 (full 0):
 PSYoungGen      total 125440K, used 1280K [0x00000000f8300000, 0x0000000100000000, 0x0000000100000000)
  eden space 122880K, 0% used [0x00000000f8300000,0x00000000f8300000,0x00000000ffb00000)
  from space 2560K, 50% used [0x00000000ffd80000,0x00000000ffec0000,0x0000000100000000)
  to   space 2560K, 0% used [0x00000000ffb00000,0x00000000ffb00000,0x00000000ffd80000)
 ParOldGen       total 134144K, used 100145K [0x00000000f0000000, 0x00000000f8300000, 0x00000000f8300000)
  object space 134144K, 74% used [0x00000000f0000000,0x00000000f61cc4e8,0x00000000f8300000)
 Metaspace       used 53495K, capacity 56910K, committed 57088K, reserved 1099776K
  class space    used 6503K, capacity 7087K, committed 7168K, reserved 1048576K
}
{Heap before GC invocations=411 (full 0):
 PSYoungGen      total 125440K, used 124160K [0x00000000f8300000, 0x0000000100000000, 0x0000000100000000)
  eden space 122880K, 100% used [0x00000000f8300000,0x00000000ffb00000,0x00000000ffb00000)
  from space 2560K, 50% used [0x00000000ffd80000,0x00000000ffec0000,0x0000000100000000)
  to   space 2560K, 0% used [0x00000000ffb00000,0x00000000ffb00000,0x00000000ffd80000)
 ParOldGen       total 134144K, used 100145K [0x00000000f0000000, 0x00000000f8300000, 0x00000000f8300000)
  object space 134144K, 74% used [0x00000000f0000000,0x00000000f61cc4e8,0x00000000f8300000)
 Metaspace       used 53495K, capacity 56910K, committed 57088K, reserved 1099776K
  class space    used 6503K, capacity 7087K, committed 7168K, reserved 1048576K
2023-10-03T08:40:37.983+0800: 2163.781: [GC (Allocation Failure) [PSYoungGen: 124160K->1280K(125440K)] 224305K->101521K(259584K), 0.0085936 secs] [Times: user=0.05 sys=0.00, real=0.00 secs] 
Heap after GC invocations=411 (full 0):
 PSYoungGen      total 125440K, used 1280K [0x00000000f8300000, 0x0000000100000000, 0x0000000100000000)
  eden space 122880K, 0% used [0x00000000f8300000,0x00000000f8300000,0x00000000ffb00000)
  from space 2560K, 50% used [0x00000000ffb00000,0x00000000ffc40000,0x00000000ffd80000)
  to   space 2560K, 0% used [0x00000000ffd80000,0x00000000ffd80000,0x0000000100000000)
 ParOldGen       total 134144K, used 100241K [0x00000000f0000000, 0x00000000f8300000, 0x00000000f8300000)
  object space 134144K, 74% used [0x00000000f0000000,0x00000000f61e44e8,0x00000000f8300000)
 Metaspace       used 53495K, capacity 56910K, committed 57088K, reserved 1099776K
  class space    used 6503K, capacity 7087K, committed 7168K, reserved 1048576K
}
{Heap before GC invocations=412 (full 0):
 PSYoungGen      total 125440K, used 124160K [0x00000000f8300000, 0x0000000100000000, 0x0000000100000000)
  eden space 122880K, 100% used [0x00000000f8300000,0x00000000ffb00000,0x00000000ffb00000)
  from space 2560K, 50% used [0x00000000ffb00000,0x00000000ffc40000,0x00000000ffd80000)
  to   space 2560K, 0% used [0x00000000ffd80000,0x00000000ffd80000,0x0000000100000000)
 ParOldGen       total 134144K, used 100241K [0x00000000f0000000, 0x00000000f8300000, 0x00000000f8300000)
  object space 134144K, 74% used [0x00000000f0000000,0x00000000f61e44e8,0x00000000f8300000)
 Metaspace       used 53495K, capacity 56910K, committed 57088K, reserved 1099776K
  class space    used 6503K, capacity 7087K, committed 7168K, reserved 1048576K
2023-10-03T08:40:42.041+0800: 2167.839: [GC (Allocation Failure) [PSYoungGen: 124160K->1248K(125952K)] 224401K->101545K(260096K), 0.0085979 secs] [Times: user=0.05 sys=0.00, real=0.01 secs] 
Heap after GC invocations=412 (full 0):
 PSYoungGen      total 125952K, used 1248K [0x00000000f8300000, 0x0000000100000000, 0x0000000100000000)
  eden space 123392K, 0% used [0x00000000f8300000,0x00000000f8300000,0x00000000ffb80000)
  from space 2560K, 48% used [0x00000000ffd80000,0x00000000ffeb8000,0x0000000100000000)
  to   space 2048K, 0% used [0x00000000ffb80000,0x00000000ffb80000,0x00000000ffd80000)
 ParOldGen       total 134144K, used 100297K [0x00000000f0000000, 0x00000000f8300000, 0x00000000f8300000)
  object space 134144K, 74% used [0x00000000f0000000,0x00000000f61f24e8,0x00000000f8300000)
 Metaspace       used 53495K, capacity 56910K, committed 57088K, reserved 1099776K
  class space    used 6503K, capacity 7087K, committed 7168K, reserved 1048576K
}
{Heap before GC invocations=413 (full 0):
 PSYoungGen      total 125952K, used 124640K [0x00000000f8300000, 0x0000000100000000, 0x0000000100000000)
  eden space 123392K, 100% used [0x00000000f8300000,0x00000000ffb80000,0x00000000ffb80000)
  from space 2560K, 48% used [0x00000000ffd80000,0x00000000ffeb8000,0x0000000100000000)
  to   space 2048K, 0% used [0x00000000ffb80000,0x00000000ffb80000,0x00000000ffd80000)
 ParOldGen       total 134144K, used 100297K [0x00000000f0000000, 0x00000000f8300000, 0x00000000f8300000)
  object space 134144K, 74% used [0x00000000f0000000,0x00000000f61f24e8,0x00000000f8300000)
 Metaspace       used 53495K, capacity 56910K, committed 57088K, reserved 1099776K
  class space    used 6503K, capacity 7087K, committed 7168K, reserved 1048576K
2023-10-03T08:40:46.097+0800: 2171.895: [GC (Allocation Failure) [PSYoungGen: 124640K->1344K(125440K)] 224937K->101681K(259584K), 0.0079807 secs] [Times: user=0.06 sys=0.00, real=0.01 secs] 
Heap after GC invocations=413 (full 0):
 PSYoungGen      total 125440K, used 1344K [0x00000000f8300000, 0x0000000100000000, 0x0000000100000000)
  eden space 123392K, 0% used [0x00000000f8300000,0x00000000f8300000,0x00000000ffb80000)
  from space 2048K, 65% used [0x00000000ffb80000,0x00000000ffcd0000,0x00000000ffd80000)
  to   space 2048K, 0% used [0x00000000ffe00000,0x00000000ffe00000,0x0000000100000000)
 ParOldGen       total 134144K, used 100337K [0x00000000f0000000, 0x00000000f8300000, 0x00000000f8300000)
  object space 134144K, 74% used [0x00000000f0000000,0x00000000f61fc4e8,0x00000000f8300000)
 Metaspace       used 53495K, capacity 56910K, committed 57088K, reserved 1099776K
  class space    used 6503K, capacity 7087K, committed 7168K, reserved 1048576K
}
{Heap before GC invocations=414 (full 0):
 PSYoungGen      total 125440K, used 124736K [0x00000000f8300000, 0x0000000100000000, 0x0000000100000000)
  eden space 123392K, 100% used [0x00000000f8300000,0x00000000ffb80000,0x00000000ffb80000)
  from space 2048K, 65% used [0x00000000ffb80000,0x00000000ffcd0000,0x00000000ffd80000)
  to   space 2048K, 0% used [0x00000000ffe00000,0x00000000ffe00000,0x0000000100000000)
 ParOldGen       total 134144K, used 100337K [0x00000000f0000000, 0x00000000f8300000, 0x00000000f8300000)
  object space 134144K, 74% used [0x00000000f0000000,0x00000000f61fc4e8,0x00000000f8300000)
 Metaspace       used 53495K, capacity 56910K, committed 57088K, reserved 1099776K
  class space    used 6503K, capacity 7087K, committed 7168K, reserved 1048576K
2023-10-03T08:40:50.210+0800: 2176.008: [GC (Allocation Failure) [PSYoungGen: 124736K->1280K(125952K)] 225073K->101713K(260096K), 0.0099140 secs] [Times: user=0.06 sys=0.00, real=0.01 secs] 
Heap after GC invocations=414 (full 0):
 PSYoungGen      total 125952K, used 1280K [0x00000000f8300000, 0x0000000100000000, 0x0000000100000000)
  eden space 123904K, 0% used [0x00000000f8300000,0x00000000f8300000,0x00000000ffc00000)
  from space 2048K, 62% used [0x00000000ffe00000,0x00000000fff40000,0x0000000100000000)
  to   space 2048K, 0% used [0x00000000ffc00000,0x00000000ffc00000,0x00000000ffe00000)
 ParOldGen       total 134144K, used 100433K [0x00000000f0000000, 0x00000000f8300000, 0x00000000f8300000)
  object space 134144K, 74% used [0x00000000f0000000,0x00000000f62144e8,0x00000000f8300000)
 Metaspace       used 53495K, capacity 56910K, committed 57088K, reserved 1099776K
  class space    used 6503K, capacity 7087K, committed 7168K, reserved 1048576K
}
{Heap before GC invocations=415 (full 0):
 PSYoungGen      total 125952K, used 125184K [0x00000000f8300000, 0x0000000100000000, 0x0000000100000000)
  eden space 123904K, 100% used [0x00000000f8300000,0x00000000ffc00000,0x00000000ffc00000)
  from space 2048K, 62% used [0x00000000ffe00000,0x00000000fff40000,0x0000000100000000)
  to   space 2048K, 0% used [0x00000000ffc00000,0x00000000ffc00000,0x00000000ffe00000)
 ParOldGen       total 134144K, used 100433K [0x00000000f0000000, 0x00000000f8300000, 0x00000000f8300000)
  object space 134144K, 74% used [0x00000000f0000000,0x00000000f62144e8,0x00000000f8300000)
 Metaspace       used 53495K, capacity 56910K, committed 57088K, reserved 1099776K
  class space    used 6503K, capacity 7087K, committed 7168K, reserved 1048576K
2023-10-03T08:40:54.286+0800: 2180.084: [GC (Allocation Failure) [PSYoungGen: 125184K->1312K(125952K)] 225617K->101833K(260096K), 0.0085705 secs] [Times: user=0.05 sys=0.01, real=0.01 secs] 
Heap after GC invocations=415 (full 0):
 PSYoungGen      total 125952K, used 1312K [0x00000000f8300000, 0x0000000100000000, 0x0000000100000000)
  eden space 123904K, 0% used [0x00000000f8300000,0x00000000f8300000,0x00000000ffc00000)
  from space 2048K, 64% used [0x00000000ffc00000,0x00000000ffd48000,0x00000000ffe00000)
  to   space 2048K, 0% used [0x00000000ffe00000,0x00000000ffe00000,0x0000000100000000)
 ParOldGen       total 134144K, used 100521K [0x00000000f0000000, 0x00000000f8300000, 0x00000000f8300000)
  object space 134144K, 74% used [0x00000000f0000000,0x00000000f622a4e8,0x00000000f8300000)
 Metaspace       used 53495K, capacity 56910K, committed 57088K, reserved 1099776K
  class space    used 6503K, capacity 7087K, committed 7168K, reserved 1048576K
}
{Heap before GC invocations=416 (full 0):
 PSYoungGen      total 125952K, used 125216K [0x00000000f8300000, 0x0000000100000000, 0x0000000100000000)
  eden space 123904K, 100% used [0x00000000f8300000,0x00000000ffc00000,0x00000000ffc00000)
  from space 2048K, 64% used [0x00000000ffc00000,0x00000000ffd48000,0x00000000ffe00000)
  to   space 2048K, 0% used [0x00000000ffe00000,0x00000000ffe00000,0x0000000100000000)
 ParOldGen       total 134144K, used 100521K [0x00000000f0000000, 0x00000000f8300000, 0x00000000f8300000)
  object space 134144K, 74% used [0x00000000f0000000,0x00000000f622a4e8,0x00000000f8300000)
 Metaspace       used 53495K, capacity 56910K, committed 57088K, reserved 1099776K
  class space    used 6503K, capacity 7087K, committed 7168K, reserved 1048576K
2023-10-03T08:40:58.611+0800: 2184.409: [GC (Allocation Failure) [PSYoungGen: 125216K->1280K(125952K)] 225737K->101881K(260096K), 0.0061400 secs] [Times: user=0.04 sys=0.00, real=0.01 secs] 
Heap after GC invocations=416 (full 0):
 PSYoungGen      total 125952K, used 1280K [0x00000000f8300000, 0x0000000100000000, 0x0000000100000000)
  eden space 123904K, 0% used [0x00000000f8300000,0x00000000f8300000,0x00000000ffc00000)
  from space 2048K, 62% used [0x00000000ffe00000,0x00000000fff40000,0x0000000100000000)
  to   space 2048K, 0% used [0x00000000ffc00000,0x00000000ffc00000,0x00000000ffe00000)
 ParOldGen       total 134144K, used 100601K [0x00000000f0000000, 0x00000000f8300000, 0x00000000f8300000)
  object space 134144K, 74% used [0x00000000f0000000,0x00000000f623e4e8,0x00000000f8300000)
 Metaspace       used 53495K, capacity 56910K, committed 57088K, reserved 1099776K
  class space    used 6503K, capacity 7087K, committed 7168K, reserved 1048576K
}
{Heap before GC invocations=417 (full 0):
 PSYoungGen      total 125952K, used 125184K [0x00000000f8300000, 0x0000000100000000, 0x0000000100000000)
  eden space 123904K, 100% used [0x00000000f8300000,0x00000000ffc00000,0x00000000ffc00000)
  from space 2048K, 62% used [0x00000000ffe00000,0x00000000fff40000,0x0000000100000000)
  to   space 2048K, 0% used [0x00000000ffc00000,0x00000000ffc00000,0x00000000ffe00000)
 ParOldGen       total 134144K, used 100601K [0x00000000f0000000, 0x00000000f8300000, 0x00000000f8300000)
  object space 134144K, 74% used [0x00000000f0000000,0x00000000f623e4e8,0x00000000f8300000)
 Metaspace       used 53495K, capacity 56910K, committed 57088K, reserved 1099776K
  class space    used 6503K, capacity 7087K, committed 7168K, reserved 1048576K
2023-10-03T08:41:02.669+0800: 2188.467: [GC (Allocation Failure) [PSYoungGen: 125184K->1312K(125952K)] 225785K->101977K(260096K), 0.0085342 secs] [Times: user=0.05 sys=0.00, real=0.01 secs] 
Heap after GC invocations=417 (full 0):
 PSYoungGen      total 125952K, used 1312K [0x00000000f8300000, 0x0000000100000000, 0x0000000100000000)
  eden space 123904K, 0% used [0x00000000f8300000,0x00000000f8300000,0x00000000ffc00000)
  from space 2048K, 64% used [0x00000000ffc00000,0x00000000ffd48000,0x00000000ffe00000)
  to   space 2048K, 0% used [0x00000000ffe00000,0x00000000ffe00000,0x0000000100000000)
 ParOldGen       total 134144K, used 100665K [0x00000000f0000000, 0x00000000f8300000, 0x00000000f8300000)
  object space 134144K, 75% used [0x00000000f0000000,0x00000000f624e4e8,0x00000000f8300000)
 Metaspace       used 53495K, capacity 56910K, committed 57088K, reserved 1099776K
  class space    used 6503K, capacity 7087K, committed 7168K, reserved 1048576K
}
{Heap before GC invocations=418 (full 0):
 PSYoungGen      total 125952K, used 125216K [0x00000000f8300000, 0x0000000100000000, 0x0000000100000000)
  eden space 123904K, 100% used [0x00000000f8300000,0x00000000ffc00000,0x00000000ffc00000)
  from space 2048K, 64% used [0x00000000ffc00000,0x00000000ffd48000,0x00000000ffe00000)
  to   space 2048K, 0% used [0x00000000ffe00000,0x00000000ffe00000,0x0000000100000000)
 ParOldGen       total 134144K, used 100665K [0x00000000f0000000, 0x00000000f8300000, 0x00000000f8300000)
  object space 134144K, 75% used [0x00000000f0000000,0x00000000f624e4e8,0x00000000f8300000)
 Metaspace       used 53495K, capacity 56910K, committed 57088K, reserved 1099776K
  class space    used 6503K, capacity 7087K, committed 7168K, reserved 1048576K
2023-10-03T08:41:06.733+0800: 2192.531: [GC (Allocation Failure) [PSYoungGen: 125216K->1248K(125952K)] 225881K->102009K(260096K), 0.0084436 secs] [Times: user=0.05 sys=0.00, real=0.00 secs] 
Heap after GC invocations=418 (full 0):
 PSYoungGen      total 125952K, used 1248K [0x00000000f8300000, 0x0000000100000000, 0x0000000100000000)
  eden space 123904K, 0% used [0x00000000f8300000,0x00000000f8300000,0x00000000ffc00000)
  from space 2048K, 60% used [0x00000000ffe00000,0x00000000fff38000,0x0000000100000000)
  to   space 2048K, 0% used [0x00000000ffc00000,0x00000000ffc00000,0x00000000ffe00000)
 ParOldGen       total 134144K, used 100761K [0x00000000f0000000, 0x00000000f8300000, 0x00000000f8300000)
  object space 134144K, 75% used [0x00000000f0000000,0x00000000f62664e8,0x00000000f8300000)
 Metaspace       used 53495K, capacity 56910K, committed 57088K, reserved 1099776K
  class space    used 6503K, capacity 7087K, committed 7168K, reserved 1048576K
}
{Heap before GC invocations=419 (full 0):
 PSYoungGen      total 125952K, used 125152K [0x00000000f8300000, 0x0000000100000000, 0x0000000100000000)
  eden space 123904K, 100% used [0x00000000f8300000,0x00000000ffc00000,0x00000000ffc00000)
  from space 2048K, 60% used [0x00000000ffe00000,0x00000000fff38000,0x0000000100000000)
  to   space 2048K, 0% used [0x00000000ffc00000,0x00000000ffc00000,0x00000000ffe00000)
 ParOldGen       total 134144K, used 100761K [0x00000000f0000000, 0x00000000f8300000, 0x00000000f8300000)
  object space 134144K, 75% used [0x00000000f0000000,0x00000000f62664e8,0x00000000f8300000)
 Metaspace       used 53495K, capacity 56910K, committed 57088K, reserved 1099776K
  class space    used 6503K, capacity 7087K, committed 7168K, reserved 1048576K
2023-10-03T08:41:10.813+0800: 2196.611: [GC (Allocation Failure) [PSYoungGen: 125152K->1280K(125952K)] 225913K->102089K(260096K), 0.0087543 secs] [Times: user=0.05 sys=0.01, real=0.00 secs] 
Heap after GC invocations=419 (full 0):
 PSYoungGen      total 125952K, used 1280K [0x00000000f8300000, 0x0000000100000000, 0x0000000100000000)
  eden space 123904K, 0% used [0x00000000f8300000,0x00000000f8300000,0x00000000ffc00000)
  from space 2048K, 62% used [0x00000000ffc00000,0x00000000ffd40000,0x00000000ffe00000)
  to   space 2048K, 0% used [0x00000000ffe00000,0x00000000ffe00000,0x0000000100000000)
 ParOldGen       total 134144K, used 100809K [0x00000000f0000000, 0x00000000f8300000, 0x00000000f8300000)
  object space 134144K, 75% used [0x00000000f0000000,0x00000000f62724e8,0x00000000f8300000)
 Metaspace       used 53495K, capacity 56910K, committed 57088K, reserved 1099776K
  class space    used 6503K, capacity 7087K, committed 7168K, reserved 1048576K
}
{Heap before GC invocations=420 (full 0):
 PSYoungGen      total 125952K, used 125184K [0x00000000f8300000, 0x0000000100000000, 0x0000000100000000)
  eden space 123904K, 100% used [0x00000000f8300000,0x00000000ffc00000,0x00000000ffc00000)
  from space 2048K, 62% used [0x00000000ffc00000,0x00000000ffd40000,0x00000000ffe00000)
  to   space 2048K, 0% used [0x00000000ffe00000,0x00000000ffe00000,0x0000000100000000)
 ParOldGen       total 134144K, used 100809K [0x00000000f0000000, 0x00000000f8300000, 0x00000000f8300000)
  object space 134144K, 75% used [0x00000000f0000000,0x00000000f62724e8,0x00000000f8300000)
 Metaspace       used 53495K, capacity 56910K, committed 57088K, reserved 1099776K
  class space    used 6503K, capacity 7087K, committed 7168K, reserved 1048576K
2023-10-03T08:41:14.897+0800: 2200.695: [GC (Allocation Failure) [PSYoungGen: 125184K->1280K(125952K)] 225993K->102161K(260096K), 0.0087722 secs] [Times: user=0.05 sys=0.00, real=0.01 secs] 
Heap after GC invocations=420 (full 0):
 PSYoungGen      total 125952K, used 1280K [0x00000000f8300000, 0x0000000100000000, 0x0000000100000000)
  eden space 123904K, 0% used [0x00000000f8300000,0x00000000f8300000,0x00000000ffc00000)
  from space 2048K, 62% used [0x00000000ffe00000,0x00000000fff40000,0x0000000100000000)
  to   space 2048K, 0% used [0x00000000ffc00000,0x00000000ffc00000,0x00000000ffe00000)
 ParOldGen       total 134144K, used 100881K [0x00000000f0000000, 0x00000000f8300000, 0x00000000f8300000)
  object space 134144K, 75% used [0x00000000f0000000,0x00000000f62844e8,0x00000000f8300000)
 Metaspace       used 53495K, capacity 56910K, committed 57088K, reserved 1099776K
  class space    used 6503K, capacity 7087K, committed 7168K, reserved 1048576K
}
{Heap before GC invocations=421 (full 0):
 PSYoungGen      total 125952K, used 125184K [0x00000000f8300000, 0x0000000100000000, 0x0000000100000000)
  eden space 123904K, 100% used [0x00000000f8300000,0x00000000ffc00000,0x00000000ffc00000)
  from space 2048K, 62% used [0x00000000ffe00000,0x00000000fff40000,0x0000000100000000)
  to   space 2048K, 0% used [0x00000000ffc00000,0x00000000ffc00000,0x00000000ffe00000)
 ParOldGen       total 134144K, used 100881K [0x00000000f0000000, 0x00000000f8300000, 0x00000000f8300000)
  object space 134144K, 75% used [0x00000000f0000000,0x00000000f62844e8,0x00000000f8300000)
 Metaspace       used 53495K, capacity 56910K, committed 57088K, reserved 1099776K
  class space    used 6503K, capacity 7087K, committed 7168K, reserved 1048576K
2023-10-03T08:41:19.000+0800: 2204.798: [GC (Allocation Failure) [PSYoungGen: 125184K->1280K(125952K)] 226065K->102201K(260096K), 0.0085070 secs] [Times: user=0.05 sys=0.00, real=0.01 secs] 
Heap after GC invocations=421 (full 0):
 PSYoungGen      total 125952K, used 1280K [0x00000000f8300000, 0x0000000100000000, 0x0000000100000000)
  eden space 123904K, 0% used [0x00000000f8300000,0x00000000f8300000,0x00000000ffc00000)
  from space 2048K, 62% used [0x00000000ffc00000,0x00000000ffd40000,0x00000000ffe00000)
  to   space 2048K, 0% used [0x00000000ffe00000,0x00000000ffe00000,0x0000000100000000)
 ParOldGen       total 134144K, used 100921K [0x00000000f0000000, 0x00000000f8300000, 0x00000000f8300000)
  object space 134144K, 75% used [0x00000000f0000000,0x00000000f628e4e8,0x00000000f8300000)
 Metaspace       used 53495K, capacity 56910K, committed 57088K, reserved 1099776K
  class space    used 6503K, capacity 7087K, committed 7168K, reserved 1048576K
}
{Heap before GC invocations=422 (full 0):
 PSYoungGen      total 125952K, used 125184K [0x00000000f8300000, 0x0000000100000000, 0x0000000100000000)
  eden space 123904K, 100% used [0x00000000f8300000,0x00000000ffc00000,0x00000000ffc00000)
  from space 2048K, 62% used [0x00000000ffc00000,0x00000000ffd40000,0x00000000ffe00000)
  to   space 2048K, 0% used [0x00000000ffe00000,0x00000000ffe00000,0x0000000100000000)
 ParOldGen       total 134144K, used 100921K [0x00000000f0000000, 0x00000000f8300000, 0x00000000f8300000)
  object space 134144K, 75% used [0x00000000f0000000,0x00000000f628e4e8,0x00000000f8300000)
 Metaspace       used 53495K, capacity 56910K, committed 57088K, reserved 1099776K
  class space    used 6503K, capacity 7087K, committed 7168K, reserved 1048576K
2023-10-03T08:41:23.078+0800: 2208.876: [GC (Allocation Failure) [PSYoungGen: 125184K->1216K(125952K)] 226105K->102217K(260096K), 0.0084592 secs] [Times: user=0.05 sys=0.00, real=0.01 secs] 
Heap after GC invocations=422 (full 0):
 PSYoungGen      total 125952K, used 1216K [0x00000000f8300000, 0x0000000100000000, 0x0000000100000000)
  eden space 123904K, 0% used [0x00000000f8300000,0x00000000f8300000,0x00000000ffc00000)
  from space 2048K, 59% used [0x00000000ffe00000,0x00000000fff30000,0x0000000100000000)
  to   space 2048K, 0% used [0x00000000ffc00000,0x00000000ffc00000,0x00000000ffe00000)
 ParOldGen       total 134144K, used 101001K [0x00000000f0000000, 0x00000000f8300000, 0x00000000f8300000)
  object space 134144K, 75% used [0x00000000f0000000,0x00000000f62a24e8,0x00000000f8300000)
 Metaspace       used 53495K, capacity 56910K, committed 57088K, reserved 1099776K
  class space    used 6503K, capacity 7087K, committed 7168K, reserved 1048576K
}
{Heap before GC invocations=423 (full 0):
 PSYoungGen      total 125952K, used 125120K [0x00000000f8300000, 0x0000000100000000, 0x0000000100000000)
  eden space 123904K, 100% used [0x00000000f8300000,0x00000000ffc00000,0x00000000ffc00000)
  from space 2048K, 59% used [0x00000000ffe00000,0x00000000fff30000,0x0000000100000000)
  to   space 2048K, 0% used [0x00000000ffc00000,0x00000000ffc00000,0x00000000ffe00000)
 ParOldGen       total 134144K, used 101001K [0x00000000f0000000, 0x00000000f8300000, 0x00000000f8300000)
  object space 134144K, 75% used [0x00000000f0000000,0x00000000f62a24e8,0x00000000f8300000)
 Metaspace       used 53495K, capacity 56910K, committed 57088K, reserved 1099776K
  class space    used 6503K, capacity 7087K, committed 7168K, reserved 1048576K
2023-10-03T08:41:27.406+0800: 2213.204: [GC (Allocation Failure) [PSYoungGen: 125120K->1312K(125952K)] 226121K->102369K(260096K), 0.0042151 secs] [Times: user=0.03 sys=0.00, real=0.00 secs] 
Heap after GC invocations=423 (full 0):
 PSYoungGen      total 125952K, used 1312K [0x00000000f8300000, 0x0000000100000000, 0x0000000100000000)
  eden space 123904K, 0% used [0x00000000f8300000,0x00000000f8300000,0x00000000ffc00000)
  from space 2048K, 64% used [0x00000000ffc00000,0x00000000ffd48000,0x00000000ffe00000)
  to   space 2048K, 0% used [0x00000000ffe00000,0x00000000ffe00000,0x0000000100000000)
 ParOldGen       total 134144K, used 101057K [0x00000000f0000000, 0x00000000f8300000, 0x00000000f8300000)
  object space 134144K, 75% used [0x00000000f0000000,0x00000000f62b04e8,0x00000000f8300000)
 Metaspace       used 53495K, capacity 56910K, committed 57088K, reserved 1099776K
  class space    used 6503K, capacity 7087K, committed 7168K, reserved 1048576K
}
{Heap before GC invocations=424 (full 0):
 PSYoungGen      total 125952K, used 125216K [0x00000000f8300000, 0x0000000100000000, 0x0000000100000000)
  eden space 123904K, 100% used [0x00000000f8300000,0x00000000ffc00000,0x00000000ffc00000)
  from space 2048K, 64% used [0x00000000ffc00000,0x00000000ffd48000,0x00000000ffe00000)
  to   space 2048K, 0% used [0x00000000ffe00000,0x00000000ffe00000,0x0000000100000000)
 ParOldGen       total 134144K, used 101057K [0x00000000f0000000, 0x00000000f8300000, 0x00000000f8300000)
  object space 134144K, 75% used [0x00000000f0000000,0x00000000f62b04e8,0x00000000f8300000)
 Metaspace       used 53495K, capacity 56910K, committed 57088K, reserved 1099776K
  class space    used 6503K, capacity 7087K, committed 7168K, reserved 1048576K
2023-10-03T08:41:31.477+0800: 2217.275: [GC (Allocation Failure) [PSYoungGen: 125216K->1312K(125952K)] 226273K->102457K(260096K), 0.0079518 secs] [Times: user=0.06 sys=0.00, real=0.01 secs] 
Heap after GC invocations=424 (full 0):
 PSYoungGen      total 125952K, used 1312K [0x00000000f8300000, 0x0000000100000000, 0x0000000100000000)
  eden space 123904K, 0% used [0x00000000f8300000,0x00000000f8300000,0x00000000ffc00000)
  from space 2048K, 64% used [0x00000000ffe00000,0x00000000fff48000,0x0000000100000000)
  to   space 2048K, 0% used [0x00000000ffc00000,0x00000000ffc00000,0x00000000ffe00000)
 ParOldGen       total 134144K, used 101145K [0x00000000f0000000, 0x00000000f8300000, 0x00000000f8300000)
  object space 134144K, 75% used [0x00000000f0000000,0x00000000f62c64e8,0x00000000f8300000)
 Metaspace       used 53495K, capacity 56910K, committed 57088K, reserved 1099776K
  class space    used 6503K, capacity 7087K, committed 7168K, reserved 1048576K
}
{Heap before GC invocations=425 (full 0):
 PSYoungGen      total 125952K, used 125216K [0x00000000f8300000, 0x0000000100000000, 0x0000000100000000)
  eden space 123904K, 100% used [0x00000000f8300000,0x00000000ffc00000,0x00000000ffc00000)
  from space 2048K, 64% used [0x00000000ffe00000,0x00000000fff48000,0x0000000100000000)
  to   space 2048K, 0% used [0x00000000ffc00000,0x00000000ffc00000,0x00000000ffe00000)
 ParOldGen       total 134144K, used 101145K [0x00000000f0000000, 0x00000000f8300000, 0x00000000f8300000)
  object space 134144K, 75% used [0x00000000f0000000,0x00000000f62c64e8,0x00000000f8300000)
 Metaspace       used 53495K, capacity 56910K, committed 57088K, reserved 1099776K
  class space    used 6503K, capacity 7087K, committed 7168K, reserved 1048576K
2023-10-03T08:41:35.539+0800: 2221.337: [GC (Allocation Failure) [PSYoungGen: 125216K->1312K(125952K)] 226361K->102553K(260096K), 0.0085961 secs] [Times: user=0.05 sys=0.01, real=0.01 secs] 
Heap after GC invocations=425 (full 0):
 PSYoungGen      total 125952K, used 1312K [0x00000000f8300000, 0x0000000100000000, 0x0000000100000000)
  eden space 123904K, 0% used [0x00000000f8300000,0x00000000f8300000,0x00000000ffc00000)
  from space 2048K, 64% used [0x00000000ffc00000,0x00000000ffd48000,0x00000000ffe00000)
  to   space 2048K, 0% used [0x00000000ffe00000,0x00000000ffe00000,0x0000000100000000)
 ParOldGen       total 134144K, used 101241K [0x00000000f0000000, 0x00000000f8300000, 0x00000000f8300000)
  object space 134144K, 75% used [0x00000000f0000000,0x00000000f62de4e8,0x00000000f8300000)
 Metaspace       used 53495K, capacity 56910K, committed 57088K, reserved 1099776K
  class space    used 6503K, capacity 7087K, committed 7168K, reserved 1048576K
}
{Heap before GC invocations=426 (full 0):
 PSYoungGen      total 125952K, used 125216K [0x00000000f8300000, 0x0000000100000000, 0x0000000100000000)
  eden space 123904K, 100% used [0x00000000f8300000,0x00000000ffc00000,0x00000000ffc00000)
  from space 2048K, 64% used [0x00000000ffc00000,0x00000000ffd48000,0x00000000ffe00000)
  to   space 2048K, 0% used [0x00000000ffe00000,0x00000000ffe00000,0x0000000100000000)
 ParOldGen       total 134144K, used 101241K [0x00000000f0000000, 0x00000000f8300000, 0x00000000f8300000)
  object space 134144K, 75% used [0x00000000f0000000,0x00000000f62de4e8,0x00000000f8300000)
 Metaspace       used 53495K, capacity 56910K, committed 57088K, reserved 1099776K
  class space    used 6503K, capacity 7087K, committed 7168K, reserved 1048576K
2023-10-03T08:41:39.630+0800: 2225.428: [GC (Allocation Failure) [PSYoungGen: 125216K->1280K(126464K)] 226457K->102601K(260608K), 0.0084621 secs] [Times: user=0.05 sys=0.00, real=0.01 secs] 
Heap after GC invocations=426 (full 0):
 PSYoungGen      total 126464K, used 1280K [0x00000000f8300000, 0x0000000100000000, 0x0000000100000000)
  eden space 124416K, 0% used [0x00000000f8300000,0x00000000f8300000,0x00000000ffc80000)
  from space 2048K, 62% used [0x00000000ffe00000,0x00000000fff40000,0x0000000100000000)
  to   space 1536K, 0% used [0x00000000ffc80000,0x00000000ffc80000,0x00000000ffe00000)
 ParOldGen       total 134144K, used 101321K [0x00000000f0000000, 0x00000000f8300000, 0x00000000f8300000)
  object space 134144K, 75% used [0x00000000f0000000,0x00000000f62f24e8,0x00000000f8300000)
 Metaspace       used 53495K, capacity 56910K, committed 57088K, reserved 1099776K
  class space    used 6503K, capacity 7087K, committed 7168K, reserved 1048576K
}
{Heap before GC invocations=427 (full 0):
 PSYoungGen      total 126464K, used 125696K [0x00000000f8300000, 0x0000000100000000, 0x0000000100000000)
  eden space 124416K, 100% used [0x00000000f8300000,0x00000000ffc80000,0x00000000ffc80000)
  from space 2048K, 62% used [0x00000000ffe00000,0x00000000fff40000,0x0000000100000000)
  to   space 1536K, 0% used [0x00000000ffc80000,0x00000000ffc80000,0x00000000ffe00000)
 ParOldGen       total 134144K, used 101321K [0x00000000f0000000, 0x00000000f8300000, 0x00000000f8300000)
  object space 134144K, 75% used [0x00000000f0000000,0x00000000f62f24e8,0x00000000f8300000)
 Metaspace       used 53495K, capacity 56910K, committed 57088K, reserved 1099776K
  class space    used 6503K, capacity 7087K, committed 7168K, reserved 1048576K
2023-10-03T08:41:43.744+0800: 2229.542: [GC (Allocation Failure) [PSYoungGen: 125696K->1312K(125952K)] 227017K->102705K(260096K), 0.0086762 secs] [Times: user=0.06 sys=0.00, real=0.01 secs] 
Heap after GC invocations=427 (full 0):
 PSYoungGen      total 125952K, used 1312K [0x00000000f8300000, 0x0000000100000000, 0x0000000100000000)
  eden space 124416K, 0% used [0x00000000f8300000,0x00000000f8300000,0x00000000ffc80000)
  from space 1536K, 85% used [0x00000000ffc80000,0x00000000ffdc8000,0x00000000ffe00000)
  to   space 1536K, 0% used [0x00000000ffe80000,0x00000000ffe80000,0x0000000100000000)
 ParOldGen       total 134144K, used 101393K [0x00000000f0000000, 0x00000000f8300000, 0x00000000f8300000)
  object space 134144K, 75% used [0x00000000f0000000,0x00000000f63044e8,0x00000000f8300000)
 Metaspace       used 53495K, capacity 56910K, committed 57088K, reserved 1099776K
  class space    used 6503K, capacity 7087K, committed 7168K, reserved 1048576K
}
{Heap before GC invocations=428 (full 0):
 PSYoungGen      total 125952K, used 125728K [0x00000000f8300000, 0x0000000100000000, 0x0000000100000000)
  eden space 124416K, 100% used [0x00000000f8300000,0x00000000ffc80000,0x00000000ffc80000)
  from space 1536K, 85% used [0x00000000ffc80000,0x00000000ffdc8000,0x00000000ffe00000)
  to   space 1536K, 0% used [0x00000000ffe80000,0x00000000ffe80000,0x0000000100000000)
 ParOldGen       total 134144K, used 101393K [0x00000000f0000000, 0x00000000f8300000, 0x00000000f8300000)
  object space 134144K, 75% used [0x00000000f0000000,0x00000000f63044e8,0x00000000f8300000)
 Metaspace       used 53496K, capacity 56910K, committed 57088K, reserved 1099776K
  class space    used 6503K, capacity 7087K, committed 7168K, reserved 1048576K
2023-10-03T08:41:47.813+0800: 2233.611: [GC (Allocation Failure) [PSYoungGen: 125728K->1280K(126464K)] 227121K->102737K(260608K), 0.0087637 secs] [Times: user=0.05 sys=0.00, real=0.00 secs] 
Heap after GC invocations=428 (full 0):
 PSYoungGen      total 126464K, used 1280K [0x00000000f8300000, 0x0000000100000000, 0x0000000100000000)
  eden space 124928K, 0% used [0x00000000f8300000,0x00000000f8300000,0x00000000ffd00000)
  from space 1536K, 83% used [0x00000000ffe80000,0x00000000fffc0000,0x0000000100000000)
  to   space 1536K, 0% used [0x00000000ffd00000,0x00000000ffd00000,0x00000000ffe80000)
 ParOldGen       total 134144K, used 101457K [0x00000000f0000000, 0x00000000f8300000, 0x00000000f8300000)
  object space 134144K, 75% used [0x00000000f0000000,0x00000000f63144e8,0x00000000f8300000)
 Metaspace       used 53496K, capacity 56910K, committed 57088K, reserved 1099776K
  class space    used 6503K, capacity 7087K, committed 7168K, reserved 1048576K
}
{Heap before GC invocations=429 (full 0):
 PSYoungGen      total 126464K, used 126208K [0x00000000f8300000, 0x0000000100000000, 0x0000000100000000)
  eden space 124928K, 100% used [0x00000000f8300000,0x00000000ffd00000,0x00000000ffd00000)
  from space 1536K, 83% used [0x00000000ffe80000,0x00000000fffc0000,0x0000000100000000)
  to   space 1536K, 0% used [0x00000000ffd00000,0x00000000ffd00000,0x00000000ffe80000)
 ParOldGen       total 134144K, used 101457K [0x00000000f0000000, 0x00000000f8300000, 0x00000000f8300000)
  object space 134144K, 75% used [0x00000000f0000000,0x00000000f63144e8,0x00000000f8300000)
 Metaspace       used 53496K, capacity 56910K, committed 57088K, reserved 1099776K
  class space    used 6503K, capacity 7087K, committed 7168K, reserved 1048576K
2023-10-03T08:41:52.144+0800: 2237.942: [GC (Allocation Failure) [PSYoungGen: 126208K->1280K(126464K)] 227665K->102817K(260608K), 0.0063825 secs] [Times: user=0.05 sys=0.00, real=0.00 secs] 
Heap after GC invocations=429 (full 0):
 PSYoungGen      total 126464K, used 1280K [0x00000000f8300000, 0x0000000100000000, 0x0000000100000000)
  eden space 124928K, 0% used [0x00000000f8300000,0x00000000f8300000,0x00000000ffd00000)
  from space 1536K, 83% used [0x00000000ffd00000,0x00000000ffe40000,0x00000000ffe80000)
  to   space 1536K, 0% used [0x00000000ffe80000,0x00000000ffe80000,0x0000000100000000)
 ParOldGen       total 134144K, used 101537K [0x00000000f0000000, 0x00000000f8300000, 0x00000000f8300000)
  object space 134144K, 75% used [0x00000000f0000000,0x00000000f63284e8,0x00000000f8300000)
 Metaspace       used 53496K, capacity 56910K, committed 57088K, reserved 1099776K
  class space    used 6503K, capacity 7087K, committed 7168K, reserved 1048576K
}
{Heap before GC invocations=430 (full 0):
 PSYoungGen      total 126464K, used 126208K [0x00000000f8300000, 0x0000000100000000, 0x0000000100000000)
  eden space 124928K, 100% used [0x00000000f8300000,0x00000000ffd00000,0x00000000ffd00000)
  from space 1536K, 83% used [0x00000000ffd00000,0x00000000ffe40000,0x00000000ffe80000)
  to   space 1536K, 0% used [0x00000000ffe80000,0x00000000ffe80000,0x0000000100000000)
 ParOldGen       total 134144K, used 101537K [0x00000000f0000000, 0x00000000f8300000, 0x00000000f8300000)
  object space 134144K, 75% used [0x00000000f0000000,0x00000000f63284e8,0x00000000f8300000)
 Metaspace       used 53496K, capacity 56910K, committed 57088K, reserved 1099776K
  class space    used 6503K, capacity 7087K, committed 7168K, reserved 1048576K
2023-10-03T08:41:56.221+0800: 2242.019: [GC (Allocation Failure) [PSYoungGen: 126208K->1312K(126464K)] 227745K->102921K(260608K), 0.0065689 secs] [Times: user=0.05 sys=0.00, real=0.01 secs] 
Heap after GC invocations=430 (full 0):
 PSYoungGen      total 126464K, used 1312K [0x00000000f8300000, 0x0000000100000000, 0x0000000100000000)
  eden space 124928K, 0% used [0x00000000f8300000,0x00000000f8300000,0x00000000ffd00000)
  from space 1536K, 85% used [0x00000000ffe80000,0x00000000fffc8000,0x0000000100000000)
  to   space 1536K, 0% used [0x00000000ffd00000,0x00000000ffd00000,0x00000000ffe80000)
 ParOldGen       total 134144K, used 101609K [0x00000000f0000000, 0x00000000f8300000, 0x00000000f8300000)
  object space 134144K, 75% used [0x00000000f0000000,0x00000000f633a4e8,0x00000000f8300000)
 Metaspace       used 53496K, capacity 56910K, committed 57088K, reserved 1099776K
  class space    used 6503K, capacity 7087K, committed 7168K, reserved 1048576K
}
{Heap before GC invocations=431 (full 0):
 PSYoungGen      total 126464K, used 126240K [0x00000000f8300000, 0x0000000100000000, 0x0000000100000000)
  eden space 124928K, 100% used [0x00000000f8300000,0x00000000ffd00000,0x00000000ffd00000)
  from space 1536K, 85% used [0x00000000ffe80000,0x00000000fffc8000,0x0000000100000000)
  to   space 1536K, 0% used [0x00000000ffd00000,0x00000000ffd00000,0x00000000ffe80000)
 ParOldGen       total 134144K, used 101609K [0x00000000f0000000, 0x00000000f8300000, 0x00000000f8300000)
  object space 134144K, 75% used [0x00000000f0000000,0x00000000f633a4e8,0x00000000f8300000)
 Metaspace       used 53496K, capacity 56910K, committed 57088K, reserved 1099776K
  class space    used 6503K, capacity 7087K, committed 7168K, reserved 1048576K
2023-10-03T08:42:00.288+0800: 2246.086: [GC (Allocation Failure) [PSYoungGen: 126240K->1312K(126464K)] 227849K->102985K(260608K), 0.0084938 secs] [Times: user=0.05 sys=0.00, real=0.01 secs] 
Heap after GC invocations=431 (full 0):
 PSYoungGen      total 126464K, used 1312K [0x00000000f8300000, 0x0000000100000000, 0x0000000100000000)
  eden space 124928K, 0% used [0x00000000f8300000,0x00000000f8300000,0x00000000ffd00000)
  from space 1536K, 85% used [0x00000000ffd00000,0x00000000ffe48000,0x00000000ffe80000)
  to   space 1536K, 0% used [0x00000000ffe80000,0x00000000ffe80000,0x0000000100000000)
 ParOldGen       total 134144K, used 101673K [0x00000000f0000000, 0x00000000f8300000, 0x00000000f8300000)
  object space 134144K, 75% used [0x00000000f0000000,0x00000000f634a4e8,0x00000000f8300000)
 Metaspace       used 53496K, capacity 56910K, committed 57088K, reserved 1099776K
  class space    used 6503K, capacity 7087K, committed 7168K, reserved 1048576K
}
{Heap before GC invocations=432 (full 0):
 PSYoungGen      total 126464K, used 126240K [0x00000000f8300000, 0x0000000100000000, 0x0000000100000000)
  eden space 124928K, 100% used [0x00000000f8300000,0x00000000ffd00000,0x00000000ffd00000)
  from space 1536K, 85% used [0x00000000ffd00000,0x00000000ffe48000,0x00000000ffe80000)
  to   space 1536K, 0% used [0x00000000ffe80000,0x00000000ffe80000,0x0000000100000000)
 ParOldGen       total 134144K, used 101673K [0x00000000f0000000, 0x00000000f8300000, 0x00000000f8300000)
  object space 134144K, 75% used [0x00000000f0000000,0x00000000f634a4e8,0x00000000f8300000)
 Metaspace       used 53496K, capacity 56910K, committed 57088K, reserved 1099776K
  class space    used 6503K, capacity 7087K, committed 7168K, reserved 1048576K
2023-10-03T08:42:04.450+0800: 2250.248: [GC (Allocation Failure) [PSYoungGen: 126240K->1248K(126464K)] 227913K->103025K(260608K), 0.0083802 secs] [Times: user=0.05 sys=0.00, real=0.01 secs] 
Heap after GC invocations=432 (full 0):
 PSYoungGen      total 126464K, used 1248K [0x00000000f8300000, 0x0000000100000000, 0x0000000100000000)
  eden space 124928K, 0% used [0x00000000f8300000,0x00000000f8300000,0x00000000ffd00000)
  from space 1536K, 81% used [0x00000000ffe80000,0x00000000fffb8000,0x0000000100000000)
  to   space 1536K, 0% used [0x00000000ffd00000,0x00000000ffd00000,0x00000000ffe80000)
 ParOldGen       total 134144K, used 101777K [0x00000000f0000000, 0x00000000f8300000, 0x00000000f8300000)
  object space 134144K, 75% used [0x00000000f0000000,0x00000000f63644e8,0x00000000f8300000)
 Metaspace       used 53496K, capacity 56910K, committed 57088K, reserved 1099776K
  class space    used 6503K, capacity 7087K, committed 7168K, reserved 1048576K
}
{Heap before GC invocations=433 (full 0):
 PSYoungGen      total 126464K, used 126176K [0x00000000f8300000, 0x0000000100000000, 0x0000000100000000)
  eden space 124928K, 100% used [0x00000000f8300000,0x00000000ffd00000,0x00000000ffd00000)
  from space 1536K, 81% used [0x00000000ffe80000,0x00000000fffb8000,0x0000000100000000)
  to   space 1536K, 0% used [0x00000000ffd00000,0x00000000ffd00000,0x00000000ffe80000)
 ParOldGen       total 134144K, used 101777K [0x00000000f0000000, 0x00000000f8300000, 0x00000000f8300000)
  object space 134144K, 75% used [0x00000000f0000000,0x00000000f63644e8,0x00000000f8300000)
 Metaspace       used 53496K, capacity 56910K, committed 57088K, reserved 1099776K
  class space    used 6503K, capacity 7087K, committed 7168K, reserved 1048576K
2023-10-03T08:42:08.789+0800: 2254.587: [GC (Allocation Failure) [PSYoungGen: 126176K->1344K(126464K)] 227953K->103193K(260608K), 0.0066281 secs] [Times: user=0.05 sys=0.00, real=0.01 secs] 
Heap after GC invocations=433 (full 0):
 PSYoungGen      total 126464K, used 1344K [0x00000000f8300000, 0x0000000100000000, 0x0000000100000000)
  eden space 124928K, 0% used [0x00000000f8300000,0x00000000f8300000,0x00000000ffd00000)
  from space 1536K, 87% used [0x00000000ffd00000,0x00000000ffe50000,0x00000000ffe80000)
  to   space 1536K, 0% used [0x00000000ffe80000,0x00000000ffe80000,0x0000000100000000)
 ParOldGen       total 134144K, used 101849K [0x00000000f0000000, 0x00000000f8300000, 0x00000000f8300000)
  object space 134144K, 75% used [0x00000000f0000000,0x00000000f63764e8,0x00000000f8300000)
 Metaspace       used 53496K, capacity 56910K, committed 57088K, reserved 1099776K
  class space    used 6503K, capacity 7087K, committed 7168K, reserved 1048576K
}
{Heap before GC invocations=434 (full 0):
 PSYoungGen      total 126464K, used 126272K [0x00000000f8300000, 0x0000000100000000, 0x0000000100000000)
  eden space 124928K, 100% used [0x00000000f8300000,0x00000000ffd00000,0x00000000ffd00000)
  from space 1536K, 87% used [0x00000000ffd00000,0x00000000ffe50000,0x00000000ffe80000)
  to   space 1536K, 0% used [0x00000000ffe80000,0x00000000ffe80000,0x0000000100000000)
 ParOldGen       total 134144K, used 101849K [0x00000000f0000000, 0x00000000f8300000, 0x00000000f8300000)
  object space 134144K, 75% used [0x00000000f0000000,0x00000000f63764e8,0x00000000f8300000)
 Metaspace       used 53496K, capacity 56910K, committed 57088K, reserved 1099776K
  class space    used 6503K, capacity 7087K, committed 7168K, reserved 1048576K
2023-10-03T08:42:12.865+0800: 2258.663: [GC (Allocation Failure) [PSYoungGen: 126272K->1312K(126464K)] 228121K->103241K(260608K), 0.0061397 secs] [Times: user=0.04 sys=0.01, real=0.00 secs] 
Heap after GC invocations=434 (full 0):
 PSYoungGen      total 126464K, used 1312K [0x00000000f8300000, 0x0000000100000000, 0x0000000100000000)
  eden space 124928K, 0% used [0x00000000f8300000,0x00000000f8300000,0x00000000ffd00000)
  from space 1536K, 85% used [0x00000000ffe80000,0x00000000fffc8000,0x0000000100000000)
  to   space 1536K, 0% used [0x00000000ffd00000,0x00000000ffd00000,0x00000000ffe80000)
 ParOldGen       total 134144K, used 101929K [0x00000000f0000000, 0x00000000f8300000, 0x00000000f8300000)
  object space 134144K, 75% used [0x00000000f0000000,0x00000000f638a4e8,0x00000000f8300000)
 Metaspace       used 53496K, capacity 56910K, committed 57088K, reserved 1099776K
  class space    used 6503K, capacity 7087K, committed 7168K, reserved 1048576K
}
{Heap before GC invocations=435 (full 0):
 PSYoungGen      total 126464K, used 126240K [0x00000000f8300000, 0x0000000100000000, 0x0000000100000000)
  eden space 124928K, 100% used [0x00000000f8300000,0x00000000ffd00000,0x00000000ffd00000)
  from space 1536K, 85% used [0x00000000ffe80000,0x00000000fffc8000,0x0000000100000000)
  to   space 1536K, 0% used [0x00000000ffd00000,0x00000000ffd00000,0x00000000ffe80000)
 ParOldGen       total 134144K, used 101929K [0x00000000f0000000, 0x00000000f8300000, 0x00000000f8300000)
  object space 134144K, 75% used [0x00000000f0000000,0x00000000f638a4e8,0x00000000f8300000)
 Metaspace       used 53496K, capacity 56910K, committed 57088K, reserved 1099776K
  class space    used 6503K, capacity 7087K, committed 7168K, reserved 1048576K
2023-10-03T08:42:16.929+0800: 2262.727: [GC (Allocation Failure) [PSYoungGen: 126240K->1248K(126464K)] 228169K->103265K(260608K), 0.0085020 secs] [Times: user=0.06 sys=0.00, real=0.01 secs] 
Heap after GC invocations=435 (full 0):
 PSYoungGen      total 126464K, used 1248K [0x00000000f8300000, 0x0000000100000000, 0x0000000100000000)
  eden space 124928K, 0% used [0x00000000f8300000,0x00000000f8300000,0x00000000ffd00000)
  from space 1536K, 81% used [0x00000000ffd00000,0x00000000ffe38000,0x00000000ffe80000)
  to   space 1536K, 0% used [0x00000000ffe80000,0x00000000ffe80000,0x0000000100000000)
 ParOldGen       total 134144K, used 102017K [0x00000000f0000000, 0x00000000f8300000, 0x00000000f8300000)
  object space 134144K, 76% used [0x00000000f0000000,0x00000000f63a04e8,0x00000000f8300000)
 Metaspace       used 53496K, capacity 56910K, committed 57088K, reserved 1099776K
  class space    used 6503K, capacity 7087K, committed 7168K, reserved 1048576K
}
{Heap before GC invocations=436 (full 0):
 PSYoungGen      total 126464K, used 126176K [0x00000000f8300000, 0x0000000100000000, 0x0000000100000000)
  eden space 124928K, 100% used [0x00000000f8300000,0x00000000ffd00000,0x00000000ffd00000)
  from space 1536K, 81% used [0x00000000ffd00000,0x00000000ffe38000,0x00000000ffe80000)
  to   space 1536K, 0% used [0x00000000ffe80000,0x00000000ffe80000,0x0000000100000000)
 ParOldGen       total 134144K, used 102017K [0x00000000f0000000, 0x00000000f8300000, 0x00000000f8300000)
  object space 134144K, 76% used [0x00000000f0000000,0x00000000f63a04e8,0x00000000f8300000)
 Metaspace       used 53496K, capacity 56910K, committed 57088K, reserved 1099776K
  class space    used 6503K, capacity 7087K, committed 7168K, reserved 1048576K
2023-10-03T08:42:21.071+0800: 2266.869: [GC (Allocation Failure) [PSYoungGen: 126176K->1312K(126464K)] 228193K->103425K(260608K), 0.0085105 secs] [Times: user=0.05 sys=0.00, real=0.01 secs] 
Heap after GC invocations=436 (full 0):
 PSYoungGen      total 126464K, used 1312K [0x00000000f8300000, 0x0000000100000000, 0x0000000100000000)
  eden space 124928K, 0% used [0x00000000f8300000,0x00000000f8300000,0x00000000ffd00000)
  from space 1536K, 85% used [0x00000000ffe80000,0x00000000fffc8000,0x0000000100000000)
  to   space 1536K, 0% used [0x00000000ffd00000,0x00000000ffd00000,0x00000000ffe80000)
 ParOldGen       total 134144K, used 102113K [0x00000000f0000000, 0x00000000f8300000, 0x00000000f8300000)
  object space 134144K, 76% used [0x00000000f0000000,0x00000000f63b84e8,0x00000000f8300000)
 Metaspace       used 53496K, capacity 56910K, committed 57088K, reserved 1099776K
  class space    used 6503K, capacity 7087K, committed 7168K, reserved 1048576K
}
{Heap before GC invocations=437 (full 0):
 PSYoungGen      total 126464K, used 126240K [0x00000000f8300000, 0x0000000100000000, 0x0000000100000000)
  eden space 124928K, 100% used [0x00000000f8300000,0x00000000ffd00000,0x00000000ffd00000)
  from space 1536K, 85% used [0x00000000ffe80000,0x00000000fffc8000,0x0000000100000000)
  to   space 1536K, 0% used [0x00000000ffd00000,0x00000000ffd00000,0x00000000ffe80000)
 ParOldGen       total 134144K, used 102113K [0x00000000f0000000, 0x00000000f8300000, 0x00000000f8300000)
  object space 134144K, 76% used [0x00000000f0000000,0x00000000f63b84e8,0x00000000f8300000)
 Metaspace       used 53496K, capacity 56910K, committed 57088K, reserved 1099776K
  class space    used 6503K, capacity 7087K, committed 7168K, reserved 1048576K
2023-10-03T08:42:25.177+0800: 2270.975: [GC (Allocation Failure) [PSYoungGen: 126240K->1248K(126464K)] 228353K->103385K(260608K), 0.0084635 secs] [Times: user=0.06 sys=0.00, real=0.01 secs] 
Heap after GC invocations=437 (full 0):
 PSYoungGen      total 126464K, used 1248K [0x00000000f8300000, 0x0000000100000000, 0x0000000100000000)
  eden space 124928K, 0% used [0x00000000f8300000,0x00000000f8300000,0x00000000ffd00000)
  from space 1536K, 81% used [0x00000000ffd00000,0x00000000ffe38000,0x00000000ffe80000)
  to   space 1536K, 0% used [0x00000000ffe80000,0x00000000ffe80000,0x0000000100000000)
 ParOldGen       total 134144K, used 102137K [0x00000000f0000000, 0x00000000f8300000, 0x00000000f8300000)
  object space 134144K, 76% used [0x00000000f0000000,0x00000000f63be4e8,0x00000000f8300000)
 Metaspace       used 53496K, capacity 56910K, committed 57088K, reserved 1099776K
  class space    used 6503K, capacity 7087K, committed 7168K, reserved 1048576K
}
{Heap before GC invocations=438 (full 0):
 PSYoungGen      total 126464K, used 126176K [0x00000000f8300000, 0x0000000100000000, 0x0000000100000000)
  eden space 124928K, 100% used [0x00000000f8300000,0x00000000ffd00000,0x00000000ffd00000)
  from space 1536K, 81% used [0x00000000ffd00000,0x00000000ffe38000,0x00000000ffe80000)
  to   space 1536K, 0% used [0x00000000ffe80000,0x00000000ffe80000,0x0000000100000000)
 ParOldGen       total 134144K, used 102137K [0x00000000f0000000, 0x00000000f8300000, 0x00000000f8300000)
  object space 134144K, 76% used [0x00000000f0000000,0x00000000f63be4e8,0x00000000f8300000)
 Metaspace       used 53496K, capacity 56910K, committed 57088K, reserved 1099776K
  class space    used 6503K, capacity 7087K, committed 7168K, reserved 1048576K
2023-10-03T08:42:29.492+0800: 2275.290: [GC (Allocation Failure) [PSYoungGen: 126176K->1536K(126464K)] 228313K->103721K(260608K), 0.0067728 secs] [Times: user=0.05 sys=0.00, real=0.01 secs] 
Heap after GC invocations=438 (full 0):
 PSYoungGen      total 126464K, used 1536K [0x00000000f8300000, 0x0000000100000000, 0x0000000100000000)
  eden space 124928K, 0% used [0x00000000f8300000,0x00000000f8300000,0x00000000ffd00000)
  from space 1536K, 100% used [0x00000000ffe80000,0x0000000100000000,0x0000000100000000)
  to   space 1536K, 0% used [0x00000000ffd00000,0x00000000ffd00000,0x00000000ffe80000)
 ParOldGen       total 134144K, used 102185K [0x00000000f0000000, 0x00000000f8300000, 0x00000000f8300000)
  object space 134144K, 76% used [0x00000000f0000000,0x00000000f63ca4e8,0x00000000f8300000)
 Metaspace       used 53496K, capacity 56910K, committed 57088K, reserved 1099776K
  class space    used 6503K, capacity 7087K, committed 7168K, reserved 1048576K
}
{Heap before GC invocations=439 (full 0):
 PSYoungGen      total 126464K, used 126464K [0x00000000f8300000, 0x0000000100000000, 0x0000000100000000)
  eden space 124928K, 100% used [0x00000000f8300000,0x00000000ffd00000,0x00000000ffd00000)
  from space 1536K, 100% used [0x00000000ffe80000,0x0000000100000000,0x0000000100000000)
  to   space 1536K, 0% used [0x00000000ffd00000,0x00000000ffd00000,0x00000000ffe80000)
 ParOldGen       total 134144K, used 102185K [0x00000000f0000000, 0x00000000f8300000, 0x00000000f8300000)
  object space 134144K, 76% used [0x00000000f0000000,0x00000000f63ca4e8,0x00000000f8300000)
 Metaspace       used 53496K, capacity 56910K, committed 57088K, reserved 1099776K
  class space    used 6503K, capacity 7087K, committed 7168K, reserved 1048576K
2023-10-03T08:42:33.574+0800: 2279.372: [GC (Allocation Failure) [PSYoungGen: 126464K->1536K(126464K)] 228649K->104177K(260608K), 0.0071316 secs] [Times: user=0.06 sys=0.00, real=0.00 secs] 
Heap after GC invocations=439 (full 0):
 PSYoungGen      total 126464K, used 1536K [0x00000000f8300000, 0x0000000100000000, 0x0000000100000000)
  eden space 124928K, 0% used [0x00000000f8300000,0x00000000f8300000,0x00000000ffd00000)
  from space 1536K, 100% used [0x00000000ffd00000,0x00000000ffe80000,0x00000000ffe80000)
  to   space 1536K, 0% used [0x00000000ffe80000,0x00000000ffe80000,0x0000000100000000)
 ParOldGen       total 134144K, used 102641K [0x00000000f0000000, 0x00000000f8300000, 0x00000000f8300000)
  object space 134144K, 76% used [0x00000000f0000000,0x00000000f643c4e8,0x00000000f8300000)
 Metaspace       used 53496K, capacity 56910K, committed 57088K, reserved 1099776K
  class space    used 6503K, capacity 7087K, committed 7168K, reserved 1048576K
}
{Heap before GC invocations=440 (full 0):
 PSYoungGen      total 126464K, used 126464K [0x00000000f8300000, 0x0000000100000000, 0x0000000100000000)
  eden space 124928K, 100% used [0x00000000f8300000,0x00000000ffd00000,0x00000000ffd00000)
  from space 1536K, 100% used [0x00000000ffd00000,0x00000000ffe80000,0x00000000ffe80000)
  to   space 1536K, 0% used [0x00000000ffe80000,0x00000000ffe80000,0x0000000100000000)
 ParOldGen       total 134144K, used 102641K [0x00000000f0000000, 0x00000000f8300000, 0x00000000f8300000)
  object space 134144K, 76% used [0x00000000f0000000,0x00000000f643c4e8,0x00000000f8300000)
 Metaspace       used 53496K, capacity 56910K, committed 57088K, reserved 1099776K
  class space    used 6503K, capacity 7087K, committed 7168K, reserved 1048576K
2023-10-03T08:42:37.643+0800: 2283.441: [GC (Allocation Failure) [PSYoungGen: 126464K->1344K(125440K)] 229105K->104353K(259584K), 0.0086535 secs] [Times: user=0.05 sys=0.01, real=0.00 secs] 
Heap after GC invocations=440 (full 0):
 PSYoungGen      total 125440K, used 1344K [0x00000000f8300000, 0x0000000100000000, 0x0000000100000000)
  eden space 123904K, 0% used [0x00000000f8300000,0x00000000f8300000,0x00000000ffc00000)
  from space 1536K, 87% used [0x00000000ffe80000,0x00000000fffd0000,0x0000000100000000)
  to   space 2048K, 0% used [0x00000000ffc00000,0x00000000ffc00000,0x00000000ffe00000)
 ParOldGen       total 134144K, used 103009K [0x00000000f0000000, 0x00000000f8300000, 0x00000000f8300000)
  object space 134144K, 76% used [0x00000000f0000000,0x00000000f6498668,0x00000000f8300000)
 Metaspace       used 53496K, capacity 56910K, committed 57088K, reserved 1099776K
  class space    used 6503K, capacity 7087K, committed 7168K, reserved 1048576K
}
{Heap before GC invocations=441 (full 0):
 PSYoungGen      total 125440K, used 125248K [0x00000000f8300000, 0x0000000100000000, 0x0000000100000000)
  eden space 123904K, 100% used [0x00000000f8300000,0x00000000ffc00000,0x00000000ffc00000)
  from space 1536K, 87% used [0x00000000ffe80000,0x00000000fffd0000,0x0000000100000000)
  to   space 2048K, 0% used [0x00000000ffc00000,0x00000000ffc00000,0x00000000ffe00000)
 ParOldGen       total 134144K, used 103009K [0x00000000f0000000, 0x00000000f8300000, 0x00000000f8300000)
  object space 134144K, 76% used [0x00000000f0000000,0x00000000f6498668,0x00000000f8300000)
 Metaspace       used 53496K, capacity 56910K, committed 57088K, reserved 1099776K
  class space    used 6503K, capacity 7087K, committed 7168K, reserved 1048576K
2023-10-03T08:42:41.780+0800: 2287.578: [GC (Allocation Failure) [PSYoungGen: 125248K->1312K(125952K)] 228257K->104489K(260096K), 0.0084609 secs] [Times: user=0.05 sys=0.00, real=0.01 secs] 
Heap after GC invocations=441 (full 0):
 PSYoungGen      total 125952K, used 1312K [0x00000000f8300000, 0x0000000100000000, 0x0000000100000000)
  eden space 123904K, 0% used [0x00000000f8300000,0x00000000f8300000,0x00000000ffc00000)
  from space 2048K, 64% used [0x00000000ffc00000,0x00000000ffd48000,0x00000000ffe00000)
  to   space 2048K, 0% used [0x00000000ffe00000,0x00000000ffe00000,0x0000000100000000)
 ParOldGen       total 134144K, used 103177K [0x00000000f0000000, 0x00000000f8300000, 0x00000000f8300000)
  object space 134144K, 76% used [0x00000000f0000000,0x00000000f64c26e8,0x00000000f8300000)
 Metaspace       used 53496K, capacity 56910K, committed 57088K, reserved 1099776K
  class space    used 6503K, capacity 7087K, committed 7168K, reserved 1048576K
}
{Heap before GC invocations=442 (full 0):
 PSYoungGen      total 125952K, used 125216K [0x00000000f8300000, 0x0000000100000000, 0x0000000100000000)
  eden space 123904K, 100% used [0x00000000f8300000,0x00000000ffc00000,0x00000000ffc00000)
  from space 2048K, 64% used [0x00000000ffc00000,0x00000000ffd48000,0x00000000ffe00000)
  to   space 2048K, 0% used [0x00000000ffe00000,0x00000000ffe00000,0x0000000100000000)
 ParOldGen       total 134144K, used 103177K [0x00000000f0000000, 0x00000000f8300000, 0x00000000f8300000)
  object space 134144K, 76% used [0x00000000f0000000,0x00000000f64c26e8,0x00000000f8300000)
 Metaspace       used 53496K, capacity 56910K, committed 57088K, reserved 1099776K
  class space    used 6503K, capacity 7087K, committed 7168K, reserved 1048576K
2023-10-03T08:42:45.861+0800: 2291.659: [GC (Allocation Failure) [PSYoungGen: 125216K->1280K(125952K)] 228393K->104529K(260096K), 0.0086347 secs] [Times: user=0.05 sys=0.00, real=0.01 secs] 
Heap after GC invocations=442 (full 0):
 PSYoungGen      total 125952K, used 1280K [0x00000000f8300000, 0x0000000100000000, 0x0000000100000000)
  eden space 123904K, 0% used [0x00000000f8300000,0x00000000f8300000,0x00000000ffc00000)
  from space 2048K, 62% used [0x00000000ffe00000,0x00000000fff40000,0x0000000100000000)
  to   space 2048K, 0% used [0x00000000ffc00000,0x00000000ffc00000,0x00000000ffe00000)
 ParOldGen       total 134144K, used 103249K [0x00000000f0000000, 0x00000000f8300000, 0x00000000f8300000)
  object space 134144K, 76% used [0x00000000f0000000,0x00000000f64d46e8,0x00000000f8300000)
 Metaspace       used 53496K, capacity 56910K, committed 57088K, reserved 1099776K
  class space    used 6503K, capacity 7087K, committed 7168K, reserved 1048576K
}
{Heap before GC invocations=443 (full 0):
 PSYoungGen      total 125952K, used 125184K [0x00000000f8300000, 0x0000000100000000, 0x0000000100000000)
  eden space 123904K, 100% used [0x00000000f8300000,0x00000000ffc00000,0x00000000ffc00000)
  from space 2048K, 62% used [0x00000000ffe00000,0x00000000fff40000,0x0000000100000000)
  to   space 2048K, 0% used [0x00000000ffc00000,0x00000000ffc00000,0x00000000ffe00000)
 ParOldGen       total 134144K, used 103249K [0x00000000f0000000, 0x00000000f8300000, 0x00000000f8300000)
  object space 134144K, 76% used [0x00000000f0000000,0x00000000f64d46e8,0x00000000f8300000)
 Metaspace       used 53496K, capacity 56910K, committed 57088K, reserved 1099776K
  class space    used 6503K, capacity 7087K, committed 7168K, reserved 1048576K
2023-10-03T08:42:50.184+0800: 2295.982: [GC (Allocation Failure) [PSYoungGen: 125184K->1312K(125952K)] 228433K->104633K(260096K), 0.0058751 secs] [Times: user=0.05 sys=0.00, real=0.00 secs] 
Heap after GC invocations=443 (full 0):
 PSYoungGen      total 125952K, used 1312K [0x00000000f8300000, 0x0000000100000000, 0x0000000100000000)
  eden space 123904K, 0% used [0x00000000f8300000,0x00000000f8300000,0x00000000ffc00000)
  from space 2048K, 64% used [0x00000000ffc00000,0x00000000ffd48000,0x00000000ffe00000)
  to   space 2048K, 0% used [0x00000000ffe00000,0x00000000ffe00000,0x0000000100000000)
 ParOldGen       total 134144K, used 103321K [0x00000000f0000000, 0x00000000f8300000, 0x00000000f8300000)
  object space 134144K, 77% used [0x00000000f0000000,0x00000000f64e66e8,0x00000000f8300000)
 Metaspace       used 53496K, capacity 56910K, committed 57088K, reserved 1099776K
  class space    used 6503K, capacity 7087K, committed 7168K, reserved 1048576K
}
{Heap before GC invocations=444 (full 0):
 PSYoungGen      total 125952K, used 125216K [0x00000000f8300000, 0x0000000100000000, 0x0000000100000000)
  eden space 123904K, 100% used [0x00000000f8300000,0x00000000ffc00000,0x00000000ffc00000)
  from space 2048K, 64% used [0x00000000ffc00000,0x00000000ffd48000,0x00000000ffe00000)
  to   space 2048K, 0% used [0x00000000ffe00000,0x00000000ffe00000,0x0000000100000000)
 ParOldGen       total 134144K, used 103321K [0x00000000f0000000, 0x00000000f8300000, 0x00000000f8300000)
  object space 134144K, 77% used [0x00000000f0000000,0x00000000f64e66e8,0x00000000f8300000)
 Metaspace       used 53496K, capacity 56910K, committed 57088K, reserved 1099776K
  class space    used 6503K, capacity 7087K, committed 7168K, reserved 1048576K
2023-10-03T08:42:54.244+0800: 2300.042: [GC (Allocation Failure) [PSYoungGen: 125216K->1312K(125952K)] 228537K->104721K(260096K), 0.0084874 secs] [Times: user=0.05 sys=0.00, real=0.01 secs] 
Heap after GC invocations=444 (full 0):
 PSYoungGen      total 125952K, used 1312K [0x00000000f8300000, 0x0000000100000000, 0x0000000100000000)
  eden space 123904K, 0% used [0x00000000f8300000,0x00000000f8300000,0x00000000ffc00000)
  from space 2048K, 64% used [0x00000000ffe00000,0x00000000fff48000,0x0000000100000000)
  to   space 2048K, 0% used [0x00000000ffc00000,0x00000000ffc00000,0x00000000ffe00000)
 ParOldGen       total 134144K, used 103409K [0x00000000f0000000, 0x00000000f8300000, 0x00000000f8300000)
  object space 134144K, 77% used [0x00000000f0000000,0x00000000f64fc6e8,0x00000000f8300000)
 Metaspace       used 53496K, capacity 56910K, committed 57088K, reserved 1099776K
  class space    used 6503K, capacity 7087K, committed 7168K, reserved 1048576K
}
{Heap before GC invocations=445 (full 0):
 PSYoungGen      total 125952K, used 125216K [0x00000000f8300000, 0x0000000100000000, 0x0000000100000000)
  eden space 123904K, 100% used [0x00000000f8300000,0x00000000ffc00000,0x00000000ffc00000)
  from space 2048K, 64% used [0x00000000ffe00000,0x00000000fff48000,0x0000000100000000)
  to   space 2048K, 0% used [0x00000000ffc00000,0x00000000ffc00000,0x00000000ffe00000)
 ParOldGen       total 134144K, used 103409K [0x00000000f0000000, 0x00000000f8300000, 0x00000000f8300000)
  object space 134144K, 77% used [0x00000000f0000000,0x00000000f64fc6e8,0x00000000f8300000)
 Metaspace       used 53496K, capacity 56910K, committed 57088K, reserved 1099776K
  class space    used 6503K, capacity 7087K, committed 7168K, reserved 1048576K
2023-10-03T08:42:58.307+0800: 2304.105: [GC (Allocation Failure) [PSYoungGen: 125216K->1344K(125952K)] 228625K->104833K(260096K), 0.0080402 secs] [Times: user=0.05 sys=0.00, real=0.01 secs] 
Heap after GC invocations=445 (full 0):
 PSYoungGen      total 125952K, used 1344K [0x00000000f8300000, 0x0000000100000000, 0x0000000100000000)
  eden space 123904K, 0% used [0x00000000f8300000,0x00000000f8300000,0x00000000ffc00000)
  from space 2048K, 65% used [0x00000000ffc00000,0x00000000ffd50000,0x00000000ffe00000)
  to   space 2048K, 0% used [0x00000000ffe00000,0x00000000ffe00000,0x0000000100000000)
 ParOldGen       total 134144K, used 103489K [0x00000000f0000000, 0x00000000f8300000, 0x00000000f8300000)
  object space 134144K, 77% used [0x00000000f0000000,0x00000000f65106e8,0x00000000f8300000)
 Metaspace       used 53496K, capacity 56910K, committed 57088K, reserved 1099776K
  class space    used 6503K, capacity 7087K, committed 7168K, reserved 1048576K
}
{Heap before GC invocations=446 (full 0):
 PSYoungGen      total 125952K, used 125248K [0x00000000f8300000, 0x0000000100000000, 0x0000000100000000)
  eden space 123904K, 100% used [0x00000000f8300000,0x00000000ffc00000,0x00000000ffc00000)
  from space 2048K, 65% used [0x00000000ffc00000,0x00000000ffd50000,0x00000000ffe00000)
  to   space 2048K, 0% used [0x00000000ffe00000,0x00000000ffe00000,0x0000000100000000)
 ParOldGen       total 134144K, used 103489K [0x00000000f0000000, 0x00000000f8300000, 0x00000000f8300000)
  object space 134144K, 77% used [0x00000000f0000000,0x00000000f65106e8,0x00000000f8300000)
 Metaspace       used 53496K, capacity 56910K, committed 57088K, reserved 1099776K
  class space    used 6503K, capacity 7087K, committed 7168K, reserved 1048576K
2023-10-03T08:43:02.369+0800: 2308.167: [GC (Allocation Failure) [PSYoungGen: 125248K->1248K(125952K)] 228737K->104833K(260096K), 0.0084017 secs] [Times: user=0.05 sys=0.00, real=0.01 secs] 
Heap after GC invocations=446 (full 0):
 PSYoungGen      total 125952K, used 1248K [0x00000000f8300000, 0x0000000100000000, 0x0000000100000000)
  eden space 123904K, 0% used [0x00000000f8300000,0x00000000f8300000,0x00000000ffc00000)
  from space 2048K, 60% used [0x00000000ffe00000,0x00000000fff38000,0x0000000100000000)
  to   space 2048K, 0% used [0x00000000ffc00000,0x00000000ffc00000,0x00000000ffe00000)
 ParOldGen       total 134144K, used 103585K [0x00000000f0000000, 0x00000000f8300000, 0x00000000f8300000)
  object space 134144K, 77% used [0x00000000f0000000,0x00000000f65286e8,0x00000000f8300000)
 Metaspace       used 53496K, capacity 56910K, committed 57088K, reserved 1099776K
  class space    used 6503K, capacity 7087K, committed 7168K, reserved 1048576K
}
{Heap before GC invocations=447 (full 0):
 PSYoungGen      total 125952K, used 125152K [0x00000000f8300000, 0x0000000100000000, 0x0000000100000000)
  eden space 123904K, 100% used [0x00000000f8300000,0x00000000ffc00000,0x00000000ffc00000)
  from space 2048K, 60% used [0x00000000ffe00000,0x00000000fff38000,0x0000000100000000)
  to   space 2048K, 0% used [0x00000000ffc00000,0x00000000ffc00000,0x00000000ffe00000)
 ParOldGen       total 134144K, used 103585K [0x00000000f0000000, 0x00000000f8300000, 0x00000000f8300000)
  object space 134144K, 77% used [0x00000000f0000000,0x00000000f65286e8,0x00000000f8300000)
 Metaspace       used 53496K, capacity 56910K, committed 57088K, reserved 1099776K
  class space    used 6503K, capacity 7087K, committed 7168K, reserved 1048576K
2023-10-03T08:43:06.488+0800: 2312.286: [GC (Allocation Failure) [PSYoungGen: 125152K->1312K(125952K)] 228737K->104961K(260096K), 0.0087293 secs] [Times: user=0.06 sys=0.00, real=0.01 secs] 
Heap after GC invocations=447 (full 0):
 PSYoungGen      total 125952K, used 1312K [0x00000000f8300000, 0x0000000100000000, 0x0000000100000000)
  eden space 123904K, 0% used [0x00000000f8300000,0x00000000f8300000,0x00000000ffc00000)
  from space 2048K, 64% used [0x00000000ffc00000,0x00000000ffd48000,0x00000000ffe00000)
  to   space 2048K, 0% used [0x00000000ffe00000,0x00000000ffe00000,0x0000000100000000)
 ParOldGen       total 134144K, used 103649K [0x00000000f0000000, 0x00000000f8300000, 0x00000000f8300000)
  object space 134144K, 77% used [0x00000000f0000000,0x00000000f65386e8,0x00000000f8300000)
 Metaspace       used 53496K, capacity 56910K, committed 57088K, reserved 1099776K
  class space    used 6503K, capacity 7087K, committed 7168K, reserved 1048576K
}
{Heap before GC invocations=448 (full 0):
 PSYoungGen      total 125952K, used 125216K [0x00000000f8300000, 0x0000000100000000, 0x0000000100000000)
  eden space 123904K, 100% used [0x00000000f8300000,0x00000000ffc00000,0x00000000ffc00000)
  from space 2048K, 64% used [0x00000000ffc00000,0x00000000ffd48000,0x00000000ffe00000)
  to   space 2048K, 0% used [0x00000000ffe00000,0x00000000ffe00000,0x0000000100000000)
 ParOldGen       total 134144K, used 103649K [0x00000000f0000000, 0x00000000f8300000, 0x00000000f8300000)
  object space 134144K, 77% used [0x00000000f0000000,0x00000000f65386e8,0x00000000f8300000)
 Metaspace       used 53496K, capacity 56910K, committed 57088K, reserved 1099776K
  class space    used 6503K, capacity 7087K, committed 7168K, reserved 1048576K
2023-10-03T08:43:10.587+0800: 2316.385: [GC (Allocation Failure) [PSYoungGen: 125216K->1312K(125952K)] 228865K->105081K(260096K), 0.0086282 secs] [Times: user=0.05 sys=0.01, real=0.01 secs] 
Heap after GC invocations=448 (full 0):
 PSYoungGen      total 125952K, used 1312K [0x00000000f8300000, 0x0000000100000000, 0x0000000100000000)
  eden space 123904K, 0% used [0x00000000f8300000,0x00000000f8300000,0x00000000ffc00000)
  from space 2048K, 64% used [0x00000000ffe00000,0x00000000fff48000,0x0000000100000000)
  to   space 2048K, 0% used [0x00000000ffc00000,0x00000000ffc00000,0x00000000ffe00000)
 ParOldGen       total 134144K, used 103769K [0x00000000f0000000, 0x00000000f8300000, 0x00000000f8300000)
  object space 134144K, 77% used [0x00000000f0000000,0x00000000f65566e8,0x00000000f8300000)
 Metaspace       used 53496K, capacity 56910K, committed 57088K, reserved 1099776K
  class space    used 6503K, capacity 7087K, committed 7168K, reserved 1048576K
}
{Heap before GC invocations=449 (full 0):
 PSYoungGen      total 125952K, used 125216K [0x00000000f8300000, 0x0000000100000000, 0x0000000100000000)
  eden space 123904K, 100% used [0x00000000f8300000,0x00000000ffc00000,0x00000000ffc00000)
  from space 2048K, 64% used [0x00000000ffe00000,0x00000000fff48000,0x0000000100000000)
  to   space 2048K, 0% used [0x00000000ffc00000,0x00000000ffc00000,0x00000000ffe00000)
 ParOldGen       total 134144K, used 103769K [0x00000000f0000000, 0x00000000f8300000, 0x00000000f8300000)
  object space 134144K, 77% used [0x00000000f0000000,0x00000000f65566e8,0x00000000f8300000)
 Metaspace       used 53496K, capacity 56910K, committed 57088K, reserved 1099776K
  class space    used 6503K, capacity 7087K, committed 7168K, reserved 1048576K
2023-10-03T08:43:14.663+0800: 2320.461: [GC (Allocation Failure) [PSYoungGen: 125216K->1280K(125952K)] 228985K->105145K(260096K), 0.0086531 secs] [Times: user=0.05 sys=0.00, real=0.00 secs] 
Heap after GC invocations=449 (full 0):
 PSYoungGen      total 125952K, used 1280K [0x00000000f8300000, 0x0000000100000000, 0x0000000100000000)
  eden space 123904K, 0% used [0x00000000f8300000,0x00000000f8300000,0x00000000ffc00000)
  from space 2048K, 62% used [0x00000000ffc00000,0x00000000ffd40000,0x00000000ffe00000)
  to   space 2048K, 0% used [0x00000000ffe00000,0x00000000ffe00000,0x0000000100000000)
 ParOldGen       total 134144K, used 103865K [0x00000000f0000000, 0x00000000f8300000, 0x00000000f8300000)
  object space 134144K, 77% used [0x00000000f0000000,0x00000000f656e6e8,0x00000000f8300000)
 Metaspace       used 53496K, capacity 56910K, committed 57088K, reserved 1099776K
  class space    used 6503K, capacity 7087K, committed 7168K, reserved 1048576K
}
{Heap before GC invocations=450 (full 0):
 PSYoungGen      total 125952K, used 125184K [0x00000000f8300000, 0x0000000100000000, 0x0000000100000000)
  eden space 123904K, 100% used [0x00000000f8300000,0x00000000ffc00000,0x00000000ffc00000)
  from space 2048K, 62% used [0x00000000ffc00000,0x00000000ffd40000,0x00000000ffe00000)
  to   space 2048K, 0% used [0x00000000ffe00000,0x00000000ffe00000,0x0000000100000000)
 ParOldGen       total 134144K, used 103865K [0x00000000f0000000, 0x00000000f8300000, 0x00000000f8300000)
  object space 134144K, 77% used [0x00000000f0000000,0x00000000f656e6e8,0x00000000f8300000)
 Metaspace       used 53496K, capacity 56910K, committed 57088K, reserved 1099776K
  class space    used 6503K, capacity 7087K, committed 7168K, reserved 1048576K
2023-10-03T08:43:18.960+0800: 2324.758: [GC (Allocation Failure) [PSYoungGen: 125184K->1344K(126464K)] 229049K->105249K(260608K), 0.0060441 secs] [Times: user=0.04 sys=0.00, real=0.01 secs] 
Heap after GC invocations=450 (full 0):
 PSYoungGen      total 126464K, used 1344K [0x00000000f8300000, 0x0000000100000000, 0x0000000100000000)
  eden space 124416K, 0% used [0x00000000f8300000,0x00000000f8300000,0x00000000ffc80000)
  from space 2048K, 65% used [0x00000000ffe00000,0x00000000fff50000,0x0000000100000000)
  to   space 1536K, 0% used [0x00000000ffc80000,0x00000000ffc80000,0x00000000ffe00000)
 ParOldGen       total 134144K, used 103905K [0x00000000f0000000, 0x00000000f8300000, 0x00000000f8300000)
  object space 134144K, 77% used [0x00000000f0000000,0x00000000f65786e8,0x00000000f8300000)
 Metaspace       used 53496K, capacity 56910K, committed 57088K, reserved 1099776K
  class space    used 6503K, capacity 7087K, committed 7168K, reserved 1048576K
}
{Heap before GC invocations=451 (full 0):
 PSYoungGen      total 126464K, used 125760K [0x00000000f8300000, 0x0000000100000000, 0x0000000100000000)
  eden space 124416K, 100% used [0x00000000f8300000,0x00000000ffc80000,0x00000000ffc80000)
  from space 2048K, 65% used [0x00000000ffe00000,0x00000000fff50000,0x0000000100000000)
  to   space 1536K, 0% used [0x00000000ffc80000,0x00000000ffc80000,0x00000000ffe00000)
 ParOldGen       total 134144K, used 103905K [0x00000000f0000000, 0x00000000f8300000, 0x00000000f8300000)
  object space 134144K, 77% used [0x00000000f0000000,0x00000000f65786e8,0x00000000f8300000)
 Metaspace       used 53496K, capacity 56910K, committed 57088K, reserved 1099776K
  class space    used 6503K, capacity 7087K, committed 7168K, reserved 1048576K
2023-10-03T08:43:23.039+0800: 2328.837: [GC (Allocation Failure) [PSYoungGen: 125760K->1280K(125952K)] 229665K->105289K(260096K), 0.0087877 secs] [Times: user=0.05 sys=0.00, real=0.01 secs] 
Heap after GC invocations=451 (full 0):
 PSYoungGen      total 125952K, used 1280K [0x00000000f8300000, 0x0000000100000000, 0x0000000100000000)
  eden space 124416K, 0% used [0x00000000f8300000,0x00000000f8300000,0x00000000ffc80000)
  from space 1536K, 83% used [0x00000000ffc80000,0x00000000ffdc0000,0x00000000ffe00000)
  to   space 1536K, 0% used [0x00000000ffe80000,0x00000000ffe80000,0x0000000100000000)
 ParOldGen       total 134144K, used 104009K [0x00000000f0000000, 0x00000000f8300000, 0x00000000f8300000)
  object space 134144K, 77% used [0x00000000f0000000,0x00000000f65926e8,0x00000000f8300000)
 Metaspace       used 53496K, capacity 56910K, committed 57088K, reserved 1099776K
  class space    used 6503K, capacity 7087K, committed 7168K, reserved 1048576K
}
{Heap before GC invocations=452 (full 0):
 PSYoungGen      total 125952K, used 125696K [0x00000000f8300000, 0x0000000100000000, 0x0000000100000000)
  eden space 124416K, 100% used [0x00000000f8300000,0x00000000ffc80000,0x00000000ffc80000)
  from space 1536K, 83% used [0x00000000ffc80000,0x00000000ffdc0000,0x00000000ffe00000)
  to   space 1536K, 0% used [0x00000000ffe80000,0x00000000ffe80000,0x0000000100000000)
 ParOldGen       total 134144K, used 104009K [0x00000000f0000000, 0x00000000f8300000, 0x00000000f8300000)
  object space 134144K, 77% used [0x00000000f0000000,0x00000000f65926e8,0x00000000f8300000)
 Metaspace       used 53496K, capacity 56910K, committed 57088K, reserved 1099776K
  class space    used 6503K, capacity 7087K, committed 7168K, reserved 1048576K
2023-10-03T08:43:27.124+0800: 2332.922: [GC (Allocation Failure) [PSYoungGen: 125696K->1280K(126464K)] 229705K->105337K(260608K), 0.0080860 secs] [Times: user=0.05 sys=0.00, real=0.00 secs] 
Heap after GC invocations=452 (full 0):
 PSYoungGen      total 126464K, used 1280K [0x00000000f8300000, 0x0000000100000000, 0x0000000100000000)
  eden space 124928K, 0% used [0x00000000f8300000,0x00000000f8300000,0x00000000ffd00000)
  from space 1536K, 83% used [0x00000000ffe80000,0x00000000fffc0000,0x0000000100000000)
  to   space 1536K, 0% used [0x00000000ffd00000,0x00000000ffd00000,0x00000000ffe80000)
 ParOldGen       total 134144K, used 104057K [0x00000000f0000000, 0x00000000f8300000, 0x00000000f8300000)
  object space 134144K, 77% used [0x00000000f0000000,0x00000000f659e6e8,0x00000000f8300000)
 Metaspace       used 53496K, capacity 56910K, committed 57088K, reserved 1099776K
  class space    used 6503K, capacity 7087K, committed 7168K, reserved 1048576K
}
{Heap before GC invocations=453 (full 0):
 PSYoungGen      total 126464K, used 126208K [0x00000000f8300000, 0x0000000100000000, 0x0000000100000000)
  eden space 124928K, 100% used [0x00000000f8300000,0x00000000ffd00000,0x00000000ffd00000)
  from space 1536K, 83% used [0x00000000ffe80000,0x00000000fffc0000,0x0000000100000000)
  to   space 1536K, 0% used [0x00000000ffd00000,0x00000000ffd00000,0x00000000ffe80000)
 ParOldGen       total 134144K, used 104057K [0x00000000f0000000, 0x00000000f8300000, 0x00000000f8300000)
  object space 134144K, 77% used [0x00000000f0000000,0x00000000f659e6e8,0x00000000f8300000)
 Metaspace       used 53496K, capacity 56910K, committed 57088K, reserved 1099776K
  class space    used 6503K, capacity 7087K, committed 7168K, reserved 1048576K
2023-10-03T08:43:31.237+0800: 2337.035: [GC (Allocation Failure) [PSYoungGen: 126208K->1344K(126464K)] 230265K->105497K(260608K), 0.0083947 secs] [Times: user=0.05 sys=0.00, real=0.01 secs] 
Heap after GC invocations=453 (full 0):
 PSYoungGen      total 126464K, used 1344K [0x00000000f8300000, 0x0000000100000000, 0x0000000100000000)
  eden space 124928K, 0% used [0x00000000f8300000,0x00000000f8300000,0x00000000ffd00000)
  from space 1536K, 87% used [0x00000000ffd00000,0x00000000ffe50000,0x00000000ffe80000)
  to   space 1536K, 0% used [0x00000000ffe80000,0x00000000ffe80000,0x0000000100000000)
 ParOldGen       total 134144K, used 104153K [0x00000000f0000000, 0x00000000f8300000, 0x00000000f8300000)
  object space 134144K, 77% used [0x00000000f0000000,0x00000000f65b66e8,0x00000000f8300000)
 Metaspace       used 53496K, capacity 56910K, committed 57088K, reserved 1099776K
  class space    used 6503K, capacity 7087K, committed 7168K, reserved 1048576K
}
{Heap before GC invocations=454 (full 0):
 PSYoungGen      total 126464K, used 126272K [0x00000000f8300000, 0x0000000100000000, 0x0000000100000000)
  eden space 124928K, 100% used [0x00000000f8300000,0x00000000ffd00000,0x00000000ffd00000)
  from space 1536K, 87% used [0x00000000ffd00000,0x00000000ffe50000,0x00000000ffe80000)
  to   space 1536K, 0% used [0x00000000ffe80000,0x00000000ffe80000,0x0000000100000000)
 ParOldGen       total 134144K, used 104153K [0x00000000f0000000, 0x00000000f8300000, 0x00000000f8300000)
  object space 134144K, 77% used [0x00000000f0000000,0x00000000f65b66e8,0x00000000f8300000)
 Metaspace       used 53496K, capacity 56910K, committed 57088K, reserved 1099776K
  class space    used 6503K, capacity 7087K, committed 7168K, reserved 1048576K
2023-10-03T08:43:35.344+0800: 2341.142: [GC (Allocation Failure) [PSYoungGen: 126272K->1312K(126464K)] 230425K->105545K(260608K), 0.0085303 secs] [Times: user=0.05 sys=0.00, real=0.01 secs] 
Heap after GC invocations=454 (full 0):
 PSYoungGen      total 126464K, used 1312K [0x00000000f8300000, 0x0000000100000000, 0x0000000100000000)
  eden space 124928K, 0% used [0x00000000f8300000,0x00000000f8300000,0x00000000ffd00000)
  from space 1536K, 85% used [0x00000000ffe80000,0x00000000fffc8000,0x0000000100000000)
  to   space 1536K, 0% used [0x00000000ffd00000,0x00000000ffd00000,0x00000000ffe80000)
 ParOldGen       total 134144K, used 104233K [0x00000000f0000000, 0x00000000f8300000, 0x00000000f8300000)
  object space 134144K, 77% used [0x00000000f0000000,0x00000000f65ca6e8,0x00000000f8300000)
 Metaspace       used 53496K, capacity 56910K, committed 57088K, reserved 1099776K
  class space    used 6503K, capacity 7087K, committed 7168K, reserved 1048576K
}
{Heap before GC invocations=455 (full 0):
 PSYoungGen      total 126464K, used 126240K [0x00000000f8300000, 0x0000000100000000, 0x0000000100000000)
  eden space 124928K, 100% used [0x00000000f8300000,0x00000000ffd00000,0x00000000ffd00000)
  from space 1536K, 85% used [0x00000000ffe80000,0x00000000fffc8000,0x0000000100000000)
  to   space 1536K, 0% used [0x00000000ffd00000,0x00000000ffd00000,0x00000000ffe80000)
 ParOldGen       total 134144K, used 104233K [0x00000000f0000000, 0x00000000f8300000, 0x00000000f8300000)
  object space 134144K, 77% used [0x00000000f0000000,0x00000000f65ca6e8,0x00000000f8300000)
 Metaspace       used 53496K, capacity 56910K, committed 57088K, reserved 1099776K
  class space    used 6503K, capacity 7087K, committed 7168K, reserved 1048576K
2023-10-03T08:43:39.659+0800: 2345.457: [GC (Allocation Failure) [PSYoungGen: 126240K->1376K(126464K)] 230473K->105689K(260608K), 0.0084679 secs] [Times: user=0.05 sys=0.00, real=0.01 secs] 
Heap after GC invocations=455 (full 0):
 PSYoungGen      total 126464K, used 1376K [0x00000000f8300000, 0x0000000100000000, 0x0000000100000000)
  eden space 124928K, 0% used [0x00000000f8300000,0x00000000f8300000,0x00000000ffd00000)
  from space 1536K, 89% used [0x00000000ffd00000,0x00000000ffe58000,0x00000000ffe80000)
  to   space 1536K, 0% used [0x00000000ffe80000,0x00000000ffe80000,0x0000000100000000)
 ParOldGen       total 134144K, used 104313K [0x00000000f0000000, 0x00000000f8300000, 0x00000000f8300000)
  object space 134144K, 77% used [0x00000000f0000000,0x00000000f65de6e8,0x00000000f8300000)
 Metaspace       used 53496K, capacity 56910K, committed 57088K, reserved 1099776K
  class space    used 6503K, capacity 7087K, committed 7168K, reserved 1048576K
}
{Heap before GC invocations=456 (full 0):
 PSYoungGen      total 126464K, used 126304K [0x00000000f8300000, 0x0000000100000000, 0x0000000100000000)
  eden space 124928K, 100% used [0x00000000f8300000,0x00000000ffd00000,0x00000000ffd00000)
  from space 1536K, 89% used [0x00000000ffd00000,0x00000000ffe58000,0x00000000ffe80000)
  to   space 1536K, 0% used [0x00000000ffe80000,0x00000000ffe80000,0x0000000100000000)
 ParOldGen       total 134144K, used 104313K [0x00000000f0000000, 0x00000000f8300000, 0x00000000f8300000)
  object space 134144K, 77% used [0x00000000f0000000,0x00000000f65de6e8,0x00000000f8300000)
 Metaspace       used 53496K, capacity 56910K, committed 57088K, reserved 1099776K
  class space    used 6503K, capacity 7087K, committed 7168K, reserved 1048576K
2023-10-03T08:43:43.752+0800: 2349.550: [GC (Allocation Failure) [PSYoungGen: 126304K->1280K(126464K)] 230617K->105689K(260608K), 0.0079992 secs] [Times: user=0.05 sys=0.01, real=0.01 secs] 
Heap after GC invocations=456 (full 0):
 PSYoungGen      total 126464K, used 1280K [0x00000000f8300000, 0x0000000100000000, 0x0000000100000000)
  eden space 124928K, 0% used [0x00000000f8300000,0x00000000f8300000,0x00000000ffd00000)
  from space 1536K, 83% used [0x00000000ffe80000,0x00000000fffc0000,0x0000000100000000)
  to   space 1536K, 0% used [0x00000000ffd00000,0x00000000ffd00000,0x00000000ffe80000)
 ParOldGen       total 134144K, used 104409K [0x00000000f0000000, 0x00000000f8300000, 0x00000000f8300000)
  object space 134144K, 77% used [0x00000000f0000000,0x00000000f65f66e8,0x00000000f8300000)
 Metaspace       used 53496K, capacity 56910K, committed 57088K, reserved 1099776K
  class space    used 6503K, capacity 7087K, committed 7168K, reserved 1048576K
}
{Heap before GC invocations=457 (full 0):
 PSYoungGen      total 126464K, used 126208K [0x00000000f8300000, 0x0000000100000000, 0x0000000100000000)
  eden space 124928K, 100% used [0x00000000f8300000,0x00000000ffd00000,0x00000000ffd00000)
  from space 1536K, 83% used [0x00000000ffe80000,0x00000000fffc0000,0x0000000100000000)
  to   space 1536K, 0% used [0x00000000ffd00000,0x00000000ffd00000,0x00000000ffe80000)
 ParOldGen       total 134144K, used 104409K [0x00000000f0000000, 0x00000000f8300000, 0x00000000f8300000)
  object space 134144K, 77% used [0x00000000f0000000,0x00000000f65f66e8,0x00000000f8300000)
 Metaspace       used 53496K, capacity 56910K, committed 57088K, reserved 1099776K
  class space    used 6503K, capacity 7087K, committed 7168K, reserved 1048576K
2023-10-03T08:43:47.833+0800: 2353.631: [GC (Allocation Failure) [PSYoungGen: 126208K->1280K(126464K)] 230617K->105769K(260608K), 0.0088517 secs] [Times: user=0.03 sys=0.02, real=0.00 secs] 
Heap after GC invocations=457 (full 0):
 PSYoungGen      total 126464K, used 1280K [0x00000000f8300000, 0x0000000100000000, 0x0000000100000000)
  eden space 124928K, 0% used [0x00000000f8300000,0x00000000f8300000,0x00000000ffd00000)
  from space 1536K, 83% used [0x00000000ffd00000,0x00000000ffe40000,0x00000000ffe80000)
  to   space 1536K, 0% used [0x00000000ffe80000,0x00000000ffe80000,0x0000000100000000)
 ParOldGen       total 134144K, used 104489K [0x00000000f0000000, 0x00000000f8300000, 0x00000000f8300000)
  object space 134144K, 77% used [0x00000000f0000000,0x00000000f660a6e8,0x00000000f8300000)
 Metaspace       used 53496K, capacity 56910K, committed 57088K, reserved 1099776K
  class space    used 6503K, capacity 7087K, committed 7168K, reserved 1048576K
}
{Heap before GC invocations=458 (full 0):
 PSYoungGen      total 126464K, used 126208K [0x00000000f8300000, 0x0000000100000000, 0x0000000100000000)
  eden space 124928K, 100% used [0x00000000f8300000,0x00000000ffd00000,0x00000000ffd00000)
  from space 1536K, 83% used [0x00000000ffd00000,0x00000000ffe40000,0x00000000ffe80000)
  to   space 1536K, 0% used [0x00000000ffe80000,0x00000000ffe80000,0x0000000100000000)
 ParOldGen       total 134144K, used 104489K [0x00000000f0000000, 0x00000000f8300000, 0x00000000f8300000)
  object space 134144K, 77% used [0x00000000f0000000,0x00000000f660a6e8,0x00000000f8300000)
 Metaspace       used 53496K, capacity 56910K, committed 57088K, reserved 1099776K
  class space    used 6503K, capacity 7087K, committed 7168K, reserved 1048576K
2023-10-03T08:43:51.972+0800: 2357.770: [GC (Allocation Failure) [PSYoungGen: 126208K->1280K(126464K)] 230697K->105849K(260608K), 0.0086755 secs] [Times: user=0.06 sys=0.00, real=0.01 secs] 
Heap after GC invocations=458 (full 0):
 PSYoungGen      total 126464K, used 1280K [0x00000000f8300000, 0x0000000100000000, 0x0000000100000000)
  eden space 124928K, 0% used [0x00000000f8300000,0x00000000f8300000,0x00000000ffd00000)
  from space 1536K, 83% used [0x00000000ffe80000,0x00000000fffc0000,0x0000000100000000)
  to   space 1536K, 0% used [0x00000000ffd00000,0x00000000ffd00000,0x00000000ffe80000)
 ParOldGen       total 134144K, used 104569K [0x00000000f0000000, 0x00000000f8300000, 0x00000000f8300000)
  object space 134144K, 77% used [0x00000000f0000000,0x00000000f661e6e8,0x00000000f8300000)
 Metaspace       used 53496K, capacity 56910K, committed 57088K, reserved 1099776K
  class space    used 6503K, capacity 7087K, committed 7168K, reserved 1048576K
}
{Heap before GC invocations=459 (full 0):
 PSYoungGen      total 126464K, used 126208K [0x00000000f8300000, 0x0000000100000000, 0x0000000100000000)
  eden space 124928K, 100% used [0x00000000f8300000,0x00000000ffd00000,0x00000000ffd00000)
  from space 1536K, 83% used [0x00000000ffe80000,0x00000000fffc0000,0x0000000100000000)
  to   space 1536K, 0% used [0x00000000ffd00000,0x00000000ffd00000,0x00000000ffe80000)
 ParOldGen       total 134144K, used 104569K [0x00000000f0000000, 0x00000000f8300000, 0x00000000f8300000)
  object space 134144K, 77% used [0x00000000f0000000,0x00000000f661e6e8,0x00000000f8300000)
 Metaspace       used 53496K, capacity 56910K, committed 57088K, reserved 1099776K
  class space    used 6503K, capacity 7087K, committed 7168K, reserved 1048576K
2023-10-03T08:43:56.300+0800: 2362.098: [GC (Allocation Failure) [PSYoungGen: 126208K->1312K(126464K)] 230777K->105945K(260608K), 0.0061227 secs] [Times: user=0.05 sys=0.00, real=0.01 secs] 
Heap after GC invocations=459 (full 0):
 PSYoungGen      total 126464K, used 1312K [0x00000000f8300000, 0x0000000100000000, 0x0000000100000000)
  eden space 124928K, 0% used [0x00000000f8300000,0x00000000f8300000,0x00000000ffd00000)
  from space 1536K, 85% used [0x00000000ffd00000,0x00000000ffe48000,0x00000000ffe80000)
  to   space 1536K, 0% used [0x00000000ffe80000,0x00000000ffe80000,0x0000000100000000)
 ParOldGen       total 134144K, used 104633K [0x00000000f0000000, 0x00000000f8300000, 0x00000000f8300000)
  object space 134144K, 78% used [0x00000000f0000000,0x00000000f662e6e8,0x00000000f8300000)
 Metaspace       used 53496K, capacity 56910K, committed 57088K, reserved 1099776K
  class space    used 6503K, capacity 7087K, committed 7168K, reserved 1048576K
}
{Heap before GC invocations=460 (full 0):
 PSYoungGen      total 126464K, used 126240K [0x00000000f8300000, 0x0000000100000000, 0x0000000100000000)
  eden space 124928K, 100% used [0x00000000f8300000,0x00000000ffd00000,0x00000000ffd00000)
  from space 1536K, 85% used [0x00000000ffd00000,0x00000000ffe48000,0x00000000ffe80000)
  to   space 1536K, 0% used [0x00000000ffe80000,0x00000000ffe80000,0x0000000100000000)
 ParOldGen       total 134144K, used 104633K [0x00000000f0000000, 0x00000000f8300000, 0x00000000f8300000)
  object space 134144K, 78% used [0x00000000f0000000,0x00000000f662e6e8,0x00000000f8300000)
 Metaspace       used 53496K, capacity 56910K, committed 57088K, reserved 1099776K
  class space    used 6503K, capacity 7087K, committed 7168K, reserved 1048576K
2023-10-03T08:44:00.372+0800: 2366.170: [GC (Allocation Failure) [PSYoungGen: 126240K->1312K(126464K)] 230873K->106025K(260608K), 0.0085124 secs] [Times: user=0.05 sys=0.01, real=0.00 secs] 
Heap after GC invocations=460 (full 0):
 PSYoungGen      total 126464K, used 1312K [0x00000000f8300000, 0x0000000100000000, 0x0000000100000000)
  eden space 124928K, 0% used [0x00000000f8300000,0x00000000f8300000,0x00000000ffd00000)
  from space 1536K, 85% used [0x00000000ffe80000,0x00000000fffc8000,0x0000000100000000)
  to   space 1536K, 0% used [0x00000000ffd00000,0x00000000ffd00000,0x00000000ffe80000)
 ParOldGen       total 134144K, used 104713K [0x00000000f0000000, 0x00000000f8300000, 0x00000000f8300000)
  object space 134144K, 78% used [0x00000000f0000000,0x00000000f66426e8,0x00000000f8300000)
 Metaspace       used 53496K, capacity 56910K, committed 57088K, reserved 1099776K
  class space    used 6503K, capacity 7087K, committed 7168K, reserved 1048576K
}
{Heap before GC invocations=461 (full 0):
 PSYoungGen      total 126464K, used 126240K [0x00000000f8300000, 0x0000000100000000, 0x0000000100000000)
  eden space 124928K, 100% used [0x00000000f8300000,0x00000000ffd00000,0x00000000ffd00000)
  from space 1536K, 85% used [0x00000000ffe80000,0x00000000fffc8000,0x0000000100000000)
  to   space 1536K, 0% used [0x00000000ffd00000,0x00000000ffd00000,0x00000000ffe80000)
 ParOldGen       total 134144K, used 104713K [0x00000000f0000000, 0x00000000f8300000, 0x00000000f8300000)
  object space 134144K, 78% used [0x00000000f0000000,0x00000000f66426e8,0x00000000f8300000)
 Metaspace       used 53496K, capacity 56910K, committed 57088K, reserved 1099776K
  class space    used 6503K, capacity 7087K, committed 7168K, reserved 1048576K
2023-10-03T08:44:04.477+0800: 2370.275: [GC (Allocation Failure) [PSYoungGen: 126240K->1312K(126464K)] 230953K->106113K(260608K), 0.0086013 secs] [Times: user=0.05 sys=0.01, real=0.01 secs] 
Heap after GC invocations=461 (full 0):
 PSYoungGen      total 126464K, used 1312K [0x00000000f8300000, 0x0000000100000000, 0x0000000100000000)
  eden space 124928K, 0% used [0x00000000f8300000,0x00000000f8300000,0x00000000ffd00000)
  from space 1536K, 85% used [0x00000000ffd00000,0x00000000ffe48000,0x00000000ffe80000)
  to   space 1536K, 0% used [0x00000000ffe80000,0x00000000ffe80000,0x0000000100000000)
 ParOldGen       total 134144K, used 104801K [0x00000000f0000000, 0x00000000f8300000, 0x00000000f8300000)
  object space 134144K, 78% used [0x00000000f0000000,0x00000000f66586e8,0x00000000f8300000)
 Metaspace       used 53496K, capacity 56910K, committed 57088K, reserved 1099776K
  class space    used 6503K, capacity 7087K, committed 7168K, reserved 1048576K
}
{Heap before GC invocations=462 (full 0):
 PSYoungGen      total 126464K, used 126240K [0x00000000f8300000, 0x0000000100000000, 0x0000000100000000)
  eden space 124928K, 100% used [0x00000000f8300000,0x00000000ffd00000,0x00000000ffd00000)
  from space 1536K, 85% used [0x00000000ffd00000,0x00000000ffe48000,0x00000000ffe80000)
  to   space 1536K, 0% used [0x00000000ffe80000,0x00000000ffe80000,0x0000000100000000)
 ParOldGen       total 134144K, used 104801K [0x00000000f0000000, 0x00000000f8300000, 0x00000000f8300000)
  object space 134144K, 78% used [0x00000000f0000000,0x00000000f66586e8,0x00000000f8300000)
 Metaspace       used 53496K, capacity 56910K, committed 57088K, reserved 1099776K
  class space    used 6503K, capacity 7087K, committed 7168K, reserved 1048576K
2023-10-03T08:44:08.601+0800: 2374.399: [GC (Allocation Failure) [PSYoungGen: 126240K->1280K(126464K)] 231041K->106153K(260608K), 0.0085541 secs] [Times: user=0.05 sys=0.00, real=0.01 secs] 
Heap after GC invocations=462 (full 0):
 PSYoungGen      total 126464K, used 1280K [0x00000000f8300000, 0x0000000100000000, 0x0000000100000000)
  eden space 124928K, 0% used [0x00000000f8300000,0x00000000f8300000,0x00000000ffd00000)
  from space 1536K, 83% used [0x00000000ffe80000,0x00000000fffc0000,0x0000000100000000)
  to   space 1536K, 0% used [0x00000000ffd00000,0x00000000ffd00000,0x00000000ffe80000)
 ParOldGen       total 134144K, used 104873K [0x00000000f0000000, 0x00000000f8300000, 0x00000000f8300000)
  object space 134144K, 78% used [0x00000000f0000000,0x00000000f666a6e8,0x00000000f8300000)
 Metaspace       used 53496K, capacity 56910K, committed 57088K, reserved 1099776K
  class space    used 6503K, capacity 7087K, committed 7168K, reserved 1048576K
}
{Heap before GC invocations=463 (full 0):
 PSYoungGen      total 126464K, used 126208K [0x00000000f8300000, 0x0000000100000000, 0x0000000100000000)
  eden space 124928K, 100% used [0x00000000f8300000,0x00000000ffd00000,0x00000000ffd00000)
  from space 1536K, 83% used [0x00000000ffe80000,0x00000000fffc0000,0x0000000100000000)
  to   space 1536K, 0% used [0x00000000ffd00000,0x00000000ffd00000,0x00000000ffe80000)
 ParOldGen       total 134144K, used 104873K [0x00000000f0000000, 0x00000000f8300000, 0x00000000f8300000)
  object space 134144K, 78% used [0x00000000f0000000,0x00000000f666a6e8,0x00000000f8300000)
 Metaspace       used 53496K, capacity 56910K, committed 57088K, reserved 1099776K
  class space    used 6503K, capacity 7087K, committed 7168K, reserved 1048576K
2023-10-03T08:44:12.955+0800: 2378.753: [GC (Allocation Failure) [PSYoungGen: 126208K->1248K(126464K)] 231081K->106225K(260608K), 0.0046985 secs] [Times: user=0.04 sys=0.00, real=0.00 secs] 
Heap after GC invocations=463 (full 0):
 PSYoungGen      total 126464K, used 1248K [0x00000000f8300000, 0x0000000100000000, 0x0000000100000000)
  eden space 124928K, 0% used [0x00000000f8300000,0x00000000f8300000,0x00000000ffd00000)
  from space 1536K, 81% used [0x00000000ffd00000,0x00000000ffe38000,0x00000000ffe80000)
  to   space 1536K, 0% used [0x00000000ffe80000,0x00000000ffe80000,0x0000000100000000)
 ParOldGen       total 134144K, used 104977K [0x00000000f0000000, 0x00000000f8300000, 0x00000000f8300000)
  object space 134144K, 78% used [0x00000000f0000000,0x00000000f66846e8,0x00000000f8300000)
 Metaspace       used 53496K, capacity 56910K, committed 57088K, reserved 1099776K
  class space    used 6503K, capacity 7087K, committed 7168K, reserved 1048576K
}
{Heap before GC invocations=464 (full 0):
 PSYoungGen      total 126464K, used 126176K [0x00000000f8300000, 0x0000000100000000, 0x0000000100000000)
  eden space 124928K, 100% used [0x00000000f8300000,0x00000000ffd00000,0x00000000ffd00000)
  from space 1536K, 81% used [0x00000000ffd00000,0x00000000ffe38000,0x00000000ffe80000)
  to   space 1536K, 0% used [0x00000000ffe80000,0x00000000ffe80000,0x0000000100000000)
 ParOldGen       total 134144K, used 104977K [0x00000000f0000000, 0x00000000f8300000, 0x00000000f8300000)
  object space 134144K, 78% used [0x00000000f0000000,0x00000000f66846e8,0x00000000f8300000)
 Metaspace       used 53496K, capacity 56910K, committed 57088K, reserved 1099776K
  class space    used 6503K, capacity 7087K, committed 7168K, reserved 1048576K
2023-10-03T08:44:17.021+0800: 2382.819: [GC (Allocation Failure) [PSYoungGen: 126176K->1312K(126464K)] 231153K->106353K(260608K), 0.0036396 secs] [Times: user=0.02 sys=0.00, real=0.01 secs] 
Heap after GC invocations=464 (full 0):
 PSYoungGen      total 126464K, used 1312K [0x00000000f8300000, 0x0000000100000000, 0x0000000100000000)
  eden space 124928K, 0% used [0x00000000f8300000,0x00000000f8300000,0x00000000ffd00000)
  from space 1536K, 85% used [0x00000000ffe80000,0x00000000fffc8000,0x0000000100000000)
  to   space 1536K, 0% used [0x00000000ffd00000,0x00000000ffd00000,0x00000000ffe80000)
 ParOldGen       total 134144K, used 105041K [0x00000000f0000000, 0x00000000f8300000, 0x00000000f8300000)
  object space 134144K, 78% used [0x00000000f0000000,0x00000000f66946e8,0x00000000f8300000)
 Metaspace       used 53496K, capacity 56910K, committed 57088K, reserved 1099776K
  class space    used 6503K, capacity 7087K, committed 7168K, reserved 1048576K
}
{Heap before GC invocations=465 (full 0):
 PSYoungGen      total 126464K, used 126240K [0x00000000f8300000, 0x0000000100000000, 0x0000000100000000)
  eden space 124928K, 100% used [0x00000000f8300000,0x00000000ffd00000,0x00000000ffd00000)
  from space 1536K, 85% used [0x00000000ffe80000,0x00000000fffc8000,0x0000000100000000)
  to   space 1536K, 0% used [0x00000000ffd00000,0x00000000ffd00000,0x00000000ffe80000)
 ParOldGen       total 134144K, used 105041K [0x00000000f0000000, 0x00000000f8300000, 0x00000000f8300000)
  object space 134144K, 78% used [0x00000000f0000000,0x00000000f66946e8,0x00000000f8300000)
 Metaspace       used 53496K, capacity 56910K, committed 57088K, reserved 1099776K
  class space    used 6503K, capacity 7087K, committed 7168K, reserved 1048576K
2023-10-03T08:44:21.112+0800: 2386.910: [GC (Allocation Failure) [PSYoungGen: 126240K->1280K(126464K)] 231281K->106409K(260608K), 0.0087499 secs] [Times: user=0.05 sys=0.01, real=0.00 secs] 
Heap after GC invocations=465 (full 0):
 PSYoungGen      total 126464K, used 1280K [0x00000000f8300000, 0x0000000100000000, 0x0000000100000000)
  eden space 124928K, 0% used [0x00000000f8300000,0x00000000f8300000,0x00000000ffd00000)
  from space 1536K, 83% used [0x00000000ffd00000,0x00000000ffe40000,0x00000000ffe80000)
  to   space 1536K, 0% used [0x00000000ffe80000,0x00000000ffe80000,0x0000000100000000)
 ParOldGen       total 134144K, used 105129K [0x00000000f0000000, 0x00000000f8300000, 0x00000000f8300000)
  object space 134144K, 78% used [0x00000000f0000000,0x00000000f66aa6e8,0x00000000f8300000)
 Metaspace       used 53496K, capacity 56910K, committed 57088K, reserved 1099776K
  class space    used 6503K, capacity 7087K, committed 7168K, reserved 1048576K
}
{Heap before GC invocations=466 (full 0):
 PSYoungGen      total 126464K, used 126208K [0x00000000f8300000, 0x0000000100000000, 0x0000000100000000)
  eden space 124928K, 100% used [0x00000000f8300000,0x00000000ffd00000,0x00000000ffd00000)
  from space 1536K, 83% used [0x00000000ffd00000,0x00000000ffe40000,0x00000000ffe80000)
  to   space 1536K, 0% used [0x00000000ffe80000,0x00000000ffe80000,0x0000000100000000)
 ParOldGen       total 134144K, used 105129K [0x00000000f0000000, 0x00000000f8300000, 0x00000000f8300000)
  object space 134144K, 78% used [0x00000000f0000000,0x00000000f66aa6e8,0x00000000f8300000)
 Metaspace       used 53496K, capacity 56910K, committed 57088K, reserved 1099776K
  class space    used 6503K, capacity 7087K, committed 7168K, reserved 1048576K
2023-10-03T08:44:25.194+0800: 2390.992: [GC (Allocation Failure) [PSYoungGen: 126208K->1312K(126464K)] 231337K->106497K(260608K), 0.0086013 secs] [Times: user=0.05 sys=0.00, real=0.01 secs] 
Heap after GC invocations=466 (full 0):
 PSYoungGen      total 126464K, used 1312K [0x00000000f8300000, 0x0000000100000000, 0x0000000100000000)
  eden space 124928K, 0% used [0x00000000f8300000,0x00000000f8300000,0x00000000ffd00000)
  from space 1536K, 85% used [0x00000000ffe80000,0x00000000fffc8000,0x0000000100000000)
  to   space 1536K, 0% used [0x00000000ffd00000,0x00000000ffd00000,0x00000000ffe80000)
 ParOldGen       total 134144K, used 105185K [0x00000000f0000000, 0x00000000f8300000, 0x00000000f8300000)
  object space 134144K, 78% used [0x00000000f0000000,0x00000000f66b86e8,0x00000000f8300000)
 Metaspace       used 53496K, capacity 56910K, committed 57088K, reserved 1099776K
  class space    used 6503K, capacity 7087K, committed 7168K, reserved 1048576K
}
{Heap before GC invocations=467 (full 0):
 PSYoungGen      total 126464K, used 126240K [0x00000000f8300000, 0x0000000100000000, 0x0000000100000000)
  eden space 124928K, 100% used [0x00000000f8300000,0x00000000ffd00000,0x00000000ffd00000)
  from space 1536K, 85% used [0x00000000ffe80000,0x00000000fffc8000,0x0000000100000000)
  to   space 1536K, 0% used [0x00000000ffd00000,0x00000000ffd00000,0x00000000ffe80000)
 ParOldGen       total 134144K, used 105185K [0x00000000f0000000, 0x00000000f8300000, 0x00000000f8300000)
  object space 134144K, 78% used [0x00000000f0000000,0x00000000f66b86e8,0x00000000f8300000)
 Metaspace       used 53496K, capacity 56910K, committed 57088K, reserved 1099776K
  class space    used 6503K, capacity 7087K, committed 7168K, reserved 1048576K
2023-10-03T08:44:29.333+0800: 2395.131: [GC (Allocation Failure) [PSYoungGen: 126240K->1280K(126464K)] 231425K->106553K(260608K), 0.0082515 secs] [Times: user=0.05 sys=0.00, real=0.00 secs] 
Heap after GC invocations=467 (full 0):
 PSYoungGen      total 126464K, used 1280K [0x00000000f8300000, 0x0000000100000000, 0x0000000100000000)
  eden space 124928K, 0% used [0x00000000f8300000,0x00000000f8300000,0x00000000ffd00000)
  from space 1536K, 83% used [0x00000000ffd00000,0x00000000ffe40000,0x00000000ffe80000)
  to   space 1536K, 0% used [0x00000000ffe80000,0x00000000ffe80000,0x0000000100000000)
 ParOldGen       total 134144K, used 105273K [0x00000000f0000000, 0x00000000f8300000, 0x00000000f8300000)
  object space 134144K, 78% used [0x00000000f0000000,0x00000000f66ce6e8,0x00000000f8300000)
 Metaspace       used 53496K, capacity 56910K, committed 57088K, reserved 1099776K
  class space    used 6503K, capacity 7087K, committed 7168K, reserved 1048576K
}
{Heap before GC invocations=468 (full 0):
 PSYoungGen      total 126464K, used 126208K [0x00000000f8300000, 0x0000000100000000, 0x0000000100000000)
  eden space 124928K, 100% used [0x00000000f8300000,0x00000000ffd00000,0x00000000ffd00000)
  from space 1536K, 83% used [0x00000000ffd00000,0x00000000ffe40000,0x00000000ffe80000)
  to   space 1536K, 0% used [0x00000000ffe80000,0x00000000ffe80000,0x0000000100000000)
 ParOldGen       total 134144K, used 105273K [0x00000000f0000000, 0x00000000f8300000, 0x00000000f8300000)
  object space 134144K, 78% used [0x00000000f0000000,0x00000000f66ce6e8,0x00000000f8300000)
 Metaspace       used 53496K, capacity 56910K, committed 57088K, reserved 1099776K
  class space    used 6503K, capacity 7087K, committed 7168K, reserved 1048576K
2023-10-03T08:44:33.663+0800: 2399.461: [GC (Allocation Failure) [PSYoungGen: 126208K->1312K(126464K)] 231481K->106665K(260608K), 0.0066237 secs] [Times: user=0.04 sys=0.01, real=0.00 secs] 
Heap after GC invocations=468 (full 0):
 PSYoungGen      total 126464K, used 1312K [0x00000000f8300000, 0x0000000100000000, 0x0000000100000000)
  eden space 124928K, 0% used [0x00000000f8300000,0x00000000f8300000,0x00000000ffd00000)
  from space 1536K, 85% used [0x00000000ffe80000,0x00000000fffc8000,0x0000000100000000)
  to   space 1536K, 0% used [0x00000000ffd00000,0x00000000ffd00000,0x00000000ffe80000)
 ParOldGen       total 134144K, used 105353K [0x00000000f0000000, 0x00000000f8300000, 0x00000000f8300000)
  object space 134144K, 78% used [0x00000000f0000000,0x00000000f66e26e8,0x00000000f8300000)
 Metaspace       used 53496K, capacity 56910K, committed 57088K, reserved 1099776K
  class space    used 6503K, capacity 7087K, committed 7168K, reserved 1048576K
}
{Heap before GC invocations=469 (full 0):
 PSYoungGen      total 126464K, used 126240K [0x00000000f8300000, 0x0000000100000000, 0x0000000100000000)
  eden space 124928K, 100% used [0x00000000f8300000,0x00000000ffd00000,0x00000000ffd00000)
  from space 1536K, 85% used [0x00000000ffe80000,0x00000000fffc8000,0x0000000100000000)
  to   space 1536K, 0% used [0x00000000ffd00000,0x00000000ffd00000,0x00000000ffe80000)
 ParOldGen       total 134144K, used 105353K [0x00000000f0000000, 0x00000000f8300000, 0x00000000f8300000)
  object space 134144K, 78% used [0x00000000f0000000,0x00000000f66e26e8,0x00000000f8300000)
 Metaspace       used 53496K, capacity 56910K, committed 57088K, reserved 1099776K
  class space    used 6503K, capacity 7087K, committed 7168K, reserved 1048576K
2023-10-03T08:44:37.731+0800: 2403.529: [GC (Allocation Failure) [PSYoungGen: 126240K->1280K(126464K)] 231593K->106729K(260608K), 0.0087700 secs] [Times: user=0.06 sys=0.00, real=0.01 secs] 
Heap after GC invocations=469 (full 0):
 PSYoungGen      total 126464K, used 1280K [0x00000000f8300000, 0x0000000100000000, 0x0000000100000000)
  eden space 124928K, 0% used [0x00000000f8300000,0x00000000f8300000,0x00000000ffd00000)
  from space 1536K, 83% used [0x00000000ffd00000,0x00000000ffe40000,0x00000000ffe80000)
  to   space 1536K, 0% used [0x00000000ffe80000,0x00000000ffe80000,0x0000000100000000)
 ParOldGen       total 134144K, used 105449K [0x00000000f0000000, 0x00000000f8300000, 0x00000000f8300000)
  object space 134144K, 78% used [0x00000000f0000000,0x00000000f66fa6e8,0x00000000f8300000)
 Metaspace       used 53496K, capacity 56910K, committed 57088K, reserved 1099776K
  class space    used 6503K, capacity 7087K, committed 7168K, reserved 1048576K
}
{Heap before GC invocations=470 (full 0):
 PSYoungGen      total 126464K, used 126208K [0x00000000f8300000, 0x0000000100000000, 0x0000000100000000)
  eden space 124928K, 100% used [0x00000000f8300000,0x00000000ffd00000,0x00000000ffd00000)
  from space 1536K, 83% used [0x00000000ffd00000,0x00000000ffe40000,0x00000000ffe80000)
  to   space 1536K, 0% used [0x00000000ffe80000,0x00000000ffe80000,0x0000000100000000)
 ParOldGen       total 134144K, used 105449K [0x00000000f0000000, 0x00000000f8300000, 0x00000000f8300000)
  object space 134144K, 78% used [0x00000000f0000000,0x00000000f66fa6e8,0x00000000f8300000)
 Metaspace       used 53496K, capacity 56910K, committed 57088K, reserved 1099776K
  class space    used 6503K, capacity 7087K, committed 7168K, reserved 1048576K
2023-10-03T08:44:41.836+0800: 2407.634: [GC (Allocation Failure) [PSYoungGen: 126208K->1312K(126464K)] 231657K->106817K(260608K), 0.0084940 secs] [Times: user=0.05 sys=0.01, real=0.01 secs] 
Heap after GC invocations=470 (full 0):
 PSYoungGen      total 126464K, used 1312K [0x00000000f8300000, 0x0000000100000000, 0x0000000100000000)
  eden space 124928K, 0% used [0x00000000f8300000,0x00000000f8300000,0x00000000ffd00000)
  from space 1536K, 85% used [0x00000000ffe80000,0x00000000fffc8000,0x0000000100000000)
  to   space 1536K, 0% used [0x00000000ffd00000,0x00000000ffd00000,0x00000000ffe80000)
 ParOldGen       total 134144K, used 105505K [0x00000000f0000000, 0x00000000f8300000, 0x00000000f8300000)
  object space 134144K, 78% used [0x00000000f0000000,0x00000000f67086e8,0x00000000f8300000)
 Metaspace       used 53496K, capacity 56910K, committed 57088K, reserved 1099776K
  class space    used 6503K, capacity 7087K, committed 7168K, reserved 1048576K
}
{Heap before GC invocations=471 (full 0):
 PSYoungGen      total 126464K, used 126240K [0x00000000f8300000, 0x0000000100000000, 0x0000000100000000)
  eden space 124928K, 100% used [0x00000000f8300000,0x00000000ffd00000,0x00000000ffd00000)
  from space 1536K, 85% used [0x00000000ffe80000,0x00000000fffc8000,0x0000000100000000)
  to   space 1536K, 0% used [0x00000000ffd00000,0x00000000ffd00000,0x00000000ffe80000)
 ParOldGen       total 134144K, used 105505K [0x00000000f0000000, 0x00000000f8300000, 0x00000000f8300000)
  object space 134144K, 78% used [0x00000000f0000000,0x00000000f67086e8,0x00000000f8300000)
 Metaspace       used 53496K, capacity 56910K, committed 57088K, reserved 1099776K
  class space    used 6503K, capacity 7087K, committed 7168K, reserved 1048576K
2023-10-03T08:44:45.953+0800: 2411.751: [GC (Allocation Failure) [PSYoungGen: 126240K->1344K(126464K)] 231745K->106929K(260608K), 0.0086776 secs] [Times: user=0.06 sys=0.00, real=0.00 secs] 
Heap after GC invocations=471 (full 0):
 PSYoungGen      total 126464K, used 1344K [0x00000000f8300000, 0x0000000100000000, 0x0000000100000000)
  eden space 124928K, 0% used [0x00000000f8300000,0x00000000f8300000,0x00000000ffd00000)
  from space 1536K, 87% used [0x00000000ffd00000,0x00000000ffe50000,0x00000000ffe80000)
  to   space 1536K, 0% used [0x00000000ffe80000,0x00000000ffe80000,0x0000000100000000)
 ParOldGen       total 134144K, used 105585K [0x00000000f0000000, 0x00000000f8300000, 0x00000000f8300000)
  object space 134144K, 78% used [0x00000000f0000000,0x00000000f671c6e8,0x00000000f8300000)
 Metaspace       used 53496K, capacity 56910K, committed 57088K, reserved 1099776K
  class space    used 6503K, capacity 7087K, committed 7168K, reserved 1048576K
}
{Heap before GC invocations=472 (full 0):
 PSYoungGen      total 126464K, used 126272K [0x00000000f8300000, 0x0000000100000000, 0x0000000100000000)
  eden space 124928K, 100% used [0x00000000f8300000,0x00000000ffd00000,0x00000000ffd00000)
  from space 1536K, 87% used [0x00000000ffd00000,0x00000000ffe50000,0x00000000ffe80000)
  to   space 1536K, 0% used [0x00000000ffe80000,0x00000000ffe80000,0x0000000100000000)
 ParOldGen       total 134144K, used 105585K [0x00000000f0000000, 0x00000000f8300000, 0x00000000f8300000)
  object space 134144K, 78% used [0x00000000f0000000,0x00000000f671c6e8,0x00000000f8300000)
 Metaspace       used 53496K, capacity 56910K, committed 57088K, reserved 1099776K
  class space    used 6503K, capacity 7087K, committed 7168K, reserved 1048576K
2023-10-03T08:44:50.315+0800: 2416.113: [GC (Allocation Failure) [PSYoungGen: 126272K->1312K(126464K)] 231857K->107009K(260608K), 0.0044669 secs] [Times: user=0.03 sys=0.00, real=0.00 secs] 
Heap after GC invocations=472 (full 0):
 PSYoungGen      total 126464K, used 1312K [0x00000000f8300000, 0x0000000100000000, 0x0000000100000000)
  eden space 124928K, 0% used [0x00000000f8300000,0x00000000f8300000,0x00000000ffd00000)
  from space 1536K, 85% used [0x00000000ffe80000,0x00000000fffc8000,0x0000000100000000)
  to   space 1536K, 0% used [0x00000000ffd00000,0x00000000ffd00000,0x00000000ffe80000)
 ParOldGen       total 134144K, used 105697K [0x00000000f0000000, 0x00000000f8300000, 0x00000000f8300000)
  object space 134144K, 78% used [0x00000000f0000000,0x00000000f67386e8,0x00000000f8300000)
 Metaspace       used 53496K, capacity 56910K, committed 57088K, reserved 1099776K
  class space    used 6503K, capacity 7087K, committed 7168K, reserved 1048576K
}
{Heap before GC invocations=473 (full 0):
 PSYoungGen      total 126464K, used 126240K [0x00000000f8300000, 0x0000000100000000, 0x0000000100000000)
  eden space 124928K, 100% used [0x00000000f8300000,0x00000000ffd00000,0x00000000ffd00000)
  from space 1536K, 85% used [0x00000000ffe80000,0x00000000fffc8000,0x0000000100000000)
  to   space 1536K, 0% used [0x00000000ffd00000,0x00000000ffd00000,0x00000000ffe80000)
 ParOldGen       total 134144K, used 105697K [0x00000000f0000000, 0x00000000f8300000, 0x00000000f8300000)
  object space 134144K, 78% used [0x00000000f0000000,0x00000000f67386e8,0x00000000f8300000)
 Metaspace       used 53496K, capacity 56910K, committed 57088K, reserved 1099776K
  class space    used 6503K, capacity 7087K, committed 7168K, reserved 1048576K
2023-10-03T08:44:54.380+0800: 2420.178: [GC (Allocation Failure) [PSYoungGen: 126240K->1280K(126464K)] 231937K->107057K(260608K), 0.0062246 secs] [Times: user=0.04 sys=0.00, real=0.01 secs] 
Heap after GC invocations=473 (full 0):
 PSYoungGen      total 126464K, used 1280K [0x00000000f8300000, 0x0000000100000000, 0x0000000100000000)
  eden space 124928K, 0% used [0x00000000f8300000,0x00000000f8300000,0x00000000ffd00000)
  from space 1536K, 83% used [0x00000000ffd00000,0x00000000ffe40000,0x00000000ffe80000)
  to   space 1536K, 0% used [0x00000000ffe80000,0x00000000ffe80000,0x0000000100000000)
 ParOldGen       total 134144K, used 105777K [0x00000000f0000000, 0x00000000f8300000, 0x00000000f8300000)
  object space 134144K, 78% used [0x00000000f0000000,0x00000000f674c6e8,0x00000000f8300000)
 Metaspace       used 53496K, capacity 56910K, committed 57088K, reserved 1099776K
  class space    used 6503K, capacity 7087K, committed 7168K, reserved 1048576K
}
{Heap before GC invocations=474 (full 0):
 PSYoungGen      total 126464K, used 126208K [0x00000000f8300000, 0x0000000100000000, 0x0000000100000000)
  eden space 124928K, 100% used [0x00000000f8300000,0x00000000ffd00000,0x00000000ffd00000)
  from space 1536K, 83% used [0x00000000ffd00000,0x00000000ffe40000,0x00000000ffe80000)
  to   space 1536K, 0% used [0x00000000ffe80000,0x00000000ffe80000,0x0000000100000000)
 ParOldGen       total 134144K, used 105777K [0x00000000f0000000, 0x00000000f8300000, 0x00000000f8300000)
  object space 134144K, 78% used [0x00000000f0000000,0x00000000f674c6e8,0x00000000f8300000)
 Metaspace       used 53496K, capacity 56910K, committed 57088K, reserved 1099776K
  class space    used 6503K, capacity 7087K, committed 7168K, reserved 1048576K
2023-10-03T08:44:58.465+0800: 2424.263: [GC (Allocation Failure) [PSYoungGen: 126208K->1312K(126464K)] 231985K->107153K(260608K), 0.0085640 secs] [Times: user=0.05 sys=0.00, real=0.01 secs] 
Heap after GC invocations=474 (full 0):
 PSYoungGen      total 126464K, used 1312K [0x00000000f8300000, 0x0000000100000000, 0x0000000100000000)
  eden space 124928K, 0% used [0x00000000f8300000,0x00000000f8300000,0x00000000ffd00000)
  from space 1536K, 85% used [0x00000000ffe80000,0x00000000fffc8000,0x0000000100000000)
  to   space 1536K, 0% used [0x00000000ffd00000,0x00000000ffd00000,0x00000000ffe80000)
 ParOldGen       total 134144K, used 105841K [0x00000000f0000000, 0x00000000f8300000, 0x00000000f8300000)
  object space 134144K, 78% used [0x00000000f0000000,0x00000000f675c6e8,0x00000000f8300000)
 Metaspace       used 53496K, capacity 56910K, committed 57088K, reserved 1099776K
  class space    used 6503K, capacity 7087K, committed 7168K, reserved 1048576K
}
{Heap before GC invocations=475 (full 0):
 PSYoungGen      total 126464K, used 126240K [0x00000000f8300000, 0x0000000100000000, 0x0000000100000000)
  eden space 124928K, 100% used [0x00000000f8300000,0x00000000ffd00000,0x00000000ffd00000)
  from space 1536K, 85% used [0x00000000ffe80000,0x00000000fffc8000,0x0000000100000000)
  to   space 1536K, 0% used [0x00000000ffd00000,0x00000000ffd00000,0x00000000ffe80000)
 ParOldGen       total 134144K, used 105841K [0x00000000f0000000, 0x00000000f8300000, 0x00000000f8300000)
  object space 134144K, 78% used [0x00000000f0000000,0x00000000f675c6e8,0x00000000f8300000)
 Metaspace       used 53496K, capacity 56910K, committed 57088K, reserved 1099776K
  class space    used 6503K, capacity 7087K, committed 7168K, reserved 1048576K
2023-10-03T08:45:02.550+0800: 2428.348: [GC (Allocation Failure) [PSYoungGen: 126240K->1312K(126464K)] 232081K->107225K(260608K), 0.0087494 secs] [Times: user=0.05 sys=0.00, real=0.01 secs] 
Heap after GC invocations=475 (full 0):
 PSYoungGen      total 126464K, used 1312K [0x00000000f8300000, 0x0000000100000000, 0x0000000100000000)
  eden space 124928K, 0% used [0x00000000f8300000,0x00000000f8300000,0x00000000ffd00000)
  from space 1536K, 85% used [0x00000000ffd00000,0x00000000ffe48000,0x00000000ffe80000)
  to   space 1536K, 0% used [0x00000000ffe80000,0x00000000ffe80000,0x0000000100000000)
 ParOldGen       total 134144K, used 105913K [0x00000000f0000000, 0x00000000f8300000, 0x00000000f8300000)
  object space 134144K, 78% used [0x00000000f0000000,0x00000000f676e6e8,0x00000000f8300000)
 Metaspace       used 53496K, capacity 56910K, committed 57088K, reserved 1099776K
  class space    used 6503K, capacity 7087K, committed 7168K, reserved 1048576K
}
{Heap before GC invocations=476 (full 0):
 PSYoungGen      total 126464K, used 126240K [0x00000000f8300000, 0x0000000100000000, 0x0000000100000000)
  eden space 124928K, 100% used [0x00000000f8300000,0x00000000ffd00000,0x00000000ffd00000)
  from space 1536K, 85% used [0x00000000ffd00000,0x00000000ffe48000,0x00000000ffe80000)
  to   space 1536K, 0% used [0x00000000ffe80000,0x00000000ffe80000,0x0000000100000000)
 ParOldGen       total 134144K, used 105913K [0x00000000f0000000, 0x00000000f8300000, 0x00000000f8300000)
  object space 134144K, 78% used [0x00000000f0000000,0x00000000f676e6e8,0x00000000f8300000)
 Metaspace       used 53496K, capacity 56910K, committed 57088K, reserved 1099776K
  class space    used 6503K, capacity 7087K, committed 7168K, reserved 1048576K
2023-10-03T08:45:06.693+0800: 2432.491: [GC (Allocation Failure) [PSYoungGen: 126240K->1344K(126464K)] 232153K->107345K(260608K), 0.0087331 secs] [Times: user=0.05 sys=0.01, real=0.00 secs] 
Heap after GC invocations=476 (full 0):
 PSYoungGen      total 126464K, used 1344K [0x00000000f8300000, 0x0000000100000000, 0x0000000100000000)
  eden space 124928K, 0% used [0x00000000f8300000,0x00000000f8300000,0x00000000ffd00000)
  from space 1536K, 87% used [0x00000000ffe80000,0x00000000fffd0000,0x0000000100000000)
  to   space 1536K, 0% used [0x00000000ffd00000,0x00000000ffd00000,0x00000000ffe80000)
 ParOldGen       total 134144K, used 106001K [0x00000000f0000000, 0x00000000f8300000, 0x00000000f8300000)
  object space 134144K, 79% used [0x00000000f0000000,0x00000000f67846e8,0x00000000f8300000)
 Metaspace       used 53496K, capacity 56910K, committed 57088K, reserved 1099776K
  class space    used 6503K, capacity 7087K, committed 7168K, reserved 1048576K
}
{Heap before GC invocations=477 (full 0):
 PSYoungGen      total 126464K, used 126272K [0x00000000f8300000, 0x0000000100000000, 0x0000000100000000)
  eden space 124928K, 100% used [0x00000000f8300000,0x00000000ffd00000,0x00000000ffd00000)
  from space 1536K, 87% used [0x00000000ffe80000,0x00000000fffd0000,0x0000000100000000)
  to   space 1536K, 0% used [0x00000000ffd00000,0x00000000ffd00000,0x00000000ffe80000)
 ParOldGen       total 134144K, used 106001K [0x00000000f0000000, 0x00000000f8300000, 0x00000000f8300000)
  object space 134144K, 79% used [0x00000000f0000000,0x00000000f67846e8,0x00000000f8300000)
 Metaspace       used 53496K, capacity 56910K, committed 57088K, reserved 1099776K
  class space    used 6503K, capacity 7087K, committed 7168K, reserved 1048576K
2023-10-03T08:45:11.034+0800: 2436.832: [GC (Allocation Failure) [PSYoungGen: 126272K->1280K(126464K)] 232273K->107353K(260608K), 0.0064943 secs] [Times: user=0.05 sys=0.00, real=0.00 secs] 
Heap after GC invocations=477 (full 0):
 PSYoungGen      total 126464K, used 1280K [0x00000000f8300000, 0x0000000100000000, 0x0000000100000000)
  eden space 124928K, 0% used [0x00000000f8300000,0x00000000f8300000,0x00000000ffd00000)
  from space 1536K, 83% used [0x00000000ffd00000,0x00000000ffe40000,0x00000000ffe80000)
  to   space 1536K, 0% used [0x00000000ffe80000,0x00000000ffe80000,0x0000000100000000)
 ParOldGen       total 134144K, used 106073K [0x00000000f0000000, 0x00000000f8300000, 0x00000000f8300000)
  object space 134144K, 79% used [0x00000000f0000000,0x00000000f67966e8,0x00000000f8300000)
 Metaspace       used 53496K, capacity 56910K, committed 57088K, reserved 1099776K
  class space    used 6503K, capacity 7087K, committed 7168K, reserved 1048576K
}
{Heap before GC invocations=478 (full 0):
 PSYoungGen      total 126464K, used 126208K [0x00000000f8300000, 0x0000000100000000, 0x0000000100000000)
  eden space 124928K, 100% used [0x00000000f8300000,0x00000000ffd00000,0x00000000ffd00000)
  from space 1536K, 83% used [0x00000000ffd00000,0x00000000ffe40000,0x00000000ffe80000)
  to   space 1536K, 0% used [0x00000000ffe80000,0x00000000ffe80000,0x0000000100000000)
 ParOldGen       total 134144K, used 106073K [0x00000000f0000000, 0x00000000f8300000, 0x00000000f8300000)
  object space 134144K, 79% used [0x00000000f0000000,0x00000000f67966e8,0x00000000f8300000)
 Metaspace       used 53496K, capacity 56910K, committed 57088K, reserved 1099776K
  class space    used 6503K, capacity 7087K, committed 7168K, reserved 1048576K
2023-10-03T08:45:15.096+0800: 2440.894: [GC (Allocation Failure) [PSYoungGen: 126208K->1248K(126464K)] 232281K->107393K(260608K), 0.0084694 secs] [Times: user=0.05 sys=0.00, real=0.01 secs] 
Heap after GC invocations=478 (full 0):
 PSYoungGen      total 126464K, used 1248K [0x00000000f8300000, 0x0000000100000000, 0x0000000100000000)
  eden space 124928K, 0% used [0x00000000f8300000,0x00000000f8300000,0x00000000ffd00000)
  from space 1536K, 81% used [0x00000000ffe80000,0x00000000fffb8000,0x0000000100000000)
  to   space 1536K, 0% used [0x00000000ffd00000,0x00000000ffd00000,0x00000000ffe80000)
 ParOldGen       total 134144K, used 106145K [0x00000000f0000000, 0x00000000f8300000, 0x00000000f8300000)
  object space 134144K, 79% used [0x00000000f0000000,0x00000000f67a86e8,0x00000000f8300000)
 Metaspace       used 53496K, capacity 56910K, committed 57088K, reserved 1099776K
  class space    used 6503K, capacity 7087K, committed 7168K, reserved 1048576K
}
{Heap before GC invocations=479 (full 0):
 PSYoungGen      total 126464K, used 126176K [0x00000000f8300000, 0x0000000100000000, 0x0000000100000000)
  eden space 124928K, 100% used [0x00000000f8300000,0x00000000ffd00000,0x00000000ffd00000)
  from space 1536K, 81% used [0x00000000ffe80000,0x00000000fffb8000,0x0000000100000000)
  to   space 1536K, 0% used [0x00000000ffd00000,0x00000000ffd00000,0x00000000ffe80000)
 ParOldGen       total 134144K, used 106145K [0x00000000f0000000, 0x00000000f8300000, 0x00000000f8300000)
  object space 134144K, 79% used [0x00000000f0000000,0x00000000f67a86e8,0x00000000f8300000)
 Metaspace       used 53496K, capacity 56910K, committed 57088K, reserved 1099776K
  class space    used 6503K, capacity 7087K, committed 7168K, reserved 1048576K
2023-10-03T08:45:19.190+0800: 2444.988: [GC (Allocation Failure) [PSYoungGen: 126176K->1280K(126464K)] 232321K->107505K(260608K), 0.0092763 secs] [Times: user=0.05 sys=0.00, real=0.01 secs] 
Heap after GC invocations=479 (full 0):
 PSYoungGen      total 126464K, used 1280K [0x00000000f8300000, 0x0000000100000000, 0x0000000100000000)
  eden space 124928K, 0% used [0x00000000f8300000,0x00000000f8300000,0x00000000ffd00000)
  from space 1536K, 83% used [0x00000000ffd00000,0x00000000ffe40000,0x00000000ffe80000)
  to   space 1536K, 0% used [0x00000000ffe80000,0x00000000ffe80000,0x0000000100000000)
 ParOldGen       total 134144K, used 106225K [0x00000000f0000000, 0x00000000f8300000, 0x00000000f8300000)
  object space 134144K, 79% used [0x00000000f0000000,0x00000000f67bc6e8,0x00000000f8300000)
 Metaspace       used 53496K, capacity 56910K, committed 57088K, reserved 1099776K
  class space    used 6503K, capacity 7087K, committed 7168K, reserved 1048576K
}
{Heap before GC invocations=480 (full 0):
 PSYoungGen      total 126464K, used 126208K [0x00000000f8300000, 0x0000000100000000, 0x0000000100000000)
  eden space 124928K, 100% used [0x00000000f8300000,0x00000000ffd00000,0x00000000ffd00000)
  from space 1536K, 83% used [0x00000000ffd00000,0x00000000ffe40000,0x00000000ffe80000)
  to   space 1536K, 0% used [0x00000000ffe80000,0x00000000ffe80000,0x0000000100000000)
 ParOldGen       total 134144K, used 106225K [0x00000000f0000000, 0x00000000f8300000, 0x00000000f8300000)
  object space 134144K, 79% used [0x00000000f0000000,0x00000000f67bc6e8,0x00000000f8300000)
 Metaspace       used 53496K, capacity 56910K, committed 57088K, reserved 1099776K
  class space    used 6503K, capacity 7087K, committed 7168K, reserved 1048576K
2023-10-03T08:45:23.303+0800: 2449.101: [GC (Allocation Failure) [PSYoungGen: 126208K->1312K(126464K)] 232433K->107625K(260608K), 0.0084522 secs] [Times: user=0.04 sys=0.01, real=0.00 secs] 
Heap after GC invocations=480 (full 0):
 PSYoungGen      total 126464K, used 1312K [0x00000000f8300000, 0x0000000100000000, 0x0000000100000000)
  eden space 124928K, 0% used [0x00000000f8300000,0x00000000f8300000,0x00000000ffd00000)
  from space 1536K, 85% used [0x00000000ffe80000,0x00000000fffc8000,0x0000000100000000)
  to   space 1536K, 0% used [0x00000000ffd00000,0x00000000ffd00000,0x00000000ffe80000)
 ParOldGen       total 134144K, used 106313K [0x00000000f0000000, 0x00000000f8300000, 0x00000000f8300000)
  object space 134144K, 79% used [0x00000000f0000000,0x00000000f67d26e8,0x00000000f8300000)
 Metaspace       used 53496K, capacity 56910K, committed 57088K, reserved 1099776K
  class space    used 6503K, capacity 7087K, committed 7168K, reserved 1048576K
}
{Heap before GC invocations=481 (full 0):
 PSYoungGen      total 126464K, used 126240K [0x00000000f8300000, 0x0000000100000000, 0x0000000100000000)
  eden space 124928K, 100% used [0x00000000f8300000,0x00000000ffd00000,0x00000000ffd00000)
  from space 1536K, 85% used [0x00000000ffe80000,0x00000000fffc8000,0x0000000100000000)
  to   space 1536K, 0% used [0x00000000ffd00000,0x00000000ffd00000,0x00000000ffe80000)
 ParOldGen       total 134144K, used 106313K [0x00000000f0000000, 0x00000000f8300000, 0x00000000f8300000)
  object space 134144K, 79% used [0x00000000f0000000,0x00000000f67d26e8,0x00000000f8300000)
 Metaspace       used 53496K, capacity 56910K, committed 57088K, reserved 1099776K
  class space    used 6503K, capacity 7087K, committed 7168K, reserved 1048576K
2023-10-03T08:45:27.690+0800: 2453.488: [GC (Allocation Failure) [PSYoungGen: 126240K->1312K(126464K)] 232553K->107697K(260608K), 0.0061869 secs] [Times: user=0.05 sys=0.00, real=0.01 secs] 
Heap after GC invocations=481 (full 0):
 PSYoungGen      total 126464K, used 1312K [0x00000000f8300000, 0x0000000100000000, 0x0000000100000000)
  eden space 124928K, 0% used [0x00000000f8300000,0x00000000f8300000,0x00000000ffd00000)
  from space 1536K, 85% used [0x00000000ffd00000,0x00000000ffe48000,0x00000000ffe80000)
  to   space 1536K, 0% used [0x00000000ffe80000,0x00000000ffe80000,0x0000000100000000)
 ParOldGen       total 134144K, used 106385K [0x00000000f0000000, 0x00000000f8300000, 0x00000000f8300000)
  object space 134144K, 79% used [0x00000000f0000000,0x00000000f67e46e8,0x00000000f8300000)
 Metaspace       used 53496K, capacity 56910K, committed 57088K, reserved 1099776K
  class space    used 6503K, capacity 7087K, committed 7168K, reserved 1048576K
}
{Heap before GC invocations=482 (full 0):
 PSYoungGen      total 126464K, used 126240K [0x00000000f8300000, 0x0000000100000000, 0x0000000100000000)
  eden space 124928K, 100% used [0x00000000f8300000,0x00000000ffd00000,0x00000000ffd00000)
  from space 1536K, 85% used [0x00000000ffd00000,0x00000000ffe48000,0x00000000ffe80000)
  to   space 1536K, 0% used [0x00000000ffe80000,0x00000000ffe80000,0x0000000100000000)
 ParOldGen       total 134144K, used 106385K [0x00000000f0000000, 0x00000000f8300000, 0x00000000f8300000)
  object space 134144K, 79% used [0x00000000f0000000,0x00000000f67e46e8,0x00000000f8300000)
 Metaspace       used 53496K, capacity 56910K, committed 57088K, reserved 1099776K
  class space    used 6503K, capacity 7087K, committed 7168K, reserved 1048576K
2023-10-03T08:45:31.754+0800: 2457.552: [GC (Allocation Failure) [PSYoungGen: 126240K->1344K(126464K)] 232625K->107809K(260608K), 0.0057963 secs] [Times: user=0.05 sys=0.00, real=0.00 secs] 
Heap after GC invocations=482 (full 0):
 PSYoungGen      total 126464K, used 1344K [0x00000000f8300000, 0x0000000100000000, 0x0000000100000000)
  eden space 124928K, 0% used [0x00000000f8300000,0x00000000f8300000,0x00000000ffd00000)
  from space 1536K, 87% used [0x00000000ffe80000,0x00000000fffd0000,0x0000000100000000)
  to   space 1536K, 0% used [0x00000000ffd00000,0x00000000ffd00000,0x00000000ffe80000)
 ParOldGen       total 134144K, used 106465K [0x00000000f0000000, 0x00000000f8300000, 0x00000000f8300000)
  object space 134144K, 79% used [0x00000000f0000000,0x00000000f67f86e8,0x00000000f8300000)
 Metaspace       used 53496K, capacity 56910K, committed 57088K, reserved 1099776K
  class space    used 6503K, capacity 7087K, committed 7168K, reserved 1048576K
}
{Heap before GC invocations=483 (full 0):
 PSYoungGen      total 126464K, used 126272K [0x00000000f8300000, 0x0000000100000000, 0x0000000100000000)
  eden space 124928K, 100% used [0x00000000f8300000,0x00000000ffd00000,0x00000000ffd00000)
  from space 1536K, 87% used [0x00000000ffe80000,0x00000000fffd0000,0x0000000100000000)
  to   space 1536K, 0% used [0x00000000ffd00000,0x00000000ffd00000,0x00000000ffe80000)
 ParOldGen       total 134144K, used 106465K [0x00000000f0000000, 0x00000000f8300000, 0x00000000f8300000)
  object space 134144K, 79% used [0x00000000f0000000,0x00000000f67f86e8,0x00000000f8300000)
 Metaspace       used 53497K, capacity 56910K, committed 57088K, reserved 1099776K
  class space    used 6503K, capacity 7087K, committed 7168K, reserved 1048576K
2023-10-03T08:45:35.820+0800: 2461.618: [GC (Allocation Failure) [PSYoungGen: 126272K->1312K(126464K)] 232737K->107865K(260608K), 0.0085580 secs] [Times: user=0.04 sys=0.01, real=0.01 secs] 
Heap after GC invocations=483 (full 0):
 PSYoungGen      total 126464K, used 1312K [0x00000000f8300000, 0x0000000100000000, 0x0000000100000000)
  eden space 124928K, 0% used [0x00000000f8300000,0x00000000f8300000,0x00000000ffd00000)
  from space 1536K, 85% used [0x00000000ffd00000,0x00000000ffe48000,0x00000000ffe80000)
  to   space 1536K, 0% used [0x00000000ffe80000,0x00000000ffe80000,0x0000000100000000)
 ParOldGen       total 134144K, used 106553K [0x00000000f0000000, 0x00000000f8300000, 0x00000000f8300000)
  object space 134144K, 79% used [0x00000000f0000000,0x00000000f680e6e8,0x00000000f8300000)
 Metaspace       used 53497K, capacity 56910K, committed 57088K, reserved 1099776K
  class space    used 6503K, capacity 7087K, committed 7168K, reserved 1048576K
}
{Heap before GC invocations=484 (full 0):
 PSYoungGen      total 126464K, used 126240K [0x00000000f8300000, 0x0000000100000000, 0x0000000100000000)
  eden space 124928K, 100% used [0x00000000f8300000,0x00000000ffd00000,0x00000000ffd00000)
  from space 1536K, 85% used [0x00000000ffd00000,0x00000000ffe48000,0x00000000ffe80000)
  to   space 1536K, 0% used [0x00000000ffe80000,0x00000000ffe80000,0x0000000100000000)
 ParOldGen       total 134144K, used 106553K [0x00000000f0000000, 0x00000000f8300000, 0x00000000f8300000)
  object space 134144K, 79% used [0x00000000f0000000,0x00000000f680e6e8,0x00000000f8300000)
 Metaspace       used 53497K, capacity 56910K, committed 57088K, reserved 1099776K
  class space    used 6503K, capacity 7087K, committed 7168K, reserved 1048576K
2023-10-03T08:45:39.906+0800: 2465.704: [GC (Allocation Failure) [PSYoungGen: 126240K->1504K(126464K)] 232793K->108129K(260608K), 0.0088504 secs] [Times: user=0.05 sys=0.00, real=0.01 secs] 
Heap after GC invocations=484 (full 0):
 PSYoungGen      total 126464K, used 1504K [0x00000000f8300000, 0x0000000100000000, 0x0000000100000000)
  eden space 124928K, 0% used [0x00000000f8300000,0x00000000f8300000,0x00000000ffd00000)
  from space 1536K, 97% used [0x00000000ffe80000,0x00000000ffff8000,0x0000000100000000)
  to   space 1536K, 0% used [0x00000000ffd00000,0x00000000ffd00000,0x00000000ffe80000)
 ParOldGen       total 134144K, used 106625K [0x00000000f0000000, 0x00000000f8300000, 0x00000000f8300000)
  object space 134144K, 79% used [0x00000000f0000000,0x00000000f68206e8,0x00000000f8300000)
 Metaspace       used 53497K, capacity 56910K, committed 57088K, reserved 1099776K
  class space    used 6503K, capacity 7087K, committed 7168K, reserved 1048576K
}
{Heap before GC invocations=485 (full 0):
 PSYoungGen      total 126464K, used 126432K [0x00000000f8300000, 0x0000000100000000, 0x0000000100000000)
  eden space 124928K, 100% used [0x00000000f8300000,0x00000000ffd00000,0x00000000ffd00000)
  from space 1536K, 97% used [0x00000000ffe80000,0x00000000ffff8000,0x0000000100000000)
  to   space 1536K, 0% used [0x00000000ffd00000,0x00000000ffd00000,0x00000000ffe80000)
 ParOldGen       total 134144K, used 106625K [0x00000000f0000000, 0x00000000f8300000, 0x00000000f8300000)
  object space 134144K, 79% used [0x00000000f0000000,0x00000000f68206e8,0x00000000f8300000)
 Metaspace       used 53497K, capacity 56910K, committed 57088K, reserved 1099776K
  class space    used 6503K, capacity 7087K, committed 7168K, reserved 1048576K
2023-10-03T08:45:44.055+0800: 2469.853: [GC (Allocation Failure) [PSYoungGen: 126432K->1312K(126464K)] 233057K->108177K(260608K), 0.0088079 secs] [Times: user=0.06 sys=0.00, real=0.01 secs] 
Heap after GC invocations=485 (full 0):
 PSYoungGen      total 126464K, used 1312K [0x00000000f8300000, 0x0000000100000000, 0x0000000100000000)
  eden space 124928K, 0% used [0x00000000f8300000,0x00000000f8300000,0x00000000ffd00000)
  from space 1536K, 85% used [0x00000000ffd00000,0x00000000ffe48000,0x00000000ffe80000)
  to   space 1536K, 0% used [0x00000000ffe80000,0x00000000ffe80000,0x0000000100000000)
 ParOldGen       total 134144K, used 106865K [0x00000000f0000000, 0x00000000f8300000, 0x00000000f8300000)
  object space 134144K, 79% used [0x00000000f0000000,0x00000000f685c7a8,0x00000000f8300000)
 Metaspace       used 53497K, capacity 56910K, committed 57088K, reserved 1099776K
  class space    used 6503K, capacity 7087K, committed 7168K, reserved 1048576K
}
{Heap before GC invocations=486 (full 0):
 PSYoungGen      total 126464K, used 126240K [0x00000000f8300000, 0x0000000100000000, 0x0000000100000000)
  eden space 124928K, 100% used [0x00000000f8300000,0x00000000ffd00000,0x00000000ffd00000)
  from space 1536K, 85% used [0x00000000ffd00000,0x00000000ffe48000,0x00000000ffe80000)
  to   space 1536K, 0% used [0x00000000ffe80000,0x00000000ffe80000,0x0000000100000000)
 ParOldGen       total 134144K, used 106865K [0x00000000f0000000, 0x00000000f8300000, 0x00000000f8300000)
  object space 134144K, 79% used [0x00000000f0000000,0x00000000f685c7a8,0x00000000f8300000)
 Metaspace       used 53497K, capacity 56910K, committed 57088K, reserved 1099776K
  class space    used 6503K, capacity 7087K, committed 7168K, reserved 1048576K
2023-10-03T08:45:48.409+0800: 2474.207: [GC (Allocation Failure) [PSYoungGen: 126240K->1312K(126464K)] 233105K->108281K(260608K), 0.0060994 secs] [Times: user=0.04 sys=0.00, real=0.01 secs] 
Heap after GC invocations=486 (full 0):
 PSYoungGen      total 126464K, used 1312K [0x00000000f8300000, 0x0000000100000000, 0x0000000100000000)
  eden space 124928K, 0% used [0x00000000f8300000,0x00000000f8300000,0x00000000ffd00000)
  from space 1536K, 85% used [0x00000000ffe80000,0x00000000fffc8000,0x0000000100000000)
  to   space 1536K, 0% used [0x00000000ffd00000,0x00000000ffd00000,0x00000000ffe80000)
 ParOldGen       total 134144K, used 106969K [0x00000000f0000000, 0x00000000f8300000, 0x00000000f8300000)
  object space 134144K, 79% used [0x00000000f0000000,0x00000000f68767a8,0x00000000f8300000)
 Metaspace       used 53497K, capacity 56910K, committed 57088K, reserved 1099776K
  class space    used 6503K, capacity 7087K, committed 7168K, reserved 1048576K
}
{Heap before GC invocations=487 (full 0):
 PSYoungGen      total 126464K, used 126240K [0x00000000f8300000, 0x0000000100000000, 0x0000000100000000)
  eden space 124928K, 100% used [0x00000000f8300000,0x00000000ffd00000,0x00000000ffd00000)
  from space 1536K, 85% used [0x00000000ffe80000,0x00000000fffc8000,0x0000000100000000)
  to   space 1536K, 0% used [0x00000000ffd00000,0x00000000ffd00000,0x00000000ffe80000)
 ParOldGen       total 134144K, used 106969K [0x00000000f0000000, 0x00000000f8300000, 0x00000000f8300000)
  object space 134144K, 79% used [0x00000000f0000000,0x00000000f68767a8,0x00000000f8300000)
 Metaspace       used 53497K, capacity 56910K, committed 57088K, reserved 1099776K
  class space    used 6503K, capacity 7087K, committed 7168K, reserved 1048576K
2023-10-03T08:45:52.458+0800: 2478.256: [GC (Allocation Failure) [PSYoungGen: 126240K->1536K(123392K)] 233209K->113905K(257536K), 0.0130156 secs] [Times: user=0.07 sys=0.03, real=0.01 secs] 
Heap after GC invocations=487 (full 0):
 PSYoungGen      total 123392K, used 1536K [0x00000000f8300000, 0x0000000100000000, 0x0000000100000000)
  eden space 121856K, 0% used [0x00000000f8300000,0x00000000f8300000,0x00000000ffa00000)
  from space 1536K, 100% used [0x00000000ffd00000,0x00000000ffe80000,0x00000000ffe80000)
  to   space 1536K, 0% used [0x00000000ffe80000,0x00000000ffe80000,0x0000000100000000)
 ParOldGen       total 134144K, used 112369K [0x00000000f0000000, 0x00000000f8300000, 0x00000000f8300000)
  object space 134144K, 83% used [0x00000000f0000000,0x00000000f6dbc718,0x00000000f8300000)
 Metaspace       used 53497K, capacity 56910K, committed 57088K, reserved 1099776K
  class space    used 6503K, capacity 7087K, committed 7168K, reserved 1048576K
}
{Heap before GC invocations=488 (full 0):
 PSYoungGen      total 123392K, used 123392K [0x00000000f8300000, 0x0000000100000000, 0x0000000100000000)
  eden space 121856K, 100% used [0x00000000f8300000,0x00000000ffa00000,0x00000000ffa00000)
  from space 1536K, 100% used [0x00000000ffd00000,0x00000000ffe80000,0x00000000ffe80000)
  to   space 1536K, 0% used [0x00000000ffe80000,0x00000000ffe80000,0x0000000100000000)
 ParOldGen       total 134144K, used 112369K [0x00000000f0000000, 0x00000000f8300000, 0x00000000f8300000)
  object space 134144K, 83% used [0x00000000f0000000,0x00000000f6dbc718,0x00000000f8300000)
 Metaspace       used 53497K, capacity 56910K, committed 57088K, reserved 1099776K
  class space    used 6503K, capacity 7087K, committed 7168K, reserved 1048576K
2023-10-03T08:45:56.515+0800: 2482.313: [GC (Allocation Failure) [PSYoungGen: 123392K->1408K(122368K)] 235761K->114723K(256512K), 0.0105252 secs] [Times: user=0.07 sys=0.01, real=0.01 secs] 
Heap after GC invocations=488 (full 0):
 PSYoungGen      total 122368K, used 1408K [0x00000000f8300000, 0x0000000100000000, 0x0000000100000000)
  eden space 120832K, 0% used [0x00000000f8300000,0x00000000f8300000,0x00000000ff900000)
  from space 1536K, 91% used [0x00000000ffe80000,0x00000000fffe0000,0x0000000100000000)
  to   space 3584K, 0% used [0x00000000ff900000,0x00000000ff900000,0x00000000ffc80000)
 ParOldGen       total 134144K, used 113315K [0x00000000f0000000, 0x00000000f8300000, 0x00000000f8300000)
  object space 134144K, 84% used [0x00000000f0000000,0x00000000f6ea8c88,0x00000000f8300000)
 Metaspace       used 53497K, capacity 56910K, committed 57088K, reserved 1099776K
  class space    used 6503K, capacity 7087K, committed 7168K, reserved 1048576K
}
{Heap before GC invocations=489 (full 0):
 PSYoungGen      total 122368K, used 122240K [0x00000000f8300000, 0x0000000100000000, 0x0000000100000000)
  eden space 120832K, 100% used [0x00000000f8300000,0x00000000ff900000,0x00000000ff900000)
  from space 1536K, 91% used [0x00000000ffe80000,0x00000000fffe0000,0x0000000100000000)
  to   space 3584K, 0% used [0x00000000ff900000,0x00000000ff900000,0x00000000ffc80000)
 ParOldGen       total 134144K, used 113315K [0x00000000f0000000, 0x00000000f8300000, 0x00000000f8300000)
  object space 134144K, 84% used [0x00000000f0000000,0x00000000f6ea8c88,0x00000000f8300000)
 Metaspace       used 53497K, capacity 56910K, committed 57088K, reserved 1099776K
  class space    used 6503K, capacity 7087K, committed 7168K, reserved 1048576K
2023-10-03T08:46:00.524+0800: 2486.322: [GC (Allocation Failure) [PSYoungGen: 122240K->1792K(124416K)] 235555K->115227K(258560K), 0.0088348 secs] [Times: user=0.06 sys=0.00, real=0.01 secs] 
Heap after GC invocations=489 (full 0):
 PSYoungGen      total 124416K, used 1792K [0x00000000f8300000, 0x0000000100000000, 0x0000000100000000)
  eden space 120832K, 0% used [0x00000000f8300000,0x00000000f8300000,0x00000000ff900000)
  from space 3584K, 50% used [0x00000000ff900000,0x00000000ffac0000,0x00000000ffc80000)
  to   space 3584K, 0% used [0x00000000ffc80000,0x00000000ffc80000,0x0000000100000000)
 ParOldGen       total 134144K, used 113435K [0x00000000f0000000, 0x00000000f8300000, 0x00000000f8300000)
  object space 134144K, 84% used [0x00000000f0000000,0x00000000f6ec6cc8,0x00000000f8300000)
 Metaspace       used 53497K, capacity 56910K, committed 57088K, reserved 1099776K
  class space    used 6503K, capacity 7087K, committed 7168K, reserved 1048576K
}
{Heap before GC invocations=490 (full 0):
 PSYoungGen      total 124416K, used 122624K [0x00000000f8300000, 0x0000000100000000, 0x0000000100000000)
  eden space 120832K, 100% used [0x00000000f8300000,0x00000000ff900000,0x00000000ff900000)
  from space 3584K, 50% used [0x00000000ff900000,0x00000000ffac0000,0x00000000ffc80000)
  to   space 3584K, 0% used [0x00000000ffc80000,0x00000000ffc80000,0x0000000100000000)
 ParOldGen       total 134144K, used 113435K [0x00000000f0000000, 0x00000000f8300000, 0x00000000f8300000)
  object space 134144K, 84% used [0x00000000f0000000,0x00000000f6ec6cc8,0x00000000f8300000)
 Metaspace       used 53497K, capacity 56910K, committed 57088K, reserved 1099776K
  class space    used 6503K, capacity 7087K, committed 7168K, reserved 1048576K
2023-10-03T08:46:04.571+0800: 2490.369: [GC (Allocation Failure) [PSYoungGen: 122624K->1376K(124416K)] 236059K->115324K(258560K), 0.0085495 secs] [Times: user=0.06 sys=0.00, real=0.01 secs] 
Heap after GC invocations=490 (full 0):
 PSYoungGen      total 124416K, used 1376K [0x00000000f8300000, 0x0000000100000000, 0x0000000100000000)
  eden space 120832K, 0% used [0x00000000f8300000,0x00000000f8300000,0x00000000ff900000)
  from space 3584K, 38% used [0x00000000ffc80000,0x00000000ffdd8000,0x0000000100000000)
  to   space 3584K, 0% used [0x00000000ff900000,0x00000000ff900000,0x00000000ffc80000)
 ParOldGen       total 134144K, used 113948K [0x00000000f0000000, 0x00000000f8300000, 0x00000000f8300000)
  object space 134144K, 84% used [0x00000000f0000000,0x00000000f6f47008,0x00000000f8300000)
 Metaspace       used 53497K, capacity 56910K, committed 57088K, reserved 1099776K
  class space    used 6503K, capacity 7087K, committed 7168K, reserved 1048576K
}
{Heap before GC invocations=491 (full 0):
 PSYoungGen      total 124416K, used 122208K [0x00000000f8300000, 0x0000000100000000, 0x0000000100000000)
  eden space 120832K, 100% used [0x00000000f8300000,0x00000000ff900000,0x00000000ff900000)
  from space 3584K, 38% used [0x00000000ffc80000,0x00000000ffdd8000,0x0000000100000000)
  to   space 3584K, 0% used [0x00000000ff900000,0x00000000ff900000,0x00000000ffc80000)
 ParOldGen       total 134144K, used 113948K [0x00000000f0000000, 0x00000000f8300000, 0x00000000f8300000)
  object space 134144K, 84% used [0x00000000f0000000,0x00000000f6f47008,0x00000000f8300000)
 Metaspace       used 53498K, capacity 56910K, committed 57088K, reserved 1099776K
  class space    used 6503K, capacity 7087K, committed 7168K, reserved 1048576K
2023-10-03T08:46:08.596+0800: 2494.394: [GC (Allocation Failure) [PSYoungGen: 122208K->1344K(124416K)] 236156K->115428K(258560K), 0.0087821 secs] [Times: user=0.05 sys=0.01, real=0.01 secs] 
Heap after GC invocations=491 (full 0):
 PSYoungGen      total 124416K, used 1344K [0x00000000f8300000, 0x0000000100000000, 0x0000000100000000)
  eden space 120832K, 0% used [0x00000000f8300000,0x00000000f8300000,0x00000000ff900000)
  from space 3584K, 37% used [0x00000000ff900000,0x00000000ffa50000,0x00000000ffc80000)
  to   space 3584K, 0% used [0x00000000ffc80000,0x00000000ffc80000,0x0000000100000000)
 ParOldGen       total 134144K, used 114084K [0x00000000f0000000, 0x00000000f8300000, 0x00000000f8300000)
  object space 134144K, 85% used [0x00000000f0000000,0x00000000f6f69068,0x00000000f8300000)
 Metaspace       used 53498K, capacity 56910K, committed 57088K, reserved 1099776K
  class space    used 6503K, capacity 7087K, committed 7168K, reserved 1048576K
}
{Heap before GC invocations=492 (full 0):
 PSYoungGen      total 124416K, used 122176K [0x00000000f8300000, 0x0000000100000000, 0x0000000100000000)
  eden space 120832K, 100% used [0x00000000f8300000,0x00000000ff900000,0x00000000ff900000)
  from space 3584K, 37% used [0x00000000ff900000,0x00000000ffa50000,0x00000000ffc80000)
  to   space 3584K, 0% used [0x00000000ffc80000,0x00000000ffc80000,0x0000000100000000)
 ParOldGen       total 134144K, used 114084K [0x00000000f0000000, 0x00000000f8300000, 0x00000000f8300000)
  object space 134144K, 85% used [0x00000000f0000000,0x00000000f6f69068,0x00000000f8300000)
 Metaspace       used 53498K, capacity 56910K, committed 57088K, reserved 1099776K
  class space    used 6503K, capacity 7087K, committed 7168K, reserved 1048576K
2023-10-03T08:46:12.599+0800: 2498.397: [GC (Allocation Failure) [PSYoungGen: 122176K->1280K(124928K)] 236260K->115436K(259072K), 0.0088521 secs] [Times: user=0.05 sys=0.00, real=0.01 secs] 
Heap after GC invocations=492 (full 0):
 PSYoungGen      total 124928K, used 1280K [0x00000000f8300000, 0x0000000100000000, 0x0000000100000000)
  eden space 121344K, 0% used [0x00000000f8300000,0x00000000f8300000,0x00000000ff980000)
  from space 3584K, 35% used [0x00000000ffc80000,0x00000000ffdc0000,0x0000000100000000)
  to   space 3072K, 0% used [0x00000000ff980000,0x00000000ff980000,0x00000000ffc80000)
 ParOldGen       total 134144K, used 114156K [0x00000000f0000000, 0x00000000f8300000, 0x00000000f8300000)
  object space 134144K, 85% used [0x00000000f0000000,0x00000000f6f7b068,0x00000000f8300000)
 Metaspace       used 53498K, capacity 56910K, committed 57088K, reserved 1099776K
  class space    used 6503K, capacity 7087K, committed 7168K, reserved 1048576K
}
{Heap before GC invocations=493 (full 0):
 PSYoungGen      total 124928K, used 122624K [0x00000000f8300000, 0x0000000100000000, 0x0000000100000000)
  eden space 121344K, 100% used [0x00000000f8300000,0x00000000ff980000,0x00000000ff980000)
  from space 3584K, 35% used [0x00000000ffc80000,0x00000000ffdc0000,0x0000000100000000)
  to   space 3072K, 0% used [0x00000000ff980000,0x00000000ff980000,0x00000000ffc80000)
 ParOldGen       total 134144K, used 114156K [0x00000000f0000000, 0x00000000f8300000, 0x00000000f8300000)
  object space 134144K, 85% used [0x00000000f0000000,0x00000000f6f7b068,0x00000000f8300000)
 Metaspace       used 53507K, capacity 56910K, committed 57088K, reserved 1099776K
  class space    used 6503K, capacity 7087K, committed 7168K, reserved 1048576K
2023-10-03T08:46:16.630+0800: 2502.428: [GC (Allocation Failure) [PSYoungGen: 122624K->1312K(124416K)] 236780K->115500K(258560K), 0.0083969 secs] [Times: user=0.05 sys=0.00, real=0.01 secs] 
Heap after GC invocations=493 (full 0):
 PSYoungGen      total 124416K, used 1312K [0x00000000f8300000, 0x0000000100000000, 0x0000000100000000)
  eden space 121344K, 0% used [0x00000000f8300000,0x00000000f8300000,0x00000000ff980000)
  from space 3072K, 42% used [0x00000000ff980000,0x00000000ffac8000,0x00000000ffc80000)
  to   space 3072K, 0% used [0x00000000ffd00000,0x00000000ffd00000,0x0000000100000000)
 ParOldGen       total 134144K, used 114188K [0x00000000f0000000, 0x00000000f8300000, 0x00000000f8300000)
  object space 134144K, 85% used [0x00000000f0000000,0x00000000f6f83068,0x00000000f8300000)
 Metaspace       used 53507K, capacity 56910K, committed 57088K, reserved 1099776K
  class space    used 6503K, capacity 7087K, committed 7168K, reserved 1048576K
}
{Heap before GC invocations=494 (full 0):
 PSYoungGen      total 124416K, used 122656K [0x00000000f8300000, 0x0000000100000000, 0x0000000100000000)
  eden space 121344K, 100% used [0x00000000f8300000,0x00000000ff980000,0x00000000ff980000)
  from space 3072K, 42% used [0x00000000ff980000,0x00000000ffac8000,0x00000000ffc80000)
  to   space 3072K, 0% used [0x00000000ffd00000,0x00000000ffd00000,0x0000000100000000)
 ParOldGen       total 134144K, used 114188K [0x00000000f0000000, 0x00000000f8300000, 0x00000000f8300000)
  object space 134144K, 85% used [0x00000000f0000000,0x00000000f6f83068,0x00000000f8300000)
 Metaspace       used 53507K, capacity 56910K, committed 57088K, reserved 1099776K
  class space    used 6503K, capacity 7087K, committed 7168K, reserved 1048576K
2023-10-03T08:46:20.655+0800: 2506.453: [GC (Allocation Failure) [PSYoungGen: 122656K->1344K(124928K)] 236844K->115596K(259072K), 0.0081683 secs] [Times: user=0.05 sys=0.00, real=0.01 secs] 
Heap after GC invocations=494 (full 0):
 PSYoungGen      total 124928K, used 1344K [0x00000000f8300000, 0x0000000100000000, 0x0000000100000000)
  eden space 121856K, 0% used [0x00000000f8300000,0x00000000f8300000,0x00000000ffa00000)
  from space 3072K, 43% used [0x00000000ffd00000,0x00000000ffe50000,0x0000000100000000)
  to   space 3072K, 0% used [0x00000000ffa00000,0x00000000ffa00000,0x00000000ffd00000)
 ParOldGen       total 134144K, used 114252K [0x00000000f0000000, 0x00000000f8300000, 0x00000000f8300000)
  object space 134144K, 85% used [0x00000000f0000000,0x00000000f6f93068,0x00000000f8300000)
 Metaspace       used 53507K, capacity 56910K, committed 57088K, reserved 1099776K
  class space    used 6503K, capacity 7087K, committed 7168K, reserved 1048576K
}
{Heap before GC invocations=495 (full 0):
 PSYoungGen      total 124928K, used 123200K [0x00000000f8300000, 0x0000000100000000, 0x0000000100000000)
  eden space 121856K, 100% used [0x00000000f8300000,0x00000000ffa00000,0x00000000ffa00000)
  from space 3072K, 43% used [0x00000000ffd00000,0x00000000ffe50000,0x0000000100000000)
  to   space 3072K, 0% used [0x00000000ffa00000,0x00000000ffa00000,0x00000000ffd00000)
 ParOldGen       total 134144K, used 114252K [0x00000000f0000000, 0x00000000f8300000, 0x00000000f8300000)
  object space 134144K, 85% used [0x00000000f0000000,0x00000000f6f93068,0x00000000f8300000)
 Metaspace       used 53507K, capacity 56910K, committed 57088K, reserved 1099776K
  class space    used 6503K, capacity 7087K, committed 7168K, reserved 1048576K
2023-10-03T08:46:24.722+0800: 2510.520: [GC (Allocation Failure) [PSYoungGen: 123200K->1312K(124928K)] 237452K->115636K(259072K), 0.0086269 secs] [Times: user=0.05 sys=0.00, real=0.00 secs] 
Heap after GC invocations=495 (full 0):
 PSYoungGen      total 124928K, used 1312K [0x00000000f8300000, 0x0000000100000000, 0x0000000100000000)
  eden space 121856K, 0% used [0x00000000f8300000,0x00000000f8300000,0x00000000ffa00000)
  from space 3072K, 42% used [0x00000000ffa00000,0x00000000ffb48000,0x00000000ffd00000)
  to   space 3072K, 0% used [0x00000000ffd00000,0x00000000ffd00000,0x0000000100000000)
 ParOldGen       total 134144K, used 114324K [0x00000000f0000000, 0x00000000f8300000, 0x00000000f8300000)
  object space 134144K, 85% used [0x00000000f0000000,0x00000000f6fa5068,0x00000000f8300000)
 Metaspace       used 53507K, capacity 56910K, committed 57088K, reserved 1099776K
  class space    used 6503K, capacity 7087K, committed 7168K, reserved 1048576K
}
{Heap before GC invocations=496 (full 0):
 PSYoungGen      total 124928K, used 123168K [0x00000000f8300000, 0x0000000100000000, 0x0000000100000000)
  eden space 121856K, 100% used [0x00000000f8300000,0x00000000ffa00000,0x00000000ffa00000)
  from space 3072K, 42% used [0x00000000ffa00000,0x00000000ffb48000,0x00000000ffd00000)
  to   space 3072K, 0% used [0x00000000ffd00000,0x00000000ffd00000,0x0000000100000000)
 ParOldGen       total 134144K, used 114324K [0x00000000f0000000, 0x00000000f8300000, 0x00000000f8300000)
  object space 134144K, 85% used [0x00000000f0000000,0x00000000f6fa5068,0x00000000f8300000)
 Metaspace       used 53507K, capacity 56910K, committed 57088K, reserved 1099776K
  class space    used 6503K, capacity 7087K, committed 7168K, reserved 1048576K
2023-10-03T08:46:28.801+0800: 2514.599: [GC (Allocation Failure) [PSYoungGen: 123168K->1440K(124928K)] 237492K->115852K(259072K), 0.0085905 secs] [Times: user=0.05 sys=0.00, real=0.01 secs] 
Heap after GC invocations=496 (full 0):
 PSYoungGen      total 124928K, used 1440K [0x00000000f8300000, 0x0000000100000000, 0x0000000100000000)
  eden space 121856K, 0% used [0x00000000f8300000,0x00000000f8300000,0x00000000ffa00000)
  from space 3072K, 46% used [0x00000000ffd00000,0x00000000ffe68000,0x0000000100000000)
  to   space 3072K, 0% used [0x00000000ffa00000,0x00000000ffa00000,0x00000000ffd00000)
 ParOldGen       total 134144K, used 114412K [0x00000000f0000000, 0x00000000f8300000, 0x00000000f8300000)
  object space 134144K, 85% used [0x00000000f0000000,0x00000000f6fbb068,0x00000000f8300000)
 Metaspace       used 53507K, capacity 56910K, committed 57088K, reserved 1099776K
  class space    used 6503K, capacity 7087K, committed 7168K, reserved 1048576K
}
{Heap before GC invocations=497 (full 0):
 PSYoungGen      total 124928K, used 123296K [0x00000000f8300000, 0x0000000100000000, 0x0000000100000000)
  eden space 121856K, 100% used [0x00000000f8300000,0x00000000ffa00000,0x00000000ffa00000)
  from space 3072K, 46% used [0x00000000ffd00000,0x00000000ffe68000,0x0000000100000000)
  to   space 3072K, 0% used [0x00000000ffa00000,0x00000000ffa00000,0x00000000ffd00000)
 ParOldGen       total 134144K, used 114412K [0x00000000f0000000, 0x00000000f8300000, 0x00000000f8300000)
  object space 134144K, 85% used [0x00000000f0000000,0x00000000f6fbb068,0x00000000f8300000)
 Metaspace       used 53507K, capacity 56910K, committed 57088K, reserved 1099776K
  class space    used 6503K, capacity 7087K, committed 7168K, reserved 1048576K
2023-10-03T08:46:32.853+0800: 2518.651: [GC (Allocation Failure) [PSYoungGen: 123296K->1280K(124928K)] 237708K->115852K(259072K), 0.0085429 secs] [Times: user=0.04 sys=0.01, real=0.00 secs] 
Heap after GC invocations=497 (full 0):
 PSYoungGen      total 124928K, used 1280K [0x00000000f8300000, 0x0000000100000000, 0x0000000100000000)
  eden space 121856K, 0% used [0x00000000f8300000,0x00000000f8300000,0x00000000ffa00000)
  from space 3072K, 41% used [0x00000000ffa00000,0x00000000ffb40000,0x00000000ffd00000)
  to   space 3072K, 0% used [0x00000000ffd00000,0x00000000ffd00000,0x0000000100000000)
 ParOldGen       total 134144K, used 114572K [0x00000000f0000000, 0x00000000f8300000, 0x00000000f8300000)
  object space 134144K, 85% used [0x00000000f0000000,0x00000000f6fe30e8,0x00000000f8300000)
 Metaspace       used 53507K, capacity 56910K, committed 57088K, reserved 1099776K
  class space    used 6503K, capacity 7087K, committed 7168K, reserved 1048576K
}
{Heap before GC invocations=498 (full 0):
 PSYoungGen      total 124928K, used 123136K [0x00000000f8300000, 0x0000000100000000, 0x0000000100000000)
  eden space 121856K, 100% used [0x00000000f8300000,0x00000000ffa00000,0x00000000ffa00000)
  from space 3072K, 41% used [0x00000000ffa00000,0x00000000ffb40000,0x00000000ffd00000)
  to   space 3072K, 0% used [0x00000000ffd00000,0x00000000ffd00000,0x0000000100000000)
 ParOldGen       total 134144K, used 114572K [0x00000000f0000000, 0x00000000f8300000, 0x00000000f8300000)
  object space 134144K, 85% used [0x00000000f0000000,0x00000000f6fe30e8,0x00000000f8300000)
 Metaspace       used 53507K, capacity 56910K, committed 57088K, reserved 1099776K
  class space    used 6503K, capacity 7087K, committed 7168K, reserved 1048576K
2023-10-03T08:46:36.908+0800: 2522.706: [GC (Allocation Failure) [PSYoungGen: 123136K->1312K(124928K)] 237708K->115948K(259072K), 0.0085397 secs] [Times: user=0.05 sys=0.00, real=0.01 secs] 
Heap after GC invocations=498 (full 0):
 PSYoungGen      total 124928K, used 1312K [0x00000000f8300000, 0x0000000100000000, 0x0000000100000000)
  eden space 121856K, 0% used [0x00000000f8300000,0x00000000f8300000,0x00000000ffa00000)
  from space 3072K, 42% used [0x00000000ffd00000,0x00000000ffe48000,0x0000000100000000)
  to   space 3072K, 0% used [0x00000000ffa00000,0x00000000ffa00000,0x00000000ffd00000)
 ParOldGen       total 134144K, used 114636K [0x00000000f0000000, 0x00000000f8300000, 0x00000000f8300000)
  object space 134144K, 85% used [0x00000000f0000000,0x00000000f6ff30e8,0x00000000f8300000)
 Metaspace       used 53507K, capacity 56910K, committed 57088K, reserved 1099776K
  class space    used 6503K, capacity 7087K, committed 7168K, reserved 1048576K
}
{Heap before GC invocations=499 (full 0):
 PSYoungGen      total 124928K, used 123168K [0x00000000f8300000, 0x0000000100000000, 0x0000000100000000)
  eden space 121856K, 100% used [0x00000000f8300000,0x00000000ffa00000,0x00000000ffa00000)
  from space 3072K, 42% used [0x00000000ffd00000,0x00000000ffe48000,0x0000000100000000)
  to   space 3072K, 0% used [0x00000000ffa00000,0x00000000ffa00000,0x00000000ffd00000)
 ParOldGen       total 134144K, used 114636K [0x00000000f0000000, 0x00000000f8300000, 0x00000000f8300000)
  object space 134144K, 85% used [0x00000000f0000000,0x00000000f6ff30e8,0x00000000f8300000)
 Metaspace       used 53507K, capacity 56910K, committed 57088K, reserved 1099776K
  class space    used 6503K, capacity 7087K, committed 7168K, reserved 1048576K
2023-10-03T08:46:40.961+0800: 2526.759: [GC (Allocation Failure) [PSYoungGen: 123168K->1280K(124928K)] 237804K->115996K(259072K), 0.0089944 secs] [Times: user=0.05 sys=0.00, real=0.01 secs] 
Heap after GC invocations=499 (full 0):
 PSYoungGen      total 124928K, used 1280K [0x00000000f8300000, 0x0000000100000000, 0x0000000100000000)
  eden space 121856K, 0% used [0x00000000f8300000,0x00000000f8300000,0x00000000ffa00000)
  from space 3072K, 41% used [0x00000000ffa00000,0x00000000ffb40000,0x00000000ffd00000)
  to   space 2560K, 0% used [0x00000000ffd80000,0x00000000ffd80000,0x0000000100000000)
 ParOldGen       total 134144K, used 114716K [0x00000000f0000000, 0x00000000f8300000, 0x00000000f8300000)
  object space 134144K, 85% used [0x00000000f0000000,0x00000000f70070e8,0x00000000f8300000)
 Metaspace       used 53507K, capacity 56910K, committed 57088K, reserved 1099776K
  class space    used 6503K, capacity 7087K, committed 7168K, reserved 1048576K
}
{Heap before GC invocations=500 (full 0):
 PSYoungGen      total 124928K, used 123136K [0x00000000f8300000, 0x0000000100000000, 0x0000000100000000)
  eden space 121856K, 100% used [0x00000000f8300000,0x00000000ffa00000,0x00000000ffa00000)
  from space 3072K, 41% used [0x00000000ffa00000,0x00000000ffb40000,0x00000000ffd00000)
  to   space 2560K, 0% used [0x00000000ffd80000,0x00000000ffd80000,0x0000000100000000)
 ParOldGen       total 134144K, used 114716K [0x00000000f0000000, 0x00000000f8300000, 0x00000000f8300000)
  object space 134144K, 85% used [0x00000000f0000000,0x00000000f70070e8,0x00000000f8300000)
 Metaspace       used 53507K, capacity 56910K, committed 57088K, reserved 1099776K
  class space    used 6503K, capacity 7087K, committed 7168K, reserved 1048576K
2023-10-03T08:46:45.010+0800: 2530.808: [GC (Allocation Failure) [PSYoungGen: 123136K->1376K(125440K)] 237852K->116116K(259584K), 0.0081735 secs] [Times: user=0.06 sys=0.01, real=0.01 secs] 
Heap after GC invocations=500 (full 0):
 PSYoungGen      total 125440K, used 1376K [0x00000000f8300000, 0x0000000100000000, 0x0000000100000000)
  eden space 122880K, 0% used [0x00000000f8300000,0x00000000f8300000,0x00000000ffb00000)
  from space 2560K, 53% used [0x00000000ffd80000,0x00000000ffed8000,0x0000000100000000)
  to   space 2560K, 0% used [0x00000000ffb00000,0x00000000ffb00000,0x00000000ffd80000)
 ParOldGen       total 134144K, used 114740K [0x00000000f0000000, 0x00000000f8300000, 0x00000000f8300000)
  object space 134144K, 85% used [0x00000000f0000000,0x00000000f700d0e8,0x00000000f8300000)
 Metaspace       used 53507K, capacity 56910K, committed 57088K, reserved 1099776K
  class space    used 6503K, capacity 7087K, committed 7168K, reserved 1048576K
}
{Heap before GC invocations=501 (full 0):
 PSYoungGen      total 125440K, used 124256K [0x00000000f8300000, 0x0000000100000000, 0x0000000100000000)
  eden space 122880K, 100% used [0x00000000f8300000,0x00000000ffb00000,0x00000000ffb00000)
  from space 2560K, 53% used [0x00000000ffd80000,0x00000000ffed8000,0x0000000100000000)
  to   space 2560K, 0% used [0x00000000ffb00000,0x00000000ffb00000,0x00000000ffd80000)
 ParOldGen       total 134144K, used 114740K [0x00000000f0000000, 0x00000000f8300000, 0x00000000f8300000)
  object space 134144K, 85% used [0x00000000f0000000,0x00000000f700d0e8,0x00000000f8300000)
 Metaspace       used 53507K, capacity 56910K, committed 57088K, reserved 1099776K
  class space    used 6503K, capacity 7087K, committed 7168K, reserved 1048576K
2023-10-03T08:46:49.311+0800: 2535.109: [GC (Allocation Failure) [PSYoungGen: 124256K->1248K(125440K)] 238996K->116084K(259584K), 0.0040597 secs] [Times: user=0.03 sys=0.00, real=0.01 secs] 
Heap after GC invocations=501 (full 0):
 PSYoungGen      total 125440K, used 1248K [0x00000000f8300000, 0x0000000100000000, 0x0000000100000000)
  eden space 122880K, 0% used [0x00000000f8300000,0x00000000f8300000,0x00000000ffb00000)
  from space 2560K, 48% used [0x00000000ffb00000,0x00000000ffc38000,0x00000000ffd80000)
  to   space 2560K, 0% used [0x00000000ffd80000,0x00000000ffd80000,0x0000000100000000)
 ParOldGen       total 134144K, used 114836K [0x00000000f0000000, 0x00000000f8300000, 0x00000000f8300000)
  object space 134144K, 85% used [0x00000000f0000000,0x00000000f70250e8,0x00000000f8300000)
 Metaspace       used 53507K, capacity 56910K, committed 57088K, reserved 1099776K
  class space    used 6503K, capacity 7087K, committed 7168K, reserved 1048576K
}
{Heap before GC invocations=502 (full 0):
 PSYoungGen      total 125440K, used 124128K [0x00000000f8300000, 0x0000000100000000, 0x0000000100000000)
  eden space 122880K, 100% used [0x00000000f8300000,0x00000000ffb00000,0x00000000ffb00000)
  from space 2560K, 48% used [0x00000000ffb00000,0x00000000ffc38000,0x00000000ffd80000)
  to   space 2560K, 0% used [0x00000000ffd80000,0x00000000ffd80000,0x0000000100000000)
 ParOldGen       total 134144K, used 114836K [0x00000000f0000000, 0x00000000f8300000, 0x00000000f8300000)
  object space 134144K, 85% used [0x00000000f0000000,0x00000000f70250e8,0x00000000f8300000)
 Metaspace       used 53507K, capacity 56910K, committed 57088K, reserved 1099776K
  class space    used 6503K, capacity 7087K, committed 7168K, reserved 1048576K
2023-10-03T08:46:53.363+0800: 2539.161: [GC (Allocation Failure) [PSYoungGen: 124128K->1312K(125440K)] 238964K->116228K(259584K), 0.0062401 secs] [Times: user=0.05 sys=0.00, real=0.00 secs] 
Heap after GC invocations=502 (full 0):
 PSYoungGen      total 125440K, used 1312K [0x00000000f8300000, 0x0000000100000000, 0x0000000100000000)
  eden space 122880K, 0% used [0x00000000f8300000,0x00000000f8300000,0x00000000ffb00000)
  from space 2560K, 51% used [0x00000000ffd80000,0x00000000ffec8000,0x0000000100000000)
  to   space 2560K, 0% used [0x00000000ffb00000,0x00000000ffb00000,0x00000000ffd80000)
 ParOldGen       total 134144K, used 114916K [0x00000000f0000000, 0x00000000f8300000, 0x00000000f8300000)
  object space 134144K, 85% used [0x00000000f0000000,0x00000000f70390e8,0x00000000f8300000)
 Metaspace       used 53507K, capacity 56910K, committed 57088K, reserved 1099776K
  class space    used 6503K, capacity 7087K, committed 7168K, reserved 1048576K
}
{Heap before GC invocations=503 (full 0):
 PSYoungGen      total 125440K, used 124192K [0x00000000f8300000, 0x0000000100000000, 0x0000000100000000)
  eden space 122880K, 100% used [0x00000000f8300000,0x00000000ffb00000,0x00000000ffb00000)
  from space 2560K, 51% used [0x00000000ffd80000,0x00000000ffec8000,0x0000000100000000)
  to   space 2560K, 0% used [0x00000000ffb00000,0x00000000ffb00000,0x00000000ffd80000)
 ParOldGen       total 134144K, used 114916K [0x00000000f0000000, 0x00000000f8300000, 0x00000000f8300000)
  object space 134144K, 85% used [0x00000000f0000000,0x00000000f70390e8,0x00000000f8300000)
 Metaspace       used 53507K, capacity 56910K, committed 57088K, reserved 1099776K
  class space    used 6503K, capacity 7087K, committed 7168K, reserved 1048576K
2023-10-03T08:46:57.419+0800: 2543.217: [GC (Allocation Failure) [PSYoungGen: 124192K->1344K(125440K)] 239108K->116340K(259584K), 0.0067485 secs] [Times: user=0.05 sys=0.01, real=0.01 secs] 
Heap after GC invocations=503 (full 0):
 PSYoungGen      total 125440K, used 1344K [0x00000000f8300000, 0x0000000100000000, 0x0000000100000000)
  eden space 122880K, 0% used [0x00000000f8300000,0x00000000f8300000,0x00000000ffb00000)
  from space 2560K, 52% used [0x00000000ffb00000,0x00000000ffc50000,0x00000000ffd80000)
  to   space 2560K, 0% used [0x00000000ffd80000,0x00000000ffd80000,0x0000000100000000)
 ParOldGen       total 134144K, used 114996K [0x00000000f0000000, 0x00000000f8300000, 0x00000000f8300000)
  object space 134144K, 85% used [0x00000000f0000000,0x00000000f704d0e8,0x00000000f8300000)
 Metaspace       used 53507K, capacity 56910K, committed 57088K, reserved 1099776K
  class space    used 6503K, capacity 7087K, committed 7168K, reserved 1048576K
}
{Heap before GC invocations=504 (full 0):
 PSYoungGen      total 125440K, used 124224K [0x00000000f8300000, 0x0000000100000000, 0x0000000100000000)
  eden space 122880K, 100% used [0x00000000f8300000,0x00000000ffb00000,0x00000000ffb00000)
  from space 2560K, 52% used [0x00000000ffb00000,0x00000000ffc50000,0x00000000ffd80000)
  to   space 2560K, 0% used [0x00000000ffd80000,0x00000000ffd80000,0x0000000100000000)
 ParOldGen       total 134144K, used 114996K [0x00000000f0000000, 0x00000000f8300000, 0x00000000f8300000)
  object space 134144K, 85% used [0x00000000f0000000,0x00000000f704d0e8,0x00000000f8300000)
 Metaspace       used 53507K, capacity 56910K, committed 57088K, reserved 1099776K
  class space    used 6503K, capacity 7087K, committed 7168K, reserved 1048576K
2023-10-03T08:47:01.473+0800: 2547.271: [GC (Allocation Failure) [PSYoungGen: 124224K->1344K(125440K)] 239220K->116404K(259584K), 0.0085840 secs] [Times: user=0.05 sys=0.00, real=0.00 secs] 
Heap after GC invocations=504 (full 0):
 PSYoungGen      total 125440K, used 1344K [0x00000000f8300000, 0x0000000100000000, 0x0000000100000000)
  eden space 122880K, 0% used [0x00000000f8300000,0x00000000f8300000,0x00000000ffb00000)
  from space 2560K, 52% used [0x00000000ffd80000,0x00000000ffed0000,0x0000000100000000)
  to   space 2560K, 0% used [0x00000000ffb00000,0x00000000ffb00000,0x00000000ffd80000)
 ParOldGen       total 134144K, used 115060K [0x00000000f0000000, 0x00000000f8300000, 0x00000000f8300000)
  object space 134144K, 85% used [0x00000000f0000000,0x00000000f705d0e8,0x00000000f8300000)
 Metaspace       used 53507K, capacity 56910K, committed 57088K, reserved 1099776K
  class space    used 6503K, capacity 7087K, committed 7168K, reserved 1048576K
}
{Heap before GC invocations=505 (full 0):
 PSYoungGen      total 125440K, used 124224K [0x00000000f8300000, 0x0000000100000000, 0x0000000100000000)
  eden space 122880K, 100% used [0x00000000f8300000,0x00000000ffb00000,0x00000000ffb00000)
  from space 2560K, 52% used [0x00000000ffd80000,0x00000000ffed0000,0x0000000100000000)
  to   space 2560K, 0% used [0x00000000ffb00000,0x00000000ffb00000,0x00000000ffd80000)
 ParOldGen       total 134144K, used 115060K [0x00000000f0000000, 0x00000000f8300000, 0x00000000f8300000)
  object space 134144K, 85% used [0x00000000f0000000,0x00000000f705d0e8,0x00000000f8300000)
 Metaspace       used 53507K, capacity 56910K, committed 57088K, reserved 1099776K
  class space    used 6503K, capacity 7087K, committed 7168K, reserved 1048576K
2023-10-03T08:47:05.531+0800: 2551.329: [GC (Allocation Failure) [PSYoungGen: 124224K->1536K(125440K)] 239284K->116676K(259584K), 0.0081090 secs] [Times: user=0.05 sys=0.00, real=0.01 secs] 
Heap after GC invocations=505 (full 0):
 PSYoungGen      total 125440K, used 1536K [0x00000000f8300000, 0x0000000100000000, 0x0000000100000000)
  eden space 122880K, 0% used [0x00000000f8300000,0x00000000f8300000,0x00000000ffb00000)
  from space 2560K, 60% used [0x00000000ffb00000,0x00000000ffc80000,0x00000000ffd80000)
  to   space 2560K, 0% used [0x00000000ffd80000,0x00000000ffd80000,0x0000000100000000)
 ParOldGen       total 134144K, used 115140K [0x00000000f0000000, 0x00000000f8300000, 0x00000000f8300000)
  object space 134144K, 85% used [0x00000000f0000000,0x00000000f70710e8,0x00000000f8300000)
 Metaspace       used 53507K, capacity 56910K, committed 57088K, reserved 1099776K
  class space    used 6503K, capacity 7087K, committed 7168K, reserved 1048576K
}
{Heap before GC invocations=506 (full 0):
 PSYoungGen      total 125440K, used 124416K [0x00000000f8300000, 0x0000000100000000, 0x0000000100000000)
  eden space 122880K, 100% used [0x00000000f8300000,0x00000000ffb00000,0x00000000ffb00000)
  from space 2560K, 60% used [0x00000000ffb00000,0x00000000ffc80000,0x00000000ffd80000)
  to   space 2560K, 0% used [0x00000000ffd80000,0x00000000ffd80000,0x0000000100000000)
 ParOldGen       total 134144K, used 115140K [0x00000000f0000000, 0x00000000f8300000, 0x00000000f8300000)
  object space 134144K, 85% used [0x00000000f0000000,0x00000000f70710e8,0x00000000f8300000)
 Metaspace       used 53509K, capacity 56910K, committed 57088K, reserved 1099776K
  class space    used 6503K, capacity 7087K, committed 7168K, reserved 1048576K
2023-10-03T08:47:09.590+0800: 2555.388: [GC (Allocation Failure) [PSYoungGen: 124416K->1312K(125440K)] 239556K->116716K(259584K), 0.0084801 secs] [Times: user=0.05 sys=0.00, real=0.01 secs] 
Heap after GC invocations=506 (full 0):
 PSYoungGen      total 125440K, used 1312K [0x00000000f8300000, 0x0000000100000000, 0x0000000100000000)
  eden space 122880K, 0% used [0x00000000f8300000,0x00000000f8300000,0x00000000ffb00000)
  from space 2560K, 51% used [0x00000000ffd80000,0x00000000ffec8000,0x0000000100000000)
  to   space 2560K, 0% used [0x00000000ffb00000,0x00000000ffb00000,0x00000000ffd80000)
 ParOldGen       total 134144K, used 115404K [0x00000000f0000000, 0x00000000f8300000, 0x00000000f8300000)
  object space 134144K, 86% used [0x00000000f0000000,0x00000000f70b3228,0x00000000f8300000)
 Metaspace       used 53509K, capacity 56910K, committed 57088K, reserved 1099776K
  class space    used 6503K, capacity 7087K, committed 7168K, reserved 1048576K
}
{Heap before GC invocations=507 (full 0):
 PSYoungGen      total 125440K, used 124192K [0x00000000f8300000, 0x0000000100000000, 0x0000000100000000)
  eden space 122880K, 100% used [0x00000000f8300000,0x00000000ffb00000,0x00000000ffb00000)
  from space 2560K, 51% used [0x00000000ffd80000,0x00000000ffec8000,0x0000000100000000)
  to   space 2560K, 0% used [0x00000000ffb00000,0x00000000ffb00000,0x00000000ffd80000)
 ParOldGen       total 134144K, used 115404K [0x00000000f0000000, 0x00000000f8300000, 0x00000000f8300000)
  object space 134144K, 86% used [0x00000000f0000000,0x00000000f70b3228,0x00000000f8300000)
 Metaspace       used 53509K, capacity 56910K, committed 57088K, reserved 1099776K
  class space    used 6503K, capacity 7087K, committed 7168K, reserved 1048576K
2023-10-03T08:47:13.647+0800: 2559.445: [GC (Allocation Failure) [PSYoungGen: 124192K->1344K(125440K)] 239596K->116828K(259584K), 0.0086424 secs] [Times: user=0.05 sys=0.00, real=0.01 secs] 
Heap after GC invocations=507 (full 0):
 PSYoungGen      total 125440K, used 1344K [0x00000000f8300000, 0x0000000100000000, 0x0000000100000000)
  eden space 122880K, 0% used [0x00000000f8300000,0x00000000f8300000,0x00000000ffb00000)
  from space 2560K, 52% used [0x00000000ffb00000,0x00000000ffc50000,0x00000000ffd80000)
  to   space 2560K, 0% used [0x00000000ffd80000,0x00000000ffd80000,0x0000000100000000)
 ParOldGen       total 134144K, used 115484K [0x00000000f0000000, 0x00000000f8300000, 0x00000000f8300000)
  object space 134144K, 86% used [0x00000000f0000000,0x00000000f70c7228,0x00000000f8300000)
 Metaspace       used 53509K, capacity 56910K, committed 57088K, reserved 1099776K
  class space    used 6503K, capacity 7087K, committed 7168K, reserved 1048576K
}
{Heap before GC invocations=508 (full 0):
 PSYoungGen      total 125440K, used 124224K [0x00000000f8300000, 0x0000000100000000, 0x0000000100000000)
  eden space 122880K, 100% used [0x00000000f8300000,0x00000000ffb00000,0x00000000ffb00000)
  from space 2560K, 52% used [0x00000000ffb00000,0x00000000ffc50000,0x00000000ffd80000)
  to   space 2560K, 0% used [0x00000000ffd80000,0x00000000ffd80000,0x0000000100000000)
 ParOldGen       total 134144K, used 115484K [0x00000000f0000000, 0x00000000f8300000, 0x00000000f8300000)
  object space 134144K, 86% used [0x00000000f0000000,0x00000000f70c7228,0x00000000f8300000)
 Metaspace       used 53511K, capacity 56910K, committed 57088K, reserved 1099776K
  class space    used 6503K, capacity 7087K, committed 7168K, reserved 1048576K
2023-10-03T08:47:17.703+0800: 2563.501: [GC (Allocation Failure) [PSYoungGen: 124224K->1312K(125952K)] 239708K->116884K(260096K), 0.0085100 secs] [Times: user=0.05 sys=0.00, real=0.00 secs] 
Heap after GC invocations=508 (full 0):
 PSYoungGen      total 125952K, used 1312K [0x00000000f8300000, 0x0000000100000000, 0x0000000100000000)
  eden space 123392K, 0% used [0x00000000f8300000,0x00000000f8300000,0x00000000ffb80000)
  from space 2560K, 51% used [0x00000000ffd80000,0x00000000ffec8000,0x0000000100000000)
  to   space 2048K, 0% used [0x00000000ffb80000,0x00000000ffb80000,0x00000000ffd80000)
 ParOldGen       total 134144K, used 115572K [0x00000000f0000000, 0x00000000f8300000, 0x00000000f8300000)
  object space 134144K, 86% used [0x00000000f0000000,0x00000000f70dd228,0x00000000f8300000)
 Metaspace       used 53511K, capacity 56910K, committed 57088K, reserved 1099776K
  class space    used 6503K, capacity 7087K, committed 7168K, reserved 1048576K
}
{Heap before GC invocations=509 (full 0):
 PSYoungGen      total 125952K, used 124704K [0x00000000f8300000, 0x0000000100000000, 0x0000000100000000)
  eden space 123392K, 100% used [0x00000000f8300000,0x00000000ffb80000,0x00000000ffb80000)
  from space 2560K, 51% used [0x00000000ffd80000,0x00000000ffec8000,0x0000000100000000)
  to   space 2048K, 0% used [0x00000000ffb80000,0x00000000ffb80000,0x00000000ffd80000)
 ParOldGen       total 134144K, used 115572K [0x00000000f0000000, 0x00000000f8300000, 0x00000000f8300000)
  object space 134144K, 86% used [0x00000000f0000000,0x00000000f70dd228,0x00000000f8300000)
 Metaspace       used 53511K, capacity 56910K, committed 57088K, reserved 1099776K
  class space    used 6503K, capacity 7087K, committed 7168K, reserved 1048576K
2023-10-03T08:47:21.842+0800: 2567.640: [GC (Allocation Failure) [PSYoungGen: 124704K->1312K(125440K)] 240276K->116972K(259584K), 0.0086799 secs] [Times: user=0.06 sys=0.00, real=0.01 secs] 
Heap after GC invocations=509 (full 0):
 PSYoungGen      total 125440K, used 1312K [0x00000000f8300000, 0x0000000100000000, 0x0000000100000000)
  eden space 123392K, 0% used [0x00000000f8300000,0x00000000f8300000,0x00000000ffb80000)
  from space 2048K, 64% used [0x00000000ffb80000,0x00000000ffcc8000,0x00000000ffd80000)
  to   space 2048K, 0% used [0x00000000ffe00000,0x00000000ffe00000,0x0000000100000000)
 ParOldGen       total 134144K, used 115660K [0x00000000f0000000, 0x00000000f8300000, 0x00000000f8300000)
  object space 134144K, 86% used [0x00000000f0000000,0x00000000f70f3228,0x00000000f8300000)
 Metaspace       used 53511K, capacity 56910K, committed 57088K, reserved 1099776K
  class space    used 6503K, capacity 7087K, committed 7168K, reserved 1048576K
}
{Heap before GC invocations=510 (full 0):
 PSYoungGen      total 125440K, used 124704K [0x00000000f8300000, 0x0000000100000000, 0x0000000100000000)
  eden space 123392K, 100% used [0x00000000f8300000,0x00000000ffb80000,0x00000000ffb80000)
  from space 2048K, 64% used [0x00000000ffb80000,0x00000000ffcc8000,0x00000000ffd80000)
  to   space 2048K, 0% used [0x00000000ffe00000,0x00000000ffe00000,0x0000000100000000)
 ParOldGen       total 134144K, used 115660K [0x00000000f0000000, 0x00000000f8300000, 0x00000000f8300000)
  object space 134144K, 86% used [0x00000000f0000000,0x00000000f70f3228,0x00000000f8300000)
 Metaspace       used 53511K, capacity 56910K, committed 57088K, reserved 1099776K
  class space    used 6503K, capacity 7087K, committed 7168K, reserved 1048576K
2023-10-03T08:47:26.167+0800: 2571.965: [GC (Allocation Failure) [PSYoungGen: 124704K->1248K(125952K)] 240364K->116988K(260096K), 0.0085037 secs] [Times: user=0.05 sys=0.00, real=0.01 secs] 
Heap after GC invocations=510 (full 0):
 PSYoungGen      total 125952K, used 1248K [0x00000000f8300000, 0x0000000100000000, 0x0000000100000000)
  eden space 123904K, 0% used [0x00000000f8300000,0x00000000f8300000,0x00000000ffc00000)
  from space 2048K, 60% used [0x00000000ffe00000,0x00000000fff38000,0x0000000100000000)
  to   space 2048K, 0% used [0x00000000ffc00000,0x00000000ffc00000,0x00000000ffe00000)
 ParOldGen       total 134144K, used 115740K [0x00000000f0000000, 0x00000000f8300000, 0x00000000f8300000)
  object space 134144K, 86% used [0x00000000f0000000,0x00000000f7107228,0x00000000f8300000)
 Metaspace       used 53511K, capacity 56910K, committed 57088K, reserved 1099776K
  class space    used 6503K, capacity 7087K, committed 7168K, reserved 1048576K
}
{Heap before GC invocations=511 (full 0):
 PSYoungGen      total 125952K, used 125152K [0x00000000f8300000, 0x0000000100000000, 0x0000000100000000)
  eden space 123904K, 100% used [0x00000000f8300000,0x00000000ffc00000,0x00000000ffc00000)
  from space 2048K, 60% used [0x00000000ffe00000,0x00000000fff38000,0x0000000100000000)
  to   space 2048K, 0% used [0x00000000ffc00000,0x00000000ffc00000,0x00000000ffe00000)
 ParOldGen       total 134144K, used 115740K [0x00000000f0000000, 0x00000000f8300000, 0x00000000f8300000)
  object space 134144K, 86% used [0x00000000f0000000,0x00000000f7107228,0x00000000f8300000)
 Metaspace       used 53511K, capacity 56910K, committed 57088K, reserved 1099776K
  class space    used 6503K, capacity 7087K, committed 7168K, reserved 1048576K
2023-10-03T08:47:30.228+0800: 2576.026: [GC (Allocation Failure) [PSYoungGen: 125152K->1312K(125952K)] 240892K->117100K(260096K), 0.0035794 secs] [Times: user=0.02 sys=0.00, real=0.00 secs] 
Heap after GC invocations=511 (full 0):
 PSYoungGen      total 125952K, used 1312K [0x00000000f8300000, 0x0000000100000000, 0x0000000100000000)
  eden space 123904K, 0% used [0x00000000f8300000,0x00000000f8300000,0x00000000ffc00000)
  from space 2048K, 64% used [0x00000000ffc00000,0x00000000ffd48000,0x00000000ffe00000)
  to   space 2048K, 0% used [0x00000000ffe00000,0x00000000ffe00000,0x0000000100000000)
 ParOldGen       total 134144K, used 115788K [0x00000000f0000000, 0x00000000f8300000, 0x00000000f8300000)
  object space 134144K, 86% used [0x00000000f0000000,0x00000000f7113228,0x00000000f8300000)
 Metaspace       used 53511K, capacity 56910K, committed 57088K, reserved 1099776K
  class space    used 6503K, capacity 7087K, committed 7168K, reserved 1048576K
}
{Heap before GC invocations=512 (full 0):
 PSYoungGen      total 125952K, used 125216K [0x00000000f8300000, 0x0000000100000000, 0x0000000100000000)
  eden space 123904K, 100% used [0x00000000f8300000,0x00000000ffc00000,0x00000000ffc00000)
  from space 2048K, 64% used [0x00000000ffc00000,0x00000000ffd48000,0x00000000ffe00000)
  to   space 2048K, 0% used [0x00000000ffe00000,0x00000000ffe00000,0x0000000100000000)
 ParOldGen       total 134144K, used 115788K [0x00000000f0000000, 0x00000000f8300000, 0x00000000f8300000)
  object space 134144K, 86% used [0x00000000f0000000,0x00000000f7113228,0x00000000f8300000)
 Metaspace       used 53511K, capacity 56910K, committed 57088K, reserved 1099776K
  class space    used 6503K, capacity 7087K, committed 7168K, reserved 1048576K
2023-10-03T08:47:34.285+0800: 2580.083: [GC (Allocation Failure) [PSYoungGen: 125216K->1312K(125952K)] 241004K->117204K(260096K), 0.0081975 secs] [Times: user=0.05 sys=0.00, real=0.01 secs] 
Heap after GC invocations=512 (full 0):
 PSYoungGen      total 125952K, used 1312K [0x00000000f8300000, 0x0000000100000000, 0x0000000100000000)
  eden space 123904K, 0% used [0x00000000f8300000,0x00000000f8300000,0x00000000ffc00000)
  from space 2048K, 64% used [0x00000000ffe00000,0x00000000fff48000,0x0000000100000000)
  to   space 2048K, 0% used [0x00000000ffc00000,0x00000000ffc00000,0x00000000ffe00000)
 ParOldGen       total 134144K, used 115892K [0x00000000f0000000, 0x00000000f8300000, 0x00000000f8300000)
  object space 134144K, 86% used [0x00000000f0000000,0x00000000f712d228,0x00000000f8300000)
 Metaspace       used 53511K, capacity 56910K, committed 57088K, reserved 1099776K
  class space    used 6503K, capacity 7087K, committed 7168K, reserved 1048576K
}
{Heap before GC invocations=513 (full 0):
 PSYoungGen      total 125952K, used 125216K [0x00000000f8300000, 0x0000000100000000, 0x0000000100000000)
  eden space 123904K, 100% used [0x00000000f8300000,0x00000000ffc00000,0x00000000ffc00000)
  from space 2048K, 64% used [0x00000000ffe00000,0x00000000fff48000,0x0000000100000000)
  to   space 2048K, 0% used [0x00000000ffc00000,0x00000000ffc00000,0x00000000ffe00000)
 ParOldGen       total 134144K, used 115892K [0x00000000f0000000, 0x00000000f8300000, 0x00000000f8300000)
  object space 134144K, 86% used [0x00000000f0000000,0x00000000f712d228,0x00000000f8300000)
 Metaspace       used 53511K, capacity 56910K, committed 57088K, reserved 1099776K
  class space    used 6503K, capacity 7087K, committed 7168K, reserved 1048576K
2023-10-03T08:47:38.348+0800: 2584.146: [GC (Allocation Failure) [PSYoungGen: 125216K->1312K(125952K)] 241108K->117300K(260096K), 0.0063004 secs] [Times: user=0.05 sys=0.00, real=0.01 secs] 
Heap after GC invocations=513 (full 0):
 PSYoungGen      total 125952K, used 1312K [0x00000000f8300000, 0x0000000100000000, 0x0000000100000000)
  eden space 123904K, 0% used [0x00000000f8300000,0x00000000f8300000,0x00000000ffc00000)
  from space 2048K, 64% used [0x00000000ffc00000,0x00000000ffd48000,0x00000000ffe00000)
  to   space 2048K, 0% used [0x00000000ffe00000,0x00000000ffe00000,0x0000000100000000)
 ParOldGen       total 134144K, used 115988K [0x00000000f0000000, 0x00000000f8300000, 0x00000000f8300000)
  object space 134144K, 86% used [0x00000000f0000000,0x00000000f7145228,0x00000000f8300000)
 Metaspace       used 53511K, capacity 56910K, committed 57088K, reserved 1099776K
  class space    used 6503K, capacity 7087K, committed 7168K, reserved 1048576K
}
{Heap before GC invocations=514 (full 0):
 PSYoungGen      total 125952K, used 125216K [0x00000000f8300000, 0x0000000100000000, 0x0000000100000000)
  eden space 123904K, 100% used [0x00000000f8300000,0x00000000ffc00000,0x00000000ffc00000)
  from space 2048K, 64% used [0x00000000ffc00000,0x00000000ffd48000,0x00000000ffe00000)
  to   space 2048K, 0% used [0x00000000ffe00000,0x00000000ffe00000,0x0000000100000000)
 ParOldGen       total 134144K, used 115988K [0x00000000f0000000, 0x00000000f8300000, 0x00000000f8300000)
  object space 134144K, 86% used [0x00000000f0000000,0x00000000f7145228,0x00000000f8300000)
 Metaspace       used 53511K, capacity 56910K, committed 57088K, reserved 1099776K
  class space    used 6503K, capacity 7087K, committed 7168K, reserved 1048576K
2023-10-03T08:47:42.408+0800: 2588.206: [GC (Allocation Failure) [PSYoungGen: 125216K->1312K(125952K)] 241204K->117388K(260096K), 0.0084436 secs] [Times: user=0.05 sys=0.00, real=0.01 secs] 
Heap after GC invocations=514 (full 0):
 PSYoungGen      total 125952K, used 1312K [0x00000000f8300000, 0x0000000100000000, 0x0000000100000000)
  eden space 123904K, 0% used [0x00000000f8300000,0x00000000f8300000,0x00000000ffc00000)
  from space 2048K, 64% used [0x00000000ffe00000,0x00000000fff48000,0x0000000100000000)
  to   space 2048K, 0% used [0x00000000ffc00000,0x00000000ffc00000,0x00000000ffe00000)
 ParOldGen       total 134144K, used 116076K [0x00000000f0000000, 0x00000000f8300000, 0x00000000f8300000)
  object space 134144K, 86% used [0x00000000f0000000,0x00000000f715b228,0x00000000f8300000)
 Metaspace       used 53511K, capacity 56910K, committed 57088K, reserved 1099776K
  class space    used 6503K, capacity 7087K, committed 7168K, reserved 1048576K
}
{Heap before GC invocations=515 (full 0):
 PSYoungGen      total 125952K, used 125216K [0x00000000f8300000, 0x0000000100000000, 0x0000000100000000)
  eden space 123904K, 100% used [0x00000000f8300000,0x00000000ffc00000,0x00000000ffc00000)
  from space 2048K, 64% used [0x00000000ffe00000,0x00000000fff48000,0x0000000100000000)
  to   space 2048K, 0% used [0x00000000ffc00000,0x00000000ffc00000,0x00000000ffe00000)
 ParOldGen       total 134144K, used 116076K [0x00000000f0000000, 0x00000000f8300000, 0x00000000f8300000)
  object space 134144K, 86% used [0x00000000f0000000,0x00000000f715b228,0x00000000f8300000)
 Metaspace       used 53511K, capacity 56910K, committed 57088K, reserved 1099776K
  class space    used 6503K, capacity 7087K, committed 7168K, reserved 1048576K
2023-10-03T08:47:46.480+0800: 2592.278: [GC (Allocation Failure) [PSYoungGen: 125216K->1344K(125952K)] 241292K->117516K(260096K), 0.0086532 secs] [Times: user=0.05 sys=0.00, real=0.01 secs] 
Heap after GC invocations=515 (full 0):
 PSYoungGen      total 125952K, used 1344K [0x00000000f8300000, 0x0000000100000000, 0x0000000100000000)
  eden space 123904K, 0% used [0x00000000f8300000,0x00000000f8300000,0x00000000ffc00000)
  from space 2048K, 65% used [0x00000000ffc00000,0x00000000ffd50000,0x00000000ffe00000)
  to   space 2048K, 0% used [0x00000000ffe00000,0x00000000ffe00000,0x0000000100000000)
 ParOldGen       total 134144K, used 116172K [0x00000000f0000000, 0x00000000f8300000, 0x00000000f8300000)
  object space 134144K, 86% used [0x00000000f0000000,0x00000000f7173228,0x00000000f8300000)
 Metaspace       used 53511K, capacity 56910K, committed 57088K, reserved 1099776K
  class space    used 6503K, capacity 7087K, committed 7168K, reserved 1048576K
}
{Heap before GC invocations=516 (full 0):
 PSYoungGen      total 125952K, used 125248K [0x00000000f8300000, 0x0000000100000000, 0x0000000100000000)
  eden space 123904K, 100% used [0x00000000f8300000,0x00000000ffc00000,0x00000000ffc00000)
  from space 2048K, 65% used [0x00000000ffc00000,0x00000000ffd50000,0x00000000ffe00000)
  to   space 2048K, 0% used [0x00000000ffe00000,0x00000000ffe00000,0x0000000100000000)
 ParOldGen       total 134144K, used 116172K [0x00000000f0000000, 0x00000000f8300000, 0x00000000f8300000)
  object space 134144K, 86% used [0x00000000f0000000,0x00000000f7173228,0x00000000f8300000)
 Metaspace       used 53511K, capacity 56910K, committed 57088K, reserved 1099776K
  class space    used 6503K, capacity 7087K, committed 7168K, reserved 1048576K
2023-10-03T08:47:50.626+0800: 2596.424: [GC (Allocation Failure) [PSYoungGen: 125248K->1248K(125952K)] 241420K->117524K(260096K), 0.0083691 secs] [Times: user=0.05 sys=0.00, real=0.01 secs] 
Heap after GC invocations=516 (full 0):
 PSYoungGen      total 125952K, used 1248K [0x00000000f8300000, 0x0000000100000000, 0x0000000100000000)
  eden space 123904K, 0% used [0x00000000f8300000,0x00000000f8300000,0x00000000ffc00000)
  from space 2048K, 60% used [0x00000000ffe00000,0x00000000fff38000,0x0000000100000000)
  to   space 2048K, 0% used [0x00000000ffc00000,0x00000000ffc00000,0x00000000ffe00000)
 ParOldGen       total 134144K, used 116276K [0x00000000f0000000, 0x00000000f8300000, 0x00000000f8300000)
  object space 134144K, 86% used [0x00000000f0000000,0x00000000f718d228,0x00000000f8300000)
 Metaspace       used 53511K, capacity 56910K, committed 57088K, reserved 1099776K
  class space    used 6503K, capacity 7087K, committed 7168K, reserved 1048576K
}
{Heap before GC invocations=517 (full 0):
 PSYoungGen      total 125952K, used 125152K [0x00000000f8300000, 0x0000000100000000, 0x0000000100000000)
  eden space 123904K, 100% used [0x00000000f8300000,0x00000000ffc00000,0x00000000ffc00000)
  from space 2048K, 60% used [0x00000000ffe00000,0x00000000fff38000,0x0000000100000000)
  to   space 2048K, 0% used [0x00000000ffc00000,0x00000000ffc00000,0x00000000ffe00000)
 ParOldGen       total 134144K, used 116276K [0x00000000f0000000, 0x00000000f8300000, 0x00000000f8300000)
  object space 134144K, 86% used [0x00000000f0000000,0x00000000f718d228,0x00000000f8300000)
 Metaspace       used 53533K, capacity 56910K, committed 57088K, reserved 1099776K
  class space    used 6503K, capacity 7087K, committed 7168K, reserved 1048576K
2023-10-03T08:47:54.960+0800: 2600.758: [GC (Allocation Failure) [PSYoungGen: 125152K->1376K(125952K)] 241428K->117724K(260096K), 0.0060901 secs] [Times: user=0.05 sys=0.00, real=0.01 secs] 
Heap after GC invocations=517 (full 0):
 PSYoungGen      total 125952K, used 1376K [0x00000000f8300000, 0x0000000100000000, 0x0000000100000000)
  eden space 123904K, 0% used [0x00000000f8300000,0x00000000f8300000,0x00000000ffc00000)
  from space 2048K, 67% used [0x00000000ffc00000,0x00000000ffd58000,0x00000000ffe00000)
  to   space 2048K, 0% used [0x00000000ffe00000,0x00000000ffe00000,0x0000000100000000)
 ParOldGen       total 134144K, used 116348K [0x00000000f0000000, 0x00000000f8300000, 0x00000000f8300000)
  object space 134144K, 86% used [0x00000000f0000000,0x00000000f719f228,0x00000000f8300000)
 Metaspace       used 53533K, capacity 56910K, committed 57088K, reserved 1099776K
  class space    used 6503K, capacity 7087K, committed 7168K, reserved 1048576K
}
{Heap before GC invocations=518 (full 0):
 PSYoungGen      total 125952K, used 125280K [0x00000000f8300000, 0x0000000100000000, 0x0000000100000000)
  eden space 123904K, 100% used [0x00000000f8300000,0x00000000ffc00000,0x00000000ffc00000)
  from space 2048K, 67% used [0x00000000ffc00000,0x00000000ffd58000,0x00000000ffe00000)
  to   space 2048K, 0% used [0x00000000ffe00000,0x00000000ffe00000,0x0000000100000000)
 ParOldGen       total 134144K, used 116348K [0x00000000f0000000, 0x00000000f8300000, 0x00000000f8300000)
  object space 134144K, 86% used [0x00000000f0000000,0x00000000f719f228,0x00000000f8300000)
 Metaspace       used 53533K, capacity 56910K, committed 57088K, reserved 1099776K
  class space    used 6503K, capacity 7087K, committed 7168K, reserved 1048576K
2023-10-03T08:47:59.018+0800: 2604.816: [GC (Allocation Failure) [PSYoungGen: 125280K->1376K(125952K)] 241628K->117828K(260096K), 0.0083344 secs] [Times: user=0.05 sys=0.00, real=0.01 secs] 
Heap after GC invocations=518 (full 0):
 PSYoungGen      total 125952K, used 1376K [0x00000000f8300000, 0x0000000100000000, 0x0000000100000000)
  eden space 123904K, 0% used [0x00000000f8300000,0x00000000f8300000,0x00000000ffc00000)
  from space 2048K, 67% used [0x00000000ffe00000,0x00000000fff58000,0x0000000100000000)
  to   space 2048K, 0% used [0x00000000ffc00000,0x00000000ffc00000,0x00000000ffe00000)
 ParOldGen       total 134144K, used 116452K [0x00000000f0000000, 0x00000000f8300000, 0x00000000f8300000)
  object space 134144K, 86% used [0x00000000f0000000,0x00000000f71b9228,0x00000000f8300000)
 Metaspace       used 53533K, capacity 56910K, committed 57088K, reserved 1099776K
  class space    used 6503K, capacity 7087K, committed 7168K, reserved 1048576K
}
{Heap before GC invocations=519 (full 0):
 PSYoungGen      total 125952K, used 125280K [0x00000000f8300000, 0x0000000100000000, 0x0000000100000000)
  eden space 123904K, 100% used [0x00000000f8300000,0x00000000ffc00000,0x00000000ffc00000)
  from space 2048K, 67% used [0x00000000ffe00000,0x00000000fff58000,0x0000000100000000)
  to   space 2048K, 0% used [0x00000000ffc00000,0x00000000ffc00000,0x00000000ffe00000)
 ParOldGen       total 134144K, used 116452K [0x00000000f0000000, 0x00000000f8300000, 0x00000000f8300000)
  object space 134144K, 86% used [0x00000000f0000000,0x00000000f71b9228,0x00000000f8300000)
 Metaspace       used 53533K, capacity 56910K, committed 57088K, reserved 1099776K
  class space    used 6503K, capacity 7087K, committed 7168K, reserved 1048576K
2023-10-03T08:48:03.078+0800: 2608.876: [GC (Allocation Failure) [PSYoungGen: 125280K->1312K(125952K)] 241732K->117868K(260096K), 0.0088595 secs] [Times: user=0.06 sys=0.00, real=0.01 secs] 
Heap after GC invocations=519 (full 0):
 PSYoungGen      total 125952K, used 1312K [0x00000000f8300000, 0x0000000100000000, 0x0000000100000000)
  eden space 123904K, 0% used [0x00000000f8300000,0x00000000f8300000,0x00000000ffc00000)
  from space 2048K, 64% used [0x00000000ffc00000,0x00000000ffd48000,0x00000000ffe00000)
  to   space 2048K, 0% used [0x00000000ffe00000,0x00000000ffe00000,0x0000000100000000)
 ParOldGen       total 134144K, used 116556K [0x00000000f0000000, 0x00000000f8300000, 0x00000000f8300000)
  object space 134144K, 86% used [0x00000000f0000000,0x00000000f71d3228,0x00000000f8300000)
 Metaspace       used 53533K, capacity 56910K, committed 57088K, reserved 1099776K
  class space    used 6503K, capacity 7087K, committed 7168K, reserved 1048576K
}
{Heap before GC invocations=520 (full 0):
 PSYoungGen      total 125952K, used 125216K [0x00000000f8300000, 0x0000000100000000, 0x0000000100000000)
  eden space 123904K, 100% used [0x00000000f8300000,0x00000000ffc00000,0x00000000ffc00000)
  from space 2048K, 64% used [0x00000000ffc00000,0x00000000ffd48000,0x00000000ffe00000)
  to   space 2048K, 0% used [0x00000000ffe00000,0x00000000ffe00000,0x0000000100000000)
 ParOldGen       total 134144K, used 116556K [0x00000000f0000000, 0x00000000f8300000, 0x00000000f8300000)
  object space 134144K, 86% used [0x00000000f0000000,0x00000000f71d3228,0x00000000f8300000)
 Metaspace       used 53533K, capacity 56910K, committed 57088K, reserved 1099776K
  class space    used 6503K, capacity 7087K, committed 7168K, reserved 1048576K
2023-10-03T08:48:07.142+0800: 2612.940: [GC (Allocation Failure) [PSYoungGen: 125216K->1344K(125952K)] 241772K->117988K(260096K), 0.0066381 secs] [Times: user=0.05 sys=0.00, real=0.01 secs] 
Heap after GC invocations=520 (full 0):
 PSYoungGen      total 125952K, used 1344K [0x00000000f8300000, 0x0000000100000000, 0x0000000100000000)
  eden space 123904K, 0% used [0x00000000f8300000,0x00000000f8300000,0x00000000ffc00000)
  from space 2048K, 65% used [0x00000000ffe00000,0x00000000fff50000,0x0000000100000000)
  to   space 2048K, 0% used [0x00000000ffc00000,0x00000000ffc00000,0x00000000ffe00000)
 ParOldGen       total 134144K, used 116644K [0x00000000f0000000, 0x00000000f8300000, 0x00000000f8300000)
  object space 134144K, 86% used [0x00000000f0000000,0x00000000f71e9228,0x00000000f8300000)
 Metaspace       used 53533K, capacity 56910K, committed 57088K, reserved 1099776K
  class space    used 6503K, capacity 7087K, committed 7168K, reserved 1048576K
}
{Heap before GC invocations=521 (full 0):
 PSYoungGen      total 125952K, used 125248K [0x00000000f8300000, 0x0000000100000000, 0x0000000100000000)
  eden space 123904K, 100% used [0x00000000f8300000,0x00000000ffc00000,0x00000000ffc00000)
  from space 2048K, 65% used [0x00000000ffe00000,0x00000000fff50000,0x0000000100000000)
  to   space 2048K, 0% used [0x00000000ffc00000,0x00000000ffc00000,0x00000000ffe00000)
 ParOldGen       total 134144K, used 116644K [0x00000000f0000000, 0x00000000f8300000, 0x00000000f8300000)
  object space 134144K, 86% used [0x00000000f0000000,0x00000000f71e9228,0x00000000f8300000)
 Metaspace       used 53533K, capacity 56910K, committed 57088K, reserved 1099776K
  class space    used 6503K, capacity 7087K, committed 7168K, reserved 1048576K
2023-10-03T08:48:11.202+0800: 2617.000: [GC (Allocation Failure) [PSYoungGen: 125248K->1312K(125952K)] 241892K->118052K(260096K), 0.0085794 secs] [Times: user=0.05 sys=0.00, real=0.01 secs] 
Heap after GC invocations=521 (full 0):
 PSYoungGen      total 125952K, used 1312K [0x00000000f8300000, 0x0000000100000000, 0x0000000100000000)
  eden space 123904K, 0% used [0x00000000f8300000,0x00000000f8300000,0x00000000ffc00000)
  from space 2048K, 64% used [0x00000000ffc00000,0x00000000ffd48000,0x00000000ffe00000)
  to   space 2048K, 0% used [0x00000000ffe00000,0x00000000ffe00000,0x0000000100000000)
 ParOldGen       total 134144K, used 116740K [0x00000000f0000000, 0x00000000f8300000, 0x00000000f8300000)
  object space 134144K, 87% used [0x00000000f0000000,0x00000000f7201228,0x00000000f8300000)
 Metaspace       used 53533K, capacity 56910K, committed 57088K, reserved 1099776K
  class space    used 6503K, capacity 7087K, committed 7168K, reserved 1048576K
}
{Heap before GC invocations=522 (full 0):
 PSYoungGen      total 125952K, used 125216K [0x00000000f8300000, 0x0000000100000000, 0x0000000100000000)
  eden space 123904K, 100% used [0x00000000f8300000,0x00000000ffc00000,0x00000000ffc00000)
  from space 2048K, 64% used [0x00000000ffc00000,0x00000000ffd48000,0x00000000ffe00000)
  to   space 2048K, 0% used [0x00000000ffe00000,0x00000000ffe00000,0x0000000100000000)
 ParOldGen       total 134144K, used 116740K [0x00000000f0000000, 0x00000000f8300000, 0x00000000f8300000)
  object space 134144K, 87% used [0x00000000f0000000,0x00000000f7201228,0x00000000f8300000)
 Metaspace       used 53533K, capacity 56910K, committed 57088K, reserved 1099776K
  class space    used 6503K, capacity 7087K, committed 7168K, reserved 1048576K
2023-10-03T08:48:15.360+0800: 2621.158: [GC (Allocation Failure) [PSYoungGen: 125216K->1344K(125952K)] 241956K->118188K(260096K), 0.0068075 secs] [Times: user=0.06 sys=0.00, real=0.01 secs] 
Heap after GC invocations=522 (full 0):
 PSYoungGen      total 125952K, used 1344K [0x00000000f8300000, 0x0000000100000000, 0x0000000100000000)
  eden space 123904K, 0% used [0x00000000f8300000,0x00000000f8300000,0x00000000ffc00000)
  from space 2048K, 65% used [0x00000000ffe00000,0x00000000fff50000,0x0000000100000000)
  to   space 2048K, 0% used [0x00000000ffc00000,0x00000000ffc00000,0x00000000ffe00000)
 ParOldGen       total 134144K, used 116844K [0x00000000f0000000, 0x00000000f8300000, 0x00000000f8300000)
  object space 134144K, 87% used [0x00000000f0000000,0x00000000f721b228,0x00000000f8300000)
 Metaspace       used 53533K, capacity 56910K, committed 57088K, reserved 1099776K
  class space    used 6503K, capacity 7087K, committed 7168K, reserved 1048576K
}
{Heap before GC invocations=523 (full 0):
 PSYoungGen      total 125952K, used 125248K [0x00000000f8300000, 0x0000000100000000, 0x0000000100000000)
  eden space 123904K, 100% used [0x00000000f8300000,0x00000000ffc00000,0x00000000ffc00000)
  from space 2048K, 65% used [0x00000000ffe00000,0x00000000fff50000,0x0000000100000000)
  to   space 2048K, 0% used [0x00000000ffc00000,0x00000000ffc00000,0x00000000ffe00000)
 ParOldGen       total 134144K, used 116844K [0x00000000f0000000, 0x00000000f8300000, 0x00000000f8300000)
  object space 134144K, 87% used [0x00000000f0000000,0x00000000f721b228,0x00000000f8300000)
 Metaspace       used 53533K, capacity 56910K, committed 57088K, reserved 1099776K
  class space    used 6503K, capacity 7087K, committed 7168K, reserved 1048576K
2023-10-03T08:48:19.421+0800: 2625.219: [GC (Allocation Failure) [PSYoungGen: 125248K->1344K(125952K)] 242092K->118260K(260096K), 0.0086080 secs] [Times: user=0.05 sys=0.00, real=0.01 secs] 
Heap after GC invocations=523 (full 0):
 PSYoungGen      total 125952K, used 1344K [0x00000000f8300000, 0x0000000100000000, 0x0000000100000000)
  eden space 123904K, 0% used [0x00000000f8300000,0x00000000f8300000,0x00000000ffc00000)
  from space 2048K, 65% used [0x00000000ffc00000,0x00000000ffd50000,0x00000000ffe00000)
  to   space 2048K, 0% used [0x00000000ffe00000,0x00000000ffe00000,0x0000000100000000)
 ParOldGen       total 134144K, used 116916K [0x00000000f0000000, 0x00000000f8300000, 0x00000000f8300000)
  object space 134144K, 87% used [0x00000000f0000000,0x00000000f722d228,0x00000000f8300000)
 Metaspace       used 53533K, capacity 56910K, committed 57088K, reserved 1099776K
  class space    used 6503K, capacity 7087K, committed 7168K, reserved 1048576K
}
{Heap before GC invocations=524 (full 0):
 PSYoungGen      total 125952K, used 125248K [0x00000000f8300000, 0x0000000100000000, 0x0000000100000000)
  eden space 123904K, 100% used [0x00000000f8300000,0x00000000ffc00000,0x00000000ffc00000)
  from space 2048K, 65% used [0x00000000ffc00000,0x00000000ffd50000,0x00000000ffe00000)
  to   space 2048K, 0% used [0x00000000ffe00000,0x00000000ffe00000,0x0000000100000000)
 ParOldGen       total 134144K, used 116916K [0x00000000f0000000, 0x00000000f8300000, 0x00000000f8300000)
  object space 134144K, 87% used [0x00000000f0000000,0x00000000f722d228,0x00000000f8300000)
 Metaspace       used 53533K, capacity 56910K, committed 57088K, reserved 1099776K
  class space    used 6503K, capacity 7087K, committed 7168K, reserved 1048576K
2023-10-03T08:48:23.743+0800: 2629.541: [GC (Allocation Failure) [PSYoungGen: 125248K->1312K(126464K)] 242164K->118356K(260608K), 0.0063693 secs] [Times: user=0.05 sys=0.01, real=0.00 secs] 
Heap after GC invocations=524 (full 0):
 PSYoungGen      total 126464K, used 1312K [0x00000000f8300000, 0x0000000100000000, 0x0000000100000000)
  eden space 124416K, 0% used [0x00000000f8300000,0x00000000f8300000,0x00000000ffc80000)
  from space 2048K, 64% used [0x00000000ffe00000,0x00000000fff48000,0x0000000100000000)
  to   space 1536K, 0% used [0x00000000ffc80000,0x00000000ffc80000,0x00000000ffe00000)
 ParOldGen       total 134144K, used 117044K [0x00000000f0000000, 0x00000000f8300000, 0x00000000f8300000)
  object space 134144K, 87% used [0x00000000f0000000,0x00000000f724d228,0x00000000f8300000)
 Metaspace       used 53533K, capacity 56910K, committed 57088K, reserved 1099776K
  class space    used 6503K, capacity 7087K, committed 7168K, reserved 1048576K
}
{Heap before GC invocations=525 (full 0):
 PSYoungGen      total 126464K, used 125728K [0x00000000f8300000, 0x0000000100000000, 0x0000000100000000)
  eden space 124416K, 100% used [0x00000000f8300000,0x00000000ffc80000,0x00000000ffc80000)
  from space 2048K, 64% used [0x00000000ffe00000,0x00000000fff48000,0x0000000100000000)
  to   space 1536K, 0% used [0x00000000ffc80000,0x00000000ffc80000,0x00000000ffe00000)
 ParOldGen       total 134144K, used 117044K [0x00000000f0000000, 0x00000000f8300000, 0x00000000f8300000)
  object space 134144K, 87% used [0x00000000f0000000,0x00000000f724d228,0x00000000f8300000)
 Metaspace       used 53533K, capacity 56910K, committed 57088K, reserved 1099776K
  class space    used 6503K, capacity 7087K, committed 7168K, reserved 1048576K
2023-10-03T08:48:27.809+0800: 2633.607: [GC (Allocation Failure) [PSYoungGen: 125728K->1280K(125952K)] 242772K->118412K(260096K), 0.0061574 secs] [Times: user=0.05 sys=0.00, real=0.01 secs] 
Heap after GC invocations=525 (full 0):
 PSYoungGen      total 125952K, used 1280K [0x00000000f8300000, 0x0000000100000000, 0x0000000100000000)
  eden space 124416K, 0% used [0x00000000f8300000,0x00000000f8300000,0x00000000ffc80000)
  from space 1536K, 83% used [0x00000000ffc80000,0x00000000ffdc0000,0x00000000ffe00000)
  to   space 1536K, 0% used [0x00000000ffe80000,0x00000000ffe80000,0x0000000100000000)
 ParOldGen       total 134144K, used 117132K [0x00000000f0000000, 0x00000000f8300000, 0x00000000f8300000)
  object space 134144K, 87% used [0x00000000f0000000,0x00000000f7263228,0x00000000f8300000)
 Metaspace       used 53533K, capacity 56910K, committed 57088K, reserved 1099776K
  class space    used 6503K, capacity 7087K, committed 7168K, reserved 1048576K
}
{Heap before GC invocations=526 (full 0):
 PSYoungGen      total 125952K, used 125696K [0x00000000f8300000, 0x0000000100000000, 0x0000000100000000)
  eden space 124416K, 100% used [0x00000000f8300000,0x00000000ffc80000,0x00000000ffc80000)
  from space 1536K, 83% used [0x00000000ffc80000,0x00000000ffdc0000,0x00000000ffe00000)
  to   space 1536K, 0% used [0x00000000ffe80000,0x00000000ffe80000,0x0000000100000000)
 ParOldGen       total 134144K, used 117132K [0x00000000f0000000, 0x00000000f8300000, 0x00000000f8300000)
  object space 134144K, 87% used [0x00000000f0000000,0x00000000f7263228,0x00000000f8300000)
 Metaspace       used 53533K, capacity 56910K, committed 57088K, reserved 1099776K
  class space    used 6503K, capacity 7087K, committed 7168K, reserved 1048576K
2023-10-03T08:48:31.878+0800: 2637.676: [GC (Allocation Failure) [PSYoungGen: 125696K->1248K(126464K)] 242828K->118428K(260608K), 0.0086104 secs] [Times: user=0.05 sys=0.00, real=0.01 secs] 
Heap after GC invocations=526 (full 0):
 PSYoungGen      total 126464K, used 1248K [0x00000000f8300000, 0x0000000100000000, 0x0000000100000000)
  eden space 124928K, 0% used [0x00000000f8300000,0x00000000f8300000,0x00000000ffd00000)
  from space 1536K, 81% used [0x00000000ffe80000,0x00000000fffb8000,0x0000000100000000)
  to   space 1536K, 0% used [0x00000000ffd00000,0x00000000ffd00000,0x00000000ffe80000)
 ParOldGen       total 134144K, used 117180K [0x00000000f0000000, 0x00000000f8300000, 0x00000000f8300000)
  object space 134144K, 87% used [0x00000000f0000000,0x00000000f726f228,0x00000000f8300000)
 Metaspace       used 53533K, capacity 56910K, committed 57088K, reserved 1099776K
  class space    used 6503K, capacity 7087K, committed 7168K, reserved 1048576K
}
{Heap before GC invocations=527 (full 0):
 PSYoungGen      total 126464K, used 126176K [0x00000000f8300000, 0x0000000100000000, 0x0000000100000000)
  eden space 124928K, 100% used [0x00000000f8300000,0x00000000ffd00000,0x00000000ffd00000)
  from space 1536K, 81% used [0x00000000ffe80000,0x00000000fffb8000,0x0000000100000000)
  to   space 1536K, 0% used [0x00000000ffd00000,0x00000000ffd00000,0x00000000ffe80000)
 ParOldGen       total 134144K, used 117180K [0x00000000f0000000, 0x00000000f8300000, 0x00000000f8300000)
  object space 134144K, 87% used [0x00000000f0000000,0x00000000f726f228,0x00000000f8300000)
 Metaspace       used 53533K, capacity 56910K, committed 57088K, reserved 1099776K
  class space    used 6503K, capacity 7087K, committed 7168K, reserved 1048576K
2023-10-03T08:48:35.945+0800: 2641.743: [GC (Allocation Failure) [PSYoungGen: 126176K->1248K(126464K)] 243356K->118508K(260608K), 0.0080373 secs] [Times: user=0.05 sys=0.01, real=0.01 secs] 
Heap after GC invocations=527 (full 0):
 PSYoungGen      total 126464K, used 1248K [0x00000000f8300000, 0x0000000100000000, 0x0000000100000000)
  eden space 124928K, 0% used [0x00000000f8300000,0x00000000f8300000,0x00000000ffd00000)
  from space 1536K, 81% used [0x00000000ffd00000,0x00000000ffe38000,0x00000000ffe80000)
  to   space 1536K, 0% used [0x00000000ffe80000,0x00000000ffe80000,0x0000000100000000)
 ParOldGen       total 134144K, used 117260K [0x00000000f0000000, 0x00000000f8300000, 0x00000000f8300000)
  object space 134144K, 87% used [0x00000000f0000000,0x00000000f7283228,0x00000000f8300000)
 Metaspace       used 53533K, capacity 56910K, committed 57088K, reserved 1099776K
  class space    used 6503K, capacity 7087K, committed 7168K, reserved 1048576K
}
{Heap before GC invocations=528 (full 0):
 PSYoungGen      total 126464K, used 126176K [0x00000000f8300000, 0x0000000100000000, 0x0000000100000000)
  eden space 124928K, 100% used [0x00000000f8300000,0x00000000ffd00000,0x00000000ffd00000)
  from space 1536K, 81% used [0x00000000ffd00000,0x00000000ffe38000,0x00000000ffe80000)
  to   space 1536K, 0% used [0x00000000ffe80000,0x00000000ffe80000,0x0000000100000000)
 ParOldGen       total 134144K, used 117260K [0x00000000f0000000, 0x00000000f8300000, 0x00000000f8300000)
  object space 134144K, 87% used [0x00000000f0000000,0x00000000f7283228,0x00000000f8300000)
 Metaspace       used 53533K, capacity 56910K, committed 57088K, reserved 1099776K
  class space    used 6503K, capacity 7087K, committed 7168K, reserved 1048576K
2023-10-03T08:48:40.118+0800: 2645.916: [GC (Allocation Failure) [PSYoungGen: 126176K->1312K(126464K)] 243436K->118644K(260608K), 0.0086672 secs] [Times: user=0.05 sys=0.00, real=0.01 secs] 
Heap after GC invocations=528 (full 0):
 PSYoungGen      total 126464K, used 1312K [0x00000000f8300000, 0x0000000100000000, 0x0000000100000000)
  eden space 124928K, 0% used [0x00000000f8300000,0x00000000f8300000,0x00000000ffd00000)
  from space 1536K, 85% used [0x00000000ffe80000,0x00000000fffc8000,0x0000000100000000)
  to   space 1536K, 0% used [0x00000000ffd00000,0x00000000ffd00000,0x00000000ffe80000)
 ParOldGen       total 134144K, used 117332K [0x00000000f0000000, 0x00000000f8300000, 0x00000000f8300000)
  object space 134144K, 87% used [0x00000000f0000000,0x00000000f7295228,0x00000000f8300000)
 Metaspace       used 53533K, capacity 56910K, committed 57088K, reserved 1099776K
  class space    used 6503K, capacity 7087K, committed 7168K, reserved 1048576K
}
{Heap before GC invocations=529 (full 0):
 PSYoungGen      total 126464K, used 126240K [0x00000000f8300000, 0x0000000100000000, 0x0000000100000000)
  eden space 124928K, 100% used [0x00000000f8300000,0x00000000ffd00000,0x00000000ffd00000)
  from space 1536K, 85% used [0x00000000ffe80000,0x00000000fffc8000,0x0000000100000000)
  to   space 1536K, 0% used [0x00000000ffd00000,0x00000000ffd00000,0x00000000ffe80000)
 ParOldGen       total 134144K, used 117332K [0x00000000f0000000, 0x00000000f8300000, 0x00000000f8300000)
  object space 134144K, 87% used [0x00000000f0000000,0x00000000f7295228,0x00000000f8300000)
 Metaspace       used 53533K, capacity 56910K, committed 57088K, reserved 1099776K
  class space    used 6503K, capacity 7087K, committed 7168K, reserved 1048576K
2023-10-03T08:48:44.438+0800: 2650.236: [GC (Allocation Failure) [PSYoungGen: 126240K->1280K(126464K)] 243572K->118724K(260608K), 0.0020480 secs] [Times: user=0.01 sys=0.00, real=0.00 secs] 
Heap after GC invocations=529 (full 0):
 PSYoungGen      total 126464K, used 1280K [0x00000000f8300000, 0x0000000100000000, 0x0000000100000000)
  eden space 124928K, 0% used [0x00000000f8300000,0x00000000f8300000,0x00000000ffd00000)
  from space 1536K, 83% used [0x00000000ffd00000,0x00000000ffe40000,0x00000000ffe80000)
  to   space 1536K, 0% used [0x00000000ffe80000,0x00000000ffe80000,0x0000000100000000)
 ParOldGen       total 134144K, used 117444K [0x00000000f0000000, 0x00000000f8300000, 0x00000000f8300000)
  object space 134144K, 87% used [0x00000000f0000000,0x00000000f72b1228,0x00000000f8300000)
 Metaspace       used 53533K, capacity 56910K, committed 57088K, reserved 1099776K
  class space    used 6503K, capacity 7087K, committed 7168K, reserved 1048576K
}
{Heap before GC invocations=530 (full 0):
 PSYoungGen      total 126464K, used 126208K [0x00000000f8300000, 0x0000000100000000, 0x0000000100000000)
  eden space 124928K, 100% used [0x00000000f8300000,0x00000000ffd00000,0x00000000ffd00000)
  from space 1536K, 83% used [0x00000000ffd00000,0x00000000ffe40000,0x00000000ffe80000)
  to   space 1536K, 0% used [0x00000000ffe80000,0x00000000ffe80000,0x0000000100000000)
 ParOldGen       total 134144K, used 117444K [0x00000000f0000000, 0x00000000f8300000, 0x00000000f8300000)
  object space 134144K, 87% used [0x00000000f0000000,0x00000000f72b1228,0x00000000f8300000)
 Metaspace       used 53533K, capacity 56910K, committed 57088K, reserved 1099776K
  class space    used 6503K, capacity 7087K, committed 7168K, reserved 1048576K
2023-10-03T08:48:48.507+0800: 2654.305: [GC (Allocation Failure) [PSYoungGen: 126208K->1312K(126464K)] 243652K->118820K(260608K), 0.0081333 secs] [Times: user=0.05 sys=0.00, real=0.01 secs] 
Heap after GC invocations=530 (full 0):
 PSYoungGen      total 126464K, used 1312K [0x00000000f8300000, 0x0000000100000000, 0x0000000100000000)
  eden space 124928K, 0% used [0x00000000f8300000,0x00000000f8300000,0x00000000ffd00000)
  from space 1536K, 85% used [0x00000000ffe80000,0x00000000fffc8000,0x0000000100000000)
  to   space 1536K, 0% used [0x00000000ffd00000,0x00000000ffd00000,0x00000000ffe80000)
 ParOldGen       total 134144K, used 117508K [0x00000000f0000000, 0x00000000f8300000, 0x00000000f8300000)
  object space 134144K, 87% used [0x00000000f0000000,0x00000000f72c1228,0x00000000f8300000)
 Metaspace       used 53533K, capacity 56910K, committed 57088K, reserved 1099776K
  class space    used 6503K, capacity 7087K, committed 7168K, reserved 1048576K
}
{Heap before GC invocations=531 (full 0):
 PSYoungGen      total 126464K, used 126240K [0x00000000f8300000, 0x0000000100000000, 0x0000000100000000)
  eden space 124928K, 100% used [0x00000000f8300000,0x00000000ffd00000,0x00000000ffd00000)
  from space 1536K, 85% used [0x00000000ffe80000,0x00000000fffc8000,0x0000000100000000)
  to   space 1536K, 0% used [0x00000000ffd00000,0x00000000ffd00000,0x00000000ffe80000)
 ParOldGen       total 134144K, used 117508K [0x00000000f0000000, 0x00000000f8300000, 0x00000000f8300000)
  object space 134144K, 87% used [0x00000000f0000000,0x00000000f72c1228,0x00000000f8300000)
 Metaspace       used 53533K, capacity 56910K, committed 57088K, reserved 1099776K
  class space    used 6503K, capacity 7087K, committed 7168K, reserved 1048576K
2023-10-03T08:48:52.591+0800: 2658.389: [GC (Allocation Failure) [PSYoungGen: 126240K->1536K(126464K)] 243748K->119172K(260608K), 0.0087814 secs] [Times: user=0.05 sys=0.00, real=0.01 secs] 
Heap after GC invocations=531 (full 0):
 PSYoungGen      total 126464K, used 1536K [0x00000000f8300000, 0x0000000100000000, 0x0000000100000000)
  eden space 124928K, 0% used [0x00000000f8300000,0x00000000f8300000,0x00000000ffd00000)
  from space 1536K, 100% used [0x00000000ffd00000,0x00000000ffe80000,0x00000000ffe80000)
  to   space 1536K, 0% used [0x00000000ffe80000,0x00000000ffe80000,0x0000000100000000)
 ParOldGen       total 134144K, used 117636K [0x00000000f0000000, 0x00000000f8300000, 0x00000000f8300000)
  object space 134144K, 87% used [0x00000000f0000000,0x00000000f72e1228,0x00000000f8300000)
 Metaspace       used 53533K, capacity 56910K, committed 57088K, reserved 1099776K
  class space    used 6503K, capacity 7087K, committed 7168K, reserved 1048576K
}
{Heap before GC invocations=532 (full 0):
 PSYoungGen      total 126464K, used 126464K [0x00000000f8300000, 0x0000000100000000, 0x0000000100000000)
  eden space 124928K, 100% used [0x00000000f8300000,0x00000000ffd00000,0x00000000ffd00000)
  from space 1536K, 100% used [0x00000000ffd00000,0x00000000ffe80000,0x00000000ffe80000)
  to   space 1536K, 0% used [0x00000000ffe80000,0x00000000ffe80000,0x0000000100000000)
 ParOldGen       total 134144K, used 117636K [0x00000000f0000000, 0x00000000f8300000, 0x00000000f8300000)
  object space 134144K, 87% used [0x00000000f0000000,0x00000000f72e1228,0x00000000f8300000)
 Metaspace       used 53535K, capacity 56910K, committed 57088K, reserved 1099776K
  class space    used 6503K, capacity 7087K, committed 7168K, reserved 1048576K
2023-10-03T08:48:56.772+0800: 2662.570: [GC (Allocation Failure) [PSYoungGen: 126464K->1248K(125440K)] 244100K->119293K(259584K), 0.0068065 secs] [Times: user=0.05 sys=0.00, real=0.00 secs] 
Heap after GC invocations=532 (full 0):
 PSYoungGen      total 125440K, used 1248K [0x00000000f8300000, 0x0000000100000000, 0x0000000100000000)
  eden space 123904K, 0% used [0x00000000f8300000,0x00000000f8300000,0x00000000ffc00000)
  from space 1536K, 81% used [0x00000000ffe80000,0x00000000fffb8000,0x0000000100000000)
  to   space 2048K, 0% used [0x00000000ffc00000,0x00000000ffc00000,0x00000000ffe00000)
 ParOldGen       total 134144K, used 118045K [0x00000000f0000000, 0x00000000f8300000, 0x00000000f8300000)
  object space 134144K, 87% used [0x00000000f0000000,0x00000000f7347468,0x00000000f8300000)
 Metaspace       used 53535K, capacity 56910K, committed 57088K, reserved 1099776K
  class space    used 6503K, capacity 7087K, committed 7168K, reserved 1048576K
}
{Heap before GC invocations=533 (full 0):
 PSYoungGen      total 125440K, used 125152K [0x00000000f8300000, 0x0000000100000000, 0x0000000100000000)
  eden space 123904K, 100% used [0x00000000f8300000,0x00000000ffc00000,0x00000000ffc00000)
  from space 1536K, 81% used [0x00000000ffe80000,0x00000000fffb8000,0x0000000100000000)
  to   space 2048K, 0% used [0x00000000ffc00000,0x00000000ffc00000,0x00000000ffe00000)
 ParOldGen       total 134144K, used 118045K [0x00000000f0000000, 0x00000000f8300000, 0x00000000f8300000)
  object space 134144K, 87% used [0x00000000f0000000,0x00000000f7347468,0x00000000f8300000)
 Metaspace       used 53535K, capacity 56910K, committed 57088K, reserved 1099776K
  class space    used 6503K, capacity 7087K, committed 7168K, reserved 1048576K
2023-10-03T08:49:00.829+0800: 2666.627: [GC (Allocation Failure) [PSYoungGen: 125152K->1248K(125952K)] 243197K->119373K(260096K), 0.0087501 secs] [Times: user=0.05 sys=0.01, real=0.01 secs] 
Heap after GC invocations=533 (full 0):
 PSYoungGen      total 125952K, used 1248K [0x00000000f8300000, 0x0000000100000000, 0x0000000100000000)
  eden space 123904K, 0% used [0x00000000f8300000,0x00000000f8300000,0x00000000ffc00000)
  from space 2048K, 60% used [0x00000000ffc00000,0x00000000ffd38000,0x00000000ffe00000)
  to   space 2048K, 0% used [0x00000000ffe00000,0x00000000ffe00000,0x0000000100000000)
 ParOldGen       total 134144K, used 118125K [0x00000000f0000000, 0x00000000f8300000, 0x00000000f8300000)
  object space 134144K, 88% used [0x00000000f0000000,0x00000000f735b468,0x00000000f8300000)
 Metaspace       used 53535K, capacity 56910K, committed 57088K, reserved 1099776K
  class space    used 6503K, capacity 7087K, committed 7168K, reserved 1048576K
}
{Heap before GC invocations=534 (full 0):
 PSYoungGen      total 125952K, used 125152K [0x00000000f8300000, 0x0000000100000000, 0x0000000100000000)
  eden space 123904K, 100% used [0x00000000f8300000,0x00000000ffc00000,0x00000000ffc00000)
  from space 2048K, 60% used [0x00000000ffc00000,0x00000000ffd38000,0x00000000ffe00000)
  to   space 2048K, 0% used [0x00000000ffe00000,0x00000000ffe00000,0x0000000100000000)
 ParOldGen       total 134144K, used 118125K [0x00000000f0000000, 0x00000000f8300000, 0x00000000f8300000)
  object space 134144K, 88% used [0x00000000f0000000,0x00000000f735b468,0x00000000f8300000)
 Metaspace       used 53535K, capacity 56910K, committed 57088K, reserved 1099776K
  class space    used 6503K, capacity 7087K, committed 7168K, reserved 1048576K
2023-10-03T08:49:05.128+0800: 2670.926: [GC (Allocation Failure) [PSYoungGen: 125152K->1376K(125952K)] 243277K->119589K(260096K), 0.0057541 secs] [Times: user=0.05 sys=0.00, real=0.01 secs] 
Heap after GC invocations=534 (full 0):
 PSYoungGen      total 125952K, used 1376K [0x00000000f8300000, 0x0000000100000000, 0x0000000100000000)
  eden space 123904K, 0% used [0x00000000f8300000,0x00000000f8300000,0x00000000ffc00000)
  from space 2048K, 67% used [0x00000000ffe00000,0x00000000fff58000,0x0000000100000000)
  to   space 2048K, 0% used [0x00000000ffc00000,0x00000000ffc00000,0x00000000ffe00000)
 ParOldGen       total 134144K, used 118213K [0x00000000f0000000, 0x00000000f8300000, 0x00000000f8300000)
  object space 134144K, 88% used [0x00000000f0000000,0x00000000f7371468,0x00000000f8300000)
 Metaspace       used 53535K, capacity 56910K, committed 57088K, reserved 1099776K
  class space    used 6503K, capacity 7087K, committed 7168K, reserved 1048576K
}
{Heap before GC invocations=535 (full 0):
 PSYoungGen      total 125952K, used 125280K [0x00000000f8300000, 0x0000000100000000, 0x0000000100000000)
  eden space 123904K, 100% used [0x00000000f8300000,0x00000000ffc00000,0x00000000ffc00000)
  from space 2048K, 67% used [0x00000000ffe00000,0x00000000fff58000,0x0000000100000000)
  to   space 2048K, 0% used [0x00000000ffc00000,0x00000000ffc00000,0x00000000ffe00000)
 ParOldGen       total 134144K, used 118213K [0x00000000f0000000, 0x00000000f8300000, 0x00000000f8300000)
  object space 134144K, 88% used [0x00000000f0000000,0x00000000f7371468,0x00000000f8300000)
 Metaspace       used 53535K, capacity 56910K, committed 57088K, reserved 1099776K
  class space    used 6503K, capacity 7087K, committed 7168K, reserved 1048576K
2023-10-03T08:49:09.188+0800: 2674.986: [GC (Allocation Failure) [PSYoungGen: 125280K->1280K(125952K)] 243493K->119589K(260096K), 0.0064882 secs] [Times: user=0.05 sys=0.00, real=0.01 secs] 
Heap after GC invocations=535 (full 0):
 PSYoungGen      total 125952K, used 1280K [0x00000000f8300000, 0x0000000100000000, 0x0000000100000000)
  eden space 123904K, 0% used [0x00000000f8300000,0x00000000f8300000,0x00000000ffc00000)
  from space 2048K, 62% used [0x00000000ffc00000,0x00000000ffd40000,0x00000000ffe00000)
  to   space 2048K, 0% used [0x00000000ffe00000,0x00000000ffe00000,0x0000000100000000)
 ParOldGen       total 134144K, used 118309K [0x00000000f0000000, 0x00000000f8300000, 0x00000000f8300000)
  object space 134144K, 88% used [0x00000000f0000000,0x00000000f7389468,0x00000000f8300000)
 Metaspace       used 53535K, capacity 56910K, committed 57088K, reserved 1099776K
  class space    used 6503K, capacity 7087K, committed 7168K, reserved 1048576K
}
{Heap before GC invocations=536 (full 0):
 PSYoungGen      total 125952K, used 125184K [0x00000000f8300000, 0x0000000100000000, 0x0000000100000000)
  eden space 123904K, 100% used [0x00000000f8300000,0x00000000ffc00000,0x00000000ffc00000)
  from space 2048K, 62% used [0x00000000ffc00000,0x00000000ffd40000,0x00000000ffe00000)
  to   space 2048K, 0% used [0x00000000ffe00000,0x00000000ffe00000,0x0000000100000000)
 ParOldGen       total 134144K, used 118309K [0x00000000f0000000, 0x00000000f8300000, 0x00000000f8300000)
  object space 134144K, 88% used [0x00000000f0000000,0x00000000f7389468,0x00000000f8300000)
 Metaspace       used 53535K, capacity 56910K, committed 57088K, reserved 1099776K
  class space    used 6503K, capacity 7087K, committed 7168K, reserved 1048576K
2023-10-03T08:49:13.257+0800: 2679.055: [GC (Allocation Failure) [PSYoungGen: 125184K->1440K(125952K)] 243493K->119837K(260096K), 0.0088123 secs] [Times: user=0.05 sys=0.00, real=0.01 secs] 
Heap after GC invocations=536 (full 0):
 PSYoungGen      total 125952K, used 1440K [0x00000000f8300000, 0x0000000100000000, 0x0000000100000000)
  eden space 123904K, 0% used [0x00000000f8300000,0x00000000f8300000,0x00000000ffc00000)
  from space 2048K, 70% used [0x00000000ffe00000,0x00000000fff68000,0x0000000100000000)
  to   space 2048K, 0% used [0x00000000ffc00000,0x00000000ffc00000,0x00000000ffe00000)
 ParOldGen       total 134144K, used 118397K [0x00000000f0000000, 0x00000000f8300000, 0x00000000f8300000)
  object space 134144K, 88% used [0x00000000f0000000,0x00000000f739f468,0x00000000f8300000)
 Metaspace       used 53535K, capacity 56910K, committed 57088K, reserved 1099776K
  class space    used 6503K, capacity 7087K, committed 7168K, reserved 1048576K
}
{Heap before GC invocations=537 (full 0):
 PSYoungGen      total 125952K, used 125344K [0x00000000f8300000, 0x0000000100000000, 0x0000000100000000)
  eden space 123904K, 100% used [0x00000000f8300000,0x00000000ffc00000,0x00000000ffc00000)
  from space 2048K, 70% used [0x00000000ffe00000,0x00000000fff68000,0x0000000100000000)
  to   space 2048K, 0% used [0x00000000ffc00000,0x00000000ffc00000,0x00000000ffe00000)
 ParOldGen       total 134144K, used 118397K [0x00000000f0000000, 0x00000000f8300000, 0x00000000f8300000)
  object space 134144K, 88% used [0x00000000f0000000,0x00000000f739f468,0x00000000f8300000)
 Metaspace       used 53535K, capacity 56910K, committed 57088K, reserved 1099776K
  class space    used 6503K, capacity 7087K, committed 7168K, reserved 1048576K
2023-10-03T08:49:17.332+0800: 2683.130: [GC (Allocation Failure) [PSYoungGen: 125344K->1312K(125952K)] 243741K->119949K(260096K), 0.0087057 secs] [Times: user=0.05 sys=0.00, real=0.01 secs] 
Heap after GC invocations=537 (full 0):
 PSYoungGen      total 125952K, used 1312K [0x00000000f8300000, 0x0000000100000000, 0x0000000100000000)
  eden space 123904K, 0% used [0x00000000f8300000,0x00000000f8300000,0x00000000ffc00000)
  from space 2048K, 64% used [0x00000000ffc00000,0x00000000ffd48000,0x00000000ffe00000)
  to   space 2048K, 0% used [0x00000000ffe00000,0x00000000ffe00000,0x0000000100000000)
 ParOldGen       total 134144K, used 118637K [0x00000000f0000000, 0x00000000f8300000, 0x00000000f8300000)
  object space 134144K, 88% used [0x00000000f0000000,0x00000000f73db468,0x00000000f8300000)
 Metaspace       used 53535K, capacity 56910K, committed 57088K, reserved 1099776K
  class space    used 6503K, capacity 7087K, committed 7168K, reserved 1048576K
}
{Heap before GC invocations=538 (full 0):
 PSYoungGen      total 125952K, used 125216K [0x00000000f8300000, 0x0000000100000000, 0x0000000100000000)
  eden space 123904K, 100% used [0x00000000f8300000,0x00000000ffc00000,0x00000000ffc00000)
  from space 2048K, 64% used [0x00000000ffc00000,0x00000000ffd48000,0x00000000ffe00000)
  to   space 2048K, 0% used [0x00000000ffe00000,0x00000000ffe00000,0x0000000100000000)
 ParOldGen       total 134144K, used 118637K [0x00000000f0000000, 0x00000000f8300000, 0x00000000f8300000)
  object space 134144K, 88% used [0x00000000f0000000,0x00000000f73db468,0x00000000f8300000)
 Metaspace       used 53535K, capacity 56910K, committed 57088K, reserved 1099776K
  class space    used 6503K, capacity 7087K, committed 7168K, reserved 1048576K
2023-10-03T08:49:21.396+0800: 2687.194: [GC (Allocation Failure) [PSYoungGen: 125216K->1312K(126464K)] 243853K->120085K(260608K), 0.0088058 secs] [Times: user=0.06 sys=0.00, real=0.01 secs] 
Heap after GC invocations=538 (full 0):
 PSYoungGen      total 126464K, used 1312K [0x00000000f8300000, 0x0000000100000000, 0x0000000100000000)
  eden space 124416K, 0% used [0x00000000f8300000,0x00000000f8300000,0x00000000ffc80000)
  from space 2048K, 64% used [0x00000000ffe00000,0x00000000fff48000,0x0000000100000000)
  to   space 1536K, 0% used [0x00000000ffc80000,0x00000000ffc80000,0x00000000ffe00000)
 ParOldGen       total 134144K, used 118773K [0x00000000f0000000, 0x00000000f8300000, 0x00000000f8300000)
  object space 134144K, 88% used [0x00000000f0000000,0x00000000f73fd468,0x00000000f8300000)
 Metaspace       used 53535K, capacity 56910K, committed 57088K, reserved 1099776K
  class space    used 6503K, capacity 7087K, committed 7168K, reserved 1048576K
}
{Heap before GC invocations=539 (full 0):
 PSYoungGen      total 126464K, used 125728K [0x00000000f8300000, 0x0000000100000000, 0x0000000100000000)
  eden space 124416K, 100% used [0x00000000f8300000,0x00000000ffc80000,0x00000000ffc80000)
  from space 2048K, 64% used [0x00000000ffe00000,0x00000000fff48000,0x0000000100000000)
  to   space 1536K, 0% used [0x00000000ffc80000,0x00000000ffc80000,0x00000000ffe00000)
 ParOldGen       total 134144K, used 118773K [0x00000000f0000000, 0x00000000f8300000, 0x00000000f8300000)
  object space 134144K, 88% used [0x00000000f0000000,0x00000000f73fd468,0x00000000f8300000)
 Metaspace       used 53535K, capacity 56910K, committed 57088K, reserved 1099776K
  class space    used 6503K, capacity 7087K, committed 7168K, reserved 1048576K
2023-10-03T08:49:25.568+0800: 2691.366: [GC (Allocation Failure) [PSYoungGen: 125728K->1280K(125952K)] 244501K->120165K(260096K), 0.0090600 secs] [Times: user=0.06 sys=0.00, real=0.01 secs] 
Heap after GC invocations=539 (full 0):
 PSYoungGen      total 125952K, used 1280K [0x00000000f8300000, 0x0000000100000000, 0x0000000100000000)
  eden space 124416K, 0% used [0x00000000f8300000,0x00000000f8300000,0x00000000ffc80000)
  from space 1536K, 83% used [0x00000000ffc80000,0x00000000ffdc0000,0x00000000ffe00000)
  to   space 1536K, 0% used [0x00000000ffe80000,0x00000000ffe80000,0x0000000100000000)
 ParOldGen       total 134144K, used 118885K [0x00000000f0000000, 0x00000000f8300000, 0x00000000f8300000)
  object space 134144K, 88% used [0x00000000f0000000,0x00000000f7419468,0x00000000f8300000)
 Metaspace       used 53535K, capacity 56910K, committed 57088K, reserved 1099776K
  class space    used 6503K, capacity 7087K, committed 7168K, reserved 1048576K
}
{Heap before GC invocations=540 (full 0):
 PSYoungGen      total 125952K, used 125696K [0x00000000f8300000, 0x0000000100000000, 0x0000000100000000)
  eden space 124416K, 100% used [0x00000000f8300000,0x00000000ffc80000,0x00000000ffc80000)
  from space 1536K, 83% used [0x00000000ffc80000,0x00000000ffdc0000,0x00000000ffe00000)
  to   space 1536K, 0% used [0x00000000ffe80000,0x00000000ffe80000,0x0000000100000000)
 ParOldGen       total 134144K, used 118885K [0x00000000f0000000, 0x00000000f8300000, 0x00000000f8300000)
  object space 134144K, 88% used [0x00000000f0000000,0x00000000f7419468,0x00000000f8300000)
 Metaspace       used 53535K, capacity 56910K, committed 57088K, reserved 1099776K
  class space    used 6503K, capacity 7087K, committed 7168K, reserved 1048576K
2023-10-03T08:49:29.860+0800: 2695.658: [GC (Allocation Failure) [PSYoungGen: 125696K->1376K(126464K)] 244581K->120349K(260608K), 0.0037560 secs] [Times: user=0.03 sys=0.00, real=0.01 secs] 
Heap after GC invocations=540 (full 0):
 PSYoungGen      total 126464K, used 1376K [0x00000000f8300000, 0x0000000100000000, 0x0000000100000000)
  eden space 124928K, 0% used [0x00000000f8300000,0x00000000f8300000,0x00000000ffd00000)
  from space 1536K, 89% used [0x00000000ffe80000,0x00000000fffd8000,0x0000000100000000)
  to   space 1536K, 0% used [0x00000000ffd00000,0x00000000ffd00000,0x00000000ffe80000)
 ParOldGen       total 134144K, used 118973K [0x00000000f0000000, 0x00000000f8300000, 0x00000000f8300000)
  object space 134144K, 88% used [0x00000000f0000000,0x00000000f742f468,0x00000000f8300000)
 Metaspace       used 53535K, capacity 56910K, committed 57088K, reserved 1099776K
  class space    used 6503K, capacity 7087K, committed 7168K, reserved 1048576K
}
{Heap before GC invocations=541 (full 0):
 PSYoungGen      total 126464K, used 126304K [0x00000000f8300000, 0x0000000100000000, 0x0000000100000000)
  eden space 124928K, 100% used [0x00000000f8300000,0x00000000ffd00000,0x00000000ffd00000)
  from space 1536K, 89% used [0x00000000ffe80000,0x00000000fffd8000,0x0000000100000000)
  to   space 1536K, 0% used [0x00000000ffd00000,0x00000000ffd00000,0x00000000ffe80000)
 ParOldGen       total 134144K, used 118973K [0x00000000f0000000, 0x00000000f8300000, 0x00000000f8300000)
  object space 134144K, 88% used [0x00000000f0000000,0x00000000f742f468,0x00000000f8300000)
 Metaspace       used 53535K, capacity 56910K, committed 57088K, reserved 1099776K
  class space    used 6503K, capacity 7087K, committed 7168K, reserved 1048576K
2023-10-03T08:49:33.923+0800: 2699.721: [GC (Allocation Failure) [PSYoungGen: 126304K->1280K(126464K)] 245277K->120397K(260608K), 0.0064981 secs] [Times: user=0.05 sys=0.01, real=0.00 secs] 
Heap after GC invocations=541 (full 0):
 PSYoungGen      total 126464K, used 1280K [0x00000000f8300000, 0x0000000100000000, 0x0000000100000000)
  eden space 124928K, 0% used [0x00000000f8300000,0x00000000f8300000,0x00000000ffd00000)
  from space 1536K, 83% used [0x00000000ffd00000,0x00000000ffe40000,0x00000000ffe80000)
  to   space 1536K, 0% used [0x00000000ffe80000,0x00000000ffe80000,0x0000000100000000)
 ParOldGen       total 134144K, used 119117K [0x00000000f0000000, 0x00000000f8300000, 0x00000000f8300000)
  object space 134144K, 88% used [0x00000000f0000000,0x00000000f7453468,0x00000000f8300000)
 Metaspace       used 53535K, capacity 56910K, committed 57088K, reserved 1099776K
  class space    used 6503K, capacity 7087K, committed 7168K, reserved 1048576K
}
{Heap before GC invocations=542 (full 0):
 PSYoungGen      total 126464K, used 126208K [0x00000000f8300000, 0x0000000100000000, 0x0000000100000000)
  eden space 124928K, 100% used [0x00000000f8300000,0x00000000ffd00000,0x00000000ffd00000)
  from space 1536K, 83% used [0x00000000ffd00000,0x00000000ffe40000,0x00000000ffe80000)
  to   space 1536K, 0% used [0x00000000ffe80000,0x00000000ffe80000,0x0000000100000000)
 ParOldGen       total 134144K, used 119117K [0x00000000f0000000, 0x00000000f8300000, 0x00000000f8300000)
  object space 134144K, 88% used [0x00000000f0000000,0x00000000f7453468,0x00000000f8300000)
 Metaspace       used 53535K, capacity 56910K, committed 57088K, reserved 1099776K
  class space    used 6503K, capacity 7087K, committed 7168K, reserved 1048576K
2023-10-03T08:49:38.001+0800: 2703.799: [GC (Allocation Failure) [PSYoungGen: 126208K->1312K(126464K)] 245325K->120525K(260608K), 0.0086403 secs] [Times: user=0.05 sys=0.00, real=0.01 secs] 
Heap after GC invocations=542 (full 0):
 PSYoungGen      total 126464K, used 1312K [0x00000000f8300000, 0x0000000100000000, 0x0000000100000000)
  eden space 124928K, 0% used [0x00000000f8300000,0x00000000f8300000,0x00000000ffd00000)
  from space 1536K, 85% used [0x00000000ffe80000,0x00000000fffc8000,0x0000000100000000)
  to   space 1536K, 0% used [0x00000000ffd00000,0x00000000ffd00000,0x00000000ffe80000)
 ParOldGen       total 134144K, used 119213K [0x00000000f0000000, 0x00000000f8300000, 0x00000000f8300000)
  object space 134144K, 88% used [0x00000000f0000000,0x00000000f746b468,0x00000000f8300000)
 Metaspace       used 53535K, capacity 56910K, committed 57088K, reserved 1099776K
  class space    used 6503K, capacity 7087K, committed 7168K, reserved 1048576K
}
{Heap before GC invocations=543 (full 0):
 PSYoungGen      total 126464K, used 126240K [0x00000000f8300000, 0x0000000100000000, 0x0000000100000000)
  eden space 124928K, 100% used [0x00000000f8300000,0x00000000ffd00000,0x00000000ffd00000)
  from space 1536K, 85% used [0x00000000ffe80000,0x00000000fffc8000,0x0000000100000000)
  to   space 1536K, 0% used [0x00000000ffd00000,0x00000000ffd00000,0x00000000ffe80000)
 ParOldGen       total 134144K, used 119213K [0x00000000f0000000, 0x00000000f8300000, 0x00000000f8300000)
  object space 134144K, 88% used [0x00000000f0000000,0x00000000f746b468,0x00000000f8300000)
 Metaspace       used 53535K, capacity 56910K, committed 57088K, reserved 1099776K
  class space    used 6503K, capacity 7087K, committed 7168K, reserved 1048576K
2023-10-03T08:49:42.097+0800: 2707.895: [GC (Allocation Failure) [PSYoungGen: 126240K->1344K(126464K)] 245453K->120669K(260608K), 0.0087854 secs] [Times: user=0.06 sys=0.00, real=0.01 secs] 
Heap after GC invocations=543 (full 0):
 PSYoungGen      total 126464K, used 1344K [0x00000000f8300000, 0x0000000100000000, 0x0000000100000000)
  eden space 124928K, 0% used [0x00000000f8300000,0x00000000f8300000,0x00000000ffd00000)
  from space 1536K, 87% used [0x00000000ffd00000,0x00000000ffe50000,0x00000000ffe80000)
  to   space 1536K, 0% used [0x00000000ffe80000,0x00000000ffe80000,0x0000000100000000)
 ParOldGen       total 134144K, used 119325K [0x00000000f0000000, 0x00000000f8300000, 0x00000000f8300000)
  object space 134144K, 88% used [0x00000000f0000000,0x00000000f7487468,0x00000000f8300000)
 Metaspace       used 53535K, capacity 56910K, committed 57088K, reserved 1099776K
  class space    used 6503K, capacity 7087K, committed 7168K, reserved 1048576K
}
{Heap before GC invocations=544 (full 0):
 PSYoungGen      total 126464K, used 126272K [0x00000000f8300000, 0x0000000100000000, 0x0000000100000000)
  eden space 124928K, 100% used [0x00000000f8300000,0x00000000ffd00000,0x00000000ffd00000)
  from space 1536K, 87% used [0x00000000ffd00000,0x00000000ffe50000,0x00000000ffe80000)
  to   space 1536K, 0% used [0x00000000ffe80000,0x00000000ffe80000,0x0000000100000000)
 ParOldGen       total 134144K, used 119325K [0x00000000f0000000, 0x00000000f8300000, 0x00000000f8300000)
  object space 134144K, 88% used [0x00000000f0000000,0x00000000f7487468,0x00000000f8300000)
 Metaspace       used 53535K, capacity 56910K, committed 57088K, reserved 1099776K
  class space    used 6503K, capacity 7087K, committed 7168K, reserved 1048576K
2023-10-03T08:49:46.276+0800: 2712.074: [GC (Allocation Failure) [PSYoungGen: 126272K->1408K(126464K)] 245597K->120821K(260608K), 0.0088435 secs] [Times: user=0.05 sys=0.00, real=0.01 secs] 
Heap after GC invocations=544 (full 0):
 PSYoungGen      total 126464K, used 1408K [0x00000000f8300000, 0x0000000100000000, 0x0000000100000000)
  eden space 124928K, 0% used [0x00000000f8300000,0x00000000f8300000,0x00000000ffd00000)
  from space 1536K, 91% used [0x00000000ffe80000,0x00000000fffe0000,0x0000000100000000)
  to   space 1536K, 0% used [0x00000000ffd00000,0x00000000ffd00000,0x00000000ffe80000)
 ParOldGen       total 134144K, used 119413K [0x00000000f0000000, 0x00000000f8300000, 0x00000000f8300000)
  object space 134144K, 89% used [0x00000000f0000000,0x00000000f749d468,0x00000000f8300000)
 Metaspace       used 53535K, capacity 56910K, committed 57088K, reserved 1099776K
  class space    used 6503K, capacity 7087K, committed 7168K, reserved 1048576K
}
{Heap before GC invocations=545 (full 0):
 PSYoungGen      total 126464K, used 126336K [0x00000000f8300000, 0x0000000100000000, 0x0000000100000000)
  eden space 124928K, 100% used [0x00000000f8300000,0x00000000ffd00000,0x00000000ffd00000)
  from space 1536K, 91% used [0x00000000ffe80000,0x00000000fffe0000,0x0000000100000000)
  to   space 1536K, 0% used [0x00000000ffd00000,0x00000000ffd00000,0x00000000ffe80000)
 ParOldGen       total 134144K, used 119413K [0x00000000f0000000, 0x00000000f8300000, 0x00000000f8300000)
  object space 134144K, 89% used [0x00000000f0000000,0x00000000f749d468,0x00000000f8300000)
 Metaspace       used 53535K, capacity 56910K, committed 57088K, reserved 1099776K
  class space    used 6503K, capacity 7087K, committed 7168K, reserved 1048576K
2023-10-03T08:49:50.565+0800: 2716.363: [GC (Allocation Failure) [PSYoungGen: 126336K->1344K(126464K)] 245749K->120877K(260608K), 0.0048789 secs] [Times: user=0.03 sys=0.00, real=0.00 secs] 
Heap after GC invocations=545 (full 0):
 PSYoungGen      total 126464K, used 1344K [0x00000000f8300000, 0x0000000100000000, 0x0000000100000000)
  eden space 124928K, 0% used [0x00000000f8300000,0x00000000f8300000,0x00000000ffd00000)
  from space 1536K, 87% used [0x00000000ffd00000,0x00000000ffe50000,0x00000000ffe80000)
  to   space 1536K, 0% used [0x00000000ffe80000,0x00000000ffe80000,0x0000000100000000)
 ParOldGen       total 134144K, used 119533K [0x00000000f0000000, 0x00000000f8300000, 0x00000000f8300000)
  object space 134144K, 89% used [0x00000000f0000000,0x00000000f74bb468,0x00000000f8300000)
 Metaspace       used 53535K, capacity 56910K, committed 57088K, reserved 1099776K
  class space    used 6503K, capacity 7087K, committed 7168K, reserved 1048576K
}
{Heap before GC invocations=546 (full 0):
 PSYoungGen      total 126464K, used 126272K [0x00000000f8300000, 0x0000000100000000, 0x0000000100000000)
  eden space 124928K, 100% used [0x00000000f8300000,0x00000000ffd00000,0x00000000ffd00000)
  from space 1536K, 87% used [0x00000000ffd00000,0x00000000ffe50000,0x00000000ffe80000)
  to   space 1536K, 0% used [0x00000000ffe80000,0x00000000ffe80000,0x0000000100000000)
 ParOldGen       total 134144K, used 119533K [0x00000000f0000000, 0x00000000f8300000, 0x00000000f8300000)
  object space 134144K, 89% used [0x00000000f0000000,0x00000000f74bb468,0x00000000f8300000)
 Metaspace       used 53535K, capacity 56910K, committed 57088K, reserved 1099776K
  class space    used 6503K, capacity 7087K, committed 7168K, reserved 1048576K
2023-10-03T08:49:54.631+0800: 2720.429: [GC (Allocation Failure) [PSYoungGen: 126272K->1344K(126464K)] 245805K->120973K(260608K), 0.0089117 secs] [Times: user=0.06 sys=0.00, real=0.01 secs] 
Heap after GC invocations=546 (full 0):
 PSYoungGen      total 126464K, used 1344K [0x00000000f8300000, 0x0000000100000000, 0x0000000100000000)
  eden space 124928K, 0% used [0x00000000f8300000,0x00000000f8300000,0x00000000ffd00000)
  from space 1536K, 87% used [0x00000000ffe80000,0x00000000fffd0000,0x0000000100000000)
  to   space 1536K, 0% used [0x00000000ffd00000,0x00000000ffd00000,0x00000000ffe80000)
 ParOldGen       total 134144K, used 119629K [0x00000000f0000000, 0x00000000f8300000, 0x00000000f8300000)
  object space 134144K, 89% used [0x00000000f0000000,0x00000000f74d3468,0x00000000f8300000)
 Metaspace       used 53535K, capacity 56910K, committed 57088K, reserved 1099776K
  class space    used 6503K, capacity 7087K, committed 7168K, reserved 1048576K
}
{Heap before GC invocations=547 (full 0):
 PSYoungGen      total 126464K, used 126272K [0x00000000f8300000, 0x0000000100000000, 0x0000000100000000)
  eden space 124928K, 100% used [0x00000000f8300000,0x00000000ffd00000,0x00000000ffd00000)
  from space 1536K, 87% used [0x00000000ffe80000,0x00000000fffd0000,0x0000000100000000)
  to   space 1536K, 0% used [0x00000000ffd00000,0x00000000ffd00000,0x00000000ffe80000)
 ParOldGen       total 134144K, used 119629K [0x00000000f0000000, 0x00000000f8300000, 0x00000000f8300000)
  object space 134144K, 89% used [0x00000000f0000000,0x00000000f74d3468,0x00000000f8300000)
 Metaspace       used 53535K, capacity 56910K, committed 57088K, reserved 1099776K
  class space    used 6503K, capacity 7087K, committed 7168K, reserved 1048576K
2023-10-03T08:49:58.717+0800: 2724.515: [GC (Allocation Failure) [PSYoungGen: 126272K->1312K(126464K)] 245901K->121037K(260608K), 0.0094720 secs] [Times: user=0.06 sys=0.00, real=0.01 secs] 
Heap after GC invocations=547 (full 0):
 PSYoungGen      total 126464K, used 1312K [0x00000000f8300000, 0x0000000100000000, 0x0000000100000000)
  eden space 124928K, 0% used [0x00000000f8300000,0x00000000f8300000,0x00000000ffd00000)
  from space 1536K, 85% used [0x00000000ffd00000,0x00000000ffe48000,0x00000000ffe80000)
  to   space 1536K, 0% used [0x00000000ffe80000,0x00000000ffe80000,0x0000000100000000)
 ParOldGen       total 134144K, used 119725K [0x00000000f0000000, 0x00000000f8300000, 0x00000000f8300000)
  object space 134144K, 89% used [0x00000000f0000000,0x00000000f74eb468,0x00000000f8300000)
 Metaspace       used 53535K, capacity 56910K, committed 57088K, reserved 1099776K
  class space    used 6503K, capacity 7087K, committed 7168K, reserved 1048576K
}
{Heap before GC invocations=548 (full 0):
 PSYoungGen      total 126464K, used 126240K [0x00000000f8300000, 0x0000000100000000, 0x0000000100000000)
  eden space 124928K, 100% used [0x00000000f8300000,0x00000000ffd00000,0x00000000ffd00000)
  from space 1536K, 85% used [0x00000000ffd00000,0x00000000ffe48000,0x00000000ffe80000)
  to   space 1536K, 0% used [0x00000000ffe80000,0x00000000ffe80000,0x0000000100000000)
 ParOldGen       total 134144K, used 119725K [0x00000000f0000000, 0x00000000f8300000, 0x00000000f8300000)
  object space 134144K, 89% used [0x00000000f0000000,0x00000000f74eb468,0x00000000f8300000)
 Metaspace       used 53535K, capacity 56910K, committed 57088K, reserved 1099776K
  class space    used 6503K, capacity 7087K, committed 7168K, reserved 1048576K
2023-10-03T08:50:02.934+0800: 2728.732: [GC (Allocation Failure) [PSYoungGen: 126240K->1344K(126464K)] 245965K->121165K(260608K), 0.0041424 secs] [Times: user=0.03 sys=0.00, real=0.00 secs] 
Heap after GC invocations=548 (full 0):
 PSYoungGen      total 126464K, used 1344K [0x00000000f8300000, 0x0000000100000000, 0x0000000100000000)
  eden space 124928K, 0% used [0x00000000f8300000,0x00000000f8300000,0x00000000ffd00000)
  from space 1536K, 87% used [0x00000000ffe80000,0x00000000fffd0000,0x0000000100000000)
  to   space 1536K, 0% used [0x00000000ffd00000,0x00000000ffd00000,0x00000000ffe80000)
 ParOldGen       total 134144K, used 119821K [0x00000000f0000000, 0x00000000f8300000, 0x00000000f8300000)
  object space 134144K, 89% used [0x00000000f0000000,0x00000000f7503468,0x00000000f8300000)
 Metaspace       used 53535K, capacity 56910K, committed 57088K, reserved 1099776K
  class space    used 6503K, capacity 7087K, committed 7168K, reserved 1048576K
}
{Heap before GC invocations=549 (full 0):
 PSYoungGen      total 126464K, used 126272K [0x00000000f8300000, 0x0000000100000000, 0x0000000100000000)
  eden space 124928K, 100% used [0x00000000f8300000,0x00000000ffd00000,0x00000000ffd00000)
  from space 1536K, 87% used [0x00000000ffe80000,0x00000000fffd0000,0x0000000100000000)
  to   space 1536K, 0% used [0x00000000ffd00000,0x00000000ffd00000,0x00000000ffe80000)
 ParOldGen       total 134144K, used 119821K [0x00000000f0000000, 0x00000000f8300000, 0x00000000f8300000)
  object space 134144K, 89% used [0x00000000f0000000,0x00000000f7503468,0x00000000f8300000)
 Metaspace       used 53535K, capacity 56910K, committed 57088K, reserved 1099776K
  class space    used 6503K, capacity 7087K, committed 7168K, reserved 1048576K
2023-10-03T08:50:07.211+0800: 2733.009: [GC (Allocation Failure) [PSYoungGen: 126272K->1376K(126464K)] 246093K->121309K(260608K), 0.0063547 secs] [Times: user=0.05 sys=0.00, real=0.01 secs] 
Heap after GC invocations=549 (full 0):
 PSYoungGen      total 126464K, used 1376K [0x00000000f8300000, 0x0000000100000000, 0x0000000100000000)
  eden space 124928K, 0% used [0x00000000f8300000,0x00000000f8300000,0x00000000ffd00000)
  from space 1536K, 89% used [0x00000000ffd00000,0x00000000ffe58000,0x00000000ffe80000)
  to   space 1536K, 0% used [0x00000000ffe80000,0x00000000ffe80000,0x0000000100000000)
 ParOldGen       total 134144K, used 119933K [0x00000000f0000000, 0x00000000f8300000, 0x00000000f8300000)
  object space 134144K, 89% used [0x00000000f0000000,0x00000000f751f468,0x00000000f8300000)
 Metaspace       used 53535K, capacity 56910K, committed 57088K, reserved 1099776K
  class space    used 6503K, capacity 7087K, committed 7168K, reserved 1048576K
}
{Heap before GC invocations=550 (full 0):
 PSYoungGen      total 126464K, used 126304K [0x00000000f8300000, 0x0000000100000000, 0x0000000100000000)
  eden space 124928K, 100% used [0x00000000f8300000,0x00000000ffd00000,0x00000000ffd00000)
  from space 1536K, 89% used [0x00000000ffd00000,0x00000000ffe58000,0x00000000ffe80000)
  to   space 1536K, 0% used [0x00000000ffe80000,0x00000000ffe80000,0x0000000100000000)
 ParOldGen       total 134144K, used 119933K [0x00000000f0000000, 0x00000000f8300000, 0x00000000f8300000)
  object space 134144K, 89% used [0x00000000f0000000,0x00000000f751f468,0x00000000f8300000)
 Metaspace       used 53535K, capacity 56910K, committed 57088K, reserved 1099776K
  class space    used 6503K, capacity 7087K, committed 7168K, reserved 1048576K
2023-10-03T08:50:11.274+0800: 2737.072: [GC (Allocation Failure) [PSYoungGen: 126304K->1344K(126464K)] 246237K->121373K(260608K), 0.0087147 secs] [Times: user=0.06 sys=0.00, real=0.01 secs] 
Heap after GC invocations=550 (full 0):
 PSYoungGen      total 126464K, used 1344K [0x00000000f8300000, 0x0000000100000000, 0x0000000100000000)
  eden space 124928K, 0% used [0x00000000f8300000,0x00000000f8300000,0x00000000ffd00000)
  from space 1536K, 87% used [0x00000000ffe80000,0x00000000fffd0000,0x0000000100000000)
  to   space 1536K, 0% used [0x00000000ffd00000,0x00000000ffd00000,0x00000000ffe80000)
 ParOldGen       total 134144K, used 120029K [0x00000000f0000000, 0x00000000f8300000, 0x00000000f8300000)
  object space 134144K, 89% used [0x00000000f0000000,0x00000000f7537468,0x00000000f8300000)
 Metaspace       used 53535K, capacity 56910K, committed 57088K, reserved 1099776K
  class space    used 6503K, capacity 7087K, committed 7168K, reserved 1048576K
}
{Heap before GC invocations=551 (full 0):
 PSYoungGen      total 126464K, used 126272K [0x00000000f8300000, 0x0000000100000000, 0x0000000100000000)
  eden space 124928K, 100% used [0x00000000f8300000,0x00000000ffd00000,0x00000000ffd00000)
  from space 1536K, 87% used [0x00000000ffe80000,0x00000000fffd0000,0x0000000100000000)
  to   space 1536K, 0% used [0x00000000ffd00000,0x00000000ffd00000,0x00000000ffe80000)
 ParOldGen       total 134144K, used 120029K [0x00000000f0000000, 0x00000000f8300000, 0x00000000f8300000)
  object space 134144K, 89% used [0x00000000f0000000,0x00000000f7537468,0x00000000f8300000)
 Metaspace       used 53535K, capacity 56910K, committed 57088K, reserved 1099776K
  class space    used 6503K, capacity 7087K, committed 7168K, reserved 1048576K
2023-10-03T08:50:15.339+0800: 2741.137: [GC (Allocation Failure) [PSYoungGen: 126272K->1312K(126464K)] 246301K->121485K(260608K), 0.0085070 secs] [Times: user=0.06 sys=0.01, real=0.01 secs] 
Heap after GC invocations=551 (full 0):
 PSYoungGen      total 126464K, used 1312K [0x00000000f8300000, 0x0000000100000000, 0x0000000100000000)
  eden space 124928K, 0% used [0x00000000f8300000,0x00000000f8300000,0x00000000ffd00000)
  from space 1536K, 85% used [0x00000000ffd00000,0x00000000ffe48000,0x00000000ffe80000)
  to   space 1536K, 0% used [0x00000000ffe80000,0x00000000ffe80000,0x0000000100000000)
 ParOldGen       total 134144K, used 120173K [0x00000000f0000000, 0x00000000f8300000, 0x00000000f8300000)
  object space 134144K, 89% used [0x00000000f0000000,0x00000000f755b468,0x00000000f8300000)
 Metaspace       used 53535K, capacity 56910K, committed 57088K, reserved 1099776K
  class space    used 6503K, capacity 7087K, committed 7168K, reserved 1048576K
}
{Heap before GC invocations=552 (full 0):
 PSYoungGen      total 126464K, used 126240K [0x00000000f8300000, 0x0000000100000000, 0x0000000100000000)
  eden space 124928K, 100% used [0x00000000f8300000,0x00000000ffd00000,0x00000000ffd00000)
  from space 1536K, 85% used [0x00000000ffd00000,0x00000000ffe48000,0x00000000ffe80000)
  to   space 1536K, 0% used [0x00000000ffe80000,0x00000000ffe80000,0x0000000100000000)
 ParOldGen       total 134144K, used 120173K [0x00000000f0000000, 0x00000000f8300000, 0x00000000f8300000)
  object space 134144K, 89% used [0x00000000f0000000,0x00000000f755b468,0x00000000f8300000)
 Metaspace       used 53535K, capacity 56910K, committed 57088K, reserved 1099776K
  class space    used 6503K, capacity 7087K, committed 7168K, reserved 1048576K
2023-10-03T08:50:19.454+0800: 2745.252: [GC (Allocation Failure) [PSYoungGen: 126240K->1248K(126464K)] 246413K->121509K(260608K), 0.0086567 secs] [Times: user=0.06 sys=0.00, real=0.01 secs] 
Heap after GC invocations=552 (full 0):
 PSYoungGen      total 126464K, used 1248K [0x00000000f8300000, 0x0000000100000000, 0x0000000100000000)
  eden space 124928K, 0% used [0x00000000f8300000,0x00000000f8300000,0x00000000ffd00000)
  from space 1536K, 81% used [0x00000000ffe80000,0x00000000fffb8000,0x0000000100000000)
  to   space 1536K, 0% used [0x00000000ffd00000,0x00000000ffd00000,0x00000000ffe80000)
 ParOldGen       total 134144K, used 120261K [0x00000000f0000000, 0x00000000f8300000, 0x00000000f8300000)
  object space 134144K, 89% used [0x00000000f0000000,0x00000000f7571468,0x00000000f8300000)
 Metaspace       used 53535K, capacity 56910K, committed 57088K, reserved 1099776K
  class space    used 6503K, capacity 7087K, committed 7168K, reserved 1048576K
}
{Heap before GC invocations=553 (full 0):
 PSYoungGen      total 126464K, used 126176K [0x00000000f8300000, 0x0000000100000000, 0x0000000100000000)
  eden space 124928K, 100% used [0x00000000f8300000,0x00000000ffd00000,0x00000000ffd00000)
  from space 1536K, 81% used [0x00000000ffe80000,0x00000000fffb8000,0x0000000100000000)
  to   space 1536K, 0% used [0x00000000ffd00000,0x00000000ffd00000,0x00000000ffe80000)
 ParOldGen       total 134144K, used 120261K [0x00000000f0000000, 0x00000000f8300000, 0x00000000f8300000)
  object space 134144K, 89% used [0x00000000f0000000,0x00000000f7571468,0x00000000f8300000)
 Metaspace       used 53535K, capacity 56910K, committed 57088K, reserved 1099776K
  class space    used 6503K, capacity 7087K, committed 7168K, reserved 1048576K
2023-10-03T08:50:23.651+0800: 2749.449: [GC (Allocation Failure) [PSYoungGen: 126176K->1344K(126464K)] 246437K->121693K(260608K), 0.0085403 secs] [Times: user=0.06 sys=0.00, real=0.01 secs] 
Heap after GC invocations=553 (full 0):
 PSYoungGen      total 126464K, used 1344K [0x00000000f8300000, 0x0000000100000000, 0x0000000100000000)
  eden space 124928K, 0% used [0x00000000f8300000,0x00000000f8300000,0x00000000ffd00000)
  from space 1536K, 87% used [0x00000000ffd00000,0x00000000ffe50000,0x00000000ffe80000)
  to   space 1536K, 0% used [0x00000000ffe80000,0x00000000ffe80000,0x0000000100000000)
 ParOldGen       total 134144K, used 120349K [0x00000000f0000000, 0x00000000f8300000, 0x00000000f8300000)
  object space 134144K, 89% used [0x00000000f0000000,0x00000000f7587468,0x00000000f8300000)
 Metaspace       used 53535K, capacity 56910K, committed 57088K, reserved 1099776K
  class space    used 6503K, capacity 7087K, committed 7168K, reserved 1048576K
}
{Heap before GC invocations=554 (full 0):
 PSYoungGen      total 126464K, used 126272K [0x00000000f8300000, 0x0000000100000000, 0x0000000100000000)
  eden space 124928K, 100% used [0x00000000f8300000,0x00000000ffd00000,0x00000000ffd00000)
  from space 1536K, 87% used [0x00000000ffd00000,0x00000000ffe50000,0x00000000ffe80000)
  to   space 1536K, 0% used [0x00000000ffe80000,0x00000000ffe80000,0x0000000100000000)
 ParOldGen       total 134144K, used 120349K [0x00000000f0000000, 0x00000000f8300000, 0x00000000f8300000)
  object space 134144K, 89% used [0x00000000f0000000,0x00000000f7587468,0x00000000f8300000)
 Metaspace       used 53535K, capacity 56910K, committed 57088K, reserved 1099776K
  class space    used 6503K, capacity 7087K, committed 7168K, reserved 1048576K
2023-10-03T08:50:27.920+0800: 2753.718: [GC (Allocation Failure) [PSYoungGen: 126272K->1312K(126464K)] 246621K->121741K(260608K), 0.0043315 secs] [Times: user=0.03 sys=0.00, real=0.01 secs] 
Heap after GC invocations=554 (full 0):
 PSYoungGen      total 126464K, used 1312K [0x00000000f8300000, 0x0000000100000000, 0x0000000100000000)
  eden space 124928K, 0% used [0x00000000f8300000,0x00000000f8300000,0x00000000ffd00000)
  from space 1536K, 85% used [0x00000000ffe80000,0x00000000fffc8000,0x0000000100000000)
  to   space 1536K, 0% used [0x00000000ffd00000,0x00000000ffd00000,0x00000000ffe80000)
 ParOldGen       total 134144K, used 120429K [0x00000000f0000000, 0x00000000f8300000, 0x00000000f8300000)
  object space 134144K, 89% used [0x00000000f0000000,0x00000000f759b468,0x00000000f8300000)
 Metaspace       used 53535K, capacity 56910K, committed 57088K, reserved 1099776K
  class space    used 6503K, capacity 7087K, committed 7168K, reserved 1048576K
}
{Heap before GC invocations=555 (full 0):
 PSYoungGen      total 126464K, used 126240K [0x00000000f8300000, 0x0000000100000000, 0x0000000100000000)
  eden space 124928K, 100% used [0x00000000f8300000,0x00000000ffd00000,0x00000000ffd00000)
  from space 1536K, 85% used [0x00000000ffe80000,0x00000000fffc8000,0x0000000100000000)
  to   space 1536K, 0% used [0x00000000ffd00000,0x00000000ffd00000,0x00000000ffe80000)
 ParOldGen       total 134144K, used 120429K [0x00000000f0000000, 0x00000000f8300000, 0x00000000f8300000)
  object space 134144K, 89% used [0x00000000f0000000,0x00000000f759b468,0x00000000f8300000)
 Metaspace       used 53535K, capacity 56910K, committed 57088K, reserved 1099776K
  class space    used 6503K, capacity 7087K, committed 7168K, reserved 1048576K
2023-10-03T08:50:31.984+0800: 2757.782: [GC (Allocation Failure) [PSYoungGen: 126240K->1280K(126464K)] 246669K->121773K(260608K), 0.0084577 secs] [Times: user=0.06 sys=0.00, real=0.01 secs] 
Heap after GC invocations=555 (full 0):
 PSYoungGen      total 126464K, used 1280K [0x00000000f8300000, 0x0000000100000000, 0x0000000100000000)
  eden space 124928K, 0% used [0x00000000f8300000,0x00000000f8300000,0x00000000ffd00000)
  from space 1536K, 83% used [0x00000000ffd00000,0x00000000ffe40000,0x00000000ffe80000)
  to   space 1536K, 0% used [0x00000000ffe80000,0x00000000ffe80000,0x0000000100000000)
 ParOldGen       total 134144K, used 120493K [0x00000000f0000000, 0x00000000f8300000, 0x00000000f8300000)
  object space 134144K, 89% used [0x00000000f0000000,0x00000000f75ab468,0x00000000f8300000)
 Metaspace       used 53535K, capacity 56910K, committed 57088K, reserved 1099776K
  class space    used 6503K, capacity 7087K, committed 7168K, reserved 1048576K
}
{Heap before GC invocations=556 (full 0):
 PSYoungGen      total 126464K, used 126208K [0x00000000f8300000, 0x0000000100000000, 0x0000000100000000)
  eden space 124928K, 100% used [0x00000000f8300000,0x00000000ffd00000,0x00000000ffd00000)
  from space 1536K, 83% used [0x00000000ffd00000,0x00000000ffe40000,0x00000000ffe80000)
  to   space 1536K, 0% used [0x00000000ffe80000,0x00000000ffe80000,0x0000000100000000)
 ParOldGen       total 134144K, used 120493K [0x00000000f0000000, 0x00000000f8300000, 0x00000000f8300000)
  object space 134144K, 89% used [0x00000000f0000000,0x00000000f75ab468,0x00000000f8300000)
 Metaspace       used 53535K, capacity 56910K, committed 57088K, reserved 1099776K
  class space    used 6503K, capacity 7087K, committed 7168K, reserved 1048576K
2023-10-03T08:50:36.059+0800: 2761.857: [GC (Allocation Failure) [PSYoungGen: 126208K->1312K(126464K)] 246701K->121877K(260608K), 0.0084605 secs] [Times: user=0.05 sys=0.00, real=0.01 secs] 
Heap after GC invocations=556 (full 0):
 PSYoungGen      total 126464K, used 1312K [0x00000000f8300000, 0x0000000100000000, 0x0000000100000000)
  eden space 124928K, 0% used [0x00000000f8300000,0x00000000f8300000,0x00000000ffd00000)
  from space 1536K, 85% used [0x00000000ffe80000,0x00000000fffc8000,0x0000000100000000)
  to   space 1536K, 0% used [0x00000000ffd00000,0x00000000ffd00000,0x00000000ffe80000)
 ParOldGen       total 134144K, used 120565K [0x00000000f0000000, 0x00000000f8300000, 0x00000000f8300000)
  object space 134144K, 89% used [0x00000000f0000000,0x00000000f75bd468,0x00000000f8300000)
 Metaspace       used 53535K, capacity 56910K, committed 57088K, reserved 1099776K
  class space    used 6503K, capacity 7087K, committed 7168K, reserved 1048576K
}
{Heap before GC invocations=557 (full 0):
 PSYoungGen      total 126464K, used 126240K [0x00000000f8300000, 0x0000000100000000, 0x0000000100000000)
  eden space 124928K, 100% used [0x00000000f8300000,0x00000000ffd00000,0x00000000ffd00000)
  from space 1536K, 85% used [0x00000000ffe80000,0x00000000fffc8000,0x0000000100000000)
  to   space 1536K, 0% used [0x00000000ffd00000,0x00000000ffd00000,0x00000000ffe80000)
 ParOldGen       total 134144K, used 120565K [0x00000000f0000000, 0x00000000f8300000, 0x00000000f8300000)
  object space 134144K, 89% used [0x00000000f0000000,0x00000000f75bd468,0x00000000f8300000)
 Metaspace       used 53535K, capacity 56910K, committed 57088K, reserved 1099776K
  class space    used 6503K, capacity 7087K, committed 7168K, reserved 1048576K
2023-10-03T08:50:40.307+0800: 2766.105: [GC (Allocation Failure) [PSYoungGen: 126240K->1312K(126464K)] 246805K->121941K(260608K), 0.0090153 secs] [Times: user=0.06 sys=0.00, real=0.01 secs] 
Heap after GC invocations=557 (full 0):
 PSYoungGen      total 126464K, used 1312K [0x00000000f8300000, 0x0000000100000000, 0x0000000100000000)
  eden space 124928K, 0% used [0x00000000f8300000,0x00000000f8300000,0x00000000ffd00000)
  from space 1536K, 85% used [0x00000000ffd00000,0x00000000ffe48000,0x00000000ffe80000)
  to   space 1536K, 0% used [0x00000000ffe80000,0x00000000ffe80000,0x0000000100000000)
 ParOldGen       total 134144K, used 120629K [0x00000000f0000000, 0x00000000f8300000, 0x00000000f8300000)
  object space 134144K, 89% used [0x00000000f0000000,0x00000000f75cd468,0x00000000f8300000)
 Metaspace       used 53535K, capacity 56910K, committed 57088K, reserved 1099776K
  class space    used 6503K, capacity 7087K, committed 7168K, reserved 1048576K
}
{Heap before GC invocations=558 (full 0):
 PSYoungGen      total 126464K, used 126240K [0x00000000f8300000, 0x0000000100000000, 0x0000000100000000)
  eden space 124928K, 100% used [0x00000000f8300000,0x00000000ffd00000,0x00000000ffd00000)
  from space 1536K, 85% used [0x00000000ffd00000,0x00000000ffe48000,0x00000000ffe80000)
  to   space 1536K, 0% used [0x00000000ffe80000,0x00000000ffe80000,0x0000000100000000)
 ParOldGen       total 134144K, used 120629K [0x00000000f0000000, 0x00000000f8300000, 0x00000000f8300000)
  object space 134144K, 89% used [0x00000000f0000000,0x00000000f75cd468,0x00000000f8300000)
 Metaspace       used 53535K, capacity 56910K, committed 57088K, reserved 1099776K
  class space    used 6503K, capacity 7087K, committed 7168K, reserved 1048576K
2023-10-03T08:50:44.376+0800: 2770.174: [GC (Allocation Failure) [PSYoungGen: 126240K->1312K(126464K)] 246869K->121997K(260608K), 0.0064935 secs] [Times: user=0.05 sys=0.00, real=0.01 secs] 
Heap after GC invocations=558 (full 0):
 PSYoungGen      total 126464K, used 1312K [0x00000000f8300000, 0x0000000100000000, 0x0000000100000000)
  eden space 124928K, 0% used [0x00000000f8300000,0x00000000f8300000,0x00000000ffd00000)
  from space 1536K, 85% used [0x00000000ffe80000,0x00000000fffc8000,0x0000000100000000)
  to   space 1536K, 0% used [0x00000000ffd00000,0x00000000ffd00000,0x00000000ffe80000)
 ParOldGen       total 134144K, used 120685K [0x00000000f0000000, 0x00000000f8300000, 0x00000000f8300000)
  object space 134144K, 89% used [0x00000000f0000000,0x00000000f75db468,0x00000000f8300000)
 Metaspace       used 53535K, capacity 56910K, committed 57088K, reserved 1099776K
  class space    used 6503K, capacity 7087K, committed 7168K, reserved 1048576K
}
{Heap before GC invocations=559 (full 0):
 PSYoungGen      total 126464K, used 126240K [0x00000000f8300000, 0x0000000100000000, 0x0000000100000000)
  eden space 124928K, 100% used [0x00000000f8300000,0x00000000ffd00000,0x00000000ffd00000)
  from space 1536K, 85% used [0x00000000ffe80000,0x00000000fffc8000,0x0000000100000000)
  to   space 1536K, 0% used [0x00000000ffd00000,0x00000000ffd00000,0x00000000ffe80000)
 ParOldGen       total 134144K, used 120685K [0x00000000f0000000, 0x00000000f8300000, 0x00000000f8300000)
  object space 134144K, 89% used [0x00000000f0000000,0x00000000f75db468,0x00000000f8300000)
 Metaspace       used 53535K, capacity 56910K, committed 57088K, reserved 1099776K
  class space    used 6503K, capacity 7087K, committed 7168K, reserved 1048576K
2023-10-03T08:50:48.633+0800: 2774.431: [GC (Allocation Failure) [PSYoungGen: 126240K->1216K(126464K)] 246925K->121957K(260608K), 0.0085471 secs] [Times: user=0.05 sys=0.00, real=0.00 secs] 
Heap after GC invocations=559 (full 0):
 PSYoungGen      total 126464K, used 1216K [0x00000000f8300000, 0x0000000100000000, 0x0000000100000000)
  eden space 124928K, 0% used [0x00000000f8300000,0x00000000f8300000,0x00000000ffd00000)
  from space 1536K, 79% used [0x00000000ffd00000,0x00000000ffe30000,0x00000000ffe80000)
  to   space 1536K, 0% used [0x00000000ffe80000,0x00000000ffe80000,0x0000000100000000)
 ParOldGen       total 134144K, used 120741K [0x00000000f0000000, 0x00000000f8300000, 0x00000000f8300000)
  object space 134144K, 90% used [0x00000000f0000000,0x00000000f75e9468,0x00000000f8300000)
 Metaspace       used 53535K, capacity 56910K, committed 57088K, reserved 1099776K
  class space    used 6503K, capacity 7087K, committed 7168K, reserved 1048576K
}
{Heap before GC invocations=560 (full 0):
 PSYoungGen      total 126464K, used 126144K [0x00000000f8300000, 0x0000000100000000, 0x0000000100000000)
  eden space 124928K, 100% used [0x00000000f8300000,0x00000000ffd00000,0x00000000ffd00000)
  from space 1536K, 79% used [0x00000000ffd00000,0x00000000ffe30000,0x00000000ffe80000)
  to   space 1536K, 0% used [0x00000000ffe80000,0x00000000ffe80000,0x0000000100000000)
 ParOldGen       total 134144K, used 120741K [0x00000000f0000000, 0x00000000f8300000, 0x00000000f8300000)
  object space 134144K, 90% used [0x00000000f0000000,0x00000000f75e9468,0x00000000f8300000)
 Metaspace       used 53535K, capacity 56910K, committed 57088K, reserved 1099776K
  class space    used 6503K, capacity 7087K, committed 7168K, reserved 1048576K
2023-10-03T08:50:52.707+0800: 2778.505: [GC (Allocation Failure) [PSYoungGen: 126144K->1312K(126464K)] 246885K->122117K(260608K), 0.0088063 secs] [Times: user=0.05 sys=0.00, real=0.01 secs] 
Heap after GC invocations=560 (full 0):
 PSYoungGen      total 126464K, used 1312K [0x00000000f8300000, 0x0000000100000000, 0x0000000100000000)
  eden space 124928K, 0% used [0x00000000f8300000,0x00000000f8300000,0x00000000ffd00000)
  from space 1536K, 85% used [0x00000000ffe80000,0x00000000fffc8000,0x0000000100000000)
  to   space 1536K, 0% used [0x00000000ffd00000,0x00000000ffd00000,0x00000000ffe80000)
 ParOldGen       total 134144K, used 120805K [0x00000000f0000000, 0x00000000f8300000, 0x00000000f8300000)
  object space 134144K, 90% used [0x00000000f0000000,0x00000000f75f9468,0x00000000f8300000)
 Metaspace       used 53535K, capacity 56910K, committed 57088K, reserved 1099776K
  class space    used 6503K, capacity 7087K, committed 7168K, reserved 1048576K
}
{Heap before GC invocations=561 (full 0):
 PSYoungGen      total 126464K, used 126240K [0x00000000f8300000, 0x0000000100000000, 0x0000000100000000)
  eden space 124928K, 100% used [0x00000000f8300000,0x00000000ffd00000,0x00000000ffd00000)
  from space 1536K, 85% used [0x00000000ffe80000,0x00000000fffc8000,0x0000000100000000)
  to   space 1536K, 0% used [0x00000000ffd00000,0x00000000ffd00000,0x00000000ffe80000)
 ParOldGen       total 134144K, used 120805K [0x00000000f0000000, 0x00000000f8300000, 0x00000000f8300000)
  object space 134144K, 90% used [0x00000000f0000000,0x00000000f75f9468,0x00000000f8300000)
 Metaspace       used 53535K, capacity 56910K, committed 57088K, reserved 1099776K
  class space    used 6503K, capacity 7087K, committed 7168K, reserved 1048576K
2023-10-03T08:50:56.808+0800: 2782.606: [GC (Allocation Failure) [PSYoungGen: 126240K->1248K(126464K)] 247045K->122109K(260608K), 0.0090404 secs] [Times: user=0.05 sys=0.00, real=0.01 secs] 
Heap after GC invocations=561 (full 0):
 PSYoungGen      total 126464K, used 1248K [0x00000000f8300000, 0x0000000100000000, 0x0000000100000000)
  eden space 124928K, 0% used [0x00000000f8300000,0x00000000f8300000,0x00000000ffd00000)
  from space 1536K, 81% used [0x00000000ffd00000,0x00000000ffe38000,0x00000000ffe80000)
  to   space 1536K, 0% used [0x00000000ffe80000,0x00000000ffe80000,0x0000000100000000)
 ParOldGen       total 134144K, used 120861K [0x00000000f0000000, 0x00000000f8300000, 0x00000000f8300000)
  object space 134144K, 90% used [0x00000000f0000000,0x00000000f7607468,0x00000000f8300000)
 Metaspace       used 53535K, capacity 56910K, committed 57088K, reserved 1099776K
  class space    used 6503K, capacity 7087K, committed 7168K, reserved 1048576K
}
{Heap before GC invocations=562 (full 0):
 PSYoungGen      total 126464K, used 126176K [0x00000000f8300000, 0x0000000100000000, 0x0000000100000000)
  eden space 124928K, 100% used [0x00000000f8300000,0x00000000ffd00000,0x00000000ffd00000)
  from space 1536K, 81% used [0x00000000ffd00000,0x00000000ffe38000,0x00000000ffe80000)
  to   space 1536K, 0% used [0x00000000ffe80000,0x00000000ffe80000,0x0000000100000000)
 ParOldGen       total 134144K, used 120861K [0x00000000f0000000, 0x00000000f8300000, 0x00000000f8300000)
  object space 134144K, 90% used [0x00000000f0000000,0x00000000f7607468,0x00000000f8300000)
 Metaspace       used 53535K, capacity 56910K, committed 57088K, reserved 1099776K
  class space    used 6503K, capacity 7087K, committed 7168K, reserved 1048576K
2023-10-03T08:51:01.025+0800: 2786.823: [GC (Allocation Failure) [PSYoungGen: 126176K->1312K(126464K)] 247037K->122229K(260608K), 0.0062037 secs] [Times: user=0.05 sys=0.00, real=0.00 secs] 
Heap after GC invocations=562 (full 0):
 PSYoungGen      total 126464K, used 1312K [0x00000000f8300000, 0x0000000100000000, 0x0000000100000000)
  eden space 124928K, 0% used [0x00000000f8300000,0x00000000f8300000,0x00000000ffd00000)
  from space 1536K, 85% used [0x00000000ffe80000,0x00000000fffc8000,0x0000000100000000)
  to   space 1536K, 0% used [0x00000000ffd00000,0x00000000ffd00000,0x00000000ffe80000)
 ParOldGen       total 134144K, used 120917K [0x00000000f0000000, 0x00000000f8300000, 0x00000000f8300000)
  object space 134144K, 90% used [0x00000000f0000000,0x00000000f7615468,0x00000000f8300000)
 Metaspace       used 53535K, capacity 56910K, committed 57088K, reserved 1099776K
  class space    used 6503K, capacity 7087K, committed 7168K, reserved 1048576K
}
{Heap before GC invocations=563 (full 0):
 PSYoungGen      total 126464K, used 126240K [0x00000000f8300000, 0x0000000100000000, 0x0000000100000000)
  eden space 124928K, 100% used [0x00000000f8300000,0x00000000ffd00000,0x00000000ffd00000)
  from space 1536K, 85% used [0x00000000ffe80000,0x00000000fffc8000,0x0000000100000000)
  to   space 1536K, 0% used [0x00000000ffd00000,0x00000000ffd00000,0x00000000ffe80000)
 ParOldGen       total 134144K, used 120917K [0x00000000f0000000, 0x00000000f8300000, 0x00000000f8300000)
  object space 134144K, 90% used [0x00000000f0000000,0x00000000f7615468,0x00000000f8300000)
 Metaspace       used 53535K, capacity 56910K, committed 57088K, reserved 1099776K
  class space    used 6503K, capacity 7087K, committed 7168K, reserved 1048576K
2023-10-03T08:51:05.280+0800: 2791.078: [GC (Allocation Failure) [PSYoungGen: 126240K->1312K(126464K)] 247157K->122285K(260608K), 0.0039027 secs] [Times: user=0.03 sys=0.00, real=0.01 secs] 
Heap after GC invocations=563 (full 0):
 PSYoungGen      total 126464K, used 1312K [0x00000000f8300000, 0x0000000100000000, 0x0000000100000000)
  eden space 124928K, 0% used [0x00000000f8300000,0x00000000f8300000,0x00000000ffd00000)
  from space 1536K, 85% used [0x00000000ffd00000,0x00000000ffe48000,0x00000000ffe80000)
  to   space 1536K, 0% used [0x00000000ffe80000,0x00000000ffe80000,0x0000000100000000)
 ParOldGen       total 134144K, used 120973K [0x00000000f0000000, 0x00000000f8300000, 0x00000000f8300000)
  object space 134144K, 90% used [0x00000000f0000000,0x00000000f7623468,0x00000000f8300000)
 Metaspace       used 53535K, capacity 56910K, committed 57088K, reserved 1099776K
  class space    used 6503K, capacity 7087K, committed 7168K, reserved 1048576K
}
{Heap before GC invocations=564 (full 0):
 PSYoungGen      total 126464K, used 126240K [0x00000000f8300000, 0x0000000100000000, 0x0000000100000000)
  eden space 124928K, 100% used [0x00000000f8300000,0x00000000ffd00000,0x00000000ffd00000)
  from space 1536K, 85% used [0x00000000ffd00000,0x00000000ffe48000,0x00000000ffe80000)
  to   space 1536K, 0% used [0x00000000ffe80000,0x00000000ffe80000,0x0000000100000000)
 ParOldGen       total 134144K, used 120973K [0x00000000f0000000, 0x00000000f8300000, 0x00000000f8300000)
  object space 134144K, 90% used [0x00000000f0000000,0x00000000f7623468,0x00000000f8300000)
 Metaspace       used 53535K, capacity 56910K, committed 57088K, reserved 1099776K
  class space    used 6503K, capacity 7087K, committed 7168K, reserved 1048576K
2023-10-03T08:51:09.350+0800: 2795.148: [GC (Allocation Failure) [PSYoungGen: 126240K->1312K(126464K)] 247213K->122357K(260608K), 0.0080837 secs] [Times: user=0.05 sys=0.00, real=0.01 secs] 
Heap after GC invocations=564 (full 0):
 PSYoungGen      total 126464K, used 1312K [0x00000000f8300000, 0x0000000100000000, 0x0000000100000000)
  eden space 124928K, 0% used [0x00000000f8300000,0x00000000f8300000,0x00000000ffd00000)
  from space 1536K, 85% used [0x00000000ffe80000,0x00000000fffc8000,0x0000000100000000)
  to   space 1536K, 0% used [0x00000000ffd00000,0x00000000ffd00000,0x00000000ffe80000)
 ParOldGen       total 134144K, used 121045K [0x00000000f0000000, 0x00000000f8300000, 0x00000000f8300000)
  object space 134144K, 90% used [0x00000000f0000000,0x00000000f7635468,0x00000000f8300000)
 Metaspace       used 53535K, capacity 56910K, committed 57088K, reserved 1099776K
  class space    used 6503K, capacity 7087K, committed 7168K, reserved 1048576K
}
{Heap before GC invocations=565 (full 0):
 PSYoungGen      total 126464K, used 126240K [0x00000000f8300000, 0x0000000100000000, 0x0000000100000000)
  eden space 124928K, 100% used [0x00000000f8300000,0x00000000ffd00000,0x00000000ffd00000)
  from space 1536K, 85% used [0x00000000ffe80000,0x00000000fffc8000,0x0000000100000000)
  to   space 1536K, 0% used [0x00000000ffd00000,0x00000000ffd00000,0x00000000ffe80000)
 ParOldGen       total 134144K, used 121045K [0x00000000f0000000, 0x00000000f8300000, 0x00000000f8300000)
  object space 134144K, 90% used [0x00000000f0000000,0x00000000f7635468,0x00000000f8300000)
 Metaspace       used 53535K, capacity 56910K, committed 57088K, reserved 1099776K
  class space    used 6503K, capacity 7087K, committed 7168K, reserved 1048576K
2023-10-03T08:51:13.422+0800: 2799.220: [GC (Allocation Failure) [PSYoungGen: 126240K->1280K(126464K)] 247285K->122381K(260608K), 0.0086853 secs] [Times: user=0.04 sys=0.01, real=0.00 secs] 
Heap after GC invocations=565 (full 0):
 PSYoungGen      total 126464K, used 1280K [0x00000000f8300000, 0x0000000100000000, 0x0000000100000000)
  eden space 124928K, 0% used [0x00000000f8300000,0x00000000f8300000,0x00000000ffd00000)
  from space 1536K, 83% used [0x00000000ffd00000,0x00000000ffe40000,0x00000000ffe80000)
  to   space 1536K, 0% used [0x00000000ffe80000,0x00000000ffe80000,0x0000000100000000)
 ParOldGen       total 134144K, used 121101K [0x00000000f0000000, 0x00000000f8300000, 0x00000000f8300000)
  object space 134144K, 90% used [0x00000000f0000000,0x00000000f7643468,0x00000000f8300000)
 Metaspace       used 53535K, capacity 56910K, committed 57088K, reserved 1099776K
  class space    used 6503K, capacity 7087K, committed 7168K, reserved 1048576K
}
{Heap before GC invocations=566 (full 0):
 PSYoungGen      total 126464K, used 126208K [0x00000000f8300000, 0x0000000100000000, 0x0000000100000000)
  eden space 124928K, 100% used [0x00000000f8300000,0x00000000ffd00000,0x00000000ffd00000)
  from space 1536K, 83% used [0x00000000ffd00000,0x00000000ffe40000,0x00000000ffe80000)
  to   space 1536K, 0% used [0x00000000ffe80000,0x00000000ffe80000,0x0000000100000000)
 ParOldGen       total 134144K, used 121101K [0x00000000f0000000, 0x00000000f8300000, 0x00000000f8300000)
  object space 134144K, 90% used [0x00000000f0000000,0x00000000f7643468,0x00000000f8300000)
 Metaspace       used 53535K, capacity 56910K, committed 57088K, reserved 1099776K
  class space    used 6503K, capacity 7087K, committed 7168K, reserved 1048576K
2023-10-03T08:51:17.680+0800: 2803.478: [GC (Allocation Failure) [PSYoungGen: 126208K->1376K(126464K)] 247309K->122517K(260608K), 0.0058106 secs] [Times: user=0.04 sys=0.00, real=0.01 secs] 
Heap after GC invocations=566 (full 0):
 PSYoungGen      total 126464K, used 1376K [0x00000000f8300000, 0x0000000100000000, 0x0000000100000000)
  eden space 124928K, 0% used [0x00000000f8300000,0x00000000f8300000,0x00000000ffd00000)
  from space 1536K, 89% used [0x00000000ffe80000,0x00000000fffd8000,0x0000000100000000)
  to   space 1536K, 0% used [0x00000000ffd00000,0x00000000ffd00000,0x00000000ffe80000)
 ParOldGen       total 134144K, used 121141K [0x00000000f0000000, 0x00000000f8300000, 0x00000000f8300000)
  object space 134144K, 90% used [0x00000000f0000000,0x00000000f764d468,0x00000000f8300000)
 Metaspace       used 53535K, capacity 56910K, committed 57088K, reserved 1099776K
  class space    used 6503K, capacity 7087K, committed 7168K, reserved 1048576K
}
{Heap before GC invocations=567 (full 0):
 PSYoungGen      total 126464K, used 126304K [0x00000000f8300000, 0x0000000100000000, 0x0000000100000000)
  eden space 124928K, 100% used [0x00000000f8300000,0x00000000ffd00000,0x00000000ffd00000)
  from space 1536K, 89% used [0x00000000ffe80000,0x00000000fffd8000,0x0000000100000000)
  to   space 1536K, 0% used [0x00000000ffd00000,0x00000000ffd00000,0x00000000ffe80000)
 ParOldGen       total 134144K, used 121141K [0x00000000f0000000, 0x00000000f8300000, 0x00000000f8300000)
  object space 134144K, 90% used [0x00000000f0000000,0x00000000f764d468,0x00000000f8300000)
 Metaspace       used 53535K, capacity 56910K, committed 57088K, reserved 1099776K
  class space    used 6503K, capacity 7087K, committed 7168K, reserved 1048576K
2023-10-03T08:51:21.910+0800: 2807.708: [GC (Allocation Failure) [PSYoungGen: 126304K->1312K(126464K)] 247445K->122525K(260608K), 0.0066120 secs] [Times: user=0.04 sys=0.01, real=0.01 secs] 
Heap after GC invocations=567 (full 0):
 PSYoungGen      total 126464K, used 1312K [0x00000000f8300000, 0x0000000100000000, 0x0000000100000000)
  eden space 124928K, 0% used [0x00000000f8300000,0x00000000f8300000,0x00000000ffd00000)
  from space 1536K, 85% used [0x00000000ffd00000,0x00000000ffe48000,0x00000000ffe80000)
  to   space 1536K, 0% used [0x00000000ffe80000,0x00000000ffe80000,0x0000000100000000)
 ParOldGen       total 134144K, used 121213K [0x00000000f0000000, 0x00000000f8300000, 0x00000000f8300000)
  object space 134144K, 90% used [0x00000000f0000000,0x00000000f765f468,0x00000000f8300000)
 Metaspace       used 53535K, capacity 56910K, committed 57088K, reserved 1099776K
  class space    used 6503K, capacity 7087K, committed 7168K, reserved 1048576K
}
{Heap before GC invocations=568 (full 0):
 PSYoungGen      total 126464K, used 126240K [0x00000000f8300000, 0x0000000100000000, 0x0000000100000000)
  eden space 124928K, 100% used [0x00000000f8300000,0x00000000ffd00000,0x00000000ffd00000)
  from space 1536K, 85% used [0x00000000ffd00000,0x00000000ffe48000,0x00000000ffe80000)
  to   space 1536K, 0% used [0x00000000ffe80000,0x00000000ffe80000,0x0000000100000000)
 ParOldGen       total 134144K, used 121213K [0x00000000f0000000, 0x00000000f8300000, 0x00000000f8300000)
  object space 134144K, 90% used [0x00000000f0000000,0x00000000f765f468,0x00000000f8300000)
 Metaspace       used 53535K, capacity 56910K, committed 57088K, reserved 1099776K
  class space    used 6503K, capacity 7087K, committed 7168K, reserved 1048576K
2023-10-03T08:51:25.983+0800: 2811.781: [GC (Allocation Failure) [PSYoungGen: 126240K->1280K(126464K)] 247453K->122557K(260608K), 0.0083824 secs] [Times: user=0.04 sys=0.01, real=0.00 secs] 
Heap after GC invocations=568 (full 0):
 PSYoungGen      total 126464K, used 1280K [0x00000000f8300000, 0x0000000100000000, 0x0000000100000000)
  eden space 124928K, 0% used [0x00000000f8300000,0x00000000f8300000,0x00000000ffd00000)
  from space 1536K, 83% used [0x00000000ffe80000,0x00000000fffc0000,0x0000000100000000)
  to   space 1536K, 0% used [0x00000000ffd00000,0x00000000ffd00000,0x00000000ffe80000)
 ParOldGen       total 134144K, used 121277K [0x00000000f0000000, 0x00000000f8300000, 0x00000000f8300000)
  object space 134144K, 90% used [0x00000000f0000000,0x00000000f766f468,0x00000000f8300000)
 Metaspace       used 53535K, capacity 56910K, committed 57088K, reserved 1099776K
  class space    used 6503K, capacity 7087K, committed 7168K, reserved 1048576K
}
{Heap before GC invocations=569 (full 0):
 PSYoungGen      total 126464K, used 126208K [0x00000000f8300000, 0x0000000100000000, 0x0000000100000000)
  eden space 124928K, 100% used [0x00000000f8300000,0x00000000ffd00000,0x00000000ffd00000)
  from space 1536K, 83% used [0x00000000ffe80000,0x00000000fffc0000,0x0000000100000000)
  to   space 1536K, 0% used [0x00000000ffd00000,0x00000000ffd00000,0x00000000ffe80000)
 ParOldGen       total 134144K, used 121277K [0x00000000f0000000, 0x00000000f8300000, 0x00000000f8300000)
  object space 134144K, 90% used [0x00000000f0000000,0x00000000f766f468,0x00000000f8300000)
 Metaspace       used 53535K, capacity 56910K, committed 57088K, reserved 1099776K
  class space    used 6503K, capacity 7087K, committed 7168K, reserved 1048576K
2023-10-03T08:51:30.063+0800: 2815.861: [GC (Allocation Failure) [PSYoungGen: 126208K->1312K(126464K)] 247485K->122613K(260608K), 0.0088202 secs] [Times: user=0.05 sys=0.01, real=0.00 secs] 
Heap after GC invocations=569 (full 0):
 PSYoungGen      total 126464K, used 1312K [0x00000000f8300000, 0x0000000100000000, 0x0000000100000000)
  eden space 124928K, 0% used [0x00000000f8300000,0x00000000f8300000,0x00000000ffd00000)
  from space 1536K, 85% used [0x00000000ffd00000,0x00000000ffe48000,0x00000000ffe80000)
  to   space 1536K, 0% used [0x00000000ffe80000,0x00000000ffe80000,0x0000000100000000)
 ParOldGen       total 134144K, used 121301K [0x00000000f0000000, 0x00000000f8300000, 0x00000000f8300000)
  object space 134144K, 90% used [0x00000000f0000000,0x00000000f7675468,0x00000000f8300000)
 Metaspace       used 53535K, capacity 56910K, committed 57088K, reserved 1099776K
  class space    used 6503K, capacity 7087K, committed 7168K, reserved 1048576K
}
{Heap before GC invocations=570 (full 0):
 PSYoungGen      total 126464K, used 126240K [0x00000000f8300000, 0x0000000100000000, 0x0000000100000000)
  eden space 124928K, 100% used [0x00000000f8300000,0x00000000ffd00000,0x00000000ffd00000)
  from space 1536K, 85% used [0x00000000ffd00000,0x00000000ffe48000,0x00000000ffe80000)
  to   space 1536K, 0% used [0x00000000ffe80000,0x00000000ffe80000,0x0000000100000000)
 ParOldGen       total 134144K, used 121301K [0x00000000f0000000, 0x00000000f8300000, 0x00000000f8300000)
  object space 134144K, 90% used [0x00000000f0000000,0x00000000f7675468,0x00000000f8300000)
 Metaspace       used 53535K, capacity 56910K, committed 57088K, reserved 1099776K
  class space    used 6503K, capacity 7087K, committed 7168K, reserved 1048576K
2023-10-03T08:51:34.171+0800: 2819.969: [GC (Allocation Failure) [PSYoungGen: 126240K->1280K(126464K)] 247541K->122669K(260608K), 0.0087338 secs] [Times: user=0.05 sys=0.00, real=0.01 secs] 
Heap after GC invocations=570 (full 0):
 PSYoungGen      total 126464K, used 1280K [0x00000000f8300000, 0x0000000100000000, 0x0000000100000000)
  eden space 124928K, 0% used [0x00000000f8300000,0x00000000f8300000,0x00000000ffd00000)
  from space 1536K, 83% used [0x00000000ffe80000,0x00000000fffc0000,0x0000000100000000)
  to   space 1536K, 0% used [0x00000000ffd00000,0x00000000ffd00000,0x00000000ffe80000)
 ParOldGen       total 134144K, used 121389K [0x00000000f0000000, 0x00000000f8300000, 0x00000000f8300000)
  object space 134144K, 90% used [0x00000000f0000000,0x00000000f768b468,0x00000000f8300000)
 Metaspace       used 53535K, capacity 56910K, committed 57088K, reserved 1099776K
  class space    used 6503K, capacity 7087K, committed 7168K, reserved 1048576K
}
{Heap before GC invocations=571 (full 0):
 PSYoungGen      total 126464K, used 126208K [0x00000000f8300000, 0x0000000100000000, 0x0000000100000000)
  eden space 124928K, 100% used [0x00000000f8300000,0x00000000ffd00000,0x00000000ffd00000)
  from space 1536K, 83% used [0x00000000ffe80000,0x00000000fffc0000,0x0000000100000000)
  to   space 1536K, 0% used [0x00000000ffd00000,0x00000000ffd00000,0x00000000ffe80000)
 ParOldGen       total 134144K, used 121389K [0x00000000f0000000, 0x00000000f8300000, 0x00000000f8300000)
  object space 134144K, 90% used [0x00000000f0000000,0x00000000f768b468,0x00000000f8300000)
 Metaspace       used 53535K, capacity 56910K, committed 57088K, reserved 1099776K
  class space    used 6503K, capacity 7087K, committed 7168K, reserved 1048576K
2023-10-03T08:51:38.396+0800: 2824.194: [GC (Allocation Failure) [PSYoungGen: 126208K->1312K(126464K)] 247597K->122749K(260608K), 0.0064843 secs] [Times: user=0.05 sys=0.00, real=0.01 secs] 
Heap after GC invocations=571 (full 0):
 PSYoungGen      total 126464K, used 1312K [0x00000000f8300000, 0x0000000100000000, 0x0000000100000000)
  eden space 124928K, 0% used [0x00000000f8300000,0x00000000f8300000,0x00000000ffd00000)
  from space 1536K, 85% used [0x00000000ffd00000,0x00000000ffe48000,0x00000000ffe80000)
  to   space 1536K, 0% used [0x00000000ffe80000,0x00000000ffe80000,0x0000000100000000)
 ParOldGen       total 134144K, used 121437K [0x00000000f0000000, 0x00000000f8300000, 0x00000000f8300000)
  object space 134144K, 90% used [0x00000000f0000000,0x00000000f7697468,0x00000000f8300000)
 Metaspace       used 53535K, capacity 56910K, committed 57088K, reserved 1099776K
  class space    used 6503K, capacity 7087K, committed 7168K, reserved 1048576K
}
{Heap before GC invocations=572 (full 0):
 PSYoungGen      total 126464K, used 126240K [0x00000000f8300000, 0x0000000100000000, 0x0000000100000000)
  eden space 124928K, 100% used [0x00000000f8300000,0x00000000ffd00000,0x00000000ffd00000)
  from space 1536K, 85% used [0x00000000ffd00000,0x00000000ffe48000,0x00000000ffe80000)
  to   space 1536K, 0% used [0x00000000ffe80000,0x00000000ffe80000,0x0000000100000000)
 ParOldGen       total 134144K, used 121437K [0x00000000f0000000, 0x00000000f8300000, 0x00000000f8300000)
  object space 134144K, 90% used [0x00000000f0000000,0x00000000f7697468,0x00000000f8300000)
 Metaspace       used 53535K, capacity 56910K, committed 57088K, reserved 1099776K
  class space    used 6503K, capacity 7087K, committed 7168K, reserved 1048576K
2023-10-03T08:51:42.627+0800: 2828.425: [GC (Allocation Failure) [PSYoungGen: 126240K->1344K(126464K)] 247677K->122829K(260608K), 0.0088425 secs] [Times: user=0.06 sys=0.00, real=0.01 secs] 
Heap after GC invocations=572 (full 0):
 PSYoungGen      total 126464K, used 1344K [0x00000000f8300000, 0x0000000100000000, 0x0000000100000000)
  eden space 124928K, 0% used [0x00000000f8300000,0x00000000f8300000,0x00000000ffd00000)
  from space 1536K, 87% used [0x00000000ffe80000,0x00000000fffd0000,0x0000000100000000)
  to   space 1536K, 0% used [0x00000000ffd00000,0x00000000ffd00000,0x00000000ffe80000)
 ParOldGen       total 134144K, used 121485K [0x00000000f0000000, 0x00000000f8300000, 0x00000000f8300000)
  object space 134144K, 90% used [0x00000000f0000000,0x00000000f76a3468,0x00000000f8300000)
 Metaspace       used 53535K, capacity 56910K, committed 57088K, reserved 1099776K
  class space    used 6503K, capacity 7087K, committed 7168K, reserved 1048576K
}
{Heap before GC invocations=573 (full 0):
 PSYoungGen      total 126464K, used 126272K [0x00000000f8300000, 0x0000000100000000, 0x0000000100000000)
  eden space 124928K, 100% used [0x00000000f8300000,0x00000000ffd00000,0x00000000ffd00000)
  from space 1536K, 87% used [0x00000000ffe80000,0x00000000fffd0000,0x0000000100000000)
  to   space 1536K, 0% used [0x00000000ffd00000,0x00000000ffd00000,0x00000000ffe80000)
 ParOldGen       total 134144K, used 121485K [0x00000000f0000000, 0x00000000f8300000, 0x00000000f8300000)
  object space 134144K, 90% used [0x00000000f0000000,0x00000000f76a3468,0x00000000f8300000)
 Metaspace       used 53535K, capacity 56910K, committed 57088K, reserved 1099776K
  class space    used 6503K, capacity 7087K, committed 7168K, reserved 1048576K
2023-10-03T08:51:46.706+0800: 2832.504: [GC (Allocation Failure) [PSYoungGen: 126272K->1248K(126464K)] 247757K->122805K(260608K), 0.0084620 secs] [Times: user=0.05 sys=0.01, real=0.01 secs] 
Heap after GC invocations=573 (full 0):
 PSYoungGen      total 126464K, used 1248K [0x00000000f8300000, 0x0000000100000000, 0x0000000100000000)
  eden space 124928K, 0% used [0x00000000f8300000,0x00000000f8300000,0x00000000ffd00000)
  from space 1536K, 81% used [0x00000000ffd00000,0x00000000ffe38000,0x00000000ffe80000)
  to   space 1536K, 0% used [0x00000000ffe80000,0x00000000ffe80000,0x0000000100000000)
 ParOldGen       total 134144K, used 121557K [0x00000000f0000000, 0x00000000f8300000, 0x00000000f8300000)
  object space 134144K, 90% used [0x00000000f0000000,0x00000000f76b5468,0x00000000f8300000)
 Metaspace       used 53535K, capacity 56910K, committed 57088K, reserved 1099776K
  class space    used 6503K, capacity 7087K, committed 7168K, reserved 1048576K
}
{Heap before GC invocations=574 (full 0):
 PSYoungGen      total 126464K, used 126176K [0x00000000f8300000, 0x0000000100000000, 0x0000000100000000)
  eden space 124928K, 100% used [0x00000000f8300000,0x00000000ffd00000,0x00000000ffd00000)
  from space 1536K, 81% used [0x00000000ffd00000,0x00000000ffe38000,0x00000000ffe80000)
  to   space 1536K, 0% used [0x00000000ffe80000,0x00000000ffe80000,0x0000000100000000)
 ParOldGen       total 134144K, used 121557K [0x00000000f0000000, 0x00000000f8300000, 0x00000000f8300000)
  object space 134144K, 90% used [0x00000000f0000000,0x00000000f76b5468,0x00000000f8300000)
 Metaspace       used 53535K, capacity 56910K, committed 57088K, reserved 1099776K
  class space    used 6503K, capacity 7087K, committed 7168K, reserved 1048576K
2023-10-03T08:51:50.791+0800: 2836.589: [GC (Allocation Failure) [PSYoungGen: 126176K->1344K(126464K)] 247733K->122965K(260608K), 0.0087050 secs] [Times: user=0.05 sys=0.00, real=0.01 secs] 
Heap after GC invocations=574 (full 0):
 PSYoungGen      total 126464K, used 1344K [0x00000000f8300000, 0x0000000100000000, 0x0000000100000000)
  eden space 124928K, 0% used [0x00000000f8300000,0x00000000f8300000,0x00000000ffd00000)
  from space 1536K, 87% used [0x00000000ffe80000,0x00000000fffd0000,0x0000000100000000)
  to   space 1536K, 0% used [0x00000000ffd00000,0x00000000ffd00000,0x00000000ffe80000)
 ParOldGen       total 134144K, used 121621K [0x00000000f0000000, 0x00000000f8300000, 0x00000000f8300000)
  object space 134144K, 90% used [0x00000000f0000000,0x00000000f76c5468,0x00000000f8300000)
 Metaspace       used 53535K, capacity 56910K, committed 57088K, reserved 1099776K
  class space    used 6503K, capacity 7087K, committed 7168K, reserved 1048576K
}
{Heap before GC invocations=575 (full 0):
 PSYoungGen      total 126464K, used 126272K [0x00000000f8300000, 0x0000000100000000, 0x0000000100000000)
  eden space 124928K, 100% used [0x00000000f8300000,0x00000000ffd00000,0x00000000ffd00000)
  from space 1536K, 87% used [0x00000000ffe80000,0x00000000fffd0000,0x0000000100000000)
  to   space 1536K, 0% used [0x00000000ffd00000,0x00000000ffd00000,0x00000000ffe80000)
 ParOldGen       total 134144K, used 121621K [0x00000000f0000000, 0x00000000f8300000, 0x00000000f8300000)
  object space 134144K, 90% used [0x00000000f0000000,0x00000000f76c5468,0x00000000f8300000)
 Metaspace       used 53535K, capacity 56910K, committed 57088K, reserved 1099776K
  class space    used 6503K, capacity 7087K, committed 7168K, reserved 1048576K
2023-10-03T08:51:55.056+0800: 2840.854: [GC (Allocation Failure) [PSYoungGen: 126272K->1344K(126464K)] 247893K->122981K(260608K), 0.0043942 secs] [Times: user=0.04 sys=0.00, real=0.00 secs] 
Heap after GC invocations=575 (full 0):
 PSYoungGen      total 126464K, used 1344K [0x00000000f8300000, 0x0000000100000000, 0x0000000100000000)
  eden space 124928K, 0% used [0x00000000f8300000,0x00000000f8300000,0x00000000ffd00000)
  from space 1536K, 87% used [0x00000000ffd00000,0x00000000ffe50000,0x00000000ffe80000)
  to   space 1536K, 0% used [0x00000000ffe80000,0x00000000ffe80000,0x0000000100000000)
 ParOldGen       total 134144K, used 121637K [0x00000000f0000000, 0x00000000f8300000, 0x00000000f8300000)
  object space 134144K, 90% used [0x00000000f0000000,0x00000000f76c9468,0x00000000f8300000)
 Metaspace       used 53535K, capacity 56910K, committed 57088K, reserved 1099776K
  class space    used 6503K, capacity 7087K, committed 7168K, reserved 1048576K
}
{Heap before GC invocations=576 (full 0):
 PSYoungGen      total 126464K, used 126272K [0x00000000f8300000, 0x0000000100000000, 0x0000000100000000)
  eden space 124928K, 100% used [0x00000000f8300000,0x00000000ffd00000,0x00000000ffd00000)
  from space 1536K, 87% used [0x00000000ffd00000,0x00000000ffe50000,0x00000000ffe80000)
  to   space 1536K, 0% used [0x00000000ffe80000,0x00000000ffe80000,0x0000000100000000)
 ParOldGen       total 134144K, used 121637K [0x00000000f0000000, 0x00000000f8300000, 0x00000000f8300000)
  object space 134144K, 90% used [0x00000000f0000000,0x00000000f76c9468,0x00000000f8300000)
 Metaspace       used 53535K, capacity 56910K, committed 57088K, reserved 1099776K
  class space    used 6503K, capacity 7087K, committed 7168K, reserved 1048576K
2023-10-03T08:51:59.268+0800: 2845.066: [GC (Allocation Failure) [PSYoungGen: 126272K->1280K(126464K)] 247909K->123005K(260608K), 0.0034746 secs] [Times: user=0.02 sys=0.00, real=0.00 secs] 
Heap after GC invocations=576 (full 0):
 PSYoungGen      total 126464K, used 1280K [0x00000000f8300000, 0x0000000100000000, 0x0000000100000000)
  eden space 124928K, 0% used [0x00000000f8300000,0x00000000f8300000,0x00000000ffd00000)
  from space 1536K, 83% used [0x00000000ffe80000,0x00000000fffc0000,0x0000000100000000)
  to   space 1536K, 0% used [0x00000000ffd00000,0x00000000ffd00000,0x00000000ffe80000)
 ParOldGen       total 134144K, used 121725K [0x00000000f0000000, 0x00000000f8300000, 0x00000000f8300000)
  object space 134144K, 90% used [0x00000000f0000000,0x00000000f76df468,0x00000000f8300000)
 Metaspace       used 53535K, capacity 56910K, committed 57088K, reserved 1099776K
  class space    used 6503K, capacity 7087K, committed 7168K, reserved 1048576K
}
{Heap before GC invocations=577 (full 0):
 PSYoungGen      total 126464K, used 126208K [0x00000000f8300000, 0x0000000100000000, 0x0000000100000000)
  eden space 124928K, 100% used [0x00000000f8300000,0x00000000ffd00000,0x00000000ffd00000)
  from space 1536K, 83% used [0x00000000ffe80000,0x00000000fffc0000,0x0000000100000000)
  to   space 1536K, 0% used [0x00000000ffd00000,0x00000000ffd00000,0x00000000ffe80000)
 ParOldGen       total 134144K, used 121725K [0x00000000f0000000, 0x00000000f8300000, 0x00000000f8300000)
  object space 134144K, 90% used [0x00000000f0000000,0x00000000f76df468,0x00000000f8300000)
 Metaspace       used 53535K, capacity 56910K, committed 57088K, reserved 1099776K
  class space    used 6503K, capacity 7087K, committed 7168K, reserved 1048576K
2023-10-03T08:52:03.339+0800: 2849.137: [GC (Allocation Failure) [PSYoungGen: 126208K->1248K(126464K)] 247933K->123045K(260608K), 0.0064330 secs] [Times: user=0.04 sys=0.00, real=0.01 secs] 
Heap after GC invocations=577 (full 0):
 PSYoungGen      total 126464K, used 1248K [0x00000000f8300000, 0x0000000100000000, 0x0000000100000000)
  eden space 124928K, 0% used [0x00000000f8300000,0x00000000f8300000,0x00000000ffd00000)
  from space 1536K, 81% used [0x00000000ffd00000,0x00000000ffe38000,0x00000000ffe80000)
  to   space 1536K, 0% used [0x00000000ffe80000,0x00000000ffe80000,0x0000000100000000)
 ParOldGen       total 134144K, used 121797K [0x00000000f0000000, 0x00000000f8300000, 0x00000000f8300000)
  object space 134144K, 90% used [0x00000000f0000000,0x00000000f76f1468,0x00000000f8300000)
 Metaspace       used 53535K, capacity 56910K, committed 57088K, reserved 1099776K
  class space    used 6503K, capacity 7087K, committed 7168K, reserved 1048576K
}
{Heap before GC invocations=578 (full 0):
 PSYoungGen      total 126464K, used 126176K [0x00000000f8300000, 0x0000000100000000, 0x0000000100000000)
  eden space 124928K, 100% used [0x00000000f8300000,0x00000000ffd00000,0x00000000ffd00000)
  from space 1536K, 81% used [0x00000000ffd00000,0x00000000ffe38000,0x00000000ffe80000)
  to   space 1536K, 0% used [0x00000000ffe80000,0x00000000ffe80000,0x0000000100000000)
 ParOldGen       total 134144K, used 121797K [0x00000000f0000000, 0x00000000f8300000, 0x00000000f8300000)
  object space 134144K, 90% used [0x00000000f0000000,0x00000000f76f1468,0x00000000f8300000)
 Metaspace       used 53535K, capacity 56910K, committed 57088K, reserved 1099776K
  class space    used 6503K, capacity 7087K, committed 7168K, reserved 1048576K
2023-10-03T08:52:07.422+0800: 2853.220: [GC (Allocation Failure) [PSYoungGen: 126176K->1312K(126464K)] 247973K->123197K(260608K), 0.0085853 secs] [Times: user=0.05 sys=0.01, real=0.01 secs] 
Heap after GC invocations=578 (full 0):
 PSYoungGen      total 126464K, used 1312K [0x00000000f8300000, 0x0000000100000000, 0x0000000100000000)
  eden space 124928K, 0% used [0x00000000f8300000,0x00000000f8300000,0x00000000ffd00000)
  from space 1536K, 85% used [0x00000000ffe80000,0x00000000fffc8000,0x0000000100000000)
  to   space 1536K, 0% used [0x00000000ffd00000,0x00000000ffd00000,0x00000000ffe80000)
 ParOldGen       total 134144K, used 121885K [0x00000000f0000000, 0x00000000f8300000, 0x00000000f8300000)
  object space 134144K, 90% used [0x00000000f0000000,0x00000000f7707468,0x00000000f8300000)
 Metaspace       used 53535K, capacity 56910K, committed 57088K, reserved 1099776K
  class space    used 6503K, capacity 7087K, committed 7168K, reserved 1048576K
}
{Heap before GC invocations=579 (full 0):
 PSYoungGen      total 126464K, used 126240K [0x00000000f8300000, 0x0000000100000000, 0x0000000100000000)
  eden space 124928K, 100% used [0x00000000f8300000,0x00000000ffd00000,0x00000000ffd00000)
  from space 1536K, 85% used [0x00000000ffe80000,0x00000000fffc8000,0x0000000100000000)
  to   space 1536K, 0% used [0x00000000ffd00000,0x00000000ffd00000,0x00000000ffe80000)
 ParOldGen       total 134144K, used 121885K [0x00000000f0000000, 0x00000000f8300000, 0x00000000f8300000)
  object space 134144K, 90% used [0x00000000f0000000,0x00000000f7707468,0x00000000f8300000)
 Metaspace       used 53535K, capacity 56910K, committed 57088K, reserved 1099776K
  class space    used 6503K, capacity 7087K, committed 7168K, reserved 1048576K
2023-10-03T08:52:11.526+0800: 2857.324: [GC (Allocation Failure) [PSYoungGen: 126240K->1312K(126464K)] 248125K->123261K(260608K), 0.0087617 secs] [Times: user=0.06 sys=0.00, real=0.01 secs] 
Heap after GC invocations=579 (full 0):
 PSYoungGen      total 126464K, used 1312K [0x00000000f8300000, 0x0000000100000000, 0x0000000100000000)
  eden space 124928K, 0% used [0x00000000f8300000,0x00000000f8300000,0x00000000ffd00000)
  from space 1536K, 85% used [0x00000000ffd00000,0x00000000ffe48000,0x00000000ffe80000)
  to   space 1536K, 0% used [0x00000000ffe80000,0x00000000ffe80000,0x0000000100000000)
 ParOldGen       total 134144K, used 121949K [0x00000000f0000000, 0x00000000f8300000, 0x00000000f8300000)
  object space 134144K, 90% used [0x00000000f0000000,0x00000000f7717468,0x00000000f8300000)
 Metaspace       used 53535K, capacity 56910K, committed 57088K, reserved 1099776K
  class space    used 6503K, capacity 7087K, committed 7168K, reserved 1048576K
}
{Heap before GC invocations=580 (full 0):
 PSYoungGen      total 126464K, used 126240K [0x00000000f8300000, 0x0000000100000000, 0x0000000100000000)
  eden space 124928K, 100% used [0x00000000f8300000,0x00000000ffd00000,0x00000000ffd00000)
  from space 1536K, 85% used [0x00000000ffd00000,0x00000000ffe48000,0x00000000ffe80000)
  to   space 1536K, 0% used [0x00000000ffe80000,0x00000000ffe80000,0x0000000100000000)
 ParOldGen       total 134144K, used 121949K [0x00000000f0000000, 0x00000000f8300000, 0x00000000f8300000)
  object space 134144K, 90% used [0x00000000f0000000,0x00000000f7717468,0x00000000f8300000)
 Metaspace       used 53535K, capacity 56910K, committed 57088K, reserved 1099776K
  class space    used 6503K, capacity 7087K, committed 7168K, reserved 1048576K
2023-10-03T08:52:15.773+0800: 2861.571: [GC (Allocation Failure) [PSYoungGen: 126240K->1312K(126464K)] 248189K->123373K(260608K), 0.0062384 secs] [Times: user=0.05 sys=0.01, real=0.00 secs] 
Heap after GC invocations=580 (full 0):
 PSYoungGen      total 126464K, used 1312K [0x00000000f8300000, 0x0000000100000000, 0x0000000100000000)
  eden space 124928K, 0% used [0x00000000f8300000,0x00000000f8300000,0x00000000ffd00000)
  from space 1536K, 85% used [0x00000000ffe80000,0x00000000fffc8000,0x0000000100000000)
  to   space 1536K, 0% used [0x00000000ffd00000,0x00000000ffd00000,0x00000000ffe80000)
 ParOldGen       total 134144K, used 122061K [0x00000000f0000000, 0x00000000f8300000, 0x00000000f8300000)
  object space 134144K, 90% used [0x00000000f0000000,0x00000000f7733468,0x00000000f8300000)
 Metaspace       used 53535K, capacity 56910K, committed 57088K, reserved 1099776K
  class space    used 6503K, capacity 7087K, committed 7168K, reserved 1048576K
}
{Heap before GC invocations=581 (full 0):
 PSYoungGen      total 126464K, used 126240K [0x00000000f8300000, 0x0000000100000000, 0x0000000100000000)
  eden space 124928K, 100% used [0x00000000f8300000,0x00000000ffd00000,0x00000000ffd00000)
  from space 1536K, 85% used [0x00000000ffe80000,0x00000000fffc8000,0x0000000100000000)
  to   space 1536K, 0% used [0x00000000ffd00000,0x00000000ffd00000,0x00000000ffe80000)
 ParOldGen       total 134144K, used 122061K [0x00000000f0000000, 0x00000000f8300000, 0x00000000f8300000)
  object space 134144K, 90% used [0x00000000f0000000,0x00000000f7733468,0x00000000f8300000)
 Metaspace       used 53535K, capacity 56910K, committed 57088K, reserved 1099776K
  class space    used 6503K, capacity 7087K, committed 7168K, reserved 1048576K
2023-10-03T08:52:19.982+0800: 2865.780: [GC (Allocation Failure) [PSYoungGen: 126240K->1312K(126464K)] 248301K->123453K(260608K), 0.0088035 secs] [Times: user=0.04 sys=0.00, real=0.01 secs] 
Heap after GC invocations=581 (full 0):
 PSYoungGen      total 126464K, used 1312K [0x00000000f8300000, 0x0000000100000000, 0x0000000100000000)
  eden space 124928K, 0% used [0x00000000f8300000,0x00000000f8300000,0x00000000ffd00000)
  from space 1536K, 85% used [0x00000000ffd00000,0x00000000ffe48000,0x00000000ffe80000)
  to   space 1536K, 0% used [0x00000000ffe80000,0x00000000ffe80000,0x0000000100000000)
 ParOldGen       total 134144K, used 122141K [0x00000000f0000000, 0x00000000f8300000, 0x00000000f8300000)
  object space 134144K, 91% used [0x00000000f0000000,0x00000000f7747468,0x00000000f8300000)
 Metaspace       used 53535K, capacity 56910K, committed 57088K, reserved 1099776K
  class space    used 6503K, capacity 7087K, committed 7168K, reserved 1048576K
}
{Heap before GC invocations=582 (full 0):
 PSYoungGen      total 126464K, used 126240K [0x00000000f8300000, 0x0000000100000000, 0x0000000100000000)
  eden space 124928K, 100% used [0x00000000f8300000,0x00000000ffd00000,0x00000000ffd00000)
  from space 1536K, 85% used [0x00000000ffd00000,0x00000000ffe48000,0x00000000ffe80000)
  to   space 1536K, 0% used [0x00000000ffe80000,0x00000000ffe80000,0x0000000100000000)
 ParOldGen       total 134144K, used 122141K [0x00000000f0000000, 0x00000000f8300000, 0x00000000f8300000)
  object space 134144K, 91% used [0x00000000f0000000,0x00000000f7747468,0x00000000f8300000)
 Metaspace       used 53535K, capacity 56910K, committed 57088K, reserved 1099776K
  class space    used 6503K, capacity 7087K, committed 7168K, reserved 1048576K
2023-10-03T08:52:24.071+0800: 2869.869: [GC (Allocation Failure) [PSYoungGen: 126240K->1312K(126464K)] 248381K->123525K(260608K), 0.0101917 secs] [Times: user=0.05 sys=0.00, real=0.01 secs] 
Heap after GC invocations=582 (full 0):
 PSYoungGen      total 126464K, used 1312K [0x00000000f8300000, 0x0000000100000000, 0x0000000100000000)
  eden space 124928K, 0% used [0x00000000f8300000,0x00000000f8300000,0x00000000ffd00000)
  from space 1536K, 85% used [0x00000000ffe80000,0x00000000fffc8000,0x0000000100000000)
  to   space 1536K, 0% used [0x00000000ffd00000,0x00000000ffd00000,0x00000000ffe80000)
 ParOldGen       total 134144K, used 122213K [0x00000000f0000000, 0x00000000f8300000, 0x00000000f8300000)
  object space 134144K, 91% used [0x00000000f0000000,0x00000000f7759468,0x00000000f8300000)
 Metaspace       used 53535K, capacity 56910K, committed 57088K, reserved 1099776K
  class space    used 6503K, capacity 7087K, committed 7168K, reserved 1048576K
}
{Heap before GC invocations=583 (full 0):
 PSYoungGen      total 126464K, used 126240K [0x00000000f8300000, 0x0000000100000000, 0x0000000100000000)
  eden space 124928K, 100% used [0x00000000f8300000,0x00000000ffd00000,0x00000000ffd00000)
  from space 1536K, 85% used [0x00000000ffe80000,0x00000000fffc8000,0x0000000100000000)
  to   space 1536K, 0% used [0x00000000ffd00000,0x00000000ffd00000,0x00000000ffe80000)
 ParOldGen       total 134144K, used 122213K [0x00000000f0000000, 0x00000000f8300000, 0x00000000f8300000)
  object space 134144K, 91% used [0x00000000f0000000,0x00000000f7759468,0x00000000f8300000)
 Metaspace       used 53535K, capacity 56910K, committed 57088K, reserved 1099776K
  class space    used 6503K, capacity 7087K, committed 7168K, reserved 1048576K
2023-10-03T08:52:28.157+0800: 2873.955: [GC (Allocation Failure) [PSYoungGen: 126240K->1280K(126464K)] 248453K->123557K(260608K), 0.0083932 secs] [Times: user=0.05 sys=0.00, real=0.01 secs] 
Heap after GC invocations=583 (full 0):
 PSYoungGen      total 126464K, used 1280K [0x00000000f8300000, 0x0000000100000000, 0x0000000100000000)
  eden space 124928K, 0% used [0x00000000f8300000,0x00000000f8300000,0x00000000ffd00000)
  from space 1536K, 83% used [0x00000000ffd00000,0x00000000ffe40000,0x00000000ffe80000)
  to   space 1536K, 0% used [0x00000000ffe80000,0x00000000ffe80000,0x0000000100000000)
 ParOldGen       total 134144K, used 122277K [0x00000000f0000000, 0x00000000f8300000, 0x00000000f8300000)
  object space 134144K, 91% used [0x00000000f0000000,0x00000000f7769468,0x00000000f8300000)
 Metaspace       used 53535K, capacity 56910K, committed 57088K, reserved 1099776K
  class space    used 6503K, capacity 7087K, committed 7168K, reserved 1048576K
}
{Heap before GC invocations=584 (full 0):
 PSYoungGen      total 126464K, used 126208K [0x00000000f8300000, 0x0000000100000000, 0x0000000100000000)
  eden space 124928K, 100% used [0x00000000f8300000,0x00000000ffd00000,0x00000000ffd00000)
  from space 1536K, 83% used [0x00000000ffd00000,0x00000000ffe40000,0x00000000ffe80000)
  to   space 1536K, 0% used [0x00000000ffe80000,0x00000000ffe80000,0x0000000100000000)
 ParOldGen       total 134144K, used 122277K [0x00000000f0000000, 0x00000000f8300000, 0x00000000f8300000)
  object space 134144K, 91% used [0x00000000f0000000,0x00000000f7769468,0x00000000f8300000)
 Metaspace       used 53548K, capacity 56914K, committed 57088K, reserved 1099776K
  class space    used 6503K, capacity 7087K, committed 7168K, reserved 1048576K
2023-10-03T08:52:32.429+0800: 2878.227: [GC (Allocation Failure) [PSYoungGen: 126208K->1344K(126464K)] 248485K->123685K(260608K), 0.0040720 secs] [Times: user=0.04 sys=0.00, real=0.01 secs] 
