OpenJDK 64-Bit Server VM (25.382-b05) for linux-amd64 JRE (Zulu 8.72.0.17-CA-linux64) (1.8.0_382-b05), built on Jul 14 2023 08:27:52 by "zulu_re" with gcc 7.3.0
Memory: 4k page, physical 32828952k(27906144k free), swap 4194300k(4194300k free)
CommandLine flags: -XX:CompressedClassSpaceSize=125829120 -XX:InitialHeapSize=268435456 -XX:MaxHeapSize=268435456 -XX:MaxMetaspaceSize=134217728 -XX:MaxNewSize=131072000 -XX:MetaspaceSize=134217728 -XX:NewSize=131072000 -XX:+PrintGC -XX:+PrintGCDateStamps -XX:+PrintGCDetails -XX:+PrintGCTimeStamps -XX:+PrintHeapAtGC -XX:ThreadStackSize=512 -XX:+UseCompressedClassPointers -XX:+UseCompressedOops -XX:+UseParallelGC -XX:+UseParallelOldGC 
{Heap before GC invocations=1 (full 0):
 PSYoungGen      total 112128K, used 96256K [0x00000000f8300000, 0x0000000100000000, 0x0000000100000000)
  eden space 96256K, 100% used [0x00000000f8300000,0x00000000fe100000,0x00000000fe100000)
  from space 15872K, 0% used [0x00000000ff080000,0x00000000ff080000,0x0000000100000000)
  to   space 15872K, 0% used [0x00000000fe100000,0x00000000fe100000,0x00000000ff080000)
 ParOldGen       total 134144K, used 0K [0x00000000f0000000, 0x00000000f8300000, 0x00000000f8300000)
  object space 134144K, 0% used [0x00000000f0000000,0x00000000f0000000,0x00000000f8300000)
 Metaspace       used 13888K, capacity 14562K, committed 14720K, reserved 1062912K
  class space    used 1723K, capacity 1871K, committed 1920K, reserved 1048576K
2023-10-03T01:06:40.764+0800: 0.468: [GC (Allocation Failure) [PSYoungGen: 96256K->4208K(112128K)] 96256K->4224K(246272K), 0.0036567 secs] [Times: user=0.04 sys=0.00, real=0.00 secs] 
Heap after GC invocations=1 (full 0):
 PSYoungGen      total 112128K, used 4208K [0x00000000f8300000, 0x0000000100000000, 0x0000000100000000)
  eden space 96256K, 0% used [0x00000000f8300000,0x00000000f8300000,0x00000000fe100000)
  from space 15872K, 26% used [0x00000000fe100000,0x00000000fe51c128,0x00000000ff080000)
  to   space 15872K, 0% used [0x00000000ff080000,0x00000000ff080000,0x0000000100000000)
 ParOldGen       total 134144K, used 16K [0x00000000f0000000, 0x00000000f8300000, 0x00000000f8300000)
  object space 134144K, 0% used [0x00000000f0000000,0x00000000f0004000,0x00000000f8300000)
 Metaspace       used 13888K, capacity 14562K, committed 14720K, reserved 1062912K
  class space    used 1723K, capacity 1871K, committed 1920K, reserved 1048576K
}
{Heap before GC invocations=2 (full 0):
 PSYoungGen      total 112128K, used 100464K [0x00000000f8300000, 0x0000000100000000, 0x0000000100000000)
  eden space 96256K, 100% used [0x00000000f8300000,0x00000000fe100000,0x00000000fe100000)
  from space 15872K, 26% used [0x00000000fe100000,0x00000000fe51c128,0x00000000ff080000)
  to   space 15872K, 0% used [0x00000000ff080000,0x00000000ff080000,0x0000000100000000)
 ParOldGen       total 134144K, used 16K [0x00000000f0000000, 0x00000000f8300000, 0x00000000f8300000)
  object space 134144K, 0% used [0x00000000f0000000,0x00000000f0004000,0x00000000f8300000)
 Metaspace       used 20863K, capacity 21768K, committed 22016K, reserved 1069056K
  class space    used 2588K, capacity 2802K, committed 2816K, reserved 1048576K
2023-10-03T01:06:40.971+0800: 0.676: [GC (Allocation Failure) [PSYoungGen: 100464K->5792K(112128K)] 100480K->5816K(246272K), 0.0049601 secs] [Times: user=0.02 sys=0.03, real=0.01 secs] 
Heap after GC invocations=2 (full 0):
 PSYoungGen      total 112128K, used 5792K [0x00000000f8300000, 0x0000000100000000, 0x0000000100000000)
  eden space 96256K, 0% used [0x00000000f8300000,0x00000000f8300000,0x00000000fe100000)
  from space 15872K, 36% used [0x00000000ff080000,0x00000000ff6281a0,0x0000000100000000)
  to   space 15872K, 0% used [0x00000000fe100000,0x00000000fe100000,0x00000000ff080000)
 ParOldGen       total 134144K, used 24K [0x00000000f0000000, 0x00000000f8300000, 0x00000000f8300000)
  object space 134144K, 0% used [0x00000000f0000000,0x00000000f0006000,0x00000000f8300000)
 Metaspace       used 20863K, capacity 21768K, committed 22016K, reserved 1069056K
  class space    used 2588K, capacity 2802K, committed 2816K, reserved 1048576K
}
{Heap before GC invocations=3 (full 0):
 PSYoungGen      total 112128K, used 102048K [0x00000000f8300000, 0x0000000100000000, 0x0000000100000000)
  eden space 96256K, 100% used [0x00000000f8300000,0x00000000fe100000,0x00000000fe100000)
  from space 15872K, 36% used [0x00000000ff080000,0x00000000ff6281a0,0x0000000100000000)
  to   space 15872K, 0% used [0x00000000fe100000,0x00000000fe100000,0x00000000ff080000)
 ParOldGen       total 134144K, used 24K [0x00000000f0000000, 0x00000000f8300000, 0x00000000f8300000)
  object space 134144K, 0% used [0x00000000f0000000,0x00000000f0006000,0x00000000f8300000)
 Metaspace       used 23862K, capacity 25010K, committed 25088K, reserved 1071104K
  class space    used 2987K, capacity 3261K, committed 3328K, reserved 1048576K
2023-10-03T01:06:41.250+0800: 0.954: [GC (Allocation Failure) [PSYoungGen: 102048K->7728K(112128K)] 102072K->7768K(246272K), 0.0046187 secs] [Times: user=0.04 sys=0.00, real=0.01 secs] 
Heap after GC invocations=3 (full 0):
 PSYoungGen      total 112128K, used 7728K [0x00000000f8300000, 0x0000000100000000, 0x0000000100000000)
  eden space 96256K, 0% used [0x00000000f8300000,0x00000000f8300000,0x00000000fe100000)
  from space 15872K, 48% used [0x00000000fe100000,0x00000000fe88c050,0x00000000ff080000)
  to   space 15872K, 0% used [0x00000000ff080000,0x00000000ff080000,0x0000000100000000)
 ParOldGen       total 134144K, used 40K [0x00000000f0000000, 0x00000000f8300000, 0x00000000f8300000)
  object space 134144K, 0% used [0x00000000f0000000,0x00000000f000a000,0x00000000f8300000)
 Metaspace       used 23862K, capacity 25010K, committed 25088K, reserved 1071104K
  class space    used 2987K, capacity 3261K, committed 3328K, reserved 1048576K
}
{Heap before GC invocations=4 (full 0):
 PSYoungGen      total 112128K, used 103984K [0x00000000f8300000, 0x0000000100000000, 0x0000000100000000)
  eden space 96256K, 100% used [0x00000000f8300000,0x00000000fe100000,0x00000000fe100000)
  from space 15872K, 48% used [0x00000000fe100000,0x00000000fe88c050,0x00000000ff080000)
  to   space 15872K, 0% used [0x00000000ff080000,0x00000000ff080000,0x0000000100000000)
 ParOldGen       total 134144K, used 40K [0x00000000f0000000, 0x00000000f8300000, 0x00000000f8300000)
  object space 134144K, 0% used [0x00000000f0000000,0x00000000f000a000,0x00000000f8300000)
 Metaspace       used 30259K, capacity 31960K, committed 32128K, reserved 1077248K
  class space    used 3848K, capacity 4140K, committed 4224K, reserved 1048576K
2023-10-03T01:06:41.602+0800: 1.307: [GC (Allocation Failure) [PSYoungGen: 103984K->11396K(112128K)] 104024K->11444K(246272K), 0.0063578 secs] [Times: user=0.07 sys=0.00, real=0.00 secs] 
Heap after GC invocations=4 (full 0):
 PSYoungGen      total 112128K, used 11396K [0x00000000f8300000, 0x0000000100000000, 0x0000000100000000)
  eden space 96256K, 0% used [0x00000000f8300000,0x00000000f8300000,0x00000000fe100000)
  from space 15872K, 71% used [0x00000000ff080000,0x00000000ffba13e0,0x0000000100000000)
  to   space 15872K, 0% used [0x00000000fe100000,0x00000000fe100000,0x00000000ff080000)
 ParOldGen       total 134144K, used 48K [0x00000000f0000000, 0x00000000f8300000, 0x00000000f8300000)
  object space 134144K, 0% used [0x00000000f0000000,0x00000000f000c000,0x00000000f8300000)
 Metaspace       used 30259K, capacity 31960K, committed 32128K, reserved 1077248K
  class space    used 3848K, capacity 4140K, committed 4224K, reserved 1048576K
}
{Heap before GC invocations=5 (full 0):
 PSYoungGen      total 112128K, used 107652K [0x00000000f8300000, 0x0000000100000000, 0x0000000100000000)
  eden space 96256K, 100% used [0x00000000f8300000,0x00000000fe100000,0x00000000fe100000)
  from space 15872K, 71% used [0x00000000ff080000,0x00000000ffba13e0,0x0000000100000000)
  to   space 15872K, 0% used [0x00000000fe100000,0x00000000fe100000,0x00000000ff080000)
 ParOldGen       total 134144K, used 48K [0x00000000f0000000, 0x00000000f8300000, 0x00000000f8300000)
  object space 134144K, 0% used [0x00000000f0000000,0x00000000f000c000,0x00000000f8300000)
 Metaspace       used 36462K, capacity 38638K, committed 39040K, reserved 1083392K
  class space    used 4719K, capacity 5127K, committed 5248K, reserved 1048576K
2023-10-03T01:06:41.928+0800: 1.633: [GC (Allocation Failure) [PSYoungGen: 107652K->13524K(112128K)] 107700K->13644K(246272K), 0.0081591 secs] [Times: user=0.08 sys=0.00, real=0.01 secs] 
Heap after GC invocations=5 (full 0):
 PSYoungGen      total 112128K, used 13524K [0x00000000f8300000, 0x0000000100000000, 0x0000000100000000)
  eden space 96256K, 0% used [0x00000000f8300000,0x00000000f8300000,0x00000000fe100000)
  from space 15872K, 85% used [0x00000000fe100000,0x00000000fee35040,0x00000000ff080000)
  to   space 15872K, 0% used [0x00000000ff080000,0x00000000ff080000,0x0000000100000000)
 ParOldGen       total 134144K, used 120K [0x00000000f0000000, 0x00000000f8300000, 0x00000000f8300000)
  object space 134144K, 0% used [0x00000000f0000000,0x00000000f001e010,0x00000000f8300000)
 Metaspace       used 36462K, capacity 38638K, committed 39040K, reserved 1083392K
  class space    used 4719K, capacity 5127K, committed 5248K, reserved 1048576K
}
{Heap before GC invocations=6 (full 0):
 PSYoungGen      total 112128K, used 109780K [0x00000000f8300000, 0x0000000100000000, 0x0000000100000000)
  eden space 96256K, 100% used [0x00000000f8300000,0x00000000fe100000,0x00000000fe100000)
  from space 15872K, 85% used [0x00000000fe100000,0x00000000fee35040,0x00000000ff080000)
  to   space 15872K, 0% used [0x00000000ff080000,0x00000000ff080000,0x0000000100000000)
 ParOldGen       total 134144K, used 120K [0x00000000f0000000, 0x00000000f8300000, 0x00000000f8300000)
  object space 134144K, 0% used [0x00000000f0000000,0x00000000f001e010,0x00000000f8300000)
 Metaspace       used 39959K, capacity 42564K, committed 42752K, reserved 1087488K
  class space    used 5186K, capacity 5632K, committed 5632K, reserved 1048576K
2023-10-03T01:06:42.212+0800: 1.917: [GC (Allocation Failure) [PSYoungGen: 109780K->15844K(105984K)] 109900K->16224K(240128K), 0.0071080 secs] [Times: user=0.02 sys=0.03, real=0.00 secs] 
Heap after GC invocations=6 (full 0):
 PSYoungGen      total 105984K, used 15844K [0x00000000f8300000, 0x0000000100000000, 0x0000000100000000)
  eden space 90112K, 0% used [0x00000000f8300000,0x00000000f8300000,0x00000000fdb00000)
  from space 15872K, 99% used [0x00000000ff080000,0x00000000ffff9070,0x0000000100000000)
  to   space 18944K, 0% used [0x00000000fdb00000,0x00000000fdb00000,0x00000000fed80000)
 ParOldGen       total 134144K, used 380K [0x00000000f0000000, 0x00000000f8300000, 0x00000000f8300000)
  object space 134144K, 0% used [0x00000000f0000000,0x00000000f005f020,0x00000000f8300000)
 Metaspace       used 39959K, capacity 42564K, committed 42752K, reserved 1087488K
  class space    used 5186K, capacity 5632K, committed 5632K, reserved 1048576K
}
{Heap before GC invocations=7 (full 0):
 PSYoungGen      total 105984K, used 105956K [0x00000000f8300000, 0x0000000100000000, 0x0000000100000000)
  eden space 90112K, 100% used [0x00000000f8300000,0x00000000fdb00000,0x00000000fdb00000)
  from space 15872K, 99% used [0x00000000ff080000,0x00000000ffff9070,0x0000000100000000)
  to   space 18944K, 0% used [0x00000000fdb00000,0x00000000fdb00000,0x00000000fed80000)
 ParOldGen       total 134144K, used 380K [0x00000000f0000000, 0x00000000f8300000, 0x00000000f8300000)
  object space 134144K, 0% used [0x00000000f0000000,0x00000000f005f020,0x00000000f8300000)
 Metaspace       used 49988K, capacity 52874K, committed 53120K, reserved 1095680K
  class space    used 6411K, capacity 6953K, committed 7040K, reserved 1048576K
2023-10-03T01:08:22.960+0800: 102.664: [GC (Allocation Failure) [PSYoungGen: 105956K->15094K(105472K)] 106336K->19772K(239616K), 0.0149171 secs] [Times: user=0.13 sys=0.00, real=0.02 secs] 
Heap after GC invocations=7 (full 0):
 PSYoungGen      total 105472K, used 15094K [0x00000000f8300000, 0x0000000100000000, 0x0000000100000000)
  eden space 90112K, 0% used [0x00000000f8300000,0x00000000f8300000,0x00000000fdb00000)
  from space 15360K, 98% used [0x00000000fdb00000,0x00000000fe9bd940,0x00000000fea00000)
  to   space 20480K, 0% used [0x00000000fec00000,0x00000000fec00000,0x0000000100000000)
 ParOldGen       total 134144K, used 4678K [0x00000000f0000000, 0x00000000f8300000, 0x00000000f8300000)
  object space 134144K, 3% used [0x00000000f0000000,0x00000000f0491950,0x00000000f8300000)
 Metaspace       used 49988K, capacity 52874K, committed 53120K, reserved 1095680K
  class space    used 6411K, capacity 6953K, committed 7040K, reserved 1048576K
}
{Heap before GC invocations=8 (full 0):
 PSYoungGen      total 105472K, used 105206K [0x00000000f8300000, 0x0000000100000000, 0x0000000100000000)
  eden space 90112K, 100% used [0x00000000f8300000,0x00000000fdb00000,0x00000000fdb00000)
  from space 15360K, 98% used [0x00000000fdb00000,0x00000000fe9bd940,0x00000000fea00000)
  to   space 20480K, 0% used [0x00000000fec00000,0x00000000fec00000,0x0000000100000000)
 ParOldGen       total 134144K, used 4678K [0x00000000f0000000, 0x00000000f8300000, 0x00000000f8300000)
  object space 134144K, 3% used [0x00000000f0000000,0x00000000f0491950,0x00000000f8300000)
 Metaspace       used 52390K, capacity 55460K, committed 55680K, reserved 1097728K
  class space    used 6434K, capacity 6992K, committed 7040K, reserved 1048576K
2023-10-03T01:08:24.574+0800: 104.279: [GC (Allocation Failure) [PSYoungGen: 105206K->10262K(108544K)] 109884K->20276K(242688K), 0.0061220 secs] [Times: user=0.04 sys=0.03, real=0.00 secs] 
Heap after GC invocations=8 (full 0):
 PSYoungGen      total 108544K, used 10262K [0x00000000f8300000, 0x0000000100000000, 0x0000000100000000)
  eden space 88064K, 0% used [0x00000000f8300000,0x00000000f8300000,0x00000000fd900000)
  from space 20480K, 50% used [0x00000000fec00000,0x00000000ff605980,0x0000000100000000)
  to   space 19456K, 0% used [0x00000000fd900000,0x00000000fd900000,0x00000000fec00000)
 ParOldGen       total 134144K, used 10014K [0x00000000f0000000, 0x00000000f8300000, 0x00000000f8300000)
  object space 134144K, 7% used [0x00000000f0000000,0x00000000f09c79b0,0x00000000f8300000)
 Metaspace       used 52390K, capacity 55460K, committed 55680K, reserved 1097728K
  class space    used 6434K, capacity 6992K, committed 7040K, reserved 1048576K
}
{Heap before GC invocations=9 (full 0):
 PSYoungGen      total 108544K, used 98326K [0x00000000f8300000, 0x0000000100000000, 0x0000000100000000)
  eden space 88064K, 100% used [0x00000000f8300000,0x00000000fd900000,0x00000000fd900000)
  from space 20480K, 50% used [0x00000000fec00000,0x00000000ff605980,0x0000000100000000)
  to   space 19456K, 0% used [0x00000000fd900000,0x00000000fd900000,0x00000000fec00000)
 ParOldGen       total 134144K, used 10014K [0x00000000f0000000, 0x00000000f8300000, 0x00000000f8300000)
  object space 134144K, 7% used [0x00000000f0000000,0x00000000f09c79b0,0x00000000f8300000)
 Metaspace       used 52413K, capacity 55524K, committed 55680K, reserved 1097728K
  class space    used 6436K, capacity 6992K, committed 7040K, reserved 1048576K
2023-10-03T01:08:26.224+0800: 105.929: [GC (Allocation Failure) [PSYoungGen: 98326K->5462K(107520K)] 108340K->20392K(241664K), 0.0090053 secs] [Times: user=0.04 sys=0.04, real=0.01 secs] 
Heap after GC invocations=9 (full 0):
 PSYoungGen      total 107520K, used 5462K [0x00000000f8300000, 0x0000000100000000, 0x0000000100000000)
  eden space 88064K, 0% used [0x00000000f8300000,0x00000000f8300000,0x00000000fd900000)
  from space 19456K, 28% used [0x00000000fd900000,0x00000000fde55960,0x00000000fec00000)
  to   space 19456K, 0% used [0x00000000fed00000,0x00000000fed00000,0x0000000100000000)
 ParOldGen       total 134144K, used 14930K [0x00000000f0000000, 0x00000000f8300000, 0x00000000f8300000)
  object space 134144K, 11% used [0x00000000f0000000,0x00000000f0e949f0,0x00000000f8300000)
 Metaspace       used 52413K, capacity 55524K, committed 55680K, reserved 1097728K
  class space    used 6436K, capacity 6992K, committed 7040K, reserved 1048576K
}
{Heap before GC invocations=10 (full 0):
 PSYoungGen      total 107520K, used 93526K [0x00000000f8300000, 0x0000000100000000, 0x0000000100000000)
  eden space 88064K, 100% used [0x00000000f8300000,0x00000000fd900000,0x00000000fd900000)
  from space 19456K, 28% used [0x00000000fd900000,0x00000000fde55960,0x00000000fec00000)
  to   space 19456K, 0% used [0x00000000fed00000,0x00000000fed00000,0x0000000100000000)
 ParOldGen       total 134144K, used 14930K [0x00000000f0000000, 0x00000000f8300000, 0x00000000f8300000)
  object space 134144K, 11% used [0x00000000f0000000,0x00000000f0e949f0,0x00000000f8300000)
 Metaspace       used 52421K, capacity 55524K, committed 55680K, reserved 1097728K
  class space    used 6436K, capacity 6992K, committed 7040K, reserved 1048576K
2023-10-03T01:08:27.989+0800: 107.694: [GC (Allocation Failure) [PSYoungGen: 93526K->352K(107520K)] 108456K->20482K(241664K), 0.0173215 secs] [Times: user=0.05 sys=0.02, real=0.02 secs] 
Heap after GC invocations=10 (full 0):
 PSYoungGen      total 107520K, used 352K [0x00000000f8300000, 0x0000000100000000, 0x0000000100000000)
  eden space 88064K, 0% used [0x00000000f8300000,0x00000000f8300000,0x00000000fd900000)
  from space 19456K, 1% used [0x00000000fed00000,0x00000000fed58000,0x0000000100000000)
  to   space 19968K, 0% used [0x00000000fd900000,0x00000000fd900000,0x00000000fec80000)
 ParOldGen       total 134144K, used 20130K [0x00000000f0000000, 0x00000000f8300000, 0x00000000f8300000)
  object space 134144K, 15% used [0x00000000f0000000,0x00000000f13a8b18,0x00000000f8300000)
 Metaspace       used 52421K, capacity 55524K, committed 55680K, reserved 1097728K
  class space    used 6436K, capacity 6992K, committed 7040K, reserved 1048576K
}
{Heap before GC invocations=11 (full 0):
 PSYoungGen      total 107520K, used 88416K [0x00000000f8300000, 0x0000000100000000, 0x0000000100000000)
  eden space 88064K, 100% used [0x00000000f8300000,0x00000000fd900000,0x00000000fd900000)
  from space 19456K, 1% used [0x00000000fed00000,0x00000000fed58000,0x0000000100000000)
  to   space 19968K, 0% used [0x00000000fd900000,0x00000000fd900000,0x00000000fec80000)
 ParOldGen       total 134144K, used 20130K [0x00000000f0000000, 0x00000000f8300000, 0x00000000f8300000)
  object space 134144K, 15% used [0x00000000f0000000,0x00000000f13a8b18,0x00000000f8300000)
 Metaspace       used 52422K, capacity 55524K, committed 55680K, reserved 1097728K
  class space    used 6436K, capacity 6992K, committed 7040K, reserved 1048576K
2023-10-03T01:08:29.760+0800: 109.465: [GC (Allocation Failure) [PSYoungGen: 88416K->320K(88576K)] 108546K->20530K(222720K), 0.0053831 secs] [Times: user=0.02 sys=0.00, real=0.01 secs] 
Heap after GC invocations=11 (full 0):
 PSYoungGen      total 88576K, used 320K [0x00000000f8300000, 0x0000000100000000, 0x0000000100000000)
  eden space 88064K, 0% used [0x00000000f8300000,0x00000000f8300000,0x00000000fd900000)
  from space 512K, 62% used [0x00000000fd900000,0x00000000fd950000,0x00000000fd980000)
  to   space 20480K, 0% used [0x00000000fec00000,0x00000000fec00000,0x0000000100000000)
 ParOldGen       total 134144K, used 20210K [0x00000000f0000000, 0x00000000f8300000, 0x00000000f8300000)
  object space 134144K, 15% used [0x00000000f0000000,0x00000000f13bcb18,0x00000000f8300000)
 Metaspace       used 52422K, capacity 55524K, committed 55680K, reserved 1097728K
  class space    used 6436K, capacity 6992K, committed 7040K, reserved 1048576K
}
{Heap before GC invocations=12 (full 0):
 PSYoungGen      total 88576K, used 88384K [0x00000000f8300000, 0x0000000100000000, 0x0000000100000000)
  eden space 88064K, 100% used [0x00000000f8300000,0x00000000fd900000,0x00000000fd900000)
  from space 512K, 62% used [0x00000000fd900000,0x00000000fd950000,0x00000000fd980000)
  to   space 20480K, 0% used [0x00000000fec00000,0x00000000fec00000,0x0000000100000000)
 ParOldGen       total 134144K, used 20210K [0x00000000f0000000, 0x00000000f8300000, 0x00000000f8300000)
  object space 134144K, 15% used [0x00000000f0000000,0x00000000f13bcb18,0x00000000f8300000)
 Metaspace       used 52448K, capacity 55524K, committed 55680K, reserved 1097728K
  class space    used 6439K, capacity 6992K, committed 7040K, reserved 1048576K
2023-10-03T01:08:31.680+0800: 111.384: [GC (Allocation Failure) [PSYoungGen: 88384K->352K(107520K)] 108594K->20626K(241664K), 0.0053217 secs] [Times: user=0.02 sys=0.00, real=0.01 secs] 
Heap after GC invocations=12 (full 0):
 PSYoungGen      total 107520K, used 352K [0x00000000f8300000, 0x0000000100000000, 0x0000000100000000)
  eden space 87040K, 0% used [0x00000000f8300000,0x00000000f8300000,0x00000000fd800000)
  from space 20480K, 1% used [0x00000000fec00000,0x00000000fec58000,0x0000000100000000)
  to   space 20480K, 0% used [0x00000000fd800000,0x00000000fd800000,0x00000000fec00000)
 ParOldGen       total 134144K, used 20274K [0x00000000f0000000, 0x00000000f8300000, 0x00000000f8300000)
  object space 134144K, 15% used [0x00000000f0000000,0x00000000f13ccb18,0x00000000f8300000)
 Metaspace       used 52448K, capacity 55524K, committed 55680K, reserved 1097728K
  class space    used 6439K, capacity 6992K, committed 7040K, reserved 1048576K
}
{Heap before GC invocations=13 (full 0):
 PSYoungGen      total 107520K, used 87392K [0x00000000f8300000, 0x0000000100000000, 0x0000000100000000)
  eden space 87040K, 100% used [0x00000000f8300000,0x00000000fd800000,0x00000000fd800000)
  from space 20480K, 1% used [0x00000000fec00000,0x00000000fec58000,0x0000000100000000)
  to   space 20480K, 0% used [0x00000000fd800000,0x00000000fd800000,0x00000000fec00000)
 ParOldGen       total 134144K, used 20274K [0x00000000f0000000, 0x00000000f8300000, 0x00000000f8300000)
  object space 134144K, 15% used [0x00000000f0000000,0x00000000f13ccb18,0x00000000f8300000)
 Metaspace       used 52468K, capacity 55524K, committed 55680K, reserved 1097728K
  class space    used 6443K, capacity 6992K, committed 7040K, reserved 1048576K
2023-10-03T01:08:33.512+0800: 113.216: [GC (Allocation Failure) [PSYoungGen: 87392K->352K(107520K)] 107666K->20698K(241664K), 0.0056134 secs] [Times: user=0.02 sys=0.01, real=0.01 secs] 
Heap after GC invocations=13 (full 0):
 PSYoungGen      total 107520K, used 352K [0x00000000f8300000, 0x0000000100000000, 0x0000000100000000)
  eden space 87040K, 0% used [0x00000000f8300000,0x00000000f8300000,0x00000000fd800000)
  from space 20480K, 1% used [0x00000000fd800000,0x00000000fd858000,0x00000000fec00000)
  to   space 20480K, 0% used [0x00000000fec00000,0x00000000fec00000,0x0000000100000000)
 ParOldGen       total 134144K, used 20346K [0x00000000f0000000, 0x00000000f8300000, 0x00000000f8300000)
  object space 134144K, 15% used [0x00000000f0000000,0x00000000f13deb18,0x00000000f8300000)
 Metaspace       used 52468K, capacity 55524K, committed 55680K, reserved 1097728K
  class space    used 6443K, capacity 6992K, committed 7040K, reserved 1048576K
}
{Heap before GC invocations=14 (full 0):
 PSYoungGen      total 107520K, used 87392K [0x00000000f8300000, 0x0000000100000000, 0x0000000100000000)
  eden space 87040K, 100% used [0x00000000f8300000,0x00000000fd800000,0x00000000fd800000)
  from space 20480K, 1% used [0x00000000fd800000,0x00000000fd858000,0x00000000fec00000)
  to   space 20480K, 0% used [0x00000000fec00000,0x00000000fec00000,0x0000000100000000)
 ParOldGen       total 134144K, used 20346K [0x00000000f0000000, 0x00000000f8300000, 0x00000000f8300000)
  object space 134144K, 15% used [0x00000000f0000000,0x00000000f13deb18,0x00000000f8300000)
 Metaspace       used 52475K, capacity 55588K, committed 55680K, reserved 1097728K
  class space    used 6444K, capacity 6992K, committed 7040K, reserved 1048576K
2023-10-03T01:08:35.489+0800: 115.194: [GC (Allocation Failure) [PSYoungGen: 87392K->320K(108032K)] 107738K->20730K(242176K), 0.0055176 secs] [Times: user=0.02 sys=0.00, real=0.01 secs] 
Heap after GC invocations=14 (full 0):
 PSYoungGen      total 108032K, used 320K [0x00000000f8300000, 0x0000000100000000, 0x0000000100000000)
  eden space 87552K, 0% used [0x00000000f8300000,0x00000000f8300000,0x00000000fd880000)
  from space 20480K, 1% used [0x00000000fec00000,0x00000000fec50000,0x0000000100000000)
  to   space 19968K, 0% used [0x00000000fd880000,0x00000000fd880000,0x00000000fec00000)
 ParOldGen       total 134144K, used 20410K [0x00000000f0000000, 0x00000000f8300000, 0x00000000f8300000)
  object space 134144K, 15% used [0x00000000f0000000,0x00000000f13eeb18,0x00000000f8300000)
 Metaspace       used 52475K, capacity 55588K, committed 55680K, reserved 1097728K
  class space    used 6444K, capacity 6992K, committed 7040K, reserved 1048576K
}
{Heap before GC invocations=15 (full 0):
 PSYoungGen      total 108032K, used 87872K [0x00000000f8300000, 0x0000000100000000, 0x0000000100000000)
  eden space 87552K, 100% used [0x00000000f8300000,0x00000000fd880000,0x00000000fd880000)
  from space 20480K, 1% used [0x00000000fec00000,0x00000000fec50000,0x0000000100000000)
  to   space 19968K, 0% used [0x00000000fd880000,0x00000000fd880000,0x00000000fec00000)
 ParOldGen       total 134144K, used 20410K [0x00000000f0000000, 0x00000000f8300000, 0x00000000f8300000)
  object space 134144K, 15% used [0x00000000f0000000,0x00000000f13eeb18,0x00000000f8300000)
 Metaspace       used 52480K, capacity 55588K, committed 55680K, reserved 1097728K
  class space    used 6444K, capacity 6992K, committed 7040K, reserved 1048576K
2023-10-03T01:08:37.469+0800: 117.174: [GC (Allocation Failure) [PSYoungGen: 87872K->320K(107520K)] 108282K->20778K(241664K), 0.0056545 secs] [Times: user=0.02 sys=0.00, real=0.01 secs] 
Heap after GC invocations=15 (full 0):
 PSYoungGen      total 107520K, used 320K [0x00000000f8300000, 0x0000000100000000, 0x0000000100000000)
  eden space 87552K, 0% used [0x00000000f8300000,0x00000000f8300000,0x00000000fd880000)
  from space 19968K, 1% used [0x00000000fd880000,0x00000000fd8d0000,0x00000000fec00000)
  to   space 19456K, 0% used [0x00000000fed00000,0x00000000fed00000,0x0000000100000000)
 ParOldGen       total 134144K, used 20458K [0x00000000f0000000, 0x00000000f8300000, 0x00000000f8300000)
  object space 134144K, 15% used [0x00000000f0000000,0x00000000f13fab18,0x00000000f8300000)
 Metaspace       used 52480K, capacity 55588K, committed 55680K, reserved 1097728K
  class space    used 6444K, capacity 6992K, committed 7040K, reserved 1048576K
}
{Heap before GC invocations=16 (full 0):
 PSYoungGen      total 107520K, used 87872K [0x00000000f8300000, 0x0000000100000000, 0x0000000100000000)
  eden space 87552K, 100% used [0x00000000f8300000,0x00000000fd880000,0x00000000fd880000)
  from space 19968K, 1% used [0x00000000fd880000,0x00000000fd8d0000,0x00000000fec00000)
  to   space 19456K, 0% used [0x00000000fed00000,0x00000000fed00000,0x0000000100000000)
 ParOldGen       total 134144K, used 20458K [0x00000000f0000000, 0x00000000f8300000, 0x00000000f8300000)
  object space 134144K, 15% used [0x00000000f0000000,0x00000000f13fab18,0x00000000f8300000)
 Metaspace       used 52482K, capacity 55588K, committed 55680K, reserved 1097728K
  class space    used 6444K, capacity 6992K, committed 7040K, reserved 1048576K
2023-10-03T01:08:39.469+0800: 119.173: [GC (Allocation Failure) [PSYoungGen: 87872K->320K(109056K)] 108330K->20818K(243200K), 0.0049600 secs] [Times: user=0.02 sys=0.00, real=0.02 secs] 
Heap after GC invocations=16 (full 0):
 PSYoungGen      total 109056K, used 320K [0x00000000f8300000, 0x0000000100000000, 0x0000000100000000)
  eden space 89600K, 0% used [0x00000000f8300000,0x00000000f8300000,0x00000000fda80000)
  from space 19456K, 1% used [0x00000000fed00000,0x00000000fed50000,0x0000000100000000)
  to   space 18944K, 0% used [0x00000000fda80000,0x00000000fda80000,0x00000000fed00000)
 ParOldGen       total 134144K, used 20498K [0x00000000f0000000, 0x00000000f8300000, 0x00000000f8300000)
  object space 134144K, 15% used [0x00000000f0000000,0x00000000f1404b18,0x00000000f8300000)
 Metaspace       used 52482K, capacity 55588K, committed 55680K, reserved 1097728K
  class space    used 6444K, capacity 6992K, committed 7040K, reserved 1048576K
}
{Heap before GC invocations=17 (full 0):
 PSYoungGen      total 109056K, used 89920K [0x00000000f8300000, 0x0000000100000000, 0x0000000100000000)
  eden space 89600K, 100% used [0x00000000f8300000,0x00000000fda80000,0x00000000fda80000)
  from space 19456K, 1% used [0x00000000fed00000,0x00000000fed50000,0x0000000100000000)
  to   space 18944K, 0% used [0x00000000fda80000,0x00000000fda80000,0x00000000fed00000)
 ParOldGen       total 134144K, used 20498K [0x00000000f0000000, 0x00000000f8300000, 0x00000000f8300000)
  object space 134144K, 15% used [0x00000000f0000000,0x00000000f1404b18,0x00000000f8300000)
 Metaspace       used 52487K, capacity 55588K, committed 55680K, reserved 1097728K
  class space    used 6444K, capacity 6992K, committed 7040K, reserved 1048576K
2023-10-03T01:08:41.546+0800: 121.251: [GC (Allocation Failure) [PSYoungGen: 89920K->320K(108544K)] 110418K->20834K(242688K), 0.0054498 secs] [Times: user=0.02 sys=0.00, real=0.00 secs] 
Heap after GC invocations=17 (full 0):
 PSYoungGen      total 108544K, used 320K [0x00000000f8300000, 0x0000000100000000, 0x0000000100000000)
  eden space 89600K, 0% used [0x00000000f8300000,0x00000000f8300000,0x00000000fda80000)
  from space 18944K, 1% used [0x00000000fda80000,0x00000000fdad0000,0x00000000fed00000)
  to   space 18432K, 0% used [0x00000000fee00000,0x00000000fee00000,0x0000000100000000)
 ParOldGen       total 134144K, used 20514K [0x00000000f0000000, 0x00000000f8300000, 0x00000000f8300000)
  object space 134144K, 15% used [0x00000000f0000000,0x00000000f1408b18,0x00000000f8300000)
 Metaspace       used 52487K, capacity 55588K, committed 55680K, reserved 1097728K
  class space    used 6444K, capacity 6992K, committed 7040K, reserved 1048576K
}
{Heap before GC invocations=18 (full 0):
 PSYoungGen      total 108544K, used 89920K [0x00000000f8300000, 0x0000000100000000, 0x0000000100000000)
  eden space 89600K, 100% used [0x00000000f8300000,0x00000000fda80000,0x00000000fda80000)
  from space 18944K, 1% used [0x00000000fda80000,0x00000000fdad0000,0x00000000fed00000)
  to   space 18432K, 0% used [0x00000000fee00000,0x00000000fee00000,0x0000000100000000)
 ParOldGen       total 134144K, used 20514K [0x00000000f0000000, 0x00000000f8300000, 0x00000000f8300000)
  object space 134144K, 15% used [0x00000000f0000000,0x00000000f1408b18,0x00000000f8300000)
 Metaspace       used 52495K, capacity 55588K, committed 55680K, reserved 1097728K
  class space    used 6444K, capacity 6992K, committed 7040K, reserved 1048576K
2023-10-03T01:08:43.490+0800: 123.194: [GC (Allocation Failure) [PSYoungGen: 89920K->416K(110080K)] 110434K->20938K(244224K), 0.0053827 secs] [Times: user=0.02 sys=0.00, real=0.01 secs] 
Heap after GC invocations=18 (full 0):
 PSYoungGen      total 110080K, used 416K [0x00000000f8300000, 0x0000000100000000, 0x0000000100000000)
  eden space 91648K, 0% used [0x00000000f8300000,0x00000000f8300000,0x00000000fdc80000)
  from space 18432K, 2% used [0x00000000fee00000,0x00000000fee68020,0x0000000100000000)
  to   space 17920K, 0% used [0x00000000fdc80000,0x00000000fdc80000,0x00000000fee00000)
 ParOldGen       total 134144K, used 20522K [0x00000000f0000000, 0x00000000f8300000, 0x00000000f8300000)
  object space 134144K, 15% used [0x00000000f0000000,0x00000000f140ab18,0x00000000f8300000)
 Metaspace       used 52495K, capacity 55588K, committed 55680K, reserved 1097728K
  class space    used 6444K, capacity 6992K, committed 7040K, reserved 1048576K
}
{Heap before GC invocations=19 (full 0):
 PSYoungGen      total 110080K, used 92064K [0x00000000f8300000, 0x0000000100000000, 0x0000000100000000)
  eden space 91648K, 100% used [0x00000000f8300000,0x00000000fdc80000,0x00000000fdc80000)
  from space 18432K, 2% used [0x00000000fee00000,0x00000000fee68020,0x0000000100000000)
  to   space 17920K, 0% used [0x00000000fdc80000,0x00000000fdc80000,0x00000000fee00000)
 ParOldGen       total 134144K, used 20522K [0x00000000f0000000, 0x00000000f8300000, 0x00000000f8300000)
  object space 134144K, 15% used [0x00000000f0000000,0x00000000f140ab18,0x00000000f8300000)
 Metaspace       used 52500K, capacity 55588K, committed 55680K, reserved 1097728K
  class space    used 6444K, capacity 6992K, committed 7040K, reserved 1048576K
2023-10-03T01:08:45.539+0800: 125.243: [GC (Allocation Failure) [PSYoungGen: 92064K->320K(109568K)] 112586K->20970K(243712K), 0.0053121 secs] [Times: user=0.02 sys=0.00, real=0.01 secs] 
Heap after GC invocations=19 (full 0):
 PSYoungGen      total 109568K, used 320K [0x00000000f8300000, 0x0000000100000000, 0x0000000100000000)
  eden space 91648K, 0% used [0x00000000f8300000,0x00000000f8300000,0x00000000fdc80000)
  from space 17920K, 1% used [0x00000000fdc80000,0x00000000fdcd0000,0x00000000fee00000)
  to   space 16896K, 0% used [0x00000000fef80000,0x00000000fef80000,0x0000000100000000)
 ParOldGen       total 134144K, used 20650K [0x00000000f0000000, 0x00000000f8300000, 0x00000000f8300000)
  object space 134144K, 15% used [0x00000000f0000000,0x00000000f142ab78,0x00000000f8300000)
 Metaspace       used 52500K, capacity 55588K, committed 55680K, reserved 1097728K
  class space    used 6444K, capacity 6992K, committed 7040K, reserved 1048576K
}
{Heap before GC invocations=20 (full 0):
 PSYoungGen      total 109568K, used 91968K [0x00000000f8300000, 0x0000000100000000, 0x0000000100000000)
  eden space 91648K, 100% used [0x00000000f8300000,0x00000000fdc80000,0x00000000fdc80000)
  from space 17920K, 1% used [0x00000000fdc80000,0x00000000fdcd0000,0x00000000fee00000)
  to   space 16896K, 0% used [0x00000000fef80000,0x00000000fef80000,0x0000000100000000)
 ParOldGen       total 134144K, used 20650K [0x00000000f0000000, 0x00000000f8300000, 0x00000000f8300000)
  object space 134144K, 15% used [0x00000000f0000000,0x00000000f142ab78,0x00000000f8300000)
 Metaspace       used 52509K, capacity 55588K, committed 55680K, reserved 1097728K
  class space    used 6444K, capacity 6992K, committed 7040K, reserved 1048576K
2023-10-03T01:08:47.592+0800: 127.297: [GC (Allocation Failure) [PSYoungGen: 91968K->320K(111616K)] 112618K->20986K(245760K), 0.0056989 secs] [Times: user=0.03 sys=0.01, real=0.00 secs] 
Heap after GC invocations=20 (full 0):
 PSYoungGen      total 111616K, used 320K [0x00000000f8300000, 0x0000000100000000, 0x0000000100000000)
  eden space 94720K, 0% used [0x00000000f8300000,0x00000000f8300000,0x00000000fdf80000)
  from space 16896K, 1% used [0x00000000fef80000,0x00000000fefd0000,0x0000000100000000)
  to   space 16384K, 0% used [0x00000000fdf80000,0x00000000fdf80000,0x00000000fef80000)
 ParOldGen       total 134144K, used 20666K [0x00000000f0000000, 0x00000000f8300000, 0x00000000f8300000)
  object space 134144K, 15% used [0x00000000f0000000,0x00000000f142eb78,0x00000000f8300000)
 Metaspace       used 52509K, capacity 55588K, committed 55680K, reserved 1097728K
  class space    used 6444K, capacity 6992K, committed 7040K, reserved 1048576K
}
{Heap before GC invocations=21 (full 0):
 PSYoungGen      total 111616K, used 95040K [0x00000000f8300000, 0x0000000100000000, 0x0000000100000000)
  eden space 94720K, 100% used [0x00000000f8300000,0x00000000fdf80000,0x00000000fdf80000)
  from space 16896K, 1% used [0x00000000fef80000,0x00000000fefd0000,0x0000000100000000)
  to   space 16384K, 0% used [0x00000000fdf80000,0x00000000fdf80000,0x00000000fef80000)
 ParOldGen       total 134144K, used 20666K [0x00000000f0000000, 0x00000000f8300000, 0x00000000f8300000)
  object space 134144K, 15% used [0x00000000f0000000,0x00000000f142eb78,0x00000000f8300000)
 Metaspace       used 52511K, capacity 55588K, committed 55680K, reserved 1097728K
  class space    used 6444K, capacity 6992K, committed 7040K, reserved 1048576K
2023-10-03T01:08:49.735+0800: 129.440: [GC (Allocation Failure) [PSYoungGen: 95040K->320K(111104K)] 115706K->21010K(245248K), 0.0055979 secs] [Times: user=0.02 sys=0.01, real=0.00 secs] 
Heap after GC invocations=21 (full 0):
 PSYoungGen      total 111104K, used 320K [0x00000000f8300000, 0x0000000100000000, 0x0000000100000000)
  eden space 94720K, 0% used [0x00000000f8300000,0x00000000f8300000,0x00000000fdf80000)
  from space 16384K, 1% used [0x00000000fdf80000,0x00000000fdfd0000,0x00000000fef80000)
  to   space 15360K, 0% used [0x00000000ff100000,0x00000000ff100000,0x0000000100000000)
 ParOldGen       total 134144K, used 20690K [0x00000000f0000000, 0x00000000f8300000, 0x00000000f8300000)
  object space 134144K, 15% used [0x00000000f0000000,0x00000000f1434b78,0x00000000f8300000)
 Metaspace       used 52511K, capacity 55588K, committed 55680K, reserved 1097728K
  class space    used 6444K, capacity 6992K, committed 7040K, reserved 1048576K
}
{Heap before GC invocations=22 (full 0):
 PSYoungGen      total 111104K, used 95040K [0x00000000f8300000, 0x0000000100000000, 0x0000000100000000)
  eden space 94720K, 100% used [0x00000000f8300000,0x00000000fdf80000,0x00000000fdf80000)
  from space 16384K, 1% used [0x00000000fdf80000,0x00000000fdfd0000,0x00000000fef80000)
  to   space 15360K, 0% used [0x00000000ff100000,0x00000000ff100000,0x0000000100000000)
 ParOldGen       total 134144K, used 20690K [0x00000000f0000000, 0x00000000f8300000, 0x00000000f8300000)
  object space 134144K, 15% used [0x00000000f0000000,0x00000000f1434b78,0x00000000f8300000)
 Metaspace       used 52512K, capacity 55588K, committed 55680K, reserved 1097728K
  class space    used 6444K, capacity 6992K, committed 7040K, reserved 1048576K
2023-10-03T01:08:51.848+0800: 131.552: [GC (Allocation Failure) [PSYoungGen: 95040K->320K(113152K)] 115730K->21034K(247296K), 0.0056419 secs] [Times: user=0.02 sys=0.00, real=0.01 secs] 
Heap after GC invocations=22 (full 0):
 PSYoungGen      total 113152K, used 320K [0x00000000f8300000, 0x0000000100000000, 0x0000000100000000)
  eden space 97792K, 0% used [0x00000000f8300000,0x00000000f8300000,0x00000000fe280000)
  from space 15360K, 2% used [0x00000000ff100000,0x00000000ff150000,0x0000000100000000)
  to   space 14848K, 0% used [0x00000000fe280000,0x00000000fe280000,0x00000000ff100000)
 ParOldGen       total 134144K, used 20714K [0x00000000f0000000, 0x00000000f8300000, 0x00000000f8300000)
  object space 134144K, 15% used [0x00000000f0000000,0x00000000f143ab78,0x00000000f8300000)
 Metaspace       used 52512K, capacity 55588K, committed 55680K, reserved 1097728K
  class space    used 6444K, capacity 6992K, committed 7040K, reserved 1048576K
}
{Heap before GC invocations=23 (full 0):
 PSYoungGen      total 113152K, used 98112K [0x00000000f8300000, 0x0000000100000000, 0x0000000100000000)
  eden space 97792K, 100% used [0x00000000f8300000,0x00000000fe280000,0x00000000fe280000)
  from space 15360K, 2% used [0x00000000ff100000,0x00000000ff150000,0x0000000100000000)
  to   space 14848K, 0% used [0x00000000fe280000,0x00000000fe280000,0x00000000ff100000)
 ParOldGen       total 134144K, used 20714K [0x00000000f0000000, 0x00000000f8300000, 0x00000000f8300000)
  object space 134144K, 15% used [0x00000000f0000000,0x00000000f143ab78,0x00000000f8300000)
 Metaspace       used 52517K, capacity 55592K, committed 55680K, reserved 1097728K
  class space    used 6444K, capacity 6992K, committed 7040K, reserved 1048576K
2023-10-03T01:08:54.033+0800: 133.738: [GC (Allocation Failure) [PSYoungGen: 98112K->288K(112640K)] 118826K->21018K(246784K), 0.0055188 secs] [Times: user=0.02 sys=0.00, real=0.00 secs] 
Heap after GC invocations=23 (full 0):
 PSYoungGen      total 112640K, used 288K [0x00000000f8300000, 0x0000000100000000, 0x0000000100000000)
  eden space 97792K, 0% used [0x00000000f8300000,0x00000000f8300000,0x00000000fe280000)
  from space 14848K, 1% used [0x00000000fe280000,0x00000000fe2c8000,0x00000000ff100000)
  to   space 13824K, 0% used [0x00000000ff280000,0x00000000ff280000,0x0000000100000000)
 ParOldGen       total 134144K, used 20730K [0x00000000f0000000, 0x00000000f8300000, 0x00000000f8300000)
  object space 134144K, 15% used [0x00000000f0000000,0x00000000f143eb78,0x00000000f8300000)
 Metaspace       used 52517K, capacity 55592K, committed 55680K, reserved 1097728K
  class space    used 6444K, capacity 6992K, committed 7040K, reserved 1048576K
}
{Heap before GC invocations=24 (full 0):
 PSYoungGen      total 112640K, used 98080K [0x00000000f8300000, 0x0000000100000000, 0x0000000100000000)
  eden space 97792K, 100% used [0x00000000f8300000,0x00000000fe280000,0x00000000fe280000)
  from space 14848K, 1% used [0x00000000fe280000,0x00000000fe2c8000,0x00000000ff100000)
  to   space 13824K, 0% used [0x00000000ff280000,0x00000000ff280000,0x0000000100000000)
 ParOldGen       total 134144K, used 20730K [0x00000000f0000000, 0x00000000f8300000, 0x00000000f8300000)
  object space 134144K, 15% used [0x00000000f0000000,0x00000000f143eb78,0x00000000f8300000)
 Metaspace       used 52526K, capacity 55592K, committed 55680K, reserved 1097728K
  class space    used 6444K, capacity 6992K, committed 7040K, reserved 1048576K
2023-10-03T01:08:56.257+0800: 135.961: [GC (Allocation Failure) [PSYoungGen: 98080K->256K(114688K)] 118810K->21010K(248832K), 0.0014218 secs] [Times: user=0.00 sys=0.00, real=0.00 secs] 
Heap after GC invocations=24 (full 0):
 PSYoungGen      total 114688K, used 256K [0x00000000f8300000, 0x0000000100000000, 0x0000000100000000)
  eden space 100864K, 0% used [0x00000000f8300000,0x00000000f8300000,0x00000000fe580000)
  from space 13824K, 1% used [0x00000000ff280000,0x00000000ff2c0000,0x0000000100000000)
  to   space 13312K, 0% used [0x00000000fe580000,0x00000000fe580000,0x00000000ff280000)
 ParOldGen       total 134144K, used 20754K [0x00000000f0000000, 0x00000000f8300000, 0x00000000f8300000)
  object space 134144K, 15% used [0x00000000f0000000,0x00000000f1444b78,0x00000000f8300000)
 Metaspace       used 52526K, capacity 55592K, committed 55680K, reserved 1097728K
  class space    used 6444K, capacity 6992K, committed 7040K, reserved 1048576K
}
{Heap before GC invocations=25 (full 0):
 PSYoungGen      total 114688K, used 101120K [0x00000000f8300000, 0x0000000100000000, 0x0000000100000000)
  eden space 100864K, 100% used [0x00000000f8300000,0x00000000fe580000,0x00000000fe580000)
  from space 13824K, 1% used [0x00000000ff280000,0x00000000ff2c0000,0x0000000100000000)
  to   space 13312K, 0% used [0x00000000fe580000,0x00000000fe580000,0x00000000ff280000)
 ParOldGen       total 134144K, used 20754K [0x00000000f0000000, 0x00000000f8300000, 0x00000000f8300000)
  object space 134144K, 15% used [0x00000000f0000000,0x00000000f1444b78,0x00000000f8300000)
 Metaspace       used 52531K, capacity 55592K, committed 55680K, reserved 1097728K
  class space    used 6444K, capacity 6992K, committed 7040K, reserved 1048576K
2023-10-03T01:08:58.522+0800: 138.227: [GC (Allocation Failure) [PSYoungGen: 101120K->288K(114176K)] 121874K->21090K(248320K), 0.0051859 secs] [Times: user=0.02 sys=0.00, real=0.00 secs] 
Heap after GC invocations=25 (full 0):
 PSYoungGen      total 114176K, used 288K [0x00000000f8300000, 0x0000000100000000, 0x0000000100000000)
  eden space 100864K, 0% used [0x00000000f8300000,0x00000000f8300000,0x00000000fe580000)
  from space 13312K, 2% used [0x00000000fe580000,0x00000000fe5c8000,0x00000000ff280000)
  to   space 12800K, 0% used [0x00000000ff380000,0x00000000ff380000,0x0000000100000000)
 ParOldGen       total 134144K, used 20802K [0x00000000f0000000, 0x00000000f8300000, 0x00000000f8300000)
  object space 134144K, 15% used [0x00000000f0000000,0x00000000f1450b78,0x00000000f8300000)
 Metaspace       used 52531K, capacity 55592K, committed 55680K, reserved 1097728K
  class space    used 6444K, capacity 6992K, committed 7040K, reserved 1048576K
}
{Heap before GC invocations=26 (full 0):
 PSYoungGen      total 114176K, used 101152K [0x00000000f8300000, 0x0000000100000000, 0x0000000100000000)
  eden space 100864K, 100% used [0x00000000f8300000,0x00000000fe580000,0x00000000fe580000)
  from space 13312K, 2% used [0x00000000fe580000,0x00000000fe5c8000,0x00000000ff280000)
  to   space 12800K, 0% used [0x00000000ff380000,0x00000000ff380000,0x0000000100000000)
 ParOldGen       total 134144K, used 20802K [0x00000000f0000000, 0x00000000f8300000, 0x00000000f8300000)
  object space 134144K, 15% used [0x00000000f0000000,0x00000000f1450b78,0x00000000f8300000)
 Metaspace       used 52532K, capacity 55592K, committed 55680K, reserved 1097728K
  class space    used 6444K, capacity 6992K, committed 7040K, reserved 1048576K
2023-10-03T01:09:00.823+0800: 140.527: [GC (Allocation Failure) [PSYoungGen: 101152K->320K(116224K)] 121954K->21162K(250368K), 0.0052556 secs] [Times: user=0.02 sys=0.00, real=0.00 secs] 
Heap after GC invocations=26 (full 0):
 PSYoungGen      total 116224K, used 320K [0x00000000f8300000, 0x0000000100000000, 0x0000000100000000)
  eden space 103424K, 0% used [0x00000000f8300000,0x00000000f8300000,0x00000000fe800000)
  from space 12800K, 2% used [0x00000000ff380000,0x00000000ff3d0000,0x0000000100000000)
  to   space 11776K, 0% used [0x00000000fe800000,0x00000000fe800000,0x00000000ff380000)
 ParOldGen       total 134144K, used 20842K [0x00000000f0000000, 0x00000000f8300000, 0x00000000f8300000)
  object space 134144K, 15% used [0x00000000f0000000,0x00000000f145ab78,0x00000000f8300000)
 Metaspace       used 52532K, capacity 55592K, committed 55680K, reserved 1097728K
  class space    used 6444K, capacity 6992K, committed 7040K, reserved 1048576K
}
{Heap before GC invocations=27 (full 0):
 PSYoungGen      total 116224K, used 103744K [0x00000000f8300000, 0x0000000100000000, 0x0000000100000000)
  eden space 103424K, 100% used [0x00000000f8300000,0x00000000fe800000,0x00000000fe800000)
  from space 12800K, 2% used [0x00000000ff380000,0x00000000ff3d0000,0x0000000100000000)
  to   space 11776K, 0% used [0x00000000fe800000,0x00000000fe800000,0x00000000ff380000)
 ParOldGen       total 134144K, used 20842K [0x00000000f0000000, 0x00000000f8300000, 0x00000000f8300000)
  object space 134144K, 15% used [0x00000000f0000000,0x00000000f145ab78,0x00000000f8300000)
 Metaspace       used 52536K, capacity 55592K, committed 55680K, reserved 1097728K
  class space    used 6444K, capacity 6992K, committed 7040K, reserved 1048576K
2023-10-03T01:09:03.061+0800: 142.766: [GC (Allocation Failure) [PSYoungGen: 103744K->288K(115200K)] 124586K->21138K(249344K), 0.0058211 secs] [Times: user=0.02 sys=0.00, real=0.01 secs] 
Heap after GC invocations=27 (full 0):
 PSYoungGen      total 115200K, used 288K [0x00000000f8300000, 0x0000000100000000, 0x0000000100000000)
  eden space 103424K, 0% used [0x00000000f8300000,0x00000000f8300000,0x00000000fe800000)
  from space 11776K, 2% used [0x00000000fe800000,0x00000000fe848000,0x00000000ff380000)
  to   space 11264K, 0% used [0x00000000ff500000,0x00000000ff500000,0x0000000100000000)
 ParOldGen       total 134144K, used 20850K [0x00000000f0000000, 0x00000000f8300000, 0x00000000f8300000)
  object space 134144K, 15% used [0x00000000f0000000,0x00000000f145cb78,0x00000000f8300000)
 Metaspace       used 52536K, capacity 55592K, committed 55680K, reserved 1097728K
  class space    used 6444K, capacity 6992K, committed 7040K, reserved 1048576K
}
{Heap before GC invocations=28 (full 0):
 PSYoungGen      total 115200K, used 103712K [0x00000000f8300000, 0x0000000100000000, 0x0000000100000000)
  eden space 103424K, 100% used [0x00000000f8300000,0x00000000fe800000,0x00000000fe800000)
  from space 11776K, 2% used [0x00000000fe800000,0x00000000fe848000,0x00000000ff380000)
  to   space 11264K, 0% used [0x00000000ff500000,0x00000000ff500000,0x0000000100000000)
 ParOldGen       total 134144K, used 20850K [0x00000000f0000000, 0x00000000f8300000, 0x00000000f8300000)
  object space 134144K, 15% used [0x00000000f0000000,0x00000000f145cb78,0x00000000f8300000)
 Metaspace       used 52544K, capacity 55592K, committed 55680K, reserved 1097728K
  class space    used 6444K, capacity 6992K, committed 7040K, reserved 1048576K
2023-10-03T01:09:05.860+0800: 145.564: [GC (Allocation Failure) [PSYoungGen: 103712K->400K(117760K)] 124562K->21258K(251904K), 0.0014814 secs] [Times: user=0.01 sys=0.00, real=0.00 secs] 
Heap after GC invocations=28 (full 0):
 PSYoungGen      total 117760K, used 400K [0x00000000f8300000, 0x0000000100000000, 0x0000000100000000)
  eden space 106496K, 0% used [0x00000000f8300000,0x00000000f8300000,0x00000000feb00000)
  from space 11264K, 3% used [0x00000000ff500000,0x00000000ff564010,0x0000000100000000)
  to   space 10240K, 0% used [0x00000000feb00000,0x00000000feb00000,0x00000000ff500000)
 ParOldGen       total 134144K, used 20858K [0x00000000f0000000, 0x00000000f8300000, 0x00000000f8300000)
  object space 134144K, 15% used [0x00000000f0000000,0x00000000f145eb78,0x00000000f8300000)
 Metaspace       used 52544K, capacity 55592K, committed 55680K, reserved 1097728K
  class space    used 6444K, capacity 6992K, committed 7040K, reserved 1048576K
}
{Heap before GC invocations=29 (full 0):
 PSYoungGen      total 117760K, used 106896K [0x00000000f8300000, 0x0000000100000000, 0x0000000100000000)
  eden space 106496K, 100% used [0x00000000f8300000,0x00000000feb00000,0x00000000feb00000)
  from space 11264K, 3% used [0x00000000ff500000,0x00000000ff564010,0x0000000100000000)
  to   space 10240K, 0% used [0x00000000feb00000,0x00000000feb00000,0x00000000ff500000)
 ParOldGen       total 134144K, used 20858K [0x00000000f0000000, 0x00000000f8300000, 0x00000000f8300000)
  object space 134144K, 15% used [0x00000000f0000000,0x00000000f145eb78,0x00000000f8300000)
 Metaspace       used 52554K, capacity 55656K, committed 55936K, reserved 1097728K
  class space    used 6444K, capacity 6992K, committed 7040K, reserved 1048576K
2023-10-03T01:09:07.149+0800: 146.854: [GC (Allocation Failure) [PSYoungGen: 106896K->592K(116736K)] 127754K->21619K(250880K), 0.0058233 secs] [Times: user=0.03 sys=0.00, real=0.01 secs] 
Heap after GC invocations=29 (full 0):
 PSYoungGen      total 116736K, used 592K [0x00000000f8300000, 0x0000000100000000, 0x0000000100000000)
  eden space 106496K, 0% used [0x00000000f8300000,0x00000000f8300000,0x00000000feb00000)
  from space 10240K, 5% used [0x00000000feb00000,0x00000000feb94030,0x00000000ff500000)
  to   space 9728K, 0% used [0x00000000ff680000,0x00000000ff680000,0x0000000100000000)
 ParOldGen       total 134144K, used 21027K [0x00000000f0000000, 0x00000000f8300000, 0x00000000f8300000)
  object space 134144K, 15% used [0x00000000f0000000,0x00000000f1488c18,0x00000000f8300000)
 Metaspace       used 52554K, capacity 55656K, committed 55936K, reserved 1097728K
  class space    used 6444K, capacity 6992K, committed 7040K, reserved 1048576K
}
{Heap before GC invocations=30 (full 0):
 PSYoungGen      total 116736K, used 107088K [0x00000000f8300000, 0x0000000100000000, 0x0000000100000000)
  eden space 106496K, 100% used [0x00000000f8300000,0x00000000feb00000,0x00000000feb00000)
  from space 10240K, 5% used [0x00000000feb00000,0x00000000feb94030,0x00000000ff500000)
  to   space 9728K, 0% used [0x00000000ff680000,0x00000000ff680000,0x0000000100000000)
 ParOldGen       total 134144K, used 21027K [0x00000000f0000000, 0x00000000f8300000, 0x00000000f8300000)
  object space 134144K, 15% used [0x00000000f0000000,0x00000000f1488c18,0x00000000f8300000)
 Metaspace       used 52554K, capacity 55656K, committed 55936K, reserved 1097728K
  class space    used 6444K, capacity 6992K, committed 7040K, reserved 1048576K
2023-10-03T01:09:08.390+0800: 148.094: [GC (Allocation Failure) [PSYoungGen: 107088K->320K(118784K)] 128115K->21715K(252928K), 0.0015034 secs] [Times: user=0.00 sys=0.00, real=0.00 secs] 
Heap after GC invocations=30 (full 0):
 PSYoungGen      total 118784K, used 320K [0x00000000f8300000, 0x0000000100000000, 0x0000000100000000)
  eden space 109056K, 0% used [0x00000000f8300000,0x00000000f8300000,0x00000000fed80000)
  from space 9728K, 3% used [0x00000000ff680000,0x00000000ff6d0000,0x0000000100000000)
  to   space 9216K, 0% used [0x00000000fed80000,0x00000000fed80000,0x00000000ff680000)
 ParOldGen       total 134144K, used 21395K [0x00000000f0000000, 0x00000000f8300000, 0x00000000f8300000)
  object space 134144K, 15% used [0x00000000f0000000,0x00000000f14e4d98,0x00000000f8300000)
 Metaspace       used 52554K, capacity 55656K, committed 55936K, reserved 1097728K
  class space    used 6444K, capacity 6992K, committed 7040K, reserved 1048576K
}
{Heap before GC invocations=31 (full 0):
 PSYoungGen      total 118784K, used 109376K [0x00000000f8300000, 0x0000000100000000, 0x0000000100000000)
  eden space 109056K, 100% used [0x00000000f8300000,0x00000000fed80000,0x00000000fed80000)
  from space 9728K, 3% used [0x00000000ff680000,0x00000000ff6d0000,0x0000000100000000)
  to   space 9216K, 0% used [0x00000000fed80000,0x00000000fed80000,0x00000000ff680000)
 ParOldGen       total 134144K, used 21395K [0x00000000f0000000, 0x00000000f8300000, 0x00000000f8300000)
  object space 134144K, 15% used [0x00000000f0000000,0x00000000f14e4d98,0x00000000f8300000)
 Metaspace       used 52554K, capacity 55656K, committed 55936K, reserved 1097728K
  class space    used 6444K, capacity 6992K, committed 7040K, reserved 1048576K
2023-10-03T01:09:09.694+0800: 149.399: [GC (Allocation Failure) [PSYoungGen: 109376K->320K(118272K)] 130771K->21771K(252416K), 0.0055852 secs] [Times: user=0.02 sys=0.00, real=0.00 secs] 
Heap after GC invocations=31 (full 0):
 PSYoungGen      total 118272K, used 320K [0x00000000f8300000, 0x0000000100000000, 0x0000000100000000)
  eden space 109056K, 0% used [0x00000000f8300000,0x00000000f8300000,0x00000000fed80000)
  from space 9216K, 3% used [0x00000000fed80000,0x00000000fedd0000,0x00000000ff680000)
  to   space 8704K, 0% used [0x00000000ff780000,0x00000000ff780000,0x0000000100000000)
 ParOldGen       total 134144K, used 21451K [0x00000000f0000000, 0x00000000f8300000, 0x00000000f8300000)
  object space 134144K, 15% used [0x00000000f0000000,0x00000000f14f2db8,0x00000000f8300000)
 Metaspace       used 52554K, capacity 55656K, committed 55936K, reserved 1097728K
  class space    used 6444K, capacity 6992K, committed 7040K, reserved 1048576K
}
{Heap before GC invocations=32 (full 0):
 PSYoungGen      total 118272K, used 109376K [0x00000000f8300000, 0x0000000100000000, 0x0000000100000000)
  eden space 109056K, 100% used [0x00000000f8300000,0x00000000fed80000,0x00000000fed80000)
  from space 9216K, 3% used [0x00000000fed80000,0x00000000fedd0000,0x00000000ff680000)
  to   space 8704K, 0% used [0x00000000ff780000,0x00000000ff780000,0x0000000100000000)
 ParOldGen       total 134144K, used 21451K [0x00000000f0000000, 0x00000000f8300000, 0x00000000f8300000)
  object space 134144K, 15% used [0x00000000f0000000,0x00000000f14f2db8,0x00000000f8300000)
 Metaspace       used 52554K, capacity 55656K, committed 55936K, reserved 1097728K
  class space    used 6444K, capacity 6992K, committed 7040K, reserved 1048576K
2023-10-03T01:09:10.978+0800: 150.682: [GC (Allocation Failure) [PSYoungGen: 109376K->320K(119808K)] 130827K->21795K(253952K), 0.0012915 secs] [Times: user=0.02 sys=0.00, real=0.01 secs] 
Heap after GC invocations=32 (full 0):
 PSYoungGen      total 119808K, used 320K [0x00000000f8300000, 0x0000000100000000, 0x0000000100000000)
  eden space 111104K, 0% used [0x00000000f8300000,0x00000000f8300000,0x00000000fef80000)
  from space 8704K, 3% used [0x00000000ff780000,0x00000000ff7d0000,0x0000000100000000)
  to   space 8192K, 0% used [0x00000000fef80000,0x00000000fef80000,0x00000000ff780000)
 ParOldGen       total 134144K, used 21475K [0x00000000f0000000, 0x00000000f8300000, 0x00000000f8300000)
  object space 134144K, 16% used [0x00000000f0000000,0x00000000f14f8db8,0x00000000f8300000)
 Metaspace       used 52554K, capacity 55656K, committed 55936K, reserved 1097728K
  class space    used 6444K, capacity 6992K, committed 7040K, reserved 1048576K
}
{Heap before GC invocations=33 (full 0):
 PSYoungGen      total 119808K, used 111424K [0x00000000f8300000, 0x0000000100000000, 0x0000000100000000)
  eden space 111104K, 100% used [0x00000000f8300000,0x00000000fef80000,0x00000000fef80000)
  from space 8704K, 3% used [0x00000000ff780000,0x00000000ff7d0000,0x0000000100000000)
  to   space 8192K, 0% used [0x00000000fef80000,0x00000000fef80000,0x00000000ff780000)
 ParOldGen       total 134144K, used 21475K [0x00000000f0000000, 0x00000000f8300000, 0x00000000f8300000)
  object space 134144K, 16% used [0x00000000f0000000,0x00000000f14f8db8,0x00000000f8300000)
 Metaspace       used 52556K, capacity 55656K, committed 55936K, reserved 1097728K
  class space    used 6444K, capacity 6992K, committed 7040K, reserved 1048576K
2023-10-03T01:09:12.274+0800: 151.978: [GC (Allocation Failure) [PSYoungGen: 111424K->288K(119296K)] 132899K->21779K(253440K), 0.0055555 secs] [Times: user=0.03 sys=0.00, real=0.00 secs] 
Heap after GC invocations=33 (full 0):
 PSYoungGen      total 119296K, used 288K [0x00000000f8300000, 0x0000000100000000, 0x0000000100000000)
  eden space 111104K, 0% used [0x00000000f8300000,0x00000000f8300000,0x00000000fef80000)
  from space 8192K, 3% used [0x00000000fef80000,0x00000000fefc8000,0x00000000ff780000)
  to   space 7680K, 0% used [0x00000000ff880000,0x00000000ff880000,0x0000000100000000)
 ParOldGen       total 134144K, used 21491K [0x00000000f0000000, 0x00000000f8300000, 0x00000000f8300000)
  object space 134144K, 16% used [0x00000000f0000000,0x00000000f14fcdb8,0x00000000f8300000)
 Metaspace       used 52556K, capacity 55656K, committed 55936K, reserved 1097728K
  class space    used 6444K, capacity 6992K, committed 7040K, reserved 1048576K
}
{Heap before GC invocations=34 (full 0):
 PSYoungGen      total 119296K, used 111392K [0x00000000f8300000, 0x0000000100000000, 0x0000000100000000)
  eden space 111104K, 100% used [0x00000000f8300000,0x00000000fef80000,0x00000000fef80000)
  from space 8192K, 3% used [0x00000000fef80000,0x00000000fefc8000,0x00000000ff780000)
  to   space 7680K, 0% used [0x00000000ff880000,0x00000000ff880000,0x0000000100000000)
 ParOldGen       total 134144K, used 21491K [0x00000000f0000000, 0x00000000f8300000, 0x00000000f8300000)
  object space 134144K, 16% used [0x00000000f0000000,0x00000000f14fcdb8,0x00000000f8300000)
 Metaspace       used 52558K, capacity 55656K, committed 55936K, reserved 1097728K
  class space    used 6444K, capacity 6992K, committed 7040K, reserved 1048576K
2023-10-03T01:09:13.584+0800: 153.289: [GC (Allocation Failure) [PSYoungGen: 111392K->320K(120832K)] 132883K->21827K(254976K), 0.0054370 secs] [Times: user=0.02 sys=0.01, real=0.00 secs] 
Heap after GC invocations=34 (full 0):
 PSYoungGen      total 120832K, used 320K [0x00000000f8300000, 0x0000000100000000, 0x0000000100000000)
  eden space 113152K, 0% used [0x00000000f8300000,0x00000000f8300000,0x00000000ff180000)
  from space 7680K, 4% used [0x00000000ff880000,0x00000000ff8d0000,0x0000000100000000)
  to   space 7168K, 0% used [0x00000000ff180000,0x00000000ff180000,0x00000000ff880000)
 ParOldGen       total 134144K, used 21507K [0x00000000f0000000, 0x00000000f8300000, 0x00000000f8300000)
  object space 134144K, 16% used [0x00000000f0000000,0x00000000f1500db8,0x00000000f8300000)
 Metaspace       used 52558K, capacity 55656K, committed 55936K, reserved 1097728K
  class space    used 6444K, capacity 6992K, committed 7040K, reserved 1048576K
}
{Heap before GC invocations=35 (full 0):
 PSYoungGen      total 120832K, used 113472K [0x00000000f8300000, 0x0000000100000000, 0x0000000100000000)
  eden space 113152K, 100% used [0x00000000f8300000,0x00000000ff180000,0x00000000ff180000)
  from space 7680K, 4% used [0x00000000ff880000,0x00000000ff8d0000,0x0000000100000000)
  to   space 7168K, 0% used [0x00000000ff180000,0x00000000ff180000,0x00000000ff880000)
 ParOldGen       total 134144K, used 21507K [0x00000000f0000000, 0x00000000f8300000, 0x00000000f8300000)
  object space 134144K, 16% used [0x00000000f0000000,0x00000000f1500db8,0x00000000f8300000)
 Metaspace       used 52559K, capacity 55656K, committed 55936K, reserved 1097728K
  class space    used 6444K, capacity 6992K, committed 7040K, reserved 1048576K
2023-10-03T01:09:14.958+0800: 154.662: [GC (Allocation Failure) [PSYoungGen: 113472K->320K(120320K)] 134979K->21859K(254464K), 0.0053149 secs] [Times: user=0.03 sys=0.00, real=0.01 secs] 
Heap after GC invocations=35 (full 0):
 PSYoungGen      total 120320K, used 320K [0x00000000f8300000, 0x0000000100000000, 0x0000000100000000)
  eden space 113152K, 0% used [0x00000000f8300000,0x00000000f8300000,0x00000000ff180000)
  from space 7168K, 4% used [0x00000000ff180000,0x00000000ff1d0000,0x00000000ff880000)
  to   space 6656K, 0% used [0x00000000ff980000,0x00000000ff980000,0x0000000100000000)
 ParOldGen       total 134144K, used 21539K [0x00000000f0000000, 0x00000000f8300000, 0x00000000f8300000)
  object space 134144K, 16% used [0x00000000f0000000,0x00000000f1508db8,0x00000000f8300000)
 Metaspace       used 52559K, capacity 55656K, committed 55936K, reserved 1097728K
  class space    used 6444K, capacity 6992K, committed 7040K, reserved 1048576K
}
{Heap before GC invocations=36 (full 0):
 PSYoungGen      total 120320K, used 113472K [0x00000000f8300000, 0x0000000100000000, 0x0000000100000000)
  eden space 113152K, 100% used [0x00000000f8300000,0x00000000ff180000,0x00000000ff180000)
  from space 7168K, 4% used [0x00000000ff180000,0x00000000ff1d0000,0x00000000ff880000)
  to   space 6656K, 0% used [0x00000000ff980000,0x00000000ff980000,0x0000000100000000)
 ParOldGen       total 134144K, used 21539K [0x00000000f0000000, 0x00000000f8300000, 0x00000000f8300000)
  object space 134144K, 16% used [0x00000000f0000000,0x00000000f1508db8,0x00000000f8300000)
 Metaspace       used 52559K, capacity 55656K, committed 55936K, reserved 1097728K
  class space    used 6444K, capacity 6992K, committed 7040K, reserved 1048576K
2023-10-03T01:09:16.269+0800: 155.973: [GC (Allocation Failure) [PSYoungGen: 113472K->320K(121856K)] 135011K->21867K(256000K), 0.0014190 secs] [Times: user=0.00 sys=0.00, real=0.02 secs] 
Heap after GC invocations=36 (full 0):
 PSYoungGen      total 121856K, used 320K [0x00000000f8300000, 0x0000000100000000, 0x0000000100000000)
  eden space 115200K, 0% used [0x00000000f8300000,0x00000000f8300000,0x00000000ff380000)
  from space 6656K, 4% used [0x00000000ff980000,0x00000000ff9d0000,0x0000000100000000)
  to   space 6144K, 0% used [0x00000000ff380000,0x00000000ff380000,0x00000000ff980000)
 ParOldGen       total 134144K, used 21547K [0x00000000f0000000, 0x00000000f8300000, 0x00000000f8300000)
  object space 134144K, 16% used [0x00000000f0000000,0x00000000f150adb8,0x00000000f8300000)
 Metaspace       used 52559K, capacity 55656K, committed 55936K, reserved 1097728K
  class space    used 6444K, capacity 6992K, committed 7040K, reserved 1048576K
}
{Heap before GC invocations=37 (full 0):
 PSYoungGen      total 121856K, used 115520K [0x00000000f8300000, 0x0000000100000000, 0x0000000100000000)
  eden space 115200K, 100% used [0x00000000f8300000,0x00000000ff380000,0x00000000ff380000)
  from space 6656K, 4% used [0x00000000ff980000,0x00000000ff9d0000,0x0000000100000000)
  to   space 6144K, 0% used [0x00000000ff380000,0x00000000ff380000,0x00000000ff980000)
 ParOldGen       total 134144K, used 21547K [0x00000000f0000000, 0x00000000f8300000, 0x00000000f8300000)
  object space 134144K, 16% used [0x00000000f0000000,0x00000000f150adb8,0x00000000f8300000)
 Metaspace       used 52576K, capacity 55656K, committed 55936K, reserved 1097728K
  class space    used 6444K, capacity 6992K, committed 7040K, reserved 1048576K
2023-10-03T01:09:17.622+0800: 157.327: [GC (Allocation Failure) [PSYoungGen: 115520K->320K(121344K)] 137067K->21891K(255488K), 0.0014836 secs] [Times: user=0.01 sys=0.01, real=0.00 secs] 
Heap after GC invocations=37 (full 0):
 PSYoungGen      total 121344K, used 320K [0x00000000f8300000, 0x0000000100000000, 0x0000000100000000)
  eden space 115200K, 0% used [0x00000000f8300000,0x00000000f8300000,0x00000000ff380000)
  from space 6144K, 5% used [0x00000000ff380000,0x00000000ff3d0000,0x00000000ff980000)
  to   space 5632K, 0% used [0x00000000ffa80000,0x00000000ffa80000,0x0000000100000000)
 ParOldGen       total 134144K, used 21571K [0x00000000f0000000, 0x00000000f8300000, 0x00000000f8300000)
  object space 134144K, 16% used [0x00000000f0000000,0x00000000f1510db8,0x00000000f8300000)
 Metaspace       used 52576K, capacity 55656K, committed 55936K, reserved 1097728K
  class space    used 6444K, capacity 6992K, committed 7040K, reserved 1048576K
}
{Heap before GC invocations=38 (full 0):
 PSYoungGen      total 121344K, used 115520K [0x00000000f8300000, 0x0000000100000000, 0x0000000100000000)
  eden space 115200K, 100% used [0x00000000f8300000,0x00000000ff380000,0x00000000ff380000)
  from space 6144K, 5% used [0x00000000ff380000,0x00000000ff3d0000,0x00000000ff980000)
  to   space 5632K, 0% used [0x00000000ffa80000,0x00000000ffa80000,0x0000000100000000)
 ParOldGen       total 134144K, used 21571K [0x00000000f0000000, 0x00000000f8300000, 0x00000000f8300000)
  object space 134144K, 16% used [0x00000000f0000000,0x00000000f1510db8,0x00000000f8300000)
 Metaspace       used 52585K, capacity 55720K, committed 55936K, reserved 1097728K
  class space    used 6444K, capacity 6992K, committed 7040K, reserved 1048576K
2023-10-03T01:09:18.939+0800: 158.643: [GC (Allocation Failure) [PSYoungGen: 115520K->352K(122368K)] 137091K->21955K(256512K), 0.0015859 secs] [Times: user=0.01 sys=0.01, real=0.00 secs] 
Heap after GC invocations=38 (full 0):
 PSYoungGen      total 122368K, used 352K [0x00000000f8300000, 0x0000000100000000, 0x0000000100000000)
  eden space 116736K, 0% used [0x00000000f8300000,0x00000000f8300000,0x00000000ff500000)
  from space 5632K, 6% used [0x00000000ffa80000,0x00000000ffad8000,0x0000000100000000)
  to   space 5632K, 0% used [0x00000000ff500000,0x00000000ff500000,0x00000000ffa80000)
 ParOldGen       total 134144K, used 21603K [0x00000000f0000000, 0x00000000f8300000, 0x00000000f8300000)
  object space 134144K, 16% used [0x00000000f0000000,0x00000000f1518db8,0x00000000f8300000)
 Metaspace       used 52585K, capacity 55720K, committed 55936K, reserved 1097728K
  class space    used 6444K, capacity 6992K, committed 7040K, reserved 1048576K
}
{Heap before GC invocations=39 (full 0):
 PSYoungGen      total 122368K, used 117088K [0x00000000f8300000, 0x0000000100000000, 0x0000000100000000)
  eden space 116736K, 100% used [0x00000000f8300000,0x00000000ff500000,0x00000000ff500000)
  from space 5632K, 6% used [0x00000000ffa80000,0x00000000ffad8000,0x0000000100000000)
  to   space 5632K, 0% used [0x00000000ff500000,0x00000000ff500000,0x00000000ffa80000)
 ParOldGen       total 134144K, used 21603K [0x00000000f0000000, 0x00000000f8300000, 0x00000000f8300000)
  object space 134144K, 16% used [0x00000000f0000000,0x00000000f1518db8,0x00000000f8300000)
 Metaspace       used 52585K, capacity 55720K, committed 55936K, reserved 1097728K
  class space    used 6444K, capacity 6992K, committed 7040K, reserved 1048576K
2023-10-03T01:09:20.335+0800: 160.039: [GC (Allocation Failure) [PSYoungGen: 117088K->320K(122368K)] 138691K->21939K(256512K), 0.0014349 secs] [Times: user=0.01 sys=0.00, real=0.00 secs] 
Heap after GC invocations=39 (full 0):
 PSYoungGen      total 122368K, used 320K [0x00000000f8300000, 0x0000000100000000, 0x0000000100000000)
  eden space 116736K, 0% used [0x00000000f8300000,0x00000000f8300000,0x00000000ff500000)
  from space 5632K, 5% used [0x00000000ff500000,0x00000000ff550000,0x00000000ffa80000)
  to   space 5120K, 0% used [0x00000000ffb00000,0x00000000ffb00000,0x0000000100000000)
 ParOldGen       total 134144K, used 21619K [0x00000000f0000000, 0x00000000f8300000, 0x00000000f8300000)
  object space 134144K, 16% used [0x00000000f0000000,0x00000000f151cdb8,0x00000000f8300000)
 Metaspace       used 52585K, capacity 55720K, committed 55936K, reserved 1097728K
  class space    used 6444K, capacity 6992K, committed 7040K, reserved 1048576K
}
{Heap before GC invocations=40 (full 0):
 PSYoungGen      total 122368K, used 117056K [0x00000000f8300000, 0x0000000100000000, 0x0000000100000000)
  eden space 116736K, 100% used [0x00000000f8300000,0x00000000ff500000,0x00000000ff500000)
  from space 5632K, 5% used [0x00000000ff500000,0x00000000ff550000,0x00000000ffa80000)
  to   space 5120K, 0% used [0x00000000ffb00000,0x00000000ffb00000,0x0000000100000000)
 ParOldGen       total 134144K, used 21619K [0x00000000f0000000, 0x00000000f8300000, 0x00000000f8300000)
  object space 134144K, 16% used [0x00000000f0000000,0x00000000f151cdb8,0x00000000f8300000)
 Metaspace       used 52585K, capacity 55720K, committed 55936K, reserved 1097728K
  class space    used 6444K, capacity 6992K, committed 7040K, reserved 1048576K
2023-10-03T01:09:21.687+0800: 161.391: [GC (Allocation Failure) [PSYoungGen: 117056K->320K(123392K)] 138675K->21979K(257536K), 0.0056671 secs] [Times: user=0.02 sys=0.00, real=0.01 secs] 
Heap after GC invocations=40 (full 0):
 PSYoungGen      total 123392K, used 320K [0x00000000f8300000, 0x0000000100000000, 0x0000000100000000)
  eden space 118272K, 0% used [0x00000000f8300000,0x00000000f8300000,0x00000000ff680000)
  from space 5120K, 6% used [0x00000000ffb00000,0x00000000ffb50000,0x0000000100000000)
  to   space 4608K, 0% used [0x00000000ff680000,0x00000000ff680000,0x00000000ffb00000)
 ParOldGen       total 134144K, used 21659K [0x00000000f0000000, 0x00000000f8300000, 0x00000000f8300000)
  object space 134144K, 16% used [0x00000000f0000000,0x00000000f1526db8,0x00000000f8300000)
 Metaspace       used 52585K, capacity 55720K, committed 55936K, reserved 1097728K
  class space    used 6444K, capacity 6992K, committed 7040K, reserved 1048576K
}
{Heap before GC invocations=41 (full 0):
 PSYoungGen      total 123392K, used 118592K [0x00000000f8300000, 0x0000000100000000, 0x0000000100000000)
  eden space 118272K, 100% used [0x00000000f8300000,0x00000000ff680000,0x00000000ff680000)
  from space 5120K, 6% used [0x00000000ffb00000,0x00000000ffb50000,0x0000000100000000)
  to   space 4608K, 0% used [0x00000000ff680000,0x00000000ff680000,0x00000000ffb00000)
 ParOldGen       total 134144K, used 21659K [0x00000000f0000000, 0x00000000f8300000, 0x00000000f8300000)
  object space 134144K, 16% used [0x00000000f0000000,0x00000000f1526db8,0x00000000f8300000)
 Metaspace       used 52586K, capacity 55720K, committed 55936K, reserved 1097728K
  class space    used 6444K, capacity 6992K, committed 7040K, reserved 1048576K
2023-10-03T01:09:23.110+0800: 162.815: [GC (Allocation Failure) [PSYoungGen: 118592K->288K(122880K)] 140251K->21963K(257024K), 0.0018904 secs] [Times: user=0.01 sys=0.00, real=0.01 secs] 
Heap after GC invocations=41 (full 0):
 PSYoungGen      total 122880K, used 288K [0x00000000f8300000, 0x0000000100000000, 0x0000000100000000)
  eden space 118272K, 0% used [0x00000000f8300000,0x00000000f8300000,0x00000000ff680000)
  from space 4608K, 6% used [0x00000000ff680000,0x00000000ff6c8000,0x00000000ffb00000)
  to   space 4608K, 0% used [0x00000000ffb80000,0x00000000ffb80000,0x0000000100000000)
 ParOldGen       total 134144K, used 21675K [0x00000000f0000000, 0x00000000f8300000, 0x00000000f8300000)
  object space 134144K, 16% used [0x00000000f0000000,0x00000000f152adb8,0x00000000f8300000)
 Metaspace       used 52586K, capacity 55720K, committed 55936K, reserved 1097728K
  class space    used 6444K, capacity 6992K, committed 7040K, reserved 1048576K
}
{Heap before GC invocations=42 (full 0):
 PSYoungGen      total 122880K, used 118560K [0x00000000f8300000, 0x0000000100000000, 0x0000000100000000)
  eden space 118272K, 100% used [0x00000000f8300000,0x00000000ff680000,0x00000000ff680000)
  from space 4608K, 6% used [0x00000000ff680000,0x00000000ff6c8000,0x00000000ffb00000)
  to   space 4608K, 0% used [0x00000000ffb80000,0x00000000ffb80000,0x0000000100000000)
 ParOldGen       total 134144K, used 21675K [0x00000000f0000000, 0x00000000f8300000, 0x00000000f8300000)
  object space 134144K, 16% used [0x00000000f0000000,0x00000000f152adb8,0x00000000f8300000)
 Metaspace       used 52586K, capacity 55720K, committed 55936K, reserved 1097728K
  class space    used 6444K, capacity 6992K, committed 7040K, reserved 1048576K
2023-10-03T01:09:24.516+0800: 164.220: [GC (Allocation Failure) [PSYoungGen: 118560K->320K(123904K)] 140235K->22019K(258048K), 0.0052648 secs] [Times: user=0.02 sys=0.00, real=0.00 secs] 
Heap after GC invocations=42 (full 0):
 PSYoungGen      total 123904K, used 320K [0x00000000f8300000, 0x0000000100000000, 0x0000000100000000)
  eden space 119296K, 0% used [0x00000000f8300000,0x00000000f8300000,0x00000000ff780000)
  from space 4608K, 6% used [0x00000000ffb80000,0x00000000ffbd0000,0x0000000100000000)
  to   space 4096K, 0% used [0x00000000ff780000,0x00000000ff780000,0x00000000ffb80000)
 ParOldGen       total 134144K, used 21699K [0x00000000f0000000, 0x00000000f8300000, 0x00000000f8300000)
  object space 134144K, 16% used [0x00000000f0000000,0x00000000f1530db8,0x00000000f8300000)
 Metaspace       used 52586K, capacity 55720K, committed 55936K, reserved 1097728K
  class space    used 6444K, capacity 6992K, committed 7040K, reserved 1048576K
}
{Heap before GC invocations=43 (full 0):
 PSYoungGen      total 123904K, used 119616K [0x00000000f8300000, 0x0000000100000000, 0x0000000100000000)
  eden space 119296K, 100% used [0x00000000f8300000,0x00000000ff780000,0x00000000ff780000)
  from space 4608K, 6% used [0x00000000ffb80000,0x00000000ffbd0000,0x0000000100000000)
  to   space 4096K, 0% used [0x00000000ff780000,0x00000000ff780000,0x00000000ffb80000)
 ParOldGen       total 134144K, used 21699K [0x00000000f0000000, 0x00000000f8300000, 0x00000000f8300000)
  object space 134144K, 16% used [0x00000000f0000000,0x00000000f1530db8,0x00000000f8300000)
 Metaspace       used 52586K, capacity 55720K, committed 55936K, reserved 1097728K
  class space    used 6444K, capacity 6992K, committed 7040K, reserved 1048576K
2023-10-03T01:09:25.941+0800: 165.646: [GC (Allocation Failure) [PSYoungGen: 119616K->320K(123392K)] 141315K->22043K(257536K), 0.0056631 secs] [Times: user=0.02 sys=0.00, real=0.01 secs] 
Heap after GC invocations=43 (full 0):
 PSYoungGen      total 123392K, used 320K [0x00000000f8300000, 0x0000000100000000, 0x0000000100000000)
  eden space 119296K, 0% used [0x00000000f8300000,0x00000000f8300000,0x00000000ff780000)
  from space 4096K, 7% used [0x00000000ff780000,0x00000000ff7d0000,0x00000000ffb80000)
  to   space 3584K, 0% used [0x00000000ffc80000,0x00000000ffc80000,0x0000000100000000)
 ParOldGen       total 134144K, used 21723K [0x00000000f0000000, 0x00000000f8300000, 0x00000000f8300000)
  object space 134144K, 16% used [0x00000000f0000000,0x00000000f1536db8,0x00000000f8300000)
 Metaspace       used 52586K, capacity 55720K, committed 55936K, reserved 1097728K
  class space    used 6444K, capacity 6992K, committed 7040K, reserved 1048576K
}
{Heap before GC invocations=44 (full 0):
 PSYoungGen      total 123392K, used 119616K [0x00000000f8300000, 0x0000000100000000, 0x0000000100000000)
  eden space 119296K, 100% used [0x00000000f8300000,0x00000000ff780000,0x00000000ff780000)
  from space 4096K, 7% used [0x00000000ff780000,0x00000000ff7d0000,0x00000000ffb80000)
  to   space 3584K, 0% used [0x00000000ffc80000,0x00000000ffc80000,0x0000000100000000)
 ParOldGen       total 134144K, used 21723K [0x00000000f0000000, 0x00000000f8300000, 0x00000000f8300000)
  object space 134144K, 16% used [0x00000000f0000000,0x00000000f1536db8,0x00000000f8300000)
 Metaspace       used 52586K, capacity 55720K, committed 55936K, reserved 1097728K
  class space    used 6444K, capacity 6992K, committed 7040K, reserved 1048576K
2023-10-03T01:09:27.389+0800: 167.093: [GC (Allocation Failure) [PSYoungGen: 119616K->288K(124416K)] 141339K->22019K(258560K), 0.0055666 secs] [Times: user=0.01 sys=0.01, real=0.02 secs] 
Heap after GC invocations=44 (full 0):
 PSYoungGen      total 124416K, used 288K [0x00000000f8300000, 0x0000000100000000, 0x0000000100000000)
  eden space 120832K, 0% used [0x00000000f8300000,0x00000000f8300000,0x00000000ff900000)
  from space 3584K, 8% used [0x00000000ffc80000,0x00000000ffcc8000,0x0000000100000000)
  to   space 3584K, 0% used [0x00000000ff900000,0x00000000ff900000,0x00000000ffc80000)
 ParOldGen       total 134144K, used 21731K [0x00000000f0000000, 0x00000000f8300000, 0x00000000f8300000)
  object space 134144K, 16% used [0x00000000f0000000,0x00000000f1538db8,0x00000000f8300000)
 Metaspace       used 52586K, capacity 55720K, committed 55936K, reserved 1097728K
  class space    used 6444K, capacity 6992K, committed 7040K, reserved 1048576K
}
{Heap before GC invocations=45 (full 0):
 PSYoungGen      total 124416K, used 121120K [0x00000000f8300000, 0x0000000100000000, 0x0000000100000000)
  eden space 120832K, 100% used [0x00000000f8300000,0x00000000ff900000,0x00000000ff900000)
  from space 3584K, 8% used [0x00000000ffc80000,0x00000000ffcc8000,0x0000000100000000)
  to   space 3584K, 0% used [0x00000000ff900000,0x00000000ff900000,0x00000000ffc80000)
 ParOldGen       total 134144K, used 21731K [0x00000000f0000000, 0x00000000f8300000, 0x00000000f8300000)
  object space 134144K, 16% used [0x00000000f0000000,0x00000000f1538db8,0x00000000f8300000)
 Metaspace       used 52601K, capacity 55724K, committed 55936K, reserved 1097728K
  class space    used 6444K, capacity 6992K, committed 7040K, reserved 1048576K
2023-10-03T01:09:28.829+0800: 168.533: [GC (Allocation Failure) [PSYoungGen: 121120K->352K(124416K)] 142851K->22091K(258560K), 0.0056709 secs] [Times: user=0.02 sys=0.01, real=0.01 secs] 
Heap after GC invocations=45 (full 0):
 PSYoungGen      total 124416K, used 352K [0x00000000f8300000, 0x0000000100000000, 0x0000000100000000)
  eden space 120832K, 0% used [0x00000000f8300000,0x00000000f8300000,0x00000000ff900000)
  from space 3584K, 9% used [0x00000000ff900000,0x00000000ff958000,0x00000000ffc80000)
  to   space 3584K, 0% used [0x00000000ffc80000,0x00000000ffc80000,0x0000000100000000)
 ParOldGen       total 134144K, used 21739K [0x00000000f0000000, 0x00000000f8300000, 0x00000000f8300000)
  object space 134144K, 16% used [0x00000000f0000000,0x00000000f153adb8,0x00000000f8300000)
 Metaspace       used 52601K, capacity 55724K, committed 55936K, reserved 1097728K
  class space    used 6444K, capacity 6992K, committed 7040K, reserved 1048576K
}
{Heap before GC invocations=46 (full 0):
 PSYoungGen      total 124416K, used 121184K [0x00000000f8300000, 0x0000000100000000, 0x0000000100000000)
  eden space 120832K, 100% used [0x00000000f8300000,0x00000000ff900000,0x00000000ff900000)
  from space 3584K, 9% used [0x00000000ff900000,0x00000000ff958000,0x00000000ffc80000)
  to   space 3584K, 0% used [0x00000000ffc80000,0x00000000ffc80000,0x0000000100000000)
 ParOldGen       total 134144K, used 21739K [0x00000000f0000000, 0x00000000f8300000, 0x00000000f8300000)
  object space 134144K, 16% used [0x00000000f0000000,0x00000000f153adb8,0x00000000f8300000)
 Metaspace       used 52602K, capacity 55724K, committed 55936K, reserved 1097728K
  class space    used 6444K, capacity 6992K, committed 7040K, reserved 1048576K
2023-10-03T01:09:30.295+0800: 170.000: [GC (Allocation Failure) [PSYoungGen: 121184K->320K(124928K)] 142923K->22139K(259072K), 0.0014487 secs] [Times: user=0.00 sys=0.00, real=0.00 secs] 
Heap after GC invocations=46 (full 0):
 PSYoungGen      total 124928K, used 320K [0x00000000f8300000, 0x0000000100000000, 0x0000000100000000)
  eden space 121344K, 0% used [0x00000000f8300000,0x00000000f8300000,0x00000000ff980000)
  from space 3584K, 8% used [0x00000000ffc80000,0x00000000ffcd0000,0x0000000100000000)
  to   space 3072K, 0% used [0x00000000ff980000,0x00000000ff980000,0x00000000ffc80000)
 ParOldGen       total 134144K, used 21819K [0x00000000f0000000, 0x00000000f8300000, 0x00000000f8300000)
  object space 134144K, 16% used [0x00000000f0000000,0x00000000f154ec58,0x00000000f8300000)
 Metaspace       used 52602K, capacity 55724K, committed 55936K, reserved 1097728K
  class space    used 6444K, capacity 6992K, committed 7040K, reserved 1048576K
}
{Heap before GC invocations=47 (full 0):
 PSYoungGen      total 124928K, used 121664K [0x00000000f8300000, 0x0000000100000000, 0x0000000100000000)
  eden space 121344K, 100% used [0x00000000f8300000,0x00000000ff980000,0x00000000ff980000)
  from space 3584K, 8% used [0x00000000ffc80000,0x00000000ffcd0000,0x0000000100000000)
  to   space 3072K, 0% used [0x00000000ff980000,0x00000000ff980000,0x00000000ffc80000)
 ParOldGen       total 134144K, used 21819K [0x00000000f0000000, 0x00000000f8300000, 0x00000000f8300000)
  object space 134144K, 16% used [0x00000000f0000000,0x00000000f154ec58,0x00000000f8300000)
 Metaspace       used 52603K, capacity 55724K, committed 55936K, reserved 1097728K
  class space    used 6444K, capacity 6992K, committed 7040K, reserved 1048576K
2023-10-03T01:09:31.731+0800: 171.435: [GC (Allocation Failure) [PSYoungGen: 121664K->288K(124416K)] 143483K->22123K(258560K), 0.0054519 secs] [Times: user=0.02 sys=0.00, real=0.01 secs] 
Heap after GC invocations=47 (full 0):
 PSYoungGen      total 124416K, used 288K [0x00000000f8300000, 0x0000000100000000, 0x0000000100000000)
  eden space 121344K, 0% used [0x00000000f8300000,0x00000000f8300000,0x00000000ff980000)
  from space 3072K, 9% used [0x00000000ff980000,0x00000000ff9c8000,0x00000000ffc80000)
  to   space 3072K, 0% used [0x00000000ffd00000,0x00000000ffd00000,0x0000000100000000)
 ParOldGen       total 134144K, used 21835K [0x00000000f0000000, 0x00000000f8300000, 0x00000000f8300000)
  object space 134144K, 16% used [0x00000000f0000000,0x00000000f1552c58,0x00000000f8300000)
 Metaspace       used 52603K, capacity 55724K, committed 55936K, reserved 1097728K
  class space    used 6444K, capacity 6992K, committed 7040K, reserved 1048576K
}
{Heap before GC invocations=48 (full 0):
 PSYoungGen      total 124416K, used 121632K [0x00000000f8300000, 0x0000000100000000, 0x0000000100000000)
  eden space 121344K, 100% used [0x00000000f8300000,0x00000000ff980000,0x00000000ff980000)
  from space 3072K, 9% used [0x00000000ff980000,0x00000000ff9c8000,0x00000000ffc80000)
  to   space 3072K, 0% used [0x00000000ffd00000,0x00000000ffd00000,0x0000000100000000)
 ParOldGen       total 134144K, used 21835K [0x00000000f0000000, 0x00000000f8300000, 0x00000000f8300000)
  object space 134144K, 16% used [0x00000000f0000000,0x00000000f1552c58,0x00000000f8300000)
 Metaspace       used 52609K, capacity 55724K, committed 55936K, reserved 1097728K
  class space    used 6444K, capacity 6992K, committed 7040K, reserved 1048576K
2023-10-03T01:09:33.149+0800: 172.854: [GC (Allocation Failure) [PSYoungGen: 121632K->288K(125440K)] 143467K->22139K(259584K), 0.0058116 secs] [Times: user=0.02 sys=0.00, real=0.01 secs] 
Heap after GC invocations=48 (full 0):
 PSYoungGen      total 125440K, used 288K [0x00000000f8300000, 0x0000000100000000, 0x0000000100000000)
  eden space 122368K, 0% used [0x00000000f8300000,0x00000000f8300000,0x00000000ffa80000)
  from space 3072K, 9% used [0x00000000ffd00000,0x00000000ffd48000,0x0000000100000000)
  to   space 2560K, 0% used [0x00000000ffa80000,0x00000000ffa80000,0x00000000ffd00000)
 ParOldGen       total 134144K, used 21851K [0x00000000f0000000, 0x00000000f8300000, 0x00000000f8300000)
  object space 134144K, 16% used [0x00000000f0000000,0x00000000f1556c58,0x00000000f8300000)
 Metaspace       used 52609K, capacity 55724K, committed 55936K, reserved 1097728K
  class space    used 6444K, capacity 6992K, committed 7040K, reserved 1048576K
}
{Heap before GC invocations=49 (full 0):
 PSYoungGen      total 125440K, used 122656K [0x00000000f8300000, 0x0000000100000000, 0x0000000100000000)
  eden space 122368K, 100% used [0x00000000f8300000,0x00000000ffa80000,0x00000000ffa80000)
  from space 3072K, 9% used [0x00000000ffd00000,0x00000000ffd48000,0x0000000100000000)
  to   space 2560K, 0% used [0x00000000ffa80000,0x00000000ffa80000,0x00000000ffd00000)
 ParOldGen       total 134144K, used 21851K [0x00000000f0000000, 0x00000000f8300000, 0x00000000f8300000)
  object space 134144K, 16% used [0x00000000f0000000,0x00000000f1556c58,0x00000000f8300000)
 Metaspace       used 52610K, capacity 55724K, committed 55936K, reserved 1097728K
  class space    used 6444K, capacity 6992K, committed 7040K, reserved 1048576K
2023-10-03T01:09:34.640+0800: 174.344: [GC (Allocation Failure) [PSYoungGen: 122656K->288K(124928K)] 144507K->22179K(259072K), 0.0053647 secs] [Times: user=0.02 sys=0.01, real=0.01 secs] 
Heap after GC invocations=49 (full 0):
 PSYoungGen      total 124928K, used 288K [0x00000000f8300000, 0x0000000100000000, 0x0000000100000000)
  eden space 122368K, 0% used [0x00000000f8300000,0x00000000f8300000,0x00000000ffa80000)
  from space 2560K, 11% used [0x00000000ffa80000,0x00000000ffac8000,0x00000000ffd00000)
  to   space 2560K, 0% used [0x00000000ffd80000,0x00000000ffd80000,0x0000000100000000)
 ParOldGen       total 134144K, used 21891K [0x00000000f0000000, 0x00000000f8300000, 0x00000000f8300000)
  object space 134144K, 16% used [0x00000000f0000000,0x00000000f1560c58,0x00000000f8300000)
 Metaspace       used 52610K, capacity 55724K, committed 55936K, reserved 1097728K
  class space    used 6444K, capacity 6992K, committed 7040K, reserved 1048576K
}
{Heap before GC invocations=50 (full 0):
 PSYoungGen      total 124928K, used 122656K [0x00000000f8300000, 0x0000000100000000, 0x0000000100000000)
  eden space 122368K, 100% used [0x00000000f8300000,0x00000000ffa80000,0x00000000ffa80000)
  from space 2560K, 11% used [0x00000000ffa80000,0x00000000ffac8000,0x00000000ffd00000)
  to   space 2560K, 0% used [0x00000000ffd80000,0x00000000ffd80000,0x0000000100000000)
 ParOldGen       total 134144K, used 21891K [0x00000000f0000000, 0x00000000f8300000, 0x00000000f8300000)
  object space 134144K, 16% used [0x00000000f0000000,0x00000000f1560c58,0x00000000f8300000)
 Metaspace       used 52610K, capacity 55724K, committed 55936K, reserved 1097728K
  class space    used 6444K, capacity 6992K, committed 7040K, reserved 1048576K
2023-10-03T01:09:36.140+0800: 175.845: [GC (Allocation Failure) [PSYoungGen: 122656K->288K(125440K)] 144547K->22187K(259584K), 0.0048933 secs] [Times: user=0.02 sys=0.00, real=0.01 secs] 
Heap after GC invocations=50 (full 0):
 PSYoungGen      total 125440K, used 288K [0x00000000f8300000, 0x0000000100000000, 0x0000000100000000)
  eden space 122880K, 0% used [0x00000000f8300000,0x00000000f8300000,0x00000000ffb00000)
  from space 2560K, 11% used [0x00000000ffd80000,0x00000000ffdc8000,0x0000000100000000)
  to   space 2560K, 0% used [0x00000000ffb00000,0x00000000ffb00000,0x00000000ffd80000)
 ParOldGen       total 134144K, used 21899K [0x00000000f0000000, 0x00000000f8300000, 0x00000000f8300000)
  object space 134144K, 16% used [0x00000000f0000000,0x00000000f1562c58,0x00000000f8300000)
 Metaspace       used 52610K, capacity 55724K, committed 55936K, reserved 1097728K
  class space    used 6444K, capacity 6992K, committed 7040K, reserved 1048576K
}
{Heap before GC invocations=51 (full 0):
 PSYoungGen      total 125440K, used 123168K [0x00000000f8300000, 0x0000000100000000, 0x0000000100000000)
  eden space 122880K, 100% used [0x00000000f8300000,0x00000000ffb00000,0x00000000ffb00000)
  from space 2560K, 11% used [0x00000000ffd80000,0x00000000ffdc8000,0x0000000100000000)
  to   space 2560K, 0% used [0x00000000ffb00000,0x00000000ffb00000,0x00000000ffd80000)
 ParOldGen       total 134144K, used 21899K [0x00000000f0000000, 0x00000000f8300000, 0x00000000f8300000)
  object space 134144K, 16% used [0x00000000f0000000,0x00000000f1562c58,0x00000000f8300000)
 Metaspace       used 52610K, capacity 55724K, committed 55936K, reserved 1097728K
  class space    used 6444K, capacity 6992K, committed 7040K, reserved 1048576K
2023-10-03T01:09:37.630+0800: 177.334: [GC (Allocation Failure) [PSYoungGen: 123168K->320K(125440K)] 145067K->22227K(259584K), 0.0014212 secs] [Times: user=0.01 sys=0.00, real=0.00 secs] 
Heap after GC invocations=51 (full 0):
 PSYoungGen      total 125440K, used 320K [0x00000000f8300000, 0x0000000100000000, 0x0000000100000000)
  eden space 122880K, 0% used [0x00000000f8300000,0x00000000f8300000,0x00000000ffb00000)
  from space 2560K, 12% used [0x00000000ffb00000,0x00000000ffb50000,0x00000000ffd80000)
  to   space 2048K, 0% used [0x00000000ffe00000,0x00000000ffe00000,0x0000000100000000)
 ParOldGen       total 134144K, used 21907K [0x00000000f0000000, 0x00000000f8300000, 0x00000000f8300000)
  object space 134144K, 16% used [0x00000000f0000000,0x00000000f1564c58,0x00000000f8300000)
 Metaspace       used 52610K, capacity 55724K, committed 55936K, reserved 1097728K
  class space    used 6444K, capacity 6992K, committed 7040K, reserved 1048576K
}
{Heap before GC invocations=52 (full 0):
 PSYoungGen      total 125440K, used 123200K [0x00000000f8300000, 0x0000000100000000, 0x0000000100000000)
  eden space 122880K, 100% used [0x00000000f8300000,0x00000000ffb00000,0x00000000ffb00000)
  from space 2560K, 12% used [0x00000000ffb00000,0x00000000ffb50000,0x00000000ffd80000)
  to   space 2048K, 0% used [0x00000000ffe00000,0x00000000ffe00000,0x0000000100000000)
 ParOldGen       total 134144K, used 21907K [0x00000000f0000000, 0x00000000f8300000, 0x00000000f8300000)
  object space 134144K, 16% used [0x00000000f0000000,0x00000000f1564c58,0x00000000f8300000)
 Metaspace       used 52612K, capacity 55724K, committed 55936K, reserved 1097728K
  class space    used 6444K, capacity 6992K, committed 7040K, reserved 1048576K
2023-10-03T01:09:39.065+0800: 178.769: [GC (Allocation Failure) [PSYoungGen: 123200K->288K(125952K)] 145107K->22211K(260096K), 0.0056564 secs] [Times: user=0.02 sys=0.00, real=0.00 secs] 
Heap after GC invocations=52 (full 0):
 PSYoungGen      total 125952K, used 288K [0x00000000f8300000, 0x0000000100000000, 0x0000000100000000)
  eden space 123904K, 0% used [0x00000000f8300000,0x00000000f8300000,0x00000000ffc00000)
  from space 2048K, 14% used [0x00000000ffe00000,0x00000000ffe48000,0x0000000100000000)
  to   space 2048K, 0% used [0x00000000ffc00000,0x00000000ffc00000,0x00000000ffe00000)
 ParOldGen       total 134144K, used 21923K [0x00000000f0000000, 0x00000000f8300000, 0x00000000f8300000)
  object space 134144K, 16% used [0x00000000f0000000,0x00000000f1568c58,0x00000000f8300000)
 Metaspace       used 52612K, capacity 55724K, committed 55936K, reserved 1097728K
  class space    used 6444K, capacity 6992K, committed 7040K, reserved 1048576K
}
{Heap before GC invocations=53 (full 0):
 PSYoungGen      total 125952K, used 124192K [0x00000000f8300000, 0x0000000100000000, 0x0000000100000000)
  eden space 123904K, 100% used [0x00000000f8300000,0x00000000ffc00000,0x00000000ffc00000)
  from space 2048K, 14% used [0x00000000ffe00000,0x00000000ffe48000,0x0000000100000000)
  to   space 2048K, 0% used [0x00000000ffc00000,0x00000000ffc00000,0x00000000ffe00000)
 ParOldGen       total 134144K, used 21923K [0x00000000f0000000, 0x00000000f8300000, 0x00000000f8300000)
  object space 134144K, 16% used [0x00000000f0000000,0x00000000f1568c58,0x00000000f8300000)
 Metaspace       used 52615K, capacity 55724K, committed 55936K, reserved 1097728K
  class space    used 6444K, capacity 6992K, committed 7040K, reserved 1048576K
2023-10-03T01:09:40.532+0800: 180.237: [GC (Allocation Failure) [PSYoungGen: 124192K->320K(125952K)] 146115K->22259K(260096K), 0.0054415 secs] [Times: user=0.01 sys=0.01, real=0.00 secs] 
Heap after GC invocations=53 (full 0):
 PSYoungGen      total 125952K, used 320K [0x00000000f8300000, 0x0000000100000000, 0x0000000100000000)
  eden space 123904K, 0% used [0x00000000f8300000,0x00000000f8300000,0x00000000ffc00000)
  from space 2048K, 15% used [0x00000000ffc00000,0x00000000ffc50000,0x00000000ffe00000)
  to   space 2048K, 0% used [0x00000000ffe00000,0x00000000ffe00000,0x0000000100000000)
 ParOldGen       total 134144K, used 21939K [0x00000000f0000000, 0x00000000f8300000, 0x00000000f8300000)
  object space 134144K, 16% used [0x00000000f0000000,0x00000000f156cc58,0x00000000f8300000)
 Metaspace       used 52615K, capacity 55724K, committed 55936K, reserved 1097728K
  class space    used 6444K, capacity 6992K, committed 7040K, reserved 1048576K
}
{Heap before GC invocations=54 (full 0):
 PSYoungGen      total 125952K, used 124224K [0x00000000f8300000, 0x0000000100000000, 0x0000000100000000)
  eden space 123904K, 100% used [0x00000000f8300000,0x00000000ffc00000,0x00000000ffc00000)
  from space 2048K, 15% used [0x00000000ffc00000,0x00000000ffc50000,0x00000000ffe00000)
  to   space 2048K, 0% used [0x00000000ffe00000,0x00000000ffe00000,0x0000000100000000)
 ParOldGen       total 134144K, used 21939K [0x00000000f0000000, 0x00000000f8300000, 0x00000000f8300000)
  object space 134144K, 16% used [0x00000000f0000000,0x00000000f156cc58,0x00000000f8300000)
 Metaspace       used 52616K, capacity 55724K, committed 55936K, reserved 1097728K
  class space    used 6444K, capacity 6992K, committed 7040K, reserved 1048576K
2023-10-03T01:09:42.040+0800: 181.744: [GC (Allocation Failure) [PSYoungGen: 124224K->320K(125952K)] 146163K->22267K(260096K), 0.0055291 secs] [Times: user=0.02 sys=0.00, real=0.01 secs] 
Heap after GC invocations=54 (full 0):
 PSYoungGen      total 125952K, used 320K [0x00000000f8300000, 0x0000000100000000, 0x0000000100000000)
  eden space 123904K, 0% used [0x00000000f8300000,0x00000000f8300000,0x00000000ffc00000)
  from space 2048K, 15% used [0x00000000ffe00000,0x00000000ffe50000,0x0000000100000000)
  to   space 2048K, 0% used [0x00000000ffc00000,0x00000000ffc00000,0x00000000ffe00000)
 ParOldGen       total 134144K, used 21947K [0x00000000f0000000, 0x00000000f8300000, 0x00000000f8300000)
  object space 134144K, 16% used [0x00000000f0000000,0x00000000f156ec58,0x00000000f8300000)
 Metaspace       used 52616K, capacity 55724K, committed 55936K, reserved 1097728K
  class space    used 6444K, capacity 6992K, committed 7040K, reserved 1048576K
}
{Heap before GC invocations=55 (full 0):
 PSYoungGen      total 125952K, used 124224K [0x00000000f8300000, 0x0000000100000000, 0x0000000100000000)
  eden space 123904K, 100% used [0x00000000f8300000,0x00000000ffc00000,0x00000000ffc00000)
  from space 2048K, 15% used [0x00000000ffe00000,0x00000000ffe50000,0x0000000100000000)
  to   space 2048K, 0% used [0x00000000ffc00000,0x00000000ffc00000,0x00000000ffe00000)
 ParOldGen       total 134144K, used 21947K [0x00000000f0000000, 0x00000000f8300000, 0x00000000f8300000)
  object space 134144K, 16% used [0x00000000f0000000,0x00000000f156ec58,0x00000000f8300000)
 Metaspace       used 52625K, capacity 55724K, committed 55936K, reserved 1097728K
  class space    used 6444K, capacity 6992K, committed 7040K, reserved 1048576K
2023-10-03T01:09:43.547+0800: 183.251: [GC (Allocation Failure) [PSYoungGen: 124224K->288K(125952K)] 146171K->22243K(260096K), 0.0051113 secs] [Times: user=0.03 sys=0.00, real=0.01 secs] 
Heap after GC invocations=55 (full 0):
 PSYoungGen      total 125952K, used 288K [0x00000000f8300000, 0x0000000100000000, 0x0000000100000000)
  eden space 123904K, 0% used [0x00000000f8300000,0x00000000f8300000,0x00000000ffc00000)
  from space 2048K, 14% used [0x00000000ffc00000,0x00000000ffc48000,0x00000000ffe00000)
  to   space 1536K, 0% used [0x00000000ffe80000,0x00000000ffe80000,0x0000000100000000)
 ParOldGen       total 134144K, used 21955K [0x00000000f0000000, 0x00000000f8300000, 0x00000000f8300000)
  object space 134144K, 16% used [0x00000000f0000000,0x00000000f1570c58,0x00000000f8300000)
 Metaspace       used 52625K, capacity 55724K, committed 55936K, reserved 1097728K
  class space    used 6444K, capacity 6992K, committed 7040K, reserved 1048576K
}
{Heap before GC invocations=56 (full 0):
 PSYoungGen      total 125952K, used 124192K [0x00000000f8300000, 0x0000000100000000, 0x0000000100000000)
  eden space 123904K, 100% used [0x00000000f8300000,0x00000000ffc00000,0x00000000ffc00000)
  from space 2048K, 14% used [0x00000000ffc00000,0x00000000ffc48000,0x00000000ffe00000)
  to   space 1536K, 0% used [0x00000000ffe80000,0x00000000ffe80000,0x0000000100000000)
 ParOldGen       total 134144K, used 21955K [0x00000000f0000000, 0x00000000f8300000, 0x00000000f8300000)
  object space 134144K, 16% used [0x00000000f0000000,0x00000000f1570c58,0x00000000f8300000)
 Metaspace       used 52625K, capacity 55724K, committed 55936K, reserved 1097728K
  class space    used 6444K, capacity 6992K, committed 7040K, reserved 1048576K
2023-10-03T01:09:44.999+0800: 184.703: [GC (Allocation Failure) [PSYoungGen: 124192K->320K(126464K)] 146147K->22307K(260608K), 0.0055437 secs] [Times: user=0.02 sys=0.00, real=0.01 secs] 
Heap after GC invocations=56 (full 0):
 PSYoungGen      total 126464K, used 320K [0x00000000f8300000, 0x0000000100000000, 0x0000000100000000)
  eden space 124928K, 0% used [0x00000000f8300000,0x00000000f8300000,0x00000000ffd00000)
  from space 1536K, 20% used [0x00000000ffe80000,0x00000000ffed0000,0x0000000100000000)
  to   space 1536K, 0% used [0x00000000ffd00000,0x00000000ffd00000,0x00000000ffe80000)
 ParOldGen       total 134144K, used 21987K [0x00000000f0000000, 0x00000000f8300000, 0x00000000f8300000)
  object space 134144K, 16% used [0x00000000f0000000,0x00000000f1578c58,0x00000000f8300000)
 Metaspace       used 52625K, capacity 55724K, committed 55936K, reserved 1097728K
  class space    used 6444K, capacity 6992K, committed 7040K, reserved 1048576K
}
{Heap before GC invocations=57 (full 0):
 PSYoungGen      total 126464K, used 125248K [0x00000000f8300000, 0x0000000100000000, 0x0000000100000000)
  eden space 124928K, 100% used [0x00000000f8300000,0x00000000ffd00000,0x00000000ffd00000)
  from space 1536K, 20% used [0x00000000ffe80000,0x00000000ffed0000,0x0000000100000000)
  to   space 1536K, 0% used [0x00000000ffd00000,0x00000000ffd00000,0x00000000ffe80000)
 ParOldGen       total 134144K, used 21987K [0x00000000f0000000, 0x00000000f8300000, 0x00000000f8300000)
  object space 134144K, 16% used [0x00000000f0000000,0x00000000f1578c58,0x00000000f8300000)
 Metaspace       used 52625K, capacity 55724K, committed 55936K, reserved 1097728K
  class space    used 6444K, capacity 6992K, committed 7040K, reserved 1048576K
2023-10-03T01:09:46.489+0800: 186.194: [GC (Allocation Failure) [PSYoungGen: 125248K->320K(126464K)] 147235K->22315K(260608K), 0.0057148 secs] [Times: user=0.03 sys=0.00, real=0.01 secs] 
Heap after GC invocations=57 (full 0):
 PSYoungGen      total 126464K, used 320K [0x00000000f8300000, 0x0000000100000000, 0x0000000100000000)
  eden space 124928K, 0% used [0x00000000f8300000,0x00000000f8300000,0x00000000ffd00000)
  from space 1536K, 20% used [0x00000000ffd00000,0x00000000ffd50000,0x00000000ffe80000)
  to   space 1536K, 0% used [0x00000000ffe80000,0x00000000ffe80000,0x0000000100000000)
 ParOldGen       total 134144K, used 21995K [0x00000000f0000000, 0x00000000f8300000, 0x00000000f8300000)
  object space 134144K, 16% used [0x00000000f0000000,0x00000000f157ac58,0x00000000f8300000)
 Metaspace       used 52625K, capacity 55724K, committed 55936K, reserved 1097728K
  class space    used 6444K, capacity 6992K, committed 7040K, reserved 1048576K
}
{Heap before GC invocations=58 (full 0):
 PSYoungGen      total 126464K, used 125248K [0x00000000f8300000, 0x0000000100000000, 0x0000000100000000)
  eden space 124928K, 100% used [0x00000000f8300000,0x00000000ffd00000,0x00000000ffd00000)
  from space 1536K, 20% used [0x00000000ffd00000,0x00000000ffd50000,0x00000000ffe80000)
  to   space 1536K, 0% used [0x00000000ffe80000,0x00000000ffe80000,0x0000000100000000)
 ParOldGen       total 134144K, used 21995K [0x00000000f0000000, 0x00000000f8300000, 0x00000000f8300000)
  object space 134144K, 16% used [0x00000000f0000000,0x00000000f157ac58,0x00000000f8300000)
 Metaspace       used 52625K, capacity 55724K, committed 55936K, reserved 1097728K
  class space    used 6444K, capacity 6992K, committed 7040K, reserved 1048576K
2023-10-03T01:09:47.926+0800: 187.630: [GC (Allocation Failure) [PSYoungGen: 125248K->320K(126464K)] 147243K->22331K(260608K), 0.0055532 secs] [Times: user=0.02 sys=0.01, real=0.00 secs] 
Heap after GC invocations=58 (full 0):
 PSYoungGen      total 126464K, used 320K [0x00000000f8300000, 0x0000000100000000, 0x0000000100000000)
  eden space 124928K, 0% used [0x00000000f8300000,0x00000000f8300000,0x00000000ffd00000)
  from space 1536K, 20% used [0x00000000ffe80000,0x00000000ffed0000,0x0000000100000000)
  to   space 1536K, 0% used [0x00000000ffd00000,0x00000000ffd00000,0x00000000ffe80000)
 ParOldGen       total 134144K, used 22011K [0x00000000f0000000, 0x00000000f8300000, 0x00000000f8300000)
  object space 134144K, 16% used [0x00000000f0000000,0x00000000f157ec58,0x00000000f8300000)
 Metaspace       used 52625K, capacity 55724K, committed 55936K, reserved 1097728K
  class space    used 6444K, capacity 6992K, committed 7040K, reserved 1048576K
}
{Heap before GC invocations=59 (full 0):
 PSYoungGen      total 126464K, used 125248K [0x00000000f8300000, 0x0000000100000000, 0x0000000100000000)
  eden space 124928K, 100% used [0x00000000f8300000,0x00000000ffd00000,0x00000000ffd00000)
  from space 1536K, 20% used [0x00000000ffe80000,0x00000000ffed0000,0x0000000100000000)
  to   space 1536K, 0% used [0x00000000ffd00000,0x00000000ffd00000,0x00000000ffe80000)
 ParOldGen       total 134144K, used 22011K [0x00000000f0000000, 0x00000000f8300000, 0x00000000f8300000)
  object space 134144K, 16% used [0x00000000f0000000,0x00000000f157ec58,0x00000000f8300000)
 Metaspace       used 52627K, capacity 55724K, committed 55936K, reserved 1097728K
  class space    used 6444K, capacity 6992K, committed 7040K, reserved 1048576K
2023-10-03T01:09:49.470+0800: 189.174: [GC (Allocation Failure) [PSYoungGen: 125248K->320K(126464K)] 147259K->22347K(260608K), 0.0054815 secs] [Times: user=0.03 sys=0.00, real=0.01 secs] 
Heap after GC invocations=59 (full 0):
 PSYoungGen      total 126464K, used 320K [0x00000000f8300000, 0x0000000100000000, 0x0000000100000000)
  eden space 124928K, 0% used [0x00000000f8300000,0x00000000f8300000,0x00000000ffd00000)
  from space 1536K, 20% used [0x00000000ffd00000,0x00000000ffd50000,0x00000000ffe80000)
  to   space 1536K, 0% used [0x00000000ffe80000,0x00000000ffe80000,0x0000000100000000)
 ParOldGen       total 134144K, used 22027K [0x00000000f0000000, 0x00000000f8300000, 0x00000000f8300000)
  object space 134144K, 16% used [0x00000000f0000000,0x00000000f1582c58,0x00000000f8300000)
 Metaspace       used 52627K, capacity 55724K, committed 55936K, reserved 1097728K
  class space    used 6444K, capacity 6992K, committed 7040K, reserved 1048576K
}
{Heap before GC invocations=60 (full 0):
 PSYoungGen      total 126464K, used 125248K [0x00000000f8300000, 0x0000000100000000, 0x0000000100000000)
  eden space 124928K, 100% used [0x00000000f8300000,0x00000000ffd00000,0x00000000ffd00000)
  from space 1536K, 20% used [0x00000000ffd00000,0x00000000ffd50000,0x00000000ffe80000)
  to   space 1536K, 0% used [0x00000000ffe80000,0x00000000ffe80000,0x0000000100000000)
 ParOldGen       total 134144K, used 22027K [0x00000000f0000000, 0x00000000f8300000, 0x00000000f8300000)
  object space 134144K, 16% used [0x00000000f0000000,0x00000000f1582c58,0x00000000f8300000)
 Metaspace       used 52629K, capacity 55724K, committed 55936K, reserved 1097728K
  class space    used 6444K, capacity 6992K, committed 7040K, reserved 1048576K
2023-10-03T01:09:51.667+0800: 191.371: [GC (Allocation Failure) [PSYoungGen: 125248K->288K(126464K)] 147275K->22323K(260608K), 0.0013562 secs] [Times: user=0.01 sys=0.00, real=0.00 secs] 
Heap after GC invocations=60 (full 0):
 PSYoungGen      total 126464K, used 288K [0x00000000f8300000, 0x0000000100000000, 0x0000000100000000)
  eden space 124928K, 0% used [0x00000000f8300000,0x00000000f8300000,0x00000000ffd00000)
  from space 1536K, 18% used [0x00000000ffe80000,0x00000000ffec8000,0x0000000100000000)
  to   space 1536K, 0% used [0x00000000ffd00000,0x00000000ffd00000,0x00000000ffe80000)
 ParOldGen       total 134144K, used 22035K [0x00000000f0000000, 0x00000000f8300000, 0x00000000f8300000)
  object space 134144K, 16% used [0x00000000f0000000,0x00000000f1584c58,0x00000000f8300000)
 Metaspace       used 52629K, capacity 55724K, committed 55936K, reserved 1097728K
  class space    used 6444K, capacity 6992K, committed 7040K, reserved 1048576K
}
{Heap before GC invocations=61 (full 0):
 PSYoungGen      total 126464K, used 125216K [0x00000000f8300000, 0x0000000100000000, 0x0000000100000000)
  eden space 124928K, 100% used [0x00000000f8300000,0x00000000ffd00000,0x00000000ffd00000)
  from space 1536K, 18% used [0x00000000ffe80000,0x00000000ffec8000,0x0000000100000000)
  to   space 1536K, 0% used [0x00000000ffd00000,0x00000000ffd00000,0x00000000ffe80000)
 ParOldGen       total 134144K, used 22035K [0x00000000f0000000, 0x00000000f8300000, 0x00000000f8300000)
  object space 134144K, 16% used [0x00000000f0000000,0x00000000f1584c58,0x00000000f8300000)
 Metaspace       used 52656K, capacity 55788K, committed 55936K, reserved 1097728K
  class space    used 6444K, capacity 6992K, committed 7040K, reserved 1048576K
2023-10-03T01:09:52.718+0800: 192.422: [GC (Allocation Failure) [PSYoungGen: 125216K->880K(126464K)] 147251K->22923K(260608K), 0.0060145 secs] [Times: user=0.03 sys=0.00, real=0.01 secs] 
Heap after GC invocations=61 (full 0):
 PSYoungGen      total 126464K, used 880K [0x00000000f8300000, 0x0000000100000000, 0x0000000100000000)
  eden space 124928K, 0% used [0x00000000f8300000,0x00000000f8300000,0x00000000ffd00000)
  from space 1536K, 57% used [0x00000000ffd00000,0x00000000ffddc050,0x00000000ffe80000)
  to   space 1536K, 0% used [0x00000000ffe80000,0x00000000ffe80000,0x0000000100000000)
 ParOldGen       total 134144K, used 22043K [0x00000000f0000000, 0x00000000f8300000, 0x00000000f8300000)
  object space 134144K, 16% used [0x00000000f0000000,0x00000000f1586c58,0x00000000f8300000)
 Metaspace       used 52656K, capacity 55788K, committed 55936K, reserved 1097728K
  class space    used 6444K, capacity 6992K, committed 7040K, reserved 1048576K
}
{Heap before GC invocations=62 (full 0):
 PSYoungGen      total 126464K, used 125808K [0x00000000f8300000, 0x0000000100000000, 0x0000000100000000)
  eden space 124928K, 100% used [0x00000000f8300000,0x00000000ffd00000,0x00000000ffd00000)
  from space 1536K, 57% used [0x00000000ffd00000,0x00000000ffddc050,0x00000000ffe80000)
  to   space 1536K, 0% used [0x00000000ffe80000,0x00000000ffe80000,0x0000000100000000)
 ParOldGen       total 134144K, used 22043K [0x00000000f0000000, 0x00000000f8300000, 0x00000000f8300000)
  object space 134144K, 16% used [0x00000000f0000000,0x00000000f1586c58,0x00000000f8300000)
 Metaspace       used 52657K, capacity 55788K, committed 55936K, reserved 1097728K
  class space    used 6444K, capacity 6992K, committed 7040K, reserved 1048576K
2023-10-03T01:09:53.768+0800: 193.472: [GC (Allocation Failure) [PSYoungGen: 125808K->320K(126464K)] 147851K->23042K(260608K), 0.0064793 secs] [Times: user=0.03 sys=0.00, real=0.01 secs] 
Heap after GC invocations=62 (full 0):
 PSYoungGen      total 126464K, used 320K [0x00000000f8300000, 0x0000000100000000, 0x0000000100000000)
  eden space 124928K, 0% used [0x00000000f8300000,0x00000000f8300000,0x00000000ffd00000)
  from space 1536K, 20% used [0x00000000ffe80000,0x00000000ffed0000,0x0000000100000000)
  to   space 1536K, 0% used [0x00000000ffd00000,0x00000000ffd00000,0x00000000ffe80000)
 ParOldGen       total 134144K, used 22722K [0x00000000f0000000, 0x00000000f8300000, 0x00000000f8300000)
  object space 134144K, 16% used [0x00000000f0000000,0x00000000f1630958,0x00000000f8300000)
 Metaspace       used 52657K, capacity 55788K, committed 55936K, reserved 1097728K
  class space    used 6444K, capacity 6992K, committed 7040K, reserved 1048576K
}
{Heap before GC invocations=63 (full 0):
 PSYoungGen      total 126464K, used 125248K [0x00000000f8300000, 0x0000000100000000, 0x0000000100000000)
  eden space 124928K, 100% used [0x00000000f8300000,0x00000000ffd00000,0x00000000ffd00000)
  from space 1536K, 20% used [0x00000000ffe80000,0x00000000ffed0000,0x0000000100000000)
  to   space 1536K, 0% used [0x00000000ffd00000,0x00000000ffd00000,0x00000000ffe80000)
 ParOldGen       total 134144K, used 22722K [0x00000000f0000000, 0x00000000f8300000, 0x00000000f8300000)
  object space 134144K, 16% used [0x00000000f0000000,0x00000000f1630958,0x00000000f8300000)
 Metaspace       used 52657K, capacity 55788K, committed 55936K, reserved 1097728K
  class space    used 6444K, capacity 6992K, committed 7040K, reserved 1048576K
2023-10-03T01:09:54.828+0800: 194.532: [GC (Allocation Failure) [PSYoungGen: 125248K->320K(126464K)] 147970K->23066K(260608K), 0.0058289 secs] [Times: user=0.02 sys=0.00, real=0.01 secs] 
Heap after GC invocations=63 (full 0):
 PSYoungGen      total 126464K, used 320K [0x00000000f8300000, 0x0000000100000000, 0x0000000100000000)
  eden space 124928K, 0% used [0x00000000f8300000,0x00000000f8300000,0x00000000ffd00000)
  from space 1536K, 20% used [0x00000000ffd00000,0x00000000ffd50000,0x00000000ffe80000)
  to   space 1536K, 0% used [0x00000000ffe80000,0x00000000ffe80000,0x0000000100000000)
 ParOldGen       total 134144K, used 22746K [0x00000000f0000000, 0x00000000f8300000, 0x00000000f8300000)
  object space 134144K, 16% used [0x00000000f0000000,0x00000000f1636958,0x00000000f8300000)
 Metaspace       used 52657K, capacity 55788K, committed 55936K, reserved 1097728K
  class space    used 6444K, capacity 6992K, committed 7040K, reserved 1048576K
}
{Heap before GC invocations=64 (full 0):
 PSYoungGen      total 126464K, used 125248K [0x00000000f8300000, 0x0000000100000000, 0x0000000100000000)
  eden space 124928K, 100% used [0x00000000f8300000,0x00000000ffd00000,0x00000000ffd00000)
  from space 1536K, 20% used [0x00000000ffd00000,0x00000000ffd50000,0x00000000ffe80000)
  to   space 1536K, 0% used [0x00000000ffe80000,0x00000000ffe80000,0x0000000100000000)
 ParOldGen       total 134144K, used 22746K [0x00000000f0000000, 0x00000000f8300000, 0x00000000f8300000)
  object space 134144K, 16% used [0x00000000f0000000,0x00000000f1636958,0x00000000f8300000)
 Metaspace       used 52657K, capacity 55788K, committed 55936K, reserved 1097728K
  class space    used 6444K, capacity 6992K, committed 7040K, reserved 1048576K
2023-10-03T01:09:55.894+0800: 195.599: [GC (Allocation Failure) [PSYoungGen: 125248K->320K(126464K)] 147994K->23090K(260608K), 0.0056710 secs] [Times: user=0.02 sys=0.00, real=0.00 secs] 
Heap after GC invocations=64 (full 0):
 PSYoungGen      total 126464K, used 320K [0x00000000f8300000, 0x0000000100000000, 0x0000000100000000)
  eden space 124928K, 0% used [0x00000000f8300000,0x00000000f8300000,0x00000000ffd00000)
  from space 1536K, 20% used [0x00000000ffe80000,0x00000000ffed0000,0x0000000100000000)
  to   space 1536K, 0% used [0x00000000ffd00000,0x00000000ffd00000,0x00000000ffe80000)
 ParOldGen       total 134144K, used 22770K [0x00000000f0000000, 0x00000000f8300000, 0x00000000f8300000)
  object space 134144K, 16% used [0x00000000f0000000,0x00000000f163c958,0x00000000f8300000)
 Metaspace       used 52657K, capacity 55788K, committed 55936K, reserved 1097728K
  class space    used 6444K, capacity 6992K, committed 7040K, reserved 1048576K
}
{Heap before GC invocations=65 (full 0):
 PSYoungGen      total 126464K, used 125248K [0x00000000f8300000, 0x0000000100000000, 0x0000000100000000)
  eden space 124928K, 100% used [0x00000000f8300000,0x00000000ffd00000,0x00000000ffd00000)
  from space 1536K, 20% used [0x00000000ffe80000,0x00000000ffed0000,0x0000000100000000)
  to   space 1536K, 0% used [0x00000000ffd00000,0x00000000ffd00000,0x00000000ffe80000)
 ParOldGen       total 134144K, used 22770K [0x00000000f0000000, 0x00000000f8300000, 0x00000000f8300000)
  object space 134144K, 16% used [0x00000000f0000000,0x00000000f163c958,0x00000000f8300000)
 Metaspace       used 52657K, capacity 55788K, committed 55936K, reserved 1097728K
  class space    used 6444K, capacity 6992K, committed 7040K, reserved 1048576K
2023-10-03T01:09:56.965+0800: 196.670: [GC (Allocation Failure) [PSYoungGen: 125248K->320K(126464K)] 148018K->23122K(260608K), 0.0055747 secs] [Times: user=0.03 sys=0.00, real=0.00 secs] 
Heap after GC invocations=65 (full 0):
 PSYoungGen      total 126464K, used 320K [0x00000000f8300000, 0x0000000100000000, 0x0000000100000000)
  eden space 124928K, 0% used [0x00000000f8300000,0x00000000f8300000,0x00000000ffd00000)
  from space 1536K, 20% used [0x00000000ffd00000,0x00000000ffd50000,0x00000000ffe80000)
  to   space 1024K, 0% used [0x00000000fff00000,0x00000000fff00000,0x0000000100000000)
 ParOldGen       total 134144K, used 22802K [0x00000000f0000000, 0x00000000f8300000, 0x00000000f8300000)
  object space 134144K, 16% used [0x00000000f0000000,0x00000000f1644958,0x00000000f8300000)
 Metaspace       used 52657K, capacity 55788K, committed 55936K, reserved 1097728K
  class space    used 6444K, capacity 6992K, committed 7040K, reserved 1048576K
}
{Heap before GC invocations=66 (full 0):
 PSYoungGen      total 126464K, used 125248K [0x00000000f8300000, 0x0000000100000000, 0x0000000100000000)
  eden space 124928K, 100% used [0x00000000f8300000,0x00000000ffd00000,0x00000000ffd00000)
  from space 1536K, 20% used [0x00000000ffd00000,0x00000000ffd50000,0x00000000ffe80000)
  to   space 1024K, 0% used [0x00000000fff00000,0x00000000fff00000,0x0000000100000000)
 ParOldGen       total 134144K, used 22802K [0x00000000f0000000, 0x00000000f8300000, 0x00000000f8300000)
  object space 134144K, 16% used [0x00000000f0000000,0x00000000f1644958,0x00000000f8300000)
 Metaspace       used 52661K, capacity 55788K, committed 55936K, reserved 1097728K
  class space    used 6444K, capacity 6992K, committed 7040K, reserved 1048576K
2023-10-03T01:09:58.023+0800: 197.727: [GC (Allocation Failure) [PSYoungGen: 125248K->320K(126976K)] 148050K->23146K(261120K), 0.0057327 secs] [Times: user=0.03 sys=0.00, real=0.00 secs] 
Heap after GC invocations=66 (full 0):
 PSYoungGen      total 126976K, used 320K [0x00000000f8300000, 0x0000000100000000, 0x0000000100000000)
  eden space 125952K, 0% used [0x00000000f8300000,0x00000000f8300000,0x00000000ffe00000)
  from space 1024K, 31% used [0x00000000fff00000,0x00000000fff50000,0x0000000100000000)
  to   space 1024K, 0% used [0x00000000ffe00000,0x00000000ffe00000,0x00000000fff00000)
 ParOldGen       total 134144K, used 22826K [0x00000000f0000000, 0x00000000f8300000, 0x00000000f8300000)
  object space 134144K, 17% used [0x00000000f0000000,0x00000000f164a958,0x00000000f8300000)
 Metaspace       used 52661K, capacity 55788K, committed 55936K, reserved 1097728K
  class space    used 6444K, capacity 6992K, committed 7040K, reserved 1048576K
}
{Heap before GC invocations=67 (full 0):
 PSYoungGen      total 126976K, used 126272K [0x00000000f8300000, 0x0000000100000000, 0x0000000100000000)
  eden space 125952K, 100% used [0x00000000f8300000,0x00000000ffe00000,0x00000000ffe00000)
  from space 1024K, 31% used [0x00000000fff00000,0x00000000fff50000,0x0000000100000000)
  to   space 1024K, 0% used [0x00000000ffe00000,0x00000000ffe00000,0x00000000fff00000)
 ParOldGen       total 134144K, used 22826K [0x00000000f0000000, 0x00000000f8300000, 0x00000000f8300000)
  object space 134144K, 17% used [0x00000000f0000000,0x00000000f164a958,0x00000000f8300000)
 Metaspace       used 52664K, capacity 55788K, committed 55936K, reserved 1097728K
  class space    used 6444K, capacity 6992K, committed 7040K, reserved 1048576K
2023-10-03T01:09:59.098+0800: 198.803: [GC (Allocation Failure) [PSYoungGen: 126272K->320K(126976K)] 149098K->23170K(261120K), 0.0057139 secs] [Times: user=0.02 sys=0.00, real=0.01 secs] 
Heap after GC invocations=67 (full 0):
 PSYoungGen      total 126976K, used 320K [0x00000000f8300000, 0x0000000100000000, 0x0000000100000000)
  eden space 125952K, 0% used [0x00000000f8300000,0x00000000f8300000,0x00000000ffe00000)
  from space 1024K, 31% used [0x00000000ffe00000,0x00000000ffe50000,0x00000000fff00000)
  to   space 1024K, 0% used [0x00000000fff00000,0x00000000fff00000,0x0000000100000000)
 ParOldGen       total 134144K, used 22850K [0x00000000f0000000, 0x00000000f8300000, 0x00000000f8300000)
  object space 134144K, 17% used [0x00000000f0000000,0x00000000f1650958,0x00000000f8300000)
 Metaspace       used 52664K, capacity 55788K, committed 55936K, reserved 1097728K
  class space    used 6444K, capacity 6992K, committed 7040K, reserved 1048576K
}
{Heap before GC invocations=68 (full 0):
 PSYoungGen      total 126976K, used 126272K [0x00000000f8300000, 0x0000000100000000, 0x0000000100000000)
  eden space 125952K, 100% used [0x00000000f8300000,0x00000000ffe00000,0x00000000ffe00000)
  from space 1024K, 31% used [0x00000000ffe00000,0x00000000ffe50000,0x00000000fff00000)
  to   space 1024K, 0% used [0x00000000fff00000,0x00000000fff00000,0x0000000100000000)
 ParOldGen       total 134144K, used 22850K [0x00000000f0000000, 0x00000000f8300000, 0x00000000f8300000)
  object space 134144K, 17% used [0x00000000f0000000,0x00000000f1650958,0x00000000f8300000)
 Metaspace       used 52665K, capacity 55788K, committed 55936K, reserved 1097728K
  class space    used 6444K, capacity 6992K, committed 7040K, reserved 1048576K
2023-10-03T01:10:00.159+0800: 199.864: [GC (Allocation Failure) [PSYoungGen: 126272K->320K(126976K)] 149122K->23186K(261120K), 0.0057779 secs] [Times: user=0.02 sys=0.00, real=0.01 secs] 
Heap after GC invocations=68 (full 0):
 PSYoungGen      total 126976K, used 320K [0x00000000f8300000, 0x0000000100000000, 0x0000000100000000)
  eden space 125952K, 0% used [0x00000000f8300000,0x00000000f8300000,0x00000000ffe00000)
  from space 1024K, 31% used [0x00000000fff00000,0x00000000fff50000,0x0000000100000000)
  to   space 1024K, 0% used [0x00000000ffe00000,0x00000000ffe00000,0x00000000fff00000)
 ParOldGen       total 134144K, used 22866K [0x00000000f0000000, 0x00000000f8300000, 0x00000000f8300000)
  object space 134144K, 17% used [0x00000000f0000000,0x00000000f1654958,0x00000000f8300000)
 Metaspace       used 52665K, capacity 55788K, committed 55936K, reserved 1097728K
  class space    used 6444K, capacity 6992K, committed 7040K, reserved 1048576K
}
{Heap before GC invocations=69 (full 0):
 PSYoungGen      total 126976K, used 126272K [0x00000000f8300000, 0x0000000100000000, 0x0000000100000000)
  eden space 125952K, 100% used [0x00000000f8300000,0x00000000ffe00000,0x00000000ffe00000)
  from space 1024K, 31% used [0x00000000fff00000,0x00000000fff50000,0x0000000100000000)
  to   space 1024K, 0% used [0x00000000ffe00000,0x00000000ffe00000,0x00000000fff00000)
 ParOldGen       total 134144K, used 22866K [0x00000000f0000000, 0x00000000f8300000, 0x00000000f8300000)
  object space 134144K, 17% used [0x00000000f0000000,0x00000000f1654958,0x00000000f8300000)
 Metaspace       used 52666K, capacity 55788K, committed 55936K, reserved 1097728K
  class space    used 6444K, capacity 6992K, committed 7040K, reserved 1048576K
2023-10-03T01:10:01.221+0800: 200.926: [GC (Allocation Failure) [PSYoungGen: 126272K->320K(126976K)] 149138K->23210K(261120K), 0.0060914 secs] [Times: user=0.03 sys=0.00, real=0.01 secs] 
Heap after GC invocations=69 (full 0):
 PSYoungGen      total 126976K, used 320K [0x00000000f8300000, 0x0000000100000000, 0x0000000100000000)
  eden space 125952K, 0% used [0x00000000f8300000,0x00000000f8300000,0x00000000ffe00000)
  from space 1024K, 31% used [0x00000000ffe00000,0x00000000ffe50000,0x00000000fff00000)
  to   space 1024K, 0% used [0x00000000fff00000,0x00000000fff00000,0x0000000100000000)
 ParOldGen       total 134144K, used 22890K [0x00000000f0000000, 0x00000000f8300000, 0x00000000f8300000)
  object space 134144K, 17% used [0x00000000f0000000,0x00000000f165a958,0x00000000f8300000)
 Metaspace       used 52666K, capacity 55788K, committed 55936K, reserved 1097728K
  class space    used 6444K, capacity 6992K, committed 7040K, reserved 1048576K
}
{Heap before GC invocations=70 (full 0):
 PSYoungGen      total 126976K, used 126272K [0x00000000f8300000, 0x0000000100000000, 0x0000000100000000)
  eden space 125952K, 100% used [0x00000000f8300000,0x00000000ffe00000,0x00000000ffe00000)
  from space 1024K, 31% used [0x00000000ffe00000,0x00000000ffe50000,0x00000000fff00000)
  to   space 1024K, 0% used [0x00000000fff00000,0x00000000fff00000,0x0000000100000000)
 ParOldGen       total 134144K, used 22890K [0x00000000f0000000, 0x00000000f8300000, 0x00000000f8300000)
  object space 134144K, 17% used [0x00000000f0000000,0x00000000f165a958,0x00000000f8300000)
 Metaspace       used 52672K, capacity 55788K, committed 55936K, reserved 1097728K
  class space    used 6444K, capacity 6992K, committed 7040K, reserved 1048576K
2023-10-03T01:10:02.303+0800: 202.008: [GC (Allocation Failure) [PSYoungGen: 126272K->320K(126976K)] 149162K->23234K(261120K), 0.0055712 secs] [Times: user=0.02 sys=0.00, real=0.00 secs] 
Heap after GC invocations=70 (full 0):
 PSYoungGen      total 126976K, used 320K [0x00000000f8300000, 0x0000000100000000, 0x0000000100000000)
  eden space 125952K, 0% used [0x00000000f8300000,0x00000000f8300000,0x00000000ffe00000)
  from space 1024K, 31% used [0x00000000fff00000,0x00000000fff50000,0x0000000100000000)
  to   space 1024K, 0% used [0x00000000ffe00000,0x00000000ffe00000,0x00000000fff00000)
 ParOldGen       total 134144K, used 22914K [0x00000000f0000000, 0x00000000f8300000, 0x00000000f8300000)
  object space 134144K, 17% used [0x00000000f0000000,0x00000000f1660958,0x00000000f8300000)
 Metaspace       used 52672K, capacity 55788K, committed 55936K, reserved 1097728K
  class space    used 6444K, capacity 6992K, committed 7040K, reserved 1048576K
}
{Heap before GC invocations=71 (full 0):
 PSYoungGen      total 126976K, used 126272K [0x00000000f8300000, 0x0000000100000000, 0x0000000100000000)
  eden space 125952K, 100% used [0x00000000f8300000,0x00000000ffe00000,0x00000000ffe00000)
  from space 1024K, 31% used [0x00000000fff00000,0x00000000fff50000,0x0000000100000000)
  to   space 1024K, 0% used [0x00000000ffe00000,0x00000000ffe00000,0x00000000fff00000)
 ParOldGen       total 134144K, used 22914K [0x00000000f0000000, 0x00000000f8300000, 0x00000000f8300000)
  object space 134144K, 17% used [0x00000000f0000000,0x00000000f1660958,0x00000000f8300000)
 Metaspace       used 52672K, capacity 55788K, committed 55936K, reserved 1097728K
  class space    used 6444K, capacity 6992K, committed 7040K, reserved 1048576K
2023-10-03T01:10:03.390+0800: 203.094: [GC (Allocation Failure) [PSYoungGen: 126272K->320K(126976K)] 149186K->23250K(261120K), 0.0058036 secs] [Times: user=0.03 sys=0.00, real=0.01 secs] 
Heap after GC invocations=71 (full 0):
 PSYoungGen      total 126976K, used 320K [0x00000000f8300000, 0x0000000100000000, 0x0000000100000000)
  eden space 125952K, 0% used [0x00000000f8300000,0x00000000f8300000,0x00000000ffe00000)
  from space 1024K, 31% used [0x00000000ffe00000,0x00000000ffe50000,0x00000000fff00000)
  to   space 1024K, 0% used [0x00000000fff00000,0x00000000fff00000,0x0000000100000000)
 ParOldGen       total 134144K, used 22930K [0x00000000f0000000, 0x00000000f8300000, 0x00000000f8300000)
  object space 134144K, 17% used [0x00000000f0000000,0x00000000f1664958,0x00000000f8300000)
 Metaspace       used 52672K, capacity 55788K, committed 55936K, reserved 1097728K
  class space    used 6444K, capacity 6992K, committed 7040K, reserved 1048576K
}
{Heap before GC invocations=72 (full 0):
 PSYoungGen      total 126976K, used 126272K [0x00000000f8300000, 0x0000000100000000, 0x0000000100000000)
  eden space 125952K, 100% used [0x00000000f8300000,0x00000000ffe00000,0x00000000ffe00000)
  from space 1024K, 31% used [0x00000000ffe00000,0x00000000ffe50000,0x00000000fff00000)
  to   space 1024K, 0% used [0x00000000fff00000,0x00000000fff00000,0x0000000100000000)
 ParOldGen       total 134144K, used 22930K [0x00000000f0000000, 0x00000000f8300000, 0x00000000f8300000)
  object space 134144K, 17% used [0x00000000f0000000,0x00000000f1664958,0x00000000f8300000)
 Metaspace       used 52672K, capacity 55788K, committed 55936K, reserved 1097728K
  class space    used 6444K, capacity 6992K, committed 7040K, reserved 1048576K
2023-10-03T01:10:04.475+0800: 204.179: [GC (Allocation Failure) [PSYoungGen: 126272K->320K(126976K)] 149202K->23258K(261120K), 0.0055472 secs] [Times: user=0.02 sys=0.00, real=0.01 secs] 
Heap after GC invocations=72 (full 0):
 PSYoungGen      total 126976K, used 320K [0x00000000f8300000, 0x0000000100000000, 0x0000000100000000)
  eden space 125952K, 0% used [0x00000000f8300000,0x00000000f8300000,0x00000000ffe00000)
  from space 1024K, 31% used [0x00000000fff00000,0x00000000fff50000,0x0000000100000000)
  to   space 1024K, 0% used [0x00000000ffe00000,0x00000000ffe00000,0x00000000fff00000)
 ParOldGen       total 134144K, used 22938K [0x00000000f0000000, 0x00000000f8300000, 0x00000000f8300000)
  object space 134144K, 17% used [0x00000000f0000000,0x00000000f1666958,0x00000000f8300000)
 Metaspace       used 52672K, capacity 55788K, committed 55936K, reserved 1097728K
  class space    used 6444K, capacity 6992K, committed 7040K, reserved 1048576K
}
{Heap before GC invocations=73 (full 0):
 PSYoungGen      total 126976K, used 126272K [0x00000000f8300000, 0x0000000100000000, 0x0000000100000000)
  eden space 125952K, 100% used [0x00000000f8300000,0x00000000ffe00000,0x00000000ffe00000)
  from space 1024K, 31% used [0x00000000fff00000,0x00000000fff50000,0x0000000100000000)
  to   space 1024K, 0% used [0x00000000ffe00000,0x00000000ffe00000,0x00000000fff00000)
 ParOldGen       total 134144K, used 22938K [0x00000000f0000000, 0x00000000f8300000, 0x00000000f8300000)
  object space 134144K, 17% used [0x00000000f0000000,0x00000000f1666958,0x00000000f8300000)
 Metaspace       used 52672K, capacity 55788K, committed 55936K, reserved 1097728K
  class space    used 6444K, capacity 6992K, committed 7040K, reserved 1048576K
2023-10-03T01:10:05.550+0800: 205.254: [GC (Allocation Failure) [PSYoungGen: 126272K->320K(126976K)] 149210K->23282K(261120K), 0.0057728 secs] [Times: user=0.03 sys=0.00, real=0.01 secs] 
Heap after GC invocations=73 (full 0):
 PSYoungGen      total 126976K, used 320K [0x00000000f8300000, 0x0000000100000000, 0x0000000100000000)
  eden space 125952K, 0% used [0x00000000f8300000,0x00000000f8300000,0x00000000ffe00000)
  from space 1024K, 31% used [0x00000000ffe00000,0x00000000ffe50000,0x00000000fff00000)
  to   space 1024K, 0% used [0x00000000fff00000,0x00000000fff00000,0x0000000100000000)
 ParOldGen       total 134144K, used 22962K [0x00000000f0000000, 0x00000000f8300000, 0x00000000f8300000)
  object space 134144K, 17% used [0x00000000f0000000,0x00000000f166c958,0x00000000f8300000)
 Metaspace       used 52672K, capacity 55788K, committed 55936K, reserved 1097728K
  class space    used 6444K, capacity 6992K, committed 7040K, reserved 1048576K
}
{Heap before GC invocations=74 (full 0):
 PSYoungGen      total 126976K, used 126272K [0x00000000f8300000, 0x0000000100000000, 0x0000000100000000)
  eden space 125952K, 100% used [0x00000000f8300000,0x00000000ffe00000,0x00000000ffe00000)
  from space 1024K, 31% used [0x00000000ffe00000,0x00000000ffe50000,0x00000000fff00000)
  to   space 1024K, 0% used [0x00000000fff00000,0x00000000fff00000,0x0000000100000000)
 ParOldGen       total 134144K, used 22962K [0x00000000f0000000, 0x00000000f8300000, 0x00000000f8300000)
  object space 134144K, 17% used [0x00000000f0000000,0x00000000f166c958,0x00000000f8300000)
 Metaspace       used 52672K, capacity 55788K, committed 55936K, reserved 1097728K
  class space    used 6444K, capacity 6992K, committed 7040K, reserved 1048576K
2023-10-03T01:10:06.616+0800: 206.321: [GC (Allocation Failure) [PSYoungGen: 126272K->320K(126976K)] 149234K->23314K(261120K), 0.0054809 secs] [Times: user=0.02 sys=0.00, real=0.00 secs] 
Heap after GC invocations=74 (full 0):
 PSYoungGen      total 126976K, used 320K [0x00000000f8300000, 0x0000000100000000, 0x0000000100000000)
  eden space 125952K, 0% used [0x00000000f8300000,0x00000000f8300000,0x00000000ffe00000)
  from space 1024K, 31% used [0x00000000fff00000,0x00000000fff50000,0x0000000100000000)
  to   space 1024K, 0% used [0x00000000ffe00000,0x00000000ffe00000,0x00000000fff00000)
 ParOldGen       total 134144K, used 22994K [0x00000000f0000000, 0x00000000f8300000, 0x00000000f8300000)
  object space 134144K, 17% used [0x00000000f0000000,0x00000000f1674958,0x00000000f8300000)
 Metaspace       used 52672K, capacity 55788K, committed 55936K, reserved 1097728K
  class space    used 6444K, capacity 6992K, committed 7040K, reserved 1048576K
}
{Heap before GC invocations=75 (full 0):
 PSYoungGen      total 126976K, used 126272K [0x00000000f8300000, 0x0000000100000000, 0x0000000100000000)
  eden space 125952K, 100% used [0x00000000f8300000,0x00000000ffe00000,0x00000000ffe00000)
  from space 1024K, 31% used [0x00000000fff00000,0x00000000fff50000,0x0000000100000000)
  to   space 1024K, 0% used [0x00000000ffe00000,0x00000000ffe00000,0x00000000fff00000)
 ParOldGen       total 134144K, used 22994K [0x00000000f0000000, 0x00000000f8300000, 0x00000000f8300000)
  object space 134144K, 17% used [0x00000000f0000000,0x00000000f1674958,0x00000000f8300000)
 Metaspace       used 52672K, capacity 55788K, committed 55936K, reserved 1097728K
  class space    used 6444K, capacity 6992K, committed 7040K, reserved 1048576K
2023-10-03T01:10:07.697+0800: 207.402: [GC (Allocation Failure) [PSYoungGen: 126272K->320K(126976K)] 149266K->23330K(261120K), 0.0057306 secs] [Times: user=0.03 sys=0.00, real=0.01 secs] 
Heap after GC invocations=75 (full 0):
 PSYoungGen      total 126976K, used 320K [0x00000000f8300000, 0x0000000100000000, 0x0000000100000000)
  eden space 125952K, 0% used [0x00000000f8300000,0x00000000f8300000,0x00000000ffe00000)
  from space 1024K, 31% used [0x00000000ffe00000,0x00000000ffe50000,0x00000000fff00000)
  to   space 1024K, 0% used [0x00000000fff00000,0x00000000fff00000,0x0000000100000000)
 ParOldGen       total 134144K, used 23010K [0x00000000f0000000, 0x00000000f8300000, 0x00000000f8300000)
  object space 134144K, 17% used [0x00000000f0000000,0x00000000f1678958,0x00000000f8300000)
 Metaspace       used 52672K, capacity 55788K, committed 55936K, reserved 1097728K
  class space    used 6444K, capacity 6992K, committed 7040K, reserved 1048576K
}
{Heap before GC invocations=76 (full 0):
 PSYoungGen      total 126976K, used 126272K [0x00000000f8300000, 0x0000000100000000, 0x0000000100000000)
  eden space 125952K, 100% used [0x00000000f8300000,0x00000000ffe00000,0x00000000ffe00000)
  from space 1024K, 31% used [0x00000000ffe00000,0x00000000ffe50000,0x00000000fff00000)
  to   space 1024K, 0% used [0x00000000fff00000,0x00000000fff00000,0x0000000100000000)
 ParOldGen       total 134144K, used 23010K [0x00000000f0000000, 0x00000000f8300000, 0x00000000f8300000)
  object space 134144K, 17% used [0x00000000f0000000,0x00000000f1678958,0x00000000f8300000)
 Metaspace       used 52675K, capacity 55788K, committed 55936K, reserved 1097728K
  class space    used 6444K, capacity 6992K, committed 7040K, reserved 1048576K
2023-10-03T01:10:08.770+0800: 208.475: [GC (Allocation Failure) [PSYoungGen: 126272K->320K(126976K)] 149282K->23362K(261120K), 0.0027971 secs] [Times: user=0.02 sys=0.00, real=0.01 secs] 
Heap after GC invocations=76 (full 0):
 PSYoungGen      total 126976K, used 320K [0x00000000f8300000, 0x0000000100000000, 0x0000000100000000)
  eden space 125952K, 0% used [0x00000000f8300000,0x00000000f8300000,0x00000000ffe00000)
  from space 1024K, 31% used [0x00000000fff00000,0x00000000fff50000,0x0000000100000000)
  to   space 1024K, 0% used [0x00000000ffe00000,0x00000000ffe00000,0x00000000fff00000)
 ParOldGen       total 134144K, used 23042K [0x00000000f0000000, 0x00000000f8300000, 0x00000000f8300000)
  object space 134144K, 17% used [0x00000000f0000000,0x00000000f1680958,0x00000000f8300000)
 Metaspace       used 52675K, capacity 55788K, committed 55936K, reserved 1097728K
  class space    used 6444K, capacity 6992K, committed 7040K, reserved 1048576K
}
{Heap before GC invocations=77 (full 0):
 PSYoungGen      total 126976K, used 126272K [0x00000000f8300000, 0x0000000100000000, 0x0000000100000000)
  eden space 125952K, 100% used [0x00000000f8300000,0x00000000ffe00000,0x00000000ffe00000)
  from space 1024K, 31% used [0x00000000fff00000,0x00000000fff50000,0x0000000100000000)
  to   space 1024K, 0% used [0x00000000ffe00000,0x00000000ffe00000,0x00000000fff00000)
 ParOldGen       total 134144K, used 23042K [0x00000000f0000000, 0x00000000f8300000, 0x00000000f8300000)
  object space 134144K, 17% used [0x00000000f0000000,0x00000000f1680958,0x00000000f8300000)
 Metaspace       used 52675K, capacity 55788K, committed 55936K, reserved 1097728K
  class space    used 6444K, capacity 6992K, committed 7040K, reserved 1048576K
2023-10-03T01:10:09.835+0800: 209.539: [GC (Allocation Failure) [PSYoungGen: 126272K->320K(126976K)] 149314K->23378K(261120K), 0.0058662 secs] [Times: user=0.02 sys=0.00, real=0.01 secs] 
Heap after GC invocations=77 (full 0):
 PSYoungGen      total 126976K, used 320K [0x00000000f8300000, 0x0000000100000000, 0x0000000100000000)
  eden space 125952K, 0% used [0x00000000f8300000,0x00000000f8300000,0x00000000ffe00000)
  from space 1024K, 31% used [0x00000000ffe00000,0x00000000ffe50000,0x00000000fff00000)
  to   space 1024K, 0% used [0x00000000fff00000,0x00000000fff00000,0x0000000100000000)
 ParOldGen       total 134144K, used 23058K [0x00000000f0000000, 0x00000000f8300000, 0x00000000f8300000)
  object space 134144K, 17% used [0x00000000f0000000,0x00000000f1684958,0x00000000f8300000)
 Metaspace       used 52675K, capacity 55788K, committed 55936K, reserved 1097728K
  class space    used 6444K, capacity 6992K, committed 7040K, reserved 1048576K
}
{Heap before GC invocations=78 (full 0):
 PSYoungGen      total 126976K, used 126272K [0x00000000f8300000, 0x0000000100000000, 0x0000000100000000)
  eden space 125952K, 100% used [0x00000000f8300000,0x00000000ffe00000,0x00000000ffe00000)
  from space 1024K, 31% used [0x00000000ffe00000,0x00000000ffe50000,0x00000000fff00000)
  to   space 1024K, 0% used [0x00000000fff00000,0x00000000fff00000,0x0000000100000000)
 ParOldGen       total 134144K, used 23058K [0x00000000f0000000, 0x00000000f8300000, 0x00000000f8300000)
  object space 134144K, 17% used [0x00000000f0000000,0x00000000f1684958,0x00000000f8300000)
 Metaspace       used 52675K, capacity 55788K, committed 55936K, reserved 1097728K
  class space    used 6444K, capacity 6992K, committed 7040K, reserved 1048576K
2023-10-03T01:10:10.926+0800: 210.630: [GC (Allocation Failure) [PSYoungGen: 126272K->320K(126976K)] 149330K->23386K(261120K), 0.0050948 secs] [Times: user=0.02 sys=0.00, real=0.00 secs] 
Heap after GC invocations=78 (full 0):
 PSYoungGen      total 126976K, used 320K [0x00000000f8300000, 0x0000000100000000, 0x0000000100000000)
  eden space 125952K, 0% used [0x00000000f8300000,0x00000000f8300000,0x00000000ffe00000)
  from space 1024K, 31% used [0x00000000fff00000,0x00000000fff50000,0x0000000100000000)
  to   space 1024K, 0% used [0x00000000ffe00000,0x00000000ffe00000,0x00000000fff00000)
 ParOldGen       total 134144K, used 23066K [0x00000000f0000000, 0x00000000f8300000, 0x00000000f8300000)
  object space 134144K, 17% used [0x00000000f0000000,0x00000000f1686958,0x00000000f8300000)
 Metaspace       used 52675K, capacity 55788K, committed 55936K, reserved 1097728K
  class space    used 6444K, capacity 6992K, committed 7040K, reserved 1048576K
}
{Heap before GC invocations=79 (full 0):
 PSYoungGen      total 126976K, used 126272K [0x00000000f8300000, 0x0000000100000000, 0x0000000100000000)
  eden space 125952K, 100% used [0x00000000f8300000,0x00000000ffe00000,0x00000000ffe00000)
  from space 1024K, 31% used [0x00000000fff00000,0x00000000fff50000,0x0000000100000000)
  to   space 1024K, 0% used [0x00000000ffe00000,0x00000000ffe00000,0x00000000fff00000)
 ParOldGen       total 134144K, used 23066K [0x00000000f0000000, 0x00000000f8300000, 0x00000000f8300000)
  object space 134144K, 17% used [0x00000000f0000000,0x00000000f1686958,0x00000000f8300000)
 Metaspace       used 52675K, capacity 55788K, committed 55936K, reserved 1097728K
  class space    used 6444K, capacity 6992K, committed 7040K, reserved 1048576K
2023-10-03T01:10:11.976+0800: 211.681: [GC (Allocation Failure) [PSYoungGen: 126272K->320K(126976K)] 149338K->23434K(261120K), 0.0056500 secs] [Times: user=0.02 sys=0.00, real=0.01 secs] 
Heap after GC invocations=79 (full 0):
 PSYoungGen      total 126976K, used 320K [0x00000000f8300000, 0x0000000100000000, 0x0000000100000000)
  eden space 125952K, 0% used [0x00000000f8300000,0x00000000f8300000,0x00000000ffe00000)
  from space 1024K, 31% used [0x00000000ffe00000,0x00000000ffe50000,0x00000000fff00000)
  to   space 1024K, 0% used [0x00000000fff00000,0x00000000fff00000,0x0000000100000000)
 ParOldGen       total 134144K, used 23114K [0x00000000f0000000, 0x00000000f8300000, 0x00000000f8300000)
  object space 134144K, 17% used [0x00000000f0000000,0x00000000f1692958,0x00000000f8300000)
 Metaspace       used 52675K, capacity 55788K, committed 55936K, reserved 1097728K
  class space    used 6444K, capacity 6992K, committed 7040K, reserved 1048576K
}
{Heap before GC invocations=80 (full 0):
 PSYoungGen      total 126976K, used 126272K [0x00000000f8300000, 0x0000000100000000, 0x0000000100000000)
  eden space 125952K, 100% used [0x00000000f8300000,0x00000000ffe00000,0x00000000ffe00000)
  from space 1024K, 31% used [0x00000000ffe00000,0x00000000ffe50000,0x00000000fff00000)
  to   space 1024K, 0% used [0x00000000fff00000,0x00000000fff00000,0x0000000100000000)
 ParOldGen       total 134144K, used 23114K [0x00000000f0000000, 0x00000000f8300000, 0x00000000f8300000)
  object space 134144K, 17% used [0x00000000f0000000,0x00000000f1692958,0x00000000f8300000)
 Metaspace       used 52676K, capacity 55788K, committed 55936K, reserved 1097728K
  class space    used 6444K, capacity 6992K, committed 7040K, reserved 1048576K
2023-10-03T01:10:13.035+0800: 212.740: [GC (Allocation Failure) [PSYoungGen: 126272K->320K(127488K)] 149386K->23458K(261632K), 0.0058205 secs] [Times: user=0.02 sys=0.01, real=0.00 secs] 
Heap after GC invocations=80 (full 0):
 PSYoungGen      total 127488K, used 320K [0x00000000f8300000, 0x0000000100000000, 0x0000000100000000)
  eden space 126464K, 0% used [0x00000000f8300000,0x00000000f8300000,0x00000000ffe80000)
  from space 1024K, 31% used [0x00000000fff00000,0x00000000fff50000,0x0000000100000000)
  to   space 512K, 0% used [0x00000000ffe80000,0x00000000ffe80000,0x00000000fff00000)
 ParOldGen       total 134144K, used 23138K [0x00000000f0000000, 0x00000000f8300000, 0x00000000f8300000)
  object space 134144K, 17% used [0x00000000f0000000,0x00000000f1698958,0x00000000f8300000)
 Metaspace       used 52676K, capacity 55788K, committed 55936K, reserved 1097728K
  class space    used 6444K, capacity 6992K, committed 7040K, reserved 1048576K
}
{Heap before GC invocations=81 (full 0):
 PSYoungGen      total 127488K, used 126784K [0x00000000f8300000, 0x0000000100000000, 0x0000000100000000)
  eden space 126464K, 100% used [0x00000000f8300000,0x00000000ffe80000,0x00000000ffe80000)
  from space 1024K, 31% used [0x00000000fff00000,0x00000000fff50000,0x0000000100000000)
  to   space 512K, 0% used [0x00000000ffe80000,0x00000000ffe80000,0x00000000fff00000)
 ParOldGen       total 134144K, used 23138K [0x00000000f0000000, 0x00000000f8300000, 0x00000000f8300000)
  object space 134144K, 17% used [0x00000000f0000000,0x00000000f1698958,0x00000000f8300000)
 Metaspace       used 52676K, capacity 55788K, committed 55936K, reserved 1097728K
  class space    used 6444K, capacity 6992K, committed 7040K, reserved 1048576K
2023-10-03T01:10:14.109+0800: 213.813: [GC (Allocation Failure) [PSYoungGen: 126784K->320K(126976K)] 149922K->23482K(261120K), 0.0056315 secs] [Times: user=0.02 sys=0.01, real=0.01 secs] 
Heap after GC invocations=81 (full 0):
 PSYoungGen      total 126976K, used 320K [0x00000000f8300000, 0x0000000100000000, 0x0000000100000000)
  eden space 126464K, 0% used [0x00000000f8300000,0x00000000f8300000,0x00000000ffe80000)
  from space 512K, 62% used [0x00000000ffe80000,0x00000000ffed0000,0x00000000fff00000)
  to   space 512K, 0% used [0x00000000fff80000,0x00000000fff80000,0x0000000100000000)
 ParOldGen       total 134144K, used 23162K [0x00000000f0000000, 0x00000000f8300000, 0x00000000f8300000)
  object space 134144K, 17% used [0x00000000f0000000,0x00000000f169e958,0x00000000f8300000)
 Metaspace       used 52676K, capacity 55788K, committed 55936K, reserved 1097728K
  class space    used 6444K, capacity 6992K, committed 7040K, reserved 1048576K
}
{Heap before GC invocations=82 (full 0):
 PSYoungGen      total 126976K, used 126784K [0x00000000f8300000, 0x0000000100000000, 0x0000000100000000)
  eden space 126464K, 100% used [0x00000000f8300000,0x00000000ffe80000,0x00000000ffe80000)
  from space 512K, 62% used [0x00000000ffe80000,0x00000000ffed0000,0x00000000fff00000)
  to   space 512K, 0% used [0x00000000fff80000,0x00000000fff80000,0x0000000100000000)
 ParOldGen       total 134144K, used 23162K [0x00000000f0000000, 0x00000000f8300000, 0x00000000f8300000)
  object space 134144K, 17% used [0x00000000f0000000,0x00000000f169e958,0x00000000f8300000)
 Metaspace       used 52676K, capacity 55788K, committed 55936K, reserved 1097728K
  class space    used 6444K, capacity 6992K, committed 7040K, reserved 1048576K
2023-10-03T01:10:15.197+0800: 214.902: [GC (Allocation Failure) [PSYoungGen: 126784K->320K(127488K)] 149946K->23498K(261632K), 0.0056324 secs] [Times: user=0.03 sys=0.00, real=0.01 secs] 
Heap after GC invocations=82 (full 0):
 PSYoungGen      total 127488K, used 320K [0x00000000f8300000, 0x0000000100000000, 0x0000000100000000)
  eden space 126976K, 0% used [0x00000000f8300000,0x00000000f8300000,0x00000000fff00000)
  from space 512K, 62% used [0x00000000fff80000,0x00000000fffd0000,0x0000000100000000)
  to   space 512K, 0% used [0x00000000fff00000,0x00000000fff00000,0x00000000fff80000)
 ParOldGen       total 134144K, used 23178K [0x00000000f0000000, 0x00000000f8300000, 0x00000000f8300000)
  object space 134144K, 17% used [0x00000000f0000000,0x00000000f16a2958,0x00000000f8300000)
 Metaspace       used 52676K, capacity 55788K, committed 55936K, reserved 1097728K
  class space    used 6444K, capacity 6992K, committed 7040K, reserved 1048576K
}
{Heap before GC invocations=83 (full 0):
 PSYoungGen      total 127488K, used 127296K [0x00000000f8300000, 0x0000000100000000, 0x0000000100000000)
  eden space 126976K, 100% used [0x00000000f8300000,0x00000000fff00000,0x00000000fff00000)
  from space 512K, 62% used [0x00000000fff80000,0x00000000fffd0000,0x0000000100000000)
  to   space 512K, 0% used [0x00000000fff00000,0x00000000fff00000,0x00000000fff80000)
 ParOldGen       total 134144K, used 23178K [0x00000000f0000000, 0x00000000f8300000, 0x00000000f8300000)
  object space 134144K, 17% used [0x00000000f0000000,0x00000000f16a2958,0x00000000f8300000)
 Metaspace       used 52676K, capacity 55788K, committed 55936K, reserved 1097728K
  class space    used 6444K, capacity 6992K, committed 7040K, reserved 1048576K
2023-10-03T01:10:16.302+0800: 216.007: [GC (Allocation Failure) [PSYoungGen: 127296K->320K(127488K)] 150474K->23514K(261632K), 0.0058817 secs] [Times: user=0.02 sys=0.00, real=0.00 secs] 
Heap after GC invocations=83 (full 0):
 PSYoungGen      total 127488K, used 320K [0x00000000f8300000, 0x0000000100000000, 0x0000000100000000)
  eden space 126976K, 0% used [0x00000000f8300000,0x00000000f8300000,0x00000000fff00000)
  from space 512K, 62% used [0x00000000fff00000,0x00000000fff50000,0x00000000fff80000)
  to   space 512K, 0% used [0x00000000fff80000,0x00000000fff80000,0x0000000100000000)
 ParOldGen       total 134144K, used 23194K [0x00000000f0000000, 0x00000000f8300000, 0x00000000f8300000)
  object space 134144K, 17% used [0x00000000f0000000,0x00000000f16a6958,0x00000000f8300000)
 Metaspace       used 52676K, capacity 55788K, committed 55936K, reserved 1097728K
  class space    used 6444K, capacity 6992K, committed 7040K, reserved 1048576K
}
{Heap before GC invocations=84 (full 0):
 PSYoungGen      total 127488K, used 127296K [0x00000000f8300000, 0x0000000100000000, 0x0000000100000000)
  eden space 126976K, 100% used [0x00000000f8300000,0x00000000fff00000,0x00000000fff00000)
  from space 512K, 62% used [0x00000000fff00000,0x00000000fff50000,0x00000000fff80000)
  to   space 512K, 0% used [0x00000000fff80000,0x00000000fff80000,0x0000000100000000)
 ParOldGen       total 134144K, used 23194K [0x00000000f0000000, 0x00000000f8300000, 0x00000000f8300000)
  object space 134144K, 17% used [0x00000000f0000000,0x00000000f16a6958,0x00000000f8300000)
 Metaspace       used 52676K, capacity 55788K, committed 55936K, reserved 1097728K
  class space    used 6444K, capacity 6992K, committed 7040K, reserved 1048576K
2023-10-03T01:10:17.381+0800: 217.086: [GC (Allocation Failure) [PSYoungGen: 127296K->288K(127488K)] 150490K->23498K(261632K), 0.0053208 secs] [Times: user=0.02 sys=0.00, real=0.01 secs] 
Heap after GC invocations=84 (full 0):
 PSYoungGen      total 127488K, used 288K [0x00000000f8300000, 0x0000000100000000, 0x0000000100000000)
  eden space 126976K, 0% used [0x00000000f8300000,0x00000000f8300000,0x00000000fff00000)
  from space 512K, 56% used [0x00000000fff80000,0x00000000fffc8000,0x0000000100000000)
  to   space 512K, 0% used [0x00000000fff00000,0x00000000fff00000,0x00000000fff80000)
 ParOldGen       total 134144K, used 23210K [0x00000000f0000000, 0x00000000f8300000, 0x00000000f8300000)
  object space 134144K, 17% used [0x00000000f0000000,0x00000000f16aa958,0x00000000f8300000)
 Metaspace       used 52676K, capacity 55788K, committed 55936K, reserved 1097728K
  class space    used 6444K, capacity 6992K, committed 7040K, reserved 1048576K
}
{Heap before GC invocations=85 (full 0):
 PSYoungGen      total 127488K, used 127264K [0x00000000f8300000, 0x0000000100000000, 0x0000000100000000)
  eden space 126976K, 100% used [0x00000000f8300000,0x00000000fff00000,0x00000000fff00000)
  from space 512K, 56% used [0x00000000fff80000,0x00000000fffc8000,0x0000000100000000)
  to   space 512K, 0% used [0x00000000fff00000,0x00000000fff00000,0x00000000fff80000)
 ParOldGen       total 134144K, used 23210K [0x00000000f0000000, 0x00000000f8300000, 0x00000000f8300000)
  object space 134144K, 17% used [0x00000000f0000000,0x00000000f16aa958,0x00000000f8300000)
 Metaspace       used 52676K, capacity 55788K, committed 55936K, reserved 1097728K
  class space    used 6444K, capacity 6992K, committed 7040K, reserved 1048576K
2023-10-03T01:10:18.481+0800: 218.185: [GC (Allocation Failure) [PSYoungGen: 127264K->320K(127488K)] 150474K->23554K(261632K), 0.0058255 secs] [Times: user=0.03 sys=0.00, real=0.01 secs] 
Heap after GC invocations=85 (full 0):
 PSYoungGen      total 127488K, used 320K [0x00000000f8300000, 0x0000000100000000, 0x0000000100000000)
  eden space 126976K, 0% used [0x00000000f8300000,0x00000000f8300000,0x00000000fff00000)
  from space 512K, 62% used [0x00000000fff00000,0x00000000fff50000,0x00000000fff80000)
  to   space 512K, 0% used [0x00000000fff80000,0x00000000fff80000,0x0000000100000000)
 ParOldGen       total 134144K, used 23234K [0x00000000f0000000, 0x00000000f8300000, 0x00000000f8300000)
  object space 134144K, 17% used [0x00000000f0000000,0x00000000f16b0958,0x00000000f8300000)
 Metaspace       used 52676K, capacity 55788K, committed 55936K, reserved 1097728K
  class space    used 6444K, capacity 6992K, committed 7040K, reserved 1048576K
}
{Heap before GC invocations=86 (full 0):
 PSYoungGen      total 127488K, used 127296K [0x00000000f8300000, 0x0000000100000000, 0x0000000100000000)
  eden space 126976K, 100% used [0x00000000f8300000,0x00000000fff00000,0x00000000fff00000)
  from space 512K, 62% used [0x00000000fff00000,0x00000000fff50000,0x00000000fff80000)
  to   space 512K, 0% used [0x00000000fff80000,0x00000000fff80000,0x0000000100000000)
 ParOldGen       total 134144K, used 23234K [0x00000000f0000000, 0x00000000f8300000, 0x00000000f8300000)
  object space 134144K, 17% used [0x00000000f0000000,0x00000000f16b0958,0x00000000f8300000)
 Metaspace       used 52676K, capacity 55788K, committed 55936K, reserved 1097728K
  class space    used 6444K, capacity 6992K, committed 7040K, reserved 1048576K
2023-10-03T01:10:19.544+0800: 219.249: [GC (Allocation Failure) [PSYoungGen: 127296K->320K(127488K)] 150530K->23570K(261632K), 0.0058542 secs] [Times: user=0.02 sys=0.00, real=0.00 secs] 
Heap after GC invocations=86 (full 0):
 PSYoungGen      total 127488K, used 320K [0x00000000f8300000, 0x0000000100000000, 0x0000000100000000)
  eden space 126976K, 0% used [0x00000000f8300000,0x00000000f8300000,0x00000000fff00000)
  from space 512K, 62% used [0x00000000fff80000,0x00000000fffd0000,0x0000000100000000)
  to   space 512K, 0% used [0x00000000fff00000,0x00000000fff00000,0x00000000fff80000)
 ParOldGen       total 134144K, used 23250K [0x00000000f0000000, 0x00000000f8300000, 0x00000000f8300000)
  object space 134144K, 17% used [0x00000000f0000000,0x00000000f16b4958,0x00000000f8300000)
 Metaspace       used 52676K, capacity 55788K, committed 55936K, reserved 1097728K
  class space    used 6444K, capacity 6992K, committed 7040K, reserved 1048576K
}
{Heap before GC invocations=87 (full 0):
 PSYoungGen      total 127488K, used 127296K [0x00000000f8300000, 0x0000000100000000, 0x0000000100000000)
  eden space 126976K, 100% used [0x00000000f8300000,0x00000000fff00000,0x00000000fff00000)
  from space 512K, 62% used [0x00000000fff80000,0x00000000fffd0000,0x0000000100000000)
  to   space 512K, 0% used [0x00000000fff00000,0x00000000fff00000,0x00000000fff80000)
 ParOldGen       total 134144K, used 23250K [0x00000000f0000000, 0x00000000f8300000, 0x00000000f8300000)
  object space 134144K, 17% used [0x00000000f0000000,0x00000000f16b4958,0x00000000f8300000)
 Metaspace       used 52676K, capacity 55788K, committed 55936K, reserved 1097728K
  class space    used 6444K, capacity 6992K, committed 7040K, reserved 1048576K
2023-10-03T01:10:20.634+0800: 220.338: [GC (Allocation Failure) [PSYoungGen: 127296K->320K(127488K)] 150546K->23586K(261632K), 0.0059060 secs] [Times: user=0.02 sys=0.00, real=0.00 secs] 
Heap after GC invocations=87 (full 0):
 PSYoungGen      total 127488K, used 320K [0x00000000f8300000, 0x0000000100000000, 0x0000000100000000)
  eden space 126976K, 0% used [0x00000000f8300000,0x00000000f8300000,0x00000000fff00000)
  from space 512K, 62% used [0x00000000fff00000,0x00000000fff50000,0x00000000fff80000)
  to   space 512K, 0% used [0x00000000fff80000,0x00000000fff80000,0x0000000100000000)
 ParOldGen       total 134144K, used 23266K [0x00000000f0000000, 0x00000000f8300000, 0x00000000f8300000)
  object space 134144K, 17% used [0x00000000f0000000,0x00000000f16b8958,0x00000000f8300000)
 Metaspace       used 52676K, capacity 55788K, committed 55936K, reserved 1097728K
  class space    used 6444K, capacity 6992K, committed 7040K, reserved 1048576K
}
{Heap before GC invocations=88 (full 0):
 PSYoungGen      total 127488K, used 127296K [0x00000000f8300000, 0x0000000100000000, 0x0000000100000000)
  eden space 126976K, 100% used [0x00000000f8300000,0x00000000fff00000,0x00000000fff00000)
  from space 512K, 62% used [0x00000000fff00000,0x00000000fff50000,0x00000000fff80000)
  to   space 512K, 0% used [0x00000000fff80000,0x00000000fff80000,0x0000000100000000)
 ParOldGen       total 134144K, used 23266K [0x00000000f0000000, 0x00000000f8300000, 0x00000000f8300000)
  object space 134144K, 17% used [0x00000000f0000000,0x00000000f16b8958,0x00000000f8300000)
 Metaspace       used 52676K, capacity 55788K, committed 55936K, reserved 1097728K
  class space    used 6444K, capacity 6992K, committed 7040K, reserved 1048576K
2023-10-03T01:10:21.709+0800: 221.414: [GC (Allocation Failure) [PSYoungGen: 127296K->288K(127488K)] 150562K->23570K(261632K), 0.0029565 secs] [Times: user=0.01 sys=0.00, real=0.01 secs] 
Heap after GC invocations=88 (full 0):
 PSYoungGen      total 127488K, used 288K [0x00000000f8300000, 0x0000000100000000, 0x0000000100000000)
  eden space 126976K, 0% used [0x00000000f8300000,0x00000000f8300000,0x00000000fff00000)
  from space 512K, 56% used [0x00000000fff80000,0x00000000fffc8000,0x0000000100000000)
  to   space 512K, 0% used [0x00000000fff00000,0x00000000fff00000,0x00000000fff80000)
 ParOldGen       total 134144K, used 23282K [0x00000000f0000000, 0x00000000f8300000, 0x00000000f8300000)
  object space 134144K, 17% used [0x00000000f0000000,0x00000000f16bc958,0x00000000f8300000)
 Metaspace       used 52676K, capacity 55788K, committed 55936K, reserved 1097728K
  class space    used 6444K, capacity 6992K, committed 7040K, reserved 1048576K
}
{Heap before GC invocations=89 (full 0):
 PSYoungGen      total 127488K, used 127264K [0x00000000f8300000, 0x0000000100000000, 0x0000000100000000)
  eden space 126976K, 100% used [0x00000000f8300000,0x00000000fff00000,0x00000000fff00000)
  from space 512K, 56% used [0x00000000fff80000,0x00000000fffc8000,0x0000000100000000)
  to   space 512K, 0% used [0x00000000fff00000,0x00000000fff00000,0x00000000fff80000)
 ParOldGen       total 134144K, used 23282K [0x00000000f0000000, 0x00000000f8300000, 0x00000000f8300000)
  object space 134144K, 17% used [0x00000000f0000000,0x00000000f16bc958,0x00000000f8300000)
 Metaspace       used 52676K, capacity 55788K, committed 55936K, reserved 1097728K
  class space    used 6444K, capacity 6992K, committed 7040K, reserved 1048576K
2023-10-03T01:10:22.780+0800: 222.485: [GC (Allocation Failure) [PSYoungGen: 127264K->288K(127488K)] 150546K->23578K(261632K), 0.0055063 secs] [Times: user=0.02 sys=0.00, real=0.01 secs] 
Heap after GC invocations=89 (full 0):
 PSYoungGen      total 127488K, used 288K [0x00000000f8300000, 0x0000000100000000, 0x0000000100000000)
  eden space 126976K, 0% used [0x00000000f8300000,0x00000000f8300000,0x00000000fff00000)
  from space 512K, 56% used [0x00000000fff00000,0x00000000fff48000,0x00000000fff80000)
  to   space 512K, 0% used [0x00000000fff80000,0x00000000fff80000,0x0000000100000000)
 ParOldGen       total 134144K, used 23290K [0x00000000f0000000, 0x00000000f8300000, 0x00000000f8300000)
  object space 134144K, 17% used [0x00000000f0000000,0x00000000f16be958,0x00000000f8300000)
 Metaspace       used 52676K, capacity 55788K, committed 55936K, reserved 1097728K
  class space    used 6444K, capacity 6992K, committed 7040K, reserved 1048576K
}
{Heap before GC invocations=90 (full 0):
 PSYoungGen      total 127488K, used 127264K [0x00000000f8300000, 0x0000000100000000, 0x0000000100000000)
  eden space 126976K, 100% used [0x00000000f8300000,0x00000000fff00000,0x00000000fff00000)
  from space 512K, 56% used [0x00000000fff00000,0x00000000fff48000,0x00000000fff80000)
  to   space 512K, 0% used [0x00000000fff80000,0x00000000fff80000,0x0000000100000000)
 ParOldGen       total 134144K, used 23290K [0x00000000f0000000, 0x00000000f8300000, 0x00000000f8300000)
  object space 134144K, 17% used [0x00000000f0000000,0x00000000f16be958,0x00000000f8300000)
 Metaspace       used 52677K, capacity 55788K, committed 55936K, reserved 1097728K
  class space    used 6444K, capacity 6992K, committed 7040K, reserved 1048576K
2023-10-03T01:10:23.870+0800: 223.574: [GC (Allocation Failure) [PSYoungGen: 127264K->320K(127488K)] 150554K->23626K(261632K), 0.0057493 secs] [Times: user=0.03 sys=0.00, real=0.01 secs] 
Heap after GC invocations=90 (full 0):
 PSYoungGen      total 127488K, used 320K [0x00000000f8300000, 0x0000000100000000, 0x0000000100000000)
  eden space 126976K, 0% used [0x00000000f8300000,0x00000000f8300000,0x00000000fff00000)
  from space 512K, 62% used [0x00000000fff80000,0x00000000fffd0000,0x0000000100000000)
  to   space 512K, 0% used [0x00000000fff00000,0x00000000fff00000,0x00000000fff80000)
 ParOldGen       total 134144K, used 23306K [0x00000000f0000000, 0x00000000f8300000, 0x00000000f8300000)
  object space 134144K, 17% used [0x00000000f0000000,0x00000000f16c2958,0x00000000f8300000)
 Metaspace       used 52677K, capacity 55788K, committed 55936K, reserved 1097728K
  class space    used 6444K, capacity 6992K, committed 7040K, reserved 1048576K
}
{Heap before GC invocations=91 (full 0):
 PSYoungGen      total 127488K, used 127296K [0x00000000f8300000, 0x0000000100000000, 0x0000000100000000)
  eden space 126976K, 100% used [0x00000000f8300000,0x00000000fff00000,0x00000000fff00000)
  from space 512K, 62% used [0x00000000fff80000,0x00000000fffd0000,0x0000000100000000)
  to   space 512K, 0% used [0x00000000fff00000,0x00000000fff00000,0x00000000fff80000)
 ParOldGen       total 134144K, used 23306K [0x00000000f0000000, 0x00000000f8300000, 0x00000000f8300000)
  object space 134144K, 17% used [0x00000000f0000000,0x00000000f16c2958,0x00000000f8300000)
 Metaspace       used 52681K, capacity 55788K, committed 55936K, reserved 1097728K
  class space    used 6444K, capacity 6992K, committed 7040K, reserved 1048576K
2023-10-03T01:10:24.957+0800: 224.661: [GC (Allocation Failure) [PSYoungGen: 127296K->320K(127488K)] 150602K->23642K(261632K), 0.0056805 secs] [Times: user=0.02 sys=0.00, real=0.01 secs] 
Heap after GC invocations=91 (full 0):
 PSYoungGen      total 127488K, used 320K [0x00000000f8300000, 0x0000000100000000, 0x0000000100000000)
  eden space 126976K, 0% used [0x00000000f8300000,0x00000000f8300000,0x00000000fff00000)
  from space 512K, 62% used [0x00000000fff00000,0x00000000fff50000,0x00000000fff80000)
  to   space 512K, 0% used [0x00000000fff80000,0x00000000fff80000,0x0000000100000000)
 ParOldGen       total 134144K, used 23322K [0x00000000f0000000, 0x00000000f8300000, 0x00000000f8300000)
  object space 134144K, 17% used [0x00000000f0000000,0x00000000f16c6958,0x00000000f8300000)
 Metaspace       used 52681K, capacity 55788K, committed 55936K, reserved 1097728K
  class space    used 6444K, capacity 6992K, committed 7040K, reserved 1048576K
}
{Heap before GC invocations=92 (full 0):
 PSYoungGen      total 127488K, used 127296K [0x00000000f8300000, 0x0000000100000000, 0x0000000100000000)
  eden space 126976K, 100% used [0x00000000f8300000,0x00000000fff00000,0x00000000fff00000)
  from space 512K, 62% used [0x00000000fff00000,0x00000000fff50000,0x00000000fff80000)
  to   space 512K, 0% used [0x00000000fff80000,0x00000000fff80000,0x0000000100000000)
 ParOldGen       total 134144K, used 23322K [0x00000000f0000000, 0x00000000f8300000, 0x00000000f8300000)
  object space 134144K, 17% used [0x00000000f0000000,0x00000000f16c6958,0x00000000f8300000)
 Metaspace       used 52683K, capacity 55788K, committed 55936K, reserved 1097728K
  class space    used 6444K, capacity 6992K, committed 7040K, reserved 1048576K
2023-10-03T01:10:26.082+0800: 225.787: [GC (Allocation Failure) [PSYoungGen: 127296K->320K(127488K)] 150618K->23658K(261632K), 0.0060726 secs] [Times: user=0.02 sys=0.00, real=0.00 secs] 
Heap after GC invocations=92 (full 0):
 PSYoungGen      total 127488K, used 320K [0x00000000f8300000, 0x0000000100000000, 0x0000000100000000)
  eden space 126976K, 0% used [0x00000000f8300000,0x00000000f8300000,0x00000000fff00000)
  from space 512K, 62% used [0x00000000fff80000,0x00000000fffd0000,0x0000000100000000)
  to   space 512K, 0% used [0x00000000fff00000,0x00000000fff00000,0x00000000fff80000)
 ParOldGen       total 134144K, used 23338K [0x00000000f0000000, 0x00000000f8300000, 0x00000000f8300000)
  object space 134144K, 17% used [0x00000000f0000000,0x00000000f16ca958,0x00000000f8300000)
 Metaspace       used 52683K, capacity 55788K, committed 55936K, reserved 1097728K
  class space    used 6444K, capacity 6992K, committed 7040K, reserved 1048576K
}
{Heap before GC invocations=93 (full 0):
 PSYoungGen      total 127488K, used 127296K [0x00000000f8300000, 0x0000000100000000, 0x0000000100000000)
  eden space 126976K, 100% used [0x00000000f8300000,0x00000000fff00000,0x00000000fff00000)
  from space 512K, 62% used [0x00000000fff80000,0x00000000fffd0000,0x0000000100000000)
  to   space 512K, 0% used [0x00000000fff00000,0x00000000fff00000,0x00000000fff80000)
 ParOldGen       total 134144K, used 23338K [0x00000000f0000000, 0x00000000f8300000, 0x00000000f8300000)
  object space 134144K, 17% used [0x00000000f0000000,0x00000000f16ca958,0x00000000f8300000)
 Metaspace       used 52683K, capacity 55788K, committed 55936K, reserved 1097728K
  class space    used 6444K, capacity 6992K, committed 7040K, reserved 1048576K
2023-10-03T01:10:27.189+0800: 226.894: [GC (Allocation Failure) [PSYoungGen: 127296K->320K(127488K)] 150634K->23666K(261632K), 0.0056888 secs] [Times: user=0.02 sys=0.00, real=0.01 secs] 
Heap after GC invocations=93 (full 0):
 PSYoungGen      total 127488K, used 320K [0x00000000f8300000, 0x0000000100000000, 0x0000000100000000)
  eden space 126976K, 0% used [0x00000000f8300000,0x00000000f8300000,0x00000000fff00000)
  from space 512K, 62% used [0x00000000fff00000,0x00000000fff50000,0x00000000fff80000)
  to   space 512K, 0% used [0x00000000fff80000,0x00000000fff80000,0x0000000100000000)
 ParOldGen       total 134144K, used 23346K [0x00000000f0000000, 0x00000000f8300000, 0x00000000f8300000)
  object space 134144K, 17% used [0x00000000f0000000,0x00000000f16cc958,0x00000000f8300000)
 Metaspace       used 52683K, capacity 55788K, committed 55936K, reserved 1097728K
  class space    used 6444K, capacity 6992K, committed 7040K, reserved 1048576K
}
{Heap before GC invocations=94 (full 0):
 PSYoungGen      total 127488K, used 127296K [0x00000000f8300000, 0x0000000100000000, 0x0000000100000000)
  eden space 126976K, 100% used [0x00000000f8300000,0x00000000fff00000,0x00000000fff00000)
  from space 512K, 62% used [0x00000000fff00000,0x00000000fff50000,0x00000000fff80000)
  to   space 512K, 0% used [0x00000000fff80000,0x00000000fff80000,0x0000000100000000)
 ParOldGen       total 134144K, used 23346K [0x00000000f0000000, 0x00000000f8300000, 0x00000000f8300000)
  object space 134144K, 17% used [0x00000000f0000000,0x00000000f16cc958,0x00000000f8300000)
 Metaspace       used 52711K, capacity 55824K, committed 55936K, reserved 1097728K
  class space    used 6447K, capacity 6998K, committed 7040K, reserved 1048576K
2023-10-03T01:10:28.260+0800: 227.964: [GC (Allocation Failure) [PSYoungGen: 127296K->416K(127488K)] 150642K->23770K(261632K), 0.0059012 secs] [Times: user=0.03 sys=0.00, real=0.01 secs] 
Heap after GC invocations=94 (full 0):
 PSYoungGen      total 127488K, used 416K [0x00000000f8300000, 0x0000000100000000, 0x0000000100000000)
  eden space 126976K, 0% used [0x00000000f8300000,0x00000000f8300000,0x00000000fff00000)
  from space 512K, 81% used [0x00000000fff80000,0x00000000fffe8000,0x0000000100000000)
  to   space 512K, 0% used [0x00000000fff00000,0x00000000fff00000,0x00000000fff80000)
 ParOldGen       total 134144K, used 23354K [0x00000000f0000000, 0x00000000f8300000, 0x00000000f8300000)
  object space 134144K, 17% used [0x00000000f0000000,0x00000000f16ce958,0x00000000f8300000)
 Metaspace       used 52711K, capacity 55824K, committed 55936K, reserved 1097728K
  class space    used 6447K, capacity 6998K, committed 7040K, reserved 1048576K
}
{Heap before GC invocations=95 (full 0):
 PSYoungGen      total 127488K, used 127392K [0x00000000f8300000, 0x0000000100000000, 0x0000000100000000)
  eden space 126976K, 100% used [0x00000000f8300000,0x00000000fff00000,0x00000000fff00000)
  from space 512K, 81% used [0x00000000fff80000,0x00000000fffe8000,0x0000000100000000)
  to   space 512K, 0% used [0x00000000fff00000,0x00000000fff00000,0x00000000fff80000)
 ParOldGen       total 134144K, used 23354K [0x00000000f0000000, 0x00000000f8300000, 0x00000000f8300000)
  object space 134144K, 17% used [0x00000000f0000000,0x00000000f16ce958,0x00000000f8300000)
 Metaspace       used 52711K, capacity 55824K, committed 55936K, reserved 1097728K
  class space    used 6447K, capacity 6998K, committed 7040K, reserved 1048576K
2023-10-03T01:10:29.337+0800: 229.042: [GC (Allocation Failure) [PSYoungGen: 127392K->320K(127488K)] 150746K->23858K(261632K), 0.0057196 secs] [Times: user=0.02 sys=0.00, real=0.01 secs] 
Heap after GC invocations=95 (full 0):
 PSYoungGen      total 127488K, used 320K [0x00000000f8300000, 0x0000000100000000, 0x0000000100000000)
  eden space 126976K, 0% used [0x00000000f8300000,0x00000000f8300000,0x00000000fff00000)
  from space 512K, 62% used [0x00000000fff00000,0x00000000fff50000,0x00000000fff80000)
  to   space 512K, 0% used [0x00000000fff80000,0x00000000fff80000,0x0000000100000000)
 ParOldGen       total 134144K, used 23538K [0x00000000f0000000, 0x00000000f8300000, 0x00000000f8300000)
  object space 134144K, 17% used [0x00000000f0000000,0x00000000f16fc858,0x00000000f8300000)
 Metaspace       used 52711K, capacity 55824K, committed 55936K, reserved 1097728K
  class space    used 6447K, capacity 6998K, committed 7040K, reserved 1048576K
}
{Heap before GC invocations=96 (full 0):
 PSYoungGen      total 127488K, used 127296K [0x00000000f8300000, 0x0000000100000000, 0x0000000100000000)
  eden space 126976K, 100% used [0x00000000f8300000,0x00000000fff00000,0x00000000fff00000)
  from space 512K, 62% used [0x00000000fff00000,0x00000000fff50000,0x00000000fff80000)
  to   space 512K, 0% used [0x00000000fff80000,0x00000000fff80000,0x0000000100000000)
 ParOldGen       total 134144K, used 23538K [0x00000000f0000000, 0x00000000f8300000, 0x00000000f8300000)
  object space 134144K, 17% used [0x00000000f0000000,0x00000000f16fc858,0x00000000f8300000)
 Metaspace       used 52711K, capacity 55824K, committed 55936K, reserved 1097728K
  class space    used 6447K, capacity 6998K, committed 7040K, reserved 1048576K
2023-10-03T01:10:30.362+0800: 230.066: [GC (Allocation Failure) [PSYoungGen: 127296K->320K(127488K)] 150834K->23874K(261632K), 0.0014180 secs] [Times: user=0.00 sys=0.00, real=0.00 secs] 
Heap after GC invocations=96 (full 0):
 PSYoungGen      total 127488K, used 320K [0x00000000f8300000, 0x0000000100000000, 0x0000000100000000)
  eden space 126976K, 0% used [0x00000000f8300000,0x00000000f8300000,0x00000000fff00000)
  from space 512K, 62% used [0x00000000fff80000,0x00000000fffd0000,0x0000000100000000)
  to   space 512K, 0% used [0x00000000fff00000,0x00000000fff00000,0x00000000fff80000)
 ParOldGen       total 134144K, used 23554K [0x00000000f0000000, 0x00000000f8300000, 0x00000000f8300000)
  object space 134144K, 17% used [0x00000000f0000000,0x00000000f1700858,0x00000000f8300000)
 Metaspace       used 52711K, capacity 55824K, committed 55936K, reserved 1097728K
  class space    used 6447K, capacity 6998K, committed 7040K, reserved 1048576K
}
{Heap before GC invocations=97 (full 0):
 PSYoungGen      total 127488K, used 127296K [0x00000000f8300000, 0x0000000100000000, 0x0000000100000000)
  eden space 126976K, 100% used [0x00000000f8300000,0x00000000fff00000,0x00000000fff00000)
  from space 512K, 62% used [0x00000000fff80000,0x00000000fffd0000,0x0000000100000000)
  to   space 512K, 0% used [0x00000000fff00000,0x00000000fff00000,0x00000000fff80000)
 ParOldGen       total 134144K, used 23554K [0x00000000f0000000, 0x00000000f8300000, 0x00000000f8300000)
  object space 134144K, 17% used [0x00000000f0000000,0x00000000f1700858,0x00000000f8300000)
 Metaspace       used 52711K, capacity 55824K, committed 55936K, reserved 1097728K
  class space    used 6447K, capacity 6998K, committed 7040K, reserved 1048576K
2023-10-03T01:10:31.416+0800: 231.121: [GC (Allocation Failure) [PSYoungGen: 127296K->320K(127488K)] 150850K->23906K(261632K), 0.0056649 secs] [Times: user=0.02 sys=0.00, real=0.01 secs] 
Heap after GC invocations=97 (full 0):
 PSYoungGen      total 127488K, used 320K [0x00000000f8300000, 0x0000000100000000, 0x0000000100000000)
  eden space 126976K, 0% used [0x00000000f8300000,0x00000000f8300000,0x00000000fff00000)
  from space 512K, 62% used [0x00000000fff00000,0x00000000fff50000,0x00000000fff80000)
  to   space 512K, 0% used [0x00000000fff80000,0x00000000fff80000,0x0000000100000000)
 ParOldGen       total 134144K, used 23586K [0x00000000f0000000, 0x00000000f8300000, 0x00000000f8300000)
  object space 134144K, 17% used [0x00000000f0000000,0x00000000f1708858,0x00000000f8300000)
 Metaspace       used 52711K, capacity 55824K, committed 55936K, reserved 1097728K
  class space    used 6447K, capacity 6998K, committed 7040K, reserved 1048576K
}
{Heap before GC invocations=98 (full 0):
 PSYoungGen      total 127488K, used 127296K [0x00000000f8300000, 0x0000000100000000, 0x0000000100000000)
  eden space 126976K, 100% used [0x00000000f8300000,0x00000000fff00000,0x00000000fff00000)
  from space 512K, 62% used [0x00000000fff00000,0x00000000fff50000,0x00000000fff80000)
  to   space 512K, 0% used [0x00000000fff80000,0x00000000fff80000,0x0000000100000000)
 ParOldGen       total 134144K, used 23586K [0x00000000f0000000, 0x00000000f8300000, 0x00000000f8300000)
  object space 134144K, 17% used [0x00000000f0000000,0x00000000f1708858,0x00000000f8300000)
 Metaspace       used 52711K, capacity 55824K, committed 55936K, reserved 1097728K
  class space    used 6447K, capacity 6998K, committed 7040K, reserved 1048576K
2023-10-03T01:10:32.515+0800: 232.219: [GC (Allocation Failure) [PSYoungGen: 127296K->320K(127488K)] 150882K->23922K(261632K), 0.0056685 secs] [Times: user=0.02 sys=0.01, real=0.00 secs] 
Heap after GC invocations=98 (full 0):
 PSYoungGen      total 127488K, used 320K [0x00000000f8300000, 0x0000000100000000, 0x0000000100000000)
  eden space 126976K, 0% used [0x00000000f8300000,0x00000000f8300000,0x00000000fff00000)
  from space 512K, 62% used [0x00000000fff80000,0x00000000fffd0000,0x0000000100000000)
  to   space 512K, 0% used [0x00000000fff00000,0x00000000fff00000,0x00000000fff80000)
 ParOldGen       total 134144K, used 23602K [0x00000000f0000000, 0x00000000f8300000, 0x00000000f8300000)
  object space 134144K, 17% used [0x00000000f0000000,0x00000000f170c858,0x00000000f8300000)
 Metaspace       used 52711K, capacity 55824K, committed 55936K, reserved 1097728K
  class space    used 6447K, capacity 6998K, committed 7040K, reserved 1048576K
}
{Heap before GC invocations=99 (full 0):
 PSYoungGen      total 127488K, used 127296K [0x00000000f8300000, 0x0000000100000000, 0x0000000100000000)
  eden space 126976K, 100% used [0x00000000f8300000,0x00000000fff00000,0x00000000fff00000)
  from space 512K, 62% used [0x00000000fff80000,0x00000000fffd0000,0x0000000100000000)
  to   space 512K, 0% used [0x00000000fff00000,0x00000000fff00000,0x00000000fff80000)
 ParOldGen       total 134144K, used 23602K [0x00000000f0000000, 0x00000000f8300000, 0x00000000f8300000)
  object space 134144K, 17% used [0x00000000f0000000,0x00000000f170c858,0x00000000f8300000)
 Metaspace       used 52711K, capacity 55824K, committed 55936K, reserved 1097728K
  class space    used 6447K, capacity 6998K, committed 7040K, reserved 1048576K
2023-10-03T01:10:33.625+0800: 233.330: [GC (Allocation Failure) [PSYoungGen: 127296K->320K(127488K)] 150898K->23922K(261632K), 0.0056616 secs] [Times: user=0.02 sys=0.01, real=0.00 secs] 
Heap after GC invocations=99 (full 0):
 PSYoungGen      total 127488K, used 320K [0x00000000f8300000, 0x0000000100000000, 0x0000000100000000)
  eden space 126976K, 0% used [0x00000000f8300000,0x00000000f8300000,0x00000000fff00000)
  from space 512K, 62% used [0x00000000fff00000,0x00000000fff50000,0x00000000fff80000)
  to   space 512K, 0% used [0x00000000fff80000,0x00000000fff80000,0x0000000100000000)
 ParOldGen       total 134144K, used 23602K [0x00000000f0000000, 0x00000000f8300000, 0x00000000f8300000)
  object space 134144K, 17% used [0x00000000f0000000,0x00000000f170c858,0x00000000f8300000)
 Metaspace       used 52711K, capacity 55824K, committed 55936K, reserved 1097728K
  class space    used 6447K, capacity 6998K, committed 7040K, reserved 1048576K
}
{Heap before GC invocations=100 (full 0):
 PSYoungGen      total 127488K, used 127296K [0x00000000f8300000, 0x0000000100000000, 0x0000000100000000)
  eden space 126976K, 100% used [0x00000000f8300000,0x00000000fff00000,0x00000000fff00000)
  from space 512K, 62% used [0x00000000fff00000,0x00000000fff50000,0x00000000fff80000)
  to   space 512K, 0% used [0x00000000fff80000,0x00000000fff80000,0x0000000100000000)
 ParOldGen       total 134144K, used 23602K [0x00000000f0000000, 0x00000000f8300000, 0x00000000f8300000)
  object space 134144K, 17% used [0x00000000f0000000,0x00000000f170c858,0x00000000f8300000)
 Metaspace       used 52711K, capacity 55824K, committed 55936K, reserved 1097728K
  class space    used 6447K, capacity 6998K, committed 7040K, reserved 1048576K
2023-10-03T01:10:34.714+0800: 234.418: [GC (Allocation Failure) [PSYoungGen: 127296K->352K(127488K)] 150898K->23978K(261632K), 0.0056324 secs] [Times: user=0.02 sys=0.00, real=0.00 secs] 
Heap after GC invocations=100 (full 0):
 PSYoungGen      total 127488K, used 352K [0x00000000f8300000, 0x0000000100000000, 0x0000000100000000)
  eden space 126976K, 0% used [0x00000000f8300000,0x00000000f8300000,0x00000000fff00000)
  from space 512K, 68% used [0x00000000fff80000,0x00000000fffd8000,0x0000000100000000)
  to   space 512K, 0% used [0x00000000fff00000,0x00000000fff00000,0x00000000fff80000)
 ParOldGen       total 134144K, used 23626K [0x00000000f0000000, 0x00000000f8300000, 0x00000000f8300000)
  object space 134144K, 17% used [0x00000000f0000000,0x00000000f1712858,0x00000000f8300000)
 Metaspace       used 52711K, capacity 55824K, committed 55936K, reserved 1097728K
  class space    used 6447K, capacity 6998K, committed 7040K, reserved 1048576K
}
{Heap before GC invocations=101 (full 0):
 PSYoungGen      total 127488K, used 127328K [0x00000000f8300000, 0x0000000100000000, 0x0000000100000000)
  eden space 126976K, 100% used [0x00000000f8300000,0x00000000fff00000,0x00000000fff00000)
  from space 512K, 68% used [0x00000000fff80000,0x00000000fffd8000,0x0000000100000000)
  to   space 512K, 0% used [0x00000000fff00000,0x00000000fff00000,0x00000000fff80000)
 ParOldGen       total 134144K, used 23626K [0x00000000f0000000, 0x00000000f8300000, 0x00000000f8300000)
  object space 134144K, 17% used [0x00000000f0000000,0x00000000f1712858,0x00000000f8300000)
 Metaspace       used 52713K, capacity 55824K, committed 55936K, reserved 1097728K
  class space    used 6447K, capacity 6998K, committed 7040K, reserved 1048576K
2023-10-03T01:10:35.811+0800: 235.516: [GC (Allocation Failure) [PSYoungGen: 127328K->320K(127488K)] 150954K->23970K(261632K), 0.0057604 secs] [Times: user=0.02 sys=0.01, real=0.01 secs] 
Heap after GC invocations=101 (full 0):
 PSYoungGen      total 127488K, used 320K [0x00000000f8300000, 0x0000000100000000, 0x0000000100000000)
  eden space 126976K, 0% used [0x00000000f8300000,0x00000000f8300000,0x00000000fff00000)
  from space 512K, 62% used [0x00000000fff00000,0x00000000fff50000,0x00000000fff80000)
  to   space 512K, 0% used [0x00000000fff80000,0x00000000fff80000,0x0000000100000000)
 ParOldGen       total 134144K, used 23650K [0x00000000f0000000, 0x00000000f8300000, 0x00000000f8300000)
  object space 134144K, 17% used [0x00000000f0000000,0x00000000f1718858,0x00000000f8300000)
 Metaspace       used 52713K, capacity 55824K, committed 55936K, reserved 1097728K
  class space    used 6447K, capacity 6998K, committed 7040K, reserved 1048576K
}
{Heap before GC invocations=102 (full 0):
 PSYoungGen      total 127488K, used 127296K [0x00000000f8300000, 0x0000000100000000, 0x0000000100000000)
  eden space 126976K, 100% used [0x00000000f8300000,0x00000000fff00000,0x00000000fff00000)
  from space 512K, 62% used [0x00000000fff00000,0x00000000fff50000,0x00000000fff80000)
  to   space 512K, 0% used [0x00000000fff80000,0x00000000fff80000,0x0000000100000000)
 ParOldGen       total 134144K, used 23650K [0x00000000f0000000, 0x00000000f8300000, 0x00000000f8300000)
  object space 134144K, 17% used [0x00000000f0000000,0x00000000f1718858,0x00000000f8300000)
 Metaspace       used 52713K, capacity 55824K, committed 55936K, reserved 1097728K
  class space    used 6447K, capacity 6998K, committed 7040K, reserved 1048576K
2023-10-03T01:10:36.889+0800: 236.593: [GC (Allocation Failure) [PSYoungGen: 127296K->320K(127488K)] 150946K->23994K(261632K), 0.0053595 secs] [Times: user=0.02 sys=0.01, real=0.01 secs] 
Heap after GC invocations=102 (full 0):
 PSYoungGen      total 127488K, used 320K [0x00000000f8300000, 0x0000000100000000, 0x0000000100000000)
  eden space 126976K, 0% used [0x00000000f8300000,0x00000000f8300000,0x00000000fff00000)
  from space 512K, 62% used [0x00000000fff80000,0x00000000fffd0000,0x0000000100000000)
  to   space 512K, 0% used [0x00000000fff00000,0x00000000fff00000,0x00000000fff80000)
 ParOldGen       total 134144K, used 23674K [0x00000000f0000000, 0x00000000f8300000, 0x00000000f8300000)
  object space 134144K, 17% used [0x00000000f0000000,0x00000000f171e858,0x00000000f8300000)
 Metaspace       used 52713K, capacity 55824K, committed 55936K, reserved 1097728K
  class space    used 6447K, capacity 6998K, committed 7040K, reserved 1048576K
}
{Heap before GC invocations=103 (full 0):
 PSYoungGen      total 127488K, used 127296K [0x00000000f8300000, 0x0000000100000000, 0x0000000100000000)
  eden space 126976K, 100% used [0x00000000f8300000,0x00000000fff00000,0x00000000fff00000)
  from space 512K, 62% used [0x00000000fff80000,0x00000000fffd0000,0x0000000100000000)
  to   space 512K, 0% used [0x00000000fff00000,0x00000000fff00000,0x00000000fff80000)
 ParOldGen       total 134144K, used 23674K [0x00000000f0000000, 0x00000000f8300000, 0x00000000f8300000)
  object space 134144K, 17% used [0x00000000f0000000,0x00000000f171e858,0x00000000f8300000)
 Metaspace       used 52713K, capacity 55824K, committed 55936K, reserved 1097728K
  class space    used 6447K, capacity 6998K, committed 7040K, reserved 1048576K
2023-10-03T01:10:37.973+0800: 237.678: [GC (Allocation Failure) [PSYoungGen: 127296K->320K(127488K)] 150970K->24010K(261632K), 0.0058283 secs] [Times: user=0.02 sys=0.00, real=0.00 secs] 
Heap after GC invocations=103 (full 0):
 PSYoungGen      total 127488K, used 320K [0x00000000f8300000, 0x0000000100000000, 0x0000000100000000)
  eden space 126976K, 0% used [0x00000000f8300000,0x00000000f8300000,0x00000000fff00000)
  from space 512K, 62% used [0x00000000fff00000,0x00000000fff50000,0x00000000fff80000)
  to   space 512K, 0% used [0x00000000fff80000,0x00000000fff80000,0x0000000100000000)
 ParOldGen       total 134144K, used 23690K [0x00000000f0000000, 0x00000000f8300000, 0x00000000f8300000)
  object space 134144K, 17% used [0x00000000f0000000,0x00000000f1722858,0x00000000f8300000)
 Metaspace       used 52713K, capacity 55824K, committed 55936K, reserved 1097728K
  class space    used 6447K, capacity 6998K, committed 7040K, reserved 1048576K
}
{Heap before GC invocations=104 (full 0):
 PSYoungGen      total 127488K, used 127296K [0x00000000f8300000, 0x0000000100000000, 0x0000000100000000)
  eden space 126976K, 100% used [0x00000000f8300000,0x00000000fff00000,0x00000000fff00000)
  from space 512K, 62% used [0x00000000fff00000,0x00000000fff50000,0x00000000fff80000)
  to   space 512K, 0% used [0x00000000fff80000,0x00000000fff80000,0x0000000100000000)
 ParOldGen       total 134144K, used 23690K [0x00000000f0000000, 0x00000000f8300000, 0x00000000f8300000)
  object space 134144K, 17% used [0x00000000f0000000,0x00000000f1722858,0x00000000f8300000)
 Metaspace       used 52713K, capacity 55824K, committed 55936K, reserved 1097728K
  class space    used 6447K, capacity 6998K, committed 7040K, reserved 1048576K
2023-10-03T01:10:39.039+0800: 238.743: [GC (Allocation Failure) [PSYoungGen: 127296K->320K(127488K)] 150986K->24026K(261632K), 0.0054440 secs] [Times: user=0.02 sys=0.00, real=0.01 secs] 
Heap after GC invocations=104 (full 0):
 PSYoungGen      total 127488K, used 320K [0x00000000f8300000, 0x0000000100000000, 0x0000000100000000)
  eden space 126976K, 0% used [0x00000000f8300000,0x00000000f8300000,0x00000000fff00000)
  from space 512K, 62% used [0x00000000fff80000,0x00000000fffd0000,0x0000000100000000)
  to   space 512K, 0% used [0x00000000fff00000,0x00000000fff00000,0x00000000fff80000)
 ParOldGen       total 134144K, used 23706K [0x00000000f0000000, 0x00000000f8300000, 0x00000000f8300000)
  object space 134144K, 17% used [0x00000000f0000000,0x00000000f1726858,0x00000000f8300000)
 Metaspace       used 52713K, capacity 55824K, committed 55936K, reserved 1097728K
  class space    used 6447K, capacity 6998K, committed 7040K, reserved 1048576K
}
{Heap before GC invocations=105 (full 0):
 PSYoungGen      total 127488K, used 127296K [0x00000000f8300000, 0x0000000100000000, 0x0000000100000000)
  eden space 126976K, 100% used [0x00000000f8300000,0x00000000fff00000,0x00000000fff00000)
  from space 512K, 62% used [0x00000000fff80000,0x00000000fffd0000,0x0000000100000000)
  to   space 512K, 0% used [0x00000000fff00000,0x00000000fff00000,0x00000000fff80000)
 ParOldGen       total 134144K, used 23706K [0x00000000f0000000, 0x00000000f8300000, 0x00000000f8300000)
  object space 134144K, 17% used [0x00000000f0000000,0x00000000f1726858,0x00000000f8300000)
 Metaspace       used 52716K, capacity 55824K, committed 55936K, reserved 1097728K
  class space    used 6447K, capacity 6998K, committed 7040K, reserved 1048576K
2023-10-03T01:10:40.845+0800: 240.550: [GC (Allocation Failure) [PSYoungGen: 127296K->384K(127488K)] 151002K->24098K(261632K), 0.0056500 secs] [Times: user=0.02 sys=0.00, real=0.00 secs] 
Heap after GC invocations=105 (full 0):
 PSYoungGen      total 127488K, used 384K [0x00000000f8300000, 0x0000000100000000, 0x0000000100000000)
  eden space 126976K, 0% used [0x00000000f8300000,0x00000000f8300000,0x00000000fff00000)
  from space 512K, 75% used [0x00000000fff00000,0x00000000fff60000,0x00000000fff80000)
  to   space 512K, 0% used [0x00000000fff80000,0x00000000fff80000,0x0000000100000000)
 ParOldGen       total 134144K, used 23714K [0x00000000f0000000, 0x00000000f8300000, 0x00000000f8300000)
  object space 134144K, 17% used [0x00000000f0000000,0x00000000f1728858,0x00000000f8300000)
 Metaspace       used 52716K, capacity 55824K, committed 55936K, reserved 1097728K
  class space    used 6447K, capacity 6998K, committed 7040K, reserved 1048576K
}
{Heap before GC invocations=106 (full 0):
 PSYoungGen      total 127488K, used 127360K [0x00000000f8300000, 0x0000000100000000, 0x0000000100000000)
  eden space 126976K, 100% used [0x00000000f8300000,0x00000000fff00000,0x00000000fff00000)
  from space 512K, 75% used [0x00000000fff00000,0x00000000fff60000,0x00000000fff80000)
  to   space 512K, 0% used [0x00000000fff80000,0x00000000fff80000,0x0000000100000000)
 ParOldGen       total 134144K, used 23714K [0x00000000f0000000, 0x00000000f8300000, 0x00000000f8300000)
  object space 134144K, 17% used [0x00000000f0000000,0x00000000f1728858,0x00000000f8300000)
 Metaspace       used 52716K, capacity 55824K, committed 55936K, reserved 1097728K
  class space    used 6447K, capacity 6998K, committed 7040K, reserved 1048576K
2023-10-03T01:10:41.695+0800: 241.400: [GC (Allocation Failure) [PSYoungGen: 127360K->496K(126464K)] 151074K->24498K(260608K), 0.0041088 secs] [Times: user=0.01 sys=0.00, real=0.00 secs] 
Heap after GC invocations=106 (full 0):
 PSYoungGen      total 126464K, used 496K [0x00000000f8300000, 0x0000000100000000, 0x0000000100000000)
  eden space 125952K, 0% used [0x00000000f8300000,0x00000000f8300000,0x00000000ffe00000)
  from space 512K, 96% used [0x00000000fff80000,0x00000000ffffc030,0x0000000100000000)
  to   space 1024K, 0% used [0x00000000ffe00000,0x00000000ffe00000,0x00000000fff00000)
 ParOldGen       total 134144K, used 24002K [0x00000000f0000000, 0x00000000f8300000, 0x00000000f8300000)
  object space 134144K, 17% used [0x00000000f0000000,0x00000000f1770818,0x00000000f8300000)
 Metaspace       used 52716K, capacity 55824K, committed 55936K, reserved 1097728K
  class space    used 6447K, capacity 6998K, committed 7040K, reserved 1048576K
}
{Heap before GC invocations=107 (full 0):
 PSYoungGen      total 126464K, used 126448K [0x00000000f8300000, 0x0000000100000000, 0x0000000100000000)
  eden space 125952K, 100% used [0x00000000f8300000,0x00000000ffe00000,0x00000000ffe00000)
  from space 512K, 96% used [0x00000000fff80000,0x00000000ffffc030,0x0000000100000000)
  to   space 1024K, 0% used [0x00000000ffe00000,0x00000000ffe00000,0x00000000fff00000)
 ParOldGen       total 134144K, used 24002K [0x00000000f0000000, 0x00000000f8300000, 0x00000000f8300000)
  object space 134144K, 17% used [0x00000000f0000000,0x00000000f1770818,0x00000000f8300000)
 Metaspace       used 52716K, capacity 55824K, committed 55936K, reserved 1097728K
  class space    used 6447K, capacity 6998K, committed 7040K, reserved 1048576K
2023-10-03T01:10:42.517+0800: 242.221: [GC (Allocation Failure) [PSYoungGen: 126448K->288K(126976K)] 150450K->24625K(261120K), 0.0038479 secs] [Times: user=0.02 sys=0.00, real=0.01 secs] 
Heap after GC invocations=107 (full 0):
 PSYoungGen      total 126976K, used 288K [0x00000000f8300000, 0x0000000100000000, 0x0000000100000000)
  eden space 125952K, 0% used [0x00000000f8300000,0x00000000f8300000,0x00000000ffe00000)
  from space 1024K, 28% used [0x00000000ffe00000,0x00000000ffe48000,0x00000000fff00000)
  to   space 1024K, 0% used [0x00000000fff00000,0x00000000fff00000,0x0000000100000000)
 ParOldGen       total 134144K, used 24337K [0x00000000f0000000, 0x00000000f8300000, 0x00000000f8300000)
  object space 134144K, 18% used [0x00000000f0000000,0x00000000f17c45c8,0x00000000f8300000)
 Metaspace       used 52716K, capacity 55824K, committed 55936K, reserved 1097728K
  class space    used 6447K, capacity 6998K, committed 7040K, reserved 1048576K
}
{Heap before GC invocations=108 (full 0):
 PSYoungGen      total 126976K, used 126240K [0x00000000f8300000, 0x0000000100000000, 0x0000000100000000)
  eden space 125952K, 100% used [0x00000000f8300000,0x00000000ffe00000,0x00000000ffe00000)
  from space 1024K, 28% used [0x00000000ffe00000,0x00000000ffe48000,0x00000000fff00000)
  to   space 1024K, 0% used [0x00000000fff00000,0x00000000fff00000,0x0000000100000000)
 ParOldGen       total 134144K, used 24337K [0x00000000f0000000, 0x00000000f8300000, 0x00000000f8300000)
  object space 134144K, 18% used [0x00000000f0000000,0x00000000f17c45c8,0x00000000f8300000)
 Metaspace       used 52716K, capacity 55824K, committed 55936K, reserved 1097728K
  class space    used 6447K, capacity 6998K, committed 7040K, reserved 1048576K
2023-10-03T01:10:43.358+0800: 243.063: [GC (Allocation Failure) [PSYoungGen: 126240K->320K(126976K)] 150577K->24697K(261120K), 0.0058058 secs] [Times: user=0.02 sys=0.01, real=0.01 secs] 
Heap after GC invocations=108 (full 0):
 PSYoungGen      total 126976K, used 320K [0x00000000f8300000, 0x0000000100000000, 0x0000000100000000)
  eden space 125952K, 0% used [0x00000000f8300000,0x00000000f8300000,0x00000000ffe00000)
  from space 1024K, 31% used [0x00000000fff00000,0x00000000fff50000,0x0000000100000000)
  to   space 1024K, 0% used [0x00000000ffe00000,0x00000000ffe00000,0x00000000fff00000)
 ParOldGen       total 134144K, used 24377K [0x00000000f0000000, 0x00000000f8300000, 0x00000000f8300000)
  object space 134144K, 18% used [0x00000000f0000000,0x00000000f17ce5c8,0x00000000f8300000)
 Metaspace       used 52716K, capacity 55824K, committed 55936K, reserved 1097728K
  class space    used 6447K, capacity 6998K, committed 7040K, reserved 1048576K
}
{Heap before GC invocations=109 (full 0):
 PSYoungGen      total 126976K, used 126272K [0x00000000f8300000, 0x0000000100000000, 0x0000000100000000)
  eden space 125952K, 100% used [0x00000000f8300000,0x00000000ffe00000,0x00000000ffe00000)
  from space 1024K, 31% used [0x00000000fff00000,0x00000000fff50000,0x0000000100000000)
  to   space 1024K, 0% used [0x00000000ffe00000,0x00000000ffe00000,0x00000000fff00000)
 ParOldGen       total 134144K, used 24377K [0x00000000f0000000, 0x00000000f8300000, 0x00000000f8300000)
  object space 134144K, 18% used [0x00000000f0000000,0x00000000f17ce5c8,0x00000000f8300000)
 Metaspace       used 52716K, capacity 55824K, committed 55936K, reserved 1097728K
  class space    used 6447K, capacity 6998K, committed 7040K, reserved 1048576K
2023-10-03T01:10:44.185+0800: 243.889: [GC (Allocation Failure) [PSYoungGen: 126272K->320K(126976K)] 150649K->24753K(261120K), 0.0057039 secs] [Times: user=0.02 sys=0.00, real=0.00 secs] 
Heap after GC invocations=109 (full 0):
 PSYoungGen      total 126976K, used 320K [0x00000000f8300000, 0x0000000100000000, 0x0000000100000000)
  eden space 125952K, 0% used [0x00000000f8300000,0x00000000f8300000,0x00000000ffe00000)
  from space 1024K, 31% used [0x00000000ffe00000,0x00000000ffe50000,0x00000000fff00000)
  to   space 1024K, 0% used [0x00000000fff00000,0x00000000fff00000,0x0000000100000000)
 ParOldGen       total 134144K, used 24433K [0x00000000f0000000, 0x00000000f8300000, 0x00000000f8300000)
  object space 134144K, 18% used [0x00000000f0000000,0x00000000f17dc5c8,0x00000000f8300000)
 Metaspace       used 52716K, capacity 55824K, committed 55936K, reserved 1097728K
  class space    used 6447K, capacity 6998K, committed 7040K, reserved 1048576K
}
{Heap before GC invocations=110 (full 0):
 PSYoungGen      total 126976K, used 126272K [0x00000000f8300000, 0x0000000100000000, 0x0000000100000000)
  eden space 125952K, 100% used [0x00000000f8300000,0x00000000ffe00000,0x00000000ffe00000)
  from space 1024K, 31% used [0x00000000ffe00000,0x00000000ffe50000,0x00000000fff00000)
  to   space 1024K, 0% used [0x00000000fff00000,0x00000000fff00000,0x0000000100000000)
 ParOldGen       total 134144K, used 24433K [0x00000000f0000000, 0x00000000f8300000, 0x00000000f8300000)
  object space 134144K, 18% used [0x00000000f0000000,0x00000000f17dc5c8,0x00000000f8300000)
 Metaspace       used 52716K, capacity 55824K, committed 55936K, reserved 1097728K
  class space    used 6447K, capacity 6998K, committed 7040K, reserved 1048576K
2023-10-03T01:10:45.014+0800: 244.718: [GC (Allocation Failure) [PSYoungGen: 126272K->320K(126976K)] 150705K->24785K(261120K), 0.0041015 secs] [Times: user=0.02 sys=0.00, real=0.00 secs] 
Heap after GC invocations=110 (full 0):
 PSYoungGen      total 126976K, used 320K [0x00000000f8300000, 0x0000000100000000, 0x0000000100000000)
  eden space 125952K, 0% used [0x00000000f8300000,0x00000000f8300000,0x00000000ffe00000)
  from space 1024K, 31% used [0x00000000fff00000,0x00000000fff50000,0x0000000100000000)
  to   space 1024K, 0% used [0x00000000ffe00000,0x00000000ffe00000,0x00000000fff00000)
 ParOldGen       total 134144K, used 24465K [0x00000000f0000000, 0x00000000f8300000, 0x00000000f8300000)
  object space 134144K, 18% used [0x00000000f0000000,0x00000000f17e45c8,0x00000000f8300000)
 Metaspace       used 52716K, capacity 55824K, committed 55936K, reserved 1097728K
  class space    used 6447K, capacity 6998K, committed 7040K, reserved 1048576K
}
{Heap before GC invocations=111 (full 0):
 PSYoungGen      total 126976K, used 126272K [0x00000000f8300000, 0x0000000100000000, 0x0000000100000000)
  eden space 125952K, 100% used [0x00000000f8300000,0x00000000ffe00000,0x00000000ffe00000)
  from space 1024K, 31% used [0x00000000fff00000,0x00000000fff50000,0x0000000100000000)
  to   space 1024K, 0% used [0x00000000ffe00000,0x00000000ffe00000,0x00000000fff00000)
 ParOldGen       total 134144K, used 24465K [0x00000000f0000000, 0x00000000f8300000, 0x00000000f8300000)
  object space 134144K, 18% used [0x00000000f0000000,0x00000000f17e45c8,0x00000000f8300000)
 Metaspace       used 52716K, capacity 55824K, committed 55936K, reserved 1097728K
  class space    used 6447K, capacity 6998K, committed 7040K, reserved 1048576K
2023-10-03T01:10:45.836+0800: 245.541: [GC (Allocation Failure) [PSYoungGen: 126272K->352K(126976K)] 150737K->24841K(261120K), 0.0041133 secs] [Times: user=0.02 sys=0.00, real=0.00 secs] 
Heap after GC invocations=111 (full 0):
 PSYoungGen      total 126976K, used 352K [0x00000000f8300000, 0x0000000100000000, 0x0000000100000000)
  eden space 125952K, 0% used [0x00000000f8300000,0x00000000f8300000,0x00000000ffe00000)
  from space 1024K, 34% used [0x00000000ffe00000,0x00000000ffe58000,0x00000000fff00000)
  to   space 512K, 0% used [0x00000000fff80000,0x00000000fff80000,0x0000000100000000)
 ParOldGen       total 134144K, used 24489K [0x00000000f0000000, 0x00000000f8300000, 0x00000000f8300000)
  object space 134144K, 18% used [0x00000000f0000000,0x00000000f17ea5c8,0x00000000f8300000)
 Metaspace       used 52716K, capacity 55824K, committed 55936K, reserved 1097728K
  class space    used 6447K, capacity 6998K, committed 7040K, reserved 1048576K
}
{Heap before GC invocations=112 (full 0):
 PSYoungGen      total 126976K, used 126304K [0x00000000f8300000, 0x0000000100000000, 0x0000000100000000)
  eden space 125952K, 100% used [0x00000000f8300000,0x00000000ffe00000,0x00000000ffe00000)
  from space 1024K, 34% used [0x00000000ffe00000,0x00000000ffe58000,0x00000000fff00000)
  to   space 512K, 0% used [0x00000000fff80000,0x00000000fff80000,0x0000000100000000)
 ParOldGen       total 134144K, used 24489K [0x00000000f0000000, 0x00000000f8300000, 0x00000000f8300000)
  object space 134144K, 18% used [0x00000000f0000000,0x00000000f17ea5c8,0x00000000f8300000)
 Metaspace       used 52716K, capacity 55824K, committed 55936K, reserved 1097728K
  class space    used 6447K, capacity 6998K, committed 7040K, reserved 1048576K
2023-10-03T01:10:46.664+0800: 246.369: [GC (Allocation Failure) [PSYoungGen: 126304K->320K(127488K)] 150793K->24841K(261632K), 0.0059272 secs] [Times: user=0.02 sys=0.00, real=0.00 secs] 
Heap after GC invocations=112 (full 0):
 PSYoungGen      total 127488K, used 320K [0x00000000f8300000, 0x0000000100000000, 0x0000000100000000)
  eden space 126976K, 0% used [0x00000000f8300000,0x00000000f8300000,0x00000000fff00000)
  from space 512K, 62% used [0x00000000fff80000,0x00000000fffd0000,0x0000000100000000)
  to   space 512K, 0% used [0x00000000fff00000,0x00000000fff00000,0x00000000fff80000)
 ParOldGen       total 134144K, used 24521K [0x00000000f0000000, 0x00000000f8300000, 0x00000000f8300000)
  object space 134144K, 18% used [0x00000000f0000000,0x00000000f17f25c8,0x00000000f8300000)
 Metaspace       used 52716K, capacity 55824K, committed 55936K, reserved 1097728K
  class space    used 6447K, capacity 6998K, committed 7040K, reserved 1048576K
}
{Heap before GC invocations=113 (full 0):
 PSYoungGen      total 127488K, used 127296K [0x00000000f8300000, 0x0000000100000000, 0x0000000100000000)
  eden space 126976K, 100% used [0x00000000f8300000,0x00000000fff00000,0x00000000fff00000)
  from space 512K, 62% used [0x00000000fff80000,0x00000000fffd0000,0x0000000100000000)
  to   space 512K, 0% used [0x00000000fff00000,0x00000000fff00000,0x00000000fff80000)
 ParOldGen       total 134144K, used 24521K [0x00000000f0000000, 0x00000000f8300000, 0x00000000f8300000)
  object space 134144K, 18% used [0x00000000f0000000,0x00000000f17f25c8,0x00000000f8300000)
 Metaspace       used 52716K, capacity 55824K, committed 55936K, reserved 1097728K
  class space    used 6447K, capacity 6998K, committed 7040K, reserved 1048576K
2023-10-03T01:10:47.505+0800: 247.209: [GC (Allocation Failure) [PSYoungGen: 127296K->320K(127488K)] 151817K->24897K(261632K), 0.0058970 secs] [Times: user=0.02 sys=0.00, real=0.00 secs] 
Heap after GC invocations=113 (full 0):
 PSYoungGen      total 127488K, used 320K [0x00000000f8300000, 0x0000000100000000, 0x0000000100000000)
  eden space 126976K, 0% used [0x00000000f8300000,0x00000000f8300000,0x00000000fff00000)
  from space 512K, 62% used [0x00000000fff00000,0x00000000fff50000,0x00000000fff80000)
  to   space 512K, 0% used [0x00000000fff80000,0x00000000fff80000,0x0000000100000000)
 ParOldGen       total 134144K, used 24577K [0x00000000f0000000, 0x00000000f8300000, 0x00000000f8300000)
  object space 134144K, 18% used [0x00000000f0000000,0x00000000f18005c8,0x00000000f8300000)
 Metaspace       used 52716K, capacity 55824K, committed 55936K, reserved 1097728K
  class space    used 6447K, capacity 6998K, committed 7040K, reserved 1048576K
}
{Heap before GC invocations=114 (full 0):
 PSYoungGen      total 127488K, used 127296K [0x00000000f8300000, 0x0000000100000000, 0x0000000100000000)
  eden space 126976K, 100% used [0x00000000f8300000,0x00000000fff00000,0x00000000fff00000)
  from space 512K, 62% used [0x00000000fff00000,0x00000000fff50000,0x00000000fff80000)
  to   space 512K, 0% used [0x00000000fff80000,0x00000000fff80000,0x0000000100000000)
 ParOldGen       total 134144K, used 24577K [0x00000000f0000000, 0x00000000f8300000, 0x00000000f8300000)
  object space 134144K, 18% used [0x00000000f0000000,0x00000000f18005c8,0x00000000f8300000)
 Metaspace       used 52716K, capacity 55824K, committed 55936K, reserved 1097728K
  class space    used 6447K, capacity 6998K, committed 7040K, reserved 1048576K
2023-10-03T01:10:48.330+0800: 248.034: [GC (Allocation Failure) [PSYoungGen: 127296K->320K(127488K)] 151873K->24969K(261632K), 0.0060067 secs] [Times: user=0.01 sys=0.02, real=0.01 secs] 
Heap after GC invocations=114 (full 0):
 PSYoungGen      total 127488K, used 320K [0x00000000f8300000, 0x0000000100000000, 0x0000000100000000)
  eden space 126976K, 0% used [0x00000000f8300000,0x00000000f8300000,0x00000000fff00000)
  from space 512K, 62% used [0x00000000fff80000,0x00000000fffd0000,0x0000000100000000)
  to   space 512K, 0% used [0x00000000fff00000,0x00000000fff00000,0x00000000fff80000)
 ParOldGen       total 134144K, used 24649K [0x00000000f0000000, 0x00000000f8300000, 0x00000000f8300000)
  object space 134144K, 18% used [0x00000000f0000000,0x00000000f18125c8,0x00000000f8300000)
 Metaspace       used 52716K, capacity 55824K, committed 55936K, reserved 1097728K
  class space    used 6447K, capacity 6998K, committed 7040K, reserved 1048576K
}
{Heap before GC invocations=115 (full 0):
 PSYoungGen      total 127488K, used 127296K [0x00000000f8300000, 0x0000000100000000, 0x0000000100000000)
  eden space 126976K, 100% used [0x00000000f8300000,0x00000000fff00000,0x00000000fff00000)
  from space 512K, 62% used [0x00000000fff80000,0x00000000fffd0000,0x0000000100000000)
  to   space 512K, 0% used [0x00000000fff00000,0x00000000fff00000,0x00000000fff80000)
 ParOldGen       total 134144K, used 24649K [0x00000000f0000000, 0x00000000f8300000, 0x00000000f8300000)
  object space 134144K, 18% used [0x00000000f0000000,0x00000000f18125c8,0x00000000f8300000)
 Metaspace       used 52717K, capacity 55824K, committed 55936K, reserved 1097728K
  class space    used 6447K, capacity 6998K, committed 7040K, reserved 1048576K
2023-10-03T01:10:49.201+0800: 248.906: [GC (Allocation Failure) [PSYoungGen: 127296K->320K(127488K)] 151945K->25025K(261632K), 0.0056311 secs] [Times: user=0.02 sys=0.00, real=0.01 secs] 
Heap after GC invocations=115 (full 0):
 PSYoungGen      total 127488K, used 320K [0x00000000f8300000, 0x0000000100000000, 0x0000000100000000)
  eden space 126976K, 0% used [0x00000000f8300000,0x00000000f8300000,0x00000000fff00000)
  from space 512K, 62% used [0x00000000fff00000,0x00000000fff50000,0x00000000fff80000)
  to   space 512K, 0% used [0x00000000fff80000,0x00000000fff80000,0x0000000100000000)
 ParOldGen       total 134144K, used 24705K [0x00000000f0000000, 0x00000000f8300000, 0x00000000f8300000)
  object space 134144K, 18% used [0x00000000f0000000,0x00000000f18205c8,0x00000000f8300000)
 Metaspace       used 52717K, capacity 55824K, committed 55936K, reserved 1097728K
  class space    used 6447K, capacity 6998K, committed 7040K, reserved 1048576K
}
{Heap before GC invocations=116 (full 0):
 PSYoungGen      total 127488K, used 127296K [0x00000000f8300000, 0x0000000100000000, 0x0000000100000000)
  eden space 126976K, 100% used [0x00000000f8300000,0x00000000fff00000,0x00000000fff00000)
  from space 512K, 62% used [0x00000000fff00000,0x00000000fff50000,0x00000000fff80000)
  to   space 512K, 0% used [0x00000000fff80000,0x00000000fff80000,0x0000000100000000)
 ParOldGen       total 134144K, used 24705K [0x00000000f0000000, 0x00000000f8300000, 0x00000000f8300000)
  object space 134144K, 18% used [0x00000000f0000000,0x00000000f18205c8,0x00000000f8300000)
 Metaspace       used 52717K, capacity 55824K, committed 55936K, reserved 1097728K
  class space    used 6447K, capacity 6998K, committed 7040K, reserved 1048576K
2023-10-03T01:10:50.020+0800: 249.725: [GC (Allocation Failure) [PSYoungGen: 127296K->320K(127488K)] 152001K->25081K(261632K), 0.0058390 secs] [Times: user=0.03 sys=0.00, real=0.01 secs] 
Heap after GC invocations=116 (full 0):
 PSYoungGen      total 127488K, used 320K [0x00000000f8300000, 0x0000000100000000, 0x0000000100000000)
  eden space 126976K, 0% used [0x00000000f8300000,0x00000000f8300000,0x00000000fff00000)
  from space 512K, 62% used [0x00000000fff80000,0x00000000fffd0000,0x0000000100000000)
  to   space 512K, 0% used [0x00000000fff00000,0x00000000fff00000,0x00000000fff80000)
 ParOldGen       total 134144K, used 24761K [0x00000000f0000000, 0x00000000f8300000, 0x00000000f8300000)
  object space 134144K, 18% used [0x00000000f0000000,0x00000000f182e5c8,0x00000000f8300000)
 Metaspace       used 52717K, capacity 55824K, committed 55936K, reserved 1097728K
  class space    used 6447K, capacity 6998K, committed 7040K, reserved 1048576K
}
{Heap before GC invocations=117 (full 0):
 PSYoungGen      total 127488K, used 127296K [0x00000000f8300000, 0x0000000100000000, 0x0000000100000000)
  eden space 126976K, 100% used [0x00000000f8300000,0x00000000fff00000,0x00000000fff00000)
  from space 512K, 62% used [0x00000000fff80000,0x00000000fffd0000,0x0000000100000000)
  to   space 512K, 0% used [0x00000000fff00000,0x00000000fff00000,0x00000000fff80000)
 ParOldGen       total 134144K, used 24761K [0x00000000f0000000, 0x00000000f8300000, 0x00000000f8300000)
  object space 134144K, 18% used [0x00000000f0000000,0x00000000f182e5c8,0x00000000f8300000)
 Metaspace       used 52717K, capacity 55824K, committed 55936K, reserved 1097728K
  class space    used 6447K, capacity 6998K, committed 7040K, reserved 1048576K
2023-10-03T01:10:50.870+0800: 250.574: [GC (Allocation Failure) [PSYoungGen: 127296K->320K(127488K)] 152057K->25121K(261632K), 0.0055255 secs] [Times: user=0.03 sys=0.00, real=0.01 secs] 
Heap after GC invocations=117 (full 0):
 PSYoungGen      total 127488K, used 320K [0x00000000f8300000, 0x0000000100000000, 0x0000000100000000)
  eden space 126976K, 0% used [0x00000000f8300000,0x00000000f8300000,0x00000000fff00000)
  from space 512K, 62% used [0x00000000fff00000,0x00000000fff50000,0x00000000fff80000)
  to   space 512K, 0% used [0x00000000fff80000,0x00000000fff80000,0x0000000100000000)
 ParOldGen       total 134144K, used 24801K [0x00000000f0000000, 0x00000000f8300000, 0x00000000f8300000)
  object space 134144K, 18% used [0x00000000f0000000,0x00000000f18385c8,0x00000000f8300000)
 Metaspace       used 52717K, capacity 55824K, committed 55936K, reserved 1097728K
  class space    used 6447K, capacity 6998K, committed 7040K, reserved 1048576K
}
{Heap before GC invocations=118 (full 0):
 PSYoungGen      total 127488K, used 127296K [0x00000000f8300000, 0x0000000100000000, 0x0000000100000000)
  eden space 126976K, 100% used [0x00000000f8300000,0x00000000fff00000,0x00000000fff00000)
  from space 512K, 62% used [0x00000000fff00000,0x00000000fff50000,0x00000000fff80000)
  to   space 512K, 0% used [0x00000000fff80000,0x00000000fff80000,0x0000000100000000)
 ParOldGen       total 134144K, used 24801K [0x00000000f0000000, 0x00000000f8300000, 0x00000000f8300000)
  object space 134144K, 18% used [0x00000000f0000000,0x00000000f18385c8,0x00000000f8300000)
 Metaspace       used 52717K, capacity 55824K, committed 55936K, reserved 1097728K
  class space    used 6447K, capacity 6998K, committed 7040K, reserved 1048576K
2023-10-03T01:10:51.720+0800: 251.424: [GC (Allocation Failure) [PSYoungGen: 127296K->320K(127488K)] 152097K->25169K(261632K), 0.0057476 secs] [Times: user=0.03 sys=0.00, real=0.01 secs] 
Heap after GC invocations=118 (full 0):
 PSYoungGen      total 127488K, used 320K [0x00000000f8300000, 0x0000000100000000, 0x0000000100000000)
  eden space 126976K, 0% used [0x00000000f8300000,0x00000000f8300000,0x00000000fff00000)
  from space 512K, 62% used [0x00000000fff80000,0x00000000fffd0000,0x0000000100000000)
  to   space 512K, 0% used [0x00000000fff00000,0x00000000fff00000,0x00000000fff80000)
 ParOldGen       total 134144K, used 24849K [0x00000000f0000000, 0x00000000f8300000, 0x00000000f8300000)
  object space 134144K, 18% used [0x00000000f0000000,0x00000000f18445c8,0x00000000f8300000)
 Metaspace       used 52717K, capacity 55824K, committed 55936K, reserved 1097728K
  class space    used 6447K, capacity 6998K, committed 7040K, reserved 1048576K
}
{Heap before GC invocations=119 (full 0):
 PSYoungGen      total 127488K, used 127296K [0x00000000f8300000, 0x0000000100000000, 0x0000000100000000)
  eden space 126976K, 100% used [0x00000000f8300000,0x00000000fff00000,0x00000000fff00000)
  from space 512K, 62% used [0x00000000fff80000,0x00000000fffd0000,0x0000000100000000)
  to   space 512K, 0% used [0x00000000fff00000,0x00000000fff00000,0x00000000fff80000)
 ParOldGen       total 134144K, used 24849K [0x00000000f0000000, 0x00000000f8300000, 0x00000000f8300000)
  object space 134144K, 18% used [0x00000000f0000000,0x00000000f18445c8,0x00000000f8300000)
 Metaspace       used 52718K, capacity 55824K, committed 55936K, reserved 1097728K
  class space    used 6447K, capacity 6998K, committed 7040K, reserved 1048576K
2023-10-03T01:10:52.572+0800: 252.277: [GC (Allocation Failure) [PSYoungGen: 127296K->352K(127488K)] 152145K->25225K(261632K), 0.0055837 secs] [Times: user=0.03 sys=0.00, real=0.00 secs] 
Heap after GC invocations=119 (full 0):
 PSYoungGen      total 127488K, used 352K [0x00000000f8300000, 0x0000000100000000, 0x0000000100000000)
  eden space 126976K, 0% used [0x00000000f8300000,0x00000000f8300000,0x00000000fff00000)
  from space 512K, 68% used [0x00000000fff00000,0x00000000fff58000,0x00000000fff80000)
  to   space 512K, 0% used [0x00000000fff80000,0x00000000fff80000,0x0000000100000000)
 ParOldGen       total 134144K, used 24873K [0x00000000f0000000, 0x00000000f8300000, 0x00000000f8300000)
  object space 134144K, 18% used [0x00000000f0000000,0x00000000f184a5c8,0x00000000f8300000)
 Metaspace       used 52718K, capacity 55824K, committed 55936K, reserved 1097728K
  class space    used 6447K, capacity 6998K, committed 7040K, reserved 1048576K
}
{Heap before GC invocations=120 (full 0):
 PSYoungGen      total 127488K, used 127328K [0x00000000f8300000, 0x0000000100000000, 0x0000000100000000)
  eden space 126976K, 100% used [0x00000000f8300000,0x00000000fff00000,0x00000000fff00000)
  from space 512K, 68% used [0x00000000fff00000,0x00000000fff58000,0x00000000fff80000)
  to   space 512K, 0% used [0x00000000fff80000,0x00000000fff80000,0x0000000100000000)
 ParOldGen       total 134144K, used 24873K [0x00000000f0000000, 0x00000000f8300000, 0x00000000f8300000)
  object space 134144K, 18% used [0x00000000f0000000,0x00000000f184a5c8,0x00000000f8300000)
 Metaspace       used 52718K, capacity 55824K, committed 55936K, reserved 1097728K
  class space    used 6447K, capacity 6998K, committed 7040K, reserved 1048576K
2023-10-03T01:10:53.386+0800: 253.091: [GC (Allocation Failure) [PSYoungGen: 127328K->320K(127488K)] 152201K->25225K(261632K), 0.0057273 secs] [Times: user=0.03 sys=0.00, real=0.01 secs] 
Heap after GC invocations=120 (full 0):
 PSYoungGen      total 127488K, used 320K [0x00000000f8300000, 0x0000000100000000, 0x0000000100000000)
  eden space 126976K, 0% used [0x00000000f8300000,0x00000000f8300000,0x00000000fff00000)
  from space 512K, 62% used [0x00000000fff80000,0x00000000fffd0000,0x0000000100000000)
  to   space 512K, 0% used [0x00000000fff00000,0x00000000fff00000,0x00000000fff80000)
 ParOldGen       total 134144K, used 24905K [0x00000000f0000000, 0x00000000f8300000, 0x00000000f8300000)
  object space 134144K, 18% used [0x00000000f0000000,0x00000000f18525c8,0x00000000f8300000)
 Metaspace       used 52718K, capacity 55824K, committed 55936K, reserved 1097728K
  class space    used 6447K, capacity 6998K, committed 7040K, reserved 1048576K
}
{Heap before GC invocations=121 (full 0):
 PSYoungGen      total 127488K, used 127296K [0x00000000f8300000, 0x0000000100000000, 0x0000000100000000)
  eden space 126976K, 100% used [0x00000000f8300000,0x00000000fff00000,0x00000000fff00000)
  from space 512K, 62% used [0x00000000fff80000,0x00000000fffd0000,0x0000000100000000)
  to   space 512K, 0% used [0x00000000fff00000,0x00000000fff00000,0x00000000fff80000)
 ParOldGen       total 134144K, used 24905K [0x00000000f0000000, 0x00000000f8300000, 0x00000000f8300000)
  object space 134144K, 18% used [0x00000000f0000000,0x00000000f18525c8,0x00000000f8300000)
 Metaspace       used 52718K, capacity 55824K, committed 55936K, reserved 1097728K
  class space    used 6447K, capacity 6998K, committed 7040K, reserved 1048576K
2023-10-03T01:10:54.232+0800: 253.937: [GC (Allocation Failure) [PSYoungGen: 127296K->320K(127488K)] 152201K->25265K(261632K), 0.0057077 secs] [Times: user=0.02 sys=0.01, real=0.00 secs] 
Heap after GC invocations=121 (full 0):
 PSYoungGen      total 127488K, used 320K [0x00000000f8300000, 0x0000000100000000, 0x0000000100000000)
  eden space 126976K, 0% used [0x00000000f8300000,0x00000000f8300000,0x00000000fff00000)
  from space 512K, 62% used [0x00000000fff00000,0x00000000fff50000,0x00000000fff80000)
  to   space 512K, 0% used [0x00000000fff80000,0x00000000fff80000,0x0000000100000000)
 ParOldGen       total 134144K, used 24945K [0x00000000f0000000, 0x00000000f8300000, 0x00000000f8300000)
  object space 134144K, 18% used [0x00000000f0000000,0x00000000f185c5c8,0x00000000f8300000)
 Metaspace       used 52718K, capacity 55824K, committed 55936K, reserved 1097728K
  class space    used 6447K, capacity 6998K, committed 7040K, reserved 1048576K
}
{Heap before GC invocations=122 (full 0):
 PSYoungGen      total 127488K, used 127296K [0x00000000f8300000, 0x0000000100000000, 0x0000000100000000)
  eden space 126976K, 100% used [0x00000000f8300000,0x00000000fff00000,0x00000000fff00000)
  from space 512K, 62% used [0x00000000fff00000,0x00000000fff50000,0x00000000fff80000)
  to   space 512K, 0% used [0x00000000fff80000,0x00000000fff80000,0x0000000100000000)
 ParOldGen       total 134144K, used 24945K [0x00000000f0000000, 0x00000000f8300000, 0x00000000f8300000)
  object space 134144K, 18% used [0x00000000f0000000,0x00000000f185c5c8,0x00000000f8300000)
 Metaspace       used 52718K, capacity 55824K, committed 55936K, reserved 1097728K
  class space    used 6447K, capacity 6998K, committed 7040K, reserved 1048576K
2023-10-03T01:10:55.062+0800: 254.767: [GC (Allocation Failure) [PSYoungGen: 127296K->320K(127488K)] 152241K->25321K(261632K), 0.0060036 secs] [Times: user=0.02 sys=0.00, real=0.00 secs] 
Heap after GC invocations=122 (full 0):
 PSYoungGen      total 127488K, used 320K [0x00000000f8300000, 0x0000000100000000, 0x0000000100000000)
  eden space 126976K, 0% used [0x00000000f8300000,0x00000000f8300000,0x00000000fff00000)
  from space 512K, 62% used [0x00000000fff80000,0x00000000fffd0000,0x0000000100000000)
  to   space 512K, 0% used [0x00000000fff00000,0x00000000fff00000,0x00000000fff80000)
 ParOldGen       total 134144K, used 25001K [0x00000000f0000000, 0x00000000f8300000, 0x00000000f8300000)
  object space 134144K, 18% used [0x00000000f0000000,0x00000000f186a5c8,0x00000000f8300000)
 Metaspace       used 52718K, capacity 55824K, committed 55936K, reserved 1097728K
  class space    used 6447K, capacity 6998K, committed 7040K, reserved 1048576K
}
{Heap before GC invocations=123 (full 0):
 PSYoungGen      total 127488K, used 127296K [0x00000000f8300000, 0x0000000100000000, 0x0000000100000000)
  eden space 126976K, 100% used [0x00000000f8300000,0x00000000fff00000,0x00000000fff00000)
  from space 512K, 62% used [0x00000000fff80000,0x00000000fffd0000,0x0000000100000000)
  to   space 512K, 0% used [0x00000000fff00000,0x00000000fff00000,0x00000000fff80000)
 ParOldGen       total 134144K, used 25001K [0x00000000f0000000, 0x00000000f8300000, 0x00000000f8300000)
  object space 134144K, 18% used [0x00000000f0000000,0x00000000f186a5c8,0x00000000f8300000)
 Metaspace       used 52718K, capacity 55824K, committed 55936K, reserved 1097728K
  class space    used 6447K, capacity 6998K, committed 7040K, reserved 1048576K
2023-10-03T01:10:55.917+0800: 255.621: [GC (Allocation Failure) [PSYoungGen: 127296K->320K(127488K)] 152297K->25361K(261632K), 0.0050729 secs] [Times: user=0.02 sys=0.00, real=0.01 secs] 
Heap after GC invocations=123 (full 0):
 PSYoungGen      total 127488K, used 320K [0x00000000f8300000, 0x0000000100000000, 0x0000000100000000)
  eden space 126976K, 0% used [0x00000000f8300000,0x00000000f8300000,0x00000000fff00000)
  from space 512K, 62% used [0x00000000fff00000,0x00000000fff50000,0x00000000fff80000)
  to   space 512K, 0% used [0x00000000fff80000,0x00000000fff80000,0x0000000100000000)
 ParOldGen       total 134144K, used 25041K [0x00000000f0000000, 0x00000000f8300000, 0x00000000f8300000)
  object space 134144K, 18% used [0x00000000f0000000,0x00000000f18745c8,0x00000000f8300000)
 Metaspace       used 52718K, capacity 55824K, committed 55936K, reserved 1097728K
  class space    used 6447K, capacity 6998K, committed 7040K, reserved 1048576K
}
{Heap before GC invocations=124 (full 0):
 PSYoungGen      total 127488K, used 127296K [0x00000000f8300000, 0x0000000100000000, 0x0000000100000000)
  eden space 126976K, 100% used [0x00000000f8300000,0x00000000fff00000,0x00000000fff00000)
  from space 512K, 62% used [0x00000000fff00000,0x00000000fff50000,0x00000000fff80000)
  to   space 512K, 0% used [0x00000000fff80000,0x00000000fff80000,0x0000000100000000)
 ParOldGen       total 134144K, used 25041K [0x00000000f0000000, 0x00000000f8300000, 0x00000000f8300000)
  object space 134144K, 18% used [0x00000000f0000000,0x00000000f18745c8,0x00000000f8300000)
 Metaspace       used 52718K, capacity 55824K, committed 55936K, reserved 1097728K
  class space    used 6447K, capacity 6998K, committed 7040K, reserved 1048576K
2023-10-03T01:10:56.739+0800: 256.443: [GC (Allocation Failure) [PSYoungGen: 127296K->320K(127488K)] 152337K->25393K(261632K), 0.0046274 secs] [Times: user=0.01 sys=0.00, real=0.01 secs] 
Heap after GC invocations=124 (full 0):
 PSYoungGen      total 127488K, used 320K [0x00000000f8300000, 0x0000000100000000, 0x0000000100000000)
  eden space 126976K, 0% used [0x00000000f8300000,0x00000000f8300000,0x00000000fff00000)
  from space 512K, 62% used [0x00000000fff80000,0x00000000fffd0000,0x0000000100000000)
  to   space 512K, 0% used [0x00000000fff00000,0x00000000fff00000,0x00000000fff80000)
 ParOldGen       total 134144K, used 25073K [0x00000000f0000000, 0x00000000f8300000, 0x00000000f8300000)
  object space 134144K, 18% used [0x00000000f0000000,0x00000000f187c5c8,0x00000000f8300000)
 Metaspace       used 52718K, capacity 55824K, committed 55936K, reserved 1097728K
  class space    used 6447K, capacity 6998K, committed 7040K, reserved 1048576K
}
{Heap before GC invocations=125 (full 0):
 PSYoungGen      total 127488K, used 127296K [0x00000000f8300000, 0x0000000100000000, 0x0000000100000000)
  eden space 126976K, 100% used [0x00000000f8300000,0x00000000fff00000,0x00000000fff00000)
  from space 512K, 62% used [0x00000000fff80000,0x00000000fffd0000,0x0000000100000000)
  to   space 512K, 0% used [0x00000000fff00000,0x00000000fff00000,0x00000000fff80000)
 ParOldGen       total 134144K, used 25073K [0x00000000f0000000, 0x00000000f8300000, 0x00000000f8300000)
  object space 134144K, 18% used [0x00000000f0000000,0x00000000f187c5c8,0x00000000f8300000)
 Metaspace       used 52718K, capacity 55824K, committed 55936K, reserved 1097728K
  class space    used 6447K, capacity 6998K, committed 7040K, reserved 1048576K
2023-10-03T01:10:57.562+0800: 257.267: [GC (Allocation Failure) [PSYoungGen: 127296K->320K(127488K)] 152369K->25417K(261632K), 0.0066919 secs] [Times: user=0.02 sys=0.00, real=0.00 secs] 
Heap after GC invocations=125 (full 0):
 PSYoungGen      total 127488K, used 320K [0x00000000f8300000, 0x0000000100000000, 0x0000000100000000)
  eden space 126976K, 0% used [0x00000000f8300000,0x00000000f8300000,0x00000000fff00000)
  from space 512K, 62% used [0x00000000fff00000,0x00000000fff50000,0x00000000fff80000)
  to   space 512K, 0% used [0x00000000fff80000,0x00000000fff80000,0x0000000100000000)
 ParOldGen       total 134144K, used 25097K [0x00000000f0000000, 0x00000000f8300000, 0x00000000f8300000)
  object space 134144K, 18% used [0x00000000f0000000,0x00000000f18825c8,0x00000000f8300000)
 Metaspace       used 52718K, capacity 55824K, committed 55936K, reserved 1097728K
  class space    used 6447K, capacity 6998K, committed 7040K, reserved 1048576K
}
{Heap before GC invocations=126 (full 0):
 PSYoungGen      total 127488K, used 127296K [0x00000000f8300000, 0x0000000100000000, 0x0000000100000000)
  eden space 126976K, 100% used [0x00000000f8300000,0x00000000fff00000,0x00000000fff00000)
  from space 512K, 62% used [0x00000000fff00000,0x00000000fff50000,0x00000000fff80000)
  to   space 512K, 0% used [0x00000000fff80000,0x00000000fff80000,0x0000000100000000)
 ParOldGen       total 134144K, used 25097K [0x00000000f0000000, 0x00000000f8300000, 0x00000000f8300000)
  object space 134144K, 18% used [0x00000000f0000000,0x00000000f18825c8,0x00000000f8300000)
 Metaspace       used 52719K, capacity 55824K, committed 55936K, reserved 1097728K
  class space    used 6447K, capacity 6998K, committed 7040K, reserved 1048576K
2023-10-03T01:10:58.363+0800: 258.068: [GC (Allocation Failure) [PSYoungGen: 127296K->320K(127488K)] 152393K->25465K(261632K), 0.0055870 secs] [Times: user=0.03 sys=0.00, real=0.00 secs] 
Heap after GC invocations=126 (full 0):
 PSYoungGen      total 127488K, used 320K [0x00000000f8300000, 0x0000000100000000, 0x0000000100000000)
  eden space 126976K, 0% used [0x00000000f8300000,0x00000000f8300000,0x00000000fff00000)
  from space 512K, 62% used [0x00000000fff80000,0x00000000fffd0000,0x0000000100000000)
  to   space 512K, 0% used [0x00000000fff00000,0x00000000fff00000,0x00000000fff80000)
 ParOldGen       total 134144K, used 25145K [0x00000000f0000000, 0x00000000f8300000, 0x00000000f8300000)
  object space 134144K, 18% used [0x00000000f0000000,0x00000000f188e5c8,0x00000000f8300000)
 Metaspace       used 52719K, capacity 55824K, committed 55936K, reserved 1097728K
  class space    used 6447K, capacity 6998K, committed 7040K, reserved 1048576K
}
{Heap before GC invocations=127 (full 0):
 PSYoungGen      total 127488K, used 127296K [0x00000000f8300000, 0x0000000100000000, 0x0000000100000000)
  eden space 126976K, 100% used [0x00000000f8300000,0x00000000fff00000,0x00000000fff00000)
  from space 512K, 62% used [0x00000000fff80000,0x00000000fffd0000,0x0000000100000000)
  to   space 512K, 0% used [0x00000000fff00000,0x00000000fff00000,0x00000000fff80000)
 ParOldGen       total 134144K, used 25145K [0x00000000f0000000, 0x00000000f8300000, 0x00000000f8300000)
  object space 134144K, 18% used [0x00000000f0000000,0x00000000f188e5c8,0x00000000f8300000)
 Metaspace       used 52723K, capacity 55824K, committed 55936K, reserved 1097728K
  class space    used 6447K, capacity 6998K, committed 7040K, reserved 1048576K
2023-10-03T01:10:59.179+0800: 258.883: [GC (Allocation Failure) [PSYoungGen: 127296K->320K(127488K)] 152441K->25505K(261632K), 0.0053204 secs] [Times: user=0.02 sys=0.00, real=0.01 secs] 
Heap after GC invocations=127 (full 0):
 PSYoungGen      total 127488K, used 320K [0x00000000f8300000, 0x0000000100000000, 0x0000000100000000)
  eden space 126976K, 0% used [0x00000000f8300000,0x00000000f8300000,0x00000000fff00000)
  from space 512K, 62% used [0x00000000fff00000,0x00000000fff50000,0x00000000fff80000)
  to   space 512K, 0% used [0x00000000fff80000,0x00000000fff80000,0x0000000100000000)
 ParOldGen       total 134144K, used 25185K [0x00000000f0000000, 0x00000000f8300000, 0x00000000f8300000)
  object space 134144K, 18% used [0x00000000f0000000,0x00000000f18985c8,0x00000000f8300000)
 Metaspace       used 52723K, capacity 55824K, committed 55936K, reserved 1097728K
  class space    used 6447K, capacity 6998K, committed 7040K, reserved 1048576K
}
{Heap before GC invocations=128 (full 0):
 PSYoungGen      total 127488K, used 127296K [0x00000000f8300000, 0x0000000100000000, 0x0000000100000000)
  eden space 126976K, 100% used [0x00000000f8300000,0x00000000fff00000,0x00000000fff00000)
  from space 512K, 62% used [0x00000000fff00000,0x00000000fff50000,0x00000000fff80000)
  to   space 512K, 0% used [0x00000000fff80000,0x00000000fff80000,0x0000000100000000)
 ParOldGen       total 134144K, used 25185K [0x00000000f0000000, 0x00000000f8300000, 0x00000000f8300000)
  object space 134144K, 18% used [0x00000000f0000000,0x00000000f18985c8,0x00000000f8300000)
 Metaspace       used 52723K, capacity 55824K, committed 55936K, reserved 1097728K
  class space    used 6447K, capacity 6998K, committed 7040K, reserved 1048576K
2023-10-03T01:10:59.983+0800: 259.687: [GC (Allocation Failure) [PSYoungGen: 127296K->320K(127488K)] 152481K->25561K(261632K), 0.0057066 secs] [Times: user=0.03 sys=0.00, real=0.00 secs] 
Heap after GC invocations=128 (full 0):
 PSYoungGen      total 127488K, used 320K [0x00000000f8300000, 0x0000000100000000, 0x0000000100000000)
  eden space 126976K, 0% used [0x00000000f8300000,0x00000000f8300000,0x00000000fff00000)
  from space 512K, 62% used [0x00000000fff80000,0x00000000fffd0000,0x0000000100000000)
  to   space 512K, 0% used [0x00000000fff00000,0x00000000fff00000,0x00000000fff80000)
 ParOldGen       total 134144K, used 25241K [0x00000000f0000000, 0x00000000f8300000, 0x00000000f8300000)
  object space 134144K, 18% used [0x00000000f0000000,0x00000000f18a65c8,0x00000000f8300000)
 Metaspace       used 52723K, capacity 55824K, committed 55936K, reserved 1097728K
  class space    used 6447K, capacity 6998K, committed 7040K, reserved 1048576K
}
{Heap before GC invocations=129 (full 0):
 PSYoungGen      total 127488K, used 127296K [0x00000000f8300000, 0x0000000100000000, 0x0000000100000000)
  eden space 126976K, 100% used [0x00000000f8300000,0x00000000fff00000,0x00000000fff00000)
  from space 512K, 62% used [0x00000000fff80000,0x00000000fffd0000,0x0000000100000000)
  to   space 512K, 0% used [0x00000000fff00000,0x00000000fff00000,0x00000000fff80000)
 ParOldGen       total 134144K, used 25241K [0x00000000f0000000, 0x00000000f8300000, 0x00000000f8300000)
  object space 134144K, 18% used [0x00000000f0000000,0x00000000f18a65c8,0x00000000f8300000)
 Metaspace       used 52723K, capacity 55824K, committed 55936K, reserved 1097728K
  class space    used 6447K, capacity 6998K, committed 7040K, reserved 1048576K
2023-10-03T01:11:00.793+0800: 260.498: [GC (Allocation Failure) [PSYoungGen: 127296K->352K(127488K)] 152537K->25665K(261632K), 0.0056041 secs] [Times: user=0.03 sys=0.00, real=0.00 secs] 
Heap after GC invocations=129 (full 0):
 PSYoungGen      total 127488K, used 352K [0x00000000f8300000, 0x0000000100000000, 0x0000000100000000)
  eden space 126976K, 0% used [0x00000000f8300000,0x00000000f8300000,0x00000000fff00000)
  from space 512K, 68% used [0x00000000fff00000,0x00000000fff58000,0x00000000fff80000)
  to   space 512K, 0% used [0x00000000fff80000,0x00000000fff80000,0x0000000100000000)
 ParOldGen       total 134144K, used 25313K [0x00000000f0000000, 0x00000000f8300000, 0x00000000f8300000)
  object space 134144K, 18% used [0x00000000f0000000,0x00000000f18b85c8,0x00000000f8300000)
 Metaspace       used 52723K, capacity 55824K, committed 55936K, reserved 1097728K
  class space    used 6447K, capacity 6998K, committed 7040K, reserved 1048576K
}
{Heap before GC invocations=130 (full 0):
 PSYoungGen      total 127488K, used 127328K [0x00000000f8300000, 0x0000000100000000, 0x0000000100000000)
  eden space 126976K, 100% used [0x00000000f8300000,0x00000000fff00000,0x00000000fff00000)
  from space 512K, 68% used [0x00000000fff00000,0x00000000fff58000,0x00000000fff80000)
  to   space 512K, 0% used [0x00000000fff80000,0x00000000fff80000,0x0000000100000000)
 ParOldGen       total 134144K, used 25313K [0x00000000f0000000, 0x00000000f8300000, 0x00000000f8300000)
  object space 134144K, 18% used [0x00000000f0000000,0x00000000f18b85c8,0x00000000f8300000)
 Metaspace       used 52723K, capacity 55824K, committed 55936K, reserved 1097728K
  class space    used 6447K, capacity 6998K, committed 7040K, reserved 1048576K
2023-10-03T01:11:01.643+0800: 261.348: [GC (Allocation Failure) [PSYoungGen: 127328K->320K(127488K)] 152641K->25713K(261632K), 0.0058148 secs] [Times: user=0.03 sys=0.00, real=0.00 secs] 
Heap after GC invocations=130 (full 0):
 PSYoungGen      total 127488K, used 320K [0x00000000f8300000, 0x0000000100000000, 0x0000000100000000)
  eden space 126976K, 0% used [0x00000000f8300000,0x00000000f8300000,0x00000000fff00000)
  from space 512K, 62% used [0x00000000fff80000,0x00000000fffd0000,0x0000000100000000)
  to   space 512K, 0% used [0x00000000fff00000,0x00000000fff00000,0x00000000fff80000)
 ParOldGen       total 134144K, used 25393K [0x00000000f0000000, 0x00000000f8300000, 0x00000000f8300000)
  object space 134144K, 18% used [0x00000000f0000000,0x00000000f18cc5c8,0x00000000f8300000)
 Metaspace       used 52723K, capacity 55824K, committed 55936K, reserved 1097728K
  class space    used 6447K, capacity 6998K, committed 7040K, reserved 1048576K
}
{Heap before GC invocations=131 (full 0):
 PSYoungGen      total 127488K, used 127296K [0x00000000f8300000, 0x0000000100000000, 0x0000000100000000)
  eden space 126976K, 100% used [0x00000000f8300000,0x00000000fff00000,0x00000000fff00000)
  from space 512K, 62% used [0x00000000fff80000,0x00000000fffd0000,0x0000000100000000)
  to   space 512K, 0% used [0x00000000fff00000,0x00000000fff00000,0x00000000fff80000)
 ParOldGen       total 134144K, used 25393K [0x00000000f0000000, 0x00000000f8300000, 0x00000000f8300000)
  object space 134144K, 18% used [0x00000000f0000000,0x00000000f18cc5c8,0x00000000f8300000)
 Metaspace       used 52728K, capacity 55828K, committed 55936K, reserved 1097728K
  class space    used 6447K, capacity 6998K, committed 7040K, reserved 1048576K
2023-10-03T01:11:02.462+0800: 262.166: [GC (Allocation Failure) [PSYoungGen: 127296K->320K(127488K)] 152689K->25745K(261632K), 0.0057035 secs] [Times: user=0.02 sys=0.01, real=0.00 secs] 
Heap after GC invocations=131 (full 0):
 PSYoungGen      total 127488K, used 320K [0x00000000f8300000, 0x0000000100000000, 0x0000000100000000)
  eden space 126976K, 0% used [0x00000000f8300000,0x00000000f8300000,0x00000000fff00000)
  from space 512K, 62% used [0x00000000fff00000,0x00000000fff50000,0x00000000fff80000)
  to   space 512K, 0% used [0x00000000fff80000,0x00000000fff80000,0x0000000100000000)
 ParOldGen       total 134144K, used 25425K [0x00000000f0000000, 0x00000000f8300000, 0x00000000f8300000)
  object space 134144K, 18% used [0x00000000f0000000,0x00000000f18d45c8,0x00000000f8300000)
 Metaspace       used 52728K, capacity 55828K, committed 55936K, reserved 1097728K
  class space    used 6447K, capacity 6998K, committed 7040K, reserved 1048576K
}
{Heap before GC invocations=132 (full 0):
 PSYoungGen      total 127488K, used 127296K [0x00000000f8300000, 0x0000000100000000, 0x0000000100000000)
  eden space 126976K, 100% used [0x00000000f8300000,0x00000000fff00000,0x00000000fff00000)
  from space 512K, 62% used [0x00000000fff00000,0x00000000fff50000,0x00000000fff80000)
  to   space 512K, 0% used [0x00000000fff80000,0x00000000fff80000,0x0000000100000000)
 ParOldGen       total 134144K, used 25425K [0x00000000f0000000, 0x00000000f8300000, 0x00000000f8300000)
  object space 134144K, 18% used [0x00000000f0000000,0x00000000f18d45c8,0x00000000f8300000)
 Metaspace       used 52728K, capacity 55828K, committed 55936K, reserved 1097728K
  class space    used 6447K, capacity 6998K, committed 7040K, reserved 1048576K
2023-10-03T01:11:03.300+0800: 263.005: [GC (Allocation Failure) [PSYoungGen: 127296K->320K(127488K)] 152721K->25777K(261632K), 0.0056004 secs] [Times: user=0.02 sys=0.00, real=0.01 secs] 
Heap after GC invocations=132 (full 0):
 PSYoungGen      total 127488K, used 320K [0x00000000f8300000, 0x0000000100000000, 0x0000000100000000)
  eden space 126976K, 0% used [0x00000000f8300000,0x00000000f8300000,0x00000000fff00000)
  from space 512K, 62% used [0x00000000fff80000,0x00000000fffd0000,0x0000000100000000)
  to   space 512K, 0% used [0x00000000fff00000,0x00000000fff00000,0x00000000fff80000)
 ParOldGen       total 134144K, used 25457K [0x00000000f0000000, 0x00000000f8300000, 0x00000000f8300000)
  object space 134144K, 18% used [0x00000000f0000000,0x00000000f18dc5c8,0x00000000f8300000)
 Metaspace       used 52728K, capacity 55828K, committed 55936K, reserved 1097728K
  class space    used 6447K, capacity 6998K, committed 7040K, reserved 1048576K
}
{Heap before GC invocations=133 (full 0):
 PSYoungGen      total 127488K, used 127296K [0x00000000f8300000, 0x0000000100000000, 0x0000000100000000)
  eden space 126976K, 100% used [0x00000000f8300000,0x00000000fff00000,0x00000000fff00000)
  from space 512K, 62% used [0x00000000fff80000,0x00000000fffd0000,0x0000000100000000)
  to   space 512K, 0% used [0x00000000fff00000,0x00000000fff00000,0x00000000fff80000)
 ParOldGen       total 134144K, used 25457K [0x00000000f0000000, 0x00000000f8300000, 0x00000000f8300000)
  object space 134144K, 18% used [0x00000000f0000000,0x00000000f18dc5c8,0x00000000f8300000)
 Metaspace       used 52731K, capacity 55828K, committed 55936K, reserved 1097728K
  class space    used 6447K, capacity 6998K, committed 7040K, reserved 1048576K
2023-10-03T01:11:04.130+0800: 263.835: [GC (Allocation Failure) [PSYoungGen: 127296K->320K(127488K)] 152753K->25849K(261632K), 0.0056365 secs] [Times: user=0.03 sys=0.01, real=0.01 secs] 
Heap after GC invocations=133 (full 0):
 PSYoungGen      total 127488K, used 320K [0x00000000f8300000, 0x0000000100000000, 0x0000000100000000)
  eden space 126976K, 0% used [0x00000000f8300000,0x00000000f8300000,0x00000000fff00000)
  from space 512K, 62% used [0x00000000fff00000,0x00000000fff50000,0x00000000fff80000)
  to   space 512K, 0% used [0x00000000fff80000,0x00000000fff80000,0x0000000100000000)
 ParOldGen       total 134144K, used 25529K [0x00000000f0000000, 0x00000000f8300000, 0x00000000f8300000)
  object space 134144K, 19% used [0x00000000f0000000,0x00000000f18ee5c8,0x00000000f8300000)
 Metaspace       used 52731K, capacity 55828K, committed 55936K, reserved 1097728K
  class space    used 6447K, capacity 6998K, committed 7040K, reserved 1048576K
}
{Heap before GC invocations=134 (full 0):
 PSYoungGen      total 127488K, used 127296K [0x00000000f8300000, 0x0000000100000000, 0x0000000100000000)
  eden space 126976K, 100% used [0x00000000f8300000,0x00000000fff00000,0x00000000fff00000)
  from space 512K, 62% used [0x00000000fff00000,0x00000000fff50000,0x00000000fff80000)
  to   space 512K, 0% used [0x00000000fff80000,0x00000000fff80000,0x0000000100000000)
 ParOldGen       total 134144K, used 25529K [0x00000000f0000000, 0x00000000f8300000, 0x00000000f8300000)
  object space 134144K, 19% used [0x00000000f0000000,0x00000000f18ee5c8,0x00000000f8300000)
 Metaspace       used 52731K, capacity 55828K, committed 55936K, reserved 1097728K
  class space    used 6447K, capacity 6998K, committed 7040K, reserved 1048576K
2023-10-03T01:11:04.962+0800: 264.666: [GC (Allocation Failure) [PSYoungGen: 127296K->320K(127488K)] 152825K->25881K(261632K), 0.0058814 secs] [Times: user=0.02 sys=0.01, real=0.00 secs] 
Heap after GC invocations=134 (full 0):
 PSYoungGen      total 127488K, used 320K [0x00000000f8300000, 0x0000000100000000, 0x0000000100000000)
  eden space 126976K, 0% used [0x00000000f8300000,0x00000000f8300000,0x00000000fff00000)
  from space 512K, 62% used [0x00000000fff80000,0x00000000fffd0000,0x0000000100000000)
  to   space 512K, 0% used [0x00000000fff00000,0x00000000fff00000,0x00000000fff80000)
 ParOldGen       total 134144K, used 25561K [0x00000000f0000000, 0x00000000f8300000, 0x00000000f8300000)
  object space 134144K, 19% used [0x00000000f0000000,0x00000000f18f65c8,0x00000000f8300000)
 Metaspace       used 52731K, capacity 55828K, committed 55936K, reserved 1097728K
  class space    used 6447K, capacity 6998K, committed 7040K, reserved 1048576K
}
{Heap before GC invocations=135 (full 0):
 PSYoungGen      total 127488K, used 127296K [0x00000000f8300000, 0x0000000100000000, 0x0000000100000000)
  eden space 126976K, 100% used [0x00000000f8300000,0x00000000fff00000,0x00000000fff00000)
  from space 512K, 62% used [0x00000000fff80000,0x00000000fffd0000,0x0000000100000000)
  to   space 512K, 0% used [0x00000000fff00000,0x00000000fff00000,0x00000000fff80000)
 ParOldGen       total 134144K, used 25561K [0x00000000f0000000, 0x00000000f8300000, 0x00000000f8300000)
  object space 134144K, 19% used [0x00000000f0000000,0x00000000f18f65c8,0x00000000f8300000)
 Metaspace       used 52731K, capacity 55828K, committed 55936K, reserved 1097728K
  class space    used 6447K, capacity 6998K, committed 7040K, reserved 1048576K
2023-10-03T01:11:05.791+0800: 265.496: [GC (Allocation Failure) [PSYoungGen: 127296K->320K(127488K)] 152857K->25913K(261632K), 0.0057790 secs] [Times: user=0.03 sys=0.00, real=0.01 secs] 
Heap after GC invocations=135 (full 0):
 PSYoungGen      total 127488K, used 320K [0x00000000f8300000, 0x0000000100000000, 0x0000000100000000)
  eden space 126976K, 0% used [0x00000000f8300000,0x00000000f8300000,0x00000000fff00000)
  from space 512K, 62% used [0x00000000fff00000,0x00000000fff50000,0x00000000fff80000)
  to   space 512K, 0% used [0x00000000fff80000,0x00000000fff80000,0x0000000100000000)
 ParOldGen       total 134144K, used 25593K [0x00000000f0000000, 0x00000000f8300000, 0x00000000f8300000)
  object space 134144K, 19% used [0x00000000f0000000,0x00000000f18fe5c8,0x00000000f8300000)
 Metaspace       used 52731K, capacity 55828K, committed 55936K, reserved 1097728K
  class space    used 6447K, capacity 6998K, committed 7040K, reserved 1048576K
}
{Heap before GC invocations=136 (full 0):
 PSYoungGen      total 127488K, used 127296K [0x00000000f8300000, 0x0000000100000000, 0x0000000100000000)
  eden space 126976K, 100% used [0x00000000f8300000,0x00000000fff00000,0x00000000fff00000)
  from space 512K, 62% used [0x00000000fff00000,0x00000000fff50000,0x00000000fff80000)
  to   space 512K, 0% used [0x00000000fff80000,0x00000000fff80000,0x0000000100000000)
 ParOldGen       total 134144K, used 25593K [0x00000000f0000000, 0x00000000f8300000, 0x00000000f8300000)
  object space 134144K, 19% used [0x00000000f0000000,0x00000000f18fe5c8,0x00000000f8300000)
 Metaspace       used 52731K, capacity 55828K, committed 55936K, reserved 1097728K
  class space    used 6447K, capacity 6998K, committed 7040K, reserved 1048576K
2023-10-03T01:11:06.642+0800: 266.347: [GC (Allocation Failure) [PSYoungGen: 127296K->320K(127488K)] 152889K->25953K(261632K), 0.0056610 secs] [Times: user=0.02 sys=0.01, real=0.00 secs] 
Heap after GC invocations=136 (full 0):
 PSYoungGen      total 127488K, used 320K [0x00000000f8300000, 0x0000000100000000, 0x0000000100000000)
  eden space 126976K, 0% used [0x00000000f8300000,0x00000000f8300000,0x00000000fff00000)
  from space 512K, 62% used [0x00000000fff80000,0x00000000fffd0000,0x0000000100000000)
  to   space 512K, 0% used [0x00000000fff00000,0x00000000fff00000,0x00000000fff80000)
 ParOldGen       total 134144K, used 25633K [0x00000000f0000000, 0x00000000f8300000, 0x00000000f8300000)
  object space 134144K, 19% used [0x00000000f0000000,0x00000000f19085c8,0x00000000f8300000)
 Metaspace       used 52731K, capacity 55828K, committed 55936K, reserved 1097728K
  class space    used 6447K, capacity 6998K, committed 7040K, reserved 1048576K
}
{Heap before GC invocations=137 (full 0):
 PSYoungGen      total 127488K, used 127296K [0x00000000f8300000, 0x0000000100000000, 0x0000000100000000)
  eden space 126976K, 100% used [0x00000000f8300000,0x00000000fff00000,0x00000000fff00000)
  from space 512K, 62% used [0x00000000fff80000,0x00000000fffd0000,0x0000000100000000)
  to   space 512K, 0% used [0x00000000fff00000,0x00000000fff00000,0x00000000fff80000)
 ParOldGen       total 134144K, used 25633K [0x00000000f0000000, 0x00000000f8300000, 0x00000000f8300000)
  object space 134144K, 19% used [0x00000000f0000000,0x00000000f19085c8,0x00000000f8300000)
 Metaspace       used 52731K, capacity 55828K, committed 55936K, reserved 1097728K
  class space    used 6447K, capacity 6998K, committed 7040K, reserved 1048576K
2023-10-03T01:11:07.481+0800: 267.185: [GC (Allocation Failure) [PSYoungGen: 127296K->320K(127488K)] 152929K->25985K(261632K), 0.0058304 secs] [Times: user=0.03 sys=0.00, real=0.01 secs] 
Heap after GC invocations=137 (full 0):
 PSYoungGen      total 127488K, used 320K [0x00000000f8300000, 0x0000000100000000, 0x0000000100000000)
  eden space 126976K, 0% used [0x00000000f8300000,0x00000000f8300000,0x00000000fff00000)
  from space 512K, 62% used [0x00000000fff00000,0x00000000fff50000,0x00000000fff80000)
  to   space 512K, 0% used [0x00000000fff80000,0x00000000fff80000,0x0000000100000000)
 ParOldGen       total 134144K, used 25665K [0x00000000f0000000, 0x00000000f8300000, 0x00000000f8300000)
  object space 134144K, 19% used [0x00000000f0000000,0x00000000f19105c8,0x00000000f8300000)
 Metaspace       used 52731K, capacity 55828K, committed 55936K, reserved 1097728K
  class space    used 6447K, capacity 6998K, committed 7040K, reserved 1048576K
}
{Heap before GC invocations=138 (full 0):
 PSYoungGen      total 127488K, used 127296K [0x00000000f8300000, 0x0000000100000000, 0x0000000100000000)
  eden space 126976K, 100% used [0x00000000f8300000,0x00000000fff00000,0x00000000fff00000)
  from space 512K, 62% used [0x00000000fff00000,0x00000000fff50000,0x00000000fff80000)
  to   space 512K, 0% used [0x00000000fff80000,0x00000000fff80000,0x0000000100000000)
 ParOldGen       total 134144K, used 25665K [0x00000000f0000000, 0x00000000f8300000, 0x00000000f8300000)
  object space 134144K, 19% used [0x00000000f0000000,0x00000000f19105c8,0x00000000f8300000)
 Metaspace       used 52731K, capacity 55828K, committed 55936K, reserved 1097728K
  class space    used 6447K, capacity 6998K, committed 7040K, reserved 1048576K
2023-10-03T01:11:08.309+0800: 268.014: [GC (Allocation Failure) [PSYoungGen: 127296K->320K(127488K)] 152961K->26049K(261632K), 0.0056475 secs] [Times: user=0.02 sys=0.01, real=0.01 secs] 
Heap after GC invocations=138 (full 0):
 PSYoungGen      total 127488K, used 320K [0x00000000f8300000, 0x0000000100000000, 0x0000000100000000)
  eden space 126976K, 0% used [0x00000000f8300000,0x00000000f8300000,0x00000000fff00000)
  from space 512K, 62% used [0x00000000fff80000,0x00000000fffd0000,0x0000000100000000)
  to   space 512K, 0% used [0x00000000fff00000,0x00000000fff00000,0x00000000fff80000)
 ParOldGen       total 134144K, used 25729K [0x00000000f0000000, 0x00000000f8300000, 0x00000000f8300000)
  object space 134144K, 19% used [0x00000000f0000000,0x00000000f19205c8,0x00000000f8300000)
 Metaspace       used 52731K, capacity 55828K, committed 55936K, reserved 1097728K
  class space    used 6447K, capacity 6998K, committed 7040K, reserved 1048576K
}
{Heap before GC invocations=139 (full 0):
 PSYoungGen      total 127488K, used 127296K [0x00000000f8300000, 0x0000000100000000, 0x0000000100000000)
  eden space 126976K, 100% used [0x00000000f8300000,0x00000000fff00000,0x00000000fff00000)
  from space 512K, 62% used [0x00000000fff80000,0x00000000fffd0000,0x0000000100000000)
  to   space 512K, 0% used [0x00000000fff00000,0x00000000fff00000,0x00000000fff80000)
 ParOldGen       total 134144K, used 25729K [0x00000000f0000000, 0x00000000f8300000, 0x00000000f8300000)
  object space 134144K, 19% used [0x00000000f0000000,0x00000000f19205c8,0x00000000f8300000)
 Metaspace       used 52734K, capacity 55892K, committed 55936K, reserved 1097728K
  class space    used 6447K, capacity 6998K, committed 7040K, reserved 1048576K
2023-10-03T01:11:09.122+0800: 268.826: [GC (Allocation Failure) [PSYoungGen: 127296K->320K(127488K)] 153025K->26081K(261632K), 0.0039548 secs] [Times: user=0.02 sys=0.00, real=0.00 secs] 
Heap after GC invocations=139 (full 0):
 PSYoungGen      total 127488K, used 320K [0x00000000f8300000, 0x0000000100000000, 0x0000000100000000)
  eden space 126976K, 0% used [0x00000000f8300000,0x00000000f8300000,0x00000000fff00000)
  from space 512K, 62% used [0x00000000fff00000,0x00000000fff50000,0x00000000fff80000)
  to   space 512K, 0% used [0x00000000fff80000,0x00000000fff80000,0x0000000100000000)
 ParOldGen       total 134144K, used 25761K [0x00000000f0000000, 0x00000000f8300000, 0x00000000f8300000)
  object space 134144K, 19% used [0x00000000f0000000,0x00000000f19285c8,0x00000000f8300000)
 Metaspace       used 52734K, capacity 55892K, committed 55936K, reserved 1097728K
  class space    used 6447K, capacity 6998K, committed 7040K, reserved 1048576K
}
{Heap before GC invocations=140 (full 0):
 PSYoungGen      total 127488K, used 127296K [0x00000000f8300000, 0x0000000100000000, 0x0000000100000000)
  eden space 126976K, 100% used [0x00000000f8300000,0x00000000fff00000,0x00000000fff00000)
  from space 512K, 62% used [0x00000000fff00000,0x00000000fff50000,0x00000000fff80000)
  to   space 512K, 0% used [0x00000000fff80000,0x00000000fff80000,0x0000000100000000)
 ParOldGen       total 134144K, used 25761K [0x00000000f0000000, 0x00000000f8300000, 0x00000000f8300000)
  object space 134144K, 19% used [0x00000000f0000000,0x00000000f19285c8,0x00000000f8300000)
 Metaspace       used 52734K, capacity 55892K, committed 55936K, reserved 1097728K
  class space    used 6447K, capacity 6998K, committed 7040K, reserved 1048576K
2023-10-03T01:11:09.927+0800: 269.631: [GC (Allocation Failure) [PSYoungGen: 127296K->320K(127488K)] 153057K->26113K(261632K), 0.0053636 secs] [Times: user=0.03 sys=0.00, real=0.01 secs] 
Heap after GC invocations=140 (full 0):
 PSYoungGen      total 127488K, used 320K [0x00000000f8300000, 0x0000000100000000, 0x0000000100000000)
  eden space 126976K, 0% used [0x00000000f8300000,0x00000000f8300000,0x00000000fff00000)
  from space 512K, 62% used [0x00000000fff80000,0x00000000fffd0000,0x0000000100000000)
  to   space 512K, 0% used [0x00000000fff00000,0x00000000fff00000,0x00000000fff80000)
 ParOldGen       total 134144K, used 25793K [0x00000000f0000000, 0x00000000f8300000, 0x00000000f8300000)
  object space 134144K, 19% used [0x00000000f0000000,0x00000000f19305c8,0x00000000f8300000)
 Metaspace       used 52734K, capacity 55892K, committed 55936K, reserved 1097728K
  class space    used 6447K, capacity 6998K, committed 7040K, reserved 1048576K
}
{Heap before GC invocations=141 (full 0):
 PSYoungGen      total 127488K, used 127296K [0x00000000f8300000, 0x0000000100000000, 0x0000000100000000)
  eden space 126976K, 100% used [0x00000000f8300000,0x00000000fff00000,0x00000000fff00000)
  from space 512K, 62% used [0x00000000fff80000,0x00000000fffd0000,0x0000000100000000)
  to   space 512K, 0% used [0x00000000fff00000,0x00000000fff00000,0x00000000fff80000)
 ParOldGen       total 134144K, used 25793K [0x00000000f0000000, 0x00000000f8300000, 0x00000000f8300000)
  object space 134144K, 19% used [0x00000000f0000000,0x00000000f19305c8,0x00000000f8300000)
 Metaspace       used 52734K, capacity 55892K, committed 55936K, reserved 1097728K
  class space    used 6447K, capacity 6998K, committed 7040K, reserved 1048576K
2023-10-03T01:11:10.737+0800: 270.441: [GC (Allocation Failure) [PSYoungGen: 127296K->320K(127488K)] 153089K->26145K(261632K), 0.0051595 secs] [Times: user=0.03 sys=0.00, real=0.01 secs] 
Heap after GC invocations=141 (full 0):
 PSYoungGen      total 127488K, used 320K [0x00000000f8300000, 0x0000000100000000, 0x0000000100000000)
  eden space 126976K, 0% used [0x00000000f8300000,0x00000000f8300000,0x00000000fff00000)
  from space 512K, 62% used [0x00000000fff00000,0x00000000fff50000,0x00000000fff80000)
  to   space 512K, 0% used [0x00000000fff80000,0x00000000fff80000,0x0000000100000000)
 ParOldGen       total 134144K, used 25825K [0x00000000f0000000, 0x00000000f8300000, 0x00000000f8300000)
  object space 134144K, 19% used [0x00000000f0000000,0x00000000f19385c8,0x00000000f8300000)
 Metaspace       used 52734K, capacity 55892K, committed 55936K, reserved 1097728K
  class space    used 6447K, capacity 6998K, committed 7040K, reserved 1048576K
}
{Heap before GC invocations=142 (full 0):
 PSYoungGen      total 127488K, used 127296K [0x00000000f8300000, 0x0000000100000000, 0x0000000100000000)
  eden space 126976K, 100% used [0x00000000f8300000,0x00000000fff00000,0x00000000fff00000)
  from space 512K, 62% used [0x00000000fff00000,0x00000000fff50000,0x00000000fff80000)
  to   space 512K, 0% used [0x00000000fff80000,0x00000000fff80000,0x0000000100000000)
 ParOldGen       total 134144K, used 25825K [0x00000000f0000000, 0x00000000f8300000, 0x00000000f8300000)
  object space 134144K, 19% used [0x00000000f0000000,0x00000000f19385c8,0x00000000f8300000)
 Metaspace       used 52734K, capacity 55892K, committed 55936K, reserved 1097728K
  class space    used 6447K, capacity 6998K, committed 7040K, reserved 1048576K
2023-10-03T01:11:11.589+0800: 271.293: [GC (Allocation Failure) [PSYoungGen: 127296K->320K(127488K)] 153121K->26177K(261632K), 0.0052576 secs] [Times: user=0.02 sys=0.00, real=0.01 secs] 
Heap after GC invocations=142 (full 0):
 PSYoungGen      total 127488K, used 320K [0x00000000f8300000, 0x0000000100000000, 0x0000000100000000)
  eden space 126976K, 0% used [0x00000000f8300000,0x00000000f8300000,0x00000000fff00000)
  from space 512K, 62% used [0x00000000fff80000,0x00000000fffd0000,0x0000000100000000)
  to   space 512K, 0% used [0x00000000fff00000,0x00000000fff00000,0x00000000fff80000)
 ParOldGen       total 134144K, used 25857K [0x00000000f0000000, 0x00000000f8300000, 0x00000000f8300000)
  object space 134144K, 19% used [0x00000000f0000000,0x00000000f19405c8,0x00000000f8300000)
 Metaspace       used 52734K, capacity 55892K, committed 55936K, reserved 1097728K
  class space    used 6447K, capacity 6998K, committed 7040K, reserved 1048576K
}
{Heap before GC invocations=143 (full 0):
 PSYoungGen      total 127488K, used 127296K [0x00000000f8300000, 0x0000000100000000, 0x0000000100000000)
  eden space 126976K, 100% used [0x00000000f8300000,0x00000000fff00000,0x00000000fff00000)
  from space 512K, 62% used [0x00000000fff80000,0x00000000fffd0000,0x0000000100000000)
  to   space 512K, 0% used [0x00000000fff00000,0x00000000fff00000,0x00000000fff80000)
 ParOldGen       total 134144K, used 25857K [0x00000000f0000000, 0x00000000f8300000, 0x00000000f8300000)
  object space 134144K, 19% used [0x00000000f0000000,0x00000000f19405c8,0x00000000f8300000)
 Metaspace       used 52734K, capacity 55892K, committed 55936K, reserved 1097728K
  class space    used 6447K, capacity 6998K, committed 7040K, reserved 1048576K
2023-10-03T01:11:12.413+0800: 272.118: [GC (Allocation Failure) [PSYoungGen: 127296K->352K(127488K)] 153153K->26241K(261632K), 0.0057804 secs] [Times: user=0.03 sys=0.00, real=0.00 secs] 
Heap after GC invocations=143 (full 0):
 PSYoungGen      total 127488K, used 352K [0x00000000f8300000, 0x0000000100000000, 0x0000000100000000)
  eden space 126976K, 0% used [0x00000000f8300000,0x00000000f8300000,0x00000000fff00000)
  from space 512K, 68% used [0x00000000fff00000,0x00000000fff58000,0x00000000fff80000)
  to   space 512K, 0% used [0x00000000fff80000,0x00000000fff80000,0x0000000100000000)
 ParOldGen       total 134144K, used 25889K [0x00000000f0000000, 0x00000000f8300000, 0x00000000f8300000)
  object space 134144K, 19% used [0x00000000f0000000,0x00000000f19485c8,0x00000000f8300000)
 Metaspace       used 52734K, capacity 55892K, committed 55936K, reserved 1097728K
  class space    used 6447K, capacity 6998K, committed 7040K, reserved 1048576K
}
{Heap before GC invocations=144 (full 0):
 PSYoungGen      total 127488K, used 127328K [0x00000000f8300000, 0x0000000100000000, 0x0000000100000000)
  eden space 126976K, 100% used [0x00000000f8300000,0x00000000fff00000,0x00000000fff00000)
  from space 512K, 68% used [0x00000000fff00000,0x00000000fff58000,0x00000000fff80000)
  to   space 512K, 0% used [0x00000000fff80000,0x00000000fff80000,0x0000000100000000)
 ParOldGen       total 134144K, used 25889K [0x00000000f0000000, 0x00000000f8300000, 0x00000000f8300000)
  object space 134144K, 19% used [0x00000000f0000000,0x00000000f19485c8,0x00000000f8300000)
 Metaspace       used 52739K, capacity 55892K, committed 55936K, reserved 1097728K
  class space    used 6447K, capacity 6998K, committed 7040K, reserved 1048576K
2023-10-03T01:11:13.242+0800: 272.947: [GC (Allocation Failure) [PSYoungGen: 127328K->320K(127488K)] 153217K->26233K(261632K), 0.0059606 secs] [Times: user=0.01 sys=0.01, real=0.00 secs] 
Heap after GC invocations=144 (full 0):
 PSYoungGen      total 127488K, used 320K [0x00000000f8300000, 0x0000000100000000, 0x0000000100000000)
  eden space 126976K, 0% used [0x00000000f8300000,0x00000000f8300000,0x00000000fff00000)
  from space 512K, 62% used [0x00000000fff80000,0x00000000fffd0000,0x0000000100000000)
  to   space 512K, 0% used [0x00000000fff00000,0x00000000fff00000,0x00000000fff80000)
 ParOldGen       total 134144K, used 25913K [0x00000000f0000000, 0x00000000f8300000, 0x00000000f8300000)
  object space 134144K, 19% used [0x00000000f0000000,0x00000000f194e5c8,0x00000000f8300000)
 Metaspace       used 52739K, capacity 55892K, committed 55936K, reserved 1097728K
  class space    used 6447K, capacity 6998K, committed 7040K, reserved 1048576K
}
{Heap before GC invocations=145 (full 0):
 PSYoungGen      total 127488K, used 127296K [0x00000000f8300000, 0x0000000100000000, 0x0000000100000000)
  eden space 126976K, 100% used [0x00000000f8300000,0x00000000fff00000,0x00000000fff00000)
  from space 512K, 62% used [0x00000000fff80000,0x00000000fffd0000,0x0000000100000000)
  to   space 512K, 0% used [0x00000000fff00000,0x00000000fff00000,0x00000000fff80000)
 ParOldGen       total 134144K, used 25913K [0x00000000f0000000, 0x00000000f8300000, 0x00000000f8300000)
  object space 134144K, 19% used [0x00000000f0000000,0x00000000f194e5c8,0x00000000f8300000)
 Metaspace       used 52739K, capacity 55892K, committed 55936K, reserved 1097728K
  class space    used 6447K, capacity 6998K, committed 7040K, reserved 1048576K
2023-10-03T01:11:14.085+0800: 273.789: [GC (Allocation Failure) [PSYoungGen: 127296K->320K(127488K)] 153209K->26273K(261632K), 0.0059839 secs] [Times: user=0.02 sys=0.00, real=0.00 secs] 
Heap after GC invocations=145 (full 0):
 PSYoungGen      total 127488K, used 320K [0x00000000f8300000, 0x0000000100000000, 0x0000000100000000)
  eden space 126976K, 0% used [0x00000000f8300000,0x00000000f8300000,0x00000000fff00000)
  from space 512K, 62% used [0x00000000fff00000,0x00000000fff50000,0x00000000fff80000)
  to   space 512K, 0% used [0x00000000fff80000,0x00000000fff80000,0x0000000100000000)
 ParOldGen       total 134144K, used 25953K [0x00000000f0000000, 0x00000000f8300000, 0x00000000f8300000)
  object space 134144K, 19% used [0x00000000f0000000,0x00000000f19585c8,0x00000000f8300000)
 Metaspace       used 52739K, capacity 55892K, committed 55936K, reserved 1097728K
  class space    used 6447K, capacity 6998K, committed 7040K, reserved 1048576K
}
{Heap before GC invocations=146 (full 0):
 PSYoungGen      total 127488K, used 127296K [0x00000000f8300000, 0x0000000100000000, 0x0000000100000000)
  eden space 126976K, 100% used [0x00000000f8300000,0x00000000fff00000,0x00000000fff00000)
  from space 512K, 62% used [0x00000000fff00000,0x00000000fff50000,0x00000000fff80000)
  to   space 512K, 0% used [0x00000000fff80000,0x00000000fff80000,0x0000000100000000)
 ParOldGen       total 134144K, used 25953K [0x00000000f0000000, 0x00000000f8300000, 0x00000000f8300000)
  object space 134144K, 19% used [0x00000000f0000000,0x00000000f19585c8,0x00000000f8300000)
 Metaspace       used 52739K, capacity 55892K, committed 55936K, reserved 1097728K
  class space    used 6447K, capacity 6998K, committed 7040K, reserved 1048576K
2023-10-03T01:11:14.920+0800: 274.625: [GC (Allocation Failure) [PSYoungGen: 127296K->320K(127488K)] 153249K->26289K(261632K), 0.0058490 secs] [Times: user=0.02 sys=0.00, real=0.01 secs] 
Heap after GC invocations=146 (full 0):
 PSYoungGen      total 127488K, used 320K [0x00000000f8300000, 0x0000000100000000, 0x0000000100000000)
  eden space 126976K, 0% used [0x00000000f8300000,0x00000000f8300000,0x00000000fff00000)
  from space 512K, 62% used [0x00000000fff80000,0x00000000fffd0000,0x0000000100000000)
  to   space 512K, 0% used [0x00000000fff00000,0x00000000fff00000,0x00000000fff80000)
 ParOldGen       total 134144K, used 25969K [0x00000000f0000000, 0x00000000f8300000, 0x00000000f8300000)
  object space 134144K, 19% used [0x00000000f0000000,0x00000000f195c5c8,0x00000000f8300000)
 Metaspace       used 52739K, capacity 55892K, committed 55936K, reserved 1097728K
  class space    used 6447K, capacity 6998K, committed 7040K, reserved 1048576K
}
{Heap before GC invocations=147 (full 0):
 PSYoungGen      total 127488K, used 127296K [0x00000000f8300000, 0x0000000100000000, 0x0000000100000000)
  eden space 126976K, 100% used [0x00000000f8300000,0x00000000fff00000,0x00000000fff00000)
  from space 512K, 62% used [0x00000000fff80000,0x00000000fffd0000,0x0000000100000000)
  to   space 512K, 0% used [0x00000000fff00000,0x00000000fff00000,0x00000000fff80000)
 ParOldGen       total 134144K, used 25969K [0x00000000f0000000, 0x00000000f8300000, 0x00000000f8300000)
  object space 134144K, 19% used [0x00000000f0000000,0x00000000f195c5c8,0x00000000f8300000)
 Metaspace       used 52739K, capacity 55892K, committed 55936K, reserved 1097728K
  class space    used 6447K, capacity 6998K, committed 7040K, reserved 1048576K
2023-10-03T01:11:15.735+0800: 275.439: [GC (Allocation Failure) [PSYoungGen: 127296K->320K(127488K)] 153265K->26337K(261632K), 0.0057887 secs] [Times: user=0.02 sys=0.01, real=0.00 secs] 
Heap after GC invocations=147 (full 0):
 PSYoungGen      total 127488K, used 320K [0x00000000f8300000, 0x0000000100000000, 0x0000000100000000)
  eden space 126976K, 0% used [0x00000000f8300000,0x00000000f8300000,0x00000000fff00000)
  from space 512K, 62% used [0x00000000fff00000,0x00000000fff50000,0x00000000fff80000)
  to   space 512K, 0% used [0x00000000fff80000,0x00000000fff80000,0x0000000100000000)
 ParOldGen       total 134144K, used 26017K [0x00000000f0000000, 0x00000000f8300000, 0x00000000f8300000)
  object space 134144K, 19% used [0x00000000f0000000,0x00000000f19685c8,0x00000000f8300000)
 Metaspace       used 52739K, capacity 55892K, committed 55936K, reserved 1097728K
  class space    used 6447K, capacity 6998K, committed 7040K, reserved 1048576K
}
{Heap before GC invocations=148 (full 0):
 PSYoungGen      total 127488K, used 127296K [0x00000000f8300000, 0x0000000100000000, 0x0000000100000000)
  eden space 126976K, 100% used [0x00000000f8300000,0x00000000fff00000,0x00000000fff00000)
  from space 512K, 62% used [0x00000000fff00000,0x00000000fff50000,0x00000000fff80000)
  to   space 512K, 0% used [0x00000000fff80000,0x00000000fff80000,0x0000000100000000)
 ParOldGen       total 134144K, used 26017K [0x00000000f0000000, 0x00000000f8300000, 0x00000000f8300000)
  object space 134144K, 19% used [0x00000000f0000000,0x00000000f19685c8,0x00000000f8300000)
 Metaspace       used 52739K, capacity 55892K, committed 55936K, reserved 1097728K
  class space    used 6447K, capacity 6998K, committed 7040K, reserved 1048576K
2023-10-03T01:11:16.569+0800: 276.274: [GC (Allocation Failure) [PSYoungGen: 127296K->320K(127488K)] 153313K->26353K(261632K), 0.0059611 secs] [Times: user=0.03 sys=0.00, real=0.01 secs] 
Heap after GC invocations=148 (full 0):
 PSYoungGen      total 127488K, used 320K [0x00000000f8300000, 0x0000000100000000, 0x0000000100000000)
  eden space 126976K, 0% used [0x00000000f8300000,0x00000000f8300000,0x00000000fff00000)
  from space 512K, 62% used [0x00000000fff80000,0x00000000fffd0000,0x0000000100000000)
  to   space 512K, 0% used [0x00000000fff00000,0x00000000fff00000,0x00000000fff80000)
 ParOldGen       total 134144K, used 26033K [0x00000000f0000000, 0x00000000f8300000, 0x00000000f8300000)
  object space 134144K, 19% used [0x00000000f0000000,0x00000000f196c5c8,0x00000000f8300000)
 Metaspace       used 52739K, capacity 55892K, committed 55936K, reserved 1097728K
  class space    used 6447K, capacity 6998K, committed 7040K, reserved 1048576K
}
{Heap before GC invocations=149 (full 0):
 PSYoungGen      total 127488K, used 127296K [0x00000000f8300000, 0x0000000100000000, 0x0000000100000000)
  eden space 126976K, 100% used [0x00000000f8300000,0x00000000fff00000,0x00000000fff00000)
  from space 512K, 62% used [0x00000000fff80000,0x00000000fffd0000,0x0000000100000000)
  to   space 512K, 0% used [0x00000000fff00000,0x00000000fff00000,0x00000000fff80000)
 ParOldGen       total 134144K, used 26033K [0x00000000f0000000, 0x00000000f8300000, 0x00000000f8300000)
  object space 134144K, 19% used [0x00000000f0000000,0x00000000f196c5c8,0x00000000f8300000)
 Metaspace       used 52739K, capacity 55892K, committed 55936K, reserved 1097728K
  class space    used 6447K, capacity 6998K, committed 7040K, reserved 1048576K
2023-10-03T01:11:17.390+0800: 277.095: [GC (Allocation Failure) [PSYoungGen: 127296K->352K(127488K)] 153329K->26457K(261632K), 0.0057662 secs] [Times: user=0.03 sys=0.00, real=0.01 secs] 
Heap after GC invocations=149 (full 0):
 PSYoungGen      total 127488K, used 352K [0x00000000f8300000, 0x0000000100000000, 0x0000000100000000)
  eden space 126976K, 0% used [0x00000000f8300000,0x00000000f8300000,0x00000000fff00000)
  from space 512K, 68% used [0x00000000fff00000,0x00000000fff58000,0x00000000fff80000)
  to   space 512K, 0% used [0x00000000fff80000,0x00000000fff80000,0x0000000100000000)
 ParOldGen       total 134144K, used 26105K [0x00000000f0000000, 0x00000000f8300000, 0x00000000f8300000)
  object space 134144K, 19% used [0x00000000f0000000,0x00000000f197e5c8,0x00000000f8300000)
 Metaspace       used 52739K, capacity 55892K, committed 55936K, reserved 1097728K
  class space    used 6447K, capacity 6998K, committed 7040K, reserved 1048576K
}
{Heap before GC invocations=150 (full 0):
 PSYoungGen      total 127488K, used 127328K [0x00000000f8300000, 0x0000000100000000, 0x0000000100000000)
  eden space 126976K, 100% used [0x00000000f8300000,0x00000000fff00000,0x00000000fff00000)
  from space 512K, 68% used [0x00000000fff00000,0x00000000fff58000,0x00000000fff80000)
  to   space 512K, 0% used [0x00000000fff80000,0x00000000fff80000,0x0000000100000000)
 ParOldGen       total 134144K, used 26105K [0x00000000f0000000, 0x00000000f8300000, 0x00000000f8300000)
  object space 134144K, 19% used [0x00000000f0000000,0x00000000f197e5c8,0x00000000f8300000)
 Metaspace       used 52741K, capacity 55892K, committed 55936K, reserved 1097728K
  class space    used 6447K, capacity 6998K, committed 7040K, reserved 1048576K
2023-10-03T01:11:18.207+0800: 277.912: [GC (Allocation Failure) [PSYoungGen: 127328K->320K(127488K)] 153433K->26465K(261632K), 0.0057042 secs] [Times: user=0.02 sys=0.00, real=0.01 secs] 
Heap after GC invocations=150 (full 0):
 PSYoungGen      total 127488K, used 320K [0x00000000f8300000, 0x0000000100000000, 0x0000000100000000)
  eden space 126976K, 0% used [0x00000000f8300000,0x00000000f8300000,0x00000000fff00000)
  from space 512K, 62% used [0x00000000fff80000,0x00000000fffd0000,0x0000000100000000)
  to   space 512K, 0% used [0x00000000fff00000,0x00000000fff00000,0x00000000fff80000)
 ParOldGen       total 134144K, used 26145K [0x00000000f0000000, 0x00000000f8300000, 0x00000000f8300000)
  object space 134144K, 19% used [0x00000000f0000000,0x00000000f19885c8,0x00000000f8300000)
 Metaspace       used 52741K, capacity 55892K, committed 55936K, reserved 1097728K
  class space    used 6447K, capacity 6998K, committed 7040K, reserved 1048576K
}
{Heap before GC invocations=151 (full 0):
 PSYoungGen      total 127488K, used 127296K [0x00000000f8300000, 0x0000000100000000, 0x0000000100000000)
  eden space 126976K, 100% used [0x00000000f8300000,0x00000000fff00000,0x00000000fff00000)
  from space 512K, 62% used [0x00000000fff80000,0x00000000fffd0000,0x0000000100000000)
  to   space 512K, 0% used [0x00000000fff00000,0x00000000fff00000,0x00000000fff80000)
 ParOldGen       total 134144K, used 26145K [0x00000000f0000000, 0x00000000f8300000, 0x00000000f8300000)
  object space 134144K, 19% used [0x00000000f0000000,0x00000000f19885c8,0x00000000f8300000)
 Metaspace       used 52741K, capacity 55892K, committed 55936K, reserved 1097728K
  class space    used 6447K, capacity 6998K, committed 7040K, reserved 1048576K
2023-10-03T01:11:19.017+0800: 278.722: [GC (Allocation Failure) [PSYoungGen: 127296K->320K(127488K)] 153441K->26513K(261632K), 0.0057428 secs] [Times: user=0.03 sys=0.00, real=0.01 secs] 
Heap after GC invocations=151 (full 0):
 PSYoungGen      total 127488K, used 320K [0x00000000f8300000, 0x0000000100000000, 0x0000000100000000)
  eden space 126976K, 0% used [0x00000000f8300000,0x00000000f8300000,0x00000000fff00000)
  from space 512K, 62% used [0x00000000fff00000,0x00000000fff50000,0x00000000fff80000)
  to   space 512K, 0% used [0x00000000fff80000,0x00000000fff80000,0x0000000100000000)
 ParOldGen       total 134144K, used 26193K [0x00000000f0000000, 0x00000000f8300000, 0x00000000f8300000)
  object space 134144K, 19% used [0x00000000f0000000,0x00000000f19945c8,0x00000000f8300000)
 Metaspace       used 52741K, capacity 55892K, committed 55936K, reserved 1097728K
  class space    used 6447K, capacity 6998K, committed 7040K, reserved 1048576K
}
{Heap before GC invocations=152 (full 0):
 PSYoungGen      total 127488K, used 127296K [0x00000000f8300000, 0x0000000100000000, 0x0000000100000000)
  eden space 126976K, 100% used [0x00000000f8300000,0x00000000fff00000,0x00000000fff00000)
  from space 512K, 62% used [0x00000000fff00000,0x00000000fff50000,0x00000000fff80000)
  to   space 512K, 0% used [0x00000000fff80000,0x00000000fff80000,0x0000000100000000)
 ParOldGen       total 134144K, used 26193K [0x00000000f0000000, 0x00000000f8300000, 0x00000000f8300000)
  object space 134144K, 19% used [0x00000000f0000000,0x00000000f19945c8,0x00000000f8300000)
 Metaspace       used 52742K, capacity 55892K, committed 55936K, reserved 1097728K
  class space    used 6447K, capacity 6998K, committed 7040K, reserved 1048576K
2023-10-03T01:11:19.847+0800: 279.551: [GC (Allocation Failure) [PSYoungGen: 127296K->320K(127488K)] 153489K->26545K(261632K), 0.0059793 secs] [Times: user=0.03 sys=0.00, real=0.01 secs] 
Heap after GC invocations=152 (full 0):
 PSYoungGen      total 127488K, used 320K [0x00000000f8300000, 0x0000000100000000, 0x0000000100000000)
  eden space 126976K, 0% used [0x00000000f8300000,0x00000000f8300000,0x00000000fff00000)
  from space 512K, 62% used [0x00000000fff80000,0x00000000fffd0000,0x0000000100000000)
  to   space 512K, 0% used [0x00000000fff00000,0x00000000fff00000,0x00000000fff80000)
 ParOldGen       total 134144K, used 26225K [0x00000000f0000000, 0x00000000f8300000, 0x00000000f8300000)
  object space 134144K, 19% used [0x00000000f0000000,0x00000000f199c5c8,0x00000000f8300000)
 Metaspace       used 52742K, capacity 55892K, committed 55936K, reserved 1097728K
  class space    used 6447K, capacity 6998K, committed 7040K, reserved 1048576K
}
{Heap before GC invocations=153 (full 0):
 PSYoungGen      total 127488K, used 127296K [0x00000000f8300000, 0x0000000100000000, 0x0000000100000000)
  eden space 126976K, 100% used [0x00000000f8300000,0x00000000fff00000,0x00000000fff00000)
  from space 512K, 62% used [0x00000000fff80000,0x00000000fffd0000,0x0000000100000000)
  to   space 512K, 0% used [0x00000000fff00000,0x00000000fff00000,0x00000000fff80000)
 ParOldGen       total 134144K, used 26225K [0x00000000f0000000, 0x00000000f8300000, 0x00000000f8300000)
  object space 134144K, 19% used [0x00000000f0000000,0x00000000f199c5c8,0x00000000f8300000)
 Metaspace       used 52742K, capacity 55892K, committed 55936K, reserved 1097728K
  class space    used 6447K, capacity 6998K, committed 7040K, reserved 1048576K
2023-10-03T01:11:20.687+0800: 280.391: [GC (Allocation Failure) [PSYoungGen: 127296K->320K(127488K)] 153521K->26577K(261632K), 0.0057539 secs] [Times: user=0.02 sys=0.00, real=0.01 secs] 
Heap after GC invocations=153 (full 0):
 PSYoungGen      total 127488K, used 320K [0x00000000f8300000, 0x0000000100000000, 0x0000000100000000)
  eden space 126976K, 0% used [0x00000000f8300000,0x00000000f8300000,0x00000000fff00000)
  from space 512K, 62% used [0x00000000fff00000,0x00000000fff50000,0x00000000fff80000)
  to   space 512K, 0% used [0x00000000fff80000,0x00000000fff80000,0x0000000100000000)
 ParOldGen       total 134144K, used 26257K [0x00000000f0000000, 0x00000000f8300000, 0x00000000f8300000)
  object space 134144K, 19% used [0x00000000f0000000,0x00000000f19a45c8,0x00000000f8300000)
 Metaspace       used 52742K, capacity 55892K, committed 55936K, reserved 1097728K
  class space    used 6447K, capacity 6998K, committed 7040K, reserved 1048576K
}
{Heap before GC invocations=154 (full 0):
 PSYoungGen      total 127488K, used 127296K [0x00000000f8300000, 0x0000000100000000, 0x0000000100000000)
  eden space 126976K, 100% used [0x00000000f8300000,0x00000000fff00000,0x00000000fff00000)
  from space 512K, 62% used [0x00000000fff00000,0x00000000fff50000,0x00000000fff80000)
  to   space 512K, 0% used [0x00000000fff80000,0x00000000fff80000,0x0000000100000000)
 ParOldGen       total 134144K, used 26257K [0x00000000f0000000, 0x00000000f8300000, 0x00000000f8300000)
  object space 134144K, 19% used [0x00000000f0000000,0x00000000f19a45c8,0x00000000f8300000)
 Metaspace       used 52746K, capacity 55892K, committed 55936K, reserved 1097728K
  class space    used 6447K, capacity 6998K, committed 7040K, reserved 1048576K
2023-10-03T01:11:21.517+0800: 281.221: [GC (Allocation Failure) [PSYoungGen: 127296K->320K(127488K)] 153553K->26641K(261632K), 0.0056107 secs] [Times: user=0.03 sys=0.00, real=0.01 secs] 
Heap after GC invocations=154 (full 0):
 PSYoungGen      total 127488K, used 320K [0x00000000f8300000, 0x0000000100000000, 0x0000000100000000)
  eden space 126976K, 0% used [0x00000000f8300000,0x00000000f8300000,0x00000000fff00000)
  from space 512K, 62% used [0x00000000fff80000,0x00000000fffd0000,0x0000000100000000)
  to   space 512K, 0% used [0x00000000fff00000,0x00000000fff00000,0x00000000fff80000)
 ParOldGen       total 134144K, used 26321K [0x00000000f0000000, 0x00000000f8300000, 0x00000000f8300000)
  object space 134144K, 19% used [0x00000000f0000000,0x00000000f19b45c8,0x00000000f8300000)
 Metaspace       used 52746K, capacity 55892K, committed 55936K, reserved 1097728K
  class space    used 6447K, capacity 6998K, committed 7040K, reserved 1048576K
}
{Heap before GC invocations=155 (full 0):
 PSYoungGen      total 127488K, used 127296K [0x00000000f8300000, 0x0000000100000000, 0x0000000100000000)
  eden space 126976K, 100% used [0x00000000f8300000,0x00000000fff00000,0x00000000fff00000)
  from space 512K, 62% used [0x00000000fff80000,0x00000000fffd0000,0x0000000100000000)
  to   space 512K, 0% used [0x00000000fff00000,0x00000000fff00000,0x00000000fff80000)
 ParOldGen       total 134144K, used 26321K [0x00000000f0000000, 0x00000000f8300000, 0x00000000f8300000)
  object space 134144K, 19% used [0x00000000f0000000,0x00000000f19b45c8,0x00000000f8300000)
 Metaspace       used 52747K, capacity 55892K, committed 55936K, reserved 1097728K
  class space    used 6447K, capacity 6998K, committed 7040K, reserved 1048576K
2023-10-03T01:11:22.338+0800: 282.043: [GC (Allocation Failure) [PSYoungGen: 127296K->320K(127488K)] 153617K->26665K(261632K), 0.0058212 secs] [Times: user=0.02 sys=0.01, real=0.01 secs] 
Heap after GC invocations=155 (full 0):
 PSYoungGen      total 127488K, used 320K [0x00000000f8300000, 0x0000000100000000, 0x0000000100000000)
  eden space 126976K, 0% used [0x00000000f8300000,0x00000000f8300000,0x00000000fff00000)
  from space 512K, 62% used [0x00000000fff00000,0x00000000fff50000,0x00000000fff80000)
  to   space 512K, 0% used [0x00000000fff80000,0x00000000fff80000,0x0000000100000000)
 ParOldGen       total 134144K, used 26345K [0x00000000f0000000, 0x00000000f8300000, 0x00000000f8300000)
  object space 134144K, 19% used [0x00000000f0000000,0x00000000f19ba5c8,0x00000000f8300000)
 Metaspace       used 52747K, capacity 55892K, committed 55936K, reserved 1097728K
  class space    used 6447K, capacity 6998K, committed 7040K, reserved 1048576K
}
{Heap before GC invocations=156 (full 0):
 PSYoungGen      total 127488K, used 127296K [0x00000000f8300000, 0x0000000100000000, 0x0000000100000000)
  eden space 126976K, 100% used [0x00000000f8300000,0x00000000fff00000,0x00000000fff00000)
  from space 512K, 62% used [0x00000000fff00000,0x00000000fff50000,0x00000000fff80000)
  to   space 512K, 0% used [0x00000000fff80000,0x00000000fff80000,0x0000000100000000)
 ParOldGen       total 134144K, used 26345K [0x00000000f0000000, 0x00000000f8300000, 0x00000000f8300000)
  object space 134144K, 19% used [0x00000000f0000000,0x00000000f19ba5c8,0x00000000f8300000)
 Metaspace       used 52748K, capacity 55892K, committed 55936K, reserved 1097728K
  class space    used 6447K, capacity 6998K, committed 7040K, reserved 1048576K
2023-10-03T01:11:23.156+0800: 282.861: [GC (Allocation Failure) [PSYoungGen: 127296K->320K(127488K)] 153641K->26697K(261632K), 0.0042647 secs] [Times: user=0.02 sys=0.01, real=0.00 secs] 
Heap after GC invocations=156 (full 0):
 PSYoungGen      total 127488K, used 320K [0x00000000f8300000, 0x0000000100000000, 0x0000000100000000)
  eden space 126976K, 0% used [0x00000000f8300000,0x00000000f8300000,0x00000000fff00000)
  from space 512K, 62% used [0x00000000fff80000,0x00000000fffd0000,0x0000000100000000)
  to   space 512K, 0% used [0x00000000fff00000,0x00000000fff00000,0x00000000fff80000)
 ParOldGen       total 134144K, used 26377K [0x00000000f0000000, 0x00000000f8300000, 0x00000000f8300000)
  object space 134144K, 19% used [0x00000000f0000000,0x00000000f19c25c8,0x00000000f8300000)
 Metaspace       used 52748K, capacity 55892K, committed 55936K, reserved 1097728K
  class space    used 6447K, capacity 6998K, committed 7040K, reserved 1048576K
}
{Heap before GC invocations=157 (full 0):
 PSYoungGen      total 127488K, used 127296K [0x00000000f8300000, 0x0000000100000000, 0x0000000100000000)
  eden space 126976K, 100% used [0x00000000f8300000,0x00000000fff00000,0x00000000fff00000)
  from space 512K, 62% used [0x00000000fff80000,0x00000000fffd0000,0x0000000100000000)
  to   space 512K, 0% used [0x00000000fff00000,0x00000000fff00000,0x00000000fff80000)
 ParOldGen       total 134144K, used 26377K [0x00000000f0000000, 0x00000000f8300000, 0x00000000f8300000)
  object space 134144K, 19% used [0x00000000f0000000,0x00000000f19c25c8,0x00000000f8300000)
 Metaspace       used 52748K, capacity 55892K, committed 55936K, reserved 1097728K
  class space    used 6447K, capacity 6998K, committed 7040K, reserved 1048576K
2023-10-03T01:11:23.959+0800: 283.663: [GC (Allocation Failure) [PSYoungGen: 127296K->320K(127488K)] 153673K->26737K(261632K), 0.0056423 secs] [Times: user=0.02 sys=0.01, real=0.01 secs] 
Heap after GC invocations=157 (full 0):
 PSYoungGen      total 127488K, used 320K [0x00000000f8300000, 0x0000000100000000, 0x0000000100000000)
  eden space 126976K, 0% used [0x00000000f8300000,0x00000000f8300000,0x00000000fff00000)
  from space 512K, 62% used [0x00000000fff00000,0x00000000fff50000,0x00000000fff80000)
  to   space 512K, 0% used [0x00000000fff80000,0x00000000fff80000,0x0000000100000000)
 ParOldGen       total 134144K, used 26417K [0x00000000f0000000, 0x00000000f8300000, 0x00000000f8300000)
  object space 134144K, 19% used [0x00000000f0000000,0x00000000f19cc5c8,0x00000000f8300000)
 Metaspace       used 52748K, capacity 55892K, committed 55936K, reserved 1097728K
  class space    used 6447K, capacity 6998K, committed 7040K, reserved 1048576K
}
{Heap before GC invocations=158 (full 0):
 PSYoungGen      total 127488K, used 127296K [0x00000000f8300000, 0x0000000100000000, 0x0000000100000000)
  eden space 126976K, 100% used [0x00000000f8300000,0x00000000fff00000,0x00000000fff00000)
  from space 512K, 62% used [0x00000000fff00000,0x00000000fff50000,0x00000000fff80000)
  to   space 512K, 0% used [0x00000000fff80000,0x00000000fff80000,0x0000000100000000)
 ParOldGen       total 134144K, used 26417K [0x00000000f0000000, 0x00000000f8300000, 0x00000000f8300000)
  object space 134144K, 19% used [0x00000000f0000000,0x00000000f19cc5c8,0x00000000f8300000)
 Metaspace       used 52748K, capacity 55892K, committed 55936K, reserved 1097728K
  class space    used 6447K, capacity 6998K, committed 7040K, reserved 1048576K
2023-10-03T01:11:24.782+0800: 284.486: [GC (Allocation Failure) [PSYoungGen: 127296K->320K(127488K)] 153713K->26777K(261632K), 0.0059739 secs] [Times: user=0.02 sys=0.01, real=0.01 secs] 
Heap after GC invocations=158 (full 0):
 PSYoungGen      total 127488K, used 320K [0x00000000f8300000, 0x0000000100000000, 0x0000000100000000)
  eden space 126976K, 0% used [0x00000000f8300000,0x00000000f8300000,0x00000000fff00000)
  from space 512K, 62% used [0x00000000fff80000,0x00000000fffd0000,0x0000000100000000)
  to   space 512K, 0% used [0x00000000fff00000,0x00000000fff00000,0x00000000fff80000)
 ParOldGen       total 134144K, used 26457K [0x00000000f0000000, 0x00000000f8300000, 0x00000000f8300000)
  object space 134144K, 19% used [0x00000000f0000000,0x00000000f19d65c8,0x00000000f8300000)
 Metaspace       used 52748K, capacity 55892K, committed 55936K, reserved 1097728K
  class space    used 6447K, capacity 6998K, committed 7040K, reserved 1048576K
}
{Heap before GC invocations=159 (full 0):
 PSYoungGen      total 127488K, used 127296K [0x00000000f8300000, 0x0000000100000000, 0x0000000100000000)
  eden space 126976K, 100% used [0x00000000f8300000,0x00000000fff00000,0x00000000fff00000)
  from space 512K, 62% used [0x00000000fff80000,0x00000000fffd0000,0x0000000100000000)
  to   space 512K, 0% used [0x00000000fff00000,0x00000000fff00000,0x00000000fff80000)
 ParOldGen       total 134144K, used 26457K [0x00000000f0000000, 0x00000000f8300000, 0x00000000f8300000)
  object space 134144K, 19% used [0x00000000f0000000,0x00000000f19d65c8,0x00000000f8300000)
 Metaspace       used 52748K, capacity 55892K, committed 55936K, reserved 1097728K
  class space    used 6447K, capacity 6998K, committed 7040K, reserved 1048576K
2023-10-03T01:11:25.632+0800: 285.337: [GC (Allocation Failure) [PSYoungGen: 127296K->320K(127488K)] 153753K->26793K(261632K), 0.0057031 secs] [Times: user=0.01 sys=0.01, real=0.00 secs] 
Heap after GC invocations=159 (full 0):
 PSYoungGen      total 127488K, used 320K [0x00000000f8300000, 0x0000000100000000, 0x0000000100000000)
  eden space 126976K, 0% used [0x00000000f8300000,0x00000000f8300000,0x00000000fff00000)
  from space 512K, 62% used [0x00000000fff00000,0x00000000fff50000,0x00000000fff80000)
  to   space 512K, 0% used [0x00000000fff80000,0x00000000fff80000,0x0000000100000000)
 ParOldGen       total 134144K, used 26473K [0x00000000f0000000, 0x00000000f8300000, 0x00000000f8300000)
  object space 134144K, 19% used [0x00000000f0000000,0x00000000f19da5c8,0x00000000f8300000)
 Metaspace       used 52748K, capacity 55892K, committed 55936K, reserved 1097728K
  class space    used 6447K, capacity 6998K, committed 7040K, reserved 1048576K
}
{Heap before GC invocations=160 (full 0):
 PSYoungGen      total 127488K, used 127296K [0x00000000f8300000, 0x0000000100000000, 0x0000000100000000)
  eden space 126976K, 100% used [0x00000000f8300000,0x00000000fff00000,0x00000000fff00000)
  from space 512K, 62% used [0x00000000fff00000,0x00000000fff50000,0x00000000fff80000)
  to   space 512K, 0% used [0x00000000fff80000,0x00000000fff80000,0x0000000100000000)
 ParOldGen       total 134144K, used 26473K [0x00000000f0000000, 0x00000000f8300000, 0x00000000f8300000)
  object space 134144K, 19% used [0x00000000f0000000,0x00000000f19da5c8,0x00000000f8300000)
 Metaspace       used 52748K, capacity 55892K, committed 55936K, reserved 1097728K
  class space    used 6447K, capacity 6998K, committed 7040K, reserved 1048576K
2023-10-03T01:11:26.470+0800: 286.174: [GC (Allocation Failure) [PSYoungGen: 127296K->352K(127488K)] 153769K->26865K(261632K), 0.0056754 secs] [Times: user=0.03 sys=0.00, real=0.01 secs] 
Heap after GC invocations=160 (full 0):
 PSYoungGen      total 127488K, used 352K [0x00000000f8300000, 0x0000000100000000, 0x0000000100000000)
  eden space 126976K, 0% used [0x00000000f8300000,0x00000000f8300000,0x00000000fff00000)
  from space 512K, 68% used [0x00000000fff80000,0x00000000fffd8000,0x0000000100000000)
  to   space 512K, 0% used [0x00000000fff00000,0x00000000fff00000,0x00000000fff80000)
 ParOldGen       total 134144K, used 26513K [0x00000000f0000000, 0x00000000f8300000, 0x00000000f8300000)
  object space 134144K, 19% used [0x00000000f0000000,0x00000000f19e45c8,0x00000000f8300000)
 Metaspace       used 52748K, capacity 55892K, committed 55936K, reserved 1097728K
  class space    used 6447K, capacity 6998K, committed 7040K, reserved 1048576K
}
{Heap before GC invocations=161 (full 0):
 PSYoungGen      total 127488K, used 127328K [0x00000000f8300000, 0x0000000100000000, 0x0000000100000000)
  eden space 126976K, 100% used [0x00000000f8300000,0x00000000fff00000,0x00000000fff00000)
  from space 512K, 68% used [0x00000000fff80000,0x00000000fffd8000,0x0000000100000000)
  to   space 512K, 0% used [0x00000000fff00000,0x00000000fff00000,0x00000000fff80000)
 ParOldGen       total 134144K, used 26513K [0x00000000f0000000, 0x00000000f8300000, 0x00000000f8300000)
  object space 134144K, 19% used [0x00000000f0000000,0x00000000f19e45c8,0x00000000f8300000)
 Metaspace       used 52748K, capacity 55892K, committed 55936K, reserved 1097728K
  class space    used 6447K, capacity 6998K, committed 7040K, reserved 1048576K
2023-10-03T01:11:27.295+0800: 286.999: [GC (Allocation Failure) [PSYoungGen: 127328K->320K(127488K)] 153841K->26849K(261632K), 0.0041392 secs] [Times: user=0.02 sys=0.00, real=0.01 secs] 
Heap after GC invocations=161 (full 0):
 PSYoungGen      total 127488K, used 320K [0x00000000f8300000, 0x0000000100000000, 0x0000000100000000)
  eden space 126976K, 0% used [0x00000000f8300000,0x00000000f8300000,0x00000000fff00000)
  from space 512K, 62% used [0x00000000fff00000,0x00000000fff50000,0x00000000fff80000)
  to   space 512K, 0% used [0x00000000fff80000,0x00000000fff80000,0x0000000100000000)
 ParOldGen       total 134144K, used 26529K [0x00000000f0000000, 0x00000000f8300000, 0x00000000f8300000)
  object space 134144K, 19% used [0x00000000f0000000,0x00000000f19e85c8,0x00000000f8300000)
 Metaspace       used 52748K, capacity 55892K, committed 55936K, reserved 1097728K
  class space    used 6447K, capacity 6998K, committed 7040K, reserved 1048576K
}
{Heap before GC invocations=162 (full 0):
 PSYoungGen      total 127488K, used 127296K [0x00000000f8300000, 0x0000000100000000, 0x0000000100000000)
  eden space 126976K, 100% used [0x00000000f8300000,0x00000000fff00000,0x00000000fff00000)
  from space 512K, 62% used [0x00000000fff00000,0x00000000fff50000,0x00000000fff80000)
  to   space 512K, 0% used [0x00000000fff80000,0x00000000fff80000,0x0000000100000000)
 ParOldGen       total 134144K, used 26529K [0x00000000f0000000, 0x00000000f8300000, 0x00000000f8300000)
  object space 134144K, 19% used [0x00000000f0000000,0x00000000f19e85c8,0x00000000f8300000)
 Metaspace       used 52749K, capacity 55892K, committed 55936K, reserved 1097728K
  class space    used 6447K, capacity 6998K, committed 7040K, reserved 1048576K
2023-10-03T01:11:28.114+0800: 287.818: [GC (Allocation Failure) [PSYoungGen: 127296K->320K(127488K)] 153825K->26913K(261632K), 0.0059483 secs] [Times: user=0.03 sys=0.00, real=0.00 secs] 
Heap after GC invocations=162 (full 0):
 PSYoungGen      total 127488K, used 320K [0x00000000f8300000, 0x0000000100000000, 0x0000000100000000)
  eden space 126976K, 0% used [0x00000000f8300000,0x00000000f8300000,0x00000000fff00000)
  from space 512K, 62% used [0x00000000fff80000,0x00000000fffd0000,0x0000000100000000)
  to   space 512K, 0% used [0x00000000fff00000,0x00000000fff00000,0x00000000fff80000)
 ParOldGen       total 134144K, used 26593K [0x00000000f0000000, 0x00000000f8300000, 0x00000000f8300000)
  object space 134144K, 19% used [0x00000000f0000000,0x00000000f19f85c8,0x00000000f8300000)
 Metaspace       used 52749K, capacity 55892K, committed 55936K, reserved 1097728K
  class space    used 6447K, capacity 6998K, committed 7040K, reserved 1048576K
}
{Heap before GC invocations=163 (full 0):
 PSYoungGen      total 127488K, used 127296K [0x00000000f8300000, 0x0000000100000000, 0x0000000100000000)
  eden space 126976K, 100% used [0x00000000f8300000,0x00000000fff00000,0x00000000fff00000)
  from space 512K, 62% used [0x00000000fff80000,0x00000000fffd0000,0x0000000100000000)
  to   space 512K, 0% used [0x00000000fff00000,0x00000000fff00000,0x00000000fff80000)
 ParOldGen       total 134144K, used 26593K [0x00000000f0000000, 0x00000000f8300000, 0x00000000f8300000)
  object space 134144K, 19% used [0x00000000f0000000,0x00000000f19f85c8,0x00000000f8300000)
 Metaspace       used 52749K, capacity 55892K, committed 55936K, reserved 1097728K
  class space    used 6447K, capacity 6998K, committed 7040K, reserved 1048576K
2023-10-03T01:11:28.932+0800: 288.637: [GC (Allocation Failure) [PSYoungGen: 127296K->320K(127488K)] 153889K->26961K(261632K), 0.0066697 secs] [Times: user=0.02 sys=0.01, real=0.00 secs] 
Heap after GC invocations=163 (full 0):
 PSYoungGen      total 127488K, used 320K [0x00000000f8300000, 0x0000000100000000, 0x0000000100000000)
  eden space 126976K, 0% used [0x00000000f8300000,0x00000000f8300000,0x00000000fff00000)
  from space 512K, 62% used [0x00000000fff00000,0x00000000fff50000,0x00000000fff80000)
  to   space 512K, 0% used [0x00000000fff80000,0x00000000fff80000,0x0000000100000000)
 ParOldGen       total 134144K, used 26641K [0x00000000f0000000, 0x00000000f8300000, 0x00000000f8300000)
  object space 134144K, 19% used [0x00000000f0000000,0x00000000f1a045c8,0x00000000f8300000)
 Metaspace       used 52749K, capacity 55892K, committed 55936K, reserved 1097728K
  class space    used 6447K, capacity 6998K, committed 7040K, reserved 1048576K
}
{Heap before GC invocations=164 (full 0):
 PSYoungGen      total 127488K, used 127296K [0x00000000f8300000, 0x0000000100000000, 0x0000000100000000)
  eden space 126976K, 100% used [0x00000000f8300000,0x00000000fff00000,0x00000000fff00000)
  from space 512K, 62% used [0x00000000fff00000,0x00000000fff50000,0x00000000fff80000)
  to   space 512K, 0% used [0x00000000fff80000,0x00000000fff80000,0x0000000100000000)
 ParOldGen       total 134144K, used 26641K [0x00000000f0000000, 0x00000000f8300000, 0x00000000f8300000)
  object space 134144K, 19% used [0x00000000f0000000,0x00000000f1a045c8,0x00000000f8300000)
 Metaspace       used 52749K, capacity 55892K, committed 55936K, reserved 1097728K
  class space    used 6447K, capacity 6998K, committed 7040K, reserved 1048576K
2023-10-03T01:11:29.976+0800: 289.681: [GC (Allocation Failure) [PSYoungGen: 127296K->320K(127488K)] 153937K->27001K(261632K), 0.0066336 secs] [Times: user=0.03 sys=0.00, real=0.01 secs] 
Heap after GC invocations=164 (full 0):
 PSYoungGen      total 127488K, used 320K [0x00000000f8300000, 0x0000000100000000, 0x0000000100000000)
  eden space 126976K, 0% used [0x00000000f8300000,0x00000000f8300000,0x00000000fff00000)
  from space 512K, 62% used [0x00000000fff80000,0x00000000fffd0000,0x0000000100000000)
  to   space 512K, 0% used [0x00000000fff00000,0x00000000fff00000,0x00000000fff80000)
 ParOldGen       total 134144K, used 26681K [0x00000000f0000000, 0x00000000f8300000, 0x00000000f8300000)
  object space 134144K, 19% used [0x00000000f0000000,0x00000000f1a0e5c8,0x00000000f8300000)
 Metaspace       used 52749K, capacity 55892K, committed 55936K, reserved 1097728K
  class space    used 6447K, capacity 6998K, committed 7040K, reserved 1048576K
}
{Heap before GC invocations=165 (full 0):
 PSYoungGen      total 127488K, used 127296K [0x00000000f8300000, 0x0000000100000000, 0x0000000100000000)
  eden space 126976K, 100% used [0x00000000f8300000,0x00000000fff00000,0x00000000fff00000)
  from space 512K, 62% used [0x00000000fff80000,0x00000000fffd0000,0x0000000100000000)
  to   space 512K, 0% used [0x00000000fff00000,0x00000000fff00000,0x00000000fff80000)
 ParOldGen       total 134144K, used 26681K [0x00000000f0000000, 0x00000000f8300000, 0x00000000f8300000)
  object space 134144K, 19% used [0x00000000f0000000,0x00000000f1a0e5c8,0x00000000f8300000)
 Metaspace       used 52749K, capacity 55892K, committed 55936K, reserved 1097728K
  class space    used 6447K, capacity 6998K, committed 7040K, reserved 1048576K
2023-10-03T01:11:31.387+0800: 291.092: [GC (Allocation Failure) [PSYoungGen: 127296K->496K(127488K)] 153977K->27473K(261632K), 0.0061717 secs] [Times: user=0.03 sys=0.00, real=0.01 secs] 
Heap after GC invocations=165 (full 0):
 PSYoungGen      total 127488K, used 496K [0x00000000f8300000, 0x0000000100000000, 0x0000000100000000)
  eden space 126976K, 0% used [0x00000000f8300000,0x00000000f8300000,0x00000000fff00000)
  from space 512K, 96% used [0x00000000fff00000,0x00000000fff7c030,0x00000000fff80000)
  to   space 512K, 0% used [0x00000000fff80000,0x00000000fff80000,0x0000000100000000)
 ParOldGen       total 134144K, used 26977K [0x00000000f0000000, 0x00000000f8300000, 0x00000000f8300000)
  object space 134144K, 20% used [0x00000000f0000000,0x00000000f1a586e8,0x00000000f8300000)
 Metaspace       used 52749K, capacity 55892K, committed 55936K, reserved 1097728K
  class space    used 6447K, capacity 6998K, committed 7040K, reserved 1048576K
}
{Heap before GC invocations=166 (full 0):
 PSYoungGen      total 127488K, used 127472K [0x00000000f8300000, 0x0000000100000000, 0x0000000100000000)
  eden space 126976K, 100% used [0x00000000f8300000,0x00000000fff00000,0x00000000fff00000)
  from space 512K, 96% used [0x00000000fff00000,0x00000000fff7c030,0x00000000fff80000)
  to   space 512K, 0% used [0x00000000fff80000,0x00000000fff80000,0x0000000100000000)
 ParOldGen       total 134144K, used 26977K [0x00000000f0000000, 0x00000000f8300000, 0x00000000f8300000)
  object space 134144K, 20% used [0x00000000f0000000,0x00000000f1a586e8,0x00000000f8300000)
 Metaspace       used 52749K, capacity 55892K, committed 55936K, reserved 1097728K
  class space    used 6447K, capacity 6998K, committed 7040K, reserved 1048576K
2023-10-03T01:11:32.091+0800: 291.795: [GC (Allocation Failure) [PSYoungGen: 127472K->432K(126464K)] 154449K->27756K(260608K), 0.0058530 secs] [Times: user=0.02 sys=0.00, real=0.01 secs] 
Heap after GC invocations=166 (full 0):
 PSYoungGen      total 126464K, used 432K [0x00000000f8300000, 0x0000000100000000, 0x0000000100000000)
  eden space 125952K, 0% used [0x00000000f8300000,0x00000000f8300000,0x00000000ffe00000)
  from space 512K, 84% used [0x00000000fff80000,0x00000000fffec010,0x0000000100000000)
  to   space 1024K, 0% used [0x00000000ffe00000,0x00000000ffe00000,0x00000000fff00000)
 ParOldGen       total 134144K, used 27324K [0x00000000f0000000, 0x00000000f8300000, 0x00000000f8300000)
  object space 134144K, 20% used [0x00000000f0000000,0x00000000f1aaf328,0x00000000f8300000)
 Metaspace       used 52749K, capacity 55892K, committed 55936K, reserved 1097728K
  class space    used 6447K, capacity 6998K, committed 7040K, reserved 1048576K
}
{Heap before GC invocations=167 (full 0):
 PSYoungGen      total 126464K, used 126384K [0x00000000f8300000, 0x0000000100000000, 0x0000000100000000)
  eden space 125952K, 100% used [0x00000000f8300000,0x00000000ffe00000,0x00000000ffe00000)
  from space 512K, 84% used [0x00000000fff80000,0x00000000fffec010,0x0000000100000000)
  to   space 1024K, 0% used [0x00000000ffe00000,0x00000000ffe00000,0x00000000fff00000)
 ParOldGen       total 134144K, used 27324K [0x00000000f0000000, 0x00000000f8300000, 0x00000000f8300000)
  object space 134144K, 20% used [0x00000000f0000000,0x00000000f1aaf328,0x00000000f8300000)
 Metaspace       used 52751K, capacity 55892K, committed 55936K, reserved 1097728K
  class space    used 6447K, capacity 6998K, committed 7040K, reserved 1048576K
2023-10-03T01:11:32.793+0800: 292.497: [GC (Allocation Failure) [PSYoungGen: 126384K->352K(126976K)] 153708K->27836K(261120K), 0.0061056 secs] [Times: user=0.03 sys=0.00, real=0.00 secs] 
Heap after GC invocations=167 (full 0):
 PSYoungGen      total 126976K, used 352K [0x00000000f8300000, 0x0000000100000000, 0x0000000100000000)
  eden space 125952K, 0% used [0x00000000f8300000,0x00000000f8300000,0x00000000ffe00000)
  from space 1024K, 34% used [0x00000000ffe00000,0x00000000ffe58000,0x00000000fff00000)
  to   space 512K, 0% used [0x00000000fff80000,0x00000000fff80000,0x0000000100000000)
 ParOldGen       total 134144K, used 27484K [0x00000000f0000000, 0x00000000f8300000, 0x00000000f8300000)
  object space 134144K, 20% used [0x00000000f0000000,0x00000000f1ad7228,0x00000000f8300000)
 Metaspace       used 52751K, capacity 55892K, committed 55936K, reserved 1097728K
  class space    used 6447K, capacity 6998K, committed 7040K, reserved 1048576K
}
{Heap before GC invocations=168 (full 0):
 PSYoungGen      total 126976K, used 126304K [0x00000000f8300000, 0x0000000100000000, 0x0000000100000000)
  eden space 125952K, 100% used [0x00000000f8300000,0x00000000ffe00000,0x00000000ffe00000)
  from space 1024K, 34% used [0x00000000ffe00000,0x00000000ffe58000,0x00000000fff00000)
  to   space 512K, 0% used [0x00000000fff80000,0x00000000fff80000,0x0000000100000000)
 ParOldGen       total 134144K, used 27484K [0x00000000f0000000, 0x00000000f8300000, 0x00000000f8300000)
  object space 134144K, 20% used [0x00000000f0000000,0x00000000f1ad7228,0x00000000f8300000)
 Metaspace       used 52751K, capacity 55892K, committed 55936K, reserved 1097728K
  class space    used 6447K, capacity 6998K, committed 7040K, reserved 1048576K
2023-10-03T01:11:33.493+0800: 293.198: [GC (Allocation Failure) [PSYoungGen: 126304K->320K(127488K)] 153788K->27852K(261632K), 0.0051600 secs] [Times: user=0.03 sys=0.00, real=0.00 secs] 
Heap after GC invocations=168 (full 0):
 PSYoungGen      total 127488K, used 320K [0x00000000f8300000, 0x0000000100000000, 0x0000000100000000)
  eden space 126976K, 0% used [0x00000000f8300000,0x00000000f8300000,0x00000000fff00000)
  from space 512K, 62% used [0x00000000fff80000,0x00000000fffd0000,0x0000000100000000)
  to   space 512K, 0% used [0x00000000fff00000,0x00000000fff00000,0x00000000fff80000)
 ParOldGen       total 134144K, used 27532K [0x00000000f0000000, 0x00000000f8300000, 0x00000000f8300000)
  object space 134144K, 20% used [0x00000000f0000000,0x00000000f1ae3228,0x00000000f8300000)
 Metaspace       used 52751K, capacity 55892K, committed 55936K, reserved 1097728K
  class space    used 6447K, capacity 6998K, committed 7040K, reserved 1048576K
}
{Heap before GC invocations=169 (full 0):
 PSYoungGen      total 127488K, used 127296K [0x00000000f8300000, 0x0000000100000000, 0x0000000100000000)
  eden space 126976K, 100% used [0x00000000f8300000,0x00000000fff00000,0x00000000fff00000)
  from space 512K, 62% used [0x00000000fff80000,0x00000000fffd0000,0x0000000100000000)
  to   space 512K, 0% used [0x00000000fff00000,0x00000000fff00000,0x00000000fff80000)
 ParOldGen       total 134144K, used 27532K [0x00000000f0000000, 0x00000000f8300000, 0x00000000f8300000)
  object space 134144K, 20% used [0x00000000f0000000,0x00000000f1ae3228,0x00000000f8300000)
 Metaspace       used 52751K, capacity 55892K, committed 55936K, reserved 1097728K
  class space    used 6447K, capacity 6998K, committed 7040K, reserved 1048576K
2023-10-03T01:11:34.182+0800: 293.887: [GC (Allocation Failure) [PSYoungGen: 127296K->320K(127488K)] 154828K->27892K(261632K), 0.0057341 secs] [Times: user=0.02 sys=0.00, real=0.00 secs] 
Heap after GC invocations=169 (full 0):
 PSYoungGen      total 127488K, used 320K [0x00000000f8300000, 0x0000000100000000, 0x0000000100000000)
  eden space 126976K, 0% used [0x00000000f8300000,0x00000000f8300000,0x00000000fff00000)
  from space 512K, 62% used [0x00000000fff00000,0x00000000fff50000,0x00000000fff80000)
  to   space 512K, 0% used [0x00000000fff80000,0x00000000fff80000,0x0000000100000000)
 ParOldGen       total 134144K, used 27572K [0x00000000f0000000, 0x00000000f8300000, 0x00000000f8300000)
  object space 134144K, 20% used [0x00000000f0000000,0x00000000f1aed228,0x00000000f8300000)
 Metaspace       used 52751K, capacity 55892K, committed 55936K, reserved 1097728K
  class space    used 6447K, capacity 6998K, committed 7040K, reserved 1048576K
}
{Heap before GC invocations=170 (full 0):
 PSYoungGen      total 127488K, used 127296K [0x00000000f8300000, 0x0000000100000000, 0x0000000100000000)
  eden space 126976K, 100% used [0x00000000f8300000,0x00000000fff00000,0x00000000fff00000)
  from space 512K, 62% used [0x00000000fff00000,0x00000000fff50000,0x00000000fff80000)
  to   space 512K, 0% used [0x00000000fff80000,0x00000000fff80000,0x0000000100000000)
 ParOldGen       total 134144K, used 27572K [0x00000000f0000000, 0x00000000f8300000, 0x00000000f8300000)
  object space 134144K, 20% used [0x00000000f0000000,0x00000000f1aed228,0x00000000f8300000)
 Metaspace       used 52751K, capacity 55892K, committed 55936K, reserved 1097728K
  class space    used 6447K, capacity 6998K, committed 7040K, reserved 1048576K
2023-10-03T01:11:34.875+0800: 294.580: [GC (Allocation Failure) [PSYoungGen: 127296K->320K(127488K)] 154868K->27940K(261632K), 0.0056693 secs] [Times: user=0.02 sys=0.00, real=0.00 secs] 
Heap after GC invocations=170 (full 0):
 PSYoungGen      total 127488K, used 320K [0x00000000f8300000, 0x0000000100000000, 0x0000000100000000)
  eden space 126976K, 0% used [0x00000000f8300000,0x00000000f8300000,0x00000000fff00000)
  from space 512K, 62% used [0x00000000fff80000,0x00000000fffd0000,0x0000000100000000)
  to   space 512K, 0% used [0x00000000fff00000,0x00000000fff00000,0x00000000fff80000)
 ParOldGen       total 134144K, used 27620K [0x00000000f0000000, 0x00000000f8300000, 0x00000000f8300000)
  object space 134144K, 20% used [0x00000000f0000000,0x00000000f1af9228,0x00000000f8300000)
 Metaspace       used 52751K, capacity 55892K, committed 55936K, reserved 1097728K
  class space    used 6447K, capacity 6998K, committed 7040K, reserved 1048576K
}
{Heap before GC invocations=171 (full 0):
 PSYoungGen      total 127488K, used 127296K [0x00000000f8300000, 0x0000000100000000, 0x0000000100000000)
  eden space 126976K, 100% used [0x00000000f8300000,0x00000000fff00000,0x00000000fff00000)
  from space 512K, 62% used [0x00000000fff80000,0x00000000fffd0000,0x0000000100000000)
  to   space 512K, 0% used [0x00000000fff00000,0x00000000fff00000,0x00000000fff80000)
 ParOldGen       total 134144K, used 27620K [0x00000000f0000000, 0x00000000f8300000, 0x00000000f8300000)
  object space 134144K, 20% used [0x00000000f0000000,0x00000000f1af9228,0x00000000f8300000)
 Metaspace       used 52751K, capacity 55892K, committed 55936K, reserved 1097728K
  class space    used 6447K, capacity 6998K, committed 7040K, reserved 1048576K
2023-10-03T01:11:35.575+0800: 295.279: [GC (Allocation Failure) [PSYoungGen: 127296K->320K(127488K)] 154916K->27980K(261632K), 0.0056233 secs] [Times: user=0.02 sys=0.00, real=0.00 secs] 
Heap after GC invocations=171 (full 0):
 PSYoungGen      total 127488K, used 320K [0x00000000f8300000, 0x0000000100000000, 0x0000000100000000)
  eden space 126976K, 0% used [0x00000000f8300000,0x00000000f8300000,0x00000000fff00000)
  from space 512K, 62% used [0x00000000fff00000,0x00000000fff50000,0x00000000fff80000)
  to   space 512K, 0% used [0x00000000fff80000,0x00000000fff80000,0x0000000100000000)
 ParOldGen       total 134144K, used 27660K [0x00000000f0000000, 0x00000000f8300000, 0x00000000f8300000)
  object space 134144K, 20% used [0x00000000f0000000,0x00000000f1b03228,0x00000000f8300000)
 Metaspace       used 52751K, capacity 55892K, committed 55936K, reserved 1097728K
  class space    used 6447K, capacity 6998K, committed 7040K, reserved 1048576K
}
{Heap before GC invocations=172 (full 0):
 PSYoungGen      total 127488K, used 127296K [0x00000000f8300000, 0x0000000100000000, 0x0000000100000000)
  eden space 126976K, 100% used [0x00000000f8300000,0x00000000fff00000,0x00000000fff00000)
  from space 512K, 62% used [0x00000000fff00000,0x00000000fff50000,0x00000000fff80000)
  to   space 512K, 0% used [0x00000000fff80000,0x00000000fff80000,0x0000000100000000)
 ParOldGen       total 134144K, used 27660K [0x00000000f0000000, 0x00000000f8300000, 0x00000000f8300000)
  object space 134144K, 20% used [0x00000000f0000000,0x00000000f1b03228,0x00000000f8300000)
 Metaspace       used 52751K, capacity 55892K, committed 55936K, reserved 1097728K
  class space    used 6447K, capacity 6998K, committed 7040K, reserved 1048576K
2023-10-03T01:11:36.287+0800: 295.991: [GC (Allocation Failure) [PSYoungGen: 127296K->320K(127488K)] 154956K->28020K(261632K), 0.0059466 secs] [Times: user=0.03 sys=0.00, real=0.01 secs] 
Heap after GC invocations=172 (full 0):
 PSYoungGen      total 127488K, used 320K [0x00000000f8300000, 0x0000000100000000, 0x0000000100000000)
  eden space 126976K, 0% used [0x00000000f8300000,0x00000000f8300000,0x00000000fff00000)
  from space 512K, 62% used [0x00000000fff80000,0x00000000fffd0000,0x0000000100000000)
  to   space 512K, 0% used [0x00000000fff00000,0x00000000fff00000,0x00000000fff80000)
 ParOldGen       total 134144K, used 27700K [0x00000000f0000000, 0x00000000f8300000, 0x00000000f8300000)
  object space 134144K, 20% used [0x00000000f0000000,0x00000000f1b0d228,0x00000000f8300000)
 Metaspace       used 52751K, capacity 55892K, committed 55936K, reserved 1097728K
  class space    used 6447K, capacity 6998K, committed 7040K, reserved 1048576K
}
{Heap before GC invocations=173 (full 0):
 PSYoungGen      total 127488K, used 127296K [0x00000000f8300000, 0x0000000100000000, 0x0000000100000000)
  eden space 126976K, 100% used [0x00000000f8300000,0x00000000fff00000,0x00000000fff00000)
  from space 512K, 62% used [0x00000000fff80000,0x00000000fffd0000,0x0000000100000000)
  to   space 512K, 0% used [0x00000000fff00000,0x00000000fff00000,0x00000000fff80000)
 ParOldGen       total 134144K, used 27700K [0x00000000f0000000, 0x00000000f8300000, 0x00000000f8300000)
  object space 134144K, 20% used [0x00000000f0000000,0x00000000f1b0d228,0x00000000f8300000)
 Metaspace       used 52751K, capacity 55892K, committed 55936K, reserved 1097728K
  class space    used 6447K, capacity 6998K, committed 7040K, reserved 1048576K
2023-10-03T01:11:36.990+0800: 296.695: [GC (Allocation Failure) [PSYoungGen: 127296K->352K(127488K)] 154996K->28092K(261632K), 0.0056269 secs] [Times: user=0.03 sys=0.00, real=0.01 secs] 
Heap after GC invocations=173 (full 0):
 PSYoungGen      total 127488K, used 352K [0x00000000f8300000, 0x0000000100000000, 0x0000000100000000)
  eden space 126976K, 0% used [0x00000000f8300000,0x00000000f8300000,0x00000000fff00000)
  from space 512K, 68% used [0x00000000fff00000,0x00000000fff58000,0x00000000fff80000)
  to   space 512K, 0% used [0x00000000fff80000,0x00000000fff80000,0x0000000100000000)
 ParOldGen       total 134144K, used 27740K [0x00000000f0000000, 0x00000000f8300000, 0x00000000f8300000)
  object space 134144K, 20% used [0x00000000f0000000,0x00000000f1b17228,0x00000000f8300000)
 Metaspace       used 52751K, capacity 55892K, committed 55936K, reserved 1097728K
  class space    used 6447K, capacity 6998K, committed 7040K, reserved 1048576K
}
{Heap before GC invocations=174 (full 0):
 PSYoungGen      total 127488K, used 127328K [0x00000000f8300000, 0x0000000100000000, 0x0000000100000000)
  eden space 126976K, 100% used [0x00000000f8300000,0x00000000fff00000,0x00000000fff00000)
  from space 512K, 68% used [0x00000000fff00000,0x00000000fff58000,0x00000000fff80000)
  to   space 512K, 0% used [0x00000000fff80000,0x00000000fff80000,0x0000000100000000)
 ParOldGen       total 134144K, used 27740K [0x00000000f0000000, 0x00000000f8300000, 0x00000000f8300000)
  object space 134144K, 20% used [0x00000000f0000000,0x00000000f1b17228,0x00000000f8300000)
 Metaspace       used 52751K, capacity 55892K, committed 55936K, reserved 1097728K
  class space    used 6447K, capacity 6998K, committed 7040K, reserved 1048576K
2023-10-03T01:11:37.697+0800: 297.402: [GC (Allocation Failure) [PSYoungGen: 127328K->320K(127488K)] 155068K->28092K(261632K), 0.0063285 secs] [Times: user=0.03 sys=0.00, real=0.01 secs] 
Heap after GC invocations=174 (full 0):
 PSYoungGen      total 127488K, used 320K [0x00000000f8300000, 0x0000000100000000, 0x0000000100000000)
  eden space 126976K, 0% used [0x00000000f8300000,0x00000000f8300000,0x00000000fff00000)
  from space 512K, 62% used [0x00000000fff80000,0x00000000fffd0000,0x0000000100000000)
  to   space 512K, 0% used [0x00000000fff00000,0x00000000fff00000,0x00000000fff80000)
 ParOldGen       total 134144K, used 27772K [0x00000000f0000000, 0x00000000f8300000, 0x00000000f8300000)
  object space 134144K, 20% used [0x00000000f0000000,0x00000000f1b1f228,0x00000000f8300000)
 Metaspace       used 52751K, capacity 55892K, committed 55936K, reserved 1097728K
  class space    used 6447K, capacity 6998K, committed 7040K, reserved 1048576K
}
{Heap before GC invocations=175 (full 0):
 PSYoungGen      total 127488K, used 127296K [0x00000000f8300000, 0x0000000100000000, 0x0000000100000000)
  eden space 126976K, 100% used [0x00000000f8300000,0x00000000fff00000,0x00000000fff00000)
  from space 512K, 62% used [0x00000000fff80000,0x00000000fffd0000,0x0000000100000000)
  to   space 512K, 0% used [0x00000000fff00000,0x00000000fff00000,0x00000000fff80000)
 ParOldGen       total 134144K, used 27772K [0x00000000f0000000, 0x00000000f8300000, 0x00000000f8300000)
  object space 134144K, 20% used [0x00000000f0000000,0x00000000f1b1f228,0x00000000f8300000)
 Metaspace       used 52752K, capacity 55892K, committed 55936K, reserved 1097728K
  class space    used 6448K, capacity 6998K, committed 7040K, reserved 1048576K
2023-10-03T01:11:38.404+0800: 298.109: [GC (Allocation Failure) [PSYoungGen: 127296K->320K(127488K)] 155068K->28172K(261632K), 0.0054024 secs] [Times: user=0.03 sys=0.00, real=0.01 secs] 
Heap after GC invocations=175 (full 0):
 PSYoungGen      total 127488K, used 320K [0x00000000f8300000, 0x0000000100000000, 0x0000000100000000)
  eden space 126976K, 0% used [0x00000000f8300000,0x00000000f8300000,0x00000000fff00000)
  from space 512K, 62% used [0x00000000fff00000,0x00000000fff50000,0x00000000fff80000)
  to   space 512K, 0% used [0x00000000fff80000,0x00000000fff80000,0x0000000100000000)
 ParOldGen       total 134144K, used 27852K [0x00000000f0000000, 0x00000000f8300000, 0x00000000f8300000)
  object space 134144K, 20% used [0x00000000f0000000,0x00000000f1b33228,0x00000000f8300000)
 Metaspace       used 52752K, capacity 55892K, committed 55936K, reserved 1097728K
  class space    used 6448K, capacity 6998K, committed 7040K, reserved 1048576K
}
{Heap before GC invocations=176 (full 0):
 PSYoungGen      total 127488K, used 127296K [0x00000000f8300000, 0x0000000100000000, 0x0000000100000000)
  eden space 126976K, 100% used [0x00000000f8300000,0x00000000fff00000,0x00000000fff00000)
  from space 512K, 62% used [0x00000000fff00000,0x00000000fff50000,0x00000000fff80000)
  to   space 512K, 0% used [0x00000000fff80000,0x00000000fff80000,0x0000000100000000)
 ParOldGen       total 134144K, used 27852K [0x00000000f0000000, 0x00000000f8300000, 0x00000000f8300000)
  object space 134144K, 20% used [0x00000000f0000000,0x00000000f1b33228,0x00000000f8300000)
 Metaspace       used 52752K, capacity 55892K, committed 55936K, reserved 1097728K
  class space    used 6448K, capacity 6998K, committed 7040K, reserved 1048576K
2023-10-03T01:11:39.091+0800: 298.795: [GC (Allocation Failure) [PSYoungGen: 127296K->320K(127488K)] 155148K->28244K(261632K), 0.0055053 secs] [Times: user=0.02 sys=0.00, real=0.01 secs] 
Heap after GC invocations=176 (full 0):
 PSYoungGen      total 127488K, used 320K [0x00000000f8300000, 0x0000000100000000, 0x0000000100000000)
  eden space 126976K, 0% used [0x00000000f8300000,0x00000000f8300000,0x00000000fff00000)
  from space 512K, 62% used [0x00000000fff80000,0x00000000fffd0000,0x0000000100000000)
  to   space 512K, 0% used [0x00000000fff00000,0x00000000fff00000,0x00000000fff80000)
 ParOldGen       total 134144K, used 27924K [0x00000000f0000000, 0x00000000f8300000, 0x00000000f8300000)
  object space 134144K, 20% used [0x00000000f0000000,0x00000000f1b45228,0x00000000f8300000)
 Metaspace       used 52752K, capacity 55892K, committed 55936K, reserved 1097728K
  class space    used 6448K, capacity 6998K, committed 7040K, reserved 1048576K
}
{Heap before GC invocations=177 (full 0):
 PSYoungGen      total 127488K, used 127296K [0x00000000f8300000, 0x0000000100000000, 0x0000000100000000)
  eden space 126976K, 100% used [0x00000000f8300000,0x00000000fff00000,0x00000000fff00000)
  from space 512K, 62% used [0x00000000fff80000,0x00000000fffd0000,0x0000000100000000)
  to   space 512K, 0% used [0x00000000fff00000,0x00000000fff00000,0x00000000fff80000)
 ParOldGen       total 134144K, used 27924K [0x00000000f0000000, 0x00000000f8300000, 0x00000000f8300000)
  object space 134144K, 20% used [0x00000000f0000000,0x00000000f1b45228,0x00000000f8300000)
 Metaspace       used 52752K, capacity 55892K, committed 55936K, reserved 1097728K
  class space    used 6448K, capacity 6998K, committed 7040K, reserved 1048576K
2023-10-03T01:11:39.810+0800: 299.514: [GC (Allocation Failure) [PSYoungGen: 127296K->320K(127488K)] 155220K->28284K(261632K), 0.0058752 secs] [Times: user=0.02 sys=0.00, real=0.01 secs] 
Heap after GC invocations=177 (full 0):
 PSYoungGen      total 127488K, used 320K [0x00000000f8300000, 0x0000000100000000, 0x0000000100000000)
  eden space 126976K, 0% used [0x00000000f8300000,0x00000000f8300000,0x00000000fff00000)
  from space 512K, 62% used [0x00000000fff00000,0x00000000fff50000,0x00000000fff80000)
  to   space 512K, 0% used [0x00000000fff80000,0x00000000fff80000,0x0000000100000000)
 ParOldGen       total 134144K, used 27964K [0x00000000f0000000, 0x00000000f8300000, 0x00000000f8300000)
  object space 134144K, 20% used [0x00000000f0000000,0x00000000f1b4f228,0x00000000f8300000)
 Metaspace       used 52752K, capacity 55892K, committed 55936K, reserved 1097728K
  class space    used 6448K, capacity 6998K, committed 7040K, reserved 1048576K
}
{Heap before GC invocations=178 (full 0):
 PSYoungGen      total 127488K, used 127296K [0x00000000f8300000, 0x0000000100000000, 0x0000000100000000)
  eden space 126976K, 100% used [0x00000000f8300000,0x00000000fff00000,0x00000000fff00000)
  from space 512K, 62% used [0x00000000fff00000,0x00000000fff50000,0x00000000fff80000)
  to   space 512K, 0% used [0x00000000fff80000,0x00000000fff80000,0x0000000100000000)
 ParOldGen       total 134144K, used 27964K [0x00000000f0000000, 0x00000000f8300000, 0x00000000f8300000)
  object space 134144K, 20% used [0x00000000f0000000,0x00000000f1b4f228,0x00000000f8300000)
 Metaspace       used 52752K, capacity 55892K, committed 55936K, reserved 1097728K
  class space    used 6448K, capacity 6998K, committed 7040K, reserved 1048576K
2023-10-03T01:11:40.520+0800: 300.224: [GC (Allocation Failure) [PSYoungGen: 127296K->320K(127488K)] 155260K->28348K(261632K), 0.0056530 secs] [Times: user=0.02 sys=0.00, real=0.01 secs] 
Heap after GC invocations=178 (full 0):
 PSYoungGen      total 127488K, used 320K [0x00000000f8300000, 0x0000000100000000, 0x0000000100000000)
  eden space 126976K, 0% used [0x00000000f8300000,0x00000000f8300000,0x00000000fff00000)
  from space 512K, 62% used [0x00000000fff80000,0x00000000fffd0000,0x0000000100000000)
  to   space 512K, 0% used [0x00000000fff00000,0x00000000fff00000,0x00000000fff80000)
 ParOldGen       total 134144K, used 28028K [0x00000000f0000000, 0x00000000f8300000, 0x00000000f8300000)
  object space 134144K, 20% used [0x00000000f0000000,0x00000000f1b5f228,0x00000000f8300000)
 Metaspace       used 52752K, capacity 55892K, committed 55936K, reserved 1097728K
  class space    used 6448K, capacity 6998K, committed 7040K, reserved 1048576K
}
{Heap before GC invocations=179 (full 0):
 PSYoungGen      total 127488K, used 127296K [0x00000000f8300000, 0x0000000100000000, 0x0000000100000000)
  eden space 126976K, 100% used [0x00000000f8300000,0x00000000fff00000,0x00000000fff00000)
  from space 512K, 62% used [0x00000000fff80000,0x00000000fffd0000,0x0000000100000000)
  to   space 512K, 0% used [0x00000000fff00000,0x00000000fff00000,0x00000000fff80000)
 ParOldGen       total 134144K, used 28028K [0x00000000f0000000, 0x00000000f8300000, 0x00000000f8300000)
  object space 134144K, 20% used [0x00000000f0000000,0x00000000f1b5f228,0x00000000f8300000)
 Metaspace       used 52752K, capacity 55892K, committed 55936K, reserved 1097728K
  class space    used 6448K, capacity 6998K, committed 7040K, reserved 1048576K
2023-10-03T01:11:41.213+0800: 300.918: [GC (Allocation Failure) [PSYoungGen: 127296K->352K(127488K)] 155324K->28420K(261632K), 0.0056036 secs] [Times: user=0.02 sys=0.00, real=0.00 secs] 
Heap after GC invocations=179 (full 0):
 PSYoungGen      total 127488K, used 352K [0x00000000f8300000, 0x0000000100000000, 0x0000000100000000)
  eden space 126976K, 0% used [0x00000000f8300000,0x00000000f8300000,0x00000000fff00000)
  from space 512K, 68% used [0x00000000fff00000,0x00000000fff58000,0x00000000fff80000)
  to   space 512K, 0% used [0x00000000fff80000,0x00000000fff80000,0x0000000100000000)
 ParOldGen       total 134144K, used 28068K [0x00000000f0000000, 0x00000000f8300000, 0x00000000f8300000)
  object space 134144K, 20% used [0x00000000f0000000,0x00000000f1b69228,0x00000000f8300000)
 Metaspace       used 52752K, capacity 55892K, committed 55936K, reserved 1097728K
  class space    used 6448K, capacity 6998K, committed 7040K, reserved 1048576K
}
{Heap before GC invocations=180 (full 0):
 PSYoungGen      total 127488K, used 127328K [0x00000000f8300000, 0x0000000100000000, 0x0000000100000000)
  eden space 126976K, 100% used [0x00000000f8300000,0x00000000fff00000,0x00000000fff00000)
  from space 512K, 68% used [0x00000000fff00000,0x00000000fff58000,0x00000000fff80000)
  to   space 512K, 0% used [0x00000000fff80000,0x00000000fff80000,0x0000000100000000)
 ParOldGen       total 134144K, used 28068K [0x00000000f0000000, 0x00000000f8300000, 0x00000000f8300000)
  object space 134144K, 20% used [0x00000000f0000000,0x00000000f1b69228,0x00000000f8300000)
 Metaspace       used 52753K, capacity 55892K, committed 55936K, reserved 1097728K
  class space    used 6448K, capacity 6998K, committed 7040K, reserved 1048576K
2023-10-03T01:11:41.914+0800: 301.618: [GC (Allocation Failure) [PSYoungGen: 127328K->320K(127488K)] 155396K->28428K(261632K), 0.0058151 secs] [Times: user=0.02 sys=0.00, real=0.00 secs] 
Heap after GC invocations=180 (full 0):
 PSYoungGen      total 127488K, used 320K [0x00000000f8300000, 0x0000000100000000, 0x0000000100000000)
  eden space 126976K, 0% used [0x00000000f8300000,0x00000000f8300000,0x00000000fff00000)
  from space 512K, 62% used [0x00000000fff80000,0x00000000fffd0000,0x0000000100000000)
  to   space 512K, 0% used [0x00000000fff00000,0x00000000fff00000,0x00000000fff80000)
 ParOldGen       total 134144K, used 28108K [0x00000000f0000000, 0x00000000f8300000, 0x00000000f8300000)
  object space 134144K, 20% used [0x00000000f0000000,0x00000000f1b73228,0x00000000f8300000)
 Metaspace       used 52753K, capacity 55892K, committed 55936K, reserved 1097728K
  class space    used 6448K, capacity 6998K, committed 7040K, reserved 1048576K
}
{Heap before GC invocations=181 (full 0):
 PSYoungGen      total 127488K, used 127296K [0x00000000f8300000, 0x0000000100000000, 0x0000000100000000)
  eden space 126976K, 100% used [0x00000000f8300000,0x00000000fff00000,0x00000000fff00000)
  from space 512K, 62% used [0x00000000fff80000,0x00000000fffd0000,0x0000000100000000)
  to   space 512K, 0% used [0x00000000fff00000,0x00000000fff00000,0x00000000fff80000)
 ParOldGen       total 134144K, used 28108K [0x00000000f0000000, 0x00000000f8300000, 0x00000000f8300000)
  object space 134144K, 20% used [0x00000000f0000000,0x00000000f1b73228,0x00000000f8300000)
 Metaspace       used 52754K, capacity 55892K, committed 55936K, reserved 1097728K
  class space    used 6448K, capacity 6998K, committed 7040K, reserved 1048576K
2023-10-03T01:11:42.619+0800: 302.323: [GC (Allocation Failure) [PSYoungGen: 127296K->320K(127488K)] 155404K->28492K(261632K), 0.0058645 secs] [Times: user=0.02 sys=0.00, real=0.01 secs] 
Heap after GC invocations=181 (full 0):
 PSYoungGen      total 127488K, used 320K [0x00000000f8300000, 0x0000000100000000, 0x0000000100000000)
  eden space 126976K, 0% used [0x00000000f8300000,0x00000000f8300000,0x00000000fff00000)
  from space 512K, 62% used [0x00000000fff00000,0x00000000fff50000,0x00000000fff80000)
  to   space 512K, 0% used [0x00000000fff80000,0x00000000fff80000,0x0000000100000000)
 ParOldGen       total 134144K, used 28172K [0x00000000f0000000, 0x00000000f8300000, 0x00000000f8300000)
  object space 134144K, 21% used [0x00000000f0000000,0x00000000f1b83228,0x00000000f8300000)
 Metaspace       used 52754K, capacity 55892K, committed 55936K, reserved 1097728K
  class space    used 6448K, capacity 6998K, committed 7040K, reserved 1048576K
}
{Heap before GC invocations=182 (full 0):
 PSYoungGen      total 127488K, used 127296K [0x00000000f8300000, 0x0000000100000000, 0x0000000100000000)
  eden space 126976K, 100% used [0x00000000f8300000,0x00000000fff00000,0x00000000fff00000)
  from space 512K, 62% used [0x00000000fff00000,0x00000000fff50000,0x00000000fff80000)
  to   space 512K, 0% used [0x00000000fff80000,0x00000000fff80000,0x0000000100000000)
 ParOldGen       total 134144K, used 28172K [0x00000000f0000000, 0x00000000f8300000, 0x00000000f8300000)
  object space 134144K, 21% used [0x00000000f0000000,0x00000000f1b83228,0x00000000f8300000)
 Metaspace       used 52757K, capacity 55892K, committed 55936K, reserved 1097728K
  class space    used 6448K, capacity 6998K, committed 7040K, reserved 1048576K
2023-10-03T01:11:43.308+0800: 303.013: [GC (Allocation Failure) [PSYoungGen: 127296K->320K(127488K)] 155468K->28532K(261632K), 0.0057582 secs] [Times: user=0.02 sys=0.00, real=0.01 secs] 
Heap after GC invocations=182 (full 0):
 PSYoungGen      total 127488K, used 320K [0x00000000f8300000, 0x0000000100000000, 0x0000000100000000)
  eden space 126976K, 0% used [0x00000000f8300000,0x00000000f8300000,0x00000000fff00000)
  from space 512K, 62% used [0x00000000fff80000,0x00000000fffd0000,0x0000000100000000)
  to   space 512K, 0% used [0x00000000fff00000,0x00000000fff00000,0x00000000fff80000)
 ParOldGen       total 134144K, used 28212K [0x00000000f0000000, 0x00000000f8300000, 0x00000000f8300000)
  object space 134144K, 21% used [0x00000000f0000000,0x00000000f1b8d228,0x00000000f8300000)
 Metaspace       used 52757K, capacity 55892K, committed 55936K, reserved 1097728K
  class space    used 6448K, capacity 6998K, committed 7040K, reserved 1048576K
}
{Heap before GC invocations=183 (full 0):
 PSYoungGen      total 127488K, used 127296K [0x00000000f8300000, 0x0000000100000000, 0x0000000100000000)
  eden space 126976K, 100% used [0x00000000f8300000,0x00000000fff00000,0x00000000fff00000)
  from space 512K, 62% used [0x00000000fff80000,0x00000000fffd0000,0x0000000100000000)
  to   space 512K, 0% used [0x00000000fff00000,0x00000000fff00000,0x00000000fff80000)
 ParOldGen       total 134144K, used 28212K [0x00000000f0000000, 0x00000000f8300000, 0x00000000f8300000)
  object space 134144K, 21% used [0x00000000f0000000,0x00000000f1b8d228,0x00000000f8300000)
 Metaspace       used 52757K, capacity 55892K, committed 55936K, reserved 1097728K
  class space    used 6448K, capacity 6998K, committed 7040K, reserved 1048576K
2023-10-03T01:11:44.001+0800: 303.706: [GC (Allocation Failure) [PSYoungGen: 127296K->320K(127488K)] 155508K->28580K(261632K), 0.0057848 secs] [Times: user=0.02 sys=0.00, real=0.01 secs] 
Heap after GC invocations=183 (full 0):
 PSYoungGen      total 127488K, used 320K [0x00000000f8300000, 0x0000000100000000, 0x0000000100000000)
  eden space 126976K, 0% used [0x00000000f8300000,0x00000000f8300000,0x00000000fff00000)
  from space 512K, 62% used [0x00000000fff00000,0x00000000fff50000,0x00000000fff80000)
  to   space 512K, 0% used [0x00000000fff80000,0x00000000fff80000,0x0000000100000000)
 ParOldGen       total 134144K, used 28260K [0x00000000f0000000, 0x00000000f8300000, 0x00000000f8300000)
  object space 134144K, 21% used [0x00000000f0000000,0x00000000f1b99228,0x00000000f8300000)
 Metaspace       used 52757K, capacity 55892K, committed 55936K, reserved 1097728K
  class space    used 6448K, capacity 6998K, committed 7040K, reserved 1048576K
}
{Heap before GC invocations=184 (full 0):
 PSYoungGen      total 127488K, used 127296K [0x00000000f8300000, 0x0000000100000000, 0x0000000100000000)
  eden space 126976K, 100% used [0x00000000f8300000,0x00000000fff00000,0x00000000fff00000)
  from space 512K, 62% used [0x00000000fff00000,0x00000000fff50000,0x00000000fff80000)
  to   space 512K, 0% used [0x00000000fff80000,0x00000000fff80000,0x0000000100000000)
 ParOldGen       total 134144K, used 28260K [0x00000000f0000000, 0x00000000f8300000, 0x00000000f8300000)
  object space 134144K, 21% used [0x00000000f0000000,0x00000000f1b99228,0x00000000f8300000)
 Metaspace       used 52757K, capacity 55892K, committed 55936K, reserved 1097728K
  class space    used 6448K, capacity 6998K, committed 7040K, reserved 1048576K
2023-10-03T01:11:44.715+0800: 304.420: [GC (Allocation Failure) [PSYoungGen: 127296K->320K(127488K)] 155556K->28620K(261632K), 0.0059688 secs] [Times: user=0.02 sys=0.01, real=0.00 secs] 
Heap after GC invocations=184 (full 0):
 PSYoungGen      total 127488K, used 320K [0x00000000f8300000, 0x0000000100000000, 0x0000000100000000)
  eden space 126976K, 0% used [0x00000000f8300000,0x00000000f8300000,0x00000000fff00000)
  from space 512K, 62% used [0x00000000fff80000,0x00000000fffd0000,0x0000000100000000)
  to   space 512K, 0% used [0x00000000fff00000,0x00000000fff00000,0x00000000fff80000)
 ParOldGen       total 134144K, used 28300K [0x00000000f0000000, 0x00000000f8300000, 0x00000000f8300000)
  object space 134144K, 21% used [0x00000000f0000000,0x00000000f1ba3228,0x00000000f8300000)
 Metaspace       used 52757K, capacity 55892K, committed 55936K, reserved 1097728K
  class space    used 6448K, capacity 6998K, committed 7040K, reserved 1048576K
}
{Heap before GC invocations=185 (full 0):
 PSYoungGen      total 127488K, used 127296K [0x00000000f8300000, 0x0000000100000000, 0x0000000100000000)
  eden space 126976K, 100% used [0x00000000f8300000,0x00000000fff00000,0x00000000fff00000)
  from space 512K, 62% used [0x00000000fff80000,0x00000000fffd0000,0x0000000100000000)
  to   space 512K, 0% used [0x00000000fff00000,0x00000000fff00000,0x00000000fff80000)
 ParOldGen       total 134144K, used 28300K [0x00000000f0000000, 0x00000000f8300000, 0x00000000f8300000)
  object space 134144K, 21% used [0x00000000f0000000,0x00000000f1ba3228,0x00000000f8300000)
 Metaspace       used 52757K, capacity 55892K, committed 55936K, reserved 1097728K
  class space    used 6448K, capacity 6998K, committed 7040K, reserved 1048576K
2023-10-03T01:11:45.432+0800: 305.137: [GC (Allocation Failure) [PSYoungGen: 127296K->320K(127488K)] 155596K->28660K(261632K), 0.0056572 secs] [Times: user=0.02 sys=0.00, real=0.00 secs] 
Heap after GC invocations=185 (full 0):
 PSYoungGen      total 127488K, used 320K [0x00000000f8300000, 0x0000000100000000, 0x0000000100000000)
  eden space 126976K, 0% used [0x00000000f8300000,0x00000000f8300000,0x00000000fff00000)
  from space 512K, 62% used [0x00000000fff00000,0x00000000fff50000,0x00000000fff80000)
  to   space 512K, 0% used [0x00000000fff80000,0x00000000fff80000,0x0000000100000000)
 ParOldGen       total 134144K, used 28340K [0x00000000f0000000, 0x00000000f8300000, 0x00000000f8300000)
  object space 134144K, 21% used [0x00000000f0000000,0x00000000f1bad228,0x00000000f8300000)
 Metaspace       used 52757K, capacity 55892K, committed 55936K, reserved 1097728K
  class space    used 6448K, capacity 6998K, committed 7040K, reserved 1048576K
}
{Heap before GC invocations=186 (full 0):
 PSYoungGen      total 127488K, used 127296K [0x00000000f8300000, 0x0000000100000000, 0x0000000100000000)
  eden space 126976K, 100% used [0x00000000f8300000,0x00000000fff00000,0x00000000fff00000)
  from space 512K, 62% used [0x00000000fff00000,0x00000000fff50000,0x00000000fff80000)
  to   space 512K, 0% used [0x00000000fff80000,0x00000000fff80000,0x0000000100000000)
 ParOldGen       total 134144K, used 28340K [0x00000000f0000000, 0x00000000f8300000, 0x00000000f8300000)
  object space 134144K, 21% used [0x00000000f0000000,0x00000000f1bad228,0x00000000f8300000)
 Metaspace       used 52757K, capacity 55892K, committed 55936K, reserved 1097728K
  class space    used 6448K, capacity 6998K, committed 7040K, reserved 1048576K
2023-10-03T01:11:46.138+0800: 305.843: [GC (Allocation Failure) [PSYoungGen: 127296K->320K(127488K)] 155636K->28708K(261632K), 0.0056224 secs] [Times: user=0.03 sys=0.01, real=0.01 secs] 
Heap after GC invocations=186 (full 0):
 PSYoungGen      total 127488K, used 320K [0x00000000f8300000, 0x0000000100000000, 0x0000000100000000)
  eden space 126976K, 0% used [0x00000000f8300000,0x00000000f8300000,0x00000000fff00000)
  from space 512K, 62% used [0x00000000fff80000,0x00000000fffd0000,0x0000000100000000)
  to   space 512K, 0% used [0x00000000fff00000,0x00000000fff00000,0x00000000fff80000)
 ParOldGen       total 134144K, used 28388K [0x00000000f0000000, 0x00000000f8300000, 0x00000000f8300000)
  object space 134144K, 21% used [0x00000000f0000000,0x00000000f1bb9228,0x00000000f8300000)
 Metaspace       used 52757K, capacity 55892K, committed 55936K, reserved 1097728K
  class space    used 6448K, capacity 6998K, committed 7040K, reserved 1048576K
}
{Heap before GC invocations=187 (full 0):
 PSYoungGen      total 127488K, used 127296K [0x00000000f8300000, 0x0000000100000000, 0x0000000100000000)
  eden space 126976K, 100% used [0x00000000f8300000,0x00000000fff00000,0x00000000fff00000)
  from space 512K, 62% used [0x00000000fff80000,0x00000000fffd0000,0x0000000100000000)
  to   space 512K, 0% used [0x00000000fff00000,0x00000000fff00000,0x00000000fff80000)
 ParOldGen       total 134144K, used 28388K [0x00000000f0000000, 0x00000000f8300000, 0x00000000f8300000)
  object space 134144K, 21% used [0x00000000f0000000,0x00000000f1bb9228,0x00000000f8300000)
 Metaspace       used 52757K, capacity 55892K, committed 55936K, reserved 1097728K
  class space    used 6448K, capacity 6998K, committed 7040K, reserved 1048576K
2023-10-03T01:11:46.840+0800: 306.545: [GC (Allocation Failure) [PSYoungGen: 127296K->320K(127488K)] 155684K->28748K(261632K), 0.0059848 secs] [Times: user=0.02 sys=0.00, real=0.01 secs] 
Heap after GC invocations=187 (full 0):
 PSYoungGen      total 127488K, used 320K [0x00000000f8300000, 0x0000000100000000, 0x0000000100000000)
  eden space 126976K, 0% used [0x00000000f8300000,0x00000000f8300000,0x00000000fff00000)
  from space 512K, 62% used [0x00000000fff00000,0x00000000fff50000,0x00000000fff80000)
  to   space 512K, 0% used [0x00000000fff80000,0x00000000fff80000,0x0000000100000000)
 ParOldGen       total 134144K, used 28428K [0x00000000f0000000, 0x00000000f8300000, 0x00000000f8300000)
  object space 134144K, 21% used [0x00000000f0000000,0x00000000f1bc3228,0x00000000f8300000)
 Metaspace       used 52757K, capacity 55892K, committed 55936K, reserved 1097728K
  class space    used 6448K, capacity 6998K, committed 7040K, reserved 1048576K
}
{Heap before GC invocations=188 (full 0):
 PSYoungGen      total 127488K, used 127296K [0x00000000f8300000, 0x0000000100000000, 0x0000000100000000)
  eden space 126976K, 100% used [0x00000000f8300000,0x00000000fff00000,0x00000000fff00000)
  from space 512K, 62% used [0x00000000fff00000,0x00000000fff50000,0x00000000fff80000)
  to   space 512K, 0% used [0x00000000fff80000,0x00000000fff80000,0x0000000100000000)
 ParOldGen       total 134144K, used 28428K [0x00000000f0000000, 0x00000000f8300000, 0x00000000f8300000)
  object space 134144K, 21% used [0x00000000f0000000,0x00000000f1bc3228,0x00000000f8300000)
 Metaspace       used 52757K, capacity 55892K, committed 55936K, reserved 1097728K
  class space    used 6448K, capacity 6998K, committed 7040K, reserved 1048576K
2023-10-03T01:11:47.540+0800: 307.245: [GC (Allocation Failure) [PSYoungGen: 127296K->320K(127488K)] 155724K->28796K(261632K), 0.0066435 secs] [Times: user=0.03 sys=0.00, real=0.01 secs] 
Heap after GC invocations=188 (full 0):
 PSYoungGen      total 127488K, used 320K [0x00000000f8300000, 0x0000000100000000, 0x0000000100000000)
  eden space 126976K, 0% used [0x00000000f8300000,0x00000000f8300000,0x00000000fff00000)
  from space 512K, 62% used [0x00000000fff80000,0x00000000fffd0000,0x0000000100000000)
  to   space 512K, 0% used [0x00000000fff00000,0x00000000fff00000,0x00000000fff80000)
 ParOldGen       total 134144K, used 28476K [0x00000000f0000000, 0x00000000f8300000, 0x00000000f8300000)
  object space 134144K, 21% used [0x00000000f0000000,0x00000000f1bcf228,0x00000000f8300000)
 Metaspace       used 52757K, capacity 55892K, committed 55936K, reserved 1097728K
  class space    used 6448K, capacity 6998K, committed 7040K, reserved 1048576K
}
{Heap before GC invocations=189 (full 0):
 PSYoungGen      total 127488K, used 127296K [0x00000000f8300000, 0x0000000100000000, 0x0000000100000000)
  eden space 126976K, 100% used [0x00000000f8300000,0x00000000fff00000,0x00000000fff00000)
  from space 512K, 62% used [0x00000000fff80000,0x00000000fffd0000,0x0000000100000000)
  to   space 512K, 0% used [0x00000000fff00000,0x00000000fff00000,0x00000000fff80000)
 ParOldGen       total 134144K, used 28476K [0x00000000f0000000, 0x00000000f8300000, 0x00000000f8300000)
  object space 134144K, 21% used [0x00000000f0000000,0x00000000f1bcf228,0x00000000f8300000)
 Metaspace       used 52757K, capacity 55892K, committed 55936K, reserved 1097728K
  class space    used 6448K, capacity 6998K, committed 7040K, reserved 1048576K
2023-10-03T01:11:48.243+0800: 307.948: [GC (Allocation Failure) [PSYoungGen: 127296K->352K(127488K)] 155772K->28876K(261632K), 0.0063894 secs] [Times: user=0.02 sys=0.00, real=0.00 secs] 
Heap after GC invocations=189 (full 0):
 PSYoungGen      total 127488K, used 352K [0x00000000f8300000, 0x0000000100000000, 0x0000000100000000)
  eden space 126976K, 0% used [0x00000000f8300000,0x00000000f8300000,0x00000000fff00000)
  from space 512K, 68% used [0x00000000fff00000,0x00000000fff58000,0x00000000fff80000)
  to   space 512K, 0% used [0x00000000fff80000,0x00000000fff80000,0x0000000100000000)
 ParOldGen       total 134144K, used 28524K [0x00000000f0000000, 0x00000000f8300000, 0x00000000f8300000)
  object space 134144K, 21% used [0x00000000f0000000,0x00000000f1bdb228,0x00000000f8300000)
 Metaspace       used 52757K, capacity 55892K, committed 55936K, reserved 1097728K
  class space    used 6448K, capacity 6998K, committed 7040K, reserved 1048576K
}
{Heap before GC invocations=190 (full 0):
 PSYoungGen      total 127488K, used 127328K [0x00000000f8300000, 0x0000000100000000, 0x0000000100000000)
  eden space 126976K, 100% used [0x00000000f8300000,0x00000000fff00000,0x00000000fff00000)
  from space 512K, 68% used [0x00000000fff00000,0x00000000fff58000,0x00000000fff80000)
  to   space 512K, 0% used [0x00000000fff80000,0x00000000fff80000,0x0000000100000000)
 ParOldGen       total 134144K, used 28524K [0x00000000f0000000, 0x00000000f8300000, 0x00000000f8300000)
  object space 134144K, 21% used [0x00000000f0000000,0x00000000f1bdb228,0x00000000f8300000)
 Metaspace       used 52757K, capacity 55892K, committed 55936K, reserved 1097728K
  class space    used 6448K, capacity 6998K, committed 7040K, reserved 1048576K
2023-10-03T01:11:48.943+0800: 308.648: [GC (Allocation Failure) [PSYoungGen: 127328K->320K(127488K)] 155852K->28900K(261632K), 0.0065795 secs] [Times: user=0.03 sys=0.00, real=0.00 secs] 
Heap after GC invocations=190 (full 0):
 PSYoungGen      total 127488K, used 320K [0x00000000f8300000, 0x0000000100000000, 0x0000000100000000)
  eden space 126976K, 0% used [0x00000000f8300000,0x00000000f8300000,0x00000000fff00000)
  from space 512K, 62% used [0x00000000fff80000,0x00000000fffd0000,0x0000000100000000)
  to   space 512K, 0% used [0x00000000fff00000,0x00000000fff00000,0x00000000fff80000)
 ParOldGen       total 134144K, used 28580K [0x00000000f0000000, 0x00000000f8300000, 0x00000000f8300000)
  object space 134144K, 21% used [0x00000000f0000000,0x00000000f1be9228,0x00000000f8300000)
 Metaspace       used 52757K, capacity 55892K, committed 55936K, reserved 1097728K
  class space    used 6448K, capacity 6998K, committed 7040K, reserved 1048576K
}
{Heap before GC invocations=191 (full 0):
 PSYoungGen      total 127488K, used 127296K [0x00000000f8300000, 0x0000000100000000, 0x0000000100000000)
  eden space 126976K, 100% used [0x00000000f8300000,0x00000000fff00000,0x00000000fff00000)
  from space 512K, 62% used [0x00000000fff80000,0x00000000fffd0000,0x0000000100000000)
  to   space 512K, 0% used [0x00000000fff00000,0x00000000fff00000,0x00000000fff80000)
 ParOldGen       total 134144K, used 28580K [0x00000000f0000000, 0x00000000f8300000, 0x00000000f8300000)
  object space 134144K, 21% used [0x00000000f0000000,0x00000000f1be9228,0x00000000f8300000)
 Metaspace       used 52757K, capacity 55892K, committed 55936K, reserved 1097728K
  class space    used 6448K, capacity 6998K, committed 7040K, reserved 1048576K
2023-10-03T01:11:49.630+0800: 309.335: [GC (Allocation Failure) [PSYoungGen: 127296K->320K(127488K)] 155876K->28940K(261632K), 0.0057339 secs] [Times: user=0.02 sys=0.00, real=0.02 secs] 
Heap after GC invocations=191 (full 0):
 PSYoungGen      total 127488K, used 320K [0x00000000f8300000, 0x0000000100000000, 0x0000000100000000)
  eden space 126976K, 0% used [0x00000000f8300000,0x00000000f8300000,0x00000000fff00000)
  from space 512K, 62% used [0x00000000fff00000,0x00000000fff50000,0x00000000fff80000)
  to   space 512K, 0% used [0x00000000fff80000,0x00000000fff80000,0x0000000100000000)
 ParOldGen       total 134144K, used 28620K [0x00000000f0000000, 0x00000000f8300000, 0x00000000f8300000)
  object space 134144K, 21% used [0x00000000f0000000,0x00000000f1bf3228,0x00000000f8300000)
 Metaspace       used 52757K, capacity 55892K, committed 55936K, reserved 1097728K
  class space    used 6448K, capacity 6998K, committed 7040K, reserved 1048576K
}
{Heap before GC invocations=192 (full 0):
 PSYoungGen      total 127488K, used 127296K [0x00000000f8300000, 0x0000000100000000, 0x0000000100000000)
  eden space 126976K, 100% used [0x00000000f8300000,0x00000000fff00000,0x00000000fff00000)
  from space 512K, 62% used [0x00000000fff00000,0x00000000fff50000,0x00000000fff80000)
  to   space 512K, 0% used [0x00000000fff80000,0x00000000fff80000,0x0000000100000000)
 ParOldGen       total 134144K, used 28620K [0x00000000f0000000, 0x00000000f8300000, 0x00000000f8300000)
  object space 134144K, 21% used [0x00000000f0000000,0x00000000f1bf3228,0x00000000f8300000)
 Metaspace       used 52757K, capacity 55892K, committed 55936K, reserved 1097728K
  class space    used 6448K, capacity 6998K, committed 7040K, reserved 1048576K
2023-10-03T01:11:50.338+0800: 310.043: [GC (Allocation Failure) [PSYoungGen: 127296K->320K(127488K)] 155916K->28988K(261632K), 0.0074044 secs] [Times: user=0.02 sys=0.01, real=0.01 secs] 
Heap after GC invocations=192 (full 0):
 PSYoungGen      total 127488K, used 320K [0x00000000f8300000, 0x0000000100000000, 0x0000000100000000)
  eden space 126976K, 0% used [0x00000000f8300000,0x00000000f8300000,0x00000000fff00000)
  from space 512K, 62% used [0x00000000fff80000,0x00000000fffd0000,0x0000000100000000)
  to   space 512K, 0% used [0x00000000fff00000,0x00000000fff00000,0x00000000fff80000)
 ParOldGen       total 134144K, used 28668K [0x00000000f0000000, 0x00000000f8300000, 0x00000000f8300000)
  object space 134144K, 21% used [0x00000000f0000000,0x00000000f1bff228,0x00000000f8300000)
 Metaspace       used 52757K, capacity 55892K, committed 55936K, reserved 1097728K
  class space    used 6448K, capacity 6998K, committed 7040K, reserved 1048576K
}
{Heap before GC invocations=193 (full 0):
 PSYoungGen      total 127488K, used 127296K [0x00000000f8300000, 0x0000000100000000, 0x0000000100000000)
  eden space 126976K, 100% used [0x00000000f8300000,0x00000000fff00000,0x00000000fff00000)
  from space 512K, 62% used [0x00000000fff80000,0x00000000fffd0000,0x0000000100000000)
  to   space 512K, 0% used [0x00000000fff00000,0x00000000fff00000,0x00000000fff80000)
 ParOldGen       total 134144K, used 28668K [0x00000000f0000000, 0x00000000f8300000, 0x00000000f8300000)
  object space 134144K, 21% used [0x00000000f0000000,0x00000000f1bff228,0x00000000f8300000)
 Metaspace       used 52757K, capacity 55892K, committed 55936K, reserved 1097728K
  class space    used 6448K, capacity 6998K, committed 7040K, reserved 1048576K
2023-10-03T01:11:51.052+0800: 310.757: [GC (Allocation Failure) [PSYoungGen: 127296K->320K(127488K)] 155964K->29060K(261632K), 0.0074109 secs] [Times: user=0.03 sys=0.00, real=0.00 secs] 
Heap after GC invocations=193 (full 0):
 PSYoungGen      total 127488K, used 320K [0x00000000f8300000, 0x0000000100000000, 0x0000000100000000)
  eden space 126976K, 0% used [0x00000000f8300000,0x00000000f8300000,0x00000000fff00000)
  from space 512K, 62% used [0x00000000fff00000,0x00000000fff50000,0x00000000fff80000)
  to   space 512K, 0% used [0x00000000fff80000,0x00000000fff80000,0x0000000100000000)
 ParOldGen       total 134144K, used 28740K [0x00000000f0000000, 0x00000000f8300000, 0x00000000f8300000)
  object space 134144K, 21% used [0x00000000f0000000,0x00000000f1c11228,0x00000000f8300000)
 Metaspace       used 52757K, capacity 55892K, committed 55936K, reserved 1097728K
  class space    used 6448K, capacity 6998K, committed 7040K, reserved 1048576K
}
{Heap before GC invocations=194 (full 0):
 PSYoungGen      total 127488K, used 127296K [0x00000000f8300000, 0x0000000100000000, 0x0000000100000000)
  eden space 126976K, 100% used [0x00000000f8300000,0x00000000fff00000,0x00000000fff00000)
  from space 512K, 62% used [0x00000000fff00000,0x00000000fff50000,0x00000000fff80000)
  to   space 512K, 0% used [0x00000000fff80000,0x00000000fff80000,0x0000000100000000)
 ParOldGen       total 134144K, used 28740K [0x00000000f0000000, 0x00000000f8300000, 0x00000000f8300000)
  object space 134144K, 21% used [0x00000000f0000000,0x00000000f1c11228,0x00000000f8300000)
 Metaspace       used 52757K, capacity 55892K, committed 55936K, reserved 1097728K
  class space    used 6448K, capacity 6998K, committed 7040K, reserved 1048576K
2023-10-03T01:11:51.765+0800: 311.469: [GC (Allocation Failure) [PSYoungGen: 127296K->320K(127488K)] 156036K->29116K(261632K), 0.0074500 secs] [Times: user=0.02 sys=0.00, real=0.01 secs] 
Heap after GC invocations=194 (full 0):
 PSYoungGen      total 127488K, used 320K [0x00000000f8300000, 0x0000000100000000, 0x0000000100000000)
  eden space 126976K, 0% used [0x00000000f8300000,0x00000000f8300000,0x00000000fff00000)
  from space 512K, 62% used [0x00000000fff80000,0x00000000fffd0000,0x0000000100000000)
  to   space 512K, 0% used [0x00000000fff00000,0x00000000fff00000,0x00000000fff80000)
 ParOldGen       total 134144K, used 28796K [0x00000000f0000000, 0x00000000f8300000, 0x00000000f8300000)
  object space 134144K, 21% used [0x00000000f0000000,0x00000000f1c1f228,0x00000000f8300000)
 Metaspace       used 52757K, capacity 55892K, committed 55936K, reserved 1097728K
  class space    used 6448K, capacity 6998K, committed 7040K, reserved 1048576K
}
{Heap before GC invocations=195 (full 0):
 PSYoungGen      total 127488K, used 127296K [0x00000000f8300000, 0x0000000100000000, 0x0000000100000000)
  eden space 126976K, 100% used [0x00000000f8300000,0x00000000fff00000,0x00000000fff00000)
  from space 512K, 62% used [0x00000000fff80000,0x00000000fffd0000,0x0000000100000000)
  to   space 512K, 0% used [0x00000000fff00000,0x00000000fff00000,0x00000000fff80000)
 ParOldGen       total 134144K, used 28796K [0x00000000f0000000, 0x00000000f8300000, 0x00000000f8300000)
  object space 134144K, 21% used [0x00000000f0000000,0x00000000f1c1f228,0x00000000f8300000)
 Metaspace       used 52757K, capacity 55892K, committed 55936K, reserved 1097728K
  class space    used 6448K, capacity 6998K, committed 7040K, reserved 1048576K
2023-10-03T01:11:52.460+0800: 312.164: [GC (Allocation Failure) [PSYoungGen: 127296K->352K(127488K)] 156092K->29188K(261632K), 0.0065489 secs] [Times: user=0.03 sys=0.00, real=0.01 secs] 
Heap after GC invocations=195 (full 0):
 PSYoungGen      total 127488K, used 352K [0x00000000f8300000, 0x0000000100000000, 0x0000000100000000)
  eden space 126976K, 0% used [0x00000000f8300000,0x00000000f8300000,0x00000000fff00000)
  from space 512K, 68% used [0x00000000fff00000,0x00000000fff58000,0x00000000fff80000)
  to   space 512K, 0% used [0x00000000fff80000,0x00000000fff80000,0x0000000100000000)
 ParOldGen       total 134144K, used 28836K [0x00000000f0000000, 0x00000000f8300000, 0x00000000f8300000)
  object space 134144K, 21% used [0x00000000f0000000,0x00000000f1c29228,0x00000000f8300000)
 Metaspace       used 52757K, capacity 55892K, committed 55936K, reserved 1097728K
  class space    used 6448K, capacity 6998K, committed 7040K, reserved 1048576K
}
{Heap before GC invocations=196 (full 0):
 PSYoungGen      total 127488K, used 127328K [0x00000000f8300000, 0x0000000100000000, 0x0000000100000000)
  eden space 126976K, 100% used [0x00000000f8300000,0x00000000fff00000,0x00000000fff00000)
  from space 512K, 68% used [0x00000000fff00000,0x00000000fff58000,0x00000000fff80000)
  to   space 512K, 0% used [0x00000000fff80000,0x00000000fff80000,0x0000000100000000)
 ParOldGen       total 134144K, used 28836K [0x00000000f0000000, 0x00000000f8300000, 0x00000000f8300000)
  object space 134144K, 21% used [0x00000000f0000000,0x00000000f1c29228,0x00000000f8300000)
 Metaspace       used 52757K, capacity 55892K, committed 55936K, reserved 1097728K
  class space    used 6448K, capacity 6998K, committed 7040K, reserved 1048576K
2023-10-03T01:11:53.145+0800: 312.850: [GC (Allocation Failure) [PSYoungGen: 127328K->320K(127488K)] 156164K->29212K(261632K), 0.0055701 secs] [Times: user=0.02 sys=0.01, real=0.00 secs] 
Heap after GC invocations=196 (full 0):
 PSYoungGen      total 127488K, used 320K [0x00000000f8300000, 0x0000000100000000, 0x0000000100000000)
  eden space 126976K, 0% used [0x00000000f8300000,0x00000000f8300000,0x00000000fff00000)
  from space 512K, 62% used [0x00000000fff80000,0x00000000fffd0000,0x0000000100000000)
  to   space 512K, 0% used [0x00000000fff00000,0x00000000fff00000,0x00000000fff80000)
 ParOldGen       total 134144K, used 28892K [0x00000000f0000000, 0x00000000f8300000, 0x00000000f8300000)
  object space 134144K, 21% used [0x00000000f0000000,0x00000000f1c37228,0x00000000f8300000)
 Metaspace       used 52757K, capacity 55892K, committed 55936K, reserved 1097728K
  class space    used 6448K, capacity 6998K, committed 7040K, reserved 1048576K
}
{Heap before GC invocations=197 (full 0):
 PSYoungGen      total 127488K, used 127296K [0x00000000f8300000, 0x0000000100000000, 0x0000000100000000)
  eden space 126976K, 100% used [0x00000000f8300000,0x00000000fff00000,0x00000000fff00000)
  from space 512K, 62% used [0x00000000fff80000,0x00000000fffd0000,0x0000000100000000)
  to   space 512K, 0% used [0x00000000fff00000,0x00000000fff00000,0x00000000fff80000)
 ParOldGen       total 134144K, used 28892K [0x00000000f0000000, 0x00000000f8300000, 0x00000000f8300000)
  object space 134144K, 21% used [0x00000000f0000000,0x00000000f1c37228,0x00000000f8300000)
 Metaspace       used 52765K, capacity 55892K, committed 55936K, reserved 1097728K
  class space    used 6448K, capacity 6998K, committed 7040K, reserved 1048576K
2023-10-03T01:11:53.848+0800: 313.552: [GC (Allocation Failure) [PSYoungGen: 127296K->320K(127488K)] 156188K->29260K(261632K), 0.0057917 secs] [Times: user=0.02 sys=0.00, real=0.01 secs] 
Heap after GC invocations=197 (full 0):
 PSYoungGen      total 127488K, used 320K [0x00000000f8300000, 0x0000000100000000, 0x0000000100000000)
  eden space 126976K, 0% used [0x00000000f8300000,0x00000000f8300000,0x00000000fff00000)
  from space 512K, 62% used [0x00000000fff00000,0x00000000fff50000,0x00000000fff80000)
  to   space 512K, 0% used [0x00000000fff80000,0x00000000fff80000,0x0000000100000000)
 ParOldGen       total 134144K, used 28940K [0x00000000f0000000, 0x00000000f8300000, 0x00000000f8300000)
  object space 134144K, 21% used [0x00000000f0000000,0x00000000f1c43228,0x00000000f8300000)
 Metaspace       used 52765K, capacity 55892K, committed 55936K, reserved 1097728K
  class space    used 6448K, capacity 6998K, committed 7040K, reserved 1048576K
}
{Heap before GC invocations=198 (full 0):
 PSYoungGen      total 127488K, used 127296K [0x00000000f8300000, 0x0000000100000000, 0x0000000100000000)
  eden space 126976K, 100% used [0x00000000f8300000,0x00000000fff00000,0x00000000fff00000)
  from space 512K, 62% used [0x00000000fff00000,0x00000000fff50000,0x00000000fff80000)
  to   space 512K, 0% used [0x00000000fff80000,0x00000000fff80000,0x0000000100000000)
 ParOldGen       total 134144K, used 28940K [0x00000000f0000000, 0x00000000f8300000, 0x00000000f8300000)
  object space 134144K, 21% used [0x00000000f0000000,0x00000000f1c43228,0x00000000f8300000)
 Metaspace       used 52765K, capacity 55892K, committed 55936K, reserved 1097728K
  class space    used 6448K, capacity 6998K, committed 7040K, reserved 1048576K
2023-10-03T01:11:54.535+0800: 314.239: [GC (Allocation Failure) [PSYoungGen: 127296K->320K(127488K)] 156236K->29316K(261632K), 0.0057678 secs] [Times: user=0.03 sys=0.00, real=0.00 secs] 
Heap after GC invocations=198 (full 0):
 PSYoungGen      total 127488K, used 320K [0x00000000f8300000, 0x0000000100000000, 0x0000000100000000)
  eden space 126976K, 0% used [0x00000000f8300000,0x00000000f8300000,0x00000000fff00000)
  from space 512K, 62% used [0x00000000fff80000,0x00000000fffd0000,0x0000000100000000)
  to   space 512K, 0% used [0x00000000fff00000,0x00000000fff00000,0x00000000fff80000)
 ParOldGen       total 134144K, used 28996K [0x00000000f0000000, 0x00000000f8300000, 0x00000000f8300000)
  object space 134144K, 21% used [0x00000000f0000000,0x00000000f1c51228,0x00000000f8300000)
 Metaspace       used 52765K, capacity 55892K, committed 55936K, reserved 1097728K
  class space    used 6448K, capacity 6998K, committed 7040K, reserved 1048576K
}
{Heap before GC invocations=199 (full 0):
 PSYoungGen      total 127488K, used 127296K [0x00000000f8300000, 0x0000000100000000, 0x0000000100000000)
  eden space 126976K, 100% used [0x00000000f8300000,0x00000000fff00000,0x00000000fff00000)
  from space 512K, 62% used [0x00000000fff80000,0x00000000fffd0000,0x0000000100000000)
  to   space 512K, 0% used [0x00000000fff00000,0x00000000fff00000,0x00000000fff80000)
 ParOldGen       total 134144K, used 28996K [0x00000000f0000000, 0x00000000f8300000, 0x00000000f8300000)
  object space 134144K, 21% used [0x00000000f0000000,0x00000000f1c51228,0x00000000f8300000)
 Metaspace       used 52765K, capacity 55892K, committed 55936K, reserved 1097728K
  class space    used 6448K, capacity 6998K, committed 7040K, reserved 1048576K
2023-10-03T01:11:55.238+0800: 314.943: [GC (Allocation Failure) [PSYoungGen: 127296K->320K(127488K)] 156292K->29372K(261632K), 0.0057517 secs] [Times: user=0.02 sys=0.00, real=0.01 secs] 
Heap after GC invocations=199 (full 0):
 PSYoungGen      total 127488K, used 320K [0x00000000f8300000, 0x0000000100000000, 0x0000000100000000)
  eden space 126976K, 0% used [0x00000000f8300000,0x00000000f8300000,0x00000000fff00000)
  from space 512K, 62% used [0x00000000fff00000,0x00000000fff50000,0x00000000fff80000)
  to   space 512K, 0% used [0x00000000fff80000,0x00000000fff80000,0x0000000100000000)
 ParOldGen       total 134144K, used 29052K [0x00000000f0000000, 0x00000000f8300000, 0x00000000f8300000)
  object space 134144K, 21% used [0x00000000f0000000,0x00000000f1c5f228,0x00000000f8300000)
 Metaspace       used 52765K, capacity 55892K, committed 55936K, reserved 1097728K
  class space    used 6448K, capacity 6998K, committed 7040K, reserved 1048576K
}
{Heap before GC invocations=200 (full 0):
 PSYoungGen      total 127488K, used 127296K [0x00000000f8300000, 0x0000000100000000, 0x0000000100000000)
  eden space 126976K, 100% used [0x00000000f8300000,0x00000000fff00000,0x00000000fff00000)
  from space 512K, 62% used [0x00000000fff00000,0x00000000fff50000,0x00000000fff80000)
  to   space 512K, 0% used [0x00000000fff80000,0x00000000fff80000,0x0000000100000000)
 ParOldGen       total 134144K, used 29052K [0x00000000f0000000, 0x00000000f8300000, 0x00000000f8300000)
  object space 134144K, 21% used [0x00000000f0000000,0x00000000f1c5f228,0x00000000f8300000)
 Metaspace       used 52765K, capacity 55892K, committed 55936K, reserved 1097728K
  class space    used 6448K, capacity 6998K, committed 7040K, reserved 1048576K
2023-10-03T01:11:55.963+0800: 315.667: [GC (Allocation Failure) [PSYoungGen: 127296K->320K(127488K)] 156348K->29428K(261632K), 0.0060254 secs] [Times: user=0.02 sys=0.00, real=0.00 secs] 
Heap after GC invocations=200 (full 0):
 PSYoungGen      total 127488K, used 320K [0x00000000f8300000, 0x0000000100000000, 0x0000000100000000)
  eden space 126976K, 0% used [0x00000000f8300000,0x00000000f8300000,0x00000000fff00000)
  from space 512K, 62% used [0x00000000fff80000,0x00000000fffd0000,0x0000000100000000)
  to   space 512K, 0% used [0x00000000fff00000,0x00000000fff00000,0x00000000fff80000)
 ParOldGen       total 134144K, used 29108K [0x00000000f0000000, 0x00000000f8300000, 0x00000000f8300000)
  object space 134144K, 21% used [0x00000000f0000000,0x00000000f1c6d228,0x00000000f8300000)
 Metaspace       used 52765K, capacity 55892K, committed 55936K, reserved 1097728K
  class space    used 6448K, capacity 6998K, committed 7040K, reserved 1048576K
}
{Heap before GC invocations=201 (full 0):
 PSYoungGen      total 127488K, used 127296K [0x00000000f8300000, 0x0000000100000000, 0x0000000100000000)
  eden space 126976K, 100% used [0x00000000f8300000,0x00000000fff00000,0x00000000fff00000)
  from space 512K, 62% used [0x00000000fff80000,0x00000000fffd0000,0x0000000100000000)
  to   space 512K, 0% used [0x00000000fff00000,0x00000000fff00000,0x00000000fff80000)
 ParOldGen       total 134144K, used 29108K [0x00000000f0000000, 0x00000000f8300000, 0x00000000f8300000)
  object space 134144K, 21% used [0x00000000f0000000,0x00000000f1c6d228,0x00000000f8300000)
 Metaspace       used 52765K, capacity 55892K, committed 55936K, reserved 1097728K
  class space    used 6448K, capacity 6998K, committed 7040K, reserved 1048576K
2023-10-03T01:11:56.684+0800: 316.389: [GC (Allocation Failure) [PSYoungGen: 127296K->320K(127488K)] 156404K->29500K(261632K), 0.0057007 secs] [Times: user=0.03 sys=0.00, real=0.00 secs] 
Heap after GC invocations=201 (full 0):
 PSYoungGen      total 127488K, used 320K [0x00000000f8300000, 0x0000000100000000, 0x0000000100000000)
  eden space 126976K, 0% used [0x00000000f8300000,0x00000000f8300000,0x00000000fff00000)
  from space 512K, 62% used [0x00000000fff00000,0x00000000fff50000,0x00000000fff80000)
  to   space 512K, 0% used [0x00000000fff80000,0x00000000fff80000,0x0000000100000000)
 ParOldGen       total 134144K, used 29180K [0x00000000f0000000, 0x00000000f8300000, 0x00000000f8300000)
  object space 134144K, 21% used [0x00000000f0000000,0x00000000f1c7f228,0x00000000f8300000)
 Metaspace       used 52765K, capacity 55892K, committed 55936K, reserved 1097728K
  class space    used 6448K, capacity 6998K, committed 7040K, reserved 1048576K
}
{Heap before GC invocations=202 (full 0):
 PSYoungGen      total 127488K, used 127296K [0x00000000f8300000, 0x0000000100000000, 0x0000000100000000)
  eden space 126976K, 100% used [0x00000000f8300000,0x00000000fff00000,0x00000000fff00000)
  from space 512K, 62% used [0x00000000fff00000,0x00000000fff50000,0x00000000fff80000)
  to   space 512K, 0% used [0x00000000fff80000,0x00000000fff80000,0x0000000100000000)
 ParOldGen       total 134144K, used 29180K [0x00000000f0000000, 0x00000000f8300000, 0x00000000f8300000)
  object space 134144K, 21% used [0x00000000f0000000,0x00000000f1c7f228,0x00000000f8300000)
 Metaspace       used 52765K, capacity 55892K, committed 55936K, reserved 1097728K
  class space    used 6448K, capacity 6998K, committed 7040K, reserved 1048576K
2023-10-03T01:11:57.385+0800: 317.089: [GC (Allocation Failure) [PSYoungGen: 127296K->320K(127488K)] 156476K->29548K(261632K), 0.0057996 secs] [Times: user=0.03 sys=0.00, real=0.00 secs] 
Heap after GC invocations=202 (full 0):
 PSYoungGen      total 127488K, used 320K [0x00000000f8300000, 0x0000000100000000, 0x0000000100000000)
  eden space 126976K, 0% used [0x00000000f8300000,0x00000000f8300000,0x00000000fff00000)
  from space 512K, 62% used [0x00000000fff80000,0x00000000fffd0000,0x0000000100000000)
  to   space 512K, 0% used [0x00000000fff00000,0x00000000fff00000,0x00000000fff80000)
 ParOldGen       total 134144K, used 29228K [0x00000000f0000000, 0x00000000f8300000, 0x00000000f8300000)
  object space 134144K, 21% used [0x00000000f0000000,0x00000000f1c8b228,0x00000000f8300000)
 Metaspace       used 52765K, capacity 55892K, committed 55936K, reserved 1097728K
  class space    used 6448K, capacity 6998K, committed 7040K, reserved 1048576K
}
{Heap before GC invocations=203 (full 0):
 PSYoungGen      total 127488K, used 127296K [0x00000000f8300000, 0x0000000100000000, 0x0000000100000000)
  eden space 126976K, 100% used [0x00000000f8300000,0x00000000fff00000,0x00000000fff00000)
  from space 512K, 62% used [0x00000000fff80000,0x00000000fffd0000,0x0000000100000000)
  to   space 512K, 0% used [0x00000000fff00000,0x00000000fff00000,0x00000000fff80000)
 ParOldGen       total 134144K, used 29228K [0x00000000f0000000, 0x00000000f8300000, 0x00000000f8300000)
  object space 134144K, 21% used [0x00000000f0000000,0x00000000f1c8b228,0x00000000f8300000)
 Metaspace       used 52766K, capacity 55892K, committed 55936K, reserved 1097728K
  class space    used 6448K, capacity 6998K, committed 7040K, reserved 1048576K
2023-10-03T01:11:58.093+0800: 317.797: [GC (Allocation Failure) [PSYoungGen: 127296K->320K(127488K)] 156524K->29596K(261632K), 0.0059625 secs] [Times: user=0.03 sys=0.00, real=0.00 secs] 
Heap after GC invocations=203 (full 0):
 PSYoungGen      total 127488K, used 320K [0x00000000f8300000, 0x0000000100000000, 0x0000000100000000)
  eden space 126976K, 0% used [0x00000000f8300000,0x00000000f8300000,0x00000000fff00000)
  from space 512K, 62% used [0x00000000fff00000,0x00000000fff50000,0x00000000fff80000)
  to   space 512K, 0% used [0x00000000fff80000,0x00000000fff80000,0x0000000100000000)
 ParOldGen       total 134144K, used 29276K [0x00000000f0000000, 0x00000000f8300000, 0x00000000f8300000)
  object space 134144K, 21% used [0x00000000f0000000,0x00000000f1c97228,0x00000000f8300000)
 Metaspace       used 52766K, capacity 55892K, committed 55936K, reserved 1097728K
  class space    used 6448K, capacity 6998K, committed 7040K, reserved 1048576K
}
{Heap before GC invocations=204 (full 0):
 PSYoungGen      total 127488K, used 127296K [0x00000000f8300000, 0x0000000100000000, 0x0000000100000000)
  eden space 126976K, 100% used [0x00000000f8300000,0x00000000fff00000,0x00000000fff00000)
  from space 512K, 62% used [0x00000000fff00000,0x00000000fff50000,0x00000000fff80000)
  to   space 512K, 0% used [0x00000000fff80000,0x00000000fff80000,0x0000000100000000)
 ParOldGen       total 134144K, used 29276K [0x00000000f0000000, 0x00000000f8300000, 0x00000000f8300000)
  object space 134144K, 21% used [0x00000000f0000000,0x00000000f1c97228,0x00000000f8300000)
 Metaspace       used 52766K, capacity 55892K, committed 55936K, reserved 1097728K
  class space    used 6448K, capacity 6998K, committed 7040K, reserved 1048576K
2023-10-03T01:11:58.804+0800: 318.508: [GC (Allocation Failure) [PSYoungGen: 127296K->320K(127488K)] 156572K->29628K(261632K), 0.0052571 secs] [Times: user=0.03 sys=0.00, real=0.00 secs] 
Heap after GC invocations=204 (full 0):
 PSYoungGen      total 127488K, used 320K [0x00000000f8300000, 0x0000000100000000, 0x0000000100000000)
  eden space 126976K, 0% used [0x00000000f8300000,0x00000000f8300000,0x00000000fff00000)
  from space 512K, 62% used [0x00000000fff80000,0x00000000fffd0000,0x0000000100000000)
  to   space 512K, 0% used [0x00000000fff00000,0x00000000fff00000,0x00000000fff80000)
 ParOldGen       total 134144K, used 29308K [0x00000000f0000000, 0x00000000f8300000, 0x00000000f8300000)
  object space 134144K, 21% used [0x00000000f0000000,0x00000000f1c9f228,0x00000000f8300000)
 Metaspace       used 52766K, capacity 55892K, committed 55936K, reserved 1097728K
  class space    used 6448K, capacity 6998K, committed 7040K, reserved 1048576K
}
{Heap before GC invocations=205 (full 0):
 PSYoungGen      total 127488K, used 127296K [0x00000000f8300000, 0x0000000100000000, 0x0000000100000000)
  eden space 126976K, 100% used [0x00000000f8300000,0x00000000fff00000,0x00000000fff00000)
  from space 512K, 62% used [0x00000000fff80000,0x00000000fffd0000,0x0000000100000000)
  to   space 512K, 0% used [0x00000000fff00000,0x00000000fff00000,0x00000000fff80000)
 ParOldGen       total 134144K, used 29308K [0x00000000f0000000, 0x00000000f8300000, 0x00000000f8300000)
  object space 134144K, 21% used [0x00000000f0000000,0x00000000f1c9f228,0x00000000f8300000)
 Metaspace       used 52766K, capacity 55892K, committed 55936K, reserved 1097728K
  class space    used 6448K, capacity 6998K, committed 7040K, reserved 1048576K
2023-10-03T01:11:59.488+0800: 319.193: [GC (Allocation Failure) [PSYoungGen: 127296K->320K(127488K)] 156604K->29692K(261632K), 0.0059563 secs] [Times: user=0.02 sys=0.01, real=0.01 secs] 
Heap after GC invocations=205 (full 0):
 PSYoungGen      total 127488K, used 320K [0x00000000f8300000, 0x0000000100000000, 0x0000000100000000)
  eden space 126976K, 0% used [0x00000000f8300000,0x00000000f8300000,0x00000000fff00000)
  from space 512K, 62% used [0x00000000fff00000,0x00000000fff50000,0x00000000fff80000)
  to   space 512K, 0% used [0x00000000fff80000,0x00000000fff80000,0x0000000100000000)
 ParOldGen       total 134144K, used 29372K [0x00000000f0000000, 0x00000000f8300000, 0x00000000f8300000)
  object space 134144K, 21% used [0x00000000f0000000,0x00000000f1caf228,0x00000000f8300000)
 Metaspace       used 52766K, capacity 55892K, committed 55936K, reserved 1097728K
  class space    used 6448K, capacity 6998K, committed 7040K, reserved 1048576K
}
{Heap before GC invocations=206 (full 0):
 PSYoungGen      total 127488K, used 127296K [0x00000000f8300000, 0x0000000100000000, 0x0000000100000000)
  eden space 126976K, 100% used [0x00000000f8300000,0x00000000fff00000,0x00000000fff00000)
  from space 512K, 62% used [0x00000000fff00000,0x00000000fff50000,0x00000000fff80000)
  to   space 512K, 0% used [0x00000000fff80000,0x00000000fff80000,0x0000000100000000)
 ParOldGen       total 134144K, used 29372K [0x00000000f0000000, 0x00000000f8300000, 0x00000000f8300000)
  object space 134144K, 21% used [0x00000000f0000000,0x00000000f1caf228,0x00000000f8300000)
 Metaspace       used 52766K, capacity 55892K, committed 55936K, reserved 1097728K
  class space    used 6448K, capacity 6998K, committed 7040K, reserved 1048576K
2023-10-03T01:12:00.199+0800: 319.904: [GC (Allocation Failure) [PSYoungGen: 127296K->320K(127488K)] 156668K->29740K(261632K), 0.0056678 secs] [Times: user=0.02 sys=0.00, real=0.01 secs] 
Heap after GC invocations=206 (full 0):
 PSYoungGen      total 127488K, used 320K [0x00000000f8300000, 0x0000000100000000, 0x0000000100000000)
  eden space 126976K, 0% used [0x00000000f8300000,0x00000000f8300000,0x00000000fff00000)
  from space 512K, 62% used [0x00000000fff80000,0x00000000fffd0000,0x0000000100000000)
  to   space 512K, 0% used [0x00000000fff00000,0x00000000fff00000,0x00000000fff80000)
 ParOldGen       total 134144K, used 29420K [0x00000000f0000000, 0x00000000f8300000, 0x00000000f8300000)
  object space 134144K, 21% used [0x00000000f0000000,0x00000000f1cbb228,0x00000000f8300000)
 Metaspace       used 52766K, capacity 55892K, committed 55936K, reserved 1097728K
  class space    used 6448K, capacity 6998K, committed 7040K, reserved 1048576K
}
{Heap before GC invocations=207 (full 0):
 PSYoungGen      total 127488K, used 127296K [0x00000000f8300000, 0x0000000100000000, 0x0000000100000000)
  eden space 126976K, 100% used [0x00000000f8300000,0x00000000fff00000,0x00000000fff00000)
  from space 512K, 62% used [0x00000000fff80000,0x00000000fffd0000,0x0000000100000000)
  to   space 512K, 0% used [0x00000000fff00000,0x00000000fff00000,0x00000000fff80000)
 ParOldGen       total 134144K, used 29420K [0x00000000f0000000, 0x00000000f8300000, 0x00000000f8300000)
  object space 134144K, 21% used [0x00000000f0000000,0x00000000f1cbb228,0x00000000f8300000)
 Metaspace       used 52766K, capacity 55892K, committed 55936K, reserved 1097728K
  class space    used 6448K, capacity 6998K, committed 7040K, reserved 1048576K
2023-10-03T01:12:00.904+0800: 320.608: [GC (Allocation Failure) [PSYoungGen: 127296K->320K(127488K)] 156716K->29804K(261632K), 0.0059274 secs] [Times: user=0.02 sys=0.00, real=0.00 secs] 
Heap after GC invocations=207 (full 0):
 PSYoungGen      total 127488K, used 320K [0x00000000f8300000, 0x0000000100000000, 0x0000000100000000)
  eden space 126976K, 0% used [0x00000000f8300000,0x00000000f8300000,0x00000000fff00000)
  from space 512K, 62% used [0x00000000fff00000,0x00000000fff50000,0x00000000fff80000)
  to   space 512K, 0% used [0x00000000fff80000,0x00000000fff80000,0x0000000100000000)
 ParOldGen       total 134144K, used 29484K [0x00000000f0000000, 0x00000000f8300000, 0x00000000f8300000)
  object space 134144K, 21% used [0x00000000f0000000,0x00000000f1ccb228,0x00000000f8300000)
 Metaspace       used 52766K, capacity 55892K, committed 55936K, reserved 1097728K
  class space    used 6448K, capacity 6998K, committed 7040K, reserved 1048576K
}
{Heap before GC invocations=208 (full 0):
 PSYoungGen      total 127488K, used 127296K [0x00000000f8300000, 0x0000000100000000, 0x0000000100000000)
  eden space 126976K, 100% used [0x00000000f8300000,0x00000000fff00000,0x00000000fff00000)
  from space 512K, 62% used [0x00000000fff00000,0x00000000fff50000,0x00000000fff80000)
  to   space 512K, 0% used [0x00000000fff80000,0x00000000fff80000,0x0000000100000000)
 ParOldGen       total 134144K, used 29484K [0x00000000f0000000, 0x00000000f8300000, 0x00000000f8300000)
  object space 134144K, 21% used [0x00000000f0000000,0x00000000f1ccb228,0x00000000f8300000)
 Metaspace       used 52766K, capacity 55892K, committed 55936K, reserved 1097728K
  class space    used 6448K, capacity 6998K, committed 7040K, reserved 1048576K
2023-10-03T01:12:01.607+0800: 321.311: [GC (Allocation Failure) [PSYoungGen: 127296K->320K(127488K)] 156780K->29852K(261632K), 0.0057532 secs] [Times: user=0.03 sys=0.00, real=0.01 secs] 
Heap after GC invocations=208 (full 0):
 PSYoungGen      total 127488K, used 320K [0x00000000f8300000, 0x0000000100000000, 0x0000000100000000)
  eden space 126976K, 0% used [0x00000000f8300000,0x00000000f8300000,0x00000000fff00000)
  from space 512K, 62% used [0x00000000fff80000,0x00000000fffd0000,0x0000000100000000)
  to   space 512K, 0% used [0x00000000fff00000,0x00000000fff00000,0x00000000fff80000)
 ParOldGen       total 134144K, used 29532K [0x00000000f0000000, 0x00000000f8300000, 0x00000000f8300000)
  object space 134144K, 22% used [0x00000000f0000000,0x00000000f1cd7228,0x00000000f8300000)
 Metaspace       used 52766K, capacity 55892K, committed 55936K, reserved 1097728K
  class space    used 6448K, capacity 6998K, committed 7040K, reserved 1048576K
}
{Heap before GC invocations=209 (full 0):
 PSYoungGen      total 127488K, used 127296K [0x00000000f8300000, 0x0000000100000000, 0x0000000100000000)
  eden space 126976K, 100% used [0x00000000f8300000,0x00000000fff00000,0x00000000fff00000)
  from space 512K, 62% used [0x00000000fff80000,0x00000000fffd0000,0x0000000100000000)
  to   space 512K, 0% used [0x00000000fff00000,0x00000000fff00000,0x00000000fff80000)
 ParOldGen       total 134144K, used 29532K [0x00000000f0000000, 0x00000000f8300000, 0x00000000f8300000)
  object space 134144K, 22% used [0x00000000f0000000,0x00000000f1cd7228,0x00000000f8300000)
 Metaspace       used 52766K, capacity 55892K, committed 55936K, reserved 1097728K
  class space    used 6448K, capacity 6998K, committed 7040K, reserved 1048576K
2023-10-03T01:12:02.305+0800: 322.010: [GC (Allocation Failure) [PSYoungGen: 127296K->320K(127488K)] 156828K->29900K(261632K), 0.0055802 secs] [Times: user=0.02 sys=0.00, real=0.00 secs] 
Heap after GC invocations=209 (full 0):
 PSYoungGen      total 127488K, used 320K [0x00000000f8300000, 0x0000000100000000, 0x0000000100000000)
  eden space 126976K, 0% used [0x00000000f8300000,0x00000000f8300000,0x00000000fff00000)
  from space 512K, 62% used [0x00000000fff00000,0x00000000fff50000,0x00000000fff80000)
  to   space 512K, 0% used [0x00000000fff80000,0x00000000fff80000,0x0000000100000000)
 ParOldGen       total 134144K, used 29580K [0x00000000f0000000, 0x00000000f8300000, 0x00000000f8300000)
  object space 134144K, 22% used [0x00000000f0000000,0x00000000f1ce3228,0x00000000f8300000)
 Metaspace       used 52766K, capacity 55892K, committed 55936K, reserved 1097728K
  class space    used 6448K, capacity 6998K, committed 7040K, reserved 1048576K
}
{Heap before GC invocations=210 (full 0):
 PSYoungGen      total 127488K, used 127296K [0x00000000f8300000, 0x0000000100000000, 0x0000000100000000)
  eden space 126976K, 100% used [0x00000000f8300000,0x00000000fff00000,0x00000000fff00000)
  from space 512K, 62% used [0x00000000fff00000,0x00000000fff50000,0x00000000fff80000)
  to   space 512K, 0% used [0x00000000fff80000,0x00000000fff80000,0x0000000100000000)
 ParOldGen       total 134144K, used 29580K [0x00000000f0000000, 0x00000000f8300000, 0x00000000f8300000)
  object space 134144K, 22% used [0x00000000f0000000,0x00000000f1ce3228,0x00000000f8300000)
 Metaspace       used 52767K, capacity 55892K, committed 55936K, reserved 1097728K
  class space    used 6448K, capacity 6998K, committed 7040K, reserved 1048576K
2023-10-03T01:12:03.026+0800: 322.730: [GC (Allocation Failure) [PSYoungGen: 127296K->320K(127488K)] 156876K->29956K(261632K), 0.0058536 secs] [Times: user=0.02 sys=0.01, real=0.00 secs] 
Heap after GC invocations=210 (full 0):
 PSYoungGen      total 127488K, used 320K [0x00000000f8300000, 0x0000000100000000, 0x0000000100000000)
  eden space 126976K, 0% used [0x00000000f8300000,0x00000000f8300000,0x00000000fff00000)
  from space 512K, 62% used [0x00000000fff80000,0x00000000fffd0000,0x0000000100000000)
  to   space 512K, 0% used [0x00000000fff00000,0x00000000fff00000,0x00000000fff80000)
 ParOldGen       total 134144K, used 29636K [0x00000000f0000000, 0x00000000f8300000, 0x00000000f8300000)
  object space 134144K, 22% used [0x00000000f0000000,0x00000000f1cf1228,0x00000000f8300000)
 Metaspace       used 52767K, capacity 55892K, committed 55936K, reserved 1097728K
  class space    used 6448K, capacity 6998K, committed 7040K, reserved 1048576K
}
{Heap before GC invocations=211 (full 0):
 PSYoungGen      total 127488K, used 127296K [0x00000000f8300000, 0x0000000100000000, 0x0000000100000000)
  eden space 126976K, 100% used [0x00000000f8300000,0x00000000fff00000,0x00000000fff00000)
  from space 512K, 62% used [0x00000000fff80000,0x00000000fffd0000,0x0000000100000000)
  to   space 512K, 0% used [0x00000000fff00000,0x00000000fff00000,0x00000000fff80000)
 ParOldGen       total 134144K, used 29636K [0x00000000f0000000, 0x00000000f8300000, 0x00000000f8300000)
  object space 134144K, 22% used [0x00000000f0000000,0x00000000f1cf1228,0x00000000f8300000)
 Metaspace       used 52767K, capacity 55892K, committed 55936K, reserved 1097728K
  class space    used 6448K, capacity 6998K, committed 7040K, reserved 1048576K
2023-10-03T01:12:03.727+0800: 323.431: [GC (Allocation Failure) [PSYoungGen: 127296K->320K(127488K)] 156932K->30004K(261632K), 0.0062788 secs] [Times: user=0.03 sys=0.00, real=0.01 secs] 
Heap after GC invocations=211 (full 0):
 PSYoungGen      total 127488K, used 320K [0x00000000f8300000, 0x0000000100000000, 0x0000000100000000)
  eden space 126976K, 0% used [0x00000000f8300000,0x00000000f8300000,0x00000000fff00000)
  from space 512K, 62% used [0x00000000fff00000,0x00000000fff50000,0x00000000fff80000)
  to   space 512K, 0% used [0x00000000fff80000,0x00000000fff80000,0x0000000100000000)
 ParOldGen       total 134144K, used 29684K [0x00000000f0000000, 0x00000000f8300000, 0x00000000f8300000)
  object space 134144K, 22% used [0x00000000f0000000,0x00000000f1cfd228,0x00000000f8300000)
 Metaspace       used 52767K, capacity 55892K, committed 55936K, reserved 1097728K
  class space    used 6448K, capacity 6998K, committed 7040K, reserved 1048576K
}
{Heap before GC invocations=212 (full 0):
 PSYoungGen      total 127488K, used 127296K [0x00000000f8300000, 0x0000000100000000, 0x0000000100000000)
  eden space 126976K, 100% used [0x00000000f8300000,0x00000000fff00000,0x00000000fff00000)
  from space 512K, 62% used [0x00000000fff00000,0x00000000fff50000,0x00000000fff80000)
  to   space 512K, 0% used [0x00000000fff80000,0x00000000fff80000,0x0000000100000000)
 ParOldGen       total 134144K, used 29684K [0x00000000f0000000, 0x00000000f8300000, 0x00000000f8300000)
  object space 134144K, 22% used [0x00000000f0000000,0x00000000f1cfd228,0x00000000f8300000)
 Metaspace       used 52767K, capacity 55892K, committed 55936K, reserved 1097728K
  class space    used 6448K, capacity 6998K, committed 7040K, reserved 1048576K
2023-10-03T01:12:04.417+0800: 324.122: [GC (Allocation Failure) [PSYoungGen: 127296K->320K(127488K)] 156980K->30052K(261632K), 0.0061191 secs] [Times: user=0.02 sys=0.00, real=0.01 secs] 
Heap after GC invocations=212 (full 0):
 PSYoungGen      total 127488K, used 320K [0x00000000f8300000, 0x0000000100000000, 0x0000000100000000)
  eden space 126976K, 0% used [0x00000000f8300000,0x00000000f8300000,0x00000000fff00000)
  from space 512K, 62% used [0x00000000fff80000,0x00000000fffd0000,0x0000000100000000)
  to   space 512K, 0% used [0x00000000fff00000,0x00000000fff00000,0x00000000fff80000)
 ParOldGen       total 134144K, used 29732K [0x00000000f0000000, 0x00000000f8300000, 0x00000000f8300000)
  object space 134144K, 22% used [0x00000000f0000000,0x00000000f1d09228,0x00000000f8300000)
 Metaspace       used 52767K, capacity 55892K, committed 55936K, reserved 1097728K
  class space    used 6448K, capacity 6998K, committed 7040K, reserved 1048576K
}
{Heap before GC invocations=213 (full 0):
 PSYoungGen      total 127488K, used 127296K [0x00000000f8300000, 0x0000000100000000, 0x0000000100000000)
  eden space 126976K, 100% used [0x00000000f8300000,0x00000000fff00000,0x00000000fff00000)
  from space 512K, 62% used [0x00000000fff80000,0x00000000fffd0000,0x0000000100000000)
  to   space 512K, 0% used [0x00000000fff00000,0x00000000fff00000,0x00000000fff80000)
 ParOldGen       total 134144K, used 29732K [0x00000000f0000000, 0x00000000f8300000, 0x00000000f8300000)
  object space 134144K, 22% used [0x00000000f0000000,0x00000000f1d09228,0x00000000f8300000)
 Metaspace       used 52767K, capacity 55892K, committed 55936K, reserved 1097728K
  class space    used 6448K, capacity 6998K, committed 7040K, reserved 1048576K
2023-10-03T01:12:05.121+0800: 324.825: [GC (Allocation Failure) [PSYoungGen: 127296K->320K(127488K)] 157028K->30116K(261632K), 0.0056409 secs] [Times: user=0.02 sys=0.00, real=0.01 secs] 
Heap after GC invocations=213 (full 0):
 PSYoungGen      total 127488K, used 320K [0x00000000f8300000, 0x0000000100000000, 0x0000000100000000)
  eden space 126976K, 0% used [0x00000000f8300000,0x00000000f8300000,0x00000000fff00000)
  from space 512K, 62% used [0x00000000fff00000,0x00000000fff50000,0x00000000fff80000)
  to   space 512K, 0% used [0x00000000fff80000,0x00000000fff80000,0x0000000100000000)
 ParOldGen       total 134144K, used 29796K [0x00000000f0000000, 0x00000000f8300000, 0x00000000f8300000)
  object space 134144K, 22% used [0x00000000f0000000,0x00000000f1d19228,0x00000000f8300000)
 Metaspace       used 52767K, capacity 55892K, committed 55936K, reserved 1097728K
  class space    used 6448K, capacity 6998K, committed 7040K, reserved 1048576K
}
{Heap before GC invocations=214 (full 0):
 PSYoungGen      total 127488K, used 127296K [0x00000000f8300000, 0x0000000100000000, 0x0000000100000000)
  eden space 126976K, 100% used [0x00000000f8300000,0x00000000fff00000,0x00000000fff00000)
  from space 512K, 62% used [0x00000000fff00000,0x00000000fff50000,0x00000000fff80000)
  to   space 512K, 0% used [0x00000000fff80000,0x00000000fff80000,0x0000000100000000)
 ParOldGen       total 134144K, used 29796K [0x00000000f0000000, 0x00000000f8300000, 0x00000000f8300000)
  object space 134144K, 22% used [0x00000000f0000000,0x00000000f1d19228,0x00000000f8300000)
 Metaspace       used 52767K, capacity 55892K, committed 55936K, reserved 1097728K
  class space    used 6448K, capacity 6998K, committed 7040K, reserved 1048576K
2023-10-03T01:12:05.816+0800: 325.521: [GC (Allocation Failure) [PSYoungGen: 127296K->320K(127488K)] 157092K->30172K(261632K), 0.0055572 secs] [Times: user=0.03 sys=0.00, real=0.01 secs] 
Heap after GC invocations=214 (full 0):
 PSYoungGen      total 127488K, used 320K [0x00000000f8300000, 0x0000000100000000, 0x0000000100000000)
  eden space 126976K, 0% used [0x00000000f8300000,0x00000000f8300000,0x00000000fff00000)
  from space 512K, 62% used [0x00000000fff80000,0x00000000fffd0000,0x0000000100000000)
  to   space 512K, 0% used [0x00000000fff00000,0x00000000fff00000,0x00000000fff80000)
 ParOldGen       total 134144K, used 29852K [0x00000000f0000000, 0x00000000f8300000, 0x00000000f8300000)
  object space 134144K, 22% used [0x00000000f0000000,0x00000000f1d27228,0x00000000f8300000)
 Metaspace       used 52767K, capacity 55892K, committed 55936K, reserved 1097728K
  class space    used 6448K, capacity 6998K, committed 7040K, reserved 1048576K
}
{Heap before GC invocations=215 (full 0):
 PSYoungGen      total 127488K, used 127296K [0x00000000f8300000, 0x0000000100000000, 0x0000000100000000)
  eden space 126976K, 100% used [0x00000000f8300000,0x00000000fff00000,0x00000000fff00000)
  from space 512K, 62% used [0x00000000fff80000,0x00000000fffd0000,0x0000000100000000)
  to   space 512K, 0% used [0x00000000fff00000,0x00000000fff00000,0x00000000fff80000)
 ParOldGen       total 134144K, used 29852K [0x00000000f0000000, 0x00000000f8300000, 0x00000000f8300000)
  object space 134144K, 22% used [0x00000000f0000000,0x00000000f1d27228,0x00000000f8300000)
 Metaspace       used 52767K, capacity 55892K, committed 55936K, reserved 1097728K
  class space    used 6448K, capacity 6998K, committed 7040K, reserved 1048576K
2023-10-03T01:12:06.506+0800: 326.210: [GC (Allocation Failure) [PSYoungGen: 127296K->320K(127488K)] 157148K->30236K(261632K), 0.0056206 secs] [Times: user=0.02 sys=0.00, real=0.00 secs] 
Heap after GC invocations=215 (full 0):
 PSYoungGen      total 127488K, used 320K [0x00000000f8300000, 0x0000000100000000, 0x0000000100000000)
  eden space 126976K, 0% used [0x00000000f8300000,0x00000000f8300000,0x00000000fff00000)
  from space 512K, 62% used [0x00000000fff00000,0x00000000fff50000,0x00000000fff80000)
  to   space 512K, 0% used [0x00000000fff80000,0x00000000fff80000,0x0000000100000000)
 ParOldGen       total 134144K, used 29916K [0x00000000f0000000, 0x00000000f8300000, 0x00000000f8300000)
  object space 134144K, 22% used [0x00000000f0000000,0x00000000f1d37228,0x00000000f8300000)
 Metaspace       used 52767K, capacity 55892K, committed 55936K, reserved 1097728K
  class space    used 6448K, capacity 6998K, committed 7040K, reserved 1048576K
}
{Heap before GC invocations=216 (full 0):
 PSYoungGen      total 127488K, used 127296K [0x00000000f8300000, 0x0000000100000000, 0x0000000100000000)
  eden space 126976K, 100% used [0x00000000f8300000,0x00000000fff00000,0x00000000fff00000)
  from space 512K, 62% used [0x00000000fff00000,0x00000000fff50000,0x00000000fff80000)
  to   space 512K, 0% used [0x00000000fff80000,0x00000000fff80000,0x0000000100000000)
 ParOldGen       total 134144K, used 29916K [0x00000000f0000000, 0x00000000f8300000, 0x00000000f8300000)
  object space 134144K, 22% used [0x00000000f0000000,0x00000000f1d37228,0x00000000f8300000)
 Metaspace       used 52767K, capacity 55892K, committed 55936K, reserved 1097728K
  class space    used 6448K, capacity 6998K, committed 7040K, reserved 1048576K
2023-10-03T01:12:07.194+0800: 326.898: [GC (Allocation Failure) [PSYoungGen: 127296K->320K(127488K)] 157212K->30268K(261632K), 0.0056614 secs] [Times: user=0.02 sys=0.00, real=0.00 secs] 
Heap after GC invocations=216 (full 0):
 PSYoungGen      total 127488K, used 320K [0x00000000f8300000, 0x0000000100000000, 0x0000000100000000)
  eden space 126976K, 0% used [0x00000000f8300000,0x00000000f8300000,0x00000000fff00000)
  from space 512K, 62% used [0x00000000fff80000,0x00000000fffd0000,0x0000000100000000)
  to   space 512K, 0% used [0x00000000fff00000,0x00000000fff00000,0x00000000fff80000)
 ParOldGen       total 134144K, used 29948K [0x00000000f0000000, 0x00000000f8300000, 0x00000000f8300000)
  object space 134144K, 22% used [0x00000000f0000000,0x00000000f1d3f228,0x00000000f8300000)
 Metaspace       used 52767K, capacity 55892K, committed 55936K, reserved 1097728K
  class space    used 6448K, capacity 6998K, committed 7040K, reserved 1048576K
}
{Heap before GC invocations=217 (full 0):
 PSYoungGen      total 127488K, used 127296K [0x00000000f8300000, 0x0000000100000000, 0x0000000100000000)
  eden space 126976K, 100% used [0x00000000f8300000,0x00000000fff00000,0x00000000fff00000)
  from space 512K, 62% used [0x00000000fff80000,0x00000000fffd0000,0x0000000100000000)
  to   space 512K, 0% used [0x00000000fff00000,0x00000000fff00000,0x00000000fff80000)
 ParOldGen       total 134144K, used 29948K [0x00000000f0000000, 0x00000000f8300000, 0x00000000f8300000)
  object space 134144K, 22% used [0x00000000f0000000,0x00000000f1d3f228,0x00000000f8300000)
 Metaspace       used 52768K, capacity 55892K, committed 55936K, reserved 1097728K
  class space    used 6448K, capacity 6998K, committed 7040K, reserved 1048576K
2023-10-03T01:12:07.912+0800: 327.617: [GC (Allocation Failure) [PSYoungGen: 127296K->320K(127488K)] 157244K->30308K(261632K), 0.0056762 secs] [Times: user=0.02 sys=0.01, real=0.00 secs] 
Heap after GC invocations=217 (full 0):
 PSYoungGen      total 127488K, used 320K [0x00000000f8300000, 0x0000000100000000, 0x0000000100000000)
  eden space 126976K, 0% used [0x00000000f8300000,0x00000000f8300000,0x00000000fff00000)
  from space 512K, 62% used [0x00000000fff00000,0x00000000fff50000,0x00000000fff80000)
  to   space 512K, 0% used [0x00000000fff80000,0x00000000fff80000,0x0000000100000000)
 ParOldGen       total 134144K, used 29988K [0x00000000f0000000, 0x00000000f8300000, 0x00000000f8300000)
  object space 134144K, 22% used [0x00000000f0000000,0x00000000f1d49228,0x00000000f8300000)
 Metaspace       used 52768K, capacity 55892K, committed 55936K, reserved 1097728K
  class space    used 6448K, capacity 6998K, committed 7040K, reserved 1048576K
}
{Heap before GC invocations=218 (full 0):
 PSYoungGen      total 127488K, used 127296K [0x00000000f8300000, 0x0000000100000000, 0x0000000100000000)
  eden space 126976K, 100% used [0x00000000f8300000,0x00000000fff00000,0x00000000fff00000)
  from space 512K, 62% used [0x00000000fff00000,0x00000000fff50000,0x00000000fff80000)
  to   space 512K, 0% used [0x00000000fff80000,0x00000000fff80000,0x0000000100000000)
 ParOldGen       total 134144K, used 29988K [0x00000000f0000000, 0x00000000f8300000, 0x00000000f8300000)
  object space 134144K, 22% used [0x00000000f0000000,0x00000000f1d49228,0x00000000f8300000)
 Metaspace       used 52768K, capacity 55892K, committed 55936K, reserved 1097728K
  class space    used 6448K, capacity 6998K, committed 7040K, reserved 1048576K
2023-10-03T01:12:08.604+0800: 328.308: [GC (Allocation Failure) [PSYoungGen: 127296K->320K(127488K)] 157284K->30364K(261632K), 0.0060162 secs] [Times: user=0.02 sys=0.00, real=0.00 secs] 
Heap after GC invocations=218 (full 0):
 PSYoungGen      total 127488K, used 320K [0x00000000f8300000, 0x0000000100000000, 0x0000000100000000)
  eden space 126976K, 0% used [0x00000000f8300000,0x00000000f8300000,0x00000000fff00000)
  from space 512K, 62% used [0x00000000fff80000,0x00000000fffd0000,0x0000000100000000)
  to   space 512K, 0% used [0x00000000fff00000,0x00000000fff00000,0x00000000fff80000)
 ParOldGen       total 134144K, used 30044K [0x00000000f0000000, 0x00000000f8300000, 0x00000000f8300000)
  object space 134144K, 22% used [0x00000000f0000000,0x00000000f1d57228,0x00000000f8300000)
 Metaspace       used 52768K, capacity 55892K, committed 55936K, reserved 1097728K
  class space    used 6448K, capacity 6998K, committed 7040K, reserved 1048576K
}
{Heap before GC invocations=219 (full 0):
 PSYoungGen      total 127488K, used 127296K [0x00000000f8300000, 0x0000000100000000, 0x0000000100000000)
  eden space 126976K, 100% used [0x00000000f8300000,0x00000000fff00000,0x00000000fff00000)
  from space 512K, 62% used [0x00000000fff80000,0x00000000fffd0000,0x0000000100000000)
  to   space 512K, 0% used [0x00000000fff00000,0x00000000fff00000,0x00000000fff80000)
 ParOldGen       total 134144K, used 30044K [0x00000000f0000000, 0x00000000f8300000, 0x00000000f8300000)
  object space 134144K, 22% used [0x00000000f0000000,0x00000000f1d57228,0x00000000f8300000)
 Metaspace       used 52768K, capacity 55892K, committed 55936K, reserved 1097728K
  class space    used 6448K, capacity 6998K, committed 7040K, reserved 1048576K
2023-10-03T01:12:09.281+0800: 328.986: [GC (Allocation Failure) [PSYoungGen: 127296K->320K(127488K)] 157340K->30420K(261632K), 0.0058905 secs] [Times: user=0.02 sys=0.00, real=0.01 secs] 
Heap after GC invocations=219 (full 0):
 PSYoungGen      total 127488K, used 320K [0x00000000f8300000, 0x0000000100000000, 0x0000000100000000)
  eden space 126976K, 0% used [0x00000000f8300000,0x00000000f8300000,0x00000000fff00000)
  from space 512K, 62% used [0x00000000fff00000,0x00000000fff50000,0x00000000fff80000)
  to   space 512K, 0% used [0x00000000fff80000,0x00000000fff80000,0x0000000100000000)
 ParOldGen       total 134144K, used 30100K [0x00000000f0000000, 0x00000000f8300000, 0x00000000f8300000)
  object space 134144K, 22% used [0x00000000f0000000,0x00000000f1d65228,0x00000000f8300000)
 Metaspace       used 52768K, capacity 55892K, committed 55936K, reserved 1097728K
  class space    used 6448K, capacity 6998K, committed 7040K, reserved 1048576K
}
{Heap before GC invocations=220 (full 0):
 PSYoungGen      total 127488K, used 127296K [0x00000000f8300000, 0x0000000100000000, 0x0000000100000000)
  eden space 126976K, 100% used [0x00000000f8300000,0x00000000fff00000,0x00000000fff00000)
  from space 512K, 62% used [0x00000000fff00000,0x00000000fff50000,0x00000000fff80000)
  to   space 512K, 0% used [0x00000000fff80000,0x00000000fff80000,0x0000000100000000)
 ParOldGen       total 134144K, used 30100K [0x00000000f0000000, 0x00000000f8300000, 0x00000000f8300000)
  object space 134144K, 22% used [0x00000000f0000000,0x00000000f1d65228,0x00000000f8300000)
 Metaspace       used 52768K, capacity 55892K, committed 55936K, reserved 1097728K
  class space    used 6448K, capacity 6998K, committed 7040K, reserved 1048576K
2023-10-03T01:12:09.963+0800: 329.668: [GC (Allocation Failure) [PSYoungGen: 127296K->320K(127488K)] 157396K->30476K(261632K), 0.0058471 secs] [Times: user=0.03 sys=0.00, real=0.00 secs] 
Heap after GC invocations=220 (full 0):
 PSYoungGen      total 127488K, used 320K [0x00000000f8300000, 0x0000000100000000, 0x0000000100000000)
  eden space 126976K, 0% used [0x00000000f8300000,0x00000000f8300000,0x00000000fff00000)
  from space 512K, 62% used [0x00000000fff80000,0x00000000fffd0000,0x0000000100000000)
  to   space 512K, 0% used [0x00000000fff00000,0x00000000fff00000,0x00000000fff80000)
 ParOldGen       total 134144K, used 30156K [0x00000000f0000000, 0x00000000f8300000, 0x00000000f8300000)
  object space 134144K, 22% used [0x00000000f0000000,0x00000000f1d73228,0x00000000f8300000)
 Metaspace       used 52768K, capacity 55892K, committed 55936K, reserved 1097728K
  class space    used 6448K, capacity 6998K, committed 7040K, reserved 1048576K
}
{Heap before GC invocations=221 (full 0):
 PSYoungGen      total 127488K, used 127296K [0x00000000f8300000, 0x0000000100000000, 0x0000000100000000)
  eden space 126976K, 100% used [0x00000000f8300000,0x00000000fff00000,0x00000000fff00000)
  from space 512K, 62% used [0x00000000fff80000,0x00000000fffd0000,0x0000000100000000)
  to   space 512K, 0% used [0x00000000fff00000,0x00000000fff00000,0x00000000fff80000)
 ParOldGen       total 134144K, used 30156K [0x00000000f0000000, 0x00000000f8300000, 0x00000000f8300000)
  object space 134144K, 22% used [0x00000000f0000000,0x00000000f1d73228,0x00000000f8300000)
 Metaspace       used 52768K, capacity 55892K, committed 55936K, reserved 1097728K
  class space    used 6448K, capacity 6998K, committed 7040K, reserved 1048576K
2023-10-03T01:12:10.655+0800: 330.359: [GC (Allocation Failure) [PSYoungGen: 127296K->320K(127488K)] 157452K->30540K(261632K), 0.0060273 secs] [Times: user=0.03 sys=0.00, real=0.00 secs] 
Heap after GC invocations=221 (full 0):
 PSYoungGen      total 127488K, used 320K [0x00000000f8300000, 0x0000000100000000, 0x0000000100000000)
  eden space 126976K, 0% used [0x00000000f8300000,0x00000000f8300000,0x00000000fff00000)
  from space 512K, 62% used [0x00000000fff00000,0x00000000fff50000,0x00000000fff80000)
  to   space 512K, 0% used [0x00000000fff80000,0x00000000fff80000,0x0000000100000000)
 ParOldGen       total 134144K, used 30220K [0x00000000f0000000, 0x00000000f8300000, 0x00000000f8300000)
  object space 134144K, 22% used [0x00000000f0000000,0x00000000f1d83228,0x00000000f8300000)
 Metaspace       used 52768K, capacity 55892K, committed 55936K, reserved 1097728K
  class space    used 6448K, capacity 6998K, committed 7040K, reserved 1048576K
}
{Heap before GC invocations=222 (full 0):
 PSYoungGen      total 127488K, used 127296K [0x00000000f8300000, 0x0000000100000000, 0x0000000100000000)
  eden space 126976K, 100% used [0x00000000f8300000,0x00000000fff00000,0x00000000fff00000)
  from space 512K, 62% used [0x00000000fff00000,0x00000000fff50000,0x00000000fff80000)
  to   space 512K, 0% used [0x00000000fff80000,0x00000000fff80000,0x0000000100000000)
 ParOldGen       total 134144K, used 30220K [0x00000000f0000000, 0x00000000f8300000, 0x00000000f8300000)
  object space 134144K, 22% used [0x00000000f0000000,0x00000000f1d83228,0x00000000f8300000)
 Metaspace       used 52768K, capacity 55892K, committed 55936K, reserved 1097728K
  class space    used 6448K, capacity 6998K, committed 7040K, reserved 1048576K
2023-10-03T01:12:11.340+0800: 331.045: [GC (Allocation Failure) [PSYoungGen: 127296K->320K(127488K)] 157516K->30596K(261632K), 0.0058102 secs] [Times: user=0.03 sys=0.00, real=0.01 secs] 
Heap after GC invocations=222 (full 0):
 PSYoungGen      total 127488K, used 320K [0x00000000f8300000, 0x0000000100000000, 0x0000000100000000)
  eden space 126976K, 0% used [0x00000000f8300000,0x00000000f8300000,0x00000000fff00000)
  from space 512K, 62% used [0x00000000fff80000,0x00000000fffd0000,0x0000000100000000)
  to   space 512K, 0% used [0x00000000fff00000,0x00000000fff00000,0x00000000fff80000)
 ParOldGen       total 134144K, used 30276K [0x00000000f0000000, 0x00000000f8300000, 0x00000000f8300000)
  object space 134144K, 22% used [0x00000000f0000000,0x00000000f1d91228,0x00000000f8300000)
 Metaspace       used 52768K, capacity 55892K, committed 55936K, reserved 1097728K
  class space    used 6448K, capacity 6998K, committed 7040K, reserved 1048576K
}
{Heap before GC invocations=223 (full 0):
 PSYoungGen      total 127488K, used 127296K [0x00000000f8300000, 0x0000000100000000, 0x0000000100000000)
  eden space 126976K, 100% used [0x00000000f8300000,0x00000000fff00000,0x00000000fff00000)
  from space 512K, 62% used [0x00000000fff80000,0x00000000fffd0000,0x0000000100000000)
  to   space 512K, 0% used [0x00000000fff00000,0x00000000fff00000,0x00000000fff80000)
 ParOldGen       total 134144K, used 30276K [0x00000000f0000000, 0x00000000f8300000, 0x00000000f8300000)
  object space 134144K, 22% used [0x00000000f0000000,0x00000000f1d91228,0x00000000f8300000)
 Metaspace       used 52768K, capacity 55892K, committed 55936K, reserved 1097728K
  class space    used 6448K, capacity 6998K, committed 7040K, reserved 1048576K
2023-10-03T01:12:12.025+0800: 331.730: [GC (Allocation Failure) [PSYoungGen: 127296K->320K(127488K)] 157572K->30652K(261632K), 0.0057147 secs] [Times: user=0.02 sys=0.01, real=0.01 secs] 
Heap after GC invocations=223 (full 0):
 PSYoungGen      total 127488K, used 320K [0x00000000f8300000, 0x0000000100000000, 0x0000000100000000)
  eden space 126976K, 0% used [0x00000000f8300000,0x00000000f8300000,0x00000000fff00000)
  from space 512K, 62% used [0x00000000fff00000,0x00000000fff50000,0x00000000fff80000)
  to   space 512K, 0% used [0x00000000fff80000,0x00000000fff80000,0x0000000100000000)
 ParOldGen       total 134144K, used 30332K [0x00000000f0000000, 0x00000000f8300000, 0x00000000f8300000)
  object space 134144K, 22% used [0x00000000f0000000,0x00000000f1d9f228,0x00000000f8300000)
 Metaspace       used 52768K, capacity 55892K, committed 55936K, reserved 1097728K
  class space    used 6448K, capacity 6998K, committed 7040K, reserved 1048576K
}
{Heap before GC invocations=224 (full 0):
 PSYoungGen      total 127488K, used 127296K [0x00000000f8300000, 0x0000000100000000, 0x0000000100000000)
  eden space 126976K, 100% used [0x00000000f8300000,0x00000000fff00000,0x00000000fff00000)
  from space 512K, 62% used [0x00000000fff00000,0x00000000fff50000,0x00000000fff80000)
  to   space 512K, 0% used [0x00000000fff80000,0x00000000fff80000,0x0000000100000000)
 ParOldGen       total 134144K, used 30332K [0x00000000f0000000, 0x00000000f8300000, 0x00000000f8300000)
  object space 134144K, 22% used [0x00000000f0000000,0x00000000f1d9f228,0x00000000f8300000)
 Metaspace       used 52768K, capacity 55892K, committed 55936K, reserved 1097728K
  class space    used 6448K, capacity 6998K, committed 7040K, reserved 1048576K
2023-10-03T01:12:12.731+0800: 332.436: [GC (Allocation Failure) [PSYoungGen: 127296K->320K(127488K)] 157628K->30716K(261632K), 0.0059407 secs] [Times: user=0.02 sys=0.01, real=0.01 secs] 
Heap after GC invocations=224 (full 0):
 PSYoungGen      total 127488K, used 320K [0x00000000f8300000, 0x0000000100000000, 0x0000000100000000)
  eden space 126976K, 0% used [0x00000000f8300000,0x00000000f8300000,0x00000000fff00000)
  from space 512K, 62% used [0x00000000fff80000,0x00000000fffd0000,0x0000000100000000)
  to   space 512K, 0% used [0x00000000fff00000,0x00000000fff00000,0x00000000fff80000)
 ParOldGen       total 134144K, used 30396K [0x00000000f0000000, 0x00000000f8300000, 0x00000000f8300000)
  object space 134144K, 22% used [0x00000000f0000000,0x00000000f1daf228,0x00000000f8300000)
 Metaspace       used 52768K, capacity 55892K, committed 55936K, reserved 1097728K
  class space    used 6448K, capacity 6998K, committed 7040K, reserved 1048576K
}
{Heap before GC invocations=225 (full 0):
 PSYoungGen      total 127488K, used 127296K [0x00000000f8300000, 0x0000000100000000, 0x0000000100000000)
  eden space 126976K, 100% used [0x00000000f8300000,0x00000000fff00000,0x00000000fff00000)
  from space 512K, 62% used [0x00000000fff80000,0x00000000fffd0000,0x0000000100000000)
  to   space 512K, 0% used [0x00000000fff00000,0x00000000fff00000,0x00000000fff80000)
 ParOldGen       total 134144K, used 30396K [0x00000000f0000000, 0x00000000f8300000, 0x00000000f8300000)
  object space 134144K, 22% used [0x00000000f0000000,0x00000000f1daf228,0x00000000f8300000)
 Metaspace       used 52768K, capacity 55892K, committed 55936K, reserved 1097728K
  class space    used 6448K, capacity 6998K, committed 7040K, reserved 1048576K
2023-10-03T01:12:13.406+0800: 333.111: [GC (Allocation Failure) [PSYoungGen: 127296K->320K(127488K)] 157692K->30780K(261632K), 0.0057296 secs] [Times: user=0.02 sys=0.00, real=0.01 secs] 
Heap after GC invocations=225 (full 0):
 PSYoungGen      total 127488K, used 320K [0x00000000f8300000, 0x0000000100000000, 0x0000000100000000)
  eden space 126976K, 0% used [0x00000000f8300000,0x00000000f8300000,0x00000000fff00000)
  from space 512K, 62% used [0x00000000fff00000,0x00000000fff50000,0x00000000fff80000)
  to   space 512K, 0% used [0x00000000fff80000,0x00000000fff80000,0x0000000100000000)
 ParOldGen       total 134144K, used 30460K [0x00000000f0000000, 0x00000000f8300000, 0x00000000f8300000)
  object space 134144K, 22% used [0x00000000f0000000,0x00000000f1dbf228,0x00000000f8300000)
 Metaspace       used 52768K, capacity 55892K, committed 55936K, reserved 1097728K
  class space    used 6448K, capacity 6998K, committed 7040K, reserved 1048576K
}
{Heap before GC invocations=226 (full 0):
 PSYoungGen      total 127488K, used 127296K [0x00000000f8300000, 0x0000000100000000, 0x0000000100000000)
  eden space 126976K, 100% used [0x00000000f8300000,0x00000000fff00000,0x00000000fff00000)
  from space 512K, 62% used [0x00000000fff00000,0x00000000fff50000,0x00000000fff80000)
  to   space 512K, 0% used [0x00000000fff80000,0x00000000fff80000,0x0000000100000000)
 ParOldGen       total 134144K, used 30460K [0x00000000f0000000, 0x00000000f8300000, 0x00000000f8300000)
  object space 134144K, 22% used [0x00000000f0000000,0x00000000f1dbf228,0x00000000f8300000)
 Metaspace       used 52768K, capacity 55892K, committed 55936K, reserved 1097728K
  class space    used 6448K, capacity 6998K, committed 7040K, reserved 1048576K
2023-10-03T01:12:14.093+0800: 333.798: [GC (Allocation Failure) [PSYoungGen: 127296K->320K(127488K)] 157756K->30844K(261632K), 0.0058202 secs] [Times: user=0.03 sys=0.00, real=0.00 secs] 
Heap after GC invocations=226 (full 0):
 PSYoungGen      total 127488K, used 320K [0x00000000f8300000, 0x0000000100000000, 0x0000000100000000)
  eden space 126976K, 0% used [0x00000000f8300000,0x00000000f8300000,0x00000000fff00000)
  from space 512K, 62% used [0x00000000fff80000,0x00000000fffd0000,0x0000000100000000)
  to   space 512K, 0% used [0x00000000fff00000,0x00000000fff00000,0x00000000fff80000)
 ParOldGen       total 134144K, used 30524K [0x00000000f0000000, 0x00000000f8300000, 0x00000000f8300000)
  object space 134144K, 22% used [0x00000000f0000000,0x00000000f1dcf228,0x00000000f8300000)
 Metaspace       used 52768K, capacity 55892K, committed 55936K, reserved 1097728K
  class space    used 6448K, capacity 6998K, committed 7040K, reserved 1048576K
}
{Heap before GC invocations=227 (full 0):
 PSYoungGen      total 127488K, used 127296K [0x00000000f8300000, 0x0000000100000000, 0x0000000100000000)
  eden space 126976K, 100% used [0x00000000f8300000,0x00000000fff00000,0x00000000fff00000)
  from space 512K, 62% used [0x00000000fff80000,0x00000000fffd0000,0x0000000100000000)
  to   space 512K, 0% used [0x00000000fff00000,0x00000000fff00000,0x00000000fff80000)
 ParOldGen       total 134144K, used 30524K [0x00000000f0000000, 0x00000000f8300000, 0x00000000f8300000)
  object space 134144K, 22% used [0x00000000f0000000,0x00000000f1dcf228,0x00000000f8300000)
 Metaspace       used 52768K, capacity 55892K, committed 55936K, reserved 1097728K
  class space    used 6448K, capacity 6998K, committed 7040K, reserved 1048576K
2023-10-03T01:12:14.790+0800: 334.494: [GC (Allocation Failure) [PSYoungGen: 127296K->320K(127488K)] 157820K->30892K(261632K), 0.0058698 secs] [Times: user=0.03 sys=0.00, real=0.01 secs] 
Heap after GC invocations=227 (full 0):
 PSYoungGen      total 127488K, used 320K [0x00000000f8300000, 0x0000000100000000, 0x0000000100000000)
  eden space 126976K, 0% used [0x00000000f8300000,0x00000000f8300000,0x00000000fff00000)
  from space 512K, 62% used [0x00000000fff00000,0x00000000fff50000,0x00000000fff80000)
  to   space 512K, 0% used [0x00000000fff80000,0x00000000fff80000,0x0000000100000000)
 ParOldGen       total 134144K, used 30572K [0x00000000f0000000, 0x00000000f8300000, 0x00000000f8300000)
  object space 134144K, 22% used [0x00000000f0000000,0x00000000f1ddb228,0x00000000f8300000)
 Metaspace       used 52768K, capacity 55892K, committed 55936K, reserved 1097728K
  class space    used 6448K, capacity 6998K, committed 7040K, reserved 1048576K
}
{Heap before GC invocations=228 (full 0):
 PSYoungGen      total 127488K, used 127296K [0x00000000f8300000, 0x0000000100000000, 0x0000000100000000)
  eden space 126976K, 100% used [0x00000000f8300000,0x00000000fff00000,0x00000000fff00000)
  from space 512K, 62% used [0x00000000fff00000,0x00000000fff50000,0x00000000fff80000)
  to   space 512K, 0% used [0x00000000fff80000,0x00000000fff80000,0x0000000100000000)
 ParOldGen       total 134144K, used 30572K [0x00000000f0000000, 0x00000000f8300000, 0x00000000f8300000)
  object space 134144K, 22% used [0x00000000f0000000,0x00000000f1ddb228,0x00000000f8300000)
 Metaspace       used 52768K, capacity 55892K, committed 55936K, reserved 1097728K
  class space    used 6448K, capacity 6998K, committed 7040K, reserved 1048576K
2023-10-03T01:12:15.493+0800: 335.197: [GC (Allocation Failure) [PSYoungGen: 127296K->320K(127488K)] 157868K->30940K(261632K), 0.0058155 secs] [Times: user=0.02 sys=0.00, real=0.00 secs] 
Heap after GC invocations=228 (full 0):
 PSYoungGen      total 127488K, used 320K [0x00000000f8300000, 0x0000000100000000, 0x0000000100000000)
  eden space 126976K, 0% used [0x00000000f8300000,0x00000000f8300000,0x00000000fff00000)
  from space 512K, 62% used [0x00000000fff80000,0x00000000fffd0000,0x0000000100000000)
  to   space 512K, 0% used [0x00000000fff00000,0x00000000fff00000,0x00000000fff80000)
 ParOldGen       total 134144K, used 30620K [0x00000000f0000000, 0x00000000f8300000, 0x00000000f8300000)
  object space 134144K, 22% used [0x00000000f0000000,0x00000000f1de7228,0x00000000f8300000)
 Metaspace       used 52768K, capacity 55892K, committed 55936K, reserved 1097728K
  class space    used 6448K, capacity 6998K, committed 7040K, reserved 1048576K
}
{Heap before GC invocations=229 (full 0):
 PSYoungGen      total 127488K, used 127296K [0x00000000f8300000, 0x0000000100000000, 0x0000000100000000)
  eden space 126976K, 100% used [0x00000000f8300000,0x00000000fff00000,0x00000000fff00000)
  from space 512K, 62% used [0x00000000fff80000,0x00000000fffd0000,0x0000000100000000)
  to   space 512K, 0% used [0x00000000fff00000,0x00000000fff00000,0x00000000fff80000)
 ParOldGen       total 134144K, used 30620K [0x00000000f0000000, 0x00000000f8300000, 0x00000000f8300000)
  object space 134144K, 22% used [0x00000000f0000000,0x00000000f1de7228,0x00000000f8300000)
 Metaspace       used 52769K, capacity 55892K, committed 55936K, reserved 1097728K
  class space    used 6448K, capacity 6998K, committed 7040K, reserved 1048576K
2023-10-03T01:12:16.195+0800: 335.900: [GC (Allocation Failure) [PSYoungGen: 127296K->320K(127488K)] 157916K->30996K(261632K), 0.0059372 secs] [Times: user=0.02 sys=0.00, real=0.00 secs] 
Heap after GC invocations=229 (full 0):
 PSYoungGen      total 127488K, used 320K [0x00000000f8300000, 0x0000000100000000, 0x0000000100000000)
  eden space 126976K, 0% used [0x00000000f8300000,0x00000000f8300000,0x00000000fff00000)
  from space 512K, 62% used [0x00000000fff00000,0x00000000fff50000,0x00000000fff80000)
  to   space 512K, 0% used [0x00000000fff80000,0x00000000fff80000,0x0000000100000000)
 ParOldGen       total 134144K, used 30676K [0x00000000f0000000, 0x00000000f8300000, 0x00000000f8300000)
  object space 134144K, 22% used [0x00000000f0000000,0x00000000f1df5228,0x00000000f8300000)
 Metaspace       used 52769K, capacity 55892K, committed 55936K, reserved 1097728K
  class space    used 6448K, capacity 6998K, committed 7040K, reserved 1048576K
}
{Heap before GC invocations=230 (full 0):
 PSYoungGen      total 127488K, used 127296K [0x00000000f8300000, 0x0000000100000000, 0x0000000100000000)
  eden space 126976K, 100% used [0x00000000f8300000,0x00000000fff00000,0x00000000fff00000)
  from space 512K, 62% used [0x00000000fff00000,0x00000000fff50000,0x00000000fff80000)
  to   space 512K, 0% used [0x00000000fff80000,0x00000000fff80000,0x0000000100000000)
 ParOldGen       total 134144K, used 30676K [0x00000000f0000000, 0x00000000f8300000, 0x00000000f8300000)
  object space 134144K, 22% used [0x00000000f0000000,0x00000000f1df5228,0x00000000f8300000)
 Metaspace       used 52769K, capacity 55892K, committed 55936K, reserved 1097728K
  class space    used 6448K, capacity 6998K, committed 7040K, reserved 1048576K
2023-10-03T01:12:16.883+0800: 336.588: [GC (Allocation Failure) [PSYoungGen: 127296K->320K(127488K)] 157972K->31036K(261632K), 0.0061315 secs] [Times: user=0.02 sys=0.00, real=0.00 secs] 
Heap after GC invocations=230 (full 0):
 PSYoungGen      total 127488K, used 320K [0x00000000f8300000, 0x0000000100000000, 0x0000000100000000)
  eden space 126976K, 0% used [0x00000000f8300000,0x00000000f8300000,0x00000000fff00000)
  from space 512K, 62% used [0x00000000fff80000,0x00000000fffd0000,0x0000000100000000)
  to   space 512K, 0% used [0x00000000fff00000,0x00000000fff00000,0x00000000fff80000)
 ParOldGen       total 134144K, used 30716K [0x00000000f0000000, 0x00000000f8300000, 0x00000000f8300000)
  object space 134144K, 22% used [0x00000000f0000000,0x00000000f1dff228,0x00000000f8300000)
 Metaspace       used 52769K, capacity 55892K, committed 55936K, reserved 1097728K
  class space    used 6448K, capacity 6998K, committed 7040K, reserved 1048576K
}
{Heap before GC invocations=231 (full 0):
 PSYoungGen      total 127488K, used 127296K [0x00000000f8300000, 0x0000000100000000, 0x0000000100000000)
  eden space 126976K, 100% used [0x00000000f8300000,0x00000000fff00000,0x00000000fff00000)
  from space 512K, 62% used [0x00000000fff80000,0x00000000fffd0000,0x0000000100000000)
  to   space 512K, 0% used [0x00000000fff00000,0x00000000fff00000,0x00000000fff80000)
 ParOldGen       total 134144K, used 30716K [0x00000000f0000000, 0x00000000f8300000, 0x00000000f8300000)
  object space 134144K, 22% used [0x00000000f0000000,0x00000000f1dff228,0x00000000f8300000)
 Metaspace       used 52769K, capacity 55892K, committed 55936K, reserved 1097728K
  class space    used 6448K, capacity 6998K, committed 7040K, reserved 1048576K
2023-10-03T01:12:17.562+0800: 337.266: [GC (Allocation Failure) [PSYoungGen: 127296K->320K(127488K)] 158012K->31108K(261632K), 0.0066936 secs] [Times: user=0.02 sys=0.00, real=0.01 secs] 
Heap after GC invocations=231 (full 0):
 PSYoungGen      total 127488K, used 320K [0x00000000f8300000, 0x0000000100000000, 0x0000000100000000)
  eden space 126976K, 0% used [0x00000000f8300000,0x00000000f8300000,0x00000000fff00000)
  from space 512K, 62% used [0x00000000fff00000,0x00000000fff50000,0x00000000fff80000)
  to   space 512K, 0% used [0x00000000fff80000,0x00000000fff80000,0x0000000100000000)
 ParOldGen       total 134144K, used 30788K [0x00000000f0000000, 0x00000000f8300000, 0x00000000f8300000)
  object space 134144K, 22% used [0x00000000f0000000,0x00000000f1e11228,0x00000000f8300000)
 Metaspace       used 52769K, capacity 55892K, committed 55936K, reserved 1097728K
  class space    used 6448K, capacity 6998K, committed 7040K, reserved 1048576K
}
{Heap before GC invocations=232 (full 0):
 PSYoungGen      total 127488K, used 127296K [0x00000000f8300000, 0x0000000100000000, 0x0000000100000000)
  eden space 126976K, 100% used [0x00000000f8300000,0x00000000fff00000,0x00000000fff00000)
  from space 512K, 62% used [0x00000000fff00000,0x00000000fff50000,0x00000000fff80000)
  to   space 512K, 0% used [0x00000000fff80000,0x00000000fff80000,0x0000000100000000)
 ParOldGen       total 134144K, used 30788K [0x00000000f0000000, 0x00000000f8300000, 0x00000000f8300000)
  object space 134144K, 22% used [0x00000000f0000000,0x00000000f1e11228,0x00000000f8300000)
 Metaspace       used 52769K, capacity 55892K, committed 55936K, reserved 1097728K
  class space    used 6448K, capacity 6998K, committed 7040K, reserved 1048576K
2023-10-03T01:12:18.257+0800: 337.962: [GC (Allocation Failure) [PSYoungGen: 127296K->320K(127488K)] 158084K->31164K(261632K), 0.0056166 secs] [Times: user=0.03 sys=0.00, real=0.01 secs] 
Heap after GC invocations=232 (full 0):
 PSYoungGen      total 127488K, used 320K [0x00000000f8300000, 0x0000000100000000, 0x0000000100000000)
  eden space 126976K, 0% used [0x00000000f8300000,0x00000000f8300000,0x00000000fff00000)
  from space 512K, 62% used [0x00000000fff80000,0x00000000fffd0000,0x0000000100000000)
  to   space 512K, 0% used [0x00000000fff00000,0x00000000fff00000,0x00000000fff80000)
 ParOldGen       total 134144K, used 30844K [0x00000000f0000000, 0x00000000f8300000, 0x00000000f8300000)
  object space 134144K, 22% used [0x00000000f0000000,0x00000000f1e1f228,0x00000000f8300000)
 Metaspace       used 52769K, capacity 55892K, committed 55936K, reserved 1097728K
  class space    used 6448K, capacity 6998K, committed 7040K, reserved 1048576K
}
{Heap before GC invocations=233 (full 0):
 PSYoungGen      total 127488K, used 127296K [0x00000000f8300000, 0x0000000100000000, 0x0000000100000000)
  eden space 126976K, 100% used [0x00000000f8300000,0x00000000fff00000,0x00000000fff00000)
  from space 512K, 62% used [0x00000000fff80000,0x00000000fffd0000,0x0000000100000000)
  to   space 512K, 0% used [0x00000000fff00000,0x00000000fff00000,0x00000000fff80000)
 ParOldGen       total 134144K, used 30844K [0x00000000f0000000, 0x00000000f8300000, 0x00000000f8300000)
  object space 134144K, 22% used [0x00000000f0000000,0x00000000f1e1f228,0x00000000f8300000)
 Metaspace       used 52769K, capacity 55892K, committed 55936K, reserved 1097728K
  class space    used 6448K, capacity 6998K, committed 7040K, reserved 1048576K
2023-10-03T01:12:18.960+0800: 338.664: [GC (Allocation Failure) [PSYoungGen: 127296K->320K(127488K)] 158140K->31220K(261632K), 0.0057848 secs] [Times: user=0.03 sys=0.00, real=0.01 secs] 
Heap after GC invocations=233 (full 0):
 PSYoungGen      total 127488K, used 320K [0x00000000f8300000, 0x0000000100000000, 0x0000000100000000)
  eden space 126976K, 0% used [0x00000000f8300000,0x00000000f8300000,0x00000000fff00000)
  from space 512K, 62% used [0x00000000fff00000,0x00000000fff50000,0x00000000fff80000)
  to   space 512K, 0% used [0x00000000fff80000,0x00000000fff80000,0x0000000100000000)
 ParOldGen       total 134144K, used 30900K [0x00000000f0000000, 0x00000000f8300000, 0x00000000f8300000)
  object space 134144K, 23% used [0x00000000f0000000,0x00000000f1e2d228,0x00000000f8300000)
 Metaspace       used 52769K, capacity 55892K, committed 55936K, reserved 1097728K
  class space    used 6448K, capacity 6998K, committed 7040K, reserved 1048576K
}
{Heap before GC invocations=234 (full 0):
 PSYoungGen      total 127488K, used 127296K [0x00000000f8300000, 0x0000000100000000, 0x0000000100000000)
  eden space 126976K, 100% used [0x00000000f8300000,0x00000000fff00000,0x00000000fff00000)
  from space 512K, 62% used [0x00000000fff00000,0x00000000fff50000,0x00000000fff80000)
  to   space 512K, 0% used [0x00000000fff80000,0x00000000fff80000,0x0000000100000000)
 ParOldGen       total 134144K, used 30900K [0x00000000f0000000, 0x00000000f8300000, 0x00000000f8300000)
  object space 134144K, 23% used [0x00000000f0000000,0x00000000f1e2d228,0x00000000f8300000)
 Metaspace       used 52769K, capacity 55892K, committed 55936K, reserved 1097728K
  class space    used 6448K, capacity 6998K, committed 7040K, reserved 1048576K
2023-10-03T01:12:19.640+0800: 339.345: [GC (Allocation Failure) [PSYoungGen: 127296K->320K(127488K)] 158196K->31284K(261632K), 0.0058845 secs] [Times: user=0.03 sys=0.00, real=0.01 secs] 
Heap after GC invocations=234 (full 0):
 PSYoungGen      total 127488K, used 320K [0x00000000f8300000, 0x0000000100000000, 0x0000000100000000)
  eden space 126976K, 0% used [0x00000000f8300000,0x00000000f8300000,0x00000000fff00000)
  from space 512K, 62% used [0x00000000fff80000,0x00000000fffd0000,0x0000000100000000)
  to   space 512K, 0% used [0x00000000fff00000,0x00000000fff00000,0x00000000fff80000)
 ParOldGen       total 134144K, used 30964K [0x00000000f0000000, 0x00000000f8300000, 0x00000000f8300000)
  object space 134144K, 23% used [0x00000000f0000000,0x00000000f1e3d228,0x00000000f8300000)
 Metaspace       used 52769K, capacity 55892K, committed 55936K, reserved 1097728K
  class space    used 6448K, capacity 6998K, committed 7040K, reserved 1048576K
}
{Heap before GC invocations=235 (full 0):
 PSYoungGen      total 127488K, used 127296K [0x00000000f8300000, 0x0000000100000000, 0x0000000100000000)
  eden space 126976K, 100% used [0x00000000f8300000,0x00000000fff00000,0x00000000fff00000)
  from space 512K, 62% used [0x00000000fff80000,0x00000000fffd0000,0x0000000100000000)
  to   space 512K, 0% used [0x00000000fff00000,0x00000000fff00000,0x00000000fff80000)
 ParOldGen       total 134144K, used 30964K [0x00000000f0000000, 0x00000000f8300000, 0x00000000f8300000)
  object space 134144K, 23% used [0x00000000f0000000,0x00000000f1e3d228,0x00000000f8300000)
 Metaspace       used 52769K, capacity 55892K, committed 55936K, reserved 1097728K
  class space    used 6448K, capacity 6998K, committed 7040K, reserved 1048576K
2023-10-03T01:12:20.296+0800: 340.001: [GC (Allocation Failure) [PSYoungGen: 127296K->320K(127488K)] 158260K->31324K(261632K), 0.0060798 secs] [Times: user=0.02 sys=0.00, real=0.01 secs] 
Heap after GC invocations=235 (full 0):
 PSYoungGen      total 127488K, used 320K [0x00000000f8300000, 0x0000000100000000, 0x0000000100000000)
  eden space 126976K, 0% used [0x00000000f8300000,0x00000000f8300000,0x00000000fff00000)
  from space 512K, 62% used [0x00000000fff00000,0x00000000fff50000,0x00000000fff80000)
  to   space 512K, 0% used [0x00000000fff80000,0x00000000fff80000,0x0000000100000000)
 ParOldGen       total 134144K, used 31004K [0x00000000f0000000, 0x00000000f8300000, 0x00000000f8300000)
  object space 134144K, 23% used [0x00000000f0000000,0x00000000f1e47228,0x00000000f8300000)
 Metaspace       used 52769K, capacity 55892K, committed 55936K, reserved 1097728K
  class space    used 6448K, capacity 6998K, committed 7040K, reserved 1048576K
}
{Heap before GC invocations=236 (full 0):
 PSYoungGen      total 127488K, used 127296K [0x00000000f8300000, 0x0000000100000000, 0x0000000100000000)
  eden space 126976K, 100% used [0x00000000f8300000,0x00000000fff00000,0x00000000fff00000)
  from space 512K, 62% used [0x00000000fff00000,0x00000000fff50000,0x00000000fff80000)
  to   space 512K, 0% used [0x00000000fff80000,0x00000000fff80000,0x0000000100000000)
 ParOldGen       total 134144K, used 31004K [0x00000000f0000000, 0x00000000f8300000, 0x00000000f8300000)
  object space 134144K, 23% used [0x00000000f0000000,0x00000000f1e47228,0x00000000f8300000)
 Metaspace       used 52769K, capacity 55892K, committed 55936K, reserved 1097728K
  class space    used 6448K, capacity 6998K, committed 7040K, reserved 1048576K
2023-10-03T01:12:21.002+0800: 340.707: [GC (Allocation Failure) [PSYoungGen: 127296K->320K(127488K)] 158300K->31396K(261632K), 0.0052889 secs] [Times: user=0.03 sys=0.00, real=0.00 secs] 
Heap after GC invocations=236 (full 0):
 PSYoungGen      total 127488K, used 320K [0x00000000f8300000, 0x0000000100000000, 0x0000000100000000)
  eden space 126976K, 0% used [0x00000000f8300000,0x00000000f8300000,0x00000000fff00000)
  from space 512K, 62% used [0x00000000fff80000,0x00000000fffd0000,0x0000000100000000)
  to   space 512K, 0% used [0x00000000fff00000,0x00000000fff00000,0x00000000fff80000)
 ParOldGen       total 134144K, used 31076K [0x00000000f0000000, 0x00000000f8300000, 0x00000000f8300000)
  object space 134144K, 23% used [0x00000000f0000000,0x00000000f1e59228,0x00000000f8300000)
 Metaspace       used 52769K, capacity 55892K, committed 55936K, reserved 1097728K
  class space    used 6448K, capacity 6998K, committed 7040K, reserved 1048576K
}
{Heap before GC invocations=237 (full 0):
 PSYoungGen      total 127488K, used 127296K [0x00000000f8300000, 0x0000000100000000, 0x0000000100000000)
  eden space 126976K, 100% used [0x00000000f8300000,0x00000000fff00000,0x00000000fff00000)
  from space 512K, 62% used [0x00000000fff80000,0x00000000fffd0000,0x0000000100000000)
  to   space 512K, 0% used [0x00000000fff00000,0x00000000fff00000,0x00000000fff80000)
 ParOldGen       total 134144K, used 31076K [0x00000000f0000000, 0x00000000f8300000, 0x00000000f8300000)
  object space 134144K, 23% used [0x00000000f0000000,0x00000000f1e59228,0x00000000f8300000)
 Metaspace       used 52770K, capacity 55892K, committed 55936K, reserved 1097728K
  class space    used 6448K, capacity 6998K, committed 7040K, reserved 1048576K
2023-10-03T01:12:21.701+0800: 341.405: [GC (Allocation Failure) [PSYoungGen: 127296K->352K(127488K)] 158372K->31468K(261632K), 0.0059411 secs] [Times: user=0.02 sys=0.00, real=0.01 secs] 
Heap after GC invocations=237 (full 0):
 PSYoungGen      total 127488K, used 352K [0x00000000f8300000, 0x0000000100000000, 0x0000000100000000)
  eden space 126976K, 0% used [0x00000000f8300000,0x00000000f8300000,0x00000000fff00000)
  from space 512K, 68% used [0x00000000fff00000,0x00000000fff58000,0x00000000fff80000)
  to   space 512K, 0% used [0x00000000fff80000,0x00000000fff80000,0x0000000100000000)
 ParOldGen       total 134144K, used 31116K [0x00000000f0000000, 0x00000000f8300000, 0x00000000f8300000)
  object space 134144K, 23% used [0x00000000f0000000,0x00000000f1e63228,0x00000000f8300000)
 Metaspace       used 52770K, capacity 55892K, committed 55936K, reserved 1097728K
  class space    used 6448K, capacity 6998K, committed 7040K, reserved 1048576K
}
{Heap before GC invocations=238 (full 0):
 PSYoungGen      total 127488K, used 127328K [0x00000000f8300000, 0x0000000100000000, 0x0000000100000000)
  eden space 126976K, 100% used [0x00000000f8300000,0x00000000fff00000,0x00000000fff00000)
  from space 512K, 68% used [0x00000000fff00000,0x00000000fff58000,0x00000000fff80000)
  to   space 512K, 0% used [0x00000000fff80000,0x00000000fff80000,0x0000000100000000)
 ParOldGen       total 134144K, used 31116K [0x00000000f0000000, 0x00000000f8300000, 0x00000000f8300000)
  object space 134144K, 23% used [0x00000000f0000000,0x00000000f1e63228,0x00000000f8300000)
 Metaspace       used 52770K, capacity 55892K, committed 55936K, reserved 1097728K
  class space    used 6448K, capacity 6998K, committed 7040K, reserved 1048576K
2023-10-03T01:12:22.405+0800: 342.109: [GC (Allocation Failure) [PSYoungGen: 127328K->320K(127488K)] 158444K->31484K(261632K), 0.0058398 secs] [Times: user=0.02 sys=0.00, real=0.00 secs] 
Heap after GC invocations=238 (full 0):
 PSYoungGen      total 127488K, used 320K [0x00000000f8300000, 0x0000000100000000, 0x0000000100000000)
  eden space 126976K, 0% used [0x00000000f8300000,0x00000000f8300000,0x00000000fff00000)
  from space 512K, 62% used [0x00000000fff80000,0x00000000fffd0000,0x0000000100000000)
  to   space 512K, 0% used [0x00000000fff00000,0x00000000fff00000,0x00000000fff80000)
 ParOldGen       total 134144K, used 31164K [0x00000000f0000000, 0x00000000f8300000, 0x00000000f8300000)
  object space 134144K, 23% used [0x00000000f0000000,0x00000000f1e6f228,0x00000000f8300000)
 Metaspace       used 52770K, capacity 55892K, committed 55936K, reserved 1097728K
  class space    used 6448K, capacity 6998K, committed 7040K, reserved 1048576K
}
{Heap before GC invocations=239 (full 0):
 PSYoungGen      total 127488K, used 127296K [0x00000000f8300000, 0x0000000100000000, 0x0000000100000000)
  eden space 126976K, 100% used [0x00000000f8300000,0x00000000fff00000,0x00000000fff00000)
  from space 512K, 62% used [0x00000000fff80000,0x00000000fffd0000,0x0000000100000000)
  to   space 512K, 0% used [0x00000000fff00000,0x00000000fff00000,0x00000000fff80000)
 ParOldGen       total 134144K, used 31164K [0x00000000f0000000, 0x00000000f8300000, 0x00000000f8300000)
  object space 134144K, 23% used [0x00000000f0000000,0x00000000f1e6f228,0x00000000f8300000)
 Metaspace       used 52770K, capacity 55892K, committed 55936K, reserved 1097728K
  class space    used 6448K, capacity 6998K, committed 7040K, reserved 1048576K
2023-10-03T01:12:23.968+0800: 343.673: [GC (Allocation Failure) [PSYoungGen: 127296K->320K(127488K)] 158460K->31516K(261632K), 0.0057157 secs] [Times: user=0.02 sys=0.01, real=0.01 secs] 
Heap after GC invocations=239 (full 0):
 PSYoungGen      total 127488K, used 320K [0x00000000f8300000, 0x0000000100000000, 0x0000000100000000)
  eden space 126976K, 0% used [0x00000000f8300000,0x00000000f8300000,0x00000000fff00000)
  from space 512K, 62% used [0x00000000fff00000,0x00000000fff50000,0x00000000fff80000)
  to   space 512K, 0% used [0x00000000fff80000,0x00000000fff80000,0x0000000100000000)
 ParOldGen       total 134144K, used 31196K [0x00000000f0000000, 0x00000000f8300000, 0x00000000f8300000)
  object space 134144K, 23% used [0x00000000f0000000,0x00000000f1e77228,0x00000000f8300000)
 Metaspace       used 52770K, capacity 55892K, committed 55936K, reserved 1097728K
  class space    used 6448K, capacity 6998K, committed 7040K, reserved 1048576K
}
{Heap before GC invocations=240 (full 0):
 PSYoungGen      total 127488K, used 127296K [0x00000000f8300000, 0x0000000100000000, 0x0000000100000000)
  eden space 126976K, 100% used [0x00000000f8300000,0x00000000fff00000,0x00000000fff00000)
  from space 512K, 62% used [0x00000000fff00000,0x00000000fff50000,0x00000000fff80000)
  to   space 512K, 0% used [0x00000000fff80000,0x00000000fff80000,0x0000000100000000)
 ParOldGen       total 134144K, used 31196K [0x00000000f0000000, 0x00000000f8300000, 0x00000000f8300000)
  object space 134144K, 23% used [0x00000000f0000000,0x00000000f1e77228,0x00000000f8300000)
 Metaspace       used 52770K, capacity 55892K, committed 55936K, reserved 1097728K
  class space    used 6448K, capacity 6998K, committed 7040K, reserved 1048576K
2023-10-03T01:12:24.619+0800: 344.324: [GC (Allocation Failure) [PSYoungGen: 127296K->512K(127488K)] 158492K->31876K(261632K), 0.0053056 secs] [Times: user=0.02 sys=0.00, real=0.01 secs] 
Heap after GC invocations=240 (full 0):
 PSYoungGen      total 127488K, used 512K [0x00000000f8300000, 0x0000000100000000, 0x0000000100000000)
  eden space 126976K, 0% used [0x00000000f8300000,0x00000000f8300000,0x00000000fff00000)
  from space 512K, 100% used [0x00000000fff80000,0x0000000100000000,0x0000000100000000)
  to   space 512K, 0% used [0x00000000fff00000,0x00000000fff00000,0x00000000fff80000)
 ParOldGen       total 134144K, used 31364K [0x00000000f0000000, 0x00000000f8300000, 0x00000000f8300000)
  object space 134144K, 23% used [0x00000000f0000000,0x00000000f1ea1298,0x00000000f8300000)
 Metaspace       used 52770K, capacity 55892K, committed 55936K, reserved 1097728K
  class space    used 6448K, capacity 6998K, committed 7040K, reserved 1048576K
}
{Heap before GC invocations=241 (full 0):
 PSYoungGen      total 127488K, used 127488K [0x00000000f8300000, 0x0000000100000000, 0x0000000100000000)
  eden space 126976K, 100% used [0x00000000f8300000,0x00000000fff00000,0x00000000fff00000)
  from space 512K, 100% used [0x00000000fff80000,0x0000000100000000,0x0000000100000000)
  to   space 512K, 0% used [0x00000000fff00000,0x00000000fff00000,0x00000000fff80000)
 ParOldGen       total 134144K, used 31364K [0x00000000f0000000, 0x00000000f8300000, 0x00000000f8300000)
  object space 134144K, 23% used [0x00000000f0000000,0x00000000f1ea1298,0x00000000f8300000)
 Metaspace       used 52770K, capacity 55892K, committed 55936K, reserved 1097728K
  class space    used 6448K, capacity 6998K, committed 7040K, reserved 1048576K
2023-10-03T01:12:25.282+0800: 344.987: [GC (Allocation Failure) [PSYoungGen: 127488K->496K(127488K)] 158852K->32287K(261632K), 0.0059021 secs] [Times: user=0.03 sys=0.00, real=0.00 secs] 
Heap after GC invocations=241 (full 0):
 PSYoungGen      total 127488K, used 496K [0x00000000f8300000, 0x0000000100000000, 0x0000000100000000)
  eden space 126976K, 0% used [0x00000000f8300000,0x00000000f8300000,0x00000000fff00000)
  from space 512K, 96% used [0x00000000fff00000,0x00000000fff7c030,0x00000000fff80000)
  to   space 512K, 0% used [0x00000000fff80000,0x00000000fff80000,0x0000000100000000)
 ParOldGen       total 134144K, used 31791K [0x00000000f0000000, 0x00000000f8300000, 0x00000000f8300000)
  object space 134144K, 23% used [0x00000000f0000000,0x00000000f1f0be88,0x00000000f8300000)
 Metaspace       used 52770K, capacity 55892K, committed 55936K, reserved 1097728K
  class space    used 6448K, capacity 6998K, committed 7040K, reserved 1048576K
}
{Heap before GC invocations=242 (full 0):
 PSYoungGen      total 127488K, used 127472K [0x00000000f8300000, 0x0000000100000000, 0x0000000100000000)
  eden space 126976K, 100% used [0x00000000f8300000,0x00000000fff00000,0x00000000fff00000)
  from space 512K, 96% used [0x00000000fff00000,0x00000000fff7c030,0x00000000fff80000)
  to   space 512K, 0% used [0x00000000fff80000,0x00000000fff80000,0x0000000100000000)
 ParOldGen       total 134144K, used 31791K [0x00000000f0000000, 0x00000000f8300000, 0x00000000f8300000)
  object space 134144K, 23% used [0x00000000f0000000,0x00000000f1f0be88,0x00000000f8300000)
 Metaspace       used 52770K, capacity 55892K, committed 55936K, reserved 1097728K
  class space    used 6448K, capacity 6998K, committed 7040K, reserved 1048576K
2023-10-03T01:12:25.941+0800: 345.646: [GC (Allocation Failure) [PSYoungGen: 127472K->352K(126464K)] 159263K->32411K(260608K), 0.0060722 secs] [Times: user=0.03 sys=0.00, real=0.01 secs] 
Heap after GC invocations=242 (full 0):
 PSYoungGen      total 126464K, used 352K [0x00000000f8300000, 0x0000000100000000, 0x0000000100000000)
  eden space 125952K, 0% used [0x00000000f8300000,0x00000000f8300000,0x00000000ffe00000)
  from space 512K, 68% used [0x00000000fff80000,0x00000000fffd8000,0x0000000100000000)
  to   space 1024K, 0% used [0x00000000ffe00000,0x00000000ffe00000,0x00000000fff00000)
 ParOldGen       total 134144K, used 32059K [0x00000000f0000000, 0x00000000f8300000, 0x00000000f8300000)
  object space 134144K, 23% used [0x00000000f0000000,0x00000000f1f4edf8,0x00000000f8300000)
 Metaspace       used 52770K, capacity 55892K, committed 55936K, reserved 1097728K
  class space    used 6448K, capacity 6998K, committed 7040K, reserved 1048576K
}
{Heap before GC invocations=243 (full 0):
 PSYoungGen      total 126464K, used 126304K [0x00000000f8300000, 0x0000000100000000, 0x0000000100000000)
  eden space 125952K, 100% used [0x00000000f8300000,0x00000000ffe00000,0x00000000ffe00000)
  from space 512K, 68% used [0x00000000fff80000,0x00000000fffd8000,0x0000000100000000)
  to   space 1024K, 0% used [0x00000000ffe00000,0x00000000ffe00000,0x00000000fff00000)
 ParOldGen       total 134144K, used 32059K [0x00000000f0000000, 0x00000000f8300000, 0x00000000f8300000)
  object space 134144K, 23% used [0x00000000f0000000,0x00000000f1f4edf8,0x00000000f8300000)
 Metaspace       used 52770K, capacity 55892K, committed 55936K, reserved 1097728K
  class space    used 6448K, capacity 6998K, committed 7040K, reserved 1048576K
2023-10-03T01:12:26.608+0800: 346.312: [GC (Allocation Failure) [PSYoungGen: 126304K->320K(126976K)] 158363K->32443K(261120K), 0.0059998 secs] [Times: user=0.02 sys=0.00, real=0.01 secs] 
Heap after GC invocations=243 (full 0):
 PSYoungGen      total 126976K, used 320K [0x00000000f8300000, 0x0000000100000000, 0x0000000100000000)
  eden space 125952K, 0% used [0x00000000f8300000,0x00000000f8300000,0x00000000ffe00000)
  from space 1024K, 31% used [0x00000000ffe00000,0x00000000ffe50000,0x00000000fff00000)
  to   space 1024K, 0% used [0x00000000fff00000,0x00000000fff00000,0x0000000100000000)
 ParOldGen       total 134144K, used 32123K [0x00000000f0000000, 0x00000000f8300000, 0x00000000f8300000)
  object space 134144K, 23% used [0x00000000f0000000,0x00000000f1f5edf8,0x00000000f8300000)
 Metaspace       used 52770K, capacity 55892K, committed 55936K, reserved 1097728K
  class space    used 6448K, capacity 6998K, committed 7040K, reserved 1048576K
}
{Heap before GC invocations=244 (full 0):
 PSYoungGen      total 126976K, used 126272K [0x00000000f8300000, 0x0000000100000000, 0x0000000100000000)
  eden space 125952K, 100% used [0x00000000f8300000,0x00000000ffe00000,0x00000000ffe00000)
  from space 1024K, 31% used [0x00000000ffe00000,0x00000000ffe50000,0x00000000fff00000)
  to   space 1024K, 0% used [0x00000000fff00000,0x00000000fff00000,0x0000000100000000)
 ParOldGen       total 134144K, used 32123K [0x00000000f0000000, 0x00000000f8300000, 0x00000000f8300000)
  object space 134144K, 23% used [0x00000000f0000000,0x00000000f1f5edf8,0x00000000f8300000)
 Metaspace       used 52770K, capacity 55892K, committed 55936K, reserved 1097728K
  class space    used 6448K, capacity 6998K, committed 7040K, reserved 1048576K
2023-10-03T01:12:27.248+0800: 346.953: [GC (Allocation Failure) [PSYoungGen: 126272K->352K(126976K)] 158395K->32547K(261120K), 0.0061087 secs] [Times: user=0.03 sys=0.01, real=0.01 secs] 
Heap after GC invocations=244 (full 0):
 PSYoungGen      total 126976K, used 352K [0x00000000f8300000, 0x0000000100000000, 0x0000000100000000)
  eden space 125952K, 0% used [0x00000000f8300000,0x00000000f8300000,0x00000000ffe00000)
  from space 1024K, 34% used [0x00000000fff00000,0x00000000fff58000,0x0000000100000000)
  to   space 1024K, 0% used [0x00000000ffe00000,0x00000000ffe00000,0x00000000fff00000)
 ParOldGen       total 134144K, used 32195K [0x00000000f0000000, 0x00000000f8300000, 0x00000000f8300000)
  object space 134144K, 24% used [0x00000000f0000000,0x00000000f1f70df8,0x00000000f8300000)
 Metaspace       used 52770K, capacity 55892K, committed 55936K, reserved 1097728K
  class space    used 6448K, capacity 6998K, committed 7040K, reserved 1048576K
}
{Heap before GC invocations=245 (full 0):
 PSYoungGen      total 126976K, used 126304K [0x00000000f8300000, 0x0000000100000000, 0x0000000100000000)
  eden space 125952K, 100% used [0x00000000f8300000,0x00000000ffe00000,0x00000000ffe00000)
  from space 1024K, 34% used [0x00000000fff00000,0x00000000fff58000,0x0000000100000000)
  to   space 1024K, 0% used [0x00000000ffe00000,0x00000000ffe00000,0x00000000fff00000)
 ParOldGen       total 134144K, used 32195K [0x00000000f0000000, 0x00000000f8300000, 0x00000000f8300000)
  object space 134144K, 24% used [0x00000000f0000000,0x00000000f1f70df8,0x00000000f8300000)
 Metaspace       used 52773K, capacity 55892K, committed 55936K, reserved 1097728K
  class space    used 6448K, capacity 6998K, committed 7040K, reserved 1048576K
2023-10-03T01:12:27.887+0800: 347.591: [GC (Allocation Failure) [PSYoungGen: 126304K->320K(126976K)] 158499K->32555K(261120K), 0.0059684 secs] [Times: user=0.02 sys=0.00, real=0.01 secs] 
Heap after GC invocations=245 (full 0):
 PSYoungGen      total 126976K, used 320K [0x00000000f8300000, 0x0000000100000000, 0x0000000100000000)
  eden space 125952K, 0% used [0x00000000f8300000,0x00000000f8300000,0x00000000ffe00000)
  from space 1024K, 31% used [0x00000000ffe00000,0x00000000ffe50000,0x00000000fff00000)
  to   space 1024K, 0% used [0x00000000fff00000,0x00000000fff00000,0x0000000100000000)
 ParOldGen       total 134144K, used 32235K [0x00000000f0000000, 0x00000000f8300000, 0x00000000f8300000)
  object space 134144K, 24% used [0x00000000f0000000,0x00000000f1f7adf8,0x00000000f8300000)
 Metaspace       used 52773K, capacity 55892K, committed 55936K, reserved 1097728K
  class space    used 6448K, capacity 6998K, committed 7040K, reserved 1048576K
}
{Heap before GC invocations=246 (full 0):
 PSYoungGen      total 126976K, used 126272K [0x00000000f8300000, 0x0000000100000000, 0x0000000100000000)
  eden space 125952K, 100% used [0x00000000f8300000,0x00000000ffe00000,0x00000000ffe00000)
  from space 1024K, 31% used [0x00000000ffe00000,0x00000000ffe50000,0x00000000fff00000)
  to   space 1024K, 0% used [0x00000000fff00000,0x00000000fff00000,0x0000000100000000)
 ParOldGen       total 134144K, used 32235K [0x00000000f0000000, 0x00000000f8300000, 0x00000000f8300000)
  object space 134144K, 24% used [0x00000000f0000000,0x00000000f1f7adf8,0x00000000f8300000)
 Metaspace       used 52773K, capacity 55892K, committed 55936K, reserved 1097728K
  class space    used 6448K, capacity 6998K, committed 7040K, reserved 1048576K
2023-10-03T01:12:28.514+0800: 348.218: [GC (Allocation Failure) [PSYoungGen: 126272K->320K(126976K)] 158507K->32635K(261120K), 0.0059475 secs] [Times: user=0.03 sys=0.00, real=0.00 secs] 
Heap after GC invocations=246 (full 0):
 PSYoungGen      total 126976K, used 320K [0x00000000f8300000, 0x0000000100000000, 0x0000000100000000)
  eden space 125952K, 0% used [0x00000000f8300000,0x00000000f8300000,0x00000000ffe00000)
  from space 1024K, 31% used [0x00000000fff00000,0x00000000fff50000,0x0000000100000000)
  to   space 1024K, 0% used [0x00000000ffe00000,0x00000000ffe00000,0x00000000fff00000)
 ParOldGen       total 134144K, used 32315K [0x00000000f0000000, 0x00000000f8300000, 0x00000000f8300000)
  object space 134144K, 24% used [0x00000000f0000000,0x00000000f1f8edf8,0x00000000f8300000)
 Metaspace       used 52773K, capacity 55892K, committed 55936K, reserved 1097728K
  class space    used 6448K, capacity 6998K, committed 7040K, reserved 1048576K
}
{Heap before GC invocations=247 (full 0):
 PSYoungGen      total 126976K, used 126272K [0x00000000f8300000, 0x0000000100000000, 0x0000000100000000)
  eden space 125952K, 100% used [0x00000000f8300000,0x00000000ffe00000,0x00000000ffe00000)
  from space 1024K, 31% used [0x00000000fff00000,0x00000000fff50000,0x0000000100000000)
  to   space 1024K, 0% used [0x00000000ffe00000,0x00000000ffe00000,0x00000000fff00000)
 ParOldGen       total 134144K, used 32315K [0x00000000f0000000, 0x00000000f8300000, 0x00000000f8300000)
  object space 134144K, 24% used [0x00000000f0000000,0x00000000f1f8edf8,0x00000000f8300000)
 Metaspace       used 52773K, capacity 55892K, committed 55936K, reserved 1097728K
  class space    used 6448K, capacity 6998K, committed 7040K, reserved 1048576K
2023-10-03T01:12:29.168+0800: 348.872: [GC (Allocation Failure) [PSYoungGen: 126272K->320K(126976K)] 158587K->32699K(261120K), 0.0060026 secs] [Times: user=0.03 sys=0.00, real=0.01 secs] 
Heap after GC invocations=247 (full 0):
 PSYoungGen      total 126976K, used 320K [0x00000000f8300000, 0x0000000100000000, 0x0000000100000000)
  eden space 125952K, 0% used [0x00000000f8300000,0x00000000f8300000,0x00000000ffe00000)
  from space 1024K, 31% used [0x00000000ffe00000,0x00000000ffe50000,0x00000000fff00000)
  to   space 1024K, 0% used [0x00000000fff00000,0x00000000fff00000,0x0000000100000000)
 ParOldGen       total 134144K, used 32379K [0x00000000f0000000, 0x00000000f8300000, 0x00000000f8300000)
  object space 134144K, 24% used [0x00000000f0000000,0x00000000f1f9edf8,0x00000000f8300000)
 Metaspace       used 52773K, capacity 55892K, committed 55936K, reserved 1097728K
  class space    used 6448K, capacity 6998K, committed 7040K, reserved 1048576K
}
{Heap before GC invocations=248 (full 0):
 PSYoungGen      total 126976K, used 126272K [0x00000000f8300000, 0x0000000100000000, 0x0000000100000000)
  eden space 125952K, 100% used [0x00000000f8300000,0x00000000ffe00000,0x00000000ffe00000)
  from space 1024K, 31% used [0x00000000ffe00000,0x00000000ffe50000,0x00000000fff00000)
  to   space 1024K, 0% used [0x00000000fff00000,0x00000000fff00000,0x0000000100000000)
 ParOldGen       total 134144K, used 32379K [0x00000000f0000000, 0x00000000f8300000, 0x00000000f8300000)
  object space 134144K, 24% used [0x00000000f0000000,0x00000000f1f9edf8,0x00000000f8300000)
 Metaspace       used 52773K, capacity 55892K, committed 55936K, reserved 1097728K
  class space    used 6448K, capacity 6998K, committed 7040K, reserved 1048576K
2023-10-03T01:12:29.819+0800: 349.524: [GC (Allocation Failure) [PSYoungGen: 126272K->320K(126976K)] 158651K->32763K(261120K), 0.0071803 secs] [Times: user=0.03 sys=0.00, real=0.01 secs] 
Heap after GC invocations=248 (full 0):
 PSYoungGen      total 126976K, used 320K [0x00000000f8300000, 0x0000000100000000, 0x0000000100000000)
  eden space 125952K, 0% used [0x00000000f8300000,0x00000000f8300000,0x00000000ffe00000)
  from space 1024K, 31% used [0x00000000fff00000,0x00000000fff50000,0x0000000100000000)
  to   space 1024K, 0% used [0x00000000ffe00000,0x00000000ffe00000,0x00000000fff00000)
 ParOldGen       total 134144K, used 32443K [0x00000000f0000000, 0x00000000f8300000, 0x00000000f8300000)
  object space 134144K, 24% used [0x00000000f0000000,0x00000000f1faedf8,0x00000000f8300000)
 Metaspace       used 52773K, capacity 55892K, committed 55936K, reserved 1097728K
  class space    used 6448K, capacity 6998K, committed 7040K, reserved 1048576K
}
{Heap before GC invocations=249 (full 0):
 PSYoungGen      total 126976K, used 126272K [0x00000000f8300000, 0x0000000100000000, 0x0000000100000000)
  eden space 125952K, 100% used [0x00000000f8300000,0x00000000ffe00000,0x00000000ffe00000)
  from space 1024K, 31% used [0x00000000fff00000,0x00000000fff50000,0x0000000100000000)
  to   space 1024K, 0% used [0x00000000ffe00000,0x00000000ffe00000,0x00000000fff00000)
 ParOldGen       total 134144K, used 32443K [0x00000000f0000000, 0x00000000f8300000, 0x00000000f8300000)
  object space 134144K, 24% used [0x00000000f0000000,0x00000000f1faedf8,0x00000000f8300000)
 Metaspace       used 52773K, capacity 55892K, committed 55936K, reserved 1097728K
  class space    used 6448K, capacity 6998K, committed 7040K, reserved 1048576K
2023-10-03T01:12:30.419+0800: 350.124: [GC (Allocation Failure) [PSYoungGen: 126272K->320K(126976K)] 158715K->32819K(261120K), 0.0069012 secs] [Times: user=0.03 sys=0.00, real=0.01 secs] 
Heap after GC invocations=249 (full 0):
 PSYoungGen      total 126976K, used 320K [0x00000000f8300000, 0x0000000100000000, 0x0000000100000000)
  eden space 125952K, 0% used [0x00000000f8300000,0x00000000f8300000,0x00000000ffe00000)
  from space 1024K, 31% used [0x00000000ffe00000,0x00000000ffe50000,0x00000000fff00000)
  to   space 1024K, 0% used [0x00000000fff00000,0x00000000fff00000,0x0000000100000000)
 ParOldGen       total 134144K, used 32499K [0x00000000f0000000, 0x00000000f8300000, 0x00000000f8300000)
  object space 134144K, 24% used [0x00000000f0000000,0x00000000f1fbcdf8,0x00000000f8300000)
 Metaspace       used 52773K, capacity 55892K, committed 55936K, reserved 1097728K
  class space    used 6448K, capacity 6998K, committed 7040K, reserved 1048576K
}
{Heap before GC invocations=250 (full 0):
 PSYoungGen      total 126976K, used 126272K [0x00000000f8300000, 0x0000000100000000, 0x0000000100000000)
  eden space 125952K, 100% used [0x00000000f8300000,0x00000000ffe00000,0x00000000ffe00000)
  from space 1024K, 31% used [0x00000000ffe00000,0x00000000ffe50000,0x00000000fff00000)
  to   space 1024K, 0% used [0x00000000fff00000,0x00000000fff00000,0x0000000100000000)
 ParOldGen       total 134144K, used 32499K [0x00000000f0000000, 0x00000000f8300000, 0x00000000f8300000)
  object space 134144K, 24% used [0x00000000f0000000,0x00000000f1fbcdf8,0x00000000f8300000)
 Metaspace       used 52773K, capacity 55892K, committed 55936K, reserved 1097728K
  class space    used 6448K, capacity 6998K, committed 7040K, reserved 1048576K
2023-10-03T01:12:31.053+0800: 350.758: [GC (Allocation Failure) [PSYoungGen: 126272K->352K(126976K)] 158771K->32915K(261120K), 0.0060035 secs] [Times: user=0.03 sys=0.00, real=0.00 secs] 
Heap after GC invocations=250 (full 0):
 PSYoungGen      total 126976K, used 352K [0x00000000f8300000, 0x0000000100000000, 0x0000000100000000)
  eden space 125952K, 0% used [0x00000000f8300000,0x00000000f8300000,0x00000000ffe00000)
  from space 1024K, 34% used [0x00000000fff00000,0x00000000fff58000,0x0000000100000000)
  to   space 1024K, 0% used [0x00000000ffe00000,0x00000000ffe00000,0x00000000fff00000)
 ParOldGen       total 134144K, used 32563K [0x00000000f0000000, 0x00000000f8300000, 0x00000000f8300000)
  object space 134144K, 24% used [0x00000000f0000000,0x00000000f1fccdf8,0x00000000f8300000)
 Metaspace       used 52773K, capacity 55892K, committed 55936K, reserved 1097728K
  class space    used 6448K, capacity 6998K, committed 7040K, reserved 1048576K
}
{Heap before GC invocations=251 (full 0):
 PSYoungGen      total 126976K, used 126304K [0x00000000f8300000, 0x0000000100000000, 0x0000000100000000)
  eden space 125952K, 100% used [0x00000000f8300000,0x00000000ffe00000,0x00000000ffe00000)
  from space 1024K, 34% used [0x00000000fff00000,0x00000000fff58000,0x0000000100000000)
  to   space 1024K, 0% used [0x00000000ffe00000,0x00000000ffe00000,0x00000000fff00000)
 ParOldGen       total 134144K, used 32563K [0x00000000f0000000, 0x00000000f8300000, 0x00000000f8300000)
  object space 134144K, 24% used [0x00000000f0000000,0x00000000f1fccdf8,0x00000000f8300000)
 Metaspace       used 52773K, capacity 55892K, committed 55936K, reserved 1097728K
  class space    used 6448K, capacity 6998K, committed 7040K, reserved 1048576K
2023-10-03T01:12:31.687+0800: 351.391: [GC (Allocation Failure) [PSYoungGen: 126304K->320K(126976K)] 158867K->32963K(261120K), 0.0058747 secs] [Times: user=0.03 sys=0.00, real=0.01 secs] 
Heap after GC invocations=251 (full 0):
 PSYoungGen      total 126976K, used 320K [0x00000000f8300000, 0x0000000100000000, 0x0000000100000000)
  eden space 125952K, 0% used [0x00000000f8300000,0x00000000f8300000,0x00000000ffe00000)
  from space 1024K, 31% used [0x00000000ffe00000,0x00000000ffe50000,0x00000000fff00000)
  to   space 1024K, 0% used [0x00000000fff00000,0x00000000fff00000,0x0000000100000000)
 ParOldGen       total 134144K, used 32643K [0x00000000f0000000, 0x00000000f8300000, 0x00000000f8300000)
  object space 134144K, 24% used [0x00000000f0000000,0x00000000f1fe0df8,0x00000000f8300000)
 Metaspace       used 52773K, capacity 55892K, committed 55936K, reserved 1097728K
  class space    used 6448K, capacity 6998K, committed 7040K, reserved 1048576K
}
{Heap before GC invocations=252 (full 0):
 PSYoungGen      total 126976K, used 126272K [0x00000000f8300000, 0x0000000100000000, 0x0000000100000000)
  eden space 125952K, 100% used [0x00000000f8300000,0x00000000ffe00000,0x00000000ffe00000)
  from space 1024K, 31% used [0x00000000ffe00000,0x00000000ffe50000,0x00000000fff00000)
  to   space 1024K, 0% used [0x00000000fff00000,0x00000000fff00000,0x0000000100000000)
 ParOldGen       total 134144K, used 32643K [0x00000000f0000000, 0x00000000f8300000, 0x00000000f8300000)
  object space 134144K, 24% used [0x00000000f0000000,0x00000000f1fe0df8,0x00000000f8300000)
 Metaspace       used 52773K, capacity 55892K, committed 55936K, reserved 1097728K
  class space    used 6448K, capacity 6998K, committed 7040K, reserved 1048576K
2023-10-03T01:12:32.334+0800: 352.039: [GC (Allocation Failure) [PSYoungGen: 126272K->352K(126976K)] 158915K->33043K(261120K), 0.0061897 secs] [Times: user=0.03 sys=0.00, real=0.00 secs] 
Heap after GC invocations=252 (full 0):
 PSYoungGen      total 126976K, used 352K [0x00000000f8300000, 0x0000000100000000, 0x0000000100000000)
  eden space 125952K, 0% used [0x00000000f8300000,0x00000000f8300000,0x00000000ffe00000)
  from space 1024K, 34% used [0x00000000fff00000,0x00000000fff58000,0x0000000100000000)
  to   space 1024K, 0% used [0x00000000ffe00000,0x00000000ffe00000,0x00000000fff00000)
 ParOldGen       total 134144K, used 32691K [0x00000000f0000000, 0x00000000f8300000, 0x00000000f8300000)
  object space 134144K, 24% used [0x00000000f0000000,0x00000000f1fecdf8,0x00000000f8300000)
 Metaspace       used 52773K, capacity 55892K, committed 55936K, reserved 1097728K
  class space    used 6448K, capacity 6998K, committed 7040K, reserved 1048576K
}
{Heap before GC invocations=253 (full 0):
 PSYoungGen      total 126976K, used 126304K [0x00000000f8300000, 0x0000000100000000, 0x0000000100000000)
  eden space 125952K, 100% used [0x00000000f8300000,0x00000000ffe00000,0x00000000ffe00000)
  from space 1024K, 34% used [0x00000000fff00000,0x00000000fff58000,0x0000000100000000)
  to   space 1024K, 0% used [0x00000000ffe00000,0x00000000ffe00000,0x00000000fff00000)
 ParOldGen       total 134144K, used 32691K [0x00000000f0000000, 0x00000000f8300000, 0x00000000f8300000)
  object space 134144K, 24% used [0x00000000f0000000,0x00000000f1fecdf8,0x00000000f8300000)
 Metaspace       used 52774K, capacity 55892K, committed 55936K, reserved 1097728K
  class space    used 6448K, capacity 6998K, committed 7040K, reserved 1048576K
2023-10-03T01:12:32.980+0800: 352.684: [GC (Allocation Failure) [PSYoungGen: 126304K->320K(126976K)] 158995K->33091K(261120K), 0.0066796 secs] [Times: user=0.03 sys=0.00, real=0.01 secs] 
Heap after GC invocations=253 (full 0):
 PSYoungGen      total 126976K, used 320K [0x00000000f8300000, 0x0000000100000000, 0x0000000100000000)
  eden space 125952K, 0% used [0x00000000f8300000,0x00000000f8300000,0x00000000ffe00000)
  from space 1024K, 31% used [0x00000000ffe00000,0x00000000ffe50000,0x00000000fff00000)
  to   space 512K, 0% used [0x00000000fff80000,0x00000000fff80000,0x0000000100000000)
 ParOldGen       total 134144K, used 32771K [0x00000000f0000000, 0x00000000f8300000, 0x00000000f8300000)
  object space 134144K, 24% used [0x00000000f0000000,0x00000000f2000df8,0x00000000f8300000)
 Metaspace       used 52774K, capacity 55892K, committed 55936K, reserved 1097728K
  class space    used 6448K, capacity 6998K, committed 7040K, reserved 1048576K
}
{Heap before GC invocations=254 (full 0):
 PSYoungGen      total 126976K, used 126272K [0x00000000f8300000, 0x0000000100000000, 0x0000000100000000)
  eden space 125952K, 100% used [0x00000000f8300000,0x00000000ffe00000,0x00000000ffe00000)
  from space 1024K, 31% used [0x00000000ffe00000,0x00000000ffe50000,0x00000000fff00000)
  to   space 512K, 0% used [0x00000000fff80000,0x00000000fff80000,0x0000000100000000)
 ParOldGen       total 134144K, used 32771K [0x00000000f0000000, 0x00000000f8300000, 0x00000000f8300000)
  object space 134144K, 24% used [0x00000000f0000000,0x00000000f2000df8,0x00000000f8300000)
 Metaspace       used 52774K, capacity 55892K, committed 55936K, reserved 1097728K
  class space    used 6448K, capacity 6998K, committed 7040K, reserved 1048576K
2023-10-03T01:12:33.621+0800: 353.325: [GC (Allocation Failure) [PSYoungGen: 126272K->320K(127488K)] 159043K->33163K(261632K), 0.0070019 secs] [Times: user=0.02 sys=0.02, real=0.01 secs] 
Heap after GC invocations=254 (full 0):
 PSYoungGen      total 127488K, used 320K [0x00000000f8300000, 0x0000000100000000, 0x0000000100000000)
  eden space 126976K, 0% used [0x00000000f8300000,0x00000000f8300000,0x00000000fff00000)
  from space 512K, 62% used [0x00000000fff80000,0x00000000fffd0000,0x0000000100000000)
  to   space 512K, 0% used [0x00000000fff00000,0x00000000fff00000,0x00000000fff80000)
 ParOldGen       total 134144K, used 32843K [0x00000000f0000000, 0x00000000f8300000, 0x00000000f8300000)
  object space 134144K, 24% used [0x00000000f0000000,0x00000000f2012df8,0x00000000f8300000)
 Metaspace       used 52774K, capacity 55892K, committed 55936K, reserved 1097728K
  class space    used 6448K, capacity 6998K, committed 7040K, reserved 1048576K
}
{Heap before GC invocations=255 (full 0):
 PSYoungGen      total 127488K, used 127296K [0x00000000f8300000, 0x0000000100000000, 0x0000000100000000)
  eden space 126976K, 100% used [0x00000000f8300000,0x00000000fff00000,0x00000000fff00000)
  from space 512K, 62% used [0x00000000fff80000,0x00000000fffd0000,0x0000000100000000)
  to   space 512K, 0% used [0x00000000fff00000,0x00000000fff00000,0x00000000fff80000)
 ParOldGen       total 134144K, used 32843K [0x00000000f0000000, 0x00000000f8300000, 0x00000000f8300000)
  object space 134144K, 24% used [0x00000000f0000000,0x00000000f2012df8,0x00000000f8300000)
 Metaspace       used 52774K, capacity 55892K, committed 55936K, reserved 1097728K
  class space    used 6448K, capacity 6998K, committed 7040K, reserved 1048576K
2023-10-03T01:12:34.266+0800: 353.971: [GC (Allocation Failure) [PSYoungGen: 127296K->320K(127488K)] 160139K->33235K(261632K), 0.0058944 secs] [Times: user=0.02 sys=0.00, real=0.01 secs] 
Heap after GC invocations=255 (full 0):
 PSYoungGen      total 127488K, used 320K [0x00000000f8300000, 0x0000000100000000, 0x0000000100000000)
  eden space 126976K, 0% used [0x00000000f8300000,0x00000000f8300000,0x00000000fff00000)
  from space 512K, 62% used [0x00000000fff00000,0x00000000fff50000,0x00000000fff80000)
  to   space 512K, 0% used [0x00000000fff80000,0x00000000fff80000,0x0000000100000000)
 ParOldGen       total 134144K, used 32915K [0x00000000f0000000, 0x00000000f8300000, 0x00000000f8300000)
  object space 134144K, 24% used [0x00000000f0000000,0x00000000f2024df8,0x00000000f8300000)
 Metaspace       used 52774K, capacity 55892K, committed 55936K, reserved 1097728K
  class space    used 6448K, capacity 6998K, committed 7040K, reserved 1048576K
}
{Heap before GC invocations=256 (full 0):
 PSYoungGen      total 127488K, used 127296K [0x00000000f8300000, 0x0000000100000000, 0x0000000100000000)
  eden space 126976K, 100% used [0x00000000f8300000,0x00000000fff00000,0x00000000fff00000)
  from space 512K, 62% used [0x00000000fff00000,0x00000000fff50000,0x00000000fff80000)
  to   space 512K, 0% used [0x00000000fff80000,0x00000000fff80000,0x0000000100000000)
 ParOldGen       total 134144K, used 32915K [0x00000000f0000000, 0x00000000f8300000, 0x00000000f8300000)
  object space 134144K, 24% used [0x00000000f0000000,0x00000000f2024df8,0x00000000f8300000)
 Metaspace       used 52774K, capacity 55892K, committed 55936K, reserved 1097728K
  class space    used 6448K, capacity 6998K, committed 7040K, reserved 1048576K
2023-10-03T01:12:34.930+0800: 354.635: [GC (Allocation Failure) [PSYoungGen: 127296K->320K(127488K)] 160211K->33283K(261632K), 0.0059659 secs] [Times: user=0.03 sys=0.00, real=0.01 secs] 
Heap after GC invocations=256 (full 0):
 PSYoungGen      total 127488K, used 320K [0x00000000f8300000, 0x0000000100000000, 0x0000000100000000)
  eden space 126976K, 0% used [0x00000000f8300000,0x00000000f8300000,0x00000000fff00000)
  from space 512K, 62% used [0x00000000fff80000,0x00000000fffd0000,0x0000000100000000)
  to   space 512K, 0% used [0x00000000fff00000,0x00000000fff00000,0x00000000fff80000)
 ParOldGen       total 134144K, used 32963K [0x00000000f0000000, 0x00000000f8300000, 0x00000000f8300000)
  object space 134144K, 24% used [0x00000000f0000000,0x00000000f2030df8,0x00000000f8300000)
 Metaspace       used 52774K, capacity 55892K, committed 55936K, reserved 1097728K
  class space    used 6448K, capacity 6998K, committed 7040K, reserved 1048576K
}
{Heap before GC invocations=257 (full 0):
 PSYoungGen      total 127488K, used 127296K [0x00000000f8300000, 0x0000000100000000, 0x0000000100000000)
  eden space 126976K, 100% used [0x00000000f8300000,0x00000000fff00000,0x00000000fff00000)
  from space 512K, 62% used [0x00000000fff80000,0x00000000fffd0000,0x0000000100000000)
  to   space 512K, 0% used [0x00000000fff00000,0x00000000fff00000,0x00000000fff80000)
 ParOldGen       total 134144K, used 32963K [0x00000000f0000000, 0x00000000f8300000, 0x00000000f8300000)
  object space 134144K, 24% used [0x00000000f0000000,0x00000000f2030df8,0x00000000f8300000)
 Metaspace       used 52774K, capacity 55892K, committed 55936K, reserved 1097728K
  class space    used 6448K, capacity 6998K, committed 7040K, reserved 1048576K
2023-10-03T01:12:35.567+0800: 355.271: [GC (Allocation Failure) [PSYoungGen: 127296K->320K(127488K)] 160259K->33363K(261632K), 0.0065831 secs] [Times: user=0.03 sys=0.00, real=0.01 secs] 
Heap after GC invocations=257 (full 0):
 PSYoungGen      total 127488K, used 320K [0x00000000f8300000, 0x0000000100000000, 0x0000000100000000)
  eden space 126976K, 0% used [0x00000000f8300000,0x00000000f8300000,0x00000000fff00000)
  from space 512K, 62% used [0x00000000fff00000,0x00000000fff50000,0x00000000fff80000)
  to   space 512K, 0% used [0x00000000fff80000,0x00000000fff80000,0x0000000100000000)
 ParOldGen       total 134144K, used 33043K [0x00000000f0000000, 0x00000000f8300000, 0x00000000f8300000)
  object space 134144K, 24% used [0x00000000f0000000,0x00000000f2044df8,0x00000000f8300000)
 Metaspace       used 52774K, capacity 55892K, committed 55936K, reserved 1097728K
  class space    used 6448K, capacity 6998K, committed 7040K, reserved 1048576K
}
{Heap before GC invocations=258 (full 0):
 PSYoungGen      total 127488K, used 127296K [0x00000000f8300000, 0x0000000100000000, 0x0000000100000000)
  eden space 126976K, 100% used [0x00000000f8300000,0x00000000fff00000,0x00000000fff00000)
  from space 512K, 62% used [0x00000000fff00000,0x00000000fff50000,0x00000000fff80000)
  to   space 512K, 0% used [0x00000000fff80000,0x00000000fff80000,0x0000000100000000)
 ParOldGen       total 134144K, used 33043K [0x00000000f0000000, 0x00000000f8300000, 0x00000000f8300000)
  object space 134144K, 24% used [0x00000000f0000000,0x00000000f2044df8,0x00000000f8300000)
 Metaspace       used 52775K, capacity 55892K, committed 55936K, reserved 1097728K
  class space    used 6448K, capacity 6998K, committed 7040K, reserved 1048576K
2023-10-03T01:12:36.214+0800: 355.919: [GC (Allocation Failure) [PSYoungGen: 127296K->320K(127488K)] 160339K->33435K(261632K), 0.0059005 secs] [Times: user=0.02 sys=0.00, real=0.00 secs] 
Heap after GC invocations=258 (full 0):
 PSYoungGen      total 127488K, used 320K [0x00000000f8300000, 0x0000000100000000, 0x0000000100000000)
  eden space 126976K, 0% used [0x00000000f8300000,0x00000000f8300000,0x00000000fff00000)
  from space 512K, 62% used [0x00000000fff80000,0x00000000fffd0000,0x0000000100000000)
  to   space 512K, 0% used [0x00000000fff00000,0x00000000fff00000,0x00000000fff80000)
 ParOldGen       total 134144K, used 33115K [0x00000000f0000000, 0x00000000f8300000, 0x00000000f8300000)
  object space 134144K, 24% used [0x00000000f0000000,0x00000000f2056df8,0x00000000f8300000)
 Metaspace       used 52775K, capacity 55892K, committed 55936K, reserved 1097728K
  class space    used 6448K, capacity 6998K, committed 7040K, reserved 1048576K
}
{Heap before GC invocations=259 (full 0):
 PSYoungGen      total 127488K, used 127296K [0x00000000f8300000, 0x0000000100000000, 0x0000000100000000)
  eden space 126976K, 100% used [0x00000000f8300000,0x00000000fff00000,0x00000000fff00000)
  from space 512K, 62% used [0x00000000fff80000,0x00000000fffd0000,0x0000000100000000)
  to   space 512K, 0% used [0x00000000fff00000,0x00000000fff00000,0x00000000fff80000)
 ParOldGen       total 134144K, used 33115K [0x00000000f0000000, 0x00000000f8300000, 0x00000000f8300000)
  object space 134144K, 24% used [0x00000000f0000000,0x00000000f2056df8,0x00000000f8300000)
 Metaspace       used 52775K, capacity 55892K, committed 55936K, reserved 1097728K
  class space    used 6448K, capacity 6998K, committed 7040K, reserved 1048576K
2023-10-03T01:12:36.863+0800: 356.568: [GC (Allocation Failure) [PSYoungGen: 127296K->320K(127488K)] 160411K->33515K(261632K), 0.0061240 secs] [Times: user=0.03 sys=0.00, real=0.00 secs] 
Heap after GC invocations=259 (full 0):
 PSYoungGen      total 127488K, used 320K [0x00000000f8300000, 0x0000000100000000, 0x0000000100000000)
  eden space 126976K, 0% used [0x00000000f8300000,0x00000000f8300000,0x00000000fff00000)
  from space 512K, 62% used [0x00000000fff00000,0x00000000fff50000,0x00000000fff80000)
  to   space 512K, 0% used [0x00000000fff80000,0x00000000fff80000,0x0000000100000000)
 ParOldGen       total 134144K, used 33195K [0x00000000f0000000, 0x00000000f8300000, 0x00000000f8300000)
  object space 134144K, 24% used [0x00000000f0000000,0x00000000f206adf8,0x00000000f8300000)
 Metaspace       used 52775K, capacity 55892K, committed 55936K, reserved 1097728K
  class space    used 6448K, capacity 6998K, committed 7040K, reserved 1048576K
}
{Heap before GC invocations=260 (full 0):
 PSYoungGen      total 127488K, used 127296K [0x00000000f8300000, 0x0000000100000000, 0x0000000100000000)
  eden space 126976K, 100% used [0x00000000f8300000,0x00000000fff00000,0x00000000fff00000)
  from space 512K, 62% used [0x00000000fff00000,0x00000000fff50000,0x00000000fff80000)
  to   space 512K, 0% used [0x00000000fff80000,0x00000000fff80000,0x0000000100000000)
 ParOldGen       total 134144K, used 33195K [0x00000000f0000000, 0x00000000f8300000, 0x00000000f8300000)
  object space 134144K, 24% used [0x00000000f0000000,0x00000000f206adf8,0x00000000f8300000)
 Metaspace       used 52778K, capacity 55892K, committed 55936K, reserved 1097728K
  class space    used 6448K, capacity 6998K, committed 7040K, reserved 1048576K
2023-10-03T01:12:37.516+0800: 357.220: [GC (Allocation Failure) [PSYoungGen: 127296K->320K(127488K)] 160491K->33595K(261632K), 0.0058717 secs] [Times: user=0.03 sys=0.00, real=0.01 secs] 
Heap after GC invocations=260 (full 0):
 PSYoungGen      total 127488K, used 320K [0x00000000f8300000, 0x0000000100000000, 0x0000000100000000)
  eden space 126976K, 0% used [0x00000000f8300000,0x00000000f8300000,0x00000000fff00000)
  from space 512K, 62% used [0x00000000fff80000,0x00000000fffd0000,0x0000000100000000)
  to   space 512K, 0% used [0x00000000fff00000,0x00000000fff00000,0x00000000fff80000)
 ParOldGen       total 134144K, used 33275K [0x00000000f0000000, 0x00000000f8300000, 0x00000000f8300000)
  object space 134144K, 24% used [0x00000000f0000000,0x00000000f207edf8,0x00000000f8300000)
 Metaspace       used 52778K, capacity 55892K, committed 55936K, reserved 1097728K
  class space    used 6448K, capacity 6998K, committed 7040K, reserved 1048576K
}
{Heap before GC invocations=261 (full 0):
 PSYoungGen      total 127488K, used 127296K [0x00000000f8300000, 0x0000000100000000, 0x0000000100000000)
  eden space 126976K, 100% used [0x00000000f8300000,0x00000000fff00000,0x00000000fff00000)
  from space 512K, 62% used [0x00000000fff80000,0x00000000fffd0000,0x0000000100000000)
  to   space 512K, 0% used [0x00000000fff00000,0x00000000fff00000,0x00000000fff80000)
 ParOldGen       total 134144K, used 33275K [0x00000000f0000000, 0x00000000f8300000, 0x00000000f8300000)
  object space 134144K, 24% used [0x00000000f0000000,0x00000000f207edf8,0x00000000f8300000)
 Metaspace       used 52784K, capacity 55892K, committed 55936K, reserved 1097728K
  class space    used 6448K, capacity 6998K, committed 7040K, reserved 1048576K
2023-10-03T01:12:38.167+0800: 357.872: [GC (Allocation Failure) [PSYoungGen: 127296K->320K(127488K)] 160571K->33675K(261632K), 0.0061670 secs] [Times: user=0.02 sys=0.00, real=0.01 secs] 
Heap after GC invocations=261 (full 0):
 PSYoungGen      total 127488K, used 320K [0x00000000f8300000, 0x0000000100000000, 0x0000000100000000)
  eden space 126976K, 0% used [0x00000000f8300000,0x00000000f8300000,0x00000000fff00000)
  from space 512K, 62% used [0x00000000fff00000,0x00000000fff50000,0x00000000fff80000)
  to   space 512K, 0% used [0x00000000fff80000,0x00000000fff80000,0x0000000100000000)
 ParOldGen       total 134144K, used 33355K [0x00000000f0000000, 0x00000000f8300000, 0x00000000f8300000)
  object space 134144K, 24% used [0x00000000f0000000,0x00000000f2092df8,0x00000000f8300000)
 Metaspace       used 52784K, capacity 55892K, committed 55936K, reserved 1097728K
  class space    used 6448K, capacity 6998K, committed 7040K, reserved 1048576K
}
{Heap before GC invocations=262 (full 0):
 PSYoungGen      total 127488K, used 127296K [0x00000000f8300000, 0x0000000100000000, 0x0000000100000000)
  eden space 126976K, 100% used [0x00000000f8300000,0x00000000fff00000,0x00000000fff00000)
  from space 512K, 62% used [0x00000000fff00000,0x00000000fff50000,0x00000000fff80000)
  to   space 512K, 0% used [0x00000000fff80000,0x00000000fff80000,0x0000000100000000)
 ParOldGen       total 134144K, used 33355K [0x00000000f0000000, 0x00000000f8300000, 0x00000000f8300000)
  object space 134144K, 24% used [0x00000000f0000000,0x00000000f2092df8,0x00000000f8300000)
 Metaspace       used 52784K, capacity 55892K, committed 55936K, reserved 1097728K
  class space    used 6448K, capacity 6998K, committed 7040K, reserved 1048576K
2023-10-03T01:12:38.806+0800: 358.511: [GC (Allocation Failure) [PSYoungGen: 127296K->320K(127488K)] 160651K->33739K(261632K), 0.0058349 secs] [Times: user=0.03 sys=0.00, real=0.01 secs] 
Heap after GC invocations=262 (full 0):
 PSYoungGen      total 127488K, used 320K [0x00000000f8300000, 0x0000000100000000, 0x0000000100000000)
  eden space 126976K, 0% used [0x00000000f8300000,0x00000000f8300000,0x00000000fff00000)
  from space 512K, 62% used [0x00000000fff80000,0x00000000fffd0000,0x0000000100000000)
  to   space 512K, 0% used [0x00000000fff00000,0x00000000fff00000,0x00000000fff80000)
 ParOldGen       total 134144K, used 33419K [0x00000000f0000000, 0x00000000f8300000, 0x00000000f8300000)
  object space 134144K, 24% used [0x00000000f0000000,0x00000000f20a2df8,0x00000000f8300000)
 Metaspace       used 52784K, capacity 55892K, committed 55936K, reserved 1097728K
  class space    used 6448K, capacity 6998K, committed 7040K, reserved 1048576K
}
{Heap before GC invocations=263 (full 0):
 PSYoungGen      total 127488K, used 127296K [0x00000000f8300000, 0x0000000100000000, 0x0000000100000000)
  eden space 126976K, 100% used [0x00000000f8300000,0x00000000fff00000,0x00000000fff00000)
  from space 512K, 62% used [0x00000000fff80000,0x00000000fffd0000,0x0000000100000000)
  to   space 512K, 0% used [0x00000000fff00000,0x00000000fff00000,0x00000000fff80000)
 ParOldGen       total 134144K, used 33419K [0x00000000f0000000, 0x00000000f8300000, 0x00000000f8300000)
  object space 134144K, 24% used [0x00000000f0000000,0x00000000f20a2df8,0x00000000f8300000)
 Metaspace       used 52784K, capacity 55892K, committed 55936K, reserved 1097728K
  class space    used 6448K, capacity 6998K, committed 7040K, reserved 1048576K
2023-10-03T01:12:39.455+0800: 359.160: [GC (Allocation Failure) [PSYoungGen: 127296K->320K(127488K)] 160715K->33779K(261632K), 0.0058526 secs] [Times: user=0.02 sys=0.00, real=0.01 secs] 
Heap after GC invocations=263 (full 0):
 PSYoungGen      total 127488K, used 320K [0x00000000f8300000, 0x0000000100000000, 0x0000000100000000)
  eden space 126976K, 0% used [0x00000000f8300000,0x00000000f8300000,0x00000000fff00000)
  from space 512K, 62% used [0x00000000fff00000,0x00000000fff50000,0x00000000fff80000)
  to   space 512K, 0% used [0x00000000fff80000,0x00000000fff80000,0x0000000100000000)
 ParOldGen       total 134144K, used 33459K [0x00000000f0000000, 0x00000000f8300000, 0x00000000f8300000)
  object space 134144K, 24% used [0x00000000f0000000,0x00000000f20acdf8,0x00000000f8300000)
 Metaspace       used 52784K, capacity 55892K, committed 55936K, reserved 1097728K
  class space    used 6448K, capacity 6998K, committed 7040K, reserved 1048576K
}
{Heap before GC invocations=264 (full 0):
 PSYoungGen      total 127488K, used 127296K [0x00000000f8300000, 0x0000000100000000, 0x0000000100000000)
  eden space 126976K, 100% used [0x00000000f8300000,0x00000000fff00000,0x00000000fff00000)
  from space 512K, 62% used [0x00000000fff00000,0x00000000fff50000,0x00000000fff80000)
  to   space 512K, 0% used [0x00000000fff80000,0x00000000fff80000,0x0000000100000000)
 ParOldGen       total 134144K, used 33459K [0x00000000f0000000, 0x00000000f8300000, 0x00000000f8300000)
  object space 134144K, 24% used [0x00000000f0000000,0x00000000f20acdf8,0x00000000f8300000)
 Metaspace       used 52784K, capacity 55892K, committed 55936K, reserved 1097728K
  class space    used 6448K, capacity 6998K, committed 7040K, reserved 1048576K
2023-10-03T01:12:40.115+0800: 359.819: [GC (Allocation Failure) [PSYoungGen: 127296K->352K(127488K)] 160755K->33875K(261632K), 0.0060966 secs] [Times: user=0.02 sys=0.00, real=0.00 secs] 
Heap after GC invocations=264 (full 0):
 PSYoungGen      total 127488K, used 352K [0x00000000f8300000, 0x0000000100000000, 0x0000000100000000)
  eden space 126976K, 0% used [0x00000000f8300000,0x00000000f8300000,0x00000000fff00000)
  from space 512K, 68% used [0x00000000fff80000,0x00000000fffd8000,0x0000000100000000)
  to   space 512K, 0% used [0x00000000fff00000,0x00000000fff00000,0x00000000fff80000)
 ParOldGen       total 134144K, used 33523K [0x00000000f0000000, 0x00000000f8300000, 0x00000000f8300000)
  object space 134144K, 24% used [0x00000000f0000000,0x00000000f20bcdf8,0x00000000f8300000)
 Metaspace       used 52784K, capacity 55892K, committed 55936K, reserved 1097728K
  class space    used 6448K, capacity 6998K, committed 7040K, reserved 1048576K
}
{Heap before GC invocations=265 (full 0):
 PSYoungGen      total 127488K, used 127328K [0x00000000f8300000, 0x0000000100000000, 0x0000000100000000)
  eden space 126976K, 100% used [0x00000000f8300000,0x00000000fff00000,0x00000000fff00000)
  from space 512K, 68% used [0x00000000fff80000,0x00000000fffd8000,0x0000000100000000)
  to   space 512K, 0% used [0x00000000fff00000,0x00000000fff00000,0x00000000fff80000)
 ParOldGen       total 134144K, used 33523K [0x00000000f0000000, 0x00000000f8300000, 0x00000000f8300000)
  object space 134144K, 24% used [0x00000000f0000000,0x00000000f20bcdf8,0x00000000f8300000)
 Metaspace       used 52784K, capacity 55892K, committed 55936K, reserved 1097728K
  class space    used 6448K, capacity 6998K, committed 7040K, reserved 1048576K
2023-10-03T01:12:40.726+0800: 360.430: [GC (Allocation Failure) [PSYoungGen: 127328K->352K(127488K)] 160851K->33947K(261632K), 0.0058536 secs] [Times: user=0.02 sys=0.00, real=0.00 secs] 
Heap after GC invocations=265 (full 0):
 PSYoungGen      total 127488K, used 352K [0x00000000f8300000, 0x0000000100000000, 0x0000000100000000)
  eden space 126976K, 0% used [0x00000000f8300000,0x00000000f8300000,0x00000000fff00000)
  from space 512K, 68% used [0x00000000fff00000,0x00000000fff58000,0x00000000fff80000)
  to   space 512K, 0% used [0x00000000fff80000,0x00000000fff80000,0x0000000100000000)
 ParOldGen       total 134144K, used 33595K [0x00000000f0000000, 0x00000000f8300000, 0x00000000f8300000)
  object space 134144K, 25% used [0x00000000f0000000,0x00000000f20cedf8,0x00000000f8300000)
 Metaspace       used 52784K, capacity 55892K, committed 55936K, reserved 1097728K
  class space    used 6448K, capacity 6998K, committed 7040K, reserved 1048576K
}
{Heap before GC invocations=266 (full 0):
 PSYoungGen      total 127488K, used 127328K [0x00000000f8300000, 0x0000000100000000, 0x0000000100000000)
  eden space 126976K, 100% used [0x00000000f8300000,0x00000000fff00000,0x00000000fff00000)
  from space 512K, 68% used [0x00000000fff00000,0x00000000fff58000,0x00000000fff80000)
  to   space 512K, 0% used [0x00000000fff80000,0x00000000fff80000,0x0000000100000000)
 ParOldGen       total 134144K, used 33595K [0x00000000f0000000, 0x00000000f8300000, 0x00000000f8300000)
  object space 134144K, 25% used [0x00000000f0000000,0x00000000f20cedf8,0x00000000f8300000)
 Metaspace       used 52784K, capacity 55892K, committed 55936K, reserved 1097728K
  class space    used 6448K, capacity 6998K, committed 7040K, reserved 1048576K
2023-10-03T01:12:41.370+0800: 361.074: [GC (Allocation Failure) [PSYoungGen: 127328K->320K(127488K)] 160923K->33979K(261632K), 0.0058800 secs] [Times: user=0.03 sys=0.00, real=0.01 secs] 
Heap after GC invocations=266 (full 0):
 PSYoungGen      total 127488K, used 320K [0x00000000f8300000, 0x0000000100000000, 0x0000000100000000)
  eden space 126976K, 0% used [0x00000000f8300000,0x00000000f8300000,0x00000000fff00000)
  from space 512K, 62% used [0x00000000fff80000,0x00000000fffd0000,0x0000000100000000)
  to   space 512K, 0% used [0x00000000fff00000,0x00000000fff00000,0x00000000fff80000)
 ParOldGen       total 134144K, used 33659K [0x00000000f0000000, 0x00000000f8300000, 0x00000000f8300000)
  object space 134144K, 25% used [0x00000000f0000000,0x00000000f20dedf8,0x00000000f8300000)
 Metaspace       used 52784K, capacity 55892K, committed 55936K, reserved 1097728K
  class space    used 6448K, capacity 6998K, committed 7040K, reserved 1048576K
}
{Heap before GC invocations=267 (full 0):
 PSYoungGen      total 127488K, used 127296K [0x00000000f8300000, 0x0000000100000000, 0x0000000100000000)
  eden space 126976K, 100% used [0x00000000f8300000,0x00000000fff00000,0x00000000fff00000)
  from space 512K, 62% used [0x00000000fff80000,0x00000000fffd0000,0x0000000100000000)
  to   space 512K, 0% used [0x00000000fff00000,0x00000000fff00000,0x00000000fff80000)
 ParOldGen       total 134144K, used 33659K [0x00000000f0000000, 0x00000000f8300000, 0x00000000f8300000)
  object space 134144K, 25% used [0x00000000f0000000,0x00000000f20dedf8,0x00000000f8300000)
 Metaspace       used 52784K, capacity 55892K, committed 55936K, reserved 1097728K
  class space    used 6448K, capacity 6998K, committed 7040K, reserved 1048576K
2023-10-03T01:12:42.036+0800: 361.740: [GC (Allocation Failure) [PSYoungGen: 127296K->320K(127488K)] 160955K->34035K(261632K), 0.0059967 secs] [Times: user=0.03 sys=0.00, real=0.01 secs] 
Heap after GC invocations=267 (full 0):
 PSYoungGen      total 127488K, used 320K [0x00000000f8300000, 0x0000000100000000, 0x0000000100000000)
  eden space 126976K, 0% used [0x00000000f8300000,0x00000000f8300000,0x00000000fff00000)
  from space 512K, 62% used [0x00000000fff00000,0x00000000fff50000,0x00000000fff80000)
  to   space 512K, 0% used [0x00000000fff80000,0x00000000fff80000,0x0000000100000000)
 ParOldGen       total 134144K, used 33715K [0x00000000f0000000, 0x00000000f8300000, 0x00000000f8300000)
  object space 134144K, 25% used [0x00000000f0000000,0x00000000f20ecdf8,0x00000000f8300000)
 Metaspace       used 52784K, capacity 55892K, committed 55936K, reserved 1097728K
  class space    used 6448K, capacity 6998K, committed 7040K, reserved 1048576K
}
{Heap before GC invocations=268 (full 0):
 PSYoungGen      total 127488K, used 127296K [0x00000000f8300000, 0x0000000100000000, 0x0000000100000000)
  eden space 126976K, 100% used [0x00000000f8300000,0x00000000fff00000,0x00000000fff00000)
  from space 512K, 62% used [0x00000000fff00000,0x00000000fff50000,0x00000000fff80000)
  to   space 512K, 0% used [0x00000000fff80000,0x00000000fff80000,0x0000000100000000)
 ParOldGen       total 134144K, used 33715K [0x00000000f0000000, 0x00000000f8300000, 0x00000000f8300000)
  object space 134144K, 25% used [0x00000000f0000000,0x00000000f20ecdf8,0x00000000f8300000)
 Metaspace       used 52784K, capacity 55892K, committed 55936K, reserved 1097728K
  class space    used 6448K, capacity 6998K, committed 7040K, reserved 1048576K
2023-10-03T01:12:42.679+0800: 362.383: [GC (Allocation Failure) [PSYoungGen: 127296K->352K(127488K)] 161011K->34123K(261632K), 0.0057619 secs] [Times: user=0.03 sys=0.00, real=0.01 secs] 
Heap after GC invocations=268 (full 0):
 PSYoungGen      total 127488K, used 352K [0x00000000f8300000, 0x0000000100000000, 0x0000000100000000)
  eden space 126976K, 0% used [0x00000000f8300000,0x00000000f8300000,0x00000000fff00000)
  from space 512K, 68% used [0x00000000fff80000,0x00000000fffd8000,0x0000000100000000)
  to   space 512K, 0% used [0x00000000fff00000,0x00000000fff00000,0x00000000fff80000)
 ParOldGen       total 134144K, used 33771K [0x00000000f0000000, 0x00000000f8300000, 0x00000000f8300000)
  object space 134144K, 25% used [0x00000000f0000000,0x00000000f20fadf8,0x00000000f8300000)
 Metaspace       used 52784K, capacity 55892K, committed 55936K, reserved 1097728K
  class space    used 6448K, capacity 6998K, committed 7040K, reserved 1048576K
}
{Heap before GC invocations=269 (full 0):
 PSYoungGen      total 127488K, used 127328K [0x00000000f8300000, 0x0000000100000000, 0x0000000100000000)
  eden space 126976K, 100% used [0x00000000f8300000,0x00000000fff00000,0x00000000fff00000)
  from space 512K, 68% used [0x00000000fff80000,0x00000000fffd8000,0x0000000100000000)
  to   space 512K, 0% used [0x00000000fff00000,0x00000000fff00000,0x00000000fff80000)
 ParOldGen       total 134144K, used 33771K [0x00000000f0000000, 0x00000000f8300000, 0x00000000f8300000)
  object space 134144K, 25% used [0x00000000f0000000,0x00000000f20fadf8,0x00000000f8300000)
 Metaspace       used 52787K, capacity 55892K, committed 55936K, reserved 1097728K
  class space    used 6448K, capacity 6998K, committed 7040K, reserved 1048576K
2023-10-03T01:12:43.340+0800: 363.044: [GC (Allocation Failure) [PSYoungGen: 127328K->320K(127488K)] 161099K->34139K(261632K), 0.0062702 secs] [Times: user=0.03 sys=0.00, real=0.01 secs] 
Heap after GC invocations=269 (full 0):
 PSYoungGen      total 127488K, used 320K [0x00000000f8300000, 0x0000000100000000, 0x0000000100000000)
  eden space 126976K, 0% used [0x00000000f8300000,0x00000000f8300000,0x00000000fff00000)
  from space 512K, 62% used [0x00000000fff00000,0x00000000fff50000,0x00000000fff80000)
  to   space 512K, 0% used [0x00000000fff80000,0x00000000fff80000,0x0000000100000000)
 ParOldGen       total 134144K, used 33819K [0x00000000f0000000, 0x00000000f8300000, 0x00000000f8300000)
  object space 134144K, 25% used [0x00000000f0000000,0x00000000f2106df8,0x00000000f8300000)
 Metaspace       used 52787K, capacity 55892K, committed 55936K, reserved 1097728K
  class space    used 6448K, capacity 6998K, committed 7040K, reserved 1048576K
}
{Heap before GC invocations=270 (full 0):
 PSYoungGen      total 127488K, used 127296K [0x00000000f8300000, 0x0000000100000000, 0x0000000100000000)
  eden space 126976K, 100% used [0x00000000f8300000,0x00000000fff00000,0x00000000fff00000)
  from space 512K, 62% used [0x00000000fff00000,0x00000000fff50000,0x00000000fff80000)
  to   space 512K, 0% used [0x00000000fff80000,0x00000000fff80000,0x0000000100000000)
 ParOldGen       total 134144K, used 33819K [0x00000000f0000000, 0x00000000f8300000, 0x00000000f8300000)
  object space 134144K, 25% used [0x00000000f0000000,0x00000000f2106df8,0x00000000f8300000)
 Metaspace       used 52787K, capacity 55892K, committed 55936K, reserved 1097728K
  class space    used 6448K, capacity 6998K, committed 7040K, reserved 1048576K
2023-10-03T01:12:44.004+0800: 363.708: [GC (Allocation Failure) [PSYoungGen: 127296K->320K(127488K)] 161115K->34195K(261632K), 0.0059740 secs] [Times: user=0.03 sys=0.00, real=0.00 secs] 
Heap after GC invocations=270 (full 0):
 PSYoungGen      total 127488K, used 320K [0x00000000f8300000, 0x0000000100000000, 0x0000000100000000)
  eden space 126976K, 0% used [0x00000000f8300000,0x00000000f8300000,0x00000000fff00000)
  from space 512K, 62% used [0x00000000fff80000,0x00000000fffd0000,0x0000000100000000)
  to   space 512K, 0% used [0x00000000fff00000,0x00000000fff00000,0x00000000fff80000)
 ParOldGen       total 134144K, used 33875K [0x00000000f0000000, 0x00000000f8300000, 0x00000000f8300000)
  object space 134144K, 25% used [0x00000000f0000000,0x00000000f2114df8,0x00000000f8300000)
 Metaspace       used 52787K, capacity 55892K, committed 55936K, reserved 1097728K
  class space    used 6448K, capacity 6998K, committed 7040K, reserved 1048576K
}
{Heap before GC invocations=271 (full 0):
 PSYoungGen      total 127488K, used 127296K [0x00000000f8300000, 0x0000000100000000, 0x0000000100000000)
  eden space 126976K, 100% used [0x00000000f8300000,0x00000000fff00000,0x00000000fff00000)
  from space 512K, 62% used [0x00000000fff80000,0x00000000fffd0000,0x0000000100000000)
  to   space 512K, 0% used [0x00000000fff00000,0x00000000fff00000,0x00000000fff80000)
 ParOldGen       total 134144K, used 33875K [0x00000000f0000000, 0x00000000f8300000, 0x00000000f8300000)
  object space 134144K, 25% used [0x00000000f0000000,0x00000000f2114df8,0x00000000f8300000)
 Metaspace       used 52787K, capacity 55892K, committed 55936K, reserved 1097728K
  class space    used 6448K, capacity 6998K, committed 7040K, reserved 1048576K
2023-10-03T01:12:44.658+0800: 364.362: [GC (Allocation Failure) [PSYoungGen: 127296K->352K(127488K)] 161171K->34307K(261632K), 0.0061294 secs] [Times: user=0.03 sys=0.00, real=0.01 secs] 
Heap after GC invocations=271 (full 0):
 PSYoungGen      total 127488K, used 352K [0x00000000f8300000, 0x0000000100000000, 0x0000000100000000)
  eden space 126976K, 0% used [0x00000000f8300000,0x00000000f8300000,0x00000000fff00000)
  from space 512K, 68% used [0x00000000fff00000,0x00000000fff58000,0x00000000fff80000)
  to   space 512K, 0% used [0x00000000fff80000,0x00000000fff80000,0x0000000100000000)
 ParOldGen       total 134144K, used 33955K [0x00000000f0000000, 0x00000000f8300000, 0x00000000f8300000)
  object space 134144K, 25% used [0x00000000f0000000,0x00000000f2128df8,0x00000000f8300000)
 Metaspace       used 52787K, capacity 55892K, committed 55936K, reserved 1097728K
  class space    used 6448K, capacity 6998K, committed 7040K, reserved 1048576K
}
{Heap before GC invocations=272 (full 0):
 PSYoungGen      total 127488K, used 127328K [0x00000000f8300000, 0x0000000100000000, 0x0000000100000000)
  eden space 126976K, 100% used [0x00000000f8300000,0x00000000fff00000,0x00000000fff00000)
  from space 512K, 68% used [0x00000000fff00000,0x00000000fff58000,0x00000000fff80000)
  to   space 512K, 0% used [0x00000000fff80000,0x00000000fff80000,0x0000000100000000)
 ParOldGen       total 134144K, used 33955K [0x00000000f0000000, 0x00000000f8300000, 0x00000000f8300000)
  object space 134144K, 25% used [0x00000000f0000000,0x00000000f2128df8,0x00000000f8300000)
 Metaspace       used 52787K, capacity 55892K, committed 55936K, reserved 1097728K
  class space    used 6448K, capacity 6998K, committed 7040K, reserved 1048576K
2023-10-03T01:12:45.322+0800: 365.027: [GC (Allocation Failure) [PSYoungGen: 127328K->352K(127488K)] 161283K->34395K(261632K), 0.0070971 secs] [Times: user=0.02 sys=0.01, real=0.00 secs] 
Heap after GC invocations=272 (full 0):
 PSYoungGen      total 127488K, used 352K [0x00000000f8300000, 0x0000000100000000, 0x0000000100000000)
  eden space 126976K, 0% used [0x00000000f8300000,0x00000000f8300000,0x00000000fff00000)
  from space 512K, 68% used [0x00000000fff80000,0x00000000fffd8000,0x0000000100000000)
  to   space 512K, 0% used [0x00000000fff00000,0x00000000fff00000,0x00000000fff80000)
 ParOldGen       total 134144K, used 34043K [0x00000000f0000000, 0x00000000f8300000, 0x00000000f8300000)
  object space 134144K, 25% used [0x00000000f0000000,0x00000000f213edf8,0x00000000f8300000)
 Metaspace       used 52787K, capacity 55892K, committed 55936K, reserved 1097728K
  class space    used 6448K, capacity 6998K, committed 7040K, reserved 1048576K
}
{Heap before GC invocations=273 (full 0):
 PSYoungGen      total 127488K, used 127328K [0x00000000f8300000, 0x0000000100000000, 0x0000000100000000)
  eden space 126976K, 100% used [0x00000000f8300000,0x00000000fff00000,0x00000000fff00000)
  from space 512K, 68% used [0x00000000fff80000,0x00000000fffd8000,0x0000000100000000)
  to   space 512K, 0% used [0x00000000fff00000,0x00000000fff00000,0x00000000fff80000)
 ParOldGen       total 134144K, used 34043K [0x00000000f0000000, 0x00000000f8300000, 0x00000000f8300000)
  object space 134144K, 25% used [0x00000000f0000000,0x00000000f213edf8,0x00000000f8300000)
 Metaspace       used 52787K, capacity 55892K, committed 55936K, reserved 1097728K
  class space    used 6448K, capacity 6998K, committed 7040K, reserved 1048576K
2023-10-03T01:12:45.989+0800: 365.693: [GC (Allocation Failure) [PSYoungGen: 127328K->320K(127488K)] 161371K->34427K(261632K), 0.0070332 secs] [Times: user=0.03 sys=0.00, real=0.01 secs] 
Heap after GC invocations=273 (full 0):
 PSYoungGen      total 127488K, used 320K [0x00000000f8300000, 0x0000000100000000, 0x0000000100000000)
  eden space 126976K, 0% used [0x00000000f8300000,0x00000000f8300000,0x00000000fff00000)
  from space 512K, 62% used [0x00000000fff00000,0x00000000fff50000,0x00000000fff80000)
  to   space 512K, 0% used [0x00000000fff80000,0x00000000fff80000,0x0000000100000000)
 ParOldGen       total 134144K, used 34107K [0x00000000f0000000, 0x00000000f8300000, 0x00000000f8300000)
  object space 134144K, 25% used [0x00000000f0000000,0x00000000f214edf8,0x00000000f8300000)
 Metaspace       used 52787K, capacity 55892K, committed 55936K, reserved 1097728K
  class space    used 6448K, capacity 6998K, committed 7040K, reserved 1048576K
}
{Heap before GC invocations=274 (full 0):
 PSYoungGen      total 127488K, used 127296K [0x00000000f8300000, 0x0000000100000000, 0x0000000100000000)
  eden space 126976K, 100% used [0x00000000f8300000,0x00000000fff00000,0x00000000fff00000)
  from space 512K, 62% used [0x00000000fff00000,0x00000000fff50000,0x00000000fff80000)
  to   space 512K, 0% used [0x00000000fff80000,0x00000000fff80000,0x0000000100000000)
 ParOldGen       total 134144K, used 34107K [0x00000000f0000000, 0x00000000f8300000, 0x00000000f8300000)
  object space 134144K, 25% used [0x00000000f0000000,0x00000000f214edf8,0x00000000f8300000)
 Metaspace       used 52787K, capacity 55892K, committed 55936K, reserved 1097728K
  class space    used 6448K, capacity 6998K, committed 7040K, reserved 1048576K
2023-10-03T01:12:46.642+0800: 366.347: [GC (Allocation Failure) [PSYoungGen: 127296K->320K(127488K)] 161403K->34483K(261632K), 0.0057087 secs] [Times: user=0.03 sys=0.00, real=0.00 secs] 
Heap after GC invocations=274 (full 0):
 PSYoungGen      total 127488K, used 320K [0x00000000f8300000, 0x0000000100000000, 0x0000000100000000)
  eden space 126976K, 0% used [0x00000000f8300000,0x00000000f8300000,0x00000000fff00000)
  from space 512K, 62% used [0x00000000fff80000,0x00000000fffd0000,0x0000000100000000)
  to   space 512K, 0% used [0x00000000fff00000,0x00000000fff00000,0x00000000fff80000)
 ParOldGen       total 134144K, used 34163K [0x00000000f0000000, 0x00000000f8300000, 0x00000000f8300000)
  object space 134144K, 25% used [0x00000000f0000000,0x00000000f215cdf8,0x00000000f8300000)
 Metaspace       used 52787K, capacity 55892K, committed 55936K, reserved 1097728K
  class space    used 6448K, capacity 6998K, committed 7040K, reserved 1048576K
}
{Heap before GC invocations=275 (full 0):
 PSYoungGen      total 127488K, used 127296K [0x00000000f8300000, 0x0000000100000000, 0x0000000100000000)
  eden space 126976K, 100% used [0x00000000f8300000,0x00000000fff00000,0x00000000fff00000)
  from space 512K, 62% used [0x00000000fff80000,0x00000000fffd0000,0x0000000100000000)
  to   space 512K, 0% used [0x00000000fff00000,0x00000000fff00000,0x00000000fff80000)
 ParOldGen       total 134144K, used 34163K [0x00000000f0000000, 0x00000000f8300000, 0x00000000f8300000)
  object space 134144K, 25% used [0x00000000f0000000,0x00000000f215cdf8,0x00000000f8300000)
 Metaspace       used 52787K, capacity 55892K, committed 55936K, reserved 1097728K
  class space    used 6448K, capacity 6998K, committed 7040K, reserved 1048576K
2023-10-03T01:12:47.290+0800: 366.994: [GC (Allocation Failure) [PSYoungGen: 127296K->320K(127488K)] 161459K->34547K(261632K), 0.0065894 secs] [Times: user=0.03 sys=0.00, real=0.01 secs] 
Heap after GC invocations=275 (full 0):
 PSYoungGen      total 127488K, used 320K [0x00000000f8300000, 0x0000000100000000, 0x0000000100000000)
  eden space 126976K, 0% used [0x00000000f8300000,0x00000000f8300000,0x00000000fff00000)
  from space 512K, 62% used [0x00000000fff00000,0x00000000fff50000,0x00000000fff80000)
  to   space 512K, 0% used [0x00000000fff80000,0x00000000fff80000,0x0000000100000000)
 ParOldGen       total 134144K, used 34227K [0x00000000f0000000, 0x00000000f8300000, 0x00000000f8300000)
  object space 134144K, 25% used [0x00000000f0000000,0x00000000f216cdf8,0x00000000f8300000)
 Metaspace       used 52787K, capacity 55892K, committed 55936K, reserved 1097728K
  class space    used 6448K, capacity 6998K, committed 7040K, reserved 1048576K
}
{Heap before GC invocations=276 (full 0):
 PSYoungGen      total 127488K, used 127296K [0x00000000f8300000, 0x0000000100000000, 0x0000000100000000)
  eden space 126976K, 100% used [0x00000000f8300000,0x00000000fff00000,0x00000000fff00000)
  from space 512K, 62% used [0x00000000fff00000,0x00000000fff50000,0x00000000fff80000)
  to   space 512K, 0% used [0x00000000fff80000,0x00000000fff80000,0x0000000100000000)
 ParOldGen       total 134144K, used 34227K [0x00000000f0000000, 0x00000000f8300000, 0x00000000f8300000)
  object space 134144K, 25% used [0x00000000f0000000,0x00000000f216cdf8,0x00000000f8300000)
 Metaspace       used 52787K, capacity 55892K, committed 55936K, reserved 1097728K
  class space    used 6448K, capacity 6998K, committed 7040K, reserved 1048576K
2023-10-03T01:12:47.937+0800: 367.641: [GC (Allocation Failure) [PSYoungGen: 127296K->352K(127488K)] 161523K->34667K(261632K), 0.0056407 secs] [Times: user=0.03 sys=0.00, real=0.01 secs] 
Heap after GC invocations=276 (full 0):
 PSYoungGen      total 127488K, used 352K [0x00000000f8300000, 0x0000000100000000, 0x0000000100000000)
  eden space 126976K, 0% used [0x00000000f8300000,0x00000000f8300000,0x00000000fff00000)
  from space 512K, 68% used [0x00000000fff80000,0x00000000fffd8000,0x0000000100000000)
  to   space 512K, 0% used [0x00000000fff00000,0x00000000fff00000,0x00000000fff80000)
 ParOldGen       total 134144K, used 34315K [0x00000000f0000000, 0x00000000f8300000, 0x00000000f8300000)
  object space 134144K, 25% used [0x00000000f0000000,0x00000000f2182df8,0x00000000f8300000)
 Metaspace       used 52787K, capacity 55892K, committed 55936K, reserved 1097728K
  class space    used 6448K, capacity 6998K, committed 7040K, reserved 1048576K
}
{Heap before GC invocations=277 (full 0):
 PSYoungGen      total 127488K, used 127328K [0x00000000f8300000, 0x0000000100000000, 0x0000000100000000)
  eden space 126976K, 100% used [0x00000000f8300000,0x00000000fff00000,0x00000000fff00000)
  from space 512K, 68% used [0x00000000fff80000,0x00000000fffd8000,0x0000000100000000)
  to   space 512K, 0% used [0x00000000fff00000,0x00000000fff00000,0x00000000fff80000)
 ParOldGen       total 134144K, used 34315K [0x00000000f0000000, 0x00000000f8300000, 0x00000000f8300000)
  object space 134144K, 25% used [0x00000000f0000000,0x00000000f2182df8,0x00000000f8300000)
 Metaspace       used 52787K, capacity 55892K, committed 55936K, reserved 1097728K
  class space    used 6448K, capacity 6998K, committed 7040K, reserved 1048576K
2023-10-03T01:12:48.577+0800: 368.282: [GC (Allocation Failure) [PSYoungGen: 127328K->352K(127488K)] 161643K->34755K(261632K), 0.0060575 secs] [Times: user=0.03 sys=0.00, real=0.01 secs] 
Heap after GC invocations=277 (full 0):
 PSYoungGen      total 127488K, used 352K [0x00000000f8300000, 0x0000000100000000, 0x0000000100000000)
  eden space 126976K, 0% used [0x00000000f8300000,0x00000000f8300000,0x00000000fff00000)
  from space 512K, 68% used [0x00000000fff00000,0x00000000fff58000,0x00000000fff80000)
  to   space 512K, 0% used [0x00000000fff80000,0x00000000fff80000,0x0000000100000000)
 ParOldGen       total 134144K, used 34403K [0x00000000f0000000, 0x00000000f8300000, 0x00000000f8300000)
  object space 134144K, 25% used [0x00000000f0000000,0x00000000f2198df8,0x00000000f8300000)
 Metaspace       used 52787K, capacity 55892K, committed 55936K, reserved 1097728K
  class space    used 6448K, capacity 6998K, committed 7040K, reserved 1048576K
}
{Heap before GC invocations=278 (full 0):
 PSYoungGen      total 127488K, used 127328K [0x00000000f8300000, 0x0000000100000000, 0x0000000100000000)
  eden space 126976K, 100% used [0x00000000f8300000,0x00000000fff00000,0x00000000fff00000)
  from space 512K, 68% used [0x00000000fff00000,0x00000000fff58000,0x00000000fff80000)
  to   space 512K, 0% used [0x00000000fff80000,0x00000000fff80000,0x0000000100000000)
 ParOldGen       total 134144K, used 34403K [0x00000000f0000000, 0x00000000f8300000, 0x00000000f8300000)
  object space 134144K, 25% used [0x00000000f0000000,0x00000000f2198df8,0x00000000f8300000)
 Metaspace       used 52787K, capacity 55892K, committed 55936K, reserved 1097728K
  class space    used 6448K, capacity 6998K, committed 7040K, reserved 1048576K
2023-10-03T01:12:49.233+0800: 368.938: [GC (Allocation Failure) [PSYoungGen: 127328K->352K(127488K)] 161731K->34811K(261632K), 0.0059519 secs] [Times: user=0.03 sys=0.00, real=0.00 secs] 
Heap after GC invocations=278 (full 0):
 PSYoungGen      total 127488K, used 352K [0x00000000f8300000, 0x0000000100000000, 0x0000000100000000)
  eden space 126976K, 0% used [0x00000000f8300000,0x00000000f8300000,0x00000000fff00000)
  from space 512K, 68% used [0x00000000fff80000,0x00000000fffd8000,0x0000000100000000)
  to   space 512K, 0% used [0x00000000fff00000,0x00000000fff00000,0x00000000fff80000)
 ParOldGen       total 134144K, used 34459K [0x00000000f0000000, 0x00000000f8300000, 0x00000000f8300000)
  object space 134144K, 25% used [0x00000000f0000000,0x00000000f21a6df8,0x00000000f8300000)
 Metaspace       used 52787K, capacity 55892K, committed 55936K, reserved 1097728K
  class space    used 6448K, capacity 6998K, committed 7040K, reserved 1048576K
}
{Heap before GC invocations=279 (full 0):
 PSYoungGen      total 127488K, used 127328K [0x00000000f8300000, 0x0000000100000000, 0x0000000100000000)
  eden space 126976K, 100% used [0x00000000f8300000,0x00000000fff00000,0x00000000fff00000)
  from space 512K, 68% used [0x00000000fff80000,0x00000000fffd8000,0x0000000100000000)
  to   space 512K, 0% used [0x00000000fff00000,0x00000000fff00000,0x00000000fff80000)
 ParOldGen       total 134144K, used 34459K [0x00000000f0000000, 0x00000000f8300000, 0x00000000f8300000)
  object space 134144K, 25% used [0x00000000f0000000,0x00000000f21a6df8,0x00000000f8300000)
 Metaspace       used 52787K, capacity 55892K, committed 55936K, reserved 1097728K
  class space    used 6448K, capacity 6998K, committed 7040K, reserved 1048576K
2023-10-03T01:12:49.874+0800: 369.578: [GC (Allocation Failure) [PSYoungGen: 127328K->320K(127488K)] 161787K->34859K(261632K), 0.0061329 secs] [Times: user=0.02 sys=0.00, real=0.01 secs] 
Heap after GC invocations=279 (full 0):
 PSYoungGen      total 127488K, used 320K [0x00000000f8300000, 0x0000000100000000, 0x0000000100000000)
  eden space 126976K, 0% used [0x00000000f8300000,0x00000000f8300000,0x00000000fff00000)
  from space 512K, 62% used [0x00000000fff00000,0x00000000fff50000,0x00000000fff80000)
  to   space 512K, 0% used [0x00000000fff80000,0x00000000fff80000,0x0000000100000000)
 ParOldGen       total 134144K, used 34539K [0x00000000f0000000, 0x00000000f8300000, 0x00000000f8300000)
  object space 134144K, 25% used [0x00000000f0000000,0x00000000f21badf8,0x00000000f8300000)
 Metaspace       used 52787K, capacity 55892K, committed 55936K, reserved 1097728K
  class space    used 6448K, capacity 6998K, committed 7040K, reserved 1048576K
}
{Heap before GC invocations=280 (full 0):
 PSYoungGen      total 127488K, used 127296K [0x00000000f8300000, 0x0000000100000000, 0x0000000100000000)
  eden space 126976K, 100% used [0x00000000f8300000,0x00000000fff00000,0x00000000fff00000)
  from space 512K, 62% used [0x00000000fff00000,0x00000000fff50000,0x00000000fff80000)
  to   space 512K, 0% used [0x00000000fff80000,0x00000000fff80000,0x0000000100000000)
 ParOldGen       total 134144K, used 34539K [0x00000000f0000000, 0x00000000f8300000, 0x00000000f8300000)
  object space 134144K, 25% used [0x00000000f0000000,0x00000000f21badf8,0x00000000f8300000)
 Metaspace       used 52787K, capacity 55892K, committed 55936K, reserved 1097728K
  class space    used 6448K, capacity 6998K, committed 7040K, reserved 1048576K
2023-10-03T01:12:50.532+0800: 370.237: [GC (Allocation Failure) [PSYoungGen: 127296K->320K(127488K)] 161835K->34923K(261632K), 0.0056093 secs] [Times: user=0.03 sys=0.00, real=0.00 secs] 
Heap after GC invocations=280 (full 0):
 PSYoungGen      total 127488K, used 320K [0x00000000f8300000, 0x0000000100000000, 0x0000000100000000)
  eden space 126976K, 0% used [0x00000000f8300000,0x00000000f8300000,0x00000000fff00000)
  from space 512K, 62% used [0x00000000fff80000,0x00000000fffd0000,0x0000000100000000)
  to   space 512K, 0% used [0x00000000fff00000,0x00000000fff00000,0x00000000fff80000)
 ParOldGen       total 134144K, used 34603K [0x00000000f0000000, 0x00000000f8300000, 0x00000000f8300000)
  object space 134144K, 25% used [0x00000000f0000000,0x00000000f21cadf8,0x00000000f8300000)
 Metaspace       used 52787K, capacity 55892K, committed 55936K, reserved 1097728K
  class space    used 6448K, capacity 6998K, committed 7040K, reserved 1048576K
}
{Heap before GC invocations=281 (full 0):
 PSYoungGen      total 127488K, used 127296K [0x00000000f8300000, 0x0000000100000000, 0x0000000100000000)
  eden space 126976K, 100% used [0x00000000f8300000,0x00000000fff00000,0x00000000fff00000)
  from space 512K, 62% used [0x00000000fff80000,0x00000000fffd0000,0x0000000100000000)
  to   space 512K, 0% used [0x00000000fff00000,0x00000000fff00000,0x00000000fff80000)
 ParOldGen       total 134144K, used 34603K [0x00000000f0000000, 0x00000000f8300000, 0x00000000f8300000)
  object space 134144K, 25% used [0x00000000f0000000,0x00000000f21cadf8,0x00000000f8300000)
 Metaspace       used 52787K, capacity 55892K, committed 55936K, reserved 1097728K
  class space    used 6448K, capacity 6998K, committed 7040K, reserved 1048576K
2023-10-03T01:12:51.178+0800: 370.883: [GC (Allocation Failure) [PSYoungGen: 127296K->320K(127488K)] 161899K->34995K(261632K), 0.0056830 secs] [Times: user=0.03 sys=0.00, real=0.01 secs] 
Heap after GC invocations=281 (full 0):
 PSYoungGen      total 127488K, used 320K [0x00000000f8300000, 0x0000000100000000, 0x0000000100000000)
  eden space 126976K, 0% used [0x00000000f8300000,0x00000000f8300000,0x00000000fff00000)
  from space 512K, 62% used [0x00000000fff00000,0x00000000fff50000,0x00000000fff80000)
  to   space 512K, 0% used [0x00000000fff80000,0x00000000fff80000,0x0000000100000000)
 ParOldGen       total 134144K, used 34675K [0x00000000f0000000, 0x00000000f8300000, 0x00000000f8300000)
  object space 134144K, 25% used [0x00000000f0000000,0x00000000f21dcdf8,0x00000000f8300000)
 Metaspace       used 52787K, capacity 55892K, committed 55936K, reserved 1097728K
  class space    used 6448K, capacity 6998K, committed 7040K, reserved 1048576K
}
{Heap before GC invocations=282 (full 0):
 PSYoungGen      total 127488K, used 127296K [0x00000000f8300000, 0x0000000100000000, 0x0000000100000000)
  eden space 126976K, 100% used [0x00000000f8300000,0x00000000fff00000,0x00000000fff00000)
  from space 512K, 62% used [0x00000000fff00000,0x00000000fff50000,0x00000000fff80000)
  to   space 512K, 0% used [0x00000000fff80000,0x00000000fff80000,0x0000000100000000)
 ParOldGen       total 134144K, used 34675K [0x00000000f0000000, 0x00000000f8300000, 0x00000000f8300000)
  object space 134144K, 25% used [0x00000000f0000000,0x00000000f21dcdf8,0x00000000f8300000)
 Metaspace       used 52787K, capacity 55892K, committed 55936K, reserved 1097728K
  class space    used 6448K, capacity 6998K, committed 7040K, reserved 1048576K
2023-10-03T01:12:51.821+0800: 371.525: [GC (Allocation Failure) [PSYoungGen: 127296K->320K(127488K)] 161971K->35051K(261632K), 0.0060358 secs] [Times: user=0.03 sys=0.00, real=0.01 secs] 
Heap after GC invocations=282 (full 0):
 PSYoungGen      total 127488K, used 320K [0x00000000f8300000, 0x0000000100000000, 0x0000000100000000)
  eden space 126976K, 0% used [0x00000000f8300000,0x00000000f8300000,0x00000000fff00000)
  from space 512K, 62% used [0x00000000fff80000,0x00000000fffd0000,0x0000000100000000)
  to   space 512K, 0% used [0x00000000fff00000,0x00000000fff00000,0x00000000fff80000)
 ParOldGen       total 134144K, used 34731K [0x00000000f0000000, 0x00000000f8300000, 0x00000000f8300000)
  object space 134144K, 25% used [0x00000000f0000000,0x00000000f21eadf8,0x00000000f8300000)
 Metaspace       used 52787K, capacity 55892K, committed 55936K, reserved 1097728K
  class space    used 6448K, capacity 6998K, committed 7040K, reserved 1048576K
}
{Heap before GC invocations=283 (full 0):
 PSYoungGen      total 127488K, used 127296K [0x00000000f8300000, 0x0000000100000000, 0x0000000100000000)
  eden space 126976K, 100% used [0x00000000f8300000,0x00000000fff00000,0x00000000fff00000)
  from space 512K, 62% used [0x00000000fff80000,0x00000000fffd0000,0x0000000100000000)
  to   space 512K, 0% used [0x00000000fff00000,0x00000000fff00000,0x00000000fff80000)
 ParOldGen       total 134144K, used 34731K [0x00000000f0000000, 0x00000000f8300000, 0x00000000f8300000)
  object space 134144K, 25% used [0x00000000f0000000,0x00000000f21eadf8,0x00000000f8300000)
 Metaspace       used 52787K, capacity 55892K, committed 55936K, reserved 1097728K
  class space    used 6448K, capacity 6998K, committed 7040K, reserved 1048576K
2023-10-03T01:12:52.474+0800: 372.178: [GC (Allocation Failure) [PSYoungGen: 127296K->320K(127488K)] 162027K->35123K(261632K), 0.0060101 secs] [Times: user=0.03 sys=0.00, real=0.00 secs] 
Heap after GC invocations=283 (full 0):
 PSYoungGen      total 127488K, used 320K [0x00000000f8300000, 0x0000000100000000, 0x0000000100000000)
  eden space 126976K, 0% used [0x00000000f8300000,0x00000000f8300000,0x00000000fff00000)
  from space 512K, 62% used [0x00000000fff00000,0x00000000fff50000,0x00000000fff80000)
  to   space 512K, 0% used [0x00000000fff80000,0x00000000fff80000,0x0000000100000000)
 ParOldGen       total 134144K, used 34803K [0x00000000f0000000, 0x00000000f8300000, 0x00000000f8300000)
  object space 134144K, 25% used [0x00000000f0000000,0x00000000f21fcdf8,0x00000000f8300000)
 Metaspace       used 52787K, capacity 55892K, committed 55936K, reserved 1097728K
  class space    used 6448K, capacity 6998K, committed 7040K, reserved 1048576K
}
{Heap before GC invocations=284 (full 0):
 PSYoungGen      total 127488K, used 127296K [0x00000000f8300000, 0x0000000100000000, 0x0000000100000000)
  eden space 126976K, 100% used [0x00000000f8300000,0x00000000fff00000,0x00000000fff00000)
  from space 512K, 62% used [0x00000000fff00000,0x00000000fff50000,0x00000000fff80000)
  to   space 512K, 0% used [0x00000000fff80000,0x00000000fff80000,0x0000000100000000)
 ParOldGen       total 134144K, used 34803K [0x00000000f0000000, 0x00000000f8300000, 0x00000000f8300000)
  object space 134144K, 25% used [0x00000000f0000000,0x00000000f21fcdf8,0x00000000f8300000)
 Metaspace       used 52787K, capacity 55892K, committed 55936K, reserved 1097728K
  class space    used 6448K, capacity 6998K, committed 7040K, reserved 1048576K
2023-10-03T01:12:53.129+0800: 372.833: [GC (Allocation Failure) [PSYoungGen: 127296K->384K(127488K)] 162099K->35267K(261632K), 0.0067426 secs] [Times: user=0.04 sys=0.00, real=0.01 secs] 
Heap after GC invocations=284 (full 0):
 PSYoungGen      total 127488K, used 384K [0x00000000f8300000, 0x0000000100000000, 0x0000000100000000)
  eden space 126976K, 0% used [0x00000000f8300000,0x00000000f8300000,0x00000000fff00000)
  from space 512K, 75% used [0x00000000fff80000,0x00000000fffe0000,0x0000000100000000)
  to   space 512K, 0% used [0x00000000fff00000,0x00000000fff00000,0x00000000fff80000)
 ParOldGen       total 134144K, used 34883K [0x00000000f0000000, 0x00000000f8300000, 0x00000000f8300000)
  object space 134144K, 26% used [0x00000000f0000000,0x00000000f2210df8,0x00000000f8300000)
 Metaspace       used 52787K, capacity 55892K, committed 55936K, reserved 1097728K
  class space    used 6448K, capacity 6998K, committed 7040K, reserved 1048576K
}
{Heap before GC invocations=285 (full 0):
 PSYoungGen      total 127488K, used 127360K [0x00000000f8300000, 0x0000000100000000, 0x0000000100000000)
  eden space 126976K, 100% used [0x00000000f8300000,0x00000000fff00000,0x00000000fff00000)
  from space 512K, 75% used [0x00000000fff80000,0x00000000fffe0000,0x0000000100000000)
  to   space 512K, 0% used [0x00000000fff00000,0x00000000fff00000,0x00000000fff80000)
 ParOldGen       total 134144K, used 34883K [0x00000000f0000000, 0x00000000f8300000, 0x00000000f8300000)
  object space 134144K, 26% used [0x00000000f0000000,0x00000000f2210df8,0x00000000f8300000)
 Metaspace       used 52787K, capacity 55892K, committed 55936K, reserved 1097728K
  class space    used 6448K, capacity 6998K, committed 7040K, reserved 1048576K
2023-10-03T01:12:53.766+0800: 373.471: [GC (Allocation Failure) [PSYoungGen: 127360K->352K(127488K)] 162243K->35315K(261632K), 0.0061317 secs] [Times: user=0.03 sys=0.00, real=0.01 secs] 
Heap after GC invocations=285 (full 0):
 PSYoungGen      total 127488K, used 352K [0x00000000f8300000, 0x0000000100000000, 0x0000000100000000)
  eden space 126976K, 0% used [0x00000000f8300000,0x00000000f8300000,0x00000000fff00000)
  from space 512K, 68% used [0x00000000fff00000,0x00000000fff58000,0x00000000fff80000)
  to   space 512K, 0% used [0x00000000fff80000,0x00000000fff80000,0x0000000100000000)
 ParOldGen       total 134144K, used 34963K [0x00000000f0000000, 0x00000000f8300000, 0x00000000f8300000)
  object space 134144K, 26% used [0x00000000f0000000,0x00000000f2224df8,0x00000000f8300000)
 Metaspace       used 52787K, capacity 55892K, committed 55936K, reserved 1097728K
  class space    used 6448K, capacity 6998K, committed 7040K, reserved 1048576K
}
{Heap before GC invocations=286 (full 0):
 PSYoungGen      total 127488K, used 127328K [0x00000000f8300000, 0x0000000100000000, 0x0000000100000000)
  eden space 126976K, 100% used [0x00000000f8300000,0x00000000fff00000,0x00000000fff00000)
  from space 512K, 68% used [0x00000000fff00000,0x00000000fff58000,0x00000000fff80000)
  to   space 512K, 0% used [0x00000000fff80000,0x00000000fff80000,0x0000000100000000)
 ParOldGen       total 134144K, used 34963K [0x00000000f0000000, 0x00000000f8300000, 0x00000000f8300000)
  object space 134144K, 26% used [0x00000000f0000000,0x00000000f2224df8,0x00000000f8300000)
 Metaspace       used 52787K, capacity 55892K, committed 55936K, reserved 1097728K
  class space    used 6448K, capacity 6998K, committed 7040K, reserved 1048576K
2023-10-03T01:12:54.416+0800: 374.121: [GC (Allocation Failure) [PSYoungGen: 127328K->320K(127488K)] 162291K->35347K(261632K), 0.0057721 secs] [Times: user=0.03 sys=0.00, real=0.01 secs] 
Heap after GC invocations=286 (full 0):
 PSYoungGen      total 127488K, used 320K [0x00000000f8300000, 0x0000000100000000, 0x0000000100000000)
  eden space 126976K, 0% used [0x00000000f8300000,0x00000000f8300000,0x00000000fff00000)
  from space 512K, 62% used [0x00000000fff80000,0x00000000fffd0000,0x0000000100000000)
  to   space 512K, 0% used [0x00000000fff00000,0x00000000fff00000,0x00000000fff80000)
 ParOldGen       total 134144K, used 35027K [0x00000000f0000000, 0x00000000f8300000, 0x00000000f8300000)
  object space 134144K, 26% used [0x00000000f0000000,0x00000000f2234df8,0x00000000f8300000)
 Metaspace       used 52787K, capacity 55892K, committed 55936K, reserved 1097728K
  class space    used 6448K, capacity 6998K, committed 7040K, reserved 1048576K
}
{Heap before GC invocations=287 (full 0):
 PSYoungGen      total 127488K, used 127296K [0x00000000f8300000, 0x0000000100000000, 0x0000000100000000)
  eden space 126976K, 100% used [0x00000000f8300000,0x00000000fff00000,0x00000000fff00000)
  from space 512K, 62% used [0x00000000fff80000,0x00000000fffd0000,0x0000000100000000)
  to   space 512K, 0% used [0x00000000fff00000,0x00000000fff00000,0x00000000fff80000)
 ParOldGen       total 134144K, used 35027K [0x00000000f0000000, 0x00000000f8300000, 0x00000000f8300000)
  object space 134144K, 26% used [0x00000000f0000000,0x00000000f2234df8,0x00000000f8300000)
 Metaspace       used 52787K, capacity 55892K, committed 55936K, reserved 1097728K
  class space    used 6448K, capacity 6998K, committed 7040K, reserved 1048576K
2023-10-03T01:12:55.073+0800: 374.777: [GC (Allocation Failure) [PSYoungGen: 127296K->352K(127488K)] 162323K->35427K(261632K), 0.0060751 secs] [Times: user=0.02 sys=0.00, real=0.01 secs] 
Heap after GC invocations=287 (full 0):
 PSYoungGen      total 127488K, used 352K [0x00000000f8300000, 0x0000000100000000, 0x0000000100000000)
  eden space 126976K, 0% used [0x00000000f8300000,0x00000000f8300000,0x00000000fff00000)
  from space 512K, 68% used [0x00000000fff00000,0x00000000fff58000,0x00000000fff80000)
  to   space 512K, 0% used [0x00000000fff80000,0x00000000fff80000,0x0000000100000000)
 ParOldGen       total 134144K, used 35075K [0x00000000f0000000, 0x00000000f8300000, 0x00000000f8300000)
  object space 134144K, 26% used [0x00000000f0000000,0x00000000f2240df8,0x00000000f8300000)
 Metaspace       used 52787K, capacity 55892K, committed 55936K, reserved 1097728K
  class space    used 6448K, capacity 6998K, committed 7040K, reserved 1048576K
}
{Heap before GC invocations=288 (full 0):
 PSYoungGen      total 127488K, used 127328K [0x00000000f8300000, 0x0000000100000000, 0x0000000100000000)
  eden space 126976K, 100% used [0x00000000f8300000,0x00000000fff00000,0x00000000fff00000)
  from space 512K, 68% used [0x00000000fff00000,0x00000000fff58000,0x00000000fff80000)
  to   space 512K, 0% used [0x00000000fff80000,0x00000000fff80000,0x0000000100000000)
 ParOldGen       total 134144K, used 35075K [0x00000000f0000000, 0x00000000f8300000, 0x00000000f8300000)
  object space 134144K, 26% used [0x00000000f0000000,0x00000000f2240df8,0x00000000f8300000)
 Metaspace       used 52787K, capacity 55892K, committed 55936K, reserved 1097728K
  class space    used 6448K, capacity 6998K, committed 7040K, reserved 1048576K
2023-10-03T01:12:55.737+0800: 375.441: [GC (Allocation Failure) [PSYoungGen: 127328K->320K(127488K)] 162403K->35451K(261632K), 0.0063015 secs] [Times: user=0.03 sys=0.00, real=0.01 secs] 
Heap after GC invocations=288 (full 0):
 PSYoungGen      total 127488K, used 320K [0x00000000f8300000, 0x0000000100000000, 0x0000000100000000)
  eden space 126976K, 0% used [0x00000000f8300000,0x00000000f8300000,0x00000000fff00000)
  from space 512K, 62% used [0x00000000fff80000,0x00000000fffd0000,0x0000000100000000)
  to   space 512K, 0% used [0x00000000fff00000,0x00000000fff00000,0x00000000fff80000)
 ParOldGen       total 134144K, used 35131K [0x00000000f0000000, 0x00000000f8300000, 0x00000000f8300000)
  object space 134144K, 26% used [0x00000000f0000000,0x00000000f224edf8,0x00000000f8300000)
 Metaspace       used 52787K, capacity 55892K, committed 55936K, reserved 1097728K
  class space    used 6448K, capacity 6998K, committed 7040K, reserved 1048576K
}
{Heap before GC invocations=289 (full 0):
 PSYoungGen      total 127488K, used 127296K [0x00000000f8300000, 0x0000000100000000, 0x0000000100000000)
  eden space 126976K, 100% used [0x00000000f8300000,0x00000000fff00000,0x00000000fff00000)
  from space 512K, 62% used [0x00000000fff80000,0x00000000fffd0000,0x0000000100000000)
  to   space 512K, 0% used [0x00000000fff00000,0x00000000fff00000,0x00000000fff80000)
 ParOldGen       total 134144K, used 35131K [0x00000000f0000000, 0x00000000f8300000, 0x00000000f8300000)
  object space 134144K, 26% used [0x00000000f0000000,0x00000000f224edf8,0x00000000f8300000)
 Metaspace       used 52787K, capacity 55892K, committed 55936K, reserved 1097728K
  class space    used 6448K, capacity 6998K, committed 7040K, reserved 1048576K
2023-10-03T01:12:56.389+0800: 376.094: [GC (Allocation Failure) [PSYoungGen: 127296K->320K(127488K)] 162427K->35507K(261632K), 0.0059352 secs] [Times: user=0.03 sys=0.00, real=0.01 secs] 
Heap after GC invocations=289 (full 0):
 PSYoungGen      total 127488K, used 320K [0x00000000f8300000, 0x0000000100000000, 0x0000000100000000)
  eden space 126976K, 0% used [0x00000000f8300000,0x00000000f8300000,0x00000000fff00000)
  from space 512K, 62% used [0x00000000fff00000,0x00000000fff50000,0x00000000fff80000)
  to   space 512K, 0% used [0x00000000fff80000,0x00000000fff80000,0x0000000100000000)
 ParOldGen       total 134144K, used 35187K [0x00000000f0000000, 0x00000000f8300000, 0x00000000f8300000)
  object space 134144K, 26% used [0x00000000f0000000,0x00000000f225cdf8,0x00000000f8300000)
 Metaspace       used 52787K, capacity 55892K, committed 55936K, reserved 1097728K
  class space    used 6448K, capacity 6998K, committed 7040K, reserved 1048576K
}
{Heap before GC invocations=290 (full 0):
 PSYoungGen      total 127488K, used 127296K [0x00000000f8300000, 0x0000000100000000, 0x0000000100000000)
  eden space 126976K, 100% used [0x00000000f8300000,0x00000000fff00000,0x00000000fff00000)
  from space 512K, 62% used [0x00000000fff00000,0x00000000fff50000,0x00000000fff80000)
  to   space 512K, 0% used [0x00000000fff80000,0x00000000fff80000,0x0000000100000000)
 ParOldGen       total 134144K, used 35187K [0x00000000f0000000, 0x00000000f8300000, 0x00000000f8300000)
  object space 134144K, 26% used [0x00000000f0000000,0x00000000f225cdf8,0x00000000f8300000)
 Metaspace       used 52787K, capacity 55892K, committed 55936K, reserved 1097728K
  class space    used 6448K, capacity 6998K, committed 7040K, reserved 1048576K
2023-10-03T01:12:57.045+0800: 376.750: [GC (Allocation Failure) [PSYoungGen: 127296K->320K(127488K)] 162483K->35579K(261632K), 0.0058344 secs] [Times: user=0.02 sys=0.01, real=0.00 secs] 
Heap after GC invocations=290 (full 0):
 PSYoungGen      total 127488K, used 320K [0x00000000f8300000, 0x0000000100000000, 0x0000000100000000)
  eden space 126976K, 0% used [0x00000000f8300000,0x00000000f8300000,0x00000000fff00000)
  from space 512K, 62% used [0x00000000fff80000,0x00000000fffd0000,0x0000000100000000)
  to   space 512K, 0% used [0x00000000fff00000,0x00000000fff00000,0x00000000fff80000)
 ParOldGen       total 134144K, used 35259K [0x00000000f0000000, 0x00000000f8300000, 0x00000000f8300000)
  object space 134144K, 26% used [0x00000000f0000000,0x00000000f226edf8,0x00000000f8300000)
 Metaspace       used 52787K, capacity 55892K, committed 55936K, reserved 1097728K
  class space    used 6448K, capacity 6998K, committed 7040K, reserved 1048576K
}
{Heap before GC invocations=291 (full 0):
 PSYoungGen      total 127488K, used 127296K [0x00000000f8300000, 0x0000000100000000, 0x0000000100000000)
  eden space 126976K, 100% used [0x00000000f8300000,0x00000000fff00000,0x00000000fff00000)
  from space 512K, 62% used [0x00000000fff80000,0x00000000fffd0000,0x0000000100000000)
  to   space 512K, 0% used [0x00000000fff00000,0x00000000fff00000,0x00000000fff80000)
 ParOldGen       total 134144K, used 35259K [0x00000000f0000000, 0x00000000f8300000, 0x00000000f8300000)
  object space 134144K, 26% used [0x00000000f0000000,0x00000000f226edf8,0x00000000f8300000)
 Metaspace       used 52787K, capacity 55892K, committed 55936K, reserved 1097728K
  class space    used 6448K, capacity 6998K, committed 7040K, reserved 1048576K
2023-10-03T01:12:57.688+0800: 377.392: [GC (Allocation Failure) [PSYoungGen: 127296K->320K(127488K)] 162555K->35643K(261632K), 0.0060036 secs] [Times: user=0.02 sys=0.00, real=0.01 secs] 
Heap after GC invocations=291 (full 0):
 PSYoungGen      total 127488K, used 320K [0x00000000f8300000, 0x0000000100000000, 0x0000000100000000)
  eden space 126976K, 0% used [0x00000000f8300000,0x00000000f8300000,0x00000000fff00000)
  from space 512K, 62% used [0x00000000fff00000,0x00000000fff50000,0x00000000fff80000)
  to   space 512K, 0% used [0x00000000fff80000,0x00000000fff80000,0x0000000100000000)
 ParOldGen       total 134144K, used 35323K [0x00000000f0000000, 0x00000000f8300000, 0x00000000f8300000)
  object space 134144K, 26% used [0x00000000f0000000,0x00000000f227edf8,0x00000000f8300000)
 Metaspace       used 52787K, capacity 55892K, committed 55936K, reserved 1097728K
  class space    used 6448K, capacity 6998K, committed 7040K, reserved 1048576K
}
{Heap before GC invocations=292 (full 0):
 PSYoungGen      total 127488K, used 127296K [0x00000000f8300000, 0x0000000100000000, 0x0000000100000000)
  eden space 126976K, 100% used [0x00000000f8300000,0x00000000fff00000,0x00000000fff00000)
  from space 512K, 62% used [0x00000000fff00000,0x00000000fff50000,0x00000000fff80000)
  to   space 512K, 0% used [0x00000000fff80000,0x00000000fff80000,0x0000000100000000)
 ParOldGen       total 134144K, used 35323K [0x00000000f0000000, 0x00000000f8300000, 0x00000000f8300000)
  object space 134144K, 26% used [0x00000000f0000000,0x00000000f227edf8,0x00000000f8300000)
 Metaspace       used 52792K, capacity 55892K, committed 55936K, reserved 1097728K
  class space    used 6448K, capacity 6998K, committed 7040K, reserved 1048576K
2023-10-03T01:12:58.340+0800: 378.045: [GC (Allocation Failure) [PSYoungGen: 127296K->320K(127488K)] 162619K->35699K(261632K), 0.0057889 secs] [Times: user=0.03 sys=0.00, real=0.01 secs] 
Heap after GC invocations=292 (full 0):
 PSYoungGen      total 127488K, used 320K [0x00000000f8300000, 0x0000000100000000, 0x0000000100000000)
  eden space 126976K, 0% used [0x00000000f8300000,0x00000000f8300000,0x00000000fff00000)
  from space 512K, 62% used [0x00000000fff80000,0x00000000fffd0000,0x0000000100000000)
  to   space 512K, 0% used [0x00000000fff00000,0x00000000fff00000,0x00000000fff80000)
 ParOldGen       total 134144K, used 35379K [0x00000000f0000000, 0x00000000f8300000, 0x00000000f8300000)
  object space 134144K, 26% used [0x00000000f0000000,0x00000000f228cdf8,0x00000000f8300000)
 Metaspace       used 52792K, capacity 55892K, committed 55936K, reserved 1097728K
  class space    used 6448K, capacity 6998K, committed 7040K, reserved 1048576K
}
{Heap before GC invocations=293 (full 0):
 PSYoungGen      total 127488K, used 127296K [0x00000000f8300000, 0x0000000100000000, 0x0000000100000000)
  eden space 126976K, 100% used [0x00000000f8300000,0x00000000fff00000,0x00000000fff00000)
  from space 512K, 62% used [0x00000000fff80000,0x00000000fffd0000,0x0000000100000000)
  to   space 512K, 0% used [0x00000000fff00000,0x00000000fff00000,0x00000000fff80000)
 ParOldGen       total 134144K, used 35379K [0x00000000f0000000, 0x00000000f8300000, 0x00000000f8300000)
  object space 134144K, 26% used [0x00000000f0000000,0x00000000f228cdf8,0x00000000f8300000)
 Metaspace       used 52792K, capacity 55892K, committed 55936K, reserved 1097728K
  class space    used 6448K, capacity 6998K, committed 7040K, reserved 1048576K
2023-10-03T01:12:58.983+0800: 378.687: [GC (Allocation Failure) [PSYoungGen: 127296K->320K(127488K)] 162675K->35763K(261632K), 0.0062248 secs] [Times: user=0.03 sys=0.00, real=0.00 secs] 
Heap after GC invocations=293 (full 0):
 PSYoungGen      total 127488K, used 320K [0x00000000f8300000, 0x0000000100000000, 0x0000000100000000)
  eden space 126976K, 0% used [0x00000000f8300000,0x00000000f8300000,0x00000000fff00000)
  from space 512K, 62% used [0x00000000fff00000,0x00000000fff50000,0x00000000fff80000)
  to   space 512K, 0% used [0x00000000fff80000,0x00000000fff80000,0x0000000100000000)
 ParOldGen       total 134144K, used 35443K [0x00000000f0000000, 0x00000000f8300000, 0x00000000f8300000)
  object space 134144K, 26% used [0x00000000f0000000,0x00000000f229cdf8,0x00000000f8300000)
 Metaspace       used 52792K, capacity 55892K, committed 55936K, reserved 1097728K
  class space    used 6448K, capacity 6998K, committed 7040K, reserved 1048576K
}
{Heap before GC invocations=294 (full 0):
 PSYoungGen      total 127488K, used 127296K [0x00000000f8300000, 0x0000000100000000, 0x0000000100000000)
  eden space 126976K, 100% used [0x00000000f8300000,0x00000000fff00000,0x00000000fff00000)
  from space 512K, 62% used [0x00000000fff00000,0x00000000fff50000,0x00000000fff80000)
  to   space 512K, 0% used [0x00000000fff80000,0x00000000fff80000,0x0000000100000000)
 ParOldGen       total 134144K, used 35443K [0x00000000f0000000, 0x00000000f8300000, 0x00000000f8300000)
  object space 134144K, 26% used [0x00000000f0000000,0x00000000f229cdf8,0x00000000f8300000)
 Metaspace       used 52792K, capacity 55892K, committed 55936K, reserved 1097728K
  class space    used 6448K, capacity 6998K, committed 7040K, reserved 1048576K
2023-10-03T01:12:59.647+0800: 379.352: [GC (Allocation Failure) [PSYoungGen: 127296K->352K(127488K)] 162739K->35851K(261632K), 0.0063278 secs] [Times: user=0.03 sys=0.00, real=0.01 secs] 
Heap after GC invocations=294 (full 0):
 PSYoungGen      total 127488K, used 352K [0x00000000f8300000, 0x0000000100000000, 0x0000000100000000)
  eden space 126976K, 0% used [0x00000000f8300000,0x00000000f8300000,0x00000000fff00000)
  from space 512K, 68% used [0x00000000fff80000,0x00000000fffd8000,0x0000000100000000)
  to   space 512K, 0% used [0x00000000fff00000,0x00000000fff00000,0x00000000fff80000)
 ParOldGen       total 134144K, used 35499K [0x00000000f0000000, 0x00000000f8300000, 0x00000000f8300000)
  object space 134144K, 26% used [0x00000000f0000000,0x00000000f22aadf8,0x00000000f8300000)
 Metaspace       used 52792K, capacity 55892K, committed 55936K, reserved 1097728K
  class space    used 6448K, capacity 6998K, committed 7040K, reserved 1048576K
}
{Heap before GC invocations=295 (full 0):
 PSYoungGen      total 127488K, used 127328K [0x00000000f8300000, 0x0000000100000000, 0x0000000100000000)
  eden space 126976K, 100% used [0x00000000f8300000,0x00000000fff00000,0x00000000fff00000)
  from space 512K, 68% used [0x00000000fff80000,0x00000000fffd8000,0x0000000100000000)
  to   space 512K, 0% used [0x00000000fff00000,0x00000000fff00000,0x00000000fff80000)
 ParOldGen       total 134144K, used 35499K [0x00000000f0000000, 0x00000000f8300000, 0x00000000f8300000)
  object space 134144K, 26% used [0x00000000f0000000,0x00000000f22aadf8,0x00000000f8300000)
 Metaspace       used 52792K, capacity 55892K, committed 55936K, reserved 1097728K
  class space    used 6448K, capacity 6998K, committed 7040K, reserved 1048576K
2023-10-03T01:13:00.299+0800: 380.003: [GC (Allocation Failure) [PSYoungGen: 127328K->320K(127488K)] 162827K->35875K(261632K), 0.0060365 secs] [Times: user=0.02 sys=0.01, real=0.02 secs] 
Heap after GC invocations=295 (full 0):
 PSYoungGen      total 127488K, used 320K [0x00000000f8300000, 0x0000000100000000, 0x0000000100000000)
  eden space 126976K, 0% used [0x00000000f8300000,0x00000000f8300000,0x00000000fff00000)
  from space 512K, 62% used [0x00000000fff00000,0x00000000fff50000,0x00000000fff80000)
  to   space 512K, 0% used [0x00000000fff80000,0x00000000fff80000,0x0000000100000000)
 ParOldGen       total 134144K, used 35555K [0x00000000f0000000, 0x00000000f8300000, 0x00000000f8300000)
  object space 134144K, 26% used [0x00000000f0000000,0x00000000f22b8df8,0x00000000f8300000)
 Metaspace       used 52792K, capacity 55892K, committed 55936K, reserved 1097728K
  class space    used 6448K, capacity 6998K, committed 7040K, reserved 1048576K
}
{Heap before GC invocations=296 (full 0):
 PSYoungGen      total 127488K, used 127296K [0x00000000f8300000, 0x0000000100000000, 0x0000000100000000)
  eden space 126976K, 100% used [0x00000000f8300000,0x00000000fff00000,0x00000000fff00000)
  from space 512K, 62% used [0x00000000fff00000,0x00000000fff50000,0x00000000fff80000)
  to   space 512K, 0% used [0x00000000fff80000,0x00000000fff80000,0x0000000100000000)
 ParOldGen       total 134144K, used 35555K [0x00000000f0000000, 0x00000000f8300000, 0x00000000f8300000)
  object space 134144K, 26% used [0x00000000f0000000,0x00000000f22b8df8,0x00000000f8300000)
 Metaspace       used 52792K, capacity 55892K, committed 55936K, reserved 1097728K
  class space    used 6448K, capacity 6998K, committed 7040K, reserved 1048576K
2023-10-03T01:13:00.927+0800: 380.632: [GC (Allocation Failure) [PSYoungGen: 127296K->320K(127488K)] 162851K->35939K(261632K), 0.0061573 secs] [Times: user=0.03 sys=0.00, real=0.01 secs] 
Heap after GC invocations=296 (full 0):
 PSYoungGen      total 127488K, used 320K [0x00000000f8300000, 0x0000000100000000, 0x0000000100000000)
  eden space 126976K, 0% used [0x00000000f8300000,0x00000000f8300000,0x00000000fff00000)
  from space 512K, 62% used [0x00000000fff80000,0x00000000fffd0000,0x0000000100000000)
  to   space 512K, 0% used [0x00000000fff00000,0x00000000fff00000,0x00000000fff80000)
 ParOldGen       total 134144K, used 35619K [0x00000000f0000000, 0x00000000f8300000, 0x00000000f8300000)
  object space 134144K, 26% used [0x00000000f0000000,0x00000000f22c8df8,0x00000000f8300000)
 Metaspace       used 52792K, capacity 55892K, committed 55936K, reserved 1097728K
  class space    used 6448K, capacity 6998K, committed 7040K, reserved 1048576K
}
{Heap before GC invocations=297 (full 0):
 PSYoungGen      total 127488K, used 127296K [0x00000000f8300000, 0x0000000100000000, 0x0000000100000000)
  eden space 126976K, 100% used [0x00000000f8300000,0x00000000fff00000,0x00000000fff00000)
  from space 512K, 62% used [0x00000000fff80000,0x00000000fffd0000,0x0000000100000000)
  to   space 512K, 0% used [0x00000000fff00000,0x00000000fff00000,0x00000000fff80000)
 ParOldGen       total 134144K, used 35619K [0x00000000f0000000, 0x00000000f8300000, 0x00000000f8300000)
  object space 134144K, 26% used [0x00000000f0000000,0x00000000f22c8df8,0x00000000f8300000)
 Metaspace       used 52792K, capacity 55892K, committed 55936K, reserved 1097728K
  class space    used 6448K, capacity 6998K, committed 7040K, reserved 1048576K
2023-10-03T01:13:01.553+0800: 381.257: [GC (Allocation Failure) [PSYoungGen: 127296K->320K(127488K)] 162915K->36003K(261632K), 0.0060425 secs] [Times: user=0.02 sys=0.00, real=0.00 secs] 
Heap after GC invocations=297 (full 0):
 PSYoungGen      total 127488K, used 320K [0x00000000f8300000, 0x0000000100000000, 0x0000000100000000)
  eden space 126976K, 0% used [0x00000000f8300000,0x00000000f8300000,0x00000000fff00000)
  from space 512K, 62% used [0x00000000fff00000,0x00000000fff50000,0x00000000fff80000)
  to   space 512K, 0% used [0x00000000fff80000,0x00000000fff80000,0x0000000100000000)
 ParOldGen       total 134144K, used 35683K [0x00000000f0000000, 0x00000000f8300000, 0x00000000f8300000)
  object space 134144K, 26% used [0x00000000f0000000,0x00000000f22d8df8,0x00000000f8300000)
 Metaspace       used 52792K, capacity 55892K, committed 55936K, reserved 1097728K
  class space    used 6448K, capacity 6998K, committed 7040K, reserved 1048576K
}
{Heap before GC invocations=298 (full 0):
 PSYoungGen      total 127488K, used 127296K [0x00000000f8300000, 0x0000000100000000, 0x0000000100000000)
  eden space 126976K, 100% used [0x00000000f8300000,0x00000000fff00000,0x00000000fff00000)
  from space 512K, 62% used [0x00000000fff00000,0x00000000fff50000,0x00000000fff80000)
  to   space 512K, 0% used [0x00000000fff80000,0x00000000fff80000,0x0000000100000000)
 ParOldGen       total 134144K, used 35683K [0x00000000f0000000, 0x00000000f8300000, 0x00000000f8300000)
  object space 134144K, 26% used [0x00000000f0000000,0x00000000f22d8df8,0x00000000f8300000)
 Metaspace       used 52792K, capacity 55892K, committed 55936K, reserved 1097728K
  class space    used 6448K, capacity 6998K, committed 7040K, reserved 1048576K
2023-10-03T01:13:02.200+0800: 381.904: [GC (Allocation Failure) [PSYoungGen: 127296K->320K(127488K)] 162979K->36051K(261632K), 0.0060025 secs] [Times: user=0.03 sys=0.00, real=0.01 secs] 
Heap after GC invocations=298 (full 0):
 PSYoungGen      total 127488K, used 320K [0x00000000f8300000, 0x0000000100000000, 0x0000000100000000)
  eden space 126976K, 0% used [0x00000000f8300000,0x00000000f8300000,0x00000000fff00000)
  from space 512K, 62% used [0x00000000fff80000,0x00000000fffd0000,0x0000000100000000)
  to   space 512K, 0% used [0x00000000fff00000,0x00000000fff00000,0x00000000fff80000)
 ParOldGen       total 134144K, used 35731K [0x00000000f0000000, 0x00000000f8300000, 0x00000000f8300000)
  object space 134144K, 26% used [0x00000000f0000000,0x00000000f22e4df8,0x00000000f8300000)
 Metaspace       used 52792K, capacity 55892K, committed 55936K, reserved 1097728K
  class space    used 6448K, capacity 6998K, committed 7040K, reserved 1048576K
}
{Heap before GC invocations=299 (full 0):
 PSYoungGen      total 127488K, used 127296K [0x00000000f8300000, 0x0000000100000000, 0x0000000100000000)
  eden space 126976K, 100% used [0x00000000f8300000,0x00000000fff00000,0x00000000fff00000)
  from space 512K, 62% used [0x00000000fff80000,0x00000000fffd0000,0x0000000100000000)
  to   space 512K, 0% used [0x00000000fff00000,0x00000000fff00000,0x00000000fff80000)
 ParOldGen       total 134144K, used 35731K [0x00000000f0000000, 0x00000000f8300000, 0x00000000f8300000)
  object space 134144K, 26% used [0x00000000f0000000,0x00000000f22e4df8,0x00000000f8300000)
 Metaspace       used 52792K, capacity 55892K, committed 55936K, reserved 1097728K
  class space    used 6448K, capacity 6998K, committed 7040K, reserved 1048576K
2023-10-03T01:13:02.842+0800: 382.546: [GC (Allocation Failure) [PSYoungGen: 127296K->320K(127488K)] 163027K->36139K(261632K), 0.0058094 secs] [Times: user=0.02 sys=0.01, real=0.01 secs] 
Heap after GC invocations=299 (full 0):
 PSYoungGen      total 127488K, used 320K [0x00000000f8300000, 0x0000000100000000, 0x0000000100000000)
  eden space 126976K, 0% used [0x00000000f8300000,0x00000000f8300000,0x00000000fff00000)
  from space 512K, 62% used [0x00000000fff00000,0x00000000fff50000,0x00000000fff80000)
  to   space 512K, 0% used [0x00000000fff80000,0x00000000fff80000,0x0000000100000000)
 ParOldGen       total 134144K, used 35819K [0x00000000f0000000, 0x00000000f8300000, 0x00000000f8300000)
  object space 134144K, 26% used [0x00000000f0000000,0x00000000f22fadf8,0x00000000f8300000)
 Metaspace       used 52792K, capacity 55892K, committed 55936K, reserved 1097728K
  class space    used 6448K, capacity 6998K, committed 7040K, reserved 1048576K
}
{Heap before GC invocations=300 (full 0):
 PSYoungGen      total 127488K, used 127296K [0x00000000f8300000, 0x0000000100000000, 0x0000000100000000)
  eden space 126976K, 100% used [0x00000000f8300000,0x00000000fff00000,0x00000000fff00000)
  from space 512K, 62% used [0x00000000fff00000,0x00000000fff50000,0x00000000fff80000)
  to   space 512K, 0% used [0x00000000fff80000,0x00000000fff80000,0x0000000100000000)
 ParOldGen       total 134144K, used 35819K [0x00000000f0000000, 0x00000000f8300000, 0x00000000f8300000)
  object space 134144K, 26% used [0x00000000f0000000,0x00000000f22fadf8,0x00000000f8300000)
 Metaspace       used 52792K, capacity 55892K, committed 55936K, reserved 1097728K
  class space    used 6448K, capacity 6998K, committed 7040K, reserved 1048576K
2023-10-03T01:13:03.518+0800: 383.222: [GC (Allocation Failure) [PSYoungGen: 127296K->320K(127488K)] 163115K->36203K(261632K), 0.0058834 secs] [Times: user=0.03 sys=0.00, real=0.01 secs] 
Heap after GC invocations=300 (full 0):
 PSYoungGen      total 127488K, used 320K [0x00000000f8300000, 0x0000000100000000, 0x0000000100000000)
  eden space 126976K, 0% used [0x00000000f8300000,0x00000000f8300000,0x00000000fff00000)
  from space 512K, 62% used [0x00000000fff80000,0x00000000fffd0000,0x0000000100000000)
  to   space 512K, 0% used [0x00000000fff00000,0x00000000fff00000,0x00000000fff80000)
 ParOldGen       total 134144K, used 35883K [0x00000000f0000000, 0x00000000f8300000, 0x00000000f8300000)
  object space 134144K, 26% used [0x00000000f0000000,0x00000000f230adf8,0x00000000f8300000)
 Metaspace       used 52792K, capacity 55892K, committed 55936K, reserved 1097728K
  class space    used 6448K, capacity 6998K, committed 7040K, reserved 1048576K
}
{Heap before GC invocations=301 (full 0):
 PSYoungGen      total 127488K, used 127296K [0x00000000f8300000, 0x0000000100000000, 0x0000000100000000)
  eden space 126976K, 100% used [0x00000000f8300000,0x00000000fff00000,0x00000000fff00000)
  from space 512K, 62% used [0x00000000fff80000,0x00000000fffd0000,0x0000000100000000)
  to   space 512K, 0% used [0x00000000fff00000,0x00000000fff00000,0x00000000fff80000)
 ParOldGen       total 134144K, used 35883K [0x00000000f0000000, 0x00000000f8300000, 0x00000000f8300000)
  object space 134144K, 26% used [0x00000000f0000000,0x00000000f230adf8,0x00000000f8300000)
 Metaspace       used 52792K, capacity 55892K, committed 55936K, reserved 1097728K
  class space    used 6448K, capacity 6998K, committed 7040K, reserved 1048576K
2023-10-03T01:13:04.180+0800: 383.884: [GC (Allocation Failure) [PSYoungGen: 127296K->320K(127488K)] 163179K->36267K(261632K), 0.0057945 secs] [Times: user=0.03 sys=0.00, real=0.01 secs] 
Heap after GC invocations=301 (full 0):
 PSYoungGen      total 127488K, used 320K [0x00000000f8300000, 0x0000000100000000, 0x0000000100000000)
  eden space 126976K, 0% used [0x00000000f8300000,0x00000000f8300000,0x00000000fff00000)
  from space 512K, 62% used [0x00000000fff00000,0x00000000fff50000,0x00000000fff80000)
  to   space 512K, 0% used [0x00000000fff80000,0x00000000fff80000,0x0000000100000000)
 ParOldGen       total 134144K, used 35947K [0x00000000f0000000, 0x00000000f8300000, 0x00000000f8300000)
  object space 134144K, 26% used [0x00000000f0000000,0x00000000f231adf8,0x00000000f8300000)
 Metaspace       used 52792K, capacity 55892K, committed 55936K, reserved 1097728K
  class space    used 6448K, capacity 6998K, committed 7040K, reserved 1048576K
}
{Heap before GC invocations=302 (full 0):
 PSYoungGen      total 127488K, used 127296K [0x00000000f8300000, 0x0000000100000000, 0x0000000100000000)
  eden space 126976K, 100% used [0x00000000f8300000,0x00000000fff00000,0x00000000fff00000)
  from space 512K, 62% used [0x00000000fff00000,0x00000000fff50000,0x00000000fff80000)
  to   space 512K, 0% used [0x00000000fff80000,0x00000000fff80000,0x0000000100000000)
 ParOldGen       total 134144K, used 35947K [0x00000000f0000000, 0x00000000f8300000, 0x00000000f8300000)
  object space 134144K, 26% used [0x00000000f0000000,0x00000000f231adf8,0x00000000f8300000)
 Metaspace       used 52792K, capacity 55892K, committed 55936K, reserved 1097728K
  class space    used 6448K, capacity 6998K, committed 7040K, reserved 1048576K
2023-10-03T01:13:04.834+0800: 384.539: [GC (Allocation Failure) [PSYoungGen: 127296K->320K(127488K)] 163243K->36315K(261632K), 0.0061126 secs] [Times: user=0.02 sys=0.00, real=0.00 secs] 
Heap after GC invocations=302 (full 0):
 PSYoungGen      total 127488K, used 320K [0x00000000f8300000, 0x0000000100000000, 0x0000000100000000)
  eden space 126976K, 0% used [0x00000000f8300000,0x00000000f8300000,0x00000000fff00000)
  from space 512K, 62% used [0x00000000fff80000,0x00000000fffd0000,0x0000000100000000)
  to   space 512K, 0% used [0x00000000fff00000,0x00000000fff00000,0x00000000fff80000)
 ParOldGen       total 134144K, used 35995K [0x00000000f0000000, 0x00000000f8300000, 0x00000000f8300000)
  object space 134144K, 26% used [0x00000000f0000000,0x00000000f2326df8,0x00000000f8300000)
 Metaspace       used 52792K, capacity 55892K, committed 55936K, reserved 1097728K
  class space    used 6448K, capacity 6998K, committed 7040K, reserved 1048576K
}
{Heap before GC invocations=303 (full 0):
 PSYoungGen      total 127488K, used 127296K [0x00000000f8300000, 0x0000000100000000, 0x0000000100000000)
  eden space 126976K, 100% used [0x00000000f8300000,0x00000000fff00000,0x00000000fff00000)
  from space 512K, 62% used [0x00000000fff80000,0x00000000fffd0000,0x0000000100000000)
  to   space 512K, 0% used [0x00000000fff00000,0x00000000fff00000,0x00000000fff80000)
 ParOldGen       total 134144K, used 35995K [0x00000000f0000000, 0x00000000f8300000, 0x00000000f8300000)
  object space 134144K, 26% used [0x00000000f0000000,0x00000000f2326df8,0x00000000f8300000)
 Metaspace       used 52792K, capacity 55892K, committed 55936K, reserved 1097728K
  class space    used 6448K, capacity 6998K, committed 7040K, reserved 1048576K
2023-10-03T01:13:05.485+0800: 385.190: [GC (Allocation Failure) [PSYoungGen: 127296K->320K(127488K)] 163291K->36363K(261632K), 0.0057829 secs] [Times: user=0.02 sys=0.01, real=0.01 secs] 
Heap after GC invocations=303 (full 0):
 PSYoungGen      total 127488K, used 320K [0x00000000f8300000, 0x0000000100000000, 0x0000000100000000)
  eden space 126976K, 0% used [0x00000000f8300000,0x00000000f8300000,0x00000000fff00000)
  from space 512K, 62% used [0x00000000fff00000,0x00000000fff50000,0x00000000fff80000)
  to   space 512K, 0% used [0x00000000fff80000,0x00000000fff80000,0x0000000100000000)
 ParOldGen       total 134144K, used 36043K [0x00000000f0000000, 0x00000000f8300000, 0x00000000f8300000)
  object space 134144K, 26% used [0x00000000f0000000,0x00000000f2332df8,0x00000000f8300000)
 Metaspace       used 52792K, capacity 55892K, committed 55936K, reserved 1097728K
  class space    used 6448K, capacity 6998K, committed 7040K, reserved 1048576K
}
{Heap before GC invocations=304 (full 0):
 PSYoungGen      total 127488K, used 127296K [0x00000000f8300000, 0x0000000100000000, 0x0000000100000000)
  eden space 126976K, 100% used [0x00000000f8300000,0x00000000fff00000,0x00000000fff00000)
  from space 512K, 62% used [0x00000000fff00000,0x00000000fff50000,0x00000000fff80000)
  to   space 512K, 0% used [0x00000000fff80000,0x00000000fff80000,0x0000000100000000)
 ParOldGen       total 134144K, used 36043K [0x00000000f0000000, 0x00000000f8300000, 0x00000000f8300000)
  object space 134144K, 26% used [0x00000000f0000000,0x00000000f2332df8,0x00000000f8300000)
 Metaspace       used 52792K, capacity 55892K, committed 55936K, reserved 1097728K
  class space    used 6448K, capacity 6998K, committed 7040K, reserved 1048576K
2023-10-03T01:13:06.142+0800: 385.846: [GC (Allocation Failure) [PSYoungGen: 127296K->320K(127488K)] 163339K->36427K(261632K), 0.0058187 secs] [Times: user=0.02 sys=0.01, real=0.00 secs] 
Heap after GC invocations=304 (full 0):
 PSYoungGen      total 127488K, used 320K [0x00000000f8300000, 0x0000000100000000, 0x0000000100000000)
  eden space 126976K, 0% used [0x00000000f8300000,0x00000000f8300000,0x00000000fff00000)
  from space 512K, 62% used [0x00000000fff80000,0x00000000fffd0000,0x0000000100000000)
  to   space 512K, 0% used [0x00000000fff00000,0x00000000fff00000,0x00000000fff80000)
 ParOldGen       total 134144K, used 36107K [0x00000000f0000000, 0x00000000f8300000, 0x00000000f8300000)
  object space 134144K, 26% used [0x00000000f0000000,0x00000000f2342df8,0x00000000f8300000)
 Metaspace       used 52792K, capacity 55892K, committed 55936K, reserved 1097728K
  class space    used 6448K, capacity 6998K, committed 7040K, reserved 1048576K
}
{Heap before GC invocations=305 (full 0):
 PSYoungGen      total 127488K, used 127296K [0x00000000f8300000, 0x0000000100000000, 0x0000000100000000)
  eden space 126976K, 100% used [0x00000000f8300000,0x00000000fff00000,0x00000000fff00000)
  from space 512K, 62% used [0x00000000fff80000,0x00000000fffd0000,0x0000000100000000)
  to   space 512K, 0% used [0x00000000fff00000,0x00000000fff00000,0x00000000fff80000)
 ParOldGen       total 134144K, used 36107K [0x00000000f0000000, 0x00000000f8300000, 0x00000000f8300000)
  object space 134144K, 26% used [0x00000000f0000000,0x00000000f2342df8,0x00000000f8300000)
 Metaspace       used 52792K, capacity 55892K, committed 55936K, reserved 1097728K
  class space    used 6448K, capacity 6998K, committed 7040K, reserved 1048576K
2023-10-03T01:13:06.782+0800: 386.487: [GC (Allocation Failure) [PSYoungGen: 127296K->320K(127488K)] 163403K->36499K(261632K), 0.0058556 secs] [Times: user=0.02 sys=0.01, real=0.00 secs] 
Heap after GC invocations=305 (full 0):
 PSYoungGen      total 127488K, used 320K [0x00000000f8300000, 0x0000000100000000, 0x0000000100000000)
  eden space 126976K, 0% used [0x00000000f8300000,0x00000000f8300000,0x00000000fff00000)
  from space 512K, 62% used [0x00000000fff00000,0x00000000fff50000,0x00000000fff80000)
  to   space 512K, 0% used [0x00000000fff80000,0x00000000fff80000,0x0000000100000000)
 ParOldGen       total 134144K, used 36179K [0x00000000f0000000, 0x00000000f8300000, 0x00000000f8300000)
  object space 134144K, 26% used [0x00000000f0000000,0x00000000f2354df8,0x00000000f8300000)
 Metaspace       used 52792K, capacity 55892K, committed 55936K, reserved 1097728K
  class space    used 6448K, capacity 6998K, committed 7040K, reserved 1048576K
}
{Heap before GC invocations=306 (full 0):
 PSYoungGen      total 127488K, used 127296K [0x00000000f8300000, 0x0000000100000000, 0x0000000100000000)
  eden space 126976K, 100% used [0x00000000f8300000,0x00000000fff00000,0x00000000fff00000)
  from space 512K, 62% used [0x00000000fff00000,0x00000000fff50000,0x00000000fff80000)
  to   space 512K, 0% used [0x00000000fff80000,0x00000000fff80000,0x0000000100000000)
 ParOldGen       total 134144K, used 36179K [0x00000000f0000000, 0x00000000f8300000, 0x00000000f8300000)
  object space 134144K, 26% used [0x00000000f0000000,0x00000000f2354df8,0x00000000f8300000)
 Metaspace       used 52792K, capacity 55892K, committed 55936K, reserved 1097728K
  class space    used 6448K, capacity 6998K, committed 7040K, reserved 1048576K
2023-10-03T01:13:07.432+0800: 387.136: [GC (Allocation Failure) [PSYoungGen: 127296K->352K(127488K)] 163475K->36603K(261632K), 0.0059422 secs] [Times: user=0.02 sys=0.00, real=0.01 secs] 
Heap after GC invocations=306 (full 0):
 PSYoungGen      total 127488K, used 352K [0x00000000f8300000, 0x0000000100000000, 0x0000000100000000)
  eden space 126976K, 0% used [0x00000000f8300000,0x00000000f8300000,0x00000000fff00000)
  from space 512K, 68% used [0x00000000fff80000,0x00000000fffd8000,0x0000000100000000)
  to   space 512K, 0% used [0x00000000fff00000,0x00000000fff00000,0x00000000fff80000)
 ParOldGen       total 134144K, used 36251K [0x00000000f0000000, 0x00000000f8300000, 0x00000000f8300000)
  object space 134144K, 27% used [0x00000000f0000000,0x00000000f2366df8,0x00000000f8300000)
 Metaspace       used 52792K, capacity 55892K, committed 55936K, reserved 1097728K
  class space    used 6448K, capacity 6998K, committed 7040K, reserved 1048576K
}
{Heap before GC invocations=307 (full 0):
 PSYoungGen      total 127488K, used 127328K [0x00000000f8300000, 0x0000000100000000, 0x0000000100000000)
  eden space 126976K, 100% used [0x00000000f8300000,0x00000000fff00000,0x00000000fff00000)
  from space 512K, 68% used [0x00000000fff80000,0x00000000fffd8000,0x0000000100000000)
  to   space 512K, 0% used [0x00000000fff00000,0x00000000fff00000,0x00000000fff80000)
 ParOldGen       total 134144K, used 36251K [0x00000000f0000000, 0x00000000f8300000, 0x00000000f8300000)
  object space 134144K, 27% used [0x00000000f0000000,0x00000000f2366df8,0x00000000f8300000)
 Metaspace       used 52792K, capacity 55892K, committed 55936K, reserved 1097728K
  class space    used 6448K, capacity 6998K, committed 7040K, reserved 1048576K
2023-10-03T01:13:08.086+0800: 387.791: [GC (Allocation Failure) [PSYoungGen: 127328K->320K(127488K)] 163579K->36643K(261632K), 0.0059837 secs] [Times: user=0.03 sys=0.00, real=0.01 secs] 
Heap after GC invocations=307 (full 0):
 PSYoungGen      total 127488K, used 320K [0x00000000f8300000, 0x0000000100000000, 0x0000000100000000)
  eden space 126976K, 0% used [0x00000000f8300000,0x00000000f8300000,0x00000000fff00000)
  from space 512K, 62% used [0x00000000fff00000,0x00000000fff50000,0x00000000fff80000)
  to   space 512K, 0% used [0x00000000fff80000,0x00000000fff80000,0x0000000100000000)
 ParOldGen       total 134144K, used 36323K [0x00000000f0000000, 0x00000000f8300000, 0x00000000f8300000)
  object space 134144K, 27% used [0x00000000f0000000,0x00000000f2378df8,0x00000000f8300000)
 Metaspace       used 52792K, capacity 55892K, committed 55936K, reserved 1097728K
  class space    used 6448K, capacity 6998K, committed 7040K, reserved 1048576K
}
{Heap before GC invocations=308 (full 0):
 PSYoungGen      total 127488K, used 127296K [0x00000000f8300000, 0x0000000100000000, 0x0000000100000000)
  eden space 126976K, 100% used [0x00000000f8300000,0x00000000fff00000,0x00000000fff00000)
  from space 512K, 62% used [0x00000000fff00000,0x00000000fff50000,0x00000000fff80000)
  to   space 512K, 0% used [0x00000000fff80000,0x00000000fff80000,0x0000000100000000)
 ParOldGen       total 134144K, used 36323K [0x00000000f0000000, 0x00000000f8300000, 0x00000000f8300000)
  object space 134144K, 27% used [0x00000000f0000000,0x00000000f2378df8,0x00000000f8300000)
 Metaspace       used 52792K, capacity 55892K, committed 55936K, reserved 1097728K
  class space    used 6448K, capacity 6998K, committed 7040K, reserved 1048576K
2023-10-03T01:13:08.743+0800: 388.448: [GC (Allocation Failure) [PSYoungGen: 127296K->352K(127488K)] 163619K->36731K(261632K), 0.0058101 secs] [Times: user=0.03 sys=0.00, real=0.00 secs] 
Heap after GC invocations=308 (full 0):
 PSYoungGen      total 127488K, used 352K [0x00000000f8300000, 0x0000000100000000, 0x0000000100000000)
  eden space 126976K, 0% used [0x00000000f8300000,0x00000000f8300000,0x00000000fff00000)
  from space 512K, 68% used [0x00000000fff80000,0x00000000fffd8000,0x0000000100000000)
  to   space 512K, 0% used [0x00000000fff00000,0x00000000fff00000,0x00000000fff80000)
 ParOldGen       total 134144K, used 36379K [0x00000000f0000000, 0x00000000f8300000, 0x00000000f8300000)
  object space 134144K, 27% used [0x00000000f0000000,0x00000000f2386df8,0x00000000f8300000)
 Metaspace       used 52792K, capacity 55892K, committed 55936K, reserved 1097728K
  class space    used 6448K, capacity 6998K, committed 7040K, reserved 1048576K
}
{Heap before GC invocations=309 (full 0):
 PSYoungGen      total 127488K, used 127328K [0x00000000f8300000, 0x0000000100000000, 0x0000000100000000)
  eden space 126976K, 100% used [0x00000000f8300000,0x00000000fff00000,0x00000000fff00000)
  from space 512K, 68% used [0x00000000fff80000,0x00000000fffd8000,0x0000000100000000)
  to   space 512K, 0% used [0x00000000fff00000,0x00000000fff00000,0x00000000fff80000)
 ParOldGen       total 134144K, used 36379K [0x00000000f0000000, 0x00000000f8300000, 0x00000000f8300000)
  object space 134144K, 27% used [0x00000000f0000000,0x00000000f2386df8,0x00000000f8300000)
 Metaspace       used 52792K, capacity 55892K, committed 55936K, reserved 1097728K
  class space    used 6448K, capacity 6998K, committed 7040K, reserved 1048576K
2023-10-03T01:13:09.393+0800: 389.097: [GC (Allocation Failure) [PSYoungGen: 127328K->320K(127488K)] 163707K->36755K(261632K), 0.0060298 secs] [Times: user=0.02 sys=0.00, real=0.00 secs] 
Heap after GC invocations=309 (full 0):
 PSYoungGen      total 127488K, used 320K [0x00000000f8300000, 0x0000000100000000, 0x0000000100000000)
  eden space 126976K, 0% used [0x00000000f8300000,0x00000000f8300000,0x00000000fff00000)
  from space 512K, 62% used [0x00000000fff00000,0x00000000fff50000,0x00000000fff80000)
  to   space 512K, 0% used [0x00000000fff80000,0x00000000fff80000,0x0000000100000000)
 ParOldGen       total 134144K, used 36435K [0x00000000f0000000, 0x00000000f8300000, 0x00000000f8300000)
  object space 134144K, 27% used [0x00000000f0000000,0x00000000f2394df8,0x00000000f8300000)
 Metaspace       used 52792K, capacity 55892K, committed 55936K, reserved 1097728K
  class space    used 6448K, capacity 6998K, committed 7040K, reserved 1048576K
}
{Heap before GC invocations=310 (full 0):
 PSYoungGen      total 127488K, used 127296K [0x00000000f8300000, 0x0000000100000000, 0x0000000100000000)
  eden space 126976K, 100% used [0x00000000f8300000,0x00000000fff00000,0x00000000fff00000)
  from space 512K, 62% used [0x00000000fff00000,0x00000000fff50000,0x00000000fff80000)
  to   space 512K, 0% used [0x00000000fff80000,0x00000000fff80000,0x0000000100000000)
 ParOldGen       total 134144K, used 36435K [0x00000000f0000000, 0x00000000f8300000, 0x00000000f8300000)
  object space 134144K, 27% used [0x00000000f0000000,0x00000000f2394df8,0x00000000f8300000)
 Metaspace       used 52792K, capacity 55892K, committed 55936K, reserved 1097728K
  class space    used 6448K, capacity 6998K, committed 7040K, reserved 1048576K
2023-10-03T01:13:10.038+0800: 389.743: [GC (Allocation Failure) [PSYoungGen: 127296K->320K(127488K)] 163731K->36819K(261632K), 0.0059190 secs] [Times: user=0.02 sys=0.00, real=0.01 secs] 
Heap after GC invocations=310 (full 0):
 PSYoungGen      total 127488K, used 320K [0x00000000f8300000, 0x0000000100000000, 0x0000000100000000)
  eden space 126976K, 0% used [0x00000000f8300000,0x00000000f8300000,0x00000000fff00000)
  from space 512K, 62% used [0x00000000fff80000,0x00000000fffd0000,0x0000000100000000)
  to   space 512K, 0% used [0x00000000fff00000,0x00000000fff00000,0x00000000fff80000)
 ParOldGen       total 134144K, used 36499K [0x00000000f0000000, 0x00000000f8300000, 0x00000000f8300000)
  object space 134144K, 27% used [0x00000000f0000000,0x00000000f23a4df8,0x00000000f8300000)
 Metaspace       used 52792K, capacity 55892K, committed 55936K, reserved 1097728K
  class space    used 6448K, capacity 6998K, committed 7040K, reserved 1048576K
}
{Heap before GC invocations=311 (full 0):
 PSYoungGen      total 127488K, used 127296K [0x00000000f8300000, 0x0000000100000000, 0x0000000100000000)
  eden space 126976K, 100% used [0x00000000f8300000,0x00000000fff00000,0x00000000fff00000)
  from space 512K, 62% used [0x00000000fff80000,0x00000000fffd0000,0x0000000100000000)
  to   space 512K, 0% used [0x00000000fff00000,0x00000000fff00000,0x00000000fff80000)
 ParOldGen       total 134144K, used 36499K [0x00000000f0000000, 0x00000000f8300000, 0x00000000f8300000)
  object space 134144K, 27% used [0x00000000f0000000,0x00000000f23a4df8,0x00000000f8300000)
 Metaspace       used 52792K, capacity 55892K, committed 55936K, reserved 1097728K
  class space    used 6448K, capacity 6998K, committed 7040K, reserved 1048576K
2023-10-03T01:13:10.687+0800: 390.392: [GC (Allocation Failure) [PSYoungGen: 127296K->320K(127488K)] 163795K->36867K(261632K), 0.0060125 secs] [Times: user=0.03 sys=0.00, real=0.01 secs] 
Heap after GC invocations=311 (full 0):
 PSYoungGen      total 127488K, used 320K [0x00000000f8300000, 0x0000000100000000, 0x0000000100000000)
  eden space 126976K, 0% used [0x00000000f8300000,0x00000000f8300000,0x00000000fff00000)
  from space 512K, 62% used [0x00000000fff00000,0x00000000fff50000,0x00000000fff80000)
  to   space 512K, 0% used [0x00000000fff80000,0x00000000fff80000,0x0000000100000000)
 ParOldGen       total 134144K, used 36547K [0x00000000f0000000, 0x00000000f8300000, 0x00000000f8300000)
  object space 134144K, 27% used [0x00000000f0000000,0x00000000f23b0df8,0x00000000f8300000)
 Metaspace       used 52792K, capacity 55892K, committed 55936K, reserved 1097728K
  class space    used 6448K, capacity 6998K, committed 7040K, reserved 1048576K
}
{Heap before GC invocations=312 (full 0):
 PSYoungGen      total 127488K, used 127296K [0x00000000f8300000, 0x0000000100000000, 0x0000000100000000)
  eden space 126976K, 100% used [0x00000000f8300000,0x00000000fff00000,0x00000000fff00000)
  from space 512K, 62% used [0x00000000fff00000,0x00000000fff50000,0x00000000fff80000)
  to   space 512K, 0% used [0x00000000fff80000,0x00000000fff80000,0x0000000100000000)
 ParOldGen       total 134144K, used 36547K [0x00000000f0000000, 0x00000000f8300000, 0x00000000f8300000)
  object space 134144K, 27% used [0x00000000f0000000,0x00000000f23b0df8,0x00000000f8300000)
 Metaspace       used 52792K, capacity 55892K, committed 55936K, reserved 1097728K
  class space    used 6448K, capacity 6998K, committed 7040K, reserved 1048576K
2023-10-03T01:13:11.299+0800: 391.003: [GC (Allocation Failure) [PSYoungGen: 127296K->320K(127488K)] 163843K->36915K(261632K), 0.0059223 secs] [Times: user=0.02 sys=0.01, real=0.01 secs] 
Heap after GC invocations=312 (full 0):
 PSYoungGen      total 127488K, used 320K [0x00000000f8300000, 0x0000000100000000, 0x0000000100000000)
  eden space 126976K, 0% used [0x00000000f8300000,0x00000000f8300000,0x00000000fff00000)
  from space 512K, 62% used [0x00000000fff80000,0x00000000fffd0000,0x0000000100000000)
  to   space 512K, 0% used [0x00000000fff00000,0x00000000fff00000,0x00000000fff80000)
 ParOldGen       total 134144K, used 36595K [0x00000000f0000000, 0x00000000f8300000, 0x00000000f8300000)
  object space 134144K, 27% used [0x00000000f0000000,0x00000000f23bcdf8,0x00000000f8300000)
 Metaspace       used 52792K, capacity 55892K, committed 55936K, reserved 1097728K
  class space    used 6448K, capacity 6998K, committed 7040K, reserved 1048576K
}
{Heap before GC invocations=313 (full 0):
 PSYoungGen      total 127488K, used 127296K [0x00000000f8300000, 0x0000000100000000, 0x0000000100000000)
  eden space 126976K, 100% used [0x00000000f8300000,0x00000000fff00000,0x00000000fff00000)
  from space 512K, 62% used [0x00000000fff80000,0x00000000fffd0000,0x0000000100000000)
  to   space 512K, 0% used [0x00000000fff00000,0x00000000fff00000,0x00000000fff80000)
 ParOldGen       total 134144K, used 36595K [0x00000000f0000000, 0x00000000f8300000, 0x00000000f8300000)
  object space 134144K, 27% used [0x00000000f0000000,0x00000000f23bcdf8,0x00000000f8300000)
 Metaspace       used 52792K, capacity 55892K, committed 55936K, reserved 1097728K
  class space    used 6448K, capacity 6998K, committed 7040K, reserved 1048576K
2023-10-03T01:13:11.920+0800: 391.625: [GC (Allocation Failure) [PSYoungGen: 127296K->352K(127488K)] 163891K->37003K(261632K), 0.0058517 secs] [Times: user=0.02 sys=0.00, real=0.01 secs] 
Heap after GC invocations=313 (full 0):
 PSYoungGen      total 127488K, used 352K [0x00000000f8300000, 0x0000000100000000, 0x0000000100000000)
  eden space 126976K, 0% used [0x00000000f8300000,0x00000000f8300000,0x00000000fff00000)
  from space 512K, 68% used [0x00000000fff00000,0x00000000fff58000,0x00000000fff80000)
  to   space 512K, 0% used [0x00000000fff80000,0x00000000fff80000,0x0000000100000000)
 ParOldGen       total 134144K, used 36651K [0x00000000f0000000, 0x00000000f8300000, 0x00000000f8300000)
  object space 134144K, 27% used [0x00000000f0000000,0x00000000f23cadf8,0x00000000f8300000)
 Metaspace       used 52792K, capacity 55892K, committed 55936K, reserved 1097728K
  class space    used 6448K, capacity 6998K, committed 7040K, reserved 1048576K
}
{Heap before GC invocations=314 (full 0):
 PSYoungGen      total 127488K, used 127328K [0x00000000f8300000, 0x0000000100000000, 0x0000000100000000)
  eden space 126976K, 100% used [0x00000000f8300000,0x00000000fff00000,0x00000000fff00000)
  from space 512K, 68% used [0x00000000fff00000,0x00000000fff58000,0x00000000fff80000)
  to   space 512K, 0% used [0x00000000fff80000,0x00000000fff80000,0x0000000100000000)
 ParOldGen       total 134144K, used 36651K [0x00000000f0000000, 0x00000000f8300000, 0x00000000f8300000)
  object space 134144K, 27% used [0x00000000f0000000,0x00000000f23cadf8,0x00000000f8300000)
 Metaspace       used 52792K, capacity 55892K, committed 55936K, reserved 1097728K
  class space    used 6448K, capacity 6998K, committed 7040K, reserved 1048576K
2023-10-03T01:13:12.578+0800: 392.283: [GC (Allocation Failure) [PSYoungGen: 127328K->320K(127488K)] 163979K->37035K(261632K), 0.0059132 secs] [Times: user=0.03 sys=0.00, real=0.01 secs] 
Heap after GC invocations=314 (full 0):
 PSYoungGen      total 127488K, used 320K [0x00000000f8300000, 0x0000000100000000, 0x0000000100000000)
  eden space 126976K, 0% used [0x00000000f8300000,0x00000000f8300000,0x00000000fff00000)
  from space 512K, 62% used [0x00000000fff80000,0x00000000fffd0000,0x0000000100000000)
  to   space 512K, 0% used [0x00000000fff00000,0x00000000fff00000,0x00000000fff80000)
 ParOldGen       total 134144K, used 36715K [0x00000000f0000000, 0x00000000f8300000, 0x00000000f8300000)
  object space 134144K, 27% used [0x00000000f0000000,0x00000000f23dadf8,0x00000000f8300000)
 Metaspace       used 52792K, capacity 55892K, committed 55936K, reserved 1097728K
  class space    used 6448K, capacity 6998K, committed 7040K, reserved 1048576K
}
{Heap before GC invocations=315 (full 0):
 PSYoungGen      total 127488K, used 127296K [0x00000000f8300000, 0x0000000100000000, 0x0000000100000000)
  eden space 126976K, 100% used [0x00000000f8300000,0x00000000fff00000,0x00000000fff00000)
  from space 512K, 62% used [0x00000000fff80000,0x00000000fffd0000,0x0000000100000000)
  to   space 512K, 0% used [0x00000000fff00000,0x00000000fff00000,0x00000000fff80000)
 ParOldGen       total 134144K, used 36715K [0x00000000f0000000, 0x00000000f8300000, 0x00000000f8300000)
  object space 134144K, 27% used [0x00000000f0000000,0x00000000f23dadf8,0x00000000f8300000)
 Metaspace       used 52795K, capacity 55892K, committed 55936K, reserved 1097728K
  class space    used 6448K, capacity 6998K, committed 7040K, reserved 1048576K
2023-10-03T01:13:13.224+0800: 392.928: [GC (Allocation Failure) [PSYoungGen: 127296K->320K(127488K)] 164011K->37099K(261632K), 0.0063045 secs] [Times: user=0.03 sys=0.00, real=0.00 secs] 
Heap after GC invocations=315 (full 0):
 PSYoungGen      total 127488K, used 320K [0x00000000f8300000, 0x0000000100000000, 0x0000000100000000)
  eden space 126976K, 0% used [0x00000000f8300000,0x00000000f8300000,0x00000000fff00000)
  from space 512K, 62% used [0x00000000fff00000,0x00000000fff50000,0x00000000fff80000)
  to   space 512K, 0% used [0x00000000fff80000,0x00000000fff80000,0x0000000100000000)
 ParOldGen       total 134144K, used 36779K [0x00000000f0000000, 0x00000000f8300000, 0x00000000f8300000)
  object space 134144K, 27% used [0x00000000f0000000,0x00000000f23eadf8,0x00000000f8300000)
 Metaspace       used 52795K, capacity 55892K, committed 55936K, reserved 1097728K
  class space    used 6448K, capacity 6998K, committed 7040K, reserved 1048576K
}
{Heap before GC invocations=316 (full 0):
 PSYoungGen      total 127488K, used 127296K [0x00000000f8300000, 0x0000000100000000, 0x0000000100000000)
  eden space 126976K, 100% used [0x00000000f8300000,0x00000000fff00000,0x00000000fff00000)
  from space 512K, 62% used [0x00000000fff00000,0x00000000fff50000,0x00000000fff80000)
  to   space 512K, 0% used [0x00000000fff80000,0x00000000fff80000,0x0000000100000000)
 ParOldGen       total 134144K, used 36779K [0x00000000f0000000, 0x00000000f8300000, 0x00000000f8300000)
  object space 134144K, 27% used [0x00000000f0000000,0x00000000f23eadf8,0x00000000f8300000)
 Metaspace       used 52795K, capacity 55892K, committed 55936K, reserved 1097728K
  class space    used 6448K, capacity 6998K, committed 7040K, reserved 1048576K
2023-10-03T01:13:13.864+0800: 393.569: [GC (Allocation Failure) [PSYoungGen: 127296K->352K(127488K)] 164075K->37195K(261632K), 0.0060388 secs] [Times: user=0.03 sys=0.00, real=0.00 secs] 
Heap after GC invocations=316 (full 0):
 PSYoungGen      total 127488K, used 352K [0x00000000f8300000, 0x0000000100000000, 0x0000000100000000)
  eden space 126976K, 0% used [0x00000000f8300000,0x00000000f8300000,0x00000000fff00000)
  from space 512K, 68% used [0x00000000fff80000,0x00000000fffd8000,0x0000000100000000)
  to   space 512K, 0% used [0x00000000fff00000,0x00000000fff00000,0x00000000fff80000)
 ParOldGen       total 134144K, used 36843K [0x00000000f0000000, 0x00000000f8300000, 0x00000000f8300000)
  object space 134144K, 27% used [0x00000000f0000000,0x00000000f23fadf8,0x00000000f8300000)
 Metaspace       used 52795K, capacity 55892K, committed 55936K, reserved 1097728K
  class space    used 6448K, capacity 6998K, committed 7040K, reserved 1048576K
}
{Heap before GC invocations=317 (full 0):
 PSYoungGen      total 127488K, used 127328K [0x00000000f8300000, 0x0000000100000000, 0x0000000100000000)
  eden space 126976K, 100% used [0x00000000f8300000,0x00000000fff00000,0x00000000fff00000)
  from space 512K, 68% used [0x00000000fff80000,0x00000000fffd8000,0x0000000100000000)
  to   space 512K, 0% used [0x00000000fff00000,0x00000000fff00000,0x00000000fff80000)
 ParOldGen       total 134144K, used 36843K [0x00000000f0000000, 0x00000000f8300000, 0x00000000f8300000)
  object space 134144K, 27% used [0x00000000f0000000,0x00000000f23fadf8,0x00000000f8300000)
 Metaspace       used 52795K, capacity 55892K, committed 55936K, reserved 1097728K
  class space    used 6448K, capacity 6998K, committed 7040K, reserved 1048576K
2023-10-03T01:13:14.513+0800: 394.217: [GC (Allocation Failure) [PSYoungGen: 127328K->352K(127488K)] 164171K->37275K(261632K), 0.0079672 secs] [Times: user=0.03 sys=0.00, real=0.00 secs] 
Heap after GC invocations=317 (full 0):
 PSYoungGen      total 127488K, used 352K [0x00000000f8300000, 0x0000000100000000, 0x0000000100000000)
  eden space 126976K, 0% used [0x00000000f8300000,0x00000000f8300000,0x00000000fff00000)
  from space 512K, 68% used [0x00000000fff00000,0x00000000fff58000,0x00000000fff80000)
  to   space 512K, 0% used [0x00000000fff80000,0x00000000fff80000,0x0000000100000000)
 ParOldGen       total 134144K, used 36923K [0x00000000f0000000, 0x00000000f8300000, 0x00000000f8300000)
  object space 134144K, 27% used [0x00000000f0000000,0x00000000f240edf8,0x00000000f8300000)
 Metaspace       used 52795K, capacity 55892K, committed 55936K, reserved 1097728K
  class space    used 6448K, capacity 6998K, committed 7040K, reserved 1048576K
}
{Heap before GC invocations=318 (full 0):
 PSYoungGen      total 127488K, used 127328K [0x00000000f8300000, 0x0000000100000000, 0x0000000100000000)
  eden space 126976K, 100% used [0x00000000f8300000,0x00000000fff00000,0x00000000fff00000)
  from space 512K, 68% used [0x00000000fff00000,0x00000000fff58000,0x00000000fff80000)
  to   space 512K, 0% used [0x00000000fff80000,0x00000000fff80000,0x0000000100000000)
 ParOldGen       total 134144K, used 36923K [0x00000000f0000000, 0x00000000f8300000, 0x00000000f8300000)
  object space 134144K, 27% used [0x00000000f0000000,0x00000000f240edf8,0x00000000f8300000)
 Metaspace       used 52795K, capacity 55892K, committed 55936K, reserved 1097728K
  class space    used 6448K, capacity 6998K, committed 7040K, reserved 1048576K
2023-10-03T01:13:15.158+0800: 394.863: [GC (Allocation Failure) [PSYoungGen: 127328K->320K(127488K)] 164251K->37307K(261632K), 0.0072077 secs] [Times: user=0.02 sys=0.01, real=0.01 secs] 
Heap after GC invocations=318 (full 0):
 PSYoungGen      total 127488K, used 320K [0x00000000f8300000, 0x0000000100000000, 0x0000000100000000)
  eden space 126976K, 0% used [0x00000000f8300000,0x00000000f8300000,0x00000000fff00000)
  from space 512K, 62% used [0x00000000fff80000,0x00000000fffd0000,0x0000000100000000)
  to   space 512K, 0% used [0x00000000fff00000,0x00000000fff00000,0x00000000fff80000)
 ParOldGen       total 134144K, used 36987K [0x00000000f0000000, 0x00000000f8300000, 0x00000000f8300000)
  object space 134144K, 27% used [0x00000000f0000000,0x00000000f241edf8,0x00000000f8300000)
 Metaspace       used 52795K, capacity 55892K, committed 55936K, reserved 1097728K
  class space    used 6448K, capacity 6998K, committed 7040K, reserved 1048576K
}
{Heap before GC invocations=319 (full 0):
 PSYoungGen      total 127488K, used 127296K [0x00000000f8300000, 0x0000000100000000, 0x0000000100000000)
  eden space 126976K, 100% used [0x00000000f8300000,0x00000000fff00000,0x00000000fff00000)
  from space 512K, 62% used [0x00000000fff80000,0x00000000fffd0000,0x0000000100000000)
  to   space 512K, 0% used [0x00000000fff00000,0x00000000fff00000,0x00000000fff80000)
 ParOldGen       total 134144K, used 36987K [0x00000000f0000000, 0x00000000f8300000, 0x00000000f8300000)
  object space 134144K, 27% used [0x00000000f0000000,0x00000000f241edf8,0x00000000f8300000)
 Metaspace       used 52795K, capacity 55892K, committed 55936K, reserved 1097728K
  class space    used 6448K, capacity 6998K, committed 7040K, reserved 1048576K
2023-10-03T01:13:15.810+0800: 395.514: [GC (Allocation Failure) [PSYoungGen: 127296K->320K(127488K)] 164283K->37379K(261632K), 0.0064975 secs] [Times: user=0.03 sys=0.00, real=0.01 secs] 
Heap after GC invocations=319 (full 0):
 PSYoungGen      total 127488K, used 320K [0x00000000f8300000, 0x0000000100000000, 0x0000000100000000)
  eden space 126976K, 0% used [0x00000000f8300000,0x00000000f8300000,0x00000000fff00000)
  from space 512K, 62% used [0x00000000fff00000,0x00000000fff50000,0x00000000fff80000)
  to   space 512K, 0% used [0x00000000fff80000,0x00000000fff80000,0x0000000100000000)
 ParOldGen       total 134144K, used 37059K [0x00000000f0000000, 0x00000000f8300000, 0x00000000f8300000)
  object space 134144K, 27% used [0x00000000f0000000,0x00000000f2430df8,0x00000000f8300000)
 Metaspace       used 52795K, capacity 55892K, committed 55936K, reserved 1097728K
  class space    used 6448K, capacity 6998K, committed 7040K, reserved 1048576K
}
{Heap before GC invocations=320 (full 0):
 PSYoungGen      total 127488K, used 127296K [0x00000000f8300000, 0x0000000100000000, 0x0000000100000000)
  eden space 126976K, 100% used [0x00000000f8300000,0x00000000fff00000,0x00000000fff00000)
  from space 512K, 62% used [0x00000000fff00000,0x00000000fff50000,0x00000000fff80000)
  to   space 512K, 0% used [0x00000000fff80000,0x00000000fff80000,0x0000000100000000)
 ParOldGen       total 134144K, used 37059K [0x00000000f0000000, 0x00000000f8300000, 0x00000000f8300000)
  object space 134144K, 27% used [0x00000000f0000000,0x00000000f2430df8,0x00000000f8300000)
 Metaspace       used 52795K, capacity 55892K, committed 55936K, reserved 1097728K
  class space    used 6448K, capacity 6998K, committed 7040K, reserved 1048576K
2023-10-03T01:13:16.461+0800: 396.166: [GC (Allocation Failure) [PSYoungGen: 127296K->352K(127488K)] 164355K->37475K(261632K), 0.0074058 secs] [Times: user=0.03 sys=0.00, real=0.01 secs] 
Heap after GC invocations=320 (full 0):
 PSYoungGen      total 127488K, used 352K [0x00000000f8300000, 0x0000000100000000, 0x0000000100000000)
  eden space 126976K, 0% used [0x00000000f8300000,0x00000000f8300000,0x00000000fff00000)
  from space 512K, 68% used [0x00000000fff80000,0x00000000fffd8000,0x0000000100000000)
  to   space 512K, 0% used [0x00000000fff00000,0x00000000fff00000,0x00000000fff80000)
 ParOldGen       total 134144K, used 37123K [0x00000000f0000000, 0x00000000f8300000, 0x00000000f8300000)
  object space 134144K, 27% used [0x00000000f0000000,0x00000000f2440df8,0x00000000f8300000)
 Metaspace       used 52795K, capacity 55892K, committed 55936K, reserved 1097728K
  class space    used 6448K, capacity 6998K, committed 7040K, reserved 1048576K
}
{Heap before GC invocations=321 (full 0):
 PSYoungGen      total 127488K, used 127328K [0x00000000f8300000, 0x0000000100000000, 0x0000000100000000)
  eden space 126976K, 100% used [0x00000000f8300000,0x00000000fff00000,0x00000000fff00000)
  from space 512K, 68% used [0x00000000fff80000,0x00000000fffd8000,0x0000000100000000)
  to   space 512K, 0% used [0x00000000fff00000,0x00000000fff00000,0x00000000fff80000)
 ParOldGen       total 134144K, used 37123K [0x00000000f0000000, 0x00000000f8300000, 0x00000000f8300000)
  object space 134144K, 27% used [0x00000000f0000000,0x00000000f2440df8,0x00000000f8300000)
 Metaspace       used 52795K, capacity 55892K, committed 55936K, reserved 1097728K
  class space    used 6448K, capacity 6998K, committed 7040K, reserved 1048576K
2023-10-03T01:13:17.107+0800: 396.811: [GC (Allocation Failure) [PSYoungGen: 127328K->320K(127488K)] 164451K->37523K(261632K), 0.0058483 secs] [Times: user=0.03 sys=0.00, real=0.01 secs] 
Heap after GC invocations=321 (full 0):
 PSYoungGen      total 127488K, used 320K [0x00000000f8300000, 0x0000000100000000, 0x0000000100000000)
  eden space 126976K, 0% used [0x00000000f8300000,0x00000000f8300000,0x00000000fff00000)
  from space 512K, 62% used [0x00000000fff00000,0x00000000fff50000,0x00000000fff80000)
  to   space 512K, 0% used [0x00000000fff80000,0x00000000fff80000,0x0000000100000000)
 ParOldGen       total 134144K, used 37203K [0x00000000f0000000, 0x00000000f8300000, 0x00000000f8300000)
  object space 134144K, 27% used [0x00000000f0000000,0x00000000f2454df8,0x00000000f8300000)
 Metaspace       used 52795K, capacity 55892K, committed 55936K, reserved 1097728K
  class space    used 6448K, capacity 6998K, committed 7040K, reserved 1048576K
}
{Heap before GC invocations=322 (full 0):
 PSYoungGen      total 127488K, used 127296K [0x00000000f8300000, 0x0000000100000000, 0x0000000100000000)
  eden space 126976K, 100% used [0x00000000f8300000,0x00000000fff00000,0x00000000fff00000)
  from space 512K, 62% used [0x00000000fff00000,0x00000000fff50000,0x00000000fff80000)
  to   space 512K, 0% used [0x00000000fff80000,0x00000000fff80000,0x0000000100000000)
 ParOldGen       total 134144K, used 37203K [0x00000000f0000000, 0x00000000f8300000, 0x00000000f8300000)
  object space 134144K, 27% used [0x00000000f0000000,0x00000000f2454df8,0x00000000f8300000)
 Metaspace       used 52795K, capacity 55892K, committed 55936K, reserved 1097728K
  class space    used 6448K, capacity 6998K, committed 7040K, reserved 1048576K
2023-10-03T01:13:17.754+0800: 397.459: [GC (Allocation Failure) [PSYoungGen: 127296K->320K(127488K)] 164499K->37579K(261632K), 0.0075549 secs] [Times: user=0.03 sys=0.00, real=0.01 secs] 
Heap after GC invocations=322 (full 0):
 PSYoungGen      total 127488K, used 320K [0x00000000f8300000, 0x0000000100000000, 0x0000000100000000)
  eden space 126976K, 0% used [0x00000000f8300000,0x00000000f8300000,0x00000000fff00000)
  from space 512K, 62% used [0x00000000fff80000,0x00000000fffd0000,0x0000000100000000)
  to   space 512K, 0% used [0x00000000fff00000,0x00000000fff00000,0x00000000fff80000)
 ParOldGen       total 134144K, used 37259K [0x00000000f0000000, 0x00000000f8300000, 0x00000000f8300000)
  object space 134144K, 27% used [0x00000000f0000000,0x00000000f2462df8,0x00000000f8300000)
 Metaspace       used 52795K, capacity 55892K, committed 55936K, reserved 1097728K
  class space    used 6448K, capacity 6998K, committed 7040K, reserved 1048576K
}
{Heap before GC invocations=323 (full 0):
 PSYoungGen      total 127488K, used 127296K [0x00000000f8300000, 0x0000000100000000, 0x0000000100000000)
  eden space 126976K, 100% used [0x00000000f8300000,0x00000000fff00000,0x00000000fff00000)
  from space 512K, 62% used [0x00000000fff80000,0x00000000fffd0000,0x0000000100000000)
  to   space 512K, 0% used [0x00000000fff00000,0x00000000fff00000,0x00000000fff80000)
 ParOldGen       total 134144K, used 37259K [0x00000000f0000000, 0x00000000f8300000, 0x00000000f8300000)
  object space 134144K, 27% used [0x00000000f0000000,0x00000000f2462df8,0x00000000f8300000)
 Metaspace       used 52795K, capacity 55892K, committed 55936K, reserved 1097728K
  class space    used 6448K, capacity 6998K, committed 7040K, reserved 1048576K
2023-10-03T01:13:18.407+0800: 398.112: [GC (Allocation Failure) [PSYoungGen: 127296K->320K(127488K)] 164555K->37643K(261632K), 0.0061083 secs] [Times: user=0.02 sys=0.00, real=0.01 secs] 
Heap after GC invocations=323 (full 0):
 PSYoungGen      total 127488K, used 320K [0x00000000f8300000, 0x0000000100000000, 0x0000000100000000)
  eden space 126976K, 0% used [0x00000000f8300000,0x00000000f8300000,0x00000000fff00000)
  from space 512K, 62% used [0x00000000fff00000,0x00000000fff50000,0x00000000fff80000)
  to   space 512K, 0% used [0x00000000fff80000,0x00000000fff80000,0x0000000100000000)
 ParOldGen       total 134144K, used 37323K [0x00000000f0000000, 0x00000000f8300000, 0x00000000f8300000)
  object space 134144K, 27% used [0x00000000f0000000,0x00000000f2472df8,0x00000000f8300000)
 Metaspace       used 52795K, capacity 55892K, committed 55936K, reserved 1097728K
  class space    used 6448K, capacity 6998K, committed 7040K, reserved 1048576K
}
{Heap before GC invocations=324 (full 0):
 PSYoungGen      total 127488K, used 127296K [0x00000000f8300000, 0x0000000100000000, 0x0000000100000000)
  eden space 126976K, 100% used [0x00000000f8300000,0x00000000fff00000,0x00000000fff00000)
  from space 512K, 62% used [0x00000000fff00000,0x00000000fff50000,0x00000000fff80000)
  to   space 512K, 0% used [0x00000000fff80000,0x00000000fff80000,0x0000000100000000)
 ParOldGen       total 134144K, used 37323K [0x00000000f0000000, 0x00000000f8300000, 0x00000000f8300000)
  object space 134144K, 27% used [0x00000000f0000000,0x00000000f2472df8,0x00000000f8300000)
 Metaspace       used 52795K, capacity 55892K, committed 55936K, reserved 1097728K
  class space    used 6448K, capacity 6998K, committed 7040K, reserved 1048576K
2023-10-03T01:13:19.050+0800: 398.755: [GC (Allocation Failure) [PSYoungGen: 127296K->352K(127488K)] 164619K->37747K(261632K), 0.0058003 secs] [Times: user=0.03 sys=0.00, real=0.01 secs] 
Heap after GC invocations=324 (full 0):
 PSYoungGen      total 127488K, used 352K [0x00000000f8300000, 0x0000000100000000, 0x0000000100000000)
  eden space 126976K, 0% used [0x00000000f8300000,0x00000000f8300000,0x00000000fff00000)
  from space 512K, 68% used [0x00000000fff80000,0x00000000fffd8000,0x0000000100000000)
  to   space 512K, 0% used [0x00000000fff00000,0x00000000fff00000,0x00000000fff80000)
 ParOldGen       total 134144K, used 37395K [0x00000000f0000000, 0x00000000f8300000, 0x00000000f8300000)
  object space 134144K, 27% used [0x00000000f0000000,0x00000000f2484df8,0x00000000f8300000)
 Metaspace       used 52795K, capacity 55892K, committed 55936K, reserved 1097728K
  class space    used 6448K, capacity 6998K, committed 7040K, reserved 1048576K
}
{Heap before GC invocations=325 (full 0):
 PSYoungGen      total 127488K, used 127328K [0x00000000f8300000, 0x0000000100000000, 0x0000000100000000)
  eden space 126976K, 100% used [0x00000000f8300000,0x00000000fff00000,0x00000000fff00000)
  from space 512K, 68% used [0x00000000fff80000,0x00000000fffd8000,0x0000000100000000)
  to   space 512K, 0% used [0x00000000fff00000,0x00000000fff00000,0x00000000fff80000)
 ParOldGen       total 134144K, used 37395K [0x00000000f0000000, 0x00000000f8300000, 0x00000000f8300000)
  object space 134144K, 27% used [0x00000000f0000000,0x00000000f2484df8,0x00000000f8300000)
 Metaspace       used 52795K, capacity 55892K, committed 55936K, reserved 1097728K
  class space    used 6448K, capacity 6998K, committed 7040K, reserved 1048576K
2023-10-03T01:13:19.715+0800: 399.419: [GC (Allocation Failure) [PSYoungGen: 127328K->320K(127488K)] 164723K->37771K(261632K), 0.0058388 secs] [Times: user=0.03 sys=0.01, real=0.00 secs] 
Heap after GC invocations=325 (full 0):
 PSYoungGen      total 127488K, used 320K [0x00000000f8300000, 0x0000000100000000, 0x0000000100000000)
  eden space 126976K, 0% used [0x00000000f8300000,0x00000000f8300000,0x00000000fff00000)
  from space 512K, 62% used [0x00000000fff00000,0x00000000fff50000,0x00000000fff80000)
  to   space 512K, 0% used [0x00000000fff80000,0x00000000fff80000,0x0000000100000000)
 ParOldGen       total 134144K, used 37451K [0x00000000f0000000, 0x00000000f8300000, 0x00000000f8300000)
  object space 134144K, 27% used [0x00000000f0000000,0x00000000f2492df8,0x00000000f8300000)
 Metaspace       used 52795K, capacity 55892K, committed 55936K, reserved 1097728K
  class space    used 6448K, capacity 6998K, committed 7040K, reserved 1048576K
}
{Heap before GC invocations=326 (full 0):
 PSYoungGen      total 127488K, used 127296K [0x00000000f8300000, 0x0000000100000000, 0x0000000100000000)
  eden space 126976K, 100% used [0x00000000f8300000,0x00000000fff00000,0x00000000fff00000)
  from space 512K, 62% used [0x00000000fff00000,0x00000000fff50000,0x00000000fff80000)
  to   space 512K, 0% used [0x00000000fff80000,0x00000000fff80000,0x0000000100000000)
 ParOldGen       total 134144K, used 37451K [0x00000000f0000000, 0x00000000f8300000, 0x00000000f8300000)
  object space 134144K, 27% used [0x00000000f0000000,0x00000000f2492df8,0x00000000f8300000)
 Metaspace       used 52795K, capacity 55892K, committed 55936K, reserved 1097728K
  class space    used 6448K, capacity 6998K, committed 7040K, reserved 1048576K
2023-10-03T01:13:20.357+0800: 400.062: [GC (Allocation Failure) [PSYoungGen: 127296K->320K(127488K)] 164747K->37851K(261632K), 0.0058034 secs] [Times: user=0.03 sys=0.00, real=0.01 secs] 
Heap after GC invocations=326 (full 0):
 PSYoungGen      total 127488K, used 320K [0x00000000f8300000, 0x0000000100000000, 0x0000000100000000)
  eden space 126976K, 0% used [0x00000000f8300000,0x00000000f8300000,0x00000000fff00000)
  from space 512K, 62% used [0x00000000fff80000,0x00000000fffd0000,0x0000000100000000)
  to   space 512K, 0% used [0x00000000fff00000,0x00000000fff00000,0x00000000fff80000)
 ParOldGen       total 134144K, used 37531K [0x00000000f0000000, 0x00000000f8300000, 0x00000000f8300000)
  object space 134144K, 27% used [0x00000000f0000000,0x00000000f24a6df8,0x00000000f8300000)
 Metaspace       used 52795K, capacity 55892K, committed 55936K, reserved 1097728K
  class space    used 6448K, capacity 6998K, committed 7040K, reserved 1048576K
}
{Heap before GC invocations=327 (full 0):
 PSYoungGen      total 127488K, used 127296K [0x00000000f8300000, 0x0000000100000000, 0x0000000100000000)
  eden space 126976K, 100% used [0x00000000f8300000,0x00000000fff00000,0x00000000fff00000)
  from space 512K, 62% used [0x00000000fff80000,0x00000000fffd0000,0x0000000100000000)
  to   space 512K, 0% used [0x00000000fff00000,0x00000000fff00000,0x00000000fff80000)
 ParOldGen       total 134144K, used 37531K [0x00000000f0000000, 0x00000000f8300000, 0x00000000f8300000)
  object space 134144K, 27% used [0x00000000f0000000,0x00000000f24a6df8,0x00000000f8300000)
 Metaspace       used 52795K, capacity 55892K, committed 55936K, reserved 1097728K
  class space    used 6448K, capacity 6998K, committed 7040K, reserved 1048576K
2023-10-03T01:13:20.997+0800: 400.701: [GC (Allocation Failure) [PSYoungGen: 127296K->384K(127488K)] 164827K->37971K(261632K), 0.0059799 secs] [Times: user=0.03 sys=0.00, real=0.01 secs] 
Heap after GC invocations=327 (full 0):
 PSYoungGen      total 127488K, used 384K [0x00000000f8300000, 0x0000000100000000, 0x0000000100000000)
  eden space 126976K, 0% used [0x00000000f8300000,0x00000000f8300000,0x00000000fff00000)
  from space 512K, 75% used [0x00000000fff00000,0x00000000fff60000,0x00000000fff80000)
  to   space 512K, 0% used [0x00000000fff80000,0x00000000fff80000,0x0000000100000000)
 ParOldGen       total 134144K, used 37587K [0x00000000f0000000, 0x00000000f8300000, 0x00000000f8300000)
  object space 134144K, 28% used [0x00000000f0000000,0x00000000f24b4df8,0x00000000f8300000)
 Metaspace       used 52795K, capacity 55892K, committed 55936K, reserved 1097728K
  class space    used 6448K, capacity 6998K, committed 7040K, reserved 1048576K
}
{Heap before GC invocations=328 (full 0):
 PSYoungGen      total 127488K, used 127360K [0x00000000f8300000, 0x0000000100000000, 0x0000000100000000)
  eden space 126976K, 100% used [0x00000000f8300000,0x00000000fff00000,0x00000000fff00000)
  from space 512K, 75% used [0x00000000fff00000,0x00000000fff60000,0x00000000fff80000)
  to   space 512K, 0% used [0x00000000fff80000,0x00000000fff80000,0x0000000100000000)
 ParOldGen       total 134144K, used 37587K [0x00000000f0000000, 0x00000000f8300000, 0x00000000f8300000)
  object space 134144K, 28% used [0x00000000f0000000,0x00000000f24b4df8,0x00000000f8300000)
 Metaspace       used 52795K, capacity 55892K, committed 55936K, reserved 1097728K
  class space    used 6448K, capacity 6998K, committed 7040K, reserved 1048576K
2023-10-03T01:13:21.877+0800: 401.581: [GC (Allocation Failure) [PSYoungGen: 127360K->320K(127488K)] 164947K->37979K(261632K), 0.0059573 secs] [Times: user=0.03 sys=0.00, real=0.01 secs] 
Heap after GC invocations=328 (full 0):
 PSYoungGen      total 127488K, used 320K [0x00000000f8300000, 0x0000000100000000, 0x0000000100000000)
  eden space 126976K, 0% used [0x00000000f8300000,0x00000000f8300000,0x00000000fff00000)
  from space 512K, 62% used [0x00000000fff80000,0x00000000fffd0000,0x0000000100000000)
  to   space 512K, 0% used [0x00000000fff00000,0x00000000fff00000,0x00000000fff80000)
 ParOldGen       total 134144K, used 37659K [0x00000000f0000000, 0x00000000f8300000, 0x00000000f8300000)
  object space 134144K, 28% used [0x00000000f0000000,0x00000000f24c6df8,0x00000000f8300000)
 Metaspace       used 52795K, capacity 55892K, committed 55936K, reserved 1097728K
  class space    used 6448K, capacity 6998K, committed 7040K, reserved 1048576K
}
{Heap before GC invocations=329 (full 0):
 PSYoungGen      total 127488K, used 127296K [0x00000000f8300000, 0x0000000100000000, 0x0000000100000000)
  eden space 126976K, 100% used [0x00000000f8300000,0x00000000fff00000,0x00000000fff00000)
  from space 512K, 62% used [0x00000000fff80000,0x00000000fffd0000,0x0000000100000000)
  to   space 512K, 0% used [0x00000000fff00000,0x00000000fff00000,0x00000000fff80000)
 ParOldGen       total 134144K, used 37659K [0x00000000f0000000, 0x00000000f8300000, 0x00000000f8300000)
  object space 134144K, 28% used [0x00000000f0000000,0x00000000f24c6df8,0x00000000f8300000)
 Metaspace       used 52795K, capacity 55892K, committed 55936K, reserved 1097728K
  class space    used 6448K, capacity 6998K, committed 7040K, reserved 1048576K
2023-10-03T01:13:23.032+0800: 402.737: [GC (Allocation Failure) [PSYoungGen: 127296K->416K(127488K)] 164955K->38115K(261632K), 0.0040363 secs] [Times: user=0.02 sys=0.01, real=0.00 secs] 
Heap after GC invocations=329 (full 0):
 PSYoungGen      total 127488K, used 416K [0x00000000f8300000, 0x0000000100000000, 0x0000000100000000)
  eden space 126976K, 0% used [0x00000000f8300000,0x00000000f8300000,0x00000000fff00000)
  from space 512K, 81% used [0x00000000fff00000,0x00000000fff68000,0x00000000fff80000)
  to   space 512K, 0% used [0x00000000fff80000,0x00000000fff80000,0x0000000100000000)
 ParOldGen       total 134144K, used 37699K [0x00000000f0000000, 0x00000000f8300000, 0x00000000f8300000)
  object space 134144K, 28% used [0x00000000f0000000,0x00000000f24d0df8,0x00000000f8300000)
 Metaspace       used 52795K, capacity 55892K, committed 55936K, reserved 1097728K
  class space    used 6448K, capacity 6998K, committed 7040K, reserved 1048576K
}
{Heap before GC invocations=330 (full 0):
 PSYoungGen      total 127488K, used 127392K [0x00000000f8300000, 0x0000000100000000, 0x0000000100000000)
  eden space 126976K, 100% used [0x00000000f8300000,0x00000000fff00000,0x00000000fff00000)
  from space 512K, 81% used [0x00000000fff00000,0x00000000fff68000,0x00000000fff80000)
  to   space 512K, 0% used [0x00000000fff80000,0x00000000fff80000,0x0000000100000000)
 ParOldGen       total 134144K, used 37699K [0x00000000f0000000, 0x00000000f8300000, 0x00000000f8300000)
  object space 134144K, 28% used [0x00000000f0000000,0x00000000f24d0df8,0x00000000f8300000)
 Metaspace       used 52795K, capacity 55892K, committed 55936K, reserved 1097728K
  class space    used 6448K, capacity 6998K, committed 7040K, reserved 1048576K
2023-10-03T01:13:23.675+0800: 403.380: [GC (Allocation Failure) [PSYoungGen: 127392K->496K(126464K)] 165091K->38642K(260608K), 0.0060399 secs] [Times: user=0.02 sys=0.01, real=0.00 secs] 
Heap after GC invocations=330 (full 0):
 PSYoungGen      total 126464K, used 496K [0x00000000f8300000, 0x0000000100000000, 0x0000000100000000)
  eden space 125952K, 0% used [0x00000000f8300000,0x00000000f8300000,0x00000000ffe00000)
  from space 512K, 96% used [0x00000000fff80000,0x00000000ffffc050,0x0000000100000000)
  to   space 1024K, 0% used [0x00000000ffe00000,0x00000000ffe00000,0x00000000fff00000)
 ParOldGen       total 134144K, used 38146K [0x00000000f0000000, 0x00000000f8300000, 0x00000000f8300000)
  object space 134144K, 28% used [0x00000000f0000000,0x00000000f2540b48,0x00000000f8300000)
 Metaspace       used 52795K, capacity 55892K, committed 55936K, reserved 1097728K
  class space    used 6448K, capacity 6998K, committed 7040K, reserved 1048576K
}
{Heap before GC invocations=331 (full 0):
 PSYoungGen      total 126464K, used 126448K [0x00000000f8300000, 0x0000000100000000, 0x0000000100000000)
  eden space 125952K, 100% used [0x00000000f8300000,0x00000000ffe00000,0x00000000ffe00000)
  from space 512K, 96% used [0x00000000fff80000,0x00000000ffffc050,0x0000000100000000)
  to   space 1024K, 0% used [0x00000000ffe00000,0x00000000ffe00000,0x00000000fff00000)
 ParOldGen       total 134144K, used 38146K [0x00000000f0000000, 0x00000000f8300000, 0x00000000f8300000)
  object space 134144K, 28% used [0x00000000f0000000,0x00000000f2540b48,0x00000000f8300000)
 Metaspace       used 52795K, capacity 55892K, committed 55936K, reserved 1097728K
  class space    used 6448K, capacity 6998K, committed 7040K, reserved 1048576K
2023-10-03T01:13:24.311+0800: 404.016: [GC (Allocation Failure) [PSYoungGen: 126448K->352K(126976K)] 164594K->38858K(261120K), 0.0061215 secs] [Times: user=0.03 sys=0.00, real=0.01 secs] 
Heap after GC invocations=331 (full 0):
 PSYoungGen      total 126976K, used 352K [0x00000000f8300000, 0x0000000100000000, 0x0000000100000000)
  eden space 125952K, 0% used [0x00000000f8300000,0x00000000f8300000,0x00000000ffe00000)
  from space 1024K, 34% used [0x00000000ffe00000,0x00000000ffe58000,0x00000000fff00000)
  to   space 1024K, 0% used [0x00000000fff00000,0x00000000fff00000,0x0000000100000000)
 ParOldGen       total 134144K, used 38506K [0x00000000f0000000, 0x00000000f8300000, 0x00000000f8300000)
  object space 134144K, 28% used [0x00000000f0000000,0x00000000f259a9b8,0x00000000f8300000)
 Metaspace       used 52795K, capacity 55892K, committed 55936K, reserved 1097728K
  class space    used 6448K, capacity 6998K, committed 7040K, reserved 1048576K
}
{Heap before GC invocations=332 (full 0):
 PSYoungGen      total 126976K, used 126304K [0x00000000f8300000, 0x0000000100000000, 0x0000000100000000)
  eden space 125952K, 100% used [0x00000000f8300000,0x00000000ffe00000,0x00000000ffe00000)
  from space 1024K, 34% used [0x00000000ffe00000,0x00000000ffe58000,0x00000000fff00000)
  to   space 1024K, 0% used [0x00000000fff00000,0x00000000fff00000,0x0000000100000000)
 ParOldGen       total 134144K, used 38506K [0x00000000f0000000, 0x00000000f8300000, 0x00000000f8300000)
  object space 134144K, 28% used [0x00000000f0000000,0x00000000f259a9b8,0x00000000f8300000)
 Metaspace       used 52795K, capacity 55892K, committed 55936K, reserved 1097728K
  class space    used 6448K, capacity 6998K, committed 7040K, reserved 1048576K
2023-10-03T01:13:24.939+0800: 404.643: [GC (Allocation Failure) [PSYoungGen: 126304K->320K(126976K)] 164810K->38906K(261120K), 0.0059896 secs] [Times: user=0.03 sys=0.00, real=0.01 secs] 
Heap after GC invocations=332 (full 0):
 PSYoungGen      total 126976K, used 320K [0x00000000f8300000, 0x0000000100000000, 0x0000000100000000)
  eden space 125952K, 0% used [0x00000000f8300000,0x00000000f8300000,0x00000000ffe00000)
  from space 1024K, 31% used [0x00000000fff00000,0x00000000fff50000,0x0000000100000000)
  to   space 1024K, 0% used [0x00000000ffe00000,0x00000000ffe00000,0x00000000fff00000)
 ParOldGen       total 134144K, used 38586K [0x00000000f0000000, 0x00000000f8300000, 0x00000000f8300000)
  object space 134144K, 28% used [0x00000000f0000000,0x00000000f25ae9b8,0x00000000f8300000)
 Metaspace       used 52795K, capacity 55892K, committed 55936K, reserved 1097728K
  class space    used 6448K, capacity 6998K, committed 7040K, reserved 1048576K
}
{Heap before GC invocations=333 (full 0):
 PSYoungGen      total 126976K, used 126272K [0x00000000f8300000, 0x0000000100000000, 0x0000000100000000)
  eden space 125952K, 100% used [0x00000000f8300000,0x00000000ffe00000,0x00000000ffe00000)
  from space 1024K, 31% used [0x00000000fff00000,0x00000000fff50000,0x0000000100000000)
  to   space 1024K, 0% used [0x00000000ffe00000,0x00000000ffe00000,0x00000000fff00000)
 ParOldGen       total 134144K, used 38586K [0x00000000f0000000, 0x00000000f8300000, 0x00000000f8300000)
  object space 134144K, 28% used [0x00000000f0000000,0x00000000f25ae9b8,0x00000000f8300000)
 Metaspace       used 52795K, capacity 55892K, committed 55936K, reserved 1097728K
  class space    used 6448K, capacity 6998K, committed 7040K, reserved 1048576K
2023-10-03T01:13:25.592+0800: 405.297: [GC (Allocation Failure) [PSYoungGen: 126272K->352K(126976K)] 164858K->38986K(261120K), 0.0061398 secs] [Times: user=0.03 sys=0.00, real=0.00 secs] 
Heap after GC invocations=333 (full 0):
 PSYoungGen      total 126976K, used 352K [0x00000000f8300000, 0x0000000100000000, 0x0000000100000000)
  eden space 125952K, 0% used [0x00000000f8300000,0x00000000f8300000,0x00000000ffe00000)
  from space 1024K, 34% used [0x00000000ffe00000,0x00000000ffe58000,0x00000000fff00000)
  to   space 1024K, 0% used [0x00000000fff00000,0x00000000fff00000,0x0000000100000000)
 ParOldGen       total 134144K, used 38634K [0x00000000f0000000, 0x00000000f8300000, 0x00000000f8300000)
  object space 134144K, 28% used [0x00000000f0000000,0x00000000f25ba9b8,0x00000000f8300000)
 Metaspace       used 52795K, capacity 55892K, committed 55936K, reserved 1097728K
  class space    used 6448K, capacity 6998K, committed 7040K, reserved 1048576K
}
{Heap before GC invocations=334 (full 0):
 PSYoungGen      total 126976K, used 126304K [0x00000000f8300000, 0x0000000100000000, 0x0000000100000000)
  eden space 125952K, 100% used [0x00000000f8300000,0x00000000ffe00000,0x00000000ffe00000)
  from space 1024K, 34% used [0x00000000ffe00000,0x00000000ffe58000,0x00000000fff00000)
  to   space 1024K, 0% used [0x00000000fff00000,0x00000000fff00000,0x0000000100000000)
 ParOldGen       total 134144K, used 38634K [0x00000000f0000000, 0x00000000f8300000, 0x00000000f8300000)
  object space 134144K, 28% used [0x00000000f0000000,0x00000000f25ba9b8,0x00000000f8300000)
 Metaspace       used 52795K, capacity 55892K, committed 55936K, reserved 1097728K
  class space    used 6448K, capacity 6998K, committed 7040K, reserved 1048576K
2023-10-03T01:13:26.218+0800: 405.922: [GC (Allocation Failure) [PSYoungGen: 126304K->320K(126976K)] 164938K->39034K(261120K), 0.0061204 secs] [Times: user=0.03 sys=0.00, real=0.01 secs] 
Heap after GC invocations=334 (full 0):
 PSYoungGen      total 126976K, used 320K [0x00000000f8300000, 0x0000000100000000, 0x0000000100000000)
  eden space 125952K, 0% used [0x00000000f8300000,0x00000000f8300000,0x00000000ffe00000)
  from space 1024K, 31% used [0x00000000fff00000,0x00000000fff50000,0x0000000100000000)
  to   space 1024K, 0% used [0x00000000ffe00000,0x00000000ffe00000,0x00000000fff00000)
 ParOldGen       total 134144K, used 38714K [0x00000000f0000000, 0x00000000f8300000, 0x00000000f8300000)
  object space 134144K, 28% used [0x00000000f0000000,0x00000000f25ce9b8,0x00000000f8300000)
 Metaspace       used 52795K, capacity 55892K, committed 55936K, reserved 1097728K
  class space    used 6448K, capacity 6998K, committed 7040K, reserved 1048576K
}
{Heap before GC invocations=335 (full 0):
 PSYoungGen      total 126976K, used 126272K [0x00000000f8300000, 0x0000000100000000, 0x0000000100000000)
  eden space 125952K, 100% used [0x00000000f8300000,0x00000000ffe00000,0x00000000ffe00000)
  from space 1024K, 31% used [0x00000000fff00000,0x00000000fff50000,0x0000000100000000)
  to   space 1024K, 0% used [0x00000000ffe00000,0x00000000ffe00000,0x00000000fff00000)
 ParOldGen       total 134144K, used 38714K [0x00000000f0000000, 0x00000000f8300000, 0x00000000f8300000)
  object space 134144K, 28% used [0x00000000f0000000,0x00000000f25ce9b8,0x00000000f8300000)
 Metaspace       used 52795K, capacity 55892K, committed 55936K, reserved 1097728K
  class space    used 6448K, capacity 6998K, committed 7040K, reserved 1048576K
2023-10-03T01:13:26.870+0800: 406.574: [GC (Allocation Failure) [PSYoungGen: 126272K->320K(126976K)] 164986K->39106K(261120K), 0.0063962 secs] [Times: user=0.03 sys=0.00, real=0.01 secs] 
Heap after GC invocations=335 (full 0):
 PSYoungGen      total 126976K, used 320K [0x00000000f8300000, 0x0000000100000000, 0x0000000100000000)
  eden space 125952K, 0% used [0x00000000f8300000,0x00000000f8300000,0x00000000ffe00000)
  from space 1024K, 31% used [0x00000000ffe00000,0x00000000ffe50000,0x00000000fff00000)
  to   space 1024K, 0% used [0x00000000fff00000,0x00000000fff00000,0x0000000100000000)
 ParOldGen       total 134144K, used 38786K [0x00000000f0000000, 0x00000000f8300000, 0x00000000f8300000)
  object space 134144K, 28% used [0x00000000f0000000,0x00000000f25e09b8,0x00000000f8300000)
 Metaspace       used 52795K, capacity 55892K, committed 55936K, reserved 1097728K
  class space    used 6448K, capacity 6998K, committed 7040K, reserved 1048576K
}
{Heap before GC invocations=336 (full 0):
 PSYoungGen      total 126976K, used 126272K [0x00000000f8300000, 0x0000000100000000, 0x0000000100000000)
  eden space 125952K, 100% used [0x00000000f8300000,0x00000000ffe00000,0x00000000ffe00000)
  from space 1024K, 31% used [0x00000000ffe00000,0x00000000ffe50000,0x00000000fff00000)
  to   space 1024K, 0% used [0x00000000fff00000,0x00000000fff00000,0x0000000100000000)
 ParOldGen       total 134144K, used 38786K [0x00000000f0000000, 0x00000000f8300000, 0x00000000f8300000)
  object space 134144K, 28% used [0x00000000f0000000,0x00000000f25e09b8,0x00000000f8300000)
 Metaspace       used 52795K, capacity 55892K, committed 55936K, reserved 1097728K
  class space    used 6448K, capacity 6998K, committed 7040K, reserved 1048576K
2023-10-03T01:13:27.517+0800: 407.221: [GC (Allocation Failure) [PSYoungGen: 126272K->320K(126976K)] 165058K->39178K(261120K), 0.0059558 secs] [Times: user=0.03 sys=0.00, real=0.01 secs] 
Heap after GC invocations=336 (full 0):
 PSYoungGen      total 126976K, used 320K [0x00000000f8300000, 0x0000000100000000, 0x0000000100000000)
  eden space 125952K, 0% used [0x00000000f8300000,0x00000000f8300000,0x00000000ffe00000)
  from space 1024K, 31% used [0x00000000fff00000,0x00000000fff50000,0x0000000100000000)
  to   space 1024K, 0% used [0x00000000ffe00000,0x00000000ffe00000,0x00000000fff00000)
 ParOldGen       total 134144K, used 38858K [0x00000000f0000000, 0x00000000f8300000, 0x00000000f8300000)
  object space 134144K, 28% used [0x00000000f0000000,0x00000000f25f29b8,0x00000000f8300000)
 Metaspace       used 52795K, capacity 55892K, committed 55936K, reserved 1097728K
  class space    used 6448K, capacity 6998K, committed 7040K, reserved 1048576K
}
{Heap before GC invocations=337 (full 0):
 PSYoungGen      total 126976K, used 126272K [0x00000000f8300000, 0x0000000100000000, 0x0000000100000000)
  eden space 125952K, 100% used [0x00000000f8300000,0x00000000ffe00000,0x00000000ffe00000)
  from space 1024K, 31% used [0x00000000fff00000,0x00000000fff50000,0x0000000100000000)
  to   space 1024K, 0% used [0x00000000ffe00000,0x00000000ffe00000,0x00000000fff00000)
 ParOldGen       total 134144K, used 38858K [0x00000000f0000000, 0x00000000f8300000, 0x00000000f8300000)
  object space 134144K, 28% used [0x00000000f0000000,0x00000000f25f29b8,0x00000000f8300000)
 Metaspace       used 52795K, capacity 55892K, committed 55936K, reserved 1097728K
  class space    used 6448K, capacity 6998K, committed 7040K, reserved 1048576K
2023-10-03T01:13:28.120+0800: 407.825: [GC (Allocation Failure) [PSYoungGen: 126272K->320K(126976K)] 165130K->39258K(261120K), 0.0060006 secs] [Times: user=0.02 sys=0.00, real=0.01 secs] 
Heap after GC invocations=337 (full 0):
 PSYoungGen      total 126976K, used 320K [0x00000000f8300000, 0x0000000100000000, 0x0000000100000000)
  eden space 125952K, 0% used [0x00000000f8300000,0x00000000f8300000,0x00000000ffe00000)
  from space 1024K, 31% used [0x00000000ffe00000,0x00000000ffe50000,0x00000000fff00000)
  to   space 1024K, 0% used [0x00000000fff00000,0x00000000fff00000,0x0000000100000000)
 ParOldGen       total 134144K, used 38938K [0x00000000f0000000, 0x00000000f8300000, 0x00000000f8300000)
  object space 134144K, 29% used [0x00000000f0000000,0x00000000f26069b8,0x00000000f8300000)
 Metaspace       used 52795K, capacity 55892K, committed 55936K, reserved 1097728K
  class space    used 6448K, capacity 6998K, committed 7040K, reserved 1048576K
}
{Heap before GC invocations=338 (full 0):
 PSYoungGen      total 126976K, used 126272K [0x00000000f8300000, 0x0000000100000000, 0x0000000100000000)
  eden space 125952K, 100% used [0x00000000f8300000,0x00000000ffe00000,0x00000000ffe00000)
  from space 1024K, 31% used [0x00000000ffe00000,0x00000000ffe50000,0x00000000fff00000)
  to   space 1024K, 0% used [0x00000000fff00000,0x00000000fff00000,0x0000000100000000)
 ParOldGen       total 134144K, used 38938K [0x00000000f0000000, 0x00000000f8300000, 0x00000000f8300000)
  object space 134144K, 29% used [0x00000000f0000000,0x00000000f26069b8,0x00000000f8300000)
 Metaspace       used 52795K, capacity 55892K, committed 55936K, reserved 1097728K
  class space    used 6448K, capacity 6998K, committed 7040K, reserved 1048576K
2023-10-03T01:13:28.765+0800: 408.469: [GC (Allocation Failure) [PSYoungGen: 126272K->352K(126976K)] 165210K->39362K(261120K), 0.0060779 secs] [Times: user=0.02 sys=0.00, real=0.00 secs] 
Heap after GC invocations=338 (full 0):
 PSYoungGen      total 126976K, used 352K [0x00000000f8300000, 0x0000000100000000, 0x0000000100000000)
  eden space 125952K, 0% used [0x00000000f8300000,0x00000000f8300000,0x00000000ffe00000)
  from space 1024K, 34% used [0x00000000fff00000,0x00000000fff58000,0x0000000100000000)
  to   space 1024K, 0% used [0x00000000ffe00000,0x00000000ffe00000,0x00000000fff00000)
 ParOldGen       total 134144K, used 39010K [0x00000000f0000000, 0x00000000f8300000, 0x00000000f8300000)
  object space 134144K, 29% used [0x00000000f0000000,0x00000000f26189b8,0x00000000f8300000)
 Metaspace       used 52795K, capacity 55892K, committed 55936K, reserved 1097728K
  class space    used 6448K, capacity 6998K, committed 7040K, reserved 1048576K
}
{Heap before GC invocations=339 (full 0):
 PSYoungGen      total 126976K, used 126304K [0x00000000f8300000, 0x0000000100000000, 0x0000000100000000)
  eden space 125952K, 100% used [0x00000000f8300000,0x00000000ffe00000,0x00000000ffe00000)
  from space 1024K, 34% used [0x00000000fff00000,0x00000000fff58000,0x0000000100000000)
  to   space 1024K, 0% used [0x00000000ffe00000,0x00000000ffe00000,0x00000000fff00000)
 ParOldGen       total 134144K, used 39010K [0x00000000f0000000, 0x00000000f8300000, 0x00000000f8300000)
  object space 134144K, 29% used [0x00000000f0000000,0x00000000f26189b8,0x00000000f8300000)
 Metaspace       used 52795K, capacity 55892K, committed 55936K, reserved 1097728K
  class space    used 6448K, capacity 6998K, committed 7040K, reserved 1048576K
2023-10-03T01:13:29.412+0800: 409.117: [GC (Allocation Failure) [PSYoungGen: 126304K->352K(126976K)] 165314K->39426K(261120K), 0.0058972 secs] [Times: user=0.03 sys=0.00, real=0.00 secs] 
Heap after GC invocations=339 (full 0):
 PSYoungGen      total 126976K, used 352K [0x00000000f8300000, 0x0000000100000000, 0x0000000100000000)
  eden space 125952K, 0% used [0x00000000f8300000,0x00000000f8300000,0x00000000ffe00000)
  from space 1024K, 34% used [0x00000000ffe00000,0x00000000ffe58000,0x00000000fff00000)
  to   space 1024K, 0% used [0x00000000fff00000,0x00000000fff00000,0x0000000100000000)
 ParOldGen       total 134144K, used 39074K [0x00000000f0000000, 0x00000000f8300000, 0x00000000f8300000)
  object space 134144K, 29% used [0x00000000f0000000,0x00000000f26289b8,0x00000000f8300000)
 Metaspace       used 52795K, capacity 55892K, committed 55936K, reserved 1097728K
  class space    used 6448K, capacity 6998K, committed 7040K, reserved 1048576K
}
{Heap before GC invocations=340 (full 0):
 PSYoungGen      total 126976K, used 126304K [0x00000000f8300000, 0x0000000100000000, 0x0000000100000000)
  eden space 125952K, 100% used [0x00000000f8300000,0x00000000ffe00000,0x00000000ffe00000)
  from space 1024K, 34% used [0x00000000ffe00000,0x00000000ffe58000,0x00000000fff00000)
  to   space 1024K, 0% used [0x00000000fff00000,0x00000000fff00000,0x0000000100000000)
 ParOldGen       total 134144K, used 39074K [0x00000000f0000000, 0x00000000f8300000, 0x00000000f8300000)
  object space 134144K, 29% used [0x00000000f0000000,0x00000000f26289b8,0x00000000f8300000)
 Metaspace       used 52795K, capacity 55892K, committed 55936K, reserved 1097728K
  class space    used 6448K, capacity 6998K, committed 7040K, reserved 1048576K
2023-10-03T01:13:30.038+0800: 409.743: [GC (Allocation Failure) [PSYoungGen: 126304K->320K(127488K)] 165378K->39466K(261632K), 0.0075340 secs] [Times: user=0.03 sys=0.00, real=0.01 secs] 
Heap after GC invocations=340 (full 0):
 PSYoungGen      total 127488K, used 320K [0x00000000f8300000, 0x0000000100000000, 0x0000000100000000)
  eden space 126464K, 0% used [0x00000000f8300000,0x00000000f8300000,0x00000000ffe80000)
  from space 1024K, 31% used [0x00000000fff00000,0x00000000fff50000,0x0000000100000000)
  to   space 512K, 0% used [0x00000000ffe80000,0x00000000ffe80000,0x00000000fff00000)
 ParOldGen       total 134144K, used 39146K [0x00000000f0000000, 0x00000000f8300000, 0x00000000f8300000)
  object space 134144K, 29% used [0x00000000f0000000,0x00000000f263a9b8,0x00000000f8300000)
 Metaspace       used 52795K, capacity 55892K, committed 55936K, reserved 1097728K
  class space    used 6448K, capacity 6998K, committed 7040K, reserved 1048576K
}
{Heap before GC invocations=341 (full 0):
 PSYoungGen      total 127488K, used 126784K [0x00000000f8300000, 0x0000000100000000, 0x0000000100000000)
  eden space 126464K, 100% used [0x00000000f8300000,0x00000000ffe80000,0x00000000ffe80000)
  from space 1024K, 31% used [0x00000000fff00000,0x00000000fff50000,0x0000000100000000)
  to   space 512K, 0% used [0x00000000ffe80000,0x00000000ffe80000,0x00000000fff00000)
 ParOldGen       total 134144K, used 39146K [0x00000000f0000000, 0x00000000f8300000, 0x00000000f8300000)
  object space 134144K, 29% used [0x00000000f0000000,0x00000000f263a9b8,0x00000000f8300000)
 Metaspace       used 52795K, capacity 55892K, committed 55936K, reserved 1097728K
  class space    used 6448K, capacity 6998K, committed 7040K, reserved 1048576K
2023-10-03T01:13:30.691+0800: 410.395: [GC (Allocation Failure) [PSYoungGen: 126784K->320K(126976K)] 165930K->39546K(261120K), 0.0061916 secs] [Times: user=0.03 sys=0.00, real=0.01 secs] 
Heap after GC invocations=341 (full 0):
 PSYoungGen      total 126976K, used 320K [0x00000000f8300000, 0x0000000100000000, 0x0000000100000000)
  eden space 126464K, 0% used [0x00000000f8300000,0x00000000f8300000,0x00000000ffe80000)
  from space 512K, 62% used [0x00000000ffe80000,0x00000000ffed0000,0x00000000fff00000)
  to   space 512K, 0% used [0x00000000fff80000,0x00000000fff80000,0x0000000100000000)
 ParOldGen       total 134144K, used 39226K [0x00000000f0000000, 0x00000000f8300000, 0x00000000f8300000)
  object space 134144K, 29% used [0x00000000f0000000,0x00000000f264e9b8,0x00000000f8300000)
 Metaspace       used 52795K, capacity 55892K, committed 55936K, reserved 1097728K
  class space    used 6448K, capacity 6998K, committed 7040K, reserved 1048576K
}
{Heap before GC invocations=342 (full 0):
 PSYoungGen      total 126976K, used 126784K [0x00000000f8300000, 0x0000000100000000, 0x0000000100000000)
  eden space 126464K, 100% used [0x00000000f8300000,0x00000000ffe80000,0x00000000ffe80000)
  from space 512K, 62% used [0x00000000ffe80000,0x00000000ffed0000,0x00000000fff00000)
  to   space 512K, 0% used [0x00000000fff80000,0x00000000fff80000,0x0000000100000000)
 ParOldGen       total 134144K, used 39226K [0x00000000f0000000, 0x00000000f8300000, 0x00000000f8300000)
  object space 134144K, 29% used [0x00000000f0000000,0x00000000f264e9b8,0x00000000f8300000)
 Metaspace       used 52795K, capacity 55892K, committed 55936K, reserved 1097728K
  class space    used 6448K, capacity 6998K, committed 7040K, reserved 1048576K
2023-10-03T01:13:31.330+0800: 411.034: [GC (Allocation Failure) [PSYoungGen: 126784K->320K(127488K)] 166010K->39626K(261632K), 0.0059443 secs] [Times: user=0.03 sys=0.00, real=0.02 secs] 
Heap after GC invocations=342 (full 0):
 PSYoungGen      total 127488K, used 320K [0x00000000f8300000, 0x0000000100000000, 0x0000000100000000)
  eden space 126976K, 0% used [0x00000000f8300000,0x00000000f8300000,0x00000000fff00000)
  from space 512K, 62% used [0x00000000fff80000,0x00000000fffd0000,0x0000000100000000)
  to   space 512K, 0% used [0x00000000fff00000,0x00000000fff00000,0x00000000fff80000)
 ParOldGen       total 134144K, used 39306K [0x00000000f0000000, 0x00000000f8300000, 0x00000000f8300000)
  object space 134144K, 29% used [0x00000000f0000000,0x00000000f26629b8,0x00000000f8300000)
 Metaspace       used 52795K, capacity 55892K, committed 55936K, reserved 1097728K
  class space    used 6448K, capacity 6998K, committed 7040K, reserved 1048576K
}
{Heap before GC invocations=343 (full 0):
 PSYoungGen      total 127488K, used 127296K [0x00000000f8300000, 0x0000000100000000, 0x0000000100000000)
  eden space 126976K, 100% used [0x00000000f8300000,0x00000000fff00000,0x00000000fff00000)
  from space 512K, 62% used [0x00000000fff80000,0x00000000fffd0000,0x0000000100000000)
  to   space 512K, 0% used [0x00000000fff00000,0x00000000fff00000,0x00000000fff80000)
 ParOldGen       total 134144K, used 39306K [0x00000000f0000000, 0x00000000f8300000, 0x00000000f8300000)
  object space 134144K, 29% used [0x00000000f0000000,0x00000000f26629b8,0x00000000f8300000)
 Metaspace       used 52795K, capacity 55892K, committed 55936K, reserved 1097728K
  class space    used 6448K, capacity 6998K, committed 7040K, reserved 1048576K
2023-10-03T01:13:31.952+0800: 411.657: [GC (Allocation Failure) [PSYoungGen: 127296K->320K(127488K)] 166602K->39706K(261632K), 0.0059813 secs] [Times: user=0.01 sys=0.02, real=0.00 secs] 
Heap after GC invocations=343 (full 0):
 PSYoungGen      total 127488K, used 320K [0x00000000f8300000, 0x0000000100000000, 0x0000000100000000)
  eden space 126976K, 0% used [0x00000000f8300000,0x00000000f8300000,0x00000000fff00000)
  from space 512K, 62% used [0x00000000fff00000,0x00000000fff50000,0x00000000fff80000)
  to   space 512K, 0% used [0x00000000fff80000,0x00000000fff80000,0x0000000100000000)
 ParOldGen       total 134144K, used 39386K [0x00000000f0000000, 0x00000000f8300000, 0x00000000f8300000)
  object space 134144K, 29% used [0x00000000f0000000,0x00000000f26769b8,0x00000000f8300000)
 Metaspace       used 52795K, capacity 55892K, committed 55936K, reserved 1097728K
  class space    used 6448K, capacity 6998K, committed 7040K, reserved 1048576K
}
{Heap before GC invocations=344 (full 0):
 PSYoungGen      total 127488K, used 127296K [0x00000000f8300000, 0x0000000100000000, 0x0000000100000000)
  eden space 126976K, 100% used [0x00000000f8300000,0x00000000fff00000,0x00000000fff00000)
  from space 512K, 62% used [0x00000000fff00000,0x00000000fff50000,0x00000000fff80000)
  to   space 512K, 0% used [0x00000000fff80000,0x00000000fff80000,0x0000000100000000)
 ParOldGen       total 134144K, used 39386K [0x00000000f0000000, 0x00000000f8300000, 0x00000000f8300000)
  object space 134144K, 29% used [0x00000000f0000000,0x00000000f26769b8,0x00000000f8300000)
 Metaspace       used 52795K, capacity 55892K, committed 55936K, reserved 1097728K
  class space    used 6448K, capacity 6998K, committed 7040K, reserved 1048576K
2023-10-03T01:13:32.592+0800: 412.296: [GC (Allocation Failure) [PSYoungGen: 127296K->320K(127488K)] 166682K->39762K(261632K), 0.0060773 secs] [Times: user=0.02 sys=0.01, real=0.00 secs] 
Heap after GC invocations=344 (full 0):
 PSYoungGen      total 127488K, used 320K [0x00000000f8300000, 0x0000000100000000, 0x0000000100000000)
  eden space 126976K, 0% used [0x00000000f8300000,0x00000000f8300000,0x00000000fff00000)
  from space 512K, 62% used [0x00000000fff80000,0x00000000fffd0000,0x0000000100000000)
  to   space 512K, 0% used [0x00000000fff00000,0x00000000fff00000,0x00000000fff80000)
 ParOldGen       total 134144K, used 39442K [0x00000000f0000000, 0x00000000f8300000, 0x00000000f8300000)
  object space 134144K, 29% used [0x00000000f0000000,0x00000000f26849b8,0x00000000f8300000)
 Metaspace       used 52795K, capacity 55892K, committed 55936K, reserved 1097728K
  class space    used 6448K, capacity 6998K, committed 7040K, reserved 1048576K
}
{Heap before GC invocations=345 (full 0):
 PSYoungGen      total 127488K, used 127296K [0x00000000f8300000, 0x0000000100000000, 0x0000000100000000)
  eden space 126976K, 100% used [0x00000000f8300000,0x00000000fff00000,0x00000000fff00000)
  from space 512K, 62% used [0x00000000fff80000,0x00000000fffd0000,0x0000000100000000)
  to   space 512K, 0% used [0x00000000fff00000,0x00000000fff00000,0x00000000fff80000)
 ParOldGen       total 134144K, used 39442K [0x00000000f0000000, 0x00000000f8300000, 0x00000000f8300000)
  object space 134144K, 29% used [0x00000000f0000000,0x00000000f26849b8,0x00000000f8300000)
 Metaspace       used 52795K, capacity 55892K, committed 55936K, reserved 1097728K
  class space    used 6448K, capacity 6998K, committed 7040K, reserved 1048576K
2023-10-03T01:13:33.225+0800: 412.929: [GC (Allocation Failure) [PSYoungGen: 127296K->320K(127488K)] 166738K->39842K(261632K), 0.0059390 secs] [Times: user=0.03 sys=0.01, real=0.00 secs] 
Heap after GC invocations=345 (full 0):
 PSYoungGen      total 127488K, used 320K [0x00000000f8300000, 0x0000000100000000, 0x0000000100000000)
  eden space 126976K, 0% used [0x00000000f8300000,0x00000000f8300000,0x00000000fff00000)
  from space 512K, 62% used [0x00000000fff00000,0x00000000fff50000,0x00000000fff80000)
  to   space 512K, 0% used [0x00000000fff80000,0x00000000fff80000,0x0000000100000000)
 ParOldGen       total 134144K, used 39522K [0x00000000f0000000, 0x00000000f8300000, 0x00000000f8300000)
  object space 134144K, 29% used [0x00000000f0000000,0x00000000f26989b8,0x00000000f8300000)
 Metaspace       used 52795K, capacity 55892K, committed 55936K, reserved 1097728K
  class space    used 6448K, capacity 6998K, committed 7040K, reserved 1048576K
}
{Heap before GC invocations=346 (full 0):
 PSYoungGen      total 127488K, used 127296K [0x00000000f8300000, 0x0000000100000000, 0x0000000100000000)
  eden space 126976K, 100% used [0x00000000f8300000,0x00000000fff00000,0x00000000fff00000)
  from space 512K, 62% used [0x00000000fff00000,0x00000000fff50000,0x00000000fff80000)
  to   space 512K, 0% used [0x00000000fff80000,0x00000000fff80000,0x0000000100000000)
 ParOldGen       total 134144K, used 39522K [0x00000000f0000000, 0x00000000f8300000, 0x00000000f8300000)
  object space 134144K, 29% used [0x00000000f0000000,0x00000000f26989b8,0x00000000f8300000)
 Metaspace       used 52795K, capacity 55892K, committed 55936K, reserved 1097728K
  class space    used 6448K, capacity 6998K, committed 7040K, reserved 1048576K
2023-10-03T01:13:33.867+0800: 413.572: [GC (Allocation Failure) [PSYoungGen: 127296K->320K(127488K)] 166818K->39914K(261632K), 0.0061923 secs] [Times: user=0.03 sys=0.00, real=0.01 secs] 
Heap after GC invocations=346 (full 0):
 PSYoungGen      total 127488K, used 320K [0x00000000f8300000, 0x0000000100000000, 0x0000000100000000)
  eden space 126976K, 0% used [0x00000000f8300000,0x00000000f8300000,0x00000000fff00000)
  from space 512K, 62% used [0x00000000fff80000,0x00000000fffd0000,0x0000000100000000)
  to   space 512K, 0% used [0x00000000fff00000,0x00000000fff00000,0x00000000fff80000)
 ParOldGen       total 134144K, used 39594K [0x00000000f0000000, 0x00000000f8300000, 0x00000000f8300000)
  object space 134144K, 29% used [0x00000000f0000000,0x00000000f26aa9b8,0x00000000f8300000)
 Metaspace       used 52795K, capacity 55892K, committed 55936K, reserved 1097728K
  class space    used 6448K, capacity 6998K, committed 7040K, reserved 1048576K
}
{Heap before GC invocations=347 (full 0):
 PSYoungGen      total 127488K, used 127296K [0x00000000f8300000, 0x0000000100000000, 0x0000000100000000)
  eden space 126976K, 100% used [0x00000000f8300000,0x00000000fff00000,0x00000000fff00000)
  from space 512K, 62% used [0x00000000fff80000,0x00000000fffd0000,0x0000000100000000)
  to   space 512K, 0% used [0x00000000fff00000,0x00000000fff00000,0x00000000fff80000)
 ParOldGen       total 134144K, used 39594K [0x00000000f0000000, 0x00000000f8300000, 0x00000000f8300000)
  object space 134144K, 29% used [0x00000000f0000000,0x00000000f26aa9b8,0x00000000f8300000)
 Metaspace       used 52795K, capacity 55892K, committed 55936K, reserved 1097728K
  class space    used 6448K, capacity 6998K, committed 7040K, reserved 1048576K
2023-10-03T01:13:34.515+0800: 414.220: [GC (Allocation Failure) [PSYoungGen: 127296K->352K(127488K)] 166890K->40010K(261632K), 0.0058789 secs] [Times: user=0.02 sys=0.01, real=0.00 secs] 
Heap after GC invocations=347 (full 0):
 PSYoungGen      total 127488K, used 352K [0x00000000f8300000, 0x0000000100000000, 0x0000000100000000)
  eden space 126976K, 0% used [0x00000000f8300000,0x00000000f8300000,0x00000000fff00000)
  from space 512K, 68% used [0x00000000fff00000,0x00000000fff58000,0x00000000fff80000)
  to   space 512K, 0% used [0x00000000fff80000,0x00000000fff80000,0x0000000100000000)
 ParOldGen       total 134144K, used 39658K [0x00000000f0000000, 0x00000000f8300000, 0x00000000f8300000)
  object space 134144K, 29% used [0x00000000f0000000,0x00000000f26ba9b8,0x00000000f8300000)
 Metaspace       used 52795K, capacity 55892K, committed 55936K, reserved 1097728K
  class space    used 6448K, capacity 6998K, committed 7040K, reserved 1048576K
}
{Heap before GC invocations=348 (full 0):
 PSYoungGen      total 127488K, used 127328K [0x00000000f8300000, 0x0000000100000000, 0x0000000100000000)
  eden space 126976K, 100% used [0x00000000f8300000,0x00000000fff00000,0x00000000fff00000)
  from space 512K, 68% used [0x00000000fff00000,0x00000000fff58000,0x00000000fff80000)
  to   space 512K, 0% used [0x00000000fff80000,0x00000000fff80000,0x0000000100000000)
 ParOldGen       total 134144K, used 39658K [0x00000000f0000000, 0x00000000f8300000, 0x00000000f8300000)
  object space 134144K, 29% used [0x00000000f0000000,0x00000000f26ba9b8,0x00000000f8300000)
 Metaspace       used 52795K, capacity 55892K, committed 55936K, reserved 1097728K
  class space    used 6448K, capacity 6998K, committed 7040K, reserved 1048576K
2023-10-03T01:13:35.160+0800: 414.864: [GC (Allocation Failure) [PSYoungGen: 127328K->320K(127488K)] 166986K->40042K(261632K), 0.0059323 secs] [Times: user=0.02 sys=0.00, real=0.01 secs] 
Heap after GC invocations=348 (full 0):
 PSYoungGen      total 127488K, used 320K [0x00000000f8300000, 0x0000000100000000, 0x0000000100000000)
  eden space 126976K, 0% used [0x00000000f8300000,0x00000000f8300000,0x00000000fff00000)
  from space 512K, 62% used [0x00000000fff80000,0x00000000fffd0000,0x0000000100000000)
  to   space 512K, 0% used [0x00000000fff00000,0x00000000fff00000,0x00000000fff80000)
 ParOldGen       total 134144K, used 39722K [0x00000000f0000000, 0x00000000f8300000, 0x00000000f8300000)
  object space 134144K, 29% used [0x00000000f0000000,0x00000000f26ca9b8,0x00000000f8300000)
 Metaspace       used 52795K, capacity 55892K, committed 55936K, reserved 1097728K
  class space    used 6448K, capacity 6998K, committed 7040K, reserved 1048576K
}
{Heap before GC invocations=349 (full 0):
 PSYoungGen      total 127488K, used 127296K [0x00000000f8300000, 0x0000000100000000, 0x0000000100000000)
  eden space 126976K, 100% used [0x00000000f8300000,0x00000000fff00000,0x00000000fff00000)
  from space 512K, 62% used [0x00000000fff80000,0x00000000fffd0000,0x0000000100000000)
  to   space 512K, 0% used [0x00000000fff00000,0x00000000fff00000,0x00000000fff80000)
 ParOldGen       total 134144K, used 39722K [0x00000000f0000000, 0x00000000f8300000, 0x00000000f8300000)
  object space 134144K, 29% used [0x00000000f0000000,0x00000000f26ca9b8,0x00000000f8300000)
 Metaspace       used 52795K, capacity 55892K, committed 55936K, reserved 1097728K
  class space    used 6448K, capacity 6998K, committed 7040K, reserved 1048576K
2023-10-03T01:13:35.810+0800: 415.515: [GC (Allocation Failure) [PSYoungGen: 127296K->320K(127488K)] 167018K->40130K(261632K), 0.0059967 secs] [Times: user=0.03 sys=0.00, real=0.01 secs] 
Heap after GC invocations=349 (full 0):
 PSYoungGen      total 127488K, used 320K [0x00000000f8300000, 0x0000000100000000, 0x0000000100000000)
  eden space 126976K, 0% used [0x00000000f8300000,0x00000000f8300000,0x00000000fff00000)
  from space 512K, 62% used [0x00000000fff00000,0x00000000fff50000,0x00000000fff80000)
  to   space 512K, 0% used [0x00000000fff80000,0x00000000fff80000,0x0000000100000000)
 ParOldGen       total 134144K, used 39810K [0x00000000f0000000, 0x00000000f8300000, 0x00000000f8300000)
  object space 134144K, 29% used [0x00000000f0000000,0x00000000f26e09b8,0x00000000f8300000)
 Metaspace       used 52795K, capacity 55892K, committed 55936K, reserved 1097728K
  class space    used 6448K, capacity 6998K, committed 7040K, reserved 1048576K
}
{Heap before GC invocations=350 (full 0):
 PSYoungGen      total 127488K, used 127296K [0x00000000f8300000, 0x0000000100000000, 0x0000000100000000)
  eden space 126976K, 100% used [0x00000000f8300000,0x00000000fff00000,0x00000000fff00000)
  from space 512K, 62% used [0x00000000fff00000,0x00000000fff50000,0x00000000fff80000)
  to   space 512K, 0% used [0x00000000fff80000,0x00000000fff80000,0x0000000100000000)
 ParOldGen       total 134144K, used 39810K [0x00000000f0000000, 0x00000000f8300000, 0x00000000f8300000)
  object space 134144K, 29% used [0x00000000f0000000,0x00000000f26e09b8,0x00000000f8300000)
 Metaspace       used 52795K, capacity 55892K, committed 55936K, reserved 1097728K
  class space    used 6448K, capacity 6998K, committed 7040K, reserved 1048576K
2023-10-03T01:13:36.457+0800: 416.162: [GC (Allocation Failure) [PSYoungGen: 127296K->352K(127488K)] 167106K->40226K(261632K), 0.0059593 secs] [Times: user=0.03 sys=0.00, real=0.01 secs] 
Heap after GC invocations=350 (full 0):
 PSYoungGen      total 127488K, used 352K [0x00000000f8300000, 0x0000000100000000, 0x0000000100000000)
  eden space 126976K, 0% used [0x00000000f8300000,0x00000000f8300000,0x00000000fff00000)
  from space 512K, 68% used [0x00000000fff80000,0x00000000fffd8000,0x0000000100000000)
  to   space 512K, 0% used [0x00000000fff00000,0x00000000fff00000,0x00000000fff80000)
 ParOldGen       total 134144K, used 39874K [0x00000000f0000000, 0x00000000f8300000, 0x00000000f8300000)
  object space 134144K, 29% used [0x00000000f0000000,0x00000000f26f09b8,0x00000000f8300000)
 Metaspace       used 52795K, capacity 55892K, committed 55936K, reserved 1097728K
  class space    used 6448K, capacity 6998K, committed 7040K, reserved 1048576K
}
{Heap before GC invocations=351 (full 0):
 PSYoungGen      total 127488K, used 127328K [0x00000000f8300000, 0x0000000100000000, 0x0000000100000000)
  eden space 126976K, 100% used [0x00000000f8300000,0x00000000fff00000,0x00000000fff00000)
  from space 512K, 68% used [0x00000000fff80000,0x00000000fffd8000,0x0000000100000000)
  to   space 512K, 0% used [0x00000000fff00000,0x00000000fff00000,0x00000000fff80000)
 ParOldGen       total 134144K, used 39874K [0x00000000f0000000, 0x00000000f8300000, 0x00000000f8300000)
  object space 134144K, 29% used [0x00000000f0000000,0x00000000f26f09b8,0x00000000f8300000)
 Metaspace       used 52795K, capacity 55892K, committed 55936K, reserved 1097728K
  class space    used 6448K, capacity 6998K, committed 7040K, reserved 1048576K
2023-10-03T01:13:37.096+0800: 416.801: [GC (Allocation Failure) [PSYoungGen: 127328K->320K(127488K)] 167202K->40266K(261632K), 0.0058730 secs] [Times: user=0.03 sys=0.00, real=0.01 secs] 
Heap after GC invocations=351 (full 0):
 PSYoungGen      total 127488K, used 320K [0x00000000f8300000, 0x0000000100000000, 0x0000000100000000)
  eden space 126976K, 0% used [0x00000000f8300000,0x00000000f8300000,0x00000000fff00000)
  from space 512K, 62% used [0x00000000fff00000,0x00000000fff50000,0x00000000fff80000)
  to   space 512K, 0% used [0x00000000fff80000,0x00000000fff80000,0x0000000100000000)
 ParOldGen       total 134144K, used 39946K [0x00000000f0000000, 0x00000000f8300000, 0x00000000f8300000)
  object space 134144K, 29% used [0x00000000f0000000,0x00000000f27029b8,0x00000000f8300000)
 Metaspace       used 52795K, capacity 55892K, committed 55936K, reserved 1097728K
  class space    used 6448K, capacity 6998K, committed 7040K, reserved 1048576K
}
{Heap before GC invocations=352 (full 0):
 PSYoungGen      total 127488K, used 127296K [0x00000000f8300000, 0x0000000100000000, 0x0000000100000000)
  eden space 126976K, 100% used [0x00000000f8300000,0x00000000fff00000,0x00000000fff00000)
  from space 512K, 62% used [0x00000000fff00000,0x00000000fff50000,0x00000000fff80000)
  to   space 512K, 0% used [0x00000000fff80000,0x00000000fff80000,0x0000000100000000)
 ParOldGen       total 134144K, used 39946K [0x00000000f0000000, 0x00000000f8300000, 0x00000000f8300000)
  object space 134144K, 29% used [0x00000000f0000000,0x00000000f27029b8,0x00000000f8300000)
 Metaspace       used 52795K, capacity 55892K, committed 55936K, reserved 1097728K
  class space    used 6448K, capacity 6998K, committed 7040K, reserved 1048576K
2023-10-03T01:13:37.746+0800: 417.450: [GC (Allocation Failure) [PSYoungGen: 127296K->320K(127488K)] 167242K->40330K(261632K), 0.0060160 secs] [Times: user=0.03 sys=0.00, real=0.01 secs] 
Heap after GC invocations=352 (full 0):
 PSYoungGen      total 127488K, used 320K [0x00000000f8300000, 0x0000000100000000, 0x0000000100000000)
  eden space 126976K, 0% used [0x00000000f8300000,0x00000000f8300000,0x00000000fff00000)
  from space 512K, 62% used [0x00000000fff80000,0x00000000fffd0000,0x0000000100000000)
  to   space 512K, 0% used [0x00000000fff00000,0x00000000fff00000,0x00000000fff80000)
 ParOldGen       total 134144K, used 40010K [0x00000000f0000000, 0x00000000f8300000, 0x00000000f8300000)
  object space 134144K, 29% used [0x00000000f0000000,0x00000000f27129b8,0x00000000f8300000)
 Metaspace       used 52795K, capacity 55892K, committed 55936K, reserved 1097728K
  class space    used 6448K, capacity 6998K, committed 7040K, reserved 1048576K
}
{Heap before GC invocations=353 (full 0):
 PSYoungGen      total 127488K, used 127296K [0x00000000f8300000, 0x0000000100000000, 0x0000000100000000)
  eden space 126976K, 100% used [0x00000000f8300000,0x00000000fff00000,0x00000000fff00000)
  from space 512K, 62% used [0x00000000fff80000,0x00000000fffd0000,0x0000000100000000)
  to   space 512K, 0% used [0x00000000fff00000,0x00000000fff00000,0x00000000fff80000)
 ParOldGen       total 134144K, used 40010K [0x00000000f0000000, 0x00000000f8300000, 0x00000000f8300000)
  object space 134144K, 29% used [0x00000000f0000000,0x00000000f27129b8,0x00000000f8300000)
 Metaspace       used 52795K, capacity 55892K, committed 55936K, reserved 1097728K
  class space    used 6448K, capacity 6998K, committed 7040K, reserved 1048576K
2023-10-03T01:13:38.388+0800: 418.092: [GC (Allocation Failure) [PSYoungGen: 127296K->320K(127488K)] 167306K->40402K(261632K), 0.0059310 secs] [Times: user=0.02 sys=0.00, real=0.01 secs] 
Heap after GC invocations=353 (full 0):
 PSYoungGen      total 127488K, used 320K [0x00000000f8300000, 0x0000000100000000, 0x0000000100000000)
  eden space 126976K, 0% used [0x00000000f8300000,0x00000000f8300000,0x00000000fff00000)
  from space 512K, 62% used [0x00000000fff00000,0x00000000fff50000,0x00000000fff80000)
  to   space 512K, 0% used [0x00000000fff80000,0x00000000fff80000,0x0000000100000000)
 ParOldGen       total 134144K, used 40082K [0x00000000f0000000, 0x00000000f8300000, 0x00000000f8300000)
  object space 134144K, 29% used [0x00000000f0000000,0x00000000f27249b8,0x00000000f8300000)
 Metaspace       used 52795K, capacity 55892K, committed 55936K, reserved 1097728K
  class space    used 6448K, capacity 6998K, committed 7040K, reserved 1048576K
}
{Heap before GC invocations=354 (full 0):
 PSYoungGen      total 127488K, used 127296K [0x00000000f8300000, 0x0000000100000000, 0x0000000100000000)
  eden space 126976K, 100% used [0x00000000f8300000,0x00000000fff00000,0x00000000fff00000)
  from space 512K, 62% used [0x00000000fff00000,0x00000000fff50000,0x00000000fff80000)
  to   space 512K, 0% used [0x00000000fff80000,0x00000000fff80000,0x0000000100000000)
 ParOldGen       total 134144K, used 40082K [0x00000000f0000000, 0x00000000f8300000, 0x00000000f8300000)
  object space 134144K, 29% used [0x00000000f0000000,0x00000000f27249b8,0x00000000f8300000)
 Metaspace       used 52795K, capacity 55892K, committed 55936K, reserved 1097728K
  class space    used 6448K, capacity 6998K, committed 7040K, reserved 1048576K
2023-10-03T01:13:39.035+0800: 418.739: [GC (Allocation Failure) [PSYoungGen: 127296K->320K(127488K)] 167378K->40474K(261632K), 0.0060513 secs] [Times: user=0.03 sys=0.00, real=0.00 secs] 
Heap after GC invocations=354 (full 0):
 PSYoungGen      total 127488K, used 320K [0x00000000f8300000, 0x0000000100000000, 0x0000000100000000)
  eden space 126976K, 0% used [0x00000000f8300000,0x00000000f8300000,0x00000000fff00000)
  from space 512K, 62% used [0x00000000fff80000,0x00000000fffd0000,0x0000000100000000)
  to   space 512K, 0% used [0x00000000fff00000,0x00000000fff00000,0x00000000fff80000)
 ParOldGen       total 134144K, used 40154K [0x00000000f0000000, 0x00000000f8300000, 0x00000000f8300000)
  object space 134144K, 29% used [0x00000000f0000000,0x00000000f27369b8,0x00000000f8300000)
 Metaspace       used 52795K, capacity 55892K, committed 55936K, reserved 1097728K
  class space    used 6448K, capacity 6998K, committed 7040K, reserved 1048576K
}
{Heap before GC invocations=355 (full 0):
 PSYoungGen      total 127488K, used 127296K [0x00000000f8300000, 0x0000000100000000, 0x0000000100000000)
  eden space 126976K, 100% used [0x00000000f8300000,0x00000000fff00000,0x00000000fff00000)
  from space 512K, 62% used [0x00000000fff80000,0x00000000fffd0000,0x0000000100000000)
  to   space 512K, 0% used [0x00000000fff00000,0x00000000fff00000,0x00000000fff80000)
 ParOldGen       total 134144K, used 40154K [0x00000000f0000000, 0x00000000f8300000, 0x00000000f8300000)
  object space 134144K, 29% used [0x00000000f0000000,0x00000000f27369b8,0x00000000f8300000)
 Metaspace       used 52795K, capacity 55892K, committed 55936K, reserved 1097728K
  class space    used 6448K, capacity 6998K, committed 7040K, reserved 1048576K
2023-10-03T01:13:39.686+0800: 419.391: [GC (Allocation Failure) [PSYoungGen: 127296K->320K(127488K)] 167450K->40538K(261632K), 0.0060482 secs] [Times: user=0.02 sys=0.00, real=0.01 secs] 
Heap after GC invocations=355 (full 0):
 PSYoungGen      total 127488K, used 320K [0x00000000f8300000, 0x0000000100000000, 0x0000000100000000)
  eden space 126976K, 0% used [0x00000000f8300000,0x00000000f8300000,0x00000000fff00000)
  from space 512K, 62% used [0x00000000fff00000,0x00000000fff50000,0x00000000fff80000)
  to   space 512K, 0% used [0x00000000fff80000,0x00000000fff80000,0x0000000100000000)
 ParOldGen       total 134144K, used 40218K [0x00000000f0000000, 0x00000000f8300000, 0x00000000f8300000)
  object space 134144K, 29% used [0x00000000f0000000,0x00000000f27469b8,0x00000000f8300000)
 Metaspace       used 52795K, capacity 55892K, committed 55936K, reserved 1097728K
  class space    used 6448K, capacity 6998K, committed 7040K, reserved 1048576K
}
{Heap before GC invocations=356 (full 0):
 PSYoungGen      total 127488K, used 127296K [0x00000000f8300000, 0x0000000100000000, 0x0000000100000000)
  eden space 126976K, 100% used [0x00000000f8300000,0x00000000fff00000,0x00000000fff00000)
  from space 512K, 62% used [0x00000000fff00000,0x00000000fff50000,0x00000000fff80000)
  to   space 512K, 0% used [0x00000000fff80000,0x00000000fff80000,0x0000000100000000)
 ParOldGen       total 134144K, used 40218K [0x00000000f0000000, 0x00000000f8300000, 0x00000000f8300000)
  object space 134144K, 29% used [0x00000000f0000000,0x00000000f27469b8,0x00000000f8300000)
 Metaspace       used 52795K, capacity 55892K, committed 55936K, reserved 1097728K
  class space    used 6448K, capacity 6998K, committed 7040K, reserved 1048576K
2023-10-03T01:13:40.325+0800: 420.030: [GC (Allocation Failure) [PSYoungGen: 127296K->352K(127488K)] 167514K->40650K(261632K), 0.0060135 secs] [Times: user=0.02 sys=0.01, real=0.00 secs] 
Heap after GC invocations=356 (full 0):
 PSYoungGen      total 127488K, used 352K [0x00000000f8300000, 0x0000000100000000, 0x0000000100000000)
  eden space 126976K, 0% used [0x00000000f8300000,0x00000000f8300000,0x00000000fff00000)
  from space 512K, 68% used [0x00000000fff80000,0x00000000fffd8000,0x0000000100000000)
  to   space 512K, 0% used [0x00000000fff00000,0x00000000fff00000,0x00000000fff80000)
 ParOldGen       total 134144K, used 40298K [0x00000000f0000000, 0x00000000f8300000, 0x00000000f8300000)
  object space 134144K, 30% used [0x00000000f0000000,0x00000000f275a9b8,0x00000000f8300000)
 Metaspace       used 52795K, capacity 55892K, committed 55936K, reserved 1097728K
  class space    used 6448K, capacity 6998K, committed 7040K, reserved 1048576K
}
{Heap before GC invocations=357 (full 0):
 PSYoungGen      total 127488K, used 127328K [0x00000000f8300000, 0x0000000100000000, 0x0000000100000000)
  eden space 126976K, 100% used [0x00000000f8300000,0x00000000fff00000,0x00000000fff00000)
  from space 512K, 68% used [0x00000000fff80000,0x00000000fffd8000,0x0000000100000000)
  to   space 512K, 0% used [0x00000000fff00000,0x00000000fff00000,0x00000000fff80000)
 ParOldGen       total 134144K, used 40298K [0x00000000f0000000, 0x00000000f8300000, 0x00000000f8300000)
  object space 134144K, 30% used [0x00000000f0000000,0x00000000f275a9b8,0x00000000f8300000)
 Metaspace       used 52795K, capacity 55892K, committed 55936K, reserved 1097728K
  class space    used 6448K, capacity 6998K, committed 7040K, reserved 1048576K
2023-10-03T01:13:40.971+0800: 420.676: [GC (Allocation Failure) [PSYoungGen: 127328K->352K(127488K)] 167626K->40714K(261632K), 0.0062590 secs] [Times: user=0.02 sys=0.01, real=0.01 secs] 
Heap after GC invocations=357 (full 0):
 PSYoungGen      total 127488K, used 352K [0x00000000f8300000, 0x0000000100000000, 0x0000000100000000)
  eden space 126976K, 0% used [0x00000000f8300000,0x00000000f8300000,0x00000000fff00000)
  from space 512K, 68% used [0x00000000fff00000,0x00000000fff58000,0x00000000fff80000)
  to   space 512K, 0% used [0x00000000fff80000,0x00000000fff80000,0x0000000100000000)
 ParOldGen       total 134144K, used 40362K [0x00000000f0000000, 0x00000000f8300000, 0x00000000f8300000)
  object space 134144K, 30% used [0x00000000f0000000,0x00000000f276a9b8,0x00000000f8300000)
 Metaspace       used 52795K, capacity 55892K, committed 55936K, reserved 1097728K
  class space    used 6448K, capacity 6998K, committed 7040K, reserved 1048576K
}
{Heap before GC invocations=358 (full 0):
 PSYoungGen      total 127488K, used 127328K [0x00000000f8300000, 0x0000000100000000, 0x0000000100000000)
  eden space 126976K, 100% used [0x00000000f8300000,0x00000000fff00000,0x00000000fff00000)
  from space 512K, 68% used [0x00000000fff00000,0x00000000fff58000,0x00000000fff80000)
  to   space 512K, 0% used [0x00000000fff80000,0x00000000fff80000,0x0000000100000000)
 ParOldGen       total 134144K, used 40362K [0x00000000f0000000, 0x00000000f8300000, 0x00000000f8300000)
  object space 134144K, 30% used [0x00000000f0000000,0x00000000f276a9b8,0x00000000f8300000)
 Metaspace       used 52795K, capacity 55892K, committed 55936K, reserved 1097728K
  class space    used 6448K, capacity 6998K, committed 7040K, reserved 1048576K
2023-10-03T01:13:41.617+0800: 421.321: [GC (Allocation Failure) [PSYoungGen: 127328K->320K(127488K)] 167690K->40738K(261632K), 0.0063183 secs] [Times: user=0.03 sys=0.00, real=0.01 secs] 
Heap after GC invocations=358 (full 0):
 PSYoungGen      total 127488K, used 320K [0x00000000f8300000, 0x0000000100000000, 0x0000000100000000)
  eden space 126976K, 0% used [0x00000000f8300000,0x00000000f8300000,0x00000000fff00000)
  from space 512K, 62% used [0x00000000fff80000,0x00000000fffd0000,0x0000000100000000)
  to   space 512K, 0% used [0x00000000fff00000,0x00000000fff00000,0x00000000fff80000)
 ParOldGen       total 134144K, used 40418K [0x00000000f0000000, 0x00000000f8300000, 0x00000000f8300000)
  object space 134144K, 30% used [0x00000000f0000000,0x00000000f27789b8,0x00000000f8300000)
 Metaspace       used 52795K, capacity 55892K, committed 55936K, reserved 1097728K
  class space    used 6448K, capacity 6998K, committed 7040K, reserved 1048576K
}
{Heap before GC invocations=359 (full 0):
 PSYoungGen      total 127488K, used 127296K [0x00000000f8300000, 0x0000000100000000, 0x0000000100000000)
  eden space 126976K, 100% used [0x00000000f8300000,0x00000000fff00000,0x00000000fff00000)
  from space 512K, 62% used [0x00000000fff80000,0x00000000fffd0000,0x0000000100000000)
  to   space 512K, 0% used [0x00000000fff00000,0x00000000fff00000,0x00000000fff80000)
 ParOldGen       total 134144K, used 40418K [0x00000000f0000000, 0x00000000f8300000, 0x00000000f8300000)
  object space 134144K, 30% used [0x00000000f0000000,0x00000000f27789b8,0x00000000f8300000)
 Metaspace       used 52795K, capacity 55892K, committed 55936K, reserved 1097728K
  class space    used 6448K, capacity 6998K, committed 7040K, reserved 1048576K
2023-10-03T01:13:42.226+0800: 421.930: [GC (Allocation Failure) [PSYoungGen: 127296K->320K(127488K)] 167714K->40810K(261632K), 0.0060512 secs] [Times: user=0.03 sys=0.01, real=0.01 secs] 
Heap after GC invocations=359 (full 0):
 PSYoungGen      total 127488K, used 320K [0x00000000f8300000, 0x0000000100000000, 0x0000000100000000)
  eden space 126976K, 0% used [0x00000000f8300000,0x00000000f8300000,0x00000000fff00000)
  from space 512K, 62% used [0x00000000fff00000,0x00000000fff50000,0x00000000fff80000)
  to   space 512K, 0% used [0x00000000fff80000,0x00000000fff80000,0x0000000100000000)
 ParOldGen       total 134144K, used 40490K [0x00000000f0000000, 0x00000000f8300000, 0x00000000f8300000)
  object space 134144K, 30% used [0x00000000f0000000,0x00000000f278a9b8,0x00000000f8300000)
 Metaspace       used 52795K, capacity 55892K, committed 55936K, reserved 1097728K
  class space    used 6448K, capacity 6998K, committed 7040K, reserved 1048576K
}
{Heap before GC invocations=360 (full 0):
 PSYoungGen      total 127488K, used 127296K [0x00000000f8300000, 0x0000000100000000, 0x0000000100000000)
  eden space 126976K, 100% used [0x00000000f8300000,0x00000000fff00000,0x00000000fff00000)
  from space 512K, 62% used [0x00000000fff00000,0x00000000fff50000,0x00000000fff80000)
  to   space 512K, 0% used [0x00000000fff80000,0x00000000fff80000,0x0000000100000000)
 ParOldGen       total 134144K, used 40490K [0x00000000f0000000, 0x00000000f8300000, 0x00000000f8300000)
  object space 134144K, 30% used [0x00000000f0000000,0x00000000f278a9b8,0x00000000f8300000)
 Metaspace       used 52795K, capacity 55892K, committed 55936K, reserved 1097728K
  class space    used 6448K, capacity 6998K, committed 7040K, reserved 1048576K
2023-10-03T01:13:42.870+0800: 422.575: [GC (Allocation Failure) [PSYoungGen: 127296K->320K(127488K)] 167786K->40882K(261632K), 0.0059114 secs] [Times: user=0.03 sys=0.00, real=0.01 secs] 
Heap after GC invocations=360 (full 0):
 PSYoungGen      total 127488K, used 320K [0x00000000f8300000, 0x0000000100000000, 0x0000000100000000)
  eden space 126976K, 0% used [0x00000000f8300000,0x00000000f8300000,0x00000000fff00000)
  from space 512K, 62% used [0x00000000fff80000,0x00000000fffd0000,0x0000000100000000)
  to   space 512K, 0% used [0x00000000fff00000,0x00000000fff00000,0x00000000fff80000)
 ParOldGen       total 134144K, used 40562K [0x00000000f0000000, 0x00000000f8300000, 0x00000000f8300000)
  object space 134144K, 30% used [0x00000000f0000000,0x00000000f279c9b8,0x00000000f8300000)
 Metaspace       used 52795K, capacity 55892K, committed 55936K, reserved 1097728K
  class space    used 6448K, capacity 6998K, committed 7040K, reserved 1048576K
}
{Heap before GC invocations=361 (full 0):
 PSYoungGen      total 127488K, used 127296K [0x00000000f8300000, 0x0000000100000000, 0x0000000100000000)
  eden space 126976K, 100% used [0x00000000f8300000,0x00000000fff00000,0x00000000fff00000)
  from space 512K, 62% used [0x00000000fff80000,0x00000000fffd0000,0x0000000100000000)
  to   space 512K, 0% used [0x00000000fff00000,0x00000000fff00000,0x00000000fff80000)
 ParOldGen       total 134144K, used 40562K [0x00000000f0000000, 0x00000000f8300000, 0x00000000f8300000)
  object space 134144K, 30% used [0x00000000f0000000,0x00000000f279c9b8,0x00000000f8300000)
 Metaspace       used 52795K, capacity 55892K, committed 55936K, reserved 1097728K
  class space    used 6448K, capacity 6998K, committed 7040K, reserved 1048576K
2023-10-03T01:13:43.514+0800: 423.218: [GC (Allocation Failure) [PSYoungGen: 127296K->320K(127488K)] 167858K->40954K(261632K), 0.0061358 secs] [Times: user=0.03 sys=0.00, real=0.00 secs] 
Heap after GC invocations=361 (full 0):
 PSYoungGen      total 127488K, used 320K [0x00000000f8300000, 0x0000000100000000, 0x0000000100000000)
  eden space 126976K, 0% used [0x00000000f8300000,0x00000000f8300000,0x00000000fff00000)
  from space 512K, 62% used [0x00000000fff00000,0x00000000fff50000,0x00000000fff80000)
  to   space 512K, 0% used [0x00000000fff80000,0x00000000fff80000,0x0000000100000000)
 ParOldGen       total 134144K, used 40634K [0x00000000f0000000, 0x00000000f8300000, 0x00000000f8300000)
  object space 134144K, 30% used [0x00000000f0000000,0x00000000f27ae9b8,0x00000000f8300000)
 Metaspace       used 52795K, capacity 55892K, committed 55936K, reserved 1097728K
  class space    used 6448K, capacity 6998K, committed 7040K, reserved 1048576K
}
{Heap before GC invocations=362 (full 0):
 PSYoungGen      total 127488K, used 127296K [0x00000000f8300000, 0x0000000100000000, 0x0000000100000000)
  eden space 126976K, 100% used [0x00000000f8300000,0x00000000fff00000,0x00000000fff00000)
  from space 512K, 62% used [0x00000000fff00000,0x00000000fff50000,0x00000000fff80000)
  to   space 512K, 0% used [0x00000000fff80000,0x00000000fff80000,0x0000000100000000)
 ParOldGen       total 134144K, used 40634K [0x00000000f0000000, 0x00000000f8300000, 0x00000000f8300000)
  object space 134144K, 30% used [0x00000000f0000000,0x00000000f27ae9b8,0x00000000f8300000)
 Metaspace       used 52795K, capacity 55892K, committed 55936K, reserved 1097728K
  class space    used 6448K, capacity 6998K, committed 7040K, reserved 1048576K
2023-10-03T01:13:44.162+0800: 423.867: [GC (Allocation Failure) [PSYoungGen: 127296K->352K(127488K)] 167930K->41050K(261632K), 0.0058463 secs] [Times: user=0.02 sys=0.01, real=0.00 secs] 
Heap after GC invocations=362 (full 0):
 PSYoungGen      total 127488K, used 352K [0x00000000f8300000, 0x0000000100000000, 0x0000000100000000)
  eden space 126976K, 0% used [0x00000000f8300000,0x00000000f8300000,0x00000000fff00000)
  from space 512K, 68% used [0x00000000fff80000,0x00000000fffd8000,0x0000000100000000)
  to   space 512K, 0% used [0x00000000fff00000,0x00000000fff00000,0x00000000fff80000)
 ParOldGen       total 134144K, used 40698K [0x00000000f0000000, 0x00000000f8300000, 0x00000000f8300000)
  object space 134144K, 30% used [0x00000000f0000000,0x00000000f27be9b8,0x00000000f8300000)
 Metaspace       used 52795K, capacity 55892K, committed 55936K, reserved 1097728K
  class space    used 6448K, capacity 6998K, committed 7040K, reserved 1048576K
}
{Heap before GC invocations=363 (full 0):
 PSYoungGen      total 127488K, used 127328K [0x00000000f8300000, 0x0000000100000000, 0x0000000100000000)
  eden space 126976K, 100% used [0x00000000f8300000,0x00000000fff00000,0x00000000fff00000)
  from space 512K, 68% used [0x00000000fff80000,0x00000000fffd8000,0x0000000100000000)
  to   space 512K, 0% used [0x00000000fff00000,0x00000000fff00000,0x00000000fff80000)
 ParOldGen       total 134144K, used 40698K [0x00000000f0000000, 0x00000000f8300000, 0x00000000f8300000)
  object space 134144K, 30% used [0x00000000f0000000,0x00000000f27be9b8,0x00000000f8300000)
 Metaspace       used 52795K, capacity 55892K, committed 55936K, reserved 1097728K
  class space    used 6448K, capacity 6998K, committed 7040K, reserved 1048576K
2023-10-03T01:13:44.821+0800: 424.526: [GC (Allocation Failure) [PSYoungGen: 127328K->352K(127488K)] 168026K->41122K(261632K), 0.0075662 secs] [Times: user=0.03 sys=0.00, real=0.01 secs] 
Heap after GC invocations=363 (full 0):
 PSYoungGen      total 127488K, used 352K [0x00000000f8300000, 0x0000000100000000, 0x0000000100000000)
  eden space 126976K, 0% used [0x00000000f8300000,0x00000000f8300000,0x00000000fff00000)
  from space 512K, 68% used [0x00000000fff00000,0x00000000fff58000,0x00000000fff80000)
  to   space 512K, 0% used [0x00000000fff80000,0x00000000fff80000,0x0000000100000000)
 ParOldGen       total 134144K, used 40770K [0x00000000f0000000, 0x00000000f8300000, 0x00000000f8300000)
  object space 134144K, 30% used [0x00000000f0000000,0x00000000f27d09b8,0x00000000f8300000)
 Metaspace       used 52795K, capacity 55892K, committed 55936K, reserved 1097728K
  class space    used 6448K, capacity 6998K, committed 7040K, reserved 1048576K
}
{Heap before GC invocations=364 (full 0):
 PSYoungGen      total 127488K, used 127328K [0x00000000f8300000, 0x0000000100000000, 0x0000000100000000)
  eden space 126976K, 100% used [0x00000000f8300000,0x00000000fff00000,0x00000000fff00000)
  from space 512K, 68% used [0x00000000fff00000,0x00000000fff58000,0x00000000fff80000)
  to   space 512K, 0% used [0x00000000fff80000,0x00000000fff80000,0x0000000100000000)
 ParOldGen       total 134144K, used 40770K [0x00000000f0000000, 0x00000000f8300000, 0x00000000f8300000)
  object space 134144K, 30% used [0x00000000f0000000,0x00000000f27d09b8,0x00000000f8300000)
 Metaspace       used 52795K, capacity 55892K, committed 55936K, reserved 1097728K
  class space    used 6448K, capacity 6998K, committed 7040K, reserved 1048576K
2023-10-03T01:13:45.464+0800: 425.169: [GC (Allocation Failure) [PSYoungGen: 127328K->320K(127488K)] 168098K->41170K(261632K), 0.0061330 secs] [Times: user=0.03 sys=0.01, real=0.00 secs] 
Heap after GC invocations=364 (full 0):
 PSYoungGen      total 127488K, used 320K [0x00000000f8300000, 0x0000000100000000, 0x0000000100000000)
  eden space 126976K, 0% used [0x00000000f8300000,0x00000000f8300000,0x00000000fff00000)
  from space 512K, 62% used [0x00000000fff80000,0x00000000fffd0000,0x0000000100000000)
  to   space 512K, 0% used [0x00000000fff00000,0x00000000fff00000,0x00000000fff80000)
 ParOldGen       total 134144K, used 40850K [0x00000000f0000000, 0x00000000f8300000, 0x00000000f8300000)
  object space 134144K, 30% used [0x00000000f0000000,0x00000000f27e49b8,0x00000000f8300000)
 Metaspace       used 52795K, capacity 55892K, committed 55936K, reserved 1097728K
  class space    used 6448K, capacity 6998K, committed 7040K, reserved 1048576K
}
{Heap before GC invocations=365 (full 0):
 PSYoungGen      total 127488K, used 127296K [0x00000000f8300000, 0x0000000100000000, 0x0000000100000000)
  eden space 126976K, 100% used [0x00000000f8300000,0x00000000fff00000,0x00000000fff00000)
  from space 512K, 62% used [0x00000000fff80000,0x00000000fffd0000,0x0000000100000000)
  to   space 512K, 0% used [0x00000000fff00000,0x00000000fff00000,0x00000000fff80000)
 ParOldGen       total 134144K, used 40850K [0x00000000f0000000, 0x00000000f8300000, 0x00000000f8300000)
  object space 134144K, 30% used [0x00000000f0000000,0x00000000f27e49b8,0x00000000f8300000)
 Metaspace       used 52795K, capacity 55892K, committed 55936K, reserved 1097728K
  class space    used 6448K, capacity 6998K, committed 7040K, reserved 1048576K
2023-10-03T01:13:46.108+0800: 425.813: [GC (Allocation Failure) [PSYoungGen: 127296K->320K(127488K)] 168146K->41234K(261632K), 0.0057309 secs] [Times: user=0.02 sys=0.01, real=0.01 secs] 
Heap after GC invocations=365 (full 0):
 PSYoungGen      total 127488K, used 320K [0x00000000f8300000, 0x0000000100000000, 0x0000000100000000)
  eden space 126976K, 0% used [0x00000000f8300000,0x00000000f8300000,0x00000000fff00000)
  from space 512K, 62% used [0x00000000fff00000,0x00000000fff50000,0x00000000fff80000)
  to   space 512K, 0% used [0x00000000fff80000,0x00000000fff80000,0x0000000100000000)
 ParOldGen       total 134144K, used 40914K [0x00000000f0000000, 0x00000000f8300000, 0x00000000f8300000)
  object space 134144K, 30% used [0x00000000f0000000,0x00000000f27f49b8,0x00000000f8300000)
 Metaspace       used 52795K, capacity 55892K, committed 55936K, reserved 1097728K
  class space    used 6448K, capacity 6998K, committed 7040K, reserved 1048576K
}
{Heap before GC invocations=366 (full 0):
 PSYoungGen      total 127488K, used 127296K [0x00000000f8300000, 0x0000000100000000, 0x0000000100000000)
  eden space 126976K, 100% used [0x00000000f8300000,0x00000000fff00000,0x00000000fff00000)
  from space 512K, 62% used [0x00000000fff00000,0x00000000fff50000,0x00000000fff80000)
  to   space 512K, 0% used [0x00000000fff80000,0x00000000fff80000,0x0000000100000000)
 ParOldGen       total 134144K, used 40914K [0x00000000f0000000, 0x00000000f8300000, 0x00000000f8300000)
  object space 134144K, 30% used [0x00000000f0000000,0x00000000f27f49b8,0x00000000f8300000)
 Metaspace       used 52795K, capacity 55892K, committed 55936K, reserved 1097728K
  class space    used 6448K, capacity 6998K, committed 7040K, reserved 1048576K
2023-10-03T01:13:46.755+0800: 426.460: [GC (Allocation Failure) [PSYoungGen: 127296K->384K(127488K)] 168210K->41370K(261632K), 0.0063483 secs] [Times: user=0.03 sys=0.00, real=0.01 secs] 
Heap after GC invocations=366 (full 0):
 PSYoungGen      total 127488K, used 384K [0x00000000f8300000, 0x0000000100000000, 0x0000000100000000)
  eden space 126976K, 0% used [0x00000000f8300000,0x00000000f8300000,0x00000000fff00000)
  from space 512K, 75% used [0x00000000fff80000,0x00000000fffe0000,0x0000000100000000)
  to   space 512K, 0% used [0x00000000fff00000,0x00000000fff00000,0x00000000fff80000)
 ParOldGen       total 134144K, used 40986K [0x00000000f0000000, 0x00000000f8300000, 0x00000000f8300000)
  object space 134144K, 30% used [0x00000000f0000000,0x00000000f28069b8,0x00000000f8300000)
 Metaspace       used 52795K, capacity 55892K, committed 55936K, reserved 1097728K
  class space    used 6448K, capacity 6998K, committed 7040K, reserved 1048576K
}
{Heap before GC invocations=367 (full 0):
 PSYoungGen      total 127488K, used 127360K [0x00000000f8300000, 0x0000000100000000, 0x0000000100000000)
  eden space 126976K, 100% used [0x00000000f8300000,0x00000000fff00000,0x00000000fff00000)
  from space 512K, 75% used [0x00000000fff80000,0x00000000fffe0000,0x0000000100000000)
  to   space 512K, 0% used [0x00000000fff00000,0x00000000fff00000,0x00000000fff80000)
 ParOldGen       total 134144K, used 40986K [0x00000000f0000000, 0x00000000f8300000, 0x00000000f8300000)
  object space 134144K, 30% used [0x00000000f0000000,0x00000000f28069b8,0x00000000f8300000)
 Metaspace       used 52795K, capacity 55892K, committed 55936K, reserved 1097728K
  class space    used 6448K, capacity 6998K, committed 7040K, reserved 1048576K
2023-10-03T01:13:47.393+0800: 427.098: [GC (Allocation Failure) [PSYoungGen: 127360K->320K(127488K)] 168346K->41378K(261632K), 0.0064596 secs] [Times: user=0.03 sys=0.00, real=0.00 secs] 
Heap after GC invocations=367 (full 0):
 PSYoungGen      total 127488K, used 320K [0x00000000f8300000, 0x0000000100000000, 0x0000000100000000)
  eden space 126976K, 0% used [0x00000000f8300000,0x00000000f8300000,0x00000000fff00000)
  from space 512K, 62% used [0x00000000fff00000,0x00000000fff50000,0x00000000fff80000)
  to   space 512K, 0% used [0x00000000fff80000,0x00000000fff80000,0x0000000100000000)
 ParOldGen       total 134144K, used 41058K [0x00000000f0000000, 0x00000000f8300000, 0x00000000f8300000)
  object space 134144K, 30% used [0x00000000f0000000,0x00000000f28189b8,0x00000000f8300000)
 Metaspace       used 52795K, capacity 55892K, committed 55936K, reserved 1097728K
  class space    used 6448K, capacity 6998K, committed 7040K, reserved 1048576K
}
{Heap before GC invocations=368 (full 0):
 PSYoungGen      total 127488K, used 127296K [0x00000000f8300000, 0x0000000100000000, 0x0000000100000000)
  eden space 126976K, 100% used [0x00000000f8300000,0x00000000fff00000,0x00000000fff00000)
  from space 512K, 62% used [0x00000000fff00000,0x00000000fff50000,0x00000000fff80000)
  to   space 512K, 0% used [0x00000000fff80000,0x00000000fff80000,0x0000000100000000)
 ParOldGen       total 134144K, used 41058K [0x00000000f0000000, 0x00000000f8300000, 0x00000000f8300000)
  object space 134144K, 30% used [0x00000000f0000000,0x00000000f28189b8,0x00000000f8300000)
 Metaspace       used 52795K, capacity 55892K, committed 55936K, reserved 1097728K
  class space    used 6448K, capacity 6998K, committed 7040K, reserved 1048576K
2023-10-03T01:13:48.049+0800: 427.754: [GC (Allocation Failure) [PSYoungGen: 127296K->320K(127488K)] 168354K->41442K(261632K), 0.0060533 secs] [Times: user=0.03 sys=0.00, real=0.01 secs] 
Heap after GC invocations=368 (full 0):
 PSYoungGen      total 127488K, used 320K [0x00000000f8300000, 0x0000000100000000, 0x0000000100000000)
  eden space 126976K, 0% used [0x00000000f8300000,0x00000000f8300000,0x00000000fff00000)
  from space 512K, 62% used [0x00000000fff80000,0x00000000fffd0000,0x0000000100000000)
  to   space 512K, 0% used [0x00000000fff00000,0x00000000fff00000,0x00000000fff80000)
 ParOldGen       total 134144K, used 41122K [0x00000000f0000000, 0x00000000f8300000, 0x00000000f8300000)
  object space 134144K, 30% used [0x00000000f0000000,0x00000000f28289b8,0x00000000f8300000)
 Metaspace       used 52795K, capacity 55892K, committed 55936K, reserved 1097728K
  class space    used 6448K, capacity 6998K, committed 7040K, reserved 1048576K
}
{Heap before GC invocations=369 (full 0):
 PSYoungGen      total 127488K, used 127296K [0x00000000f8300000, 0x0000000100000000, 0x0000000100000000)
  eden space 126976K, 100% used [0x00000000f8300000,0x00000000fff00000,0x00000000fff00000)
  from space 512K, 62% used [0x00000000fff80000,0x00000000fffd0000,0x0000000100000000)
  to   space 512K, 0% used [0x00000000fff00000,0x00000000fff00000,0x00000000fff80000)
 ParOldGen       total 134144K, used 41122K [0x00000000f0000000, 0x00000000f8300000, 0x00000000f8300000)
  object space 134144K, 30% used [0x00000000f0000000,0x00000000f28289b8,0x00000000f8300000)
 Metaspace       used 52795K, capacity 55892K, committed 55936K, reserved 1097728K
  class space    used 6448K, capacity 6998K, committed 7040K, reserved 1048576K
2023-10-03T01:13:48.704+0800: 428.408: [GC (Allocation Failure) [PSYoungGen: 127296K->320K(127488K)] 168418K->41514K(261632K), 0.0061143 secs] [Times: user=0.02 sys=0.00, real=0.00 secs] 
Heap after GC invocations=369 (full 0):
 PSYoungGen      total 127488K, used 320K [0x00000000f8300000, 0x0000000100000000, 0x0000000100000000)
  eden space 126976K, 0% used [0x00000000f8300000,0x00000000f8300000,0x00000000fff00000)
  from space 512K, 62% used [0x00000000fff00000,0x00000000fff50000,0x00000000fff80000)
  to   space 512K, 0% used [0x00000000fff80000,0x00000000fff80000,0x0000000100000000)
 ParOldGen       total 134144K, used 41194K [0x00000000f0000000, 0x00000000f8300000, 0x00000000f8300000)
  object space 134144K, 30% used [0x00000000f0000000,0x00000000f283a9b8,0x00000000f8300000)
 Metaspace       used 52795K, capacity 55892K, committed 55936K, reserved 1097728K
  class space    used 6448K, capacity 6998K, committed 7040K, reserved 1048576K
}
{Heap before GC invocations=370 (full 0):
 PSYoungGen      total 127488K, used 127296K [0x00000000f8300000, 0x0000000100000000, 0x0000000100000000)
  eden space 126976K, 100% used [0x00000000f8300000,0x00000000fff00000,0x00000000fff00000)
  from space 512K, 62% used [0x00000000fff00000,0x00000000fff50000,0x00000000fff80000)
  to   space 512K, 0% used [0x00000000fff80000,0x00000000fff80000,0x0000000100000000)
 ParOldGen       total 134144K, used 41194K [0x00000000f0000000, 0x00000000f8300000, 0x00000000f8300000)
  object space 134144K, 30% used [0x00000000f0000000,0x00000000f283a9b8,0x00000000f8300000)
 Metaspace       used 52795K, capacity 55892K, committed 55936K, reserved 1097728K
  class space    used 6448K, capacity 6998K, committed 7040K, reserved 1048576K
2023-10-03T01:13:49.343+0800: 429.047: [GC (Allocation Failure) [PSYoungGen: 127296K->352K(127488K)] 168490K->41610K(261632K), 0.0067624 secs] [Times: user=0.03 sys=0.00, real=0.00 secs] 
Heap after GC invocations=370 (full 0):
 PSYoungGen      total 127488K, used 352K [0x00000000f8300000, 0x0000000100000000, 0x0000000100000000)
  eden space 126976K, 0% used [0x00000000f8300000,0x00000000f8300000,0x00000000fff00000)
  from space 512K, 68% used [0x00000000fff80000,0x00000000fffd8000,0x0000000100000000)
  to   space 512K, 0% used [0x00000000fff00000,0x00000000fff00000,0x00000000fff80000)
 ParOldGen       total 134144K, used 41258K [0x00000000f0000000, 0x00000000f8300000, 0x00000000f8300000)
  object space 134144K, 30% used [0x00000000f0000000,0x00000000f284a9b8,0x00000000f8300000)
 Metaspace       used 52795K, capacity 55892K, committed 55936K, reserved 1097728K
  class space    used 6448K, capacity 6998K, committed 7040K, reserved 1048576K
}
{Heap before GC invocations=371 (full 0):
 PSYoungGen      total 127488K, used 127328K [0x00000000f8300000, 0x0000000100000000, 0x0000000100000000)
  eden space 126976K, 100% used [0x00000000f8300000,0x00000000fff00000,0x00000000fff00000)
  from space 512K, 68% used [0x00000000fff80000,0x00000000fffd8000,0x0000000100000000)
  to   space 512K, 0% used [0x00000000fff00000,0x00000000fff00000,0x00000000fff80000)
 ParOldGen       total 134144K, used 41258K [0x00000000f0000000, 0x00000000f8300000, 0x00000000f8300000)
  object space 134144K, 30% used [0x00000000f0000000,0x00000000f284a9b8,0x00000000f8300000)
 Metaspace       used 52795K, capacity 55892K, committed 55936K, reserved 1097728K
  class space    used 6448K, capacity 6998K, committed 7040K, reserved 1048576K
2023-10-03T01:13:49.987+0800: 429.692: [GC (Allocation Failure) [PSYoungGen: 127328K->352K(127488K)] 168586K->41682K(261632K), 0.0062650 secs] [Times: user=0.03 sys=0.00, real=0.01 secs] 
Heap after GC invocations=371 (full 0):
 PSYoungGen      total 127488K, used 352K [0x00000000f8300000, 0x0000000100000000, 0x0000000100000000)
  eden space 126976K, 0% used [0x00000000f8300000,0x00000000f8300000,0x00000000fff00000)
  from space 512K, 68% used [0x00000000fff00000,0x00000000fff58000,0x00000000fff80000)
  to   space 512K, 0% used [0x00000000fff80000,0x00000000fff80000,0x0000000100000000)
 ParOldGen       total 134144K, used 41330K [0x00000000f0000000, 0x00000000f8300000, 0x00000000f8300000)
  object space 134144K, 30% used [0x00000000f0000000,0x00000000f285c9b8,0x00000000f8300000)
 Metaspace       used 52795K, capacity 55892K, committed 55936K, reserved 1097728K
  class space    used 6448K, capacity 6998K, committed 7040K, reserved 1048576K
}
{Heap before GC invocations=372 (full 0):
 PSYoungGen      total 127488K, used 127328K [0x00000000f8300000, 0x0000000100000000, 0x0000000100000000)
  eden space 126976K, 100% used [0x00000000f8300000,0x00000000fff00000,0x00000000fff00000)
  from space 512K, 68% used [0x00000000fff00000,0x00000000fff58000,0x00000000fff80000)
  to   space 512K, 0% used [0x00000000fff80000,0x00000000fff80000,0x0000000100000000)
 ParOldGen       total 134144K, used 41330K [0x00000000f0000000, 0x00000000f8300000, 0x00000000f8300000)
  object space 134144K, 30% used [0x00000000f0000000,0x00000000f285c9b8,0x00000000f8300000)
 Metaspace       used 52795K, capacity 55892K, committed 55936K, reserved 1097728K
  class space    used 6448K, capacity 6998K, committed 7040K, reserved 1048576K
2023-10-03T01:13:50.632+0800: 430.336: [GC (Allocation Failure) [PSYoungGen: 127328K->352K(127488K)] 168658K->41762K(261632K), 0.0062379 secs] [Times: user=0.02 sys=0.01, real=0.01 secs] 
Heap after GC invocations=372 (full 0):
 PSYoungGen      total 127488K, used 352K [0x00000000f8300000, 0x0000000100000000, 0x0000000100000000)
  eden space 126976K, 0% used [0x00000000f8300000,0x00000000f8300000,0x00000000fff00000)
  from space 512K, 68% used [0x00000000fff80000,0x00000000fffd8000,0x0000000100000000)
  to   space 512K, 0% used [0x00000000fff00000,0x00000000fff00000,0x00000000fff80000)
 ParOldGen       total 134144K, used 41410K [0x00000000f0000000, 0x00000000f8300000, 0x00000000f8300000)
  object space 134144K, 30% used [0x00000000f0000000,0x00000000f28709b8,0x00000000f8300000)
 Metaspace       used 52795K, capacity 55892K, committed 55936K, reserved 1097728K
  class space    used 6448K, capacity 6998K, committed 7040K, reserved 1048576K
}
{Heap before GC invocations=373 (full 0):
 PSYoungGen      total 127488K, used 127328K [0x00000000f8300000, 0x0000000100000000, 0x0000000100000000)
  eden space 126976K, 100% used [0x00000000f8300000,0x00000000fff00000,0x00000000fff00000)
  from space 512K, 68% used [0x00000000fff80000,0x00000000fffd8000,0x0000000100000000)
  to   space 512K, 0% used [0x00000000fff00000,0x00000000fff00000,0x00000000fff80000)
 ParOldGen       total 134144K, used 41410K [0x00000000f0000000, 0x00000000f8300000, 0x00000000f8300000)
  object space 134144K, 30% used [0x00000000f0000000,0x00000000f28709b8,0x00000000f8300000)
 Metaspace       used 52795K, capacity 55892K, committed 55936K, reserved 1097728K
  class space    used 6448K, capacity 6998K, committed 7040K, reserved 1048576K
2023-10-03T01:13:51.276+0800: 430.980: [GC (Allocation Failure) [PSYoungGen: 127328K->352K(127488K)] 168738K->41818K(261632K), 0.0059849 secs] [Times: user=0.03 sys=0.00, real=0.01 secs] 
Heap after GC invocations=373 (full 0):
 PSYoungGen      total 127488K, used 352K [0x00000000f8300000, 0x0000000100000000, 0x0000000100000000)
  eden space 126976K, 0% used [0x00000000f8300000,0x00000000f8300000,0x00000000fff00000)
  from space 512K, 68% used [0x00000000fff00000,0x00000000fff58000,0x00000000fff80000)
  to   space 512K, 0% used [0x00000000fff80000,0x00000000fff80000,0x0000000100000000)
 ParOldGen       total 134144K, used 41466K [0x00000000f0000000, 0x00000000f8300000, 0x00000000f8300000)
  object space 134144K, 30% used [0x00000000f0000000,0x00000000f287e9b8,0x00000000f8300000)
 Metaspace       used 52795K, capacity 55892K, committed 55936K, reserved 1097728K
  class space    used 6448K, capacity 6998K, committed 7040K, reserved 1048576K
}
{Heap before GC invocations=374 (full 0):
 PSYoungGen      total 127488K, used 127328K [0x00000000f8300000, 0x0000000100000000, 0x0000000100000000)
  eden space 126976K, 100% used [0x00000000f8300000,0x00000000fff00000,0x00000000fff00000)
  from space 512K, 68% used [0x00000000fff00000,0x00000000fff58000,0x00000000fff80000)
  to   space 512K, 0% used [0x00000000fff80000,0x00000000fff80000,0x0000000100000000)
 ParOldGen       total 134144K, used 41466K [0x00000000f0000000, 0x00000000f8300000, 0x00000000f8300000)
  object space 134144K, 30% used [0x00000000f0000000,0x00000000f287e9b8,0x00000000f8300000)
 Metaspace       used 52796K, capacity 55892K, committed 55936K, reserved 1097728K
  class space    used 6448K, capacity 6998K, committed 7040K, reserved 1048576K
2023-10-03T01:13:51.927+0800: 431.631: [GC (Allocation Failure) [PSYoungGen: 127328K->320K(127488K)] 168794K->41850K(261632K), 0.0065772 secs] [Times: user=0.03 sys=0.00, real=0.01 secs] 
Heap after GC invocations=374 (full 0):
 PSYoungGen      total 127488K, used 320K [0x00000000f8300000, 0x0000000100000000, 0x0000000100000000)
  eden space 126976K, 0% used [0x00000000f8300000,0x00000000f8300000,0x00000000fff00000)
  from space 512K, 62% used [0x00000000fff80000,0x00000000fffd0000,0x0000000100000000)
  to   space 512K, 0% used [0x00000000fff00000,0x00000000fff00000,0x00000000fff80000)
 ParOldGen       total 134144K, used 41530K [0x00000000f0000000, 0x00000000f8300000, 0x00000000f8300000)
  object space 134144K, 30% used [0x00000000f0000000,0x00000000f288e9b8,0x00000000f8300000)
 Metaspace       used 52796K, capacity 55892K, committed 55936K, reserved 1097728K
  class space    used 6448K, capacity 6998K, committed 7040K, reserved 1048576K
}
{Heap before GC invocations=375 (full 0):
 PSYoungGen      total 127488K, used 127296K [0x00000000f8300000, 0x0000000100000000, 0x0000000100000000)
  eden space 126976K, 100% used [0x00000000f8300000,0x00000000fff00000,0x00000000fff00000)
  from space 512K, 62% used [0x00000000fff80000,0x00000000fffd0000,0x0000000100000000)
  to   space 512K, 0% used [0x00000000fff00000,0x00000000fff00000,0x00000000fff80000)
 ParOldGen       total 134144K, used 41530K [0x00000000f0000000, 0x00000000f8300000, 0x00000000f8300000)
  object space 134144K, 30% used [0x00000000f0000000,0x00000000f288e9b8,0x00000000f8300000)
 Metaspace       used 52796K, capacity 55892K, committed 55936K, reserved 1097728K
  class space    used 6448K, capacity 6998K, committed 7040K, reserved 1048576K
2023-10-03T01:13:52.535+0800: 432.240: [GC (Allocation Failure) [PSYoungGen: 127296K->352K(127488K)] 168826K->41954K(261632K), 0.0061079 secs] [Times: user=0.02 sys=0.00, real=0.00 secs] 
Heap after GC invocations=375 (full 0):
 PSYoungGen      total 127488K, used 352K [0x00000000f8300000, 0x0000000100000000, 0x0000000100000000)
  eden space 126976K, 0% used [0x00000000f8300000,0x00000000f8300000,0x00000000fff00000)
  from space 512K, 68% used [0x00000000fff00000,0x00000000fff58000,0x00000000fff80000)
  to   space 512K, 0% used [0x00000000fff80000,0x00000000fff80000,0x0000000100000000)
 ParOldGen       total 134144K, used 41602K [0x00000000f0000000, 0x00000000f8300000, 0x00000000f8300000)
  object space 134144K, 31% used [0x00000000f0000000,0x00000000f28a09b8,0x00000000f8300000)
 Metaspace       used 52796K, capacity 55892K, committed 55936K, reserved 1097728K
  class space    used 6448K, capacity 6998K, committed 7040K, reserved 1048576K
}
{Heap before GC invocations=376 (full 0):
 PSYoungGen      total 127488K, used 127328K [0x00000000f8300000, 0x0000000100000000, 0x0000000100000000)
  eden space 126976K, 100% used [0x00000000f8300000,0x00000000fff00000,0x00000000fff00000)
  from space 512K, 68% used [0x00000000fff00000,0x00000000fff58000,0x00000000fff80000)
  to   space 512K, 0% used [0x00000000fff80000,0x00000000fff80000,0x0000000100000000)
 ParOldGen       total 134144K, used 41602K [0x00000000f0000000, 0x00000000f8300000, 0x00000000f8300000)
  object space 134144K, 31% used [0x00000000f0000000,0x00000000f28a09b8,0x00000000f8300000)
 Metaspace       used 52796K, capacity 55892K, committed 55936K, reserved 1097728K
  class space    used 6448K, capacity 6998K, committed 7040K, reserved 1048576K
2023-10-03T01:13:53.182+0800: 432.886: [GC (Allocation Failure) [PSYoungGen: 127328K->352K(127488K)] 168930K->42018K(261632K), 0.0060498 secs] [Times: user=0.02 sys=0.01, real=0.00 secs] 
Heap after GC invocations=376 (full 0):
 PSYoungGen      total 127488K, used 352K [0x00000000f8300000, 0x0000000100000000, 0x0000000100000000)
  eden space 126976K, 0% used [0x00000000f8300000,0x00000000f8300000,0x00000000fff00000)
  from space 512K, 68% used [0x00000000fff80000,0x00000000fffd8000,0x0000000100000000)
  to   space 512K, 0% used [0x00000000fff00000,0x00000000fff00000,0x00000000fff80000)
 ParOldGen       total 134144K, used 41666K [0x00000000f0000000, 0x00000000f8300000, 0x00000000f8300000)
  object space 134144K, 31% used [0x00000000f0000000,0x00000000f28b09b8,0x00000000f8300000)
 Metaspace       used 52796K, capacity 55892K, committed 55936K, reserved 1097728K
  class space    used 6448K, capacity 6998K, committed 7040K, reserved 1048576K
}
{Heap before GC invocations=377 (full 0):
 PSYoungGen      total 127488K, used 127328K [0x00000000f8300000, 0x0000000100000000, 0x0000000100000000)
  eden space 126976K, 100% used [0x00000000f8300000,0x00000000fff00000,0x00000000fff00000)
  from space 512K, 68% used [0x00000000fff80000,0x00000000fffd8000,0x0000000100000000)
  to   space 512K, 0% used [0x00000000fff00000,0x00000000fff00000,0x00000000fff80000)
 ParOldGen       total 134144K, used 41666K [0x00000000f0000000, 0x00000000f8300000, 0x00000000f8300000)
  object space 134144K, 31% used [0x00000000f0000000,0x00000000f28b09b8,0x00000000f8300000)
 Metaspace       used 52796K, capacity 55892K, committed 55936K, reserved 1097728K
  class space    used 6448K, capacity 6998K, committed 7040K, reserved 1048576K
2023-10-03T01:13:53.827+0800: 433.531: [GC (Allocation Failure) [PSYoungGen: 127328K->352K(127488K)] 168994K->42082K(261632K), 0.0065244 secs] [Times: user=0.03 sys=0.00, real=0.01 secs] 
Heap after GC invocations=377 (full 0):
 PSYoungGen      total 127488K, used 352K [0x00000000f8300000, 0x0000000100000000, 0x0000000100000000)
  eden space 126976K, 0% used [0x00000000f8300000,0x00000000f8300000,0x00000000fff00000)
  from space 512K, 68% used [0x00000000fff00000,0x00000000fff58000,0x00000000fff80000)
  to   space 512K, 0% used [0x00000000fff80000,0x00000000fff80000,0x0000000100000000)
 ParOldGen       total 134144K, used 41730K [0x00000000f0000000, 0x00000000f8300000, 0x00000000f8300000)
  object space 134144K, 31% used [0x00000000f0000000,0x00000000f28c09b8,0x00000000f8300000)
 Metaspace       used 52796K, capacity 55892K, committed 55936K, reserved 1097728K
  class space    used 6448K, capacity 6998K, committed 7040K, reserved 1048576K
}
{Heap before GC invocations=378 (full 0):
 PSYoungGen      total 127488K, used 127328K [0x00000000f8300000, 0x0000000100000000, 0x0000000100000000)
  eden space 126976K, 100% used [0x00000000f8300000,0x00000000fff00000,0x00000000fff00000)
  from space 512K, 68% used [0x00000000fff00000,0x00000000fff58000,0x00000000fff80000)
  to   space 512K, 0% used [0x00000000fff80000,0x00000000fff80000,0x0000000100000000)
 ParOldGen       total 134144K, used 41730K [0x00000000f0000000, 0x00000000f8300000, 0x00000000f8300000)
  object space 134144K, 31% used [0x00000000f0000000,0x00000000f28c09b8,0x00000000f8300000)
 Metaspace       used 52796K, capacity 55892K, committed 55936K, reserved 1097728K
  class space    used 6448K, capacity 6998K, committed 7040K, reserved 1048576K
2023-10-03T01:13:54.459+0800: 434.163: [GC (Allocation Failure) [PSYoungGen: 127328K->320K(127488K)] 169058K->42130K(261632K), 0.0057786 secs] [Times: user=0.03 sys=0.00, real=0.01 secs] 
Heap after GC invocations=378 (full 0):
 PSYoungGen      total 127488K, used 320K [0x00000000f8300000, 0x0000000100000000, 0x0000000100000000)
  eden space 126976K, 0% used [0x00000000f8300000,0x00000000f8300000,0x00000000fff00000)
  from space 512K, 62% used [0x00000000fff80000,0x00000000fffd0000,0x0000000100000000)
  to   space 512K, 0% used [0x00000000fff00000,0x00000000fff00000,0x00000000fff80000)
 ParOldGen       total 134144K, used 41810K [0x00000000f0000000, 0x00000000f8300000, 0x00000000f8300000)
  object space 134144K, 31% used [0x00000000f0000000,0x00000000f28d49b8,0x00000000f8300000)
 Metaspace       used 52796K, capacity 55892K, committed 55936K, reserved 1097728K
  class space    used 6448K, capacity 6998K, committed 7040K, reserved 1048576K
}
{Heap before GC invocations=379 (full 0):
 PSYoungGen      total 127488K, used 127296K [0x00000000f8300000, 0x0000000100000000, 0x0000000100000000)
  eden space 126976K, 100% used [0x00000000f8300000,0x00000000fff00000,0x00000000fff00000)
  from space 512K, 62% used [0x00000000fff80000,0x00000000fffd0000,0x0000000100000000)
  to   space 512K, 0% used [0x00000000fff00000,0x00000000fff00000,0x00000000fff80000)
 ParOldGen       total 134144K, used 41810K [0x00000000f0000000, 0x00000000f8300000, 0x00000000f8300000)
  object space 134144K, 31% used [0x00000000f0000000,0x00000000f28d49b8,0x00000000f8300000)
 Metaspace       used 52796K, capacity 55892K, committed 55936K, reserved 1097728K
  class space    used 6448K, capacity 6998K, committed 7040K, reserved 1048576K
2023-10-03T01:13:55.110+0800: 434.815: [GC (Allocation Failure) [PSYoungGen: 127296K->320K(127488K)] 169106K->42186K(261632K), 0.0059132 secs] [Times: user=0.03 sys=0.00, real=0.01 secs] 
Heap after GC invocations=379 (full 0):
 PSYoungGen      total 127488K, used 320K [0x00000000f8300000, 0x0000000100000000, 0x0000000100000000)
  eden space 126976K, 0% used [0x00000000f8300000,0x00000000f8300000,0x00000000fff00000)
  from space 512K, 62% used [0x00000000fff00000,0x00000000fff50000,0x00000000fff80000)
  to   space 512K, 0% used [0x00000000fff80000,0x00000000fff80000,0x0000000100000000)
 ParOldGen       total 134144K, used 41866K [0x00000000f0000000, 0x00000000f8300000, 0x00000000f8300000)
  object space 134144K, 31% used [0x00000000f0000000,0x00000000f28e29b8,0x00000000f8300000)
 Metaspace       used 52796K, capacity 55892K, committed 55936K, reserved 1097728K
  class space    used 6448K, capacity 6998K, committed 7040K, reserved 1048576K
}
{Heap before GC invocations=380 (full 0):
 PSYoungGen      total 127488K, used 127296K [0x00000000f8300000, 0x0000000100000000, 0x0000000100000000)
  eden space 126976K, 100% used [0x00000000f8300000,0x00000000fff00000,0x00000000fff00000)
  from space 512K, 62% used [0x00000000fff00000,0x00000000fff50000,0x00000000fff80000)
  to   space 512K, 0% used [0x00000000fff80000,0x00000000fff80000,0x0000000100000000)
 ParOldGen       total 134144K, used 41866K [0x00000000f0000000, 0x00000000f8300000, 0x00000000f8300000)
  object space 134144K, 31% used [0x00000000f0000000,0x00000000f28e29b8,0x00000000f8300000)
 Metaspace       used 52796K, capacity 55892K, committed 55936K, reserved 1097728K
  class space    used 6448K, capacity 6998K, committed 7040K, reserved 1048576K
2023-10-03T01:13:55.775+0800: 435.480: [GC (Allocation Failure) [PSYoungGen: 127296K->320K(127488K)] 169162K->42258K(261632K), 0.0058938 secs] [Times: user=0.02 sys=0.01, real=0.00 secs] 
Heap after GC invocations=380 (full 0):
 PSYoungGen      total 127488K, used 320K [0x00000000f8300000, 0x0000000100000000, 0x0000000100000000)
  eden space 126976K, 0% used [0x00000000f8300000,0x00000000f8300000,0x00000000fff00000)
  from space 512K, 62% used [0x00000000fff80000,0x00000000fffd0000,0x0000000100000000)
  to   space 512K, 0% used [0x00000000fff00000,0x00000000fff00000,0x00000000fff80000)
 ParOldGen       total 134144K, used 41938K [0x00000000f0000000, 0x00000000f8300000, 0x00000000f8300000)
  object space 134144K, 31% used [0x00000000f0000000,0x00000000f28f49b8,0x00000000f8300000)
 Metaspace       used 52796K, capacity 55892K, committed 55936K, reserved 1097728K
  class space    used 6448K, capacity 6998K, committed 7040K, reserved 1048576K
}
{Heap before GC invocations=381 (full 0):
 PSYoungGen      total 127488K, used 127296K [0x00000000f8300000, 0x0000000100000000, 0x0000000100000000)
  eden space 126976K, 100% used [0x00000000f8300000,0x00000000fff00000,0x00000000fff00000)
  from space 512K, 62% used [0x00000000fff80000,0x00000000fffd0000,0x0000000100000000)
  to   space 512K, 0% used [0x00000000fff00000,0x00000000fff00000,0x00000000fff80000)
 ParOldGen       total 134144K, used 41938K [0x00000000f0000000, 0x00000000f8300000, 0x00000000f8300000)
  object space 134144K, 31% used [0x00000000f0000000,0x00000000f28f49b8,0x00000000f8300000)
 Metaspace       used 52796K, capacity 55892K, committed 55936K, reserved 1097728K
  class space    used 6448K, capacity 6998K, committed 7040K, reserved 1048576K
2023-10-03T01:13:56.414+0800: 436.119: [GC (Allocation Failure) [PSYoungGen: 127296K->320K(127488K)] 169234K->42330K(261632K), 0.0060250 secs] [Times: user=0.03 sys=0.00, real=0.00 secs] 
Heap after GC invocations=381 (full 0):
 PSYoungGen      total 127488K, used 320K [0x00000000f8300000, 0x0000000100000000, 0x0000000100000000)
  eden space 126976K, 0% used [0x00000000f8300000,0x00000000f8300000,0x00000000fff00000)
  from space 512K, 62% used [0x00000000fff00000,0x00000000fff50000,0x00000000fff80000)
  to   space 512K, 0% used [0x00000000fff80000,0x00000000fff80000,0x0000000100000000)
 ParOldGen       total 134144K, used 42010K [0x00000000f0000000, 0x00000000f8300000, 0x00000000f8300000)
  object space 134144K, 31% used [0x00000000f0000000,0x00000000f29069b8,0x00000000f8300000)
 Metaspace       used 52796K, capacity 55892K, committed 55936K, reserved 1097728K
  class space    used 6448K, capacity 6998K, committed 7040K, reserved 1048576K
}
{Heap before GC invocations=382 (full 0):
 PSYoungGen      total 127488K, used 127296K [0x00000000f8300000, 0x0000000100000000, 0x0000000100000000)
  eden space 126976K, 100% used [0x00000000f8300000,0x00000000fff00000,0x00000000fff00000)
  from space 512K, 62% used [0x00000000fff00000,0x00000000fff50000,0x00000000fff80000)
  to   space 512K, 0% used [0x00000000fff80000,0x00000000fff80000,0x0000000100000000)
 ParOldGen       total 134144K, used 42010K [0x00000000f0000000, 0x00000000f8300000, 0x00000000f8300000)
  object space 134144K, 31% used [0x00000000f0000000,0x00000000f29069b8,0x00000000f8300000)
 Metaspace       used 52796K, capacity 55892K, committed 55936K, reserved 1097728K
  class space    used 6448K, capacity 6998K, committed 7040K, reserved 1048576K
2023-10-03T01:13:57.064+0800: 436.769: [GC (Allocation Failure) [PSYoungGen: 127296K->320K(127488K)] 169306K->42418K(261632K), 0.0058156 secs] [Times: user=0.03 sys=0.00, real=0.00 secs] 
Heap after GC invocations=382 (full 0):
 PSYoungGen      total 127488K, used 320K [0x00000000f8300000, 0x0000000100000000, 0x0000000100000000)
  eden space 126976K, 0% used [0x00000000f8300000,0x00000000f8300000,0x00000000fff00000)
  from space 512K, 62% used [0x00000000fff80000,0x00000000fffd0000,0x0000000100000000)
  to   space 512K, 0% used [0x00000000fff00000,0x00000000fff00000,0x00000000fff80000)
 ParOldGen       total 134144K, used 42098K [0x00000000f0000000, 0x00000000f8300000, 0x00000000f8300000)
  object space 134144K, 31% used [0x00000000f0000000,0x00000000f291c9b8,0x00000000f8300000)
 Metaspace       used 52796K, capacity 55892K, committed 55936K, reserved 1097728K
  class space    used 6448K, capacity 6998K, committed 7040K, reserved 1048576K
}
{Heap before GC invocations=383 (full 0):
 PSYoungGen      total 127488K, used 127296K [0x00000000f8300000, 0x0000000100000000, 0x0000000100000000)
  eden space 126976K, 100% used [0x00000000f8300000,0x00000000fff00000,0x00000000fff00000)
  from space 512K, 62% used [0x00000000fff80000,0x00000000fffd0000,0x0000000100000000)
  to   space 512K, 0% used [0x00000000fff00000,0x00000000fff00000,0x00000000fff80000)
 ParOldGen       total 134144K, used 42098K [0x00000000f0000000, 0x00000000f8300000, 0x00000000f8300000)
  object space 134144K, 31% used [0x00000000f0000000,0x00000000f291c9b8,0x00000000f8300000)
 Metaspace       used 52796K, capacity 55892K, committed 55936K, reserved 1097728K
  class space    used 6448K, capacity 6998K, committed 7040K, reserved 1048576K
2023-10-03T01:13:57.708+0800: 437.413: [GC (Allocation Failure) [PSYoungGen: 127296K->320K(127488K)] 169394K->42474K(261632K), 0.0059198 secs] [Times: user=0.02 sys=0.01, real=0.01 secs] 
Heap after GC invocations=383 (full 0):
 PSYoungGen      total 127488K, used 320K [0x00000000f8300000, 0x0000000100000000, 0x0000000100000000)
  eden space 126976K, 0% used [0x00000000f8300000,0x00000000f8300000,0x00000000fff00000)
  from space 512K, 62% used [0x00000000fff00000,0x00000000fff50000,0x00000000fff80000)
  to   space 512K, 0% used [0x00000000fff80000,0x00000000fff80000,0x0000000100000000)
 ParOldGen       total 134144K, used 42154K [0x00000000f0000000, 0x00000000f8300000, 0x00000000f8300000)
  object space 134144K, 31% used [0x00000000f0000000,0x00000000f292a9b8,0x00000000f8300000)
 Metaspace       used 52796K, capacity 55892K, committed 55936K, reserved 1097728K
  class space    used 6448K, capacity 6998K, committed 7040K, reserved 1048576K
}
{Heap before GC invocations=384 (full 0):
 PSYoungGen      total 127488K, used 127296K [0x00000000f8300000, 0x0000000100000000, 0x0000000100000000)
  eden space 126976K, 100% used [0x00000000f8300000,0x00000000fff00000,0x00000000fff00000)
  from space 512K, 62% used [0x00000000fff00000,0x00000000fff50000,0x00000000fff80000)
  to   space 512K, 0% used [0x00000000fff80000,0x00000000fff80000,0x0000000100000000)
 ParOldGen       total 134144K, used 42154K [0x00000000f0000000, 0x00000000f8300000, 0x00000000f8300000)
  object space 134144K, 31% used [0x00000000f0000000,0x00000000f292a9b8,0x00000000f8300000)
 Metaspace       used 52796K, capacity 55892K, committed 55936K, reserved 1097728K
  class space    used 6448K, capacity 6998K, committed 7040K, reserved 1048576K
2023-10-03T01:13:58.345+0800: 438.049: [GC (Allocation Failure) [PSYoungGen: 127296K->352K(127488K)] 169450K->42594K(261632K), 0.0060823 secs] [Times: user=0.02 sys=0.00, real=0.00 secs] 
Heap after GC invocations=384 (full 0):
 PSYoungGen      total 127488K, used 352K [0x00000000f8300000, 0x0000000100000000, 0x0000000100000000)
  eden space 126976K, 0% used [0x00000000f8300000,0x00000000f8300000,0x00000000fff00000)
  from space 512K, 68% used [0x00000000fff80000,0x00000000fffd8000,0x0000000100000000)
  to   space 512K, 0% used [0x00000000fff00000,0x00000000fff00000,0x00000000fff80000)
 ParOldGen       total 134144K, used 42242K [0x00000000f0000000, 0x00000000f8300000, 0x00000000f8300000)
  object space 134144K, 31% used [0x00000000f0000000,0x00000000f29409b8,0x00000000f8300000)
 Metaspace       used 52796K, capacity 55892K, committed 55936K, reserved 1097728K
  class space    used 6448K, capacity 6998K, committed 7040K, reserved 1048576K
}
{Heap before GC invocations=385 (full 0):
 PSYoungGen      total 127488K, used 127328K [0x00000000f8300000, 0x0000000100000000, 0x0000000100000000)
  eden space 126976K, 100% used [0x00000000f8300000,0x00000000fff00000,0x00000000fff00000)
  from space 512K, 68% used [0x00000000fff80000,0x00000000fffd8000,0x0000000100000000)
  to   space 512K, 0% used [0x00000000fff00000,0x00000000fff00000,0x00000000fff80000)
 ParOldGen       total 134144K, used 42242K [0x00000000f0000000, 0x00000000f8300000, 0x00000000f8300000)
  object space 134144K, 31% used [0x00000000f0000000,0x00000000f29409b8,0x00000000f8300000)
 Metaspace       used 52796K, capacity 55892K, committed 55936K, reserved 1097728K
  class space    used 6448K, capacity 6998K, committed 7040K, reserved 1048576K
2023-10-03T01:13:58.988+0800: 438.693: [GC (Allocation Failure) [PSYoungGen: 127328K->320K(127488K)] 169570K->42618K(261632K), 0.0059649 secs] [Times: user=0.02 sys=0.01, real=0.01 secs] 
Heap after GC invocations=385 (full 0):
 PSYoungGen      total 127488K, used 320K [0x00000000f8300000, 0x0000000100000000, 0x0000000100000000)
  eden space 126976K, 0% used [0x00000000f8300000,0x00000000f8300000,0x00000000fff00000)
  from space 512K, 62% used [0x00000000fff00000,0x00000000fff50000,0x00000000fff80000)
  to   space 512K, 0% used [0x00000000fff80000,0x00000000fff80000,0x0000000100000000)
 ParOldGen       total 134144K, used 42298K [0x00000000f0000000, 0x00000000f8300000, 0x00000000f8300000)
  object space 134144K, 31% used [0x00000000f0000000,0x00000000f294e9b8,0x00000000f8300000)
 Metaspace       used 52796K, capacity 55892K, committed 55936K, reserved 1097728K
  class space    used 6448K, capacity 6998K, committed 7040K, reserved 1048576K
}
{Heap before GC invocations=386 (full 0):
 PSYoungGen      total 127488K, used 127296K [0x00000000f8300000, 0x0000000100000000, 0x0000000100000000)
  eden space 126976K, 100% used [0x00000000f8300000,0x00000000fff00000,0x00000000fff00000)
  from space 512K, 62% used [0x00000000fff00000,0x00000000fff50000,0x00000000fff80000)
  to   space 512K, 0% used [0x00000000fff80000,0x00000000fff80000,0x0000000100000000)
 ParOldGen       total 134144K, used 42298K [0x00000000f0000000, 0x00000000f8300000, 0x00000000f8300000)
  object space 134144K, 31% used [0x00000000f0000000,0x00000000f294e9b8,0x00000000f8300000)
 Metaspace       used 52796K, capacity 55892K, committed 55936K, reserved 1097728K
  class space    used 6448K, capacity 6998K, committed 7040K, reserved 1048576K
2023-10-03T01:13:59.629+0800: 439.333: [GC (Allocation Failure) [PSYoungGen: 127296K->352K(127488K)] 169594K->42722K(261632K), 0.0060783 secs] [Times: user=0.03 sys=0.00, real=0.01 secs] 
Heap after GC invocations=386 (full 0):
 PSYoungGen      total 127488K, used 352K [0x00000000f8300000, 0x0000000100000000, 0x0000000100000000)
  eden space 126976K, 0% used [0x00000000f8300000,0x00000000f8300000,0x00000000fff00000)
  from space 512K, 68% used [0x00000000fff80000,0x00000000fffd8000,0x0000000100000000)
  to   space 512K, 0% used [0x00000000fff00000,0x00000000fff00000,0x00000000fff80000)
 ParOldGen       total 134144K, used 42370K [0x00000000f0000000, 0x00000000f8300000, 0x00000000f8300000)
  object space 134144K, 31% used [0x00000000f0000000,0x00000000f29609b8,0x00000000f8300000)
 Metaspace       used 52796K, capacity 55892K, committed 55936K, reserved 1097728K
  class space    used 6448K, capacity 6998K, committed 7040K, reserved 1048576K
}
{Heap before GC invocations=387 (full 0):
 PSYoungGen      total 127488K, used 127328K [0x00000000f8300000, 0x0000000100000000, 0x0000000100000000)
  eden space 126976K, 100% used [0x00000000f8300000,0x00000000fff00000,0x00000000fff00000)
  from space 512K, 68% used [0x00000000fff80000,0x00000000fffd8000,0x0000000100000000)
  to   space 512K, 0% used [0x00000000fff00000,0x00000000fff00000,0x00000000fff80000)
 ParOldGen       total 134144K, used 42370K [0x00000000f0000000, 0x00000000f8300000, 0x00000000f8300000)
  object space 134144K, 31% used [0x00000000f0000000,0x00000000f29609b8,0x00000000f8300000)
 Metaspace       used 52796K, capacity 55892K, committed 55936K, reserved 1097728K
  class space    used 6448K, capacity 6998K, committed 7040K, reserved 1048576K
2023-10-03T01:14:00.280+0800: 439.985: [GC (Allocation Failure) [PSYoungGen: 127328K->320K(127488K)] 169698K->42746K(261632K), 0.0060277 secs] [Times: user=0.03 sys=0.00, real=0.01 secs] 
Heap after GC invocations=387 (full 0):
 PSYoungGen      total 127488K, used 320K [0x00000000f8300000, 0x0000000100000000, 0x0000000100000000)
  eden space 126976K, 0% used [0x00000000f8300000,0x00000000f8300000,0x00000000fff00000)
  from space 512K, 62% used [0x00000000fff00000,0x00000000fff50000,0x00000000fff80000)
  to   space 512K, 0% used [0x00000000fff80000,0x00000000fff80000,0x0000000100000000)
 ParOldGen       total 134144K, used 42426K [0x00000000f0000000, 0x00000000f8300000, 0x00000000f8300000)
  object space 134144K, 31% used [0x00000000f0000000,0x00000000f296e9b8,0x00000000f8300000)
 Metaspace       used 52796K, capacity 55892K, committed 55936K, reserved 1097728K
  class space    used 6448K, capacity 6998K, committed 7040K, reserved 1048576K
}
{Heap before GC invocations=388 (full 0):
 PSYoungGen      total 127488K, used 127296K [0x00000000f8300000, 0x0000000100000000, 0x0000000100000000)
  eden space 126976K, 100% used [0x00000000f8300000,0x00000000fff00000,0x00000000fff00000)
  from space 512K, 62% used [0x00000000fff00000,0x00000000fff50000,0x00000000fff80000)
  to   space 512K, 0% used [0x00000000fff80000,0x00000000fff80000,0x0000000100000000)
 ParOldGen       total 134144K, used 42426K [0x00000000f0000000, 0x00000000f8300000, 0x00000000f8300000)
  object space 134144K, 31% used [0x00000000f0000000,0x00000000f296e9b8,0x00000000f8300000)
 Metaspace       used 52796K, capacity 55892K, committed 55936K, reserved 1097728K
  class space    used 6448K, capacity 6998K, committed 7040K, reserved 1048576K
2023-10-03T01:14:00.932+0800: 440.637: [GC (Allocation Failure) [PSYoungGen: 127296K->384K(127488K)] 169722K->42866K(261632K), 0.0060692 secs] [Times: user=0.03 sys=0.00, real=0.00 secs] 
Heap after GC invocations=388 (full 0):
 PSYoungGen      total 127488K, used 384K [0x00000000f8300000, 0x0000000100000000, 0x0000000100000000)
  eden space 126976K, 0% used [0x00000000f8300000,0x00000000f8300000,0x00000000fff00000)
  from space 512K, 75% used [0x00000000fff80000,0x00000000fffe0000,0x0000000100000000)
  to   space 512K, 0% used [0x00000000fff00000,0x00000000fff00000,0x00000000fff80000)
 ParOldGen       total 134144K, used 42482K [0x00000000f0000000, 0x00000000f8300000, 0x00000000f8300000)
  object space 134144K, 31% used [0x00000000f0000000,0x00000000f297c9b8,0x00000000f8300000)
 Metaspace       used 52796K, capacity 55892K, committed 55936K, reserved 1097728K
  class space    used 6448K, capacity 6998K, committed 7040K, reserved 1048576K
}
{Heap before GC invocations=389 (full 0):
 PSYoungGen      total 127488K, used 127360K [0x00000000f8300000, 0x0000000100000000, 0x0000000100000000)
  eden space 126976K, 100% used [0x00000000f8300000,0x00000000fff00000,0x00000000fff00000)
  from space 512K, 75% used [0x00000000fff80000,0x00000000fffe0000,0x0000000100000000)
  to   space 512K, 0% used [0x00000000fff00000,0x00000000fff00000,0x00000000fff80000)
 ParOldGen       total 134144K, used 42482K [0x00000000f0000000, 0x00000000f8300000, 0x00000000f8300000)
  object space 134144K, 31% used [0x00000000f0000000,0x00000000f297c9b8,0x00000000f8300000)
 Metaspace       used 52802K, capacity 55892K, committed 55936K, reserved 1097728K
  class space    used 6448K, capacity 6998K, committed 7040K, reserved 1048576K
2023-10-03T01:14:01.572+0800: 441.276: [GC (Allocation Failure) [PSYoungGen: 127360K->352K(127488K)] 169842K->42898K(261632K), 0.0055843 secs] [Times: user=0.02 sys=0.01, real=0.00 secs] 
Heap after GC invocations=389 (full 0):
 PSYoungGen      total 127488K, used 352K [0x00000000f8300000, 0x0000000100000000, 0x0000000100000000)
  eden space 126976K, 0% used [0x00000000f8300000,0x00000000f8300000,0x00000000fff00000)
  from space 512K, 68% used [0x00000000fff00000,0x00000000fff58000,0x00000000fff80000)
  to   space 512K, 0% used [0x00000000fff80000,0x00000000fff80000,0x0000000100000000)
 ParOldGen       total 134144K, used 42546K [0x00000000f0000000, 0x00000000f8300000, 0x00000000f8300000)
  object space 134144K, 31% used [0x00000000f0000000,0x00000000f298c9b8,0x00000000f8300000)
 Metaspace       used 52802K, capacity 55892K, committed 55936K, reserved 1097728K
  class space    used 6448K, capacity 6998K, committed 7040K, reserved 1048576K
}
{Heap before GC invocations=390 (full 0):
 PSYoungGen      total 127488K, used 127328K [0x00000000f8300000, 0x0000000100000000, 0x0000000100000000)
  eden space 126976K, 100% used [0x00000000f8300000,0x00000000fff00000,0x00000000fff00000)
  from space 512K, 68% used [0x00000000fff00000,0x00000000fff58000,0x00000000fff80000)
  to   space 512K, 0% used [0x00000000fff80000,0x00000000fff80000,0x0000000100000000)
 ParOldGen       total 134144K, used 42546K [0x00000000f0000000, 0x00000000f8300000, 0x00000000f8300000)
  object space 134144K, 31% used [0x00000000f0000000,0x00000000f298c9b8,0x00000000f8300000)
 Metaspace       used 52802K, capacity 55892K, committed 55936K, reserved 1097728K
  class space    used 6448K, capacity 6998K, committed 7040K, reserved 1048576K
2023-10-03T01:14:02.210+0800: 441.915: [GC (Allocation Failure) [PSYoungGen: 127328K->320K(127488K)] 169874K->42938K(261632K), 0.0058903 secs] [Times: user=0.03 sys=0.00, real=0.02 secs] 
Heap after GC invocations=390 (full 0):
 PSYoungGen      total 127488K, used 320K [0x00000000f8300000, 0x0000000100000000, 0x0000000100000000)
  eden space 126976K, 0% used [0x00000000f8300000,0x00000000f8300000,0x00000000fff00000)
  from space 512K, 62% used [0x00000000fff80000,0x00000000fffd0000,0x0000000100000000)
  to   space 512K, 0% used [0x00000000fff00000,0x00000000fff00000,0x00000000fff80000)
 ParOldGen       total 134144K, used 42618K [0x00000000f0000000, 0x00000000f8300000, 0x00000000f8300000)
  object space 134144K, 31% used [0x00000000f0000000,0x00000000f299e9b8,0x00000000f8300000)
 Metaspace       used 52802K, capacity 55892K, committed 55936K, reserved 1097728K
  class space    used 6448K, capacity 6998K, committed 7040K, reserved 1048576K
}
{Heap before GC invocations=391 (full 0):
 PSYoungGen      total 127488K, used 127296K [0x00000000f8300000, 0x0000000100000000, 0x0000000100000000)
  eden space 126976K, 100% used [0x00000000f8300000,0x00000000fff00000,0x00000000fff00000)
  from space 512K, 62% used [0x00000000fff80000,0x00000000fffd0000,0x0000000100000000)
  to   space 512K, 0% used [0x00000000fff00000,0x00000000fff00000,0x00000000fff80000)
 ParOldGen       total 134144K, used 42618K [0x00000000f0000000, 0x00000000f8300000, 0x00000000f8300000)
  object space 134144K, 31% used [0x00000000f0000000,0x00000000f299e9b8,0x00000000f8300000)
 Metaspace       used 52802K, capacity 55892K, committed 55936K, reserved 1097728K
  class space    used 6448K, capacity 6998K, committed 7040K, reserved 1048576K
2023-10-03T01:14:02.848+0800: 442.553: [GC (Allocation Failure) [PSYoungGen: 127296K->320K(127488K)] 169914K->43002K(261632K), 0.0058273 secs] [Times: user=0.03 sys=0.00, real=0.01 secs] 
Heap after GC invocations=391 (full 0):
 PSYoungGen      total 127488K, used 320K [0x00000000f8300000, 0x0000000100000000, 0x0000000100000000)
  eden space 126976K, 0% used [0x00000000f8300000,0x00000000f8300000,0x00000000fff00000)
  from space 512K, 62% used [0x00000000fff00000,0x00000000fff50000,0x00000000fff80000)
  to   space 512K, 0% used [0x00000000fff80000,0x00000000fff80000,0x0000000100000000)
 ParOldGen       total 134144K, used 42682K [0x00000000f0000000, 0x00000000f8300000, 0x00000000f8300000)
  object space 134144K, 31% used [0x00000000f0000000,0x00000000f29ae9b8,0x00000000f8300000)
 Metaspace       used 52802K, capacity 55892K, committed 55936K, reserved 1097728K
  class space    used 6448K, capacity 6998K, committed 7040K, reserved 1048576K
}
{Heap before GC invocations=392 (full 0):
 PSYoungGen      total 127488K, used 127296K [0x00000000f8300000, 0x0000000100000000, 0x0000000100000000)
  eden space 126976K, 100% used [0x00000000f8300000,0x00000000fff00000,0x00000000fff00000)
  from space 512K, 62% used [0x00000000fff00000,0x00000000fff50000,0x00000000fff80000)
  to   space 512K, 0% used [0x00000000fff80000,0x00000000fff80000,0x0000000100000000)
 ParOldGen       total 134144K, used 42682K [0x00000000f0000000, 0x00000000f8300000, 0x00000000f8300000)
  object space 134144K, 31% used [0x00000000f0000000,0x00000000f29ae9b8,0x00000000f8300000)
 Metaspace       used 52802K, capacity 55892K, committed 55936K, reserved 1097728K
  class space    used 6448K, capacity 6998K, committed 7040K, reserved 1048576K
2023-10-03T01:14:03.485+0800: 443.189: [GC (Allocation Failure) [PSYoungGen: 127296K->320K(127488K)] 169978K->43074K(261632K), 0.0060913 secs] [Times: user=0.02 sys=0.01, real=0.00 secs] 
Heap after GC invocations=392 (full 0):
 PSYoungGen      total 127488K, used 320K [0x00000000f8300000, 0x0000000100000000, 0x0000000100000000)
  eden space 126976K, 0% used [0x00000000f8300000,0x00000000f8300000,0x00000000fff00000)
  from space 512K, 62% used [0x00000000fff80000,0x00000000fffd0000,0x0000000100000000)
  to   space 512K, 0% used [0x00000000fff00000,0x00000000fff00000,0x00000000fff80000)
 ParOldGen       total 134144K, used 42754K [0x00000000f0000000, 0x00000000f8300000, 0x00000000f8300000)
  object space 134144K, 31% used [0x00000000f0000000,0x00000000f29c09b8,0x00000000f8300000)
 Metaspace       used 52802K, capacity 55892K, committed 55936K, reserved 1097728K
  class space    used 6448K, capacity 6998K, committed 7040K, reserved 1048576K
}
{Heap before GC invocations=393 (full 0):
 PSYoungGen      total 127488K, used 127296K [0x00000000f8300000, 0x0000000100000000, 0x0000000100000000)
  eden space 126976K, 100% used [0x00000000f8300000,0x00000000fff00000,0x00000000fff00000)
  from space 512K, 62% used [0x00000000fff80000,0x00000000fffd0000,0x0000000100000000)
  to   space 512K, 0% used [0x00000000fff00000,0x00000000fff00000,0x00000000fff80000)
 ParOldGen       total 134144K, used 42754K [0x00000000f0000000, 0x00000000f8300000, 0x00000000f8300000)
  object space 134144K, 31% used [0x00000000f0000000,0x00000000f29c09b8,0x00000000f8300000)
 Metaspace       used 52802K, capacity 55892K, committed 55936K, reserved 1097728K
  class space    used 6448K, capacity 6998K, committed 7040K, reserved 1048576K
2023-10-03T01:14:04.130+0800: 443.835: [GC (Allocation Failure) [PSYoungGen: 127296K->352K(127488K)] 170050K->43170K(261632K), 0.0060904 secs] [Times: user=0.03 sys=0.00, real=0.01 secs] 
Heap after GC invocations=393 (full 0):
 PSYoungGen      total 127488K, used 352K [0x00000000f8300000, 0x0000000100000000, 0x0000000100000000)
  eden space 126976K, 0% used [0x00000000f8300000,0x00000000f8300000,0x00000000fff00000)
  from space 512K, 68% used [0x00000000fff00000,0x00000000fff58000,0x00000000fff80000)
  to   space 512K, 0% used [0x00000000fff80000,0x00000000fff80000,0x0000000100000000)
 ParOldGen       total 134144K, used 42818K [0x00000000f0000000, 0x00000000f8300000, 0x00000000f8300000)
  object space 134144K, 31% used [0x00000000f0000000,0x00000000f29d09b8,0x00000000f8300000)
 Metaspace       used 52802K, capacity 55892K, committed 55936K, reserved 1097728K
  class space    used 6448K, capacity 6998K, committed 7040K, reserved 1048576K
}
{Heap before GC invocations=394 (full 0):
 PSYoungGen      total 127488K, used 127328K [0x00000000f8300000, 0x0000000100000000, 0x0000000100000000)
  eden space 126976K, 100% used [0x00000000f8300000,0x00000000fff00000,0x00000000fff00000)
  from space 512K, 68% used [0x00000000fff00000,0x00000000fff58000,0x00000000fff80000)
  to   space 512K, 0% used [0x00000000fff80000,0x00000000fff80000,0x0000000100000000)
 ParOldGen       total 134144K, used 42818K [0x00000000f0000000, 0x00000000f8300000, 0x00000000f8300000)
  object space 134144K, 31% used [0x00000000f0000000,0x00000000f29d09b8,0x00000000f8300000)
 Metaspace       used 52802K, capacity 55892K, committed 55936K, reserved 1097728K
  class space    used 6448K, capacity 6998K, committed 7040K, reserved 1048576K
2023-10-03T01:14:04.812+0800: 444.516: [GC (Allocation Failure) [PSYoungGen: 127328K->384K(127488K)] 170146K->43274K(261632K), 0.0057801 secs] [Times: user=0.03 sys=0.01, real=0.00 secs] 
Heap after GC invocations=394 (full 0):
 PSYoungGen      total 127488K, used 384K [0x00000000f8300000, 0x0000000100000000, 0x0000000100000000)
  eden space 126976K, 0% used [0x00000000f8300000,0x00000000f8300000,0x00000000fff00000)
  from space 512K, 75% used [0x00000000fff80000,0x00000000fffe0000,0x0000000100000000)
  to   space 512K, 0% used [0x00000000fff00000,0x00000000fff00000,0x00000000fff80000)
 ParOldGen       total 134144K, used 42890K [0x00000000f0000000, 0x00000000f8300000, 0x00000000f8300000)
  object space 134144K, 31% used [0x00000000f0000000,0x00000000f29e29b8,0x00000000f8300000)
 Metaspace       used 52802K, capacity 55892K, committed 55936K, reserved 1097728K
  class space    used 6448K, capacity 6998K, committed 7040K, reserved 1048576K
}
{Heap before GC invocations=395 (full 0):
 PSYoungGen      total 127488K, used 127360K [0x00000000f8300000, 0x0000000100000000, 0x0000000100000000)
  eden space 126976K, 100% used [0x00000000f8300000,0x00000000fff00000,0x00000000fff00000)
  from space 512K, 75% used [0x00000000fff80000,0x00000000fffe0000,0x0000000100000000)
  to   space 512K, 0% used [0x00000000fff00000,0x00000000fff00000,0x00000000fff80000)
 ParOldGen       total 134144K, used 42890K [0x00000000f0000000, 0x00000000f8300000, 0x00000000f8300000)
  object space 134144K, 31% used [0x00000000f0000000,0x00000000f29e29b8,0x00000000f8300000)
 Metaspace       used 52802K, capacity 55892K, committed 55936K, reserved 1097728K
  class space    used 6448K, capacity 6998K, committed 7040K, reserved 1048576K
2023-10-03T01:14:05.461+0800: 445.166: [GC (Allocation Failure) [PSYoungGen: 127360K->352K(127488K)] 170250K->43306K(261632K), 0.0060816 secs] [Times: user=0.03 sys=0.00, real=0.01 secs] 
Heap after GC invocations=395 (full 0):
 PSYoungGen      total 127488K, used 352K [0x00000000f8300000, 0x0000000100000000, 0x0000000100000000)
  eden space 126976K, 0% used [0x00000000f8300000,0x00000000f8300000,0x00000000fff00000)
  from space 512K, 68% used [0x00000000fff00000,0x00000000fff58000,0x00000000fff80000)
  to   space 512K, 0% used [0x00000000fff80000,0x00000000fff80000,0x0000000100000000)
 ParOldGen       total 134144K, used 42954K [0x00000000f0000000, 0x00000000f8300000, 0x00000000f8300000)
  object space 134144K, 32% used [0x00000000f0000000,0x00000000f29f29b8,0x00000000f8300000)
 Metaspace       used 52802K, capacity 55892K, committed 55936K, reserved 1097728K
  class space    used 6448K, capacity 6998K, committed 7040K, reserved 1048576K
}
{Heap before GC invocations=396 (full 0):
 PSYoungGen      total 127488K, used 127328K [0x00000000f8300000, 0x0000000100000000, 0x0000000100000000)
  eden space 126976K, 100% used [0x00000000f8300000,0x00000000fff00000,0x00000000fff00000)
  from space 512K, 68% used [0x00000000fff00000,0x00000000fff58000,0x00000000fff80000)
  to   space 512K, 0% used [0x00000000fff80000,0x00000000fff80000,0x0000000100000000)
 ParOldGen       total 134144K, used 42954K [0x00000000f0000000, 0x00000000f8300000, 0x00000000f8300000)
  object space 134144K, 32% used [0x00000000f0000000,0x00000000f29f29b8,0x00000000f8300000)
 Metaspace       used 52802K, capacity 55892K, committed 55936K, reserved 1097728K
  class space    used 6448K, capacity 6998K, committed 7040K, reserved 1048576K
2023-10-03T01:14:06.113+0800: 445.818: [GC (Allocation Failure) [PSYoungGen: 127328K->352K(127488K)] 170282K->43386K(261632K), 0.0064364 secs] [Times: user=0.03 sys=0.00, real=0.00 secs] 
Heap after GC invocations=396 (full 0):
 PSYoungGen      total 127488K, used 352K [0x00000000f8300000, 0x0000000100000000, 0x0000000100000000)
  eden space 126976K, 0% used [0x00000000f8300000,0x00000000f8300000,0x00000000fff00000)
  from space 512K, 68% used [0x00000000fff80000,0x00000000fffd8000,0x0000000100000000)
  to   space 512K, 0% used [0x00000000fff00000,0x00000000fff00000,0x00000000fff80000)
 ParOldGen       total 134144K, used 43034K [0x00000000f0000000, 0x00000000f8300000, 0x00000000f8300000)
  object space 134144K, 32% used [0x00000000f0000000,0x00000000f2a069b8,0x00000000f8300000)
 Metaspace       used 52802K, capacity 55892K, committed 55936K, reserved 1097728K
  class space    used 6448K, capacity 6998K, committed 7040K, reserved 1048576K
}
{Heap before GC invocations=397 (full 0):
 PSYoungGen      total 127488K, used 127328K [0x00000000f8300000, 0x0000000100000000, 0x0000000100000000)
  eden space 126976K, 100% used [0x00000000f8300000,0x00000000fff00000,0x00000000fff00000)
  from space 512K, 68% used [0x00000000fff80000,0x00000000fffd8000,0x0000000100000000)
  to   space 512K, 0% used [0x00000000fff00000,0x00000000fff00000,0x00000000fff80000)
 ParOldGen       total 134144K, used 43034K [0x00000000f0000000, 0x00000000f8300000, 0x00000000f8300000)
  object space 134144K, 32% used [0x00000000f0000000,0x00000000f2a069b8,0x00000000f8300000)
 Metaspace       used 52802K, capacity 55892K, committed 55936K, reserved 1097728K
  class space    used 6448K, capacity 6998K, committed 7040K, reserved 1048576K
2023-10-03T01:14:06.759+0800: 446.464: [GC (Allocation Failure) [PSYoungGen: 127328K->320K(127488K)] 170362K->43418K(261632K), 0.0061608 secs] [Times: user=0.03 sys=0.00, real=0.01 secs] 
Heap after GC invocations=397 (full 0):
 PSYoungGen      total 127488K, used 320K [0x00000000f8300000, 0x0000000100000000, 0x0000000100000000)
  eden space 126976K, 0% used [0x00000000f8300000,0x00000000f8300000,0x00000000fff00000)
  from space 512K, 62% used [0x00000000fff00000,0x00000000fff50000,0x00000000fff80000)
  to   space 512K, 0% used [0x00000000fff80000,0x00000000fff80000,0x0000000100000000)
 ParOldGen       total 134144K, used 43098K [0x00000000f0000000, 0x00000000f8300000, 0x00000000f8300000)
  object space 134144K, 32% used [0x00000000f0000000,0x00000000f2a169b8,0x00000000f8300000)
 Metaspace       used 52802K, capacity 55892K, committed 55936K, reserved 1097728K
  class space    used 6448K, capacity 6998K, committed 7040K, reserved 1048576K
}
{Heap before GC invocations=398 (full 0):
 PSYoungGen      total 127488K, used 127296K [0x00000000f8300000, 0x0000000100000000, 0x0000000100000000)
  eden space 126976K, 100% used [0x00000000f8300000,0x00000000fff00000,0x00000000fff00000)
  from space 512K, 62% used [0x00000000fff00000,0x00000000fff50000,0x00000000fff80000)
  to   space 512K, 0% used [0x00000000fff80000,0x00000000fff80000,0x0000000100000000)
 ParOldGen       total 134144K, used 43098K [0x00000000f0000000, 0x00000000f8300000, 0x00000000f8300000)
  object space 134144K, 32% used [0x00000000f0000000,0x00000000f2a169b8,0x00000000f8300000)
 Metaspace       used 52802K, capacity 55892K, committed 55936K, reserved 1097728K
  class space    used 6448K, capacity 6998K, committed 7040K, reserved 1048576K
2023-10-03T01:14:07.394+0800: 447.098: [GC (Allocation Failure) [PSYoungGen: 127296K->320K(127488K)] 170394K->43498K(261632K), 0.0060216 secs] [Times: user=0.03 sys=0.00, real=0.01 secs] 
Heap after GC invocations=398 (full 0):
 PSYoungGen      total 127488K, used 320K [0x00000000f8300000, 0x0000000100000000, 0x0000000100000000)
  eden space 126976K, 0% used [0x00000000f8300000,0x00000000f8300000,0x00000000fff00000)
  from space 512K, 62% used [0x00000000fff80000,0x00000000fffd0000,0x0000000100000000)
  to   space 512K, 0% used [0x00000000fff00000,0x00000000fff00000,0x00000000fff80000)
 ParOldGen       total 134144K, used 43178K [0x00000000f0000000, 0x00000000f8300000, 0x00000000f8300000)
  object space 134144K, 32% used [0x00000000f0000000,0x00000000f2a2a9b8,0x00000000f8300000)
 Metaspace       used 52802K, capacity 55892K, committed 55936K, reserved 1097728K
  class space    used 6448K, capacity 6998K, committed 7040K, reserved 1048576K
}
{Heap before GC invocations=399 (full 0):
 PSYoungGen      total 127488K, used 127296K [0x00000000f8300000, 0x0000000100000000, 0x0000000100000000)
  eden space 126976K, 100% used [0x00000000f8300000,0x00000000fff00000,0x00000000fff00000)
  from space 512K, 62% used [0x00000000fff80000,0x00000000fffd0000,0x0000000100000000)
  to   space 512K, 0% used [0x00000000fff00000,0x00000000fff00000,0x00000000fff80000)
 ParOldGen       total 134144K, used 43178K [0x00000000f0000000, 0x00000000f8300000, 0x00000000f8300000)
  object space 134144K, 32% used [0x00000000f0000000,0x00000000f2a2a9b8,0x00000000f8300000)
 Metaspace       used 52802K, capacity 55892K, committed 55936K, reserved 1097728K
  class space    used 6448K, capacity 6998K, committed 7040K, reserved 1048576K
2023-10-03T01:14:08.045+0800: 447.750: [GC (Allocation Failure) [PSYoungGen: 127296K->352K(127488K)] 170474K->43602K(261632K), 0.0058324 secs] [Times: user=0.02 sys=0.01, real=0.00 secs] 
Heap after GC invocations=399 (full 0):
 PSYoungGen      total 127488K, used 352K [0x00000000f8300000, 0x0000000100000000, 0x0000000100000000)
  eden space 126976K, 0% used [0x00000000f8300000,0x00000000f8300000,0x00000000fff00000)
  from space 512K, 68% used [0x00000000fff00000,0x00000000fff58000,0x00000000fff80000)
  to   space 512K, 0% used [0x00000000fff80000,0x00000000fff80000,0x0000000100000000)
 ParOldGen       total 134144K, used 43250K [0x00000000f0000000, 0x00000000f8300000, 0x00000000f8300000)
  object space 134144K, 32% used [0x00000000f0000000,0x00000000f2a3c9b8,0x00000000f8300000)
 Metaspace       used 52802K, capacity 55892K, committed 55936K, reserved 1097728K
  class space    used 6448K, capacity 6998K, committed 7040K, reserved 1048576K
}
{Heap before GC invocations=400 (full 0):
 PSYoungGen      total 127488K, used 127328K [0x00000000f8300000, 0x0000000100000000, 0x0000000100000000)
  eden space 126976K, 100% used [0x00000000f8300000,0x00000000fff00000,0x00000000fff00000)
  from space 512K, 68% used [0x00000000fff00000,0x00000000fff58000,0x00000000fff80000)
  to   space 512K, 0% used [0x00000000fff80000,0x00000000fff80000,0x0000000100000000)
 ParOldGen       total 134144K, used 43250K [0x00000000f0000000, 0x00000000f8300000, 0x00000000f8300000)
  object space 134144K, 32% used [0x00000000f0000000,0x00000000f2a3c9b8,0x00000000f8300000)
 Metaspace       used 52802K, capacity 55892K, committed 55936K, reserved 1097728K
  class space    used 6448K, capacity 6998K, committed 7040K, reserved 1048576K
2023-10-03T01:14:08.681+0800: 448.386: [GC (Allocation Failure) [PSYoungGen: 127328K->320K(127488K)] 170578K->43658K(261632K), 0.0060386 secs] [Times: user=0.03 sys=0.00, real=0.01 secs] 
Heap after GC invocations=400 (full 0):
 PSYoungGen      total 127488K, used 320K [0x00000000f8300000, 0x0000000100000000, 0x0000000100000000)
  eden space 126976K, 0% used [0x00000000f8300000,0x00000000f8300000,0x00000000fff00000)
  from space 512K, 62% used [0x00000000fff80000,0x00000000fffd0000,0x0000000100000000)
  to   space 512K, 0% used [0x00000000fff00000,0x00000000fff00000,0x00000000fff80000)
 ParOldGen       total 134144K, used 43338K [0x00000000f0000000, 0x00000000f8300000, 0x00000000f8300000)
  object space 134144K, 32% used [0x00000000f0000000,0x00000000f2a529b8,0x00000000f8300000)
 Metaspace       used 52802K, capacity 55892K, committed 55936K, reserved 1097728K
  class space    used 6448K, capacity 6998K, committed 7040K, reserved 1048576K
}
{Heap before GC invocations=401 (full 0):
 PSYoungGen      total 127488K, used 127296K [0x00000000f8300000, 0x0000000100000000, 0x0000000100000000)
  eden space 126976K, 100% used [0x00000000f8300000,0x00000000fff00000,0x00000000fff00000)
  from space 512K, 62% used [0x00000000fff80000,0x00000000fffd0000,0x0000000100000000)
  to   space 512K, 0% used [0x00000000fff00000,0x00000000fff00000,0x00000000fff80000)
 ParOldGen       total 134144K, used 43338K [0x00000000f0000000, 0x00000000f8300000, 0x00000000f8300000)
  object space 134144K, 32% used [0x00000000f0000000,0x00000000f2a529b8,0x00000000f8300000)
 Metaspace       used 52802K, capacity 55892K, committed 55936K, reserved 1097728K
  class space    used 6448K, capacity 6998K, committed 7040K, reserved 1048576K
2023-10-03T01:14:09.334+0800: 449.039: [GC (Allocation Failure) [PSYoungGen: 127296K->352K(127488K)] 170634K->43746K(261632K), 0.0060204 secs] [Times: user=0.02 sys=0.00, real=0.00 secs] 
Heap after GC invocations=401 (full 0):
 PSYoungGen      total 127488K, used 352K [0x00000000f8300000, 0x0000000100000000, 0x0000000100000000)
  eden space 126976K, 0% used [0x00000000f8300000,0x00000000f8300000,0x00000000fff00000)
  from space 512K, 68% used [0x00000000fff00000,0x00000000fff58000,0x00000000fff80000)
  to   space 512K, 0% used [0x00000000fff80000,0x00000000fff80000,0x0000000100000000)
 ParOldGen       total 134144K, used 43394K [0x00000000f0000000, 0x00000000f8300000, 0x00000000f8300000)
  object space 134144K, 32% used [0x00000000f0000000,0x00000000f2a609b8,0x00000000f8300000)
 Metaspace       used 52802K, capacity 55892K, committed 55936K, reserved 1097728K
  class space    used 6448K, capacity 6998K, committed 7040K, reserved 1048576K
}
{Heap before GC invocations=402 (full 0):
 PSYoungGen      total 127488K, used 127328K [0x00000000f8300000, 0x0000000100000000, 0x0000000100000000)
  eden space 126976K, 100% used [0x00000000f8300000,0x00000000fff00000,0x00000000fff00000)
  from space 512K, 68% used [0x00000000fff00000,0x00000000fff58000,0x00000000fff80000)
  to   space 512K, 0% used [0x00000000fff80000,0x00000000fff80000,0x0000000100000000)
 ParOldGen       total 134144K, used 43394K [0x00000000f0000000, 0x00000000f8300000, 0x00000000f8300000)
  object space 134144K, 32% used [0x00000000f0000000,0x00000000f2a609b8,0x00000000f8300000)
 Metaspace       used 52802K, capacity 55892K, committed 55936K, reserved 1097728K
  class space    used 6448K, capacity 6998K, committed 7040K, reserved 1048576K
2023-10-03T01:14:09.982+0800: 449.687: [GC (Allocation Failure) [PSYoungGen: 127328K->320K(127488K)] 170722K->43786K(261632K), 0.0060843 secs] [Times: user=0.03 sys=0.00, real=0.00 secs] 
Heap after GC invocations=402 (full 0):
 PSYoungGen      total 127488K, used 320K [0x00000000f8300000, 0x0000000100000000, 0x0000000100000000)
  eden space 126976K, 0% used [0x00000000f8300000,0x00000000f8300000,0x00000000fff00000)
  from space 512K, 62% used [0x00000000fff80000,0x00000000fffd0000,0x0000000100000000)
  to   space 512K, 0% used [0x00000000fff00000,0x00000000fff00000,0x00000000fff80000)
 ParOldGen       total 134144K, used 43466K [0x00000000f0000000, 0x00000000f8300000, 0x00000000f8300000)
  object space 134144K, 32% used [0x00000000f0000000,0x00000000f2a729b8,0x00000000f8300000)
 Metaspace       used 52802K, capacity 55892K, committed 55936K, reserved 1097728K
  class space    used 6448K, capacity 6998K, committed 7040K, reserved 1048576K
}
{Heap before GC invocations=403 (full 0):
 PSYoungGen      total 127488K, used 127296K [0x00000000f8300000, 0x0000000100000000, 0x0000000100000000)
  eden space 126976K, 100% used [0x00000000f8300000,0x00000000fff00000,0x00000000fff00000)
  from space 512K, 62% used [0x00000000fff80000,0x00000000fffd0000,0x0000000100000000)
  to   space 512K, 0% used [0x00000000fff00000,0x00000000fff00000,0x00000000fff80000)
 ParOldGen       total 134144K, used 43466K [0x00000000f0000000, 0x00000000f8300000, 0x00000000f8300000)
  object space 134144K, 32% used [0x00000000f0000000,0x00000000f2a729b8,0x00000000f8300000)
 Metaspace       used 52802K, capacity 55892K, committed 55936K, reserved 1097728K
  class space    used 6448K, capacity 6998K, committed 7040K, reserved 1048576K
2023-10-03T01:14:10.619+0800: 450.324: [GC (Allocation Failure) [PSYoungGen: 127296K->352K(127488K)] 170762K->43882K(261632K), 0.0059165 secs] [Times: user=0.03 sys=0.00, real=0.01 secs] 
Heap after GC invocations=403 (full 0):
 PSYoungGen      total 127488K, used 352K [0x00000000f8300000, 0x0000000100000000, 0x0000000100000000)
  eden space 126976K, 0% used [0x00000000f8300000,0x00000000f8300000,0x00000000fff00000)
  from space 512K, 68% used [0x00000000fff00000,0x00000000fff58000,0x00000000fff80000)
  to   space 512K, 0% used [0x00000000fff80000,0x00000000fff80000,0x0000000100000000)
 ParOldGen       total 134144K, used 43530K [0x00000000f0000000, 0x00000000f8300000, 0x00000000f8300000)
  object space 134144K, 32% used [0x00000000f0000000,0x00000000f2a829b8,0x00000000f8300000)
 Metaspace       used 52802K, capacity 55892K, committed 55936K, reserved 1097728K
  class space    used 6448K, capacity 6998K, committed 7040K, reserved 1048576K
}
{Heap before GC invocations=404 (full 0):
 PSYoungGen      total 127488K, used 127328K [0x00000000f8300000, 0x0000000100000000, 0x0000000100000000)
  eden space 126976K, 100% used [0x00000000f8300000,0x00000000fff00000,0x00000000fff00000)
  from space 512K, 68% used [0x00000000fff00000,0x00000000fff58000,0x00000000fff80000)
  to   space 512K, 0% used [0x00000000fff80000,0x00000000fff80000,0x0000000100000000)
 ParOldGen       total 134144K, used 43530K [0x00000000f0000000, 0x00000000f8300000, 0x00000000f8300000)
  object space 134144K, 32% used [0x00000000f0000000,0x00000000f2a829b8,0x00000000f8300000)
 Metaspace       used 52802K, capacity 55892K, committed 55936K, reserved 1097728K
  class space    used 6448K, capacity 6998K, committed 7040K, reserved 1048576K
2023-10-03T01:14:11.263+0800: 450.967: [GC (Allocation Failure) [PSYoungGen: 127328K->352K(127488K)] 170858K->43938K(261632K), 0.0060737 secs] [Times: user=0.03 sys=0.00, real=0.00 secs] 
Heap after GC invocations=404 (full 0):
 PSYoungGen      total 127488K, used 352K [0x00000000f8300000, 0x0000000100000000, 0x0000000100000000)
  eden space 126976K, 0% used [0x00000000f8300000,0x00000000f8300000,0x00000000fff00000)
  from space 512K, 68% used [0x00000000fff80000,0x00000000fffd8000,0x0000000100000000)
  to   space 512K, 0% used [0x00000000fff00000,0x00000000fff00000,0x00000000fff80000)
 ParOldGen       total 134144K, used 43586K [0x00000000f0000000, 0x00000000f8300000, 0x00000000f8300000)
  object space 134144K, 32% used [0x00000000f0000000,0x00000000f2a909b8,0x00000000f8300000)
 Metaspace       used 52802K, capacity 55892K, committed 55936K, reserved 1097728K
  class space    used 6448K, capacity 6998K, committed 7040K, reserved 1048576K
}
{Heap before GC invocations=405 (full 0):
 PSYoungGen      total 127488K, used 127328K [0x00000000f8300000, 0x0000000100000000, 0x0000000100000000)
  eden space 126976K, 100% used [0x00000000f8300000,0x00000000fff00000,0x00000000fff00000)
  from space 512K, 68% used [0x00000000fff80000,0x00000000fffd8000,0x0000000100000000)
  to   space 512K, 0% used [0x00000000fff00000,0x00000000fff00000,0x00000000fff80000)
 ParOldGen       total 134144K, used 43586K [0x00000000f0000000, 0x00000000f8300000, 0x00000000f8300000)
  object space 134144K, 32% used [0x00000000f0000000,0x00000000f2a909b8,0x00000000f8300000)
 Metaspace       used 52802K, capacity 55892K, committed 55936K, reserved 1097728K
  class space    used 6448K, capacity 6998K, committed 7040K, reserved 1048576K
2023-10-03T01:14:11.909+0800: 451.614: [GC (Allocation Failure) [PSYoungGen: 127328K->320K(127488K)] 170914K->43946K(261632K), 0.0059930 secs] [Times: user=0.03 sys=0.00, real=0.01 secs] 
Heap after GC invocations=405 (full 0):
 PSYoungGen      total 127488K, used 320K [0x00000000f8300000, 0x0000000100000000, 0x0000000100000000)
  eden space 126976K, 0% used [0x00000000f8300000,0x00000000f8300000,0x00000000fff00000)
  from space 512K, 62% used [0x00000000fff00000,0x00000000fff50000,0x00000000fff80000)
  to   space 512K, 0% used [0x00000000fff80000,0x00000000fff80000,0x0000000100000000)
 ParOldGen       total 134144K, used 43626K [0x00000000f0000000, 0x00000000f8300000, 0x00000000f8300000)
  object space 134144K, 32% used [0x00000000f0000000,0x00000000f2a9a9b8,0x00000000f8300000)
 Metaspace       used 52802K, capacity 55892K, committed 55936K, reserved 1097728K
  class space    used 6448K, capacity 6998K, committed 7040K, reserved 1048576K
}
{Heap before GC invocations=406 (full 0):
 PSYoungGen      total 127488K, used 127296K [0x00000000f8300000, 0x0000000100000000, 0x0000000100000000)
  eden space 126976K, 100% used [0x00000000f8300000,0x00000000fff00000,0x00000000fff00000)
  from space 512K, 62% used [0x00000000fff00000,0x00000000fff50000,0x00000000fff80000)
  to   space 512K, 0% used [0x00000000fff80000,0x00000000fff80000,0x0000000100000000)
 ParOldGen       total 134144K, used 43626K [0x00000000f0000000, 0x00000000f8300000, 0x00000000f8300000)
  object space 134144K, 32% used [0x00000000f0000000,0x00000000f2a9a9b8,0x00000000f8300000)
 Metaspace       used 52802K, capacity 55892K, committed 55936K, reserved 1097728K
  class space    used 6448K, capacity 6998K, committed 7040K, reserved 1048576K
2023-10-03T01:14:12.528+0800: 452.233: [GC (Allocation Failure) [PSYoungGen: 127296K->352K(127488K)] 170922K->44058K(261632K), 0.0059312 secs] [Times: user=0.02 sys=0.01, real=0.01 secs] 
Heap after GC invocations=406 (full 0):
 PSYoungGen      total 127488K, used 352K [0x00000000f8300000, 0x0000000100000000, 0x0000000100000000)
  eden space 126976K, 0% used [0x00000000f8300000,0x00000000f8300000,0x00000000fff00000)
  from space 512K, 68% used [0x00000000fff80000,0x00000000fffd8000,0x0000000100000000)
  to   space 512K, 0% used [0x00000000fff00000,0x00000000fff00000,0x00000000fff80000)
 ParOldGen       total 134144K, used 43706K [0x00000000f0000000, 0x00000000f8300000, 0x00000000f8300000)
  object space 134144K, 32% used [0x00000000f0000000,0x00000000f2aae9b8,0x00000000f8300000)
 Metaspace       used 52802K, capacity 55892K, committed 55936K, reserved 1097728K
  class space    used 6448K, capacity 6998K, committed 7040K, reserved 1048576K
}
{Heap before GC invocations=407 (full 0):
 PSYoungGen      total 127488K, used 127328K [0x00000000f8300000, 0x0000000100000000, 0x0000000100000000)
  eden space 126976K, 100% used [0x00000000f8300000,0x00000000fff00000,0x00000000fff00000)
  from space 512K, 68% used [0x00000000fff80000,0x00000000fffd8000,0x0000000100000000)
  to   space 512K, 0% used [0x00000000fff00000,0x00000000fff00000,0x00000000fff80000)
 ParOldGen       total 134144K, used 43706K [0x00000000f0000000, 0x00000000f8300000, 0x00000000f8300000)
  object space 134144K, 32% used [0x00000000f0000000,0x00000000f2aae9b8,0x00000000f8300000)
 Metaspace       used 52803K, capacity 55892K, committed 55936K, reserved 1097728K
  class space    used 6448K, capacity 6998K, committed 7040K, reserved 1048576K
2023-10-03T01:14:13.154+0800: 452.858: [GC (Allocation Failure) [PSYoungGen: 127328K->352K(127488K)] 171034K->44106K(261632K), 0.0058638 secs] [Times: user=0.03 sys=0.00, real=0.00 secs] 
Heap after GC invocations=407 (full 0):
 PSYoungGen      total 127488K, used 352K [0x00000000f8300000, 0x0000000100000000, 0x0000000100000000)
  eden space 126976K, 0% used [0x00000000f8300000,0x00000000f8300000,0x00000000fff00000)
  from space 512K, 68% used [0x00000000fff00000,0x00000000fff58000,0x00000000fff80000)
  to   space 512K, 0% used [0x00000000fff80000,0x00000000fff80000,0x0000000100000000)
 ParOldGen       total 134144K, used 43754K [0x00000000f0000000, 0x00000000f8300000, 0x00000000f8300000)
  object space 134144K, 32% used [0x00000000f0000000,0x00000000f2aba9b8,0x00000000f8300000)
 Metaspace       used 52803K, capacity 55892K, committed 55936K, reserved 1097728K
  class space    used 6448K, capacity 6998K, committed 7040K, reserved 1048576K
}
{Heap before GC invocations=408 (full 0):
 PSYoungGen      total 127488K, used 127328K [0x00000000f8300000, 0x0000000100000000, 0x0000000100000000)
  eden space 126976K, 100% used [0x00000000f8300000,0x00000000fff00000,0x00000000fff00000)
  from space 512K, 68% used [0x00000000fff00000,0x00000000fff58000,0x00000000fff80000)
  to   space 512K, 0% used [0x00000000fff80000,0x00000000fff80000,0x0000000100000000)
 ParOldGen       total 134144K, used 43754K [0x00000000f0000000, 0x00000000f8300000, 0x00000000f8300000)
  object space 134144K, 32% used [0x00000000f0000000,0x00000000f2aba9b8,0x00000000f8300000)
 Metaspace       used 52803K, capacity 55892K, committed 55936K, reserved 1097728K
  class space    used 6448K, capacity 6998K, committed 7040K, reserved 1048576K
2023-10-03T01:14:13.801+0800: 453.505: [GC (Allocation Failure) [PSYoungGen: 127328K->320K(127488K)] 171082K->44154K(261632K), 0.0062957 secs] [Times: user=0.03 sys=0.00, real=0.01 secs] 
Heap after GC invocations=408 (full 0):
 PSYoungGen      total 127488K, used 320K [0x00000000f8300000, 0x0000000100000000, 0x0000000100000000)
  eden space 126976K, 0% used [0x00000000f8300000,0x00000000f8300000,0x00000000fff00000)
  from space 512K, 62% used [0x00000000fff80000,0x00000000fffd0000,0x0000000100000000)
  to   space 512K, 0% used [0x00000000fff00000,0x00000000fff00000,0x00000000fff80000)
 ParOldGen       total 134144K, used 43834K [0x00000000f0000000, 0x00000000f8300000, 0x00000000f8300000)
  object space 134144K, 32% used [0x00000000f0000000,0x00000000f2ace9b8,0x00000000f8300000)
 Metaspace       used 52803K, capacity 55892K, committed 55936K, reserved 1097728K
  class space    used 6448K, capacity 6998K, committed 7040K, reserved 1048576K
}
{Heap before GC invocations=409 (full 0):
 PSYoungGen      total 127488K, used 127296K [0x00000000f8300000, 0x0000000100000000, 0x0000000100000000)
  eden space 126976K, 100% used [0x00000000f8300000,0x00000000fff00000,0x00000000fff00000)
  from space 512K, 62% used [0x00000000fff80000,0x00000000fffd0000,0x0000000100000000)
  to   space 512K, 0% used [0x00000000fff00000,0x00000000fff00000,0x00000000fff80000)
 ParOldGen       total 134144K, used 43834K [0x00000000f0000000, 0x00000000f8300000, 0x00000000f8300000)
  object space 134144K, 32% used [0x00000000f0000000,0x00000000f2ace9b8,0x00000000f8300000)
 Metaspace       used 52803K, capacity 55892K, committed 55936K, reserved 1097728K
  class space    used 6448K, capacity 6998K, committed 7040K, reserved 1048576K
2023-10-03T01:14:14.440+0800: 454.144: [GC (Allocation Failure) [PSYoungGen: 127296K->352K(127488K)] 171130K->44258K(261632K), 0.0059768 secs] [Times: user=0.03 sys=0.00, real=0.01 secs] 
Heap after GC invocations=409 (full 0):
 PSYoungGen      total 127488K, used 352K [0x00000000f8300000, 0x0000000100000000, 0x0000000100000000)
  eden space 126976K, 0% used [0x00000000f8300000,0x00000000f8300000,0x00000000fff00000)
  from space 512K, 68% used [0x00000000fff00000,0x00000000fff58000,0x00000000fff80000)
  to   space 512K, 0% used [0x00000000fff80000,0x00000000fff80000,0x0000000100000000)
 ParOldGen       total 134144K, used 43906K [0x00000000f0000000, 0x00000000f8300000, 0x00000000f8300000)
  object space 134144K, 32% used [0x00000000f0000000,0x00000000f2ae09b8,0x00000000f8300000)
 Metaspace       used 52803K, capacity 55892K, committed 55936K, reserved 1097728K
  class space    used 6448K, capacity 6998K, committed 7040K, reserved 1048576K
}
{Heap before GC invocations=410 (full 0):
 PSYoungGen      total 127488K, used 127328K [0x00000000f8300000, 0x0000000100000000, 0x0000000100000000)
  eden space 126976K, 100% used [0x00000000f8300000,0x00000000fff00000,0x00000000fff00000)
  from space 512K, 68% used [0x00000000fff00000,0x00000000fff58000,0x00000000fff80000)
  to   space 512K, 0% used [0x00000000fff80000,0x00000000fff80000,0x0000000100000000)
 ParOldGen       total 134144K, used 43906K [0x00000000f0000000, 0x00000000f8300000, 0x00000000f8300000)
  object space 134144K, 32% used [0x00000000f0000000,0x00000000f2ae09b8,0x00000000f8300000)
 Metaspace       used 52803K, capacity 55892K, committed 55936K, reserved 1097728K
  class space    used 6448K, capacity 6998K, committed 7040K, reserved 1048576K
2023-10-03T01:14:15.085+0800: 454.790: [GC (Allocation Failure) [PSYoungGen: 127328K->352K(127488K)] 171234K->44330K(261632K), 0.0062520 secs] [Times: user=0.03 sys=0.00, real=0.01 secs] 
Heap after GC invocations=410 (full 0):
 PSYoungGen      total 127488K, used 352K [0x00000000f8300000, 0x0000000100000000, 0x0000000100000000)
  eden space 126976K, 0% used [0x00000000f8300000,0x00000000f8300000,0x00000000fff00000)
  from space 512K, 68% used [0x00000000fff80000,0x00000000fffd8000,0x0000000100000000)
  to   space 512K, 0% used [0x00000000fff00000,0x00000000fff00000,0x00000000fff80000)
 ParOldGen       total 134144K, used 43978K [0x00000000f0000000, 0x00000000f8300000, 0x00000000f8300000)
  object space 134144K, 32% used [0x00000000f0000000,0x00000000f2af29b8,0x00000000f8300000)
 Metaspace       used 52803K, capacity 55892K, committed 55936K, reserved 1097728K
  class space    used 6448K, capacity 6998K, committed 7040K, reserved 1048576K
}
{Heap before GC invocations=411 (full 0):
 PSYoungGen      total 127488K, used 127328K [0x00000000f8300000, 0x0000000100000000, 0x0000000100000000)
  eden space 126976K, 100% used [0x00000000f8300000,0x00000000fff00000,0x00000000fff00000)
  from space 512K, 68% used [0x00000000fff80000,0x00000000fffd8000,0x0000000100000000)
  to   space 512K, 0% used [0x00000000fff00000,0x00000000fff00000,0x00000000fff80000)
 ParOldGen       total 134144K, used 43978K [0x00000000f0000000, 0x00000000f8300000, 0x00000000f8300000)
  object space 134144K, 32% used [0x00000000f0000000,0x00000000f2af29b8,0x00000000f8300000)
 Metaspace       used 52803K, capacity 55892K, committed 55936K, reserved 1097728K
  class space    used 6448K, capacity 6998K, committed 7040K, reserved 1048576K
2023-10-03T01:14:15.726+0800: 455.431: [GC (Allocation Failure) [PSYoungGen: 127328K->320K(127488K)] 171306K->44362K(261632K), 0.0061235 secs] [Times: user=0.02 sys=0.00, real=0.01 secs] 
Heap after GC invocations=411 (full 0):
 PSYoungGen      total 127488K, used 320K [0x00000000f8300000, 0x0000000100000000, 0x0000000100000000)
  eden space 126976K, 0% used [0x00000000f8300000,0x00000000f8300000,0x00000000fff00000)
  from space 512K, 62% used [0x00000000fff00000,0x00000000fff50000,0x00000000fff80000)
  to   space 512K, 0% used [0x00000000fff80000,0x00000000fff80000,0x0000000100000000)
 ParOldGen       total 134144K, used 44042K [0x00000000f0000000, 0x00000000f8300000, 0x00000000f8300000)
  object space 134144K, 32% used [0x00000000f0000000,0x00000000f2b029b8,0x00000000f8300000)
 Metaspace       used 52803K, capacity 55892K, committed 55936K, reserved 1097728K
  class space    used 6448K, capacity 6998K, committed 7040K, reserved 1048576K
}
{Heap before GC invocations=412 (full 0):
 PSYoungGen      total 127488K, used 127296K [0x00000000f8300000, 0x0000000100000000, 0x0000000100000000)
  eden space 126976K, 100% used [0x00000000f8300000,0x00000000fff00000,0x00000000fff00000)
  from space 512K, 62% used [0x00000000fff00000,0x00000000fff50000,0x00000000fff80000)
  to   space 512K, 0% used [0x00000000fff80000,0x00000000fff80000,0x0000000100000000)
 ParOldGen       total 134144K, used 44042K [0x00000000f0000000, 0x00000000f8300000, 0x00000000f8300000)
  object space 134144K, 32% used [0x00000000f0000000,0x00000000f2b029b8,0x00000000f8300000)
 Metaspace       used 52803K, capacity 55892K, committed 55936K, reserved 1097728K
  class space    used 6448K, capacity 6998K, committed 7040K, reserved 1048576K
2023-10-03T01:14:16.373+0800: 456.077: [GC (Allocation Failure) [PSYoungGen: 127296K->320K(127488K)] 171338K->44418K(261632K), 0.0062588 secs] [Times: user=0.03 sys=0.00, real=0.00 secs] 
Heap after GC invocations=412 (full 0):
 PSYoungGen      total 127488K, used 320K [0x00000000f8300000, 0x0000000100000000, 0x0000000100000000)
  eden space 126976K, 0% used [0x00000000f8300000,0x00000000f8300000,0x00000000fff00000)
  from space 512K, 62% used [0x00000000fff80000,0x00000000fffd0000,0x0000000100000000)
  to   space 512K, 0% used [0x00000000fff00000,0x00000000fff00000,0x00000000fff80000)
 ParOldGen       total 134144K, used 44098K [0x00000000f0000000, 0x00000000f8300000, 0x00000000f8300000)
  object space 134144K, 32% used [0x00000000f0000000,0x00000000f2b109b8,0x00000000f8300000)
 Metaspace       used 52803K, capacity 55892K, committed 55936K, reserved 1097728K
  class space    used 6448K, capacity 6998K, committed 7040K, reserved 1048576K
}
{Heap before GC invocations=413 (full 0):
 PSYoungGen      total 127488K, used 127296K [0x00000000f8300000, 0x0000000100000000, 0x0000000100000000)
  eden space 126976K, 100% used [0x00000000f8300000,0x00000000fff00000,0x00000000fff00000)
  from space 512K, 62% used [0x00000000fff80000,0x00000000fffd0000,0x0000000100000000)
  to   space 512K, 0% used [0x00000000fff00000,0x00000000fff00000,0x00000000fff80000)
 ParOldGen       total 134144K, used 44098K [0x00000000f0000000, 0x00000000f8300000, 0x00000000f8300000)
  object space 134144K, 32% used [0x00000000f0000000,0x00000000f2b109b8,0x00000000f8300000)
 Metaspace       used 52803K, capacity 55892K, committed 55936K, reserved 1097728K
  class space    used 6448K, capacity 6998K, committed 7040K, reserved 1048576K
2023-10-03T01:14:17.022+0800: 456.726: [GC (Allocation Failure) [PSYoungGen: 127296K->320K(127488K)] 171394K->44482K(261632K), 0.0061201 secs] [Times: user=0.02 sys=0.01, real=0.01 secs] 
Heap after GC invocations=413 (full 0):
 PSYoungGen      total 127488K, used 320K [0x00000000f8300000, 0x0000000100000000, 0x0000000100000000)
  eden space 126976K, 0% used [0x00000000f8300000,0x00000000f8300000,0x00000000fff00000)
  from space 512K, 62% used [0x00000000fff00000,0x00000000fff50000,0x00000000fff80000)
  to   space 512K, 0% used [0x00000000fff80000,0x00000000fff80000,0x0000000100000000)
 ParOldGen       total 134144K, used 44162K [0x00000000f0000000, 0x00000000f8300000, 0x00000000f8300000)
  object space 134144K, 32% used [0x00000000f0000000,0x00000000f2b209b8,0x00000000f8300000)
 Metaspace       used 52803K, capacity 55892K, committed 55936K, reserved 1097728K
  class space    used 6448K, capacity 6998K, committed 7040K, reserved 1048576K
}
{Heap before GC invocations=414 (full 0):
 PSYoungGen      total 127488K, used 127296K [0x00000000f8300000, 0x0000000100000000, 0x0000000100000000)
  eden space 126976K, 100% used [0x00000000f8300000,0x00000000fff00000,0x00000000fff00000)
  from space 512K, 62% used [0x00000000fff00000,0x00000000fff50000,0x00000000fff80000)
  to   space 512K, 0% used [0x00000000fff80000,0x00000000fff80000,0x0000000100000000)
 ParOldGen       total 134144K, used 44162K [0x00000000f0000000, 0x00000000f8300000, 0x00000000f8300000)
  object space 134144K, 32% used [0x00000000f0000000,0x00000000f2b209b8,0x00000000f8300000)
 Metaspace       used 52803K, capacity 55892K, committed 55936K, reserved 1097728K
  class space    used 6448K, capacity 6998K, committed 7040K, reserved 1048576K
2023-10-03T01:14:17.656+0800: 457.361: [GC (Allocation Failure) [PSYoungGen: 127296K->352K(127488K)] 171458K->44586K(261632K), 0.0059402 secs] [Times: user=0.03 sys=0.00, real=0.01 secs] 
Heap after GC invocations=414 (full 0):
 PSYoungGen      total 127488K, used 352K [0x00000000f8300000, 0x0000000100000000, 0x0000000100000000)
  eden space 126976K, 0% used [0x00000000f8300000,0x00000000f8300000,0x00000000fff00000)
  from space 512K, 68% used [0x00000000fff80000,0x00000000fffd8000,0x0000000100000000)
  to   space 512K, 0% used [0x00000000fff00000,0x00000000fff00000,0x00000000fff80000)
 ParOldGen       total 134144K, used 44234K [0x00000000f0000000, 0x00000000f8300000, 0x00000000f8300000)
  object space 134144K, 32% used [0x00000000f0000000,0x00000000f2b329b8,0x00000000f8300000)
 Metaspace       used 52803K, capacity 55892K, committed 55936K, reserved 1097728K
  class space    used 6448K, capacity 6998K, committed 7040K, reserved 1048576K
}
{Heap before GC invocations=415 (full 0):
 PSYoungGen      total 127488K, used 127328K [0x00000000f8300000, 0x0000000100000000, 0x0000000100000000)
  eden space 126976K, 100% used [0x00000000f8300000,0x00000000fff00000,0x00000000fff00000)
  from space 512K, 68% used [0x00000000fff80000,0x00000000fffd8000,0x0000000100000000)
  to   space 512K, 0% used [0x00000000fff00000,0x00000000fff00000,0x00000000fff80000)
 ParOldGen       total 134144K, used 44234K [0x00000000f0000000, 0x00000000f8300000, 0x00000000f8300000)
  object space 134144K, 32% used [0x00000000f0000000,0x00000000f2b329b8,0x00000000f8300000)
 Metaspace       used 52803K, capacity 55892K, committed 55936K, reserved 1097728K
  class space    used 6448K, capacity 6998K, committed 7040K, reserved 1048576K
2023-10-03T01:14:18.309+0800: 458.013: [GC (Allocation Failure) [PSYoungGen: 127328K->320K(127488K)] 171562K->44626K(261632K), 0.0064365 secs] [Times: user=0.02 sys=0.00, real=0.01 secs] 
Heap after GC invocations=415 (full 0):
 PSYoungGen      total 127488K, used 320K [0x00000000f8300000, 0x0000000100000000, 0x0000000100000000)
  eden space 126976K, 0% used [0x00000000f8300000,0x00000000f8300000,0x00000000fff00000)
  from space 512K, 62% used [0x00000000fff00000,0x00000000fff50000,0x00000000fff80000)
  to   space 512K, 0% used [0x00000000fff80000,0x00000000fff80000,0x0000000100000000)
 ParOldGen       total 134144K, used 44306K [0x00000000f0000000, 0x00000000f8300000, 0x00000000f8300000)
  object space 134144K, 33% used [0x00000000f0000000,0x00000000f2b449b8,0x00000000f8300000)
 Metaspace       used 52803K, capacity 55892K, committed 55936K, reserved 1097728K
  class space    used 6448K, capacity 6998K, committed 7040K, reserved 1048576K
}
{Heap before GC invocations=416 (full 0):
 PSYoungGen      total 127488K, used 127296K [0x00000000f8300000, 0x0000000100000000, 0x0000000100000000)
  eden space 126976K, 100% used [0x00000000f8300000,0x00000000fff00000,0x00000000fff00000)
  from space 512K, 62% used [0x00000000fff00000,0x00000000fff50000,0x00000000fff80000)
  to   space 512K, 0% used [0x00000000fff80000,0x00000000fff80000,0x0000000100000000)
 ParOldGen       total 134144K, used 44306K [0x00000000f0000000, 0x00000000f8300000, 0x00000000f8300000)
  object space 134144K, 33% used [0x00000000f0000000,0x00000000f2b449b8,0x00000000f8300000)
 Metaspace       used 52803K, capacity 55892K, committed 55936K, reserved 1097728K
  class space    used 6448K, capacity 6998K, committed 7040K, reserved 1048576K
2023-10-03T01:14:18.962+0800: 458.666: [GC (Allocation Failure) [PSYoungGen: 127296K->320K(127488K)] 171602K->44682K(261632K), 0.0061186 secs] [Times: user=0.03 sys=0.01, real=0.01 secs] 
Heap after GC invocations=416 (full 0):
 PSYoungGen      total 127488K, used 320K [0x00000000f8300000, 0x0000000100000000, 0x0000000100000000)
  eden space 126976K, 0% used [0x00000000f8300000,0x00000000f8300000,0x00000000fff00000)
  from space 512K, 62% used [0x00000000fff80000,0x00000000fffd0000,0x0000000100000000)
  to   space 512K, 0% used [0x00000000fff00000,0x00000000fff00000,0x00000000fff80000)
 ParOldGen       total 134144K, used 44362K [0x00000000f0000000, 0x00000000f8300000, 0x00000000f8300000)
  object space 134144K, 33% used [0x00000000f0000000,0x00000000f2b529b8,0x00000000f8300000)
 Metaspace       used 52803K, capacity 55892K, committed 55936K, reserved 1097728K
  class space    used 6448K, capacity 6998K, committed 7040K, reserved 1048576K
}
{Heap before GC invocations=417 (full 0):
 PSYoungGen      total 127488K, used 127296K [0x00000000f8300000, 0x0000000100000000, 0x0000000100000000)
  eden space 126976K, 100% used [0x00000000f8300000,0x00000000fff00000,0x00000000fff00000)
  from space 512K, 62% used [0x00000000fff80000,0x00000000fffd0000,0x0000000100000000)
  to   space 512K, 0% used [0x00000000fff00000,0x00000000fff00000,0x00000000fff80000)
 ParOldGen       total 134144K, used 44362K [0x00000000f0000000, 0x00000000f8300000, 0x00000000f8300000)
  object space 134144K, 33% used [0x00000000f0000000,0x00000000f2b529b8,0x00000000f8300000)
 Metaspace       used 52803K, capacity 55892K, committed 55936K, reserved 1097728K
  class space    used 6448K, capacity 6998K, committed 7040K, reserved 1048576K
2023-10-03T01:14:19.605+0800: 459.310: [GC (Allocation Failure) [PSYoungGen: 127296K->320K(127488K)] 171658K->44746K(261632K), 0.0059760 secs] [Times: user=0.03 sys=0.01, real=0.00 secs] 
Heap after GC invocations=417 (full 0):
 PSYoungGen      total 127488K, used 320K [0x00000000f8300000, 0x0000000100000000, 0x0000000100000000)
  eden space 126976K, 0% used [0x00000000f8300000,0x00000000f8300000,0x00000000fff00000)
  from space 512K, 62% used [0x00000000fff00000,0x00000000fff50000,0x00000000fff80000)
  to   space 512K, 0% used [0x00000000fff80000,0x00000000fff80000,0x0000000100000000)
 ParOldGen       total 134144K, used 44426K [0x00000000f0000000, 0x00000000f8300000, 0x00000000f8300000)
  object space 134144K, 33% used [0x00000000f0000000,0x00000000f2b629b8,0x00000000f8300000)
 Metaspace       used 52803K, capacity 55892K, committed 55936K, reserved 1097728K
  class space    used 6448K, capacity 6998K, committed 7040K, reserved 1048576K
}
{Heap before GC invocations=418 (full 0):
 PSYoungGen      total 127488K, used 127296K [0x00000000f8300000, 0x0000000100000000, 0x0000000100000000)
  eden space 126976K, 100% used [0x00000000f8300000,0x00000000fff00000,0x00000000fff00000)
  from space 512K, 62% used [0x00000000fff00000,0x00000000fff50000,0x00000000fff80000)
  to   space 512K, 0% used [0x00000000fff80000,0x00000000fff80000,0x0000000100000000)
 ParOldGen       total 134144K, used 44426K [0x00000000f0000000, 0x00000000f8300000, 0x00000000f8300000)
  object space 134144K, 33% used [0x00000000f0000000,0x00000000f2b629b8,0x00000000f8300000)
 Metaspace       used 52803K, capacity 55892K, committed 55936K, reserved 1097728K
  class space    used 6448K, capacity 6998K, committed 7040K, reserved 1048576K
2023-10-03T01:14:20.260+0800: 459.965: [GC (Allocation Failure) [PSYoungGen: 127296K->320K(127488K)] 171722K->44826K(261632K), 0.0061364 secs] [Times: user=0.03 sys=0.00, real=0.01 secs] 
Heap after GC invocations=418 (full 0):
 PSYoungGen      total 127488K, used 320K [0x00000000f8300000, 0x0000000100000000, 0x0000000100000000)
  eden space 126976K, 0% used [0x00000000f8300000,0x00000000f8300000,0x00000000fff00000)
  from space 512K, 62% used [0x00000000fff80000,0x00000000fffd0000,0x0000000100000000)
  to   space 512K, 0% used [0x00000000fff00000,0x00000000fff00000,0x00000000fff80000)
 ParOldGen       total 134144K, used 44506K [0x00000000f0000000, 0x00000000f8300000, 0x00000000f8300000)
  object space 134144K, 33% used [0x00000000f0000000,0x00000000f2b769b8,0x00000000f8300000)
 Metaspace       used 52803K, capacity 55892K, committed 55936K, reserved 1097728K
  class space    used 6448K, capacity 6998K, committed 7040K, reserved 1048576K
}
{Heap before GC invocations=419 (full 0):
 PSYoungGen      total 127488K, used 127296K [0x00000000f8300000, 0x0000000100000000, 0x0000000100000000)
  eden space 126976K, 100% used [0x00000000f8300000,0x00000000fff00000,0x00000000fff00000)
  from space 512K, 62% used [0x00000000fff80000,0x00000000fffd0000,0x0000000100000000)
  to   space 512K, 0% used [0x00000000fff00000,0x00000000fff00000,0x00000000fff80000)
 ParOldGen       total 134144K, used 44506K [0x00000000f0000000, 0x00000000f8300000, 0x00000000f8300000)
  object space 134144K, 33% used [0x00000000f0000000,0x00000000f2b769b8,0x00000000f8300000)
 Metaspace       used 52803K, capacity 55892K, committed 55936K, reserved 1097728K
  class space    used 6448K, capacity 6998K, committed 7040K, reserved 1048576K
2023-10-03T01:14:20.905+0800: 460.609: [GC (Allocation Failure) [PSYoungGen: 127296K->320K(127488K)] 171802K->44898K(261632K), 0.0057965 secs] [Times: user=0.02 sys=0.00, real=0.00 secs] 
Heap after GC invocations=419 (full 0):
 PSYoungGen      total 127488K, used 320K [0x00000000f8300000, 0x0000000100000000, 0x0000000100000000)
  eden space 126976K, 0% used [0x00000000f8300000,0x00000000f8300000,0x00000000fff00000)
  from space 512K, 62% used [0x00000000fff00000,0x00000000fff50000,0x00000000fff80000)
  to   space 512K, 0% used [0x00000000fff80000,0x00000000fff80000,0x0000000100000000)
 ParOldGen       total 134144K, used 44578K [0x00000000f0000000, 0x00000000f8300000, 0x00000000f8300000)
  object space 134144K, 33% used [0x00000000f0000000,0x00000000f2b889b8,0x00000000f8300000)
 Metaspace       used 52803K, capacity 55892K, committed 55936K, reserved 1097728K
  class space    used 6448K, capacity 6998K, committed 7040K, reserved 1048576K
}
{Heap before GC invocations=420 (full 0):
 PSYoungGen      total 127488K, used 127296K [0x00000000f8300000, 0x0000000100000000, 0x0000000100000000)
  eden space 126976K, 100% used [0x00000000f8300000,0x00000000fff00000,0x00000000fff00000)
  from space 512K, 62% used [0x00000000fff00000,0x00000000fff50000,0x00000000fff80000)
  to   space 512K, 0% used [0x00000000fff80000,0x00000000fff80000,0x0000000100000000)
 ParOldGen       total 134144K, used 44578K [0x00000000f0000000, 0x00000000f8300000, 0x00000000f8300000)
  object space 134144K, 33% used [0x00000000f0000000,0x00000000f2b889b8,0x00000000f8300000)
 Metaspace       used 52803K, capacity 55892K, committed 55936K, reserved 1097728K
  class space    used 6448K, capacity 6998K, committed 7040K, reserved 1048576K
2023-10-03T01:14:21.543+0800: 461.247: [GC (Allocation Failure) [PSYoungGen: 127296K->320K(127488K)] 171874K->44978K(261632K), 0.0065003 secs] [Times: user=0.03 sys=0.00, real=0.00 secs] 
Heap after GC invocations=420 (full 0):
 PSYoungGen      total 127488K, used 320K [0x00000000f8300000, 0x0000000100000000, 0x0000000100000000)
  eden space 126976K, 0% used [0x00000000f8300000,0x00000000f8300000,0x00000000fff00000)
  from space 512K, 62% used [0x00000000fff80000,0x00000000fffd0000,0x0000000100000000)
  to   space 512K, 0% used [0x00000000fff00000,0x00000000fff00000,0x00000000fff80000)
 ParOldGen       total 134144K, used 44658K [0x00000000f0000000, 0x00000000f8300000, 0x00000000f8300000)
  object space 134144K, 33% used [0x00000000f0000000,0x00000000f2b9c9b8,0x00000000f8300000)
 Metaspace       used 52803K, capacity 55892K, committed 55936K, reserved 1097728K
  class space    used 6448K, capacity 6998K, committed 7040K, reserved 1048576K
}
{Heap before GC invocations=421 (full 0):
 PSYoungGen      total 127488K, used 127296K [0x00000000f8300000, 0x0000000100000000, 0x0000000100000000)
  eden space 126976K, 100% used [0x00000000f8300000,0x00000000fff00000,0x00000000fff00000)
  from space 512K, 62% used [0x00000000fff80000,0x00000000fffd0000,0x0000000100000000)
  to   space 512K, 0% used [0x00000000fff00000,0x00000000fff00000,0x00000000fff80000)
 ParOldGen       total 134144K, used 44658K [0x00000000f0000000, 0x00000000f8300000, 0x00000000f8300000)
  object space 134144K, 33% used [0x00000000f0000000,0x00000000f2b9c9b8,0x00000000f8300000)
 Metaspace       used 52803K, capacity 55892K, committed 55936K, reserved 1097728K
  class space    used 6448K, capacity 6998K, committed 7040K, reserved 1048576K
2023-10-03T01:14:22.193+0800: 461.897: [GC (Allocation Failure) [PSYoungGen: 127296K->320K(127488K)] 171954K->45058K(261632K), 0.0069106 secs] [Times: user=0.03 sys=0.00, real=0.00 secs] 
Heap after GC invocations=421 (full 0):
 PSYoungGen      total 127488K, used 320K [0x00000000f8300000, 0x0000000100000000, 0x0000000100000000)
  eden space 126976K, 0% used [0x00000000f8300000,0x00000000f8300000,0x00000000fff00000)
  from space 512K, 62% used [0x00000000fff00000,0x00000000fff50000,0x00000000fff80000)
  to   space 512K, 0% used [0x00000000fff80000,0x00000000fff80000,0x0000000100000000)
 ParOldGen       total 134144K, used 44738K [0x00000000f0000000, 0x00000000f8300000, 0x00000000f8300000)
  object space 134144K, 33% used [0x00000000f0000000,0x00000000f2bb09b8,0x00000000f8300000)
 Metaspace       used 52803K, capacity 55892K, committed 55936K, reserved 1097728K
  class space    used 6448K, capacity 6998K, committed 7040K, reserved 1048576K
}
{Heap before GC invocations=422 (full 0):
 PSYoungGen      total 127488K, used 127296K [0x00000000f8300000, 0x0000000100000000, 0x0000000100000000)
  eden space 126976K, 100% used [0x00000000f8300000,0x00000000fff00000,0x00000000fff00000)
  from space 512K, 62% used [0x00000000fff00000,0x00000000fff50000,0x00000000fff80000)
  to   space 512K, 0% used [0x00000000fff80000,0x00000000fff80000,0x0000000100000000)
 ParOldGen       total 134144K, used 44738K [0x00000000f0000000, 0x00000000f8300000, 0x00000000f8300000)
  object space 134144K, 33% used [0x00000000f0000000,0x00000000f2bb09b8,0x00000000f8300000)
 Metaspace       used 52803K, capacity 55892K, committed 55936K, reserved 1097728K
  class space    used 6448K, capacity 6998K, committed 7040K, reserved 1048576K
2023-10-03T01:14:22.814+0800: 462.519: [GC (Allocation Failure) [PSYoungGen: 127296K->320K(127488K)] 172034K->45138K(261632K), 0.0062040 secs] [Times: user=0.03 sys=0.00, real=0.01 secs] 
Heap after GC invocations=422 (full 0):
 PSYoungGen      total 127488K, used 320K [0x00000000f8300000, 0x0000000100000000, 0x0000000100000000)
  eden space 126976K, 0% used [0x00000000f8300000,0x00000000f8300000,0x00000000fff00000)
  from space 512K, 62% used [0x00000000fff80000,0x00000000fffd0000,0x0000000100000000)
  to   space 512K, 0% used [0x00000000fff00000,0x00000000fff00000,0x00000000fff80000)
 ParOldGen       total 134144K, used 44818K [0x00000000f0000000, 0x00000000f8300000, 0x00000000f8300000)
  object space 134144K, 33% used [0x00000000f0000000,0x00000000f2bc49b8,0x00000000f8300000)
 Metaspace       used 52803K, capacity 55892K, committed 55936K, reserved 1097728K
  class space    used 6448K, capacity 6998K, committed 7040K, reserved 1048576K
}
{Heap before GC invocations=423 (full 0):
 PSYoungGen      total 127488K, used 127296K [0x00000000f8300000, 0x0000000100000000, 0x0000000100000000)
  eden space 126976K, 100% used [0x00000000f8300000,0x00000000fff00000,0x00000000fff00000)
  from space 512K, 62% used [0x00000000fff80000,0x00000000fffd0000,0x0000000100000000)
  to   space 512K, 0% used [0x00000000fff00000,0x00000000fff00000,0x00000000fff80000)
 ParOldGen       total 134144K, used 44818K [0x00000000f0000000, 0x00000000f8300000, 0x00000000f8300000)
  object space 134144K, 33% used [0x00000000f0000000,0x00000000f2bc49b8,0x00000000f8300000)
 Metaspace       used 52803K, capacity 55892K, committed 55936K, reserved 1097728K
  class space    used 6448K, capacity 6998K, committed 7040K, reserved 1048576K
2023-10-03T01:14:23.475+0800: 463.179: [GC (Allocation Failure) [PSYoungGen: 127296K->352K(127488K)] 172114K->45234K(261632K), 0.0058577 secs] [Times: user=0.02 sys=0.01, real=0.00 secs] 
Heap after GC invocations=423 (full 0):
 PSYoungGen      total 127488K, used 352K [0x00000000f8300000, 0x0000000100000000, 0x0000000100000000)
  eden space 126976K, 0% used [0x00000000f8300000,0x00000000f8300000,0x00000000fff00000)
  from space 512K, 68% used [0x00000000fff00000,0x00000000fff58000,0x00000000fff80000)
  to   space 512K, 0% used [0x00000000fff80000,0x00000000fff80000,0x0000000100000000)
 ParOldGen       total 134144K, used 44882K [0x00000000f0000000, 0x00000000f8300000, 0x00000000f8300000)
  object space 134144K, 33% used [0x00000000f0000000,0x00000000f2bd49b8,0x00000000f8300000)
 Metaspace       used 52803K, capacity 55892K, committed 55936K, reserved 1097728K
  class space    used 6448K, capacity 6998K, committed 7040K, reserved 1048576K
}
{Heap before GC invocations=424 (full 0):
 PSYoungGen      total 127488K, used 127328K [0x00000000f8300000, 0x0000000100000000, 0x0000000100000000)
  eden space 126976K, 100% used [0x00000000f8300000,0x00000000fff00000,0x00000000fff00000)
  from space 512K, 68% used [0x00000000fff00000,0x00000000fff58000,0x00000000fff80000)
  to   space 512K, 0% used [0x00000000fff80000,0x00000000fff80000,0x0000000100000000)
 ParOldGen       total 134144K, used 44882K [0x00000000f0000000, 0x00000000f8300000, 0x00000000f8300000)
  object space 134144K, 33% used [0x00000000f0000000,0x00000000f2bd49b8,0x00000000f8300000)
 Metaspace       used 52803K, capacity 55892K, committed 55936K, reserved 1097728K
  class space    used 6448K, capacity 6998K, committed 7040K, reserved 1048576K
2023-10-03T01:14:24.122+0800: 463.827: [GC (Allocation Failure) [PSYoungGen: 127328K->352K(127488K)] 172210K->45298K(261632K), 0.0062236 secs] [Times: user=0.03 sys=0.00, real=0.00 secs] 
Heap after GC invocations=424 (full 0):
 PSYoungGen      total 127488K, used 352K [0x00000000f8300000, 0x0000000100000000, 0x0000000100000000)
  eden space 126976K, 0% used [0x00000000f8300000,0x00000000f8300000,0x00000000fff00000)
  from space 512K, 68% used [0x00000000fff80000,0x00000000fffd8000,0x0000000100000000)
  to   space 512K, 0% used [0x00000000fff00000,0x00000000fff00000,0x00000000fff80000)
 ParOldGen       total 134144K, used 44946K [0x00000000f0000000, 0x00000000f8300000, 0x00000000f8300000)
  object space 134144K, 33% used [0x00000000f0000000,0x00000000f2be49b8,0x00000000f8300000)
 Metaspace       used 52803K, capacity 55892K, committed 55936K, reserved 1097728K
  class space    used 6448K, capacity 6998K, committed 7040K, reserved 1048576K
}
{Heap before GC invocations=425 (full 0):
 PSYoungGen      total 127488K, used 127328K [0x00000000f8300000, 0x0000000100000000, 0x0000000100000000)
  eden space 126976K, 100% used [0x00000000f8300000,0x00000000fff00000,0x00000000fff00000)
  from space 512K, 68% used [0x00000000fff80000,0x00000000fffd8000,0x0000000100000000)
  to   space 512K, 0% used [0x00000000fff00000,0x00000000fff00000,0x00000000fff80000)
 ParOldGen       total 134144K, used 44946K [0x00000000f0000000, 0x00000000f8300000, 0x00000000f8300000)
  object space 134144K, 33% used [0x00000000f0000000,0x00000000f2be49b8,0x00000000f8300000)
 Metaspace       used 52803K, capacity 55892K, committed 55936K, reserved 1097728K
  class space    used 6448K, capacity 6998K, committed 7040K, reserved 1048576K
2023-10-03T01:14:24.756+0800: 464.460: [GC (Allocation Failure) [PSYoungGen: 127328K->320K(127488K)] 172274K->45330K(261632K), 0.0071770 secs] [Times: user=0.03 sys=0.00, real=0.01 secs] 
Heap after GC invocations=425 (full 0):
 PSYoungGen      total 127488K, used 320K [0x00000000f8300000, 0x0000000100000000, 0x0000000100000000)
  eden space 126976K, 0% used [0x00000000f8300000,0x00000000f8300000,0x00000000fff00000)
  from space 512K, 62% used [0x00000000fff00000,0x00000000fff50000,0x00000000fff80000)
  to   space 512K, 0% used [0x00000000fff80000,0x00000000fff80000,0x0000000100000000)
 ParOldGen       total 134144K, used 45010K [0x00000000f0000000, 0x00000000f8300000, 0x00000000f8300000)
  object space 134144K, 33% used [0x00000000f0000000,0x00000000f2bf49b8,0x00000000f8300000)
 Metaspace       used 52803K, capacity 55892K, committed 55936K, reserved 1097728K
  class space    used 6448K, capacity 6998K, committed 7040K, reserved 1048576K
}
{Heap before GC invocations=426 (full 0):
 PSYoungGen      total 127488K, used 127296K [0x00000000f8300000, 0x0000000100000000, 0x0000000100000000)
  eden space 126976K, 100% used [0x00000000f8300000,0x00000000fff00000,0x00000000fff00000)
  from space 512K, 62% used [0x00000000fff00000,0x00000000fff50000,0x00000000fff80000)
  to   space 512K, 0% used [0x00000000fff80000,0x00000000fff80000,0x0000000100000000)
 ParOldGen       total 134144K, used 45010K [0x00000000f0000000, 0x00000000f8300000, 0x00000000f8300000)
  object space 134144K, 33% used [0x00000000f0000000,0x00000000f2bf49b8,0x00000000f8300000)
 Metaspace       used 52803K, capacity 55892K, committed 55936K, reserved 1097728K
  class space    used 6448K, capacity 6998K, committed 7040K, reserved 1048576K
2023-10-03T01:14:25.412+0800: 465.116: [GC (Allocation Failure) [PSYoungGen: 127296K->384K(127488K)] 172306K->45466K(261632K), 0.0061959 secs] [Times: user=0.02 sys=0.01, real=0.01 secs] 
Heap after GC invocations=426 (full 0):
 PSYoungGen      total 127488K, used 384K [0x00000000f8300000, 0x0000000100000000, 0x0000000100000000)
  eden space 126976K, 0% used [0x00000000f8300000,0x00000000f8300000,0x00000000fff00000)
  from space 512K, 75% used [0x00000000fff80000,0x00000000fffe0000,0x0000000100000000)
  to   space 512K, 0% used [0x00000000fff00000,0x00000000fff00000,0x00000000fff80000)
 ParOldGen       total 134144K, used 45082K [0x00000000f0000000, 0x00000000f8300000, 0x00000000f8300000)
  object space 134144K, 33% used [0x00000000f0000000,0x00000000f2c069b8,0x00000000f8300000)
 Metaspace       used 52803K, capacity 55892K, committed 55936K, reserved 1097728K
  class space    used 6448K, capacity 6998K, committed 7040K, reserved 1048576K
}
{Heap before GC invocations=427 (full 0):
 PSYoungGen      total 127488K, used 127360K [0x00000000f8300000, 0x0000000100000000, 0x0000000100000000)
  eden space 126976K, 100% used [0x00000000f8300000,0x00000000fff00000,0x00000000fff00000)
  from space 512K, 75% used [0x00000000fff80000,0x00000000fffe0000,0x0000000100000000)
  to   space 512K, 0% used [0x00000000fff00000,0x00000000fff00000,0x00000000fff80000)
 ParOldGen       total 134144K, used 45082K [0x00000000f0000000, 0x00000000f8300000, 0x00000000f8300000)
  object space 134144K, 33% used [0x00000000f0000000,0x00000000f2c069b8,0x00000000f8300000)
 Metaspace       used 52803K, capacity 55892K, committed 55936K, reserved 1097728K
  class space    used 6448K, capacity 6998K, committed 7040K, reserved 1048576K
2023-10-03T01:14:26.067+0800: 465.772: [GC (Allocation Failure) [PSYoungGen: 127360K->320K(127488K)] 172442K->45466K(261632K), 0.0061903 secs] [Times: user=0.03 sys=0.00, real=0.01 secs] 
Heap after GC invocations=427 (full 0):
 PSYoungGen      total 127488K, used 320K [0x00000000f8300000, 0x0000000100000000, 0x0000000100000000)
  eden space 126976K, 0% used [0x00000000f8300000,0x00000000f8300000,0x00000000fff00000)
  from space 512K, 62% used [0x00000000fff00000,0x00000000fff50000,0x00000000fff80000)
  to   space 512K, 0% used [0x00000000fff80000,0x00000000fff80000,0x0000000100000000)
 ParOldGen       total 134144K, used 45146K [0x00000000f0000000, 0x00000000f8300000, 0x00000000f8300000)
  object space 134144K, 33% used [0x00000000f0000000,0x00000000f2c169b8,0x00000000f8300000)
 Metaspace       used 52803K, capacity 55892K, committed 55936K, reserved 1097728K
  class space    used 6448K, capacity 6998K, committed 7040K, reserved 1048576K
}
{Heap before GC invocations=428 (full 0):
 PSYoungGen      total 127488K, used 127296K [0x00000000f8300000, 0x0000000100000000, 0x0000000100000000)
  eden space 126976K, 100% used [0x00000000f8300000,0x00000000fff00000,0x00000000fff00000)
  from space 512K, 62% used [0x00000000fff00000,0x00000000fff50000,0x00000000fff80000)
  to   space 512K, 0% used [0x00000000fff80000,0x00000000fff80000,0x0000000100000000)
 ParOldGen       total 134144K, used 45146K [0x00000000f0000000, 0x00000000f8300000, 0x00000000f8300000)
  object space 134144K, 33% used [0x00000000f0000000,0x00000000f2c169b8,0x00000000f8300000)
 Metaspace       used 52803K, capacity 55892K, committed 55936K, reserved 1097728K
  class space    used 6448K, capacity 6998K, committed 7040K, reserved 1048576K
2023-10-03T01:14:26.710+0800: 466.414: [GC (Allocation Failure) [PSYoungGen: 127296K->320K(127488K)] 172442K->45530K(261632K), 0.0068161 secs] [Times: user=0.03 sys=0.00, real=0.01 secs] 
Heap after GC invocations=428 (full 0):
 PSYoungGen      total 127488K, used 320K [0x00000000f8300000, 0x0000000100000000, 0x0000000100000000)
  eden space 126976K, 0% used [0x00000000f8300000,0x00000000f8300000,0x00000000fff00000)
  from space 512K, 62% used [0x00000000fff80000,0x00000000fffd0000,0x0000000100000000)
  to   space 512K, 0% used [0x00000000fff00000,0x00000000fff00000,0x00000000fff80000)
 ParOldGen       total 134144K, used 45210K [0x00000000f0000000, 0x00000000f8300000, 0x00000000f8300000)
  object space 134144K, 33% used [0x00000000f0000000,0x00000000f2c269b8,0x00000000f8300000)
 Metaspace       used 52803K, capacity 55892K, committed 55936K, reserved 1097728K
  class space    used 6448K, capacity 6998K, committed 7040K, reserved 1048576K
}
{Heap before GC invocations=429 (full 0):
 PSYoungGen      total 127488K, used 127296K [0x00000000f8300000, 0x0000000100000000, 0x0000000100000000)
  eden space 126976K, 100% used [0x00000000f8300000,0x00000000fff00000,0x00000000fff00000)
  from space 512K, 62% used [0x00000000fff80000,0x00000000fffd0000,0x0000000100000000)
  to   space 512K, 0% used [0x00000000fff00000,0x00000000fff00000,0x00000000fff80000)
 ParOldGen       total 134144K, used 45210K [0x00000000f0000000, 0x00000000f8300000, 0x00000000f8300000)
  object space 134144K, 33% used [0x00000000f0000000,0x00000000f2c269b8,0x00000000f8300000)
 Metaspace       used 52803K, capacity 55892K, committed 55936K, reserved 1097728K
  class space    used 6448K, capacity 6998K, committed 7040K, reserved 1048576K
2023-10-03T01:14:27.362+0800: 467.067: [GC (Allocation Failure) [PSYoungGen: 127296K->320K(127488K)] 172506K->45602K(261632K), 0.0059609 secs] [Times: user=0.03 sys=0.01, real=0.00 secs] 
Heap after GC invocations=429 (full 0):
 PSYoungGen      total 127488K, used 320K [0x00000000f8300000, 0x0000000100000000, 0x0000000100000000)
  eden space 126976K, 0% used [0x00000000f8300000,0x00000000f8300000,0x00000000fff00000)
  from space 512K, 62% used [0x00000000fff00000,0x00000000fff50000,0x00000000fff80000)
  to   space 512K, 0% used [0x00000000fff80000,0x00000000fff80000,0x0000000100000000)
 ParOldGen       total 134144K, used 45282K [0x00000000f0000000, 0x00000000f8300000, 0x00000000f8300000)
  object space 134144K, 33% used [0x00000000f0000000,0x00000000f2c389b8,0x00000000f8300000)
 Metaspace       used 52803K, capacity 55892K, committed 55936K, reserved 1097728K
  class space    used 6448K, capacity 6998K, committed 7040K, reserved 1048576K
}
{Heap before GC invocations=430 (full 0):
 PSYoungGen      total 127488K, used 127296K [0x00000000f8300000, 0x0000000100000000, 0x0000000100000000)
  eden space 126976K, 100% used [0x00000000f8300000,0x00000000fff00000,0x00000000fff00000)
  from space 512K, 62% used [0x00000000fff00000,0x00000000fff50000,0x00000000fff80000)
  to   space 512K, 0% used [0x00000000fff80000,0x00000000fff80000,0x0000000100000000)
 ParOldGen       total 134144K, used 45282K [0x00000000f0000000, 0x00000000f8300000, 0x00000000f8300000)
  object space 134144K, 33% used [0x00000000f0000000,0x00000000f2c389b8,0x00000000f8300000)
 Metaspace       used 52803K, capacity 55892K, committed 55936K, reserved 1097728K
  class space    used 6448K, capacity 6998K, committed 7040K, reserved 1048576K
2023-10-03T01:14:28.004+0800: 467.708: [GC (Allocation Failure) [PSYoungGen: 127296K->320K(127488K)] 172578K->45674K(261632K), 0.0062385 secs] [Times: user=0.03 sys=0.00, real=0.01 secs] 
Heap after GC invocations=430 (full 0):
 PSYoungGen      total 127488K, used 320K [0x00000000f8300000, 0x0000000100000000, 0x0000000100000000)
  eden space 126976K, 0% used [0x00000000f8300000,0x00000000f8300000,0x00000000fff00000)
  from space 512K, 62% used [0x00000000fff80000,0x00000000fffd0000,0x0000000100000000)
  to   space 512K, 0% used [0x00000000fff00000,0x00000000fff00000,0x00000000fff80000)
 ParOldGen       total 134144K, used 45354K [0x00000000f0000000, 0x00000000f8300000, 0x00000000f8300000)
  object space 134144K, 33% used [0x00000000f0000000,0x00000000f2c4a9b8,0x00000000f8300000)
 Metaspace       used 52803K, capacity 55892K, committed 55936K, reserved 1097728K
  class space    used 6448K, capacity 6998K, committed 7040K, reserved 1048576K
}
{Heap before GC invocations=431 (full 0):
 PSYoungGen      total 127488K, used 127296K [0x00000000f8300000, 0x0000000100000000, 0x0000000100000000)
  eden space 126976K, 100% used [0x00000000f8300000,0x00000000fff00000,0x00000000fff00000)
  from space 512K, 62% used [0x00000000fff80000,0x00000000fffd0000,0x0000000100000000)
  to   space 512K, 0% used [0x00000000fff00000,0x00000000fff00000,0x00000000fff80000)
 ParOldGen       total 134144K, used 45354K [0x00000000f0000000, 0x00000000f8300000, 0x00000000f8300000)
  object space 134144K, 33% used [0x00000000f0000000,0x00000000f2c4a9b8,0x00000000f8300000)
 Metaspace       used 52803K, capacity 55892K, committed 55936K, reserved 1097728K
  class space    used 6448K, capacity 6998K, committed 7040K, reserved 1048576K
2023-10-03T01:14:28.646+0800: 468.350: [GC (Allocation Failure) [PSYoungGen: 127296K->320K(127488K)] 172650K->45730K(261632K), 0.0068581 secs] [Times: user=0.03 sys=0.00, real=0.01 secs] 
Heap after GC invocations=431 (full 0):
 PSYoungGen      total 127488K, used 320K [0x00000000f8300000, 0x0000000100000000, 0x0000000100000000)
  eden space 126976K, 0% used [0x00000000f8300000,0x00000000f8300000,0x00000000fff00000)
  from space 512K, 62% used [0x00000000fff00000,0x00000000fff50000,0x00000000fff80000)
  to   space 512K, 0% used [0x00000000fff80000,0x00000000fff80000,0x0000000100000000)
 ParOldGen       total 134144K, used 45410K [0x00000000f0000000, 0x00000000f8300000, 0x00000000f8300000)
  object space 134144K, 33% used [0x00000000f0000000,0x00000000f2c589b8,0x00000000f8300000)
 Metaspace       used 52803K, capacity 55892K, committed 55936K, reserved 1097728K
  class space    used 6448K, capacity 6998K, committed 7040K, reserved 1048576K
}
{Heap before GC invocations=432 (full 0):
 PSYoungGen      total 127488K, used 127296K [0x00000000f8300000, 0x0000000100000000, 0x0000000100000000)
  eden space 126976K, 100% used [0x00000000f8300000,0x00000000fff00000,0x00000000fff00000)
  from space 512K, 62% used [0x00000000fff00000,0x00000000fff50000,0x00000000fff80000)
  to   space 512K, 0% used [0x00000000fff80000,0x00000000fff80000,0x0000000100000000)
 ParOldGen       total 134144K, used 45410K [0x00000000f0000000, 0x00000000f8300000, 0x00000000f8300000)
  object space 134144K, 33% used [0x00000000f0000000,0x00000000f2c589b8,0x00000000f8300000)
 Metaspace       used 52803K, capacity 55892K, committed 55936K, reserved 1097728K
  class space    used 6448K, capacity 6998K, committed 7040K, reserved 1048576K
2023-10-03T01:14:29.312+0800: 469.016: [GC (Allocation Failure) [PSYoungGen: 127296K->384K(127488K)] 172706K->45874K(261632K), 0.0058135 secs] [Times: user=0.02 sys=0.01, real=0.00 secs] 
Heap after GC invocations=432 (full 0):
 PSYoungGen      total 127488K, used 384K [0x00000000f8300000, 0x0000000100000000, 0x0000000100000000)
  eden space 126976K, 0% used [0x00000000f8300000,0x00000000f8300000,0x00000000fff00000)
  from space 512K, 75% used [0x00000000fff80000,0x00000000fffe0000,0x0000000100000000)
  to   space 512K, 0% used [0x00000000fff00000,0x00000000fff00000,0x00000000fff80000)
 ParOldGen       total 134144K, used 45490K [0x00000000f0000000, 0x00000000f8300000, 0x00000000f8300000)
  object space 134144K, 33% used [0x00000000f0000000,0x00000000f2c6c9b8,0x00000000f8300000)
 Metaspace       used 52803K, capacity 55892K, committed 55936K, reserved 1097728K
  class space    used 6448K, capacity 6998K, committed 7040K, reserved 1048576K
}
{Heap before GC invocations=433 (full 0):
 PSYoungGen      total 127488K, used 127360K [0x00000000f8300000, 0x0000000100000000, 0x0000000100000000)
  eden space 126976K, 100% used [0x00000000f8300000,0x00000000fff00000,0x00000000fff00000)
  from space 512K, 75% used [0x00000000fff80000,0x00000000fffe0000,0x0000000100000000)
  to   space 512K, 0% used [0x00000000fff00000,0x00000000fff00000,0x00000000fff80000)
 ParOldGen       total 134144K, used 45490K [0x00000000f0000000, 0x00000000f8300000, 0x00000000f8300000)
  object space 134144K, 33% used [0x00000000f0000000,0x00000000f2c6c9b8,0x00000000f8300000)
 Metaspace       used 52803K, capacity 55892K, committed 55936K, reserved 1097728K
  class space    used 6448K, capacity 6998K, committed 7040K, reserved 1048576K
2023-10-03T01:14:30.585+0800: 470.289: [GC (Allocation Failure) [PSYoungGen: 127360K->320K(127488K)] 172850K->45938K(261632K), 0.0044027 secs] [Times: user=0.02 sys=0.00, real=0.00 secs] 
Heap after GC invocations=433 (full 0):
 PSYoungGen      total 127488K, used 320K [0x00000000f8300000, 0x0000000100000000, 0x0000000100000000)
  eden space 126976K, 0% used [0x00000000f8300000,0x00000000f8300000,0x00000000fff00000)
  from space 512K, 62% used [0x00000000fff00000,0x00000000fff50000,0x00000000fff80000)
  to   space 512K, 0% used [0x00000000fff80000,0x00000000fff80000,0x0000000100000000)
 ParOldGen       total 134144K, used 45618K [0x00000000f0000000, 0x00000000f8300000, 0x00000000f8300000)
  object space 134144K, 34% used [0x00000000f0000000,0x00000000f2c8c8b8,0x00000000f8300000)
 Metaspace       used 52803K, capacity 55892K, committed 55936K, reserved 1097728K
  class space    used 6448K, capacity 6998K, committed 7040K, reserved 1048576K
}
{Heap before GC invocations=434 (full 0):
 PSYoungGen      total 127488K, used 127296K [0x00000000f8300000, 0x0000000100000000, 0x0000000100000000)
  eden space 126976K, 100% used [0x00000000f8300000,0x00000000fff00000,0x00000000fff00000)
  from space 512K, 62% used [0x00000000fff00000,0x00000000fff50000,0x00000000fff80000)
  to   space 512K, 0% used [0x00000000fff80000,0x00000000fff80000,0x0000000100000000)
 ParOldGen       total 134144K, used 45618K [0x00000000f0000000, 0x00000000f8300000, 0x00000000f8300000)
  object space 134144K, 34% used [0x00000000f0000000,0x00000000f2c8c8b8,0x00000000f8300000)
 Metaspace       used 52805K, capacity 55956K, committed 56192K, reserved 1097728K
  class space    used 6448K, capacity 6998K, committed 7040K, reserved 1048576K
2023-10-03T01:14:31.206+0800: 470.910: [GC (Allocation Failure) [PSYoungGen: 127296K->496K(126464K)] 172914K->46554K(260608K), 0.0061001 secs] [Times: user=0.03 sys=0.00, real=0.01 secs] 
Heap after GC invocations=434 (full 0):
 PSYoungGen      total 126464K, used 496K [0x00000000f8300000, 0x0000000100000000, 0x0000000100000000)
  eden space 125952K, 0% used [0x00000000f8300000,0x00000000f8300000,0x00000000ffe00000)
  from space 512K, 96% used [0x00000000fff80000,0x00000000ffffc050,0x0000000100000000)
  to   space 1024K, 0% used [0x00000000ffe00000,0x00000000ffe00000,0x00000000fff00000)
 ParOldGen       total 134144K, used 46058K [0x00000000f0000000, 0x00000000f8300000, 0x00000000f8300000)
  object space 134144K, 34% used [0x00000000f0000000,0x00000000f2cfa958,0x00000000f8300000)
 Metaspace       used 52805K, capacity 55956K, committed 56192K, reserved 1097728K
  class space    used 6448K, capacity 6998K, committed 7040K, reserved 1048576K
}
{Heap before GC invocations=435 (full 0):
 PSYoungGen      total 126464K, used 126448K [0x00000000f8300000, 0x0000000100000000, 0x0000000100000000)
  eden space 125952K, 100% used [0x00000000f8300000,0x00000000ffe00000,0x00000000ffe00000)
  from space 512K, 96% used [0x00000000fff80000,0x00000000ffffc050,0x0000000100000000)
  to   space 1024K, 0% used [0x00000000ffe00000,0x00000000ffe00000,0x00000000fff00000)
 ParOldGen       total 134144K, used 46058K [0x00000000f0000000, 0x00000000f8300000, 0x00000000f8300000)
  object space 134144K, 34% used [0x00000000f0000000,0x00000000f2cfa958,0x00000000f8300000)
 Metaspace       used 52805K, capacity 55956K, committed 56192K, reserved 1097728K
  class space    used 6448K, capacity 6998K, committed 7040K, reserved 1048576K
2023-10-03T01:14:31.842+0800: 471.546: [GC (Allocation Failure) [PSYoungGen: 126448K->352K(126976K)] 172506K->46741K(261120K), 0.0062407 secs] [Times: user=0.03 sys=0.00, real=0.00 secs] 
Heap after GC invocations=435 (full 0):
 PSYoungGen      total 126976K, used 352K [0x00000000f8300000, 0x0000000100000000, 0x0000000100000000)
  eden space 125952K, 0% used [0x00000000f8300000,0x00000000f8300000,0x00000000ffe00000)
  from space 1024K, 34% used [0x00000000ffe00000,0x00000000ffe58000,0x00000000fff00000)
  to   space 1024K, 0% used [0x00000000fff00000,0x00000000fff00000,0x0000000100000000)
 ParOldGen       total 134144K, used 46389K [0x00000000f0000000, 0x00000000f8300000, 0x00000000f8300000)
  object space 134144K, 34% used [0x00000000f0000000,0x00000000f2d4d618,0x00000000f8300000)
 Metaspace       used 52805K, capacity 55956K, committed 56192K, reserved 1097728K
  class space    used 6448K, capacity 6998K, committed 7040K, reserved 1048576K
}
{Heap before GC invocations=436 (full 0):
 PSYoungGen      total 126976K, used 126304K [0x00000000f8300000, 0x0000000100000000, 0x0000000100000000)
  eden space 125952K, 100% used [0x00000000f8300000,0x00000000ffe00000,0x00000000ffe00000)
  from space 1024K, 34% used [0x00000000ffe00000,0x00000000ffe58000,0x00000000fff00000)
  to   space 1024K, 0% used [0x00000000fff00000,0x00000000fff00000,0x0000000100000000)
 ParOldGen       total 134144K, used 46389K [0x00000000f0000000, 0x00000000f8300000, 0x00000000f8300000)
  object space 134144K, 34% used [0x00000000f0000000,0x00000000f2d4d618,0x00000000f8300000)
 Metaspace       used 52805K, capacity 55956K, committed 56192K, reserved 1097728K
  class space    used 6448K, capacity 6998K, committed 7040K, reserved 1048576K
2023-10-03T01:14:32.481+0800: 472.185: [GC (Allocation Failure) [PSYoungGen: 126304K->320K(126976K)] 172693K->46781K(261120K), 0.0064533 secs] [Times: user=0.03 sys=0.00, real=0.01 secs] 
Heap after GC invocations=436 (full 0):
 PSYoungGen      total 126976K, used 320K [0x00000000f8300000, 0x0000000100000000, 0x0000000100000000)
  eden space 125952K, 0% used [0x00000000f8300000,0x00000000f8300000,0x00000000ffe00000)
  from space 1024K, 31% used [0x00000000fff00000,0x00000000fff50000,0x0000000100000000)
  to   space 1024K, 0% used [0x00000000ffe00000,0x00000000ffe00000,0x00000000fff00000)
 ParOldGen       total 134144K, used 46461K [0x00000000f0000000, 0x00000000f8300000, 0x00000000f8300000)
  object space 134144K, 34% used [0x00000000f0000000,0x00000000f2d5f618,0x00000000f8300000)
 Metaspace       used 52805K, capacity 55956K, committed 56192K, reserved 1097728K
  class space    used 6448K, capacity 6998K, committed 7040K, reserved 1048576K
}
{Heap before GC invocations=437 (full 0):
 PSYoungGen      total 126976K, used 126272K [0x00000000f8300000, 0x0000000100000000, 0x0000000100000000)
  eden space 125952K, 100% used [0x00000000f8300000,0x00000000ffe00000,0x00000000ffe00000)
  from space 1024K, 31% used [0x00000000fff00000,0x00000000fff50000,0x0000000100000000)
  to   space 1024K, 0% used [0x00000000ffe00000,0x00000000ffe00000,0x00000000fff00000)
 ParOldGen       total 134144K, used 46461K [0x00000000f0000000, 0x00000000f8300000, 0x00000000f8300000)
  object space 134144K, 34% used [0x00000000f0000000,0x00000000f2d5f618,0x00000000f8300000)
 Metaspace       used 52805K, capacity 55956K, committed 56192K, reserved 1097728K
  class space    used 6448K, capacity 6998K, committed 7040K, reserved 1048576K
2023-10-03T01:14:33.094+0800: 472.799: [GC (Allocation Failure) [PSYoungGen: 126272K->320K(126976K)] 172733K->46861K(261120K), 0.0061873 secs] [Times: user=0.02 sys=0.00, real=0.00 secs] 
Heap after GC invocations=437 (full 0):
 PSYoungGen      total 126976K, used 320K [0x00000000f8300000, 0x0000000100000000, 0x0000000100000000)
  eden space 125952K, 0% used [0x00000000f8300000,0x00000000f8300000,0x00000000ffe00000)
  from space 1024K, 31% used [0x00000000ffe00000,0x00000000ffe50000,0x00000000fff00000)
  to   space 1024K, 0% used [0x00000000fff00000,0x00000000fff00000,0x0000000100000000)
 ParOldGen       total 134144K, used 46541K [0x00000000f0000000, 0x00000000f8300000, 0x00000000f8300000)
  object space 134144K, 34% used [0x00000000f0000000,0x00000000f2d73618,0x00000000f8300000)
 Metaspace       used 52805K, capacity 55956K, committed 56192K, reserved 1097728K
  class space    used 6448K, capacity 6998K, committed 7040K, reserved 1048576K
}
{Heap before GC invocations=438 (full 0):
 PSYoungGen      total 126976K, used 126272K [0x00000000f8300000, 0x0000000100000000, 0x0000000100000000)
  eden space 125952K, 100% used [0x00000000f8300000,0x00000000ffe00000,0x00000000ffe00000)
  from space 1024K, 31% used [0x00000000ffe00000,0x00000000ffe50000,0x00000000fff00000)
  to   space 1024K, 0% used [0x00000000fff00000,0x00000000fff00000,0x0000000100000000)
 ParOldGen       total 134144K, used 46541K [0x00000000f0000000, 0x00000000f8300000, 0x00000000f8300000)
  object space 134144K, 34% used [0x00000000f0000000,0x00000000f2d73618,0x00000000f8300000)
 Metaspace       used 52805K, capacity 55956K, committed 56192K, reserved 1097728K
  class space    used 6448K, capacity 6998K, committed 7040K, reserved 1048576K
2023-10-03T01:14:33.717+0800: 473.422: [GC (Allocation Failure) [PSYoungGen: 126272K->352K(126976K)] 172813K->46965K(261120K), 0.0061688 secs] [Times: user=0.03 sys=0.00, real=0.01 secs] 
Heap after GC invocations=438 (full 0):
 PSYoungGen      total 126976K, used 352K [0x00000000f8300000, 0x0000000100000000, 0x0000000100000000)
  eden space 125952K, 0% used [0x00000000f8300000,0x00000000f8300000,0x00000000ffe00000)
  from space 1024K, 34% used [0x00000000fff00000,0x00000000fff58000,0x0000000100000000)
  to   space 1024K, 0% used [0x00000000ffe00000,0x00000000ffe00000,0x00000000fff00000)
 ParOldGen       total 134144K, used 46613K [0x00000000f0000000, 0x00000000f8300000, 0x00000000f8300000)
  object space 134144K, 34% used [0x00000000f0000000,0x00000000f2d85618,0x00000000f8300000)
 Metaspace       used 52805K, capacity 55956K, committed 56192K, reserved 1097728K
  class space    used 6448K, capacity 6998K, committed 7040K, reserved 1048576K
}
{Heap before GC invocations=439 (full 0):
 PSYoungGen      total 126976K, used 126304K [0x00000000f8300000, 0x0000000100000000, 0x0000000100000000)
  eden space 125952K, 100% used [0x00000000f8300000,0x00000000ffe00000,0x00000000ffe00000)
  from space 1024K, 34% used [0x00000000fff00000,0x00000000fff58000,0x0000000100000000)
  to   space 1024K, 0% used [0x00000000ffe00000,0x00000000ffe00000,0x00000000fff00000)
 ParOldGen       total 134144K, used 46613K [0x00000000f0000000, 0x00000000f8300000, 0x00000000f8300000)
  object space 134144K, 34% used [0x00000000f0000000,0x00000000f2d85618,0x00000000f8300000)
 Metaspace       used 52805K, capacity 55956K, committed 56192K, reserved 1097728K
  class space    used 6448K, capacity 6998K, committed 7040K, reserved 1048576K
2023-10-03T01:14:34.358+0800: 474.063: [GC (Allocation Failure) [PSYoungGen: 126304K->352K(126976K)] 172917K->47037K(261120K), 0.0059154 secs] [Times: user=0.02 sys=0.01, real=0.01 secs] 
Heap after GC invocations=439 (full 0):
 PSYoungGen      total 126976K, used 352K [0x00000000f8300000, 0x0000000100000000, 0x0000000100000000)
  eden space 125952K, 0% used [0x00000000f8300000,0x00000000f8300000,0x00000000ffe00000)
  from space 1024K, 34% used [0x00000000ffe00000,0x00000000ffe58000,0x00000000fff00000)
  to   space 1024K, 0% used [0x00000000fff00000,0x00000000fff00000,0x0000000100000000)
 ParOldGen       total 134144K, used 46685K [0x00000000f0000000, 0x00000000f8300000, 0x00000000f8300000)
  object space 134144K, 34% used [0x00000000f0000000,0x00000000f2d97618,0x00000000f8300000)
 Metaspace       used 52805K, capacity 55956K, committed 56192K, reserved 1097728K
  class space    used 6448K, capacity 6998K, committed 7040K, reserved 1048576K
}
{Heap before GC invocations=440 (full 0):
 PSYoungGen      total 126976K, used 126304K [0x00000000f8300000, 0x0000000100000000, 0x0000000100000000)
  eden space 125952K, 100% used [0x00000000f8300000,0x00000000ffe00000,0x00000000ffe00000)
  from space 1024K, 34% used [0x00000000ffe00000,0x00000000ffe58000,0x00000000fff00000)
  to   space 1024K, 0% used [0x00000000fff00000,0x00000000fff00000,0x0000000100000000)
 ParOldGen       total 134144K, used 46685K [0x00000000f0000000, 0x00000000f8300000, 0x00000000f8300000)
  object space 134144K, 34% used [0x00000000f0000000,0x00000000f2d97618,0x00000000f8300000)
 Metaspace       used 52805K, capacity 55956K, committed 56192K, reserved 1097728K
  class space    used 6448K, capacity 6998K, committed 7040K, reserved 1048576K
2023-10-03T01:14:34.984+0800: 474.688: [GC (Allocation Failure) [PSYoungGen: 126304K->352K(126976K)] 172989K->47109K(261120K), 0.0061750 secs] [Times: user=0.02 sys=0.00, real=0.00 secs] 
Heap after GC invocations=440 (full 0):
 PSYoungGen      total 126976K, used 352K [0x00000000f8300000, 0x0000000100000000, 0x0000000100000000)
  eden space 125952K, 0% used [0x00000000f8300000,0x00000000f8300000,0x00000000ffe00000)
  from space 1024K, 34% used [0x00000000fff00000,0x00000000fff58000,0x0000000100000000)
  to   space 1024K, 0% used [0x00000000ffe00000,0x00000000ffe00000,0x00000000fff00000)
 ParOldGen       total 134144K, used 46757K [0x00000000f0000000, 0x00000000f8300000, 0x00000000f8300000)
  object space 134144K, 34% used [0x00000000f0000000,0x00000000f2da9618,0x00000000f8300000)
 Metaspace       used 52805K, capacity 55956K, committed 56192K, reserved 1097728K
  class space    used 6448K, capacity 6998K, committed 7040K, reserved 1048576K
}
{Heap before GC invocations=441 (full 0):
 PSYoungGen      total 126976K, used 126304K [0x00000000f8300000, 0x0000000100000000, 0x0000000100000000)
  eden space 125952K, 100% used [0x00000000f8300000,0x00000000ffe00000,0x00000000ffe00000)
  from space 1024K, 34% used [0x00000000fff00000,0x00000000fff58000,0x0000000100000000)
  to   space 1024K, 0% used [0x00000000ffe00000,0x00000000ffe00000,0x00000000fff00000)
 ParOldGen       total 134144K, used 46757K [0x00000000f0000000, 0x00000000f8300000, 0x00000000f8300000)
  object space 134144K, 34% used [0x00000000f0000000,0x00000000f2da9618,0x00000000f8300000)
 Metaspace       used 52805K, capacity 55956K, committed 56192K, reserved 1097728K
  class space    used 6448K, capacity 6998K, committed 7040K, reserved 1048576K
2023-10-03T01:14:35.629+0800: 475.333: [GC (Allocation Failure) [PSYoungGen: 126304K->352K(126976K)] 173061K->47181K(261120K), 0.0063413 secs] [Times: user=0.03 sys=0.00, real=0.01 secs] 
Heap after GC invocations=441 (full 0):
 PSYoungGen      total 126976K, used 352K [0x00000000f8300000, 0x0000000100000000, 0x0000000100000000)
  eden space 125952K, 0% used [0x00000000f8300000,0x00000000f8300000,0x00000000ffe00000)
  from space 1024K, 34% used [0x00000000ffe00000,0x00000000ffe58000,0x00000000fff00000)
  to   space 1024K, 0% used [0x00000000fff00000,0x00000000fff00000,0x0000000100000000)
 ParOldGen       total 134144K, used 46829K [0x00000000f0000000, 0x00000000f8300000, 0x00000000f8300000)
  object space 134144K, 34% used [0x00000000f0000000,0x00000000f2dbb618,0x00000000f8300000)
 Metaspace       used 52805K, capacity 55956K, committed 56192K, reserved 1097728K
  class space    used 6448K, capacity 6998K, committed 7040K, reserved 1048576K
}
{Heap before GC invocations=442 (full 0):
 PSYoungGen      total 126976K, used 126304K [0x00000000f8300000, 0x0000000100000000, 0x0000000100000000)
  eden space 125952K, 100% used [0x00000000f8300000,0x00000000ffe00000,0x00000000ffe00000)
  from space 1024K, 34% used [0x00000000ffe00000,0x00000000ffe58000,0x00000000fff00000)
  to   space 1024K, 0% used [0x00000000fff00000,0x00000000fff00000,0x0000000100000000)
 ParOldGen       total 134144K, used 46829K [0x00000000f0000000, 0x00000000f8300000, 0x00000000f8300000)
  object space 134144K, 34% used [0x00000000f0000000,0x00000000f2dbb618,0x00000000f8300000)
 Metaspace       used 52805K, capacity 55956K, committed 56192K, reserved 1097728K
  class space    used 6448K, capacity 6998K, committed 7040K, reserved 1048576K
2023-10-03T01:14:36.277+0800: 475.982: [GC (Allocation Failure) [PSYoungGen: 126304K->320K(127488K)] 173133K->47213K(261632K), 0.0063130 secs] [Times: user=0.03 sys=0.00, real=0.01 secs] 
Heap after GC invocations=442 (full 0):
 PSYoungGen      total 127488K, used 320K [0x00000000f8300000, 0x0000000100000000, 0x0000000100000000)
  eden space 126464K, 0% used [0x00000000f8300000,0x00000000f8300000,0x00000000ffe80000)
  from space 1024K, 31% used [0x00000000fff00000,0x00000000fff50000,0x0000000100000000)
  to   space 512K, 0% used [0x00000000ffe80000,0x00000000ffe80000,0x00000000fff00000)
 ParOldGen       total 134144K, used 46893K [0x00000000f0000000, 0x00000000f8300000, 0x00000000f8300000)
  object space 134144K, 34% used [0x00000000f0000000,0x00000000f2dcb618,0x00000000f8300000)
 Metaspace       used 52805K, capacity 55956K, committed 56192K, reserved 1097728K
  class space    used 6448K, capacity 6998K, committed 7040K, reserved 1048576K
}
{Heap before GC invocations=443 (full 0):
 PSYoungGen      total 127488K, used 126784K [0x00000000f8300000, 0x0000000100000000, 0x0000000100000000)
  eden space 126464K, 100% used [0x00000000f8300000,0x00000000ffe80000,0x00000000ffe80000)
  from space 1024K, 31% used [0x00000000fff00000,0x00000000fff50000,0x0000000100000000)
  to   space 512K, 0% used [0x00000000ffe80000,0x00000000ffe80000,0x00000000fff00000)
 ParOldGen       total 134144K, used 46893K [0x00000000f0000000, 0x00000000f8300000, 0x00000000f8300000)
  object space 134144K, 34% used [0x00000000f0000000,0x00000000f2dcb618,0x00000000f8300000)
 Metaspace       used 52805K, capacity 55956K, committed 56192K, reserved 1097728K
  class space    used 6448K, capacity 6998K, committed 7040K, reserved 1048576K
2023-10-03T01:14:36.913+0800: 476.617: [GC (Allocation Failure) [PSYoungGen: 126784K->352K(126976K)] 173677K->47317K(261120K), 0.0063419 secs] [Times: user=0.03 sys=0.00, real=0.00 secs] 
Heap after GC invocations=443 (full 0):
 PSYoungGen      total 126976K, used 352K [0x00000000f8300000, 0x0000000100000000, 0x0000000100000000)
  eden space 126464K, 0% used [0x00000000f8300000,0x00000000f8300000,0x00000000ffe80000)
  from space 512K, 68% used [0x00000000ffe80000,0x00000000ffed8000,0x00000000fff00000)
  to   space 512K, 0% used [0x00000000fff80000,0x00000000fff80000,0x0000000100000000)
 ParOldGen       total 134144K, used 46965K [0x00000000f0000000, 0x00000000f8300000, 0x00000000f8300000)
  object space 134144K, 35% used [0x00000000f0000000,0x00000000f2ddd618,0x00000000f8300000)
 Metaspace       used 52805K, capacity 55956K, committed 56192K, reserved 1097728K
  class space    used 6448K, capacity 6998K, committed 7040K, reserved 1048576K
}
{Heap before GC invocations=444 (full 0):
 PSYoungGen      total 126976K, used 126816K [0x00000000f8300000, 0x0000000100000000, 0x0000000100000000)
  eden space 126464K, 100% used [0x00000000f8300000,0x00000000ffe80000,0x00000000ffe80000)
  from space 512K, 68% used [0x00000000ffe80000,0x00000000ffed8000,0x00000000fff00000)
  to   space 512K, 0% used [0x00000000fff80000,0x00000000fff80000,0x0000000100000000)
 ParOldGen       total 134144K, used 46965K [0x00000000f0000000, 0x00000000f8300000, 0x00000000f8300000)
  object space 134144K, 35% used [0x00000000f0000000,0x00000000f2ddd618,0x00000000f8300000)
 Metaspace       used 52805K, capacity 55956K, committed 56192K, reserved 1097728K
  class space    used 6448K, capacity 6998K, committed 7040K, reserved 1048576K
2023-10-03T01:14:37.562+0800: 477.266: [GC (Allocation Failure) [PSYoungGen: 126816K->352K(127488K)] 173781K->47389K(261632K), 0.0059968 secs] [Times: user=0.02 sys=0.01, real=0.00 secs] 
Heap after GC invocations=444 (full 0):
 PSYoungGen      total 127488K, used 352K [0x00000000f8300000, 0x0000000100000000, 0x0000000100000000)
  eden space 126976K, 0% used [0x00000000f8300000,0x00000000f8300000,0x00000000fff00000)
  from space 512K, 68% used [0x00000000fff80000,0x00000000fffd8000,0x0000000100000000)
  to   space 512K, 0% used [0x00000000fff00000,0x00000000fff00000,0x00000000fff80000)
 ParOldGen       total 134144K, used 47037K [0x00000000f0000000, 0x00000000f8300000, 0x00000000f8300000)
  object space 134144K, 35% used [0x00000000f0000000,0x00000000f2def618,0x00000000f8300000)
 Metaspace       used 52805K, capacity 55956K, committed 56192K, reserved 1097728K
  class space    used 6448K, capacity 6998K, committed 7040K, reserved 1048576K
}
{Heap before GC invocations=445 (full 0):
 PSYoungGen      total 127488K, used 127328K [0x00000000f8300000, 0x0000000100000000, 0x0000000100000000)
  eden space 126976K, 100% used [0x00000000f8300000,0x00000000fff00000,0x00000000fff00000)
  from space 512K, 68% used [0x00000000fff80000,0x00000000fffd8000,0x0000000100000000)
  to   space 512K, 0% used [0x00000000fff00000,0x00000000fff00000,0x00000000fff80000)
 ParOldGen       total 134144K, used 47037K [0x00000000f0000000, 0x00000000f8300000, 0x00000000f8300000)
  object space 134144K, 35% used [0x00000000f0000000,0x00000000f2def618,0x00000000f8300000)
 Metaspace       used 52805K, capacity 55956K, committed 56192K, reserved 1097728K
  class space    used 6448K, capacity 6998K, committed 7040K, reserved 1048576K
2023-10-03T01:14:38.221+0800: 477.925: [GC (Allocation Failure) [PSYoungGen: 127328K->320K(127488K)] 174365K->47429K(261632K), 0.0060524 secs] [Times: user=0.04 sys=0.00, real=0.02 secs] 
Heap after GC invocations=445 (full 0):
 PSYoungGen      total 127488K, used 320K [0x00000000f8300000, 0x0000000100000000, 0x0000000100000000)
  eden space 126976K, 0% used [0x00000000f8300000,0x00000000f8300000,0x00000000fff00000)
  from space 512K, 62% used [0x00000000fff00000,0x00000000fff50000,0x00000000fff80000)
  to   space 512K, 0% used [0x00000000fff80000,0x00000000fff80000,0x0000000100000000)
 ParOldGen       total 134144K, used 47109K [0x00000000f0000000, 0x00000000f8300000, 0x00000000f8300000)
  object space 134144K, 35% used [0x00000000f0000000,0x00000000f2e01618,0x00000000f8300000)
 Metaspace       used 52805K, capacity 55956K, committed 56192K, reserved 1097728K
  class space    used 6448K, capacity 6998K, committed 7040K, reserved 1048576K
}
{Heap before GC invocations=446 (full 0):
 PSYoungGen      total 127488K, used 127296K [0x00000000f8300000, 0x0000000100000000, 0x0000000100000000)
  eden space 126976K, 100% used [0x00000000f8300000,0x00000000fff00000,0x00000000fff00000)
  from space 512K, 62% used [0x00000000fff00000,0x00000000fff50000,0x00000000fff80000)
  to   space 512K, 0% used [0x00000000fff80000,0x00000000fff80000,0x0000000100000000)
 ParOldGen       total 134144K, used 47109K [0x00000000f0000000, 0x00000000f8300000, 0x00000000f8300000)
  object space 134144K, 35% used [0x00000000f0000000,0x00000000f2e01618,0x00000000f8300000)
 Metaspace       used 52805K, capacity 55956K, committed 56192K, reserved 1097728K
  class space    used 6448K, capacity 6998K, committed 7040K, reserved 1048576K
2023-10-03T01:14:38.844+0800: 478.548: [GC (Allocation Failure) [PSYoungGen: 127296K->352K(127488K)] 174405K->47533K(261632K), 0.0070465 secs] [Times: user=0.02 sys=0.03, real=0.00 secs] 
Heap after GC invocations=446 (full 0):
 PSYoungGen      total 127488K, used 352K [0x00000000f8300000, 0x0000000100000000, 0x0000000100000000)
  eden space 126976K, 0% used [0x00000000f8300000,0x00000000f8300000,0x00000000fff00000)
  from space 512K, 68% used [0x00000000fff80000,0x00000000fffd8000,0x0000000100000000)
  to   space 512K, 0% used [0x00000000fff00000,0x00000000fff00000,0x00000000fff80000)
 ParOldGen       total 134144K, used 47181K [0x00000000f0000000, 0x00000000f8300000, 0x00000000f8300000)
  object space 134144K, 35% used [0x00000000f0000000,0x00000000f2e13618,0x00000000f8300000)
 Metaspace       used 52805K, capacity 55956K, committed 56192K, reserved 1097728K
  class space    used 6448K, capacity 6998K, committed 7040K, reserved 1048576K
}
{Heap before GC invocations=447 (full 0):
 PSYoungGen      total 127488K, used 127328K [0x00000000f8300000, 0x0000000100000000, 0x0000000100000000)
  eden space 126976K, 100% used [0x00000000f8300000,0x00000000fff00000,0x00000000fff00000)
  from space 512K, 68% used [0x00000000fff80000,0x00000000fffd8000,0x0000000100000000)
  to   space 512K, 0% used [0x00000000fff00000,0x00000000fff00000,0x00000000fff80000)
 ParOldGen       total 134144K, used 47181K [0x00000000f0000000, 0x00000000f8300000, 0x00000000f8300000)
  object space 134144K, 35% used [0x00000000f0000000,0x00000000f2e13618,0x00000000f8300000)
 Metaspace       used 52805K, capacity 55956K, committed 56192K, reserved 1097728K
  class space    used 6448K, capacity 6998K, committed 7040K, reserved 1048576K
2023-10-03T01:14:39.503+0800: 479.207: [GC (Allocation Failure) [PSYoungGen: 127328K->352K(127488K)] 174509K->47613K(261632K), 0.0062245 secs] [Times: user=0.03 sys=0.00, real=0.00 secs] 
Heap after GC invocations=447 (full 0):
 PSYoungGen      total 127488K, used 352K [0x00000000f8300000, 0x0000000100000000, 0x0000000100000000)
  eden space 126976K, 0% used [0x00000000f8300000,0x00000000f8300000,0x00000000fff00000)
  from space 512K, 68% used [0x00000000fff00000,0x00000000fff58000,0x00000000fff80000)
  to   space 512K, 0% used [0x00000000fff80000,0x00000000fff80000,0x0000000100000000)
 ParOldGen       total 134144K, used 47261K [0x00000000f0000000, 0x00000000f8300000, 0x00000000f8300000)
  object space 134144K, 35% used [0x00000000f0000000,0x00000000f2e27618,0x00000000f8300000)
 Metaspace       used 52805K, capacity 55956K, committed 56192K, reserved 1097728K
  class space    used 6448K, capacity 6998K, committed 7040K, reserved 1048576K
}
{Heap before GC invocations=448 (full 0):
 PSYoungGen      total 127488K, used 127328K [0x00000000f8300000, 0x0000000100000000, 0x0000000100000000)
  eden space 126976K, 100% used [0x00000000f8300000,0x00000000fff00000,0x00000000fff00000)
  from space 512K, 68% used [0x00000000fff00000,0x00000000fff58000,0x00000000fff80000)
  to   space 512K, 0% used [0x00000000fff80000,0x00000000fff80000,0x0000000100000000)
 ParOldGen       total 134144K, used 47261K [0x00000000f0000000, 0x00000000f8300000, 0x00000000f8300000)
  object space 134144K, 35% used [0x00000000f0000000,0x00000000f2e27618,0x00000000f8300000)
 Metaspace       used 52805K, capacity 55956K, committed 56192K, reserved 1097728K
  class space    used 6448K, capacity 6998K, committed 7040K, reserved 1048576K
2023-10-03T01:14:40.160+0800: 479.864: [GC (Allocation Failure) [PSYoungGen: 127328K->416K(127488K)] 174589K->47749K(261632K), 0.0063284 secs] [Times: user=0.04 sys=0.00, real=0.01 secs] 
Heap after GC invocations=448 (full 0):
 PSYoungGen      total 127488K, used 416K [0x00000000f8300000, 0x0000000100000000, 0x0000000100000000)
  eden space 126976K, 0% used [0x00000000f8300000,0x00000000f8300000,0x00000000fff00000)
  from space 512K, 81% used [0x00000000fff80000,0x00000000fffe8000,0x0000000100000000)
  to   space 512K, 0% used [0x00000000fff00000,0x00000000fff00000,0x00000000fff80000)
 ParOldGen       total 134144K, used 47333K [0x00000000f0000000, 0x00000000f8300000, 0x00000000f8300000)
  object space 134144K, 35% used [0x00000000f0000000,0x00000000f2e39618,0x00000000f8300000)
 Metaspace       used 52805K, capacity 55956K, committed 56192K, reserved 1097728K
  class space    used 6448K, capacity 6998K, committed 7040K, reserved 1048576K
}
{Heap before GC invocations=449 (full 0):
 PSYoungGen      total 127488K, used 127392K [0x00000000f8300000, 0x0000000100000000, 0x0000000100000000)
  eden space 126976K, 100% used [0x00000000f8300000,0x00000000fff00000,0x00000000fff00000)
  from space 512K, 81% used [0x00000000fff80000,0x00000000fffe8000,0x0000000100000000)
  to   space 512K, 0% used [0x00000000fff00000,0x00000000fff00000,0x00000000fff80000)
 ParOldGen       total 134144K, used 47333K [0x00000000f0000000, 0x00000000f8300000, 0x00000000f8300000)
  object space 134144K, 35% used [0x00000000f0000000,0x00000000f2e39618,0x00000000f8300000)
 Metaspace       used 52805K, capacity 55956K, committed 56192K, reserved 1097728K
  class space    used 6448K, capacity 6998K, committed 7040K, reserved 1048576K
2023-10-03T01:14:40.794+0800: 480.499: [GC (Allocation Failure) [PSYoungGen: 127392K->352K(127488K)] 174725K->47773K(261632K), 0.0061094 secs] [Times: user=0.03 sys=0.01, real=0.00 secs] 
Heap after GC invocations=449 (full 0):
 PSYoungGen      total 127488K, used 352K [0x00000000f8300000, 0x0000000100000000, 0x0000000100000000)
  eden space 126976K, 0% used [0x00000000f8300000,0x00000000f8300000,0x00000000fff00000)
  from space 512K, 68% used [0x00000000fff00000,0x00000000fff58000,0x00000000fff80000)
  to   space 512K, 0% used [0x00000000fff80000,0x00000000fff80000,0x0000000100000000)
 ParOldGen       total 134144K, used 47421K [0x00000000f0000000, 0x00000000f8300000, 0x00000000f8300000)
  object space 134144K, 35% used [0x00000000f0000000,0x00000000f2e4f618,0x00000000f8300000)
 Metaspace       used 52805K, capacity 55956K, committed 56192K, reserved 1097728K
  class space    used 6448K, capacity 6998K, committed 7040K, reserved 1048576K
}
{Heap before GC invocations=450 (full 0):
 PSYoungGen      total 127488K, used 127328K [0x00000000f8300000, 0x0000000100000000, 0x0000000100000000)
  eden space 126976K, 100% used [0x00000000f8300000,0x00000000fff00000,0x00000000fff00000)
  from space 512K, 68% used [0x00000000fff00000,0x00000000fff58000,0x00000000fff80000)
  to   space 512K, 0% used [0x00000000fff80000,0x00000000fff80000,0x0000000100000000)
 ParOldGen       total 134144K, used 47421K [0x00000000f0000000, 0x00000000f8300000, 0x00000000f8300000)
  object space 134144K, 35% used [0x00000000f0000000,0x00000000f2e4f618,0x00000000f8300000)
 Metaspace       used 52805K, capacity 55956K, committed 56192K, reserved 1097728K
  class space    used 6448K, capacity 6998K, committed 7040K, reserved 1048576K
2023-10-03T01:14:41.441+0800: 481.146: [GC (Allocation Failure) [PSYoungGen: 127328K->384K(127488K)] 174749K->47869K(261632K), 0.0061686 secs] [Times: user=0.03 sys=0.00, real=0.01 secs] 
Heap after GC invocations=450 (full 0):
 PSYoungGen      total 127488K, used 384K [0x00000000f8300000, 0x0000000100000000, 0x0000000100000000)
  eden space 126976K, 0% used [0x00000000f8300000,0x00000000f8300000,0x00000000fff00000)
  from space 512K, 75% used [0x00000000fff80000,0x00000000fffe0000,0x0000000100000000)
  to   space 512K, 0% used [0x00000000fff00000,0x00000000fff00000,0x00000000fff80000)
 ParOldGen       total 134144K, used 47485K [0x00000000f0000000, 0x00000000f8300000, 0x00000000f8300000)
  object space 134144K, 35% used [0x00000000f0000000,0x00000000f2e5f618,0x00000000f8300000)
 Metaspace       used 52805K, capacity 55956K, committed 56192K, reserved 1097728K
  class space    used 6448K, capacity 6998K, committed 7040K, reserved 1048576K
}
{Heap before GC invocations=451 (full 0):
 PSYoungGen      total 127488K, used 127360K [0x00000000f8300000, 0x0000000100000000, 0x0000000100000000)
  eden space 126976K, 100% used [0x00000000f8300000,0x00000000fff00000,0x00000000fff00000)
  from space 512K, 75% used [0x00000000fff80000,0x00000000fffe0000,0x0000000100000000)
  to   space 512K, 0% used [0x00000000fff00000,0x00000000fff00000,0x00000000fff80000)
 ParOldGen       total 134144K, used 47485K [0x00000000f0000000, 0x00000000f8300000, 0x00000000f8300000)
  object space 134144K, 35% used [0x00000000f0000000,0x00000000f2e5f618,0x00000000f8300000)
 Metaspace       used 52805K, capacity 55956K, committed 56192K, reserved 1097728K
  class space    used 6448K, capacity 6998K, committed 7040K, reserved 1048576K
2023-10-03T01:14:42.087+0800: 481.792: [GC (Allocation Failure) [PSYoungGen: 127360K->416K(127488K)] 174845K->47989K(261632K), 0.0064363 secs] [Times: user=0.03 sys=0.00, real=0.01 secs] 
Heap after GC invocations=451 (full 0):
 PSYoungGen      total 127488K, used 416K [0x00000000f8300000, 0x0000000100000000, 0x0000000100000000)
  eden space 126976K, 0% used [0x00000000f8300000,0x00000000f8300000,0x00000000fff00000)
  from space 512K, 81% used [0x00000000fff00000,0x00000000fff68000,0x00000000fff80000)
  to   space 512K, 0% used [0x00000000fff80000,0x00000000fff80000,0x0000000100000000)
 ParOldGen       total 134144K, used 47573K [0x00000000f0000000, 0x00000000f8300000, 0x00000000f8300000)
  object space 134144K, 35% used [0x00000000f0000000,0x00000000f2e75618,0x00000000f8300000)
 Metaspace       used 52805K, capacity 55956K, committed 56192K, reserved 1097728K
  class space    used 6448K, capacity 6998K, committed 7040K, reserved 1048576K
}
{Heap before GC invocations=452 (full 0):
 PSYoungGen      total 127488K, used 127392K [0x00000000f8300000, 0x0000000100000000, 0x0000000100000000)
  eden space 126976K, 100% used [0x00000000f8300000,0x00000000fff00000,0x00000000fff00000)
  from space 512K, 81% used [0x00000000fff00000,0x00000000fff68000,0x00000000fff80000)
  to   space 512K, 0% used [0x00000000fff80000,0x00000000fff80000,0x0000000100000000)
 ParOldGen       total 134144K, used 47573K [0x00000000f0000000, 0x00000000f8300000, 0x00000000f8300000)
  object space 134144K, 35% used [0x00000000f0000000,0x00000000f2e75618,0x00000000f8300000)
 Metaspace       used 52805K, capacity 55956K, committed 56192K, reserved 1097728K
  class space    used 6448K, capacity 6998K, committed 7040K, reserved 1048576K
2023-10-03T01:14:42.723+0800: 482.427: [GC (Allocation Failure) [PSYoungGen: 127392K->320K(127488K)] 174965K->47973K(261632K), 0.0060545 secs] [Times: user=0.03 sys=0.00, real=0.00 secs] 
Heap after GC invocations=452 (full 0):
 PSYoungGen      total 127488K, used 320K [0x00000000f8300000, 0x0000000100000000, 0x0000000100000000)
  eden space 126976K, 0% used [0x00000000f8300000,0x00000000f8300000,0x00000000fff00000)
  from space 512K, 62% used [0x00000000fff80000,0x00000000fffd0000,0x0000000100000000)
  to   space 512K, 0% used [0x00000000fff00000,0x00000000fff00000,0x00000000fff80000)
 ParOldGen       total 134144K, used 47653K [0x00000000f0000000, 0x00000000f8300000, 0x00000000f8300000)
  object space 134144K, 35% used [0x00000000f0000000,0x00000000f2e89618,0x00000000f8300000)
 Metaspace       used 52805K, capacity 55956K, committed 56192K, reserved 1097728K
  class space    used 6448K, capacity 6998K, committed 7040K, reserved 1048576K
}
{Heap before GC invocations=453 (full 0):
 PSYoungGen      total 127488K, used 127296K [0x00000000f8300000, 0x0000000100000000, 0x0000000100000000)
  eden space 126976K, 100% used [0x00000000f8300000,0x00000000fff00000,0x00000000fff00000)
  from space 512K, 62% used [0x00000000fff80000,0x00000000fffd0000,0x0000000100000000)
  to   space 512K, 0% used [0x00000000fff00000,0x00000000fff00000,0x00000000fff80000)
 ParOldGen       total 134144K, used 47653K [0x00000000f0000000, 0x00000000f8300000, 0x00000000f8300000)
  object space 134144K, 35% used [0x00000000f0000000,0x00000000f2e89618,0x00000000f8300000)
 Metaspace       used 52807K, capacity 55956K, committed 56192K, reserved 1097728K
  class space    used 6448K, capacity 6998K, committed 7040K, reserved 1048576K
2023-10-03T01:14:43.345+0800: 483.050: [GC (Allocation Failure) [PSYoungGen: 127296K->352K(127488K)] 174949K->48077K(261632K), 0.0060865 secs] [Times: user=0.03 sys=0.00, real=0.01 secs] 
Heap after GC invocations=453 (full 0):
 PSYoungGen      total 127488K, used 352K [0x00000000f8300000, 0x0000000100000000, 0x0000000100000000)
  eden space 126976K, 0% used [0x00000000f8300000,0x00000000f8300000,0x00000000fff00000)
  from space 512K, 68% used [0x00000000fff00000,0x00000000fff58000,0x00000000fff80000)
  to   space 512K, 0% used [0x00000000fff80000,0x00000000fff80000,0x0000000100000000)
 ParOldGen       total 134144K, used 47725K [0x00000000f0000000, 0x00000000f8300000, 0x00000000f8300000)
  object space 134144K, 35% used [0x00000000f0000000,0x00000000f2e9b618,0x00000000f8300000)
 Metaspace       used 52807K, capacity 55956K, committed 56192K, reserved 1097728K
  class space    used 6448K, capacity 6998K, committed 7040K, reserved 1048576K
}
{Heap before GC invocations=454 (full 0):
 PSYoungGen      total 127488K, used 127328K [0x00000000f8300000, 0x0000000100000000, 0x0000000100000000)
  eden space 126976K, 100% used [0x00000000f8300000,0x00000000fff00000,0x00000000fff00000)
  from space 512K, 68% used [0x00000000fff00000,0x00000000fff58000,0x00000000fff80000)
  to   space 512K, 0% used [0x00000000fff80000,0x00000000fff80000,0x0000000100000000)
 ParOldGen       total 134144K, used 47725K [0x00000000f0000000, 0x00000000f8300000, 0x00000000f8300000)
  object space 134144K, 35% used [0x00000000f0000000,0x00000000f2e9b618,0x00000000f8300000)
 Metaspace       used 52807K, capacity 55956K, committed 56192K, reserved 1097728K
  class space    used 6448K, capacity 6998K, committed 7040K, reserved 1048576K
2023-10-03T01:14:43.991+0800: 483.695: [GC (Allocation Failure) [PSYoungGen: 127328K->320K(127488K)] 175053K->48125K(261632K), 0.0061740 secs] [Times: user=0.03 sys=0.00, real=0.01 secs] 
Heap after GC invocations=454 (full 0):
 PSYoungGen      total 127488K, used 320K [0x00000000f8300000, 0x0000000100000000, 0x0000000100000000)
  eden space 126976K, 0% used [0x00000000f8300000,0x00000000f8300000,0x00000000fff00000)
  from space 512K, 62% used [0x00000000fff80000,0x00000000fffd0000,0x0000000100000000)
  to   space 512K, 0% used [0x00000000fff00000,0x00000000fff00000,0x00000000fff80000)
 ParOldGen       total 134144K, used 47805K [0x00000000f0000000, 0x00000000f8300000, 0x00000000f8300000)
  object space 134144K, 35% used [0x00000000f0000000,0x00000000f2eaf618,0x00000000f8300000)
 Metaspace       used 52807K, capacity 55956K, committed 56192K, reserved 1097728K
  class space    used 6448K, capacity 6998K, committed 7040K, reserved 1048576K
}
{Heap before GC invocations=455 (full 0):
 PSYoungGen      total 127488K, used 127296K [0x00000000f8300000, 0x0000000100000000, 0x0000000100000000)
  eden space 126976K, 100% used [0x00000000f8300000,0x00000000fff00000,0x00000000fff00000)
  from space 512K, 62% used [0x00000000fff80000,0x00000000fffd0000,0x0000000100000000)
  to   space 512K, 0% used [0x00000000fff00000,0x00000000fff00000,0x00000000fff80000)
 ParOldGen       total 134144K, used 47805K [0x00000000f0000000, 0x00000000f8300000, 0x00000000f8300000)
  object space 134144K, 35% used [0x00000000f0000000,0x00000000f2eaf618,0x00000000f8300000)
 Metaspace       used 52807K, capacity 55956K, committed 56192K, reserved 1097728K
  class space    used 6448K, capacity 6998K, committed 7040K, reserved 1048576K
2023-10-03T01:14:44.652+0800: 484.357: [GC (Allocation Failure) [PSYoungGen: 127296K->384K(127488K)] 175101K->48261K(261632K), 0.0061797 secs] [Times: user=0.03 sys=0.00, real=0.00 secs] 
Heap after GC invocations=455 (full 0):
 PSYoungGen      total 127488K, used 384K [0x00000000f8300000, 0x0000000100000000, 0x0000000100000000)
  eden space 126976K, 0% used [0x00000000f8300000,0x00000000f8300000,0x00000000fff00000)
  from space 512K, 75% used [0x00000000fff00000,0x00000000fff60000,0x00000000fff80000)
  to   space 512K, 0% used [0x00000000fff80000,0x00000000fff80000,0x0000000100000000)
 ParOldGen       total 134144K, used 47877K [0x00000000f0000000, 0x00000000f8300000, 0x00000000f8300000)
  object space 134144K, 35% used [0x00000000f0000000,0x00000000f2ec1618,0x00000000f8300000)
 Metaspace       used 52807K, capacity 55956K, committed 56192K, reserved 1097728K
  class space    used 6448K, capacity 6998K, committed 7040K, reserved 1048576K
}
{Heap before GC invocations=456 (full 0):
 PSYoungGen      total 127488K, used 127360K [0x00000000f8300000, 0x0000000100000000, 0x0000000100000000)
  eden space 126976K, 100% used [0x00000000f8300000,0x00000000fff00000,0x00000000fff00000)
  from space 512K, 75% used [0x00000000fff00000,0x00000000fff60000,0x00000000fff80000)
  to   space 512K, 0% used [0x00000000fff80000,0x00000000fff80000,0x0000000100000000)
 ParOldGen       total 134144K, used 47877K [0x00000000f0000000, 0x00000000f8300000, 0x00000000f8300000)
  object space 134144K, 35% used [0x00000000f0000000,0x00000000f2ec1618,0x00000000f8300000)
 Metaspace       used 52807K, capacity 55956K, committed 56192K, reserved 1097728K
  class space    used 6448K, capacity 6998K, committed 7040K, reserved 1048576K
2023-10-03T01:14:45.302+0800: 485.006: [GC (Allocation Failure) [PSYoungGen: 127360K->320K(127488K)] 175237K->48277K(261632K), 0.0059729 secs] [Times: user=0.02 sys=0.00, real=0.00 secs] 
Heap after GC invocations=456 (full 0):
 PSYoungGen      total 127488K, used 320K [0x00000000f8300000, 0x0000000100000000, 0x0000000100000000)
  eden space 126976K, 0% used [0x00000000f8300000,0x00000000f8300000,0x00000000fff00000)
  from space 512K, 62% used [0x00000000fff80000,0x00000000fffd0000,0x0000000100000000)
  to   space 512K, 0% used [0x00000000fff00000,0x00000000fff00000,0x00000000fff80000)
 ParOldGen       total 134144K, used 47957K [0x00000000f0000000, 0x00000000f8300000, 0x00000000f8300000)
  object space 134144K, 35% used [0x00000000f0000000,0x00000000f2ed5618,0x00000000f8300000)
 Metaspace       used 52807K, capacity 55956K, committed 56192K, reserved 1097728K
  class space    used 6448K, capacity 6998K, committed 7040K, reserved 1048576K
}
{Heap before GC invocations=457 (full 0):
 PSYoungGen      total 127488K, used 127296K [0x00000000f8300000, 0x0000000100000000, 0x0000000100000000)
  eden space 126976K, 100% used [0x00000000f8300000,0x00000000fff00000,0x00000000fff00000)
  from space 512K, 62% used [0x00000000fff80000,0x00000000fffd0000,0x0000000100000000)
  to   space 512K, 0% used [0x00000000fff00000,0x00000000fff00000,0x00000000fff80000)
 ParOldGen       total 134144K, used 47957K [0x00000000f0000000, 0x00000000f8300000, 0x00000000f8300000)
  object space 134144K, 35% used [0x00000000f0000000,0x00000000f2ed5618,0x00000000f8300000)
 Metaspace       used 52807K, capacity 55956K, committed 56192K, reserved 1097728K
  class space    used 6448K, capacity 6998K, committed 7040K, reserved 1048576K
2023-10-03T01:14:45.937+0800: 485.641: [GC (Allocation Failure) [PSYoungGen: 127296K->416K(127488K)] 175253K->48429K(261632K), 0.0059254 secs] [Times: user=0.04 sys=0.00, real=0.01 secs] 
Heap after GC invocations=457 (full 0):
 PSYoungGen      total 127488K, used 416K [0x00000000f8300000, 0x0000000100000000, 0x0000000100000000)
  eden space 126976K, 0% used [0x00000000f8300000,0x00000000f8300000,0x00000000fff00000)
  from space 512K, 81% used [0x00000000fff00000,0x00000000fff68000,0x00000000fff80000)
  to   space 512K, 0% used [0x00000000fff80000,0x00000000fff80000,0x0000000100000000)
 ParOldGen       total 134144K, used 48013K [0x00000000f0000000, 0x00000000f8300000, 0x00000000f8300000)
  object space 134144K, 35% used [0x00000000f0000000,0x00000000f2ee3618,0x00000000f8300000)
 Metaspace       used 52807K, capacity 55956K, committed 56192K, reserved 1097728K
  class space    used 6448K, capacity 6998K, committed 7040K, reserved 1048576K
}
{Heap before GC invocations=458 (full 0):
 PSYoungGen      total 127488K, used 127392K [0x00000000f8300000, 0x0000000100000000, 0x0000000100000000)
  eden space 126976K, 100% used [0x00000000f8300000,0x00000000fff00000,0x00000000fff00000)
  from space 512K, 81% used [0x00000000fff00000,0x00000000fff68000,0x00000000fff80000)
  to   space 512K, 0% used [0x00000000fff80000,0x00000000fff80000,0x0000000100000000)
 ParOldGen       total 134144K, used 48013K [0x00000000f0000000, 0x00000000f8300000, 0x00000000f8300000)
  object space 134144K, 35% used [0x00000000f0000000,0x00000000f2ee3618,0x00000000f8300000)
 Metaspace       used 52807K, capacity 55956K, committed 56192K, reserved 1097728K
  class space    used 6448K, capacity 6998K, committed 7040K, reserved 1048576K
2023-10-03T01:14:46.590+0800: 486.295: [GC (Allocation Failure) [PSYoungGen: 127392K->320K(127488K)] 175405K->48413K(261632K), 0.0057802 secs] [Times: user=0.03 sys=0.00, real=0.01 secs] 
Heap after GC invocations=458 (full 0):
 PSYoungGen      total 127488K, used 320K [0x00000000f8300000, 0x0000000100000000, 0x0000000100000000)
  eden space 126976K, 0% used [0x00000000f8300000,0x00000000f8300000,0x00000000fff00000)
  from space 512K, 62% used [0x00000000fff80000,0x00000000fffd0000,0x0000000100000000)
  to   space 512K, 0% used [0x00000000fff00000,0x00000000fff00000,0x00000000fff80000)
 ParOldGen       total 134144K, used 48093K [0x00000000f0000000, 0x00000000f8300000, 0x00000000f8300000)
  object space 134144K, 35% used [0x00000000f0000000,0x00000000f2ef7618,0x00000000f8300000)
 Metaspace       used 52807K, capacity 55956K, committed 56192K, reserved 1097728K
  class space    used 6448K, capacity 6998K, committed 7040K, reserved 1048576K
}
{Heap before GC invocations=459 (full 0):
 PSYoungGen      total 127488K, used 127296K [0x00000000f8300000, 0x0000000100000000, 0x0000000100000000)
  eden space 126976K, 100% used [0x00000000f8300000,0x00000000fff00000,0x00000000fff00000)
  from space 512K, 62% used [0x00000000fff80000,0x00000000fffd0000,0x0000000100000000)
  to   space 512K, 0% used [0x00000000fff00000,0x00000000fff00000,0x00000000fff80000)
 ParOldGen       total 134144K, used 48093K [0x00000000f0000000, 0x00000000f8300000, 0x00000000f8300000)
  object space 134144K, 35% used [0x00000000f0000000,0x00000000f2ef7618,0x00000000f8300000)
 Metaspace       used 52807K, capacity 55956K, committed 56192K, reserved 1097728K
  class space    used 6448K, capacity 6998K, committed 7040K, reserved 1048576K
2023-10-03T01:14:47.237+0800: 486.942: [GC (Allocation Failure) [PSYoungGen: 127296K->416K(127488K)] 175389K->48565K(261632K), 0.0062524 secs] [Times: user=0.03 sys=0.00, real=0.01 secs] 
Heap after GC invocations=459 (full 0):
 PSYoungGen      total 127488K, used 416K [0x00000000f8300000, 0x0000000100000000, 0x0000000100000000)
  eden space 126976K, 0% used [0x00000000f8300000,0x00000000f8300000,0x00000000fff00000)
  from space 512K, 81% used [0x00000000fff00000,0x00000000fff68000,0x00000000fff80000)
  to   space 512K, 0% used [0x00000000fff80000,0x00000000fff80000,0x0000000100000000)
 ParOldGen       total 134144K, used 48149K [0x00000000f0000000, 0x00000000f8300000, 0x00000000f8300000)
  object space 134144K, 35% used [0x00000000f0000000,0x00000000f2f05618,0x00000000f8300000)
 Metaspace       used 52807K, capacity 55956K, committed 56192K, reserved 1097728K
  class space    used 6448K, capacity 6998K, committed 7040K, reserved 1048576K
}
{Heap before GC invocations=460 (full 0):
 PSYoungGen      total 127488K, used 127392K [0x00000000f8300000, 0x0000000100000000, 0x0000000100000000)
  eden space 126976K, 100% used [0x00000000f8300000,0x00000000fff00000,0x00000000fff00000)
  from space 512K, 81% used [0x00000000fff00000,0x00000000fff68000,0x00000000fff80000)
  to   space 512K, 0% used [0x00000000fff80000,0x00000000fff80000,0x0000000100000000)
 ParOldGen       total 134144K, used 48149K [0x00000000f0000000, 0x00000000f8300000, 0x00000000f8300000)
  object space 134144K, 35% used [0x00000000f0000000,0x00000000f2f05618,0x00000000f8300000)
 Metaspace       used 52807K, capacity 55956K, committed 56192K, reserved 1097728K
  class space    used 6448K, capacity 6998K, committed 7040K, reserved 1048576K
2023-10-03T01:14:47.875+0800: 487.580: [GC (Allocation Failure) [PSYoungGen: 127392K->352K(127488K)] 175541K->48581K(261632K), 0.0062498 secs] [Times: user=0.02 sys=0.01, real=0.00 secs] 
Heap after GC invocations=460 (full 0):
 PSYoungGen      total 127488K, used 352K [0x00000000f8300000, 0x0000000100000000, 0x0000000100000000)
  eden space 126976K, 0% used [0x00000000f8300000,0x00000000f8300000,0x00000000fff00000)
  from space 512K, 68% used [0x00000000fff80000,0x00000000fffd8000,0x0000000100000000)
  to   space 512K, 0% used [0x00000000fff00000,0x00000000fff00000,0x00000000fff80000)
 ParOldGen       total 134144K, used 48229K [0x00000000f0000000, 0x00000000f8300000, 0x00000000f8300000)
  object space 134144K, 35% used [0x00000000f0000000,0x00000000f2f19618,0x00000000f8300000)
 Metaspace       used 52807K, capacity 55956K, committed 56192K, reserved 1097728K
  class space    used 6448K, capacity 6998K, committed 7040K, reserved 1048576K
}
{Heap before GC invocations=461 (full 0):
 PSYoungGen      total 127488K, used 127328K [0x00000000f8300000, 0x0000000100000000, 0x0000000100000000)
  eden space 126976K, 100% used [0x00000000f8300000,0x00000000fff00000,0x00000000fff00000)
  from space 512K, 68% used [0x00000000fff80000,0x00000000fffd8000,0x0000000100000000)
  to   space 512K, 0% used [0x00000000fff00000,0x00000000fff00000,0x00000000fff80000)
 ParOldGen       total 134144K, used 48229K [0x00000000f0000000, 0x00000000f8300000, 0x00000000f8300000)
  object space 134144K, 35% used [0x00000000f0000000,0x00000000f2f19618,0x00000000f8300000)
 Metaspace       used 52808K, capacity 55956K, committed 56192K, reserved 1097728K
  class space    used 6448K, capacity 6998K, committed 7040K, reserved 1048576K
2023-10-03T01:14:48.520+0800: 488.225: [GC (Allocation Failure) [PSYoungGen: 127328K->352K(127488K)] 175557K->48653K(261632K), 0.0061636 secs] [Times: user=0.03 sys=0.00, real=0.01 secs] 
Heap after GC invocations=461 (full 0):
 PSYoungGen      total 127488K, used 352K [0x00000000f8300000, 0x0000000100000000, 0x0000000100000000)
  eden space 126976K, 0% used [0x00000000f8300000,0x00000000f8300000,0x00000000fff00000)
  from space 512K, 68% used [0x00000000fff00000,0x00000000fff58000,0x00000000fff80000)
  to   space 512K, 0% used [0x00000000fff80000,0x00000000fff80000,0x0000000100000000)
 ParOldGen       total 134144K, used 48301K [0x00000000f0000000, 0x00000000f8300000, 0x00000000f8300000)
  object space 134144K, 36% used [0x00000000f0000000,0x00000000f2f2b618,0x00000000f8300000)
 Metaspace       used 52808K, capacity 55956K, committed 56192K, reserved 1097728K
  class space    used 6448K, capacity 6998K, committed 7040K, reserved 1048576K
}
{Heap before GC invocations=462 (full 0):
 PSYoungGen      total 127488K, used 127328K [0x00000000f8300000, 0x0000000100000000, 0x0000000100000000)
  eden space 126976K, 100% used [0x00000000f8300000,0x00000000fff00000,0x00000000fff00000)
  from space 512K, 68% used [0x00000000fff00000,0x00000000fff58000,0x00000000fff80000)
  to   space 512K, 0% used [0x00000000fff80000,0x00000000fff80000,0x0000000100000000)
 ParOldGen       total 134144K, used 48301K [0x00000000f0000000, 0x00000000f8300000, 0x00000000f8300000)
  object space 134144K, 36% used [0x00000000f0000000,0x00000000f2f2b618,0x00000000f8300000)
 Metaspace       used 52808K, capacity 55956K, committed 56192K, reserved 1097728K
  class space    used 6448K, capacity 6998K, committed 7040K, reserved 1048576K
2023-10-03T01:14:49.163+0800: 488.868: [GC (Allocation Failure) [PSYoungGen: 127328K->352K(127488K)] 175629K->48709K(261632K), 0.0066365 secs] [Times: user=0.03 sys=0.00, real=0.00 secs] 
Heap after GC invocations=462 (full 0):
 PSYoungGen      total 127488K, used 352K [0x00000000f8300000, 0x0000000100000000, 0x0000000100000000)
  eden space 126976K, 0% used [0x00000000f8300000,0x00000000f8300000,0x00000000fff00000)
  from space 512K, 68% used [0x00000000fff80000,0x00000000fffd8000,0x0000000100000000)
  to   space 512K, 0% used [0x00000000fff00000,0x00000000fff00000,0x00000000fff80000)
 ParOldGen       total 134144K, used 48357K [0x00000000f0000000, 0x00000000f8300000, 0x00000000f8300000)
  object space 134144K, 36% used [0x00000000f0000000,0x00000000f2f39618,0x00000000f8300000)
 Metaspace       used 52808K, capacity 55956K, committed 56192K, reserved 1097728K
  class space    used 6448K, capacity 6998K, committed 7040K, reserved 1048576K
}
{Heap before GC invocations=463 (full 0):
 PSYoungGen      total 127488K, used 127328K [0x00000000f8300000, 0x0000000100000000, 0x0000000100000000)
  eden space 126976K, 100% used [0x00000000f8300000,0x00000000fff00000,0x00000000fff00000)
  from space 512K, 68% used [0x00000000fff80000,0x00000000fffd8000,0x0000000100000000)
  to   space 512K, 0% used [0x00000000fff00000,0x00000000fff00000,0x00000000fff80000)
 ParOldGen       total 134144K, used 48357K [0x00000000f0000000, 0x00000000f8300000, 0x00000000f8300000)
  object space 134144K, 36% used [0x00000000f0000000,0x00000000f2f39618,0x00000000f8300000)
 Metaspace       used 52808K, capacity 55956K, committed 56192K, reserved 1097728K
  class space    used 6448K, capacity 6998K, committed 7040K, reserved 1048576K
2023-10-03T01:14:49.802+0800: 489.507: [GC (Allocation Failure) [PSYoungGen: 127328K->352K(127488K)] 175685K->48789K(261632K), 0.0064639 secs] [Times: user=0.03 sys=0.00, real=0.00 secs] 
Heap after GC invocations=463 (full 0):
 PSYoungGen      total 127488K, used 352K [0x00000000f8300000, 0x0000000100000000, 0x0000000100000000)
  eden space 126976K, 0% used [0x00000000f8300000,0x00000000f8300000,0x00000000fff00000)
  from space 512K, 68% used [0x00000000fff00000,0x00000000fff58000,0x00000000fff80000)
  to   space 512K, 0% used [0x00000000fff80000,0x00000000fff80000,0x0000000100000000)
 ParOldGen       total 134144K, used 48437K [0x00000000f0000000, 0x00000000f8300000, 0x00000000f8300000)
  object space 134144K, 36% used [0x00000000f0000000,0x00000000f2f4d618,0x00000000f8300000)
 Metaspace       used 52808K, capacity 55956K, committed 56192K, reserved 1097728K
  class space    used 6448K, capacity 6998K, committed 7040K, reserved 1048576K
}
{Heap before GC invocations=464 (full 0):
 PSYoungGen      total 127488K, used 127328K [0x00000000f8300000, 0x0000000100000000, 0x0000000100000000)
  eden space 126976K, 100% used [0x00000000f8300000,0x00000000fff00000,0x00000000fff00000)
  from space 512K, 68% used [0x00000000fff00000,0x00000000fff58000,0x00000000fff80000)
  to   space 512K, 0% used [0x00000000fff80000,0x00000000fff80000,0x0000000100000000)
 ParOldGen       total 134144K, used 48437K [0x00000000f0000000, 0x00000000f8300000, 0x00000000f8300000)
  object space 134144K, 36% used [0x00000000f0000000,0x00000000f2f4d618,0x00000000f8300000)
 Metaspace       used 52808K, capacity 55956K, committed 56192K, reserved 1097728K
  class space    used 6448K, capacity 6998K, committed 7040K, reserved 1048576K
2023-10-03T01:14:50.448+0800: 490.153: [GC (Allocation Failure) [PSYoungGen: 127328K->384K(127488K)] 175765K->48893K(261632K), 0.0062569 secs] [Times: user=0.03 sys=0.01, real=0.01 secs] 
Heap after GC invocations=464 (full 0):
 PSYoungGen      total 127488K, used 384K [0x00000000f8300000, 0x0000000100000000, 0x0000000100000000)
  eden space 126976K, 0% used [0x00000000f8300000,0x00000000f8300000,0x00000000fff00000)
  from space 512K, 75% used [0x00000000fff80000,0x00000000fffe0000,0x0000000100000000)
  to   space 512K, 0% used [0x00000000fff00000,0x00000000fff00000,0x00000000fff80000)
 ParOldGen       total 134144K, used 48509K [0x00000000f0000000, 0x00000000f8300000, 0x00000000f8300000)
  object space 134144K, 36% used [0x00000000f0000000,0x00000000f2f5f618,0x00000000f8300000)
 Metaspace       used 52808K, capacity 55956K, committed 56192K, reserved 1097728K
  class space    used 6448K, capacity 6998K, committed 7040K, reserved 1048576K
}
{Heap before GC invocations=465 (full 0):
 PSYoungGen      total 127488K, used 127360K [0x00000000f8300000, 0x0000000100000000, 0x0000000100000000)
  eden space 126976K, 100% used [0x00000000f8300000,0x00000000fff00000,0x00000000fff00000)
  from space 512K, 75% used [0x00000000fff80000,0x00000000fffe0000,0x0000000100000000)
  to   space 512K, 0% used [0x00000000fff00000,0x00000000fff00000,0x00000000fff80000)
 ParOldGen       total 134144K, used 48509K [0x00000000f0000000, 0x00000000f8300000, 0x00000000f8300000)
  object space 134144K, 36% used [0x00000000f0000000,0x00000000f2f5f618,0x00000000f8300000)
 Metaspace       used 52808K, capacity 55956K, committed 56192K, reserved 1097728K
  class space    used 6448K, capacity 6998K, committed 7040K, reserved 1048576K
2023-10-03T01:14:51.085+0800: 490.789: [GC (Allocation Failure) [PSYoungGen: 127360K->352K(127488K)] 175869K->48941K(261632K), 0.0061131 secs] [Times: user=0.02 sys=0.00, real=0.00 secs] 
Heap after GC invocations=465 (full 0):
 PSYoungGen      total 127488K, used 352K [0x00000000f8300000, 0x0000000100000000, 0x0000000100000000)
  eden space 126976K, 0% used [0x00000000f8300000,0x00000000f8300000,0x00000000fff00000)
  from space 512K, 68% used [0x00000000fff00000,0x00000000fff58000,0x00000000fff80000)
  to   space 512K, 0% used [0x00000000fff80000,0x00000000fff80000,0x0000000100000000)
 ParOldGen       total 134144K, used 48589K [0x00000000f0000000, 0x00000000f8300000, 0x00000000f8300000)
  object space 134144K, 36% used [0x00000000f0000000,0x00000000f2f73618,0x00000000f8300000)
 Metaspace       used 52808K, capacity 55956K, committed 56192K, reserved 1097728K
  class space    used 6448K, capacity 6998K, committed 7040K, reserved 1048576K
}
{Heap before GC invocations=466 (full 0):
 PSYoungGen      total 127488K, used 127328K [0x00000000f8300000, 0x0000000100000000, 0x0000000100000000)
  eden space 126976K, 100% used [0x00000000f8300000,0x00000000fff00000,0x00000000fff00000)
  from space 512K, 68% used [0x00000000fff00000,0x00000000fff58000,0x00000000fff80000)
  to   space 512K, 0% used [0x00000000fff80000,0x00000000fff80000,0x0000000100000000)
 ParOldGen       total 134144K, used 48589K [0x00000000f0000000, 0x00000000f8300000, 0x00000000f8300000)
  object space 134144K, 36% used [0x00000000f0000000,0x00000000f2f73618,0x00000000f8300000)
 Metaspace       used 52808K, capacity 55956K, committed 56192K, reserved 1097728K
  class space    used 6448K, capacity 6998K, committed 7040K, reserved 1048576K
2023-10-03T01:14:51.730+0800: 491.434: [GC (Allocation Failure) [PSYoungGen: 127328K->320K(127488K)] 175917K->48989K(261632K), 0.0062494 secs] [Times: user=0.03 sys=0.00, real=0.01 secs] 
Heap after GC invocations=466 (full 0):
 PSYoungGen      total 127488K, used 320K [0x00000000f8300000, 0x0000000100000000, 0x0000000100000000)
  eden space 126976K, 0% used [0x00000000f8300000,0x00000000f8300000,0x00000000fff00000)
  from space 512K, 62% used [0x00000000fff80000,0x00000000fffd0000,0x0000000100000000)
  to   space 512K, 0% used [0x00000000fff00000,0x00000000fff00000,0x00000000fff80000)
 ParOldGen       total 134144K, used 48669K [0x00000000f0000000, 0x00000000f8300000, 0x00000000f8300000)
  object space 134144K, 36% used [0x00000000f0000000,0x00000000f2f87618,0x00000000f8300000)
 Metaspace       used 52808K, capacity 55956K, committed 56192K, reserved 1097728K
  class space    used 6448K, capacity 6998K, committed 7040K, reserved 1048576K
}
{Heap before GC invocations=467 (full 0):
 PSYoungGen      total 127488K, used 127296K [0x00000000f8300000, 0x0000000100000000, 0x0000000100000000)
  eden space 126976K, 100% used [0x00000000f8300000,0x00000000fff00000,0x00000000fff00000)
  from space 512K, 62% used [0x00000000fff80000,0x00000000fffd0000,0x0000000100000000)
  to   space 512K, 0% used [0x00000000fff00000,0x00000000fff00000,0x00000000fff80000)
 ParOldGen       total 134144K, used 48669K [0x00000000f0000000, 0x00000000f8300000, 0x00000000f8300000)
  object space 134144K, 36% used [0x00000000f0000000,0x00000000f2f87618,0x00000000f8300000)
 Metaspace       used 52808K, capacity 55956K, committed 56192K, reserved 1097728K
  class space    used 6448K, capacity 6998K, committed 7040K, reserved 1048576K
2023-10-03T01:14:52.378+0800: 492.083: [GC (Allocation Failure) [PSYoungGen: 127296K->352K(127488K)] 175965K->49101K(261632K), 0.0060225 secs] [Times: user=0.03 sys=0.01, real=0.01 secs] 
Heap after GC invocations=467 (full 0):
 PSYoungGen      total 127488K, used 352K [0x00000000f8300000, 0x0000000100000000, 0x0000000100000000)
  eden space 126976K, 0% used [0x00000000f8300000,0x00000000f8300000,0x00000000fff00000)
  from space 512K, 68% used [0x00000000fff00000,0x00000000fff58000,0x00000000fff80000)
  to   space 512K, 0% used [0x00000000fff80000,0x00000000fff80000,0x0000000100000000)
 ParOldGen       total 134144K, used 48749K [0x00000000f0000000, 0x00000000f8300000, 0x00000000f8300000)
  object space 134144K, 36% used [0x00000000f0000000,0x00000000f2f9b618,0x00000000f8300000)
 Metaspace       used 52808K, capacity 55956K, committed 56192K, reserved 1097728K
  class space    used 6448K, capacity 6998K, committed 7040K, reserved 1048576K
}
{Heap before GC invocations=468 (full 0):
 PSYoungGen      total 127488K, used 127328K [0x00000000f8300000, 0x0000000100000000, 0x0000000100000000)
  eden space 126976K, 100% used [0x00000000f8300000,0x00000000fff00000,0x00000000fff00000)
  from space 512K, 68% used [0x00000000fff00000,0x00000000fff58000,0x00000000fff80000)
  to   space 512K, 0% used [0x00000000fff80000,0x00000000fff80000,0x0000000100000000)
 ParOldGen       total 134144K, used 48749K [0x00000000f0000000, 0x00000000f8300000, 0x00000000f8300000)
  object space 134144K, 36% used [0x00000000f0000000,0x00000000f2f9b618,0x00000000f8300000)
 Metaspace       used 52808K, capacity 55956K, committed 56192K, reserved 1097728K
  class space    used 6448K, capacity 6998K, committed 7040K, reserved 1048576K
2023-10-03T01:14:53.009+0800: 492.714: [GC (Allocation Failure) [PSYoungGen: 127328K->320K(127488K)] 176077K->49157K(261632K), 0.0062010 secs] [Times: user=0.03 sys=0.00, real=0.01 secs] 
Heap after GC invocations=468 (full 0):
 PSYoungGen      total 127488K, used 320K [0x00000000f8300000, 0x0000000100000000, 0x0000000100000000)
  eden space 126976K, 0% used [0x00000000f8300000,0x00000000f8300000,0x00000000fff00000)
  from space 512K, 62% used [0x00000000fff80000,0x00000000fffd0000,0x0000000100000000)
  to   space 512K, 0% used [0x00000000fff00000,0x00000000fff00000,0x00000000fff80000)
 ParOldGen       total 134144K, used 48837K [0x00000000f0000000, 0x00000000f8300000, 0x00000000f8300000)
  object space 134144K, 36% used [0x00000000f0000000,0x00000000f2fb1618,0x00000000f8300000)
 Metaspace       used 52808K, capacity 55956K, committed 56192K, reserved 1097728K
  class space    used 6448K, capacity 6998K, committed 7040K, reserved 1048576K
}
{Heap before GC invocations=469 (full 0):
 PSYoungGen      total 127488K, used 127296K [0x00000000f8300000, 0x0000000100000000, 0x0000000100000000)
  eden space 126976K, 100% used [0x00000000f8300000,0x00000000fff00000,0x00000000fff00000)
  from space 512K, 62% used [0x00000000fff80000,0x00000000fffd0000,0x0000000100000000)
  to   space 512K, 0% used [0x00000000fff00000,0x00000000fff00000,0x00000000fff80000)
 ParOldGen       total 134144K, used 48837K [0x00000000f0000000, 0x00000000f8300000, 0x00000000f8300000)
  object space 134144K, 36% used [0x00000000f0000000,0x00000000f2fb1618,0x00000000f8300000)
 Metaspace       used 52808K, capacity 55956K, committed 56192K, reserved 1097728K
  class space    used 6448K, capacity 6998K, committed 7040K, reserved 1048576K
2023-10-03T01:14:53.633+0800: 493.338: [GC (Allocation Failure) [PSYoungGen: 127296K->352K(127488K)] 176133K->49253K(261632K), 0.0080265 secs] [Times: user=0.03 sys=0.00, real=0.01 secs] 
Heap after GC invocations=469 (full 0):
 PSYoungGen      total 127488K, used 352K [0x00000000f8300000, 0x0000000100000000, 0x0000000100000000)
  eden space 126976K, 0% used [0x00000000f8300000,0x00000000f8300000,0x00000000fff00000)
  from space 512K, 68% used [0x00000000fff00000,0x00000000fff58000,0x00000000fff80000)
  to   space 512K, 0% used [0x00000000fff80000,0x00000000fff80000,0x0000000100000000)
 ParOldGen       total 134144K, used 48901K [0x00000000f0000000, 0x00000000f8300000, 0x00000000f8300000)
  object space 134144K, 36% used [0x00000000f0000000,0x00000000f2fc1618,0x00000000f8300000)
 Metaspace       used 52808K, capacity 55956K, committed 56192K, reserved 1097728K
  class space    used 6448K, capacity 6998K, committed 7040K, reserved 1048576K
}
{Heap before GC invocations=470 (full 0):
 PSYoungGen      total 127488K, used 127328K [0x00000000f8300000, 0x0000000100000000, 0x0000000100000000)
  eden space 126976K, 100% used [0x00000000f8300000,0x00000000fff00000,0x00000000fff00000)
  from space 512K, 68% used [0x00000000fff00000,0x00000000fff58000,0x00000000fff80000)
  to   space 512K, 0% used [0x00000000fff80000,0x00000000fff80000,0x0000000100000000)
 ParOldGen       total 134144K, used 48901K [0x00000000f0000000, 0x00000000f8300000, 0x00000000f8300000)
  object space 134144K, 36% used [0x00000000f0000000,0x00000000f2fc1618,0x00000000f8300000)
 Metaspace       used 52808K, capacity 55956K, committed 56192K, reserved 1097728K
  class space    used 6448K, capacity 6998K, committed 7040K, reserved 1048576K
2023-10-03T01:14:54.283+0800: 493.987: [GC (Allocation Failure) [PSYoungGen: 127328K->352K(127488K)] 176229K->49325K(261632K), 0.0057917 secs] [Times: user=0.03 sys=0.00, real=0.00 secs] 
Heap after GC invocations=470 (full 0):
 PSYoungGen      total 127488K, used 352K [0x00000000f8300000, 0x0000000100000000, 0x0000000100000000)
  eden space 126976K, 0% used [0x00000000f8300000,0x00000000f8300000,0x00000000fff00000)
  from space 512K, 68% used [0x00000000fff80000,0x00000000fffd8000,0x0000000100000000)
  to   space 512K, 0% used [0x00000000fff00000,0x00000000fff00000,0x00000000fff80000)
 ParOldGen       total 134144K, used 48973K [0x00000000f0000000, 0x00000000f8300000, 0x00000000f8300000)
  object space 134144K, 36% used [0x00000000f0000000,0x00000000f2fd3618,0x00000000f8300000)
 Metaspace       used 52808K, capacity 55956K, committed 56192K, reserved 1097728K
  class space    used 6448K, capacity 6998K, committed 7040K, reserved 1048576K
}
{Heap before GC invocations=471 (full 0):
 PSYoungGen      total 127488K, used 127328K [0x00000000f8300000, 0x0000000100000000, 0x0000000100000000)
  eden space 126976K, 100% used [0x00000000f8300000,0x00000000fff00000,0x00000000fff00000)
  from space 512K, 68% used [0x00000000fff80000,0x00000000fffd8000,0x0000000100000000)
  to   space 512K, 0% used [0x00000000fff00000,0x00000000fff00000,0x00000000fff80000)
 ParOldGen       total 134144K, used 48973K [0x00000000f0000000, 0x00000000f8300000, 0x00000000f8300000)
  object space 134144K, 36% used [0x00000000f0000000,0x00000000f2fd3618,0x00000000f8300000)
 Metaspace       used 52808K, capacity 55956K, committed 56192K, reserved 1097728K
  class space    used 6448K, capacity 6998K, committed 7040K, reserved 1048576K
2023-10-03T01:14:54.919+0800: 494.623: [GC (Allocation Failure) [PSYoungGen: 127328K->352K(127488K)] 176301K->49397K(261632K), 0.0059514 secs] [Times: user=0.03 sys=0.00, real=0.01 secs] 
Heap after GC invocations=471 (full 0):
 PSYoungGen      total 127488K, used 352K [0x00000000f8300000, 0x0000000100000000, 0x0000000100000000)
  eden space 126976K, 0% used [0x00000000f8300000,0x00000000f8300000,0x00000000fff00000)
  from space 512K, 68% used [0x00000000fff00000,0x00000000fff58000,0x00000000fff80000)
  to   space 512K, 0% used [0x00000000fff80000,0x00000000fff80000,0x0000000100000000)
 ParOldGen       total 134144K, used 49045K [0x00000000f0000000, 0x00000000f8300000, 0x00000000f8300000)
  object space 134144K, 36% used [0x00000000f0000000,0x00000000f2fe5618,0x00000000f8300000)
 Metaspace       used 52808K, capacity 55956K, committed 56192K, reserved 1097728K
  class space    used 6448K, capacity 6998K, committed 7040K, reserved 1048576K
}
{Heap before GC invocations=472 (full 0):
 PSYoungGen      total 127488K, used 127328K [0x00000000f8300000, 0x0000000100000000, 0x0000000100000000)
  eden space 126976K, 100% used [0x00000000f8300000,0x00000000fff00000,0x00000000fff00000)
  from space 512K, 68% used [0x00000000fff00000,0x00000000fff58000,0x00000000fff80000)
  to   space 512K, 0% used [0x00000000fff80000,0x00000000fff80000,0x0000000100000000)
 ParOldGen       total 134144K, used 49045K [0x00000000f0000000, 0x00000000f8300000, 0x00000000f8300000)
  object space 134144K, 36% used [0x00000000f0000000,0x00000000f2fe5618,0x00000000f8300000)
 Metaspace       used 52808K, capacity 55956K, committed 56192K, reserved 1097728K
  class space    used 6448K, capacity 6998K, committed 7040K, reserved 1048576K
2023-10-03T01:14:55.575+0800: 495.280: [GC (Allocation Failure) [PSYoungGen: 127328K->384K(127488K)] 176373K->49501K(261632K), 0.0060441 secs] [Times: user=0.02 sys=0.01, real=0.00 secs] 
Heap after GC invocations=472 (full 0):
 PSYoungGen      total 127488K, used 384K [0x00000000f8300000, 0x0000000100000000, 0x0000000100000000)
  eden space 126976K, 0% used [0x00000000f8300000,0x00000000f8300000,0x00000000fff00000)
  from space 512K, 75% used [0x00000000fff80000,0x00000000fffe0000,0x0000000100000000)
  to   space 512K, 0% used [0x00000000fff00000,0x00000000fff00000,0x00000000fff80000)
 ParOldGen       total 134144K, used 49117K [0x00000000f0000000, 0x00000000f8300000, 0x00000000f8300000)
  object space 134144K, 36% used [0x00000000f0000000,0x00000000f2ff7618,0x00000000f8300000)
 Metaspace       used 52808K, capacity 55956K, committed 56192K, reserved 1097728K
  class space    used 6448K, capacity 6998K, committed 7040K, reserved 1048576K
}
{Heap before GC invocations=473 (full 0):
 PSYoungGen      total 127488K, used 127360K [0x00000000f8300000, 0x0000000100000000, 0x0000000100000000)
  eden space 126976K, 100% used [0x00000000f8300000,0x00000000fff00000,0x00000000fff00000)
  from space 512K, 75% used [0x00000000fff80000,0x00000000fffe0000,0x0000000100000000)
  to   space 512K, 0% used [0x00000000fff00000,0x00000000fff00000,0x00000000fff80000)
 ParOldGen       total 134144K, used 49117K [0x00000000f0000000, 0x00000000f8300000, 0x00000000f8300000)
  object space 134144K, 36% used [0x00000000f0000000,0x00000000f2ff7618,0x00000000f8300000)
 Metaspace       used 52808K, capacity 55956K, committed 56192K, reserved 1097728K
  class space    used 6448K, capacity 6998K, committed 7040K, reserved 1048576K
2023-10-03T01:14:56.226+0800: 495.931: [GC (Allocation Failure) [PSYoungGen: 127360K->384K(127488K)] 176477K->49573K(261632K), 0.0068725 secs] [Times: user=0.03 sys=0.01, real=0.01 secs] 
Heap after GC invocations=473 (full 0):
 PSYoungGen      total 127488K, used 384K [0x00000000f8300000, 0x0000000100000000, 0x0000000100000000)
  eden space 126976K, 0% used [0x00000000f8300000,0x00000000f8300000,0x00000000fff00000)
  from space 512K, 75% used [0x00000000fff00000,0x00000000fff60000,0x00000000fff80000)
  to   space 512K, 0% used [0x00000000fff80000,0x00000000fff80000,0x0000000100000000)
 ParOldGen       total 134144K, used 49189K [0x00000000f0000000, 0x00000000f8300000, 0x00000000f8300000)
  object space 134144K, 36% used [0x00000000f0000000,0x00000000f3009618,0x00000000f8300000)
 Metaspace       used 52808K, capacity 55956K, committed 56192K, reserved 1097728K
  class space    used 6448K, capacity 6998K, committed 7040K, reserved 1048576K
}
{Heap before GC invocations=474 (full 0):
 PSYoungGen      total 127488K, used 127360K [0x00000000f8300000, 0x0000000100000000, 0x0000000100000000)
  eden space 126976K, 100% used [0x00000000f8300000,0x00000000fff00000,0x00000000fff00000)
  from space 512K, 75% used [0x00000000fff00000,0x00000000fff60000,0x00000000fff80000)
  to   space 512K, 0% used [0x00000000fff80000,0x00000000fff80000,0x0000000100000000)
 ParOldGen       total 134144K, used 49189K [0x00000000f0000000, 0x00000000f8300000, 0x00000000f8300000)
  object space 134144K, 36% used [0x00000000f0000000,0x00000000f3009618,0x00000000f8300000)
 Metaspace       used 52808K, capacity 55956K, committed 56192K, reserved 1097728K
  class space    used 6448K, capacity 6998K, committed 7040K, reserved 1048576K
2023-10-03T01:14:56.862+0800: 496.566: [GC (Allocation Failure) [PSYoungGen: 127360K->320K(127488K)] 176549K->49589K(261632K), 0.0060644 secs] [Times: user=0.02 sys=0.01, real=0.00 secs] 
Heap after GC invocations=474 (full 0):
 PSYoungGen      total 127488K, used 320K [0x00000000f8300000, 0x0000000100000000, 0x0000000100000000)
  eden space 126976K, 0% used [0x00000000f8300000,0x00000000f8300000,0x00000000fff00000)
  from space 512K, 62% used [0x00000000fff80000,0x00000000fffd0000,0x0000000100000000)
  to   space 512K, 0% used [0x00000000fff00000,0x00000000fff00000,0x00000000fff80000)
 ParOldGen       total 134144K, used 49269K [0x00000000f0000000, 0x00000000f8300000, 0x00000000f8300000)
  object space 134144K, 36% used [0x00000000f0000000,0x00000000f301d618,0x00000000f8300000)
 Metaspace       used 52808K, capacity 55956K, committed 56192K, reserved 1097728K
  class space    used 6448K, capacity 6998K, committed 7040K, reserved 1048576K
}
{Heap before GC invocations=475 (full 0):
 PSYoungGen      total 127488K, used 127296K [0x00000000f8300000, 0x0000000100000000, 0x0000000100000000)
  eden space 126976K, 100% used [0x00000000f8300000,0x00000000fff00000,0x00000000fff00000)
  from space 512K, 62% used [0x00000000fff80000,0x00000000fffd0000,0x0000000100000000)
  to   space 512K, 0% used [0x00000000fff00000,0x00000000fff00000,0x00000000fff80000)
 ParOldGen       total 134144K, used 49269K [0x00000000f0000000, 0x00000000f8300000, 0x00000000f8300000)
  object space 134144K, 36% used [0x00000000f0000000,0x00000000f301d618,0x00000000f8300000)
 Metaspace       used 52808K, capacity 55956K, committed 56192K, reserved 1097728K
  class space    used 6448K, capacity 6998K, committed 7040K, reserved 1048576K
2023-10-03T01:14:57.509+0800: 497.213: [GC (Allocation Failure) [PSYoungGen: 127296K->352K(127488K)] 176565K->49693K(261632K), 0.0060489 secs] [Times: user=0.03 sys=0.00, real=0.01 secs] 
Heap after GC invocations=475 (full 0):
 PSYoungGen      total 127488K, used 352K [0x00000000f8300000, 0x0000000100000000, 0x0000000100000000)
  eden space 126976K, 0% used [0x00000000f8300000,0x00000000f8300000,0x00000000fff00000)
  from space 512K, 68% used [0x00000000fff00000,0x00000000fff58000,0x00000000fff80000)
  to   space 512K, 0% used [0x00000000fff80000,0x00000000fff80000,0x0000000100000000)
 ParOldGen       total 134144K, used 49341K [0x00000000f0000000, 0x00000000f8300000, 0x00000000f8300000)
  object space 134144K, 36% used [0x00000000f0000000,0x00000000f302f618,0x00000000f8300000)
 Metaspace       used 52808K, capacity 55956K, committed 56192K, reserved 1097728K
  class space    used 6448K, capacity 6998K, committed 7040K, reserved 1048576K
}
{Heap before GC invocations=476 (full 0):
 PSYoungGen      total 127488K, used 127328K [0x00000000f8300000, 0x0000000100000000, 0x0000000100000000)
  eden space 126976K, 100% used [0x00000000f8300000,0x00000000fff00000,0x00000000fff00000)
  from space 512K, 68% used [0x00000000fff00000,0x00000000fff58000,0x00000000fff80000)
  to   space 512K, 0% used [0x00000000fff80000,0x00000000fff80000,0x0000000100000000)
 ParOldGen       total 134144K, used 49341K [0x00000000f0000000, 0x00000000f8300000, 0x00000000f8300000)
  object space 134144K, 36% used [0x00000000f0000000,0x00000000f302f618,0x00000000f8300000)
 Metaspace       used 52809K, capacity 55956K, committed 56192K, reserved 1097728K
  class space    used 6448K, capacity 6998K, committed 7040K, reserved 1048576K
2023-10-03T01:14:58.140+0800: 497.845: [GC (Allocation Failure) [PSYoungGen: 127328K->384K(127488K)] 176669K->49797K(261632K), 0.0075121 secs] [Times: user=0.03 sys=0.00, real=0.01 secs] 
Heap after GC invocations=476 (full 0):
 PSYoungGen      total 127488K, used 384K [0x00000000f8300000, 0x0000000100000000, 0x0000000100000000)
  eden space 126976K, 0% used [0x00000000f8300000,0x00000000f8300000,0x00000000fff00000)
  from space 512K, 75% used [0x00000000fff80000,0x00000000fffe0000,0x0000000100000000)
  to   space 512K, 0% used [0x00000000fff00000,0x00000000fff00000,0x00000000fff80000)
 ParOldGen       total 134144K, used 49413K [0x00000000f0000000, 0x00000000f8300000, 0x00000000f8300000)
  object space 134144K, 36% used [0x00000000f0000000,0x00000000f3041618,0x00000000f8300000)
 Metaspace       used 52809K, capacity 55956K, committed 56192K, reserved 1097728K
  class space    used 6448K, capacity 6998K, committed 7040K, reserved 1048576K
}
{Heap before GC invocations=477 (full 0):
 PSYoungGen      total 127488K, used 127360K [0x00000000f8300000, 0x0000000100000000, 0x0000000100000000)
  eden space 126976K, 100% used [0x00000000f8300000,0x00000000fff00000,0x00000000fff00000)
  from space 512K, 75% used [0x00000000fff80000,0x00000000fffe0000,0x0000000100000000)
  to   space 512K, 0% used [0x00000000fff00000,0x00000000fff00000,0x00000000fff80000)
 ParOldGen       total 134144K, used 49413K [0x00000000f0000000, 0x00000000f8300000, 0x00000000f8300000)
  object space 134144K, 36% used [0x00000000f0000000,0x00000000f3041618,0x00000000f8300000)
 Metaspace       used 52809K, capacity 55956K, committed 56192K, reserved 1097728K
  class space    used 6448K, capacity 6998K, committed 7040K, reserved 1048576K
2023-10-03T01:14:58.787+0800: 498.491: [GC (Allocation Failure) [PSYoungGen: 127360K->320K(127488K)] 176773K->49821K(261632K), 0.0065450 secs] [Times: user=0.03 sys=0.00, real=0.01 secs] 
Heap after GC invocations=477 (full 0):
 PSYoungGen      total 127488K, used 320K [0x00000000f8300000, 0x0000000100000000, 0x0000000100000000)
  eden space 126976K, 0% used [0x00000000f8300000,0x00000000f8300000,0x00000000fff00000)
  from space 512K, 62% used [0x00000000fff00000,0x00000000fff50000,0x00000000fff80000)
  to   space 512K, 0% used [0x00000000fff80000,0x00000000fff80000,0x0000000100000000)
 ParOldGen       total 134144K, used 49501K [0x00000000f0000000, 0x00000000f8300000, 0x00000000f8300000)
  object space 134144K, 36% used [0x00000000f0000000,0x00000000f3057618,0x00000000f8300000)
 Metaspace       used 52809K, capacity 55956K, committed 56192K, reserved 1097728K
  class space    used 6448K, capacity 6998K, committed 7040K, reserved 1048576K
}
{Heap before GC invocations=478 (full 0):
 PSYoungGen      total 127488K, used 127296K [0x00000000f8300000, 0x0000000100000000, 0x0000000100000000)
  eden space 126976K, 100% used [0x00000000f8300000,0x00000000fff00000,0x00000000fff00000)
  from space 512K, 62% used [0x00000000fff00000,0x00000000fff50000,0x00000000fff80000)
  to   space 512K, 0% used [0x00000000fff80000,0x00000000fff80000,0x0000000100000000)
 ParOldGen       total 134144K, used 49501K [0x00000000f0000000, 0x00000000f8300000, 0x00000000f8300000)
  object space 134144K, 36% used [0x00000000f0000000,0x00000000f3057618,0x00000000f8300000)
 Metaspace       used 52809K, capacity 55956K, committed 56192K, reserved 1097728K
  class space    used 6448K, capacity 6998K, committed 7040K, reserved 1048576K
2023-10-03T01:14:59.434+0800: 499.139: [GC (Allocation Failure) [PSYoungGen: 127296K->352K(127488K)] 176797K->49917K(261632K), 0.0062388 secs] [Times: user=0.03 sys=0.01, real=0.00 secs] 
Heap after GC invocations=478 (full 0):
 PSYoungGen      total 127488K, used 352K [0x00000000f8300000, 0x0000000100000000, 0x0000000100000000)
  eden space 126976K, 0% used [0x00000000f8300000,0x00000000f8300000,0x00000000fff00000)
  from space 512K, 68% used [0x00000000fff80000,0x00000000fffd8000,0x0000000100000000)
  to   space 512K, 0% used [0x00000000fff00000,0x00000000fff00000,0x00000000fff80000)
 ParOldGen       total 134144K, used 49565K [0x00000000f0000000, 0x00000000f8300000, 0x00000000f8300000)
  object space 134144K, 36% used [0x00000000f0000000,0x00000000f3067618,0x00000000f8300000)
 Metaspace       used 52809K, capacity 55956K, committed 56192K, reserved 1097728K
  class space    used 6448K, capacity 6998K, committed 7040K, reserved 1048576K
}
{Heap before GC invocations=479 (full 0):
 PSYoungGen      total 127488K, used 127328K [0x00000000f8300000, 0x0000000100000000, 0x0000000100000000)
  eden space 126976K, 100% used [0x00000000f8300000,0x00000000fff00000,0x00000000fff00000)
  from space 512K, 68% used [0x00000000fff80000,0x00000000fffd8000,0x0000000100000000)
  to   space 512K, 0% used [0x00000000fff00000,0x00000000fff00000,0x00000000fff80000)
 ParOldGen       total 134144K, used 49565K [0x00000000f0000000, 0x00000000f8300000, 0x00000000f8300000)
  object space 134144K, 36% used [0x00000000f0000000,0x00000000f3067618,0x00000000f8300000)
 Metaspace       used 52809K, capacity 55956K, committed 56192K, reserved 1097728K
  class space    used 6448K, capacity 6998K, committed 7040K, reserved 1048576K
2023-10-03T01:15:00.069+0800: 499.774: [GC (Allocation Failure) [PSYoungGen: 127328K->352K(127488K)] 176893K->49989K(261632K), 0.0063155 secs] [Times: user=0.03 sys=0.00, real=0.01 secs] 
Heap after GC invocations=479 (full 0):
 PSYoungGen      total 127488K, used 352K [0x00000000f8300000, 0x0000000100000000, 0x0000000100000000)
  eden space 126976K, 0% used [0x00000000f8300000,0x00000000f8300000,0x00000000fff00000)
  from space 512K, 68% used [0x00000000fff00000,0x00000000fff58000,0x00000000fff80000)
  to   space 512K, 0% used [0x00000000fff80000,0x00000000fff80000,0x0000000100000000)
 ParOldGen       total 134144K, used 49637K [0x00000000f0000000, 0x00000000f8300000, 0x00000000f8300000)
  object space 134144K, 37% used [0x00000000f0000000,0x00000000f3079618,0x00000000f8300000)
 Metaspace       used 52809K, capacity 55956K, committed 56192K, reserved 1097728K
  class space    used 6448K, capacity 6998K, committed 7040K, reserved 1048576K
}
{Heap before GC invocations=480 (full 0):
 PSYoungGen      total 127488K, used 127328K [0x00000000f8300000, 0x0000000100000000, 0x0000000100000000)
  eden space 126976K, 100% used [0x00000000f8300000,0x00000000fff00000,0x00000000fff00000)
  from space 512K, 68% used [0x00000000fff00000,0x00000000fff58000,0x00000000fff80000)
  to   space 512K, 0% used [0x00000000fff80000,0x00000000fff80000,0x0000000100000000)
 ParOldGen       total 134144K, used 49637K [0x00000000f0000000, 0x00000000f8300000, 0x00000000f8300000)
  object space 134144K, 37% used [0x00000000f0000000,0x00000000f3079618,0x00000000f8300000)
 Metaspace       used 52809K, capacity 55956K, committed 56192K, reserved 1097728K
  class space    used 6448K, capacity 6998K, committed 7040K, reserved 1048576K
2023-10-03T01:15:00.712+0800: 500.417: [GC (Allocation Failure) [PSYoungGen: 127328K->352K(127488K)] 176965K->50053K(261632K), 0.0071692 secs] [Times: user=0.03 sys=0.00, real=0.00 secs] 
Heap after GC invocations=480 (full 0):
 PSYoungGen      total 127488K, used 352K [0x00000000f8300000, 0x0000000100000000, 0x0000000100000000)
  eden space 126976K, 0% used [0x00000000f8300000,0x00000000f8300000,0x00000000fff00000)
  from space 512K, 68% used [0x00000000fff80000,0x00000000fffd8000,0x0000000100000000)
  to   space 512K, 0% used [0x00000000fff00000,0x00000000fff00000,0x00000000fff80000)
 ParOldGen       total 134144K, used 49701K [0x00000000f0000000, 0x00000000f8300000, 0x00000000f8300000)
  object space 134144K, 37% used [0x00000000f0000000,0x00000000f3089618,0x00000000f8300000)
 Metaspace       used 52809K, capacity 55956K, committed 56192K, reserved 1097728K
  class space    used 6448K, capacity 6998K, committed 7040K, reserved 1048576K
}
{Heap before GC invocations=481 (full 0):
 PSYoungGen      total 127488K, used 127328K [0x00000000f8300000, 0x0000000100000000, 0x0000000100000000)
  eden space 126976K, 100% used [0x00000000f8300000,0x00000000fff00000,0x00000000fff00000)
  from space 512K, 68% used [0x00000000fff80000,0x00000000fffd8000,0x0000000100000000)
  to   space 512K, 0% used [0x00000000fff00000,0x00000000fff00000,0x00000000fff80000)
 ParOldGen       total 134144K, used 49701K [0x00000000f0000000, 0x00000000f8300000, 0x00000000f8300000)
  object space 134144K, 37% used [0x00000000f0000000,0x00000000f3089618,0x00000000f8300000)
 Metaspace       used 52809K, capacity 55956K, committed 56192K, reserved 1097728K
  class space    used 6448K, capacity 6998K, committed 7040K, reserved 1048576K
2023-10-03T01:15:01.355+0800: 501.059: [GC (Allocation Failure) [PSYoungGen: 127328K->384K(127488K)] 177029K->50149K(261632K), 0.0059779 secs] [Times: user=0.02 sys=0.01, real=0.00 secs] 
Heap after GC invocations=481 (full 0):
 PSYoungGen      total 127488K, used 384K [0x00000000f8300000, 0x0000000100000000, 0x0000000100000000)
  eden space 126976K, 0% used [0x00000000f8300000,0x00000000f8300000,0x00000000fff00000)
  from space 512K, 75% used [0x00000000fff00000,0x00000000fff60000,0x00000000fff80000)
  to   space 512K, 0% used [0x00000000fff80000,0x00000000fff80000,0x0000000100000000)
 ParOldGen       total 134144K, used 49765K [0x00000000f0000000, 0x00000000f8300000, 0x00000000f8300000)
  object space 134144K, 37% used [0x00000000f0000000,0x00000000f3099618,0x00000000f8300000)
 Metaspace       used 52809K, capacity 55956K, committed 56192K, reserved 1097728K
  class space    used 6448K, capacity 6998K, committed 7040K, reserved 1048576K
}
{Heap before GC invocations=482 (full 0):
 PSYoungGen      total 127488K, used 127360K [0x00000000f8300000, 0x0000000100000000, 0x0000000100000000)
  eden space 126976K, 100% used [0x00000000f8300000,0x00000000fff00000,0x00000000fff00000)
  from space 512K, 75% used [0x00000000fff00000,0x00000000fff60000,0x00000000fff80000)
  to   space 512K, 0% used [0x00000000fff80000,0x00000000fff80000,0x0000000100000000)
 ParOldGen       total 134144K, used 49765K [0x00000000f0000000, 0x00000000f8300000, 0x00000000f8300000)
  object space 134144K, 37% used [0x00000000f0000000,0x00000000f3099618,0x00000000f8300000)
 Metaspace       used 52809K, capacity 55956K, committed 56192K, reserved 1097728K
  class space    used 6448K, capacity 6998K, committed 7040K, reserved 1048576K
2023-10-03T01:15:01.994+0800: 501.699: [GC (Allocation Failure) [PSYoungGen: 127360K->320K(127488K)] 177125K->50165K(261632K), 0.0063757 secs] [Times: user=0.03 sys=0.00, real=0.00 secs] 
Heap after GC invocations=482 (full 0):
 PSYoungGen      total 127488K, used 320K [0x00000000f8300000, 0x0000000100000000, 0x0000000100000000)
  eden space 126976K, 0% used [0x00000000f8300000,0x00000000f8300000,0x00000000fff00000)
  from space 512K, 62% used [0x00000000fff80000,0x00000000fffd0000,0x0000000100000000)
  to   space 512K, 0% used [0x00000000fff00000,0x00000000fff00000,0x00000000fff80000)
 ParOldGen       total 134144K, used 49845K [0x00000000f0000000, 0x00000000f8300000, 0x00000000f8300000)
  object space 134144K, 37% used [0x00000000f0000000,0x00000000f30ad618,0x00000000f8300000)
 Metaspace       used 52809K, capacity 55956K, committed 56192K, reserved 1097728K
  class space    used 6448K, capacity 6998K, committed 7040K, reserved 1048576K
}
{Heap before GC invocations=483 (full 0):
 PSYoungGen      total 127488K, used 127296K [0x00000000f8300000, 0x0000000100000000, 0x0000000100000000)
  eden space 126976K, 100% used [0x00000000f8300000,0x00000000fff00000,0x00000000fff00000)
  from space 512K, 62% used [0x00000000fff80000,0x00000000fffd0000,0x0000000100000000)
  to   space 512K, 0% used [0x00000000fff00000,0x00000000fff00000,0x00000000fff80000)
 ParOldGen       total 134144K, used 49845K [0x00000000f0000000, 0x00000000f8300000, 0x00000000f8300000)
  object space 134144K, 37% used [0x00000000f0000000,0x00000000f30ad618,0x00000000f8300000)
 Metaspace       used 52809K, capacity 55956K, committed 56192K, reserved 1097728K
  class space    used 6448K, capacity 6998K, committed 7040K, reserved 1048576K
2023-10-03T01:15:02.642+0800: 502.346: [GC (Allocation Failure) [PSYoungGen: 127296K->352K(127488K)] 177141K->50269K(261632K), 0.0061531 secs] [Times: user=0.02 sys=0.00, real=0.01 secs] 
Heap after GC invocations=483 (full 0):
 PSYoungGen      total 127488K, used 352K [0x00000000f8300000, 0x0000000100000000, 0x0000000100000000)
  eden space 126976K, 0% used [0x00000000f8300000,0x00000000f8300000,0x00000000fff00000)
  from space 512K, 68% used [0x00000000fff00000,0x00000000fff58000,0x00000000fff80000)
  to   space 512K, 0% used [0x00000000fff80000,0x00000000fff80000,0x0000000100000000)
 ParOldGen       total 134144K, used 49917K [0x00000000f0000000, 0x00000000f8300000, 0x00000000f8300000)
  object space 134144K, 37% used [0x00000000f0000000,0x00000000f30bf618,0x00000000f8300000)
 Metaspace       used 52809K, capacity 55956K, committed 56192K, reserved 1097728K
  class space    used 6448K, capacity 6998K, committed 7040K, reserved 1048576K
}
{Heap before GC invocations=484 (full 0):
 PSYoungGen      total 127488K, used 127328K [0x00000000f8300000, 0x0000000100000000, 0x0000000100000000)
  eden space 126976K, 100% used [0x00000000f8300000,0x00000000fff00000,0x00000000fff00000)
  from space 512K, 68% used [0x00000000fff00000,0x00000000fff58000,0x00000000fff80000)
  to   space 512K, 0% used [0x00000000fff80000,0x00000000fff80000,0x0000000100000000)
 ParOldGen       total 134144K, used 49917K [0x00000000f0000000, 0x00000000f8300000, 0x00000000f8300000)
  object space 134144K, 37% used [0x00000000f0000000,0x00000000f30bf618,0x00000000f8300000)
 Metaspace       used 52809K, capacity 55956K, committed 56192K, reserved 1097728K
  class space    used 6448K, capacity 6998K, committed 7040K, reserved 1048576K
2023-10-03T01:15:03.285+0800: 502.990: [GC (Allocation Failure) [PSYoungGen: 127328K->448K(127488K)] 177245K->50437K(261632K), 0.0062433 secs] [Times: user=0.03 sys=0.00, real=0.00 secs] 
Heap after GC invocations=484 (full 0):
 PSYoungGen      total 127488K, used 448K [0x00000000f8300000, 0x0000000100000000, 0x0000000100000000)
  eden space 126976K, 0% used [0x00000000f8300000,0x00000000f8300000,0x00000000fff00000)
  from space 512K, 87% used [0x00000000fff80000,0x00000000ffff0000,0x0000000100000000)
  to   space 512K, 0% used [0x00000000fff00000,0x00000000fff00000,0x00000000fff80000)
 ParOldGen       total 134144K, used 49989K [0x00000000f0000000, 0x00000000f8300000, 0x00000000f8300000)
  object space 134144K, 37% used [0x00000000f0000000,0x00000000f30d1618,0x00000000f8300000)
 Metaspace       used 52809K, capacity 55956K, committed 56192K, reserved 1097728K
  class space    used 6448K, capacity 6998K, committed 7040K, reserved 1048576K
}
{Heap before GC invocations=485 (full 0):
 PSYoungGen      total 127488K, used 127424K [0x00000000f8300000, 0x0000000100000000, 0x0000000100000000)
  eden space 126976K, 100% used [0x00000000f8300000,0x00000000fff00000,0x00000000fff00000)
  from space 512K, 87% used [0x00000000fff80000,0x00000000ffff0000,0x0000000100000000)
  to   space 512K, 0% used [0x00000000fff00000,0x00000000fff00000,0x00000000fff80000)
 ParOldGen       total 134144K, used 49989K [0x00000000f0000000, 0x00000000f8300000, 0x00000000f8300000)
  object space 134144K, 37% used [0x00000000f0000000,0x00000000f30d1618,0x00000000f8300000)
 Metaspace       used 52809K, capacity 55956K, committed 56192K, reserved 1097728K
  class space    used 6448K, capacity 6998K, committed 7040K, reserved 1048576K
2023-10-03T01:15:03.896+0800: 503.600: [GC (Allocation Failure) [PSYoungGen: 127424K->320K(127488K)] 177413K->50357K(261632K), 0.0062763 secs] [Times: user=0.03 sys=0.00, real=0.01 secs] 
Heap after GC invocations=485 (full 0):
 PSYoungGen      total 127488K, used 320K [0x00000000f8300000, 0x0000000100000000, 0x0000000100000000)
  eden space 126976K, 0% used [0x00000000f8300000,0x00000000f8300000,0x00000000fff00000)
  from space 512K, 62% used [0x00000000fff00000,0x00000000fff50000,0x00000000fff80000)
  to   space 512K, 0% used [0x00000000fff80000,0x00000000fff80000,0x0000000100000000)
 ParOldGen       total 134144K, used 50037K [0x00000000f0000000, 0x00000000f8300000, 0x00000000f8300000)
  object space 134144K, 37% used [0x00000000f0000000,0x00000000f30dd618,0x00000000f8300000)
 Metaspace       used 52809K, capacity 55956K, committed 56192K, reserved 1097728K
  class space    used 6448K, capacity 6998K, committed 7040K, reserved 1048576K
}
{Heap before GC invocations=486 (full 0):
 PSYoungGen      total 127488K, used 127296K [0x00000000f8300000, 0x0000000100000000, 0x0000000100000000)
  eden space 126976K, 100% used [0x00000000f8300000,0x00000000fff00000,0x00000000fff00000)
  from space 512K, 62% used [0x00000000fff00000,0x00000000fff50000,0x00000000fff80000)
  to   space 512K, 0% used [0x00000000fff80000,0x00000000fff80000,0x0000000100000000)
 ParOldGen       total 134144K, used 50037K [0x00000000f0000000, 0x00000000f8300000, 0x00000000f8300000)
  object space 134144K, 37% used [0x00000000f0000000,0x00000000f30dd618,0x00000000f8300000)
 Metaspace       used 52809K, capacity 55956K, committed 56192K, reserved 1097728K
  class space    used 6448K, capacity 6998K, committed 7040K, reserved 1048576K
2023-10-03T01:15:04.533+0800: 504.238: [GC (Allocation Failure) [PSYoungGen: 127296K->384K(127488K)] 177333K->50477K(261632K), 0.0064514 secs] [Times: user=0.03 sys=0.00, real=0.00 secs] 
Heap after GC invocations=486 (full 0):
 PSYoungGen      total 127488K, used 384K [0x00000000f8300000, 0x0000000100000000, 0x0000000100000000)
  eden space 126976K, 0% used [0x00000000f8300000,0x00000000f8300000,0x00000000fff00000)
  from space 512K, 75% used [0x00000000fff80000,0x00000000fffe0000,0x0000000100000000)
  to   space 512K, 0% used [0x00000000fff00000,0x00000000fff00000,0x00000000fff80000)
 ParOldGen       total 134144K, used 50093K [0x00000000f0000000, 0x00000000f8300000, 0x00000000f8300000)
  object space 134144K, 37% used [0x00000000f0000000,0x00000000f30eb618,0x00000000f8300000)
 Metaspace       used 52809K, capacity 55956K, committed 56192K, reserved 1097728K
  class space    used 6448K, capacity 6998K, committed 7040K, reserved 1048576K
}
{Heap before GC invocations=487 (full 0):
 PSYoungGen      total 127488K, used 127360K [0x00000000f8300000, 0x0000000100000000, 0x0000000100000000)
  eden space 126976K, 100% used [0x00000000f8300000,0x00000000fff00000,0x00000000fff00000)
  from space 512K, 75% used [0x00000000fff80000,0x00000000fffe0000,0x0000000100000000)
  to   space 512K, 0% used [0x00000000fff00000,0x00000000fff00000,0x00000000fff80000)
 ParOldGen       total 134144K, used 50093K [0x00000000f0000000, 0x00000000f8300000, 0x00000000f8300000)
  object space 134144K, 37% used [0x00000000f0000000,0x00000000f30eb618,0x00000000f8300000)
 Metaspace       used 52809K, capacity 55956K, committed 56192K, reserved 1097728K
  class space    used 6448K, capacity 6998K, committed 7040K, reserved 1048576K
2023-10-03T01:15:05.169+0800: 504.874: [GC (Allocation Failure) [PSYoungGen: 127360K->352K(127488K)] 177453K->50517K(261632K), 0.0062209 secs] [Times: user=0.03 sys=0.00, real=0.01 secs] 
Heap after GC invocations=487 (full 0):
 PSYoungGen      total 127488K, used 352K [0x00000000f8300000, 0x0000000100000000, 0x0000000100000000)
  eden space 126976K, 0% used [0x00000000f8300000,0x00000000f8300000,0x00000000fff00000)
  from space 512K, 68% used [0x00000000fff00000,0x00000000fff58000,0x00000000fff80000)
  to   space 512K, 0% used [0x00000000fff80000,0x00000000fff80000,0x0000000100000000)
 ParOldGen       total 134144K, used 50165K [0x00000000f0000000, 0x00000000f8300000, 0x00000000f8300000)
  object space 134144K, 37% used [0x00000000f0000000,0x00000000f30fd618,0x00000000f8300000)
 Metaspace       used 52809K, capacity 55956K, committed 56192K, reserved 1097728K
  class space    used 6448K, capacity 6998K, committed 7040K, reserved 1048576K
}
{Heap before GC invocations=488 (full 0):
 PSYoungGen      total 127488K, used 127328K [0x00000000f8300000, 0x0000000100000000, 0x0000000100000000)
  eden space 126976K, 100% used [0x00000000f8300000,0x00000000fff00000,0x00000000fff00000)
  from space 512K, 68% used [0x00000000fff00000,0x00000000fff58000,0x00000000fff80000)
  to   space 512K, 0% used [0x00000000fff80000,0x00000000fff80000,0x0000000100000000)
 ParOldGen       total 134144K, used 50165K [0x00000000f0000000, 0x00000000f8300000, 0x00000000f8300000)
  object space 134144K, 37% used [0x00000000f0000000,0x00000000f30fd618,0x00000000f8300000)
 Metaspace       used 52809K, capacity 55956K, committed 56192K, reserved 1097728K
  class space    used 6448K, capacity 6998K, committed 7040K, reserved 1048576K
2023-10-03T01:15:05.816+0800: 505.521: [GC (Allocation Failure) [PSYoungGen: 127328K->416K(127488K)] 177493K->50645K(261632K), 0.0057890 secs] [Times: user=0.03 sys=0.00, real=0.01 secs] 
Heap after GC invocations=488 (full 0):
 PSYoungGen      total 127488K, used 416K [0x00000000f8300000, 0x0000000100000000, 0x0000000100000000)
  eden space 126976K, 0% used [0x00000000f8300000,0x00000000f8300000,0x00000000fff00000)
  from space 512K, 81% used [0x00000000fff80000,0x00000000fffe8000,0x0000000100000000)
  to   space 512K, 0% used [0x00000000fff00000,0x00000000fff00000,0x00000000fff80000)
 ParOldGen       total 134144K, used 50229K [0x00000000f0000000, 0x00000000f8300000, 0x00000000f8300000)
  object space 134144K, 37% used [0x00000000f0000000,0x00000000f310d618,0x00000000f8300000)
 Metaspace       used 52809K, capacity 55956K, committed 56192K, reserved 1097728K
  class space    used 6448K, capacity 6998K, committed 7040K, reserved 1048576K
}
{Heap before GC invocations=489 (full 0):
 PSYoungGen      total 127488K, used 127392K [0x00000000f8300000, 0x0000000100000000, 0x0000000100000000)
  eden space 126976K, 100% used [0x00000000f8300000,0x00000000fff00000,0x00000000fff00000)
  from space 512K, 81% used [0x00000000fff80000,0x00000000fffe8000,0x0000000100000000)
  to   space 512K, 0% used [0x00000000fff00000,0x00000000fff00000,0x00000000fff80000)
 ParOldGen       total 134144K, used 50229K [0x00000000f0000000, 0x00000000f8300000, 0x00000000f8300000)
  object space 134144K, 37% used [0x00000000f0000000,0x00000000f310d618,0x00000000f8300000)
 Metaspace       used 52809K, capacity 55956K, committed 56192K, reserved 1097728K
  class space    used 6448K, capacity 6998K, committed 7040K, reserved 1048576K
2023-10-03T01:15:06.463+0800: 506.167: [GC (Allocation Failure) [PSYoungGen: 127392K->320K(127488K)] 177621K->50629K(261632K), 0.0062686 secs] [Times: user=0.03 sys=0.00, real=0.00 secs] 
Heap after GC invocations=489 (full 0):
 PSYoungGen      total 127488K, used 320K [0x00000000f8300000, 0x0000000100000000, 0x0000000100000000)
  eden space 126976K, 0% used [0x00000000f8300000,0x00000000f8300000,0x00000000fff00000)
  from space 512K, 62% used [0x00000000fff00000,0x00000000fff50000,0x00000000fff80000)
  to   space 512K, 0% used [0x00000000fff80000,0x00000000fff80000,0x0000000100000000)
 ParOldGen       total 134144K, used 50309K [0x00000000f0000000, 0x00000000f8300000, 0x00000000f8300000)
  object space 134144K, 37% used [0x00000000f0000000,0x00000000f3121618,0x00000000f8300000)
 Metaspace       used 52809K, capacity 55956K, committed 56192K, reserved 1097728K
  class space    used 6448K, capacity 6998K, committed 7040K, reserved 1048576K
}
{Heap before GC invocations=490 (full 0):
 PSYoungGen      total 127488K, used 127296K [0x00000000f8300000, 0x0000000100000000, 0x0000000100000000)
  eden space 126976K, 100% used [0x00000000f8300000,0x00000000fff00000,0x00000000fff00000)
  from space 512K, 62% used [0x00000000fff00000,0x00000000fff50000,0x00000000fff80000)
  to   space 512K, 0% used [0x00000000fff80000,0x00000000fff80000,0x0000000100000000)
 ParOldGen       total 134144K, used 50309K [0x00000000f0000000, 0x00000000f8300000, 0x00000000f8300000)
  object space 134144K, 37% used [0x00000000f0000000,0x00000000f3121618,0x00000000f8300000)
 Metaspace       used 52809K, capacity 55956K, committed 56192K, reserved 1097728K
  class space    used 6448K, capacity 6998K, committed 7040K, reserved 1048576K
2023-10-03T01:15:07.098+0800: 506.803: [GC (Allocation Failure) [PSYoungGen: 127296K->320K(127488K)] 177605K->50709K(261632K), 0.0060173 secs] [Times: user=0.02 sys=0.01, real=0.01 secs] 
Heap after GC invocations=490 (full 0):
 PSYoungGen      total 127488K, used 320K [0x00000000f8300000, 0x0000000100000000, 0x0000000100000000)
  eden space 126976K, 0% used [0x00000000f8300000,0x00000000f8300000,0x00000000fff00000)
  from space 512K, 62% used [0x00000000fff80000,0x00000000fffd0000,0x0000000100000000)
  to   space 512K, 0% used [0x00000000fff00000,0x00000000fff00000,0x00000000fff80000)
 ParOldGen       total 134144K, used 50389K [0x00000000f0000000, 0x00000000f8300000, 0x00000000f8300000)
  object space 134144K, 37% used [0x00000000f0000000,0x00000000f3135618,0x00000000f8300000)
 Metaspace       used 52809K, capacity 55956K, committed 56192K, reserved 1097728K
  class space    used 6448K, capacity 6998K, committed 7040K, reserved 1048576K
}
{Heap before GC invocations=491 (full 0):
 PSYoungGen      total 127488K, used 127296K [0x00000000f8300000, 0x0000000100000000, 0x0000000100000000)
  eden space 126976K, 100% used [0x00000000f8300000,0x00000000fff00000,0x00000000fff00000)
  from space 512K, 62% used [0x00000000fff80000,0x00000000fffd0000,0x0000000100000000)
  to   space 512K, 0% used [0x00000000fff00000,0x00000000fff00000,0x00000000fff80000)
 ParOldGen       total 134144K, used 50389K [0x00000000f0000000, 0x00000000f8300000, 0x00000000f8300000)
  object space 134144K, 37% used [0x00000000f0000000,0x00000000f3135618,0x00000000f8300000)
 Metaspace       used 52811K, capacity 55956K, committed 56192K, reserved 1097728K
  class space    used 6448K, capacity 6998K, committed 7040K, reserved 1048576K
2023-10-03T01:15:07.743+0800: 507.447: [GC (Allocation Failure) [PSYoungGen: 127296K->320K(127488K)] 177685K->50789K(261632K), 0.0056222 secs] [Times: user=0.03 sys=0.00, real=0.00 secs] 
Heap after GC invocations=491 (full 0):
 PSYoungGen      total 127488K, used 320K [0x00000000f8300000, 0x0000000100000000, 0x0000000100000000)
  eden space 126976K, 0% used [0x00000000f8300000,0x00000000f8300000,0x00000000fff00000)
  from space 512K, 62% used [0x00000000fff00000,0x00000000fff50000,0x00000000fff80000)
  to   space 512K, 0% used [0x00000000fff80000,0x00000000fff80000,0x0000000100000000)
 ParOldGen       total 134144K, used 50469K [0x00000000f0000000, 0x00000000f8300000, 0x00000000f8300000)
  object space 134144K, 37% used [0x00000000f0000000,0x00000000f3149618,0x00000000f8300000)
 Metaspace       used 52811K, capacity 55956K, committed 56192K, reserved 1097728K
  class space    used 6448K, capacity 6998K, committed 7040K, reserved 1048576K
}
{Heap before GC invocations=492 (full 0):
 PSYoungGen      total 127488K, used 127296K [0x00000000f8300000, 0x0000000100000000, 0x0000000100000000)
  eden space 126976K, 100% used [0x00000000f8300000,0x00000000fff00000,0x00000000fff00000)
  from space 512K, 62% used [0x00000000fff00000,0x00000000fff50000,0x00000000fff80000)
  to   space 512K, 0% used [0x00000000fff80000,0x00000000fff80000,0x0000000100000000)
 ParOldGen       total 134144K, used 50469K [0x00000000f0000000, 0x00000000f8300000, 0x00000000f8300000)
  object space 134144K, 37% used [0x00000000f0000000,0x00000000f3149618,0x00000000f8300000)
 Metaspace       used 52811K, capacity 55956K, committed 56192K, reserved 1097728K
  class space    used 6448K, capacity 6998K, committed 7040K, reserved 1048576K
2023-10-03T01:15:08.389+0800: 508.093: [GC (Allocation Failure) [PSYoungGen: 127296K->320K(127488K)] 177765K->50845K(261632K), 0.0060668 secs] [Times: user=0.02 sys=0.01, real=0.01 secs] 
Heap after GC invocations=492 (full 0):
 PSYoungGen      total 127488K, used 320K [0x00000000f8300000, 0x0000000100000000, 0x0000000100000000)
  eden space 126976K, 0% used [0x00000000f8300000,0x00000000f8300000,0x00000000fff00000)
  from space 512K, 62% used [0x00000000fff80000,0x00000000fffd0000,0x0000000100000000)
  to   space 512K, 0% used [0x00000000fff00000,0x00000000fff00000,0x00000000fff80000)
 ParOldGen       total 134144K, used 50525K [0x00000000f0000000, 0x00000000f8300000, 0x00000000f8300000)
  object space 134144K, 37% used [0x00000000f0000000,0x00000000f3157618,0x00000000f8300000)
 Metaspace       used 52811K, capacity 55956K, committed 56192K, reserved 1097728K
  class space    used 6448K, capacity 6998K, committed 7040K, reserved 1048576K
}
{Heap before GC invocations=493 (full 0):
 PSYoungGen      total 127488K, used 127296K [0x00000000f8300000, 0x0000000100000000, 0x0000000100000000)
  eden space 126976K, 100% used [0x00000000f8300000,0x00000000fff00000,0x00000000fff00000)
  from space 512K, 62% used [0x00000000fff80000,0x00000000fffd0000,0x0000000100000000)
  to   space 512K, 0% used [0x00000000fff00000,0x00000000fff00000,0x00000000fff80000)
 ParOldGen       total 134144K, used 50525K [0x00000000f0000000, 0x00000000f8300000, 0x00000000f8300000)
  object space 134144K, 37% used [0x00000000f0000000,0x00000000f3157618,0x00000000f8300000)
 Metaspace       used 52811K, capacity 55956K, committed 56192K, reserved 1097728K
  class space    used 6448K, capacity 6998K, committed 7040K, reserved 1048576K
2023-10-03T01:15:09.019+0800: 508.723: [GC (Allocation Failure) [PSYoungGen: 127296K->416K(127488K)] 177821K->51013K(261632K), 0.0061352 secs] [Times: user=0.03 sys=0.00, real=0.01 secs] 
Heap after GC invocations=493 (full 0):
 PSYoungGen      total 127488K, used 416K [0x00000000f8300000, 0x0000000100000000, 0x0000000100000000)
  eden space 126976K, 0% used [0x00000000f8300000,0x00000000f8300000,0x00000000fff00000)
  from space 512K, 81% used [0x00000000fff00000,0x00000000fff68000,0x00000000fff80000)
  to   space 512K, 0% used [0x00000000fff80000,0x00000000fff80000,0x0000000100000000)
 ParOldGen       total 134144K, used 50597K [0x00000000f0000000, 0x00000000f8300000, 0x00000000f8300000)
  object space 134144K, 37% used [0x00000000f0000000,0x00000000f3169618,0x00000000f8300000)
 Metaspace       used 52811K, capacity 55956K, committed 56192K, reserved 1097728K
  class space    used 6448K, capacity 6998K, committed 7040K, reserved 1048576K
}
{Heap before GC invocations=494 (full 0):
 PSYoungGen      total 127488K, used 127392K [0x00000000f8300000, 0x0000000100000000, 0x0000000100000000)
  eden space 126976K, 100% used [0x00000000f8300000,0x00000000fff00000,0x00000000fff00000)
  from space 512K, 81% used [0x00000000fff00000,0x00000000fff68000,0x00000000fff80000)
  to   space 512K, 0% used [0x00000000fff80000,0x00000000fff80000,0x0000000100000000)
 ParOldGen       total 134144K, used 50597K [0x00000000f0000000, 0x00000000f8300000, 0x00000000f8300000)
  object space 134144K, 37% used [0x00000000f0000000,0x00000000f3169618,0x00000000f8300000)
 Metaspace       used 52811K, capacity 55956K, committed 56192K, reserved 1097728K
  class space    used 6448K, capacity 6998K, committed 7040K, reserved 1048576K
2023-10-03T01:15:09.672+0800: 509.376: [GC (Allocation Failure) [PSYoungGen: 127392K->384K(127488K)] 177989K->51053K(261632K), 0.0060816 secs] [Times: user=0.03 sys=0.01, real=0.00 secs] 
Heap after GC invocations=494 (full 0):
 PSYoungGen      total 127488K, used 384K [0x00000000f8300000, 0x0000000100000000, 0x0000000100000000)
  eden space 126976K, 0% used [0x00000000f8300000,0x00000000f8300000,0x00000000fff00000)
  from space 512K, 75% used [0x00000000fff80000,0x00000000fffe0000,0x0000000100000000)
  to   space 512K, 0% used [0x00000000fff00000,0x00000000fff00000,0x00000000fff80000)
 ParOldGen       total 134144K, used 50669K [0x00000000f0000000, 0x00000000f8300000, 0x00000000f8300000)
  object space 134144K, 37% used [0x00000000f0000000,0x00000000f317b618,0x00000000f8300000)
 Metaspace       used 52811K, capacity 55956K, committed 56192K, reserved 1097728K
  class space    used 6448K, capacity 6998K, committed 7040K, reserved 1048576K
}
{Heap before GC invocations=495 (full 0):
 PSYoungGen      total 127488K, used 127360K [0x00000000f8300000, 0x0000000100000000, 0x0000000100000000)
  eden space 126976K, 100% used [0x00000000f8300000,0x00000000fff00000,0x00000000fff00000)
  from space 512K, 75% used [0x00000000fff80000,0x00000000fffe0000,0x0000000100000000)
  to   space 512K, 0% used [0x00000000fff00000,0x00000000fff00000,0x00000000fff80000)
 ParOldGen       total 134144K, used 50669K [0x00000000f0000000, 0x00000000f8300000, 0x00000000f8300000)
  object space 134144K, 37% used [0x00000000f0000000,0x00000000f317b618,0x00000000f8300000)
 Metaspace       used 52811K, capacity 55956K, committed 56192K, reserved 1097728K
  class space    used 6448K, capacity 6998K, committed 7040K, reserved 1048576K
2023-10-03T01:15:10.304+0800: 510.008: [GC (Allocation Failure) [PSYoungGen: 127360K->416K(127488K)] 178029K->51141K(261632K), 0.0062501 secs] [Times: user=0.03 sys=0.00, real=0.00 secs] 
Heap after GC invocations=495 (full 0):
 PSYoungGen      total 127488K, used 416K [0x00000000f8300000, 0x0000000100000000, 0x0000000100000000)
  eden space 126976K, 0% used [0x00000000f8300000,0x00000000f8300000,0x00000000fff00000)
  from space 512K, 81% used [0x00000000fff00000,0x00000000fff68000,0x00000000fff80000)
  to   space 512K, 0% used [0x00000000fff80000,0x00000000fff80000,0x0000000100000000)
 ParOldGen       total 134144K, used 50725K [0x00000000f0000000, 0x00000000f8300000, 0x00000000f8300000)
  object space 134144K, 37% used [0x00000000f0000000,0x00000000f3189618,0x00000000f8300000)
 Metaspace       used 52811K, capacity 55956K, committed 56192K, reserved 1097728K
  class space    used 6448K, capacity 6998K, committed 7040K, reserved 1048576K
}
{Heap before GC invocations=496 (full 0):
 PSYoungGen      total 127488K, used 127392K [0x00000000f8300000, 0x0000000100000000, 0x0000000100000000)
  eden space 126976K, 100% used [0x00000000f8300000,0x00000000fff00000,0x00000000fff00000)
  from space 512K, 81% used [0x00000000fff00000,0x00000000fff68000,0x00000000fff80000)
  to   space 512K, 0% used [0x00000000fff80000,0x00000000fff80000,0x0000000100000000)
 ParOldGen       total 134144K, used 50725K [0x00000000f0000000, 0x00000000f8300000, 0x00000000f8300000)
  object space 134144K, 37% used [0x00000000f0000000,0x00000000f3189618,0x00000000f8300000)
 Metaspace       used 52811K, capacity 55956K, committed 56192K, reserved 1097728K
  class space    used 6448K, capacity 6998K, committed 7040K, reserved 1048576K
2023-10-03T01:15:10.955+0800: 510.659: [GC (Allocation Failure) [PSYoungGen: 127392K->320K(127488K)] 178117K->51117K(261632K), 0.0061762 secs] [Times: user=0.01 sys=0.01, real=0.00 secs] 
Heap after GC invocations=496 (full 0):
 PSYoungGen      total 127488K, used 320K [0x00000000f8300000, 0x0000000100000000, 0x0000000100000000)
  eden space 126976K, 0% used [0x00000000f8300000,0x00000000f8300000,0x00000000fff00000)
  from space 512K, 62% used [0x00000000fff80000,0x00000000fffd0000,0x0000000100000000)
  to   space 512K, 0% used [0x00000000fff00000,0x00000000fff00000,0x00000000fff80000)
 ParOldGen       total 134144K, used 50797K [0x00000000f0000000, 0x00000000f8300000, 0x00000000f8300000)
  object space 134144K, 37% used [0x00000000f0000000,0x00000000f319b618,0x00000000f8300000)
 Metaspace       used 52811K, capacity 55956K, committed 56192K, reserved 1097728K
  class space    used 6448K, capacity 6998K, committed 7040K, reserved 1048576K
}
{Heap before GC invocations=497 (full 0):
 PSYoungGen      total 127488K, used 127296K [0x00000000f8300000, 0x0000000100000000, 0x0000000100000000)
  eden space 126976K, 100% used [0x00000000f8300000,0x00000000fff00000,0x00000000fff00000)
  from space 512K, 62% used [0x00000000fff80000,0x00000000fffd0000,0x0000000100000000)
  to   space 512K, 0% used [0x00000000fff00000,0x00000000fff00000,0x00000000fff80000)
 ParOldGen       total 134144K, used 50797K [0x00000000f0000000, 0x00000000f8300000, 0x00000000f8300000)
  object space 134144K, 37% used [0x00000000f0000000,0x00000000f319b618,0x00000000f8300000)
 Metaspace       used 52811K, capacity 55956K, committed 56192K, reserved 1097728K
  class space    used 6448K, capacity 6998K, committed 7040K, reserved 1048576K
2023-10-03T01:15:11.608+0800: 511.313: [GC (Allocation Failure) [PSYoungGen: 127296K->384K(127488K)] 178093K->51245K(261632K), 0.0059820 secs] [Times: user=0.02 sys=0.01, real=0.01 secs] 
Heap after GC invocations=497 (full 0):
 PSYoungGen      total 127488K, used 384K [0x00000000f8300000, 0x0000000100000000, 0x0000000100000000)
  eden space 126976K, 0% used [0x00000000f8300000,0x00000000f8300000,0x00000000fff00000)
  from space 512K, 75% used [0x00000000fff00000,0x00000000fff60000,0x00000000fff80000)
  to   space 512K, 0% used [0x00000000fff80000,0x00000000fff80000,0x0000000100000000)
 ParOldGen       total 134144K, used 50861K [0x00000000f0000000, 0x00000000f8300000, 0x00000000f8300000)
  object space 134144K, 37% used [0x00000000f0000000,0x00000000f31ab618,0x00000000f8300000)
 Metaspace       used 52811K, capacity 55956K, committed 56192K, reserved 1097728K
  class space    used 6448K, capacity 6998K, committed 7040K, reserved 1048576K
}
{Heap before GC invocations=498 (full 0):
 PSYoungGen      total 127488K, used 127360K [0x00000000f8300000, 0x0000000100000000, 0x0000000100000000)
  eden space 126976K, 100% used [0x00000000f8300000,0x00000000fff00000,0x00000000fff00000)
  from space 512K, 75% used [0x00000000fff00000,0x00000000fff60000,0x00000000fff80000)
  to   space 512K, 0% used [0x00000000fff80000,0x00000000fff80000,0x0000000100000000)
 ParOldGen       total 134144K, used 50861K [0x00000000f0000000, 0x00000000f8300000, 0x00000000f8300000)
  object space 134144K, 37% used [0x00000000f0000000,0x00000000f31ab618,0x00000000f8300000)
 Metaspace       used 52811K, capacity 55956K, committed 56192K, reserved 1097728K
  class space    used 6448K, capacity 6998K, committed 7040K, reserved 1048576K
2023-10-03T01:15:12.241+0800: 511.946: [GC (Allocation Failure) [PSYoungGen: 127360K->320K(127488K)] 178221K->51245K(261632K), 0.0064174 secs] [Times: user=0.03 sys=0.00, real=0.01 secs] 
Heap after GC invocations=498 (full 0):
 PSYoungGen      total 127488K, used 320K [0x00000000f8300000, 0x0000000100000000, 0x0000000100000000)
  eden space 126976K, 0% used [0x00000000f8300000,0x00000000f8300000,0x00000000fff00000)
  from space 512K, 62% used [0x00000000fff80000,0x00000000fffd0000,0x0000000100000000)
  to   space 512K, 0% used [0x00000000fff00000,0x00000000fff00000,0x00000000fff80000)
 ParOldGen       total 134144K, used 50925K [0x00000000f0000000, 0x00000000f8300000, 0x00000000f8300000)
  object space 134144K, 37% used [0x00000000f0000000,0x00000000f31bb618,0x00000000f8300000)
 Metaspace       used 52811K, capacity 55956K, committed 56192K, reserved 1097728K
  class space    used 6448K, capacity 6998K, committed 7040K, reserved 1048576K
}
{Heap before GC invocations=499 (full 0):
 PSYoungGen      total 127488K, used 127296K [0x00000000f8300000, 0x0000000100000000, 0x0000000100000000)
  eden space 126976K, 100% used [0x00000000f8300000,0x00000000fff00000,0x00000000fff00000)
  from space 512K, 62% used [0x00000000fff80000,0x00000000fffd0000,0x0000000100000000)
  to   space 512K, 0% used [0x00000000fff00000,0x00000000fff00000,0x00000000fff80000)
 ParOldGen       total 134144K, used 50925K [0x00000000f0000000, 0x00000000f8300000, 0x00000000f8300000)
  object space 134144K, 37% used [0x00000000f0000000,0x00000000f31bb618,0x00000000f8300000)
 Metaspace       used 52811K, capacity 55956K, committed 56192K, reserved 1097728K
  class space    used 6448K, capacity 6998K, committed 7040K, reserved 1048576K
2023-10-03T01:15:12.884+0800: 512.589: [GC (Allocation Failure) [PSYoungGen: 127296K->384K(127488K)] 178221K->51397K(261632K), 0.0064360 secs] [Times: user=0.03 sys=0.00, real=0.00 secs] 
Heap after GC invocations=499 (full 0):
 PSYoungGen      total 127488K, used 384K [0x00000000f8300000, 0x0000000100000000, 0x0000000100000000)
  eden space 126976K, 0% used [0x00000000f8300000,0x00000000f8300000,0x00000000fff00000)
  from space 512K, 75% used [0x00000000fff00000,0x00000000fff60000,0x00000000fff80000)
  to   space 512K, 0% used [0x00000000fff80000,0x00000000fff80000,0x0000000100000000)
 ParOldGen       total 134144K, used 51013K [0x00000000f0000000, 0x00000000f8300000, 0x00000000f8300000)
  object space 134144K, 38% used [0x00000000f0000000,0x00000000f31d1618,0x00000000f8300000)
 Metaspace       used 52811K, capacity 55956K, committed 56192K, reserved 1097728K
  class space    used 6448K, capacity 6998K, committed 7040K, reserved 1048576K
}
{Heap before GC invocations=500 (full 0):
 PSYoungGen      total 127488K, used 127360K [0x00000000f8300000, 0x0000000100000000, 0x0000000100000000)
  eden space 126976K, 100% used [0x00000000f8300000,0x00000000fff00000,0x00000000fff00000)
  from space 512K, 75% used [0x00000000fff00000,0x00000000fff60000,0x00000000fff80000)
  to   space 512K, 0% used [0x00000000fff80000,0x00000000fff80000,0x0000000100000000)
 ParOldGen       total 134144K, used 51013K [0x00000000f0000000, 0x00000000f8300000, 0x00000000f8300000)
  object space 134144K, 38% used [0x00000000f0000000,0x00000000f31d1618,0x00000000f8300000)
 Metaspace       used 52811K, capacity 55956K, committed 56192K, reserved 1097728K
  class space    used 6448K, capacity 6998K, committed 7040K, reserved 1048576K
2023-10-03T01:15:13.531+0800: 513.235: [GC (Allocation Failure) [PSYoungGen: 127360K->352K(127488K)] 178373K->51437K(261632K), 0.0063075 secs] [Times: user=0.03 sys=0.00, real=0.01 secs] 
Heap after GC invocations=500 (full 0):
 PSYoungGen      total 127488K, used 352K [0x00000000f8300000, 0x0000000100000000, 0x0000000100000000)
  eden space 126976K, 0% used [0x00000000f8300000,0x00000000f8300000,0x00000000fff00000)
  from space 512K, 68% used [0x00000000fff80000,0x00000000fffd8000,0x0000000100000000)
  to   space 512K, 0% used [0x00000000fff00000,0x00000000fff00000,0x00000000fff80000)
 ParOldGen       total 134144K, used 51085K [0x00000000f0000000, 0x00000000f8300000, 0x00000000f8300000)
  object space 134144K, 38% used [0x00000000f0000000,0x00000000f31e3618,0x00000000f8300000)
 Metaspace       used 52811K, capacity 55956K, committed 56192K, reserved 1097728K
  class space    used 6448K, capacity 6998K, committed 7040K, reserved 1048576K
}
{Heap before GC invocations=501 (full 0):
 PSYoungGen      total 127488K, used 127328K [0x00000000f8300000, 0x0000000100000000, 0x0000000100000000)
  eden space 126976K, 100% used [0x00000000f8300000,0x00000000fff00000,0x00000000fff00000)
  from space 512K, 68% used [0x00000000fff80000,0x00000000fffd8000,0x0000000100000000)
  to   space 512K, 0% used [0x00000000fff00000,0x00000000fff00000,0x00000000fff80000)
 ParOldGen       total 134144K, used 51085K [0x00000000f0000000, 0x00000000f8300000, 0x00000000f8300000)
  object space 134144K, 38% used [0x00000000f0000000,0x00000000f31e3618,0x00000000f8300000)
 Metaspace       used 52811K, capacity 55956K, committed 56192K, reserved 1097728K
  class space    used 6448K, capacity 6998K, committed 7040K, reserved 1048576K
2023-10-03T01:15:14.145+0800: 513.849: [GC (Allocation Failure) [PSYoungGen: 127328K->352K(127488K)] 178413K->51493K(261632K), 0.0195566 secs] [Times: user=0.02 sys=0.01, real=0.02 secs] 
Heap after GC invocations=501 (full 0):
 PSYoungGen      total 127488K, used 352K [0x00000000f8300000, 0x0000000100000000, 0x0000000100000000)
  eden space 126976K, 0% used [0x00000000f8300000,0x00000000f8300000,0x00000000fff00000)
  from space 512K, 68% used [0x00000000fff00000,0x00000000fff58000,0x00000000fff80000)
  to   space 512K, 0% used [0x00000000fff80000,0x00000000fff80000,0x0000000100000000)
 ParOldGen       total 134144K, used 51141K [0x00000000f0000000, 0x00000000f8300000, 0x00000000f8300000)
  object space 134144K, 38% used [0x00000000f0000000,0x00000000f31f1618,0x00000000f8300000)
 Metaspace       used 52811K, capacity 55956K, committed 56192K, reserved 1097728K
  class space    used 6448K, capacity 6998K, committed 7040K, reserved 1048576K
}
{Heap before GC invocations=502 (full 0):
 PSYoungGen      total 127488K, used 127328K [0x00000000f8300000, 0x0000000100000000, 0x0000000100000000)
  eden space 126976K, 100% used [0x00000000f8300000,0x00000000fff00000,0x00000000fff00000)
  from space 512K, 68% used [0x00000000fff00000,0x00000000fff58000,0x00000000fff80000)
  to   space 512K, 0% used [0x00000000fff80000,0x00000000fff80000,0x0000000100000000)
 ParOldGen       total 134144K, used 51141K [0x00000000f0000000, 0x00000000f8300000, 0x00000000f8300000)
  object space 134144K, 38% used [0x00000000f0000000,0x00000000f31f1618,0x00000000f8300000)
 Metaspace       used 52811K, capacity 55956K, committed 56192K, reserved 1097728K
  class space    used 6448K, capacity 6998K, committed 7040K, reserved 1048576K
2023-10-03T01:15:14.805+0800: 514.509: [GC (Allocation Failure) [PSYoungGen: 127328K->352K(127488K)] 178469K->51573K(261632K), 0.0060831 secs] [Times: user=0.03 sys=0.00, real=0.00 secs] 
Heap after GC invocations=502 (full 0):
 PSYoungGen      total 127488K, used 352K [0x00000000f8300000, 0x0000000100000000, 0x0000000100000000)
  eden space 126976K, 0% used [0x00000000f8300000,0x00000000f8300000,0x00000000fff00000)
  from space 512K, 68% used [0x00000000fff80000,0x00000000fffd8000,0x0000000100000000)
  to   space 512K, 0% used [0x00000000fff00000,0x00000000fff00000,0x00000000fff80000)
 ParOldGen       total 134144K, used 51221K [0x00000000f0000000, 0x00000000f8300000, 0x00000000f8300000)
  object space 134144K, 38% used [0x00000000f0000000,0x00000000f3205618,0x00000000f8300000)
 Metaspace       used 52811K, capacity 55956K, committed 56192K, reserved 1097728K
  class space    used 6448K, capacity 6998K, committed 7040K, reserved 1048576K
}
{Heap before GC invocations=503 (full 0):
 PSYoungGen      total 127488K, used 127328K [0x00000000f8300000, 0x0000000100000000, 0x0000000100000000)
  eden space 126976K, 100% used [0x00000000f8300000,0x00000000fff00000,0x00000000fff00000)
  from space 512K, 68% used [0x00000000fff80000,0x00000000fffd8000,0x0000000100000000)
  to   space 512K, 0% used [0x00000000fff00000,0x00000000fff00000,0x00000000fff80000)
 ParOldGen       total 134144K, used 51221K [0x00000000f0000000, 0x00000000f8300000, 0x00000000f8300000)
  object space 134144K, 38% used [0x00000000f0000000,0x00000000f3205618,0x00000000f8300000)
 Metaspace       used 52811K, capacity 55956K, committed 56192K, reserved 1097728K
  class space    used 6448K, capacity 6998K, committed 7040K, reserved 1048576K
2023-10-03T01:15:15.460+0800: 515.164: [GC (Allocation Failure) [PSYoungGen: 127328K->352K(127488K)] 178549K->51629K(261632K), 0.0067448 secs] [Times: user=0.03 sys=0.00, real=0.01 secs] 
Heap after GC invocations=503 (full 0):
 PSYoungGen      total 127488K, used 352K [0x00000000f8300000, 0x0000000100000000, 0x0000000100000000)
  eden space 126976K, 0% used [0x00000000f8300000,0x00000000f8300000,0x00000000fff00000)
  from space 512K, 68% used [0x00000000fff00000,0x00000000fff58000,0x00000000fff80000)
  to   space 512K, 0% used [0x00000000fff80000,0x00000000fff80000,0x0000000100000000)
 ParOldGen       total 134144K, used 51277K [0x00000000f0000000, 0x00000000f8300000, 0x00000000f8300000)
  object space 134144K, 38% used [0x00000000f0000000,0x00000000f3213618,0x00000000f8300000)
 Metaspace       used 52811K, capacity 55956K, committed 56192K, reserved 1097728K
  class space    used 6448K, capacity 6998K, committed 7040K, reserved 1048576K
}
{Heap before GC invocations=504 (full 0):
 PSYoungGen      total 127488K, used 127328K [0x00000000f8300000, 0x0000000100000000, 0x0000000100000000)
  eden space 126976K, 100% used [0x00000000f8300000,0x00000000fff00000,0x00000000fff00000)
  from space 512K, 68% used [0x00000000fff00000,0x00000000fff58000,0x00000000fff80000)
  to   space 512K, 0% used [0x00000000fff80000,0x00000000fff80000,0x0000000100000000)
 ParOldGen       total 134144K, used 51277K [0x00000000f0000000, 0x00000000f8300000, 0x00000000f8300000)
  object space 134144K, 38% used [0x00000000f0000000,0x00000000f3213618,0x00000000f8300000)
 Metaspace       used 52811K, capacity 55956K, committed 56192K, reserved 1097728K
  class space    used 6448K, capacity 6998K, committed 7040K, reserved 1048576K
2023-10-03T01:15:16.092+0800: 515.796: [GC (Allocation Failure) [PSYoungGen: 127328K->384K(127488K)] 178605K->51741K(261632K), 0.0062543 secs] [Times: user=0.03 sys=0.00, real=0.00 secs] 
Heap after GC invocations=504 (full 0):
 PSYoungGen      total 127488K, used 384K [0x00000000f8300000, 0x0000000100000000, 0x0000000100000000)
  eden space 126976K, 0% used [0x00000000f8300000,0x00000000f8300000,0x00000000fff00000)
  from space 512K, 75% used [0x00000000fff80000,0x00000000fffe0000,0x0000000100000000)
  to   space 512K, 0% used [0x00000000fff00000,0x00000000fff00000,0x00000000fff80000)
 ParOldGen       total 134144K, used 51357K [0x00000000f0000000, 0x00000000f8300000, 0x00000000f8300000)
  object space 134144K, 38% used [0x00000000f0000000,0x00000000f3227618,0x00000000f8300000)
 Metaspace       used 52811K, capacity 55956K, committed 56192K, reserved 1097728K
  class space    used 6448K, capacity 6998K, committed 7040K, reserved 1048576K
}
{Heap before GC invocations=505 (full 0):
 PSYoungGen      total 127488K, used 127360K [0x00000000f8300000, 0x0000000100000000, 0x0000000100000000)
  eden space 126976K, 100% used [0x00000000f8300000,0x00000000fff00000,0x00000000fff00000)
  from space 512K, 75% used [0x00000000fff80000,0x00000000fffe0000,0x0000000100000000)
  to   space 512K, 0% used [0x00000000fff00000,0x00000000fff00000,0x00000000fff80000)
 ParOldGen       total 134144K, used 51357K [0x00000000f0000000, 0x00000000f8300000, 0x00000000f8300000)
  object space 134144K, 38% used [0x00000000f0000000,0x00000000f3227618,0x00000000f8300000)
 Metaspace       used 52811K, capacity 55956K, committed 56192K, reserved 1097728K
  class space    used 6448K, capacity 6998K, committed 7040K, reserved 1048576K
2023-10-03T01:15:16.741+0800: 516.445: [GC (Allocation Failure) [PSYoungGen: 127360K->416K(127488K)] 178717K->51845K(261632K), 0.0064455 secs] [Times: user=0.03 sys=0.00, real=0.01 secs] 
Heap after GC invocations=505 (full 0):
 PSYoungGen      total 127488K, used 416K [0x00000000f8300000, 0x0000000100000000, 0x0000000100000000)
  eden space 126976K, 0% used [0x00000000f8300000,0x00000000f8300000,0x00000000fff00000)
  from space 512K, 81% used [0x00000000fff00000,0x00000000fff68000,0x00000000fff80000)
  to   space 512K, 0% used [0x00000000fff80000,0x00000000fff80000,0x0000000100000000)
 ParOldGen       total 134144K, used 51429K [0x00000000f0000000, 0x00000000f8300000, 0x00000000f8300000)
  object space 134144K, 38% used [0x00000000f0000000,0x00000000f3239618,0x00000000f8300000)
 Metaspace       used 52811K, capacity 55956K, committed 56192K, reserved 1097728K
  class space    used 6448K, capacity 6998K, committed 7040K, reserved 1048576K
}
{Heap before GC invocations=506 (full 0):
 PSYoungGen      total 127488K, used 127392K [0x00000000f8300000, 0x0000000100000000, 0x0000000100000000)
  eden space 126976K, 100% used [0x00000000f8300000,0x00000000fff00000,0x00000000fff00000)
  from space 512K, 81% used [0x00000000fff00000,0x00000000fff68000,0x00000000fff80000)
  to   space 512K, 0% used [0x00000000fff80000,0x00000000fff80000,0x0000000100000000)
 ParOldGen       total 134144K, used 51429K [0x00000000f0000000, 0x00000000f8300000, 0x00000000f8300000)
  object space 134144K, 38% used [0x00000000f0000000,0x00000000f3239618,0x00000000f8300000)
 Metaspace       used 52811K, capacity 55956K, committed 56192K, reserved 1097728K
  class space    used 6448K, capacity 6998K, committed 7040K, reserved 1048576K
2023-10-03T01:15:17.376+0800: 517.081: [GC (Allocation Failure) [PSYoungGen: 127392K->320K(127488K)] 178821K->51829K(261632K), 0.0068330 secs] [Times: user=0.03 sys=0.00, real=0.01 secs] 
Heap after GC invocations=506 (full 0):
 PSYoungGen      total 127488K, used 320K [0x00000000f8300000, 0x0000000100000000, 0x0000000100000000)
  eden space 126976K, 0% used [0x00000000f8300000,0x00000000f8300000,0x00000000fff00000)
  from space 512K, 62% used [0x00000000fff80000,0x00000000fffd0000,0x0000000100000000)
  to   space 512K, 0% used [0x00000000fff00000,0x00000000fff00000,0x00000000fff80000)
 ParOldGen       total 134144K, used 51509K [0x00000000f0000000, 0x00000000f8300000, 0x00000000f8300000)
  object space 134144K, 38% used [0x00000000f0000000,0x00000000f324d618,0x00000000f8300000)
 Metaspace       used 52811K, capacity 55956K, committed 56192K, reserved 1097728K
  class space    used 6448K, capacity 6998K, committed 7040K, reserved 1048576K
}
{Heap before GC invocations=507 (full 0):
 PSYoungGen      total 127488K, used 127296K [0x00000000f8300000, 0x0000000100000000, 0x0000000100000000)
  eden space 126976K, 100% used [0x00000000f8300000,0x00000000fff00000,0x00000000fff00000)
  from space 512K, 62% used [0x00000000fff80000,0x00000000fffd0000,0x0000000100000000)
  to   space 512K, 0% used [0x00000000fff00000,0x00000000fff00000,0x00000000fff80000)
 ParOldGen       total 134144K, used 51509K [0x00000000f0000000, 0x00000000f8300000, 0x00000000f8300000)
  object space 134144K, 38% used [0x00000000f0000000,0x00000000f324d618,0x00000000f8300000)
 Metaspace       used 52811K, capacity 55956K, committed 56192K, reserved 1097728K
  class space    used 6448K, capacity 6998K, committed 7040K, reserved 1048576K
2023-10-03T01:15:18.023+0800: 517.727: [GC (Allocation Failure) [PSYoungGen: 127296K->352K(127488K)] 178805K->51925K(261632K), 0.0068481 secs] [Times: user=0.03 sys=0.00, real=0.00 secs] 
Heap after GC invocations=507 (full 0):
 PSYoungGen      total 127488K, used 352K [0x00000000f8300000, 0x0000000100000000, 0x0000000100000000)
  eden space 126976K, 0% used [0x00000000f8300000,0x00000000f8300000,0x00000000fff00000)
  from space 512K, 68% used [0x00000000fff00000,0x00000000fff58000,0x00000000fff80000)
  to   space 512K, 0% used [0x00000000fff80000,0x00000000fff80000,0x0000000100000000)
 ParOldGen       total 134144K, used 51573K [0x00000000f0000000, 0x00000000f8300000, 0x00000000f8300000)
  object space 134144K, 38% used [0x00000000f0000000,0x00000000f325d618,0x00000000f8300000)
 Metaspace       used 52811K, capacity 55956K, committed 56192K, reserved 1097728K
  class space    used 6448K, capacity 6998K, committed 7040K, reserved 1048576K
}
{Heap before GC invocations=508 (full 0):
 PSYoungGen      total 127488K, used 127328K [0x00000000f8300000, 0x0000000100000000, 0x0000000100000000)
  eden space 126976K, 100% used [0x00000000f8300000,0x00000000fff00000,0x00000000fff00000)
  from space 512K, 68% used [0x00000000fff00000,0x00000000fff58000,0x00000000fff80000)
  to   space 512K, 0% used [0x00000000fff80000,0x00000000fff80000,0x0000000100000000)
 ParOldGen       total 134144K, used 51573K [0x00000000f0000000, 0x00000000f8300000, 0x00000000f8300000)
  object space 134144K, 38% used [0x00000000f0000000,0x00000000f325d618,0x00000000f8300000)
 Metaspace       used 52811K, capacity 55956K, committed 56192K, reserved 1097728K
  class space    used 6448K, capacity 6998K, committed 7040K, reserved 1048576K
2023-10-03T01:15:18.666+0800: 518.371: [GC (Allocation Failure) [PSYoungGen: 127328K->320K(127488K)] 178901K->51973K(261632K), 0.0068859 secs] [Times: user=0.03 sys=0.00, real=0.01 secs] 
Heap after GC invocations=508 (full 0):
 PSYoungGen      total 127488K, used 320K [0x00000000f8300000, 0x0000000100000000, 0x0000000100000000)
  eden space 126976K, 0% used [0x00000000f8300000,0x00000000f8300000,0x00000000fff00000)
  from space 512K, 62% used [0x00000000fff80000,0x00000000fffd0000,0x0000000100000000)
  to   space 512K, 0% used [0x00000000fff00000,0x00000000fff00000,0x00000000fff80000)
 ParOldGen       total 134144K, used 51653K [0x00000000f0000000, 0x00000000f8300000, 0x00000000f8300000)
  object space 134144K, 38% used [0x00000000f0000000,0x00000000f3271618,0x00000000f8300000)
 Metaspace       used 52811K, capacity 55956K, committed 56192K, reserved 1097728K
  class space    used 6448K, capacity 6998K, committed 7040K, reserved 1048576K
}
{Heap before GC invocations=509 (full 0):
 PSYoungGen      total 127488K, used 127296K [0x00000000f8300000, 0x0000000100000000, 0x0000000100000000)
  eden space 126976K, 100% used [0x00000000f8300000,0x00000000fff00000,0x00000000fff00000)
  from space 512K, 62% used [0x00000000fff80000,0x00000000fffd0000,0x0000000100000000)
  to   space 512K, 0% used [0x00000000fff00000,0x00000000fff00000,0x00000000fff80000)
 ParOldGen       total 134144K, used 51653K [0x00000000f0000000, 0x00000000f8300000, 0x00000000f8300000)
  object space 134144K, 38% used [0x00000000f0000000,0x00000000f3271618,0x00000000f8300000)
 Metaspace       used 52811K, capacity 55956K, committed 56192K, reserved 1097728K
  class space    used 6448K, capacity 6998K, committed 7040K, reserved 1048576K
2023-10-03T01:15:19.308+0800: 519.012: [GC (Allocation Failure) [PSYoungGen: 127296K->352K(127488K)] 178949K->52077K(261632K), 0.0060247 secs] [Times: user=0.02 sys=0.00, real=0.01 secs] 
Heap after GC invocations=509 (full 0):
 PSYoungGen      total 127488K, used 352K [0x00000000f8300000, 0x0000000100000000, 0x0000000100000000)
  eden space 126976K, 0% used [0x00000000f8300000,0x00000000f8300000,0x00000000fff00000)
  from space 512K, 68% used [0x00000000fff00000,0x00000000fff58000,0x00000000fff80000)
  to   space 512K, 0% used [0x00000000fff80000,0x00000000fff80000,0x0000000100000000)
 ParOldGen       total 134144K, used 51725K [0x00000000f0000000, 0x00000000f8300000, 0x00000000f8300000)
  object space 134144K, 38% used [0x00000000f0000000,0x00000000f3283618,0x00000000f8300000)
 Metaspace       used 52811K, capacity 55956K, committed 56192K, reserved 1097728K
  class space    used 6448K, capacity 6998K, committed 7040K, reserved 1048576K
}
{Heap before GC invocations=510 (full 0):
 PSYoungGen      total 127488K, used 127328K [0x00000000f8300000, 0x0000000100000000, 0x0000000100000000)
  eden space 126976K, 100% used [0x00000000f8300000,0x00000000fff00000,0x00000000fff00000)
  from space 512K, 68% used [0x00000000fff00000,0x00000000fff58000,0x00000000fff80000)
  to   space 512K, 0% used [0x00000000fff80000,0x00000000fff80000,0x0000000100000000)
 ParOldGen       total 134144K, used 51725K [0x00000000f0000000, 0x00000000f8300000, 0x00000000f8300000)
  object space 134144K, 38% used [0x00000000f0000000,0x00000000f3283618,0x00000000f8300000)
 Metaspace       used 52811K, capacity 55956K, committed 56192K, reserved 1097728K
  class space    used 6448K, capacity 6998K, committed 7040K, reserved 1048576K
2023-10-03T01:15:19.957+0800: 519.661: [GC (Allocation Failure) [PSYoungGen: 127328K->384K(127488K)] 179053K->52197K(261632K), 0.0063250 secs] [Times: user=0.04 sys=0.00, real=0.01 secs] 
Heap after GC invocations=510 (full 0):
 PSYoungGen      total 127488K, used 384K [0x00000000f8300000, 0x0000000100000000, 0x0000000100000000)
  eden space 126976K, 0% used [0x00000000f8300000,0x00000000f8300000,0x00000000fff00000)
  from space 512K, 75% used [0x00000000fff80000,0x00000000fffe0000,0x0000000100000000)
  to   space 512K, 0% used [0x00000000fff00000,0x00000000fff00000,0x00000000fff80000)
 ParOldGen       total 134144K, used 51813K [0x00000000f0000000, 0x00000000f8300000, 0x00000000f8300000)
  object space 134144K, 38% used [0x00000000f0000000,0x00000000f3299618,0x00000000f8300000)
 Metaspace       used 52811K, capacity 55956K, committed 56192K, reserved 1097728K
  class space    used 6448K, capacity 6998K, committed 7040K, reserved 1048576K
}
{Heap before GC invocations=511 (full 0):
 PSYoungGen      total 127488K, used 127360K [0x00000000f8300000, 0x0000000100000000, 0x0000000100000000)
  eden space 126976K, 100% used [0x00000000f8300000,0x00000000fff00000,0x00000000fff00000)
  from space 512K, 75% used [0x00000000fff80000,0x00000000fffe0000,0x0000000100000000)
  to   space 512K, 0% used [0x00000000fff00000,0x00000000fff00000,0x00000000fff80000)
 ParOldGen       total 134144K, used 51813K [0x00000000f0000000, 0x00000000f8300000, 0x00000000f8300000)
  object space 134144K, 38% used [0x00000000f0000000,0x00000000f3299618,0x00000000f8300000)
 Metaspace       used 52811K, capacity 55956K, committed 56192K, reserved 1097728K
  class space    used 6448K, capacity 6998K, committed 7040K, reserved 1048576K
2023-10-03T01:15:20.603+0800: 520.307: [GC (Allocation Failure) [PSYoungGen: 127360K->352K(127488K)] 179173K->52229K(261632K), 0.0068531 secs] [Times: user=0.03 sys=0.00, real=0.00 secs] 
Heap after GC invocations=511 (full 0):
 PSYoungGen      total 127488K, used 352K [0x00000000f8300000, 0x0000000100000000, 0x0000000100000000)
  eden space 126976K, 0% used [0x00000000f8300000,0x00000000f8300000,0x00000000fff00000)
  from space 512K, 68% used [0x00000000fff00000,0x00000000fff58000,0x00000000fff80000)
  to   space 512K, 0% used [0x00000000fff80000,0x00000000fff80000,0x0000000100000000)
 ParOldGen       total 134144K, used 51877K [0x00000000f0000000, 0x00000000f8300000, 0x00000000f8300000)
  object space 134144K, 38% used [0x00000000f0000000,0x00000000f32a9618,0x00000000f8300000)
 Metaspace       used 52811K, capacity 55956K, committed 56192K, reserved 1097728K
  class space    used 6448K, capacity 6998K, committed 7040K, reserved 1048576K
}
{Heap before GC invocations=512 (full 0):
 PSYoungGen      total 127488K, used 127328K [0x00000000f8300000, 0x0000000100000000, 0x0000000100000000)
  eden space 126976K, 100% used [0x00000000f8300000,0x00000000fff00000,0x00000000fff00000)
  from space 512K, 68% used [0x00000000fff00000,0x00000000fff58000,0x00000000fff80000)
  to   space 512K, 0% used [0x00000000fff80000,0x00000000fff80000,0x0000000100000000)
 ParOldGen       total 134144K, used 51877K [0x00000000f0000000, 0x00000000f8300000, 0x00000000f8300000)
  object space 134144K, 38% used [0x00000000f0000000,0x00000000f32a9618,0x00000000f8300000)
 Metaspace       used 52811K, capacity 55956K, committed 56192K, reserved 1097728K
  class space    used 6448K, capacity 6998K, committed 7040K, reserved 1048576K
2023-10-03T01:15:21.239+0800: 520.943: [GC (Allocation Failure) [PSYoungGen: 127328K->416K(127488K)] 179205K->52365K(261632K), 0.0055388 secs] [Times: user=0.03 sys=0.00, real=0.01 secs] 
Heap after GC invocations=512 (full 0):
 PSYoungGen      total 127488K, used 416K [0x00000000f8300000, 0x0000000100000000, 0x0000000100000000)
  eden space 126976K, 0% used [0x00000000f8300000,0x00000000f8300000,0x00000000fff00000)
  from space 512K, 81% used [0x00000000fff80000,0x00000000fffe8000,0x0000000100000000)
  to   space 512K, 0% used [0x00000000fff00000,0x00000000fff00000,0x00000000fff80000)
 ParOldGen       total 134144K, used 51949K [0x00000000f0000000, 0x00000000f8300000, 0x00000000f8300000)
  object space 134144K, 38% used [0x00000000f0000000,0x00000000f32bb618,0x00000000f8300000)
 Metaspace       used 52811K, capacity 55956K, committed 56192K, reserved 1097728K
  class space    used 6448K, capacity 6998K, committed 7040K, reserved 1048576K
}
{Heap before GC invocations=513 (full 0):
 PSYoungGen      total 127488K, used 127392K [0x00000000f8300000, 0x0000000100000000, 0x0000000100000000)
  eden space 126976K, 100% used [0x00000000f8300000,0x00000000fff00000,0x00000000fff00000)
  from space 512K, 81% used [0x00000000fff80000,0x00000000fffe8000,0x0000000100000000)
  to   space 512K, 0% used [0x00000000fff00000,0x00000000fff00000,0x00000000fff80000)
 ParOldGen       total 134144K, used 51949K [0x00000000f0000000, 0x00000000f8300000, 0x00000000f8300000)
  object space 134144K, 38% used [0x00000000f0000000,0x00000000f32bb618,0x00000000f8300000)
 Metaspace       used 52812K, capacity 55956K, committed 56192K, reserved 1097728K
  class space    used 6448K, capacity 6998K, committed 7040K, reserved 1048576K
2023-10-03T01:15:21.889+0800: 521.594: [GC (Allocation Failure) [PSYoungGen: 127392K->352K(127488K)] 179341K->52397K(261632K), 0.0069502 secs] [Times: user=0.03 sys=0.00, real=0.01 secs] 
Heap after GC invocations=513 (full 0):
 PSYoungGen      total 127488K, used 352K [0x00000000f8300000, 0x0000000100000000, 0x0000000100000000)
  eden space 126976K, 0% used [0x00000000f8300000,0x00000000f8300000,0x00000000fff00000)
  from space 512K, 68% used [0x00000000fff00000,0x00000000fff58000,0x00000000fff80000)
  to   space 512K, 0% used [0x00000000fff80000,0x00000000fff80000,0x0000000100000000)
 ParOldGen       total 134144K, used 52045K [0x00000000f0000000, 0x00000000f8300000, 0x00000000f8300000)
  object space 134144K, 38% used [0x00000000f0000000,0x00000000f32d3618,0x00000000f8300000)
 Metaspace       used 52812K, capacity 55956K, committed 56192K, reserved 1097728K
  class space    used 6448K, capacity 6998K, committed 7040K, reserved 1048576K
}
{Heap before GC invocations=514 (full 0):
 PSYoungGen      total 127488K, used 127328K [0x00000000f8300000, 0x0000000100000000, 0x0000000100000000)
  eden space 126976K, 100% used [0x00000000f8300000,0x00000000fff00000,0x00000000fff00000)
  from space 512K, 68% used [0x00000000fff00000,0x00000000fff58000,0x00000000fff80000)
  to   space 512K, 0% used [0x00000000fff80000,0x00000000fff80000,0x0000000100000000)
 ParOldGen       total 134144K, used 52045K [0x00000000f0000000, 0x00000000f8300000, 0x00000000f8300000)
  object space 134144K, 38% used [0x00000000f0000000,0x00000000f32d3618,0x00000000f8300000)
 Metaspace       used 52812K, capacity 55956K, committed 56192K, reserved 1097728K
  class space    used 6448K, capacity 6998K, committed 7040K, reserved 1048576K
2023-10-03T01:15:22.532+0800: 522.237: [GC (Allocation Failure) [PSYoungGen: 127328K->416K(127488K)] 179373K->52525K(261632K), 0.0062801 secs] [Times: user=0.03 sys=0.00, real=0.00 secs] 
Heap after GC invocations=514 (full 0):
 PSYoungGen      total 127488K, used 416K [0x00000000f8300000, 0x0000000100000000, 0x0000000100000000)
  eden space 126976K, 0% used [0x00000000f8300000,0x00000000f8300000,0x00000000fff00000)
  from space 512K, 81% used [0x00000000fff80000,0x00000000fffe8000,0x0000000100000000)
  to   space 512K, 0% used [0x00000000fff00000,0x00000000fff00000,0x00000000fff80000)
 ParOldGen       total 134144K, used 52109K [0x00000000f0000000, 0x00000000f8300000, 0x00000000f8300000)
  object space 134144K, 38% used [0x00000000f0000000,0x00000000f32e3618,0x00000000f8300000)
 Metaspace       used 52812K, capacity 55956K, committed 56192K, reserved 1097728K
  class space    used 6448K, capacity 6998K, committed 7040K, reserved 1048576K
}
{Heap before GC invocations=515 (full 0):
 PSYoungGen      total 127488K, used 127392K [0x00000000f8300000, 0x0000000100000000, 0x0000000100000000)
  eden space 126976K, 100% used [0x00000000f8300000,0x00000000fff00000,0x00000000fff00000)
  from space 512K, 81% used [0x00000000fff80000,0x00000000fffe8000,0x0000000100000000)
  to   space 512K, 0% used [0x00000000fff00000,0x00000000fff00000,0x00000000fff80000)
 ParOldGen       total 134144K, used 52109K [0x00000000f0000000, 0x00000000f8300000, 0x00000000f8300000)
  object space 134144K, 38% used [0x00000000f0000000,0x00000000f32e3618,0x00000000f8300000)
 Metaspace       used 52812K, capacity 55956K, committed 56192K, reserved 1097728K
  class space    used 6448K, capacity 6998K, committed 7040K, reserved 1048576K
2023-10-03T01:15:23.160+0800: 522.865: [GC (Allocation Failure) [PSYoungGen: 127392K->320K(127488K)] 179501K->52509K(261632K), 0.0064148 secs] [Times: user=0.03 sys=0.00, real=0.01 secs] 
Heap after GC invocations=515 (full 0):
 PSYoungGen      total 127488K, used 320K [0x00000000f8300000, 0x0000000100000000, 0x0000000100000000)
  eden space 126976K, 0% used [0x00000000f8300000,0x00000000f8300000,0x00000000fff00000)
  from space 512K, 62% used [0x00000000fff00000,0x00000000fff50000,0x00000000fff80000)
  to   space 512K, 0% used [0x00000000fff80000,0x00000000fff80000,0x0000000100000000)
 ParOldGen       total 134144K, used 52189K [0x00000000f0000000, 0x00000000f8300000, 0x00000000f8300000)
  object space 134144K, 38% used [0x00000000f0000000,0x00000000f32f7618,0x00000000f8300000)
 Metaspace       used 52812K, capacity 55956K, committed 56192K, reserved 1097728K
  class space    used 6448K, capacity 6998K, committed 7040K, reserved 1048576K
}
{Heap before GC invocations=516 (full 0):
 PSYoungGen      total 127488K, used 127296K [0x00000000f8300000, 0x0000000100000000, 0x0000000100000000)
  eden space 126976K, 100% used [0x00000000f8300000,0x00000000fff00000,0x00000000fff00000)
  from space 512K, 62% used [0x00000000fff00000,0x00000000fff50000,0x00000000fff80000)
  to   space 512K, 0% used [0x00000000fff80000,0x00000000fff80000,0x0000000100000000)
 ParOldGen       total 134144K, used 52189K [0x00000000f0000000, 0x00000000f8300000, 0x00000000f8300000)
  object space 134144K, 38% used [0x00000000f0000000,0x00000000f32f7618,0x00000000f8300000)
 Metaspace       used 52812K, capacity 55956K, committed 56192K, reserved 1097728K
  class space    used 6448K, capacity 6998K, committed 7040K, reserved 1048576K
2023-10-03T01:15:23.805+0800: 523.509: [GC (Allocation Failure) [PSYoungGen: 127296K->352K(127488K)] 179485K->52613K(261632K), 0.0074164 secs] [Times: user=0.03 sys=0.00, real=0.01 secs] 
Heap after GC invocations=516 (full 0):
 PSYoungGen      total 127488K, used 352K [0x00000000f8300000, 0x0000000100000000, 0x0000000100000000)
  eden space 126976K, 0% used [0x00000000f8300000,0x00000000f8300000,0x00000000fff00000)
  from space 512K, 68% used [0x00000000fff80000,0x00000000fffd8000,0x0000000100000000)
  to   space 512K, 0% used [0x00000000fff00000,0x00000000fff00000,0x00000000fff80000)
 ParOldGen       total 134144K, used 52261K [0x00000000f0000000, 0x00000000f8300000, 0x00000000f8300000)
  object space 134144K, 38% used [0x00000000f0000000,0x00000000f3309618,0x00000000f8300000)
 Metaspace       used 52812K, capacity 55956K, committed 56192K, reserved 1097728K
  class space    used 6448K, capacity 6998K, committed 7040K, reserved 1048576K
}
{Heap before GC invocations=517 (full 0):
 PSYoungGen      total 127488K, used 127328K [0x00000000f8300000, 0x0000000100000000, 0x0000000100000000)
  eden space 126976K, 100% used [0x00000000f8300000,0x00000000fff00000,0x00000000fff00000)
  from space 512K, 68% used [0x00000000fff80000,0x00000000fffd8000,0x0000000100000000)
  to   space 512K, 0% used [0x00000000fff00000,0x00000000fff00000,0x00000000fff80000)
 ParOldGen       total 134144K, used 52261K [0x00000000f0000000, 0x00000000f8300000, 0x00000000f8300000)
  object space 134144K, 38% used [0x00000000f0000000,0x00000000f3309618,0x00000000f8300000)
 Metaspace       used 52833K, capacity 55956K, committed 56192K, reserved 1097728K
  class space    used 6448K, capacity 6998K, committed 7040K, reserved 1048576K
2023-10-03T01:15:24.410+0800: 524.115: [GC (Allocation Failure) [PSYoungGen: 127328K->352K(127488K)] 179589K->52701K(261632K), 0.0060037 secs] [Times: user=0.03 sys=0.00, real=0.02 secs] 
Heap after GC invocations=517 (full 0):
 PSYoungGen      total 127488K, used 352K [0x00000000f8300000, 0x0000000100000000, 0x0000000100000000)
  eden space 126976K, 0% used [0x00000000f8300000,0x00000000f8300000,0x00000000fff00000)
  from space 512K, 68% used [0x00000000fff00000,0x00000000fff58000,0x00000000fff80000)
  to   space 512K, 0% used [0x00000000fff80000,0x00000000fff80000,0x0000000100000000)
 ParOldGen       total 134144K, used 52349K [0x00000000f0000000, 0x00000000f8300000, 0x00000000f8300000)
  object space 134144K, 39% used [0x00000000f0000000,0x00000000f331f618,0x00000000f8300000)
 Metaspace       used 52833K, capacity 55956K, committed 56192K, reserved 1097728K
  class space    used 6448K, capacity 6998K, committed 7040K, reserved 1048576K
}
{Heap before GC invocations=518 (full 0):
 PSYoungGen      total 127488K, used 127328K [0x00000000f8300000, 0x0000000100000000, 0x0000000100000000)
  eden space 126976K, 100% used [0x00000000f8300000,0x00000000fff00000,0x00000000fff00000)
  from space 512K, 68% used [0x00000000fff00000,0x00000000fff58000,0x00000000fff80000)
  to   space 512K, 0% used [0x00000000fff80000,0x00000000fff80000,0x0000000100000000)
 ParOldGen       total 134144K, used 52349K [0x00000000f0000000, 0x00000000f8300000, 0x00000000f8300000)
  object space 134144K, 39% used [0x00000000f0000000,0x00000000f331f618,0x00000000f8300000)
 Metaspace       used 52833K, capacity 55956K, committed 56192K, reserved 1097728K
  class space    used 6448K, capacity 6998K, committed 7040K, reserved 1048576K
2023-10-03T01:15:25.065+0800: 524.770: [GC (Allocation Failure) [PSYoungGen: 127328K->320K(127488K)] 179677K->52749K(261632K), 0.0062977 secs] [Times: user=0.03 sys=0.00, real=0.01 secs] 
Heap after GC invocations=518 (full 0):
 PSYoungGen      total 127488K, used 320K [0x00000000f8300000, 0x0000000100000000, 0x0000000100000000)
  eden space 126976K, 0% used [0x00000000f8300000,0x00000000f8300000,0x00000000fff00000)
  from space 512K, 62% used [0x00000000fff80000,0x00000000fffd0000,0x0000000100000000)
  to   space 512K, 0% used [0x00000000fff00000,0x00000000fff00000,0x00000000fff80000)
 ParOldGen       total 134144K, used 52429K [0x00000000f0000000, 0x00000000f8300000, 0x00000000f8300000)
  object space 134144K, 39% used [0x00000000f0000000,0x00000000f3333618,0x00000000f8300000)
 Metaspace       used 52833K, capacity 55956K, committed 56192K, reserved 1097728K
  class space    used 6448K, capacity 6998K, committed 7040K, reserved 1048576K
}
{Heap before GC invocations=519 (full 0):
 PSYoungGen      total 127488K, used 127296K [0x00000000f8300000, 0x0000000100000000, 0x0000000100000000)
  eden space 126976K, 100% used [0x00000000f8300000,0x00000000fff00000,0x00000000fff00000)
  from space 512K, 62% used [0x00000000fff80000,0x00000000fffd0000,0x0000000100000000)
  to   space 512K, 0% used [0x00000000fff00000,0x00000000fff00000,0x00000000fff80000)
 ParOldGen       total 134144K, used 52429K [0x00000000f0000000, 0x00000000f8300000, 0x00000000f8300000)
  object space 134144K, 39% used [0x00000000f0000000,0x00000000f3333618,0x00000000f8300000)
 Metaspace       used 52833K, capacity 55956K, committed 56192K, reserved 1097728K
  class space    used 6448K, capacity 6998K, committed 7040K, reserved 1048576K
2023-10-03T01:15:25.724+0800: 525.429: [GC (Allocation Failure) [PSYoungGen: 127296K->384K(127488K)] 179725K->52861K(261632K), 0.0061418 secs] [Times: user=0.03 sys=0.00, real=0.00 secs] 
Heap after GC invocations=519 (full 0):
 PSYoungGen      total 127488K, used 384K [0x00000000f8300000, 0x0000000100000000, 0x0000000100000000)
  eden space 126976K, 0% used [0x00000000f8300000,0x00000000f8300000,0x00000000fff00000)
  from space 512K, 75% used [0x00000000fff00000,0x00000000fff60000,0x00000000fff80000)
  to   space 512K, 0% used [0x00000000fff80000,0x00000000fff80000,0x0000000100000000)
 ParOldGen       total 134144K, used 52477K [0x00000000f0000000, 0x00000000f8300000, 0x00000000f8300000)
  object space 134144K, 39% used [0x00000000f0000000,0x00000000f333f618,0x00000000f8300000)
 Metaspace       used 52833K, capacity 55956K, committed 56192K, reserved 1097728K
  class space    used 6448K, capacity 6998K, committed 7040K, reserved 1048576K
}
{Heap before GC invocations=520 (full 0):
 PSYoungGen      total 127488K, used 127360K [0x00000000f8300000, 0x0000000100000000, 0x0000000100000000)
  eden space 126976K, 100% used [0x00000000f8300000,0x00000000fff00000,0x00000000fff00000)
  from space 512K, 75% used [0x00000000fff00000,0x00000000fff60000,0x00000000fff80000)
  to   space 512K, 0% used [0x00000000fff80000,0x00000000fff80000,0x0000000100000000)
 ParOldGen       total 134144K, used 52477K [0x00000000f0000000, 0x00000000f8300000, 0x00000000f8300000)
  object space 134144K, 39% used [0x00000000f0000000,0x00000000f333f618,0x00000000f8300000)
 Metaspace       used 52833K, capacity 55956K, committed 56192K, reserved 1097728K
  class space    used 6448K, capacity 6998K, committed 7040K, reserved 1048576K
2023-10-03T01:15:26.356+0800: 526.061: [GC (Allocation Failure) [PSYoungGen: 127360K->320K(127488K)] 179837K->52893K(261632K), 0.0062404 secs] [Times: user=0.03 sys=0.00, real=0.01 secs] 
Heap after GC invocations=520 (full 0):
 PSYoungGen      total 127488K, used 320K [0x00000000f8300000, 0x0000000100000000, 0x0000000100000000)
  eden space 126976K, 0% used [0x00000000f8300000,0x00000000f8300000,0x00000000fff00000)
  from space 512K, 62% used [0x00000000fff80000,0x00000000fffd0000,0x0000000100000000)
  to   space 512K, 0% used [0x00000000fff00000,0x00000000fff00000,0x00000000fff80000)
 ParOldGen       total 134144K, used 52573K [0x00000000f0000000, 0x00000000f8300000, 0x00000000f8300000)
  object space 134144K, 39% used [0x00000000f0000000,0x00000000f3357618,0x00000000f8300000)
 Metaspace       used 52833K, capacity 55956K, committed 56192K, reserved 1097728K
  class space    used 6448K, capacity 6998K, committed 7040K, reserved 1048576K
}
{Heap before GC invocations=521 (full 0):
 PSYoungGen      total 127488K, used 127296K [0x00000000f8300000, 0x0000000100000000, 0x0000000100000000)
  eden space 126976K, 100% used [0x00000000f8300000,0x00000000fff00000,0x00000000fff00000)
  from space 512K, 62% used [0x00000000fff80000,0x00000000fffd0000,0x0000000100000000)
  to   space 512K, 0% used [0x00000000fff00000,0x00000000fff00000,0x00000000fff80000)
 ParOldGen       total 134144K, used 52573K [0x00000000f0000000, 0x00000000f8300000, 0x00000000f8300000)
  object space 134144K, 39% used [0x00000000f0000000,0x00000000f3357618,0x00000000f8300000)
 Metaspace       used 52833K, capacity 55956K, committed 56192K, reserved 1097728K
  class space    used 6448K, capacity 6998K, committed 7040K, reserved 1048576K
2023-10-03T01:15:27.007+0800: 526.711: [GC (Allocation Failure) [PSYoungGen: 127296K->352K(127488K)] 179869K->52997K(261632K), 0.0063469 secs] [Times: user=0.03 sys=0.00, real=0.01 secs] 
Heap after GC invocations=521 (full 0):
 PSYoungGen      total 127488K, used 352K [0x00000000f8300000, 0x0000000100000000, 0x0000000100000000)
  eden space 126976K, 0% used [0x00000000f8300000,0x00000000f8300000,0x00000000fff00000)
  from space 512K, 68% used [0x00000000fff00000,0x00000000fff58000,0x00000000fff80000)
  to   space 512K, 0% used [0x00000000fff80000,0x00000000fff80000,0x0000000100000000)
 ParOldGen       total 134144K, used 52645K [0x00000000f0000000, 0x00000000f8300000, 0x00000000f8300000)
  object space 134144K, 39% used [0x00000000f0000000,0x00000000f3369618,0x00000000f8300000)
 Metaspace       used 52833K, capacity 55956K, committed 56192K, reserved 1097728K
  class space    used 6448K, capacity 6998K, committed 7040K, reserved 1048576K
}
{Heap before GC invocations=522 (full 0):
 PSYoungGen      total 127488K, used 127328K [0x00000000f8300000, 0x0000000100000000, 0x0000000100000000)
  eden space 126976K, 100% used [0x00000000f8300000,0x00000000fff00000,0x00000000fff00000)
  from space 512K, 68% used [0x00000000fff00000,0x00000000fff58000,0x00000000fff80000)
  to   space 512K, 0% used [0x00000000fff80000,0x00000000fff80000,0x0000000100000000)
 ParOldGen       total 134144K, used 52645K [0x00000000f0000000, 0x00000000f8300000, 0x00000000f8300000)
  object space 134144K, 39% used [0x00000000f0000000,0x00000000f3369618,0x00000000f8300000)
 Metaspace       used 52833K, capacity 55956K, committed 56192K, reserved 1097728K
  class space    used 6448K, capacity 6998K, committed 7040K, reserved 1048576K
2023-10-03T01:15:27.648+0800: 527.353: [GC (Allocation Failure) [PSYoungGen: 127328K->320K(127488K)] 179973K->53045K(261632K), 0.0062269 secs] [Times: user=0.02 sys=0.01, real=0.01 secs] 
Heap after GC invocations=522 (full 0):
 PSYoungGen      total 127488K, used 320K [0x00000000f8300000, 0x0000000100000000, 0x0000000100000000)
  eden space 126976K, 0% used [0x00000000f8300000,0x00000000f8300000,0x00000000fff00000)
  from space 512K, 62% used [0x00000000fff80000,0x00000000fffd0000,0x0000000100000000)
  to   space 512K, 0% used [0x00000000fff00000,0x00000000fff00000,0x00000000fff80000)
 ParOldGen       total 134144K, used 52725K [0x00000000f0000000, 0x00000000f8300000, 0x00000000f8300000)
  object space 134144K, 39% used [0x00000000f0000000,0x00000000f337d618,0x00000000f8300000)
 Metaspace       used 52833K, capacity 55956K, committed 56192K, reserved 1097728K
  class space    used 6448K, capacity 6998K, committed 7040K, reserved 1048576K
}
{Heap before GC invocations=523 (full 0):
 PSYoungGen      total 127488K, used 127296K [0x00000000f8300000, 0x0000000100000000, 0x0000000100000000)
  eden space 126976K, 100% used [0x00000000f8300000,0x00000000fff00000,0x00000000fff00000)
  from space 512K, 62% used [0x00000000fff80000,0x00000000fffd0000,0x0000000100000000)
  to   space 512K, 0% used [0x00000000fff00000,0x00000000fff00000,0x00000000fff80000)
 ParOldGen       total 134144K, used 52725K [0x00000000f0000000, 0x00000000f8300000, 0x00000000f8300000)
  object space 134144K, 39% used [0x00000000f0000000,0x00000000f337d618,0x00000000f8300000)
 Metaspace       used 52833K, capacity 55956K, committed 56192K, reserved 1097728K
  class space    used 6448K, capacity 6998K, committed 7040K, reserved 1048576K
2023-10-03T01:15:28.297+0800: 528.002: [GC (Allocation Failure) [PSYoungGen: 127296K->432K(127488K)] 180021K->53213K(261632K), 0.0061302 secs] [Times: user=0.03 sys=0.00, real=0.01 secs] 
Heap after GC invocations=523 (full 0):
 PSYoungGen      total 127488K, used 432K [0x00000000f8300000, 0x0000000100000000, 0x0000000100000000)
  eden space 126976K, 0% used [0x00000000f8300000,0x00000000f8300000,0x00000000fff00000)
  from space 512K, 84% used [0x00000000fff00000,0x00000000fff6c010,0x00000000fff80000)
  to   space 512K, 0% used [0x00000000fff80000,0x00000000fff80000,0x0000000100000000)
 ParOldGen       total 134144K, used 52781K [0x00000000f0000000, 0x00000000f8300000, 0x00000000f8300000)
  object space 134144K, 39% used [0x00000000f0000000,0x00000000f338b618,0x00000000f8300000)
 Metaspace       used 52833K, capacity 55956K, committed 56192K, reserved 1097728K
  class space    used 6448K, capacity 6998K, committed 7040K, reserved 1048576K
}
{Heap before GC invocations=524 (full 0):
 PSYoungGen      total 127488K, used 127408K [0x00000000f8300000, 0x0000000100000000, 0x0000000100000000)
  eden space 126976K, 100% used [0x00000000f8300000,0x00000000fff00000,0x00000000fff00000)
  from space 512K, 84% used [0x00000000fff00000,0x00000000fff6c010,0x00000000fff80000)
  to   space 512K, 0% used [0x00000000fff80000,0x00000000fff80000,0x0000000100000000)
 ParOldGen       total 134144K, used 52781K [0x00000000f0000000, 0x00000000f8300000, 0x00000000f8300000)
  object space 134144K, 39% used [0x00000000f0000000,0x00000000f338b618,0x00000000f8300000)
 Metaspace       used 52833K, capacity 55956K, committed 56192K, reserved 1097728K
  class space    used 6448K, capacity 6998K, committed 7040K, reserved 1048576K
2023-10-03T01:15:28.942+0800: 528.646: [GC (Allocation Failure) [PSYoungGen: 127408K->352K(127488K)] 180189K->53317K(261632K), 0.0074593 secs] [Times: user=0.03 sys=0.00, real=0.01 secs] 
Heap after GC invocations=524 (full 0):
 PSYoungGen      total 127488K, used 352K [0x00000000f8300000, 0x0000000100000000, 0x0000000100000000)
  eden space 126976K, 0% used [0x00000000f8300000,0x00000000f8300000,0x00000000fff00000)
  from space 512K, 68% used [0x00000000fff80000,0x00000000fffd8000,0x0000000100000000)
  to   space 512K, 0% used [0x00000000fff00000,0x00000000fff00000,0x00000000fff80000)
 ParOldGen       total 134144K, used 52965K [0x00000000f0000000, 0x00000000f8300000, 0x00000000f8300000)
  object space 134144K, 39% used [0x00000000f0000000,0x00000000f33b9518,0x00000000f8300000)
 Metaspace       used 52833K, capacity 55956K, committed 56192K, reserved 1097728K
  class space    used 6448K, capacity 6998K, committed 7040K, reserved 1048576K
}
{Heap before GC invocations=525 (full 0):
 PSYoungGen      total 127488K, used 127328K [0x00000000f8300000, 0x0000000100000000, 0x0000000100000000)
  eden space 126976K, 100% used [0x00000000f8300000,0x00000000fff00000,0x00000000fff00000)
  from space 512K, 68% used [0x00000000fff80000,0x00000000fffd8000,0x0000000100000000)
  to   space 512K, 0% used [0x00000000fff00000,0x00000000fff00000,0x00000000fff80000)
 ParOldGen       total 134144K, used 52965K [0x00000000f0000000, 0x00000000f8300000, 0x00000000f8300000)
  object space 134144K, 39% used [0x00000000f0000000,0x00000000f33b9518,0x00000000f8300000)
 Metaspace       used 52833K, capacity 55956K, committed 56192K, reserved 1097728K
  class space    used 6448K, capacity 6998K, committed 7040K, reserved 1048576K
2023-10-03T01:15:29.592+0800: 529.297: [GC (Allocation Failure) [PSYoungGen: 127328K->320K(127488K)] 180293K->53357K(261632K), 0.0066676 secs] [Times: user=0.03 sys=0.00, real=0.01 secs] 
Heap after GC invocations=525 (full 0):
 PSYoungGen      total 127488K, used 320K [0x00000000f8300000, 0x0000000100000000, 0x0000000100000000)
  eden space 126976K, 0% used [0x00000000f8300000,0x00000000f8300000,0x00000000fff00000)
  from space 512K, 62% used [0x00000000fff00000,0x00000000fff50000,0x00000000fff80000)
  to   space 512K, 0% used [0x00000000fff80000,0x00000000fff80000,0x0000000100000000)
 ParOldGen       total 134144K, used 53037K [0x00000000f0000000, 0x00000000f8300000, 0x00000000f8300000)
  object space 134144K, 39% used [0x00000000f0000000,0x00000000f33cb518,0x00000000f8300000)
 Metaspace       used 52833K, capacity 55956K, committed 56192K, reserved 1097728K
  class space    used 6448K, capacity 6998K, committed 7040K, reserved 1048576K
}
{Heap before GC invocations=526 (full 0):
 PSYoungGen      total 127488K, used 127296K [0x00000000f8300000, 0x0000000100000000, 0x0000000100000000)
  eden space 126976K, 100% used [0x00000000f8300000,0x00000000fff00000,0x00000000fff00000)
  from space 512K, 62% used [0x00000000fff00000,0x00000000fff50000,0x00000000fff80000)
  to   space 512K, 0% used [0x00000000fff80000,0x00000000fff80000,0x0000000100000000)
 ParOldGen       total 134144K, used 53037K [0x00000000f0000000, 0x00000000f8300000, 0x00000000f8300000)
  object space 134144K, 39% used [0x00000000f0000000,0x00000000f33cb518,0x00000000f8300000)
 Metaspace       used 52833K, capacity 55956K, committed 56192K, reserved 1097728K
  class space    used 6448K, capacity 6998K, committed 7040K, reserved 1048576K
2023-10-03T01:15:30.233+0800: 529.938: [GC (Allocation Failure) [PSYoungGen: 127296K->320K(127488K)] 180333K->53421K(261632K), 0.0062956 secs] [Times: user=0.03 sys=0.00, real=0.00 secs] 
Heap after GC invocations=526 (full 0):
 PSYoungGen      total 127488K, used 320K [0x00000000f8300000, 0x0000000100000000, 0x0000000100000000)
  eden space 126976K, 0% used [0x00000000f8300000,0x00000000f8300000,0x00000000fff00000)
  from space 512K, 62% used [0x00000000fff80000,0x00000000fffd0000,0x0000000100000000)
  to   space 512K, 0% used [0x00000000fff00000,0x00000000fff00000,0x00000000fff80000)
 ParOldGen       total 134144K, used 53101K [0x00000000f0000000, 0x00000000f8300000, 0x00000000f8300000)
  object space 134144K, 39% used [0x00000000f0000000,0x00000000f33db518,0x00000000f8300000)
 Metaspace       used 52833K, capacity 55956K, committed 56192K, reserved 1097728K
  class space    used 6448K, capacity 6998K, committed 7040K, reserved 1048576K
}
{Heap before GC invocations=527 (full 0):
 PSYoungGen      total 127488K, used 127296K [0x00000000f8300000, 0x0000000100000000, 0x0000000100000000)
  eden space 126976K, 100% used [0x00000000f8300000,0x00000000fff00000,0x00000000fff00000)
  from space 512K, 62% used [0x00000000fff80000,0x00000000fffd0000,0x0000000100000000)
  to   space 512K, 0% used [0x00000000fff00000,0x00000000fff00000,0x00000000fff80000)
 ParOldGen       total 134144K, used 53101K [0x00000000f0000000, 0x00000000f8300000, 0x00000000f8300000)
  object space 134144K, 39% used [0x00000000f0000000,0x00000000f33db518,0x00000000f8300000)
 Metaspace       used 52833K, capacity 55956K, committed 56192K, reserved 1097728K
  class space    used 6448K, capacity 6998K, committed 7040K, reserved 1048576K
2023-10-03T01:15:30.883+0800: 530.587: [GC (Allocation Failure) [PSYoungGen: 127296K->320K(127488K)] 180397K->53501K(261632K), 0.0063477 secs] [Times: user=0.03 sys=0.00, real=0.00 secs] 
Heap after GC invocations=527 (full 0):
 PSYoungGen      total 127488K, used 320K [0x00000000f8300000, 0x0000000100000000, 0x0000000100000000)
  eden space 126976K, 0% used [0x00000000f8300000,0x00000000f8300000,0x00000000fff00000)
  from space 512K, 62% used [0x00000000fff00000,0x00000000fff50000,0x00000000fff80000)
  to   space 512K, 0% used [0x00000000fff80000,0x00000000fff80000,0x0000000100000000)
 ParOldGen       total 134144K, used 53181K [0x00000000f0000000, 0x00000000f8300000, 0x00000000f8300000)
  object space 134144K, 39% used [0x00000000f0000000,0x00000000f33ef518,0x00000000f8300000)
 Metaspace       used 52833K, capacity 55956K, committed 56192K, reserved 1097728K
  class space    used 6448K, capacity 6998K, committed 7040K, reserved 1048576K
}
{Heap before GC invocations=528 (full 0):
 PSYoungGen      total 127488K, used 127296K [0x00000000f8300000, 0x0000000100000000, 0x0000000100000000)
  eden space 126976K, 100% used [0x00000000f8300000,0x00000000fff00000,0x00000000fff00000)
  from space 512K, 62% used [0x00000000fff00000,0x00000000fff50000,0x00000000fff80000)
  to   space 512K, 0% used [0x00000000fff80000,0x00000000fff80000,0x0000000100000000)
 ParOldGen       total 134144K, used 53181K [0x00000000f0000000, 0x00000000f8300000, 0x00000000f8300000)
  object space 134144K, 39% used [0x00000000f0000000,0x00000000f33ef518,0x00000000f8300000)
 Metaspace       used 52833K, capacity 55956K, committed 56192K, reserved 1097728K
  class space    used 6448K, capacity 6998K, committed 7040K, reserved 1048576K
2023-10-03T01:15:31.514+0800: 531.218: [GC (Allocation Failure) [PSYoungGen: 127296K->320K(127488K)] 180477K->53573K(261632K), 0.0063988 secs] [Times: user=0.03 sys=0.00, real=0.00 secs] 
Heap after GC invocations=528 (full 0):
 PSYoungGen      total 127488K, used 320K [0x00000000f8300000, 0x0000000100000000, 0x0000000100000000)
  eden space 126976K, 0% used [0x00000000f8300000,0x00000000f8300000,0x00000000fff00000)
  from space 512K, 62% used [0x00000000fff80000,0x00000000fffd0000,0x0000000100000000)
  to   space 512K, 0% used [0x00000000fff00000,0x00000000fff00000,0x00000000fff80000)
 ParOldGen       total 134144K, used 53253K [0x00000000f0000000, 0x00000000f8300000, 0x00000000f8300000)
  object space 134144K, 39% used [0x00000000f0000000,0x00000000f3401518,0x00000000f8300000)
 Metaspace       used 52833K, capacity 55956K, committed 56192K, reserved 1097728K
  class space    used 6448K, capacity 6998K, committed 7040K, reserved 1048576K
}
{Heap before GC invocations=529 (full 0):
 PSYoungGen      total 127488K, used 127296K [0x00000000f8300000, 0x0000000100000000, 0x0000000100000000)
  eden space 126976K, 100% used [0x00000000f8300000,0x00000000fff00000,0x00000000fff00000)
  from space 512K, 62% used [0x00000000fff80000,0x00000000fffd0000,0x0000000100000000)
  to   space 512K, 0% used [0x00000000fff00000,0x00000000fff00000,0x00000000fff80000)
 ParOldGen       total 134144K, used 53253K [0x00000000f0000000, 0x00000000f8300000, 0x00000000f8300000)
  object space 134144K, 39% used [0x00000000f0000000,0x00000000f3401518,0x00000000f8300000)
 Metaspace       used 52833K, capacity 55956K, committed 56192K, reserved 1097728K
  class space    used 6448K, capacity 6998K, committed 7040K, reserved 1048576K
2023-10-03T01:15:32.161+0800: 531.865: [GC (Allocation Failure) [PSYoungGen: 127296K->384K(127488K)] 180549K->53725K(261632K), 0.0072046 secs] [Times: user=0.00 sys=0.04, real=0.01 secs] 
Heap after GC invocations=529 (full 0):
 PSYoungGen      total 127488K, used 384K [0x00000000f8300000, 0x0000000100000000, 0x0000000100000000)
  eden space 126976K, 0% used [0x00000000f8300000,0x00000000f8300000,0x00000000fff00000)
  from space 512K, 75% used [0x00000000fff00000,0x00000000fff60000,0x00000000fff80000)
  to   space 512K, 0% used [0x00000000fff80000,0x00000000fff80000,0x0000000100000000)
 ParOldGen       total 134144K, used 53341K [0x00000000f0000000, 0x00000000f8300000, 0x00000000f8300000)
  object space 134144K, 39% used [0x00000000f0000000,0x00000000f3417518,0x00000000f8300000)
 Metaspace       used 52833K, capacity 55956K, committed 56192K, reserved 1097728K
  class space    used 6448K, capacity 6998K, committed 7040K, reserved 1048576K
}
{Heap before GC invocations=530 (full 0):
 PSYoungGen      total 127488K, used 127360K [0x00000000f8300000, 0x0000000100000000, 0x0000000100000000)
  eden space 126976K, 100% used [0x00000000f8300000,0x00000000fff00000,0x00000000fff00000)
  from space 512K, 75% used [0x00000000fff00000,0x00000000fff60000,0x00000000fff80000)
  to   space 512K, 0% used [0x00000000fff80000,0x00000000fff80000,0x0000000100000000)
 ParOldGen       total 134144K, used 53341K [0x00000000f0000000, 0x00000000f8300000, 0x00000000f8300000)
  object space 134144K, 39% used [0x00000000f0000000,0x00000000f3417518,0x00000000f8300000)
 Metaspace       used 52833K, capacity 55956K, committed 56192K, reserved 1097728K
  class space    used 6448K, capacity 6998K, committed 7040K, reserved 1048576K
2023-10-03T01:15:32.807+0800: 532.511: [GC (Allocation Failure) [PSYoungGen: 127360K->320K(127488K)] 180701K->53733K(261632K), 0.0056528 secs] [Times: user=0.03 sys=0.00, real=0.01 secs] 
Heap after GC invocations=530 (full 0):
 PSYoungGen      total 127488K, used 320K [0x00000000f8300000, 0x0000000100000000, 0x0000000100000000)
  eden space 126976K, 0% used [0x00000000f8300000,0x00000000f8300000,0x00000000fff00000)
  from space 512K, 62% used [0x00000000fff80000,0x00000000fffd0000,0x0000000100000000)
  to   space 512K, 0% used [0x00000000fff00000,0x00000000fff00000,0x00000000fff80000)
 ParOldGen       total 134144K, used 53413K [0x00000000f0000000, 0x00000000f8300000, 0x00000000f8300000)
  object space 134144K, 39% used [0x00000000f0000000,0x00000000f3429518,0x00000000f8300000)
 Metaspace       used 52833K, capacity 55956K, committed 56192K, reserved 1097728K
  class space    used 6448K, capacity 6998K, committed 7040K, reserved 1048576K
}
{Heap before GC invocations=531 (full 0):
 PSYoungGen      total 127488K, used 127296K [0x00000000f8300000, 0x0000000100000000, 0x0000000100000000)
  eden space 126976K, 100% used [0x00000000f8300000,0x00000000fff00000,0x00000000fff00000)
  from space 512K, 62% used [0x00000000fff80000,0x00000000fffd0000,0x0000000100000000)
  to   space 512K, 0% used [0x00000000fff00000,0x00000000fff00000,0x00000000fff80000)
 ParOldGen       total 134144K, used 53413K [0x00000000f0000000, 0x00000000f8300000, 0x00000000f8300000)
  object space 134144K, 39% used [0x00000000f0000000,0x00000000f3429518,0x00000000f8300000)
 Metaspace       used 52833K, capacity 55956K, committed 56192K, reserved 1097728K
  class space    used 6448K, capacity 6998K, committed 7040K, reserved 1048576K
2023-10-03T01:15:33.444+0800: 533.148: [GC (Allocation Failure) [PSYoungGen: 127296K->320K(127488K)] 180709K->53813K(261632K), 0.0064018 secs] [Times: user=0.04 sys=0.00, real=0.00 secs] 
Heap after GC invocations=531 (full 0):
 PSYoungGen      total 127488K, used 320K [0x00000000f8300000, 0x0000000100000000, 0x0000000100000000)
  eden space 126976K, 0% used [0x00000000f8300000,0x00000000f8300000,0x00000000fff00000)
  from space 512K, 62% used [0x00000000fff00000,0x00000000fff50000,0x00000000fff80000)
  to   space 512K, 0% used [0x00000000fff80000,0x00000000fff80000,0x0000000100000000)
 ParOldGen       total 134144K, used 53493K [0x00000000f0000000, 0x00000000f8300000, 0x00000000f8300000)
  object space 134144K, 39% used [0x00000000f0000000,0x00000000f343d518,0x00000000f8300000)
 Metaspace       used 52833K, capacity 55956K, committed 56192K, reserved 1097728K
  class space    used 6448K, capacity 6998K, committed 7040K, reserved 1048576K
}
{Heap before GC invocations=532 (full 0):
 PSYoungGen      total 127488K, used 127296K [0x00000000f8300000, 0x0000000100000000, 0x0000000100000000)
  eden space 126976K, 100% used [0x00000000f8300000,0x00000000fff00000,0x00000000fff00000)
  from space 512K, 62% used [0x00000000fff00000,0x00000000fff50000,0x00000000fff80000)
  to   space 512K, 0% used [0x00000000fff80000,0x00000000fff80000,0x0000000100000000)
 ParOldGen       total 134144K, used 53493K [0x00000000f0000000, 0x00000000f8300000, 0x00000000f8300000)
  object space 134144K, 39% used [0x00000000f0000000,0x00000000f343d518,0x00000000f8300000)
 Metaspace       used 52833K, capacity 55956K, committed 56192K, reserved 1097728K
  class space    used 6448K, capacity 6998K, committed 7040K, reserved 1048576K
2023-10-03T01:15:34.086+0800: 533.791: [GC (Allocation Failure) [PSYoungGen: 127296K->320K(127488K)] 180789K->53893K(261632K), 0.0060152 secs] [Times: user=0.03 sys=0.00, real=0.01 secs] 
Heap after GC invocations=532 (full 0):
 PSYoungGen      total 127488K, used 320K [0x00000000f8300000, 0x0000000100000000, 0x0000000100000000)
  eden space 126976K, 0% used [0x00000000f8300000,0x00000000f8300000,0x00000000fff00000)
  from space 512K, 62% used [0x00000000fff80000,0x00000000fffd0000,0x0000000100000000)
  to   space 512K, 0% used [0x00000000fff00000,0x00000000fff00000,0x00000000fff80000)
 ParOldGen       total 134144K, used 53573K [0x00000000f0000000, 0x00000000f8300000, 0x00000000f8300000)
  object space 134144K, 39% used [0x00000000f0000000,0x00000000f3451518,0x00000000f8300000)
 Metaspace       used 52833K, capacity 55956K, committed 56192K, reserved 1097728K
  class space    used 6448K, capacity 6998K, committed 7040K, reserved 1048576K
}
{Heap before GC invocations=533 (full 0):
 PSYoungGen      total 127488K, used 127296K [0x00000000f8300000, 0x0000000100000000, 0x0000000100000000)
  eden space 126976K, 100% used [0x00000000f8300000,0x00000000fff00000,0x00000000fff00000)
  from space 512K, 62% used [0x00000000fff80000,0x00000000fffd0000,0x0000000100000000)
  to   space 512K, 0% used [0x00000000fff00000,0x00000000fff00000,0x00000000fff80000)
 ParOldGen       total 134144K, used 53573K [0x00000000f0000000, 0x00000000f8300000, 0x00000000f8300000)
  object space 134144K, 39% used [0x00000000f0000000,0x00000000f3451518,0x00000000f8300000)
 Metaspace       used 52833K, capacity 55956K, committed 56192K, reserved 1097728K
  class space    used 6448K, capacity 6998K, committed 7040K, reserved 1048576K
2023-10-03T01:15:34.696+0800: 534.400: [GC (Allocation Failure) [PSYoungGen: 127296K->384K(127488K)] 180869K->54021K(261632K), 0.0062753 secs] [Times: user=0.03 sys=0.00, real=0.01 secs] 
Heap after GC invocations=533 (full 0):
 PSYoungGen      total 127488K, used 384K [0x00000000f8300000, 0x0000000100000000, 0x0000000100000000)
  eden space 126976K, 0% used [0x00000000f8300000,0x00000000f8300000,0x00000000fff00000)
  from space 512K, 75% used [0x00000000fff00000,0x00000000fff60000,0x00000000fff80000)
  to   space 512K, 0% used [0x00000000fff80000,0x00000000fff80000,0x0000000100000000)
 ParOldGen       total 134144K, used 53637K [0x00000000f0000000, 0x00000000f8300000, 0x00000000f8300000)
  object space 134144K, 39% used [0x00000000f0000000,0x00000000f3461518,0x00000000f8300000)
 Metaspace       used 52833K, capacity 55956K, committed 56192K, reserved 1097728K
  class space    used 6448K, capacity 6998K, committed 7040K, reserved 1048576K
}
{Heap before GC invocations=534 (full 0):
 PSYoungGen      total 127488K, used 127360K [0x00000000f8300000, 0x0000000100000000, 0x0000000100000000)
  eden space 126976K, 100% used [0x00000000f8300000,0x00000000fff00000,0x00000000fff00000)
  from space 512K, 75% used [0x00000000fff00000,0x00000000fff60000,0x00000000fff80000)
  to   space 512K, 0% used [0x00000000fff80000,0x00000000fff80000,0x0000000100000000)
 ParOldGen       total 134144K, used 53637K [0x00000000f0000000, 0x00000000f8300000, 0x00000000f8300000)
  object space 134144K, 39% used [0x00000000f0000000,0x00000000f3461518,0x00000000f8300000)
 Metaspace       used 52833K, capacity 55956K, committed 56192K, reserved 1097728K
  class space    used 6448K, capacity 6998K, committed 7040K, reserved 1048576K
2023-10-03T01:15:35.342+0800: 535.047: [GC (Allocation Failure) [PSYoungGen: 127360K->384K(127488K)] 180997K->54109K(261632K), 0.0061977 secs] [Times: user=0.03 sys=0.00, real=0.00 secs] 
Heap after GC invocations=534 (full 0):
 PSYoungGen      total 127488K, used 384K [0x00000000f8300000, 0x0000000100000000, 0x0000000100000000)
  eden space 126976K, 0% used [0x00000000f8300000,0x00000000f8300000,0x00000000fff00000)
  from space 512K, 75% used [0x00000000fff80000,0x00000000fffe0000,0x0000000100000000)
  to   space 512K, 0% used [0x00000000fff00000,0x00000000fff00000,0x00000000fff80000)
 ParOldGen       total 134144K, used 53725K [0x00000000f0000000, 0x00000000f8300000, 0x00000000f8300000)
  object space 134144K, 40% used [0x00000000f0000000,0x00000000f3477518,0x00000000f8300000)
 Metaspace       used 52833K, capacity 55956K, committed 56192K, reserved 1097728K
  class space    used 6448K, capacity 6998K, committed 7040K, reserved 1048576K
}
{Heap before GC invocations=535 (full 0):
 PSYoungGen      total 127488K, used 127360K [0x00000000f8300000, 0x0000000100000000, 0x0000000100000000)
  eden space 126976K, 100% used [0x00000000f8300000,0x00000000fff00000,0x00000000fff00000)
  from space 512K, 75% used [0x00000000fff80000,0x00000000fffe0000,0x0000000100000000)
  to   space 512K, 0% used [0x00000000fff00000,0x00000000fff00000,0x00000000fff80000)
 ParOldGen       total 134144K, used 53725K [0x00000000f0000000, 0x00000000f8300000, 0x00000000f8300000)
  object space 134144K, 40% used [0x00000000f0000000,0x00000000f3477518,0x00000000f8300000)
 Metaspace       used 52833K, capacity 55956K, committed 56192K, reserved 1097728K
  class space    used 6448K, capacity 6998K, committed 7040K, reserved 1048576K
2023-10-03T01:15:35.987+0800: 535.691: [GC (Allocation Failure) [PSYoungGen: 127360K->352K(127488K)] 181085K->54157K(261632K), 0.0061718 secs] [Times: user=0.03 sys=0.00, real=0.01 secs] 
Heap after GC invocations=535 (full 0):
 PSYoungGen      total 127488K, used 352K [0x00000000f8300000, 0x0000000100000000, 0x0000000100000000)
  eden space 126976K, 0% used [0x00000000f8300000,0x00000000f8300000,0x00000000fff00000)
  from space 512K, 68% used [0x00000000fff00000,0x00000000fff58000,0x00000000fff80000)
  to   space 512K, 0% used [0x00000000fff80000,0x00000000fff80000,0x0000000100000000)
 ParOldGen       total 134144K, used 53805K [0x00000000f0000000, 0x00000000f8300000, 0x00000000f8300000)
  object space 134144K, 40% used [0x00000000f0000000,0x00000000f348b518,0x00000000f8300000)
 Metaspace       used 52833K, capacity 55956K, committed 56192K, reserved 1097728K
  class space    used 6448K, capacity 6998K, committed 7040K, reserved 1048576K
}
{Heap before GC invocations=536 (full 0):
 PSYoungGen      total 127488K, used 127328K [0x00000000f8300000, 0x0000000100000000, 0x0000000100000000)
  eden space 126976K, 100% used [0x00000000f8300000,0x00000000fff00000,0x00000000fff00000)
  from space 512K, 68% used [0x00000000fff00000,0x00000000fff58000,0x00000000fff80000)
  to   space 512K, 0% used [0x00000000fff80000,0x00000000fff80000,0x0000000100000000)
 ParOldGen       total 134144K, used 53805K [0x00000000f0000000, 0x00000000f8300000, 0x00000000f8300000)
  object space 134144K, 40% used [0x00000000f0000000,0x00000000f348b518,0x00000000f8300000)
 Metaspace       used 52833K, capacity 55956K, committed 56192K, reserved 1097728K
  class space    used 6448K, capacity 6998K, committed 7040K, reserved 1048576K
2023-10-03T01:15:36.633+0800: 536.337: [GC (Allocation Failure) [PSYoungGen: 127328K->384K(127488K)] 181133K->54261K(261632K), 0.0064826 secs] [Times: user=0.03 sys=0.00, real=0.00 secs] 
Heap after GC invocations=536 (full 0):
 PSYoungGen      total 127488K, used 384K [0x00000000f8300000, 0x0000000100000000, 0x0000000100000000)
  eden space 126976K, 0% used [0x00000000f8300000,0x00000000f8300000,0x00000000fff00000)
  from space 512K, 75% used [0x00000000fff80000,0x00000000fffe0000,0x0000000100000000)
  to   space 512K, 0% used [0x00000000fff00000,0x00000000fff00000,0x00000000fff80000)
 ParOldGen       total 134144K, used 53877K [0x00000000f0000000, 0x00000000f8300000, 0x00000000f8300000)
  object space 134144K, 40% used [0x00000000f0000000,0x00000000f349d518,0x00000000f8300000)
 Metaspace       used 52833K, capacity 55956K, committed 56192K, reserved 1097728K
  class space    used 6448K, capacity 6998K, committed 7040K, reserved 1048576K
}
{Heap before GC invocations=537 (full 0):
 PSYoungGen      total 127488K, used 127360K [0x00000000f8300000, 0x0000000100000000, 0x0000000100000000)
  eden space 126976K, 100% used [0x00000000f8300000,0x00000000fff00000,0x00000000fff00000)
  from space 512K, 75% used [0x00000000fff80000,0x00000000fffe0000,0x0000000100000000)
  to   space 512K, 0% used [0x00000000fff00000,0x00000000fff00000,0x00000000fff80000)
 ParOldGen       total 134144K, used 53877K [0x00000000f0000000, 0x00000000f8300000, 0x00000000f8300000)
  object space 134144K, 40% used [0x00000000f0000000,0x00000000f349d518,0x00000000f8300000)
 Metaspace       used 52833K, capacity 55956K, committed 56192K, reserved 1097728K
  class space    used 6448K, capacity 6998K, committed 7040K, reserved 1048576K
2023-10-03T01:15:37.264+0800: 536.969: [GC (Allocation Failure) [PSYoungGen: 127360K->384K(127488K)] 181237K->54333K(261632K), 0.0063009 secs] [Times: user=0.03 sys=0.00, real=0.00 secs] 
Heap after GC invocations=537 (full 0):
 PSYoungGen      total 127488K, used 384K [0x00000000f8300000, 0x0000000100000000, 0x0000000100000000)
  eden space 126976K, 0% used [0x00000000f8300000,0x00000000f8300000,0x00000000fff00000)
  from space 512K, 75% used [0x00000000fff00000,0x00000000fff60000,0x00000000fff80000)
  to   space 512K, 0% used [0x00000000fff80000,0x00000000fff80000,0x0000000100000000)
 ParOldGen       total 134144K, used 53949K [0x00000000f0000000, 0x00000000f8300000, 0x00000000f8300000)
  object space 134144K, 40% used [0x00000000f0000000,0x00000000f34af518,0x00000000f8300000)
 Metaspace       used 52833K, capacity 55956K, committed 56192K, reserved 1097728K
  class space    used 6448K, capacity 6998K, committed 7040K, reserved 1048576K
}
{Heap before GC invocations=538 (full 0):
 PSYoungGen      total 127488K, used 127360K [0x00000000f8300000, 0x0000000100000000, 0x0000000100000000)
  eden space 126976K, 100% used [0x00000000f8300000,0x00000000fff00000,0x00000000fff00000)
  from space 512K, 75% used [0x00000000fff00000,0x00000000fff60000,0x00000000fff80000)
  to   space 512K, 0% used [0x00000000fff80000,0x00000000fff80000,0x0000000100000000)
 ParOldGen       total 134144K, used 53949K [0x00000000f0000000, 0x00000000f8300000, 0x00000000f8300000)
  object space 134144K, 40% used [0x00000000f0000000,0x00000000f34af518,0x00000000f8300000)
 Metaspace       used 52833K, capacity 55956K, committed 56192K, reserved 1097728K
  class space    used 6448K, capacity 6998K, committed 7040K, reserved 1048576K
2023-10-03T01:15:37.908+0800: 537.613: [GC (Allocation Failure) [PSYoungGen: 127360K->416K(127488K)] 181309K->54437K(261632K), 0.0062443 secs] [Times: user=0.02 sys=0.01, real=0.01 secs] 
Heap after GC invocations=538 (full 0):
 PSYoungGen      total 127488K, used 416K [0x00000000f8300000, 0x0000000100000000, 0x0000000100000000)
  eden space 126976K, 0% used [0x00000000f8300000,0x00000000f8300000,0x00000000fff00000)
  from space 512K, 81% used [0x00000000fff80000,0x00000000fffe8000,0x0000000100000000)
  to   space 512K, 0% used [0x00000000fff00000,0x00000000fff00000,0x00000000fff80000)
 ParOldGen       total 134144K, used 54021K [0x00000000f0000000, 0x00000000f8300000, 0x00000000f8300000)
  object space 134144K, 40% used [0x00000000f0000000,0x00000000f34c1518,0x00000000f8300000)
 Metaspace       used 52833K, capacity 55956K, committed 56192K, reserved 1097728K
  class space    used 6448K, capacity 6998K, committed 7040K, reserved 1048576K
}
{Heap before GC invocations=539 (full 0):
 PSYoungGen      total 127488K, used 127392K [0x00000000f8300000, 0x0000000100000000, 0x0000000100000000)
  eden space 126976K, 100% used [0x00000000f8300000,0x00000000fff00000,0x00000000fff00000)
  from space 512K, 81% used [0x00000000fff80000,0x00000000fffe8000,0x0000000100000000)
  to   space 512K, 0% used [0x00000000fff00000,0x00000000fff00000,0x00000000fff80000)
 ParOldGen       total 134144K, used 54021K [0x00000000f0000000, 0x00000000f8300000, 0x00000000f8300000)
  object space 134144K, 40% used [0x00000000f0000000,0x00000000f34c1518,0x00000000f8300000)
 Metaspace       used 52833K, capacity 55956K, committed 56192K, reserved 1097728K
  class space    used 6448K, capacity 6998K, committed 7040K, reserved 1048576K
2023-10-03T01:15:38.545+0800: 538.250: [GC (Allocation Failure) [PSYoungGen: 127392K->352K(127488K)] 181413K->54453K(261632K), 0.0061431 secs] [Times: user=0.02 sys=0.01, real=0.00 secs] 
Heap after GC invocations=539 (full 0):
 PSYoungGen      total 127488K, used 352K [0x00000000f8300000, 0x0000000100000000, 0x0000000100000000)
  eden space 126976K, 0% used [0x00000000f8300000,0x00000000f8300000,0x00000000fff00000)
  from space 512K, 68% used [0x00000000fff00000,0x00000000fff58000,0x00000000fff80000)
  to   space 512K, 0% used [0x00000000fff80000,0x00000000fff80000,0x0000000100000000)
 ParOldGen       total 134144K, used 54101K [0x00000000f0000000, 0x00000000f8300000, 0x00000000f8300000)
  object space 134144K, 40% used [0x00000000f0000000,0x00000000f34d5518,0x00000000f8300000)
 Metaspace       used 52833K, capacity 55956K, committed 56192K, reserved 1097728K
  class space    used 6448K, capacity 6998K, committed 7040K, reserved 1048576K
}
{Heap before GC invocations=540 (full 0):
 PSYoungGen      total 127488K, used 127328K [0x00000000f8300000, 0x0000000100000000, 0x0000000100000000)
  eden space 126976K, 100% used [0x00000000f8300000,0x00000000fff00000,0x00000000fff00000)
  from space 512K, 68% used [0x00000000fff00000,0x00000000fff58000,0x00000000fff80000)
  to   space 512K, 0% used [0x00000000fff80000,0x00000000fff80000,0x0000000100000000)
 ParOldGen       total 134144K, used 54101K [0x00000000f0000000, 0x00000000f8300000, 0x00000000f8300000)
  object space 134144K, 40% used [0x00000000f0000000,0x00000000f34d5518,0x00000000f8300000)
 Metaspace       used 52833K, capacity 55956K, committed 56192K, reserved 1097728K
  class space    used 6448K, capacity 6998K, committed 7040K, reserved 1048576K
2023-10-03T01:15:39.191+0800: 538.895: [GC (Allocation Failure) [PSYoungGen: 127328K->416K(127488K)] 181429K->54589K(261632K), 0.0063394 secs] [Times: user=0.03 sys=0.00, real=0.01 secs] 
Heap after GC invocations=540 (full 0):
 PSYoungGen      total 127488K, used 416K [0x00000000f8300000, 0x0000000100000000, 0x0000000100000000)
  eden space 126976K, 0% used [0x00000000f8300000,0x00000000f8300000,0x00000000fff00000)
  from space 512K, 81% used [0x00000000fff80000,0x00000000fffe8000,0x0000000100000000)
  to   space 512K, 0% used [0x00000000fff00000,0x00000000fff00000,0x00000000fff80000)
 ParOldGen       total 134144K, used 54173K [0x00000000f0000000, 0x00000000f8300000, 0x00000000f8300000)
  object space 134144K, 40% used [0x00000000f0000000,0x00000000f34e7518,0x00000000f8300000)
 Metaspace       used 52833K, capacity 55956K, committed 56192K, reserved 1097728K
  class space    used 6448K, capacity 6998K, committed 7040K, reserved 1048576K
}
{Heap before GC invocations=541 (full 0):
 PSYoungGen      total 127488K, used 127392K [0x00000000f8300000, 0x0000000100000000, 0x0000000100000000)
  eden space 126976K, 100% used [0x00000000f8300000,0x00000000fff00000,0x00000000fff00000)
  from space 512K, 81% used [0x00000000fff80000,0x00000000fffe8000,0x0000000100000000)
  to   space 512K, 0% used [0x00000000fff00000,0x00000000fff00000,0x00000000fff80000)
 ParOldGen       total 134144K, used 54173K [0x00000000f0000000, 0x00000000f8300000, 0x00000000f8300000)
  object space 134144K, 40% used [0x00000000f0000000,0x00000000f34e7518,0x00000000f8300000)
 Metaspace       used 52833K, capacity 55956K, committed 56192K, reserved 1097728K
  class space    used 6448K, capacity 6998K, committed 7040K, reserved 1048576K
2023-10-03T01:15:39.840+0800: 539.545: [GC (Allocation Failure) [PSYoungGen: 127392K->320K(127488K)] 181565K->54557K(261632K), 0.0063342 secs] [Times: user=0.03 sys=0.00, real=0.01 secs] 
Heap after GC invocations=541 (full 0):
 PSYoungGen      total 127488K, used 320K [0x00000000f8300000, 0x0000000100000000, 0x0000000100000000)
  eden space 126976K, 0% used [0x00000000f8300000,0x00000000f8300000,0x00000000fff00000)
  from space 512K, 62% used [0x00000000fff00000,0x00000000fff50000,0x00000000fff80000)
  to   space 512K, 0% used [0x00000000fff80000,0x00000000fff80000,0x0000000100000000)
 ParOldGen       total 134144K, used 54237K [0x00000000f0000000, 0x00000000f8300000, 0x00000000f8300000)
  object space 134144K, 40% used [0x00000000f0000000,0x00000000f34f7518,0x00000000f8300000)
 Metaspace       used 52833K, capacity 55956K, committed 56192K, reserved 1097728K
  class space    used 6448K, capacity 6998K, committed 7040K, reserved 1048576K
}
{Heap before GC invocations=542 (full 0):
 PSYoungGen      total 127488K, used 127296K [0x00000000f8300000, 0x0000000100000000, 0x0000000100000000)
  eden space 126976K, 100% used [0x00000000f8300000,0x00000000fff00000,0x00000000fff00000)
  from space 512K, 62% used [0x00000000fff00000,0x00000000fff50000,0x00000000fff80000)
  to   space 512K, 0% used [0x00000000fff80000,0x00000000fff80000,0x0000000100000000)
 ParOldGen       total 134144K, used 54237K [0x00000000f0000000, 0x00000000f8300000, 0x00000000f8300000)
  object space 134144K, 40% used [0x00000000f0000000,0x00000000f34f7518,0x00000000f8300000)
 Metaspace       used 52833K, capacity 55956K, committed 56192K, reserved 1097728K
  class space    used 6448K, capacity 6998K, committed 7040K, reserved 1048576K
2023-10-03T01:15:40.492+0800: 540.196: [GC (Allocation Failure) [PSYoungGen: 127296K->320K(127488K)] 181533K->54637K(261632K), 0.0061180 secs] [Times: user=0.02 sys=0.01, real=0.00 secs] 
Heap after GC invocations=542 (full 0):
 PSYoungGen      total 127488K, used 320K [0x00000000f8300000, 0x0000000100000000, 0x0000000100000000)
  eden space 126976K, 0% used [0x00000000f8300000,0x00000000f8300000,0x00000000fff00000)
  from space 512K, 62% used [0x00000000fff80000,0x00000000fffd0000,0x0000000100000000)
  to   space 512K, 0% used [0x00000000fff00000,0x00000000fff00000,0x00000000fff80000)
 ParOldGen       total 134144K, used 54317K [0x00000000f0000000, 0x00000000f8300000, 0x00000000f8300000)
  object space 134144K, 40% used [0x00000000f0000000,0x00000000f350b518,0x00000000f8300000)
 Metaspace       used 52833K, capacity 55956K, committed 56192K, reserved 1097728K
  class space    used 6448K, capacity 6998K, committed 7040K, reserved 1048576K
}
{Heap before GC invocations=543 (full 0):
 PSYoungGen      total 127488K, used 127296K [0x00000000f8300000, 0x0000000100000000, 0x0000000100000000)
  eden space 126976K, 100% used [0x00000000f8300000,0x00000000fff00000,0x00000000fff00000)
  from space 512K, 62% used [0x00000000fff80000,0x00000000fffd0000,0x0000000100000000)
  to   space 512K, 0% used [0x00000000fff00000,0x00000000fff00000,0x00000000fff80000)
 ParOldGen       total 134144K, used 54317K [0x00000000f0000000, 0x00000000f8300000, 0x00000000f8300000)
  object space 134144K, 40% used [0x00000000f0000000,0x00000000f350b518,0x00000000f8300000)
 Metaspace       used 52833K, capacity 55956K, committed 56192K, reserved 1097728K
  class space    used 6448K, capacity 6998K, committed 7040K, reserved 1048576K
2023-10-03T01:15:41.137+0800: 540.842: [GC (Allocation Failure) [PSYoungGen: 127296K->352K(127488K)] 181613K->54741K(261632K), 0.0061719 secs] [Times: user=0.03 sys=0.00, real=0.01 secs] 
Heap after GC invocations=543 (full 0):
 PSYoungGen      total 127488K, used 352K [0x00000000f8300000, 0x0000000100000000, 0x0000000100000000)
  eden space 126976K, 0% used [0x00000000f8300000,0x00000000f8300000,0x00000000fff00000)
  from space 512K, 68% used [0x00000000fff00000,0x00000000fff58000,0x00000000fff80000)
  to   space 512K, 0% used [0x00000000fff80000,0x00000000fff80000,0x0000000100000000)
 ParOldGen       total 134144K, used 54389K [0x00000000f0000000, 0x00000000f8300000, 0x00000000f8300000)
  object space 134144K, 40% used [0x00000000f0000000,0x00000000f351d518,0x00000000f8300000)
 Metaspace       used 52833K, capacity 55956K, committed 56192K, reserved 1097728K
  class space    used 6448K, capacity 6998K, committed 7040K, reserved 1048576K
}
{Heap before GC invocations=544 (full 0):
 PSYoungGen      total 127488K, used 127328K [0x00000000f8300000, 0x0000000100000000, 0x0000000100000000)
  eden space 126976K, 100% used [0x00000000f8300000,0x00000000fff00000,0x00000000fff00000)
  from space 512K, 68% used [0x00000000fff00000,0x00000000fff58000,0x00000000fff80000)
  to   space 512K, 0% used [0x00000000fff80000,0x00000000fff80000,0x0000000100000000)
 ParOldGen       total 134144K, used 54389K [0x00000000f0000000, 0x00000000f8300000, 0x00000000f8300000)
  object space 134144K, 40% used [0x00000000f0000000,0x00000000f351d518,0x00000000f8300000)
 Metaspace       used 52833K, capacity 55956K, committed 56192K, reserved 1097728K
  class space    used 6448K, capacity 6998K, committed 7040K, reserved 1048576K
2023-10-03T01:15:41.787+0800: 541.492: [GC (Allocation Failure) [PSYoungGen: 127328K->320K(127488K)] 181717K->54789K(261632K), 0.0065293 secs] [Times: user=0.03 sys=0.00, real=0.01 secs] 
Heap after GC invocations=544 (full 0):
 PSYoungGen      total 127488K, used 320K [0x00000000f8300000, 0x0000000100000000, 0x0000000100000000)
  eden space 126976K, 0% used [0x00000000f8300000,0x00000000f8300000,0x00000000fff00000)
  from space 512K, 62% used [0x00000000fff80000,0x00000000fffd0000,0x0000000100000000)
  to   space 512K, 0% used [0x00000000fff00000,0x00000000fff00000,0x00000000fff80000)
 ParOldGen       total 134144K, used 54469K [0x00000000f0000000, 0x00000000f8300000, 0x00000000f8300000)
  object space 134144K, 40% used [0x00000000f0000000,0x00000000f3531518,0x00000000f8300000)
 Metaspace       used 52833K, capacity 55956K, committed 56192K, reserved 1097728K
  class space    used 6448K, capacity 6998K, committed 7040K, reserved 1048576K
}
{Heap before GC invocations=545 (full 0):
 PSYoungGen      total 127488K, used 127296K [0x00000000f8300000, 0x0000000100000000, 0x0000000100000000)
  eden space 126976K, 100% used [0x00000000f8300000,0x00000000fff00000,0x00000000fff00000)
  from space 512K, 62% used [0x00000000fff80000,0x00000000fffd0000,0x0000000100000000)
  to   space 512K, 0% used [0x00000000fff00000,0x00000000fff00000,0x00000000fff80000)
 ParOldGen       total 134144K, used 54469K [0x00000000f0000000, 0x00000000f8300000, 0x00000000f8300000)
  object space 134144K, 40% used [0x00000000f0000000,0x00000000f3531518,0x00000000f8300000)
 Metaspace       used 52833K, capacity 55956K, committed 56192K, reserved 1097728K
  class space    used 6448K, capacity 6998K, committed 7040K, reserved 1048576K
2023-10-03T01:15:42.430+0800: 542.134: [GC (Allocation Failure) [PSYoungGen: 127296K->352K(127488K)] 181765K->54893K(261632K), 0.0060757 secs] [Times: user=0.03 sys=0.00, real=0.01 secs] 
Heap after GC invocations=545 (full 0):
 PSYoungGen      total 127488K, used 352K [0x00000000f8300000, 0x0000000100000000, 0x0000000100000000)
  eden space 126976K, 0% used [0x00000000f8300000,0x00000000f8300000,0x00000000fff00000)
  from space 512K, 68% used [0x00000000fff00000,0x00000000fff58000,0x00000000fff80000)
  to   space 512K, 0% used [0x00000000fff80000,0x00000000fff80000,0x0000000100000000)
 ParOldGen       total 134144K, used 54541K [0x00000000f0000000, 0x00000000f8300000, 0x00000000f8300000)
  object space 134144K, 40% used [0x00000000f0000000,0x00000000f3543518,0x00000000f8300000)
 Metaspace       used 52833K, capacity 55956K, committed 56192K, reserved 1097728K
  class space    used 6448K, capacity 6998K, committed 7040K, reserved 1048576K
}
{Heap before GC invocations=546 (full 0):
 PSYoungGen      total 127488K, used 127328K [0x00000000f8300000, 0x0000000100000000, 0x0000000100000000)
  eden space 126976K, 100% used [0x00000000f8300000,0x00000000fff00000,0x00000000fff00000)
  from space 512K, 68% used [0x00000000fff00000,0x00000000fff58000,0x00000000fff80000)
  to   space 512K, 0% used [0x00000000fff80000,0x00000000fff80000,0x0000000100000000)
 ParOldGen       total 134144K, used 54541K [0x00000000f0000000, 0x00000000f8300000, 0x00000000f8300000)
  object space 134144K, 40% used [0x00000000f0000000,0x00000000f3543518,0x00000000f8300000)
 Metaspace       used 52836K, capacity 55956K, committed 56192K, reserved 1097728K
  class space    used 6448K, capacity 6998K, committed 7040K, reserved 1048576K
2023-10-03T01:15:43.076+0800: 542.780: [GC (Allocation Failure) [PSYoungGen: 127328K->352K(127488K)] 181869K->54981K(261632K), 0.0062109 secs] [Times: user=0.03 sys=0.00, real=0.01 secs] 
Heap after GC invocations=546 (full 0):
 PSYoungGen      total 127488K, used 352K [0x00000000f8300000, 0x0000000100000000, 0x0000000100000000)
  eden space 126976K, 0% used [0x00000000f8300000,0x00000000f8300000,0x00000000fff00000)
  from space 512K, 68% used [0x00000000fff80000,0x00000000fffd8000,0x0000000100000000)
  to   space 512K, 0% used [0x00000000fff00000,0x00000000fff00000,0x00000000fff80000)
 ParOldGen       total 134144K, used 54629K [0x00000000f0000000, 0x00000000f8300000, 0x00000000f8300000)
  object space 134144K, 40% used [0x00000000f0000000,0x00000000f3559518,0x00000000f8300000)
 Metaspace       used 52836K, capacity 55956K, committed 56192K, reserved 1097728K
  class space    used 6448K, capacity 6998K, committed 7040K, reserved 1048576K
}
{Heap before GC invocations=547 (full 0):
 PSYoungGen      total 127488K, used 127328K [0x00000000f8300000, 0x0000000100000000, 0x0000000100000000)
  eden space 126976K, 100% used [0x00000000f8300000,0x00000000fff00000,0x00000000fff00000)
  from space 512K, 68% used [0x00000000fff80000,0x00000000fffd8000,0x0000000100000000)
  to   space 512K, 0% used [0x00000000fff00000,0x00000000fff00000,0x00000000fff80000)
 ParOldGen       total 134144K, used 54629K [0x00000000f0000000, 0x00000000f8300000, 0x00000000f8300000)
  object space 134144K, 40% used [0x00000000f0000000,0x00000000f3559518,0x00000000f8300000)
 Metaspace       used 52836K, capacity 55956K, committed 56192K, reserved 1097728K
  class space    used 6448K, capacity 6998K, committed 7040K, reserved 1048576K
2023-10-03T01:15:43.718+0800: 543.422: [GC (Allocation Failure) [PSYoungGen: 127328K->320K(127488K)] 181957K->55013K(261632K), 0.0061674 secs] [Times: user=0.03 sys=0.00, real=0.01 secs] 
Heap after GC invocations=547 (full 0):
 PSYoungGen      total 127488K, used 320K [0x00000000f8300000, 0x0000000100000000, 0x0000000100000000)
  eden space 126976K, 0% used [0x00000000f8300000,0x00000000f8300000,0x00000000fff00000)
  from space 512K, 62% used [0x00000000fff00000,0x00000000fff50000,0x00000000fff80000)
  to   space 512K, 0% used [0x00000000fff80000,0x00000000fff80000,0x0000000100000000)
 ParOldGen       total 134144K, used 54693K [0x00000000f0000000, 0x00000000f8300000, 0x00000000f8300000)
  object space 134144K, 40% used [0x00000000f0000000,0x00000000f3569518,0x00000000f8300000)
 Metaspace       used 52836K, capacity 55956K, committed 56192K, reserved 1097728K
  class space    used 6448K, capacity 6998K, committed 7040K, reserved 1048576K
}
{Heap before GC invocations=548 (full 0):
 PSYoungGen      total 127488K, used 127296K [0x00000000f8300000, 0x0000000100000000, 0x0000000100000000)
  eden space 126976K, 100% used [0x00000000f8300000,0x00000000fff00000,0x00000000fff00000)
  from space 512K, 62% used [0x00000000fff00000,0x00000000fff50000,0x00000000fff80000)
  to   space 512K, 0% used [0x00000000fff80000,0x00000000fff80000,0x0000000100000000)
 ParOldGen       total 134144K, used 54693K [0x00000000f0000000, 0x00000000f8300000, 0x00000000f8300000)
  object space 134144K, 40% used [0x00000000f0000000,0x00000000f3569518,0x00000000f8300000)
 Metaspace       used 52836K, capacity 55956K, committed 56192K, reserved 1097728K
  class space    used 6448K, capacity 6998K, committed 7040K, reserved 1048576K
2023-10-03T01:15:44.352+0800: 544.057: [GC (Allocation Failure) [PSYoungGen: 127296K->448K(127488K)] 181989K->55213K(261632K), 0.0066286 secs] [Times: user=0.03 sys=0.00, real=0.00 secs] 
Heap after GC invocations=548 (full 0):
 PSYoungGen      total 127488K, used 448K [0x00000000f8300000, 0x0000000100000000, 0x0000000100000000)
  eden space 126976K, 0% used [0x00000000f8300000,0x00000000f8300000,0x00000000fff00000)
  from space 512K, 87% used [0x00000000fff80000,0x00000000ffff0000,0x0000000100000000)
  to   space 512K, 0% used [0x00000000fff00000,0x00000000fff00000,0x00000000fff80000)
 ParOldGen       total 134144K, used 54765K [0x00000000f0000000, 0x00000000f8300000, 0x00000000f8300000)
  object space 134144K, 40% used [0x00000000f0000000,0x00000000f357b518,0x00000000f8300000)
 Metaspace       used 52836K, capacity 55956K, committed 56192K, reserved 1097728K
  class space    used 6448K, capacity 6998K, committed 7040K, reserved 1048576K
}
{Heap before GC invocations=549 (full 0):
 PSYoungGen      total 127488K, used 127424K [0x00000000f8300000, 0x0000000100000000, 0x0000000100000000)
  eden space 126976K, 100% used [0x00000000f8300000,0x00000000fff00000,0x00000000fff00000)
  from space 512K, 87% used [0x00000000fff80000,0x00000000ffff0000,0x0000000100000000)
  to   space 512K, 0% used [0x00000000fff00000,0x00000000fff00000,0x00000000fff80000)
 ParOldGen       total 134144K, used 54765K [0x00000000f0000000, 0x00000000f8300000, 0x00000000f8300000)
  object space 134144K, 40% used [0x00000000f0000000,0x00000000f357b518,0x00000000f8300000)
 Metaspace       used 52836K, capacity 55956K, committed 56192K, reserved 1097728K
  class space    used 6448K, capacity 6998K, committed 7040K, reserved 1048576K
2023-10-03T01:15:44.970+0800: 544.674: [GC (Allocation Failure) [PSYoungGen: 127424K->320K(127488K)] 182189K->55253K(261632K), 0.0061130 secs] [Times: user=0.03 sys=0.00, real=0.02 secs] 
Heap after GC invocations=549 (full 0):
 PSYoungGen      total 127488K, used 320K [0x00000000f8300000, 0x0000000100000000, 0x0000000100000000)
  eden space 126976K, 0% used [0x00000000f8300000,0x00000000f8300000,0x00000000fff00000)
  from space 512K, 62% used [0x00000000fff00000,0x00000000fff50000,0x00000000fff80000)
  to   space 512K, 0% used [0x00000000fff80000,0x00000000fff80000,0x0000000100000000)
 ParOldGen       total 134144K, used 54933K [0x00000000f0000000, 0x00000000f8300000, 0x00000000f8300000)
  object space 134144K, 40% used [0x00000000f0000000,0x00000000f35a5438,0x00000000f8300000)
 Metaspace       used 52836K, capacity 55956K, committed 56192K, reserved 1097728K
  class space    used 6448K, capacity 6998K, committed 7040K, reserved 1048576K
}
{Heap before GC invocations=550 (full 0):
 PSYoungGen      total 127488K, used 127296K [0x00000000f8300000, 0x0000000100000000, 0x0000000100000000)
  eden space 126976K, 100% used [0x00000000f8300000,0x00000000fff00000,0x00000000fff00000)
  from space 512K, 62% used [0x00000000fff00000,0x00000000fff50000,0x00000000fff80000)
  to   space 512K, 0% used [0x00000000fff80000,0x00000000fff80000,0x0000000100000000)
 ParOldGen       total 134144K, used 54933K [0x00000000f0000000, 0x00000000f8300000, 0x00000000f8300000)
  object space 134144K, 40% used [0x00000000f0000000,0x00000000f35a5438,0x00000000f8300000)
 Metaspace       used 52836K, capacity 55956K, committed 56192K, reserved 1097728K
  class space    used 6448K, capacity 6998K, committed 7040K, reserved 1048576K
2023-10-03T01:15:45.594+0800: 545.299: [GC (Allocation Failure) [PSYoungGen: 127296K->320K(127488K)] 182229K->55325K(261632K), 0.0062822 secs] [Times: user=0.03 sys=0.00, real=0.00 secs] 
Heap after GC invocations=550 (full 0):
 PSYoungGen      total 127488K, used 320K [0x00000000f8300000, 0x0000000100000000, 0x0000000100000000)
  eden space 126976K, 0% used [0x00000000f8300000,0x00000000f8300000,0x00000000fff00000)
  from space 512K, 62% used [0x00000000fff80000,0x00000000fffd0000,0x0000000100000000)
  to   space 512K, 0% used [0x00000000fff00000,0x00000000fff00000,0x00000000fff80000)
 ParOldGen       total 134144K, used 55005K [0x00000000f0000000, 0x00000000f8300000, 0x00000000f8300000)
  object space 134144K, 41% used [0x00000000f0000000,0x00000000f35b7438,0x00000000f8300000)
 Metaspace       used 52836K, capacity 55956K, committed 56192K, reserved 1097728K
  class space    used 6448K, capacity 6998K, committed 7040K, reserved 1048576K
}
{Heap before GC invocations=551 (full 0):
 PSYoungGen      total 127488K, used 127296K [0x00000000f8300000, 0x0000000100000000, 0x0000000100000000)
  eden space 126976K, 100% used [0x00000000f8300000,0x00000000fff00000,0x00000000fff00000)
  from space 512K, 62% used [0x00000000fff80000,0x00000000fffd0000,0x0000000100000000)
  to   space 512K, 0% used [0x00000000fff00000,0x00000000fff00000,0x00000000fff80000)
 ParOldGen       total 134144K, used 55005K [0x00000000f0000000, 0x00000000f8300000, 0x00000000f8300000)
  object space 134144K, 41% used [0x00000000f0000000,0x00000000f35b7438,0x00000000f8300000)
 Metaspace       used 52836K, capacity 55956K, committed 56192K, reserved 1097728K
  class space    used 6448K, capacity 6998K, committed 7040K, reserved 1048576K
2023-10-03T01:15:46.240+0800: 545.944: [GC (Allocation Failure) [PSYoungGen: 127296K->320K(127488K)] 182301K->55413K(261632K), 0.0064219 secs] [Times: user=0.03 sys=0.00, real=0.01 secs] 
Heap after GC invocations=551 (full 0):
 PSYoungGen      total 127488K, used 320K [0x00000000f8300000, 0x0000000100000000, 0x0000000100000000)
  eden space 126976K, 0% used [0x00000000f8300000,0x00000000f8300000,0x00000000fff00000)
  from space 512K, 62% used [0x00000000fff00000,0x00000000fff50000,0x00000000fff80000)
  to   space 512K, 0% used [0x00000000fff80000,0x00000000fff80000,0x0000000100000000)
 ParOldGen       total 134144K, used 55093K [0x00000000f0000000, 0x00000000f8300000, 0x00000000f8300000)
  object space 134144K, 41% used [0x00000000f0000000,0x00000000f35cd438,0x00000000f8300000)
 Metaspace       used 52836K, capacity 55956K, committed 56192K, reserved 1097728K
  class space    used 6448K, capacity 6998K, committed 7040K, reserved 1048576K
}
{Heap before GC invocations=552 (full 0):
 PSYoungGen      total 127488K, used 127296K [0x00000000f8300000, 0x0000000100000000, 0x0000000100000000)
  eden space 126976K, 100% used [0x00000000f8300000,0x00000000fff00000,0x00000000fff00000)
  from space 512K, 62% used [0x00000000fff00000,0x00000000fff50000,0x00000000fff80000)
  to   space 512K, 0% used [0x00000000fff80000,0x00000000fff80000,0x0000000100000000)
 ParOldGen       total 134144K, used 55093K [0x00000000f0000000, 0x00000000f8300000, 0x00000000f8300000)
  object space 134144K, 41% used [0x00000000f0000000,0x00000000f35cd438,0x00000000f8300000)
 Metaspace       used 52836K, capacity 55956K, committed 56192K, reserved 1097728K
  class space    used 6448K, capacity 6998K, committed 7040K, reserved 1048576K
2023-10-03T01:15:47.426+0800: 547.131: [GC (Allocation Failure) [PSYoungGen: 127296K->352K(127488K)] 182389K->55517K(261632K), 0.0060300 secs] [Times: user=0.03 sys=0.00, real=0.01 secs] 
Heap after GC invocations=552 (full 0):
 PSYoungGen      total 127488K, used 352K [0x00000000f8300000, 0x0000000100000000, 0x0000000100000000)
  eden space 126976K, 0% used [0x00000000f8300000,0x00000000f8300000,0x00000000fff00000)
  from space 512K, 68% used [0x00000000fff80000,0x00000000fffd8000,0x0000000100000000)
  to   space 512K, 0% used [0x00000000fff00000,0x00000000fff00000,0x00000000fff80000)
 ParOldGen       total 134144K, used 55165K [0x00000000f0000000, 0x00000000f8300000, 0x00000000f8300000)
  object space 134144K, 41% used [0x00000000f0000000,0x00000000f35df438,0x00000000f8300000)
 Metaspace       used 52836K, capacity 55956K, committed 56192K, reserved 1097728K
  class space    used 6448K, capacity 6998K, committed 7040K, reserved 1048576K
}
{Heap before GC invocations=553 (full 0):
 PSYoungGen      total 127488K, used 127328K [0x00000000f8300000, 0x0000000100000000, 0x0000000100000000)
  eden space 126976K, 100% used [0x00000000f8300000,0x00000000fff00000,0x00000000fff00000)
  from space 512K, 68% used [0x00000000fff80000,0x00000000fffd8000,0x0000000100000000)
  to   space 512K, 0% used [0x00000000fff00000,0x00000000fff00000,0x00000000fff80000)
 ParOldGen       total 134144K, used 55165K [0x00000000f0000000, 0x00000000f8300000, 0x00000000f8300000)
  object space 134144K, 41% used [0x00000000f0000000,0x00000000f35df438,0x00000000f8300000)
 Metaspace       used 52840K, capacity 55956K, committed 56192K, reserved 1097728K
  class space    used 6448K, capacity 6998K, committed 7040K, reserved 1048576K
2023-10-03T01:15:48.062+0800: 547.766: [GC (Allocation Failure) [PSYoungGen: 127328K->496K(127488K)] 182493K->58654K(261632K), 0.0106297 secs] [Times: user=0.07 sys=0.00, real=0.01 secs] 
Heap after GC invocations=553 (full 0):
 PSYoungGen      total 127488K, used 496K [0x00000000f8300000, 0x0000000100000000, 0x0000000100000000)
  eden space 126976K, 0% used [0x00000000f8300000,0x00000000f8300000,0x00000000fff00000)
  from space 512K, 96% used [0x00000000fff00000,0x00000000fff7c050,0x00000000fff80000)
  to   space 512K, 0% used [0x00000000fff80000,0x00000000fff80000,0x0000000100000000)
 ParOldGen       total 134144K, used 58158K [0x00000000f0000000, 0x00000000f8300000, 0x00000000f8300000)
  object space 134144K, 43% used [0x00000000f0000000,0x00000000f38cbaa8,0x00000000f8300000)
 Metaspace       used 52840K, capacity 55956K, committed 56192K, reserved 1097728K
  class space    used 6448K, capacity 6998K, committed 7040K, reserved 1048576K
}
{Heap before GC invocations=554 (full 0):
 PSYoungGen      total 127488K, used 127472K [0x00000000f8300000, 0x0000000100000000, 0x0000000100000000)
  eden space 126976K, 100% used [0x00000000f8300000,0x00000000fff00000,0x00000000fff00000)
  from space 512K, 96% used [0x00000000fff00000,0x00000000fff7c050,0x00000000fff80000)
  to   space 512K, 0% used [0x00000000fff80000,0x00000000fff80000,0x0000000100000000)
 ParOldGen       total 134144K, used 58158K [0x00000000f0000000, 0x00000000f8300000, 0x00000000f8300000)
  object space 134144K, 43% used [0x00000000f0000000,0x00000000f38cbaa8,0x00000000f8300000)
 Metaspace       used 52840K, capacity 55956K, committed 56192K, reserved 1097728K
  class space    used 6448K, capacity 6998K, committed 7040K, reserved 1048576K
2023-10-03T01:15:48.646+0800: 548.350: [GC (Allocation Failure) [PSYoungGen: 127472K->496K(124416K)] 185630K->60300K(258560K), 0.0029270 secs] [Times: user=0.02 sys=0.00, real=0.00 secs] 
Heap after GC invocations=554 (full 0):
 PSYoungGen      total 124416K, used 496K [0x00000000f8300000, 0x0000000100000000, 0x0000000100000000)
  eden space 123904K, 0% used [0x00000000f8300000,0x00000000f8300000,0x00000000ffc00000)
  from space 512K, 96% used [0x00000000fff80000,0x00000000ffffc010,0x0000000100000000)
  to   space 2048K, 0% used [0x00000000ffc00000,0x00000000ffc00000,0x00000000ffe00000)
 ParOldGen       total 134144K, used 59804K [0x00000000f0000000, 0x00000000f8300000, 0x00000000f8300000)
  object space 134144K, 44% used [0x00000000f0000000,0x00000000f3a67238,0x00000000f8300000)
 Metaspace       used 52840K, capacity 55956K, committed 56192K, reserved 1097728K
  class space    used 6448K, capacity 6998K, committed 7040K, reserved 1048576K
}
{Heap before GC invocations=555 (full 0):
 PSYoungGen      total 124416K, used 124400K [0x00000000f8300000, 0x0000000100000000, 0x0000000100000000)
  eden space 123904K, 100% used [0x00000000f8300000,0x00000000ffc00000,0x00000000ffc00000)
  from space 512K, 96% used [0x00000000fff80000,0x00000000ffffc010,0x0000000100000000)
  to   space 2048K, 0% used [0x00000000ffc00000,0x00000000ffc00000,0x00000000ffe00000)
 ParOldGen       total 134144K, used 59804K [0x00000000f0000000, 0x00000000f8300000, 0x00000000f8300000)
  object space 134144K, 44% used [0x00000000f0000000,0x00000000f3a67238,0x00000000f8300000)
 Metaspace       used 52841K, capacity 55956K, committed 56192K, reserved 1097728K
  class space    used 6448K, capacity 6998K, committed 7040K, reserved 1048576K
2023-10-03T01:15:49.242+0800: 548.947: [GC (Allocation Failure) [PSYoungGen: 124400K->1424K(125440K)] 184204K->61619K(259584K), 0.0069511 secs] [Times: user=0.04 sys=0.00, real=0.00 secs] 
Heap after GC invocations=555 (full 0):
 PSYoungGen      total 125440K, used 1424K [0x00000000f8300000, 0x0000000100000000, 0x0000000100000000)
  eden space 123904K, 0% used [0x00000000f8300000,0x00000000f8300000,0x00000000ffc00000)
  from space 1536K, 92% used [0x00000000ffc00000,0x00000000ffd640b0,0x00000000ffd80000)
  to   space 2560K, 0% used [0x00000000ffd80000,0x00000000ffd80000,0x0000000100000000)
 ParOldGen       total 134144K, used 60194K [0x00000000f0000000, 0x00000000f8300000, 0x00000000f8300000)
  object space 134144K, 44% used [0x00000000f0000000,0x00000000f3ac8b98,0x00000000f8300000)
 Metaspace       used 52841K, capacity 55956K, committed 56192K, reserved 1097728K
  class space    used 6448K, capacity 6998K, committed 7040K, reserved 1048576K
}
{Heap before GC invocations=556 (full 0):
 PSYoungGen      total 125440K, used 125328K [0x00000000f8300000, 0x0000000100000000, 0x0000000100000000)
  eden space 123904K, 100% used [0x00000000f8300000,0x00000000ffc00000,0x00000000ffc00000)
  from space 1536K, 92% used [0x00000000ffc00000,0x00000000ffd640b0,0x00000000ffd80000)
  to   space 2560K, 0% used [0x00000000ffd80000,0x00000000ffd80000,0x0000000100000000)
 ParOldGen       total 134144K, used 60194K [0x00000000f0000000, 0x00000000f8300000, 0x00000000f8300000)
  object space 134144K, 44% used [0x00000000f0000000,0x00000000f3ac8b98,0x00000000f8300000)
 Metaspace       used 52841K, capacity 55956K, committed 56192K, reserved 1097728K
  class space    used 6448K, capacity 6998K, committed 7040K, reserved 1048576K
2023-10-03T01:15:49.872+0800: 549.576: [GC (Allocation Failure) [PSYoungGen: 125328K->672K(125440K)] 185523K->61669K(259584K), 0.0071202 secs] [Times: user=0.04 sys=0.00, real=0.01 secs] 
Heap after GC invocations=556 (full 0):
 PSYoungGen      total 125440K, used 672K [0x00000000f8300000, 0x0000000100000000, 0x0000000100000000)
  eden space 122880K, 0% used [0x00000000f8300000,0x00000000f8300000,0x00000000ffb00000)
  from space 2560K, 26% used [0x00000000ffd80000,0x00000000ffe28000,0x0000000100000000)
  to   space 2560K, 0% used [0x00000000ffb00000,0x00000000ffb00000,0x00000000ffd80000)
 ParOldGen       total 134144K, used 60997K [0x00000000f0000000, 0x00000000f8300000, 0x00000000f8300000)
  object space 134144K, 45% used [0x00000000f0000000,0x00000000f3b91608,0x00000000f8300000)
 Metaspace       used 52841K, capacity 55956K, committed 56192K, reserved 1097728K
  class space    used 6448K, capacity 6998K, committed 7040K, reserved 1048576K
}
{Heap before GC invocations=557 (full 0):
 PSYoungGen      total 125440K, used 123552K [0x00000000f8300000, 0x0000000100000000, 0x0000000100000000)
  eden space 122880K, 100% used [0x00000000f8300000,0x00000000ffb00000,0x00000000ffb00000)
  from space 2560K, 26% used [0x00000000ffd80000,0x00000000ffe28000,0x0000000100000000)
  to   space 2560K, 0% used [0x00000000ffb00000,0x00000000ffb00000,0x00000000ffd80000)
 ParOldGen       total 134144K, used 60997K [0x00000000f0000000, 0x00000000f8300000, 0x00000000f8300000)
  object space 134144K, 45% used [0x00000000f0000000,0x00000000f3b91608,0x00000000f8300000)
 Metaspace       used 52841K, capacity 55956K, committed 56192K, reserved 1097728K
  class space    used 6448K, capacity 6998K, committed 7040K, reserved 1048576K
2023-10-03T01:15:50.485+0800: 550.189: [GC (Allocation Failure) [PSYoungGen: 123552K->672K(125440K)] 184549K->61749K(259584K), 0.0059483 secs] [Times: user=0.03 sys=0.00, real=0.01 secs] 
Heap after GC invocations=557 (full 0):
 PSYoungGen      total 125440K, used 672K [0x00000000f8300000, 0x0000000100000000, 0x0000000100000000)
  eden space 122880K, 0% used [0x00000000f8300000,0x00000000f8300000,0x00000000ffb00000)
  from space 2560K, 26% used [0x00000000ffb00000,0x00000000ffba8000,0x00000000ffd80000)
  to   space 2048K, 0% used [0x00000000ffe00000,0x00000000ffe00000,0x0000000100000000)
 ParOldGen       total 134144K, used 61077K [0x00000000f0000000, 0x00000000f8300000, 0x00000000f8300000)
  object space 134144K, 45% used [0x00000000f0000000,0x00000000f3ba5608,0x00000000f8300000)
 Metaspace       used 52841K, capacity 55956K, committed 56192K, reserved 1097728K
  class space    used 6448K, capacity 6998K, committed 7040K, reserved 1048576K
}
{Heap before GC invocations=558 (full 0):
 PSYoungGen      total 125440K, used 123552K [0x00000000f8300000, 0x0000000100000000, 0x0000000100000000)
  eden space 122880K, 100% used [0x00000000f8300000,0x00000000ffb00000,0x00000000ffb00000)
  from space 2560K, 26% used [0x00000000ffb00000,0x00000000ffba8000,0x00000000ffd80000)
  to   space 2048K, 0% used [0x00000000ffe00000,0x00000000ffe00000,0x0000000100000000)
 ParOldGen       total 134144K, used 61077K [0x00000000f0000000, 0x00000000f8300000, 0x00000000f8300000)
  object space 134144K, 45% used [0x00000000f0000000,0x00000000f3ba5608,0x00000000f8300000)
 Metaspace       used 52841K, capacity 55956K, committed 56192K, reserved 1097728K
  class space    used 6448K, capacity 6998K, committed 7040K, reserved 1048576K
2023-10-03T01:15:51.127+0800: 550.832: [GC (Allocation Failure) [PSYoungGen: 123552K->672K(125952K)] 184629K->61829K(260096K), 0.0069468 secs] [Times: user=0.04 sys=0.00, real=0.01 secs] 
Heap after GC invocations=558 (full 0):
 PSYoungGen      total 125952K, used 672K [0x00000000f8300000, 0x0000000100000000, 0x0000000100000000)
  eden space 123904K, 0% used [0x00000000f8300000,0x00000000f8300000,0x00000000ffc00000)
  from space 2048K, 32% used [0x00000000ffe00000,0x00000000ffea8000,0x0000000100000000)
  to   space 2048K, 0% used [0x00000000ffc00000,0x00000000ffc00000,0x00000000ffe00000)
 ParOldGen       total 134144K, used 61157K [0x00000000f0000000, 0x00000000f8300000, 0x00000000f8300000)
  object space 134144K, 45% used [0x00000000f0000000,0x00000000f3bb9608,0x00000000f8300000)
 Metaspace       used 52841K, capacity 55956K, committed 56192K, reserved 1097728K
  class space    used 6448K, capacity 6998K, committed 7040K, reserved 1048576K
}
{Heap before GC invocations=559 (full 0):
 PSYoungGen      total 125952K, used 124576K [0x00000000f8300000, 0x0000000100000000, 0x0000000100000000)
  eden space 123904K, 100% used [0x00000000f8300000,0x00000000ffc00000,0x00000000ffc00000)
  from space 2048K, 32% used [0x00000000ffe00000,0x00000000ffea8000,0x0000000100000000)
  to   space 2048K, 0% used [0x00000000ffc00000,0x00000000ffc00000,0x00000000ffe00000)
 ParOldGen       total 134144K, used 61157K [0x00000000f0000000, 0x00000000f8300000, 0x00000000f8300000)
  object space 134144K, 45% used [0x00000000f0000000,0x00000000f3bb9608,0x00000000f8300000)
 Metaspace       used 52841K, capacity 55956K, committed 56192K, reserved 1097728K
  class space    used 6448K, capacity 6998K, committed 7040K, reserved 1048576K
2023-10-03T01:15:51.741+0800: 551.446: [GC (Allocation Failure) [PSYoungGen: 124576K->704K(125952K)] 185733K->61965K(260096K), 0.0072177 secs] [Times: user=0.03 sys=0.01, real=0.01 secs] 
Heap after GC invocations=559 (full 0):
 PSYoungGen      total 125952K, used 704K [0x00000000f8300000, 0x0000000100000000, 0x0000000100000000)
  eden space 123904K, 0% used [0x00000000f8300000,0x00000000f8300000,0x00000000ffc00000)
  from space 2048K, 34% used [0x00000000ffc00000,0x00000000ffcb0000,0x00000000ffe00000)
  to   space 2048K, 0% used [0x00000000ffe00000,0x00000000ffe00000,0x0000000100000000)
 ParOldGen       total 134144K, used 61261K [0x00000000f0000000, 0x00000000f8300000, 0x00000000f8300000)
  object space 134144K, 45% used [0x00000000f0000000,0x00000000f3bd3608,0x00000000f8300000)
 Metaspace       used 52841K, capacity 55956K, committed 56192K, reserved 1097728K
  class space    used 6448K, capacity 6998K, committed 7040K, reserved 1048576K
}
{Heap before GC invocations=560 (full 0):
 PSYoungGen      total 125952K, used 124608K [0x00000000f8300000, 0x0000000100000000, 0x0000000100000000)
  eden space 123904K, 100% used [0x00000000f8300000,0x00000000ffc00000,0x00000000ffc00000)
  from space 2048K, 34% used [0x00000000ffc00000,0x00000000ffcb0000,0x00000000ffe00000)
  to   space 2048K, 0% used [0x00000000ffe00000,0x00000000ffe00000,0x0000000100000000)
 ParOldGen       total 134144K, used 61261K [0x00000000f0000000, 0x00000000f8300000, 0x00000000f8300000)
  object space 134144K, 45% used [0x00000000f0000000,0x00000000f3bd3608,0x00000000f8300000)
 Metaspace       used 52841K, capacity 55956K, committed 56192K, reserved 1097728K
  class space    used 6448K, capacity 6998K, committed 7040K, reserved 1048576K
2023-10-03T01:15:52.370+0800: 552.075: [GC (Allocation Failure) [PSYoungGen: 124608K->704K(125952K)] 185869K->62037K(260096K), 0.0070269 secs] [Times: user=0.04 sys=0.00, real=0.01 secs] 
Heap after GC invocations=560 (full 0):
 PSYoungGen      total 125952K, used 704K [0x00000000f8300000, 0x0000000100000000, 0x0000000100000000)
  eden space 123904K, 0% used [0x00000000f8300000,0x00000000f8300000,0x00000000ffc00000)
  from space 2048K, 34% used [0x00000000ffe00000,0x00000000ffeb0000,0x0000000100000000)
  to   space 2048K, 0% used [0x00000000ffc00000,0x00000000ffc00000,0x00000000ffe00000)
 ParOldGen       total 134144K, used 61333K [0x00000000f0000000, 0x00000000f8300000, 0x00000000f8300000)
  object space 134144K, 45% used [0x00000000f0000000,0x00000000f3be5608,0x00000000f8300000)
 Metaspace       used 52841K, capacity 55956K, committed 56192K, reserved 1097728K
  class space    used 6448K, capacity 6998K, committed 7040K, reserved 1048576K
}
{Heap before GC invocations=561 (full 0):
 PSYoungGen      total 125952K, used 124608K [0x00000000f8300000, 0x0000000100000000, 0x0000000100000000)
  eden space 123904K, 100% used [0x00000000f8300000,0x00000000ffc00000,0x00000000ffc00000)
  from space 2048K, 34% used [0x00000000ffe00000,0x00000000ffeb0000,0x0000000100000000)
  to   space 2048K, 0% used [0x00000000ffc00000,0x00000000ffc00000,0x00000000ffe00000)
 ParOldGen       total 134144K, used 61333K [0x00000000f0000000, 0x00000000f8300000, 0x00000000f8300000)
  object space 134144K, 45% used [0x00000000f0000000,0x00000000f3be5608,0x00000000f8300000)
 Metaspace       used 52841K, capacity 55956K, committed 56192K, reserved 1097728K
  class space    used 6448K, capacity 6998K, committed 7040K, reserved 1048576K
2023-10-03T01:15:52.998+0800: 552.703: [GC (Allocation Failure) [PSYoungGen: 124608K->640K(125952K)] 185941K->62045K(260096K), 0.0066912 secs] [Times: user=0.04 sys=0.00, real=0.01 secs] 
Heap after GC invocations=561 (full 0):
 PSYoungGen      total 125952K, used 640K [0x00000000f8300000, 0x0000000100000000, 0x0000000100000000)
  eden space 123904K, 0% used [0x00000000f8300000,0x00000000f8300000,0x00000000ffc00000)
  from space 2048K, 31% used [0x00000000ffc00000,0x00000000ffca0000,0x00000000ffe00000)
  to   space 2048K, 0% used [0x00000000ffe00000,0x00000000ffe00000,0x0000000100000000)
 ParOldGen       total 134144K, used 61405K [0x00000000f0000000, 0x00000000f8300000, 0x00000000f8300000)
  object space 134144K, 45% used [0x00000000f0000000,0x00000000f3bf7608,0x00000000f8300000)
 Metaspace       used 52841K, capacity 55956K, committed 56192K, reserved 1097728K
  class space    used 6448K, capacity 6998K, committed 7040K, reserved 1048576K
}
{Heap before GC invocations=562 (full 0):
 PSYoungGen      total 125952K, used 124544K [0x00000000f8300000, 0x0000000100000000, 0x0000000100000000)
  eden space 123904K, 100% used [0x00000000f8300000,0x00000000ffc00000,0x00000000ffc00000)
  from space 2048K, 31% used [0x00000000ffc00000,0x00000000ffca0000,0x00000000ffe00000)
  to   space 2048K, 0% used [0x00000000ffe00000,0x00000000ffe00000,0x0000000100000000)
 ParOldGen       total 134144K, used 61405K [0x00000000f0000000, 0x00000000f8300000, 0x00000000f8300000)
  object space 134144K, 45% used [0x00000000f0000000,0x00000000f3bf7608,0x00000000f8300000)
 Metaspace       used 52841K, capacity 55956K, committed 56192K, reserved 1097728K
  class space    used 6448K, capacity 6998K, committed 7040K, reserved 1048576K
2023-10-03T01:15:53.618+0800: 553.322: [GC (Allocation Failure) [PSYoungGen: 124544K->576K(125952K)] 185949K->62069K(260096K), 0.0078210 secs] [Times: user=0.04 sys=0.00, real=0.01 secs] 
Heap after GC invocations=562 (full 0):
 PSYoungGen      total 125952K, used 576K [0x00000000f8300000, 0x0000000100000000, 0x0000000100000000)
  eden space 123904K, 0% used [0x00000000f8300000,0x00000000f8300000,0x00000000ffc00000)
  from space 2048K, 28% used [0x00000000ffe00000,0x00000000ffe90000,0x0000000100000000)
  to   space 2048K, 0% used [0x00000000ffc00000,0x00000000ffc00000,0x00000000ffe00000)
 ParOldGen       total 134144K, used 61493K [0x00000000f0000000, 0x00000000f8300000, 0x00000000f8300000)
  object space 134144K, 45% used [0x00000000f0000000,0x00000000f3c0d608,0x00000000f8300000)
 Metaspace       used 52841K, capacity 55956K, committed 56192K, reserved 1097728K
  class space    used 6448K, capacity 6998K, committed 7040K, reserved 1048576K
}
{Heap before GC invocations=563 (full 0):
 PSYoungGen      total 125952K, used 124480K [0x00000000f8300000, 0x0000000100000000, 0x0000000100000000)
  eden space 123904K, 100% used [0x00000000f8300000,0x00000000ffc00000,0x00000000ffc00000)
  from space 2048K, 28% used [0x00000000ffe00000,0x00000000ffe90000,0x0000000100000000)
  to   space 2048K, 0% used [0x00000000ffc00000,0x00000000ffc00000,0x00000000ffe00000)
 ParOldGen       total 134144K, used 61493K [0x00000000f0000000, 0x00000000f8300000, 0x00000000f8300000)
  object space 134144K, 45% used [0x00000000f0000000,0x00000000f3c0d608,0x00000000f8300000)
 Metaspace       used 52841K, capacity 55956K, committed 56192K, reserved 1097728K
  class space    used 6448K, capacity 6998K, committed 7040K, reserved 1048576K
2023-10-03T01:15:54.243+0800: 553.948: [GC (Allocation Failure) [PSYoungGen: 124480K->672K(125952K)] 185973K->62245K(260096K), 0.0069617 secs] [Times: user=0.03 sys=0.00, real=0.00 secs] 
Heap after GC invocations=563 (full 0):
 PSYoungGen      total 125952K, used 672K [0x00000000f8300000, 0x0000000100000000, 0x0000000100000000)
  eden space 123904K, 0% used [0x00000000f8300000,0x00000000f8300000,0x00000000ffc00000)
  from space 2048K, 32% used [0x00000000ffc00000,0x00000000ffca8000,0x00000000ffe00000)
  to   space 1536K, 0% used [0x00000000ffe80000,0x00000000ffe80000,0x0000000100000000)
 ParOldGen       total 134144K, used 61573K [0x00000000f0000000, 0x00000000f8300000, 0x00000000f8300000)
  object space 134144K, 45% used [0x00000000f0000000,0x00000000f3c21608,0x00000000f8300000)
 Metaspace       used 52841K, capacity 55956K, committed 56192K, reserved 1097728K
  class space    used 6448K, capacity 6998K, committed 7040K, reserved 1048576K
}
{Heap before GC invocations=564 (full 0):
 PSYoungGen      total 125952K, used 124576K [0x00000000f8300000, 0x0000000100000000, 0x0000000100000000)
  eden space 123904K, 100% used [0x00000000f8300000,0x00000000ffc00000,0x00000000ffc00000)
  from space 2048K, 32% used [0x00000000ffc00000,0x00000000ffca8000,0x00000000ffe00000)
  to   space 1536K, 0% used [0x00000000ffe80000,0x00000000ffe80000,0x0000000100000000)
 ParOldGen       total 134144K, used 61573K [0x00000000f0000000, 0x00000000f8300000, 0x00000000f8300000)
  object space 134144K, 45% used [0x00000000f0000000,0x00000000f3c21608,0x00000000f8300000)
 Metaspace       used 52841K, capacity 55956K, committed 56192K, reserved 1097728K
  class space    used 6448K, capacity 6998K, committed 7040K, reserved 1048576K
2023-10-03T01:15:54.870+0800: 554.575: [GC (Allocation Failure) [PSYoungGen: 124576K->640K(126464K)] 186149K->62317K(260608K), 0.0065867 secs] [Times: user=0.04 sys=0.00, real=0.01 secs] 
Heap after GC invocations=564 (full 0):
 PSYoungGen      total 126464K, used 640K [0x00000000f8300000, 0x0000000100000000, 0x0000000100000000)
  eden space 124928K, 0% used [0x00000000f8300000,0x00000000f8300000,0x00000000ffd00000)
  from space 1536K, 41% used [0x00000000ffe80000,0x00000000fff20000,0x0000000100000000)
  to   space 1536K, 0% used [0x00000000ffd00000,0x00000000ffd00000,0x00000000ffe80000)
 ParOldGen       total 134144K, used 61677K [0x00000000f0000000, 0x00000000f8300000, 0x00000000f8300000)
  object space 134144K, 45% used [0x00000000f0000000,0x00000000f3c3b608,0x00000000f8300000)
 Metaspace       used 52841K, capacity 55956K, committed 56192K, reserved 1097728K
  class space    used 6448K, capacity 6998K, committed 7040K, reserved 1048576K
}
{Heap before GC invocations=565 (full 0):
 PSYoungGen      total 126464K, used 125568K [0x00000000f8300000, 0x0000000100000000, 0x0000000100000000)
  eden space 124928K, 100% used [0x00000000f8300000,0x00000000ffd00000,0x00000000ffd00000)
  from space 1536K, 41% used [0x00000000ffe80000,0x00000000fff20000,0x0000000100000000)
  to   space 1536K, 0% used [0x00000000ffd00000,0x00000000ffd00000,0x00000000ffe80000)
 ParOldGen       total 134144K, used 61677K [0x00000000f0000000, 0x00000000f8300000, 0x00000000f8300000)
  object space 134144K, 45% used [0x00000000f0000000,0x00000000f3c3b608,0x00000000f8300000)
 Metaspace       used 52841K, capacity 55956K, committed 56192K, reserved 1097728K
  class space    used 6448K, capacity 6998K, committed 7040K, reserved 1048576K
2023-10-03T01:15:55.474+0800: 555.178: [GC (Allocation Failure) [PSYoungGen: 125568K->640K(126464K)] 187245K->62397K(260608K), 0.0069207 secs] [Times: user=0.03 sys=0.00, real=0.00 secs] 
Heap after GC invocations=565 (full 0):
 PSYoungGen      total 126464K, used 640K [0x00000000f8300000, 0x0000000100000000, 0x0000000100000000)
  eden space 124928K, 0% used [0x00000000f8300000,0x00000000f8300000,0x00000000ffd00000)
  from space 1536K, 41% used [0x00000000ffd00000,0x00000000ffda0000,0x00000000ffe80000)
  to   space 1536K, 0% used [0x00000000ffe80000,0x00000000ffe80000,0x0000000100000000)
 ParOldGen       total 134144K, used 61757K [0x00000000f0000000, 0x00000000f8300000, 0x00000000f8300000)
  object space 134144K, 46% used [0x00000000f0000000,0x00000000f3c4f608,0x00000000f8300000)
 Metaspace       used 52841K, capacity 55956K, committed 56192K, reserved 1097728K
  class space    used 6448K, capacity 6998K, committed 7040K, reserved 1048576K
}
{Heap before GC invocations=566 (full 0):
 PSYoungGen      total 126464K, used 125568K [0x00000000f8300000, 0x0000000100000000, 0x0000000100000000)
  eden space 124928K, 100% used [0x00000000f8300000,0x00000000ffd00000,0x00000000ffd00000)
  from space 1536K, 41% used [0x00000000ffd00000,0x00000000ffda0000,0x00000000ffe80000)
  to   space 1536K, 0% used [0x00000000ffe80000,0x00000000ffe80000,0x0000000100000000)
 ParOldGen       total 134144K, used 61757K [0x00000000f0000000, 0x00000000f8300000, 0x00000000f8300000)
  object space 134144K, 46% used [0x00000000f0000000,0x00000000f3c4f608,0x00000000f8300000)
 Metaspace       used 52841K, capacity 55956K, committed 56192K, reserved 1097728K
  class space    used 6448K, capacity 6998K, committed 7040K, reserved 1048576K
2023-10-03T01:15:56.113+0800: 555.818: [GC (Allocation Failure) [PSYoungGen: 125568K->640K(126464K)] 187325K->62477K(260608K), 0.0067918 secs] [Times: user=0.03 sys=0.00, real=0.01 secs] 
Heap after GC invocations=566 (full 0):
 PSYoungGen      total 126464K, used 640K [0x00000000f8300000, 0x0000000100000000, 0x0000000100000000)
  eden space 124928K, 0% used [0x00000000f8300000,0x00000000f8300000,0x00000000ffd00000)
  from space 1536K, 41% used [0x00000000ffe80000,0x00000000fff20000,0x0000000100000000)
  to   space 1536K, 0% used [0x00000000ffd00000,0x00000000ffd00000,0x00000000ffe80000)
 ParOldGen       total 134144K, used 61837K [0x00000000f0000000, 0x00000000f8300000, 0x00000000f8300000)
  object space 134144K, 46% used [0x00000000f0000000,0x00000000f3c63608,0x00000000f8300000)
 Metaspace       used 52841K, capacity 55956K, committed 56192K, reserved 1097728K
  class space    used 6448K, capacity 6998K, committed 7040K, reserved 1048576K
}
{Heap before GC invocations=567 (full 0):
 PSYoungGen      total 126464K, used 125568K [0x00000000f8300000, 0x0000000100000000, 0x0000000100000000)
  eden space 124928K, 100% used [0x00000000f8300000,0x00000000ffd00000,0x00000000ffd00000)
  from space 1536K, 41% used [0x00000000ffe80000,0x00000000fff20000,0x0000000100000000)
  to   space 1536K, 0% used [0x00000000ffd00000,0x00000000ffd00000,0x00000000ffe80000)
 ParOldGen       total 134144K, used 61837K [0x00000000f0000000, 0x00000000f8300000, 0x00000000f8300000)
  object space 134144K, 46% used [0x00000000f0000000,0x00000000f3c63608,0x00000000f8300000)
 Metaspace       used 52841K, capacity 55956K, committed 56192K, reserved 1097728K
  class space    used 6448K, capacity 6998K, committed 7040K, reserved 1048576K
2023-10-03T01:15:56.746+0800: 556.451: [GC (Allocation Failure) [PSYoungGen: 125568K->672K(126464K)] 187405K->62589K(260608K), 0.0070218 secs] [Times: user=0.03 sys=0.00, real=0.01 secs] 
Heap after GC invocations=567 (full 0):
 PSYoungGen      total 126464K, used 672K [0x00000000f8300000, 0x0000000100000000, 0x0000000100000000)
  eden space 124928K, 0% used [0x00000000f8300000,0x00000000f8300000,0x00000000ffd00000)
  from space 1536K, 43% used [0x00000000ffd00000,0x00000000ffda8000,0x00000000ffe80000)
  to   space 1536K, 0% used [0x00000000ffe80000,0x00000000ffe80000,0x0000000100000000)
 ParOldGen       total 134144K, used 61917K [0x00000000f0000000, 0x00000000f8300000, 0x00000000f8300000)
  object space 134144K, 46% used [0x00000000f0000000,0x00000000f3c77608,0x00000000f8300000)
 Metaspace       used 52841K, capacity 55956K, committed 56192K, reserved 1097728K
  class space    used 6448K, capacity 6998K, committed 7040K, reserved 1048576K
}
{Heap before GC invocations=568 (full 0):
 PSYoungGen      total 126464K, used 125600K [0x00000000f8300000, 0x0000000100000000, 0x0000000100000000)
  eden space 124928K, 100% used [0x00000000f8300000,0x00000000ffd00000,0x00000000ffd00000)
  from space 1536K, 43% used [0x00000000ffd00000,0x00000000ffda8000,0x00000000ffe80000)
  to   space 1536K, 0% used [0x00000000ffe80000,0x00000000ffe80000,0x0000000100000000)
 ParOldGen       total 134144K, used 61917K [0x00000000f0000000, 0x00000000f8300000, 0x00000000f8300000)
  object space 134144K, 46% used [0x00000000f0000000,0x00000000f3c77608,0x00000000f8300000)
 Metaspace       used 52841K, capacity 55956K, committed 56192K, reserved 1097728K
  class space    used 6448K, capacity 6998K, committed 7040K, reserved 1048576K
2023-10-03T01:15:57.383+0800: 557.087: [GC (Allocation Failure) [PSYoungGen: 125600K->640K(126464K)] 187517K->62637K(260608K), 0.0071011 secs] [Times: user=0.04 sys=0.00, real=0.00 secs] 
Heap after GC invocations=568 (full 0):
 PSYoungGen      total 126464K, used 640K [0x00000000f8300000, 0x0000000100000000, 0x0000000100000000)
  eden space 124928K, 0% used [0x00000000f8300000,0x00000000f8300000,0x00000000ffd00000)
  from space 1536K, 41% used [0x00000000ffe80000,0x00000000fff20000,0x0000000100000000)
  to   space 1536K, 0% used [0x00000000ffd00000,0x00000000ffd00000,0x00000000ffe80000)
 ParOldGen       total 134144K, used 61997K [0x00000000f0000000, 0x00000000f8300000, 0x00000000f8300000)
  object space 134144K, 46% used [0x00000000f0000000,0x00000000f3c8b608,0x00000000f8300000)
 Metaspace       used 52841K, capacity 55956K, committed 56192K, reserved 1097728K
  class space    used 6448K, capacity 6998K, committed 7040K, reserved 1048576K
}
{Heap before GC invocations=569 (full 0):
 PSYoungGen      total 126464K, used 125568K [0x00000000f8300000, 0x0000000100000000, 0x0000000100000000)
  eden space 124928K, 100% used [0x00000000f8300000,0x00000000ffd00000,0x00000000ffd00000)
  from space 1536K, 41% used [0x00000000ffe80000,0x00000000fff20000,0x0000000100000000)
  to   space 1536K, 0% used [0x00000000ffd00000,0x00000000ffd00000,0x00000000ffe80000)
 ParOldGen       total 134144K, used 61997K [0x00000000f0000000, 0x00000000f8300000, 0x00000000f8300000)
  object space 134144K, 46% used [0x00000000f0000000,0x00000000f3c8b608,0x00000000f8300000)
 Metaspace       used 52845K, capacity 55956K, committed 56192K, reserved 1097728K
  class space    used 6448K, capacity 6998K, committed 7040K, reserved 1048576K
2023-10-03T01:15:58.006+0800: 557.711: [GC (Allocation Failure) [PSYoungGen: 125568K->672K(126464K)] 187565K->62765K(260608K), 0.0066951 secs] [Times: user=0.03 sys=0.00, real=0.01 secs] 
Heap after GC invocations=569 (full 0):
 PSYoungGen      total 126464K, used 672K [0x00000000f8300000, 0x0000000100000000, 0x0000000100000000)
  eden space 124928K, 0% used [0x00000000f8300000,0x00000000f8300000,0x00000000ffd00000)
  from space 1536K, 43% used [0x00000000ffd00000,0x00000000ffda8000,0x00000000ffe80000)
  to   space 1536K, 0% used [0x00000000ffe80000,0x00000000ffe80000,0x0000000100000000)
 ParOldGen       total 134144K, used 62093K [0x00000000f0000000, 0x00000000f8300000, 0x00000000f8300000)
  object space 134144K, 46% used [0x00000000f0000000,0x00000000f3ca3608,0x00000000f8300000)
 Metaspace       used 52845K, capacity 55956K, committed 56192K, reserved 1097728K
  class space    used 6448K, capacity 6998K, committed 7040K, reserved 1048576K
}
{Heap before GC invocations=570 (full 0):
 PSYoungGen      total 126464K, used 125600K [0x00000000f8300000, 0x0000000100000000, 0x0000000100000000)
  eden space 124928K, 100% used [0x00000000f8300000,0x00000000ffd00000,0x00000000ffd00000)
  from space 1536K, 43% used [0x00000000ffd00000,0x00000000ffda8000,0x00000000ffe80000)
  to   space 1536K, 0% used [0x00000000ffe80000,0x00000000ffe80000,0x0000000100000000)
 ParOldGen       total 134144K, used 62093K [0x00000000f0000000, 0x00000000f8300000, 0x00000000f8300000)
  object space 134144K, 46% used [0x00000000f0000000,0x00000000f3ca3608,0x00000000f8300000)
 Metaspace       used 52845K, capacity 55956K, committed 56192K, reserved 1097728K
  class space    used 6448K, capacity 6998K, committed 7040K, reserved 1048576K
2023-10-03T01:15:58.630+0800: 558.335: [GC (Allocation Failure) [PSYoungGen: 125600K->704K(126464K)] 187693K->62877K(260608K), 0.0069457 secs] [Times: user=0.04 sys=0.00, real=0.01 secs] 
Heap after GC invocations=570 (full 0):
 PSYoungGen      total 126464K, used 704K [0x00000000f8300000, 0x0000000100000000, 0x0000000100000000)
  eden space 124928K, 0% used [0x00000000f8300000,0x00000000f8300000,0x00000000ffd00000)
  from space 1536K, 45% used [0x00000000ffe80000,0x00000000fff30000,0x0000000100000000)
  to   space 1536K, 0% used [0x00000000ffd00000,0x00000000ffd00000,0x00000000ffe80000)
 ParOldGen       total 134144K, used 62173K [0x00000000f0000000, 0x00000000f8300000, 0x00000000f8300000)
  object space 134144K, 46% used [0x00000000f0000000,0x00000000f3cb7608,0x00000000f8300000)
 Metaspace       used 52845K, capacity 55956K, committed 56192K, reserved 1097728K
  class space    used 6448K, capacity 6998K, committed 7040K, reserved 1048576K
}
{Heap before GC invocations=571 (full 0):
 PSYoungGen      total 126464K, used 125632K [0x00000000f8300000, 0x0000000100000000, 0x0000000100000000)
  eden space 124928K, 100% used [0x00000000f8300000,0x00000000ffd00000,0x00000000ffd00000)
  from space 1536K, 45% used [0x00000000ffe80000,0x00000000fff30000,0x0000000100000000)
  to   space 1536K, 0% used [0x00000000ffd00000,0x00000000ffd00000,0x00000000ffe80000)
 ParOldGen       total 134144K, used 62173K [0x00000000f0000000, 0x00000000f8300000, 0x00000000f8300000)
  object space 134144K, 46% used [0x00000000f0000000,0x00000000f3cb7608,0x00000000f8300000)
 Metaspace       used 52845K, capacity 55956K, committed 56192K, reserved 1097728K
  class space    used 6448K, capacity 6998K, committed 7040K, reserved 1048576K
2023-10-03T01:15:59.268+0800: 558.972: [GC (Allocation Failure) [PSYoungGen: 125632K->672K(126464K)] 187805K->62925K(260608K), 0.0065652 secs] [Times: user=0.03 sys=0.00, real=0.01 secs] 
Heap after GC invocations=571 (full 0):
 PSYoungGen      total 126464K, used 672K [0x00000000f8300000, 0x0000000100000000, 0x0000000100000000)
  eden space 124928K, 0% used [0x00000000f8300000,0x00000000f8300000,0x00000000ffd00000)
  from space 1536K, 43% used [0x00000000ffd00000,0x00000000ffda8000,0x00000000ffe80000)
  to   space 1536K, 0% used [0x00000000ffe80000,0x00000000ffe80000,0x0000000100000000)
 ParOldGen       total 134144K, used 62253K [0x00000000f0000000, 0x00000000f8300000, 0x00000000f8300000)
  object space 134144K, 46% used [0x00000000f0000000,0x00000000f3ccb608,0x00000000f8300000)
 Metaspace       used 52845K, capacity 55956K, committed 56192K, reserved 1097728K
  class space    used 6448K, capacity 6998K, committed 7040K, reserved 1048576K
}
{Heap before GC invocations=572 (full 0):
 PSYoungGen      total 126464K, used 125600K [0x00000000f8300000, 0x0000000100000000, 0x0000000100000000)
  eden space 124928K, 100% used [0x00000000f8300000,0x00000000ffd00000,0x00000000ffd00000)
  from space 1536K, 43% used [0x00000000ffd00000,0x00000000ffda8000,0x00000000ffe80000)
  to   space 1536K, 0% used [0x00000000ffe80000,0x00000000ffe80000,0x0000000100000000)
 ParOldGen       total 134144K, used 62253K [0x00000000f0000000, 0x00000000f8300000, 0x00000000f8300000)
  object space 134144K, 46% used [0x00000000f0000000,0x00000000f3ccb608,0x00000000f8300000)
 Metaspace       used 52845K, capacity 55956K, committed 56192K, reserved 1097728K
  class space    used 6448K, capacity 6998K, committed 7040K, reserved 1048576K
2023-10-03T01:15:59.898+0800: 559.603: [GC (Allocation Failure) [PSYoungGen: 125600K->672K(126464K)] 187853K->63005K(260608K), 0.0072326 secs] [Times: user=0.04 sys=0.00, real=0.01 secs] 
Heap after GC invocations=572 (full 0):
 PSYoungGen      total 126464K, used 672K [0x00000000f8300000, 0x0000000100000000, 0x0000000100000000)
  eden space 124928K, 0% used [0x00000000f8300000,0x00000000f8300000,0x00000000ffd00000)
  from space 1536K, 43% used [0x00000000ffe80000,0x00000000fff28000,0x0000000100000000)
  to   space 1536K, 0% used [0x00000000ffd00000,0x00000000ffd00000,0x00000000ffe80000)
 ParOldGen       total 134144K, used 62333K [0x00000000f0000000, 0x00000000f8300000, 0x00000000f8300000)
  object space 134144K, 46% used [0x00000000f0000000,0x00000000f3cdf608,0x00000000f8300000)
 Metaspace       used 52845K, capacity 55956K, committed 56192K, reserved 1097728K
  class space    used 6448K, capacity 6998K, committed 7040K, reserved 1048576K
}
{Heap before GC invocations=573 (full 0):
 PSYoungGen      total 126464K, used 125600K [0x00000000f8300000, 0x0000000100000000, 0x0000000100000000)
  eden space 124928K, 100% used [0x00000000f8300000,0x00000000ffd00000,0x00000000ffd00000)
  from space 1536K, 43% used [0x00000000ffe80000,0x00000000fff28000,0x0000000100000000)
  to   space 1536K, 0% used [0x00000000ffd00000,0x00000000ffd00000,0x00000000ffe80000)
 ParOldGen       total 134144K, used 62333K [0x00000000f0000000, 0x00000000f8300000, 0x00000000f8300000)
  object space 134144K, 46% used [0x00000000f0000000,0x00000000f3cdf608,0x00000000f8300000)
 Metaspace       used 52845K, capacity 55956K, committed 56192K, reserved 1097728K
  class space    used 6448K, capacity 6998K, committed 7040K, reserved 1048576K
2023-10-03T01:16:00.520+0800: 560.225: [GC (Allocation Failure) [PSYoungGen: 125600K->672K(126464K)] 187933K->63101K(260608K), 0.0067688 secs] [Times: user=0.03 sys=0.00, real=0.01 secs] 
Heap after GC invocations=573 (full 0):
 PSYoungGen      total 126464K, used 672K [0x00000000f8300000, 0x0000000100000000, 0x0000000100000000)
  eden space 124928K, 0% used [0x00000000f8300000,0x00000000f8300000,0x00000000ffd00000)
  from space 1536K, 43% used [0x00000000ffd00000,0x00000000ffda8000,0x00000000ffe80000)
  to   space 1536K, 0% used [0x00000000ffe80000,0x00000000ffe80000,0x0000000100000000)
 ParOldGen       total 134144K, used 62429K [0x00000000f0000000, 0x00000000f8300000, 0x00000000f8300000)
  object space 134144K, 46% used [0x00000000f0000000,0x00000000f3cf7608,0x00000000f8300000)
 Metaspace       used 52845K, capacity 55956K, committed 56192K, reserved 1097728K
  class space    used 6448K, capacity 6998K, committed 7040K, reserved 1048576K
}
{Heap before GC invocations=574 (full 0):
 PSYoungGen      total 126464K, used 125600K [0x00000000f8300000, 0x0000000100000000, 0x0000000100000000)
  eden space 124928K, 100% used [0x00000000f8300000,0x00000000ffd00000,0x00000000ffd00000)
  from space 1536K, 43% used [0x00000000ffd00000,0x00000000ffda8000,0x00000000ffe80000)
  to   space 1536K, 0% used [0x00000000ffe80000,0x00000000ffe80000,0x0000000100000000)
 ParOldGen       total 134144K, used 62429K [0x00000000f0000000, 0x00000000f8300000, 0x00000000f8300000)
  object space 134144K, 46% used [0x00000000f0000000,0x00000000f3cf7608,0x00000000f8300000)
 Metaspace       used 52845K, capacity 55956K, committed 56192K, reserved 1097728K
  class space    used 6448K, capacity 6998K, committed 7040K, reserved 1048576K
2023-10-03T01:16:01.148+0800: 560.853: [GC (Allocation Failure) [PSYoungGen: 125600K->672K(126976K)] 188029K->63173K(261120K), 0.0062317 secs] [Times: user=0.04 sys=0.00, real=0.01 secs] 
Heap after GC invocations=574 (full 0):
 PSYoungGen      total 126976K, used 672K [0x00000000f8300000, 0x0000000100000000, 0x0000000100000000)
  eden space 125440K, 0% used [0x00000000f8300000,0x00000000f8300000,0x00000000ffd80000)
  from space 1536K, 43% used [0x00000000ffe80000,0x00000000fff28000,0x0000000100000000)
  to   space 1024K, 0% used [0x00000000ffd80000,0x00000000ffd80000,0x00000000ffe80000)
 ParOldGen       total 134144K, used 62501K [0x00000000f0000000, 0x00000000f8300000, 0x00000000f8300000)
  object space 134144K, 46% used [0x00000000f0000000,0x00000000f3d09608,0x00000000f8300000)
 Metaspace       used 52845K, capacity 55956K, committed 56192K, reserved 1097728K
  class space    used 6448K, capacity 6998K, committed 7040K, reserved 1048576K
}
{Heap before GC invocations=575 (full 0):
 PSYoungGen      total 126976K, used 126112K [0x00000000f8300000, 0x0000000100000000, 0x0000000100000000)
  eden space 125440K, 100% used [0x00000000f8300000,0x00000000ffd80000,0x00000000ffd80000)
  from space 1536K, 43% used [0x00000000ffe80000,0x00000000fff28000,0x0000000100000000)
  to   space 1024K, 0% used [0x00000000ffd80000,0x00000000ffd80000,0x00000000ffe80000)
 ParOldGen       total 134144K, used 62501K [0x00000000f0000000, 0x00000000f8300000, 0x00000000f8300000)
  object space 134144K, 46% used [0x00000000f0000000,0x00000000f3d09608,0x00000000f8300000)
 Metaspace       used 52845K, capacity 55956K, committed 56192K, reserved 1097728K
  class space    used 6448K, capacity 6998K, committed 7040K, reserved 1048576K
2023-10-03T01:16:01.774+0800: 561.478: [GC (Allocation Failure) [PSYoungGen: 126112K->640K(126464K)] 188613K->63213K(260608K), 0.0067572 secs] [Times: user=0.03 sys=0.00, real=0.00 secs] 
Heap after GC invocations=575 (full 0):
 PSYoungGen      total 126464K, used 640K [0x00000000f8300000, 0x0000000100000000, 0x0000000100000000)
  eden space 125440K, 0% used [0x00000000f8300000,0x00000000f8300000,0x00000000ffd80000)
  from space 1024K, 62% used [0x00000000ffd80000,0x00000000ffe20000,0x00000000ffe80000)
  to   space 1024K, 0% used [0x00000000fff00000,0x00000000fff00000,0x0000000100000000)
 ParOldGen       total 134144K, used 62573K [0x00000000f0000000, 0x00000000f8300000, 0x00000000f8300000)
  object space 134144K, 46% used [0x00000000f0000000,0x00000000f3d1b608,0x00000000f8300000)
 Metaspace       used 52845K, capacity 55956K, committed 56192K, reserved 1097728K
  class space    used 6448K, capacity 6998K, committed 7040K, reserved 1048576K
}
{Heap before GC invocations=576 (full 0):
 PSYoungGen      total 126464K, used 126080K [0x00000000f8300000, 0x0000000100000000, 0x0000000100000000)
  eden space 125440K, 100% used [0x00000000f8300000,0x00000000ffd80000,0x00000000ffd80000)
  from space 1024K, 62% used [0x00000000ffd80000,0x00000000ffe20000,0x00000000ffe80000)
  to   space 1024K, 0% used [0x00000000fff00000,0x00000000fff00000,0x0000000100000000)
 ParOldGen       total 134144K, used 62573K [0x00000000f0000000, 0x00000000f8300000, 0x00000000f8300000)
  object space 134144K, 46% used [0x00000000f0000000,0x00000000f3d1b608,0x00000000f8300000)
 Metaspace       used 52845K, capacity 55956K, committed 56192K, reserved 1097728K
  class space    used 6448K, capacity 6998K, committed 7040K, reserved 1048576K
2023-10-03T01:16:02.408+0800: 562.112: [GC (Allocation Failure) [PSYoungGen: 126080K->640K(126976K)] 188653K->63293K(261120K), 0.0068571 secs] [Times: user=0.03 sys=0.01, real=0.01 secs] 
Heap after GC invocations=576 (full 0):
 PSYoungGen      total 126976K, used 640K [0x00000000f8300000, 0x0000000100000000, 0x0000000100000000)
  eden space 125952K, 0% used [0x00000000f8300000,0x00000000f8300000,0x00000000ffe00000)
  from space 1024K, 62% used [0x00000000fff00000,0x00000000fffa0000,0x0000000100000000)
  to   space 1024K, 0% used [0x00000000ffe00000,0x00000000ffe00000,0x00000000fff00000)
 ParOldGen       total 134144K, used 62653K [0x00000000f0000000, 0x00000000f8300000, 0x00000000f8300000)
  object space 134144K, 46% used [0x00000000f0000000,0x00000000f3d2f608,0x00000000f8300000)
 Metaspace       used 52845K, capacity 55956K, committed 56192K, reserved 1097728K
  class space    used 6448K, capacity 6998K, committed 7040K, reserved 1048576K
}
{Heap before GC invocations=577 (full 0):
 PSYoungGen      total 126976K, used 126592K [0x00000000f8300000, 0x0000000100000000, 0x0000000100000000)
  eden space 125952K, 100% used [0x00000000f8300000,0x00000000ffe00000,0x00000000ffe00000)
  from space 1024K, 62% used [0x00000000fff00000,0x00000000fffa0000,0x0000000100000000)
  to   space 1024K, 0% used [0x00000000ffe00000,0x00000000ffe00000,0x00000000fff00000)
 ParOldGen       total 134144K, used 62653K [0x00000000f0000000, 0x00000000f8300000, 0x00000000f8300000)
  object space 134144K, 46% used [0x00000000f0000000,0x00000000f3d2f608,0x00000000f8300000)
 Metaspace       used 52845K, capacity 55956K, committed 56192K, reserved 1097728K
  class space    used 6448K, capacity 6998K, committed 7040K, reserved 1048576K
2023-10-03T01:16:03.050+0800: 562.754: [GC (Allocation Failure) [PSYoungGen: 126592K->672K(126976K)] 189245K->63389K(261120K), 0.0071459 secs] [Times: user=0.04 sys=0.00, real=0.01 secs] 
Heap after GC invocations=577 (full 0):
 PSYoungGen      total 126976K, used 672K [0x00000000f8300000, 0x0000000100000000, 0x0000000100000000)
  eden space 125952K, 0% used [0x00000000f8300000,0x00000000f8300000,0x00000000ffe00000)
  from space 1024K, 65% used [0x00000000ffe00000,0x00000000ffea8000,0x00000000fff00000)
  to   space 1024K, 0% used [0x00000000fff00000,0x00000000fff00000,0x0000000100000000)
 ParOldGen       total 134144K, used 62717K [0x00000000f0000000, 0x00000000f8300000, 0x00000000f8300000)
  object space 134144K, 46% used [0x00000000f0000000,0x00000000f3d3f608,0x00000000f8300000)
 Metaspace       used 52845K, capacity 55956K, committed 56192K, reserved 1097728K
  class space    used 6448K, capacity 6998K, committed 7040K, reserved 1048576K
}
{Heap before GC invocations=578 (full 0):
 PSYoungGen      total 126976K, used 126624K [0x00000000f8300000, 0x0000000100000000, 0x0000000100000000)
  eden space 125952K, 100% used [0x00000000f8300000,0x00000000ffe00000,0x00000000ffe00000)
  from space 1024K, 65% used [0x00000000ffe00000,0x00000000ffea8000,0x00000000fff00000)
  to   space 1024K, 0% used [0x00000000fff00000,0x00000000fff00000,0x0000000100000000)
 ParOldGen       total 134144K, used 62717K [0x00000000f0000000, 0x00000000f8300000, 0x00000000f8300000)
  object space 134144K, 46% used [0x00000000f0000000,0x00000000f3d3f608,0x00000000f8300000)
 Metaspace       used 52845K, capacity 55956K, committed 56192K, reserved 1097728K
  class space    used 6448K, capacity 6998K, committed 7040K, reserved 1048576K
2023-10-03T01:16:03.675+0800: 563.380: [GC (Allocation Failure) [PSYoungGen: 126624K->704K(126976K)] 189341K->63509K(261120K), 0.0068377 secs] [Times: user=0.04 sys=0.00, real=0.01 secs] 
Heap after GC invocations=578 (full 0):
 PSYoungGen      total 126976K, used 704K [0x00000000f8300000, 0x0000000100000000, 0x0000000100000000)
  eden space 125952K, 0% used [0x00000000f8300000,0x00000000f8300000,0x00000000ffe00000)
  from space 1024K, 68% used [0x00000000fff00000,0x00000000fffb0000,0x0000000100000000)
  to   space 1024K, 0% used [0x00000000ffe00000,0x00000000ffe00000,0x00000000fff00000)
 ParOldGen       total 134144K, used 62805K [0x00000000f0000000, 0x00000000f8300000, 0x00000000f8300000)
  object space 134144K, 46% used [0x00000000f0000000,0x00000000f3d55608,0x00000000f8300000)
 Metaspace       used 52845K, capacity 55956K, committed 56192K, reserved 1097728K
  class space    used 6448K, capacity 6998K, committed 7040K, reserved 1048576K
}
{Heap before GC invocations=579 (full 0):
 PSYoungGen      total 126976K, used 126656K [0x00000000f8300000, 0x0000000100000000, 0x0000000100000000)
  eden space 125952K, 100% used [0x00000000f8300000,0x00000000ffe00000,0x00000000ffe00000)
  from space 1024K, 68% used [0x00000000fff00000,0x00000000fffb0000,0x0000000100000000)
  to   space 1024K, 0% used [0x00000000ffe00000,0x00000000ffe00000,0x00000000fff00000)
 ParOldGen       total 134144K, used 62805K [0x00000000f0000000, 0x00000000f8300000, 0x00000000f8300000)
  object space 134144K, 46% used [0x00000000f0000000,0x00000000f3d55608,0x00000000f8300000)
 Metaspace       used 52845K, capacity 55956K, committed 56192K, reserved 1097728K
  class space    used 6448K, capacity 6998K, committed 7040K, reserved 1048576K
2023-10-03T01:16:04.318+0800: 564.023: [GC (Allocation Failure) [PSYoungGen: 126656K->704K(126976K)] 189461K->63597K(261120K), 0.0068497 secs] [Times: user=0.04 sys=0.00, real=0.01 secs] 
Heap after GC invocations=579 (full 0):
 PSYoungGen      total 126976K, used 704K [0x00000000f8300000, 0x0000000100000000, 0x0000000100000000)
  eden space 125952K, 0% used [0x00000000f8300000,0x00000000f8300000,0x00000000ffe00000)
  from space 1024K, 68% used [0x00000000ffe00000,0x00000000ffeb0000,0x00000000fff00000)
  to   space 1024K, 0% used [0x00000000fff00000,0x00000000fff00000,0x0000000100000000)
 ParOldGen       total 134144K, used 62893K [0x00000000f0000000, 0x00000000f8300000, 0x00000000f8300000)
  object space 134144K, 46% used [0x00000000f0000000,0x00000000f3d6b608,0x00000000f8300000)
 Metaspace       used 52845K, capacity 55956K, committed 56192K, reserved 1097728K
  class space    used 6448K, capacity 6998K, committed 7040K, reserved 1048576K
}
{Heap before GC invocations=580 (full 0):
 PSYoungGen      total 126976K, used 126656K [0x00000000f8300000, 0x0000000100000000, 0x0000000100000000)
  eden space 125952K, 100% used [0x00000000f8300000,0x00000000ffe00000,0x00000000ffe00000)
  from space 1024K, 68% used [0x00000000ffe00000,0x00000000ffeb0000,0x00000000fff00000)
  to   space 1024K, 0% used [0x00000000fff00000,0x00000000fff00000,0x0000000100000000)
 ParOldGen       total 134144K, used 62893K [0x00000000f0000000, 0x00000000f8300000, 0x00000000f8300000)
  object space 134144K, 46% used [0x00000000f0000000,0x00000000f3d6b608,0x00000000f8300000)
 Metaspace       used 52845K, capacity 55956K, committed 56192K, reserved 1097728K
  class space    used 6448K, capacity 6998K, committed 7040K, reserved 1048576K
2023-10-03T01:16:04.956+0800: 564.660: [GC (Allocation Failure) [PSYoungGen: 126656K->672K(126976K)] 189549K->63637K(261120K), 0.0070177 secs] [Times: user=0.04 sys=0.00, real=0.01 secs] 
Heap after GC invocations=580 (full 0):
 PSYoungGen      total 126976K, used 672K [0x00000000f8300000, 0x0000000100000000, 0x0000000100000000)
  eden space 125952K, 0% used [0x00000000f8300000,0x00000000f8300000,0x00000000ffe00000)
  from space 1024K, 65% used [0x00000000fff00000,0x00000000fffa8000,0x0000000100000000)
  to   space 1024K, 0% used [0x00000000ffe00000,0x00000000ffe00000,0x00000000fff00000)
 ParOldGen       total 134144K, used 62965K [0x00000000f0000000, 0x00000000f8300000, 0x00000000f8300000)
  object space 134144K, 46% used [0x00000000f0000000,0x00000000f3d7d608,0x00000000f8300000)
 Metaspace       used 52845K, capacity 55956K, committed 56192K, reserved 1097728K
  class space    used 6448K, capacity 6998K, committed 7040K, reserved 1048576K
}
{Heap before GC invocations=581 (full 0):
 PSYoungGen      total 126976K, used 126624K [0x00000000f8300000, 0x0000000100000000, 0x0000000100000000)
  eden space 125952K, 100% used [0x00000000f8300000,0x00000000ffe00000,0x00000000ffe00000)
  from space 1024K, 65% used [0x00000000fff00000,0x00000000fffa8000,0x0000000100000000)
  to   space 1024K, 0% used [0x00000000ffe00000,0x00000000ffe00000,0x00000000fff00000)
 ParOldGen       total 134144K, used 62965K [0x00000000f0000000, 0x00000000f8300000, 0x00000000f8300000)
  object space 134144K, 46% used [0x00000000f0000000,0x00000000f3d7d608,0x00000000f8300000)
 Metaspace       used 52845K, capacity 55956K, committed 56192K, reserved 1097728K
  class space    used 6448K, capacity 6998K, committed 7040K, reserved 1048576K
2023-10-03T01:16:05.532+0800: 565.236: [GC (Allocation Failure) [PSYoungGen: 126624K->640K(126976K)] 189589K->63677K(261120K), 0.0070419 secs] [Times: user=0.04 sys=0.01, real=0.01 secs] 
Heap after GC invocations=581 (full 0):
 PSYoungGen      total 126976K, used 640K [0x00000000f8300000, 0x0000000100000000, 0x0000000100000000)
  eden space 125952K, 0% used [0x00000000f8300000,0x00000000f8300000,0x00000000ffe00000)
  from space 1024K, 62% used [0x00000000ffe00000,0x00000000ffea0000,0x00000000fff00000)
  to   space 1024K, 0% used [0x00000000fff00000,0x00000000fff00000,0x0000000100000000)
 ParOldGen       total 134144K, used 63037K [0x00000000f0000000, 0x00000000f8300000, 0x00000000f8300000)
  object space 134144K, 46% used [0x00000000f0000000,0x00000000f3d8f608,0x00000000f8300000)
 Metaspace       used 52845K, capacity 55956K, committed 56192K, reserved 1097728K
  class space    used 6448K, capacity 6998K, committed 7040K, reserved 1048576K
}
{Heap before GC invocations=582 (full 0):
 PSYoungGen      total 126976K, used 126592K [0x00000000f8300000, 0x0000000100000000, 0x0000000100000000)
  eden space 125952K, 100% used [0x00000000f8300000,0x00000000ffe00000,0x00000000ffe00000)
  from space 1024K, 62% used [0x00000000ffe00000,0x00000000ffea0000,0x00000000fff00000)
  to   space 1024K, 0% used [0x00000000fff00000,0x00000000fff00000,0x0000000100000000)
 ParOldGen       total 134144K, used 63037K [0x00000000f0000000, 0x00000000f8300000, 0x00000000f8300000)
  object space 134144K, 46% used [0x00000000f0000000,0x00000000f3d8f608,0x00000000f8300000)
 Metaspace       used 52845K, capacity 55956K, committed 56192K, reserved 1097728K
  class space    used 6448K, capacity 6998K, committed 7040K, reserved 1048576K
2023-10-03T01:16:06.161+0800: 565.866: [GC (Allocation Failure) [PSYoungGen: 126592K->640K(126976K)] 189629K->63765K(261120K), 0.0077851 secs] [Times: user=0.03 sys=0.00, real=0.02 secs] 
Heap after GC invocations=582 (full 0):
 PSYoungGen      total 126976K, used 640K [0x00000000f8300000, 0x0000000100000000, 0x0000000100000000)
  eden space 125952K, 0% used [0x00000000f8300000,0x00000000f8300000,0x00000000ffe00000)
  from space 1024K, 62% used [0x00000000fff00000,0x00000000fffa0000,0x0000000100000000)
  to   space 1024K, 0% used [0x00000000ffe00000,0x00000000ffe00000,0x00000000fff00000)
 ParOldGen       total 134144K, used 63125K [0x00000000f0000000, 0x00000000f8300000, 0x00000000f8300000)
  object space 134144K, 47% used [0x00000000f0000000,0x00000000f3da5608,0x00000000f8300000)
 Metaspace       used 52845K, capacity 55956K, committed 56192K, reserved 1097728K
  class space    used 6448K, capacity 6998K, committed 7040K, reserved 1048576K
}
{Heap before GC invocations=583 (full 0):
 PSYoungGen      total 126976K, used 126592K [0x00000000f8300000, 0x0000000100000000, 0x0000000100000000)
  eden space 125952K, 100% used [0x00000000f8300000,0x00000000ffe00000,0x00000000ffe00000)
  from space 1024K, 62% used [0x00000000fff00000,0x00000000fffa0000,0x0000000100000000)
  to   space 1024K, 0% used [0x00000000ffe00000,0x00000000ffe00000,0x00000000fff00000)
 ParOldGen       total 134144K, used 63125K [0x00000000f0000000, 0x00000000f8300000, 0x00000000f8300000)
  object space 134144K, 47% used [0x00000000f0000000,0x00000000f3da5608,0x00000000f8300000)
 Metaspace       used 52845K, capacity 55956K, committed 56192K, reserved 1097728K
  class space    used 6448K, capacity 6998K, committed 7040K, reserved 1048576K
2023-10-03T01:16:06.798+0800: 566.502: [GC (Allocation Failure) [PSYoungGen: 126592K->640K(126976K)] 189717K->63845K(261120K), 0.0071173 secs] [Times: user=0.04 sys=0.00, real=0.01 secs] 
Heap after GC invocations=583 (full 0):
 PSYoungGen      total 126976K, used 640K [0x00000000f8300000, 0x0000000100000000, 0x0000000100000000)
  eden space 125952K, 0% used [0x00000000f8300000,0x00000000f8300000,0x00000000ffe00000)
  from space 1024K, 62% used [0x00000000ffe00000,0x00000000ffea0000,0x00000000fff00000)
  to   space 1024K, 0% used [0x00000000fff00000,0x00000000fff00000,0x0000000100000000)
 ParOldGen       total 134144K, used 63205K [0x00000000f0000000, 0x00000000f8300000, 0x00000000f8300000)
  object space 134144K, 47% used [0x00000000f0000000,0x00000000f3db9608,0x00000000f8300000)
 Metaspace       used 52845K, capacity 55956K, committed 56192K, reserved 1097728K
  class space    used 6448K, capacity 6998K, committed 7040K, reserved 1048576K
}
{Heap before GC invocations=584 (full 0):
 PSYoungGen      total 126976K, used 126592K [0x00000000f8300000, 0x0000000100000000, 0x0000000100000000)
  eden space 125952K, 100% used [0x00000000f8300000,0x00000000ffe00000,0x00000000ffe00000)
  from space 1024K, 62% used [0x00000000ffe00000,0x00000000ffea0000,0x00000000fff00000)
  to   space 1024K, 0% used [0x00000000fff00000,0x00000000fff00000,0x0000000100000000)
 ParOldGen       total 134144K, used 63205K [0x00000000f0000000, 0x00000000f8300000, 0x00000000f8300000)
  object space 134144K, 47% used [0x00000000f0000000,0x00000000f3db9608,0x00000000f8300000)
 Metaspace       used 52845K, capacity 55956K, committed 56192K, reserved 1097728K
  class space    used 6448K, capacity 6998K, committed 7040K, reserved 1048576K
2023-10-03T01:16:07.445+0800: 567.149: [GC (Allocation Failure) [PSYoungGen: 126592K->672K(126976K)] 189797K->63981K(261120K), 0.0066767 secs] [Times: user=0.03 sys=0.00, real=0.00 secs] 
Heap after GC invocations=584 (full 0):
 PSYoungGen      total 126976K, used 672K [0x00000000f8300000, 0x0000000100000000, 0x0000000100000000)
  eden space 125952K, 0% used [0x00000000f8300000,0x00000000f8300000,0x00000000ffe00000)
  from space 1024K, 65% used [0x00000000fff00000,0x00000000fffa8000,0x0000000100000000)
  to   space 1024K, 0% used [0x00000000ffe00000,0x00000000ffe00000,0x00000000fff00000)
 ParOldGen       total 134144K, used 63309K [0x00000000f0000000, 0x00000000f8300000, 0x00000000f8300000)
  object space 134144K, 47% used [0x00000000f0000000,0x00000000f3dd3628,0x00000000f8300000)
 Metaspace       used 52845K, capacity 55956K, committed 56192K, reserved 1097728K
  class space    used 6448K, capacity 6998K, committed 7040K, reserved 1048576K
}
{Heap before GC invocations=585 (full 0):
 PSYoungGen      total 126976K, used 126624K [0x00000000f8300000, 0x0000000100000000, 0x0000000100000000)
  eden space 125952K, 100% used [0x00000000f8300000,0x00000000ffe00000,0x00000000ffe00000)
  from space 1024K, 65% used [0x00000000fff00000,0x00000000fffa8000,0x0000000100000000)
  to   space 1024K, 0% used [0x00000000ffe00000,0x00000000ffe00000,0x00000000fff00000)
 ParOldGen       total 134144K, used 63309K [0x00000000f0000000, 0x00000000f8300000, 0x00000000f8300000)
  object space 134144K, 47% used [0x00000000f0000000,0x00000000f3dd3628,0x00000000f8300000)
 Metaspace       used 52845K, capacity 55956K, committed 56192K, reserved 1097728K
  class space    used 6448K, capacity 6998K, committed 7040K, reserved 1048576K
2023-10-03T01:16:08.083+0800: 567.787: [GC (Allocation Failure) [PSYoungGen: 126624K->640K(126976K)] 189933K->64029K(261120K), 0.0070958 secs] [Times: user=0.04 sys=0.00, real=0.00 secs] 
Heap after GC invocations=585 (full 0):
 PSYoungGen      total 126976K, used 640K [0x00000000f8300000, 0x0000000100000000, 0x0000000100000000)
  eden space 125952K, 0% used [0x00000000f8300000,0x00000000f8300000,0x00000000ffe00000)
  from space 1024K, 62% used [0x00000000ffe00000,0x00000000ffea0000,0x00000000fff00000)
  to   space 1024K, 0% used [0x00000000fff00000,0x00000000fff00000,0x0000000100000000)
 ParOldGen       total 134144K, used 63389K [0x00000000f0000000, 0x00000000f8300000, 0x00000000f8300000)
  object space 134144K, 47% used [0x00000000f0000000,0x00000000f3de7628,0x00000000f8300000)
 Metaspace       used 52845K, capacity 55956K, committed 56192K, reserved 1097728K
  class space    used 6448K, capacity 6998K, committed 7040K, reserved 1048576K
}
{Heap before GC invocations=586 (full 0):
 PSYoungGen      total 126976K, used 126592K [0x00000000f8300000, 0x0000000100000000, 0x0000000100000000)
  eden space 125952K, 100% used [0x00000000f8300000,0x00000000ffe00000,0x00000000ffe00000)
  from space 1024K, 62% used [0x00000000ffe00000,0x00000000ffea0000,0x00000000fff00000)
  to   space 1024K, 0% used [0x00000000fff00000,0x00000000fff00000,0x0000000100000000)
 ParOldGen       total 134144K, used 63389K [0x00000000f0000000, 0x00000000f8300000, 0x00000000f8300000)
  object space 134144K, 47% used [0x00000000f0000000,0x00000000f3de7628,0x00000000f8300000)
 Metaspace       used 52845K, capacity 55956K, committed 56192K, reserved 1097728K
  class space    used 6448K, capacity 6998K, committed 7040K, reserved 1048576K
2023-10-03T01:16:08.726+0800: 568.430: [GC (Allocation Failure) [PSYoungGen: 126592K->704K(126976K)] 189981K->64157K(261120K), 0.0068697 secs] [Times: user=0.04 sys=0.00, real=0.01 secs] 
Heap after GC invocations=586 (full 0):
 PSYoungGen      total 126976K, used 704K [0x00000000f8300000, 0x0000000100000000, 0x0000000100000000)
  eden space 125952K, 0% used [0x00000000f8300000,0x00000000f8300000,0x00000000ffe00000)
  from space 1024K, 68% used [0x00000000fff00000,0x00000000fffb0000,0x0000000100000000)
  to   space 1024K, 0% used [0x00000000ffe00000,0x00000000ffe00000,0x00000000fff00000)
 ParOldGen       total 134144K, used 63453K [0x00000000f0000000, 0x00000000f8300000, 0x00000000f8300000)
  object space 134144K, 47% used [0x00000000f0000000,0x00000000f3df7628,0x00000000f8300000)
 Metaspace       used 52845K, capacity 55956K, committed 56192K, reserved 1097728K
  class space    used 6448K, capacity 6998K, committed 7040K, reserved 1048576K
}
{Heap before GC invocations=587 (full 0):
 PSYoungGen      total 126976K, used 126656K [0x00000000f8300000, 0x0000000100000000, 0x0000000100000000)
  eden space 125952K, 100% used [0x00000000f8300000,0x00000000ffe00000,0x00000000ffe00000)
  from space 1024K, 68% used [0x00000000fff00000,0x00000000fffb0000,0x0000000100000000)
  to   space 1024K, 0% used [0x00000000ffe00000,0x00000000ffe00000,0x00000000fff00000)
 ParOldGen       total 134144K, used 63453K [0x00000000f0000000, 0x00000000f8300000, 0x00000000f8300000)
  object space 134144K, 47% used [0x00000000f0000000,0x00000000f3df7628,0x00000000f8300000)
 Metaspace       used 52845K, capacity 55956K, committed 56192K, reserved 1097728K
  class space    used 6448K, capacity 6998K, committed 7040K, reserved 1048576K
2023-10-03T01:16:09.372+0800: 569.077: [GC (Allocation Failure) [PSYoungGen: 126656K->640K(126976K)] 190109K->64181K(261120K), 0.0075544 secs] [Times: user=0.03 sys=0.01, real=0.00 secs] 
Heap after GC invocations=587 (full 0):
 PSYoungGen      total 126976K, used 640K [0x00000000f8300000, 0x0000000100000000, 0x0000000100000000)
  eden space 125952K, 0% used [0x00000000f8300000,0x00000000f8300000,0x00000000ffe00000)
  from space 1024K, 62% used [0x00000000ffe00000,0x00000000ffea0000,0x00000000fff00000)
  to   space 1024K, 0% used [0x00000000fff00000,0x00000000fff00000,0x0000000100000000)
 ParOldGen       total 134144K, used 63541K [0x00000000f0000000, 0x00000000f8300000, 0x00000000f8300000)
  object space 134144K, 47% used [0x00000000f0000000,0x00000000f3e0d628,0x00000000f8300000)
 Metaspace       used 52845K, capacity 55956K, committed 56192K, reserved 1097728K
  class space    used 6448K, capacity 6998K, committed 7040K, reserved 1048576K
}
{Heap before GC invocations=588 (full 0):
 PSYoungGen      total 126976K, used 126592K [0x00000000f8300000, 0x0000000100000000, 0x0000000100000000)
  eden space 125952K, 100% used [0x00000000f8300000,0x00000000ffe00000,0x00000000ffe00000)
  from space 1024K, 62% used [0x00000000ffe00000,0x00000000ffea0000,0x00000000fff00000)
  to   space 1024K, 0% used [0x00000000fff00000,0x00000000fff00000,0x0000000100000000)
 ParOldGen       total 134144K, used 63541K [0x00000000f0000000, 0x00000000f8300000, 0x00000000f8300000)
  object space 134144K, 47% used [0x00000000f0000000,0x00000000f3e0d628,0x00000000f8300000)
 Metaspace       used 52845K, capacity 55956K, committed 56192K, reserved 1097728K
  class space    used 6448K, capacity 6998K, committed 7040K, reserved 1048576K
2023-10-03T01:16:10.013+0800: 569.717: [GC (Allocation Failure) [PSYoungGen: 126592K->672K(126976K)] 190133K->64277K(261120K), 0.0063882 secs] [Times: user=0.03 sys=0.00, real=0.00 secs] 
Heap after GC invocations=588 (full 0):
 PSYoungGen      total 126976K, used 672K [0x00000000f8300000, 0x0000000100000000, 0x0000000100000000)
  eden space 125952K, 0% used [0x00000000f8300000,0x00000000f8300000,0x00000000ffe00000)
  from space 1024K, 65% used [0x00000000fff00000,0x00000000fffa8000,0x0000000100000000)
  to   space 1024K, 0% used [0x00000000ffe00000,0x00000000ffe00000,0x00000000fff00000)
 ParOldGen       total 134144K, used 63605K [0x00000000f0000000, 0x00000000f8300000, 0x00000000f8300000)
  object space 134144K, 47% used [0x00000000f0000000,0x00000000f3e1d628,0x00000000f8300000)
 Metaspace       used 52845K, capacity 55956K, committed 56192K, reserved 1097728K
  class space    used 6448K, capacity 6998K, committed 7040K, reserved 1048576K
}
{Heap before GC invocations=589 (full 0):
 PSYoungGen      total 126976K, used 126624K [0x00000000f8300000, 0x0000000100000000, 0x0000000100000000)
  eden space 125952K, 100% used [0x00000000f8300000,0x00000000ffe00000,0x00000000ffe00000)
  from space 1024K, 65% used [0x00000000fff00000,0x00000000fffa8000,0x0000000100000000)
  to   space 1024K, 0% used [0x00000000ffe00000,0x00000000ffe00000,0x00000000fff00000)
 ParOldGen       total 134144K, used 63605K [0x00000000f0000000, 0x00000000f8300000, 0x00000000f8300000)
  object space 134144K, 47% used [0x00000000f0000000,0x00000000f3e1d628,0x00000000f8300000)
 Metaspace       used 52845K, capacity 55956K, committed 56192K, reserved 1097728K
  class space    used 6448K, capacity 6998K, committed 7040K, reserved 1048576K
2023-10-03T01:16:10.641+0800: 570.345: [GC (Allocation Failure) [PSYoungGen: 126624K->672K(126976K)] 190229K->64357K(261120K), 0.0068175 secs] [Times: user=0.04 sys=0.00, real=0.01 secs] 
Heap after GC invocations=589 (full 0):
 PSYoungGen      total 126976K, used 672K [0x00000000f8300000, 0x0000000100000000, 0x0000000100000000)
  eden space 125952K, 0% used [0x00000000f8300000,0x00000000f8300000,0x00000000ffe00000)
  from space 1024K, 65% used [0x00000000ffe00000,0x00000000ffea8000,0x00000000fff00000)
  to   space 1024K, 0% used [0x00000000fff00000,0x00000000fff00000,0x0000000100000000)
 ParOldGen       total 134144K, used 63685K [0x00000000f0000000, 0x00000000f8300000, 0x00000000f8300000)
  object space 134144K, 47% used [0x00000000f0000000,0x00000000f3e31628,0x00000000f8300000)
 Metaspace       used 52845K, capacity 55956K, committed 56192K, reserved 1097728K
  class space    used 6448K, capacity 6998K, committed 7040K, reserved 1048576K
}
{Heap before GC invocations=590 (full 0):
 PSYoungGen      total 126976K, used 126624K [0x00000000f8300000, 0x0000000100000000, 0x0000000100000000)
  eden space 125952K, 100% used [0x00000000f8300000,0x00000000ffe00000,0x00000000ffe00000)
  from space 1024K, 65% used [0x00000000ffe00000,0x00000000ffea8000,0x00000000fff00000)
  to   space 1024K, 0% used [0x00000000fff00000,0x00000000fff00000,0x0000000100000000)
 ParOldGen       total 134144K, used 63685K [0x00000000f0000000, 0x00000000f8300000, 0x00000000f8300000)
  object space 134144K, 47% used [0x00000000f0000000,0x00000000f3e31628,0x00000000f8300000)
 Metaspace       used 52845K, capacity 55956K, committed 56192K, reserved 1097728K
  class space    used 6448K, capacity 6998K, committed 7040K, reserved 1048576K
2023-10-03T01:16:11.278+0800: 570.983: [GC (Allocation Failure) [PSYoungGen: 126624K->640K(126976K)] 190309K->64405K(261120K), 0.0068648 secs] [Times: user=0.03 sys=0.01, real=0.01 secs] 
Heap after GC invocations=590 (full 0):
 PSYoungGen      total 126976K, used 640K [0x00000000f8300000, 0x0000000100000000, 0x0000000100000000)
  eden space 125952K, 0% used [0x00000000f8300000,0x00000000f8300000,0x00000000ffe00000)
  from space 1024K, 62% used [0x00000000fff00000,0x00000000fffa0000,0x0000000100000000)
  to   space 1024K, 0% used [0x00000000ffe00000,0x00000000ffe00000,0x00000000fff00000)
 ParOldGen       total 134144K, used 63765K [0x00000000f0000000, 0x00000000f8300000, 0x00000000f8300000)
  object space 134144K, 47% used [0x00000000f0000000,0x00000000f3e45628,0x00000000f8300000)
 Metaspace       used 52845K, capacity 55956K, committed 56192K, reserved 1097728K
  class space    used 6448K, capacity 6998K, committed 7040K, reserved 1048576K
}
{Heap before GC invocations=591 (full 0):
 PSYoungGen      total 126976K, used 126591K [0x00000000f8300000, 0x0000000100000000, 0x0000000100000000)
  eden space 125952K, 99% used [0x00000000f8300000,0x00000000ffdfffe0,0x00000000ffe00000)
  from space 1024K, 62% used [0x00000000fff00000,0x00000000fffa0000,0x0000000100000000)
  to   space 1024K, 0% used [0x00000000ffe00000,0x00000000ffe00000,0x00000000fff00000)
 ParOldGen       total 134144K, used 63765K [0x00000000f0000000, 0x00000000f8300000, 0x00000000f8300000)
  object space 134144K, 47% used [0x00000000f0000000,0x00000000f3e45628,0x00000000f8300000)
 Metaspace       used 52845K, capacity 55956K, committed 56192K, reserved 1097728K
  class space    used 6448K, capacity 6998K, committed 7040K, reserved 1048576K
2023-10-03T01:16:11.919+0800: 571.624: [GC (Allocation Failure) [PSYoungGen: 126591K->672K(126976K)] 190357K->64509K(261120K), 0.0069595 secs] [Times: user=0.03 sys=0.00, real=0.01 secs] 
Heap after GC invocations=591 (full 0):
 PSYoungGen      total 126976K, used 672K [0x00000000f8300000, 0x0000000100000000, 0x0000000100000000)
  eden space 125952K, 0% used [0x00000000f8300000,0x00000000f8300000,0x00000000ffe00000)
  from space 1024K, 65% used [0x00000000ffe00000,0x00000000ffea8000,0x00000000fff00000)
  to   space 1024K, 0% used [0x00000000fff00000,0x00000000fff00000,0x0000000100000000)
 ParOldGen       total 134144K, used 63837K [0x00000000f0000000, 0x00000000f8300000, 0x00000000f8300000)
  object space 134144K, 47% used [0x00000000f0000000,0x00000000f3e57628,0x00000000f8300000)
 Metaspace       used 52845K, capacity 55956K, committed 56192K, reserved 1097728K
  class space    used 6448K, capacity 6998K, committed 7040K, reserved 1048576K
}
{Heap before GC invocations=592 (full 0):
 PSYoungGen      total 126976K, used 126624K [0x00000000f8300000, 0x0000000100000000, 0x0000000100000000)
  eden space 125952K, 100% used [0x00000000f8300000,0x00000000ffe00000,0x00000000ffe00000)
  from space 1024K, 65% used [0x00000000ffe00000,0x00000000ffea8000,0x00000000fff00000)
  to   space 1024K, 0% used [0x00000000fff00000,0x00000000fff00000,0x0000000100000000)
 ParOldGen       total 134144K, used 63837K [0x00000000f0000000, 0x00000000f8300000, 0x00000000f8300000)
  object space 134144K, 47% used [0x00000000f0000000,0x00000000f3e57628,0x00000000f8300000)
 Metaspace       used 52845K, capacity 55956K, committed 56192K, reserved 1097728K
  class space    used 6448K, capacity 6998K, committed 7040K, reserved 1048576K
2023-10-03T01:16:12.561+0800: 572.266: [GC (Allocation Failure) [PSYoungGen: 126624K->704K(126976K)] 190461K->64621K(261120K), 0.0068650 secs] [Times: user=0.04 sys=0.00, real=0.01 secs] 
Heap after GC invocations=592 (full 0):
 PSYoungGen      total 126976K, used 704K [0x00000000f8300000, 0x0000000100000000, 0x0000000100000000)
  eden space 125952K, 0% used [0x00000000f8300000,0x00000000f8300000,0x00000000ffe00000)
  from space 1024K, 68% used [0x00000000fff00000,0x00000000fffb0000,0x0000000100000000)
  to   space 1024K, 0% used [0x00000000ffe00000,0x00000000ffe00000,0x00000000fff00000)
 ParOldGen       total 134144K, used 63917K [0x00000000f0000000, 0x00000000f8300000, 0x00000000f8300000)
  object space 134144K, 47% used [0x00000000f0000000,0x00000000f3e6b628,0x00000000f8300000)
 Metaspace       used 52845K, capacity 55956K, committed 56192K, reserved 1097728K
  class space    used 6448K, capacity 6998K, committed 7040K, reserved 1048576K
}
{Heap before GC invocations=593 (full 0):
 PSYoungGen      total 126976K, used 126656K [0x00000000f8300000, 0x0000000100000000, 0x0000000100000000)
  eden space 125952K, 100% used [0x00000000f8300000,0x00000000ffe00000,0x00000000ffe00000)
  from space 1024K, 68% used [0x00000000fff00000,0x00000000fffb0000,0x0000000100000000)
  to   space 1024K, 0% used [0x00000000ffe00000,0x00000000ffe00000,0x00000000fff00000)
 ParOldGen       total 134144K, used 63917K [0x00000000f0000000, 0x00000000f8300000, 0x00000000f8300000)
  object space 134144K, 47% used [0x00000000f0000000,0x00000000f3e6b628,0x00000000f8300000)
 Metaspace       used 52853K, capacity 55956K, committed 56192K, reserved 1097728K
  class space    used 6448K, capacity 6998K, committed 7040K, reserved 1048576K
2023-10-03T01:16:13.197+0800: 572.902: [GC (Allocation Failure) [PSYoungGen: 126656K->672K(126976K)] 190573K->64669K(261120K), 0.0069381 secs] [Times: user=0.04 sys=0.01, real=0.01 secs] 
Heap after GC invocations=593 (full 0):
 PSYoungGen      total 126976K, used 672K [0x00000000f8300000, 0x0000000100000000, 0x0000000100000000)
  eden space 125952K, 0% used [0x00000000f8300000,0x00000000f8300000,0x00000000ffe00000)
  from space 1024K, 65% used [0x00000000ffe00000,0x00000000ffea8000,0x00000000fff00000)
  to   space 1024K, 0% used [0x00000000fff00000,0x00000000fff00000,0x0000000100000000)
 ParOldGen       total 134144K, used 63997K [0x00000000f0000000, 0x00000000f8300000, 0x00000000f8300000)
  object space 134144K, 47% used [0x00000000f0000000,0x00000000f3e7f628,0x00000000f8300000)
 Metaspace       used 52853K, capacity 55956K, committed 56192K, reserved 1097728K
  class space    used 6448K, capacity 6998K, committed 7040K, reserved 1048576K
}
{Heap before GC invocations=594 (full 0):
 PSYoungGen      total 126976K, used 126624K [0x00000000f8300000, 0x0000000100000000, 0x0000000100000000)
  eden space 125952K, 100% used [0x00000000f8300000,0x00000000ffe00000,0x00000000ffe00000)
  from space 1024K, 65% used [0x00000000ffe00000,0x00000000ffea8000,0x00000000fff00000)
  to   space 1024K, 0% used [0x00000000fff00000,0x00000000fff00000,0x0000000100000000)
 ParOldGen       total 134144K, used 63997K [0x00000000f0000000, 0x00000000f8300000, 0x00000000f8300000)
  object space 134144K, 47% used [0x00000000f0000000,0x00000000f3e7f628,0x00000000f8300000)
 Metaspace       used 52853K, capacity 55956K, committed 56192K, reserved 1097728K
  class space    used 6448K, capacity 6998K, committed 7040K, reserved 1048576K
2023-10-03T01:16:13.824+0800: 573.529: [GC (Allocation Failure) [PSYoungGen: 126624K->672K(126976K)] 190621K->64749K(261120K), 0.0067356 secs] [Times: user=0.03 sys=0.00, real=0.00 secs] 
Heap after GC invocations=594 (full 0):
 PSYoungGen      total 126976K, used 672K [0x00000000f8300000, 0x0000000100000000, 0x0000000100000000)
  eden space 125952K, 0% used [0x00000000f8300000,0x00000000f8300000,0x00000000ffe00000)
  from space 1024K, 65% used [0x00000000fff00000,0x00000000fffa8000,0x0000000100000000)
  to   space 1024K, 0% used [0x00000000ffe00000,0x00000000ffe00000,0x00000000fff00000)
 ParOldGen       total 134144K, used 64077K [0x00000000f0000000, 0x00000000f8300000, 0x00000000f8300000)
  object space 134144K, 47% used [0x00000000f0000000,0x00000000f3e93628,0x00000000f8300000)
 Metaspace       used 52853K, capacity 55956K, committed 56192K, reserved 1097728K
  class space    used 6448K, capacity 6998K, committed 7040K, reserved 1048576K
}
{Heap before GC invocations=595 (full 0):
 PSYoungGen      total 126976K, used 126624K [0x00000000f8300000, 0x0000000100000000, 0x0000000100000000)
  eden space 125952K, 100% used [0x00000000f8300000,0x00000000ffe00000,0x00000000ffe00000)
  from space 1024K, 65% used [0x00000000fff00000,0x00000000fffa8000,0x0000000100000000)
  to   space 1024K, 0% used [0x00000000ffe00000,0x00000000ffe00000,0x00000000fff00000)
 ParOldGen       total 134144K, used 64077K [0x00000000f0000000, 0x00000000f8300000, 0x00000000f8300000)
  object space 134144K, 47% used [0x00000000f0000000,0x00000000f3e93628,0x00000000f8300000)
 Metaspace       used 52853K, capacity 55956K, committed 56192K, reserved 1097728K
  class space    used 6448K, capacity 6998K, committed 7040K, reserved 1048576K
2023-10-03T01:16:14.463+0800: 574.168: [GC (Allocation Failure) [PSYoungGen: 126624K->672K(126976K)] 190701K->64837K(261120K), 0.0067571 secs] [Times: user=0.03 sys=0.00, real=0.00 secs] 
Heap after GC invocations=595 (full 0):
 PSYoungGen      total 126976K, used 672K [0x00000000f8300000, 0x0000000100000000, 0x0000000100000000)
  eden space 125952K, 0% used [0x00000000f8300000,0x00000000f8300000,0x00000000ffe00000)
  from space 1024K, 65% used [0x00000000ffe00000,0x00000000ffea8000,0x00000000fff00000)
  to   space 1024K, 0% used [0x00000000fff00000,0x00000000fff00000,0x0000000100000000)
 ParOldGen       total 134144K, used 64165K [0x00000000f0000000, 0x00000000f8300000, 0x00000000f8300000)
  object space 134144K, 47% used [0x00000000f0000000,0x00000000f3ea9628,0x00000000f8300000)
 Metaspace       used 52853K, capacity 55956K, committed 56192K, reserved 1097728K
  class space    used 6448K, capacity 6998K, committed 7040K, reserved 1048576K
}
{Heap before GC invocations=596 (full 0):
 PSYoungGen      total 126976K, used 126624K [0x00000000f8300000, 0x0000000100000000, 0x0000000100000000)
  eden space 125952K, 100% used [0x00000000f8300000,0x00000000ffe00000,0x00000000ffe00000)
  from space 1024K, 65% used [0x00000000ffe00000,0x00000000ffea8000,0x00000000fff00000)
  to   space 1024K, 0% used [0x00000000fff00000,0x00000000fff00000,0x0000000100000000)
 ParOldGen       total 134144K, used 64165K [0x00000000f0000000, 0x00000000f8300000, 0x00000000f8300000)
  object space 134144K, 47% used [0x00000000f0000000,0x00000000f3ea9628,0x00000000f8300000)
 Metaspace       used 52854K, capacity 55956K, committed 56192K, reserved 1097728K
  class space    used 6448K, capacity 6998K, committed 7040K, reserved 1048576K
2023-10-03T01:16:15.102+0800: 574.807: [GC (Allocation Failure) [PSYoungGen: 126624K->640K(126976K)] 190789K->64877K(261120K), 0.0060608 secs] [Times: user=0.04 sys=0.00, real=0.00 secs] 
Heap after GC invocations=596 (full 0):
 PSYoungGen      total 126976K, used 640K [0x00000000f8300000, 0x0000000100000000, 0x0000000100000000)
  eden space 125952K, 0% used [0x00000000f8300000,0x00000000f8300000,0x00000000ffe00000)
  from space 1024K, 62% used [0x00000000fff00000,0x00000000fffa0000,0x0000000100000000)
  to   space 1024K, 0% used [0x00000000ffe00000,0x00000000ffe00000,0x00000000fff00000)
 ParOldGen       total 134144K, used 64237K [0x00000000f0000000, 0x00000000f8300000, 0x00000000f8300000)
  object space 134144K, 47% used [0x00000000f0000000,0x00000000f3ebb628,0x00000000f8300000)
 Metaspace       used 52854K, capacity 55956K, committed 56192K, reserved 1097728K
  class space    used 6448K, capacity 6998K, committed 7040K, reserved 1048576K
}
{Heap before GC invocations=597 (full 0):
 PSYoungGen      total 126976K, used 126592K [0x00000000f8300000, 0x0000000100000000, 0x0000000100000000)
  eden space 125952K, 100% used [0x00000000f8300000,0x00000000ffe00000,0x00000000ffe00000)
  from space 1024K, 62% used [0x00000000fff00000,0x00000000fffa0000,0x0000000100000000)
  to   space 1024K, 0% used [0x00000000ffe00000,0x00000000ffe00000,0x00000000fff00000)
 ParOldGen       total 134144K, used 64237K [0x00000000f0000000, 0x00000000f8300000, 0x00000000f8300000)
  object space 134144K, 47% used [0x00000000f0000000,0x00000000f3ebb628,0x00000000f8300000)
 Metaspace       used 52854K, capacity 55956K, committed 56192K, reserved 1097728K
  class space    used 6448K, capacity 6998K, committed 7040K, reserved 1048576K
2023-10-03T01:16:15.701+0800: 575.405: [GC (Allocation Failure) [PSYoungGen: 126592K->672K(126976K)] 190829K->64997K(261120K), 0.0068253 secs] [Times: user=0.03 sys=0.00, real=0.01 secs] 
Heap after GC invocations=597 (full 0):
 PSYoungGen      total 126976K, used 672K [0x00000000f8300000, 0x0000000100000000, 0x0000000100000000)
  eden space 125952K, 0% used [0x00000000f8300000,0x00000000f8300000,0x00000000ffe00000)
  from space 1024K, 65% used [0x00000000ffe00000,0x00000000ffea8000,0x00000000fff00000)
  to   space 1024K, 0% used [0x00000000fff00000,0x00000000fff00000,0x0000000100000000)
 ParOldGen       total 134144K, used 64325K [0x00000000f0000000, 0x00000000f8300000, 0x00000000f8300000)
  object space 134144K, 47% used [0x00000000f0000000,0x00000000f3ed1628,0x00000000f8300000)
 Metaspace       used 52854K, capacity 55956K, committed 56192K, reserved 1097728K
  class space    used 6448K, capacity 6998K, committed 7040K, reserved 1048576K
}
{Heap before GC invocations=598 (full 0):
 PSYoungGen      total 126976K, used 126624K [0x00000000f8300000, 0x0000000100000000, 0x0000000100000000)
  eden space 125952K, 100% used [0x00000000f8300000,0x00000000ffe00000,0x00000000ffe00000)
  from space 1024K, 65% used [0x00000000ffe00000,0x00000000ffea8000,0x00000000fff00000)
  to   space 1024K, 0% used [0x00000000fff00000,0x00000000fff00000,0x0000000100000000)
 ParOldGen       total 134144K, used 64325K [0x00000000f0000000, 0x00000000f8300000, 0x00000000f8300000)
  object space 134144K, 47% used [0x00000000f0000000,0x00000000f3ed1628,0x00000000f8300000)
 Metaspace       used 52854K, capacity 55956K, committed 56192K, reserved 1097728K
  class space    used 6448K, capacity 6998K, committed 7040K, reserved 1048576K
2023-10-03T01:16:16.326+0800: 576.030: [GC (Allocation Failure) [PSYoungGen: 126624K->640K(126976K)] 190949K->65045K(261120K), 0.0069377 secs] [Times: user=0.04 sys=0.00, real=0.01 secs] 
Heap after GC invocations=598 (full 0):
 PSYoungGen      total 126976K, used 640K [0x00000000f8300000, 0x0000000100000000, 0x0000000100000000)
  eden space 125952K, 0% used [0x00000000f8300000,0x00000000f8300000,0x00000000ffe00000)
  from space 1024K, 62% used [0x00000000fff00000,0x00000000fffa0000,0x0000000100000000)
  to   space 1024K, 0% used [0x00000000ffe00000,0x00000000ffe00000,0x00000000fff00000)
 ParOldGen       total 134144K, used 64405K [0x00000000f0000000, 0x00000000f8300000, 0x00000000f8300000)
  object space 134144K, 48% used [0x00000000f0000000,0x00000000f3ee5628,0x00000000f8300000)
 Metaspace       used 52854K, capacity 55956K, committed 56192K, reserved 1097728K
  class space    used 6448K, capacity 6998K, committed 7040K, reserved 1048576K
}
{Heap before GC invocations=599 (full 0):
 PSYoungGen      total 126976K, used 126592K [0x00000000f8300000, 0x0000000100000000, 0x0000000100000000)
  eden space 125952K, 100% used [0x00000000f8300000,0x00000000ffe00000,0x00000000ffe00000)
  from space 1024K, 62% used [0x00000000fff00000,0x00000000fffa0000,0x0000000100000000)
  to   space 1024K, 0% used [0x00000000ffe00000,0x00000000ffe00000,0x00000000fff00000)
 ParOldGen       total 134144K, used 64405K [0x00000000f0000000, 0x00000000f8300000, 0x00000000f8300000)
  object space 134144K, 48% used [0x00000000f0000000,0x00000000f3ee5628,0x00000000f8300000)
 Metaspace       used 52854K, capacity 55956K, committed 56192K, reserved 1097728K
  class space    used 6448K, capacity 6998K, committed 7040K, reserved 1048576K
2023-10-03T01:16:16.961+0800: 576.666: [GC (Allocation Failure) [PSYoungGen: 126592K->704K(126976K)] 190997K->65189K(261120K), 0.0066178 secs] [Times: user=0.03 sys=0.01, real=0.01 secs] 
Heap after GC invocations=599 (full 0):
 PSYoungGen      total 126976K, used 704K [0x00000000f8300000, 0x0000000100000000, 0x0000000100000000)
  eden space 125952K, 0% used [0x00000000f8300000,0x00000000f8300000,0x00000000ffe00000)
  from space 1024K, 68% used [0x00000000ffe00000,0x00000000ffeb0000,0x00000000fff00000)
  to   space 1024K, 0% used [0x00000000fff00000,0x00000000fff00000,0x0000000100000000)
 ParOldGen       total 134144K, used 64485K [0x00000000f0000000, 0x00000000f8300000, 0x00000000f8300000)
  object space 134144K, 48% used [0x00000000f0000000,0x00000000f3ef9628,0x00000000f8300000)
 Metaspace       used 52854K, capacity 55956K, committed 56192K, reserved 1097728K
  class space    used 6448K, capacity 6998K, committed 7040K, reserved 1048576K
}
{Heap before GC invocations=600 (full 0):
 PSYoungGen      total 126976K, used 126656K [0x00000000f8300000, 0x0000000100000000, 0x0000000100000000)
  eden space 125952K, 100% used [0x00000000f8300000,0x00000000ffe00000,0x00000000ffe00000)
  from space 1024K, 68% used [0x00000000ffe00000,0x00000000ffeb0000,0x00000000fff00000)
  to   space 1024K, 0% used [0x00000000fff00000,0x00000000fff00000,0x0000000100000000)
 ParOldGen       total 134144K, used 64485K [0x00000000f0000000, 0x00000000f8300000, 0x00000000f8300000)
  object space 134144K, 48% used [0x00000000f0000000,0x00000000f3ef9628,0x00000000f8300000)
 Metaspace       used 52854K, capacity 55956K, committed 56192K, reserved 1097728K
  class space    used 6448K, capacity 6998K, committed 7040K, reserved 1048576K
2023-10-03T01:16:17.605+0800: 577.310: [GC (Allocation Failure) [PSYoungGen: 126656K->640K(126976K)] 191141K->65197K(261120K), 0.0077393 secs] [Times: user=0.03 sys=0.00, real=0.01 secs] 
Heap after GC invocations=600 (full 0):
 PSYoungGen      total 126976K, used 640K [0x00000000f8300000, 0x0000000100000000, 0x0000000100000000)
  eden space 125952K, 0% used [0x00000000f8300000,0x00000000f8300000,0x00000000ffe00000)
  from space 1024K, 62% used [0x00000000fff00000,0x00000000fffa0000,0x0000000100000000)
  to   space 1024K, 0% used [0x00000000ffe00000,0x00000000ffe00000,0x00000000fff00000)
 ParOldGen       total 134144K, used 64557K [0x00000000f0000000, 0x00000000f8300000, 0x00000000f8300000)
  object space 134144K, 48% used [0x00000000f0000000,0x00000000f3f0b628,0x00000000f8300000)
 Metaspace       used 52854K, capacity 55956K, committed 56192K, reserved 1097728K
  class space    used 6448K, capacity 6998K, committed 7040K, reserved 1048576K
}
{Heap before GC invocations=601 (full 0):
 PSYoungGen      total 126976K, used 126592K [0x00000000f8300000, 0x0000000100000000, 0x0000000100000000)
  eden space 125952K, 100% used [0x00000000f8300000,0x00000000ffe00000,0x00000000ffe00000)
  from space 1024K, 62% used [0x00000000fff00000,0x00000000fffa0000,0x0000000100000000)
  to   space 1024K, 0% used [0x00000000ffe00000,0x00000000ffe00000,0x00000000fff00000)
 ParOldGen       total 134144K, used 64557K [0x00000000f0000000, 0x00000000f8300000, 0x00000000f8300000)
  object space 134144K, 48% used [0x00000000f0000000,0x00000000f3f0b628,0x00000000f8300000)
 Metaspace       used 52854K, capacity 55956K, committed 56192K, reserved 1097728K
  class space    used 6448K, capacity 6998K, committed 7040K, reserved 1048576K
2023-10-03T01:16:18.246+0800: 577.951: [GC (Allocation Failure) [PSYoungGen: 126592K->704K(126976K)] 191149K->65325K(261120K), 0.0067675 secs] [Times: user=0.03 sys=0.00, real=0.01 secs] 
Heap after GC invocations=601 (full 0):
 PSYoungGen      total 126976K, used 704K [0x00000000f8300000, 0x0000000100000000, 0x0000000100000000)
  eden space 125952K, 0% used [0x00000000f8300000,0x00000000f8300000,0x00000000ffe00000)
  from space 1024K, 68% used [0x00000000ffe00000,0x00000000ffeb0000,0x00000000fff00000)
  to   space 1024K, 0% used [0x00000000fff00000,0x00000000fff00000,0x0000000100000000)
 ParOldGen       total 134144K, used 64621K [0x00000000f0000000, 0x00000000f8300000, 0x00000000f8300000)
  object space 134144K, 48% used [0x00000000f0000000,0x00000000f3f1b628,0x00000000f8300000)
 Metaspace       used 52854K, capacity 55956K, committed 56192K, reserved 1097728K
  class space    used 6448K, capacity 6998K, committed 7040K, reserved 1048576K
}
{Heap before GC invocations=602 (full 0):
 PSYoungGen      total 126976K, used 126656K [0x00000000f8300000, 0x0000000100000000, 0x0000000100000000)
  eden space 125952K, 100% used [0x00000000f8300000,0x00000000ffe00000,0x00000000ffe00000)
  from space 1024K, 68% used [0x00000000ffe00000,0x00000000ffeb0000,0x00000000fff00000)
  to   space 1024K, 0% used [0x00000000fff00000,0x00000000fff00000,0x0000000100000000)
 ParOldGen       total 134144K, used 64621K [0x00000000f0000000, 0x00000000f8300000, 0x00000000f8300000)
  object space 134144K, 48% used [0x00000000f0000000,0x00000000f3f1b628,0x00000000f8300000)
 Metaspace       used 52854K, capacity 55956K, committed 56192K, reserved 1097728K
  class space    used 6448K, capacity 6998K, committed 7040K, reserved 1048576K
2023-10-03T01:16:18.873+0800: 578.577: [GC (Allocation Failure) [PSYoungGen: 126656K->672K(126976K)] 191277K->65373K(261120K), 0.0067724 secs] [Times: user=0.03 sys=0.00, real=0.00 secs] 
Heap after GC invocations=602 (full 0):
 PSYoungGen      total 126976K, used 672K [0x00000000f8300000, 0x0000000100000000, 0x0000000100000000)
  eden space 125952K, 0% used [0x00000000f8300000,0x00000000f8300000,0x00000000ffe00000)
  from space 1024K, 65% used [0x00000000fff00000,0x00000000fffa8000,0x0000000100000000)
  to   space 1024K, 0% used [0x00000000ffe00000,0x00000000ffe00000,0x00000000fff00000)
 ParOldGen       total 134144K, used 64701K [0x00000000f0000000, 0x00000000f8300000, 0x00000000f8300000)
  object space 134144K, 48% used [0x00000000f0000000,0x00000000f3f2f628,0x00000000f8300000)
 Metaspace       used 52854K, capacity 55956K, committed 56192K, reserved 1097728K
  class space    used 6448K, capacity 6998K, committed 7040K, reserved 1048576K
}
{Heap before GC invocations=603 (full 0):
 PSYoungGen      total 126976K, used 126624K [0x00000000f8300000, 0x0000000100000000, 0x0000000100000000)
  eden space 125952K, 100% used [0x00000000f8300000,0x00000000ffe00000,0x00000000ffe00000)
  from space 1024K, 65% used [0x00000000fff00000,0x00000000fffa8000,0x0000000100000000)
  to   space 1024K, 0% used [0x00000000ffe00000,0x00000000ffe00000,0x00000000fff00000)
 ParOldGen       total 134144K, used 64701K [0x00000000f0000000, 0x00000000f8300000, 0x00000000f8300000)
  object space 134144K, 48% used [0x00000000f0000000,0x00000000f3f2f628,0x00000000f8300000)
 Metaspace       used 52854K, capacity 55956K, committed 56192K, reserved 1097728K
  class space    used 6448K, capacity 6998K, committed 7040K, reserved 1048576K
2023-10-03T01:16:19.509+0800: 579.214: [GC (Allocation Failure) [PSYoungGen: 126624K->672K(126976K)] 191325K->65461K(261120K), 0.0069505 secs] [Times: user=0.03 sys=0.00, real=0.01 secs] 
Heap after GC invocations=603 (full 0):
 PSYoungGen      total 126976K, used 672K [0x00000000f8300000, 0x0000000100000000, 0x0000000100000000)
  eden space 125952K, 0% used [0x00000000f8300000,0x00000000f8300000,0x00000000ffe00000)
  from space 1024K, 65% used [0x00000000ffe00000,0x00000000ffea8000,0x00000000fff00000)
  to   space 1024K, 0% used [0x00000000fff00000,0x00000000fff00000,0x0000000100000000)
 ParOldGen       total 134144K, used 64789K [0x00000000f0000000, 0x00000000f8300000, 0x00000000f8300000)
  object space 134144K, 48% used [0x00000000f0000000,0x00000000f3f45628,0x00000000f8300000)
 Metaspace       used 52854K, capacity 55956K, committed 56192K, reserved 1097728K
  class space    used 6448K, capacity 6998K, committed 7040K, reserved 1048576K
}
{Heap before GC invocations=604 (full 0):
 PSYoungGen      total 126976K, used 126624K [0x00000000f8300000, 0x0000000100000000, 0x0000000100000000)
  eden space 125952K, 100% used [0x00000000f8300000,0x00000000ffe00000,0x00000000ffe00000)
  from space 1024K, 65% used [0x00000000ffe00000,0x00000000ffea8000,0x00000000fff00000)
  to   space 1024K, 0% used [0x00000000fff00000,0x00000000fff00000,0x0000000100000000)
 ParOldGen       total 134144K, used 64789K [0x00000000f0000000, 0x00000000f8300000, 0x00000000f8300000)
  object space 134144K, 48% used [0x00000000f0000000,0x00000000f3f45628,0x00000000f8300000)
 Metaspace       used 52854K, capacity 55956K, committed 56192K, reserved 1097728K
  class space    used 6448K, capacity 6998K, committed 7040K, reserved 1048576K
2023-10-03T01:16:20.146+0800: 579.851: [GC (Allocation Failure) [PSYoungGen: 126624K->672K(126976K)] 191413K->65533K(261120K), 0.0066786 secs] [Times: user=0.03 sys=0.00, real=0.01 secs] 
Heap after GC invocations=604 (full 0):
 PSYoungGen      total 126976K, used 672K [0x00000000f8300000, 0x0000000100000000, 0x0000000100000000)
  eden space 125952K, 0% used [0x00000000f8300000,0x00000000f8300000,0x00000000ffe00000)
  from space 1024K, 65% used [0x00000000fff00000,0x00000000fffa8000,0x0000000100000000)
  to   space 1024K, 0% used [0x00000000ffe00000,0x00000000ffe00000,0x00000000fff00000)
 ParOldGen       total 134144K, used 64861K [0x00000000f0000000, 0x00000000f8300000, 0x00000000f8300000)
  object space 134144K, 48% used [0x00000000f0000000,0x00000000f3f57628,0x00000000f8300000)
 Metaspace       used 52854K, capacity 55956K, committed 56192K, reserved 1097728K
  class space    used 6448K, capacity 6998K, committed 7040K, reserved 1048576K
}
{Heap before GC invocations=605 (full 0):
 PSYoungGen      total 126976K, used 126624K [0x00000000f8300000, 0x0000000100000000, 0x0000000100000000)
  eden space 125952K, 100% used [0x00000000f8300000,0x00000000ffe00000,0x00000000ffe00000)
  from space 1024K, 65% used [0x00000000fff00000,0x00000000fffa8000,0x0000000100000000)
  to   space 1024K, 0% used [0x00000000ffe00000,0x00000000ffe00000,0x00000000fff00000)
 ParOldGen       total 134144K, used 64861K [0x00000000f0000000, 0x00000000f8300000, 0x00000000f8300000)
  object space 134144K, 48% used [0x00000000f0000000,0x00000000f3f57628,0x00000000f8300000)
 Metaspace       used 52854K, capacity 55956K, committed 56192K, reserved 1097728K
  class space    used 6448K, capacity 6998K, committed 7040K, reserved 1048576K
2023-10-03T01:16:20.770+0800: 580.474: [GC (Allocation Failure) [PSYoungGen: 126624K->672K(126976K)] 191485K->65613K(261120K), 0.0067317 secs] [Times: user=0.03 sys=0.00, real=0.01 secs] 
Heap after GC invocations=605 (full 0):
 PSYoungGen      total 126976K, used 672K [0x00000000f8300000, 0x0000000100000000, 0x0000000100000000)
  eden space 125952K, 0% used [0x00000000f8300000,0x00000000f8300000,0x00000000ffe00000)
  from space 1024K, 65% used [0x00000000ffe00000,0x00000000ffea8000,0x00000000fff00000)
  to   space 1024K, 0% used [0x00000000fff00000,0x00000000fff00000,0x0000000100000000)
 ParOldGen       total 134144K, used 64941K [0x00000000f0000000, 0x00000000f8300000, 0x00000000f8300000)
  object space 134144K, 48% used [0x00000000f0000000,0x00000000f3f6b628,0x00000000f8300000)
 Metaspace       used 52854K, capacity 55956K, committed 56192K, reserved 1097728K
  class space    used 6448K, capacity 6998K, committed 7040K, reserved 1048576K
}
{Heap before GC invocations=606 (full 0):
 PSYoungGen      total 126976K, used 126624K [0x00000000f8300000, 0x0000000100000000, 0x0000000100000000)
  eden space 125952K, 100% used [0x00000000f8300000,0x00000000ffe00000,0x00000000ffe00000)
  from space 1024K, 65% used [0x00000000ffe00000,0x00000000ffea8000,0x00000000fff00000)
  to   space 1024K, 0% used [0x00000000fff00000,0x00000000fff00000,0x0000000100000000)
 ParOldGen       total 134144K, used 64941K [0x00000000f0000000, 0x00000000f8300000, 0x00000000f8300000)
  object space 134144K, 48% used [0x00000000f0000000,0x00000000f3f6b628,0x00000000f8300000)
 Metaspace       used 52854K, capacity 55956K, committed 56192K, reserved 1097728K
  class space    used 6448K, capacity 6998K, committed 7040K, reserved 1048576K
2023-10-03T01:16:21.406+0800: 581.111: [GC (Allocation Failure) [PSYoungGen: 126624K->704K(126976K)] 191565K->65701K(261120K), 0.0068729 secs] [Times: user=0.04 sys=0.00, real=0.01 secs] 
Heap after GC invocations=606 (full 0):
 PSYoungGen      total 126976K, used 704K [0x00000000f8300000, 0x0000000100000000, 0x0000000100000000)
  eden space 125952K, 0% used [0x00000000f8300000,0x00000000f8300000,0x00000000ffe00000)
  from space 1024K, 68% used [0x00000000fff00000,0x00000000fffb0000,0x0000000100000000)
  to   space 1024K, 0% used [0x00000000ffe00000,0x00000000ffe00000,0x00000000fff00000)
 ParOldGen       total 134144K, used 64997K [0x00000000f0000000, 0x00000000f8300000, 0x00000000f8300000)
  object space 134144K, 48% used [0x00000000f0000000,0x00000000f3f79628,0x00000000f8300000)
 Metaspace       used 52854K, capacity 55956K, committed 56192K, reserved 1097728K
  class space    used 6448K, capacity 6998K, committed 7040K, reserved 1048576K
}
{Heap before GC invocations=607 (full 0):
 PSYoungGen      total 126976K, used 126656K [0x00000000f8300000, 0x0000000100000000, 0x0000000100000000)
  eden space 125952K, 100% used [0x00000000f8300000,0x00000000ffe00000,0x00000000ffe00000)
  from space 1024K, 68% used [0x00000000fff00000,0x00000000fffb0000,0x0000000100000000)
  to   space 1024K, 0% used [0x00000000ffe00000,0x00000000ffe00000,0x00000000fff00000)
 ParOldGen       total 134144K, used 64997K [0x00000000f0000000, 0x00000000f8300000, 0x00000000f8300000)
  object space 134144K, 48% used [0x00000000f0000000,0x00000000f3f79628,0x00000000f8300000)
 Metaspace       used 52854K, capacity 55956K, committed 56192K, reserved 1097728K
  class space    used 6448K, capacity 6998K, committed 7040K, reserved 1048576K
2023-10-03T01:16:22.031+0800: 581.735: [GC (Allocation Failure) [PSYoungGen: 126656K->672K(126976K)] 191653K->65757K(261120K), 0.0067813 secs] [Times: user=0.03 sys=0.00, real=0.01 secs] 
Heap after GC invocations=607 (full 0):
 PSYoungGen      total 126976K, used 672K [0x00000000f8300000, 0x0000000100000000, 0x0000000100000000)
  eden space 125952K, 0% used [0x00000000f8300000,0x00000000f8300000,0x00000000ffe00000)
  from space 1024K, 65% used [0x00000000ffe00000,0x00000000ffea8000,0x00000000fff00000)
  to   space 1024K, 0% used [0x00000000fff00000,0x00000000fff00000,0x0000000100000000)
 ParOldGen       total 134144K, used 65085K [0x00000000f0000000, 0x00000000f8300000, 0x00000000f8300000)
  object space 134144K, 48% used [0x00000000f0000000,0x00000000f3f8f628,0x00000000f8300000)
 Metaspace       used 52854K, capacity 55956K, committed 56192K, reserved 1097728K
  class space    used 6448K, capacity 6998K, committed 7040K, reserved 1048576K
}
{Heap before GC invocations=608 (full 0):
 PSYoungGen      total 126976K, used 126624K [0x00000000f8300000, 0x0000000100000000, 0x0000000100000000)
  eden space 125952K, 100% used [0x00000000f8300000,0x00000000ffe00000,0x00000000ffe00000)
  from space 1024K, 65% used [0x00000000ffe00000,0x00000000ffea8000,0x00000000fff00000)
  to   space 1024K, 0% used [0x00000000fff00000,0x00000000fff00000,0x0000000100000000)
 ParOldGen       total 134144K, used 65085K [0x00000000f0000000, 0x00000000f8300000, 0x00000000f8300000)
  object space 134144K, 48% used [0x00000000f0000000,0x00000000f3f8f628,0x00000000f8300000)
 Metaspace       used 52854K, capacity 55956K, committed 56192K, reserved 1097728K
  class space    used 6448K, capacity 6998K, committed 7040K, reserved 1048576K
2023-10-03T01:16:22.671+0800: 582.376: [GC (Allocation Failure) [PSYoungGen: 126624K->672K(126976K)] 191709K->65829K(261120K), 0.0062363 secs] [Times: user=0.04 sys=0.00, real=0.01 secs] 
Heap after GC invocations=608 (full 0):
 PSYoungGen      total 126976K, used 672K [0x00000000f8300000, 0x0000000100000000, 0x0000000100000000)
  eden space 125952K, 0% used [0x00000000f8300000,0x00000000f8300000,0x00000000ffe00000)
  from space 1024K, 65% used [0x00000000fff00000,0x00000000fffa8000,0x0000000100000000)
  to   space 1024K, 0% used [0x00000000ffe00000,0x00000000ffe00000,0x00000000fff00000)
 ParOldGen       total 134144K, used 65157K [0x00000000f0000000, 0x00000000f8300000, 0x00000000f8300000)
  object space 134144K, 48% used [0x00000000f0000000,0x00000000f3fa1628,0x00000000f8300000)
 Metaspace       used 52854K, capacity 55956K, committed 56192K, reserved 1097728K
  class space    used 6448K, capacity 6998K, committed 7040K, reserved 1048576K
}
{Heap before GC invocations=609 (full 0):
 PSYoungGen      total 126976K, used 126624K [0x00000000f8300000, 0x0000000100000000, 0x0000000100000000)
  eden space 125952K, 100% used [0x00000000f8300000,0x00000000ffe00000,0x00000000ffe00000)
  from space 1024K, 65% used [0x00000000fff00000,0x00000000fffa8000,0x0000000100000000)
  to   space 1024K, 0% used [0x00000000ffe00000,0x00000000ffe00000,0x00000000fff00000)
 ParOldGen       total 134144K, used 65157K [0x00000000f0000000, 0x00000000f8300000, 0x00000000f8300000)
  object space 134144K, 48% used [0x00000000f0000000,0x00000000f3fa1628,0x00000000f8300000)
 Metaspace       used 52854K, capacity 55956K, committed 56192K, reserved 1097728K
  class space    used 6448K, capacity 6998K, committed 7040K, reserved 1048576K
2023-10-03T01:16:23.312+0800: 583.017: [GC (Allocation Failure) [PSYoungGen: 126624K->672K(126976K)] 191781K->65901K(261120K), 0.0062313 secs] [Times: user=0.04 sys=0.00, real=0.00 secs] 
Heap after GC invocations=609 (full 0):
 PSYoungGen      total 126976K, used 672K [0x00000000f8300000, 0x0000000100000000, 0x0000000100000000)
  eden space 125952K, 0% used [0x00000000f8300000,0x00000000f8300000,0x00000000ffe00000)
  from space 1024K, 65% used [0x00000000ffe00000,0x00000000ffea8000,0x00000000fff00000)
  to   space 1024K, 0% used [0x00000000fff00000,0x00000000fff00000,0x0000000100000000)
 ParOldGen       total 134144K, used 65229K [0x00000000f0000000, 0x00000000f8300000, 0x00000000f8300000)
  object space 134144K, 48% used [0x00000000f0000000,0x00000000f3fb3628,0x00000000f8300000)
 Metaspace       used 52854K, capacity 55956K, committed 56192K, reserved 1097728K
  class space    used 6448K, capacity 6998K, committed 7040K, reserved 1048576K
}
{Heap before GC invocations=610 (full 0):
 PSYoungGen      total 126976K, used 126624K [0x00000000f8300000, 0x0000000100000000, 0x0000000100000000)
  eden space 125952K, 100% used [0x00000000f8300000,0x00000000ffe00000,0x00000000ffe00000)
  from space 1024K, 65% used [0x00000000ffe00000,0x00000000ffea8000,0x00000000fff00000)
  to   space 1024K, 0% used [0x00000000fff00000,0x00000000fff00000,0x0000000100000000)
 ParOldGen       total 134144K, used 65229K [0x00000000f0000000, 0x00000000f8300000, 0x00000000f8300000)
  object space 134144K, 48% used [0x00000000f0000000,0x00000000f3fb3628,0x00000000f8300000)
 Metaspace       used 52854K, capacity 55956K, committed 56192K, reserved 1097728K
  class space    used 6448K, capacity 6998K, committed 7040K, reserved 1048576K
2023-10-03T01:16:23.943+0800: 583.648: [GC (Allocation Failure) [PSYoungGen: 126624K->640K(126976K)] 191853K->65949K(261120K), 0.0069983 secs] [Times: user=0.04 sys=0.01, real=0.00 secs] 
Heap after GC invocations=610 (full 0):
 PSYoungGen      total 126976K, used 640K [0x00000000f8300000, 0x0000000100000000, 0x0000000100000000)
  eden space 125952K, 0% used [0x00000000f8300000,0x00000000f8300000,0x00000000ffe00000)
  from space 1024K, 62% used [0x00000000fff00000,0x00000000fffa0000,0x0000000100000000)
  to   space 1024K, 0% used [0x00000000ffe00000,0x00000000ffe00000,0x00000000fff00000)
 ParOldGen       total 134144K, used 65309K [0x00000000f0000000, 0x00000000f8300000, 0x00000000f8300000)
  object space 134144K, 48% used [0x00000000f0000000,0x00000000f3fc7628,0x00000000f8300000)
 Metaspace       used 52854K, capacity 55956K, committed 56192K, reserved 1097728K
  class space    used 6448K, capacity 6998K, committed 7040K, reserved 1048576K
}
{Heap before GC invocations=611 (full 0):
 PSYoungGen      total 126976K, used 126592K [0x00000000f8300000, 0x0000000100000000, 0x0000000100000000)
  eden space 125952K, 100% used [0x00000000f8300000,0x00000000ffe00000,0x00000000ffe00000)
  from space 1024K, 62% used [0x00000000fff00000,0x00000000fffa0000,0x0000000100000000)
  to   space 1024K, 0% used [0x00000000ffe00000,0x00000000ffe00000,0x00000000fff00000)
 ParOldGen       total 134144K, used 65309K [0x00000000f0000000, 0x00000000f8300000, 0x00000000f8300000)
  object space 134144K, 48% used [0x00000000f0000000,0x00000000f3fc7628,0x00000000f8300000)
 Metaspace       used 52854K, capacity 55956K, committed 56192K, reserved 1097728K
  class space    used 6448K, capacity 6998K, committed 7040K, reserved 1048576K
2023-10-03T01:16:24.579+0800: 584.283: [GC (Allocation Failure) [PSYoungGen: 126592K->704K(126976K)] 191901K->66093K(261120K), 0.0075067 secs] [Times: user=0.03 sys=0.00, real=0.01 secs] 
Heap after GC invocations=611 (full 0):
 PSYoungGen      total 126976K, used 704K [0x00000000f8300000, 0x0000000100000000, 0x0000000100000000)
  eden space 125952K, 0% used [0x00000000f8300000,0x00000000f8300000,0x00000000ffe00000)
  from space 1024K, 68% used [0x00000000ffe00000,0x00000000ffeb0000,0x00000000fff00000)
  to   space 1024K, 0% used [0x00000000fff00000,0x00000000fff00000,0x0000000100000000)
 ParOldGen       total 134144K, used 65389K [0x00000000f0000000, 0x00000000f8300000, 0x00000000f8300000)
  object space 134144K, 48% used [0x00000000f0000000,0x00000000f3fdb628,0x00000000f8300000)
 Metaspace       used 52854K, capacity 55956K, committed 56192K, reserved 1097728K
  class space    used 6448K, capacity 6998K, committed 7040K, reserved 1048576K
}
{Heap before GC invocations=612 (full 0):
 PSYoungGen      total 126976K, used 126656K [0x00000000f8300000, 0x0000000100000000, 0x0000000100000000)
  eden space 125952K, 100% used [0x00000000f8300000,0x00000000ffe00000,0x00000000ffe00000)
  from space 1024K, 68% used [0x00000000ffe00000,0x00000000ffeb0000,0x00000000fff00000)
  to   space 1024K, 0% used [0x00000000fff00000,0x00000000fff00000,0x0000000100000000)
 ParOldGen       total 134144K, used 65389K [0x00000000f0000000, 0x00000000f8300000, 0x00000000f8300000)
  object space 134144K, 48% used [0x00000000f0000000,0x00000000f3fdb628,0x00000000f8300000)
 Metaspace       used 52854K, capacity 55956K, committed 56192K, reserved 1097728K
  class space    used 6448K, capacity 6998K, committed 7040K, reserved 1048576K
2023-10-03T01:16:25.222+0800: 584.927: [GC (Allocation Failure) [PSYoungGen: 126656K->672K(126976K)] 192045K->66133K(261120K), 0.0069448 secs] [Times: user=0.04 sys=0.00, real=0.00 secs] 
Heap after GC invocations=612 (full 0):
 PSYoungGen      total 126976K, used 672K [0x00000000f8300000, 0x0000000100000000, 0x0000000100000000)
  eden space 125952K, 0% used [0x00000000f8300000,0x00000000f8300000,0x00000000ffe00000)
  from space 1024K, 65% used [0x00000000fff00000,0x00000000fffa8000,0x0000000100000000)
  to   space 1024K, 0% used [0x00000000ffe00000,0x00000000ffe00000,0x00000000fff00000)
 ParOldGen       total 134144K, used 65461K [0x00000000f0000000, 0x00000000f8300000, 0x00000000f8300000)
  object space 134144K, 48% used [0x00000000f0000000,0x00000000f3fed628,0x00000000f8300000)
 Metaspace       used 52854K, capacity 55956K, committed 56192K, reserved 1097728K
  class space    used 6448K, capacity 6998K, committed 7040K, reserved 1048576K
}
{Heap before GC invocations=613 (full 0):
 PSYoungGen      total 126976K, used 126624K [0x00000000f8300000, 0x0000000100000000, 0x0000000100000000)
  eden space 125952K, 100% used [0x00000000f8300000,0x00000000ffe00000,0x00000000ffe00000)
  from space 1024K, 65% used [0x00000000fff00000,0x00000000fffa8000,0x0000000100000000)
  to   space 1024K, 0% used [0x00000000ffe00000,0x00000000ffe00000,0x00000000fff00000)
 ParOldGen       total 134144K, used 65461K [0x00000000f0000000, 0x00000000f8300000, 0x00000000f8300000)
  object space 134144K, 48% used [0x00000000f0000000,0x00000000f3fed628,0x00000000f8300000)
 Metaspace       used 52854K, capacity 55956K, committed 56192K, reserved 1097728K
  class space    used 6448K, capacity 6998K, committed 7040K, reserved 1048576K
2023-10-03T01:16:25.825+0800: 585.530: [GC (Allocation Failure) [PSYoungGen: 126624K->640K(126976K)] 192085K->66181K(261120K), 0.0069073 secs] [Times: user=0.04 sys=0.00, real=0.01 secs] 
Heap after GC invocations=613 (full 0):
 PSYoungGen      total 126976K, used 640K [0x00000000f8300000, 0x0000000100000000, 0x0000000100000000)
  eden space 125952K, 0% used [0x00000000f8300000,0x00000000f8300000,0x00000000ffe00000)
  from space 1024K, 62% used [0x00000000ffe00000,0x00000000ffea0000,0x00000000fff00000)
  to   space 1024K, 0% used [0x00000000fff00000,0x00000000fff00000,0x0000000100000000)
 ParOldGen       total 134144K, used 65541K [0x00000000f0000000, 0x00000000f8300000, 0x00000000f8300000)
  object space 134144K, 48% used [0x00000000f0000000,0x00000000f4001628,0x00000000f8300000)
 Metaspace       used 52854K, capacity 55956K, committed 56192K, reserved 1097728K
  class space    used 6448K, capacity 6998K, committed 7040K, reserved 1048576K
}
{Heap before GC invocations=614 (full 0):
 PSYoungGen      total 126976K, used 126592K [0x00000000f8300000, 0x0000000100000000, 0x0000000100000000)
  eden space 125952K, 100% used [0x00000000f8300000,0x00000000ffe00000,0x00000000ffe00000)
  from space 1024K, 62% used [0x00000000ffe00000,0x00000000ffea0000,0x00000000fff00000)
  to   space 1024K, 0% used [0x00000000fff00000,0x00000000fff00000,0x0000000100000000)
 ParOldGen       total 134144K, used 65541K [0x00000000f0000000, 0x00000000f8300000, 0x00000000f8300000)
  object space 134144K, 48% used [0x00000000f0000000,0x00000000f4001628,0x00000000f8300000)
 Metaspace       used 52854K, capacity 55956K, committed 56192K, reserved 1097728K
  class space    used 6448K, capacity 6998K, committed 7040K, reserved 1048576K
2023-10-03T01:16:26.464+0800: 586.168: [GC (Allocation Failure) [PSYoungGen: 126592K->672K(126976K)] 192133K->66301K(261120K), 0.0089263 secs] [Times: user=0.03 sys=0.02, real=0.01 secs] 
Heap after GC invocations=614 (full 0):
 PSYoungGen      total 126976K, used 672K [0x00000000f8300000, 0x0000000100000000, 0x0000000100000000)
  eden space 125952K, 0% used [0x00000000f8300000,0x00000000f8300000,0x00000000ffe00000)
  from space 1024K, 65% used [0x00000000fff00000,0x00000000fffa8000,0x0000000100000000)
  to   space 1024K, 0% used [0x00000000ffe00000,0x00000000ffe00000,0x00000000fff00000)
 ParOldGen       total 134144K, used 65629K [0x00000000f0000000, 0x00000000f8300000, 0x00000000f8300000)
  object space 134144K, 48% used [0x00000000f0000000,0x00000000f4017628,0x00000000f8300000)
 Metaspace       used 52854K, capacity 55956K, committed 56192K, reserved 1097728K
  class space    used 6448K, capacity 6998K, committed 7040K, reserved 1048576K
}
{Heap before GC invocations=615 (full 0):
 PSYoungGen      total 126976K, used 126624K [0x00000000f8300000, 0x0000000100000000, 0x0000000100000000)
  eden space 125952K, 100% used [0x00000000f8300000,0x00000000ffe00000,0x00000000ffe00000)
  from space 1024K, 65% used [0x00000000fff00000,0x00000000fffa8000,0x0000000100000000)
  to   space 1024K, 0% used [0x00000000ffe00000,0x00000000ffe00000,0x00000000fff00000)
 ParOldGen       total 134144K, used 65629K [0x00000000f0000000, 0x00000000f8300000, 0x00000000f8300000)
  object space 134144K, 48% used [0x00000000f0000000,0x00000000f4017628,0x00000000f8300000)
 Metaspace       used 52854K, capacity 55956K, committed 56192K, reserved 1097728K
  class space    used 6448K, capacity 6998K, committed 7040K, reserved 1048576K
2023-10-03T01:16:27.112+0800: 586.817: [GC (Allocation Failure) [PSYoungGen: 126624K->704K(126976K)] 192253K->66413K(261120K), 0.0068841 secs] [Times: user=0.04 sys=0.00, real=0.00 secs] 
Heap after GC invocations=615 (full 0):
 PSYoungGen      total 126976K, used 704K [0x00000000f8300000, 0x0000000100000000, 0x0000000100000000)
  eden space 125952K, 0% used [0x00000000f8300000,0x00000000f8300000,0x00000000ffe00000)
  from space 1024K, 68% used [0x00000000ffe00000,0x00000000ffeb0000,0x00000000fff00000)
  to   space 1024K, 0% used [0x00000000fff00000,0x00000000fff00000,0x0000000100000000)
 ParOldGen       total 134144K, used 65709K [0x00000000f0000000, 0x00000000f8300000, 0x00000000f8300000)
  object space 134144K, 48% used [0x00000000f0000000,0x00000000f402b628,0x00000000f8300000)
 Metaspace       used 52854K, capacity 55956K, committed 56192K, reserved 1097728K
  class space    used 6448K, capacity 6998K, committed 7040K, reserved 1048576K
}
{Heap before GC invocations=616 (full 0):
 PSYoungGen      total 126976K, used 126656K [0x00000000f8300000, 0x0000000100000000, 0x0000000100000000)
  eden space 125952K, 100% used [0x00000000f8300000,0x00000000ffe00000,0x00000000ffe00000)
  from space 1024K, 68% used [0x00000000ffe00000,0x00000000ffeb0000,0x00000000fff00000)
  to   space 1024K, 0% used [0x00000000fff00000,0x00000000fff00000,0x0000000100000000)
 ParOldGen       total 134144K, used 65709K [0x00000000f0000000, 0x00000000f8300000, 0x00000000f8300000)
  object space 134144K, 48% used [0x00000000f0000000,0x00000000f402b628,0x00000000f8300000)
 Metaspace       used 52854K, capacity 55956K, committed 56192K, reserved 1097728K
  class space    used 6448K, capacity 6998K, committed 7040K, reserved 1048576K
2023-10-03T01:16:27.744+0800: 587.449: [GC (Allocation Failure) [PSYoungGen: 126656K->608K(126976K)] 192365K->66405K(261120K), 0.0065638 secs] [Times: user=0.03 sys=0.00, real=0.00 secs] 
Heap after GC invocations=616 (full 0):
 PSYoungGen      total 126976K, used 608K [0x00000000f8300000, 0x0000000100000000, 0x0000000100000000)
  eden space 125952K, 0% used [0x00000000f8300000,0x00000000f8300000,0x00000000ffe00000)
  from space 1024K, 59% used [0x00000000fff00000,0x00000000fff98000,0x0000000100000000)
  to   space 1024K, 0% used [0x00000000ffe00000,0x00000000ffe00000,0x00000000fff00000)
 ParOldGen       total 134144K, used 65797K [0x00000000f0000000, 0x00000000f8300000, 0x00000000f8300000)
  object space 134144K, 49% used [0x00000000f0000000,0x00000000f4041628,0x00000000f8300000)
 Metaspace       used 52854K, capacity 55956K, committed 56192K, reserved 1097728K
  class space    used 6448K, capacity 6998K, committed 7040K, reserved 1048576K
}
{Heap before GC invocations=617 (full 0):
 PSYoungGen      total 126976K, used 126560K [0x00000000f8300000, 0x0000000100000000, 0x0000000100000000)
  eden space 125952K, 100% used [0x00000000f8300000,0x00000000ffe00000,0x00000000ffe00000)
  from space 1024K, 59% used [0x00000000fff00000,0x00000000fff98000,0x0000000100000000)
  to   space 1024K, 0% used [0x00000000ffe00000,0x00000000ffe00000,0x00000000fff00000)
 ParOldGen       total 134144K, used 65797K [0x00000000f0000000, 0x00000000f8300000, 0x00000000f8300000)
  object space 134144K, 49% used [0x00000000f0000000,0x00000000f4041628,0x00000000f8300000)
 Metaspace       used 52854K, capacity 55960K, committed 56192K, reserved 1097728K
  class space    used 6448K, capacity 6998K, committed 7040K, reserved 1048576K
2023-10-03T01:16:28.380+0800: 588.084: [GC (Allocation Failure) [PSYoungGen: 126560K->672K(126976K)] 192357K->66541K(261120K), 0.0071076 secs] [Times: user=0.04 sys=0.00, real=0.01 secs] 
Heap after GC invocations=617 (full 0):
 PSYoungGen      total 126976K, used 672K [0x00000000f8300000, 0x0000000100000000, 0x0000000100000000)
  eden space 125952K, 0% used [0x00000000f8300000,0x00000000f8300000,0x00000000ffe00000)
  from space 1024K, 65% used [0x00000000ffe00000,0x00000000ffea8000,0x00000000fff00000)
  to   space 1024K, 0% used [0x00000000fff00000,0x00000000fff00000,0x0000000100000000)
 ParOldGen       total 134144K, used 65869K [0x00000000f0000000, 0x00000000f8300000, 0x00000000f8300000)
  object space 134144K, 49% used [0x00000000f0000000,0x00000000f4053628,0x00000000f8300000)
 Metaspace       used 52854K, capacity 55960K, committed 56192K, reserved 1097728K
  class space    used 6448K, capacity 6998K, committed 7040K, reserved 1048576K
}
{Heap before GC invocations=618 (full 0):
 PSYoungGen      total 126976K, used 126624K [0x00000000f8300000, 0x0000000100000000, 0x0000000100000000)
  eden space 125952K, 100% used [0x00000000f8300000,0x00000000ffe00000,0x00000000ffe00000)
  from space 1024K, 65% used [0x00000000ffe00000,0x00000000ffea8000,0x00000000fff00000)
  to   space 1024K, 0% used [0x00000000fff00000,0x00000000fff00000,0x0000000100000000)
 ParOldGen       total 134144K, used 65869K [0x00000000f0000000, 0x00000000f8300000, 0x00000000f8300000)
  object space 134144K, 49% used [0x00000000f0000000,0x00000000f4053628,0x00000000f8300000)
 Metaspace       used 52854K, capacity 55960K, committed 56192K, reserved 1097728K
  class space    used 6448K, capacity 6998K, committed 7040K, reserved 1048576K
2023-10-03T01:16:29.014+0800: 588.718: [GC (Allocation Failure) [PSYoungGen: 126624K->704K(126976K)] 192493K->66653K(261120K), 0.0069599 secs] [Times: user=0.04 sys=0.00, real=0.00 secs] 
Heap after GC invocations=618 (full 0):
 PSYoungGen      total 126976K, used 704K [0x00000000f8300000, 0x0000000100000000, 0x0000000100000000)
  eden space 125952K, 0% used [0x00000000f8300000,0x00000000f8300000,0x00000000ffe00000)
  from space 1024K, 68% used [0x00000000fff00000,0x00000000fffb0000,0x0000000100000000)
  to   space 1024K, 0% used [0x00000000ffe00000,0x00000000ffe00000,0x00000000fff00000)
 ParOldGen       total 134144K, used 65949K [0x00000000f0000000, 0x00000000f8300000, 0x00000000f8300000)
  object space 134144K, 49% used [0x00000000f0000000,0x00000000f4067628,0x00000000f8300000)
 Metaspace       used 52854K, capacity 55960K, committed 56192K, reserved 1097728K
  class space    used 6448K, capacity 6998K, committed 7040K, reserved 1048576K
}
{Heap before GC invocations=619 (full 0):
 PSYoungGen      total 126976K, used 126656K [0x00000000f8300000, 0x0000000100000000, 0x0000000100000000)
  eden space 125952K, 100% used [0x00000000f8300000,0x00000000ffe00000,0x00000000ffe00000)
  from space 1024K, 68% used [0x00000000fff00000,0x00000000fffb0000,0x0000000100000000)
  to   space 1024K, 0% used [0x00000000ffe00000,0x00000000ffe00000,0x00000000fff00000)
 ParOldGen       total 134144K, used 65949K [0x00000000f0000000, 0x00000000f8300000, 0x00000000f8300000)
  object space 134144K, 49% used [0x00000000f0000000,0x00000000f4067628,0x00000000f8300000)
 Metaspace       used 52854K, capacity 55960K, committed 56192K, reserved 1097728K
  class space    used 6448K, capacity 6998K, committed 7040K, reserved 1048576K
2023-10-03T01:16:29.649+0800: 589.354: [GC (Allocation Failure) [PSYoungGen: 126656K->672K(126976K)] 192605K->66693K(261120K), 0.0068509 secs] [Times: user=0.04 sys=0.00, real=0.01 secs] 
Heap after GC invocations=619 (full 0):
 PSYoungGen      total 126976K, used 672K [0x00000000f8300000, 0x0000000100000000, 0x0000000100000000)
  eden space 125952K, 0% used [0x00000000f8300000,0x00000000f8300000,0x00000000ffe00000)
  from space 1024K, 65% used [0x00000000ffe00000,0x00000000ffea8000,0x00000000fff00000)
  to   space 1024K, 0% used [0x00000000fff00000,0x00000000fff00000,0x0000000100000000)
 ParOldGen       total 134144K, used 66021K [0x00000000f0000000, 0x00000000f8300000, 0x00000000f8300000)
  object space 134144K, 49% used [0x00000000f0000000,0x00000000f4079628,0x00000000f8300000)
 Metaspace       used 52854K, capacity 55960K, committed 56192K, reserved 1097728K
  class space    used 6448K, capacity 6998K, committed 7040K, reserved 1048576K
}
{Heap before GC invocations=620 (full 0):
 PSYoungGen      total 126976K, used 126624K [0x00000000f8300000, 0x0000000100000000, 0x0000000100000000)
  eden space 125952K, 100% used [0x00000000f8300000,0x00000000ffe00000,0x00000000ffe00000)
  from space 1024K, 65% used [0x00000000ffe00000,0x00000000ffea8000,0x00000000fff00000)
  to   space 1024K, 0% used [0x00000000fff00000,0x00000000fff00000,0x0000000100000000)
 ParOldGen       total 134144K, used 66021K [0x00000000f0000000, 0x00000000f8300000, 0x00000000f8300000)
  object space 134144K, 49% used [0x00000000f0000000,0x00000000f4079628,0x00000000f8300000)
 Metaspace       used 52854K, capacity 55960K, committed 56192K, reserved 1097728K
  class space    used 6448K, capacity 6998K, committed 7040K, reserved 1048576K
2023-10-03T01:16:30.285+0800: 589.989: [GC (Allocation Failure) [PSYoungGen: 126624K->672K(126976K)] 192645K->66781K(261120K), 0.0067493 secs] [Times: user=0.04 sys=0.00, real=0.00 secs] 
Heap after GC invocations=620 (full 0):
 PSYoungGen      total 126976K, used 672K [0x00000000f8300000, 0x0000000100000000, 0x0000000100000000)
  eden space 125952K, 0% used [0x00000000f8300000,0x00000000f8300000,0x00000000ffe00000)
  from space 1024K, 65% used [0x00000000fff00000,0x00000000fffa8000,0x0000000100000000)
  to   space 1024K, 0% used [0x00000000ffe00000,0x00000000ffe00000,0x00000000fff00000)
 ParOldGen       total 134144K, used 66109K [0x00000000f0000000, 0x00000000f8300000, 0x00000000f8300000)
  object space 134144K, 49% used [0x00000000f0000000,0x00000000f408f628,0x00000000f8300000)
 Metaspace       used 52854K, capacity 55960K, committed 56192K, reserved 1097728K
  class space    used 6448K, capacity 6998K, committed 7040K, reserved 1048576K
}
{Heap before GC invocations=621 (full 0):
 PSYoungGen      total 126976K, used 126624K [0x00000000f8300000, 0x0000000100000000, 0x0000000100000000)
  eden space 125952K, 100% used [0x00000000f8300000,0x00000000ffe00000,0x00000000ffe00000)
  from space 1024K, 65% used [0x00000000fff00000,0x00000000fffa8000,0x0000000100000000)
  to   space 1024K, 0% used [0x00000000ffe00000,0x00000000ffe00000,0x00000000fff00000)
 ParOldGen       total 134144K, used 66109K [0x00000000f0000000, 0x00000000f8300000, 0x00000000f8300000)
  object space 134144K, 49% used [0x00000000f0000000,0x00000000f408f628,0x00000000f8300000)
 Metaspace       used 52854K, capacity 55960K, committed 56192K, reserved 1097728K
  class space    used 6448K, capacity 6998K, committed 7040K, reserved 1048576K
2023-10-03T01:16:30.910+0800: 590.614: [GC (Allocation Failure) [PSYoungGen: 126624K->672K(126976K)] 192733K->66861K(261120K), 0.0067648 secs] [Times: user=0.04 sys=0.00, real=0.01 secs] 
Heap after GC invocations=621 (full 0):
 PSYoungGen      total 126976K, used 672K [0x00000000f8300000, 0x0000000100000000, 0x0000000100000000)
  eden space 125952K, 0% used [0x00000000f8300000,0x00000000f8300000,0x00000000ffe00000)
  from space 1024K, 65% used [0x00000000ffe00000,0x00000000ffea8000,0x00000000fff00000)
  to   space 1024K, 0% used [0x00000000fff00000,0x00000000fff00000,0x0000000100000000)
 ParOldGen       total 134144K, used 66189K [0x00000000f0000000, 0x00000000f8300000, 0x00000000f8300000)
  object space 134144K, 49% used [0x00000000f0000000,0x00000000f40a3628,0x00000000f8300000)
 Metaspace       used 52854K, capacity 55960K, committed 56192K, reserved 1097728K
  class space    used 6448K, capacity 6998K, committed 7040K, reserved 1048576K
}
{Heap before GC invocations=622 (full 0):
 PSYoungGen      total 126976K, used 126624K [0x00000000f8300000, 0x0000000100000000, 0x0000000100000000)
  eden space 125952K, 100% used [0x00000000f8300000,0x00000000ffe00000,0x00000000ffe00000)
  from space 1024K, 65% used [0x00000000ffe00000,0x00000000ffea8000,0x00000000fff00000)
  to   space 1024K, 0% used [0x00000000fff00000,0x00000000fff00000,0x0000000100000000)
 ParOldGen       total 134144K, used 66189K [0x00000000f0000000, 0x00000000f8300000, 0x00000000f8300000)
  object space 134144K, 49% used [0x00000000f0000000,0x00000000f40a3628,0x00000000f8300000)
 Metaspace       used 52854K, capacity 55960K, committed 56192K, reserved 1097728K
  class space    used 6448K, capacity 6998K, committed 7040K, reserved 1048576K
2023-10-03T01:16:31.551+0800: 591.255: [GC (Allocation Failure) [PSYoungGen: 126624K->640K(126976K)] 192813K->66893K(261120K), 0.0068139 secs] [Times: user=0.03 sys=0.00, real=0.02 secs] 
Heap after GC invocations=622 (full 0):
 PSYoungGen      total 126976K, used 640K [0x00000000f8300000, 0x0000000100000000, 0x0000000100000000)
  eden space 125952K, 0% used [0x00000000f8300000,0x00000000f8300000,0x00000000ffe00000)
  from space 1024K, 62% used [0x00000000fff00000,0x00000000fffa0000,0x0000000100000000)
  to   space 1024K, 0% used [0x00000000ffe00000,0x00000000ffe00000,0x00000000fff00000)
 ParOldGen       total 134144K, used 66253K [0x00000000f0000000, 0x00000000f8300000, 0x00000000f8300000)
  object space 134144K, 49% used [0x00000000f0000000,0x00000000f40b3628,0x00000000f8300000)
 Metaspace       used 52854K, capacity 55960K, committed 56192K, reserved 1097728K
  class space    used 6448K, capacity 6998K, committed 7040K, reserved 1048576K
}
{Heap before GC invocations=623 (full 0):
 PSYoungGen      total 126976K, used 126592K [0x00000000f8300000, 0x0000000100000000, 0x0000000100000000)
  eden space 125952K, 100% used [0x00000000f8300000,0x00000000ffe00000,0x00000000ffe00000)
  from space 1024K, 62% used [0x00000000fff00000,0x00000000fffa0000,0x0000000100000000)
  to   space 1024K, 0% used [0x00000000ffe00000,0x00000000ffe00000,0x00000000fff00000)
 ParOldGen       total 134144K, used 66253K [0x00000000f0000000, 0x00000000f8300000, 0x00000000f8300000)
  object space 134144K, 49% used [0x00000000f0000000,0x00000000f40b3628,0x00000000f8300000)
 Metaspace       used 52854K, capacity 55960K, committed 56192K, reserved 1097728K
  class space    used 6448K, capacity 6998K, committed 7040K, reserved 1048576K
2023-10-03T01:16:32.200+0800: 591.905: [GC (Allocation Failure) [PSYoungGen: 126592K->704K(126976K)] 192845K->67029K(261120K), 0.0069675 secs] [Times: user=0.03 sys=0.00, real=0.01 secs] 
Heap after GC invocations=623 (full 0):
 PSYoungGen      total 126976K, used 704K [0x00000000f8300000, 0x0000000100000000, 0x0000000100000000)
  eden space 125952K, 0% used [0x00000000f8300000,0x00000000f8300000,0x00000000ffe00000)
  from space 1024K, 68% used [0x00000000ffe00000,0x00000000ffeb0000,0x00000000fff00000)
  to   space 1024K, 0% used [0x00000000fff00000,0x00000000fff00000,0x0000000100000000)
 ParOldGen       total 134144K, used 66325K [0x00000000f0000000, 0x00000000f8300000, 0x00000000f8300000)
  object space 134144K, 49% used [0x00000000f0000000,0x00000000f40c5628,0x00000000f8300000)
 Metaspace       used 52854K, capacity 55960K, committed 56192K, reserved 1097728K
  class space    used 6448K, capacity 6998K, committed 7040K, reserved 1048576K
}
{Heap before GC invocations=624 (full 0):
 PSYoungGen      total 126976K, used 126656K [0x00000000f8300000, 0x0000000100000000, 0x0000000100000000)
  eden space 125952K, 100% used [0x00000000f8300000,0x00000000ffe00000,0x00000000ffe00000)
  from space 1024K, 68% used [0x00000000ffe00000,0x00000000ffeb0000,0x00000000fff00000)
  to   space 1024K, 0% used [0x00000000fff00000,0x00000000fff00000,0x0000000100000000)
 ParOldGen       total 134144K, used 66325K [0x00000000f0000000, 0x00000000f8300000, 0x00000000f8300000)
  object space 134144K, 49% used [0x00000000f0000000,0x00000000f40c5628,0x00000000f8300000)
 Metaspace       used 52854K, capacity 55960K, committed 56192K, reserved 1097728K
  class space    used 6448K, capacity 6998K, committed 7040K, reserved 1048576K
2023-10-03T01:16:32.833+0800: 592.537: [GC (Allocation Failure) [PSYoungGen: 126656K->640K(126976K)] 192981K->67029K(261120K), 0.0072718 secs] [Times: user=0.04 sys=0.00, real=0.00 secs] 
Heap after GC invocations=624 (full 0):
 PSYoungGen      total 126976K, used 640K [0x00000000f8300000, 0x0000000100000000, 0x0000000100000000)
  eden space 125952K, 0% used [0x00000000f8300000,0x00000000f8300000,0x00000000ffe00000)
  from space 1024K, 62% used [0x00000000fff00000,0x00000000fffa0000,0x0000000100000000)
  to   space 1024K, 0% used [0x00000000ffe00000,0x00000000ffe00000,0x00000000fff00000)
 ParOldGen       total 134144K, used 66389K [0x00000000f0000000, 0x00000000f8300000, 0x00000000f8300000)
  object space 134144K, 49% used [0x00000000f0000000,0x00000000f40d5628,0x00000000f8300000)
 Metaspace       used 52854K, capacity 55960K, committed 56192K, reserved 1097728K
  class space    used 6448K, capacity 6998K, committed 7040K, reserved 1048576K
}
{Heap before GC invocations=625 (full 0):
 PSYoungGen      total 126976K, used 126592K [0x00000000f8300000, 0x0000000100000000, 0x0000000100000000)
  eden space 125952K, 100% used [0x00000000f8300000,0x00000000ffe00000,0x00000000ffe00000)
  from space 1024K, 62% used [0x00000000fff00000,0x00000000fffa0000,0x0000000100000000)
  to   space 1024K, 0% used [0x00000000ffe00000,0x00000000ffe00000,0x00000000fff00000)
 ParOldGen       total 134144K, used 66389K [0x00000000f0000000, 0x00000000f8300000, 0x00000000f8300000)
  object space 134144K, 49% used [0x00000000f0000000,0x00000000f40d5628,0x00000000f8300000)
 Metaspace       used 52854K, capacity 55960K, committed 56192K, reserved 1097728K
  class space    used 6448K, capacity 6998K, committed 7040K, reserved 1048576K
2023-10-03T01:16:33.477+0800: 593.182: [GC (Allocation Failure) [PSYoungGen: 126592K->672K(126976K)] 192981K->67141K(261120K), 0.0070093 secs] [Times: user=0.03 sys=0.01, real=0.01 secs] 
Heap after GC invocations=625 (full 0):
 PSYoungGen      total 126976K, used 672K [0x00000000f8300000, 0x0000000100000000, 0x0000000100000000)
  eden space 125952K, 0% used [0x00000000f8300000,0x00000000f8300000,0x00000000ffe00000)
  from space 1024K, 65% used [0x00000000ffe00000,0x00000000ffea8000,0x00000000fff00000)
  to   space 1024K, 0% used [0x00000000fff00000,0x00000000fff00000,0x0000000100000000)
 ParOldGen       total 134144K, used 66469K [0x00000000f0000000, 0x00000000f8300000, 0x00000000f8300000)
  object space 134144K, 49% used [0x00000000f0000000,0x00000000f40e9628,0x00000000f8300000)
 Metaspace       used 52854K, capacity 55960K, committed 56192K, reserved 1097728K
  class space    used 6448K, capacity 6998K, committed 7040K, reserved 1048576K
}
{Heap before GC invocations=626 (full 0):
 PSYoungGen      total 126976K, used 126624K [0x00000000f8300000, 0x0000000100000000, 0x0000000100000000)
  eden space 125952K, 100% used [0x00000000f8300000,0x00000000ffe00000,0x00000000ffe00000)
  from space 1024K, 65% used [0x00000000ffe00000,0x00000000ffea8000,0x00000000fff00000)
  to   space 1024K, 0% used [0x00000000fff00000,0x00000000fff00000,0x0000000100000000)
 ParOldGen       total 134144K, used 66469K [0x00000000f0000000, 0x00000000f8300000, 0x00000000f8300000)
  object space 134144K, 49% used [0x00000000f0000000,0x00000000f40e9628,0x00000000f8300000)
 Metaspace       used 52854K, capacity 55960K, committed 56192K, reserved 1097728K
  class space    used 6448K, capacity 6998K, committed 7040K, reserved 1048576K
2023-10-03T01:16:34.104+0800: 593.809: [GC (Allocation Failure) [PSYoungGen: 126624K->672K(126976K)] 193093K->67221K(261120K), 0.0064922 secs] [Times: user=0.04 sys=0.00, real=0.00 secs] 
Heap after GC invocations=626 (full 0):
 PSYoungGen      total 126976K, used 672K [0x00000000f8300000, 0x0000000100000000, 0x0000000100000000)
  eden space 125952K, 0% used [0x00000000f8300000,0x00000000f8300000,0x00000000ffe00000)
  from space 1024K, 65% used [0x00000000fff00000,0x00000000fffa8000,0x0000000100000000)
  to   space 1024K, 0% used [0x00000000ffe00000,0x00000000ffe00000,0x00000000fff00000)
 ParOldGen       total 134144K, used 66549K [0x00000000f0000000, 0x00000000f8300000, 0x00000000f8300000)
  object space 134144K, 49% used [0x00000000f0000000,0x00000000f40fd628,0x00000000f8300000)
 Metaspace       used 52854K, capacity 55960K, committed 56192K, reserved 1097728K
  class space    used 6448K, capacity 6998K, committed 7040K, reserved 1048576K
}
{Heap before GC invocations=627 (full 0):
 PSYoungGen      total 126976K, used 126624K [0x00000000f8300000, 0x0000000100000000, 0x0000000100000000)
  eden space 125952K, 100% used [0x00000000f8300000,0x00000000ffe00000,0x00000000ffe00000)
  from space 1024K, 65% used [0x00000000fff00000,0x00000000fffa8000,0x0000000100000000)
  to   space 1024K, 0% used [0x00000000ffe00000,0x00000000ffe00000,0x00000000fff00000)
 ParOldGen       total 134144K, used 66549K [0x00000000f0000000, 0x00000000f8300000, 0x00000000f8300000)
  object space 134144K, 49% used [0x00000000f0000000,0x00000000f40fd628,0x00000000f8300000)
 Metaspace       used 52854K, capacity 55960K, committed 56192K, reserved 1097728K
  class space    used 6448K, capacity 6998K, committed 7040K, reserved 1048576K
2023-10-03T01:16:34.745+0800: 594.450: [GC (Allocation Failure) [PSYoungGen: 126624K->672K(126976K)] 193173K->67309K(261120K), 0.0073213 secs] [Times: user=0.03 sys=0.00, real=0.01 secs] 
Heap after GC invocations=627 (full 0):
 PSYoungGen      total 126976K, used 672K [0x00000000f8300000, 0x0000000100000000, 0x0000000100000000)
  eden space 125952K, 0% used [0x00000000f8300000,0x00000000f8300000,0x00000000ffe00000)
  from space 1024K, 65% used [0x00000000ffe00000,0x00000000ffea8000,0x00000000fff00000)
  to   space 1024K, 0% used [0x00000000fff00000,0x00000000fff00000,0x0000000100000000)
 ParOldGen       total 134144K, used 66637K [0x00000000f0000000, 0x00000000f8300000, 0x00000000f8300000)
  object space 134144K, 49% used [0x00000000f0000000,0x00000000f4113628,0x00000000f8300000)
 Metaspace       used 52854K, capacity 55960K, committed 56192K, reserved 1097728K
  class space    used 6448K, capacity 6998K, committed 7040K, reserved 1048576K
}
{Heap before GC invocations=628 (full 0):
 PSYoungGen      total 126976K, used 126624K [0x00000000f8300000, 0x0000000100000000, 0x0000000100000000)
  eden space 125952K, 100% used [0x00000000f8300000,0x00000000ffe00000,0x00000000ffe00000)
  from space 1024K, 65% used [0x00000000ffe00000,0x00000000ffea8000,0x00000000fff00000)
  to   space 1024K, 0% used [0x00000000fff00000,0x00000000fff00000,0x0000000100000000)
 ParOldGen       total 134144K, used 66637K [0x00000000f0000000, 0x00000000f8300000, 0x00000000f8300000)
  object space 134144K, 49% used [0x00000000f0000000,0x00000000f4113628,0x00000000f8300000)
 Metaspace       used 52854K, capacity 55960K, committed 56192K, reserved 1097728K
  class space    used 6448K, capacity 6998K, committed 7040K, reserved 1048576K
2023-10-03T01:16:35.390+0800: 595.095: [GC (Allocation Failure) [PSYoungGen: 126624K->640K(126976K)] 193261K->67341K(261120K), 0.0069927 secs] [Times: user=0.03 sys=0.00, real=0.01 secs] 
Heap after GC invocations=628 (full 0):
 PSYoungGen      total 126976K, used 640K [0x00000000f8300000, 0x0000000100000000, 0x0000000100000000)
  eden space 125952K, 0% used [0x00000000f8300000,0x00000000f8300000,0x00000000ffe00000)
  from space 1024K, 62% used [0x00000000fff00000,0x00000000fffa0000,0x0000000100000000)
  to   space 1024K, 0% used [0x00000000ffe00000,0x00000000ffe00000,0x00000000fff00000)
 ParOldGen       total 134144K, used 66701K [0x00000000f0000000, 0x00000000f8300000, 0x00000000f8300000)
  object space 134144K, 49% used [0x00000000f0000000,0x00000000f4123628,0x00000000f8300000)
 Metaspace       used 52854K, capacity 55960K, committed 56192K, reserved 1097728K
  class space    used 6448K, capacity 6998K, committed 7040K, reserved 1048576K
}
{Heap before GC invocations=629 (full 0):
 PSYoungGen      total 126976K, used 126592K [0x00000000f8300000, 0x0000000100000000, 0x0000000100000000)
  eden space 125952K, 100% used [0x00000000f8300000,0x00000000ffe00000,0x00000000ffe00000)
  from space 1024K, 62% used [0x00000000fff00000,0x00000000fffa0000,0x0000000100000000)
  to   space 1024K, 0% used [0x00000000ffe00000,0x00000000ffe00000,0x00000000fff00000)
 ParOldGen       total 134144K, used 66701K [0x00000000f0000000, 0x00000000f8300000, 0x00000000f8300000)
  object space 134144K, 49% used [0x00000000f0000000,0x00000000f4123628,0x00000000f8300000)
 Metaspace       used 52854K, capacity 55960K, committed 56192K, reserved 1097728K
  class space    used 6448K, capacity 6998K, committed 7040K, reserved 1048576K
2023-10-03T01:16:35.989+0800: 595.693: [GC (Allocation Failure) [PSYoungGen: 126592K->704K(126976K)] 193293K->67485K(261120K), 0.0065788 secs] [Times: user=0.04 sys=0.00, real=0.01 secs] 
Heap after GC invocations=629 (full 0):
 PSYoungGen      total 126976K, used 704K [0x00000000f8300000, 0x0000000100000000, 0x0000000100000000)
  eden space 125952K, 0% used [0x00000000f8300000,0x00000000f8300000,0x00000000ffe00000)
  from space 1024K, 68% used [0x00000000ffe00000,0x00000000ffeb0000,0x00000000fff00000)
  to   space 1024K, 0% used [0x00000000fff00000,0x00000000fff00000,0x0000000100000000)
 ParOldGen       total 134144K, used 66781K [0x00000000f0000000, 0x00000000f8300000, 0x00000000f8300000)
  object space 134144K, 49% used [0x00000000f0000000,0x00000000f4137628,0x00000000f8300000)
 Metaspace       used 52854K, capacity 55960K, committed 56192K, reserved 1097728K
  class space    used 6448K, capacity 6998K, committed 7040K, reserved 1048576K
}
{Heap before GC invocations=630 (full 0):
 PSYoungGen      total 126976K, used 126656K [0x00000000f8300000, 0x0000000100000000, 0x0000000100000000)
  eden space 125952K, 100% used [0x00000000f8300000,0x00000000ffe00000,0x00000000ffe00000)
  from space 1024K, 68% used [0x00000000ffe00000,0x00000000ffeb0000,0x00000000fff00000)
  to   space 1024K, 0% used [0x00000000fff00000,0x00000000fff00000,0x0000000100000000)
 ParOldGen       total 134144K, used 66781K [0x00000000f0000000, 0x00000000f8300000, 0x00000000f8300000)
  object space 134144K, 49% used [0x00000000f0000000,0x00000000f4137628,0x00000000f8300000)
 Metaspace       used 52854K, capacity 55960K, committed 56192K, reserved 1097728K
  class space    used 6448K, capacity 6998K, committed 7040K, reserved 1048576K
2023-10-03T01:16:36.624+0800: 596.328: [GC (Allocation Failure) [PSYoungGen: 126656K->640K(126976K)] 193437K->67509K(261120K), 0.0068580 secs] [Times: user=0.04 sys=0.01, real=0.01 secs] 
Heap after GC invocations=630 (full 0):
 PSYoungGen      total 126976K, used 640K [0x00000000f8300000, 0x0000000100000000, 0x0000000100000000)
  eden space 125952K, 0% used [0x00000000f8300000,0x00000000f8300000,0x00000000ffe00000)
  from space 1024K, 62% used [0x00000000fff00000,0x00000000fffa0000,0x0000000100000000)
  to   space 1024K, 0% used [0x00000000ffe00000,0x00000000ffe00000,0x00000000fff00000)
 ParOldGen       total 134144K, used 66869K [0x00000000f0000000, 0x00000000f8300000, 0x00000000f8300000)
  object space 134144K, 49% used [0x00000000f0000000,0x00000000f414d628,0x00000000f8300000)
 Metaspace       used 52854K, capacity 55960K, committed 56192K, reserved 1097728K
  class space    used 6448K, capacity 6998K, committed 7040K, reserved 1048576K
}
{Heap before GC invocations=631 (full 0):
 PSYoungGen      total 126976K, used 126592K [0x00000000f8300000, 0x0000000100000000, 0x0000000100000000)
  eden space 125952K, 100% used [0x00000000f8300000,0x00000000ffe00000,0x00000000ffe00000)
  from space 1024K, 62% used [0x00000000fff00000,0x00000000fffa0000,0x0000000100000000)
  to   space 1024K, 0% used [0x00000000ffe00000,0x00000000ffe00000,0x00000000fff00000)
 ParOldGen       total 134144K, used 66869K [0x00000000f0000000, 0x00000000f8300000, 0x00000000f8300000)
  object space 134144K, 49% used [0x00000000f0000000,0x00000000f414d628,0x00000000f8300000)
 Metaspace       used 52854K, capacity 55960K, committed 56192K, reserved 1097728K
  class space    used 6448K, capacity 6998K, committed 7040K, reserved 1048576K
2023-10-03T01:16:37.275+0800: 596.979: [GC (Allocation Failure) [PSYoungGen: 126592K->640K(126976K)] 193461K->67581K(261120K), 0.0061651 secs] [Times: user=0.04 sys=0.00, real=0.00 secs] 
Heap after GC invocations=631 (full 0):
 PSYoungGen      total 126976K, used 640K [0x00000000f8300000, 0x0000000100000000, 0x0000000100000000)
  eden space 125952K, 0% used [0x00000000f8300000,0x00000000f8300000,0x00000000ffe00000)
  from space 1024K, 62% used [0x00000000ffe00000,0x00000000ffea0000,0x00000000fff00000)
  to   space 1024K, 0% used [0x00000000fff00000,0x00000000fff00000,0x0000000100000000)
 ParOldGen       total 134144K, used 66941K [0x00000000f0000000, 0x00000000f8300000, 0x00000000f8300000)
  object space 134144K, 49% used [0x00000000f0000000,0x00000000f415f628,0x00000000f8300000)
 Metaspace       used 52854K, capacity 55960K, committed 56192K, reserved 1097728K
  class space    used 6448K, capacity 6998K, committed 7040K, reserved 1048576K
}
{Heap before GC invocations=632 (full 0):
 PSYoungGen      total 126976K, used 126592K [0x00000000f8300000, 0x0000000100000000, 0x0000000100000000)
  eden space 125952K, 100% used [0x00000000f8300000,0x00000000ffe00000,0x00000000ffe00000)
  from space 1024K, 62% used [0x00000000ffe00000,0x00000000ffea0000,0x00000000fff00000)
  to   space 1024K, 0% used [0x00000000fff00000,0x00000000fff00000,0x0000000100000000)
 ParOldGen       total 134144K, used 66941K [0x00000000f0000000, 0x00000000f8300000, 0x00000000f8300000)
  object space 134144K, 49% used [0x00000000f0000000,0x00000000f415f628,0x00000000f8300000)
 Metaspace       used 52854K, capacity 55960K, committed 56192K, reserved 1097728K
  class space    used 6448K, capacity 6998K, committed 7040K, reserved 1048576K
2023-10-03T01:16:37.985+0800: 597.690: [GC (Allocation Failure) [PSYoungGen: 126592K->672K(126976K)] 193533K->67701K(261120K), 0.0067299 secs] [Times: user=0.04 sys=0.00, real=0.01 secs] 
Heap after GC invocations=632 (full 0):
 PSYoungGen      total 126976K, used 672K [0x00000000f8300000, 0x0000000100000000, 0x0000000100000000)
  eden space 125952K, 0% used [0x00000000f8300000,0x00000000f8300000,0x00000000ffe00000)
  from space 1024K, 65% used [0x00000000fff00000,0x00000000fffa8000,0x0000000100000000)
  to   space 1024K, 0% used [0x00000000ffe00000,0x00000000ffe00000,0x00000000fff00000)
 ParOldGen       total 134144K, used 67029K [0x00000000f0000000, 0x00000000f8300000, 0x00000000f8300000)
  object space 134144K, 49% used [0x00000000f0000000,0x00000000f4175628,0x00000000f8300000)
 Metaspace       used 52854K, capacity 55960K, committed 56192K, reserved 1097728K
  class space    used 6448K, capacity 6998K, committed 7040K, reserved 1048576K
}
{Heap before GC invocations=633 (full 0):
 PSYoungGen      total 126976K, used 126624K [0x00000000f8300000, 0x0000000100000000, 0x0000000100000000)
  eden space 125952K, 100% used [0x00000000f8300000,0x00000000ffe00000,0x00000000ffe00000)
  from space 1024K, 65% used [0x00000000fff00000,0x00000000fffa8000,0x0000000100000000)
  to   space 1024K, 0% used [0x00000000ffe00000,0x00000000ffe00000,0x00000000fff00000)
 ParOldGen       total 134144K, used 67029K [0x00000000f0000000, 0x00000000f8300000, 0x00000000f8300000)
  object space 134144K, 49% used [0x00000000f0000000,0x00000000f4175628,0x00000000f8300000)
 Metaspace       used 52854K, capacity 55960K, committed 56192K, reserved 1097728K
  class space    used 6448K, capacity 6998K, committed 7040K, reserved 1048576K
2023-10-03T01:16:38.589+0800: 598.294: [GC (Allocation Failure) [PSYoungGen: 126624K->640K(126976K)] 193653K->67749K(261120K), 0.0068422 secs] [Times: user=0.04 sys=0.00, real=0.01 secs] 
Heap after GC invocations=633 (full 0):
 PSYoungGen      total 126976K, used 640K [0x00000000f8300000, 0x0000000100000000, 0x0000000100000000)
  eden space 125952K, 0% used [0x00000000f8300000,0x00000000f8300000,0x00000000ffe00000)
  from space 1024K, 62% used [0x00000000ffe00000,0x00000000ffea0000,0x00000000fff00000)
  to   space 1024K, 0% used [0x00000000fff00000,0x00000000fff00000,0x0000000100000000)
 ParOldGen       total 134144K, used 67109K [0x00000000f0000000, 0x00000000f8300000, 0x00000000f8300000)
  object space 134144K, 50% used [0x00000000f0000000,0x00000000f4189628,0x00000000f8300000)
 Metaspace       used 52854K, capacity 55960K, committed 56192K, reserved 1097728K
  class space    used 6448K, capacity 6998K, committed 7040K, reserved 1048576K
}
{Heap before GC invocations=634 (full 0):
 PSYoungGen      total 126976K, used 126592K [0x00000000f8300000, 0x0000000100000000, 0x0000000100000000)
  eden space 125952K, 100% used [0x00000000f8300000,0x00000000ffe00000,0x00000000ffe00000)
  from space 1024K, 62% used [0x00000000ffe00000,0x00000000ffea0000,0x00000000fff00000)
  to   space 1024K, 0% used [0x00000000fff00000,0x00000000fff00000,0x0000000100000000)
 ParOldGen       total 134144K, used 67109K [0x00000000f0000000, 0x00000000f8300000, 0x00000000f8300000)
  object space 134144K, 50% used [0x00000000f0000000,0x00000000f4189628,0x00000000f8300000)
 Metaspace       used 52854K, capacity 55960K, committed 56192K, reserved 1097728K
  class space    used 6448K, capacity 6998K, committed 7040K, reserved 1048576K
2023-10-03T01:16:39.210+0800: 598.914: [GC (Allocation Failure) [PSYoungGen: 126592K->672K(126976K)] 193701K->67869K(261120K), 0.0070439 secs] [Times: user=0.04 sys=0.00, real=0.01 secs] 
Heap after GC invocations=634 (full 0):
 PSYoungGen      total 126976K, used 672K [0x00000000f8300000, 0x0000000100000000, 0x0000000100000000)
  eden space 125952K, 0% used [0x00000000f8300000,0x00000000f8300000,0x00000000ffe00000)
  from space 1024K, 65% used [0x00000000fff00000,0x00000000fffa8000,0x0000000100000000)
  to   space 1024K, 0% used [0x00000000ffe00000,0x00000000ffe00000,0x00000000fff00000)
 ParOldGen       total 134144K, used 67197K [0x00000000f0000000, 0x00000000f8300000, 0x00000000f8300000)
  object space 134144K, 50% used [0x00000000f0000000,0x00000000f419f628,0x00000000f8300000)
 Metaspace       used 52854K, capacity 55960K, committed 56192K, reserved 1097728K
  class space    used 6448K, capacity 6998K, committed 7040K, reserved 1048576K
}
{Heap before GC invocations=635 (full 0):
 PSYoungGen      total 126976K, used 126624K [0x00000000f8300000, 0x0000000100000000, 0x0000000100000000)
  eden space 125952K, 100% used [0x00000000f8300000,0x00000000ffe00000,0x00000000ffe00000)
  from space 1024K, 65% used [0x00000000fff00000,0x00000000fffa8000,0x0000000100000000)
  to   space 1024K, 0% used [0x00000000ffe00000,0x00000000ffe00000,0x00000000fff00000)
 ParOldGen       total 134144K, used 67197K [0x00000000f0000000, 0x00000000f8300000, 0x00000000f8300000)
  object space 134144K, 50% used [0x00000000f0000000,0x00000000f419f628,0x00000000f8300000)
 Metaspace       used 52854K, capacity 55960K, committed 56192K, reserved 1097728K
  class space    used 6448K, capacity 6998K, committed 7040K, reserved 1048576K
2023-10-03T01:16:39.854+0800: 599.558: [GC (Allocation Failure) [PSYoungGen: 126624K->640K(126976K)] 193821K->67917K(261120K), 0.0068854 secs] [Times: user=0.03 sys=0.00, real=0.00 secs] 
Heap after GC invocations=635 (full 0):
 PSYoungGen      total 126976K, used 640K [0x00000000f8300000, 0x0000000100000000, 0x0000000100000000)
  eden space 125952K, 0% used [0x00000000f8300000,0x00000000f8300000,0x00000000ffe00000)
  from space 1024K, 62% used [0x00000000ffe00000,0x00000000ffea0000,0x00000000fff00000)
  to   space 1024K, 0% used [0x00000000fff00000,0x00000000fff00000,0x0000000100000000)
 ParOldGen       total 134144K, used 67277K [0x00000000f0000000, 0x00000000f8300000, 0x00000000f8300000)
  object space 134144K, 50% used [0x00000000f0000000,0x00000000f41b3628,0x00000000f8300000)
 Metaspace       used 52854K, capacity 55960K, committed 56192K, reserved 1097728K
  class space    used 6448K, capacity 6998K, committed 7040K, reserved 1048576K
}
{Heap before GC invocations=636 (full 0):
 PSYoungGen      total 126976K, used 126592K [0x00000000f8300000, 0x0000000100000000, 0x0000000100000000)
  eden space 125952K, 100% used [0x00000000f8300000,0x00000000ffe00000,0x00000000ffe00000)
  from space 1024K, 62% used [0x00000000ffe00000,0x00000000ffea0000,0x00000000fff00000)
  to   space 1024K, 0% used [0x00000000fff00000,0x00000000fff00000,0x0000000100000000)
 ParOldGen       total 134144K, used 67277K [0x00000000f0000000, 0x00000000f8300000, 0x00000000f8300000)
  object space 134144K, 50% used [0x00000000f0000000,0x00000000f41b3628,0x00000000f8300000)
 Metaspace       used 52854K, capacity 55960K, committed 56192K, reserved 1097728K
  class space    used 6448K, capacity 6998K, committed 7040K, reserved 1048576K
2023-10-03T01:16:40.507+0800: 600.212: [GC (Allocation Failure) [PSYoungGen: 126592K->640K(126976K)] 193869K->67981K(261120K), 0.0071291 secs] [Times: user=0.04 sys=0.00, real=0.01 secs] 
Heap after GC invocations=636 (full 0):
 PSYoungGen      total 126976K, used 640K [0x00000000f8300000, 0x0000000100000000, 0x0000000100000000)
  eden space 125952K, 0% used [0x00000000f8300000,0x00000000f8300000,0x00000000ffe00000)
  from space 1024K, 62% used [0x00000000fff00000,0x00000000fffa0000,0x0000000100000000)
  to   space 1024K, 0% used [0x00000000ffe00000,0x00000000ffe00000,0x00000000fff00000)
 ParOldGen       total 134144K, used 67341K [0x00000000f0000000, 0x00000000f8300000, 0x00000000f8300000)
  object space 134144K, 50% used [0x00000000f0000000,0x00000000f41c3628,0x00000000f8300000)
 Metaspace       used 52854K, capacity 55960K, committed 56192K, reserved 1097728K
  class space    used 6448K, capacity 6998K, committed 7040K, reserved 1048576K
}
{Heap before GC invocations=637 (full 0):
 PSYoungGen      total 126976K, used 126592K [0x00000000f8300000, 0x0000000100000000, 0x0000000100000000)
  eden space 125952K, 100% used [0x00000000f8300000,0x00000000ffe00000,0x00000000ffe00000)
  from space 1024K, 62% used [0x00000000fff00000,0x00000000fffa0000,0x0000000100000000)
  to   space 1024K, 0% used [0x00000000ffe00000,0x00000000ffe00000,0x00000000fff00000)
 ParOldGen       total 134144K, used 67341K [0x00000000f0000000, 0x00000000f8300000, 0x00000000f8300000)
  object space 134144K, 50% used [0x00000000f0000000,0x00000000f41c3628,0x00000000f8300000)
 Metaspace       used 52854K, capacity 55960K, committed 56192K, reserved 1097728K
  class space    used 6448K, capacity 6998K, committed 7040K, reserved 1048576K
2023-10-03T01:16:41.139+0800: 600.843: [GC (Allocation Failure) [PSYoungGen: 126592K->640K(126976K)] 193933K->68069K(261120K), 0.0064932 secs] [Times: user=0.03 sys=0.00, real=0.01 secs] 
Heap after GC invocations=637 (full 0):
 PSYoungGen      total 126976K, used 640K [0x00000000f8300000, 0x0000000100000000, 0x0000000100000000)
  eden space 125952K, 0% used [0x00000000f8300000,0x00000000f8300000,0x00000000ffe00000)
  from space 1024K, 62% used [0x00000000ffe00000,0x00000000ffea0000,0x00000000fff00000)
  to   space 1024K, 0% used [0x00000000fff00000,0x00000000fff00000,0x0000000100000000)
 ParOldGen       total 134144K, used 67429K [0x00000000f0000000, 0x00000000f8300000, 0x00000000f8300000)
  object space 134144K, 50% used [0x00000000f0000000,0x00000000f41d9628,0x00000000f8300000)
 Metaspace       used 52854K, capacity 55960K, committed 56192K, reserved 1097728K
  class space    used 6448K, capacity 6998K, committed 7040K, reserved 1048576K
}
{Heap before GC invocations=638 (full 0):
 PSYoungGen      total 126976K, used 126592K [0x00000000f8300000, 0x0000000100000000, 0x0000000100000000)
  eden space 125952K, 100% used [0x00000000f8300000,0x00000000ffe00000,0x00000000ffe00000)
  from space 1024K, 62% used [0x00000000ffe00000,0x00000000ffea0000,0x00000000fff00000)
  to   space 1024K, 0% used [0x00000000fff00000,0x00000000fff00000,0x0000000100000000)
 ParOldGen       total 134144K, used 67429K [0x00000000f0000000, 0x00000000f8300000, 0x00000000f8300000)
  object space 134144K, 50% used [0x00000000f0000000,0x00000000f41d9628,0x00000000f8300000)
 Metaspace       used 52854K, capacity 55960K, committed 56192K, reserved 1097728K
  class space    used 6448K, capacity 6998K, committed 7040K, reserved 1048576K
2023-10-03T01:16:41.779+0800: 601.483: [GC (Allocation Failure) [PSYoungGen: 126592K->640K(126976K)] 194021K->68133K(261120K), 0.0069234 secs] [Times: user=0.04 sys=0.00, real=0.02 secs] 
Heap after GC invocations=638 (full 0):
 PSYoungGen      total 126976K, used 640K [0x00000000f8300000, 0x0000000100000000, 0x0000000100000000)
  eden space 125952K, 0% used [0x00000000f8300000,0x00000000f8300000,0x00000000ffe00000)
  from space 1024K, 62% used [0x00000000fff00000,0x00000000fffa0000,0x0000000100000000)
  to   space 1024K, 0% used [0x00000000ffe00000,0x00000000ffe00000,0x00000000fff00000)
 ParOldGen       total 134144K, used 67493K [0x00000000f0000000, 0x00000000f8300000, 0x00000000f8300000)
  object space 134144K, 50% used [0x00000000f0000000,0x00000000f41e9628,0x00000000f8300000)
 Metaspace       used 52854K, capacity 55960K, committed 56192K, reserved 1097728K
  class space    used 6448K, capacity 6998K, committed 7040K, reserved 1048576K
}
{Heap before GC invocations=639 (full 0):
 PSYoungGen      total 126976K, used 126592K [0x00000000f8300000, 0x0000000100000000, 0x0000000100000000)
  eden space 125952K, 100% used [0x00000000f8300000,0x00000000ffe00000,0x00000000ffe00000)
  from space 1024K, 62% used [0x00000000fff00000,0x00000000fffa0000,0x0000000100000000)
  to   space 1024K, 0% used [0x00000000ffe00000,0x00000000ffe00000,0x00000000fff00000)
 ParOldGen       total 134144K, used 67493K [0x00000000f0000000, 0x00000000f8300000, 0x00000000f8300000)
  object space 134144K, 50% used [0x00000000f0000000,0x00000000f41e9628,0x00000000f8300000)
 Metaspace       used 52854K, capacity 55960K, committed 56192K, reserved 1097728K
  class space    used 6448K, capacity 6998K, committed 7040K, reserved 1048576K
2023-10-03T01:16:42.365+0800: 602.070: [GC (Allocation Failure) [PSYoungGen: 126592K->672K(126976K)] 194085K->68237K(261120K), 0.0041277 secs] [Times: user=0.02 sys=0.01, real=0.00 secs] 
Heap after GC invocations=639 (full 0):
 PSYoungGen      total 126976K, used 672K [0x00000000f8300000, 0x0000000100000000, 0x0000000100000000)
  eden space 125952K, 0% used [0x00000000f8300000,0x00000000f8300000,0x00000000ffe00000)
  from space 1024K, 65% used [0x00000000ffe00000,0x00000000ffea8000,0x00000000fff00000)
  to   space 1024K, 0% used [0x00000000fff00000,0x00000000fff00000,0x0000000100000000)
 ParOldGen       total 134144K, used 67565K [0x00000000f0000000, 0x00000000f8300000, 0x00000000f8300000)
  object space 134144K, 50% used [0x00000000f0000000,0x00000000f41fb628,0x00000000f8300000)
 Metaspace       used 52854K, capacity 55960K, committed 56192K, reserved 1097728K
  class space    used 6448K, capacity 6998K, committed 7040K, reserved 1048576K
}
{Heap before GC invocations=640 (full 0):
 PSYoungGen      total 126976K, used 126624K [0x00000000f8300000, 0x0000000100000000, 0x0000000100000000)
  eden space 125952K, 100% used [0x00000000f8300000,0x00000000ffe00000,0x00000000ffe00000)
  from space 1024K, 65% used [0x00000000ffe00000,0x00000000ffea8000,0x00000000fff00000)
  to   space 1024K, 0% used [0x00000000fff00000,0x00000000fff00000,0x0000000100000000)
 ParOldGen       total 134144K, used 67565K [0x00000000f0000000, 0x00000000f8300000, 0x00000000f8300000)
  object space 134144K, 50% used [0x00000000f0000000,0x00000000f41fb628,0x00000000f8300000)
 Metaspace       used 52854K, capacity 55960K, committed 56192K, reserved 1097728K
  class space    used 6448K, capacity 6998K, committed 7040K, reserved 1048576K
2023-10-03T01:16:42.951+0800: 602.656: [GC (Allocation Failure) [PSYoungGen: 126624K->672K(126976K)] 194189K->68317K(261120K), 0.0064897 secs] [Times: user=0.02 sys=0.01, real=0.01 secs] 
Heap after GC invocations=640 (full 0):
 PSYoungGen      total 126976K, used 672K [0x00000000f8300000, 0x0000000100000000, 0x0000000100000000)
  eden space 125952K, 0% used [0x00000000f8300000,0x00000000f8300000,0x00000000ffe00000)
  from space 1024K, 65% used [0x00000000fff00000,0x00000000fffa8000,0x0000000100000000)
  to   space 1024K, 0% used [0x00000000ffe00000,0x00000000ffe00000,0x00000000fff00000)
 ParOldGen       total 134144K, used 67645K [0x00000000f0000000, 0x00000000f8300000, 0x00000000f8300000)
  object space 134144K, 50% used [0x00000000f0000000,0x00000000f420f628,0x00000000f8300000)
 Metaspace       used 52854K, capacity 55960K, committed 56192K, reserved 1097728K
  class space    used 6448K, capacity 6998K, committed 7040K, reserved 1048576K
}
{Heap before GC invocations=641 (full 0):
 PSYoungGen      total 126976K, used 126624K [0x00000000f8300000, 0x0000000100000000, 0x0000000100000000)
  eden space 125952K, 100% used [0x00000000f8300000,0x00000000ffe00000,0x00000000ffe00000)
  from space 1024K, 65% used [0x00000000fff00000,0x00000000fffa8000,0x0000000100000000)
  to   space 1024K, 0% used [0x00000000ffe00000,0x00000000ffe00000,0x00000000fff00000)
 ParOldGen       total 134144K, used 67645K [0x00000000f0000000, 0x00000000f8300000, 0x00000000f8300000)
  object space 134144K, 50% used [0x00000000f0000000,0x00000000f420f628,0x00000000f8300000)
 Metaspace       used 52854K, capacity 55960K, committed 56192K, reserved 1097728K
  class space    used 6448K, capacity 6998K, committed 7040K, reserved 1048576K
2023-10-03T01:16:43.557+0800: 603.262: [GC (Allocation Failure) [PSYoungGen: 126624K->704K(126976K)] 194269K->68429K(261120K), 0.0068426 secs] [Times: user=0.04 sys=0.01, real=0.01 secs] 
Heap after GC invocations=641 (full 0):
 PSYoungGen      total 126976K, used 704K [0x00000000f8300000, 0x0000000100000000, 0x0000000100000000)
  eden space 125952K, 0% used [0x00000000f8300000,0x00000000f8300000,0x00000000ffe00000)
  from space 1024K, 68% used [0x00000000ffe00000,0x00000000ffeb0000,0x00000000fff00000)
  to   space 1024K, 0% used [0x00000000fff00000,0x00000000fff00000,0x0000000100000000)
 ParOldGen       total 134144K, used 67725K [0x00000000f0000000, 0x00000000f8300000, 0x00000000f8300000)
  object space 134144K, 50% used [0x00000000f0000000,0x00000000f4223628,0x00000000f8300000)
 Metaspace       used 52854K, capacity 55960K, committed 56192K, reserved 1097728K
  class space    used 6448K, capacity 6998K, committed 7040K, reserved 1048576K
}
{Heap before GC invocations=642 (full 0):
 PSYoungGen      total 126976K, used 126656K [0x00000000f8300000, 0x0000000100000000, 0x0000000100000000)
  eden space 125952K, 100% used [0x00000000f8300000,0x00000000ffe00000,0x00000000ffe00000)
  from space 1024K, 68% used [0x00000000ffe00000,0x00000000ffeb0000,0x00000000fff00000)
  to   space 1024K, 0% used [0x00000000fff00000,0x00000000fff00000,0x0000000100000000)
 ParOldGen       total 134144K, used 67725K [0x00000000f0000000, 0x00000000f8300000, 0x00000000f8300000)
  object space 134144K, 50% used [0x00000000f0000000,0x00000000f4223628,0x00000000f8300000)
 Metaspace       used 52854K, capacity 55960K, committed 56192K, reserved 1097728K
  class space    used 6448K, capacity 6998K, committed 7040K, reserved 1048576K
2023-10-03T01:16:44.187+0800: 603.892: [GC (Allocation Failure) [PSYoungGen: 126656K->640K(126976K)] 194381K->68445K(261120K), 0.0070702 secs] [Times: user=0.04 sys=0.00, real=0.01 secs] 
Heap after GC invocations=642 (full 0):
 PSYoungGen      total 126976K, used 640K [0x00000000f8300000, 0x0000000100000000, 0x0000000100000000)
  eden space 125952K, 0% used [0x00000000f8300000,0x00000000f8300000,0x00000000ffe00000)
  from space 1024K, 62% used [0x00000000fff00000,0x00000000fffa0000,0x0000000100000000)
  to   space 1024K, 0% used [0x00000000ffe00000,0x00000000ffe00000,0x00000000fff00000)
 ParOldGen       total 134144K, used 67805K [0x00000000f0000000, 0x00000000f8300000, 0x00000000f8300000)
  object space 134144K, 50% used [0x00000000f0000000,0x00000000f4237628,0x00000000f8300000)
 Metaspace       used 52854K, capacity 55960K, committed 56192K, reserved 1097728K
  class space    used 6448K, capacity 6998K, committed 7040K, reserved 1048576K
}
{Heap before GC invocations=643 (full 0):
 PSYoungGen      total 126976K, used 126592K [0x00000000f8300000, 0x0000000100000000, 0x0000000100000000)
  eden space 125952K, 100% used [0x00000000f8300000,0x00000000ffe00000,0x00000000ffe00000)
  from space 1024K, 62% used [0x00000000fff00000,0x00000000fffa0000,0x0000000100000000)
  to   space 1024K, 0% used [0x00000000ffe00000,0x00000000ffe00000,0x00000000fff00000)
 ParOldGen       total 134144K, used 67805K [0x00000000f0000000, 0x00000000f8300000, 0x00000000f8300000)
  object space 134144K, 50% used [0x00000000f0000000,0x00000000f4237628,0x00000000f8300000)
 Metaspace       used 52854K, capacity 55960K, committed 56192K, reserved 1097728K
  class space    used 6448K, capacity 6998K, committed 7040K, reserved 1048576K
2023-10-03T01:16:44.823+0800: 604.528: [GC (Allocation Failure) [PSYoungGen: 126592K->640K(126976K)] 194397K->68533K(261120K), 0.0070751 secs] [Times: user=0.04 sys=0.00, real=0.00 secs] 
Heap after GC invocations=643 (full 0):
 PSYoungGen      total 126976K, used 640K [0x00000000f8300000, 0x0000000100000000, 0x0000000100000000)
  eden space 125952K, 0% used [0x00000000f8300000,0x00000000f8300000,0x00000000ffe00000)
  from space 1024K, 62% used [0x00000000ffe00000,0x00000000ffea0000,0x00000000fff00000)
  to   space 1024K, 0% used [0x00000000fff00000,0x00000000fff00000,0x0000000100000000)
 ParOldGen       total 134144K, used 67893K [0x00000000f0000000, 0x00000000f8300000, 0x00000000f8300000)
  object space 134144K, 50% used [0x00000000f0000000,0x00000000f424d628,0x00000000f8300000)
 Metaspace       used 52854K, capacity 55960K, committed 56192K, reserved 1097728K
  class space    used 6448K, capacity 6998K, committed 7040K, reserved 1048576K
}
{Heap before GC invocations=644 (full 0):
 PSYoungGen      total 126976K, used 126592K [0x00000000f8300000, 0x0000000100000000, 0x0000000100000000)
  eden space 125952K, 100% used [0x00000000f8300000,0x00000000ffe00000,0x00000000ffe00000)
  from space 1024K, 62% used [0x00000000ffe00000,0x00000000ffea0000,0x00000000fff00000)
  to   space 1024K, 0% used [0x00000000fff00000,0x00000000fff00000,0x0000000100000000)
 ParOldGen       total 134144K, used 67893K [0x00000000f0000000, 0x00000000f8300000, 0x00000000f8300000)
  object space 134144K, 50% used [0x00000000f0000000,0x00000000f424d628,0x00000000f8300000)
 Metaspace       used 52854K, capacity 55960K, committed 56192K, reserved 1097728K
  class space    used 6448K, capacity 6998K, committed 7040K, reserved 1048576K
2023-10-03T01:16:45.460+0800: 605.165: [GC (Allocation Failure) [PSYoungGen: 126592K->672K(126976K)] 194485K->68645K(261120K), 0.0070335 secs] [Times: user=0.04 sys=0.00, real=0.01 secs] 
Heap after GC invocations=644 (full 0):
 PSYoungGen      total 126976K, used 672K [0x00000000f8300000, 0x0000000100000000, 0x0000000100000000)
  eden space 125952K, 0% used [0x00000000f8300000,0x00000000f8300000,0x00000000ffe00000)
  from space 1024K, 65% used [0x00000000fff00000,0x00000000fffa8000,0x0000000100000000)
  to   space 1024K, 0% used [0x00000000ffe00000,0x00000000ffe00000,0x00000000fff00000)
 ParOldGen       total 134144K, used 67973K [0x00000000f0000000, 0x00000000f8300000, 0x00000000f8300000)
  object space 134144K, 50% used [0x00000000f0000000,0x00000000f4261628,0x00000000f8300000)
 Metaspace       used 52854K, capacity 55960K, committed 56192K, reserved 1097728K
  class space    used 6448K, capacity 6998K, committed 7040K, reserved 1048576K
}
{Heap before GC invocations=645 (full 0):
 PSYoungGen      total 126976K, used 126623K [0x00000000f8300000, 0x0000000100000000, 0x0000000100000000)
  eden space 125952K, 99% used [0x00000000f8300000,0x00000000ffdfffe0,0x00000000ffe00000)
  from space 1024K, 65% used [0x00000000fff00000,0x00000000fffa8000,0x0000000100000000)
  to   space 1024K, 0% used [0x00000000ffe00000,0x00000000ffe00000,0x00000000fff00000)
 ParOldGen       total 134144K, used 67973K [0x00000000f0000000, 0x00000000f8300000, 0x00000000f8300000)
  object space 134144K, 50% used [0x00000000f0000000,0x00000000f4261628,0x00000000f8300000)
 Metaspace       used 52854K, capacity 55960K, committed 56192K, reserved 1097728K
  class space    used 6448K, capacity 6998K, committed 7040K, reserved 1048576K
2023-10-03T01:16:46.076+0800: 605.781: [GC (Allocation Failure) [PSYoungGen: 126623K->704K(126976K)] 194597K->68757K(261120K), 0.0068166 secs] [Times: user=0.04 sys=0.00, real=0.01 secs] 
Heap after GC invocations=645 (full 0):
 PSYoungGen      total 126976K, used 704K [0x00000000f8300000, 0x0000000100000000, 0x0000000100000000)
  eden space 125952K, 0% used [0x00000000f8300000,0x00000000f8300000,0x00000000ffe00000)
  from space 1024K, 68% used [0x00000000ffe00000,0x00000000ffeb0000,0x00000000fff00000)
  to   space 1024K, 0% used [0x00000000fff00000,0x00000000fff00000,0x0000000100000000)
 ParOldGen       total 134144K, used 68053K [0x00000000f0000000, 0x00000000f8300000, 0x00000000f8300000)
  object space 134144K, 50% used [0x00000000f0000000,0x00000000f4275628,0x00000000f8300000)
 Metaspace       used 52854K, capacity 55960K, committed 56192K, reserved 1097728K
  class space    used 6448K, capacity 6998K, committed 7040K, reserved 1048576K
}
{Heap before GC invocations=646 (full 0):
 PSYoungGen      total 126976K, used 126656K [0x00000000f8300000, 0x0000000100000000, 0x0000000100000000)
  eden space 125952K, 100% used [0x00000000f8300000,0x00000000ffe00000,0x00000000ffe00000)
  from space 1024K, 68% used [0x00000000ffe00000,0x00000000ffeb0000,0x00000000fff00000)
  to   space 1024K, 0% used [0x00000000fff00000,0x00000000fff00000,0x0000000100000000)
 ParOldGen       total 134144K, used 68053K [0x00000000f0000000, 0x00000000f8300000, 0x00000000f8300000)
  object space 134144K, 50% used [0x00000000f0000000,0x00000000f4275628,0x00000000f8300000)
 Metaspace       used 52854K, capacity 55960K, committed 56192K, reserved 1097728K
  class space    used 6448K, capacity 6998K, committed 7040K, reserved 1048576K
2023-10-03T01:16:46.697+0800: 606.402: [GC (Allocation Failure) [PSYoungGen: 126656K->672K(126976K)] 194709K->68813K(261120K), 0.0066852 secs] [Times: user=0.03 sys=0.00, real=0.01 secs] 
Heap after GC invocations=646 (full 0):
 PSYoungGen      total 126976K, used 672K [0x00000000f8300000, 0x0000000100000000, 0x0000000100000000)
  eden space 125952K, 0% used [0x00000000f8300000,0x00000000f8300000,0x00000000ffe00000)
  from space 1024K, 65% used [0x00000000fff00000,0x00000000fffa8000,0x0000000100000000)
  to   space 1024K, 0% used [0x00000000ffe00000,0x00000000ffe00000,0x00000000fff00000)
 ParOldGen       total 134144K, used 68141K [0x00000000f0000000, 0x00000000f8300000, 0x00000000f8300000)
  object space 134144K, 50% used [0x00000000f0000000,0x00000000f428b628,0x00000000f8300000)
 Metaspace       used 52854K, capacity 55960K, committed 56192K, reserved 1097728K
  class space    used 6448K, capacity 6998K, committed 7040K, reserved 1048576K
}
{Heap before GC invocations=647 (full 0):
 PSYoungGen      total 126976K, used 126624K [0x00000000f8300000, 0x0000000100000000, 0x0000000100000000)
  eden space 125952K, 100% used [0x00000000f8300000,0x00000000ffe00000,0x00000000ffe00000)
  from space 1024K, 65% used [0x00000000fff00000,0x00000000fffa8000,0x0000000100000000)
  to   space 1024K, 0% used [0x00000000ffe00000,0x00000000ffe00000,0x00000000fff00000)
 ParOldGen       total 134144K, used 68141K [0x00000000f0000000, 0x00000000f8300000, 0x00000000f8300000)
  object space 134144K, 50% used [0x00000000f0000000,0x00000000f428b628,0x00000000f8300000)
 Metaspace       used 52854K, capacity 55960K, committed 56192K, reserved 1097728K
  class space    used 6448K, capacity 6998K, committed 7040K, reserved 1048576K
2023-10-03T01:16:47.335+0800: 607.039: [GC (Allocation Failure) [PSYoungGen: 126624K->640K(126976K)] 194765K->68861K(261120K), 0.0061697 secs] [Times: user=0.03 sys=0.01, real=0.01 secs] 
Heap after GC invocations=647 (full 0):
 PSYoungGen      total 126976K, used 640K [0x00000000f8300000, 0x0000000100000000, 0x0000000100000000)
  eden space 125952K, 0% used [0x00000000f8300000,0x00000000f8300000,0x00000000ffe00000)
  from space 1024K, 62% used [0x00000000ffe00000,0x00000000ffea0000,0x00000000fff00000)
  to   space 1024K, 0% used [0x00000000fff00000,0x00000000fff00000,0x0000000100000000)
 ParOldGen       total 134144K, used 68221K [0x00000000f0000000, 0x00000000f8300000, 0x00000000f8300000)
  object space 134144K, 50% used [0x00000000f0000000,0x00000000f429f628,0x00000000f8300000)
 Metaspace       used 52854K, capacity 55960K, committed 56192K, reserved 1097728K
  class space    used 6448K, capacity 6998K, committed 7040K, reserved 1048576K
}
{Heap before GC invocations=648 (full 0):
 PSYoungGen      total 126976K, used 126592K [0x00000000f8300000, 0x0000000100000000, 0x0000000100000000)
  eden space 125952K, 100% used [0x00000000f8300000,0x00000000ffe00000,0x00000000ffe00000)
  from space 1024K, 62% used [0x00000000ffe00000,0x00000000ffea0000,0x00000000fff00000)
  to   space 1024K, 0% used [0x00000000fff00000,0x00000000fff00000,0x0000000100000000)
 ParOldGen       total 134144K, used 68221K [0x00000000f0000000, 0x00000000f8300000, 0x00000000f8300000)
  object space 134144K, 50% used [0x00000000f0000000,0x00000000f429f628,0x00000000f8300000)
 Metaspace       used 52854K, capacity 55960K, committed 56192K, reserved 1097728K
  class space    used 6448K, capacity 6998K, committed 7040K, reserved 1048576K
2023-10-03T01:16:47.973+0800: 607.678: [GC (Allocation Failure) [PSYoungGen: 126592K->640K(126976K)] 194813K->68949K(261120K), 0.0068084 secs] [Times: user=0.04 sys=0.00, real=0.00 secs] 
Heap after GC invocations=648 (full 0):
 PSYoungGen      total 126976K, used 640K [0x00000000f8300000, 0x0000000100000000, 0x0000000100000000)
  eden space 125952K, 0% used [0x00000000f8300000,0x00000000f8300000,0x00000000ffe00000)
  from space 1024K, 62% used [0x00000000fff00000,0x00000000fffa0000,0x0000000100000000)
  to   space 1024K, 0% used [0x00000000ffe00000,0x00000000ffe00000,0x00000000fff00000)
 ParOldGen       total 134144K, used 68309K [0x00000000f0000000, 0x00000000f8300000, 0x00000000f8300000)
  object space 134144K, 50% used [0x00000000f0000000,0x00000000f42b5628,0x00000000f8300000)
 Metaspace       used 52854K, capacity 55960K, committed 56192K, reserved 1097728K
  class space    used 6448K, capacity 6998K, committed 7040K, reserved 1048576K
}
{Heap before GC invocations=649 (full 0):
 PSYoungGen      total 126976K, used 126592K [0x00000000f8300000, 0x0000000100000000, 0x0000000100000000)
  eden space 125952K, 100% used [0x00000000f8300000,0x00000000ffe00000,0x00000000ffe00000)
  from space 1024K, 62% used [0x00000000fff00000,0x00000000fffa0000,0x0000000100000000)
  to   space 1024K, 0% used [0x00000000ffe00000,0x00000000ffe00000,0x00000000fff00000)
 ParOldGen       total 134144K, used 68309K [0x00000000f0000000, 0x00000000f8300000, 0x00000000f8300000)
  object space 134144K, 50% used [0x00000000f0000000,0x00000000f42b5628,0x00000000f8300000)
 Metaspace       used 52854K, capacity 55960K, committed 56192K, reserved 1097728K
  class space    used 6448K, capacity 6998K, committed 7040K, reserved 1048576K
2023-10-03T01:16:48.617+0800: 608.321: [GC (Allocation Failure) [PSYoungGen: 126592K->672K(126976K)] 194901K->69053K(261120K), 0.0070431 secs] [Times: user=0.04 sys=0.00, real=0.01 secs] 
Heap after GC invocations=649 (full 0):
 PSYoungGen      total 126976K, used 672K [0x00000000f8300000, 0x0000000100000000, 0x0000000100000000)
  eden space 125952K, 0% used [0x00000000f8300000,0x00000000f8300000,0x00000000ffe00000)
  from space 1024K, 65% used [0x00000000ffe00000,0x00000000ffea8000,0x00000000fff00000)
  to   space 1024K, 0% used [0x00000000fff00000,0x00000000fff00000,0x0000000100000000)
 ParOldGen       total 134144K, used 68381K [0x00000000f0000000, 0x00000000f8300000, 0x00000000f8300000)
  object space 134144K, 50% used [0x00000000f0000000,0x00000000f42c7628,0x00000000f8300000)
 Metaspace       used 52854K, capacity 55960K, committed 56192K, reserved 1097728K
  class space    used 6448K, capacity 6998K, committed 7040K, reserved 1048576K
}
{Heap before GC invocations=650 (full 0):
 PSYoungGen      total 126976K, used 126624K [0x00000000f8300000, 0x0000000100000000, 0x0000000100000000)
  eden space 125952K, 100% used [0x00000000f8300000,0x00000000ffe00000,0x00000000ffe00000)
  from space 1024K, 65% used [0x00000000ffe00000,0x00000000ffea8000,0x00000000fff00000)
  to   space 1024K, 0% used [0x00000000fff00000,0x00000000fff00000,0x0000000100000000)
 ParOldGen       total 134144K, used 68381K [0x00000000f0000000, 0x00000000f8300000, 0x00000000f8300000)
  object space 134144K, 50% used [0x00000000f0000000,0x00000000f42c7628,0x00000000f8300000)
 Metaspace       used 52854K, capacity 55960K, committed 56192K, reserved 1097728K
  class space    used 6448K, capacity 6998K, committed 7040K, reserved 1048576K
2023-10-03T01:16:49.245+0800: 608.949: [GC (Allocation Failure) [PSYoungGen: 126624K->672K(126976K)] 195005K->69133K(261120K), 0.0068164 secs] [Times: user=0.04 sys=0.00, real=0.00 secs] 
Heap after GC invocations=650 (full 0):
 PSYoungGen      total 126976K, used 672K [0x00000000f8300000, 0x0000000100000000, 0x0000000100000000)
  eden space 125952K, 0% used [0x00000000f8300000,0x00000000f8300000,0x00000000ffe00000)
  from space 1024K, 65% used [0x00000000fff00000,0x00000000fffa8000,0x0000000100000000)
  to   space 1024K, 0% used [0x00000000ffe00000,0x00000000ffe00000,0x00000000fff00000)
 ParOldGen       total 134144K, used 68461K [0x00000000f0000000, 0x00000000f8300000, 0x00000000f8300000)
  object space 134144K, 51% used [0x00000000f0000000,0x00000000f42db628,0x00000000f8300000)
 Metaspace       used 52854K, capacity 55960K, committed 56192K, reserved 1097728K
  class space    used 6448K, capacity 6998K, committed 7040K, reserved 1048576K
}
{Heap before GC invocations=651 (full 0):
 PSYoungGen      total 126976K, used 126624K [0x00000000f8300000, 0x0000000100000000, 0x0000000100000000)
  eden space 125952K, 100% used [0x00000000f8300000,0x00000000ffe00000,0x00000000ffe00000)
  from space 1024K, 65% used [0x00000000fff00000,0x00000000fffa8000,0x0000000100000000)
  to   space 1024K, 0% used [0x00000000ffe00000,0x00000000ffe00000,0x00000000fff00000)
 ParOldGen       total 134144K, used 68461K [0x00000000f0000000, 0x00000000f8300000, 0x00000000f8300000)
  object space 134144K, 51% used [0x00000000f0000000,0x00000000f42db628,0x00000000f8300000)
 Metaspace       used 52854K, capacity 55960K, committed 56192K, reserved 1097728K
  class space    used 6448K, capacity 6998K, committed 7040K, reserved 1048576K
2023-10-03T01:16:49.887+0800: 609.591: [GC (Allocation Failure) [PSYoungGen: 126624K->672K(126976K)] 195085K->69221K(261120K), 0.0067918 secs] [Times: user=0.04 sys=0.00, real=0.01 secs] 
Heap after GC invocations=651 (full 0):
 PSYoungGen      total 126976K, used 672K [0x00000000f8300000, 0x0000000100000000, 0x0000000100000000)
  eden space 125952K, 0% used [0x00000000f8300000,0x00000000f8300000,0x00000000ffe00000)
  from space 1024K, 65% used [0x00000000ffe00000,0x00000000ffea8000,0x00000000fff00000)
  to   space 1024K, 0% used [0x00000000fff00000,0x00000000fff00000,0x0000000100000000)
 ParOldGen       total 134144K, used 68549K [0x00000000f0000000, 0x00000000f8300000, 0x00000000f8300000)
  object space 134144K, 51% used [0x00000000f0000000,0x00000000f42f1628,0x00000000f8300000)
 Metaspace       used 52854K, capacity 55960K, committed 56192K, reserved 1097728K
  class space    used 6448K, capacity 6998K, committed 7040K, reserved 1048576K
}
{Heap before GC invocations=652 (full 0):
 PSYoungGen      total 126976K, used 126624K [0x00000000f8300000, 0x0000000100000000, 0x0000000100000000)
  eden space 125952K, 100% used [0x00000000f8300000,0x00000000ffe00000,0x00000000ffe00000)
  from space 1024K, 65% used [0x00000000ffe00000,0x00000000ffea8000,0x00000000fff00000)
  to   space 1024K, 0% used [0x00000000fff00000,0x00000000fff00000,0x0000000100000000)
 ParOldGen       total 134144K, used 68549K [0x00000000f0000000, 0x00000000f8300000, 0x00000000f8300000)
  object space 134144K, 51% used [0x00000000f0000000,0x00000000f42f1628,0x00000000f8300000)
 Metaspace       used 52854K, capacity 55960K, committed 56192K, reserved 1097728K
  class space    used 6448K, capacity 6998K, committed 7040K, reserved 1048576K
2023-10-03T01:16:50.527+0800: 610.232: [GC (Allocation Failure) [PSYoungGen: 126624K->704K(126976K)] 195173K->69341K(261120K), 0.0062255 secs] [Times: user=0.04 sys=0.00, real=0.01 secs] 
Heap after GC invocations=652 (full 0):
 PSYoungGen      total 126976K, used 704K [0x00000000f8300000, 0x0000000100000000, 0x0000000100000000)
  eden space 125952K, 0% used [0x00000000f8300000,0x00000000f8300000,0x00000000ffe00000)
  from space 1024K, 68% used [0x00000000fff00000,0x00000000fffb0000,0x0000000100000000)
  to   space 1024K, 0% used [0x00000000ffe00000,0x00000000ffe00000,0x00000000fff00000)
 ParOldGen       total 134144K, used 68637K [0x00000000f0000000, 0x00000000f8300000, 0x00000000f8300000)
  object space 134144K, 51% used [0x00000000f0000000,0x00000000f4307628,0x00000000f8300000)
 Metaspace       used 52854K, capacity 55960K, committed 56192K, reserved 1097728K
  class space    used 6448K, capacity 6998K, committed 7040K, reserved 1048576K
}
{Heap before GC invocations=653 (full 0):
 PSYoungGen      total 126976K, used 126656K [0x00000000f8300000, 0x0000000100000000, 0x0000000100000000)
  eden space 125952K, 100% used [0x00000000f8300000,0x00000000ffe00000,0x00000000ffe00000)
  from space 1024K, 68% used [0x00000000fff00000,0x00000000fffb0000,0x0000000100000000)
  to   space 1024K, 0% used [0x00000000ffe00000,0x00000000ffe00000,0x00000000fff00000)
 ParOldGen       total 134144K, used 68637K [0x00000000f0000000, 0x00000000f8300000, 0x00000000f8300000)
  object space 134144K, 51% used [0x00000000f0000000,0x00000000f4307628,0x00000000f8300000)
 Metaspace       used 52854K, capacity 55960K, committed 56192K, reserved 1097728K
  class space    used 6448K, capacity 6998K, committed 7040K, reserved 1048576K
2023-10-03T01:16:51.155+0800: 610.860: [GC (Allocation Failure) [PSYoungGen: 126656K->704K(126976K)] 195293K->69429K(261120K), 0.0071077 secs] [Times: user=0.03 sys=0.00, real=0.01 secs] 
Heap after GC invocations=653 (full 0):
 PSYoungGen      total 126976K, used 704K [0x00000000f8300000, 0x0000000100000000, 0x0000000100000000)
  eden space 125952K, 0% used [0x00000000f8300000,0x00000000f8300000,0x00000000ffe00000)
  from space 1024K, 68% used [0x00000000ffe00000,0x00000000ffeb0000,0x00000000fff00000)
  to   space 1024K, 0% used [0x00000000fff00000,0x00000000fff00000,0x0000000100000000)
 ParOldGen       total 134144K, used 68725K [0x00000000f0000000, 0x00000000f8300000, 0x00000000f8300000)
  object space 134144K, 51% used [0x00000000f0000000,0x00000000f431d628,0x00000000f8300000)
 Metaspace       used 52854K, capacity 55960K, committed 56192K, reserved 1097728K
  class space    used 6448K, capacity 6998K, committed 7040K, reserved 1048576K
}
{Heap before GC invocations=654 (full 0):
 PSYoungGen      total 126976K, used 126656K [0x00000000f8300000, 0x0000000100000000, 0x0000000100000000)
  eden space 125952K, 100% used [0x00000000f8300000,0x00000000ffe00000,0x00000000ffe00000)
  from space 1024K, 68% used [0x00000000ffe00000,0x00000000ffeb0000,0x00000000fff00000)
  to   space 1024K, 0% used [0x00000000fff00000,0x00000000fff00000,0x0000000100000000)
 ParOldGen       total 134144K, used 68725K [0x00000000f0000000, 0x00000000f8300000, 0x00000000f8300000)
  object space 134144K, 51% used [0x00000000f0000000,0x00000000f431d628,0x00000000f8300000)
 Metaspace       used 52854K, capacity 55960K, committed 56192K, reserved 1097728K
  class space    used 6448K, capacity 6998K, committed 7040K, reserved 1048576K
2023-10-03T01:16:51.794+0800: 611.499: [GC (Allocation Failure) [PSYoungGen: 126656K->640K(126976K)] 195381K->69437K(261120K), 0.0068203 secs] [Times: user=0.03 sys=0.01, real=0.00 secs] 
Heap after GC invocations=654 (full 0):
 PSYoungGen      total 126976K, used 640K [0x00000000f8300000, 0x0000000100000000, 0x0000000100000000)
  eden space 125952K, 0% used [0x00000000f8300000,0x00000000f8300000,0x00000000ffe00000)
  from space 1024K, 62% used [0x00000000fff00000,0x00000000fffa0000,0x0000000100000000)
  to   space 1024K, 0% used [0x00000000ffe00000,0x00000000ffe00000,0x00000000fff00000)
 ParOldGen       total 134144K, used 68797K [0x00000000f0000000, 0x00000000f8300000, 0x00000000f8300000)
  object space 134144K, 51% used [0x00000000f0000000,0x00000000f432f628,0x00000000f8300000)
 Metaspace       used 52854K, capacity 55960K, committed 56192K, reserved 1097728K
  class space    used 6448K, capacity 6998K, committed 7040K, reserved 1048576K
}
{Heap before GC invocations=655 (full 0):
 PSYoungGen      total 126976K, used 126592K [0x00000000f8300000, 0x0000000100000000, 0x0000000100000000)
  eden space 125952K, 100% used [0x00000000f8300000,0x00000000ffe00000,0x00000000ffe00000)
  from space 1024K, 62% used [0x00000000fff00000,0x00000000fffa0000,0x0000000100000000)
  to   space 1024K, 0% used [0x00000000ffe00000,0x00000000ffe00000,0x00000000fff00000)
 ParOldGen       total 134144K, used 68797K [0x00000000f0000000, 0x00000000f8300000, 0x00000000f8300000)
  object space 134144K, 51% used [0x00000000f0000000,0x00000000f432f628,0x00000000f8300000)
 Metaspace       used 52854K, capacity 55960K, committed 56192K, reserved 1097728K
  class space    used 6448K, capacity 6998K, committed 7040K, reserved 1048576K
2023-10-03T01:16:52.437+0800: 612.142: [GC (Allocation Failure) [PSYoungGen: 126592K->672K(126976K)] 195389K->69541K(261120K), 0.0069602 secs] [Times: user=0.04 sys=0.00, real=0.01 secs] 
Heap after GC invocations=655 (full 0):
 PSYoungGen      total 126976K, used 672K [0x00000000f8300000, 0x0000000100000000, 0x0000000100000000)
  eden space 125952K, 0% used [0x00000000f8300000,0x00000000f8300000,0x00000000ffe00000)
  from space 1024K, 65% used [0x00000000ffe00000,0x00000000ffea8000,0x00000000fff00000)
  to   space 1024K, 0% used [0x00000000fff00000,0x00000000fff00000,0x0000000100000000)
 ParOldGen       total 134144K, used 68869K [0x00000000f0000000, 0x00000000f8300000, 0x00000000f8300000)
  object space 134144K, 51% used [0x00000000f0000000,0x00000000f4341628,0x00000000f8300000)
 Metaspace       used 52854K, capacity 55960K, committed 56192K, reserved 1097728K
  class space    used 6448K, capacity 6998K, committed 7040K, reserved 1048576K
}
{Heap before GC invocations=656 (full 0):
 PSYoungGen      total 126976K, used 126624K [0x00000000f8300000, 0x0000000100000000, 0x0000000100000000)
  eden space 125952K, 100% used [0x00000000f8300000,0x00000000ffe00000,0x00000000ffe00000)
  from space 1024K, 65% used [0x00000000ffe00000,0x00000000ffea8000,0x00000000fff00000)
  to   space 1024K, 0% used [0x00000000fff00000,0x00000000fff00000,0x0000000100000000)
 ParOldGen       total 134144K, used 68869K [0x00000000f0000000, 0x00000000f8300000, 0x00000000f8300000)
  object space 134144K, 51% used [0x00000000f0000000,0x00000000f4341628,0x00000000f8300000)
 Metaspace       used 52854K, capacity 55960K, committed 56192K, reserved 1097728K
  class space    used 6448K, capacity 6998K, committed 7040K, reserved 1048576K
2023-10-03T01:16:53.068+0800: 612.772: [GC (Allocation Failure) [PSYoungGen: 126624K->704K(126976K)] 195493K->69661K(261120K), 0.0069232 secs] [Times: user=0.04 sys=0.00, real=0.01 secs] 
Heap after GC invocations=656 (full 0):
 PSYoungGen      total 126976K, used 704K [0x00000000f8300000, 0x0000000100000000, 0x0000000100000000)
  eden space 125952K, 0% used [0x00000000f8300000,0x00000000f8300000,0x00000000ffe00000)
  from space 1024K, 68% used [0x00000000fff00000,0x00000000fffb0000,0x0000000100000000)
  to   space 1024K, 0% used [0x00000000ffe00000,0x00000000ffe00000,0x00000000fff00000)
 ParOldGen       total 134144K, used 68957K [0x00000000f0000000, 0x00000000f8300000, 0x00000000f8300000)
  object space 134144K, 51% used [0x00000000f0000000,0x00000000f4357628,0x00000000f8300000)
 Metaspace       used 52854K, capacity 55960K, committed 56192K, reserved 1097728K
  class space    used 6448K, capacity 6998K, committed 7040K, reserved 1048576K
}
{Heap before GC invocations=657 (full 0):
 PSYoungGen      total 126976K, used 126656K [0x00000000f8300000, 0x0000000100000000, 0x0000000100000000)
  eden space 125952K, 100% used [0x00000000f8300000,0x00000000ffe00000,0x00000000ffe00000)
  from space 1024K, 68% used [0x00000000fff00000,0x00000000fffb0000,0x0000000100000000)
  to   space 1024K, 0% used [0x00000000ffe00000,0x00000000ffe00000,0x00000000fff00000)
 ParOldGen       total 134144K, used 68957K [0x00000000f0000000, 0x00000000f8300000, 0x00000000f8300000)
  object space 134144K, 51% used [0x00000000f0000000,0x00000000f4357628,0x00000000f8300000)
 Metaspace       used 52854K, capacity 55960K, committed 56192K, reserved 1097728K
  class space    used 6448K, capacity 6998K, committed 7040K, reserved 1048576K
2023-10-03T01:16:53.706+0800: 613.410: [GC (Allocation Failure) [PSYoungGen: 126656K->640K(126976K)] 195613K->69677K(261120K), 0.0070772 secs] [Times: user=0.04 sys=0.00, real=0.01 secs] 
Heap after GC invocations=657 (full 0):
 PSYoungGen      total 126976K, used 640K [0x00000000f8300000, 0x0000000100000000, 0x0000000100000000)
  eden space 125952K, 0% used [0x00000000f8300000,0x00000000f8300000,0x00000000ffe00000)
  from space 1024K, 62% used [0x00000000ffe00000,0x00000000ffea0000,0x00000000fff00000)
  to   space 1024K, 0% used [0x00000000fff00000,0x00000000fff00000,0x0000000100000000)
 ParOldGen       total 134144K, used 69037K [0x00000000f0000000, 0x00000000f8300000, 0x00000000f8300000)
  object space 134144K, 51% used [0x00000000f0000000,0x00000000f436b628,0x00000000f8300000)
 Metaspace       used 52854K, capacity 55960K, committed 56192K, reserved 1097728K
  class space    used 6448K, capacity 6998K, committed 7040K, reserved 1048576K
}
{Heap before GC invocations=658 (full 0):
 PSYoungGen      total 126976K, used 126592K [0x00000000f8300000, 0x0000000100000000, 0x0000000100000000)
  eden space 125952K, 100% used [0x00000000f8300000,0x00000000ffe00000,0x00000000ffe00000)
  from space 1024K, 62% used [0x00000000ffe00000,0x00000000ffea0000,0x00000000fff00000)
  to   space 1024K, 0% used [0x00000000fff00000,0x00000000fff00000,0x0000000100000000)
 ParOldGen       total 134144K, used 69037K [0x00000000f0000000, 0x00000000f8300000, 0x00000000f8300000)
  object space 134144K, 51% used [0x00000000f0000000,0x00000000f436b628,0x00000000f8300000)
 Metaspace       used 52854K, capacity 55960K, committed 56192K, reserved 1097728K
  class space    used 6448K, capacity 6998K, committed 7040K, reserved 1048576K
2023-10-03T01:16:54.327+0800: 614.032: [GC (Allocation Failure) [PSYoungGen: 126592K->608K(126976K)] 195629K->69733K(261120K), 0.0068392 secs] [Times: user=0.04 sys=0.01, real=0.01 secs] 
Heap after GC invocations=658 (full 0):
 PSYoungGen      total 126976K, used 608K [0x00000000f8300000, 0x0000000100000000, 0x0000000100000000)
  eden space 125952K, 0% used [0x00000000f8300000,0x00000000f8300000,0x00000000ffe00000)
  from space 1024K, 59% used [0x00000000fff00000,0x00000000fff98000,0x0000000100000000)
  to   space 1024K, 0% used [0x00000000ffe00000,0x00000000ffe00000,0x00000000fff00000)
 ParOldGen       total 134144K, used 69125K [0x00000000f0000000, 0x00000000f8300000, 0x00000000f8300000)
  object space 134144K, 51% used [0x00000000f0000000,0x00000000f4381628,0x00000000f8300000)
 Metaspace       used 52854K, capacity 55960K, committed 56192K, reserved 1097728K
  class space    used 6448K, capacity 6998K, committed 7040K, reserved 1048576K
}
{Heap before GC invocations=659 (full 0):
 PSYoungGen      total 126976K, used 126560K [0x00000000f8300000, 0x0000000100000000, 0x0000000100000000)
  eden space 125952K, 100% used [0x00000000f8300000,0x00000000ffe00000,0x00000000ffe00000)
  from space 1024K, 59% used [0x00000000fff00000,0x00000000fff98000,0x0000000100000000)
  to   space 1024K, 0% used [0x00000000ffe00000,0x00000000ffe00000,0x00000000fff00000)
 ParOldGen       total 134144K, used 69125K [0x00000000f0000000, 0x00000000f8300000, 0x00000000f8300000)
  object space 134144K, 51% used [0x00000000f0000000,0x00000000f4381628,0x00000000f8300000)
 Metaspace       used 52854K, capacity 55960K, committed 56192K, reserved 1097728K
  class space    used 6448K, capacity 6998K, committed 7040K, reserved 1048576K
2023-10-03T01:16:54.966+0800: 614.671: [GC (Allocation Failure) [PSYoungGen: 126560K->640K(126976K)] 195685K->69845K(261120K), 0.0062683 secs] [Times: user=0.04 sys=0.00, real=0.01 secs] 
Heap after GC invocations=659 (full 0):
 PSYoungGen      total 126976K, used 640K [0x00000000f8300000, 0x0000000100000000, 0x0000000100000000)
  eden space 125952K, 0% used [0x00000000f8300000,0x00000000f8300000,0x00000000ffe00000)
  from space 1024K, 62% used [0x00000000ffe00000,0x00000000ffea0000,0x00000000fff00000)
  to   space 1024K, 0% used [0x00000000fff00000,0x00000000fff00000,0x0000000100000000)
 ParOldGen       total 134144K, used 69205K [0x00000000f0000000, 0x00000000f8300000, 0x00000000f8300000)
  object space 134144K, 51% used [0x00000000f0000000,0x00000000f4395628,0x00000000f8300000)
 Metaspace       used 52854K, capacity 55960K, committed 56192K, reserved 1097728K
  class space    used 6448K, capacity 6998K, committed 7040K, reserved 1048576K
}
{Heap before GC invocations=660 (full 0):
 PSYoungGen      total 126976K, used 126592K [0x00000000f8300000, 0x0000000100000000, 0x0000000100000000)
  eden space 125952K, 100% used [0x00000000f8300000,0x00000000ffe00000,0x00000000ffe00000)
  from space 1024K, 62% used [0x00000000ffe00000,0x00000000ffea0000,0x00000000fff00000)
  to   space 1024K, 0% used [0x00000000fff00000,0x00000000fff00000,0x0000000100000000)
 ParOldGen       total 134144K, used 69205K [0x00000000f0000000, 0x00000000f8300000, 0x00000000f8300000)
  object space 134144K, 51% used [0x00000000f0000000,0x00000000f4395628,0x00000000f8300000)
 Metaspace       used 52854K, capacity 55960K, committed 56192K, reserved 1097728K
  class space    used 6448K, capacity 6998K, committed 7040K, reserved 1048576K
2023-10-03T01:16:55.610+0800: 615.314: [GC (Allocation Failure) [PSYoungGen: 126592K->672K(126976K)] 195797K->69941K(261120K), 0.0070127 secs] [Times: user=0.04 sys=0.00, real=0.01 secs] 
Heap after GC invocations=660 (full 0):
 PSYoungGen      total 126976K, used 672K [0x00000000f8300000, 0x0000000100000000, 0x0000000100000000)
  eden space 125952K, 0% used [0x00000000f8300000,0x00000000f8300000,0x00000000ffe00000)
  from space 1024K, 65% used [0x00000000fff00000,0x00000000fffa8000,0x0000000100000000)
  to   space 1024K, 0% used [0x00000000ffe00000,0x00000000ffe00000,0x00000000fff00000)
 ParOldGen       total 134144K, used 69269K [0x00000000f0000000, 0x00000000f8300000, 0x00000000f8300000)
  object space 134144K, 51% used [0x00000000f0000000,0x00000000f43a5628,0x00000000f8300000)
 Metaspace       used 52854K, capacity 55960K, committed 56192K, reserved 1097728K
  class space    used 6448K, capacity 6998K, committed 7040K, reserved 1048576K
}
{Heap before GC invocations=661 (full 0):
 PSYoungGen      total 126976K, used 126624K [0x00000000f8300000, 0x0000000100000000, 0x0000000100000000)
  eden space 125952K, 100% used [0x00000000f8300000,0x00000000ffe00000,0x00000000ffe00000)
  from space 1024K, 65% used [0x00000000fff00000,0x00000000fffa8000,0x0000000100000000)
  to   space 1024K, 0% used [0x00000000ffe00000,0x00000000ffe00000,0x00000000fff00000)
 ParOldGen       total 134144K, used 69269K [0x00000000f0000000, 0x00000000f8300000, 0x00000000f8300000)
  object space 134144K, 51% used [0x00000000f0000000,0x00000000f43a5628,0x00000000f8300000)
 Metaspace       used 52854K, capacity 55960K, committed 56192K, reserved 1097728K
  class space    used 6448K, capacity 6998K, committed 7040K, reserved 1048576K
2023-10-03T01:16:56.242+0800: 615.947: [GC (Allocation Failure) [PSYoungGen: 126624K->640K(126976K)] 195893K->69989K(261120K), 0.0070750 secs] [Times: user=0.04 sys=0.00, real=0.00 secs] 
Heap after GC invocations=661 (full 0):
 PSYoungGen      total 126976K, used 640K [0x00000000f8300000, 0x0000000100000000, 0x0000000100000000)
  eden space 125952K, 0% used [0x00000000f8300000,0x00000000f8300000,0x00000000ffe00000)
  from space 1024K, 62% used [0x00000000ffe00000,0x00000000ffea0000,0x00000000fff00000)
  to   space 1024K, 0% used [0x00000000fff00000,0x00000000fff00000,0x0000000100000000)
 ParOldGen       total 134144K, used 69349K [0x00000000f0000000, 0x00000000f8300000, 0x00000000f8300000)
  object space 134144K, 51% used [0x00000000f0000000,0x00000000f43b9628,0x00000000f8300000)
 Metaspace       used 52854K, capacity 55960K, committed 56192K, reserved 1097728K
  class space    used 6448K, capacity 6998K, committed 7040K, reserved 1048576K
}
{Heap before GC invocations=662 (full 0):
 PSYoungGen      total 126976K, used 126592K [0x00000000f8300000, 0x0000000100000000, 0x0000000100000000)
  eden space 125952K, 100% used [0x00000000f8300000,0x00000000ffe00000,0x00000000ffe00000)
  from space 1024K, 62% used [0x00000000ffe00000,0x00000000ffea0000,0x00000000fff00000)
  to   space 1024K, 0% used [0x00000000fff00000,0x00000000fff00000,0x0000000100000000)
 ParOldGen       total 134144K, used 69349K [0x00000000f0000000, 0x00000000f8300000, 0x00000000f8300000)
  object space 134144K, 51% used [0x00000000f0000000,0x00000000f43b9628,0x00000000f8300000)
 Metaspace       used 52854K, capacity 55960K, committed 56192K, reserved 1097728K
  class space    used 6448K, capacity 6998K, committed 7040K, reserved 1048576K
2023-10-03T01:16:56.839+0800: 616.544: [GC (Allocation Failure) [PSYoungGen: 126592K->640K(126976K)] 195941K->70061K(261120K), 0.0073001 secs] [Times: user=0.03 sys=0.00, real=0.01 secs] 
Heap after GC invocations=662 (full 0):
 PSYoungGen      total 126976K, used 640K [0x00000000f8300000, 0x0000000100000000, 0x0000000100000000)
  eden space 125952K, 0% used [0x00000000f8300000,0x00000000f8300000,0x00000000ffe00000)
  from space 1024K, 62% used [0x00000000fff00000,0x00000000fffa0000,0x0000000100000000)
  to   space 1024K, 0% used [0x00000000ffe00000,0x00000000ffe00000,0x00000000fff00000)
 ParOldGen       total 134144K, used 69421K [0x00000000f0000000, 0x00000000f8300000, 0x00000000f8300000)
  object space 134144K, 51% used [0x00000000f0000000,0x00000000f43cb628,0x00000000f8300000)
 Metaspace       used 52854K, capacity 55960K, committed 56192K, reserved 1097728K
  class space    used 6448K, capacity 6998K, committed 7040K, reserved 1048576K
}
{Heap before GC invocations=663 (full 0):
 PSYoungGen      total 126976K, used 126592K [0x00000000f8300000, 0x0000000100000000, 0x0000000100000000)
  eden space 125952K, 100% used [0x00000000f8300000,0x00000000ffe00000,0x00000000ffe00000)
  from space 1024K, 62% used [0x00000000fff00000,0x00000000fffa0000,0x0000000100000000)
  to   space 1024K, 0% used [0x00000000ffe00000,0x00000000ffe00000,0x00000000fff00000)
 ParOldGen       total 134144K, used 69421K [0x00000000f0000000, 0x00000000f8300000, 0x00000000f8300000)
  object space 134144K, 51% used [0x00000000f0000000,0x00000000f43cb628,0x00000000f8300000)
 Metaspace       used 52854K, capacity 55960K, committed 56192K, reserved 1097728K
  class space    used 6448K, capacity 6998K, committed 7040K, reserved 1048576K
2023-10-03T01:16:57.463+0800: 617.167: [GC (Allocation Failure) [PSYoungGen: 126592K->672K(126976K)] 196013K->70165K(261120K), 0.0069243 secs] [Times: user=0.04 sys=0.00, real=0.01 secs] 
Heap after GC invocations=663 (full 0):
 PSYoungGen      total 126976K, used 672K [0x00000000f8300000, 0x0000000100000000, 0x0000000100000000)
  eden space 125952K, 0% used [0x00000000f8300000,0x00000000f8300000,0x00000000ffe00000)
  from space 1024K, 65% used [0x00000000ffe00000,0x00000000ffea8000,0x00000000fff00000)
  to   space 1024K, 0% used [0x00000000fff00000,0x00000000fff00000,0x0000000100000000)
 ParOldGen       total 134144K, used 69493K [0x00000000f0000000, 0x00000000f8300000, 0x00000000f8300000)
  object space 134144K, 51% used [0x00000000f0000000,0x00000000f43dd628,0x00000000f8300000)
 Metaspace       used 52854K, capacity 55960K, committed 56192K, reserved 1097728K
  class space    used 6448K, capacity 6998K, committed 7040K, reserved 1048576K
}
{Heap before GC invocations=664 (full 0):
 PSYoungGen      total 126976K, used 126624K [0x00000000f8300000, 0x0000000100000000, 0x0000000100000000)
  eden space 125952K, 100% used [0x00000000f8300000,0x00000000ffe00000,0x00000000ffe00000)
  from space 1024K, 65% used [0x00000000ffe00000,0x00000000ffea8000,0x00000000fff00000)
  to   space 1024K, 0% used [0x00000000fff00000,0x00000000fff00000,0x0000000100000000)
 ParOldGen       total 134144K, used 69493K [0x00000000f0000000, 0x00000000f8300000, 0x00000000f8300000)
  object space 134144K, 51% used [0x00000000f0000000,0x00000000f43dd628,0x00000000f8300000)
 Metaspace       used 52856K, capacity 55960K, committed 56192K, reserved 1097728K
  class space    used 6448K, capacity 6998K, committed 7040K, reserved 1048576K
2023-10-03T01:16:58.077+0800: 617.781: [GC (Allocation Failure) [PSYoungGen: 126624K->640K(126976K)] 196117K->70213K(261120K), 0.0071594 secs] [Times: user=0.04 sys=0.00, real=0.01 secs] 
Heap after GC invocations=664 (full 0):
 PSYoungGen      total 126976K, used 640K [0x00000000f8300000, 0x0000000100000000, 0x0000000100000000)
  eden space 125952K, 0% used [0x00000000f8300000,0x00000000f8300000,0x00000000ffe00000)
  from space 1024K, 62% used [0x00000000fff00000,0x00000000fffa0000,0x0000000100000000)
  to   space 1024K, 0% used [0x00000000ffe00000,0x00000000ffe00000,0x00000000fff00000)
 ParOldGen       total 134144K, used 69573K [0x00000000f0000000, 0x00000000f8300000, 0x00000000f8300000)
  object space 134144K, 51% used [0x00000000f0000000,0x00000000f43f1628,0x00000000f8300000)
 Metaspace       used 52856K, capacity 55960K, committed 56192K, reserved 1097728K
  class space    used 6448K, capacity 6998K, committed 7040K, reserved 1048576K
}
{Heap before GC invocations=665 (full 0):
 PSYoungGen      total 126976K, used 126592K [0x00000000f8300000, 0x0000000100000000, 0x0000000100000000)
  eden space 125952K, 100% used [0x00000000f8300000,0x00000000ffe00000,0x00000000ffe00000)
  from space 1024K, 62% used [0x00000000fff00000,0x00000000fffa0000,0x0000000100000000)
  to   space 1024K, 0% used [0x00000000ffe00000,0x00000000ffe00000,0x00000000fff00000)
 ParOldGen       total 134144K, used 69573K [0x00000000f0000000, 0x00000000f8300000, 0x00000000f8300000)
  object space 134144K, 51% used [0x00000000f0000000,0x00000000f43f1628,0x00000000f8300000)
 Metaspace       used 52856K, capacity 55960K, committed 56192K, reserved 1097728K
  class space    used 6448K, capacity 6998K, committed 7040K, reserved 1048576K
2023-10-03T01:16:58.715+0800: 618.420: [GC (Allocation Failure) [PSYoungGen: 126592K->640K(126976K)] 196165K->70277K(261120K), 0.0069702 secs] [Times: user=0.03 sys=0.00, real=0.01 secs] 
Heap after GC invocations=665 (full 0):
 PSYoungGen      total 126976K, used 640K [0x00000000f8300000, 0x0000000100000000, 0x0000000100000000)
  eden space 125952K, 0% used [0x00000000f8300000,0x00000000f8300000,0x00000000ffe00000)
  from space 1024K, 62% used [0x00000000ffe00000,0x00000000ffea0000,0x00000000fff00000)
  to   space 1024K, 0% used [0x00000000fff00000,0x00000000fff00000,0x0000000100000000)
 ParOldGen       total 134144K, used 69637K [0x00000000f0000000, 0x00000000f8300000, 0x00000000f8300000)
  object space 134144K, 51% used [0x00000000f0000000,0x00000000f4401628,0x00000000f8300000)
 Metaspace       used 52856K, capacity 55960K, committed 56192K, reserved 1097728K
  class space    used 6448K, capacity 6998K, committed 7040K, reserved 1048576K
}
{Heap before GC invocations=666 (full 0):
 PSYoungGen      total 126976K, used 126592K [0x00000000f8300000, 0x0000000100000000, 0x0000000100000000)
  eden space 125952K, 100% used [0x00000000f8300000,0x00000000ffe00000,0x00000000ffe00000)
  from space 1024K, 62% used [0x00000000ffe00000,0x00000000ffea0000,0x00000000fff00000)
  to   space 1024K, 0% used [0x00000000fff00000,0x00000000fff00000,0x0000000100000000)
 ParOldGen       total 134144K, used 69637K [0x00000000f0000000, 0x00000000f8300000, 0x00000000f8300000)
  object space 134144K, 51% used [0x00000000f0000000,0x00000000f4401628,0x00000000f8300000)
 Metaspace       used 52856K, capacity 55960K, committed 56192K, reserved 1097728K
  class space    used 6448K, capacity 6998K, committed 7040K, reserved 1048576K
2023-10-03T01:16:59.348+0800: 619.052: [GC (Allocation Failure) [PSYoungGen: 126592K->640K(126976K)] 196229K->70357K(261120K), 0.0082274 secs] [Times: user=0.03 sys=0.01, real=0.01 secs] 
Heap after GC invocations=666 (full 0):
 PSYoungGen      total 126976K, used 640K [0x00000000f8300000, 0x0000000100000000, 0x0000000100000000)
  eden space 125952K, 0% used [0x00000000f8300000,0x00000000f8300000,0x00000000ffe00000)
  from space 1024K, 62% used [0x00000000fff00000,0x00000000fffa0000,0x0000000100000000)
  to   space 1024K, 0% used [0x00000000ffe00000,0x00000000ffe00000,0x00000000fff00000)
 ParOldGen       total 134144K, used 69717K [0x00000000f0000000, 0x00000000f8300000, 0x00000000f8300000)
  object space 134144K, 51% used [0x00000000f0000000,0x00000000f4415628,0x00000000f8300000)
 Metaspace       used 52856K, capacity 55960K, committed 56192K, reserved 1097728K
  class space    used 6448K, capacity 6998K, committed 7040K, reserved 1048576K
}
{Heap before GC invocations=667 (full 0):
 PSYoungGen      total 126976K, used 126592K [0x00000000f8300000, 0x0000000100000000, 0x0000000100000000)
  eden space 125952K, 100% used [0x00000000f8300000,0x00000000ffe00000,0x00000000ffe00000)
  from space 1024K, 62% used [0x00000000fff00000,0x00000000fffa0000,0x0000000100000000)
  to   space 1024K, 0% used [0x00000000ffe00000,0x00000000ffe00000,0x00000000fff00000)
 ParOldGen       total 134144K, used 69717K [0x00000000f0000000, 0x00000000f8300000, 0x00000000f8300000)
  object space 134144K, 51% used [0x00000000f0000000,0x00000000f4415628,0x00000000f8300000)
 Metaspace       used 52856K, capacity 55960K, committed 56192K, reserved 1097728K
  class space    used 6448K, capacity 6998K, committed 7040K, reserved 1048576K
2023-10-03T01:16:59.988+0800: 619.692: [GC (Allocation Failure) [PSYoungGen: 126592K->704K(126976K)] 196309K->70509K(261120K), 0.0067853 secs] [Times: user=0.04 sys=0.00, real=0.01 secs] 
Heap after GC invocations=667 (full 0):
 PSYoungGen      total 126976K, used 704K [0x00000000f8300000, 0x0000000100000000, 0x0000000100000000)
  eden space 125952K, 0% used [0x00000000f8300000,0x00000000f8300000,0x00000000ffe00000)
  from space 1024K, 68% used [0x00000000ffe00000,0x00000000ffeb0000,0x00000000fff00000)
  to   space 1024K, 0% used [0x00000000fff00000,0x00000000fff00000,0x0000000100000000)
 ParOldGen       total 134144K, used 69805K [0x00000000f0000000, 0x00000000f8300000, 0x00000000f8300000)
  object space 134144K, 52% used [0x00000000f0000000,0x00000000f442b628,0x00000000f8300000)
 Metaspace       used 52856K, capacity 55960K, committed 56192K, reserved 1097728K
  class space    used 6448K, capacity 6998K, committed 7040K, reserved 1048576K
}
{Heap before GC invocations=668 (full 0):
 PSYoungGen      total 126976K, used 126656K [0x00000000f8300000, 0x0000000100000000, 0x0000000100000000)
  eden space 125952K, 100% used [0x00000000f8300000,0x00000000ffe00000,0x00000000ffe00000)
  from space 1024K, 68% used [0x00000000ffe00000,0x00000000ffeb0000,0x00000000fff00000)
  to   space 1024K, 0% used [0x00000000fff00000,0x00000000fff00000,0x0000000100000000)
 ParOldGen       total 134144K, used 69805K [0x00000000f0000000, 0x00000000f8300000, 0x00000000f8300000)
  object space 134144K, 52% used [0x00000000f0000000,0x00000000f442b628,0x00000000f8300000)
 Metaspace       used 52856K, capacity 55960K, committed 56192K, reserved 1097728K
  class space    used 6448K, capacity 6998K, committed 7040K, reserved 1048576K
2023-10-03T01:17:00.640+0800: 620.344: [GC (Allocation Failure) [PSYoungGen: 126656K->672K(126976K)] 196461K->70565K(261120K), 0.0070654 secs] [Times: user=0.04 sys=0.00, real=0.01 secs] 
Heap after GC invocations=668 (full 0):
 PSYoungGen      total 126976K, used 672K [0x00000000f8300000, 0x0000000100000000, 0x0000000100000000)
  eden space 125952K, 0% used [0x00000000f8300000,0x00000000f8300000,0x00000000ffe00000)
  from space 1024K, 65% used [0x00000000fff00000,0x00000000fffa8000,0x0000000100000000)
  to   space 1024K, 0% used [0x00000000ffe00000,0x00000000ffe00000,0x00000000fff00000)
 ParOldGen       total 134144K, used 69893K [0x00000000f0000000, 0x00000000f8300000, 0x00000000f8300000)
  object space 134144K, 52% used [0x00000000f0000000,0x00000000f4441628,0x00000000f8300000)
 Metaspace       used 52856K, capacity 55960K, committed 56192K, reserved 1097728K
  class space    used 6448K, capacity 6998K, committed 7040K, reserved 1048576K
}
{Heap before GC invocations=669 (full 0):
 PSYoungGen      total 126976K, used 126624K [0x00000000f8300000, 0x0000000100000000, 0x0000000100000000)
  eden space 125952K, 100% used [0x00000000f8300000,0x00000000ffe00000,0x00000000ffe00000)
  from space 1024K, 65% used [0x00000000fff00000,0x00000000fffa8000,0x0000000100000000)
  to   space 1024K, 0% used [0x00000000ffe00000,0x00000000ffe00000,0x00000000fff00000)
 ParOldGen       total 134144K, used 69893K [0x00000000f0000000, 0x00000000f8300000, 0x00000000f8300000)
  object space 134144K, 52% used [0x00000000f0000000,0x00000000f4441628,0x00000000f8300000)
 Metaspace       used 52856K, capacity 55960K, committed 56192K, reserved 1097728K
  class space    used 6448K, capacity 6998K, committed 7040K, reserved 1048576K
2023-10-03T01:17:01.266+0800: 620.971: [GC (Allocation Failure) [PSYoungGen: 126624K->704K(126976K)] 196517K->70677K(261120K), 0.0071925 secs] [Times: user=0.04 sys=0.00, real=0.01 secs] 
Heap after GC invocations=669 (full 0):
 PSYoungGen      total 126976K, used 704K [0x00000000f8300000, 0x0000000100000000, 0x0000000100000000)
  eden space 125952K, 0% used [0x00000000f8300000,0x00000000f8300000,0x00000000ffe00000)
  from space 1024K, 68% used [0x00000000ffe00000,0x00000000ffeb0000,0x00000000fff00000)
  to   space 1024K, 0% used [0x00000000fff00000,0x00000000fff00000,0x0000000100000000)
 ParOldGen       total 134144K, used 69973K [0x00000000f0000000, 0x00000000f8300000, 0x00000000f8300000)
  object space 134144K, 52% used [0x00000000f0000000,0x00000000f4455628,0x00000000f8300000)
 Metaspace       used 52856K, capacity 55960K, committed 56192K, reserved 1097728K
  class space    used 6448K, capacity 6998K, committed 7040K, reserved 1048576K
}
{Heap before GC invocations=670 (full 0):
 PSYoungGen      total 126976K, used 126656K [0x00000000f8300000, 0x0000000100000000, 0x0000000100000000)
  eden space 125952K, 100% used [0x00000000f8300000,0x00000000ffe00000,0x00000000ffe00000)
  from space 1024K, 68% used [0x00000000ffe00000,0x00000000ffeb0000,0x00000000fff00000)
  to   space 1024K, 0% used [0x00000000fff00000,0x00000000fff00000,0x0000000100000000)
 ParOldGen       total 134144K, used 69973K [0x00000000f0000000, 0x00000000f8300000, 0x00000000f8300000)
  object space 134144K, 52% used [0x00000000f0000000,0x00000000f4455628,0x00000000f8300000)
 Metaspace       used 52856K, capacity 55960K, committed 56192K, reserved 1097728K
  class space    used 6448K, capacity 6998K, committed 7040K, reserved 1048576K
2023-10-03T01:17:01.908+0800: 621.612: [GC (Allocation Failure) [PSYoungGen: 126656K->640K(126976K)] 196629K->70693K(261120K), 0.0066954 secs] [Times: user=0.03 sys=0.00, real=0.01 secs] 
Heap after GC invocations=670 (full 0):
 PSYoungGen      total 126976K, used 640K [0x00000000f8300000, 0x0000000100000000, 0x0000000100000000)
  eden space 125952K, 0% used [0x00000000f8300000,0x00000000f8300000,0x00000000ffe00000)
  from space 1024K, 62% used [0x00000000fff00000,0x00000000fffa0000,0x0000000100000000)
  to   space 1024K, 0% used [0x00000000ffe00000,0x00000000ffe00000,0x00000000fff00000)
 ParOldGen       total 134144K, used 70053K [0x00000000f0000000, 0x00000000f8300000, 0x00000000f8300000)
  object space 134144K, 52% used [0x00000000f0000000,0x00000000f4469628,0x00000000f8300000)
 Metaspace       used 52856K, capacity 55960K, committed 56192K, reserved 1097728K
  class space    used 6448K, capacity 6998K, committed 7040K, reserved 1048576K
}
{Heap before GC invocations=671 (full 0):
 PSYoungGen      total 126976K, used 126592K [0x00000000f8300000, 0x0000000100000000, 0x0000000100000000)
  eden space 125952K, 100% used [0x00000000f8300000,0x00000000ffe00000,0x00000000ffe00000)
  from space 1024K, 62% used [0x00000000fff00000,0x00000000fffa0000,0x0000000100000000)
  to   space 1024K, 0% used [0x00000000ffe00000,0x00000000ffe00000,0x00000000fff00000)
 ParOldGen       total 134144K, used 70053K [0x00000000f0000000, 0x00000000f8300000, 0x00000000f8300000)
  object space 134144K, 52% used [0x00000000f0000000,0x00000000f4469628,0x00000000f8300000)
 Metaspace       used 52856K, capacity 55960K, committed 56192K, reserved 1097728K
  class space    used 6448K, capacity 6998K, committed 7040K, reserved 1048576K
2023-10-03T01:17:02.547+0800: 622.251: [GC (Allocation Failure) [PSYoungGen: 126592K->640K(126976K)] 196645K->70765K(261120K), 0.0068209 secs] [Times: user=0.04 sys=0.00, real=0.01 secs] 
Heap after GC invocations=671 (full 0):
 PSYoungGen      total 126976K, used 640K [0x00000000f8300000, 0x0000000100000000, 0x0000000100000000)
  eden space 125952K, 0% used [0x00000000f8300000,0x00000000f8300000,0x00000000ffe00000)
  from space 1024K, 62% used [0x00000000ffe00000,0x00000000ffea0000,0x00000000fff00000)
  to   space 1024K, 0% used [0x00000000fff00000,0x00000000fff00000,0x0000000100000000)
 ParOldGen       total 134144K, used 70125K [0x00000000f0000000, 0x00000000f8300000, 0x00000000f8300000)
  object space 134144K, 52% used [0x00000000f0000000,0x00000000f447b628,0x00000000f8300000)
 Metaspace       used 52856K, capacity 55960K, committed 56192K, reserved 1097728K
  class space    used 6448K, capacity 6998K, committed 7040K, reserved 1048576K
}
{Heap before GC invocations=672 (full 0):
 PSYoungGen      total 126976K, used 126592K [0x00000000f8300000, 0x0000000100000000, 0x0000000100000000)
  eden space 125952K, 100% used [0x00000000f8300000,0x00000000ffe00000,0x00000000ffe00000)
  from space 1024K, 62% used [0x00000000ffe00000,0x00000000ffea0000,0x00000000fff00000)
  to   space 1024K, 0% used [0x00000000fff00000,0x00000000fff00000,0x0000000100000000)
 ParOldGen       total 134144K, used 70125K [0x00000000f0000000, 0x00000000f8300000, 0x00000000f8300000)
  object space 134144K, 52% used [0x00000000f0000000,0x00000000f447b628,0x00000000f8300000)
 Metaspace       used 52856K, capacity 55960K, committed 56192K, reserved 1097728K
  class space    used 6448K, capacity 6998K, committed 7040K, reserved 1048576K
2023-10-03T01:17:03.181+0800: 622.885: [GC (Allocation Failure) [PSYoungGen: 126592K->640K(126976K)] 196717K->70853K(261120K), 0.0067466 secs] [Times: user=0.04 sys=0.00, real=0.01 secs] 
Heap after GC invocations=672 (full 0):
 PSYoungGen      total 126976K, used 640K [0x00000000f8300000, 0x0000000100000000, 0x0000000100000000)
  eden space 125952K, 0% used [0x00000000f8300000,0x00000000f8300000,0x00000000ffe00000)
  from space 1024K, 62% used [0x00000000fff00000,0x00000000fffa0000,0x0000000100000000)
  to   space 1024K, 0% used [0x00000000ffe00000,0x00000000ffe00000,0x00000000fff00000)
 ParOldGen       total 134144K, used 70213K [0x00000000f0000000, 0x00000000f8300000, 0x00000000f8300000)
  object space 134144K, 52% used [0x00000000f0000000,0x00000000f4491628,0x00000000f8300000)
 Metaspace       used 52856K, capacity 55960K, committed 56192K, reserved 1097728K
  class space    used 6448K, capacity 6998K, committed 7040K, reserved 1048576K
}
{Heap before GC invocations=673 (full 0):
 PSYoungGen      total 126976K, used 126592K [0x00000000f8300000, 0x0000000100000000, 0x0000000100000000)
  eden space 125952K, 100% used [0x00000000f8300000,0x00000000ffe00000,0x00000000ffe00000)
  from space 1024K, 62% used [0x00000000fff00000,0x00000000fffa0000,0x0000000100000000)
  to   space 1024K, 0% used [0x00000000ffe00000,0x00000000ffe00000,0x00000000fff00000)
 ParOldGen       total 134144K, used 70213K [0x00000000f0000000, 0x00000000f8300000, 0x00000000f8300000)
  object space 134144K, 52% used [0x00000000f0000000,0x00000000f4491628,0x00000000f8300000)
 Metaspace       used 52856K, capacity 55960K, committed 56192K, reserved 1097728K
  class space    used 6448K, capacity 6998K, committed 7040K, reserved 1048576K
2023-10-03T01:17:03.813+0800: 623.517: [GC (Allocation Failure) [PSYoungGen: 126592K->640K(126976K)] 196805K->70925K(261120K), 0.0069140 secs] [Times: user=0.03 sys=0.00, real=0.00 secs] 
Heap after GC invocations=673 (full 0):
 PSYoungGen      total 126976K, used 640K [0x00000000f8300000, 0x0000000100000000, 0x0000000100000000)
  eden space 125952K, 0% used [0x00000000f8300000,0x00000000f8300000,0x00000000ffe00000)
  from space 1024K, 62% used [0x00000000ffe00000,0x00000000ffea0000,0x00000000fff00000)
  to   space 1024K, 0% used [0x00000000fff00000,0x00000000fff00000,0x0000000100000000)
 ParOldGen       total 134144K, used 70285K [0x00000000f0000000, 0x00000000f8300000, 0x00000000f8300000)
  object space 134144K, 52% used [0x00000000f0000000,0x00000000f44a3628,0x00000000f8300000)
 Metaspace       used 52856K, capacity 55960K, committed 56192K, reserved 1097728K
  class space    used 6448K, capacity 6998K, committed 7040K, reserved 1048576K
}
{Heap before GC invocations=674 (full 0):
 PSYoungGen      total 126976K, used 126592K [0x00000000f8300000, 0x0000000100000000, 0x0000000100000000)
  eden space 125952K, 100% used [0x00000000f8300000,0x00000000ffe00000,0x00000000ffe00000)
  from space 1024K, 62% used [0x00000000ffe00000,0x00000000ffea0000,0x00000000fff00000)
  to   space 1024K, 0% used [0x00000000fff00000,0x00000000fff00000,0x0000000100000000)
 ParOldGen       total 134144K, used 70285K [0x00000000f0000000, 0x00000000f8300000, 0x00000000f8300000)
  object space 134144K, 52% used [0x00000000f0000000,0x00000000f44a3628,0x00000000f8300000)
 Metaspace       used 52856K, capacity 55960K, committed 56192K, reserved 1097728K
  class space    used 6448K, capacity 6998K, committed 7040K, reserved 1048576K
2023-10-03T01:17:04.445+0800: 624.149: [GC (Allocation Failure) [PSYoungGen: 126592K->704K(126976K)] 196877K->71069K(261120K), 0.0062148 secs] [Times: user=0.04 sys=0.00, real=0.00 secs] 
Heap after GC invocations=674 (full 0):
 PSYoungGen      total 126976K, used 704K [0x00000000f8300000, 0x0000000100000000, 0x0000000100000000)
  eden space 125952K, 0% used [0x00000000f8300000,0x00000000f8300000,0x00000000ffe00000)
  from space 1024K, 68% used [0x00000000fff00000,0x00000000fffb0000,0x0000000100000000)
  to   space 1024K, 0% used [0x00000000ffe00000,0x00000000ffe00000,0x00000000fff00000)
 ParOldGen       total 134144K, used 70365K [0x00000000f0000000, 0x00000000f8300000, 0x00000000f8300000)
  object space 134144K, 52% used [0x00000000f0000000,0x00000000f44b7628,0x00000000f8300000)
 Metaspace       used 52856K, capacity 55960K, committed 56192K, reserved 1097728K
  class space    used 6448K, capacity 6998K, committed 7040K, reserved 1048576K
}
{Heap before GC invocations=675 (full 0):
 PSYoungGen      total 126976K, used 126656K [0x00000000f8300000, 0x0000000100000000, 0x0000000100000000)
  eden space 125952K, 100% used [0x00000000f8300000,0x00000000ffe00000,0x00000000ffe00000)
  from space 1024K, 68% used [0x00000000fff00000,0x00000000fffb0000,0x0000000100000000)
  to   space 1024K, 0% used [0x00000000ffe00000,0x00000000ffe00000,0x00000000fff00000)
 ParOldGen       total 134144K, used 70365K [0x00000000f0000000, 0x00000000f8300000, 0x00000000f8300000)
  object space 134144K, 52% used [0x00000000f0000000,0x00000000f44b7628,0x00000000f8300000)
 Metaspace       used 52856K, capacity 55960K, committed 56192K, reserved 1097728K
  class space    used 6448K, capacity 6998K, committed 7040K, reserved 1048576K
2023-10-03T01:17:05.082+0800: 624.787: [GC (Allocation Failure) [PSYoungGen: 126656K->640K(126976K)] 197021K->71093K(261120K), 0.0067379 secs] [Times: user=0.04 sys=0.00, real=0.00 secs] 
Heap after GC invocations=675 (full 0):
 PSYoungGen      total 126976K, used 640K [0x00000000f8300000, 0x0000000100000000, 0x0000000100000000)
  eden space 125952K, 0% used [0x00000000f8300000,0x00000000f8300000,0x00000000ffe00000)
  from space 1024K, 62% used [0x00000000ffe00000,0x00000000ffea0000,0x00000000fff00000)
  to   space 1024K, 0% used [0x00000000fff00000,0x00000000fff00000,0x0000000100000000)
 ParOldGen       total 134144K, used 70453K [0x00000000f0000000, 0x00000000f8300000, 0x00000000f8300000)
  object space 134144K, 52% used [0x00000000f0000000,0x00000000f44cd628,0x00000000f8300000)
 Metaspace       used 52856K, capacity 55960K, committed 56192K, reserved 1097728K
  class space    used 6448K, capacity 6998K, committed 7040K, reserved 1048576K
}
{Heap before GC invocations=676 (full 0):
 PSYoungGen      total 126976K, used 126592K [0x00000000f8300000, 0x0000000100000000, 0x0000000100000000)
  eden space 125952K, 100% used [0x00000000f8300000,0x00000000ffe00000,0x00000000ffe00000)
  from space 1024K, 62% used [0x00000000ffe00000,0x00000000ffea0000,0x00000000fff00000)
  to   space 1024K, 0% used [0x00000000fff00000,0x00000000fff00000,0x0000000100000000)
 ParOldGen       total 134144K, used 70453K [0x00000000f0000000, 0x00000000f8300000, 0x00000000f8300000)
  object space 134144K, 52% used [0x00000000f0000000,0x00000000f44cd628,0x00000000f8300000)
 Metaspace       used 52856K, capacity 55960K, committed 56192K, reserved 1097728K
  class space    used 6448K, capacity 6998K, committed 7040K, reserved 1048576K
2023-10-03T01:17:05.724+0800: 625.428: [GC (Allocation Failure) [PSYoungGen: 126592K->640K(126976K)] 197045K->71173K(261120K), 0.0069029 secs] [Times: user=0.04 sys=0.00, real=0.00 secs] 
Heap after GC invocations=676 (full 0):
 PSYoungGen      total 126976K, used 640K [0x00000000f8300000, 0x0000000100000000, 0x0000000100000000)
  eden space 125952K, 0% used [0x00000000f8300000,0x00000000f8300000,0x00000000ffe00000)
  from space 1024K, 62% used [0x00000000fff00000,0x00000000fffa0000,0x0000000100000000)
  to   space 1024K, 0% used [0x00000000ffe00000,0x00000000ffe00000,0x00000000fff00000)
 ParOldGen       total 134144K, used 70533K [0x00000000f0000000, 0x00000000f8300000, 0x00000000f8300000)
  object space 134144K, 52% used [0x00000000f0000000,0x00000000f44e1628,0x00000000f8300000)
 Metaspace       used 52856K, capacity 55960K, committed 56192K, reserved 1097728K
  class space    used 6448K, capacity 6998K, committed 7040K, reserved 1048576K
}
{Heap before GC invocations=677 (full 0):
 PSYoungGen      total 126976K, used 126592K [0x00000000f8300000, 0x0000000100000000, 0x0000000100000000)
  eden space 125952K, 100% used [0x00000000f8300000,0x00000000ffe00000,0x00000000ffe00000)
  from space 1024K, 62% used [0x00000000fff00000,0x00000000fffa0000,0x0000000100000000)
  to   space 1024K, 0% used [0x00000000ffe00000,0x00000000ffe00000,0x00000000fff00000)
 ParOldGen       total 134144K, used 70533K [0x00000000f0000000, 0x00000000f8300000, 0x00000000f8300000)
  object space 134144K, 52% used [0x00000000f0000000,0x00000000f44e1628,0x00000000f8300000)
 Metaspace       used 52856K, capacity 55960K, committed 56192K, reserved 1097728K
  class space    used 6448K, capacity 6998K, committed 7040K, reserved 1048576K
2023-10-03T01:17:06.346+0800: 626.051: [GC (Allocation Failure) [PSYoungGen: 126592K->640K(126976K)] 197125K->71253K(261120K), 0.0068308 secs] [Times: user=0.04 sys=0.00, real=0.01 secs] 
Heap after GC invocations=677 (full 0):
 PSYoungGen      total 126976K, used 640K [0x00000000f8300000, 0x0000000100000000, 0x0000000100000000)
  eden space 125952K, 0% used [0x00000000f8300000,0x00000000f8300000,0x00000000ffe00000)
  from space 1024K, 62% used [0x00000000ffe00000,0x00000000ffea0000,0x00000000fff00000)
  to   space 1024K, 0% used [0x00000000fff00000,0x00000000fff00000,0x0000000100000000)
 ParOldGen       total 134144K, used 70613K [0x00000000f0000000, 0x00000000f8300000, 0x00000000f8300000)
  object space 134144K, 52% used [0x00000000f0000000,0x00000000f44f5628,0x00000000f8300000)
 Metaspace       used 52856K, capacity 55960K, committed 56192K, reserved 1097728K
  class space    used 6448K, capacity 6998K, committed 7040K, reserved 1048576K
}
{Heap before GC invocations=678 (full 0):
 PSYoungGen      total 126976K, used 126592K [0x00000000f8300000, 0x0000000100000000, 0x0000000100000000)
  eden space 125952K, 100% used [0x00000000f8300000,0x00000000ffe00000,0x00000000ffe00000)
  from space 1024K, 62% used [0x00000000ffe00000,0x00000000ffea0000,0x00000000fff00000)
  to   space 1024K, 0% used [0x00000000fff00000,0x00000000fff00000,0x0000000100000000)
 ParOldGen       total 134144K, used 70613K [0x00000000f0000000, 0x00000000f8300000, 0x00000000f8300000)
  object space 134144K, 52% used [0x00000000f0000000,0x00000000f44f5628,0x00000000f8300000)
 Metaspace       used 52856K, capacity 55960K, committed 56192K, reserved 1097728K
  class space    used 6448K, capacity 6998K, committed 7040K, reserved 1048576K
2023-10-03T01:17:06.957+0800: 626.662: [GC (Allocation Failure) [PSYoungGen: 126592K->672K(126976K)] 197205K->71365K(261120K), 0.0069945 secs] [Times: user=0.03 sys=0.01, real=0.01 secs] 
Heap after GC invocations=678 (full 0):
 PSYoungGen      total 126976K, used 672K [0x00000000f8300000, 0x0000000100000000, 0x0000000100000000)
  eden space 125952K, 0% used [0x00000000f8300000,0x00000000f8300000,0x00000000ffe00000)
  from space 1024K, 65% used [0x00000000fff00000,0x00000000fffa8000,0x0000000100000000)
  to   space 1024K, 0% used [0x00000000ffe00000,0x00000000ffe00000,0x00000000fff00000)
 ParOldGen       total 134144K, used 70693K [0x00000000f0000000, 0x00000000f8300000, 0x00000000f8300000)
  object space 134144K, 52% used [0x00000000f0000000,0x00000000f4509628,0x00000000f8300000)
 Metaspace       used 52856K, capacity 55960K, committed 56192K, reserved 1097728K
  class space    used 6448K, capacity 6998K, committed 7040K, reserved 1048576K
}
{Heap before GC invocations=679 (full 0):
 PSYoungGen      total 126976K, used 126624K [0x00000000f8300000, 0x0000000100000000, 0x0000000100000000)
  eden space 125952K, 100% used [0x00000000f8300000,0x00000000ffe00000,0x00000000ffe00000)
  from space 1024K, 65% used [0x00000000fff00000,0x00000000fffa8000,0x0000000100000000)
  to   space 1024K, 0% used [0x00000000ffe00000,0x00000000ffe00000,0x00000000fff00000)
 ParOldGen       total 134144K, used 70693K [0x00000000f0000000, 0x00000000f8300000, 0x00000000f8300000)
  object space 134144K, 52% used [0x00000000f0000000,0x00000000f4509628,0x00000000f8300000)
 Metaspace       used 52856K, capacity 55960K, committed 56192K, reserved 1097728K
  class space    used 6448K, capacity 6998K, committed 7040K, reserved 1048576K
2023-10-03T01:17:07.606+0800: 627.311: [GC (Allocation Failure) [PSYoungGen: 126624K->704K(126976K)] 197317K->71445K(261120K), 0.0066843 secs] [Times: user=0.04 sys=0.00, real=0.01 secs] 
Heap after GC invocations=679 (full 0):
 PSYoungGen      total 126976K, used 704K [0x00000000f8300000, 0x0000000100000000, 0x0000000100000000)
  eden space 125952K, 0% used [0x00000000f8300000,0x00000000f8300000,0x00000000ffe00000)
  from space 1024K, 68% used [0x00000000ffe00000,0x00000000ffeb0000,0x00000000fff00000)
  to   space 1024K, 0% used [0x00000000fff00000,0x00000000fff00000,0x0000000100000000)
 ParOldGen       total 134144K, used 70741K [0x00000000f0000000, 0x00000000f8300000, 0x00000000f8300000)
  object space 134144K, 52% used [0x00000000f0000000,0x00000000f4515628,0x00000000f8300000)
 Metaspace       used 52856K, capacity 55960K, committed 56192K, reserved 1097728K
  class space    used 6448K, capacity 6998K, committed 7040K, reserved 1048576K
}
{Heap before GC invocations=680 (full 0):
 PSYoungGen      total 126976K, used 126656K [0x00000000f8300000, 0x0000000100000000, 0x0000000100000000)
  eden space 125952K, 100% used [0x00000000f8300000,0x00000000ffe00000,0x00000000ffe00000)
  from space 1024K, 68% used [0x00000000ffe00000,0x00000000ffeb0000,0x00000000fff00000)
  to   space 1024K, 0% used [0x00000000fff00000,0x00000000fff00000,0x0000000100000000)
 ParOldGen       total 134144K, used 70741K [0x00000000f0000000, 0x00000000f8300000, 0x00000000f8300000)
  object space 134144K, 52% used [0x00000000f0000000,0x00000000f4515628,0x00000000f8300000)
 Metaspace       used 52856K, capacity 55960K, committed 56192K, reserved 1097728K
  class space    used 6448K, capacity 6998K, committed 7040K, reserved 1048576K
2023-10-03T01:17:08.242+0800: 627.947: [GC (Allocation Failure) [PSYoungGen: 126656K->640K(126976K)] 197397K->71461K(261120K), 0.0069580 secs] [Times: user=0.03 sys=0.00, real=0.00 secs] 
Heap after GC invocations=680 (full 0):
 PSYoungGen      total 126976K, used 640K [0x00000000f8300000, 0x0000000100000000, 0x0000000100000000)
  eden space 125952K, 0% used [0x00000000f8300000,0x00000000f8300000,0x00000000ffe00000)
  from space 1024K, 62% used [0x00000000fff00000,0x00000000fffa0000,0x0000000100000000)
  to   space 1024K, 0% used [0x00000000ffe00000,0x00000000ffe00000,0x00000000fff00000)
 ParOldGen       total 134144K, used 70821K [0x00000000f0000000, 0x00000000f8300000, 0x00000000f8300000)
  object space 134144K, 52% used [0x00000000f0000000,0x00000000f4529628,0x00000000f8300000)
 Metaspace       used 52856K, capacity 55960K, committed 56192K, reserved 1097728K
  class space    used 6448K, capacity 6998K, committed 7040K, reserved 1048576K
}
{Heap before GC invocations=681 (full 0):
 PSYoungGen      total 126976K, used 126592K [0x00000000f8300000, 0x0000000100000000, 0x0000000100000000)
  eden space 125952K, 100% used [0x00000000f8300000,0x00000000ffe00000,0x00000000ffe00000)
  from space 1024K, 62% used [0x00000000fff00000,0x00000000fffa0000,0x0000000100000000)
  to   space 1024K, 0% used [0x00000000ffe00000,0x00000000ffe00000,0x00000000fff00000)
 ParOldGen       total 134144K, used 70821K [0x00000000f0000000, 0x00000000f8300000, 0x00000000f8300000)
  object space 134144K, 52% used [0x00000000f0000000,0x00000000f4529628,0x00000000f8300000)
 Metaspace       used 52856K, capacity 55960K, committed 56192K, reserved 1097728K
  class space    used 6448K, capacity 6998K, committed 7040K, reserved 1048576K
2023-10-03T01:17:08.881+0800: 628.585: [GC (Allocation Failure) [PSYoungGen: 126592K->672K(126976K)] 197413K->71573K(261120K), 0.0067861 secs] [Times: user=0.04 sys=0.00, real=0.01 secs] 
Heap after GC invocations=681 (full 0):
 PSYoungGen      total 126976K, used 672K [0x00000000f8300000, 0x0000000100000000, 0x0000000100000000)
  eden space 125952K, 0% used [0x00000000f8300000,0x00000000f8300000,0x00000000ffe00000)
  from space 1024K, 65% used [0x00000000ffe00000,0x00000000ffea8000,0x00000000fff00000)
  to   space 1024K, 0% used [0x00000000fff00000,0x00000000fff00000,0x0000000100000000)
 ParOldGen       total 134144K, used 70901K [0x00000000f0000000, 0x00000000f8300000, 0x00000000f8300000)
  object space 134144K, 52% used [0x00000000f0000000,0x00000000f453d628,0x00000000f8300000)
 Metaspace       used 52856K, capacity 55960K, committed 56192K, reserved 1097728K
  class space    used 6448K, capacity 6998K, committed 7040K, reserved 1048576K
}
{Heap before GC invocations=682 (full 0):
 PSYoungGen      total 126976K, used 126624K [0x00000000f8300000, 0x0000000100000000, 0x0000000100000000)
  eden space 125952K, 100% used [0x00000000f8300000,0x00000000ffe00000,0x00000000ffe00000)
  from space 1024K, 65% used [0x00000000ffe00000,0x00000000ffea8000,0x00000000fff00000)
  to   space 1024K, 0% used [0x00000000fff00000,0x00000000fff00000,0x0000000100000000)
 ParOldGen       total 134144K, used 70901K [0x00000000f0000000, 0x00000000f8300000, 0x00000000f8300000)
  object space 134144K, 52% used [0x00000000f0000000,0x00000000f453d628,0x00000000f8300000)
 Metaspace       used 52856K, capacity 55960K, committed 56192K, reserved 1097728K
  class space    used 6448K, capacity 6998K, committed 7040K, reserved 1048576K
2023-10-03T01:17:09.525+0800: 629.230: [GC (Allocation Failure) [PSYoungGen: 126624K->672K(126976K)] 197525K->71637K(261120K), 0.0069256 secs] [Times: user=0.04 sys=0.00, real=0.01 secs] 
Heap after GC invocations=682 (full 0):
 PSYoungGen      total 126976K, used 672K [0x00000000f8300000, 0x0000000100000000, 0x0000000100000000)
  eden space 125952K, 0% used [0x00000000f8300000,0x00000000f8300000,0x00000000ffe00000)
  from space 1024K, 65% used [0x00000000fff00000,0x00000000fffa8000,0x0000000100000000)
  to   space 1024K, 0% used [0x00000000ffe00000,0x00000000ffe00000,0x00000000fff00000)
 ParOldGen       total 134144K, used 70965K [0x00000000f0000000, 0x00000000f8300000, 0x00000000f8300000)
  object space 134144K, 52% used [0x00000000f0000000,0x00000000f454d628,0x00000000f8300000)
 Metaspace       used 52856K, capacity 55960K, committed 56192K, reserved 1097728K
  class space    used 6448K, capacity 6998K, committed 7040K, reserved 1048576K
}
{Heap before GC invocations=683 (full 0):
 PSYoungGen      total 126976K, used 126624K [0x00000000f8300000, 0x0000000100000000, 0x0000000100000000)
  eden space 125952K, 100% used [0x00000000f8300000,0x00000000ffe00000,0x00000000ffe00000)
  from space 1024K, 65% used [0x00000000fff00000,0x00000000fffa8000,0x0000000100000000)
  to   space 1024K, 0% used [0x00000000ffe00000,0x00000000ffe00000,0x00000000fff00000)
 ParOldGen       total 134144K, used 70965K [0x00000000f0000000, 0x00000000f8300000, 0x00000000f8300000)
  object space 134144K, 52% used [0x00000000f0000000,0x00000000f454d628,0x00000000f8300000)
 Metaspace       used 52856K, capacity 55960K, committed 56192K, reserved 1097728K
  class space    used 6448K, capacity 6998K, committed 7040K, reserved 1048576K
2023-10-03T01:17:10.163+0800: 629.867: [GC (Allocation Failure) [PSYoungGen: 126624K->736K(126976K)] 197589K->71781K(261120K), 0.0070666 secs] [Times: user=0.04 sys=0.00, real=0.00 secs] 
Heap after GC invocations=683 (full 0):
 PSYoungGen      total 126976K, used 736K [0x00000000f8300000, 0x0000000100000000, 0x0000000100000000)
  eden space 125952K, 0% used [0x00000000f8300000,0x00000000f8300000,0x00000000ffe00000)
  from space 1024K, 71% used [0x00000000ffe00000,0x00000000ffeb8000,0x00000000fff00000)
  to   space 1024K, 0% used [0x00000000fff00000,0x00000000fff00000,0x0000000100000000)
 ParOldGen       total 134144K, used 71045K [0x00000000f0000000, 0x00000000f8300000, 0x00000000f8300000)
  object space 134144K, 52% used [0x00000000f0000000,0x00000000f4561628,0x00000000f8300000)
 Metaspace       used 52856K, capacity 55960K, committed 56192K, reserved 1097728K
  class space    used 6448K, capacity 6998K, committed 7040K, reserved 1048576K
}
{Heap before GC invocations=684 (full 0):
 PSYoungGen      total 126976K, used 126688K [0x00000000f8300000, 0x0000000100000000, 0x0000000100000000)
  eden space 125952K, 100% used [0x00000000f8300000,0x00000000ffe00000,0x00000000ffe00000)
  from space 1024K, 71% used [0x00000000ffe00000,0x00000000ffeb8000,0x00000000fff00000)
  to   space 1024K, 0% used [0x00000000fff00000,0x00000000fff00000,0x0000000100000000)
 ParOldGen       total 134144K, used 71045K [0x00000000f0000000, 0x00000000f8300000, 0x00000000f8300000)
  object space 134144K, 52% used [0x00000000f0000000,0x00000000f4561628,0x00000000f8300000)
 Metaspace       used 52856K, capacity 55960K, committed 56192K, reserved 1097728K
  class space    used 6448K, capacity 6998K, committed 7040K, reserved 1048576K
2023-10-03T01:17:10.806+0800: 630.510: [GC (Allocation Failure) [PSYoungGen: 126688K->672K(126976K)] 197733K->71797K(261120K), 0.0069438 secs] [Times: user=0.03 sys=0.01, real=0.01 secs] 
Heap after GC invocations=684 (full 0):
 PSYoungGen      total 126976K, used 672K [0x00000000f8300000, 0x0000000100000000, 0x0000000100000000)
  eden space 125952K, 0% used [0x00000000f8300000,0x00000000f8300000,0x00000000ffe00000)
  from space 1024K, 65% used [0x00000000fff00000,0x00000000fffa8000,0x0000000100000000)
  to   space 1024K, 0% used [0x00000000ffe00000,0x00000000ffe00000,0x00000000fff00000)
 ParOldGen       total 134144K, used 71125K [0x00000000f0000000, 0x00000000f8300000, 0x00000000f8300000)
  object space 134144K, 53% used [0x00000000f0000000,0x00000000f4575628,0x00000000f8300000)
 Metaspace       used 52856K, capacity 55960K, committed 56192K, reserved 1097728K
  class space    used 6448K, capacity 6998K, committed 7040K, reserved 1048576K
}
{Heap before GC invocations=685 (full 0):
 PSYoungGen      total 126976K, used 126624K [0x00000000f8300000, 0x0000000100000000, 0x0000000100000000)
  eden space 125952K, 100% used [0x00000000f8300000,0x00000000ffe00000,0x00000000ffe00000)
  from space 1024K, 65% used [0x00000000fff00000,0x00000000fffa8000,0x0000000100000000)
  to   space 1024K, 0% used [0x00000000ffe00000,0x00000000ffe00000,0x00000000fff00000)
 ParOldGen       total 134144K, used 71125K [0x00000000f0000000, 0x00000000f8300000, 0x00000000f8300000)
  object space 134144K, 53% used [0x00000000f0000000,0x00000000f4575628,0x00000000f8300000)
 Metaspace       used 52856K, capacity 55960K, committed 56192K, reserved 1097728K
  class space    used 6448K, capacity 6998K, committed 7040K, reserved 1048576K
2023-10-03T01:17:11.436+0800: 631.140: [GC (Allocation Failure) [PSYoungGen: 126624K->672K(126976K)] 197749K->71877K(261120K), 0.0069254 secs] [Times: user=0.03 sys=0.00, real=0.01 secs] 
Heap after GC invocations=685 (full 0):
 PSYoungGen      total 126976K, used 672K [0x00000000f8300000, 0x0000000100000000, 0x0000000100000000)
  eden space 125952K, 0% used [0x00000000f8300000,0x00000000f8300000,0x00000000ffe00000)
  from space 1024K, 65% used [0x00000000ffe00000,0x00000000ffea8000,0x00000000fff00000)
  to   space 1024K, 0% used [0x00000000fff00000,0x00000000fff00000,0x0000000100000000)
 ParOldGen       total 134144K, used 71205K [0x00000000f0000000, 0x00000000f8300000, 0x00000000f8300000)
  object space 134144K, 53% used [0x00000000f0000000,0x00000000f4589628,0x00000000f8300000)
 Metaspace       used 52856K, capacity 55960K, committed 56192K, reserved 1097728K
  class space    used 6448K, capacity 6998K, committed 7040K, reserved 1048576K
}
{Heap before GC invocations=686 (full 0):
 PSYoungGen      total 126976K, used 126624K [0x00000000f8300000, 0x0000000100000000, 0x0000000100000000)
  eden space 125952K, 100% used [0x00000000f8300000,0x00000000ffe00000,0x00000000ffe00000)
  from space 1024K, 65% used [0x00000000ffe00000,0x00000000ffea8000,0x00000000fff00000)
  to   space 1024K, 0% used [0x00000000fff00000,0x00000000fff00000,0x0000000100000000)
 ParOldGen       total 134144K, used 71205K [0x00000000f0000000, 0x00000000f8300000, 0x00000000f8300000)
  object space 134144K, 53% used [0x00000000f0000000,0x00000000f4589628,0x00000000f8300000)
 Metaspace       used 52856K, capacity 55960K, committed 56192K, reserved 1097728K
  class space    used 6448K, capacity 6998K, committed 7040K, reserved 1048576K
2023-10-03T01:17:12.080+0800: 631.784: [GC (Allocation Failure) [PSYoungGen: 126624K->640K(126976K)] 197829K->71925K(261120K), 0.0067012 secs] [Times: user=0.04 sys=0.00, real=0.01 secs] 
Heap after GC invocations=686 (full 0):
 PSYoungGen      total 126976K, used 640K [0x00000000f8300000, 0x0000000100000000, 0x0000000100000000)
  eden space 125952K, 0% used [0x00000000f8300000,0x00000000f8300000,0x00000000ffe00000)
  from space 1024K, 62% used [0x00000000fff00000,0x00000000fffa0000,0x0000000100000000)
  to   space 1024K, 0% used [0x00000000ffe00000,0x00000000ffe00000,0x00000000fff00000)
 ParOldGen       total 134144K, used 71285K [0x00000000f0000000, 0x00000000f8300000, 0x00000000f8300000)
  object space 134144K, 53% used [0x00000000f0000000,0x00000000f459d628,0x00000000f8300000)
 Metaspace       used 52856K, capacity 55960K, committed 56192K, reserved 1097728K
  class space    used 6448K, capacity 6998K, committed 7040K, reserved 1048576K
}
{Heap before GC invocations=687 (full 0):
 PSYoungGen      total 126976K, used 126592K [0x00000000f8300000, 0x0000000100000000, 0x0000000100000000)
  eden space 125952K, 100% used [0x00000000f8300000,0x00000000ffe00000,0x00000000ffe00000)
  from space 1024K, 62% used [0x00000000fff00000,0x00000000fffa0000,0x0000000100000000)
  to   space 1024K, 0% used [0x00000000ffe00000,0x00000000ffe00000,0x00000000fff00000)
 ParOldGen       total 134144K, used 71285K [0x00000000f0000000, 0x00000000f8300000, 0x00000000f8300000)
  object space 134144K, 53% used [0x00000000f0000000,0x00000000f459d628,0x00000000f8300000)
 Metaspace       used 52856K, capacity 55960K, committed 56192K, reserved 1097728K
  class space    used 6448K, capacity 6998K, committed 7040K, reserved 1048576K
2023-10-03T01:17:12.725+0800: 632.429: [GC (Allocation Failure) [PSYoungGen: 126592K->640K(126976K)] 197877K->71981K(261120K), 0.0067546 secs] [Times: user=0.04 sys=0.00, real=0.01 secs] 
Heap after GC invocations=687 (full 0):
 PSYoungGen      total 126976K, used 640K [0x00000000f8300000, 0x0000000100000000, 0x0000000100000000)
  eden space 125952K, 0% used [0x00000000f8300000,0x00000000f8300000,0x00000000ffe00000)
  from space 1024K, 62% used [0x00000000ffe00000,0x00000000ffea0000,0x00000000fff00000)
  to   space 1024K, 0% used [0x00000000fff00000,0x00000000fff00000,0x0000000100000000)
 ParOldGen       total 134144K, used 71341K [0x00000000f0000000, 0x00000000f8300000, 0x00000000f8300000)
  object space 134144K, 53% used [0x00000000f0000000,0x00000000f45ab628,0x00000000f8300000)
 Metaspace       used 52856K, capacity 55960K, committed 56192K, reserved 1097728K
  class space    used 6448K, capacity 6998K, committed 7040K, reserved 1048576K
}
{Heap before GC invocations=688 (full 0):
 PSYoungGen      total 126976K, used 126592K [0x00000000f8300000, 0x0000000100000000, 0x0000000100000000)
  eden space 125952K, 100% used [0x00000000f8300000,0x00000000ffe00000,0x00000000ffe00000)
  from space 1024K, 62% used [0x00000000ffe00000,0x00000000ffea0000,0x00000000fff00000)
  to   space 1024K, 0% used [0x00000000fff00000,0x00000000fff00000,0x0000000100000000)
 ParOldGen       total 134144K, used 71341K [0x00000000f0000000, 0x00000000f8300000, 0x00000000f8300000)
  object space 134144K, 53% used [0x00000000f0000000,0x00000000f45ab628,0x00000000f8300000)
 Metaspace       used 52861K, capacity 55968K, committed 56192K, reserved 1097728K
  class space    used 6448K, capacity 6998K, committed 7040K, reserved 1048576K
2023-10-03T01:17:13.364+0800: 633.068: [GC (Allocation Failure) [PSYoungGen: 126592K->640K(126976K)] 197933K->72053K(261120K), 0.0067765 secs] [Times: user=0.03 sys=0.00, real=0.00 secs] 
Heap after GC invocations=688 (full 0):
 PSYoungGen      total 126976K, used 640K [0x00000000f8300000, 0x0000000100000000, 0x0000000100000000)
  eden space 125952K, 0% used [0x00000000f8300000,0x00000000f8300000,0x00000000ffe00000)
  from space 1024K, 62% used [0x00000000fff00000,0x00000000fffa0000,0x0000000100000000)
  to   space 1024K, 0% used [0x00000000ffe00000,0x00000000ffe00000,0x00000000fff00000)
 ParOldGen       total 134144K, used 71413K [0x00000000f0000000, 0x00000000f8300000, 0x00000000f8300000)
  object space 134144K, 53% used [0x00000000f0000000,0x00000000f45bd628,0x00000000f8300000)
 Metaspace       used 52861K, capacity 55968K, committed 56192K, reserved 1097728K
  class space    used 6448K, capacity 6998K, committed 7040K, reserved 1048576K
}
{Heap before GC invocations=689 (full 0):
 PSYoungGen      total 126976K, used 126592K [0x00000000f8300000, 0x0000000100000000, 0x0000000100000000)
  eden space 125952K, 100% used [0x00000000f8300000,0x00000000ffe00000,0x00000000ffe00000)
  from space 1024K, 62% used [0x00000000fff00000,0x00000000fffa0000,0x0000000100000000)
  to   space 1024K, 0% used [0x00000000ffe00000,0x00000000ffe00000,0x00000000fff00000)
 ParOldGen       total 134144K, used 71413K [0x00000000f0000000, 0x00000000f8300000, 0x00000000f8300000)
  object space 134144K, 53% used [0x00000000f0000000,0x00000000f45bd628,0x00000000f8300000)
 Metaspace       used 52861K, capacity 55968K, committed 56192K, reserved 1097728K
  class space    used 6448K, capacity 6998K, committed 7040K, reserved 1048576K
2023-10-03T01:17:14.002+0800: 633.707: [GC (Allocation Failure) [PSYoungGen: 126592K->640K(126976K)] 198005K->72141K(261120K), 0.0068607 secs] [Times: user=0.03 sys=0.00, real=0.00 secs] 
Heap after GC invocations=689 (full 0):
 PSYoungGen      total 126976K, used 640K [0x00000000f8300000, 0x0000000100000000, 0x0000000100000000)
  eden space 125952K, 0% used [0x00000000f8300000,0x00000000f8300000,0x00000000ffe00000)
  from space 1024K, 62% used [0x00000000ffe00000,0x00000000ffea0000,0x00000000fff00000)
  to   space 1024K, 0% used [0x00000000fff00000,0x00000000fff00000,0x0000000100000000)
 ParOldGen       total 134144K, used 71501K [0x00000000f0000000, 0x00000000f8300000, 0x00000000f8300000)
  object space 134144K, 53% used [0x00000000f0000000,0x00000000f45d3628,0x00000000f8300000)
 Metaspace       used 52861K, capacity 55968K, committed 56192K, reserved 1097728K
  class space    used 6448K, capacity 6998K, committed 7040K, reserved 1048576K
}
{Heap before GC invocations=690 (full 0):
 PSYoungGen      total 126976K, used 126592K [0x00000000f8300000, 0x0000000100000000, 0x0000000100000000)
  eden space 125952K, 100% used [0x00000000f8300000,0x00000000ffe00000,0x00000000ffe00000)
  from space 1024K, 62% used [0x00000000ffe00000,0x00000000ffea0000,0x00000000fff00000)
  to   space 1024K, 0% used [0x00000000fff00000,0x00000000fff00000,0x0000000100000000)
 ParOldGen       total 134144K, used 71501K [0x00000000f0000000, 0x00000000f8300000, 0x00000000f8300000)
  object space 134144K, 53% used [0x00000000f0000000,0x00000000f45d3628,0x00000000f8300000)
 Metaspace       used 52861K, capacity 55968K, committed 56192K, reserved 1097728K
  class space    used 6448K, capacity 6998K, committed 7040K, reserved 1048576K
2023-10-03T01:17:14.638+0800: 634.342: [GC (Allocation Failure) [PSYoungGen: 126592K->640K(126976K)] 198093K->72221K(261120K), 0.0068370 secs] [Times: user=0.03 sys=0.00, real=0.01 secs] 
Heap after GC invocations=690 (full 0):
 PSYoungGen      total 126976K, used 640K [0x00000000f8300000, 0x0000000100000000, 0x0000000100000000)
  eden space 125952K, 0% used [0x00000000f8300000,0x00000000f8300000,0x00000000ffe00000)
  from space 1024K, 62% used [0x00000000fff00000,0x00000000fffa0000,0x0000000100000000)
  to   space 1024K, 0% used [0x00000000ffe00000,0x00000000ffe00000,0x00000000fff00000)
 ParOldGen       total 134144K, used 71581K [0x00000000f0000000, 0x00000000f8300000, 0x00000000f8300000)
  object space 134144K, 53% used [0x00000000f0000000,0x00000000f45e7628,0x00000000f8300000)
 Metaspace       used 52861K, capacity 55968K, committed 56192K, reserved 1097728K
  class space    used 6448K, capacity 6998K, committed 7040K, reserved 1048576K
}
{Heap before GC invocations=691 (full 0):
 PSYoungGen      total 126976K, used 126592K [0x00000000f8300000, 0x0000000100000000, 0x0000000100000000)
  eden space 125952K, 100% used [0x00000000f8300000,0x00000000ffe00000,0x00000000ffe00000)
  from space 1024K, 62% used [0x00000000fff00000,0x00000000fffa0000,0x0000000100000000)
  to   space 1024K, 0% used [0x00000000ffe00000,0x00000000ffe00000,0x00000000fff00000)
 ParOldGen       total 134144K, used 71581K [0x00000000f0000000, 0x00000000f8300000, 0x00000000f8300000)
  object space 134144K, 53% used [0x00000000f0000000,0x00000000f45e7628,0x00000000f8300000)
 Metaspace       used 52861K, capacity 55968K, committed 56192K, reserved 1097728K
  class space    used 6448K, capacity 6998K, committed 7040K, reserved 1048576K
2023-10-03T01:17:15.262+0800: 634.967: [GC (Allocation Failure) [PSYoungGen: 126592K->640K(126976K)] 198173K->72309K(261120K), 0.0069962 secs] [Times: user=0.04 sys=0.00, real=0.00 secs] 
Heap after GC invocations=691 (full 0):
 PSYoungGen      total 126976K, used 640K [0x00000000f8300000, 0x0000000100000000, 0x0000000100000000)
  eden space 125952K, 0% used [0x00000000f8300000,0x00000000f8300000,0x00000000ffe00000)
  from space 1024K, 62% used [0x00000000ffe00000,0x00000000ffea0000,0x00000000fff00000)
  to   space 1024K, 0% used [0x00000000fff00000,0x00000000fff00000,0x0000000100000000)
 ParOldGen       total 134144K, used 71669K [0x00000000f0000000, 0x00000000f8300000, 0x00000000f8300000)
  object space 134144K, 53% used [0x00000000f0000000,0x00000000f45fd628,0x00000000f8300000)
 Metaspace       used 52861K, capacity 55968K, committed 56192K, reserved 1097728K
  class space    used 6448K, capacity 6998K, committed 7040K, reserved 1048576K
}
{Heap before GC invocations=692 (full 0):
 PSYoungGen      total 126976K, used 126592K [0x00000000f8300000, 0x0000000100000000, 0x0000000100000000)
  eden space 125952K, 100% used [0x00000000f8300000,0x00000000ffe00000,0x00000000ffe00000)
  from space 1024K, 62% used [0x00000000ffe00000,0x00000000ffea0000,0x00000000fff00000)
  to   space 1024K, 0% used [0x00000000fff00000,0x00000000fff00000,0x0000000100000000)
 ParOldGen       total 134144K, used 71669K [0x00000000f0000000, 0x00000000f8300000, 0x00000000f8300000)
  object space 134144K, 53% used [0x00000000f0000000,0x00000000f45fd628,0x00000000f8300000)
 Metaspace       used 52861K, capacity 55968K, committed 56192K, reserved 1097728K
  class space    used 6448K, capacity 6998K, committed 7040K, reserved 1048576K
2023-10-03T01:17:15.904+0800: 635.609: [GC (Allocation Failure) [PSYoungGen: 126592K->704K(126976K)] 198261K->72453K(261120K), 0.0080895 secs] [Times: user=0.05 sys=0.00, real=0.01 secs] 
Heap after GC invocations=692 (full 0):
 PSYoungGen      total 126976K, used 704K [0x00000000f8300000, 0x0000000100000000, 0x0000000100000000)
  eden space 125952K, 0% used [0x00000000f8300000,0x00000000f8300000,0x00000000ffe00000)
  from space 1024K, 68% used [0x00000000fff00000,0x00000000fffb0000,0x0000000100000000)
  to   space 1024K, 0% used [0x00000000ffe00000,0x00000000ffe00000,0x00000000fff00000)
 ParOldGen       total 134144K, used 71749K [0x00000000f0000000, 0x00000000f8300000, 0x00000000f8300000)
  object space 134144K, 53% used [0x00000000f0000000,0x00000000f4611628,0x00000000f8300000)
 Metaspace       used 52861K, capacity 55968K, committed 56192K, reserved 1097728K
  class space    used 6448K, capacity 6998K, committed 7040K, reserved 1048576K
}
{Heap before GC invocations=693 (full 0):
 PSYoungGen      total 126976K, used 126656K [0x00000000f8300000, 0x0000000100000000, 0x0000000100000000)
  eden space 125952K, 100% used [0x00000000f8300000,0x00000000ffe00000,0x00000000ffe00000)
  from space 1024K, 68% used [0x00000000fff00000,0x00000000fffb0000,0x0000000100000000)
  to   space 1024K, 0% used [0x00000000ffe00000,0x00000000ffe00000,0x00000000fff00000)
 ParOldGen       total 134144K, used 71749K [0x00000000f0000000, 0x00000000f8300000, 0x00000000f8300000)
  object space 134144K, 53% used [0x00000000f0000000,0x00000000f4611628,0x00000000f8300000)
 Metaspace       used 52861K, capacity 55968K, committed 56192K, reserved 1097728K
  class space    used 6448K, capacity 6998K, committed 7040K, reserved 1048576K
2023-10-03T01:17:16.542+0800: 636.247: [GC (Allocation Failure) [PSYoungGen: 126656K->672K(126976K)] 198405K->72501K(261120K), 0.0061795 secs] [Times: user=0.04 sys=0.01, real=0.00 secs] 
Heap after GC invocations=693 (full 0):
 PSYoungGen      total 126976K, used 672K [0x00000000f8300000, 0x0000000100000000, 0x0000000100000000)
  eden space 125952K, 0% used [0x00000000f8300000,0x00000000f8300000,0x00000000ffe00000)
  from space 1024K, 65% used [0x00000000ffe00000,0x00000000ffea8000,0x00000000fff00000)
  to   space 1024K, 0% used [0x00000000fff00000,0x00000000fff00000,0x0000000100000000)
 ParOldGen       total 134144K, used 71829K [0x00000000f0000000, 0x00000000f8300000, 0x00000000f8300000)
  object space 134144K, 53% used [0x00000000f0000000,0x00000000f4625628,0x00000000f8300000)
 Metaspace       used 52861K, capacity 55968K, committed 56192K, reserved 1097728K
  class space    used 6448K, capacity 6998K, committed 7040K, reserved 1048576K
}
{Heap before GC invocations=694 (full 0):
 PSYoungGen      total 126976K, used 126624K [0x00000000f8300000, 0x0000000100000000, 0x0000000100000000)
  eden space 125952K, 100% used [0x00000000f8300000,0x00000000ffe00000,0x00000000ffe00000)
  from space 1024K, 65% used [0x00000000ffe00000,0x00000000ffea8000,0x00000000fff00000)
  to   space 1024K, 0% used [0x00000000fff00000,0x00000000fff00000,0x0000000100000000)
 ParOldGen       total 134144K, used 71829K [0x00000000f0000000, 0x00000000f8300000, 0x00000000f8300000)
  object space 134144K, 53% used [0x00000000f0000000,0x00000000f4625628,0x00000000f8300000)
 Metaspace       used 52861K, capacity 55968K, committed 56192K, reserved 1097728K
  class space    used 6448K, capacity 6998K, committed 7040K, reserved 1048576K
2023-10-03T01:17:17.152+0800: 636.857: [GC (Allocation Failure) [PSYoungGen: 126624K->672K(126976K)] 198453K->72581K(261120K), 0.0068924 secs] [Times: user=0.04 sys=0.00, real=0.00 secs] 
Heap after GC invocations=694 (full 0):
 PSYoungGen      total 126976K, used 672K [0x00000000f8300000, 0x0000000100000000, 0x0000000100000000)
  eden space 125952K, 0% used [0x00000000f8300000,0x00000000f8300000,0x00000000ffe00000)
  from space 1024K, 65% used [0x00000000fff00000,0x00000000fffa8000,0x0000000100000000)
  to   space 1024K, 0% used [0x00000000ffe00000,0x00000000ffe00000,0x00000000fff00000)
 ParOldGen       total 134144K, used 71909K [0x00000000f0000000, 0x00000000f8300000, 0x00000000f8300000)
  object space 134144K, 53% used [0x00000000f0000000,0x00000000f4639628,0x00000000f8300000)
 Metaspace       used 52861K, capacity 55968K, committed 56192K, reserved 1097728K
  class space    used 6448K, capacity 6998K, committed 7040K, reserved 1048576K
}
{Heap before GC invocations=695 (full 0):
 PSYoungGen      total 126976K, used 126624K [0x00000000f8300000, 0x0000000100000000, 0x0000000100000000)
  eden space 125952K, 100% used [0x00000000f8300000,0x00000000ffe00000,0x00000000ffe00000)
  from space 1024K, 65% used [0x00000000fff00000,0x00000000fffa8000,0x0000000100000000)
  to   space 1024K, 0% used [0x00000000ffe00000,0x00000000ffe00000,0x00000000fff00000)
 ParOldGen       total 134144K, used 71909K [0x00000000f0000000, 0x00000000f8300000, 0x00000000f8300000)
  object space 134144K, 53% used [0x00000000f0000000,0x00000000f4639628,0x00000000f8300000)
 Metaspace       used 52861K, capacity 55968K, committed 56192K, reserved 1097728K
  class space    used 6448K, capacity 6998K, committed 7040K, reserved 1048576K
2023-10-03T01:17:17.792+0800: 637.496: [GC (Allocation Failure) [PSYoungGen: 126624K->640K(126976K)] 198533K->72621K(261120K), 0.0069352 secs] [Times: user=0.03 sys=0.00, real=0.01 secs] 
Heap after GC invocations=695 (full 0):
 PSYoungGen      total 126976K, used 640K [0x00000000f8300000, 0x0000000100000000, 0x0000000100000000)
  eden space 125952K, 0% used [0x00000000f8300000,0x00000000f8300000,0x00000000ffe00000)
  from space 1024K, 62% used [0x00000000ffe00000,0x00000000ffea0000,0x00000000fff00000)
  to   space 1024K, 0% used [0x00000000fff00000,0x00000000fff00000,0x0000000100000000)
 ParOldGen       total 134144K, used 71981K [0x00000000f0000000, 0x00000000f8300000, 0x00000000f8300000)
  object space 134144K, 53% used [0x00000000f0000000,0x00000000f464b628,0x00000000f8300000)
 Metaspace       used 52861K, capacity 55968K, committed 56192K, reserved 1097728K
  class space    used 6448K, capacity 6998K, committed 7040K, reserved 1048576K
}
{Heap before GC invocations=696 (full 0):
 PSYoungGen      total 126976K, used 126592K [0x00000000f8300000, 0x0000000100000000, 0x0000000100000000)
  eden space 125952K, 100% used [0x00000000f8300000,0x00000000ffe00000,0x00000000ffe00000)
  from space 1024K, 62% used [0x00000000ffe00000,0x00000000ffea0000,0x00000000fff00000)
  to   space 1024K, 0% used [0x00000000fff00000,0x00000000fff00000,0x0000000100000000)
 ParOldGen       total 134144K, used 71981K [0x00000000f0000000, 0x00000000f8300000, 0x00000000f8300000)
  object space 134144K, 53% used [0x00000000f0000000,0x00000000f464b628,0x00000000f8300000)
 Metaspace       used 52861K, capacity 55968K, committed 56192K, reserved 1097728K
  class space    used 6448K, capacity 6998K, committed 7040K, reserved 1048576K
2023-10-03T01:17:18.429+0800: 638.134: [GC (Allocation Failure) [PSYoungGen: 126592K->704K(126976K)] 198573K->72773K(261120K), 0.0073810 secs] [Times: user=0.03 sys=0.00, real=0.01 secs] 
Heap after GC invocations=696 (full 0):
 PSYoungGen      total 126976K, used 704K [0x00000000f8300000, 0x0000000100000000, 0x0000000100000000)
  eden space 125952K, 0% used [0x00000000f8300000,0x00000000f8300000,0x00000000ffe00000)
  from space 1024K, 68% used [0x00000000fff00000,0x00000000fffb0000,0x0000000100000000)
  to   space 1024K, 0% used [0x00000000ffe00000,0x00000000ffe00000,0x00000000fff00000)
 ParOldGen       total 134144K, used 72069K [0x00000000f0000000, 0x00000000f8300000, 0x00000000f8300000)
  object space 134144K, 53% used [0x00000000f0000000,0x00000000f4661628,0x00000000f8300000)
 Metaspace       used 52861K, capacity 55968K, committed 56192K, reserved 1097728K
  class space    used 6448K, capacity 6998K, committed 7040K, reserved 1048576K
}
{Heap before GC invocations=697 (full 0):
 PSYoungGen      total 126976K, used 126656K [0x00000000f8300000, 0x0000000100000000, 0x0000000100000000)
  eden space 125952K, 100% used [0x00000000f8300000,0x00000000ffe00000,0x00000000ffe00000)
  from space 1024K, 68% used [0x00000000fff00000,0x00000000fffb0000,0x0000000100000000)
  to   space 1024K, 0% used [0x00000000ffe00000,0x00000000ffe00000,0x00000000fff00000)
 ParOldGen       total 134144K, used 72069K [0x00000000f0000000, 0x00000000f8300000, 0x00000000f8300000)
  object space 134144K, 53% used [0x00000000f0000000,0x00000000f4661628,0x00000000f8300000)
 Metaspace       used 52861K, capacity 55968K, committed 56192K, reserved 1097728K
  class space    used 6448K, capacity 6998K, committed 7040K, reserved 1048576K
2023-10-03T01:17:19.066+0800: 638.771: [GC (Allocation Failure) [PSYoungGen: 126656K->640K(126976K)] 198725K->72781K(261120K), 0.0069642 secs] [Times: user=0.03 sys=0.00, real=0.01 secs] 
Heap after GC invocations=697 (full 0):
 PSYoungGen      total 126976K, used 640K [0x00000000f8300000, 0x0000000100000000, 0x0000000100000000)
  eden space 125952K, 0% used [0x00000000f8300000,0x00000000f8300000,0x00000000ffe00000)
  from space 1024K, 62% used [0x00000000ffe00000,0x00000000ffea0000,0x00000000fff00000)
  to   space 1024K, 0% used [0x00000000fff00000,0x00000000fff00000,0x0000000100000000)
 ParOldGen       total 134144K, used 72141K [0x00000000f0000000, 0x00000000f8300000, 0x00000000f8300000)
  object space 134144K, 53% used [0x00000000f0000000,0x00000000f4673628,0x00000000f8300000)
 Metaspace       used 52861K, capacity 55968K, committed 56192K, reserved 1097728K
  class space    used 6448K, capacity 6998K, committed 7040K, reserved 1048576K
}
{Heap before GC invocations=698 (full 0):
 PSYoungGen      total 126976K, used 126592K [0x00000000f8300000, 0x0000000100000000, 0x0000000100000000)
  eden space 125952K, 100% used [0x00000000f8300000,0x00000000ffe00000,0x00000000ffe00000)
  from space 1024K, 62% used [0x00000000ffe00000,0x00000000ffea0000,0x00000000fff00000)
  to   space 1024K, 0% used [0x00000000fff00000,0x00000000fff00000,0x0000000100000000)
 ParOldGen       total 134144K, used 72141K [0x00000000f0000000, 0x00000000f8300000, 0x00000000f8300000)
  object space 134144K, 53% used [0x00000000f0000000,0x00000000f4673628,0x00000000f8300000)
 Metaspace       used 52861K, capacity 55968K, committed 56192K, reserved 1097728K
  class space    used 6448K, capacity 6998K, committed 7040K, reserved 1048576K
2023-10-03T01:17:19.712+0800: 639.417: [GC (Allocation Failure) [PSYoungGen: 126592K->704K(126976K)] 198733K->72909K(261120K), 0.0068834 secs] [Times: user=0.03 sys=0.00, real=0.00 secs] 
Heap after GC invocations=698 (full 0):
 PSYoungGen      total 126976K, used 704K [0x00000000f8300000, 0x0000000100000000, 0x0000000100000000)
  eden space 125952K, 0% used [0x00000000f8300000,0x00000000f8300000,0x00000000ffe00000)
  from space 1024K, 68% used [0x00000000fff00000,0x00000000fffb0000,0x0000000100000000)
  to   space 1024K, 0% used [0x00000000ffe00000,0x00000000ffe00000,0x00000000fff00000)
 ParOldGen       total 134144K, used 72205K [0x00000000f0000000, 0x00000000f8300000, 0x00000000f8300000)
  object space 134144K, 53% used [0x00000000f0000000,0x00000000f4683628,0x00000000f8300000)
 Metaspace       used 52861K, capacity 55968K, committed 56192K, reserved 1097728K
  class space    used 6448K, capacity 6998K, committed 7040K, reserved 1048576K
}
{Heap before GC invocations=699 (full 0):
 PSYoungGen      total 126976K, used 126656K [0x00000000f8300000, 0x0000000100000000, 0x0000000100000000)
  eden space 125952K, 100% used [0x00000000f8300000,0x00000000ffe00000,0x00000000ffe00000)
  from space 1024K, 68% used [0x00000000fff00000,0x00000000fffb0000,0x0000000100000000)
  to   space 1024K, 0% used [0x00000000ffe00000,0x00000000ffe00000,0x00000000fff00000)
 ParOldGen       total 134144K, used 72205K [0x00000000f0000000, 0x00000000f8300000, 0x00000000f8300000)
  object space 134144K, 53% used [0x00000000f0000000,0x00000000f4683628,0x00000000f8300000)
 Metaspace       used 52861K, capacity 55968K, committed 56192K, reserved 1097728K
  class space    used 6448K, capacity 6998K, committed 7040K, reserved 1048576K
2023-10-03T01:17:20.339+0800: 640.043: [GC (Allocation Failure) [PSYoungGen: 126656K->640K(126976K)] 198861K->72933K(261120K), 0.0066904 secs] [Times: user=0.04 sys=0.00, real=0.01 secs] 
Heap after GC invocations=699 (full 0):
 PSYoungGen      total 126976K, used 640K [0x00000000f8300000, 0x0000000100000000, 0x0000000100000000)
  eden space 125952K, 0% used [0x00000000f8300000,0x00000000f8300000,0x00000000ffe00000)
  from space 1024K, 62% used [0x00000000ffe00000,0x00000000ffea0000,0x00000000fff00000)
  to   space 1024K, 0% used [0x00000000fff00000,0x00000000fff00000,0x0000000100000000)
 ParOldGen       total 134144K, used 72293K [0x00000000f0000000, 0x00000000f8300000, 0x00000000f8300000)
  object space 134144K, 53% used [0x00000000f0000000,0x00000000f4699628,0x00000000f8300000)
 Metaspace       used 52861K, capacity 55968K, committed 56192K, reserved 1097728K
  class space    used 6448K, capacity 6998K, committed 7040K, reserved 1048576K
}
{Heap before GC invocations=700 (full 0):
 PSYoungGen      total 126976K, used 126592K [0x00000000f8300000, 0x0000000100000000, 0x0000000100000000)
  eden space 125952K, 100% used [0x00000000f8300000,0x00000000ffe00000,0x00000000ffe00000)
  from space 1024K, 62% used [0x00000000ffe00000,0x00000000ffea0000,0x00000000fff00000)
  to   space 1024K, 0% used [0x00000000fff00000,0x00000000fff00000,0x0000000100000000)
 ParOldGen       total 134144K, used 72293K [0x00000000f0000000, 0x00000000f8300000, 0x00000000f8300000)
  object space 134144K, 53% used [0x00000000f0000000,0x00000000f4699628,0x00000000f8300000)
 Metaspace       used 52861K, capacity 55968K, committed 56192K, reserved 1097728K
  class space    used 6448K, capacity 6998K, committed 7040K, reserved 1048576K
2023-10-03T01:17:20.981+0800: 640.685: [GC (Allocation Failure) [PSYoungGen: 126592K->640K(126976K)] 198885K->73013K(261120K), 0.0067364 secs] [Times: user=0.03 sys=0.00, real=0.01 secs] 
Heap after GC invocations=700 (full 0):
 PSYoungGen      total 126976K, used 640K [0x00000000f8300000, 0x0000000100000000, 0x0000000100000000)
  eden space 125952K, 0% used [0x00000000f8300000,0x00000000f8300000,0x00000000ffe00000)
  from space 1024K, 62% used [0x00000000fff00000,0x00000000fffa0000,0x0000000100000000)
  to   space 1024K, 0% used [0x00000000ffe00000,0x00000000ffe00000,0x00000000fff00000)
 ParOldGen       total 134144K, used 72373K [0x00000000f0000000, 0x00000000f8300000, 0x00000000f8300000)
  object space 134144K, 53% used [0x00000000f0000000,0x00000000f46ad628,0x00000000f8300000)
 Metaspace       used 52861K, capacity 55968K, committed 56192K, reserved 1097728K
  class space    used 6448K, capacity 6998K, committed 7040K, reserved 1048576K
}
{Heap before GC invocations=701 (full 0):
 PSYoungGen      total 126976K, used 126592K [0x00000000f8300000, 0x0000000100000000, 0x0000000100000000)
  eden space 125952K, 100% used [0x00000000f8300000,0x00000000ffe00000,0x00000000ffe00000)
  from space 1024K, 62% used [0x00000000fff00000,0x00000000fffa0000,0x0000000100000000)
  to   space 1024K, 0% used [0x00000000ffe00000,0x00000000ffe00000,0x00000000fff00000)
 ParOldGen       total 134144K, used 72373K [0x00000000f0000000, 0x00000000f8300000, 0x00000000f8300000)
  object space 134144K, 53% used [0x00000000f0000000,0x00000000f46ad628,0x00000000f8300000)
 Metaspace       used 52861K, capacity 55968K, committed 56192K, reserved 1097728K
  class space    used 6448K, capacity 6998K, committed 7040K, reserved 1048576K
2023-10-03T01:17:21.613+0800: 641.318: [GC (Allocation Failure) [PSYoungGen: 126592K->672K(126976K)] 198965K->73125K(261120K), 0.0067654 secs] [Times: user=0.04 sys=0.00, real=0.00 secs] 
Heap after GC invocations=701 (full 0):
 PSYoungGen      total 126976K, used 672K [0x00000000f8300000, 0x0000000100000000, 0x0000000100000000)
  eden space 125952K, 0% used [0x00000000f8300000,0x00000000f8300000,0x00000000ffe00000)
  from space 1024K, 65% used [0x00000000ffe00000,0x00000000ffea8000,0x00000000fff00000)
  to   space 1024K, 0% used [0x00000000fff00000,0x00000000fff00000,0x0000000100000000)
 ParOldGen       total 134144K, used 72453K [0x00000000f0000000, 0x00000000f8300000, 0x00000000f8300000)
  object space 134144K, 54% used [0x00000000f0000000,0x00000000f46c1628,0x00000000f8300000)
 Metaspace       used 52861K, capacity 55968K, committed 56192K, reserved 1097728K
  class space    used 6448K, capacity 6998K, committed 7040K, reserved 1048576K
}
{Heap before GC invocations=702 (full 0):
 PSYoungGen      total 126976K, used 126624K [0x00000000f8300000, 0x0000000100000000, 0x0000000100000000)
  eden space 125952K, 100% used [0x00000000f8300000,0x00000000ffe00000,0x00000000ffe00000)
  from space 1024K, 65% used [0x00000000ffe00000,0x00000000ffea8000,0x00000000fff00000)
  to   space 1024K, 0% used [0x00000000fff00000,0x00000000fff00000,0x0000000100000000)
 ParOldGen       total 134144K, used 72453K [0x00000000f0000000, 0x00000000f8300000, 0x00000000f8300000)
  object space 134144K, 54% used [0x00000000f0000000,0x00000000f46c1628,0x00000000f8300000)
 Metaspace       used 52865K, capacity 55968K, committed 56192K, reserved 1097728K
  class space    used 6448K, capacity 6998K, committed 7040K, reserved 1048576K
2023-10-03T01:17:22.270+0800: 641.974: [GC (Allocation Failure) [PSYoungGen: 126624K->640K(126976K)] 199077K->73165K(261120K), 0.0070522 secs] [Times: user=0.03 sys=0.00, real=0.01 secs] 
Heap after GC invocations=702 (full 0):
 PSYoungGen      total 126976K, used 640K [0x00000000f8300000, 0x0000000100000000, 0x0000000100000000)
  eden space 125952K, 0% used [0x00000000f8300000,0x00000000f8300000,0x00000000ffe00000)
  from space 1024K, 62% used [0x00000000fff00000,0x00000000fffa0000,0x0000000100000000)
  to   space 1024K, 0% used [0x00000000ffe00000,0x00000000ffe00000,0x00000000fff00000)
 ParOldGen       total 134144K, used 72525K [0x00000000f0000000, 0x00000000f8300000, 0x00000000f8300000)
  object space 134144K, 54% used [0x00000000f0000000,0x00000000f46d3628,0x00000000f8300000)
 Metaspace       used 52865K, capacity 55968K, committed 56192K, reserved 1097728K
  class space    used 6448K, capacity 6998K, committed 7040K, reserved 1048576K
}
{Heap before GC invocations=703 (full 0):
 PSYoungGen      total 126976K, used 126592K [0x00000000f8300000, 0x0000000100000000, 0x0000000100000000)
  eden space 125952K, 100% used [0x00000000f8300000,0x00000000ffe00000,0x00000000ffe00000)
  from space 1024K, 62% used [0x00000000fff00000,0x00000000fffa0000,0x0000000100000000)
  to   space 1024K, 0% used [0x00000000ffe00000,0x00000000ffe00000,0x00000000fff00000)
 ParOldGen       total 134144K, used 72525K [0x00000000f0000000, 0x00000000f8300000, 0x00000000f8300000)
  object space 134144K, 54% used [0x00000000f0000000,0x00000000f46d3628,0x00000000f8300000)
 Metaspace       used 52865K, capacity 55968K, committed 56192K, reserved 1097728K
  class space    used 6448K, capacity 6998K, committed 7040K, reserved 1048576K
2023-10-03T01:17:22.907+0800: 642.612: [GC (Allocation Failure) [PSYoungGen: 126592K->672K(126976K)] 199117K->73269K(261120K), 0.0066024 secs] [Times: user=0.03 sys=0.00, real=0.01 secs] 
Heap after GC invocations=703 (full 0):
 PSYoungGen      total 126976K, used 672K [0x00000000f8300000, 0x0000000100000000, 0x0000000100000000)
  eden space 125952K, 0% used [0x00000000f8300000,0x00000000f8300000,0x00000000ffe00000)
  from space 1024K, 65% used [0x00000000ffe00000,0x00000000ffea8000,0x00000000fff00000)
  to   space 1024K, 0% used [0x00000000fff00000,0x00000000fff00000,0x0000000100000000)
 ParOldGen       total 134144K, used 72597K [0x00000000f0000000, 0x00000000f8300000, 0x00000000f8300000)
  object space 134144K, 54% used [0x00000000f0000000,0x00000000f46e5628,0x00000000f8300000)
 Metaspace       used 52865K, capacity 55968K, committed 56192K, reserved 1097728K
  class space    used 6448K, capacity 6998K, committed 7040K, reserved 1048576K
}
{Heap before GC invocations=704 (full 0):
 PSYoungGen      total 126976K, used 126624K [0x00000000f8300000, 0x0000000100000000, 0x0000000100000000)
  eden space 125952K, 100% used [0x00000000f8300000,0x00000000ffe00000,0x00000000ffe00000)
  from space 1024K, 65% used [0x00000000ffe00000,0x00000000ffea8000,0x00000000fff00000)
  to   space 1024K, 0% used [0x00000000fff00000,0x00000000fff00000,0x0000000100000000)
 ParOldGen       total 134144K, used 72597K [0x00000000f0000000, 0x00000000f8300000, 0x00000000f8300000)
  object space 134144K, 54% used [0x00000000f0000000,0x00000000f46e5628,0x00000000f8300000)
 Metaspace       used 52865K, capacity 55968K, committed 56192K, reserved 1097728K
  class space    used 6448K, capacity 6998K, committed 7040K, reserved 1048576K
2023-10-03T01:17:23.540+0800: 643.244: [GC (Allocation Failure) [PSYoungGen: 126624K->704K(126976K)] 199221K->73381K(261120K), 0.0070145 secs] [Times: user=0.04 sys=0.00, real=0.01 secs] 
Heap after GC invocations=704 (full 0):
 PSYoungGen      total 126976K, used 704K [0x00000000f8300000, 0x0000000100000000, 0x0000000100000000)
  eden space 125952K, 0% used [0x00000000f8300000,0x00000000f8300000,0x00000000ffe00000)
  from space 1024K, 68% used [0x00000000fff00000,0x00000000fffb0000,0x0000000100000000)
  to   space 1024K, 0% used [0x00000000ffe00000,0x00000000ffe00000,0x00000000fff00000)
 ParOldGen       total 134144K, used 72677K [0x00000000f0000000, 0x00000000f8300000, 0x00000000f8300000)
  object space 134144K, 54% used [0x00000000f0000000,0x00000000f46f9628,0x00000000f8300000)
 Metaspace       used 52865K, capacity 55968K, committed 56192K, reserved 1097728K
  class space    used 6448K, capacity 6998K, committed 7040K, reserved 1048576K
}
{Heap before GC invocations=705 (full 0):
 PSYoungGen      total 126976K, used 126656K [0x00000000f8300000, 0x0000000100000000, 0x0000000100000000)
  eden space 125952K, 100% used [0x00000000f8300000,0x00000000ffe00000,0x00000000ffe00000)
  from space 1024K, 68% used [0x00000000fff00000,0x00000000fffb0000,0x0000000100000000)
  to   space 1024K, 0% used [0x00000000ffe00000,0x00000000ffe00000,0x00000000fff00000)
 ParOldGen       total 134144K, used 72677K [0x00000000f0000000, 0x00000000f8300000, 0x00000000f8300000)
  object space 134144K, 54% used [0x00000000f0000000,0x00000000f46f9628,0x00000000f8300000)
 Metaspace       used 52865K, capacity 55968K, committed 56192K, reserved 1097728K
  class space    used 6448K, capacity 6998K, committed 7040K, reserved 1048576K
2023-10-03T01:17:24.179+0800: 643.884: [GC (Allocation Failure) [PSYoungGen: 126656K->640K(126976K)] 199333K->73405K(261120K), 0.0067713 secs] [Times: user=0.04 sys=0.00, real=0.01 secs] 
Heap after GC invocations=705 (full 0):
 PSYoungGen      total 126976K, used 640K [0x00000000f8300000, 0x0000000100000000, 0x0000000100000000)
  eden space 125952K, 0% used [0x00000000f8300000,0x00000000f8300000,0x00000000ffe00000)
  from space 1024K, 62% used [0x00000000ffe00000,0x00000000ffea0000,0x00000000fff00000)
  to   space 1024K, 0% used [0x00000000fff00000,0x00000000fff00000,0x0000000100000000)
 ParOldGen       total 134144K, used 72765K [0x00000000f0000000, 0x00000000f8300000, 0x00000000f8300000)
  object space 134144K, 54% used [0x00000000f0000000,0x00000000f470f628,0x00000000f8300000)
 Metaspace       used 52865K, capacity 55968K, committed 56192K, reserved 1097728K
  class space    used 6448K, capacity 6998K, committed 7040K, reserved 1048576K
}
{Heap before GC invocations=706 (full 0):
 PSYoungGen      total 126976K, used 126592K [0x00000000f8300000, 0x0000000100000000, 0x0000000100000000)
  eden space 125952K, 100% used [0x00000000f8300000,0x00000000ffe00000,0x00000000ffe00000)
  from space 1024K, 62% used [0x00000000ffe00000,0x00000000ffea0000,0x00000000fff00000)
  to   space 1024K, 0% used [0x00000000fff00000,0x00000000fff00000,0x0000000100000000)
 ParOldGen       total 134144K, used 72765K [0x00000000f0000000, 0x00000000f8300000, 0x00000000f8300000)
  object space 134144K, 54% used [0x00000000f0000000,0x00000000f470f628,0x00000000f8300000)
 Metaspace       used 52865K, capacity 55968K, committed 56192K, reserved 1097728K
  class space    used 6448K, capacity 6998K, committed 7040K, reserved 1048576K
2023-10-03T01:17:24.813+0800: 644.518: [GC (Allocation Failure) [PSYoungGen: 126592K->640K(126976K)] 199357K->73485K(261120K), 0.0068307 secs] [Times: user=0.04 sys=0.00, real=0.00 secs] 
Heap after GC invocations=706 (full 0):
 PSYoungGen      total 126976K, used 640K [0x00000000f8300000, 0x0000000100000000, 0x0000000100000000)
  eden space 125952K, 0% used [0x00000000f8300000,0x00000000f8300000,0x00000000ffe00000)
  from space 1024K, 62% used [0x00000000fff00000,0x00000000fffa0000,0x0000000100000000)
  to   space 1024K, 0% used [0x00000000ffe00000,0x00000000ffe00000,0x00000000fff00000)
 ParOldGen       total 134144K, used 72845K [0x00000000f0000000, 0x00000000f8300000, 0x00000000f8300000)
  object space 134144K, 54% used [0x00000000f0000000,0x00000000f4723628,0x00000000f8300000)
 Metaspace       used 52865K, capacity 55968K, committed 56192K, reserved 1097728K
  class space    used 6448K, capacity 6998K, committed 7040K, reserved 1048576K
}
{Heap before GC invocations=707 (full 0):
 PSYoungGen      total 126976K, used 126592K [0x00000000f8300000, 0x0000000100000000, 0x0000000100000000)
  eden space 125952K, 100% used [0x00000000f8300000,0x00000000ffe00000,0x00000000ffe00000)
  from space 1024K, 62% used [0x00000000fff00000,0x00000000fffa0000,0x0000000100000000)
  to   space 1024K, 0% used [0x00000000ffe00000,0x00000000ffe00000,0x00000000fff00000)
 ParOldGen       total 134144K, used 72845K [0x00000000f0000000, 0x00000000f8300000, 0x00000000f8300000)
  object space 134144K, 54% used [0x00000000f0000000,0x00000000f4723628,0x00000000f8300000)
 Metaspace       used 52865K, capacity 55968K, committed 56192K, reserved 1097728K
  class space    used 6448K, capacity 6998K, committed 7040K, reserved 1048576K
2023-10-03T01:17:25.449+0800: 645.153: [GC (Allocation Failure) [PSYoungGen: 126592K->512K(126976K)] 199437K->73445K(261120K), 0.0067412 secs] [Times: user=0.03 sys=0.00, real=0.01 secs] 
Heap after GC invocations=707 (full 0):
 PSYoungGen      total 126976K, used 512K [0x00000000f8300000, 0x0000000100000000, 0x0000000100000000)
  eden space 125952K, 0% used [0x00000000f8300000,0x00000000f8300000,0x00000000ffe00000)
  from space 1024K, 50% used [0x00000000ffe00000,0x00000000ffe80000,0x00000000fff00000)
  to   space 1024K, 0% used [0x00000000fff00000,0x00000000fff00000,0x0000000100000000)
 ParOldGen       total 134144K, used 72933K [0x00000000f0000000, 0x00000000f8300000, 0x00000000f8300000)
  object space 134144K, 54% used [0x00000000f0000000,0x00000000f4739628,0x00000000f8300000)
 Metaspace       used 52865K, capacity 55968K, committed 56192K, reserved 1097728K
  class space    used 6448K, capacity 6998K, committed 7040K, reserved 1048576K
}
{Heap before GC invocations=708 (full 0):
 PSYoungGen      total 126976K, used 126464K [0x00000000f8300000, 0x0000000100000000, 0x0000000100000000)
  eden space 125952K, 100% used [0x00000000f8300000,0x00000000ffe00000,0x00000000ffe00000)
  from space 1024K, 50% used [0x00000000ffe00000,0x00000000ffe80000,0x00000000fff00000)
  to   space 1024K, 0% used [0x00000000fff00000,0x00000000fff00000,0x0000000100000000)
 ParOldGen       total 134144K, used 72933K [0x00000000f0000000, 0x00000000f8300000, 0x00000000f8300000)
  object space 134144K, 54% used [0x00000000f0000000,0x00000000f4739628,0x00000000f8300000)
 Metaspace       used 52865K, capacity 55968K, committed 56192K, reserved 1097728K
  class space    used 6448K, capacity 6998K, committed 7040K, reserved 1048576K
2023-10-03T01:17:26.081+0800: 645.785: [GC (Allocation Failure) [PSYoungGen: 126464K->672K(126976K)] 199397K->73669K(261120K), 0.0069382 secs] [Times: user=0.04 sys=0.00, real=0.01 secs] 
Heap after GC invocations=708 (full 0):
 PSYoungGen      total 126976K, used 672K [0x00000000f8300000, 0x0000000100000000, 0x0000000100000000)
  eden space 125952K, 0% used [0x00000000f8300000,0x00000000f8300000,0x00000000ffe00000)
  from space 1024K, 65% used [0x00000000fff00000,0x00000000fffa8000,0x0000000100000000)
  to   space 1024K, 0% used [0x00000000ffe00000,0x00000000ffe00000,0x00000000fff00000)
 ParOldGen       total 134144K, used 72997K [0x00000000f0000000, 0x00000000f8300000, 0x00000000f8300000)
  object space 134144K, 54% used [0x00000000f0000000,0x00000000f4749628,0x00000000f8300000)
 Metaspace       used 52865K, capacity 55968K, committed 56192K, reserved 1097728K
  class space    used 6448K, capacity 6998K, committed 7040K, reserved 1048576K
}
{Heap before GC invocations=709 (full 0):
 PSYoungGen      total 126976K, used 126624K [0x00000000f8300000, 0x0000000100000000, 0x0000000100000000)
  eden space 125952K, 100% used [0x00000000f8300000,0x00000000ffe00000,0x00000000ffe00000)
  from space 1024K, 65% used [0x00000000fff00000,0x00000000fffa8000,0x0000000100000000)
  to   space 1024K, 0% used [0x00000000ffe00000,0x00000000ffe00000,0x00000000fff00000)
 ParOldGen       total 134144K, used 72997K [0x00000000f0000000, 0x00000000f8300000, 0x00000000f8300000)
  object space 134144K, 54% used [0x00000000f0000000,0x00000000f4749628,0x00000000f8300000)
 Metaspace       used 52865K, capacity 55968K, committed 56192K, reserved 1097728K
  class space    used 6448K, capacity 6998K, committed 7040K, reserved 1048576K
2023-10-03T01:17:26.723+0800: 646.428: [GC (Allocation Failure) [PSYoungGen: 126624K->704K(126976K)] 199621K->73781K(261120K), 0.0069033 secs] [Times: user=0.04 sys=0.00, real=0.00 secs] 
Heap after GC invocations=709 (full 0):
 PSYoungGen      total 126976K, used 704K [0x00000000f8300000, 0x0000000100000000, 0x0000000100000000)
  eden space 125952K, 0% used [0x00000000f8300000,0x00000000f8300000,0x00000000ffe00000)
  from space 1024K, 68% used [0x00000000ffe00000,0x00000000ffeb0000,0x00000000fff00000)
  to   space 1024K, 0% used [0x00000000fff00000,0x00000000fff00000,0x0000000100000000)
 ParOldGen       total 134144K, used 73077K [0x00000000f0000000, 0x00000000f8300000, 0x00000000f8300000)
  object space 134144K, 54% used [0x00000000f0000000,0x00000000f475d628,0x00000000f8300000)
 Metaspace       used 52865K, capacity 55968K, committed 56192K, reserved 1097728K
  class space    used 6448K, capacity 6998K, committed 7040K, reserved 1048576K
}
{Heap before GC invocations=710 (full 0):
 PSYoungGen      total 126976K, used 126656K [0x00000000f8300000, 0x0000000100000000, 0x0000000100000000)
  eden space 125952K, 100% used [0x00000000f8300000,0x00000000ffe00000,0x00000000ffe00000)
  from space 1024K, 68% used [0x00000000ffe00000,0x00000000ffeb0000,0x00000000fff00000)
  to   space 1024K, 0% used [0x00000000fff00000,0x00000000fff00000,0x0000000100000000)
 ParOldGen       total 134144K, used 73077K [0x00000000f0000000, 0x00000000f8300000, 0x00000000f8300000)
  object space 134144K, 54% used [0x00000000f0000000,0x00000000f475d628,0x00000000f8300000)
 Metaspace       used 52865K, capacity 55968K, committed 56192K, reserved 1097728K
  class space    used 6448K, capacity 6998K, committed 7040K, reserved 1048576K
2023-10-03T01:17:27.319+0800: 647.024: [GC (Allocation Failure) [PSYoungGen: 126656K->640K(126976K)] 199733K->73805K(261120K), 0.0070926 secs] [Times: user=0.03 sys=0.00, real=0.01 secs] 
Heap after GC invocations=710 (full 0):
 PSYoungGen      total 126976K, used 640K [0x00000000f8300000, 0x0000000100000000, 0x0000000100000000)
  eden space 125952K, 0% used [0x00000000f8300000,0x00000000f8300000,0x00000000ffe00000)
  from space 1024K, 62% used [0x00000000fff00000,0x00000000fffa0000,0x0000000100000000)
  to   space 1024K, 0% used [0x00000000ffe00000,0x00000000ffe00000,0x00000000fff00000)
 ParOldGen       total 134144K, used 73165K [0x00000000f0000000, 0x00000000f8300000, 0x00000000f8300000)
  object space 134144K, 54% used [0x00000000f0000000,0x00000000f4773628,0x00000000f8300000)
 Metaspace       used 52865K, capacity 55968K, committed 56192K, reserved 1097728K
  class space    used 6448K, capacity 6998K, committed 7040K, reserved 1048576K
}
{Heap before GC invocations=711 (full 0):
 PSYoungGen      total 126976K, used 126592K [0x00000000f8300000, 0x0000000100000000, 0x0000000100000000)
  eden space 125952K, 100% used [0x00000000f8300000,0x00000000ffe00000,0x00000000ffe00000)
  from space 1024K, 62% used [0x00000000fff00000,0x00000000fffa0000,0x0000000100000000)
  to   space 1024K, 0% used [0x00000000ffe00000,0x00000000ffe00000,0x00000000fff00000)
 ParOldGen       total 134144K, used 73165K [0x00000000f0000000, 0x00000000f8300000, 0x00000000f8300000)
  object space 134144K, 54% used [0x00000000f0000000,0x00000000f4773628,0x00000000f8300000)
 Metaspace       used 52865K, capacity 55968K, committed 56192K, reserved 1097728K
  class space    used 6448K, capacity 6998K, committed 7040K, reserved 1048576K
2023-10-03T01:17:27.946+0800: 647.650: [GC (Allocation Failure) [PSYoungGen: 126592K->672K(126976K)] 199757K->73917K(261120K), 0.0068238 secs] [Times: user=0.04 sys=0.00, real=0.01 secs] 
Heap after GC invocations=711 (full 0):
 PSYoungGen      total 126976K, used 672K [0x00000000f8300000, 0x0000000100000000, 0x0000000100000000)
  eden space 125952K, 0% used [0x00000000f8300000,0x00000000f8300000,0x00000000ffe00000)
  from space 1024K, 65% used [0x00000000ffe00000,0x00000000ffea8000,0x00000000fff00000)
  to   space 1024K, 0% used [0x00000000fff00000,0x00000000fff00000,0x0000000100000000)
 ParOldGen       total 134144K, used 73245K [0x00000000f0000000, 0x00000000f8300000, 0x00000000f8300000)
  object space 134144K, 54% used [0x00000000f0000000,0x00000000f4787628,0x00000000f8300000)
 Metaspace       used 52865K, capacity 55968K, committed 56192K, reserved 1097728K
  class space    used 6448K, capacity 6998K, committed 7040K, reserved 1048576K
}
{Heap before GC invocations=712 (full 0):
 PSYoungGen      total 126976K, used 126624K [0x00000000f8300000, 0x0000000100000000, 0x0000000100000000)
  eden space 125952K, 100% used [0x00000000f8300000,0x00000000ffe00000,0x00000000ffe00000)
  from space 1024K, 65% used [0x00000000ffe00000,0x00000000ffea8000,0x00000000fff00000)
  to   space 1024K, 0% used [0x00000000fff00000,0x00000000fff00000,0x0000000100000000)
 ParOldGen       total 134144K, used 73245K [0x00000000f0000000, 0x00000000f8300000, 0x00000000f8300000)
  object space 134144K, 54% used [0x00000000f0000000,0x00000000f4787628,0x00000000f8300000)
 Metaspace       used 52865K, capacity 55968K, committed 56192K, reserved 1097728K
  class space    used 6448K, capacity 6998K, committed 7040K, reserved 1048576K
2023-10-03T01:17:28.573+0800: 648.277: [GC (Allocation Failure) [PSYoungGen: 126624K->672K(126976K)] 199869K->73989K(261120K), 0.0073083 secs] [Times: user=0.04 sys=0.00, real=0.00 secs] 
Heap after GC invocations=712 (full 0):
 PSYoungGen      total 126976K, used 672K [0x00000000f8300000, 0x0000000100000000, 0x0000000100000000)
  eden space 125952K, 0% used [0x00000000f8300000,0x00000000f8300000,0x00000000ffe00000)
  from space 1024K, 65% used [0x00000000fff00000,0x00000000fffa8000,0x0000000100000000)
  to   space 1024K, 0% used [0x00000000ffe00000,0x00000000ffe00000,0x00000000fff00000)
 ParOldGen       total 134144K, used 73317K [0x00000000f0000000, 0x00000000f8300000, 0x00000000f8300000)
  object space 134144K, 54% used [0x00000000f0000000,0x00000000f4799628,0x00000000f8300000)
 Metaspace       used 52865K, capacity 55968K, committed 56192K, reserved 1097728K
  class space    used 6448K, capacity 6998K, committed 7040K, reserved 1048576K
}
{Heap before GC invocations=713 (full 0):
 PSYoungGen      total 126976K, used 126624K [0x00000000f8300000, 0x0000000100000000, 0x0000000100000000)
  eden space 125952K, 100% used [0x00000000f8300000,0x00000000ffe00000,0x00000000ffe00000)
  from space 1024K, 65% used [0x00000000fff00000,0x00000000fffa8000,0x0000000100000000)
  to   space 1024K, 0% used [0x00000000ffe00000,0x00000000ffe00000,0x00000000fff00000)
 ParOldGen       total 134144K, used 73317K [0x00000000f0000000, 0x00000000f8300000, 0x00000000f8300000)
  object space 134144K, 54% used [0x00000000f0000000,0x00000000f4799628,0x00000000f8300000)
 Metaspace       used 52865K, capacity 55968K, committed 56192K, reserved 1097728K
  class space    used 6448K, capacity 6998K, committed 7040K, reserved 1048576K
2023-10-03T01:17:29.206+0800: 648.910: [GC (Allocation Failure) [PSYoungGen: 126624K->704K(126976K)] 199941K->74085K(261120K), 0.0069031 secs] [Times: user=0.03 sys=0.00, real=0.01 secs] 
Heap after GC invocations=713 (full 0):
 PSYoungGen      total 126976K, used 704K [0x00000000f8300000, 0x0000000100000000, 0x0000000100000000)
  eden space 125952K, 0% used [0x00000000f8300000,0x00000000f8300000,0x00000000ffe00000)
  from space 1024K, 68% used [0x00000000ffe00000,0x00000000ffeb0000,0x00000000fff00000)
  to   space 1024K, 0% used [0x00000000fff00000,0x00000000fff00000,0x0000000100000000)
 ParOldGen       total 134144K, used 73381K [0x00000000f0000000, 0x00000000f8300000, 0x00000000f8300000)
  object space 134144K, 54% used [0x00000000f0000000,0x00000000f47a9628,0x00000000f8300000)
 Metaspace       used 52865K, capacity 55968K, committed 56192K, reserved 1097728K
  class space    used 6448K, capacity 6998K, committed 7040K, reserved 1048576K
}
{Heap before GC invocations=714 (full 0):
 PSYoungGen      total 126976K, used 126656K [0x00000000f8300000, 0x0000000100000000, 0x0000000100000000)
  eden space 125952K, 100% used [0x00000000f8300000,0x00000000ffe00000,0x00000000ffe00000)
  from space 1024K, 68% used [0x00000000ffe00000,0x00000000ffeb0000,0x00000000fff00000)
  to   space 1024K, 0% used [0x00000000fff00000,0x00000000fff00000,0x0000000100000000)
 ParOldGen       total 134144K, used 73381K [0x00000000f0000000, 0x00000000f8300000, 0x00000000f8300000)
  object space 134144K, 54% used [0x00000000f0000000,0x00000000f47a9628,0x00000000f8300000)
 Metaspace       used 52865K, capacity 55968K, committed 56192K, reserved 1097728K
  class space    used 6448K, capacity 6998K, committed 7040K, reserved 1048576K
2023-10-03T01:17:29.849+0800: 649.553: [GC (Allocation Failure) [PSYoungGen: 126656K->608K(126976K)] 200037K->74069K(261120K), 0.0067158 secs] [Times: user=0.03 sys=0.00, real=0.01 secs] 
Heap after GC invocations=714 (full 0):
 PSYoungGen      total 126976K, used 608K [0x00000000f8300000, 0x0000000100000000, 0x0000000100000000)
  eden space 125952K, 0% used [0x00000000f8300000,0x00000000f8300000,0x00000000ffe00000)
  from space 1024K, 59% used [0x00000000fff00000,0x00000000fff98000,0x0000000100000000)
  to   space 1024K, 0% used [0x00000000ffe00000,0x00000000ffe00000,0x00000000fff00000)
 ParOldGen       total 134144K, used 73461K [0x00000000f0000000, 0x00000000f8300000, 0x00000000f8300000)
  object space 134144K, 54% used [0x00000000f0000000,0x00000000f47bd628,0x00000000f8300000)
 Metaspace       used 52865K, capacity 55968K, committed 56192K, reserved 1097728K
  class space    used 6448K, capacity 6998K, committed 7040K, reserved 1048576K
}
{Heap before GC invocations=715 (full 0):
 PSYoungGen      total 126976K, used 126560K [0x00000000f8300000, 0x0000000100000000, 0x0000000100000000)
  eden space 125952K, 100% used [0x00000000f8300000,0x00000000ffe00000,0x00000000ffe00000)
  from space 1024K, 59% used [0x00000000fff00000,0x00000000fff98000,0x0000000100000000)
  to   space 1024K, 0% used [0x00000000ffe00000,0x00000000ffe00000,0x00000000fff00000)
 ParOldGen       total 134144K, used 73461K [0x00000000f0000000, 0x00000000f8300000, 0x00000000f8300000)
  object space 134144K, 54% used [0x00000000f0000000,0x00000000f47bd628,0x00000000f8300000)
 Metaspace       used 52865K, capacity 55968K, committed 56192K, reserved 1097728K
  class space    used 6448K, capacity 6998K, committed 7040K, reserved 1048576K
2023-10-03T01:17:30.480+0800: 650.185: [GC (Allocation Failure) [PSYoungGen: 126560K->640K(126976K)] 200021K->74181K(261120K), 0.0069384 secs] [Times: user=0.03 sys=0.00, real=0.01 secs] 
Heap after GC invocations=715 (full 0):
 PSYoungGen      total 126976K, used 640K [0x00000000f8300000, 0x0000000100000000, 0x0000000100000000)
  eden space 125952K, 0% used [0x00000000f8300000,0x00000000f8300000,0x00000000ffe00000)
  from space 1024K, 62% used [0x00000000ffe00000,0x00000000ffea0000,0x00000000fff00000)
  to   space 1024K, 0% used [0x00000000fff00000,0x00000000fff00000,0x0000000100000000)
 ParOldGen       total 134144K, used 73541K [0x00000000f0000000, 0x00000000f8300000, 0x00000000f8300000)
  object space 134144K, 54% used [0x00000000f0000000,0x00000000f47d1628,0x00000000f8300000)
 Metaspace       used 52865K, capacity 55968K, committed 56192K, reserved 1097728K
  class space    used 6448K, capacity 6998K, committed 7040K, reserved 1048576K
}
{Heap before GC invocations=716 (full 0):
 PSYoungGen      total 126976K, used 126592K [0x00000000f8300000, 0x0000000100000000, 0x0000000100000000)
  eden space 125952K, 100% used [0x00000000f8300000,0x00000000ffe00000,0x00000000ffe00000)
  from space 1024K, 62% used [0x00000000ffe00000,0x00000000ffea0000,0x00000000fff00000)
  to   space 1024K, 0% used [0x00000000fff00000,0x00000000fff00000,0x0000000100000000)
 ParOldGen       total 134144K, used 73541K [0x00000000f0000000, 0x00000000f8300000, 0x00000000f8300000)
  object space 134144K, 54% used [0x00000000f0000000,0x00000000f47d1628,0x00000000f8300000)
 Metaspace       used 52865K, capacity 55968K, committed 56192K, reserved 1097728K
  class space    used 6448K, capacity 6998K, committed 7040K, reserved 1048576K
2023-10-03T01:17:31.118+0800: 650.823: [GC (Allocation Failure) [PSYoungGen: 126592K->672K(126976K)] 200133K->74285K(261120K), 0.0067790 secs] [Times: user=0.04 sys=0.00, real=0.01 secs] 
Heap after GC invocations=716 (full 0):
 PSYoungGen      total 126976K, used 672K [0x00000000f8300000, 0x0000000100000000, 0x0000000100000000)
  eden space 125952K, 0% used [0x00000000f8300000,0x00000000f8300000,0x00000000ffe00000)
  from space 1024K, 65% used [0x00000000fff00000,0x00000000fffa8000,0x0000000100000000)
  to   space 1024K, 0% used [0x00000000ffe00000,0x00000000ffe00000,0x00000000fff00000)
 ParOldGen       total 134144K, used 73613K [0x00000000f0000000, 0x00000000f8300000, 0x00000000f8300000)
  object space 134144K, 54% used [0x00000000f0000000,0x00000000f47e3628,0x00000000f8300000)
 Metaspace       used 52865K, capacity 55968K, committed 56192K, reserved 1097728K
  class space    used 6448K, capacity 6998K, committed 7040K, reserved 1048576K
}
{Heap before GC invocations=717 (full 0):
 PSYoungGen      total 126976K, used 126624K [0x00000000f8300000, 0x0000000100000000, 0x0000000100000000)
  eden space 125952K, 100% used [0x00000000f8300000,0x00000000ffe00000,0x00000000ffe00000)
  from space 1024K, 65% used [0x00000000fff00000,0x00000000fffa8000,0x0000000100000000)
  to   space 1024K, 0% used [0x00000000ffe00000,0x00000000ffe00000,0x00000000fff00000)
 ParOldGen       total 134144K, used 73613K [0x00000000f0000000, 0x00000000f8300000, 0x00000000f8300000)
  object space 134144K, 54% used [0x00000000f0000000,0x00000000f47e3628,0x00000000f8300000)
 Metaspace       used 52865K, capacity 55968K, committed 56192K, reserved 1097728K
  class space    used 6448K, capacity 6998K, committed 7040K, reserved 1048576K
2023-10-03T01:17:31.747+0800: 651.451: [GC (Allocation Failure) [PSYoungGen: 126624K->640K(126976K)] 200237K->74333K(261120K), 0.0070908 secs] [Times: user=0.04 sys=0.00, real=0.01 secs] 
Heap after GC invocations=717 (full 0):
 PSYoungGen      total 126976K, used 640K [0x00000000f8300000, 0x0000000100000000, 0x0000000100000000)
  eden space 125952K, 0% used [0x00000000f8300000,0x00000000f8300000,0x00000000ffe00000)
  from space 1024K, 62% used [0x00000000ffe00000,0x00000000ffea0000,0x00000000fff00000)
  to   space 1024K, 0% used [0x00000000fff00000,0x00000000fff00000,0x0000000100000000)
 ParOldGen       total 134144K, used 73693K [0x00000000f0000000, 0x00000000f8300000, 0x00000000f8300000)
  object space 134144K, 54% used [0x00000000f0000000,0x00000000f47f7628,0x00000000f8300000)
 Metaspace       used 52865K, capacity 55968K, committed 56192K, reserved 1097728K
  class space    used 6448K, capacity 6998K, committed 7040K, reserved 1048576K
}
{Heap before GC invocations=718 (full 0):
 PSYoungGen      total 126976K, used 126592K [0x00000000f8300000, 0x0000000100000000, 0x0000000100000000)
  eden space 125952K, 100% used [0x00000000f8300000,0x00000000ffe00000,0x00000000ffe00000)
  from space 1024K, 62% used [0x00000000ffe00000,0x00000000ffea0000,0x00000000fff00000)
  to   space 1024K, 0% used [0x00000000fff00000,0x00000000fff00000,0x0000000100000000)
 ParOldGen       total 134144K, used 73693K [0x00000000f0000000, 0x00000000f8300000, 0x00000000f8300000)
  object space 134144K, 54% used [0x00000000f0000000,0x00000000f47f7628,0x00000000f8300000)
 Metaspace       used 52865K, capacity 55968K, committed 56192K, reserved 1097728K
  class space    used 6448K, capacity 6998K, committed 7040K, reserved 1048576K
2023-10-03T01:17:32.383+0800: 652.087: [GC (Allocation Failure) [PSYoungGen: 126592K->640K(126976K)] 200285K->74413K(261120K), 0.0073264 secs] [Times: user=0.04 sys=0.01, real=0.00 secs] 
Heap after GC invocations=718 (full 0):
 PSYoungGen      total 126976K, used 640K [0x00000000f8300000, 0x0000000100000000, 0x0000000100000000)
  eden space 125952K, 0% used [0x00000000f8300000,0x00000000f8300000,0x00000000ffe00000)
  from space 1024K, 62% used [0x00000000fff00000,0x00000000fffa0000,0x0000000100000000)
  to   space 1024K, 0% used [0x00000000ffe00000,0x00000000ffe00000,0x00000000fff00000)
 ParOldGen       total 134144K, used 73773K [0x00000000f0000000, 0x00000000f8300000, 0x00000000f8300000)
  object space 134144K, 54% used [0x00000000f0000000,0x00000000f480b628,0x00000000f8300000)
 Metaspace       used 52865K, capacity 55968K, committed 56192K, reserved 1097728K
  class space    used 6448K, capacity 6998K, committed 7040K, reserved 1048576K
}
{Heap before GC invocations=719 (full 0):
 PSYoungGen      total 126976K, used 126592K [0x00000000f8300000, 0x0000000100000000, 0x0000000100000000)
  eden space 125952K, 100% used [0x00000000f8300000,0x00000000ffe00000,0x00000000ffe00000)
  from space 1024K, 62% used [0x00000000fff00000,0x00000000fffa0000,0x0000000100000000)
  to   space 1024K, 0% used [0x00000000ffe00000,0x00000000ffe00000,0x00000000fff00000)
 ParOldGen       total 134144K, used 73773K [0x00000000f0000000, 0x00000000f8300000, 0x00000000f8300000)
  object space 134144K, 54% used [0x00000000f0000000,0x00000000f480b628,0x00000000f8300000)
 Metaspace       used 52865K, capacity 55968K, committed 56192K, reserved 1097728K
  class space    used 6448K, capacity 6998K, committed 7040K, reserved 1048576K
2023-10-03T01:17:33.026+0800: 652.730: [GC (Allocation Failure) [PSYoungGen: 126592K->672K(126976K)] 200365K->74541K(261120K), 0.0070785 secs] [Times: user=0.04 sys=0.00, real=0.01 secs] 
Heap after GC invocations=719 (full 0):
 PSYoungGen      total 126976K, used 672K [0x00000000f8300000, 0x0000000100000000, 0x0000000100000000)
  eden space 125952K, 0% used [0x00000000f8300000,0x00000000f8300000,0x00000000ffe00000)
  from space 1024K, 65% used [0x00000000ffe00000,0x00000000ffea8000,0x00000000fff00000)
  to   space 1024K, 0% used [0x00000000fff00000,0x00000000fff00000,0x0000000100000000)
 ParOldGen       total 134144K, used 73869K [0x00000000f0000000, 0x00000000f8300000, 0x00000000f8300000)
  object space 134144K, 55% used [0x00000000f0000000,0x00000000f4823628,0x00000000f8300000)
 Metaspace       used 52865K, capacity 55968K, committed 56192K, reserved 1097728K
  class space    used 6448K, capacity 6998K, committed 7040K, reserved 1048576K
}
{Heap before GC invocations=720 (full 0):
 PSYoungGen      total 126976K, used 126624K [0x00000000f8300000, 0x0000000100000000, 0x0000000100000000)
  eden space 125952K, 100% used [0x00000000f8300000,0x00000000ffe00000,0x00000000ffe00000)
  from space 1024K, 65% used [0x00000000ffe00000,0x00000000ffea8000,0x00000000fff00000)
  to   space 1024K, 0% used [0x00000000fff00000,0x00000000fff00000,0x0000000100000000)
 ParOldGen       total 134144K, used 73869K [0x00000000f0000000, 0x00000000f8300000, 0x00000000f8300000)
  object space 134144K, 55% used [0x00000000f0000000,0x00000000f4823628,0x00000000f8300000)
 Metaspace       used 52865K, capacity 55968K, committed 56192K, reserved 1097728K
  class space    used 6448K, capacity 6998K, committed 7040K, reserved 1048576K
2023-10-03T01:17:33.662+0800: 653.366: [GC (Allocation Failure) [PSYoungGen: 126624K->672K(126976K)] 200493K->74621K(261120K), 0.0062056 secs] [Times: user=0.03 sys=0.00, real=0.00 secs] 
Heap after GC invocations=720 (full 0):
 PSYoungGen      total 126976K, used 672K [0x00000000f8300000, 0x0000000100000000, 0x0000000100000000)
  eden space 125952K, 0% used [0x00000000f8300000,0x00000000f8300000,0x00000000ffe00000)
  from space 1024K, 65% used [0x00000000fff00000,0x00000000fffa8000,0x0000000100000000)
  to   space 1024K, 0% used [0x00000000ffe00000,0x00000000ffe00000,0x00000000fff00000)
 ParOldGen       total 134144K, used 73949K [0x00000000f0000000, 0x00000000f8300000, 0x00000000f8300000)
  object space 134144K, 55% used [0x00000000f0000000,0x00000000f4837628,0x00000000f8300000)
 Metaspace       used 52865K, capacity 55968K, committed 56192K, reserved 1097728K
  class space    used 6448K, capacity 6998K, committed 7040K, reserved 1048576K
}
{Heap before GC invocations=721 (full 0):
 PSYoungGen      total 126976K, used 126624K [0x00000000f8300000, 0x0000000100000000, 0x0000000100000000)
  eden space 125952K, 100% used [0x00000000f8300000,0x00000000ffe00000,0x00000000ffe00000)
  from space 1024K, 65% used [0x00000000fff00000,0x00000000fffa8000,0x0000000100000000)
  to   space 1024K, 0% used [0x00000000ffe00000,0x00000000ffe00000,0x00000000fff00000)
 ParOldGen       total 134144K, used 73949K [0x00000000f0000000, 0x00000000f8300000, 0x00000000f8300000)
  object space 134144K, 55% used [0x00000000f0000000,0x00000000f4837628,0x00000000f8300000)
 Metaspace       used 52865K, capacity 55968K, committed 56192K, reserved 1097728K
  class space    used 6448K, capacity 6998K, committed 7040K, reserved 1048576K
2023-10-03T01:17:34.299+0800: 654.004: [GC (Allocation Failure) [PSYoungGen: 126624K->672K(126976K)] 200573K->74701K(261120K), 0.0067169 secs] [Times: user=0.03 sys=0.00, real=0.01 secs] 
Heap after GC invocations=721 (full 0):
 PSYoungGen      total 126976K, used 672K [0x00000000f8300000, 0x0000000100000000, 0x0000000100000000)
  eden space 125952K, 0% used [0x00000000f8300000,0x00000000f8300000,0x00000000ffe00000)
  from space 1024K, 65% used [0x00000000ffe00000,0x00000000ffea8000,0x00000000fff00000)
  to   space 1024K, 0% used [0x00000000fff00000,0x00000000fff00000,0x0000000100000000)
 ParOldGen       total 134144K, used 74029K [0x00000000f0000000, 0x00000000f8300000, 0x00000000f8300000)
  object space 134144K, 55% used [0x00000000f0000000,0x00000000f484b628,0x00000000f8300000)
 Metaspace       used 52865K, capacity 55968K, committed 56192K, reserved 1097728K
  class space    used 6448K, capacity 6998K, committed 7040K, reserved 1048576K
}
{Heap before GC invocations=722 (full 0):
 PSYoungGen      total 126976K, used 126624K [0x00000000f8300000, 0x0000000100000000, 0x0000000100000000)
  eden space 125952K, 100% used [0x00000000f8300000,0x00000000ffe00000,0x00000000ffe00000)
  from space 1024K, 65% used [0x00000000ffe00000,0x00000000ffea8000,0x00000000fff00000)
  to   space 1024K, 0% used [0x00000000fff00000,0x00000000fff00000,0x0000000100000000)
 ParOldGen       total 134144K, used 74029K [0x00000000f0000000, 0x00000000f8300000, 0x00000000f8300000)
  object space 134144K, 55% used [0x00000000f0000000,0x00000000f484b628,0x00000000f8300000)
 Metaspace       used 52865K, capacity 55968K, committed 56192K, reserved 1097728K
  class space    used 6448K, capacity 6998K, committed 7040K, reserved 1048576K
2023-10-03T01:17:34.941+0800: 654.646: [GC (Allocation Failure) [PSYoungGen: 126624K->672K(126976K)] 200653K->74781K(261120K), 0.0070307 secs] [Times: user=0.03 sys=0.00, real=0.01 secs] 
Heap after GC invocations=722 (full 0):
 PSYoungGen      total 126976K, used 672K [0x00000000f8300000, 0x0000000100000000, 0x0000000100000000)
  eden space 125952K, 0% used [0x00000000f8300000,0x00000000f8300000,0x00000000ffe00000)
  from space 1024K, 65% used [0x00000000fff00000,0x00000000fffa8000,0x0000000100000000)
  to   space 1024K, 0% used [0x00000000ffe00000,0x00000000ffe00000,0x00000000fff00000)
 ParOldGen       total 134144K, used 74109K [0x00000000f0000000, 0x00000000f8300000, 0x00000000f8300000)
  object space 134144K, 55% used [0x00000000f0000000,0x00000000f485f628,0x00000000f8300000)
 Metaspace       used 52865K, capacity 55968K, committed 56192K, reserved 1097728K
  class space    used 6448K, capacity 6998K, committed 7040K, reserved 1048576K
}
{Heap before GC invocations=723 (full 0):
 PSYoungGen      total 126976K, used 126624K [0x00000000f8300000, 0x0000000100000000, 0x0000000100000000)
  eden space 125952K, 100% used [0x00000000f8300000,0x00000000ffe00000,0x00000000ffe00000)
  from space 1024K, 65% used [0x00000000fff00000,0x00000000fffa8000,0x0000000100000000)
  to   space 1024K, 0% used [0x00000000ffe00000,0x00000000ffe00000,0x00000000fff00000)
 ParOldGen       total 134144K, used 74109K [0x00000000f0000000, 0x00000000f8300000, 0x00000000f8300000)
  object space 134144K, 55% used [0x00000000f0000000,0x00000000f485f628,0x00000000f8300000)
 Metaspace       used 52865K, capacity 55968K, committed 56192K, reserved 1097728K
  class space    used 6448K, capacity 6998K, committed 7040K, reserved 1048576K
2023-10-03T01:17:35.578+0800: 655.282: [GC (Allocation Failure) [PSYoungGen: 126624K->608K(126976K)] 200733K->74797K(261120K), 0.0069431 secs] [Times: user=0.04 sys=0.00, real=0.01 secs] 
Heap after GC invocations=723 (full 0):
 PSYoungGen      total 126976K, used 608K [0x00000000f8300000, 0x0000000100000000, 0x0000000100000000)
  eden space 125952K, 0% used [0x00000000f8300000,0x00000000f8300000,0x00000000ffe00000)
  from space 1024K, 59% used [0x00000000ffe00000,0x00000000ffe98000,0x00000000fff00000)
  to   space 1024K, 0% used [0x00000000fff00000,0x00000000fff00000,0x0000000100000000)
 ParOldGen       total 134144K, used 74189K [0x00000000f0000000, 0x00000000f8300000, 0x00000000f8300000)
  object space 134144K, 55% used [0x00000000f0000000,0x00000000f4873628,0x00000000f8300000)
 Metaspace       used 52865K, capacity 55968K, committed 56192K, reserved 1097728K
  class space    used 6448K, capacity 6998K, committed 7040K, reserved 1048576K
}
{Heap before GC invocations=724 (full 0):
 PSYoungGen      total 126976K, used 126560K [0x00000000f8300000, 0x0000000100000000, 0x0000000100000000)
  eden space 125952K, 100% used [0x00000000f8300000,0x00000000ffe00000,0x00000000ffe00000)
  from space 1024K, 59% used [0x00000000ffe00000,0x00000000ffe98000,0x00000000fff00000)
  to   space 1024K, 0% used [0x00000000fff00000,0x00000000fff00000,0x0000000100000000)
 ParOldGen       total 134144K, used 74189K [0x00000000f0000000, 0x00000000f8300000, 0x00000000f8300000)
  object space 134144K, 55% used [0x00000000f0000000,0x00000000f4873628,0x00000000f8300000)
 Metaspace       used 52865K, capacity 55968K, committed 56192K, reserved 1097728K
  class space    used 6448K, capacity 6998K, committed 7040K, reserved 1048576K
2023-10-03T01:17:36.219+0800: 655.923: [GC (Allocation Failure) [PSYoungGen: 126560K->640K(126976K)] 200749K->74901K(261120K), 0.0063941 secs] [Times: user=0.04 sys=0.00, real=0.01 secs] 
Heap after GC invocations=724 (full 0):
 PSYoungGen      total 126976K, used 640K [0x00000000f8300000, 0x0000000100000000, 0x0000000100000000)
  eden space 125952K, 0% used [0x00000000f8300000,0x00000000f8300000,0x00000000ffe00000)
  from space 1024K, 62% used [0x00000000fff00000,0x00000000fffa0000,0x0000000100000000)
  to   space 1024K, 0% used [0x00000000ffe00000,0x00000000ffe00000,0x00000000fff00000)
 ParOldGen       total 134144K, used 74261K [0x00000000f0000000, 0x00000000f8300000, 0x00000000f8300000)
  object space 134144K, 55% used [0x00000000f0000000,0x00000000f4885628,0x00000000f8300000)
 Metaspace       used 52865K, capacity 55968K, committed 56192K, reserved 1097728K
  class space    used 6448K, capacity 6998K, committed 7040K, reserved 1048576K
}
{Heap before GC invocations=725 (full 0):
 PSYoungGen      total 126976K, used 126592K [0x00000000f8300000, 0x0000000100000000, 0x0000000100000000)
  eden space 125952K, 100% used [0x00000000f8300000,0x00000000ffe00000,0x00000000ffe00000)
  from space 1024K, 62% used [0x00000000fff00000,0x00000000fffa0000,0x0000000100000000)
  to   space 1024K, 0% used [0x00000000ffe00000,0x00000000ffe00000,0x00000000fff00000)
 ParOldGen       total 134144K, used 74261K [0x00000000f0000000, 0x00000000f8300000, 0x00000000f8300000)
  object space 134144K, 55% used [0x00000000f0000000,0x00000000f4885628,0x00000000f8300000)
 Metaspace       used 52865K, capacity 55968K, committed 56192K, reserved 1097728K
  class space    used 6448K, capacity 6998K, committed 7040K, reserved 1048576K
2023-10-03T01:17:36.859+0800: 656.563: [GC (Allocation Failure) [PSYoungGen: 126592K->608K(126976K)] 200853K->74949K(261120K), 0.0068794 secs] [Times: user=0.03 sys=0.00, real=0.01 secs] 
Heap after GC invocations=725 (full 0):
 PSYoungGen      total 126976K, used 608K [0x00000000f8300000, 0x0000000100000000, 0x0000000100000000)
  eden space 125952K, 0% used [0x00000000f8300000,0x00000000f8300000,0x00000000ffe00000)
  from space 1024K, 59% used [0x00000000ffe00000,0x00000000ffe98000,0x00000000fff00000)
  to   space 1024K, 0% used [0x00000000fff00000,0x00000000fff00000,0x0000000100000000)
 ParOldGen       total 134144K, used 74341K [0x00000000f0000000, 0x00000000f8300000, 0x00000000f8300000)
  object space 134144K, 55% used [0x00000000f0000000,0x00000000f4899628,0x00000000f8300000)
 Metaspace       used 52865K, capacity 55968K, committed 56192K, reserved 1097728K
  class space    used 6448K, capacity 6998K, committed 7040K, reserved 1048576K
}
{Heap before GC invocations=726 (full 0):
 PSYoungGen      total 126976K, used 126560K [0x00000000f8300000, 0x0000000100000000, 0x0000000100000000)
  eden space 125952K, 100% used [0x00000000f8300000,0x00000000ffe00000,0x00000000ffe00000)
  from space 1024K, 59% used [0x00000000ffe00000,0x00000000ffe98000,0x00000000fff00000)
  to   space 1024K, 0% used [0x00000000fff00000,0x00000000fff00000,0x0000000100000000)
 ParOldGen       total 134144K, used 74341K [0x00000000f0000000, 0x00000000f8300000, 0x00000000f8300000)
  object space 134144K, 55% used [0x00000000f0000000,0x00000000f4899628,0x00000000f8300000)
 Metaspace       used 52865K, capacity 55968K, committed 56192K, reserved 1097728K
  class space    used 6448K, capacity 6998K, committed 7040K, reserved 1048576K
2023-10-03T01:17:37.463+0800: 657.167: [GC (Allocation Failure) [PSYoungGen: 126560K->672K(126976K)] 200901K->75093K(261120K), 0.0069455 secs] [Times: user=0.03 sys=0.00, real=0.00 secs] 
Heap after GC invocations=726 (full 0):
 PSYoungGen      total 126976K, used 672K [0x00000000f8300000, 0x0000000100000000, 0x0000000100000000)
  eden space 125952K, 0% used [0x00000000f8300000,0x00000000f8300000,0x00000000ffe00000)
  from space 1024K, 65% used [0x00000000fff00000,0x00000000fffa8000,0x0000000100000000)
  to   space 1024K, 0% used [0x00000000ffe00000,0x00000000ffe00000,0x00000000fff00000)
 ParOldGen       total 134144K, used 74421K [0x00000000f0000000, 0x00000000f8300000, 0x00000000f8300000)
  object space 134144K, 55% used [0x00000000f0000000,0x00000000f48ad628,0x00000000f8300000)
 Metaspace       used 52865K, capacity 55968K, committed 56192K, reserved 1097728K
  class space    used 6448K, capacity 6998K, committed 7040K, reserved 1048576K
}
{Heap before GC invocations=727 (full 0):
 PSYoungGen      total 126976K, used 126624K [0x00000000f8300000, 0x0000000100000000, 0x0000000100000000)
  eden space 125952K, 100% used [0x00000000f8300000,0x00000000ffe00000,0x00000000ffe00000)
  from space 1024K, 65% used [0x00000000fff00000,0x00000000fffa8000,0x0000000100000000)
  to   space 1024K, 0% used [0x00000000ffe00000,0x00000000ffe00000,0x00000000fff00000)
 ParOldGen       total 134144K, used 74421K [0x00000000f0000000, 0x00000000f8300000, 0x00000000f8300000)
  object space 134144K, 55% used [0x00000000f0000000,0x00000000f48ad628,0x00000000f8300000)
 Metaspace       used 52865K, capacity 55968K, committed 56192K, reserved 1097728K
  class space    used 6448K, capacity 6998K, committed 7040K, reserved 1048576K
2023-10-03T01:17:38.106+0800: 657.810: [GC (Allocation Failure) [PSYoungGen: 126624K->672K(126976K)] 201045K->75173K(261120K), 0.0067729 secs] [Times: user=0.04 sys=0.00, real=0.01 secs] 
Heap after GC invocations=727 (full 0):
 PSYoungGen      total 126976K, used 672K [0x00000000f8300000, 0x0000000100000000, 0x0000000100000000)
  eden space 125952K, 0% used [0x00000000f8300000,0x00000000f8300000,0x00000000ffe00000)
  from space 1024K, 65% used [0x00000000ffe00000,0x00000000ffea8000,0x00000000fff00000)
  to   space 1024K, 0% used [0x00000000fff00000,0x00000000fff00000,0x0000000100000000)
 ParOldGen       total 134144K, used 74501K [0x00000000f0000000, 0x00000000f8300000, 0x00000000f8300000)
  object space 134144K, 55% used [0x00000000f0000000,0x00000000f48c1628,0x00000000f8300000)
 Metaspace       used 52865K, capacity 55968K, committed 56192K, reserved 1097728K
  class space    used 6448K, capacity 6998K, committed 7040K, reserved 1048576K
}
{Heap before GC invocations=728 (full 0):
 PSYoungGen      total 126976K, used 126624K [0x00000000f8300000, 0x0000000100000000, 0x0000000100000000)
  eden space 125952K, 100% used [0x00000000f8300000,0x00000000ffe00000,0x00000000ffe00000)
  from space 1024K, 65% used [0x00000000ffe00000,0x00000000ffea8000,0x00000000fff00000)
  to   space 1024K, 0% used [0x00000000fff00000,0x00000000fff00000,0x0000000100000000)
 ParOldGen       total 134144K, used 74501K [0x00000000f0000000, 0x00000000f8300000, 0x00000000f8300000)
  object space 134144K, 55% used [0x00000000f0000000,0x00000000f48c1628,0x00000000f8300000)
 Metaspace       used 52865K, capacity 55968K, committed 56192K, reserved 1097728K
  class space    used 6448K, capacity 6998K, committed 7040K, reserved 1048576K
2023-10-03T01:17:38.744+0800: 658.449: [GC (Allocation Failure) [PSYoungGen: 126624K->672K(126976K)] 201125K->75261K(261120K), 0.0068177 secs] [Times: user=0.03 sys=0.01, real=0.00 secs] 
Heap after GC invocations=728 (full 0):
 PSYoungGen      total 126976K, used 672K [0x00000000f8300000, 0x0000000100000000, 0x0000000100000000)
  eden space 125952K, 0% used [0x00000000f8300000,0x00000000f8300000,0x00000000ffe00000)
  from space 1024K, 65% used [0x00000000fff00000,0x00000000fffa8000,0x0000000100000000)
  to   space 1024K, 0% used [0x00000000ffe00000,0x00000000ffe00000,0x00000000fff00000)
 ParOldGen       total 134144K, used 74589K [0x00000000f0000000, 0x00000000f8300000, 0x00000000f8300000)
  object space 134144K, 55% used [0x00000000f0000000,0x00000000f48d7628,0x00000000f8300000)
 Metaspace       used 52865K, capacity 55968K, committed 56192K, reserved 1097728K
  class space    used 6448K, capacity 6998K, committed 7040K, reserved 1048576K
}
{Heap before GC invocations=729 (full 0):
 PSYoungGen      total 126976K, used 126624K [0x00000000f8300000, 0x0000000100000000, 0x0000000100000000)
  eden space 125952K, 100% used [0x00000000f8300000,0x00000000ffe00000,0x00000000ffe00000)
  from space 1024K, 65% used [0x00000000fff00000,0x00000000fffa8000,0x0000000100000000)
  to   space 1024K, 0% used [0x00000000ffe00000,0x00000000ffe00000,0x00000000fff00000)
 ParOldGen       total 134144K, used 74589K [0x00000000f0000000, 0x00000000f8300000, 0x00000000f8300000)
  object space 134144K, 55% used [0x00000000f0000000,0x00000000f48d7628,0x00000000f8300000)
 Metaspace       used 52865K, capacity 55968K, committed 56192K, reserved 1097728K
  class space    used 6448K, capacity 6998K, committed 7040K, reserved 1048576K
2023-10-03T01:17:39.387+0800: 659.091: [GC (Allocation Failure) [PSYoungGen: 126624K->672K(126976K)] 201213K->75341K(261120K), 0.0072324 secs] [Times: user=0.04 sys=0.00, real=0.01 secs] 
Heap after GC invocations=729 (full 0):
 PSYoungGen      total 126976K, used 672K [0x00000000f8300000, 0x0000000100000000, 0x0000000100000000)
  eden space 125952K, 0% used [0x00000000f8300000,0x00000000f8300000,0x00000000ffe00000)
  from space 1024K, 65% used [0x00000000ffe00000,0x00000000ffea8000,0x00000000fff00000)
  to   space 1024K, 0% used [0x00000000fff00000,0x00000000fff00000,0x0000000100000000)
 ParOldGen       total 134144K, used 74669K [0x00000000f0000000, 0x00000000f8300000, 0x00000000f8300000)
  object space 134144K, 55% used [0x00000000f0000000,0x00000000f48eb628,0x00000000f8300000)
 Metaspace       used 52865K, capacity 55968K, committed 56192K, reserved 1097728K
  class space    used 6448K, capacity 6998K, committed 7040K, reserved 1048576K
}
{Heap before GC invocations=730 (full 0):
 PSYoungGen      total 126976K, used 126624K [0x00000000f8300000, 0x0000000100000000, 0x0000000100000000)
  eden space 125952K, 100% used [0x00000000f8300000,0x00000000ffe00000,0x00000000ffe00000)
  from space 1024K, 65% used [0x00000000ffe00000,0x00000000ffea8000,0x00000000fff00000)
  to   space 1024K, 0% used [0x00000000fff00000,0x00000000fff00000,0x0000000100000000)
 ParOldGen       total 134144K, used 74669K [0x00000000f0000000, 0x00000000f8300000, 0x00000000f8300000)
  object space 134144K, 55% used [0x00000000f0000000,0x00000000f48eb628,0x00000000f8300000)
 Metaspace       used 52865K, capacity 55968K, committed 56192K, reserved 1097728K
  class space    used 6448K, capacity 6998K, committed 7040K, reserved 1048576K
2023-10-03T01:17:40.027+0800: 659.731: [GC (Allocation Failure) [PSYoungGen: 126624K->640K(126976K)] 201293K->75389K(261120K), 0.0072232 secs] [Times: user=0.04 sys=0.00, real=0.01 secs] 
Heap after GC invocations=730 (full 0):
 PSYoungGen      total 126976K, used 640K [0x00000000f8300000, 0x0000000100000000, 0x0000000100000000)
  eden space 125952K, 0% used [0x00000000f8300000,0x00000000f8300000,0x00000000ffe00000)
  from space 1024K, 62% used [0x00000000fff00000,0x00000000fffa0000,0x0000000100000000)
  to   space 1024K, 0% used [0x00000000ffe00000,0x00000000ffe00000,0x00000000fff00000)
 ParOldGen       total 134144K, used 74749K [0x00000000f0000000, 0x00000000f8300000, 0x00000000f8300000)
  object space 134144K, 55% used [0x00000000f0000000,0x00000000f48ff628,0x00000000f8300000)
 Metaspace       used 52865K, capacity 55968K, committed 56192K, reserved 1097728K
  class space    used 6448K, capacity 6998K, committed 7040K, reserved 1048576K
}
{Heap before GC invocations=731 (full 0):
 PSYoungGen      total 126976K, used 126592K [0x00000000f8300000, 0x0000000100000000, 0x0000000100000000)
  eden space 125952K, 100% used [0x00000000f8300000,0x00000000ffe00000,0x00000000ffe00000)
  from space 1024K, 62% used [0x00000000fff00000,0x00000000fffa0000,0x0000000100000000)
  to   space 1024K, 0% used [0x00000000ffe00000,0x00000000ffe00000,0x00000000fff00000)
 ParOldGen       total 134144K, used 74749K [0x00000000f0000000, 0x00000000f8300000, 0x00000000f8300000)
  object space 134144K, 55% used [0x00000000f0000000,0x00000000f48ff628,0x00000000f8300000)
 Metaspace       used 52865K, capacity 55968K, committed 56192K, reserved 1097728K
  class space    used 6448K, capacity 6998K, committed 7040K, reserved 1048576K
2023-10-03T01:17:40.661+0800: 660.366: [GC (Allocation Failure) [PSYoungGen: 126592K->640K(126976K)] 201341K->75469K(261120K), 0.0062167 secs] [Times: user=0.03 sys=0.00, real=0.01 secs] 
Heap after GC invocations=731 (full 0):
 PSYoungGen      total 126976K, used 640K [0x00000000f8300000, 0x0000000100000000, 0x0000000100000000)
  eden space 125952K, 0% used [0x00000000f8300000,0x00000000f8300000,0x00000000ffe00000)
  from space 1024K, 62% used [0x00000000ffe00000,0x00000000ffea0000,0x00000000fff00000)
  to   space 1024K, 0% used [0x00000000fff00000,0x00000000fff00000,0x0000000100000000)
 ParOldGen       total 134144K, used 74829K [0x00000000f0000000, 0x00000000f8300000, 0x00000000f8300000)
  object space 134144K, 55% used [0x00000000f0000000,0x00000000f4913628,0x00000000f8300000)
 Metaspace       used 52865K, capacity 55968K, committed 56192K, reserved 1097728K
  class space    used 6448K, capacity 6998K, committed 7040K, reserved 1048576K
}
{Heap before GC invocations=732 (full 0):
 PSYoungGen      total 126976K, used 126592K [0x00000000f8300000, 0x0000000100000000, 0x0000000100000000)
  eden space 125952K, 100% used [0x00000000f8300000,0x00000000ffe00000,0x00000000ffe00000)
  from space 1024K, 62% used [0x00000000ffe00000,0x00000000ffea0000,0x00000000fff00000)
  to   space 1024K, 0% used [0x00000000fff00000,0x00000000fff00000,0x0000000100000000)
 ParOldGen       total 134144K, used 74829K [0x00000000f0000000, 0x00000000f8300000, 0x00000000f8300000)
  object space 134144K, 55% used [0x00000000f0000000,0x00000000f4913628,0x00000000f8300000)
 Metaspace       used 52865K, capacity 55968K, committed 56192K, reserved 1097728K
  class space    used 6448K, capacity 6998K, committed 7040K, reserved 1048576K
2023-10-03T01:17:41.299+0800: 661.004: [GC (Allocation Failure) [PSYoungGen: 126592K->640K(126976K)] 201421K->75557K(261120K), 0.0070475 secs] [Times: user=0.04 sys=0.00, real=0.01 secs] 
Heap after GC invocations=732 (full 0):
 PSYoungGen      total 126976K, used 640K [0x00000000f8300000, 0x0000000100000000, 0x0000000100000000)
  eden space 125952K, 0% used [0x00000000f8300000,0x00000000f8300000,0x00000000ffe00000)
  from space 1024K, 62% used [0x00000000fff00000,0x00000000fffa0000,0x0000000100000000)
  to   space 1024K, 0% used [0x00000000ffe00000,0x00000000ffe00000,0x00000000fff00000)
 ParOldGen       total 134144K, used 74917K [0x00000000f0000000, 0x00000000f8300000, 0x00000000f8300000)
  object space 134144K, 55% used [0x00000000f0000000,0x00000000f4929628,0x00000000f8300000)
 Metaspace       used 52865K, capacity 55968K, committed 56192K, reserved 1097728K
  class space    used 6448K, capacity 6998K, committed 7040K, reserved 1048576K
}
{Heap before GC invocations=733 (full 0):
 PSYoungGen      total 126976K, used 126592K [0x00000000f8300000, 0x0000000100000000, 0x0000000100000000)
  eden space 125952K, 100% used [0x00000000f8300000,0x00000000ffe00000,0x00000000ffe00000)
  from space 1024K, 62% used [0x00000000fff00000,0x00000000fffa0000,0x0000000100000000)
  to   space 1024K, 0% used [0x00000000ffe00000,0x00000000ffe00000,0x00000000fff00000)
 ParOldGen       total 134144K, used 74917K [0x00000000f0000000, 0x00000000f8300000, 0x00000000f8300000)
  object space 134144K, 55% used [0x00000000f0000000,0x00000000f4929628,0x00000000f8300000)
 Metaspace       used 52865K, capacity 55968K, committed 56192K, reserved 1097728K
  class space    used 6448K, capacity 6998K, committed 7040K, reserved 1048576K
2023-10-03T01:17:41.936+0800: 661.641: [GC (Allocation Failure) [PSYoungGen: 126592K->672K(126976K)] 201509K->75669K(261120K), 0.0068703 secs] [Times: user=0.03 sys=0.00, real=0.01 secs] 
Heap after GC invocations=733 (full 0):
 PSYoungGen      total 126976K, used 672K [0x00000000f8300000, 0x0000000100000000, 0x0000000100000000)
  eden space 125952K, 0% used [0x00000000f8300000,0x00000000f8300000,0x00000000ffe00000)
  from space 1024K, 65% used [0x00000000ffe00000,0x00000000ffea8000,0x00000000fff00000)
  to   space 1024K, 0% used [0x00000000fff00000,0x00000000fff00000,0x0000000100000000)
 ParOldGen       total 134144K, used 74997K [0x00000000f0000000, 0x00000000f8300000, 0x00000000f8300000)
  object space 134144K, 55% used [0x00000000f0000000,0x00000000f493d628,0x00000000f8300000)
 Metaspace       used 52865K, capacity 55968K, committed 56192K, reserved 1097728K
  class space    used 6448K, capacity 6998K, committed 7040K, reserved 1048576K
}
{Heap before GC invocations=734 (full 0):
 PSYoungGen      total 126976K, used 126624K [0x00000000f8300000, 0x0000000100000000, 0x0000000100000000)
  eden space 125952K, 100% used [0x00000000f8300000,0x00000000ffe00000,0x00000000ffe00000)
  from space 1024K, 65% used [0x00000000ffe00000,0x00000000ffea8000,0x00000000fff00000)
  to   space 1024K, 0% used [0x00000000fff00000,0x00000000fff00000,0x0000000100000000)
 ParOldGen       total 134144K, used 74997K [0x00000000f0000000, 0x00000000f8300000, 0x00000000f8300000)
  object space 134144K, 55% used [0x00000000f0000000,0x00000000f493d628,0x00000000f8300000)
 Metaspace       used 52865K, capacity 55968K, committed 56192K, reserved 1097728K
  class space    used 6448K, capacity 6998K, committed 7040K, reserved 1048576K
2023-10-03T01:17:42.564+0800: 662.268: [GC (Allocation Failure) [PSYoungGen: 126624K->640K(126976K)] 201621K->75717K(261120K), 0.0070087 secs] [Times: user=0.04 sys=0.00, real=0.00 secs] 
Heap after GC invocations=734 (full 0):
 PSYoungGen      total 126976K, used 640K [0x00000000f8300000, 0x0000000100000000, 0x0000000100000000)
  eden space 125952K, 0% used [0x00000000f8300000,0x00000000f8300000,0x00000000ffe00000)
  from space 1024K, 62% used [0x00000000fff00000,0x00000000fffa0000,0x0000000100000000)
  to   space 1024K, 0% used [0x00000000ffe00000,0x00000000ffe00000,0x00000000fff00000)
 ParOldGen       total 134144K, used 75077K [0x00000000f0000000, 0x00000000f8300000, 0x00000000f8300000)
  object space 134144K, 55% used [0x00000000f0000000,0x00000000f4951628,0x00000000f8300000)
 Metaspace       used 52865K, capacity 55968K, committed 56192K, reserved 1097728K
  class space    used 6448K, capacity 6998K, committed 7040K, reserved 1048576K
}
{Heap before GC invocations=735 (full 0):
 PSYoungGen      total 126976K, used 126592K [0x00000000f8300000, 0x0000000100000000, 0x0000000100000000)
  eden space 125952K, 100% used [0x00000000f8300000,0x00000000ffe00000,0x00000000ffe00000)
  from space 1024K, 62% used [0x00000000fff00000,0x00000000fffa0000,0x0000000100000000)
  to   space 1024K, 0% used [0x00000000ffe00000,0x00000000ffe00000,0x00000000fff00000)
 ParOldGen       total 134144K, used 75077K [0x00000000f0000000, 0x00000000f8300000, 0x00000000f8300000)
  object space 134144K, 55% used [0x00000000f0000000,0x00000000f4951628,0x00000000f8300000)
 Metaspace       used 52865K, capacity 55968K, committed 56192K, reserved 1097728K
  class space    used 6448K, capacity 6998K, committed 7040K, reserved 1048576K
2023-10-03T01:17:43.198+0800: 662.902: [GC (Allocation Failure) [PSYoungGen: 126592K->640K(126976K)] 201669K->75797K(261120K), 0.0065214 secs] [Times: user=0.03 sys=0.01, real=0.01 secs] 
Heap after GC invocations=735 (full 0):
 PSYoungGen      total 126976K, used 640K [0x00000000f8300000, 0x0000000100000000, 0x0000000100000000)
  eden space 125952K, 0% used [0x00000000f8300000,0x00000000f8300000,0x00000000ffe00000)
  from space 1024K, 62% used [0x00000000ffe00000,0x00000000ffea0000,0x00000000fff00000)
  to   space 1024K, 0% used [0x00000000fff00000,0x00000000fff00000,0x0000000100000000)
 ParOldGen       total 134144K, used 75157K [0x00000000f0000000, 0x00000000f8300000, 0x00000000f8300000)
  object space 134144K, 56% used [0x00000000f0000000,0x00000000f4965628,0x00000000f8300000)
 Metaspace       used 52865K, capacity 55968K, committed 56192K, reserved 1097728K
  class space    used 6448K, capacity 6998K, committed 7040K, reserved 1048576K
}
{Heap before GC invocations=736 (full 0):
 PSYoungGen      total 126976K, used 126592K [0x00000000f8300000, 0x0000000100000000, 0x0000000100000000)
  eden space 125952K, 100% used [0x00000000f8300000,0x00000000ffe00000,0x00000000ffe00000)
  from space 1024K, 62% used [0x00000000ffe00000,0x00000000ffea0000,0x00000000fff00000)
  to   space 1024K, 0% used [0x00000000fff00000,0x00000000fff00000,0x0000000100000000)
 ParOldGen       total 134144K, used 75157K [0x00000000f0000000, 0x00000000f8300000, 0x00000000f8300000)
  object space 134144K, 56% used [0x00000000f0000000,0x00000000f4965628,0x00000000f8300000)
 Metaspace       used 52865K, capacity 55968K, committed 56192K, reserved 1097728K
  class space    used 6448K, capacity 6998K, committed 7040K, reserved 1048576K
2023-10-03T01:17:43.834+0800: 663.539: [GC (Allocation Failure) [PSYoungGen: 126592K->640K(126976K)] 201749K->75861K(261120K), 0.0065467 secs] [Times: user=0.04 sys=0.00, real=0.00 secs] 
Heap after GC invocations=736 (full 0):
 PSYoungGen      total 126976K, used 640K [0x00000000f8300000, 0x0000000100000000, 0x0000000100000000)
  eden space 125952K, 0% used [0x00000000f8300000,0x00000000f8300000,0x00000000ffe00000)
  from space 1024K, 62% used [0x00000000fff00000,0x00000000fffa0000,0x0000000100000000)
  to   space 1024K, 0% used [0x00000000ffe00000,0x00000000ffe00000,0x00000000fff00000)
 ParOldGen       total 134144K, used 75221K [0x00000000f0000000, 0x00000000f8300000, 0x00000000f8300000)
  object space 134144K, 56% used [0x00000000f0000000,0x00000000f4975628,0x00000000f8300000)
 Metaspace       used 52865K, capacity 55968K, committed 56192K, reserved 1097728K
  class space    used 6448K, capacity 6998K, committed 7040K, reserved 1048576K
}
{Heap before GC invocations=737 (full 0):
 PSYoungGen      total 126976K, used 126592K [0x00000000f8300000, 0x0000000100000000, 0x0000000100000000)
  eden space 125952K, 100% used [0x00000000f8300000,0x00000000ffe00000,0x00000000ffe00000)
  from space 1024K, 62% used [0x00000000fff00000,0x00000000fffa0000,0x0000000100000000)
  to   space 1024K, 0% used [0x00000000ffe00000,0x00000000ffe00000,0x00000000fff00000)
 ParOldGen       total 134144K, used 75221K [0x00000000f0000000, 0x00000000f8300000, 0x00000000f8300000)
  object space 134144K, 56% used [0x00000000f0000000,0x00000000f4975628,0x00000000f8300000)
 Metaspace       used 52865K, capacity 55968K, committed 56192K, reserved 1097728K
  class space    used 6448K, capacity 6998K, committed 7040K, reserved 1048576K
2023-10-03T01:17:44.473+0800: 664.177: [GC (Allocation Failure) [PSYoungGen: 126592K->736K(126976K)] 201813K->76029K(261120K), 0.0068089 secs] [Times: user=0.04 sys=0.00, real=0.00 secs] 
Heap after GC invocations=737 (full 0):
 PSYoungGen      total 126976K, used 736K [0x00000000f8300000, 0x0000000100000000, 0x0000000100000000)
  eden space 125952K, 0% used [0x00000000f8300000,0x00000000f8300000,0x00000000ffe00000)
  from space 1024K, 71% used [0x00000000ffe00000,0x00000000ffeb8000,0x00000000fff00000)
  to   space 1024K, 0% used [0x00000000fff00000,0x00000000fff00000,0x0000000100000000)
 ParOldGen       total 134144K, used 75293K [0x00000000f0000000, 0x00000000f8300000, 0x00000000f8300000)
  object space 134144K, 56% used [0x00000000f0000000,0x00000000f4987628,0x00000000f8300000)
 Metaspace       used 52865K, capacity 55968K, committed 56192K, reserved 1097728K
  class space    used 6448K, capacity 6998K, committed 7040K, reserved 1048576K
}
{Heap before GC invocations=738 (full 0):
 PSYoungGen      total 126976K, used 126688K [0x00000000f8300000, 0x0000000100000000, 0x0000000100000000)
  eden space 125952K, 100% used [0x00000000f8300000,0x00000000ffe00000,0x00000000ffe00000)
  from space 1024K, 71% used [0x00000000ffe00000,0x00000000ffeb8000,0x00000000fff00000)
  to   space 1024K, 0% used [0x00000000fff00000,0x00000000fff00000,0x0000000100000000)
 ParOldGen       total 134144K, used 75293K [0x00000000f0000000, 0x00000000f8300000, 0x00000000f8300000)
  object space 134144K, 56% used [0x00000000f0000000,0x00000000f4987628,0x00000000f8300000)
 Metaspace       used 52865K, capacity 55968K, committed 56192K, reserved 1097728K
  class space    used 6448K, capacity 6998K, committed 7040K, reserved 1048576K
2023-10-03T01:17:45.112+0800: 664.817: [GC (Allocation Failure) [PSYoungGen: 126688K->544K(126976K)] 201981K->75917K(261120K), 0.0065513 secs] [Times: user=0.04 sys=0.00, real=0.00 secs] 
Heap after GC invocations=738 (full 0):
 PSYoungGen      total 126976K, used 544K [0x00000000f8300000, 0x0000000100000000, 0x0000000100000000)
  eden space 125952K, 0% used [0x00000000f8300000,0x00000000f8300000,0x00000000ffe00000)
  from space 1024K, 53% used [0x00000000fff00000,0x00000000fff88000,0x0000000100000000)
  to   space 1024K, 0% used [0x00000000ffe00000,0x00000000ffe00000,0x00000000fff00000)
 ParOldGen       total 134144K, used 75373K [0x00000000f0000000, 0x00000000f8300000, 0x00000000f8300000)
  object space 134144K, 56% used [0x00000000f0000000,0x00000000f499b628,0x00000000f8300000)
 Metaspace       used 52865K, capacity 55968K, committed 56192K, reserved 1097728K
  class space    used 6448K, capacity 6998K, committed 7040K, reserved 1048576K
}
{Heap before GC invocations=739 (full 0):
 PSYoungGen      total 126976K, used 126496K [0x00000000f8300000, 0x0000000100000000, 0x0000000100000000)
  eden space 125952K, 100% used [0x00000000f8300000,0x00000000ffe00000,0x00000000ffe00000)
  from space 1024K, 53% used [0x00000000fff00000,0x00000000fff88000,0x0000000100000000)
  to   space 1024K, 0% used [0x00000000ffe00000,0x00000000ffe00000,0x00000000fff00000)
 ParOldGen       total 134144K, used 75373K [0x00000000f0000000, 0x00000000f8300000, 0x00000000f8300000)
  object space 134144K, 56% used [0x00000000f0000000,0x00000000f499b628,0x00000000f8300000)
 Metaspace       used 52865K, capacity 55968K, committed 56192K, reserved 1097728K
  class space    used 6448K, capacity 6998K, committed 7040K, reserved 1048576K
2023-10-03T01:17:45.736+0800: 665.441: [GC (Allocation Failure) [PSYoungGen: 126496K->672K(126976K)] 201869K->76133K(261120K), 0.0066776 secs] [Times: user=0.04 sys=0.00, real=0.01 secs] 
Heap after GC invocations=739 (full 0):
 PSYoungGen      total 126976K, used 672K [0x00000000f8300000, 0x0000000100000000, 0x0000000100000000)
  eden space 125952K, 0% used [0x00000000f8300000,0x00000000f8300000,0x00000000ffe00000)
  from space 1024K, 65% used [0x00000000ffe00000,0x00000000ffea8000,0x00000000fff00000)
  to   space 1024K, 0% used [0x00000000fff00000,0x00000000fff00000,0x0000000100000000)
 ParOldGen       total 134144K, used 75461K [0x00000000f0000000, 0x00000000f8300000, 0x00000000f8300000)
  object space 134144K, 56% used [0x00000000f0000000,0x00000000f49b1628,0x00000000f8300000)
 Metaspace       used 52865K, capacity 55968K, committed 56192K, reserved 1097728K
  class space    used 6448K, capacity 6998K, committed 7040K, reserved 1048576K
}
{Heap before GC invocations=740 (full 0):
 PSYoungGen      total 126976K, used 126624K [0x00000000f8300000, 0x0000000100000000, 0x0000000100000000)
  eden space 125952K, 100% used [0x00000000f8300000,0x00000000ffe00000,0x00000000ffe00000)
  from space 1024K, 65% used [0x00000000ffe00000,0x00000000ffea8000,0x00000000fff00000)
  to   space 1024K, 0% used [0x00000000fff00000,0x00000000fff00000,0x0000000100000000)
 ParOldGen       total 134144K, used 75461K [0x00000000f0000000, 0x00000000f8300000, 0x00000000f8300000)
  object space 134144K, 56% used [0x00000000f0000000,0x00000000f49b1628,0x00000000f8300000)
 Metaspace       used 52865K, capacity 55968K, committed 56192K, reserved 1097728K
  class space    used 6448K, capacity 6998K, committed 7040K, reserved 1048576K
2023-10-03T01:17:46.372+0800: 666.077: [GC (Allocation Failure) [PSYoungGen: 126624K->640K(126976K)] 202085K->76173K(261120K), 0.0072392 secs] [Times: user=0.04 sys=0.00, real=0.00 secs] 
Heap after GC invocations=740 (full 0):
 PSYoungGen      total 126976K, used 640K [0x00000000f8300000, 0x0000000100000000, 0x0000000100000000)
  eden space 125952K, 0% used [0x00000000f8300000,0x00000000f8300000,0x00000000ffe00000)
  from space 1024K, 62% used [0x00000000fff00000,0x00000000fffa0000,0x0000000100000000)
  to   space 1024K, 0% used [0x00000000ffe00000,0x00000000ffe00000,0x00000000fff00000)
 ParOldGen       total 134144K, used 75533K [0x00000000f0000000, 0x00000000f8300000, 0x00000000f8300000)
  object space 134144K, 56% used [0x00000000f0000000,0x00000000f49c3628,0x00000000f8300000)
 Metaspace       used 52865K, capacity 55968K, committed 56192K, reserved 1097728K
  class space    used 6448K, capacity 6998K, committed 7040K, reserved 1048576K
}
{Heap before GC invocations=741 (full 0):
 PSYoungGen      total 126976K, used 126592K [0x00000000f8300000, 0x0000000100000000, 0x0000000100000000)
  eden space 125952K, 100% used [0x00000000f8300000,0x00000000ffe00000,0x00000000ffe00000)
  from space 1024K, 62% used [0x00000000fff00000,0x00000000fffa0000,0x0000000100000000)
  to   space 1024K, 0% used [0x00000000ffe00000,0x00000000ffe00000,0x00000000fff00000)
 ParOldGen       total 134144K, used 75533K [0x00000000f0000000, 0x00000000f8300000, 0x00000000f8300000)
  object space 134144K, 56% used [0x00000000f0000000,0x00000000f49c3628,0x00000000f8300000)
 Metaspace       used 52865K, capacity 55968K, committed 56192K, reserved 1097728K
  class space    used 6448K, capacity 6998K, committed 7040K, reserved 1048576K
2023-10-03T01:17:47.014+0800: 666.719: [GC (Allocation Failure) [PSYoungGen: 126592K->672K(126976K)] 202125K->76285K(261120K), 0.0065963 secs] [Times: user=0.03 sys=0.01, real=0.00 secs] 
Heap after GC invocations=741 (full 0):
 PSYoungGen      total 126976K, used 672K [0x00000000f8300000, 0x0000000100000000, 0x0000000100000000)
  eden space 125952K, 0% used [0x00000000f8300000,0x00000000f8300000,0x00000000ffe00000)
  from space 1024K, 65% used [0x00000000ffe00000,0x00000000ffea8000,0x00000000fff00000)
  to   space 1024K, 0% used [0x00000000fff00000,0x00000000fff00000,0x0000000100000000)
 ParOldGen       total 134144K, used 75613K [0x00000000f0000000, 0x00000000f8300000, 0x00000000f8300000)
  object space 134144K, 56% used [0x00000000f0000000,0x00000000f49d7628,0x00000000f8300000)
 Metaspace       used 52865K, capacity 55968K, committed 56192K, reserved 1097728K
  class space    used 6448K, capacity 6998K, committed 7040K, reserved 1048576K
}
{Heap before GC invocations=742 (full 0):
 PSYoungGen      total 126976K, used 126624K [0x00000000f8300000, 0x0000000100000000, 0x0000000100000000)
  eden space 125952K, 100% used [0x00000000f8300000,0x00000000ffe00000,0x00000000ffe00000)
  from space 1024K, 65% used [0x00000000ffe00000,0x00000000ffea8000,0x00000000fff00000)
  to   space 1024K, 0% used [0x00000000fff00000,0x00000000fff00000,0x0000000100000000)
 ParOldGen       total 134144K, used 75613K [0x00000000f0000000, 0x00000000f8300000, 0x00000000f8300000)
  object space 134144K, 56% used [0x00000000f0000000,0x00000000f49d7628,0x00000000f8300000)
 Metaspace       used 52865K, capacity 55968K, committed 56192K, reserved 1097728K
  class space    used 6448K, capacity 6998K, committed 7040K, reserved 1048576K
2023-10-03T01:17:47.613+0800: 667.317: [GC (Allocation Failure) [PSYoungGen: 126624K->640K(126976K)] 202237K->76341K(261120K), 0.0068963 secs] [Times: user=0.04 sys=0.00, real=0.00 secs] 
Heap after GC invocations=742 (full 0):
 PSYoungGen      total 126976K, used 640K [0x00000000f8300000, 0x0000000100000000, 0x0000000100000000)
  eden space 125952K, 0% used [0x00000000f8300000,0x00000000f8300000,0x00000000ffe00000)
  from space 1024K, 62% used [0x00000000fff00000,0x00000000fffa0000,0x0000000100000000)
  to   space 1024K, 0% used [0x00000000ffe00000,0x00000000ffe00000,0x00000000fff00000)
 ParOldGen       total 134144K, used 75701K [0x00000000f0000000, 0x00000000f8300000, 0x00000000f8300000)
  object space 134144K, 56% used [0x00000000f0000000,0x00000000f49ed628,0x00000000f8300000)
 Metaspace       used 52865K, capacity 55968K, committed 56192K, reserved 1097728K
  class space    used 6448K, capacity 6998K, committed 7040K, reserved 1048576K
}
{Heap before GC invocations=743 (full 0):
 PSYoungGen      total 126976K, used 126592K [0x00000000f8300000, 0x0000000100000000, 0x0000000100000000)
  eden space 125952K, 100% used [0x00000000f8300000,0x00000000ffe00000,0x00000000ffe00000)
  from space 1024K, 62% used [0x00000000fff00000,0x00000000fffa0000,0x0000000100000000)
  to   space 1024K, 0% used [0x00000000ffe00000,0x00000000ffe00000,0x00000000fff00000)
 ParOldGen       total 134144K, used 75701K [0x00000000f0000000, 0x00000000f8300000, 0x00000000f8300000)
  object space 134144K, 56% used [0x00000000f0000000,0x00000000f49ed628,0x00000000f8300000)
 Metaspace       used 52865K, capacity 55968K, committed 56192K, reserved 1097728K
  class space    used 6448K, capacity 6998K, committed 7040K, reserved 1048576K
2023-10-03T01:17:48.238+0800: 667.942: [GC (Allocation Failure) [PSYoungGen: 126592K->672K(126976K)] 202293K->76445K(261120K), 0.0069286 secs] [Times: user=0.03 sys=0.01, real=0.01 secs] 
Heap after GC invocations=743 (full 0):
 PSYoungGen      total 126976K, used 672K [0x00000000f8300000, 0x0000000100000000, 0x0000000100000000)
  eden space 125952K, 0% used [0x00000000f8300000,0x00000000f8300000,0x00000000ffe00000)
  from space 1024K, 65% used [0x00000000ffe00000,0x00000000ffea8000,0x00000000fff00000)
  to   space 1024K, 0% used [0x00000000fff00000,0x00000000fff00000,0x0000000100000000)
 ParOldGen       total 134144K, used 75773K [0x00000000f0000000, 0x00000000f8300000, 0x00000000f8300000)
  object space 134144K, 56% used [0x00000000f0000000,0x00000000f49ff628,0x00000000f8300000)
 Metaspace       used 52865K, capacity 55968K, committed 56192K, reserved 1097728K
  class space    used 6448K, capacity 6998K, committed 7040K, reserved 1048576K
}
{Heap before GC invocations=744 (full 0):
 PSYoungGen      total 126976K, used 126624K [0x00000000f8300000, 0x0000000100000000, 0x0000000100000000)
  eden space 125952K, 100% used [0x00000000f8300000,0x00000000ffe00000,0x00000000ffe00000)
  from space 1024K, 65% used [0x00000000ffe00000,0x00000000ffea8000,0x00000000fff00000)
  to   space 1024K, 0% used [0x00000000fff00000,0x00000000fff00000,0x0000000100000000)
 ParOldGen       total 134144K, used 75773K [0x00000000f0000000, 0x00000000f8300000, 0x00000000f8300000)
  object space 134144K, 56% used [0x00000000f0000000,0x00000000f49ff628,0x00000000f8300000)
 Metaspace       used 52865K, capacity 55968K, committed 56192K, reserved 1097728K
  class space    used 6448K, capacity 6998K, committed 7040K, reserved 1048576K
2023-10-03T01:17:48.873+0800: 668.577: [GC (Allocation Failure) [PSYoungGen: 126624K->672K(126976K)] 202397K->76525K(261120K), 0.0083581 secs] [Times: user=0.04 sys=0.01, real=0.00 secs] 
Heap after GC invocations=744 (full 0):
 PSYoungGen      total 126976K, used 672K [0x00000000f8300000, 0x0000000100000000, 0x0000000100000000)
  eden space 125952K, 0% used [0x00000000f8300000,0x00000000f8300000,0x00000000ffe00000)
  from space 1024K, 65% used [0x00000000fff00000,0x00000000fffa8000,0x0000000100000000)
  to   space 1024K, 0% used [0x00000000ffe00000,0x00000000ffe00000,0x00000000fff00000)
 ParOldGen       total 134144K, used 75853K [0x00000000f0000000, 0x00000000f8300000, 0x00000000f8300000)
  object space 134144K, 56% used [0x00000000f0000000,0x00000000f4a13628,0x00000000f8300000)
 Metaspace       used 52865K, capacity 55968K, committed 56192K, reserved 1097728K
  class space    used 6448K, capacity 6998K, committed 7040K, reserved 1048576K
}
{Heap before GC invocations=745 (full 0):
 PSYoungGen      total 126976K, used 126624K [0x00000000f8300000, 0x0000000100000000, 0x0000000100000000)
  eden space 125952K, 100% used [0x00000000f8300000,0x00000000ffe00000,0x00000000ffe00000)
  from space 1024K, 65% used [0x00000000fff00000,0x00000000fffa8000,0x0000000100000000)
  to   space 1024K, 0% used [0x00000000ffe00000,0x00000000ffe00000,0x00000000fff00000)
 ParOldGen       total 134144K, used 75853K [0x00000000f0000000, 0x00000000f8300000, 0x00000000f8300000)
  object space 134144K, 56% used [0x00000000f0000000,0x00000000f4a13628,0x00000000f8300000)
 Metaspace       used 52865K, capacity 55968K, committed 56192K, reserved 1097728K
  class space    used 6448K, capacity 6998K, committed 7040K, reserved 1048576K
2023-10-03T01:17:49.516+0800: 669.220: [GC (Allocation Failure) [PSYoungGen: 126624K->672K(126976K)] 202477K->76605K(261120K), 0.0072414 secs] [Times: user=0.04 sys=0.00, real=0.01 secs] 
Heap after GC invocations=745 (full 0):
 PSYoungGen      total 126976K, used 672K [0x00000000f8300000, 0x0000000100000000, 0x0000000100000000)
  eden space 125952K, 0% used [0x00000000f8300000,0x00000000f8300000,0x00000000ffe00000)
  from space 1024K, 65% used [0x00000000ffe00000,0x00000000ffea8000,0x00000000fff00000)
  to   space 1024K, 0% used [0x00000000fff00000,0x00000000fff00000,0x0000000100000000)
 ParOldGen       total 134144K, used 75933K [0x00000000f0000000, 0x00000000f8300000, 0x00000000f8300000)
  object space 134144K, 56% used [0x00000000f0000000,0x00000000f4a27628,0x00000000f8300000)
 Metaspace       used 52865K, capacity 55968K, committed 56192K, reserved 1097728K
  class space    used 6448K, capacity 6998K, committed 7040K, reserved 1048576K
}
{Heap before GC invocations=746 (full 0):
 PSYoungGen      total 126976K, used 126624K [0x00000000f8300000, 0x0000000100000000, 0x0000000100000000)
  eden space 125952K, 100% used [0x00000000f8300000,0x00000000ffe00000,0x00000000ffe00000)
  from space 1024K, 65% used [0x00000000ffe00000,0x00000000ffea8000,0x00000000fff00000)
  to   space 1024K, 0% used [0x00000000fff00000,0x00000000fff00000,0x0000000100000000)
 ParOldGen       total 134144K, used 75933K [0x00000000f0000000, 0x00000000f8300000, 0x00000000f8300000)
  object space 134144K, 56% used [0x00000000f0000000,0x00000000f4a27628,0x00000000f8300000)
 Metaspace       used 52865K, capacity 55968K, committed 56192K, reserved 1097728K
  class space    used 6448K, capacity 6998K, committed 7040K, reserved 1048576K
2023-10-03T01:17:50.152+0800: 669.857: [GC (Allocation Failure) [PSYoungGen: 126624K->640K(126976K)] 202557K->76661K(261120K), 0.0076971 secs] [Times: user=0.04 sys=0.00, real=0.00 secs] 
Heap after GC invocations=746 (full 0):
 PSYoungGen      total 126976K, used 640K [0x00000000f8300000, 0x0000000100000000, 0x0000000100000000)
  eden space 125952K, 0% used [0x00000000f8300000,0x00000000f8300000,0x00000000ffe00000)
  from space 1024K, 62% used [0x00000000fff00000,0x00000000fffa0000,0x0000000100000000)
  to   space 1024K, 0% used [0x00000000ffe00000,0x00000000ffe00000,0x00000000fff00000)
 ParOldGen       total 134144K, used 76021K [0x00000000f0000000, 0x00000000f8300000, 0x00000000f8300000)
  object space 134144K, 56% used [0x00000000f0000000,0x00000000f4a3d628,0x00000000f8300000)
 Metaspace       used 52865K, capacity 55968K, committed 56192K, reserved 1097728K
  class space    used 6448K, capacity 6998K, committed 7040K, reserved 1048576K
}
{Heap before GC invocations=747 (full 0):
 PSYoungGen      total 126976K, used 126592K [0x00000000f8300000, 0x0000000100000000, 0x0000000100000000)
  eden space 125952K, 100% used [0x00000000f8300000,0x00000000ffe00000,0x00000000ffe00000)
  from space 1024K, 62% used [0x00000000fff00000,0x00000000fffa0000,0x0000000100000000)
  to   space 1024K, 0% used [0x00000000ffe00000,0x00000000ffe00000,0x00000000fff00000)
 ParOldGen       total 134144K, used 76021K [0x00000000f0000000, 0x00000000f8300000, 0x00000000f8300000)
  object space 134144K, 56% used [0x00000000f0000000,0x00000000f4a3d628,0x00000000f8300000)
 Metaspace       used 52865K, capacity 55968K, committed 56192K, reserved 1097728K
  class space    used 6448K, capacity 6998K, committed 7040K, reserved 1048576K
2023-10-03T01:17:50.785+0800: 670.490: [GC (Allocation Failure) [PSYoungGen: 126592K->608K(126976K)] 202613K->76709K(261120K), 0.0069116 secs] [Times: user=0.04 sys=0.00, real=0.01 secs] 
Heap after GC invocations=747 (full 0):
 PSYoungGen      total 126976K, used 608K [0x00000000f8300000, 0x0000000100000000, 0x0000000100000000)
  eden space 125952K, 0% used [0x00000000f8300000,0x00000000f8300000,0x00000000ffe00000)
  from space 1024K, 59% used [0x00000000ffe00000,0x00000000ffe98000,0x00000000fff00000)
  to   space 1024K, 0% used [0x00000000fff00000,0x00000000fff00000,0x0000000100000000)
 ParOldGen       total 134144K, used 76101K [0x00000000f0000000, 0x00000000f8300000, 0x00000000f8300000)
  object space 134144K, 56% used [0x00000000f0000000,0x00000000f4a51628,0x00000000f8300000)
 Metaspace       used 52865K, capacity 55968K, committed 56192K, reserved 1097728K
  class space    used 6448K, capacity 6998K, committed 7040K, reserved 1048576K
}
{Heap before GC invocations=748 (full 0):
 PSYoungGen      total 126976K, used 126560K [0x00000000f8300000, 0x0000000100000000, 0x0000000100000000)
  eden space 125952K, 100% used [0x00000000f8300000,0x00000000ffe00000,0x00000000ffe00000)
  from space 1024K, 59% used [0x00000000ffe00000,0x00000000ffe98000,0x00000000fff00000)
  to   space 1024K, 0% used [0x00000000fff00000,0x00000000fff00000,0x0000000100000000)
 ParOldGen       total 134144K, used 76101K [0x00000000f0000000, 0x00000000f8300000, 0x00000000f8300000)
  object space 134144K, 56% used [0x00000000f0000000,0x00000000f4a51628,0x00000000f8300000)
 Metaspace       used 52865K, capacity 55968K, committed 56192K, reserved 1097728K
  class space    used 6448K, capacity 6998K, committed 7040K, reserved 1048576K
2023-10-03T01:17:51.421+0800: 671.126: [GC (Allocation Failure) [PSYoungGen: 126560K->640K(126976K)] 202661K->76797K(261120K), 0.0065758 secs] [Times: user=0.03 sys=0.00, real=0.01 secs] 
Heap after GC invocations=748 (full 0):
 PSYoungGen      total 126976K, used 640K [0x00000000f8300000, 0x0000000100000000, 0x0000000100000000)
  eden space 125952K, 0% used [0x00000000f8300000,0x00000000f8300000,0x00000000ffe00000)
  from space 1024K, 62% used [0x00000000fff00000,0x00000000fffa0000,0x0000000100000000)
  to   space 1024K, 0% used [0x00000000ffe00000,0x00000000ffe00000,0x00000000fff00000)
 ParOldGen       total 134144K, used 76157K [0x00000000f0000000, 0x00000000f8300000, 0x00000000f8300000)
  object space 134144K, 56% used [0x00000000f0000000,0x00000000f4a5f628,0x00000000f8300000)
 Metaspace       used 52865K, capacity 55968K, committed 56192K, reserved 1097728K
  class space    used 6448K, capacity 6998K, committed 7040K, reserved 1048576K
}
{Heap before GC invocations=749 (full 0):
 PSYoungGen      total 126976K, used 126592K [0x00000000f8300000, 0x0000000100000000, 0x0000000100000000)
  eden space 125952K, 100% used [0x00000000f8300000,0x00000000ffe00000,0x00000000ffe00000)
  from space 1024K, 62% used [0x00000000fff00000,0x00000000fffa0000,0x0000000100000000)
  to   space 1024K, 0% used [0x00000000ffe00000,0x00000000ffe00000,0x00000000fff00000)
 ParOldGen       total 134144K, used 76157K [0x00000000f0000000, 0x00000000f8300000, 0x00000000f8300000)
  object space 134144K, 56% used [0x00000000f0000000,0x00000000f4a5f628,0x00000000f8300000)
 Metaspace       used 52865K, capacity 55968K, committed 56192K, reserved 1097728K
  class space    used 6448K, capacity 6998K, committed 7040K, reserved 1048576K
2023-10-03T01:17:52.056+0800: 671.761: [GC (Allocation Failure) [PSYoungGen: 126592K->640K(126976K)] 202749K->76885K(261120K), 0.0069049 secs] [Times: user=0.04 sys=0.00, real=0.01 secs] 
Heap after GC invocations=749 (full 0):
 PSYoungGen      total 126976K, used 640K [0x00000000f8300000, 0x0000000100000000, 0x0000000100000000)
  eden space 125952K, 0% used [0x00000000f8300000,0x00000000f8300000,0x00000000ffe00000)
  from space 1024K, 62% used [0x00000000ffe00000,0x00000000ffea0000,0x00000000fff00000)
  to   space 1024K, 0% used [0x00000000fff00000,0x00000000fff00000,0x0000000100000000)
 ParOldGen       total 134144K, used 76245K [0x00000000f0000000, 0x00000000f8300000, 0x00000000f8300000)
  object space 134144K, 56% used [0x00000000f0000000,0x00000000f4a75628,0x00000000f8300000)
 Metaspace       used 52865K, capacity 55968K, committed 56192K, reserved 1097728K
  class space    used 6448K, capacity 6998K, committed 7040K, reserved 1048576K
}
{Heap before GC invocations=750 (full 0):
 PSYoungGen      total 126976K, used 126592K [0x00000000f8300000, 0x0000000100000000, 0x0000000100000000)
  eden space 125952K, 100% used [0x00000000f8300000,0x00000000ffe00000,0x00000000ffe00000)
  from space 1024K, 62% used [0x00000000ffe00000,0x00000000ffea0000,0x00000000fff00000)
  to   space 1024K, 0% used [0x00000000fff00000,0x00000000fff00000,0x0000000100000000)
 ParOldGen       total 134144K, used 76245K [0x00000000f0000000, 0x00000000f8300000, 0x00000000f8300000)
  object space 134144K, 56% used [0x00000000f0000000,0x00000000f4a75628,0x00000000f8300000)
 Metaspace       used 52865K, capacity 55968K, committed 56192K, reserved 1097728K
  class space    used 6448K, capacity 6998K, committed 7040K, reserved 1048576K
2023-10-03T01:17:52.686+0800: 672.391: [GC (Allocation Failure) [PSYoungGen: 126592K->672K(126976K)] 202837K->76997K(261120K), 0.0071772 secs] [Times: user=0.04 sys=0.00, real=0.01 secs] 
Heap after GC invocations=750 (full 0):
 PSYoungGen      total 126976K, used 672K [0x00000000f8300000, 0x0000000100000000, 0x0000000100000000)
  eden space 125952K, 0% used [0x00000000f8300000,0x00000000f8300000,0x00000000ffe00000)
  from space 1024K, 65% used [0x00000000fff00000,0x00000000fffa8000,0x0000000100000000)
  to   space 1024K, 0% used [0x00000000ffe00000,0x00000000ffe00000,0x00000000fff00000)
 ParOldGen       total 134144K, used 76325K [0x00000000f0000000, 0x00000000f8300000, 0x00000000f8300000)
  object space 134144K, 56% used [0x00000000f0000000,0x00000000f4a89628,0x00000000f8300000)
 Metaspace       used 52865K, capacity 55968K, committed 56192K, reserved 1097728K
  class space    used 6448K, capacity 6998K, committed 7040K, reserved 1048576K
}
{Heap before GC invocations=751 (full 0):
 PSYoungGen      total 126976K, used 126624K [0x00000000f8300000, 0x0000000100000000, 0x0000000100000000)
  eden space 125952K, 100% used [0x00000000f8300000,0x00000000ffe00000,0x00000000ffe00000)
  from space 1024K, 65% used [0x00000000fff00000,0x00000000fffa8000,0x0000000100000000)
  to   space 1024K, 0% used [0x00000000ffe00000,0x00000000ffe00000,0x00000000fff00000)
 ParOldGen       total 134144K, used 76325K [0x00000000f0000000, 0x00000000f8300000, 0x00000000f8300000)
  object space 134144K, 56% used [0x00000000f0000000,0x00000000f4a89628,0x00000000f8300000)
 Metaspace       used 52865K, capacity 55968K, committed 56192K, reserved 1097728K
  class space    used 6448K, capacity 6998K, committed 7040K, reserved 1048576K
2023-10-03T01:17:53.322+0800: 673.027: [GC (Allocation Failure) [PSYoungGen: 126624K->704K(126976K)] 202949K->77101K(261120K), 0.0066827 secs] [Times: user=0.03 sys=0.00, real=0.01 secs] 
Heap after GC invocations=751 (full 0):
 PSYoungGen      total 126976K, used 704K [0x00000000f8300000, 0x0000000100000000, 0x0000000100000000)
  eden space 125952K, 0% used [0x00000000f8300000,0x00000000f8300000,0x00000000ffe00000)
  from space 1024K, 68% used [0x00000000ffe00000,0x00000000ffeb0000,0x00000000fff00000)
  to   space 1024K, 0% used [0x00000000fff00000,0x00000000fff00000,0x0000000100000000)
 ParOldGen       total 134144K, used 76397K [0x00000000f0000000, 0x00000000f8300000, 0x00000000f8300000)
  object space 134144K, 56% used [0x00000000f0000000,0x00000000f4a9b628,0x00000000f8300000)
 Metaspace       used 52865K, capacity 55968K, committed 56192K, reserved 1097728K
  class space    used 6448K, capacity 6998K, committed 7040K, reserved 1048576K
}
{Heap before GC invocations=752 (full 0):
 PSYoungGen      total 126976K, used 126656K [0x00000000f8300000, 0x0000000100000000, 0x0000000100000000)
  eden space 125952K, 100% used [0x00000000f8300000,0x00000000ffe00000,0x00000000ffe00000)
  from space 1024K, 68% used [0x00000000ffe00000,0x00000000ffeb0000,0x00000000fff00000)
  to   space 1024K, 0% used [0x00000000fff00000,0x00000000fff00000,0x0000000100000000)
 ParOldGen       total 134144K, used 76397K [0x00000000f0000000, 0x00000000f8300000, 0x00000000f8300000)
  object space 134144K, 56% used [0x00000000f0000000,0x00000000f4a9b628,0x00000000f8300000)
 Metaspace       used 52865K, capacity 55968K, committed 56192K, reserved 1097728K
  class space    used 6448K, capacity 6998K, committed 7040K, reserved 1048576K
2023-10-03T01:17:53.956+0800: 673.661: [GC (Allocation Failure) [PSYoungGen: 126656K->704K(126976K)] 203053K->77181K(261120K), 0.0070358 secs] [Times: user=0.03 sys=0.00, real=0.01 secs] 
Heap after GC invocations=752 (full 0):
 PSYoungGen      total 126976K, used 704K [0x00000000f8300000, 0x0000000100000000, 0x0000000100000000)
  eden space 125952K, 0% used [0x00000000f8300000,0x00000000f8300000,0x00000000ffe00000)
  from space 1024K, 68% used [0x00000000fff00000,0x00000000fffb0000,0x0000000100000000)
  to   space 1024K, 0% used [0x00000000ffe00000,0x00000000ffe00000,0x00000000fff00000)
 ParOldGen       total 134144K, used 76477K [0x00000000f0000000, 0x00000000f8300000, 0x00000000f8300000)
  object space 134144K, 57% used [0x00000000f0000000,0x00000000f4aaf628,0x00000000f8300000)
 Metaspace       used 52865K, capacity 55968K, committed 56192K, reserved 1097728K
  class space    used 6448K, capacity 6998K, committed 7040K, reserved 1048576K
}
{Heap before GC invocations=753 (full 0):
 PSYoungGen      total 126976K, used 126656K [0x00000000f8300000, 0x0000000100000000, 0x0000000100000000)
  eden space 125952K, 100% used [0x00000000f8300000,0x00000000ffe00000,0x00000000ffe00000)
  from space 1024K, 68% used [0x00000000fff00000,0x00000000fffb0000,0x0000000100000000)
  to   space 1024K, 0% used [0x00000000ffe00000,0x00000000ffe00000,0x00000000fff00000)
 ParOldGen       total 134144K, used 76477K [0x00000000f0000000, 0x00000000f8300000, 0x00000000f8300000)
  object space 134144K, 57% used [0x00000000f0000000,0x00000000f4aaf628,0x00000000f8300000)
 Metaspace       used 52865K, capacity 55968K, committed 56192K, reserved 1097728K
  class space    used 6448K, capacity 6998K, committed 7040K, reserved 1048576K
2023-10-03T01:17:54.593+0800: 674.298: [GC (Allocation Failure) [PSYoungGen: 126656K->672K(126976K)] 203133K->77221K(261120K), 0.0070278 secs] [Times: user=0.03 sys=0.00, real=0.00 secs] 
Heap after GC invocations=753 (full 0):
 PSYoungGen      total 126976K, used 672K [0x00000000f8300000, 0x0000000100000000, 0x0000000100000000)
  eden space 125952K, 0% used [0x00000000f8300000,0x00000000f8300000,0x00000000ffe00000)
  from space 1024K, 65% used [0x00000000ffe00000,0x00000000ffea8000,0x00000000fff00000)
  to   space 1024K, 0% used [0x00000000fff00000,0x00000000fff00000,0x0000000100000000)
 ParOldGen       total 134144K, used 76549K [0x00000000f0000000, 0x00000000f8300000, 0x00000000f8300000)
  object space 134144K, 57% used [0x00000000f0000000,0x00000000f4ac1628,0x00000000f8300000)
 Metaspace       used 52865K, capacity 55968K, committed 56192K, reserved 1097728K
  class space    used 6448K, capacity 6998K, committed 7040K, reserved 1048576K
}
{Heap before GC invocations=754 (full 0):
 PSYoungGen      total 126976K, used 126624K [0x00000000f8300000, 0x0000000100000000, 0x0000000100000000)
  eden space 125952K, 100% used [0x00000000f8300000,0x00000000ffe00000,0x00000000ffe00000)
  from space 1024K, 65% used [0x00000000ffe00000,0x00000000ffea8000,0x00000000fff00000)
  to   space 1024K, 0% used [0x00000000fff00000,0x00000000fff00000,0x0000000100000000)
 ParOldGen       total 134144K, used 76549K [0x00000000f0000000, 0x00000000f8300000, 0x00000000f8300000)
  object space 134144K, 57% used [0x00000000f0000000,0x00000000f4ac1628,0x00000000f8300000)
 Metaspace       used 52865K, capacity 55968K, committed 56192K, reserved 1097728K
  class space    used 6448K, capacity 6998K, committed 7040K, reserved 1048576K
2023-10-03T01:17:55.242+0800: 674.947: [GC (Allocation Failure) [PSYoungGen: 126624K->640K(126976K)] 203173K->77277K(261120K), 0.0067880 secs] [Times: user=0.03 sys=0.00, real=0.00 secs] 
Heap after GC invocations=754 (full 0):
 PSYoungGen      total 126976K, used 640K [0x00000000f8300000, 0x0000000100000000, 0x0000000100000000)
  eden space 125952K, 0% used [0x00000000f8300000,0x00000000f8300000,0x00000000ffe00000)
  from space 1024K, 62% used [0x00000000fff00000,0x00000000fffa0000,0x0000000100000000)
  to   space 1024K, 0% used [0x00000000ffe00000,0x00000000ffe00000,0x00000000fff00000)
 ParOldGen       total 134144K, used 76637K [0x00000000f0000000, 0x00000000f8300000, 0x00000000f8300000)
  object space 134144K, 57% used [0x00000000f0000000,0x00000000f4ad7628,0x00000000f8300000)
 Metaspace       used 52865K, capacity 55968K, committed 56192K, reserved 1097728K
  class space    used 6448K, capacity 6998K, committed 7040K, reserved 1048576K
}
{Heap before GC invocations=755 (full 0):
 PSYoungGen      total 126976K, used 126592K [0x00000000f8300000, 0x0000000100000000, 0x0000000100000000)
  eden space 125952K, 100% used [0x00000000f8300000,0x00000000ffe00000,0x00000000ffe00000)
  from space 1024K, 62% used [0x00000000fff00000,0x00000000fffa0000,0x0000000100000000)
  to   space 1024K, 0% used [0x00000000ffe00000,0x00000000ffe00000,0x00000000fff00000)
 ParOldGen       total 134144K, used 76637K [0x00000000f0000000, 0x00000000f8300000, 0x00000000f8300000)
  object space 134144K, 57% used [0x00000000f0000000,0x00000000f4ad7628,0x00000000f8300000)
 Metaspace       used 52865K, capacity 55968K, committed 56192K, reserved 1097728K
  class space    used 6448K, capacity 6998K, committed 7040K, reserved 1048576K
2023-10-03T01:17:55.872+0800: 675.576: [GC (Allocation Failure) [PSYoungGen: 126592K->672K(126976K)] 203229K->77389K(261120K), 0.0070516 secs] [Times: user=0.04 sys=0.00, real=0.00 secs] 
Heap after GC invocations=755 (full 0):
 PSYoungGen      total 126976K, used 672K [0x00000000f8300000, 0x0000000100000000, 0x0000000100000000)
  eden space 125952K, 0% used [0x00000000f8300000,0x00000000f8300000,0x00000000ffe00000)
  from space 1024K, 65% used [0x00000000ffe00000,0x00000000ffea8000,0x00000000fff00000)
  to   space 1024K, 0% used [0x00000000fff00000,0x00000000fff00000,0x0000000100000000)
 ParOldGen       total 134144K, used 76717K [0x00000000f0000000, 0x00000000f8300000, 0x00000000f8300000)
  object space 134144K, 57% used [0x00000000f0000000,0x00000000f4aeb628,0x00000000f8300000)
 Metaspace       used 52865K, capacity 55968K, committed 56192K, reserved 1097728K
  class space    used 6448K, capacity 6998K, committed 7040K, reserved 1048576K
}
{Heap before GC invocations=756 (full 0):
 PSYoungGen      total 126976K, used 126624K [0x00000000f8300000, 0x0000000100000000, 0x0000000100000000)
  eden space 125952K, 100% used [0x00000000f8300000,0x00000000ffe00000,0x00000000ffe00000)
  from space 1024K, 65% used [0x00000000ffe00000,0x00000000ffea8000,0x00000000fff00000)
  to   space 1024K, 0% used [0x00000000fff00000,0x00000000fff00000,0x0000000100000000)
 ParOldGen       total 134144K, used 76717K [0x00000000f0000000, 0x00000000f8300000, 0x00000000f8300000)
  object space 134144K, 57% used [0x00000000f0000000,0x00000000f4aeb628,0x00000000f8300000)
 Metaspace       used 52865K, capacity 55968K, committed 56192K, reserved 1097728K
  class space    used 6448K, capacity 6998K, committed 7040K, reserved 1048576K
2023-10-03T01:17:56.516+0800: 676.220: [GC (Allocation Failure) [PSYoungGen: 126624K->672K(126976K)] 203341K->77477K(261120K), 0.0063166 secs] [Times: user=0.04 sys=0.00, real=0.01 secs] 
Heap after GC invocations=756 (full 0):
 PSYoungGen      total 126976K, used 672K [0x00000000f8300000, 0x0000000100000000, 0x0000000100000000)
  eden space 125952K, 0% used [0x00000000f8300000,0x00000000f8300000,0x00000000ffe00000)
  from space 1024K, 65% used [0x00000000fff00000,0x00000000fffa8000,0x0000000100000000)
  to   space 1024K, 0% used [0x00000000ffe00000,0x00000000ffe00000,0x00000000fff00000)
 ParOldGen       total 134144K, used 76805K [0x00000000f0000000, 0x00000000f8300000, 0x00000000f8300000)
  object space 134144K, 57% used [0x00000000f0000000,0x00000000f4b01628,0x00000000f8300000)
 Metaspace       used 52865K, capacity 55968K, committed 56192K, reserved 1097728K
  class space    used 6448K, capacity 6998K, committed 7040K, reserved 1048576K
}
{Heap before GC invocations=757 (full 0):
 PSYoungGen      total 126976K, used 126624K [0x00000000f8300000, 0x0000000100000000, 0x0000000100000000)
  eden space 125952K, 100% used [0x00000000f8300000,0x00000000ffe00000,0x00000000ffe00000)
  from space 1024K, 65% used [0x00000000fff00000,0x00000000fffa8000,0x0000000100000000)
  to   space 1024K, 0% used [0x00000000ffe00000,0x00000000ffe00000,0x00000000fff00000)
 ParOldGen       total 134144K, used 76805K [0x00000000f0000000, 0x00000000f8300000, 0x00000000f8300000)
  object space 134144K, 57% used [0x00000000f0000000,0x00000000f4b01628,0x00000000f8300000)
 Metaspace       used 52865K, capacity 55968K, committed 56192K, reserved 1097728K
  class space    used 6448K, capacity 6998K, committed 7040K, reserved 1048576K
2023-10-03T01:17:57.157+0800: 676.862: [GC (Allocation Failure) [PSYoungGen: 126624K->672K(126976K)] 203429K->77549K(261120K), 0.0069443 secs] [Times: user=0.04 sys=0.00, real=0.01 secs] 
Heap after GC invocations=757 (full 0):
 PSYoungGen      total 126976K, used 672K [0x00000000f8300000, 0x0000000100000000, 0x0000000100000000)
  eden space 125952K, 0% used [0x00000000f8300000,0x00000000f8300000,0x00000000ffe00000)
  from space 1024K, 65% used [0x00000000ffe00000,0x00000000ffea8000,0x00000000fff00000)
  to   space 1024K, 0% used [0x00000000fff00000,0x00000000fff00000,0x0000000100000000)
 ParOldGen       total 134144K, used 76877K [0x00000000f0000000, 0x00000000f8300000, 0x00000000f8300000)
  object space 134144K, 57% used [0x00000000f0000000,0x00000000f4b13628,0x00000000f8300000)
 Metaspace       used 52865K, capacity 55968K, committed 56192K, reserved 1097728K
  class space    used 6448K, capacity 6998K, committed 7040K, reserved 1048576K
}
{Heap before GC invocations=758 (full 0):
 PSYoungGen      total 126976K, used 126624K [0x00000000f8300000, 0x0000000100000000, 0x0000000100000000)
  eden space 125952K, 100% used [0x00000000f8300000,0x00000000ffe00000,0x00000000ffe00000)
  from space 1024K, 65% used [0x00000000ffe00000,0x00000000ffea8000,0x00000000fff00000)
  to   space 1024K, 0% used [0x00000000fff00000,0x00000000fff00000,0x0000000100000000)
 ParOldGen       total 134144K, used 76877K [0x00000000f0000000, 0x00000000f8300000, 0x00000000f8300000)
  object space 134144K, 57% used [0x00000000f0000000,0x00000000f4b13628,0x00000000f8300000)
 Metaspace       used 52865K, capacity 55968K, committed 56192K, reserved 1097728K
  class space    used 6448K, capacity 6998K, committed 7040K, reserved 1048576K
2023-10-03T01:17:57.772+0800: 677.477: [GC (Allocation Failure) [PSYoungGen: 126624K->704K(126976K)] 203501K->77678K(261120K), 0.0063898 secs] [Times: user=0.04 sys=0.00, real=0.00 secs] 
Heap after GC invocations=758 (full 0):
 PSYoungGen      total 126976K, used 704K [0x00000000f8300000, 0x0000000100000000, 0x0000000100000000)
  eden space 125952K, 0% used [0x00000000f8300000,0x00000000f8300000,0x00000000ffe00000)
  from space 1024K, 68% used [0x00000000fff00000,0x00000000fffb02b0,0x0000000100000000)
  to   space 1024K, 0% used [0x00000000ffe00000,0x00000000ffe00000,0x00000000fff00000)
 ParOldGen       total 134144K, used 76973K [0x00000000f0000000, 0x00000000f8300000, 0x00000000f8300000)
  object space 134144K, 57% used [0x00000000f0000000,0x00000000f4b2b628,0x00000000f8300000)
 Metaspace       used 52865K, capacity 55968K, committed 56192K, reserved 1097728K
  class space    used 6448K, capacity 6998K, committed 7040K, reserved 1048576K
}
{Heap before GC invocations=759 (full 0):
 PSYoungGen      total 126976K, used 126656K [0x00000000f8300000, 0x0000000100000000, 0x0000000100000000)
  eden space 125952K, 100% used [0x00000000f8300000,0x00000000ffe00000,0x00000000ffe00000)
  from space 1024K, 68% used [0x00000000fff00000,0x00000000fffb02b0,0x0000000100000000)
  to   space 1024K, 0% used [0x00000000ffe00000,0x00000000ffe00000,0x00000000fff00000)
 ParOldGen       total 134144K, used 76973K [0x00000000f0000000, 0x00000000f8300000, 0x00000000f8300000)
  object space 134144K, 57% used [0x00000000f0000000,0x00000000f4b2b628,0x00000000f8300000)
 Metaspace       used 52866K, capacity 55968K, committed 56192K, reserved 1097728K
  class space    used 6448K, capacity 6998K, committed 7040K, reserved 1048576K
2023-10-03T01:17:58.372+0800: 678.076: [GC (Allocation Failure) [PSYoungGen: 126656K->704K(126976K)] 203630K->77733K(261120K), 0.0067915 secs] [Times: user=0.04 sys=0.00, real=0.01 secs] 
Heap after GC invocations=759 (full 0):
 PSYoungGen      total 126976K, used 704K [0x00000000f8300000, 0x0000000100000000, 0x0000000100000000)
  eden space 125952K, 0% used [0x00000000f8300000,0x00000000f8300000,0x00000000ffe00000)
  from space 1024K, 68% used [0x00000000ffe00000,0x00000000ffeb0000,0x00000000fff00000)
  to   space 1024K, 0% used [0x00000000fff00000,0x00000000fff00000,0x0000000100000000)
 ParOldGen       total 134144K, used 77029K [0x00000000f0000000, 0x00000000f8300000, 0x00000000f8300000)
  object space 134144K, 57% used [0x00000000f0000000,0x00000000f4b39628,0x00000000f8300000)
 Metaspace       used 52866K, capacity 55968K, committed 56192K, reserved 1097728K
  class space    used 6448K, capacity 6998K, committed 7040K, reserved 1048576K
}
{Heap before GC invocations=760 (full 0):
 PSYoungGen      total 126976K, used 126656K [0x00000000f8300000, 0x0000000100000000, 0x0000000100000000)
  eden space 125952K, 100% used [0x00000000f8300000,0x00000000ffe00000,0x00000000ffe00000)
  from space 1024K, 68% used [0x00000000ffe00000,0x00000000ffeb0000,0x00000000fff00000)
  to   space 1024K, 0% used [0x00000000fff00000,0x00000000fff00000,0x0000000100000000)
 ParOldGen       total 134144K, used 77029K [0x00000000f0000000, 0x00000000f8300000, 0x00000000f8300000)
  object space 134144K, 57% used [0x00000000f0000000,0x00000000f4b39628,0x00000000f8300000)
 Metaspace       used 52866K, capacity 55968K, committed 56192K, reserved 1097728K
  class space    used 6448K, capacity 6998K, committed 7040K, reserved 1048576K
2023-10-03T01:17:59.007+0800: 678.712: [GC (Allocation Failure) [PSYoungGen: 126656K->640K(126976K)] 203685K->77757K(261120K), 0.0068062 secs] [Times: user=0.04 sys=0.00, real=0.01 secs] 
Heap after GC invocations=760 (full 0):
 PSYoungGen      total 126976K, used 640K [0x00000000f8300000, 0x0000000100000000, 0x0000000100000000)
  eden space 125952K, 0% used [0x00000000f8300000,0x00000000f8300000,0x00000000ffe00000)
  from space 1024K, 62% used [0x00000000fff00000,0x00000000fffa0000,0x0000000100000000)
  to   space 1024K, 0% used [0x00000000ffe00000,0x00000000ffe00000,0x00000000fff00000)
 ParOldGen       total 134144K, used 77117K [0x00000000f0000000, 0x00000000f8300000, 0x00000000f8300000)
  object space 134144K, 57% used [0x00000000f0000000,0x00000000f4b4f4c8,0x00000000f8300000)
 Metaspace       used 52866K, capacity 55968K, committed 56192K, reserved 1097728K
  class space    used 6448K, capacity 6998K, committed 7040K, reserved 1048576K
}
{Heap before GC invocations=761 (full 0):
 PSYoungGen      total 126976K, used 126592K [0x00000000f8300000, 0x0000000100000000, 0x0000000100000000)
  eden space 125952K, 100% used [0x00000000f8300000,0x00000000ffe00000,0x00000000ffe00000)
  from space 1024K, 62% used [0x00000000fff00000,0x00000000fffa0000,0x0000000100000000)
  to   space 1024K, 0% used [0x00000000ffe00000,0x00000000ffe00000,0x00000000fff00000)
 ParOldGen       total 134144K, used 77117K [0x00000000f0000000, 0x00000000f8300000, 0x00000000f8300000)
  object space 134144K, 57% used [0x00000000f0000000,0x00000000f4b4f4c8,0x00000000f8300000)
 Metaspace       used 52866K, capacity 55968K, committed 56192K, reserved 1097728K
  class space    used 6448K, capacity 6998K, committed 7040K, reserved 1048576K
2023-10-03T01:17:59.651+0800: 679.355: [GC (Allocation Failure) [PSYoungGen: 126592K->704K(126976K)] 203709K->77893K(261120K), 0.0066949 secs] [Times: user=0.04 sys=0.00, real=0.01 secs] 
Heap after GC invocations=761 (full 0):
 PSYoungGen      total 126976K, used 704K [0x00000000f8300000, 0x0000000100000000, 0x0000000100000000)
  eden space 125952K, 0% used [0x00000000f8300000,0x00000000f8300000,0x00000000ffe00000)
  from space 1024K, 68% used [0x00000000ffe00000,0x00000000ffeb0000,0x00000000fff00000)
  to   space 1024K, 0% used [0x00000000fff00000,0x00000000fff00000,0x0000000100000000)
 ParOldGen       total 134144K, used 77189K [0x00000000f0000000, 0x00000000f8300000, 0x00000000f8300000)
  object space 134144K, 57% used [0x00000000f0000000,0x00000000f4b614c8,0x00000000f8300000)
 Metaspace       used 52866K, capacity 55968K, committed 56192K, reserved 1097728K
  class space    used 6448K, capacity 6998K, committed 7040K, reserved 1048576K
}
{Heap before GC invocations=762 (full 0):
 PSYoungGen      total 126976K, used 126656K [0x00000000f8300000, 0x0000000100000000, 0x0000000100000000)
  eden space 125952K, 100% used [0x00000000f8300000,0x00000000ffe00000,0x00000000ffe00000)
  from space 1024K, 68% used [0x00000000ffe00000,0x00000000ffeb0000,0x00000000fff00000)
  to   space 1024K, 0% used [0x00000000fff00000,0x00000000fff00000,0x0000000100000000)
 ParOldGen       total 134144K, used 77189K [0x00000000f0000000, 0x00000000f8300000, 0x00000000f8300000)
  object space 134144K, 57% used [0x00000000f0000000,0x00000000f4b614c8,0x00000000f8300000)
 Metaspace       used 52866K, capacity 55968K, committed 56192K, reserved 1097728K
  class space    used 6448K, capacity 6998K, committed 7040K, reserved 1048576K
2023-10-03T01:18:00.290+0800: 679.995: [GC (Allocation Failure) [PSYoungGen: 126656K->672K(126976K)] 203845K->77949K(261120K), 0.0069068 secs] [Times: user=0.04 sys=0.00, real=0.01 secs] 
Heap after GC invocations=762 (full 0):
 PSYoungGen      total 126976K, used 672K [0x00000000f8300000, 0x0000000100000000, 0x0000000100000000)
  eden space 125952K, 0% used [0x00000000f8300000,0x00000000f8300000,0x00000000ffe00000)
  from space 1024K, 65% used [0x00000000fff00000,0x00000000fffa8000,0x0000000100000000)
  to   space 1024K, 0% used [0x00000000ffe00000,0x00000000ffe00000,0x00000000fff00000)
 ParOldGen       total 134144K, used 77277K [0x00000000f0000000, 0x00000000f8300000, 0x00000000f8300000)
  object space 134144K, 57% used [0x00000000f0000000,0x00000000f4b774c8,0x00000000f8300000)
 Metaspace       used 52866K, capacity 55968K, committed 56192K, reserved 1097728K
  class space    used 6448K, capacity 6998K, committed 7040K, reserved 1048576K
}
{Heap before GC invocations=763 (full 0):
 PSYoungGen      total 126976K, used 126624K [0x00000000f8300000, 0x0000000100000000, 0x0000000100000000)
  eden space 125952K, 100% used [0x00000000f8300000,0x00000000ffe00000,0x00000000ffe00000)
  from space 1024K, 65% used [0x00000000fff00000,0x00000000fffa8000,0x0000000100000000)
  to   space 1024K, 0% used [0x00000000ffe00000,0x00000000ffe00000,0x00000000fff00000)
 ParOldGen       total 134144K, used 77277K [0x00000000f0000000, 0x00000000f8300000, 0x00000000f8300000)
  object space 134144K, 57% used [0x00000000f0000000,0x00000000f4b774c8,0x00000000f8300000)
 Metaspace       used 52866K, capacity 55968K, committed 56192K, reserved 1097728K
  class space    used 6448K, capacity 6998K, committed 7040K, reserved 1048576K
2023-10-03T01:18:00.922+0800: 680.627: [GC (Allocation Failure) [PSYoungGen: 126624K->640K(126976K)] 203901K->78005K(261120K), 0.0075574 secs] [Times: user=0.04 sys=0.00, real=0.00 secs] 
Heap after GC invocations=763 (full 0):
 PSYoungGen      total 126976K, used 640K [0x00000000f8300000, 0x0000000100000000, 0x0000000100000000)
  eden space 125952K, 0% used [0x00000000f8300000,0x00000000f8300000,0x00000000ffe00000)
  from space 1024K, 62% used [0x00000000ffe00000,0x00000000ffea0000,0x00000000fff00000)
  to   space 1024K, 0% used [0x00000000fff00000,0x00000000fff00000,0x0000000100000000)
 ParOldGen       total 134144K, used 77365K [0x00000000f0000000, 0x00000000f8300000, 0x00000000f8300000)
  object space 134144K, 57% used [0x00000000f0000000,0x00000000f4b8d4c8,0x00000000f8300000)
 Metaspace       used 52866K, capacity 55968K, committed 56192K, reserved 1097728K
  class space    used 6448K, capacity 6998K, committed 7040K, reserved 1048576K
}
{Heap before GC invocations=764 (full 0):
 PSYoungGen      total 126976K, used 126592K [0x00000000f8300000, 0x0000000100000000, 0x0000000100000000)
  eden space 125952K, 100% used [0x00000000f8300000,0x00000000ffe00000,0x00000000ffe00000)
  from space 1024K, 62% used [0x00000000ffe00000,0x00000000ffea0000,0x00000000fff00000)
  to   space 1024K, 0% used [0x00000000fff00000,0x00000000fff00000,0x0000000100000000)
 ParOldGen       total 134144K, used 77365K [0x00000000f0000000, 0x00000000f8300000, 0x00000000f8300000)
  object space 134144K, 57% used [0x00000000f0000000,0x00000000f4b8d4c8,0x00000000f8300000)
 Metaspace       used 52866K, capacity 55968K, committed 56192K, reserved 1097728K
  class space    used 6448K, capacity 6998K, committed 7040K, reserved 1048576K
2023-10-03T01:18:01.564+0800: 681.268: [GC (Allocation Failure) [PSYoungGen: 126592K->672K(126976K)] 203957K->78101K(261120K), 0.0070702 secs] [Times: user=0.04 sys=0.00, real=0.00 secs] 
Heap after GC invocations=764 (full 0):
 PSYoungGen      total 126976K, used 672K [0x00000000f8300000, 0x0000000100000000, 0x0000000100000000)
  eden space 125952K, 0% used [0x00000000f8300000,0x00000000f8300000,0x00000000ffe00000)
  from space 1024K, 65% used [0x00000000fff00000,0x00000000fffa8000,0x0000000100000000)
  to   space 1024K, 0% used [0x00000000ffe00000,0x00000000ffe00000,0x00000000fff00000)
 ParOldGen       total 134144K, used 77429K [0x00000000f0000000, 0x00000000f8300000, 0x00000000f8300000)
  object space 134144K, 57% used [0x00000000f0000000,0x00000000f4b9d4c8,0x00000000f8300000)
 Metaspace       used 52866K, capacity 55968K, committed 56192K, reserved 1097728K
  class space    used 6448K, capacity 6998K, committed 7040K, reserved 1048576K
}
{Heap before GC invocations=765 (full 0):
 PSYoungGen      total 126976K, used 126624K [0x00000000f8300000, 0x0000000100000000, 0x0000000100000000)
  eden space 125952K, 100% used [0x00000000f8300000,0x00000000ffe00000,0x00000000ffe00000)
  from space 1024K, 65% used [0x00000000fff00000,0x00000000fffa8000,0x0000000100000000)
  to   space 1024K, 0% used [0x00000000ffe00000,0x00000000ffe00000,0x00000000fff00000)
 ParOldGen       total 134144K, used 77429K [0x00000000f0000000, 0x00000000f8300000, 0x00000000f8300000)
  object space 134144K, 57% used [0x00000000f0000000,0x00000000f4b9d4c8,0x00000000f8300000)
 Metaspace       used 52866K, capacity 55968K, committed 56192K, reserved 1097728K
  class space    used 6448K, capacity 6998K, committed 7040K, reserved 1048576K
2023-10-03T01:18:02.212+0800: 681.916: [GC (Allocation Failure) [PSYoungGen: 126624K->640K(126976K)] 204053K->78149K(261120K), 0.0069808 secs] [Times: user=0.03 sys=0.00, real=0.00 secs] 
Heap after GC invocations=765 (full 0):
 PSYoungGen      total 126976K, used 640K [0x00000000f8300000, 0x0000000100000000, 0x0000000100000000)
  eden space 125952K, 0% used [0x00000000f8300000,0x00000000f8300000,0x00000000ffe00000)
  from space 1024K, 62% used [0x00000000ffe00000,0x00000000ffea0000,0x00000000fff00000)
  to   space 1024K, 0% used [0x00000000fff00000,0x00000000fff00000,0x0000000100000000)
 ParOldGen       total 134144K, used 77509K [0x00000000f0000000, 0x00000000f8300000, 0x00000000f8300000)
  object space 134144K, 57% used [0x00000000f0000000,0x00000000f4bb14c8,0x00000000f8300000)
 Metaspace       used 52866K, capacity 55968K, committed 56192K, reserved 1097728K
  class space    used 6448K, capacity 6998K, committed 7040K, reserved 1048576K
}
{Heap before GC invocations=766 (full 0):
 PSYoungGen      total 126976K, used 126592K [0x00000000f8300000, 0x0000000100000000, 0x0000000100000000)
  eden space 125952K, 100% used [0x00000000f8300000,0x00000000ffe00000,0x00000000ffe00000)
  from space 1024K, 62% used [0x00000000ffe00000,0x00000000ffea0000,0x00000000fff00000)
  to   space 1024K, 0% used [0x00000000fff00000,0x00000000fff00000,0x0000000100000000)
 ParOldGen       total 134144K, used 77509K [0x00000000f0000000, 0x00000000f8300000, 0x00000000f8300000)
  object space 134144K, 57% used [0x00000000f0000000,0x00000000f4bb14c8,0x00000000f8300000)
 Metaspace       used 52866K, capacity 55968K, committed 56192K, reserved 1097728K
  class space    used 6448K, capacity 6998K, committed 7040K, reserved 1048576K
2023-10-03T01:18:02.836+0800: 682.541: [GC (Allocation Failure) [PSYoungGen: 126592K->640K(126976K)] 204101K->78229K(261120K), 0.0071740 secs] [Times: user=0.04 sys=0.00, real=0.01 secs] 
Heap after GC invocations=766 (full 0):
 PSYoungGen      total 126976K, used 640K [0x00000000f8300000, 0x0000000100000000, 0x0000000100000000)
  eden space 125952K, 0% used [0x00000000f8300000,0x00000000f8300000,0x00000000ffe00000)
  from space 1024K, 62% used [0x00000000fff00000,0x00000000fffa0000,0x0000000100000000)
  to   space 1024K, 0% used [0x00000000ffe00000,0x00000000ffe00000,0x00000000fff00000)
 ParOldGen       total 134144K, used 77589K [0x00000000f0000000, 0x00000000f8300000, 0x00000000f8300000)
  object space 134144K, 57% used [0x00000000f0000000,0x00000000f4bc54c8,0x00000000f8300000)
 Metaspace       used 52866K, capacity 55968K, committed 56192K, reserved 1097728K
  class space    used 6448K, capacity 6998K, committed 7040K, reserved 1048576K
}
{Heap before GC invocations=767 (full 0):
 PSYoungGen      total 126976K, used 126592K [0x00000000f8300000, 0x0000000100000000, 0x0000000100000000)
  eden space 125952K, 100% used [0x00000000f8300000,0x00000000ffe00000,0x00000000ffe00000)
  from space 1024K, 62% used [0x00000000fff00000,0x00000000fffa0000,0x0000000100000000)
  to   space 1024K, 0% used [0x00000000ffe00000,0x00000000ffe00000,0x00000000fff00000)
 ParOldGen       total 134144K, used 77589K [0x00000000f0000000, 0x00000000f8300000, 0x00000000f8300000)
  object space 134144K, 57% used [0x00000000f0000000,0x00000000f4bc54c8,0x00000000f8300000)
 Metaspace       used 52866K, capacity 55968K, committed 56192K, reserved 1097728K
  class space    used 6448K, capacity 6998K, committed 7040K, reserved 1048576K
2023-10-03T01:18:03.476+0800: 683.181: [GC (Allocation Failure) [PSYoungGen: 126592K->672K(126976K)] 204181K->78349K(261120K), 0.0069949 secs] [Times: user=0.04 sys=0.00, real=0.01 secs] 
Heap after GC invocations=767 (full 0):
 PSYoungGen      total 126976K, used 672K [0x00000000f8300000, 0x0000000100000000, 0x0000000100000000)
  eden space 125952K, 0% used [0x00000000f8300000,0x00000000f8300000,0x00000000ffe00000)
  from space 1024K, 65% used [0x00000000ffe00000,0x00000000ffea8000,0x00000000fff00000)
  to   space 1024K, 0% used [0x00000000fff00000,0x00000000fff00000,0x0000000100000000)
 ParOldGen       total 134144K, used 77677K [0x00000000f0000000, 0x00000000f8300000, 0x00000000f8300000)
  object space 134144K, 57% used [0x00000000f0000000,0x00000000f4bdb4c8,0x00000000f8300000)
 Metaspace       used 52866K, capacity 55968K, committed 56192K, reserved 1097728K
  class space    used 6448K, capacity 6998K, committed 7040K, reserved 1048576K
}
{Heap before GC invocations=768 (full 0):
 PSYoungGen      total 126976K, used 126624K [0x00000000f8300000, 0x0000000100000000, 0x0000000100000000)
  eden space 125952K, 100% used [0x00000000f8300000,0x00000000ffe00000,0x00000000ffe00000)
  from space 1024K, 65% used [0x00000000ffe00000,0x00000000ffea8000,0x00000000fff00000)
  to   space 1024K, 0% used [0x00000000fff00000,0x00000000fff00000,0x0000000100000000)
 ParOldGen       total 134144K, used 77677K [0x00000000f0000000, 0x00000000f8300000, 0x00000000f8300000)
  object space 134144K, 57% used [0x00000000f0000000,0x00000000f4bdb4c8,0x00000000f8300000)
 Metaspace       used 52866K, capacity 55968K, committed 56192K, reserved 1097728K
  class space    used 6448K, capacity 6998K, committed 7040K, reserved 1048576K
2023-10-03T01:18:04.128+0800: 683.832: [GC (Allocation Failure) [PSYoungGen: 126624K->672K(126976K)] 204301K->78421K(261120K), 0.0068734 secs] [Times: user=0.04 sys=0.00, real=0.01 secs] 
Heap after GC invocations=768 (full 0):
 PSYoungGen      total 126976K, used 672K [0x00000000f8300000, 0x0000000100000000, 0x0000000100000000)
  eden space 125952K, 0% used [0x00000000f8300000,0x00000000f8300000,0x00000000ffe00000)
  from space 1024K, 65% used [0x00000000fff00000,0x00000000fffa8000,0x0000000100000000)
  to   space 1024K, 0% used [0x00000000ffe00000,0x00000000ffe00000,0x00000000fff00000)
 ParOldGen       total 134144K, used 77749K [0x00000000f0000000, 0x00000000f8300000, 0x00000000f8300000)
  object space 134144K, 57% used [0x00000000f0000000,0x00000000f4bed4c8,0x00000000f8300000)
 Metaspace       used 52866K, capacity 55968K, committed 56192K, reserved 1097728K
  class space    used 6448K, capacity 6998K, committed 7040K, reserved 1048576K
}
{Heap before GC invocations=769 (full 0):
 PSYoungGen      total 126976K, used 126624K [0x00000000f8300000, 0x0000000100000000, 0x0000000100000000)
  eden space 125952K, 100% used [0x00000000f8300000,0x00000000ffe00000,0x00000000ffe00000)
  from space 1024K, 65% used [0x00000000fff00000,0x00000000fffa8000,0x0000000100000000)
  to   space 1024K, 0% used [0x00000000ffe00000,0x00000000ffe00000,0x00000000fff00000)
 ParOldGen       total 134144K, used 77749K [0x00000000f0000000, 0x00000000f8300000, 0x00000000f8300000)
  object space 134144K, 57% used [0x00000000f0000000,0x00000000f4bed4c8,0x00000000f8300000)
 Metaspace       used 52866K, capacity 55968K, committed 56192K, reserved 1097728K
  class space    used 6448K, capacity 6998K, committed 7040K, reserved 1048576K
2023-10-03T01:18:04.763+0800: 684.467: [GC (Allocation Failure) [PSYoungGen: 126624K->640K(126976K)] 204373K->78445K(261120K), 0.0067990 secs] [Times: user=0.03 sys=0.00, real=0.00 secs] 
Heap after GC invocations=769 (full 0):
 PSYoungGen      total 126976K, used 640K [0x00000000f8300000, 0x0000000100000000, 0x0000000100000000)
  eden space 125952K, 0% used [0x00000000f8300000,0x00000000f8300000,0x00000000ffe00000)
  from space 1024K, 62% used [0x00000000ffe00000,0x00000000ffea0000,0x00000000fff00000)
  to   space 1024K, 0% used [0x00000000fff00000,0x00000000fff00000,0x0000000100000000)
 ParOldGen       total 134144K, used 77805K [0x00000000f0000000, 0x00000000f8300000, 0x00000000f8300000)
  object space 134144K, 58% used [0x00000000f0000000,0x00000000f4bfb4c8,0x00000000f8300000)
 Metaspace       used 52866K, capacity 55968K, committed 56192K, reserved 1097728K
  class space    used 6448K, capacity 6998K, committed 7040K, reserved 1048576K
}
{Heap before GC invocations=770 (full 0):
 PSYoungGen      total 126976K, used 126592K [0x00000000f8300000, 0x0000000100000000, 0x0000000100000000)
  eden space 125952K, 100% used [0x00000000f8300000,0x00000000ffe00000,0x00000000ffe00000)
  from space 1024K, 62% used [0x00000000ffe00000,0x00000000ffea0000,0x00000000fff00000)
  to   space 1024K, 0% used [0x00000000fff00000,0x00000000fff00000,0x0000000100000000)
 ParOldGen       total 134144K, used 77805K [0x00000000f0000000, 0x00000000f8300000, 0x00000000f8300000)
  object space 134144K, 58% used [0x00000000f0000000,0x00000000f4bfb4c8,0x00000000f8300000)
 Metaspace       used 52866K, capacity 55968K, committed 56192K, reserved 1097728K
  class space    used 6448K, capacity 6998K, committed 7040K, reserved 1048576K
2023-10-03T01:18:05.411+0800: 685.116: [GC (Allocation Failure) [PSYoungGen: 126592K->672K(126976K)] 204397K->78557K(261120K), 0.0076141 secs] [Times: user=0.04 sys=0.00, real=0.01 secs] 
Heap after GC invocations=770 (full 0):
 PSYoungGen      total 126976K, used 672K [0x00000000f8300000, 0x0000000100000000, 0x0000000100000000)
  eden space 125952K, 0% used [0x00000000f8300000,0x00000000f8300000,0x00000000ffe00000)
  from space 1024K, 65% used [0x00000000fff00000,0x00000000fffa8000,0x0000000100000000)
  to   space 1024K, 0% used [0x00000000ffe00000,0x00000000ffe00000,0x00000000fff00000)
 ParOldGen       total 134144K, used 77885K [0x00000000f0000000, 0x00000000f8300000, 0x00000000f8300000)
  object space 134144K, 58% used [0x00000000f0000000,0x00000000f4c0f4c8,0x00000000f8300000)
 Metaspace       used 52866K, capacity 55968K, committed 56192K, reserved 1097728K
  class space    used 6448K, capacity 6998K, committed 7040K, reserved 1048576K
}
{Heap before GC invocations=771 (full 0):
 PSYoungGen      total 126976K, used 126624K [0x00000000f8300000, 0x0000000100000000, 0x0000000100000000)
  eden space 125952K, 100% used [0x00000000f8300000,0x00000000ffe00000,0x00000000ffe00000)
  from space 1024K, 65% used [0x00000000fff00000,0x00000000fffa8000,0x0000000100000000)
  to   space 1024K, 0% used [0x00000000ffe00000,0x00000000ffe00000,0x00000000fff00000)
 ParOldGen       total 134144K, used 77885K [0x00000000f0000000, 0x00000000f8300000, 0x00000000f8300000)
  object space 134144K, 58% used [0x00000000f0000000,0x00000000f4c0f4c8,0x00000000f8300000)
 Metaspace       used 52866K, capacity 55968K, committed 56192K, reserved 1097728K
  class space    used 6448K, capacity 6998K, committed 7040K, reserved 1048576K
2023-10-03T01:18:05.999+0800: 685.703: [GC (Allocation Failure) [PSYoungGen: 126624K->672K(126976K)] 204509K->78645K(261120K), 0.0067562 secs] [Times: user=0.04 sys=0.00, real=0.01 secs] 
Heap after GC invocations=771 (full 0):
 PSYoungGen      total 126976K, used 672K [0x00000000f8300000, 0x0000000100000000, 0x0000000100000000)
  eden space 125952K, 0% used [0x00000000f8300000,0x00000000f8300000,0x00000000ffe00000)
  from space 1024K, 65% used [0x00000000ffe00000,0x00000000ffea8000,0x00000000fff00000)
  to   space 1024K, 0% used [0x00000000fff00000,0x00000000fff00000,0x0000000100000000)
 ParOldGen       total 134144K, used 77973K [0x00000000f0000000, 0x00000000f8300000, 0x00000000f8300000)
  object space 134144K, 58% used [0x00000000f0000000,0x00000000f4c254c8,0x00000000f8300000)
 Metaspace       used 52866K, capacity 55968K, committed 56192K, reserved 1097728K
  class space    used 6448K, capacity 6998K, committed 7040K, reserved 1048576K
}
{Heap before GC invocations=772 (full 0):
 PSYoungGen      total 126976K, used 126624K [0x00000000f8300000, 0x0000000100000000, 0x0000000100000000)
  eden space 125952K, 100% used [0x00000000f8300000,0x00000000ffe00000,0x00000000ffe00000)
  from space 1024K, 65% used [0x00000000ffe00000,0x00000000ffea8000,0x00000000fff00000)
  to   space 1024K, 0% used [0x00000000fff00000,0x00000000fff00000,0x0000000100000000)
 ParOldGen       total 134144K, used 77973K [0x00000000f0000000, 0x00000000f8300000, 0x00000000f8300000)
  object space 134144K, 58% used [0x00000000f0000000,0x00000000f4c254c8,0x00000000f8300000)
 Metaspace       used 52866K, capacity 55968K, committed 56192K, reserved 1097728K
  class space    used 6448K, capacity 6998K, committed 7040K, reserved 1048576K
2023-10-03T01:18:06.593+0800: 686.298: [GC (Allocation Failure) [PSYoungGen: 126624K->640K(126976K)] 204597K->78701K(261120K), 0.0069459 secs] [Times: user=0.04 sys=0.00, real=0.00 secs] 
Heap after GC invocations=772 (full 0):
 PSYoungGen      total 126976K, used 640K [0x00000000f8300000, 0x0000000100000000, 0x0000000100000000)
  eden space 125952K, 0% used [0x00000000f8300000,0x00000000f8300000,0x00000000ffe00000)
  from space 1024K, 62% used [0x00000000fff00000,0x00000000fffa0000,0x0000000100000000)
  to   space 1024K, 0% used [0x00000000ffe00000,0x00000000ffe00000,0x00000000fff00000)
 ParOldGen       total 134144K, used 78061K [0x00000000f0000000, 0x00000000f8300000, 0x00000000f8300000)
  object space 134144K, 58% used [0x00000000f0000000,0x00000000f4c3b4c8,0x00000000f8300000)
 Metaspace       used 52866K, capacity 55968K, committed 56192K, reserved 1097728K
  class space    used 6448K, capacity 6998K, committed 7040K, reserved 1048576K
}
{Heap before GC invocations=773 (full 0):
 PSYoungGen      total 126976K, used 126592K [0x00000000f8300000, 0x0000000100000000, 0x0000000100000000)
  eden space 125952K, 100% used [0x00000000f8300000,0x00000000ffe00000,0x00000000ffe00000)
  from space 1024K, 62% used [0x00000000fff00000,0x00000000fffa0000,0x0000000100000000)
  to   space 1024K, 0% used [0x00000000ffe00000,0x00000000ffe00000,0x00000000fff00000)
 ParOldGen       total 134144K, used 78061K [0x00000000f0000000, 0x00000000f8300000, 0x00000000f8300000)
  object space 134144K, 58% used [0x00000000f0000000,0x00000000f4c3b4c8,0x00000000f8300000)
 Metaspace       used 52866K, capacity 55968K, committed 56192K, reserved 1097728K
  class space    used 6448K, capacity 6998K, committed 7040K, reserved 1048576K
2023-10-03T01:18:07.229+0800: 686.934: [GC (Allocation Failure) [PSYoungGen: 126592K->640K(126976K)] 204653K->78781K(261120K), 0.0068591 secs] [Times: user=0.04 sys=0.00, real=0.01 secs] 
Heap after GC invocations=773 (full 0):
 PSYoungGen      total 126976K, used 640K [0x00000000f8300000, 0x0000000100000000, 0x0000000100000000)
  eden space 125952K, 0% used [0x00000000f8300000,0x00000000f8300000,0x00000000ffe00000)
  from space 1024K, 62% used [0x00000000ffe00000,0x00000000ffea0000,0x00000000fff00000)
  to   space 1024K, 0% used [0x00000000fff00000,0x00000000fff00000,0x0000000100000000)
 ParOldGen       total 134144K, used 78141K [0x00000000f0000000, 0x00000000f8300000, 0x00000000f8300000)
  object space 134144K, 58% used [0x00000000f0000000,0x00000000f4c4f4c8,0x00000000f8300000)
 Metaspace       used 52866K, capacity 55968K, committed 56192K, reserved 1097728K
  class space    used 6448K, capacity 6998K, committed 7040K, reserved 1048576K
}
{Heap before GC invocations=774 (full 0):
 PSYoungGen      total 126976K, used 126592K [0x00000000f8300000, 0x0000000100000000, 0x0000000100000000)
  eden space 125952K, 100% used [0x00000000f8300000,0x00000000ffe00000,0x00000000ffe00000)
  from space 1024K, 62% used [0x00000000ffe00000,0x00000000ffea0000,0x00000000fff00000)
  to   space 1024K, 0% used [0x00000000fff00000,0x00000000fff00000,0x0000000100000000)
 ParOldGen       total 134144K, used 78141K [0x00000000f0000000, 0x00000000f8300000, 0x00000000f8300000)
  object space 134144K, 58% used [0x00000000f0000000,0x00000000f4c4f4c8,0x00000000f8300000)
 Metaspace       used 52866K, capacity 55968K, committed 56192K, reserved 1097728K
  class space    used 6448K, capacity 6998K, committed 7040K, reserved 1048576K
2023-10-03T01:18:07.855+0800: 687.560: [GC (Allocation Failure) [PSYoungGen: 126592K->672K(126976K)] 204733K->78893K(261120K), 0.0068818 secs] [Times: user=0.04 sys=0.00, real=0.01 secs] 
Heap after GC invocations=774 (full 0):
 PSYoungGen      total 126976K, used 672K [0x00000000f8300000, 0x0000000100000000, 0x0000000100000000)
  eden space 125952K, 0% used [0x00000000f8300000,0x00000000f8300000,0x00000000ffe00000)
  from space 1024K, 65% used [0x00000000fff00000,0x00000000fffa8000,0x0000000100000000)
  to   space 1024K, 0% used [0x00000000ffe00000,0x00000000ffe00000,0x00000000fff00000)
 ParOldGen       total 134144K, used 78221K [0x00000000f0000000, 0x00000000f8300000, 0x00000000f8300000)
  object space 134144K, 58% used [0x00000000f0000000,0x00000000f4c634c8,0x00000000f8300000)
 Metaspace       used 52866K, capacity 55968K, committed 56192K, reserved 1097728K
  class space    used 6448K, capacity 6998K, committed 7040K, reserved 1048576K
}
{Heap before GC invocations=775 (full 0):
 PSYoungGen      total 126976K, used 126624K [0x00000000f8300000, 0x0000000100000000, 0x0000000100000000)
  eden space 125952K, 100% used [0x00000000f8300000,0x00000000ffe00000,0x00000000ffe00000)
  from space 1024K, 65% used [0x00000000fff00000,0x00000000fffa8000,0x0000000100000000)
  to   space 1024K, 0% used [0x00000000ffe00000,0x00000000ffe00000,0x00000000fff00000)
 ParOldGen       total 134144K, used 78221K [0x00000000f0000000, 0x00000000f8300000, 0x00000000f8300000)
  object space 134144K, 58% used [0x00000000f0000000,0x00000000f4c634c8,0x00000000f8300000)
 Metaspace       used 52866K, capacity 55968K, committed 56192K, reserved 1097728K
  class space    used 6448K, capacity 6998K, committed 7040K, reserved 1048576K
2023-10-03T01:18:08.467+0800: 688.172: [GC (Allocation Failure) [PSYoungGen: 126624K->672K(126976K)] 204845K->78965K(261120K), 0.0068256 secs] [Times: user=0.03 sys=0.01, real=0.01 secs] 
Heap after GC invocations=775 (full 0):
 PSYoungGen      total 126976K, used 672K [0x00000000f8300000, 0x0000000100000000, 0x0000000100000000)
  eden space 125952K, 0% used [0x00000000f8300000,0x00000000f8300000,0x00000000ffe00000)
  from space 1024K, 65% used [0x00000000ffe00000,0x00000000ffea8000,0x00000000fff00000)
  to   space 1024K, 0% used [0x00000000fff00000,0x00000000fff00000,0x0000000100000000)
 ParOldGen       total 134144K, used 78293K [0x00000000f0000000, 0x00000000f8300000, 0x00000000f8300000)
  object space 134144K, 58% used [0x00000000f0000000,0x00000000f4c754c8,0x00000000f8300000)
 Metaspace       used 52866K, capacity 55968K, committed 56192K, reserved 1097728K
  class space    used 6448K, capacity 6998K, committed 7040K, reserved 1048576K
}
{Heap before GC invocations=776 (full 0):
 PSYoungGen      total 126976K, used 126623K [0x00000000f8300000, 0x0000000100000000, 0x0000000100000000)
  eden space 125952K, 99% used [0x00000000f8300000,0x00000000ffdffff8,0x00000000ffe00000)
  from space 1024K, 65% used [0x00000000ffe00000,0x00000000ffea8000,0x00000000fff00000)
  to   space 1024K, 0% used [0x00000000fff00000,0x00000000fff00000,0x0000000100000000)
 ParOldGen       total 134144K, used 78293K [0x00000000f0000000, 0x00000000f8300000, 0x00000000f8300000)
  object space 134144K, 58% used [0x00000000f0000000,0x00000000f4c754c8,0x00000000f8300000)
 Metaspace       used 52866K, capacity 55968K, committed 56192K, reserved 1097728K
  class space    used 6448K, capacity 6998K, committed 7040K, reserved 1048576K
2023-10-03T01:18:09.096+0800: 688.801: [GC (Allocation Failure) [PSYoungGen: 126623K->704K(126976K)] 204917K->79069K(261120K), 0.0071812 secs] [Times: user=0.03 sys=0.00, real=0.01 secs] 
Heap after GC invocations=776 (full 0):
 PSYoungGen      total 126976K, used 704K [0x00000000f8300000, 0x0000000100000000, 0x0000000100000000)
  eden space 125952K, 0% used [0x00000000f8300000,0x00000000f8300000,0x00000000ffe00000)
  from space 1024K, 68% used [0x00000000fff00000,0x00000000fffb0000,0x0000000100000000)
  to   space 1024K, 0% used [0x00000000ffe00000,0x00000000ffe00000,0x00000000fff00000)
 ParOldGen       total 134144K, used 78365K [0x00000000f0000000, 0x00000000f8300000, 0x00000000f8300000)
  object space 134144K, 58% used [0x00000000f0000000,0x00000000f4c874c8,0x00000000f8300000)
 Metaspace       used 52866K, capacity 55968K, committed 56192K, reserved 1097728K
  class space    used 6448K, capacity 6998K, committed 7040K, reserved 1048576K
}
{Heap before GC invocations=777 (full 0):
 PSYoungGen      total 126976K, used 126656K [0x00000000f8300000, 0x0000000100000000, 0x0000000100000000)
  eden space 125952K, 100% used [0x00000000f8300000,0x00000000ffe00000,0x00000000ffe00000)
  from space 1024K, 68% used [0x00000000fff00000,0x00000000fffb0000,0x0000000100000000)
  to   space 1024K, 0% used [0x00000000ffe00000,0x00000000ffe00000,0x00000000fff00000)
 ParOldGen       total 134144K, used 78365K [0x00000000f0000000, 0x00000000f8300000, 0x00000000f8300000)
  object space 134144K, 58% used [0x00000000f0000000,0x00000000f4c874c8,0x00000000f8300000)
 Metaspace       used 52866K, capacity 55968K, committed 56192K, reserved 1097728K
  class space    used 6448K, capacity 6998K, committed 7040K, reserved 1048576K
2023-10-03T01:18:09.740+0800: 689.445: [GC (Allocation Failure) [PSYoungGen: 126656K->640K(126976K)] 205021K->79093K(261120K), 0.0068765 secs] [Times: user=0.03 sys=0.00, real=0.01 secs] 
Heap after GC invocations=777 (full 0):
 PSYoungGen      total 126976K, used 640K [0x00000000f8300000, 0x0000000100000000, 0x0000000100000000)
  eden space 125952K, 0% used [0x00000000f8300000,0x00000000f8300000,0x00000000ffe00000)
  from space 1024K, 62% used [0x00000000ffe00000,0x00000000ffea0000,0x00000000fff00000)
  to   space 1024K, 0% used [0x00000000fff00000,0x00000000fff00000,0x0000000100000000)
 ParOldGen       total 134144K, used 78453K [0x00000000f0000000, 0x00000000f8300000, 0x00000000f8300000)
  object space 134144K, 58% used [0x00000000f0000000,0x00000000f4c9d4c8,0x00000000f8300000)
 Metaspace       used 52866K, capacity 55968K, committed 56192K, reserved 1097728K
  class space    used 6448K, capacity 6998K, committed 7040K, reserved 1048576K
}
{Heap before GC invocations=778 (full 0):
 PSYoungGen      total 126976K, used 126592K [0x00000000f8300000, 0x0000000100000000, 0x0000000100000000)
  eden space 125952K, 100% used [0x00000000f8300000,0x00000000ffe00000,0x00000000ffe00000)
  from space 1024K, 62% used [0x00000000ffe00000,0x00000000ffea0000,0x00000000fff00000)
  to   space 1024K, 0% used [0x00000000fff00000,0x00000000fff00000,0x0000000100000000)
 ParOldGen       total 134144K, used 78453K [0x00000000f0000000, 0x00000000f8300000, 0x00000000f8300000)
  object space 134144K, 58% used [0x00000000f0000000,0x00000000f4c9d4c8,0x00000000f8300000)
 Metaspace       used 52866K, capacity 55968K, committed 56192K, reserved 1097728K
  class space    used 6448K, capacity 6998K, committed 7040K, reserved 1048576K
2023-10-03T01:18:10.382+0800: 690.087: [GC (Allocation Failure) [PSYoungGen: 126592K->672K(126976K)] 205045K->79205K(261120K), 0.0066921 secs] [Times: user=0.04 sys=0.00, real=0.00 secs] 
Heap after GC invocations=778 (full 0):
 PSYoungGen      total 126976K, used 672K [0x00000000f8300000, 0x0000000100000000, 0x0000000100000000)
  eden space 125952K, 0% used [0x00000000f8300000,0x00000000f8300000,0x00000000ffe00000)
  from space 1024K, 65% used [0x00000000fff00000,0x00000000fffa8000,0x0000000100000000)
  to   space 1024K, 0% used [0x00000000ffe00000,0x00000000ffe00000,0x00000000fff00000)
 ParOldGen       total 134144K, used 78533K [0x00000000f0000000, 0x00000000f8300000, 0x00000000f8300000)
  object space 134144K, 58% used [0x00000000f0000000,0x00000000f4cb14c8,0x00000000f8300000)
 Metaspace       used 52866K, capacity 55968K, committed 56192K, reserved 1097728K
  class space    used 6448K, capacity 6998K, committed 7040K, reserved 1048576K
}
{Heap before GC invocations=779 (full 0):
 PSYoungGen      total 126976K, used 126624K [0x00000000f8300000, 0x0000000100000000, 0x0000000100000000)
  eden space 125952K, 100% used [0x00000000f8300000,0x00000000ffe00000,0x00000000ffe00000)
  from space 1024K, 65% used [0x00000000fff00000,0x00000000fffa8000,0x0000000100000000)
  to   space 1024K, 0% used [0x00000000ffe00000,0x00000000ffe00000,0x00000000fff00000)
 ParOldGen       total 134144K, used 78533K [0x00000000f0000000, 0x00000000f8300000, 0x00000000f8300000)
  object space 134144K, 58% used [0x00000000f0000000,0x00000000f4cb14c8,0x00000000f8300000)
 Metaspace       used 52866K, capacity 55968K, committed 56192K, reserved 1097728K
  class space    used 6448K, capacity 6998K, committed 7040K, reserved 1048576K
2023-10-03T01:18:11.012+0800: 690.717: [GC (Allocation Failure) [PSYoungGen: 126624K->672K(126976K)] 205157K->79277K(261120K), 0.0062508 secs] [Times: user=0.04 sys=0.00, real=0.00 secs] 
Heap after GC invocations=779 (full 0):
 PSYoungGen      total 126976K, used 672K [0x00000000f8300000, 0x0000000100000000, 0x0000000100000000)
  eden space 125952K, 0% used [0x00000000f8300000,0x00000000f8300000,0x00000000ffe00000)
  from space 1024K, 65% used [0x00000000ffe00000,0x00000000ffea8000,0x00000000fff00000)
  to   space 1024K, 0% used [0x00000000fff00000,0x00000000fff00000,0x0000000100000000)
 ParOldGen       total 134144K, used 78605K [0x00000000f0000000, 0x00000000f8300000, 0x00000000f8300000)
  object space 134144K, 58% used [0x00000000f0000000,0x00000000f4cc34c8,0x00000000f8300000)
 Metaspace       used 52866K, capacity 55968K, committed 56192K, reserved 1097728K
  class space    used 6448K, capacity 6998K, committed 7040K, reserved 1048576K
}
{Heap before GC invocations=780 (full 0):
 PSYoungGen      total 126976K, used 126624K [0x00000000f8300000, 0x0000000100000000, 0x0000000100000000)
  eden space 125952K, 100% used [0x00000000f8300000,0x00000000ffe00000,0x00000000ffe00000)
  from space 1024K, 65% used [0x00000000ffe00000,0x00000000ffea8000,0x00000000fff00000)
  to   space 1024K, 0% used [0x00000000fff00000,0x00000000fff00000,0x0000000100000000)
 ParOldGen       total 134144K, used 78605K [0x00000000f0000000, 0x00000000f8300000, 0x00000000f8300000)
  object space 134144K, 58% used [0x00000000f0000000,0x00000000f4cc34c8,0x00000000f8300000)
 Metaspace       used 52866K, capacity 55968K, committed 56192K, reserved 1097728K
  class space    used 6448K, capacity 6998K, committed 7040K, reserved 1048576K
2023-10-03T01:18:11.657+0800: 691.361: [GC (Allocation Failure) [PSYoungGen: 126624K->672K(126976K)] 205229K->79365K(261120K), 0.0070594 secs] [Times: user=0.03 sys=0.00, real=0.01 secs] 
Heap after GC invocations=780 (full 0):
 PSYoungGen      total 126976K, used 672K [0x00000000f8300000, 0x0000000100000000, 0x0000000100000000)
  eden space 125952K, 0% used [0x00000000f8300000,0x00000000f8300000,0x00000000ffe00000)
  from space 1024K, 65% used [0x00000000fff00000,0x00000000fffa8000,0x0000000100000000)
  to   space 1024K, 0% used [0x00000000ffe00000,0x00000000ffe00000,0x00000000fff00000)
 ParOldGen       total 134144K, used 78693K [0x00000000f0000000, 0x00000000f8300000, 0x00000000f8300000)
  object space 134144K, 58% used [0x00000000f0000000,0x00000000f4cd94c8,0x00000000f8300000)
 Metaspace       used 52866K, capacity 55968K, committed 56192K, reserved 1097728K
  class space    used 6448K, capacity 6998K, committed 7040K, reserved 1048576K
}
{Heap before GC invocations=781 (full 0):
 PSYoungGen      total 126976K, used 126624K [0x00000000f8300000, 0x0000000100000000, 0x0000000100000000)
  eden space 125952K, 100% used [0x00000000f8300000,0x00000000ffe00000,0x00000000ffe00000)
  from space 1024K, 65% used [0x00000000fff00000,0x00000000fffa8000,0x0000000100000000)
  to   space 1024K, 0% used [0x00000000ffe00000,0x00000000ffe00000,0x00000000fff00000)
 ParOldGen       total 134144K, used 78693K [0x00000000f0000000, 0x00000000f8300000, 0x00000000f8300000)
  object space 134144K, 58% used [0x00000000f0000000,0x00000000f4cd94c8,0x00000000f8300000)
 Metaspace       used 52866K, capacity 55968K, committed 56192K, reserved 1097728K
  class space    used 6448K, capacity 6998K, committed 7040K, reserved 1048576K
2023-10-03T01:18:12.293+0800: 691.997: [GC (Allocation Failure) [PSYoungGen: 126624K->672K(126976K)] 205317K->79421K(261120K), 0.0069365 secs] [Times: user=0.04 sys=0.00, real=0.00 secs] 
Heap after GC invocations=781 (full 0):
 PSYoungGen      total 126976K, used 672K [0x00000000f8300000, 0x0000000100000000, 0x0000000100000000)
  eden space 125952K, 0% used [0x00000000f8300000,0x00000000f8300000,0x00000000ffe00000)
  from space 1024K, 65% used [0x00000000ffe00000,0x00000000ffea8000,0x00000000fff00000)
  to   space 1024K, 0% used [0x00000000fff00000,0x00000000fff00000,0x0000000100000000)
 ParOldGen       total 134144K, used 78749K [0x00000000f0000000, 0x00000000f8300000, 0x00000000f8300000)
  object space 134144K, 58% used [0x00000000f0000000,0x00000000f4ce74c8,0x00000000f8300000)
 Metaspace       used 52866K, capacity 55968K, committed 56192K, reserved 1097728K
  class space    used 6448K, capacity 6998K, committed 7040K, reserved 1048576K
}
{Heap before GC invocations=782 (full 0):
 PSYoungGen      total 126976K, used 126624K [0x00000000f8300000, 0x0000000100000000, 0x0000000100000000)
  eden space 125952K, 100% used [0x00000000f8300000,0x00000000ffe00000,0x00000000ffe00000)
  from space 1024K, 65% used [0x00000000ffe00000,0x00000000ffea8000,0x00000000fff00000)
  to   space 1024K, 0% used [0x00000000fff00000,0x00000000fff00000,0x0000000100000000)
 ParOldGen       total 134144K, used 78749K [0x00000000f0000000, 0x00000000f8300000, 0x00000000f8300000)
  object space 134144K, 58% used [0x00000000f0000000,0x00000000f4ce74c8,0x00000000f8300000)
 Metaspace       used 52866K, capacity 55968K, committed 56192K, reserved 1097728K
  class space    used 6448K, capacity 6998K, committed 7040K, reserved 1048576K
2023-10-03T01:18:12.919+0800: 692.623: [GC (Allocation Failure) [PSYoungGen: 126624K->640K(126976K)] 205373K->79477K(261120K), 0.0070896 secs] [Times: user=0.04 sys=0.00, real=0.01 secs] 
Heap after GC invocations=782 (full 0):
 PSYoungGen      total 126976K, used 640K [0x00000000f8300000, 0x0000000100000000, 0x0000000100000000)
  eden space 125952K, 0% used [0x00000000f8300000,0x00000000f8300000,0x00000000ffe00000)
  from space 1024K, 62% used [0x00000000fff00000,0x00000000fffa0000,0x0000000100000000)
  to   space 1024K, 0% used [0x00000000ffe00000,0x00000000ffe00000,0x00000000fff00000)
 ParOldGen       total 134144K, used 78837K [0x00000000f0000000, 0x00000000f8300000, 0x00000000f8300000)
  object space 134144K, 58% used [0x00000000f0000000,0x00000000f4cfd4c8,0x00000000f8300000)
 Metaspace       used 52866K, capacity 55968K, committed 56192K, reserved 1097728K
  class space    used 6448K, capacity 6998K, committed 7040K, reserved 1048576K
}
{Heap before GC invocations=783 (full 0):
 PSYoungGen      total 126976K, used 126592K [0x00000000f8300000, 0x0000000100000000, 0x0000000100000000)
  eden space 125952K, 100% used [0x00000000f8300000,0x00000000ffe00000,0x00000000ffe00000)
  from space 1024K, 62% used [0x00000000fff00000,0x00000000fffa0000,0x0000000100000000)
  to   space 1024K, 0% used [0x00000000ffe00000,0x00000000ffe00000,0x00000000fff00000)
 ParOldGen       total 134144K, used 78837K [0x00000000f0000000, 0x00000000f8300000, 0x00000000f8300000)
  object space 134144K, 58% used [0x00000000f0000000,0x00000000f4cfd4c8,0x00000000f8300000)
 Metaspace       used 52866K, capacity 55968K, committed 56192K, reserved 1097728K
  class space    used 6448K, capacity 6998K, committed 7040K, reserved 1048576K
2023-10-03T01:18:13.554+0800: 693.259: [GC (Allocation Failure) [PSYoungGen: 126592K->640K(126976K)] 205429K->79549K(261120K), 0.0072583 secs] [Times: user=0.03 sys=0.00, real=0.01 secs] 
Heap after GC invocations=783 (full 0):
 PSYoungGen      total 126976K, used 640K [0x00000000f8300000, 0x0000000100000000, 0x0000000100000000)
  eden space 125952K, 0% used [0x00000000f8300000,0x00000000f8300000,0x00000000ffe00000)
  from space 1024K, 62% used [0x00000000ffe00000,0x00000000ffea0000,0x00000000fff00000)
  to   space 1024K, 0% used [0x00000000fff00000,0x00000000fff00000,0x0000000100000000)
 ParOldGen       total 134144K, used 78909K [0x00000000f0000000, 0x00000000f8300000, 0x00000000f8300000)
  object space 134144K, 58% used [0x00000000f0000000,0x00000000f4d0f4c8,0x00000000f8300000)
 Metaspace       used 52866K, capacity 55968K, committed 56192K, reserved 1097728K
  class space    used 6448K, capacity 6998K, committed 7040K, reserved 1048576K
}
{Heap before GC invocations=784 (full 0):
 PSYoungGen      total 126976K, used 126592K [0x00000000f8300000, 0x0000000100000000, 0x0000000100000000)
  eden space 125952K, 100% used [0x00000000f8300000,0x00000000ffe00000,0x00000000ffe00000)
  from space 1024K, 62% used [0x00000000ffe00000,0x00000000ffea0000,0x00000000fff00000)
  to   space 1024K, 0% used [0x00000000fff00000,0x00000000fff00000,0x0000000100000000)
 ParOldGen       total 134144K, used 78909K [0x00000000f0000000, 0x00000000f8300000, 0x00000000f8300000)
  object space 134144K, 58% used [0x00000000f0000000,0x00000000f4d0f4c8,0x00000000f8300000)
 Metaspace       used 52866K, capacity 55968K, committed 56192K, reserved 1097728K
  class space    used 6448K, capacity 6998K, committed 7040K, reserved 1048576K
2023-10-03T01:18:14.151+0800: 693.855: [GC (Allocation Failure) [PSYoungGen: 126592K->672K(126976K)] 205501K->79661K(261120K), 0.0052446 secs] [Times: user=0.02 sys=0.00, real=0.02 secs] 
Heap after GC invocations=784 (full 0):
 PSYoungGen      total 126976K, used 672K [0x00000000f8300000, 0x0000000100000000, 0x0000000100000000)
  eden space 125952K, 0% used [0x00000000f8300000,0x00000000f8300000,0x00000000ffe00000)
  from space 1024K, 65% used [0x00000000fff00000,0x00000000fffa8000,0x0000000100000000)
  to   space 1024K, 0% used [0x00000000ffe00000,0x00000000ffe00000,0x00000000fff00000)
 ParOldGen       total 134144K, used 78989K [0x00000000f0000000, 0x00000000f8300000, 0x00000000f8300000)
  object space 134144K, 58% used [0x00000000f0000000,0x00000000f4d234c8,0x00000000f8300000)
 Metaspace       used 52866K, capacity 55968K, committed 56192K, reserved 1097728K
  class space    used 6448K, capacity 6998K, committed 7040K, reserved 1048576K
}
{Heap before GC invocations=785 (full 0):
 PSYoungGen      total 126976K, used 126624K [0x00000000f8300000, 0x0000000100000000, 0x0000000100000000)
  eden space 125952K, 100% used [0x00000000f8300000,0x00000000ffe00000,0x00000000ffe00000)
  from space 1024K, 65% used [0x00000000fff00000,0x00000000fffa8000,0x0000000100000000)
  to   space 1024K, 0% used [0x00000000ffe00000,0x00000000ffe00000,0x00000000fff00000)
 ParOldGen       total 134144K, used 78989K [0x00000000f0000000, 0x00000000f8300000, 0x00000000f8300000)
  object space 134144K, 58% used [0x00000000f0000000,0x00000000f4d234c8,0x00000000f8300000)
 Metaspace       used 52866K, capacity 55968K, committed 56192K, reserved 1097728K
  class space    used 6448K, capacity 6998K, committed 7040K, reserved 1048576K
2023-10-03T01:18:14.794+0800: 694.499: [GC (Allocation Failure) [PSYoungGen: 126624K->672K(126976K)] 205613K->79733K(261120K), 0.0071135 secs] [Times: user=0.04 sys=0.00, real=0.00 secs] 
Heap after GC invocations=785 (full 0):
 PSYoungGen      total 126976K, used 672K [0x00000000f8300000, 0x0000000100000000, 0x0000000100000000)
  eden space 125952K, 0% used [0x00000000f8300000,0x00000000f8300000,0x00000000ffe00000)
  from space 1024K, 65% used [0x00000000ffe00000,0x00000000ffea8000,0x00000000fff00000)
  to   space 1024K, 0% used [0x00000000fff00000,0x00000000fff00000,0x0000000100000000)
 ParOldGen       total 134144K, used 79061K [0x00000000f0000000, 0x00000000f8300000, 0x00000000f8300000)
  object space 134144K, 58% used [0x00000000f0000000,0x00000000f4d354c8,0x00000000f8300000)
 Metaspace       used 52866K, capacity 55968K, committed 56192K, reserved 1097728K
  class space    used 6448K, capacity 6998K, committed 7040K, reserved 1048576K
}
{Heap before GC invocations=786 (full 0):
 PSYoungGen      total 126976K, used 126624K [0x00000000f8300000, 0x0000000100000000, 0x0000000100000000)
  eden space 125952K, 100% used [0x00000000f8300000,0x00000000ffe00000,0x00000000ffe00000)
  from space 1024K, 65% used [0x00000000ffe00000,0x00000000ffea8000,0x00000000fff00000)
  to   space 1024K, 0% used [0x00000000fff00000,0x00000000fff00000,0x0000000100000000)
 ParOldGen       total 134144K, used 79061K [0x00000000f0000000, 0x00000000f8300000, 0x00000000f8300000)
  object space 134144K, 58% used [0x00000000f0000000,0x00000000f4d354c8,0x00000000f8300000)
 Metaspace       used 52866K, capacity 55968K, committed 56192K, reserved 1097728K
  class space    used 6448K, capacity 6998K, committed 7040K, reserved 1048576K
2023-10-03T01:18:15.435+0800: 695.140: [GC (Allocation Failure) [PSYoungGen: 126624K->640K(126976K)] 205685K->79789K(261120K), 0.0072560 secs] [Times: user=0.04 sys=0.00, real=0.01 secs] 
Heap after GC invocations=786 (full 0):
 PSYoungGen      total 126976K, used 640K [0x00000000f8300000, 0x0000000100000000, 0x0000000100000000)
  eden space 125952K, 0% used [0x00000000f8300000,0x00000000f8300000,0x00000000ffe00000)
  from space 1024K, 62% used [0x00000000fff00000,0x00000000fffa0000,0x0000000100000000)
  to   space 1024K, 0% used [0x00000000ffe00000,0x00000000ffe00000,0x00000000fff00000)
 ParOldGen       total 134144K, used 79149K [0x00000000f0000000, 0x00000000f8300000, 0x00000000f8300000)
  object space 134144K, 59% used [0x00000000f0000000,0x00000000f4d4b4c8,0x00000000f8300000)
 Metaspace       used 52866K, capacity 55968K, committed 56192K, reserved 1097728K
  class space    used 6448K, capacity 6998K, committed 7040K, reserved 1048576K
}
{Heap before GC invocations=787 (full 0):
 PSYoungGen      total 126976K, used 126592K [0x00000000f8300000, 0x0000000100000000, 0x0000000100000000)
  eden space 125952K, 100% used [0x00000000f8300000,0x00000000ffe00000,0x00000000ffe00000)
  from space 1024K, 62% used [0x00000000fff00000,0x00000000fffa0000,0x0000000100000000)
  to   space 1024K, 0% used [0x00000000ffe00000,0x00000000ffe00000,0x00000000fff00000)
 ParOldGen       total 134144K, used 79149K [0x00000000f0000000, 0x00000000f8300000, 0x00000000f8300000)
  object space 134144K, 59% used [0x00000000f0000000,0x00000000f4d4b4c8,0x00000000f8300000)
 Metaspace       used 52866K, capacity 55968K, committed 56192K, reserved 1097728K
  class space    used 6448K, capacity 6998K, committed 7040K, reserved 1048576K
2023-10-03T01:18:16.061+0800: 695.766: [GC (Allocation Failure) [PSYoungGen: 126592K->640K(126976K)] 205741K->79869K(261120K), 0.0070157 secs] [Times: user=0.03 sys=0.00, real=0.01 secs] 
Heap after GC invocations=787 (full 0):
 PSYoungGen      total 126976K, used 640K [0x00000000f8300000, 0x0000000100000000, 0x0000000100000000)
  eden space 125952K, 0% used [0x00000000f8300000,0x00000000f8300000,0x00000000ffe00000)
  from space 1024K, 62% used [0x00000000ffe00000,0x00000000ffea0000,0x00000000fff00000)
  to   space 1024K, 0% used [0x00000000fff00000,0x00000000fff00000,0x0000000100000000)
 ParOldGen       total 134144K, used 79229K [0x00000000f0000000, 0x00000000f8300000, 0x00000000f8300000)
  object space 134144K, 59% used [0x00000000f0000000,0x00000000f4d5f4c8,0x00000000f8300000)
 Metaspace       used 52866K, capacity 55968K, committed 56192K, reserved 1097728K
  class space    used 6448K, capacity 6998K, committed 7040K, reserved 1048576K
}
{Heap before GC invocations=788 (full 0):
 PSYoungGen      total 126976K, used 126592K [0x00000000f8300000, 0x0000000100000000, 0x0000000100000000)
  eden space 125952K, 100% used [0x00000000f8300000,0x00000000ffe00000,0x00000000ffe00000)
  from space 1024K, 62% used [0x00000000ffe00000,0x00000000ffea0000,0x00000000fff00000)
  to   space 1024K, 0% used [0x00000000fff00000,0x00000000fff00000,0x0000000100000000)
 ParOldGen       total 134144K, used 79229K [0x00000000f0000000, 0x00000000f8300000, 0x00000000f8300000)
  object space 134144K, 59% used [0x00000000f0000000,0x00000000f4d5f4c8,0x00000000f8300000)
 Metaspace       used 52866K, capacity 55968K, committed 56192K, reserved 1097728K
  class space    used 6448K, capacity 6998K, committed 7040K, reserved 1048576K
2023-10-03T01:18:16.700+0800: 696.405: [GC (Allocation Failure) [PSYoungGen: 126592K->672K(126976K)] 205821K->79973K(261120K), 0.0063783 secs] [Times: user=0.03 sys=0.00, real=0.01 secs] 
Heap after GC invocations=788 (full 0):
 PSYoungGen      total 126976K, used 672K [0x00000000f8300000, 0x0000000100000000, 0x0000000100000000)
  eden space 125952K, 0% used [0x00000000f8300000,0x00000000f8300000,0x00000000ffe00000)
  from space 1024K, 65% used [0x00000000fff00000,0x00000000fffa8000,0x0000000100000000)
  to   space 1024K, 0% used [0x00000000ffe00000,0x00000000ffe00000,0x00000000fff00000)
 ParOldGen       total 134144K, used 79301K [0x00000000f0000000, 0x00000000f8300000, 0x00000000f8300000)
  object space 134144K, 59% used [0x00000000f0000000,0x00000000f4d714c8,0x00000000f8300000)
 Metaspace       used 52866K, capacity 55968K, committed 56192K, reserved 1097728K
  class space    used 6448K, capacity 6998K, committed 7040K, reserved 1048576K
}
{Heap before GC invocations=789 (full 0):
 PSYoungGen      total 126976K, used 126624K [0x00000000f8300000, 0x0000000100000000, 0x0000000100000000)
  eden space 125952K, 100% used [0x00000000f8300000,0x00000000ffe00000,0x00000000ffe00000)
  from space 1024K, 65% used [0x00000000fff00000,0x00000000fffa8000,0x0000000100000000)
  to   space 1024K, 0% used [0x00000000ffe00000,0x00000000ffe00000,0x00000000fff00000)
 ParOldGen       total 134144K, used 79301K [0x00000000f0000000, 0x00000000f8300000, 0x00000000f8300000)
  object space 134144K, 59% used [0x00000000f0000000,0x00000000f4d714c8,0x00000000f8300000)
 Metaspace       used 52866K, capacity 55968K, committed 56192K, reserved 1097728K
  class space    used 6448K, capacity 6998K, committed 7040K, reserved 1048576K
2023-10-03T01:18:17.343+0800: 697.047: [GC (Allocation Failure) [PSYoungGen: 126624K->640K(126976K)] 205925K->80013K(261120K), 0.0071066 secs] [Times: user=0.04 sys=0.00, real=0.00 secs] 
Heap after GC invocations=789 (full 0):
 PSYoungGen      total 126976K, used 640K [0x00000000f8300000, 0x0000000100000000, 0x0000000100000000)
  eden space 125952K, 0% used [0x00000000f8300000,0x00000000f8300000,0x00000000ffe00000)
  from space 1024K, 62% used [0x00000000ffe00000,0x00000000ffea0000,0x00000000fff00000)
  to   space 1024K, 0% used [0x00000000fff00000,0x00000000fff00000,0x0000000100000000)
 ParOldGen       total 134144K, used 79373K [0x00000000f0000000, 0x00000000f8300000, 0x00000000f8300000)
  object space 134144K, 59% used [0x00000000f0000000,0x00000000f4d834c8,0x00000000f8300000)
 Metaspace       used 52866K, capacity 55968K, committed 56192K, reserved 1097728K
  class space    used 6448K, capacity 6998K, committed 7040K, reserved 1048576K
}
{Heap before GC invocations=790 (full 0):
 PSYoungGen      total 126976K, used 126592K [0x00000000f8300000, 0x0000000100000000, 0x0000000100000000)
  eden space 125952K, 100% used [0x00000000f8300000,0x00000000ffe00000,0x00000000ffe00000)
  from space 1024K, 62% used [0x00000000ffe00000,0x00000000ffea0000,0x00000000fff00000)
  to   space 1024K, 0% used [0x00000000fff00000,0x00000000fff00000,0x0000000100000000)
 ParOldGen       total 134144K, used 79373K [0x00000000f0000000, 0x00000000f8300000, 0x00000000f8300000)
  object space 134144K, 59% used [0x00000000f0000000,0x00000000f4d834c8,0x00000000f8300000)
 Metaspace       used 52866K, capacity 55968K, committed 56192K, reserved 1097728K
  class space    used 6448K, capacity 6998K, committed 7040K, reserved 1048576K
2023-10-03T01:18:17.974+0800: 697.679: [GC (Allocation Failure) [PSYoungGen: 126592K->576K(126976K)] 205965K->80013K(261120K), 0.0065117 secs] [Times: user=0.03 sys=0.00, real=0.00 secs] 
Heap after GC invocations=790 (full 0):
 PSYoungGen      total 126976K, used 576K [0x00000000f8300000, 0x0000000100000000, 0x0000000100000000)
  eden space 125952K, 0% used [0x00000000f8300000,0x00000000f8300000,0x00000000ffe00000)
  from space 1024K, 56% used [0x00000000fff00000,0x00000000fff90000,0x0000000100000000)
  to   space 1024K, 0% used [0x00000000ffe00000,0x00000000ffe00000,0x00000000fff00000)
 ParOldGen       total 134144K, used 79437K [0x00000000f0000000, 0x00000000f8300000, 0x00000000f8300000)
  object space 134144K, 59% used [0x00000000f0000000,0x00000000f4d934c8,0x00000000f8300000)
 Metaspace       used 52866K, capacity 55968K, committed 56192K, reserved 1097728K
  class space    used 6448K, capacity 6998K, committed 7040K, reserved 1048576K
}
{Heap before GC invocations=791 (full 0):
 PSYoungGen      total 126976K, used 126528K [0x00000000f8300000, 0x0000000100000000, 0x0000000100000000)
  eden space 125952K, 100% used [0x00000000f8300000,0x00000000ffe00000,0x00000000ffe00000)
  from space 1024K, 56% used [0x00000000fff00000,0x00000000fff90000,0x0000000100000000)
  to   space 1024K, 0% used [0x00000000ffe00000,0x00000000ffe00000,0x00000000fff00000)
 ParOldGen       total 134144K, used 79437K [0x00000000f0000000, 0x00000000f8300000, 0x00000000f8300000)
  object space 134144K, 59% used [0x00000000f0000000,0x00000000f4d934c8,0x00000000f8300000)
 Metaspace       used 52866K, capacity 55968K, committed 56192K, reserved 1097728K
  class space    used 6448K, capacity 6998K, committed 7040K, reserved 1048576K
2023-10-03T01:18:18.587+0800: 698.291: [GC (Allocation Failure) [PSYoungGen: 126528K->480K(126976K)] 205965K->79989K(261120K), 0.0064524 secs] [Times: user=0.04 sys=0.00, real=0.01 secs] 
Heap after GC invocations=791 (full 0):
 PSYoungGen      total 126976K, used 480K [0x00000000f8300000, 0x0000000100000000, 0x0000000100000000)
  eden space 125952K, 0% used [0x00000000f8300000,0x00000000f8300000,0x00000000ffe00000)
  from space 1024K, 46% used [0x00000000ffe00000,0x00000000ffe78000,0x00000000fff00000)
  to   space 1024K, 0% used [0x00000000fff00000,0x00000000fff00000,0x0000000100000000)
 ParOldGen       total 134144K, used 79509K [0x00000000f0000000, 0x00000000f8300000, 0x00000000f8300000)
  object space 134144K, 59% used [0x00000000f0000000,0x00000000f4da54c8,0x00000000f8300000)
 Metaspace       used 52866K, capacity 55968K, committed 56192K, reserved 1097728K
  class space    used 6448K, capacity 6998K, committed 7040K, reserved 1048576K
}
{Heap before GC invocations=792 (full 0):
 PSYoungGen      total 126976K, used 126432K [0x00000000f8300000, 0x0000000100000000, 0x0000000100000000)
  eden space 125952K, 100% used [0x00000000f8300000,0x00000000ffe00000,0x00000000ffe00000)
  from space 1024K, 46% used [0x00000000ffe00000,0x00000000ffe78000,0x00000000fff00000)
  to   space 1024K, 0% used [0x00000000fff00000,0x00000000fff00000,0x0000000100000000)
 ParOldGen       total 134144K, used 79509K [0x00000000f0000000, 0x00000000f8300000, 0x00000000f8300000)
  object space 134144K, 59% used [0x00000000f0000000,0x00000000f4da54c8,0x00000000f8300000)
 Metaspace       used 52866K, capacity 55968K, committed 56192K, reserved 1097728K
  class space    used 6448K, capacity 6998K, committed 7040K, reserved 1048576K
2023-10-03T01:18:19.218+0800: 698.922: [GC (Allocation Failure) [PSYoungGen: 126432K->384K(126976K)] 205941K->79965K(261120K), 0.0063181 secs] [Times: user=0.03 sys=0.00, real=0.01 secs] 
Heap after GC invocations=792 (full 0):
 PSYoungGen      total 126976K, used 384K [0x00000000f8300000, 0x0000000100000000, 0x0000000100000000)
  eden space 125952K, 0% used [0x00000000f8300000,0x00000000f8300000,0x00000000ffe00000)
  from space 1024K, 37% used [0x00000000fff00000,0x00000000fff60000,0x0000000100000000)
  to   space 1024K, 0% used [0x00000000ffe00000,0x00000000ffe00000,0x00000000fff00000)
 ParOldGen       total 134144K, used 79581K [0x00000000f0000000, 0x00000000f8300000, 0x00000000f8300000)
  object space 134144K, 59% used [0x00000000f0000000,0x00000000f4db74c8,0x00000000f8300000)
 Metaspace       used 52866K, capacity 55968K, committed 56192K, reserved 1097728K
  class space    used 6448K, capacity 6998K, committed 7040K, reserved 1048576K
}
{Heap before GC invocations=793 (full 0):
 PSYoungGen      total 126976K, used 126336K [0x00000000f8300000, 0x0000000100000000, 0x0000000100000000)
  eden space 125952K, 100% used [0x00000000f8300000,0x00000000ffe00000,0x00000000ffe00000)
  from space 1024K, 37% used [0x00000000fff00000,0x00000000fff60000,0x0000000100000000)
  to   space 1024K, 0% used [0x00000000ffe00000,0x00000000ffe00000,0x00000000fff00000)
 ParOldGen       total 134144K, used 79581K [0x00000000f0000000, 0x00000000f8300000, 0x00000000f8300000)
  object space 134144K, 59% used [0x00000000f0000000,0x00000000f4db74c8,0x00000000f8300000)
 Metaspace       used 52866K, capacity 55968K, committed 56192K, reserved 1097728K
  class space    used 6448K, capacity 6998K, committed 7040K, reserved 1048576K
2023-10-03T01:18:20.438+0800: 700.142: [GC (Allocation Failure) [PSYoungGen: 126336K->384K(126976K)] 205917K->80037K(261120K), 0.0044039 secs] [Times: user=0.02 sys=0.00, real=0.01 secs] 
Heap after GC invocations=793 (full 0):
 PSYoungGen      total 126976K, used 384K [0x00000000f8300000, 0x0000000100000000, 0x0000000100000000)
  eden space 125952K, 0% used [0x00000000f8300000,0x00000000f8300000,0x00000000ffe00000)
  from space 1024K, 37% used [0x00000000ffe00000,0x00000000ffe60000,0x00000000fff00000)
  to   space 1024K, 0% used [0x00000000fff00000,0x00000000fff00000,0x0000000100000000)
 ParOldGen       total 134144K, used 79653K [0x00000000f0000000, 0x00000000f8300000, 0x00000000f8300000)
  object space 134144K, 59% used [0x00000000f0000000,0x00000000f4dc94c8,0x00000000f8300000)
 Metaspace       used 52866K, capacity 55968K, committed 56192K, reserved 1097728K
  class space    used 6448K, capacity 6998K, committed 7040K, reserved 1048576K
}
{Heap before GC invocations=794 (full 0):
 PSYoungGen      total 126976K, used 126336K [0x00000000f8300000, 0x0000000100000000, 0x0000000100000000)
  eden space 125952K, 100% used [0x00000000f8300000,0x00000000ffe00000,0x00000000ffe00000)
  from space 1024K, 37% used [0x00000000ffe00000,0x00000000ffe60000,0x00000000fff00000)
  to   space 1024K, 0% used [0x00000000fff00000,0x00000000fff00000,0x0000000100000000)
 ParOldGen       total 134144K, used 79653K [0x00000000f0000000, 0x00000000f8300000, 0x00000000f8300000)
  object space 134144K, 59% used [0x00000000f0000000,0x00000000f4dc94c8,0x00000000f8300000)
 Metaspace       used 52871K, capacity 55968K, committed 56192K, reserved 1097728K
  class space    used 6448K, capacity 6998K, committed 7040K, reserved 1048576K
2023-10-03T01:18:20.992+0800: 700.697: [GC (Allocation Failure) [PSYoungGen: 126336K->1008K(122880K)] 205989K->85986K(257024K), 0.0109061 secs] [Times: user=0.03 sys=0.06, real=0.01 secs] 
Heap after GC invocations=794 (full 0):
 PSYoungGen      total 122880K, used 1008K [0x00000000f8300000, 0x0000000100000000, 0x0000000100000000)
  eden space 121856K, 0% used [0x00000000f8300000,0x00000000f8300000,0x00000000ffa00000)
  from space 1024K, 98% used [0x00000000fff00000,0x00000000ffffc070,0x0000000100000000)
  to   space 3072K, 0% used [0x00000000ffa00000,0x00000000ffa00000,0x00000000ffd00000)
 ParOldGen       total 134144K, used 84978K [0x00000000f0000000, 0x00000000f8300000, 0x00000000f8300000)
  object space 134144K, 63% used [0x00000000f0000000,0x00000000f52fc958,0x00000000f8300000)
 Metaspace       used 52871K, capacity 55968K, committed 56192K, reserved 1097728K
  class space    used 6448K, capacity 6998K, committed 7040K, reserved 1048576K
}
{Heap before GC invocations=795 (full 0):
 PSYoungGen      total 122880K, used 122864K [0x00000000f8300000, 0x0000000100000000, 0x0000000100000000)
  eden space 121856K, 100% used [0x00000000f8300000,0x00000000ffa00000,0x00000000ffa00000)
  from space 1024K, 98% used [0x00000000fff00000,0x00000000ffffc070,0x0000000100000000)
  to   space 3072K, 0% used [0x00000000ffa00000,0x00000000ffa00000,0x00000000ffd00000)
 ParOldGen       total 134144K, used 84978K [0x00000000f0000000, 0x00000000f8300000, 0x00000000f8300000)
  object space 134144K, 63% used [0x00000000f0000000,0x00000000f52fc958,0x00000000f8300000)
 Metaspace       used 52874K, capacity 55968K, committed 56192K, reserved 1097728K
  class space    used 6448K, capacity 6998K, committed 7040K, reserved 1048576K
2023-10-03T01:18:21.564+0800: 701.268: [GC (Allocation Failure) [PSYoungGen: 122864K->3056K(124928K)] 207842K->91900K(259072K), 0.0096287 secs] [Times: user=0.04 sys=0.03, real=0.01 secs] 
Heap after GC invocations=795 (full 0):
 PSYoungGen      total 124928K, used 3056K [0x00000000f8300000, 0x0000000100000000, 0x0000000100000000)
  eden space 121856K, 0% used [0x00000000f8300000,0x00000000f8300000,0x00000000ffa00000)
  from space 3072K, 99% used [0x00000000ffa00000,0x00000000ffcfc2d0,0x00000000ffd00000)
  to   space 3072K, 0% used [0x00000000ffd00000,0x00000000ffd00000,0x0000000100000000)
 ParOldGen       total 134144K, used 88843K [0x00000000f0000000, 0x00000000f8300000, 0x00000000f8300000)
  object space 134144K, 66% used [0x00000000f0000000,0x00000000f56c2dc8,0x00000000f8300000)
 Metaspace       used 52874K, capacity 55968K, committed 56192K, reserved 1097728K
  class space    used 6448K, capacity 6998K, committed 7040K, reserved 1048576K
}
{Heap before GC invocations=796 (full 0):
 PSYoungGen      total 124928K, used 124912K [0x00000000f8300000, 0x0000000100000000, 0x0000000100000000)
  eden space 121856K, 100% used [0x00000000f8300000,0x00000000ffa00000,0x00000000ffa00000)
  from space 3072K, 99% used [0x00000000ffa00000,0x00000000ffcfc2d0,0x00000000ffd00000)
  to   space 3072K, 0% used [0x00000000ffd00000,0x00000000ffd00000,0x0000000100000000)
 ParOldGen       total 134144K, used 88843K [0x00000000f0000000, 0x00000000f8300000, 0x00000000f8300000)
  object space 134144K, 66% used [0x00000000f0000000,0x00000000f56c2dc8,0x00000000f8300000)
 Metaspace       used 52874K, capacity 55968K, committed 56192K, reserved 1097728K
  class space    used 6448K, capacity 6998K, committed 7040K, reserved 1048576K
2023-10-03T01:18:22.146+0800: 701.851: [GC (Allocation Failure) [PSYoungGen: 124912K->1248K(120832K)] 213756K->92673K(254976K), 0.0060663 secs] [Times: user=0.04 sys=0.00, real=0.01 secs] 
Heap after GC invocations=796 (full 0):
 PSYoungGen      total 120832K, used 1248K [0x00000000f8300000, 0x0000000100000000, 0x0000000100000000)
  eden space 117760K, 0% used [0x00000000f8300000,0x00000000f8300000,0x00000000ff600000)
  from space 3072K, 40% used [0x00000000ffd00000,0x00000000ffe38000,0x0000000100000000)
  to   space 5120K, 0% used [0x00000000ff600000,0x00000000ff600000,0x00000000ffb00000)
 ParOldGen       total 134144K, used 91425K [0x00000000f0000000, 0x00000000f8300000, 0x00000000f8300000)
  object space 134144K, 68% used [0x00000000f0000000,0x00000000f5948408,0x00000000f8300000)
 Metaspace       used 52874K, capacity 55968K, committed 56192K, reserved 1097728K
  class space    used 6448K, capacity 6998K, committed 7040K, reserved 1048576K
}
{Heap before GC invocations=797 (full 0):
 PSYoungGen      total 120832K, used 119008K [0x00000000f8300000, 0x0000000100000000, 0x0000000100000000)
  eden space 117760K, 100% used [0x00000000f8300000,0x00000000ff600000,0x00000000ff600000)
  from space 3072K, 40% used [0x00000000ffd00000,0x00000000ffe38000,0x0000000100000000)
  to   space 5120K, 0% used [0x00000000ff600000,0x00000000ff600000,0x00000000ffb00000)
 ParOldGen       total 134144K, used 91425K [0x00000000f0000000, 0x00000000f8300000, 0x00000000f8300000)
  object space 134144K, 68% used [0x00000000f0000000,0x00000000f5948408,0x00000000f8300000)
 Metaspace       used 52874K, capacity 55968K, committed 56192K, reserved 1097728K
  class space    used 6448K, capacity 6998K, committed 7040K, reserved 1048576K
2023-10-03T01:18:22.731+0800: 702.435: [GC (Allocation Failure) [PSYoungGen: 119008K->1120K(122880K)] 210433K->92688K(257024K), 0.0083385 secs] [Times: user=0.05 sys=0.00, real=0.01 secs] 
Heap after GC invocations=797 (full 0):
 PSYoungGen      total 122880K, used 1120K [0x00000000f8300000, 0x0000000100000000, 0x0000000100000000)
  eden space 117760K, 0% used [0x00000000f8300000,0x00000000f8300000,0x00000000ff600000)
  from space 5120K, 21% used [0x00000000ff600000,0x00000000ff718000,0x00000000ffb00000)
  to   space 4608K, 0% used [0x00000000ffb80000,0x00000000ffb80000,0x0000000100000000)
 ParOldGen       total 134144K, used 91568K [0x00000000f0000000, 0x00000000f8300000, 0x00000000f8300000)
  object space 134144K, 68% used [0x00000000f0000000,0x00000000f596c2c8,0x00000000f8300000)
 Metaspace       used 52874K, capacity 55968K, committed 56192K, reserved 1097728K
  class space    used 6448K, capacity 6998K, committed 7040K, reserved 1048576K
}
{Heap before GC invocations=798 (full 0):
 PSYoungGen      total 122880K, used 118880K [0x00000000f8300000, 0x0000000100000000, 0x0000000100000000)
  eden space 117760K, 100% used [0x00000000f8300000,0x00000000ff600000,0x00000000ff600000)
  from space 5120K, 21% used [0x00000000ff600000,0x00000000ff718000,0x00000000ffb00000)
  to   space 4608K, 0% used [0x00000000ffb80000,0x00000000ffb80000,0x0000000100000000)
 ParOldGen       total 134144K, used 91568K [0x00000000f0000000, 0x00000000f8300000, 0x00000000f8300000)
  object space 134144K, 68% used [0x00000000f0000000,0x00000000f596c2c8,0x00000000f8300000)
 Metaspace       used 52874K, capacity 55968K, committed 56192K, reserved 1097728K
  class space    used 6448K, capacity 6998K, committed 7040K, reserved 1048576K
2023-10-03T01:18:23.331+0800: 703.035: [GC (Allocation Failure) [PSYoungGen: 118880K->1152K(123392K)] 210448K->92792K(257536K), 0.0081852 secs] [Times: user=0.05 sys=0.00, real=0.01 secs] 
Heap after GC invocations=798 (full 0):
 PSYoungGen      total 123392K, used 1152K [0x00000000f8300000, 0x0000000100000000, 0x0000000100000000)
  eden space 118784K, 0% used [0x00000000f8300000,0x00000000f8300000,0x00000000ff700000)
  from space 4608K, 25% used [0x00000000ffb80000,0x00000000ffca0000,0x0000000100000000)
  to   space 4608K, 0% used [0x00000000ff700000,0x00000000ff700000,0x00000000ffb80000)
 ParOldGen       total 134144K, used 91640K [0x00000000f0000000, 0x00000000f8300000, 0x00000000f8300000)
  object space 134144K, 68% used [0x00000000f0000000,0x00000000f597e2c8,0x00000000f8300000)
 Metaspace       used 52874K, capacity 55968K, committed 56192K, reserved 1097728K
  class space    used 6448K, capacity 6998K, committed 7040K, reserved 1048576K
}
{Heap before GC invocations=799 (full 0):
 PSYoungGen      total 123392K, used 119936K [0x00000000f8300000, 0x0000000100000000, 0x0000000100000000)
  eden space 118784K, 100% used [0x00000000f8300000,0x00000000ff700000,0x00000000ff700000)
  from space 4608K, 25% used [0x00000000ffb80000,0x00000000ffca0000,0x0000000100000000)
  to   space 4608K, 0% used [0x00000000ff700000,0x00000000ff700000,0x00000000ffb80000)
 ParOldGen       total 134144K, used 91640K [0x00000000f0000000, 0x00000000f8300000, 0x00000000f8300000)
  object space 134144K, 68% used [0x00000000f0000000,0x00000000f597e2c8,0x00000000f8300000)
 Metaspace       used 52874K, capacity 55968K, committed 56192K, reserved 1097728K
  class space    used 6448K, capacity 6998K, committed 7040K, reserved 1048576K
2023-10-03T01:18:23.915+0800: 703.619: [GC (Allocation Failure) [PSYoungGen: 119936K->1184K(123392K)] 211576K->92904K(257536K), 0.0023578 secs] [Times: user=0.01 sys=0.00, real=0.00 secs] 
Heap after GC invocations=799 (full 0):
 PSYoungGen      total 123392K, used 1184K [0x00000000f8300000, 0x0000000100000000, 0x0000000100000000)
  eden space 118784K, 0% used [0x00000000f8300000,0x00000000f8300000,0x00000000ff700000)
  from space 4608K, 25% used [0x00000000ff700000,0x00000000ff828000,0x00000000ffb80000)
  to   space 4096K, 0% used [0x00000000ffc00000,0x00000000ffc00000,0x0000000100000000)
 ParOldGen       total 134144K, used 91720K [0x00000000f0000000, 0x00000000f8300000, 0x00000000f8300000)
  object space 134144K, 68% used [0x00000000f0000000,0x00000000f59922c8,0x00000000f8300000)
 Metaspace       used 52874K, capacity 55968K, committed 56192K, reserved 1097728K
  class space    used 6448K, capacity 6998K, committed 7040K, reserved 1048576K
}
{Heap before GC invocations=800 (full 0):
 PSYoungGen      total 123392K, used 119968K [0x00000000f8300000, 0x0000000100000000, 0x0000000100000000)
  eden space 118784K, 100% used [0x00000000f8300000,0x00000000ff700000,0x00000000ff700000)
  from space 4608K, 25% used [0x00000000ff700000,0x00000000ff828000,0x00000000ffb80000)
  to   space 4096K, 0% used [0x00000000ffc00000,0x00000000ffc00000,0x0000000100000000)
 ParOldGen       total 134144K, used 91720K [0x00000000f0000000, 0x00000000f8300000, 0x00000000f8300000)
  object space 134144K, 68% used [0x00000000f0000000,0x00000000f59922c8,0x00000000f8300000)
 Metaspace       used 52874K, capacity 55968K, committed 56192K, reserved 1097728K
  class space    used 6448K, capacity 6998K, committed 7040K, reserved 1048576K
2023-10-03T01:18:24.500+0800: 704.205: [GC (Allocation Failure) [PSYoungGen: 119968K->1216K(123904K)] 211688K->93016K(258048K), 0.0084324 secs] [Times: user=0.06 sys=0.00, real=0.01 secs] 
Heap after GC invocations=800 (full 0):
 PSYoungGen      total 123904K, used 1216K [0x00000000f8300000, 0x0000000100000000, 0x0000000100000000)
  eden space 119808K, 0% used [0x00000000f8300000,0x00000000f8300000,0x00000000ff800000)
  from space 4096K, 29% used [0x00000000ffc00000,0x00000000ffd30000,0x0000000100000000)
  to   space 4096K, 0% used [0x00000000ff800000,0x00000000ff800000,0x00000000ffc00000)
 ParOldGen       total 134144K, used 91800K [0x00000000f0000000, 0x00000000f8300000, 0x00000000f8300000)
  object space 134144K, 68% used [0x00000000f0000000,0x00000000f59a62c8,0x00000000f8300000)
 Metaspace       used 52874K, capacity 55968K, committed 56192K, reserved 1097728K
  class space    used 6448K, capacity 6998K, committed 7040K, reserved 1048576K
}
{Heap before GC invocations=801 (full 0):
 PSYoungGen      total 123904K, used 121024K [0x00000000f8300000, 0x0000000100000000, 0x0000000100000000)
  eden space 119808K, 100% used [0x00000000f8300000,0x00000000ff800000,0x00000000ff800000)
  from space 4096K, 29% used [0x00000000ffc00000,0x00000000ffd30000,0x0000000100000000)
  to   space 4096K, 0% used [0x00000000ff800000,0x00000000ff800000,0x00000000ffc00000)
 ParOldGen       total 134144K, used 91800K [0x00000000f0000000, 0x00000000f8300000, 0x00000000f8300000)
  object space 134144K, 68% used [0x00000000f0000000,0x00000000f59a62c8,0x00000000f8300000)
 Metaspace       used 52874K, capacity 55968K, committed 56192K, reserved 1097728K
  class space    used 6448K, capacity 6998K, committed 7040K, reserved 1048576K
2023-10-03T01:18:25.107+0800: 704.811: [GC (Allocation Failure) [PSYoungGen: 121024K->1184K(123904K)] 212824K->93064K(258048K), 0.0085928 secs] [Times: user=0.05 sys=0.00, real=0.01 secs] 
Heap after GC invocations=801 (full 0):
 PSYoungGen      total 123904K, used 1184K [0x00000000f8300000, 0x0000000100000000, 0x0000000100000000)
  eden space 119808K, 0% used [0x00000000f8300000,0x00000000f8300000,0x00000000ff800000)
  from space 4096K, 28% used [0x00000000ff800000,0x00000000ff928000,0x00000000ffc00000)
  to   space 4096K, 0% used [0x00000000ffc00000,0x00000000ffc00000,0x0000000100000000)
 ParOldGen       total 134144K, used 91880K [0x00000000f0000000, 0x00000000f8300000, 0x00000000f8300000)
  object space 134144K, 68% used [0x00000000f0000000,0x00000000f59ba2c8,0x00000000f8300000)
 Metaspace       used 52874K, capacity 55968K, committed 56192K, reserved 1097728K
  class space    used 6448K, capacity 6998K, committed 7040K, reserved 1048576K
}
{Heap before GC invocations=802 (full 0):
 PSYoungGen      total 123904K, used 120992K [0x00000000f8300000, 0x0000000100000000, 0x0000000100000000)
  eden space 119808K, 100% used [0x00000000f8300000,0x00000000ff800000,0x00000000ff800000)
  from space 4096K, 28% used [0x00000000ff800000,0x00000000ff928000,0x00000000ffc00000)
  to   space 4096K, 0% used [0x00000000ffc00000,0x00000000ffc00000,0x0000000100000000)
 ParOldGen       total 134144K, used 91880K [0x00000000f0000000, 0x00000000f8300000, 0x00000000f8300000)
  object space 134144K, 68% used [0x00000000f0000000,0x00000000f59ba2c8,0x00000000f8300000)
 Metaspace       used 52874K, capacity 55968K, committed 56192K, reserved 1097728K
  class space    used 6448K, capacity 6998K, committed 7040K, reserved 1048576K
2023-10-03T01:18:25.720+0800: 705.424: [GC (Allocation Failure) [PSYoungGen: 120992K->1152K(124416K)] 212872K->93112K(258560K), 0.0082877 secs] [Times: user=0.05 sys=0.00, real=0.01 secs] 
Heap after GC invocations=802 (full 0):
 PSYoungGen      total 124416K, used 1152K [0x00000000f8300000, 0x0000000100000000, 0x0000000100000000)
  eden space 120320K, 0% used [0x00000000f8300000,0x00000000f8300000,0x00000000ff880000)
  from space 4096K, 28% used [0x00000000ffc00000,0x00000000ffd20000,0x0000000100000000)
  to   space 3584K, 0% used [0x00000000ff880000,0x00000000ff880000,0x00000000ffc00000)
 ParOldGen       total 134144K, used 91960K [0x00000000f0000000, 0x00000000f8300000, 0x00000000f8300000)
  object space 134144K, 68% used [0x00000000f0000000,0x00000000f59ce2c8,0x00000000f8300000)
 Metaspace       used 52874K, capacity 55968K, committed 56192K, reserved 1097728K
  class space    used 6448K, capacity 6998K, committed 7040K, reserved 1048576K
}
{Heap before GC invocations=803 (full 0):
 PSYoungGen      total 124416K, used 121472K [0x00000000f8300000, 0x0000000100000000, 0x0000000100000000)
  eden space 120320K, 100% used [0x00000000f8300000,0x00000000ff880000,0x00000000ff880000)
  from space 4096K, 28% used [0x00000000ffc00000,0x00000000ffd20000,0x0000000100000000)
  to   space 3584K, 0% used [0x00000000ff880000,0x00000000ff880000,0x00000000ffc00000)
 ParOldGen       total 134144K, used 91960K [0x00000000f0000000, 0x00000000f8300000, 0x00000000f8300000)
  object space 134144K, 68% used [0x00000000f0000000,0x00000000f59ce2c8,0x00000000f8300000)
 Metaspace       used 52874K, capacity 55968K, committed 56192K, reserved 1097728K
  class space    used 6448K, capacity 6998K, committed 7040K, reserved 1048576K
2023-10-03T01:18:26.326+0800: 706.031: [GC (Allocation Failure) [PSYoungGen: 121472K->1216K(123904K)] 213432K->93256K(258048K), 0.0082602 secs] [Times: user=0.04 sys=0.00, real=0.01 secs] 
Heap after GC invocations=803 (full 0):
 PSYoungGen      total 123904K, used 1216K [0x00000000f8300000, 0x0000000100000000, 0x0000000100000000)
  eden space 120320K, 0% used [0x00000000f8300000,0x00000000f8300000,0x00000000ff880000)
  from space 3584K, 33% used [0x00000000ff880000,0x00000000ff9b0000,0x00000000ffc00000)
  to   space 3584K, 0% used [0x00000000ffc80000,0x00000000ffc80000,0x0000000100000000)
 ParOldGen       total 134144K, used 92040K [0x00000000f0000000, 0x00000000f8300000, 0x00000000f8300000)
  object space 134144K, 68% used [0x00000000f0000000,0x00000000f59e22c8,0x00000000f8300000)
 Metaspace       used 52874K, capacity 55968K, committed 56192K, reserved 1097728K
  class space    used 6448K, capacity 6998K, committed 7040K, reserved 1048576K
}
{Heap before GC invocations=804 (full 0):
 PSYoungGen      total 123904K, used 121536K [0x00000000f8300000, 0x0000000100000000, 0x0000000100000000)
  eden space 120320K, 100% used [0x00000000f8300000,0x00000000ff880000,0x00000000ff880000)
  from space 3584K, 33% used [0x00000000ff880000,0x00000000ff9b0000,0x00000000ffc00000)
  to   space 3584K, 0% used [0x00000000ffc80000,0x00000000ffc80000,0x0000000100000000)
 ParOldGen       total 134144K, used 92040K [0x00000000f0000000, 0x00000000f8300000, 0x00000000f8300000)
  object space 134144K, 68% used [0x00000000f0000000,0x00000000f59e22c8,0x00000000f8300000)
 Metaspace       used 52874K, capacity 55968K, committed 56192K, reserved 1097728K
  class space    used 6448K, capacity 6998K, committed 7040K, reserved 1048576K
2023-10-03T01:18:26.927+0800: 706.632: [GC (Allocation Failure) [PSYoungGen: 121536K->1248K(124416K)] 213576K->93360K(258560K), 0.0081077 secs] [Times: user=0.05 sys=0.00, real=0.01 secs] 
Heap after GC invocations=804 (full 0):
 PSYoungGen      total 124416K, used 1248K [0x00000000f8300000, 0x0000000100000000, 0x0000000100000000)
  eden space 120832K, 0% used [0x00000000f8300000,0x00000000f8300000,0x00000000ff900000)
  from space 3584K, 34% used [0x00000000ffc80000,0x00000000ffdb8000,0x0000000100000000)
  to   space 3584K, 0% used [0x00000000ff900000,0x00000000ff900000,0x00000000ffc80000)
 ParOldGen       total 134144K, used 92112K [0x00000000f0000000, 0x00000000f8300000, 0x00000000f8300000)
  object space 134144K, 68% used [0x00000000f0000000,0x00000000f59f42c8,0x00000000f8300000)
 Metaspace       used 52874K, capacity 55968K, committed 56192K, reserved 1097728K
  class space    used 6448K, capacity 6998K, committed 7040K, reserved 1048576K
}
{Heap before GC invocations=805 (full 0):
 PSYoungGen      total 124416K, used 122080K [0x00000000f8300000, 0x0000000100000000, 0x0000000100000000)
  eden space 120832K, 100% used [0x00000000f8300000,0x00000000ff900000,0x00000000ff900000)
  from space 3584K, 34% used [0x00000000ffc80000,0x00000000ffdb8000,0x0000000100000000)
  to   space 3584K, 0% used [0x00000000ff900000,0x00000000ff900000,0x00000000ffc80000)
 ParOldGen       total 134144K, used 92112K [0x00000000f0000000, 0x00000000f8300000, 0x00000000f8300000)
  object space 134144K, 68% used [0x00000000f0000000,0x00000000f59f42c8,0x00000000f8300000)
 Metaspace       used 52874K, capacity 55968K, committed 56192K, reserved 1097728K
  class space    used 6448K, capacity 6998K, committed 7040K, reserved 1048576K
2023-10-03T01:18:27.546+0800: 707.250: [GC (Allocation Failure) [PSYoungGen: 122080K->1248K(124416K)] 214192K->93456K(258560K), 0.0086751 secs] [Times: user=0.05 sys=0.01, real=0.01 secs] 
Heap after GC invocations=805 (full 0):
 PSYoungGen      total 124416K, used 1248K [0x00000000f8300000, 0x0000000100000000, 0x0000000100000000)
  eden space 120832K, 0% used [0x00000000f8300000,0x00000000f8300000,0x00000000ff900000)
  from space 3584K, 34% used [0x00000000ff900000,0x00000000ffa38000,0x00000000ffc80000)
  to   space 3072K, 0% used [0x00000000ffd00000,0x00000000ffd00000,0x0000000100000000)
 ParOldGen       total 134144K, used 92208K [0x00000000f0000000, 0x00000000f8300000, 0x00000000f8300000)
  object space 134144K, 68% used [0x00000000f0000000,0x00000000f5a0c2c8,0x00000000f8300000)
 Metaspace       used 52874K, capacity 55968K, committed 56192K, reserved 1097728K
  class space    used 6448K, capacity 6998K, committed 7040K, reserved 1048576K
}
{Heap before GC invocations=806 (full 0):
 PSYoungGen      total 124416K, used 122080K [0x00000000f8300000, 0x0000000100000000, 0x0000000100000000)
  eden space 120832K, 100% used [0x00000000f8300000,0x00000000ff900000,0x00000000ff900000)
  from space 3584K, 34% used [0x00000000ff900000,0x00000000ffa38000,0x00000000ffc80000)
  to   space 3072K, 0% used [0x00000000ffd00000,0x00000000ffd00000,0x0000000100000000)
 ParOldGen       total 134144K, used 92208K [0x00000000f0000000, 0x00000000f8300000, 0x00000000f8300000)
  object space 134144K, 68% used [0x00000000f0000000,0x00000000f5a0c2c8,0x00000000f8300000)
 Metaspace       used 52881K, capacity 55968K, committed 56192K, reserved 1097728K
  class space    used 6448K, capacity 6998K, committed 7040K, reserved 1048576K
2023-10-03T01:18:28.142+0800: 707.846: [GC (Allocation Failure) [PSYoungGen: 122080K->1152K(124928K)] 214288K->93456K(259072K), 0.0083213 secs] [Times: user=0.04 sys=0.00, real=0.00 secs] 
Heap after GC invocations=806 (full 0):
 PSYoungGen      total 124928K, used 1152K [0x00000000f8300000, 0x0000000100000000, 0x0000000100000000)
  eden space 121856K, 0% used [0x00000000f8300000,0x00000000f8300000,0x00000000ffa00000)
  from space 3072K, 37% used [0x00000000ffd00000,0x00000000ffe20000,0x0000000100000000)
  to   space 3072K, 0% used [0x00000000ffa00000,0x00000000ffa00000,0x00000000ffd00000)
 ParOldGen       total 134144K, used 92304K [0x00000000f0000000, 0x00000000f8300000, 0x00000000f8300000)
  object space 134144K, 68% used [0x00000000f0000000,0x00000000f5a242c8,0x00000000f8300000)
 Metaspace       used 52881K, capacity 55968K, committed 56192K, reserved 1097728K
  class space    used 6448K, capacity 6998K, committed 7040K, reserved 1048576K
}
{Heap before GC invocations=807 (full 0):
 PSYoungGen      total 124928K, used 123008K [0x00000000f8300000, 0x0000000100000000, 0x0000000100000000)
  eden space 121856K, 100% used [0x00000000f8300000,0x00000000ffa00000,0x00000000ffa00000)
  from space 3072K, 37% used [0x00000000ffd00000,0x00000000ffe20000,0x0000000100000000)
  to   space 3072K, 0% used [0x00000000ffa00000,0x00000000ffa00000,0x00000000ffd00000)
 ParOldGen       total 134144K, used 92304K [0x00000000f0000000, 0x00000000f8300000, 0x00000000f8300000)
  object space 134144K, 68% used [0x00000000f0000000,0x00000000f5a242c8,0x00000000f8300000)
 Metaspace       used 52881K, capacity 55968K, committed 56192K, reserved 1097728K
  class space    used 6448K, capacity 6998K, committed 7040K, reserved 1048576K
2023-10-03T01:18:28.722+0800: 708.427: [GC (Allocation Failure) [PSYoungGen: 123008K->1216K(124928K)] 215312K->93600K(259072K), 0.0086023 secs] [Times: user=0.05 sys=0.00, real=0.00 secs] 
Heap after GC invocations=807 (full 0):
 PSYoungGen      total 124928K, used 1216K [0x00000000f8300000, 0x0000000100000000, 0x0000000100000000)
  eden space 121856K, 0% used [0x00000000f8300000,0x00000000f8300000,0x00000000ffa00000)
  from space 3072K, 39% used [0x00000000ffa00000,0x00000000ffb30000,0x00000000ffd00000)
  to   space 3072K, 0% used [0x00000000ffd00000,0x00000000ffd00000,0x0000000100000000)
 ParOldGen       total 134144K, used 92384K [0x00000000f0000000, 0x00000000f8300000, 0x00000000f8300000)
  object space 134144K, 68% used [0x00000000f0000000,0x00000000f5a382c8,0x00000000f8300000)
 Metaspace       used 52881K, capacity 55968K, committed 56192K, reserved 1097728K
  class space    used 6448K, capacity 6998K, committed 7040K, reserved 1048576K
}
{Heap before GC invocations=808 (full 0):
 PSYoungGen      total 124928K, used 123072K [0x00000000f8300000, 0x0000000100000000, 0x0000000100000000)
  eden space 121856K, 100% used [0x00000000f8300000,0x00000000ffa00000,0x00000000ffa00000)
  from space 3072K, 39% used [0x00000000ffa00000,0x00000000ffb30000,0x00000000ffd00000)
  to   space 3072K, 0% used [0x00000000ffd00000,0x00000000ffd00000,0x0000000100000000)
 ParOldGen       total 134144K, used 92384K [0x00000000f0000000, 0x00000000f8300000, 0x00000000f8300000)
  object space 134144K, 68% used [0x00000000f0000000,0x00000000f5a382c8,0x00000000f8300000)
 Metaspace       used 52881K, capacity 55968K, committed 56192K, reserved 1097728K
  class space    used 6448K, capacity 6998K, committed 7040K, reserved 1048576K
2023-10-03T01:18:29.342+0800: 709.047: [GC (Allocation Failure) [PSYoungGen: 123072K->1280K(124928K)] 215456K->93720K(259072K), 0.0085350 secs] [Times: user=0.05 sys=0.00, real=0.00 secs] 
Heap after GC invocations=808 (full 0):
 PSYoungGen      total 124928K, used 1280K [0x00000000f8300000, 0x0000000100000000, 0x0000000100000000)
  eden space 121856K, 0% used [0x00000000f8300000,0x00000000f8300000,0x00000000ffa00000)
  from space 3072K, 41% used [0x00000000ffd00000,0x00000000ffe40000,0x0000000100000000)
  to   space 3072K, 0% used [0x00000000ffa00000,0x00000000ffa00000,0x00000000ffd00000)
 ParOldGen       total 134144K, used 92440K [0x00000000f0000000, 0x00000000f8300000, 0x00000000f8300000)
  object space 134144K, 68% used [0x00000000f0000000,0x00000000f5a462c8,0x00000000f8300000)
 Metaspace       used 52881K, capacity 55968K, committed 56192K, reserved 1097728K
  class space    used 6448K, capacity 6998K, committed 7040K, reserved 1048576K
}
{Heap before GC invocations=809 (full 0):
 PSYoungGen      total 124928K, used 123136K [0x00000000f8300000, 0x0000000100000000, 0x0000000100000000)
  eden space 121856K, 100% used [0x00000000f8300000,0x00000000ffa00000,0x00000000ffa00000)
  from space 3072K, 41% used [0x00000000ffd00000,0x00000000ffe40000,0x0000000100000000)
  to   space 3072K, 0% used [0x00000000ffa00000,0x00000000ffa00000,0x00000000ffd00000)
 ParOldGen       total 134144K, used 92440K [0x00000000f0000000, 0x00000000f8300000, 0x00000000f8300000)
  object space 134144K, 68% used [0x00000000f0000000,0x00000000f5a462c8,0x00000000f8300000)
 Metaspace       used 52881K, capacity 55968K, committed 56192K, reserved 1097728K
  class space    used 6448K, capacity 6998K, committed 7040K, reserved 1048576K
2023-10-03T01:18:29.954+0800: 709.659: [GC (Allocation Failure) [PSYoungGen: 123136K->1152K(124928K)] 215576K->93632K(259072K), 0.0075235 secs] [Times: user=0.05 sys=0.00, real=0.01 secs] 
Heap after GC invocations=809 (full 0):
 PSYoungGen      total 124928K, used 1152K [0x00000000f8300000, 0x0000000100000000, 0x0000000100000000)
  eden space 121856K, 0% used [0x00000000f8300000,0x00000000f8300000,0x00000000ffa00000)
  from space 3072K, 37% used [0x00000000ffa00000,0x00000000ffb20000,0x00000000ffd00000)
  to   space 2560K, 0% used [0x00000000ffd80000,0x00000000ffd80000,0x0000000100000000)
 ParOldGen       total 134144K, used 92480K [0x00000000f0000000, 0x00000000f8300000, 0x00000000f8300000)
  object space 134144K, 68% used [0x00000000f0000000,0x00000000f5a502c8,0x00000000f8300000)
 Metaspace       used 52881K, capacity 55968K, committed 56192K, reserved 1097728K
  class space    used 6448K, capacity 6998K, committed 7040K, reserved 1048576K
}
{Heap before GC invocations=810 (full 0):
 PSYoungGen      total 124928K, used 123008K [0x00000000f8300000, 0x0000000100000000, 0x0000000100000000)
  eden space 121856K, 100% used [0x00000000f8300000,0x00000000ffa00000,0x00000000ffa00000)
  from space 3072K, 37% used [0x00000000ffa00000,0x00000000ffb20000,0x00000000ffd00000)
  to   space 2560K, 0% used [0x00000000ffd80000,0x00000000ffd80000,0x0000000100000000)
 ParOldGen       total 134144K, used 92480K [0x00000000f0000000, 0x00000000f8300000, 0x00000000f8300000)
  object space 134144K, 68% used [0x00000000f0000000,0x00000000f5a502c8,0x00000000f8300000)
 Metaspace       used 52881K, capacity 55968K, committed 56192K, reserved 1097728K
  class space    used 6448K, capacity 6998K, committed 7040K, reserved 1048576K
2023-10-03T01:18:30.577+0800: 710.281: [GC (Allocation Failure) [PSYoungGen: 123008K->1152K(125440K)] 215488K->93704K(259584K), 0.0080361 secs] [Times: user=0.05 sys=0.00, real=0.01 secs] 
Heap after GC invocations=810 (full 0):
 PSYoungGen      total 125440K, used 1152K [0x00000000f8300000, 0x0000000100000000, 0x0000000100000000)
  eden space 122880K, 0% used [0x00000000f8300000,0x00000000f8300000,0x00000000ffb00000)
  from space 2560K, 45% used [0x00000000ffd80000,0x00000000ffea0000,0x0000000100000000)
  to   space 2560K, 0% used [0x00000000ffb00000,0x00000000ffb00000,0x00000000ffd80000)
 ParOldGen       total 134144K, used 92552K [0x00000000f0000000, 0x00000000f8300000, 0x00000000f8300000)
  object space 134144K, 68% used [0x00000000f0000000,0x00000000f5a622c8,0x00000000f8300000)
 Metaspace       used 52881K, capacity 55968K, committed 56192K, reserved 1097728K
  class space    used 6448K, capacity 6998K, committed 7040K, reserved 1048576K
}
{Heap before GC invocations=811 (full 0):
 PSYoungGen      total 125440K, used 124032K [0x00000000f8300000, 0x0000000100000000, 0x0000000100000000)
  eden space 122880K, 100% used [0x00000000f8300000,0x00000000ffb00000,0x00000000ffb00000)
  from space 2560K, 45% used [0x00000000ffd80000,0x00000000ffea0000,0x0000000100000000)
  to   space 2560K, 0% used [0x00000000ffb00000,0x00000000ffb00000,0x00000000ffd80000)
 ParOldGen       total 134144K, used 92552K [0x00000000f0000000, 0x00000000f8300000, 0x00000000f8300000)
  object space 134144K, 68% used [0x00000000f0000000,0x00000000f5a622c8,0x00000000f8300000)
 Metaspace       used 52881K, capacity 55968K, committed 56192K, reserved 1097728K
  class space    used 6448K, capacity 6998K, committed 7040K, reserved 1048576K
2023-10-03T01:18:31.196+0800: 710.900: [GC (Allocation Failure) [PSYoungGen: 124032K->1216K(125440K)] 216584K->93848K(259584K), 0.0081736 secs] [Times: user=0.05 sys=0.00, real=0.01 secs] 
Heap after GC invocations=811 (full 0):
 PSYoungGen      total 125440K, used 1216K [0x00000000f8300000, 0x0000000100000000, 0x0000000100000000)
  eden space 122880K, 0% used [0x00000000f8300000,0x00000000f8300000,0x00000000ffb00000)
  from space 2560K, 47% used [0x00000000ffb00000,0x00000000ffc30000,0x00000000ffd80000)
  to   space 2560K, 0% used [0x00000000ffd80000,0x00000000ffd80000,0x0000000100000000)
 ParOldGen       total 134144K, used 92632K [0x00000000f0000000, 0x00000000f8300000, 0x00000000f8300000)
  object space 134144K, 69% used [0x00000000f0000000,0x00000000f5a762c8,0x00000000f8300000)
 Metaspace       used 52881K, capacity 55968K, committed 56192K, reserved 1097728K
  class space    used 6448K, capacity 6998K, committed 7040K, reserved 1048576K
}
{Heap before GC invocations=812 (full 0):
 PSYoungGen      total 125440K, used 124096K [0x00000000f8300000, 0x0000000100000000, 0x0000000100000000)
  eden space 122880K, 100% used [0x00000000f8300000,0x00000000ffb00000,0x00000000ffb00000)
  from space 2560K, 47% used [0x00000000ffb00000,0x00000000ffc30000,0x00000000ffd80000)
  to   space 2560K, 0% used [0x00000000ffd80000,0x00000000ffd80000,0x0000000100000000)
 ParOldGen       total 134144K, used 92632K [0x00000000f0000000, 0x00000000f8300000, 0x00000000f8300000)
  object space 134144K, 69% used [0x00000000f0000000,0x00000000f5a762c8,0x00000000f8300000)
 Metaspace       used 52881K, capacity 55968K, committed 56192K, reserved 1097728K
  class space    used 6448K, capacity 6998K, committed 7040K, reserved 1048576K
2023-10-03T01:18:31.823+0800: 711.527: [GC (Allocation Failure) [PSYoungGen: 124096K->1248K(125440K)] 216728K->93960K(259584K), 0.0083718 secs] [Times: user=0.05 sys=0.01, real=0.00 secs] 
Heap after GC invocations=812 (full 0):
 PSYoungGen      total 125440K, used 1248K [0x00000000f8300000, 0x0000000100000000, 0x0000000100000000)
  eden space 122880K, 0% used [0x00000000f8300000,0x00000000f8300000,0x00000000ffb00000)
  from space 2560K, 48% used [0x00000000ffd80000,0x00000000ffeb8000,0x0000000100000000)
  to   space 2560K, 0% used [0x00000000ffb00000,0x00000000ffb00000,0x00000000ffd80000)
 ParOldGen       total 134144K, used 92712K [0x00000000f0000000, 0x00000000f8300000, 0x00000000f8300000)
  object space 134144K, 69% used [0x00000000f0000000,0x00000000f5a8a2c8,0x00000000f8300000)
 Metaspace       used 52881K, capacity 55968K, committed 56192K, reserved 1097728K
  class space    used 6448K, capacity 6998K, committed 7040K, reserved 1048576K
}
{Heap before GC invocations=813 (full 0):
 PSYoungGen      total 125440K, used 124128K [0x00000000f8300000, 0x0000000100000000, 0x0000000100000000)
  eden space 122880K, 100% used [0x00000000f8300000,0x00000000ffb00000,0x00000000ffb00000)
  from space 2560K, 48% used [0x00000000ffd80000,0x00000000ffeb8000,0x0000000100000000)
  to   space 2560K, 0% used [0x00000000ffb00000,0x00000000ffb00000,0x00000000ffd80000)
 ParOldGen       total 134144K, used 92712K [0x00000000f0000000, 0x00000000f8300000, 0x00000000f8300000)
  object space 134144K, 69% used [0x00000000f0000000,0x00000000f5a8a2c8,0x00000000f8300000)
 Metaspace       used 52881K, capacity 55968K, committed 56192K, reserved 1097728K
  class space    used 6448K, capacity 6998K, committed 7040K, reserved 1048576K
2023-10-03T01:18:32.451+0800: 712.155: [GC (Allocation Failure) [PSYoungGen: 124128K->1280K(125440K)] 216840K->94072K(259584K), 0.0082625 secs] [Times: user=0.05 sys=0.00, real=0.01 secs] 
Heap after GC invocations=813 (full 0):
 PSYoungGen      total 125440K, used 1280K [0x00000000f8300000, 0x0000000100000000, 0x0000000100000000)
  eden space 122880K, 0% used [0x00000000f8300000,0x00000000f8300000,0x00000000ffb00000)
  from space 2560K, 50% used [0x00000000ffb00000,0x00000000ffc40000,0x00000000ffd80000)
  to   space 2560K, 0% used [0x00000000ffd80000,0x00000000ffd80000,0x0000000100000000)
 ParOldGen       total 134144K, used 92792K [0x00000000f0000000, 0x00000000f8300000, 0x00000000f8300000)
  object space 134144K, 69% used [0x00000000f0000000,0x00000000f5a9e2c8,0x00000000f8300000)
 Metaspace       used 52881K, capacity 55968K, committed 56192K, reserved 1097728K
  class space    used 6448K, capacity 6998K, committed 7040K, reserved 1048576K
}
{Heap before GC invocations=814 (full 0):
 PSYoungGen      total 125440K, used 124160K [0x00000000f8300000, 0x0000000100000000, 0x0000000100000000)
  eden space 122880K, 100% used [0x00000000f8300000,0x00000000ffb00000,0x00000000ffb00000)
  from space 2560K, 50% used [0x00000000ffb00000,0x00000000ffc40000,0x00000000ffd80000)
  to   space 2560K, 0% used [0x00000000ffd80000,0x00000000ffd80000,0x0000000100000000)
 ParOldGen       total 134144K, used 92792K [0x00000000f0000000, 0x00000000f8300000, 0x00000000f8300000)
  object space 134144K, 69% used [0x00000000f0000000,0x00000000f5a9e2c8,0x00000000f8300000)
 Metaspace       used 52881K, capacity 55968K, committed 56192K, reserved 1097728K
  class space    used 6448K, capacity 6998K, committed 7040K, reserved 1048576K
2023-10-03T01:18:33.070+0800: 712.774: [GC (Allocation Failure) [PSYoungGen: 124160K->1216K(125440K)] 216952K->94104K(259584K), 0.0083767 secs] [Times: user=0.04 sys=0.01, real=0.01 secs] 
Heap after GC invocations=814 (full 0):
 PSYoungGen      total 125440K, used 1216K [0x00000000f8300000, 0x0000000100000000, 0x0000000100000000)
  eden space 122880K, 0% used [0x00000000f8300000,0x00000000f8300000,0x00000000ffb00000)
  from space 2560K, 47% used [0x00000000ffd80000,0x00000000ffeb0000,0x0000000100000000)
  to   space 2560K, 0% used [0x00000000ffb00000,0x00000000ffb00000,0x00000000ffd80000)
 ParOldGen       total 134144K, used 92888K [0x00000000f0000000, 0x00000000f8300000, 0x00000000f8300000)
  object space 134144K, 69% used [0x00000000f0000000,0x00000000f5ab62c8,0x00000000f8300000)
 Metaspace       used 52881K, capacity 55968K, committed 56192K, reserved 1097728K
  class space    used 6448K, capacity 6998K, committed 7040K, reserved 1048576K
}
{Heap before GC invocations=815 (full 0):
 PSYoungGen      total 125440K, used 124096K [0x00000000f8300000, 0x0000000100000000, 0x0000000100000000)
  eden space 122880K, 100% used [0x00000000f8300000,0x00000000ffb00000,0x00000000ffb00000)
  from space 2560K, 47% used [0x00000000ffd80000,0x00000000ffeb0000,0x0000000100000000)
  to   space 2560K, 0% used [0x00000000ffb00000,0x00000000ffb00000,0x00000000ffd80000)
 ParOldGen       total 134144K, used 92888K [0x00000000f0000000, 0x00000000f8300000, 0x00000000f8300000)
  object space 134144K, 69% used [0x00000000f0000000,0x00000000f5ab62c8,0x00000000f8300000)
 Metaspace       used 52881K, capacity 55968K, committed 56192K, reserved 1097728K
  class space    used 6448K, capacity 6998K, committed 7040K, reserved 1048576K
2023-10-03T01:18:33.695+0800: 713.400: [GC (Allocation Failure) [PSYoungGen: 124096K->1216K(125440K)] 216984K->94184K(259584K), 0.0083745 secs] [Times: user=0.04 sys=0.01, real=0.01 secs] 
Heap after GC invocations=815 (full 0):
 PSYoungGen      total 125440K, used 1216K [0x00000000f8300000, 0x0000000100000000, 0x0000000100000000)
  eden space 122880K, 0% used [0x00000000f8300000,0x00000000f8300000,0x00000000ffb00000)
  from space 2560K, 47% used [0x00000000ffb00000,0x00000000ffc30000,0x00000000ffd80000)
  to   space 2048K, 0% used [0x00000000ffe00000,0x00000000ffe00000,0x0000000100000000)
 ParOldGen       total 134144K, used 92968K [0x00000000f0000000, 0x00000000f8300000, 0x00000000f8300000)
  object space 134144K, 69% used [0x00000000f0000000,0x00000000f5aca2c8,0x00000000f8300000)
 Metaspace       used 52881K, capacity 55968K, committed 56192K, reserved 1097728K
  class space    used 6448K, capacity 6998K, committed 7040K, reserved 1048576K
}
{Heap before GC invocations=816 (full 0):
 PSYoungGen      total 125440K, used 124096K [0x00000000f8300000, 0x0000000100000000, 0x0000000100000000)
  eden space 122880K, 100% used [0x00000000f8300000,0x00000000ffb00000,0x00000000ffb00000)
  from space 2560K, 47% used [0x00000000ffb00000,0x00000000ffc30000,0x00000000ffd80000)
  to   space 2048K, 0% used [0x00000000ffe00000,0x00000000ffe00000,0x0000000100000000)
 ParOldGen       total 134144K, used 92968K [0x00000000f0000000, 0x00000000f8300000, 0x00000000f8300000)
  object space 134144K, 69% used [0x00000000f0000000,0x00000000f5aca2c8,0x00000000f8300000)
 Metaspace       used 52881K, capacity 55968K, committed 56192K, reserved 1097728K
  class space    used 6448K, capacity 6998K, committed 7040K, reserved 1048576K
2023-10-03T01:18:34.307+0800: 714.012: [GC (Allocation Failure) [PSYoungGen: 124096K->1184K(125952K)] 217064K->94240K(260096K), 0.0074625 secs] [Times: user=0.04 sys=0.00, real=0.01 secs] 
Heap after GC invocations=816 (full 0):
 PSYoungGen      total 125952K, used 1184K [0x00000000f8300000, 0x0000000100000000, 0x0000000100000000)
  eden space 123904K, 0% used [0x00000000f8300000,0x00000000f8300000,0x00000000ffc00000)
  from space 2048K, 57% used [0x00000000ffe00000,0x00000000fff28000,0x0000000100000000)
  to   space 2048K, 0% used [0x00000000ffc00000,0x00000000ffc00000,0x00000000ffe00000)
 ParOldGen       total 134144K, used 93056K [0x00000000f0000000, 0x00000000f8300000, 0x00000000f8300000)
  object space 134144K, 69% used [0x00000000f0000000,0x00000000f5ae02c8,0x00000000f8300000)
 Metaspace       used 52881K, capacity 55968K, committed 56192K, reserved 1097728K
  class space    used 6448K, capacity 6998K, committed 7040K, reserved 1048576K
}
{Heap before GC invocations=817 (full 0):
 PSYoungGen      total 125952K, used 125088K [0x00000000f8300000, 0x0000000100000000, 0x0000000100000000)
  eden space 123904K, 100% used [0x00000000f8300000,0x00000000ffc00000,0x00000000ffc00000)
  from space 2048K, 57% used [0x00000000ffe00000,0x00000000fff28000,0x0000000100000000)
  to   space 2048K, 0% used [0x00000000ffc00000,0x00000000ffc00000,0x00000000ffe00000)
 ParOldGen       total 134144K, used 93056K [0x00000000f0000000, 0x00000000f8300000, 0x00000000f8300000)
  object space 134144K, 69% used [0x00000000f0000000,0x00000000f5ae02c8,0x00000000f8300000)
 Metaspace       used 52881K, capacity 55968K, committed 56192K, reserved 1097728K
  class space    used 6448K, capacity 6998K, committed 7040K, reserved 1048576K
2023-10-03T01:18:34.938+0800: 714.643: [GC (Allocation Failure) [PSYoungGen: 125088K->1184K(125952K)] 218144K->94312K(260096K), 0.0075206 secs] [Times: user=0.05 sys=0.00, real=0.01 secs] 
Heap after GC invocations=817 (full 0):
 PSYoungGen      total 125952K, used 1184K [0x00000000f8300000, 0x0000000100000000, 0x0000000100000000)
  eden space 123904K, 0% used [0x00000000f8300000,0x00000000f8300000,0x00000000ffc00000)
  from space 2048K, 57% used [0x00000000ffc00000,0x00000000ffd28000,0x00000000ffe00000)
  to   space 2048K, 0% used [0x00000000ffe00000,0x00000000ffe00000,0x0000000100000000)
 ParOldGen       total 134144K, used 93128K [0x00000000f0000000, 0x00000000f8300000, 0x00000000f8300000)
  object space 134144K, 69% used [0x00000000f0000000,0x00000000f5af22c8,0x00000000f8300000)
 Metaspace       used 52881K, capacity 55968K, committed 56192K, reserved 1097728K
  class space    used 6448K, capacity 6998K, committed 7040K, reserved 1048576K
}
{Heap before GC invocations=818 (full 0):
 PSYoungGen      total 125952K, used 125088K [0x00000000f8300000, 0x0000000100000000, 0x0000000100000000)
  eden space 123904K, 100% used [0x00000000f8300000,0x00000000ffc00000,0x00000000ffc00000)
  from space 2048K, 57% used [0x00000000ffc00000,0x00000000ffd28000,0x00000000ffe00000)
  to   space 2048K, 0% used [0x00000000ffe00000,0x00000000ffe00000,0x0000000100000000)
 ParOldGen       total 134144K, used 93128K [0x00000000f0000000, 0x00000000f8300000, 0x00000000f8300000)
  object space 134144K, 69% used [0x00000000f0000000,0x00000000f5af22c8,0x00000000f8300000)
 Metaspace       used 52881K, capacity 55968K, committed 56192K, reserved 1097728K
  class space    used 6448K, capacity 6998K, committed 7040K, reserved 1048576K
2023-10-03T01:18:35.564+0800: 715.269: [GC (Allocation Failure) [PSYoungGen: 125088K->1120K(125952K)] 218216K->94320K(260096K), 0.0080667 secs] [Times: user=0.05 sys=0.00, real=0.01 secs] 
Heap after GC invocations=818 (full 0):
 PSYoungGen      total 125952K, used 1120K [0x00000000f8300000, 0x0000000100000000, 0x0000000100000000)
  eden space 123904K, 0% used [0x00000000f8300000,0x00000000f8300000,0x00000000ffc00000)
  from space 2048K, 54% used [0x00000000ffe00000,0x00000000fff18000,0x0000000100000000)
  to   space 2048K, 0% used [0x00000000ffc00000,0x00000000ffc00000,0x00000000ffe00000)
 ParOldGen       total 134144K, used 93200K [0x00000000f0000000, 0x00000000f8300000, 0x00000000f8300000)
  object space 134144K, 69% used [0x00000000f0000000,0x00000000f5b042c8,0x00000000f8300000)
 Metaspace       used 52881K, capacity 55968K, committed 56192K, reserved 1097728K
  class space    used 6448K, capacity 6998K, committed 7040K, reserved 1048576K
}
{Heap before GC invocations=819 (full 0):
 PSYoungGen      total 125952K, used 125024K [0x00000000f8300000, 0x0000000100000000, 0x0000000100000000)
  eden space 123904K, 100% used [0x00000000f8300000,0x00000000ffc00000,0x00000000ffc00000)
  from space 2048K, 54% used [0x00000000ffe00000,0x00000000fff18000,0x0000000100000000)
  to   space 2048K, 0% used [0x00000000ffc00000,0x00000000ffc00000,0x00000000ffe00000)
 ParOldGen       total 134144K, used 93200K [0x00000000f0000000, 0x00000000f8300000, 0x00000000f8300000)
  object space 134144K, 69% used [0x00000000f0000000,0x00000000f5b042c8,0x00000000f8300000)
 Metaspace       used 52881K, capacity 55968K, committed 56192K, reserved 1097728K
  class space    used 6448K, capacity 6998K, committed 7040K, reserved 1048576K
2023-10-03T01:18:36.188+0800: 715.893: [GC (Allocation Failure) [PSYoungGen: 125024K->1280K(125952K)] 218224K->94536K(260096K), 0.0080633 secs] [Times: user=0.04 sys=0.00, real=0.01 secs] 
Heap after GC invocations=819 (full 0):
 PSYoungGen      total 125952K, used 1280K [0x00000000f8300000, 0x0000000100000000, 0x0000000100000000)
  eden space 123904K, 0% used [0x00000000f8300000,0x00000000f8300000,0x00000000ffc00000)
  from space 2048K, 62% used [0x00000000ffc00000,0x00000000ffd40000,0x00000000ffe00000)
  to   space 2048K, 0% used [0x00000000ffe00000,0x00000000ffe00000,0x0000000100000000)
 ParOldGen       total 134144K, used 93256K [0x00000000f0000000, 0x00000000f8300000, 0x00000000f8300000)
  object space 134144K, 69% used [0x00000000f0000000,0x00000000f5b122c8,0x00000000f8300000)
 Metaspace       used 52881K, capacity 55968K, committed 56192K, reserved 1097728K
  class space    used 6448K, capacity 6998K, committed 7040K, reserved 1048576K
}
{Heap before GC invocations=820 (full 0):
 PSYoungGen      total 125952K, used 125184K [0x00000000f8300000, 0x0000000100000000, 0x0000000100000000)
  eden space 123904K, 100% used [0x00000000f8300000,0x00000000ffc00000,0x00000000ffc00000)
  from space 2048K, 62% used [0x00000000ffc00000,0x00000000ffd40000,0x00000000ffe00000)
  to   space 2048K, 0% used [0x00000000ffe00000,0x00000000ffe00000,0x0000000100000000)
 ParOldGen       total 134144K, used 93256K [0x00000000f0000000, 0x00000000f8300000, 0x00000000f8300000)
  object space 134144K, 69% used [0x00000000f0000000,0x00000000f5b122c8,0x00000000f8300000)
 Metaspace       used 52881K, capacity 55968K, committed 56192K, reserved 1097728K
  class space    used 6448K, capacity 6998K, committed 7040K, reserved 1048576K
2023-10-03T01:18:36.821+0800: 716.525: [GC (Allocation Failure) [PSYoungGen: 125184K->1184K(125952K)] 218440K->94520K(260096K), 0.0082944 secs] [Times: user=0.05 sys=0.00, real=0.01 secs] 
Heap after GC invocations=820 (full 0):
 PSYoungGen      total 125952K, used 1184K [0x00000000f8300000, 0x0000000100000000, 0x0000000100000000)
  eden space 123904K, 0% used [0x00000000f8300000,0x00000000f8300000,0x00000000ffc00000)
  from space 2048K, 57% used [0x00000000ffe00000,0x00000000fff28000,0x0000000100000000)
  to   space 2048K, 0% used [0x00000000ffc00000,0x00000000ffc00000,0x00000000ffe00000)
 ParOldGen       total 134144K, used 93336K [0x00000000f0000000, 0x00000000f8300000, 0x00000000f8300000)
  object space 134144K, 69% used [0x00000000f0000000,0x00000000f5b262c8,0x00000000f8300000)
 Metaspace       used 52881K, capacity 55968K, committed 56192K, reserved 1097728K
  class space    used 6448K, capacity 6998K, committed 7040K, reserved 1048576K
}
{Heap before GC invocations=821 (full 0):
 PSYoungGen      total 125952K, used 125088K [0x00000000f8300000, 0x0000000100000000, 0x0000000100000000)
  eden space 123904K, 100% used [0x00000000f8300000,0x00000000ffc00000,0x00000000ffc00000)
  from space 2048K, 57% used [0x00000000ffe00000,0x00000000fff28000,0x0000000100000000)
  to   space 2048K, 0% used [0x00000000ffc00000,0x00000000ffc00000,0x00000000ffe00000)
 ParOldGen       total 134144K, used 93336K [0x00000000f0000000, 0x00000000f8300000, 0x00000000f8300000)
  object space 134144K, 69% used [0x00000000f0000000,0x00000000f5b262c8,0x00000000f8300000)
 Metaspace       used 52881K, capacity 55968K, committed 56192K, reserved 1097728K
  class space    used 6448K, capacity 6998K, committed 7040K, reserved 1048576K
2023-10-03T01:18:37.461+0800: 717.166: [GC (Allocation Failure) [PSYoungGen: 125088K->1248K(125952K)] 218424K->94664K(260096K), 0.0082967 secs] [Times: user=0.05 sys=0.01, real=0.01 secs] 
Heap after GC invocations=821 (full 0):
 PSYoungGen      total 125952K, used 1248K [0x00000000f8300000, 0x0000000100000000, 0x0000000100000000)
  eden space 123904K, 0% used [0x00000000f8300000,0x00000000f8300000,0x00000000ffc00000)
  from space 2048K, 60% used [0x00000000ffc00000,0x00000000ffd38000,0x00000000ffe00000)
  to   space 2048K, 0% used [0x00000000ffe00000,0x00000000ffe00000,0x0000000100000000)
 ParOldGen       total 134144K, used 93416K [0x00000000f0000000, 0x00000000f8300000, 0x00000000f8300000)
  object space 134144K, 69% used [0x00000000f0000000,0x00000000f5b3a2c8,0x00000000f8300000)
 Metaspace       used 52881K, capacity 55968K, committed 56192K, reserved 1097728K
  class space    used 6448K, capacity 6998K, committed 7040K, reserved 1048576K
}
{Heap before GC invocations=822 (full 0):
 PSYoungGen      total 125952K, used 125152K [0x00000000f8300000, 0x0000000100000000, 0x0000000100000000)
  eden space 123904K, 100% used [0x00000000f8300000,0x00000000ffc00000,0x00000000ffc00000)
  from space 2048K, 60% used [0x00000000ffc00000,0x00000000ffd38000,0x00000000ffe00000)
  to   space 2048K, 0% used [0x00000000ffe00000,0x00000000ffe00000,0x0000000100000000)
 ParOldGen       total 134144K, used 93416K [0x00000000f0000000, 0x00000000f8300000, 0x00000000f8300000)
  object space 134144K, 69% used [0x00000000f0000000,0x00000000f5b3a2c8,0x00000000f8300000)
 Metaspace       used 52881K, capacity 55968K, committed 56192K, reserved 1097728K
  class space    used 6448K, capacity 6998K, committed 7040K, reserved 1048576K
2023-10-03T01:18:38.081+0800: 717.786: [GC (Allocation Failure) [PSYoungGen: 125152K->1184K(125952K)] 218568K->94672K(260096K), 0.0084369 secs] [Times: user=0.05 sys=0.00, real=0.01 secs] 
Heap after GC invocations=822 (full 0):
 PSYoungGen      total 125952K, used 1184K [0x00000000f8300000, 0x0000000100000000, 0x0000000100000000)
  eden space 123904K, 0% used [0x00000000f8300000,0x00000000f8300000,0x00000000ffc00000)
  from space 2048K, 57% used [0x00000000ffe00000,0x00000000fff28000,0x0000000100000000)
  to   space 2048K, 0% used [0x00000000ffc00000,0x00000000ffc00000,0x00000000ffe00000)
 ParOldGen       total 134144K, used 93488K [0x00000000f0000000, 0x00000000f8300000, 0x00000000f8300000)
  object space 134144K, 69% used [0x00000000f0000000,0x00000000f5b4c2c8,0x00000000f8300000)
 Metaspace       used 52881K, capacity 55968K, committed 56192K, reserved 1097728K
  class space    used 6448K, capacity 6998K, committed 7040K, reserved 1048576K
}
{Heap before GC invocations=823 (full 0):
 PSYoungGen      total 125952K, used 125088K [0x00000000f8300000, 0x0000000100000000, 0x0000000100000000)
  eden space 123904K, 100% used [0x00000000f8300000,0x00000000ffc00000,0x00000000ffc00000)
  from space 2048K, 57% used [0x00000000ffe00000,0x00000000fff28000,0x0000000100000000)
  to   space 2048K, 0% used [0x00000000ffc00000,0x00000000ffc00000,0x00000000ffe00000)
 ParOldGen       total 134144K, used 93488K [0x00000000f0000000, 0x00000000f8300000, 0x00000000f8300000)
  object space 134144K, 69% used [0x00000000f0000000,0x00000000f5b4c2c8,0x00000000f8300000)
 Metaspace       used 52881K, capacity 55968K, committed 56192K, reserved 1097728K
  class space    used 6448K, capacity 6998K, committed 7040K, reserved 1048576K
2023-10-03T01:18:38.704+0800: 718.408: [GC (Allocation Failure) [PSYoungGen: 125088K->1152K(125952K)] 218576K->94728K(260096K), 0.0083611 secs] [Times: user=0.05 sys=0.00, real=0.01 secs] 
Heap after GC invocations=823 (full 0):
 PSYoungGen      total 125952K, used 1152K [0x00000000f8300000, 0x0000000100000000, 0x0000000100000000)
  eden space 123904K, 0% used [0x00000000f8300000,0x00000000f8300000,0x00000000ffc00000)
  from space 2048K, 56% used [0x00000000ffc00000,0x00000000ffd20000,0x00000000ffe00000)
  to   space 2048K, 0% used [0x00000000ffe00000,0x00000000ffe00000,0x0000000100000000)
 ParOldGen       total 134144K, used 93576K [0x00000000f0000000, 0x00000000f8300000, 0x00000000f8300000)
  object space 134144K, 69% used [0x00000000f0000000,0x00000000f5b622c8,0x00000000f8300000)
 Metaspace       used 52881K, capacity 55968K, committed 56192K, reserved 1097728K
  class space    used 6448K, capacity 6998K, committed 7040K, reserved 1048576K
}
{Heap before GC invocations=824 (full 0):
 PSYoungGen      total 125952K, used 125056K [0x00000000f8300000, 0x0000000100000000, 0x0000000100000000)
  eden space 123904K, 100% used [0x00000000f8300000,0x00000000ffc00000,0x00000000ffc00000)
  from space 2048K, 56% used [0x00000000ffc00000,0x00000000ffd20000,0x00000000ffe00000)
  to   space 2048K, 0% used [0x00000000ffe00000,0x00000000ffe00000,0x0000000100000000)
 ParOldGen       total 134144K, used 93576K [0x00000000f0000000, 0x00000000f8300000, 0x00000000f8300000)
  object space 134144K, 69% used [0x00000000f0000000,0x00000000f5b622c8,0x00000000f8300000)
 Metaspace       used 52881K, capacity 55968K, committed 56192K, reserved 1097728K
  class space    used 6448K, capacity 6998K, committed 7040K, reserved 1048576K
2023-10-03T01:18:39.315+0800: 719.020: [GC (Allocation Failure) [PSYoungGen: 125056K->1280K(125952K)] 218632K->94944K(260096K), 0.0085178 secs] [Times: user=0.05 sys=0.00, real=0.01 secs] 
Heap after GC invocations=824 (full 0):
 PSYoungGen      total 125952K, used 1280K [0x00000000f8300000, 0x0000000100000000, 0x0000000100000000)
  eden space 123904K, 0% used [0x00000000f8300000,0x00000000f8300000,0x00000000ffc00000)
  from space 2048K, 62% used [0x00000000ffe00000,0x00000000fff40000,0x0000000100000000)
  to   space 2048K, 0% used [0x00000000ffc00000,0x00000000ffc00000,0x00000000ffe00000)
 ParOldGen       total 134144K, used 93664K [0x00000000f0000000, 0x00000000f8300000, 0x00000000f8300000)
  object space 134144K, 69% used [0x00000000f0000000,0x00000000f5b782c8,0x00000000f8300000)
 Metaspace       used 52881K, capacity 55968K, committed 56192K, reserved 1097728K
  class space    used 6448K, capacity 6998K, committed 7040K, reserved 1048576K
}
{Heap before GC invocations=825 (full 0):
 PSYoungGen      total 125952K, used 125184K [0x00000000f8300000, 0x0000000100000000, 0x0000000100000000)
  eden space 123904K, 100% used [0x00000000f8300000,0x00000000ffc00000,0x00000000ffc00000)
  from space 2048K, 62% used [0x00000000ffe00000,0x00000000fff40000,0x0000000100000000)
  to   space 2048K, 0% used [0x00000000ffc00000,0x00000000ffc00000,0x00000000ffe00000)
 ParOldGen       total 134144K, used 93664K [0x00000000f0000000, 0x00000000f8300000, 0x00000000f8300000)
  object space 134144K, 69% used [0x00000000f0000000,0x00000000f5b782c8,0x00000000f8300000)
 Metaspace       used 52881K, capacity 55968K, committed 56192K, reserved 1097728K
  class space    used 6448K, capacity 6998K, committed 7040K, reserved 1048576K
2023-10-03T01:18:39.949+0800: 719.654: [GC (Allocation Failure) [PSYoungGen: 125184K->1248K(125952K)] 218848K->95000K(260096K), 0.0081988 secs] [Times: user=0.04 sys=0.00, real=0.01 secs] 
Heap after GC invocations=825 (full 0):
 PSYoungGen      total 125952K, used 1248K [0x00000000f8300000, 0x0000000100000000, 0x0000000100000000)
  eden space 123904K, 0% used [0x00000000f8300000,0x00000000f8300000,0x00000000ffc00000)
  from space 2048K, 60% used [0x00000000ffc00000,0x00000000ffd38000,0x00000000ffe00000)
  to   space 2048K, 0% used [0x00000000ffe00000,0x00000000ffe00000,0x0000000100000000)
 ParOldGen       total 134144K, used 93752K [0x00000000f0000000, 0x00000000f8300000, 0x00000000f8300000)
  object space 134144K, 69% used [0x00000000f0000000,0x00000000f5b8e2c8,0x00000000f8300000)
 Metaspace       used 52881K, capacity 55968K, committed 56192K, reserved 1097728K
  class space    used 6448K, capacity 6998K, committed 7040K, reserved 1048576K
}
{Heap before GC invocations=826 (full 0):
 PSYoungGen      total 125952K, used 125152K [0x00000000f8300000, 0x0000000100000000, 0x0000000100000000)
  eden space 123904K, 100% used [0x00000000f8300000,0x00000000ffc00000,0x00000000ffc00000)
  from space 2048K, 60% used [0x00000000ffc00000,0x00000000ffd38000,0x00000000ffe00000)
  to   space 2048K, 0% used [0x00000000ffe00000,0x00000000ffe00000,0x0000000100000000)
 ParOldGen       total 134144K, used 93752K [0x00000000f0000000, 0x00000000f8300000, 0x00000000f8300000)
  object space 134144K, 69% used [0x00000000f0000000,0x00000000f5b8e2c8,0x00000000f8300000)
 Metaspace       used 52881K, capacity 55968K, committed 56192K, reserved 1097728K
  class space    used 6448K, capacity 6998K, committed 7040K, reserved 1048576K
2023-10-03T01:18:40.577+0800: 720.282: [GC (Allocation Failure) [PSYoungGen: 125152K->1184K(125952K)] 218904K->95016K(260096K), 0.0084060 secs] [Times: user=0.05 sys=0.00, real=0.01 secs] 
Heap after GC invocations=826 (full 0):
 PSYoungGen      total 125952K, used 1184K [0x00000000f8300000, 0x0000000100000000, 0x0000000100000000)
  eden space 123904K, 0% used [0x00000000f8300000,0x00000000f8300000,0x00000000ffc00000)
  from space 2048K, 57% used [0x00000000ffe00000,0x00000000fff28000,0x0000000100000000)
  to   space 2048K, 0% used [0x00000000ffc00000,0x00000000ffc00000,0x00000000ffe00000)
 ParOldGen       total 134144K, used 93832K [0x00000000f0000000, 0x00000000f8300000, 0x00000000f8300000)
  object space 134144K, 69% used [0x00000000f0000000,0x00000000f5ba22c8,0x00000000f8300000)
 Metaspace       used 52881K, capacity 55968K, committed 56192K, reserved 1097728K
  class space    used 6448K, capacity 6998K, committed 7040K, reserved 1048576K
}
{Heap before GC invocations=827 (full 0):
 PSYoungGen      total 125952K, used 125088K [0x00000000f8300000, 0x0000000100000000, 0x0000000100000000)
  eden space 123904K, 100% used [0x00000000f8300000,0x00000000ffc00000,0x00000000ffc00000)
  from space 2048K, 57% used [0x00000000ffe00000,0x00000000fff28000,0x0000000100000000)
  to   space 2048K, 0% used [0x00000000ffc00000,0x00000000ffc00000,0x00000000ffe00000)
 ParOldGen       total 134144K, used 93832K [0x00000000f0000000, 0x00000000f8300000, 0x00000000f8300000)
  object space 134144K, 69% used [0x00000000f0000000,0x00000000f5ba22c8,0x00000000f8300000)
 Metaspace       used 52881K, capacity 55968K, committed 56192K, reserved 1097728K
  class space    used 6448K, capacity 6998K, committed 7040K, reserved 1048576K
2023-10-03T01:18:41.197+0800: 720.902: [GC (Allocation Failure) [PSYoungGen: 125088K->1184K(125952K)] 218920K->95096K(260096K), 0.0080298 secs] [Times: user=0.05 sys=0.00, real=0.01 secs] 
Heap after GC invocations=827 (full 0):
 PSYoungGen      total 125952K, used 1184K [0x00000000f8300000, 0x0000000100000000, 0x0000000100000000)
  eden space 123904K, 0% used [0x00000000f8300000,0x00000000f8300000,0x00000000ffc00000)
  from space 2048K, 57% used [0x00000000ffc00000,0x00000000ffd28000,0x00000000ffe00000)
  to   space 2048K, 0% used [0x00000000ffe00000,0x00000000ffe00000,0x0000000100000000)
 ParOldGen       total 134144K, used 93912K [0x00000000f0000000, 0x00000000f8300000, 0x00000000f8300000)
  object space 134144K, 70% used [0x00000000f0000000,0x00000000f5bb62c8,0x00000000f8300000)
 Metaspace       used 52881K, capacity 55968K, committed 56192K, reserved 1097728K
  class space    used 6448K, capacity 6998K, committed 7040K, reserved 1048576K
}
{Heap before GC invocations=828 (full 0):
 PSYoungGen      total 125952K, used 125088K [0x00000000f8300000, 0x0000000100000000, 0x0000000100000000)
  eden space 123904K, 100% used [0x00000000f8300000,0x00000000ffc00000,0x00000000ffc00000)
  from space 2048K, 57% used [0x00000000ffc00000,0x00000000ffd28000,0x00000000ffe00000)
  to   space 2048K, 0% used [0x00000000ffe00000,0x00000000ffe00000,0x0000000100000000)
 ParOldGen       total 134144K, used 93912K [0x00000000f0000000, 0x00000000f8300000, 0x00000000f8300000)
  object space 134144K, 70% used [0x00000000f0000000,0x00000000f5bb62c8,0x00000000f8300000)
 Metaspace       used 52881K, capacity 55968K, committed 56192K, reserved 1097728K
  class space    used 6448K, capacity 6998K, committed 7040K, reserved 1048576K
2023-10-03T01:18:41.828+0800: 721.532: [GC (Allocation Failure) [PSYoungGen: 125088K->1216K(126464K)] 219000K->95192K(260608K), 0.0085389 secs] [Times: user=0.05 sys=0.00, real=0.01 secs] 
Heap after GC invocations=828 (full 0):
 PSYoungGen      total 126464K, used 1216K [0x00000000f8300000, 0x0000000100000000, 0x0000000100000000)
  eden space 124416K, 0% used [0x00000000f8300000,0x00000000f8300000,0x00000000ffc80000)
  from space 2048K, 59% used [0x00000000ffe00000,0x00000000fff30000,0x0000000100000000)
  to   space 1536K, 0% used [0x00000000ffc80000,0x00000000ffc80000,0x00000000ffe00000)
 ParOldGen       total 134144K, used 93976K [0x00000000f0000000, 0x00000000f8300000, 0x00000000f8300000)
  object space 134144K, 70% used [0x00000000f0000000,0x00000000f5bc62c8,0x00000000f8300000)
 Metaspace       used 52881K, capacity 55968K, committed 56192K, reserved 1097728K
  class space    used 6448K, capacity 6998K, committed 7040K, reserved 1048576K
}
{Heap before GC invocations=829 (full 0):
 PSYoungGen      total 126464K, used 125632K [0x00000000f8300000, 0x0000000100000000, 0x0000000100000000)
  eden space 124416K, 100% used [0x00000000f8300000,0x00000000ffc80000,0x00000000ffc80000)
  from space 2048K, 59% used [0x00000000ffe00000,0x00000000fff30000,0x0000000100000000)
  to   space 1536K, 0% used [0x00000000ffc80000,0x00000000ffc80000,0x00000000ffe00000)
 ParOldGen       total 134144K, used 93976K [0x00000000f0000000, 0x00000000f8300000, 0x00000000f8300000)
  object space 134144K, 70% used [0x00000000f0000000,0x00000000f5bc62c8,0x00000000f8300000)
 Metaspace       used 52881K, capacity 55968K, committed 56192K, reserved 1097728K
  class space    used 6448K, capacity 6998K, committed 7040K, reserved 1048576K
2023-10-03T01:18:42.456+0800: 722.161: [GC (Allocation Failure) [PSYoungGen: 125632K->1120K(125952K)] 219608K->95168K(260096K), 0.0081208 secs] [Times: user=0.04 sys=0.00, real=0.01 secs] 
Heap after GC invocations=829 (full 0):
 PSYoungGen      total 125952K, used 1120K [0x00000000f8300000, 0x0000000100000000, 0x0000000100000000)
  eden space 124416K, 0% used [0x00000000f8300000,0x00000000f8300000,0x00000000ffc80000)
  from space 1536K, 72% used [0x00000000ffc80000,0x00000000ffd98000,0x00000000ffe00000)
  to   space 1536K, 0% used [0x00000000ffe80000,0x00000000ffe80000,0x0000000100000000)
 ParOldGen       total 134144K, used 94048K [0x00000000f0000000, 0x00000000f8300000, 0x00000000f8300000)
  object space 134144K, 70% used [0x00000000f0000000,0x00000000f5bd82c8,0x00000000f8300000)
 Metaspace       used 52881K, capacity 55968K, committed 56192K, reserved 1097728K
  class space    used 6448K, capacity 6998K, committed 7040K, reserved 1048576K
}
{Heap before GC invocations=830 (full 0):
 PSYoungGen      total 125952K, used 125536K [0x00000000f8300000, 0x0000000100000000, 0x0000000100000000)
  eden space 124416K, 100% used [0x00000000f8300000,0x00000000ffc80000,0x00000000ffc80000)
  from space 1536K, 72% used [0x00000000ffc80000,0x00000000ffd98000,0x00000000ffe00000)
  to   space 1536K, 0% used [0x00000000ffe80000,0x00000000ffe80000,0x0000000100000000)
 ParOldGen       total 134144K, used 94048K [0x00000000f0000000, 0x00000000f8300000, 0x00000000f8300000)
  object space 134144K, 70% used [0x00000000f0000000,0x00000000f5bd82c8,0x00000000f8300000)
 Metaspace       used 52881K, capacity 55968K, committed 56192K, reserved 1097728K
  class space    used 6448K, capacity 6998K, committed 7040K, reserved 1048576K
2023-10-03T01:18:43.077+0800: 722.782: [GC (Allocation Failure) [PSYoungGen: 125536K->1152K(126464K)] 219584K->95280K(260608K), 0.0084217 secs] [Times: user=0.05 sys=0.00, real=0.01 secs] 
Heap after GC invocations=830 (full 0):
 PSYoungGen      total 126464K, used 1152K [0x00000000f8300000, 0x0000000100000000, 0x0000000100000000)
  eden space 124928K, 0% used [0x00000000f8300000,0x00000000f8300000,0x00000000ffd00000)
  from space 1536K, 75% used [0x00000000ffe80000,0x00000000fffa0000,0x0000000100000000)
  to   space 1536K, 0% used [0x00000000ffd00000,0x00000000ffd00000,0x00000000ffe80000)
 ParOldGen       total 134144K, used 94128K [0x00000000f0000000, 0x00000000f8300000, 0x00000000f8300000)
  object space 134144K, 70% used [0x00000000f0000000,0x00000000f5bec2c8,0x00000000f8300000)
 Metaspace       used 52881K, capacity 55968K, committed 56192K, reserved 1097728K
  class space    used 6448K, capacity 6998K, committed 7040K, reserved 1048576K
}
{Heap before GC invocations=831 (full 0):
 PSYoungGen      total 126464K, used 126080K [0x00000000f8300000, 0x0000000100000000, 0x0000000100000000)
  eden space 124928K, 100% used [0x00000000f8300000,0x00000000ffd00000,0x00000000ffd00000)
  from space 1536K, 75% used [0x00000000ffe80000,0x00000000fffa0000,0x0000000100000000)
  to   space 1536K, 0% used [0x00000000ffd00000,0x00000000ffd00000,0x00000000ffe80000)
 ParOldGen       total 134144K, used 94128K [0x00000000f0000000, 0x00000000f8300000, 0x00000000f8300000)
  object space 134144K, 70% used [0x00000000f0000000,0x00000000f5bec2c8,0x00000000f8300000)
 Metaspace       used 52881K, capacity 55968K, committed 56192K, reserved 1097728K
  class space    used 6448K, capacity 6998K, committed 7040K, reserved 1048576K
2023-10-03T01:18:43.719+0800: 723.424: [GC (Allocation Failure) [PSYoungGen: 126080K->1248K(126464K)] 220208K->95456K(260608K), 0.0082309 secs] [Times: user=0.05 sys=0.01, real=0.01 secs] 
Heap after GC invocations=831 (full 0):
 PSYoungGen      total 126464K, used 1248K [0x00000000f8300000, 0x0000000100000000, 0x0000000100000000)
  eden space 124928K, 0% used [0x00000000f8300000,0x00000000f8300000,0x00000000ffd00000)
  from space 1536K, 81% used [0x00000000ffd00000,0x00000000ffe38000,0x00000000ffe80000)
  to   space 1536K, 0% used [0x00000000ffe80000,0x00000000ffe80000,0x0000000100000000)
 ParOldGen       total 134144K, used 94208K [0x00000000f0000000, 0x00000000f8300000, 0x00000000f8300000)
  object space 134144K, 70% used [0x00000000f0000000,0x00000000f5c002c8,0x00000000f8300000)
 Metaspace       used 52881K, capacity 55968K, committed 56192K, reserved 1097728K
  class space    used 6448K, capacity 6998K, committed 7040K, reserved 1048576K
}
{Heap before GC invocations=832 (full 0):
 PSYoungGen      total 126464K, used 126176K [0x00000000f8300000, 0x0000000100000000, 0x0000000100000000)
  eden space 124928K, 100% used [0x00000000f8300000,0x00000000ffd00000,0x00000000ffd00000)
  from space 1536K, 81% used [0x00000000ffd00000,0x00000000ffe38000,0x00000000ffe80000)
  to   space 1536K, 0% used [0x00000000ffe80000,0x00000000ffe80000,0x0000000100000000)
 ParOldGen       total 134144K, used 94208K [0x00000000f0000000, 0x00000000f8300000, 0x00000000f8300000)
  object space 134144K, 70% used [0x00000000f0000000,0x00000000f5c002c8,0x00000000f8300000)
 Metaspace       used 52881K, capacity 55968K, committed 56192K, reserved 1097728K
  class space    used 6448K, capacity 6998K, committed 7040K, reserved 1048576K
2023-10-03T01:18:44.344+0800: 724.049: [GC (Allocation Failure) [PSYoungGen: 126176K->1184K(126464K)] 220384K->95472K(260608K), 0.0093700 secs] [Times: user=0.03 sys=0.02, real=0.01 secs] 
Heap after GC invocations=832 (full 0):
 PSYoungGen      total 126464K, used 1184K [0x00000000f8300000, 0x0000000100000000, 0x0000000100000000)
  eden space 124928K, 0% used [0x00000000f8300000,0x00000000f8300000,0x00000000ffd00000)
  from space 1536K, 77% used [0x00000000ffe80000,0x00000000fffa8000,0x0000000100000000)
  to   space 1536K, 0% used [0x00000000ffd00000,0x00000000ffd00000,0x00000000ffe80000)
 ParOldGen       total 134144K, used 94288K [0x00000000f0000000, 0x00000000f8300000, 0x00000000f8300000)
  object space 134144K, 70% used [0x00000000f0000000,0x00000000f5c142c8,0x00000000f8300000)
 Metaspace       used 52881K, capacity 55968K, committed 56192K, reserved 1097728K
  class space    used 6448K, capacity 6998K, committed 7040K, reserved 1048576K
}
{Heap before GC invocations=833 (full 0):
 PSYoungGen      total 126464K, used 126112K [0x00000000f8300000, 0x0000000100000000, 0x0000000100000000)
  eden space 124928K, 100% used [0x00000000f8300000,0x00000000ffd00000,0x00000000ffd00000)
  from space 1536K, 77% used [0x00000000ffe80000,0x00000000fffa8000,0x0000000100000000)
  to   space 1536K, 0% used [0x00000000ffd00000,0x00000000ffd00000,0x00000000ffe80000)
 ParOldGen       total 134144K, used 94288K [0x00000000f0000000, 0x00000000f8300000, 0x00000000f8300000)
  object space 134144K, 70% used [0x00000000f0000000,0x00000000f5c142c8,0x00000000f8300000)
 Metaspace       used 52881K, capacity 55968K, committed 56192K, reserved 1097728K
  class space    used 6448K, capacity 6998K, committed 7040K, reserved 1048576K
2023-10-03T01:18:44.987+0800: 724.691: [GC (Allocation Failure) [PSYoungGen: 126112K->928K(126464K)] 220400K->95296K(260608K), 0.0078772 secs] [Times: user=0.04 sys=0.01, real=0.01 secs] 
Heap after GC invocations=833 (full 0):
 PSYoungGen      total 126464K, used 928K [0x00000000f8300000, 0x0000000100000000, 0x0000000100000000)
  eden space 124928K, 0% used [0x00000000f8300000,0x00000000f8300000,0x00000000ffd00000)
  from space 1536K, 60% used [0x00000000ffd00000,0x00000000ffde8000,0x00000000ffe80000)
  to   space 1536K, 0% used [0x00000000ffe80000,0x00000000ffe80000,0x0000000100000000)
 ParOldGen       total 134144K, used 94368K [0x00000000f0000000, 0x00000000f8300000, 0x00000000f8300000)
  object space 134144K, 70% used [0x00000000f0000000,0x00000000f5c282c8,0x00000000f8300000)
 Metaspace       used 52881K, capacity 55968K, committed 56192K, reserved 1097728K
  class space    used 6448K, capacity 6998K, committed 7040K, reserved 1048576K
}
{Heap before GC invocations=834 (full 0):
 PSYoungGen      total 126464K, used 125856K [0x00000000f8300000, 0x0000000100000000, 0x0000000100000000)
  eden space 124928K, 100% used [0x00000000f8300000,0x00000000ffd00000,0x00000000ffd00000)
  from space 1536K, 60% used [0x00000000ffd00000,0x00000000ffde8000,0x00000000ffe80000)
  to   space 1536K, 0% used [0x00000000ffe80000,0x00000000ffe80000,0x0000000100000000)
 ParOldGen       total 134144K, used 94368K [0x00000000f0000000, 0x00000000f8300000, 0x00000000f8300000)
  object space 134144K, 70% used [0x00000000f0000000,0x00000000f5c282c8,0x00000000f8300000)
 Metaspace       used 52881K, capacity 55968K, committed 56192K, reserved 1097728K
  class space    used 6448K, capacity 6998K, committed 7040K, reserved 1048576K
2023-10-03T01:18:45.620+0800: 725.324: [GC (Allocation Failure) [PSYoungGen: 125856K->1216K(126464K)] 220224K->95672K(260608K), 0.0082108 secs] [Times: user=0.05 sys=0.00, real=0.02 secs] 
Heap after GC invocations=834 (full 0):
 PSYoungGen      total 126464K, used 1216K [0x00000000f8300000, 0x0000000100000000, 0x0000000100000000)
  eden space 124928K, 0% used [0x00000000f8300000,0x00000000f8300000,0x00000000ffd00000)
  from space 1536K, 79% used [0x00000000ffe80000,0x00000000fffb0000,0x0000000100000000)
  to   space 1536K, 0% used [0x00000000ffd00000,0x00000000ffd00000,0x00000000ffe80000)
 ParOldGen       total 134144K, used 94456K [0x00000000f0000000, 0x00000000f8300000, 0x00000000f8300000)
  object space 134144K, 70% used [0x00000000f0000000,0x00000000f5c3e2c8,0x00000000f8300000)
 Metaspace       used 52881K, capacity 55968K, committed 56192K, reserved 1097728K
  class space    used 6448K, capacity 6998K, committed 7040K, reserved 1048576K
}
{Heap before GC invocations=835 (full 0):
 PSYoungGen      total 126464K, used 126144K [0x00000000f8300000, 0x0000000100000000, 0x0000000100000000)
  eden space 124928K, 100% used [0x00000000f8300000,0x00000000ffd00000,0x00000000ffd00000)
  from space 1536K, 79% used [0x00000000ffe80000,0x00000000fffb0000,0x0000000100000000)
  to   space 1536K, 0% used [0x00000000ffd00000,0x00000000ffd00000,0x00000000ffe80000)
 ParOldGen       total 134144K, used 94456K [0x00000000f0000000, 0x00000000f8300000, 0x00000000f8300000)
  object space 134144K, 70% used [0x00000000f0000000,0x00000000f5c3e2c8,0x00000000f8300000)
 Metaspace       used 52881K, capacity 55968K, committed 56192K, reserved 1097728K
  class space    used 6448K, capacity 6998K, committed 7040K, reserved 1048576K
2023-10-03T01:18:46.247+0800: 725.951: [GC (Allocation Failure) [PSYoungGen: 126144K->1184K(126464K)] 220600K->95720K(260608K), 0.0084632 secs] [Times: user=0.05 sys=0.00, real=0.01 secs] 
Heap after GC invocations=835 (full 0):
 PSYoungGen      total 126464K, used 1184K [0x00000000f8300000, 0x0000000100000000, 0x0000000100000000)
  eden space 124928K, 0% used [0x00000000f8300000,0x00000000f8300000,0x00000000ffd00000)
  from space 1536K, 77% used [0x00000000ffd00000,0x00000000ffe28000,0x00000000ffe80000)
  to   space 1536K, 0% used [0x00000000ffe80000,0x00000000ffe80000,0x0000000100000000)
 ParOldGen       total 134144K, used 94536K [0x00000000f0000000, 0x00000000f8300000, 0x00000000f8300000)
  object space 134144K, 70% used [0x00000000f0000000,0x00000000f5c522c8,0x00000000f8300000)
 Metaspace       used 52881K, capacity 55968K, committed 56192K, reserved 1097728K
  class space    used 6448K, capacity 6998K, committed 7040K, reserved 1048576K
}
{Heap before GC invocations=836 (full 0):
 PSYoungGen      total 126464K, used 126112K [0x00000000f8300000, 0x0000000100000000, 0x0000000100000000)
  eden space 124928K, 100% used [0x00000000f8300000,0x00000000ffd00000,0x00000000ffd00000)
  from space 1536K, 77% used [0x00000000ffd00000,0x00000000ffe28000,0x00000000ffe80000)
  to   space 1536K, 0% used [0x00000000ffe80000,0x00000000ffe80000,0x0000000100000000)
 ParOldGen       total 134144K, used 94536K [0x00000000f0000000, 0x00000000f8300000, 0x00000000f8300000)
  object space 134144K, 70% used [0x00000000f0000000,0x00000000f5c522c8,0x00000000f8300000)
 Metaspace       used 52881K, capacity 55968K, committed 56192K, reserved 1097728K
  class space    used 6448K, capacity 6998K, committed 7040K, reserved 1048576K
2023-10-03T01:18:46.889+0800: 726.594: [GC (Allocation Failure) [PSYoungGen: 126112K->1184K(126464K)] 220648K->95800K(260608K), 0.0081577 secs] [Times: user=0.04 sys=0.00, real=0.01 secs] 
Heap after GC invocations=836 (full 0):
 PSYoungGen      total 126464K, used 1184K [0x00000000f8300000, 0x0000000100000000, 0x0000000100000000)
  eden space 124928K, 0% used [0x00000000f8300000,0x00000000f8300000,0x00000000ffd00000)
  from space 1536K, 77% used [0x00000000ffe80000,0x00000000fffa8000,0x0000000100000000)
  to   space 1536K, 0% used [0x00000000ffd00000,0x00000000ffd00000,0x00000000ffe80000)
 ParOldGen       total 134144K, used 94616K [0x00000000f0000000, 0x00000000f8300000, 0x00000000f8300000)
  object space 134144K, 70% used [0x00000000f0000000,0x00000000f5c662c8,0x00000000f8300000)
 Metaspace       used 52881K, capacity 55968K, committed 56192K, reserved 1097728K
  class space    used 6448K, capacity 6998K, committed 7040K, reserved 1048576K
}
{Heap before GC invocations=837 (full 0):
 PSYoungGen      total 126464K, used 126112K [0x00000000f8300000, 0x0000000100000000, 0x0000000100000000)
  eden space 124928K, 100% used [0x00000000f8300000,0x00000000ffd00000,0x00000000ffd00000)
  from space 1536K, 77% used [0x00000000ffe80000,0x00000000fffa8000,0x0000000100000000)
  to   space 1536K, 0% used [0x00000000ffd00000,0x00000000ffd00000,0x00000000ffe80000)
 ParOldGen       total 134144K, used 94616K [0x00000000f0000000, 0x00000000f8300000, 0x00000000f8300000)
  object space 134144K, 70% used [0x00000000f0000000,0x00000000f5c662c8,0x00000000f8300000)
 Metaspace       used 52881K, capacity 55968K, committed 56192K, reserved 1097728K
  class space    used 6448K, capacity 6998K, committed 7040K, reserved 1048576K
2023-10-03T01:18:47.512+0800: 727.217: [GC (Allocation Failure) [PSYoungGen: 126112K->1216K(126464K)] 220728K->95912K(260608K), 0.0084622 secs] [Times: user=0.05 sys=0.00, real=0.00 secs] 
Heap after GC invocations=837 (full 0):
 PSYoungGen      total 126464K, used 1216K [0x00000000f8300000, 0x0000000100000000, 0x0000000100000000)
  eden space 124928K, 0% used [0x00000000f8300000,0x00000000f8300000,0x00000000ffd00000)
  from space 1536K, 79% used [0x00000000ffd00000,0x00000000ffe30000,0x00000000ffe80000)
  to   space 1536K, 0% used [0x00000000ffe80000,0x00000000ffe80000,0x0000000100000000)
 ParOldGen       total 134144K, used 94696K [0x00000000f0000000, 0x00000000f8300000, 0x00000000f8300000)
  object space 134144K, 70% used [0x00000000f0000000,0x00000000f5c7a2c8,0x00000000f8300000)
 Metaspace       used 52881K, capacity 55968K, committed 56192K, reserved 1097728K
  class space    used 6448K, capacity 6998K, committed 7040K, reserved 1048576K
}
{Heap before GC invocations=838 (full 0):
 PSYoungGen      total 126464K, used 126144K [0x00000000f8300000, 0x0000000100000000, 0x0000000100000000)
  eden space 124928K, 100% used [0x00000000f8300000,0x00000000ffd00000,0x00000000ffd00000)
  from space 1536K, 79% used [0x00000000ffd00000,0x00000000ffe30000,0x00000000ffe80000)
  to   space 1536K, 0% used [0x00000000ffe80000,0x00000000ffe80000,0x0000000100000000)
 ParOldGen       total 134144K, used 94696K [0x00000000f0000000, 0x00000000f8300000, 0x00000000f8300000)
  object space 134144K, 70% used [0x00000000f0000000,0x00000000f5c7a2c8,0x00000000f8300000)
 Metaspace       used 52881K, capacity 55968K, committed 56192K, reserved 1097728K
  class space    used 6448K, capacity 6998K, committed 7040K, reserved 1048576K
2023-10-03T01:18:48.139+0800: 727.844: [GC (Allocation Failure) [PSYoungGen: 126144K->1184K(126464K)] 220840K->95960K(260608K), 0.0081611 secs] [Times: user=0.05 sys=0.00, real=0.01 secs] 
Heap after GC invocations=838 (full 0):
 PSYoungGen      total 126464K, used 1184K [0x00000000f8300000, 0x0000000100000000, 0x0000000100000000)
  eden space 124928K, 0% used [0x00000000f8300000,0x00000000f8300000,0x00000000ffd00000)
  from space 1536K, 77% used [0x00000000ffe80000,0x00000000fffa8000,0x0000000100000000)
  to   space 1536K, 0% used [0x00000000ffd00000,0x00000000ffd00000,0x00000000ffe80000)
 ParOldGen       total 134144K, used 94776K [0x00000000f0000000, 0x00000000f8300000, 0x00000000f8300000)
  object space 134144K, 70% used [0x00000000f0000000,0x00000000f5c8e2c8,0x00000000f8300000)
 Metaspace       used 52881K, capacity 55968K, committed 56192K, reserved 1097728K
  class space    used 6448K, capacity 6998K, committed 7040K, reserved 1048576K
}
{Heap before GC invocations=839 (full 0):
 PSYoungGen      total 126464K, used 126112K [0x00000000f8300000, 0x0000000100000000, 0x0000000100000000)
  eden space 124928K, 100% used [0x00000000f8300000,0x00000000ffd00000,0x00000000ffd00000)
  from space 1536K, 77% used [0x00000000ffe80000,0x00000000fffa8000,0x0000000100000000)
  to   space 1536K, 0% used [0x00000000ffd00000,0x00000000ffd00000,0x00000000ffe80000)
 ParOldGen       total 134144K, used 94776K [0x00000000f0000000, 0x00000000f8300000, 0x00000000f8300000)
  object space 134144K, 70% used [0x00000000f0000000,0x00000000f5c8e2c8,0x00000000f8300000)
 Metaspace       used 52881K, capacity 55968K, committed 56192K, reserved 1097728K
  class space    used 6448K, capacity 6998K, committed 7040K, reserved 1048576K
2023-10-03T01:18:48.771+0800: 728.476: [GC (Allocation Failure) [PSYoungGen: 126112K->1120K(126464K)] 220888K->95960K(260608K), 0.0075794 secs] [Times: user=0.05 sys=0.00, real=0.01 secs] 
Heap after GC invocations=839 (full 0):
 PSYoungGen      total 126464K, used 1120K [0x00000000f8300000, 0x0000000100000000, 0x0000000100000000)
  eden space 124928K, 0% used [0x00000000f8300000,0x00000000f8300000,0x00000000ffd00000)
  from space 1536K, 72% used [0x00000000ffd00000,0x00000000ffe18000,0x00000000ffe80000)
  to   space 1536K, 0% used [0x00000000ffe80000,0x00000000ffe80000,0x0000000100000000)
 ParOldGen       total 134144K, used 94840K [0x00000000f0000000, 0x00000000f8300000, 0x00000000f8300000)
  object space 134144K, 70% used [0x00000000f0000000,0x00000000f5c9e2c8,0x00000000f8300000)
 Metaspace       used 52881K, capacity 55968K, committed 56192K, reserved 1097728K
  class space    used 6448K, capacity 6998K, committed 7040K, reserved 1048576K
}
{Heap before GC invocations=840 (full 0):
 PSYoungGen      total 126464K, used 126048K [0x00000000f8300000, 0x0000000100000000, 0x0000000100000000)
  eden space 124928K, 100% used [0x00000000f8300000,0x00000000ffd00000,0x00000000ffd00000)
  from space 1536K, 72% used [0x00000000ffd00000,0x00000000ffe18000,0x00000000ffe80000)
  to   space 1536K, 0% used [0x00000000ffe80000,0x00000000ffe80000,0x0000000100000000)
 ParOldGen       total 134144K, used 94840K [0x00000000f0000000, 0x00000000f8300000, 0x00000000f8300000)
  object space 134144K, 70% used [0x00000000f0000000,0x00000000f5c9e2c8,0x00000000f8300000)
 Metaspace       used 52881K, capacity 55968K, committed 56192K, reserved 1097728K
  class space    used 6448K, capacity 6998K, committed 7040K, reserved 1048576K
2023-10-03T01:18:49.354+0800: 729.058: [GC (Allocation Failure) [PSYoungGen: 126048K->1152K(126464K)] 220888K->96072K(260608K), 0.0081978 secs] [Times: user=0.05 sys=0.00, real=0.01 secs] 
Heap after GC invocations=840 (full 0):
 PSYoungGen      total 126464K, used 1152K [0x00000000f8300000, 0x0000000100000000, 0x0000000100000000)
  eden space 124928K, 0% used [0x00000000f8300000,0x00000000f8300000,0x00000000ffd00000)
  from space 1536K, 75% used [0x00000000ffe80000,0x00000000fffa0000,0x0000000100000000)
  to   space 1536K, 0% used [0x00000000ffd00000,0x00000000ffd00000,0x00000000ffe80000)
 ParOldGen       total 134144K, used 94920K [0x00000000f0000000, 0x00000000f8300000, 0x00000000f8300000)
  object space 134144K, 70% used [0x00000000f0000000,0x00000000f5cb22c8,0x00000000f8300000)
 Metaspace       used 52881K, capacity 55968K, committed 56192K, reserved 1097728K
  class space    used 6448K, capacity 6998K, committed 7040K, reserved 1048576K
}
{Heap before GC invocations=841 (full 0):
 PSYoungGen      total 126464K, used 126080K [0x00000000f8300000, 0x0000000100000000, 0x0000000100000000)
  eden space 124928K, 100% used [0x00000000f8300000,0x00000000ffd00000,0x00000000ffd00000)
  from space 1536K, 75% used [0x00000000ffe80000,0x00000000fffa0000,0x0000000100000000)
  to   space 1536K, 0% used [0x00000000ffd00000,0x00000000ffd00000,0x00000000ffe80000)
 ParOldGen       total 134144K, used 94920K [0x00000000f0000000, 0x00000000f8300000, 0x00000000f8300000)
  object space 134144K, 70% used [0x00000000f0000000,0x00000000f5cb22c8,0x00000000f8300000)
 Metaspace       used 52881K, capacity 55968K, committed 56192K, reserved 1097728K
  class space    used 6448K, capacity 6998K, committed 7040K, reserved 1048576K
2023-10-03T01:18:49.990+0800: 729.695: [GC (Allocation Failure) [PSYoungGen: 126080K->1216K(126464K)] 221000K->96200K(260608K), 0.0085426 secs] [Times: user=0.05 sys=0.00, real=0.01 secs] 
Heap after GC invocations=841 (full 0):
 PSYoungGen      total 126464K, used 1216K [0x00000000f8300000, 0x0000000100000000, 0x0000000100000000)
  eden space 124928K, 0% used [0x00000000f8300000,0x00000000f8300000,0x00000000ffd00000)
  from space 1536K, 79% used [0x00000000ffd00000,0x00000000ffe30000,0x00000000ffe80000)
  to   space 1536K, 0% used [0x00000000ffe80000,0x00000000ffe80000,0x0000000100000000)
 ParOldGen       total 134144K, used 94984K [0x00000000f0000000, 0x00000000f8300000, 0x00000000f8300000)
  object space 134144K, 70% used [0x00000000f0000000,0x00000000f5cc22c8,0x00000000f8300000)
 Metaspace       used 52881K, capacity 55968K, committed 56192K, reserved 1097728K
  class space    used 6448K, capacity 6998K, committed 7040K, reserved 1048576K
}
{Heap before GC invocations=842 (full 0):
 PSYoungGen      total 126464K, used 126144K [0x00000000f8300000, 0x0000000100000000, 0x0000000100000000)
  eden space 124928K, 100% used [0x00000000f8300000,0x00000000ffd00000,0x00000000ffd00000)
  from space 1536K, 79% used [0x00000000ffd00000,0x00000000ffe30000,0x00000000ffe80000)
  to   space 1536K, 0% used [0x00000000ffe80000,0x00000000ffe80000,0x0000000100000000)
 ParOldGen       total 134144K, used 94984K [0x00000000f0000000, 0x00000000f8300000, 0x00000000f8300000)
  object space 134144K, 70% used [0x00000000f0000000,0x00000000f5cc22c8,0x00000000f8300000)
 Metaspace       used 52881K, capacity 55968K, committed 56192K, reserved 1097728K
  class space    used 6448K, capacity 6998K, committed 7040K, reserved 1048576K
2023-10-03T01:18:50.632+0800: 730.336: [GC (Allocation Failure) [PSYoungGen: 126144K->1216K(126464K)] 221128K->96288K(260608K), 0.0085417 secs] [Times: user=0.04 sys=0.01, real=0.01 secs] 
Heap after GC invocations=842 (full 0):
 PSYoungGen      total 126464K, used 1216K [0x00000000f8300000, 0x0000000100000000, 0x0000000100000000)
  eden space 124928K, 0% used [0x00000000f8300000,0x00000000f8300000,0x00000000ffd00000)
  from space 1536K, 79% used [0x00000000ffe80000,0x00000000fffb0000,0x0000000100000000)
  to   space 1536K, 0% used [0x00000000ffd00000,0x00000000ffd00000,0x00000000ffe80000)
 ParOldGen       total 134144K, used 95072K [0x00000000f0000000, 0x00000000f8300000, 0x00000000f8300000)
  object space 134144K, 70% used [0x00000000f0000000,0x00000000f5cd82c8,0x00000000f8300000)
 Metaspace       used 52881K, capacity 55968K, committed 56192K, reserved 1097728K
  class space    used 6448K, capacity 6998K, committed 7040K, reserved 1048576K
}
{Heap before GC invocations=843 (full 0):
 PSYoungGen      total 126464K, used 126144K [0x00000000f8300000, 0x0000000100000000, 0x0000000100000000)
  eden space 124928K, 100% used [0x00000000f8300000,0x00000000ffd00000,0x00000000ffd00000)
  from space 1536K, 79% used [0x00000000ffe80000,0x00000000fffb0000,0x0000000100000000)
  to   space 1536K, 0% used [0x00000000ffd00000,0x00000000ffd00000,0x00000000ffe80000)
 ParOldGen       total 134144K, used 95072K [0x00000000f0000000, 0x00000000f8300000, 0x00000000f8300000)
  object space 134144K, 70% used [0x00000000f0000000,0x00000000f5cd82c8,0x00000000f8300000)
 Metaspace       used 52881K, capacity 55968K, committed 56192K, reserved 1097728K
  class space    used 6448K, capacity 6998K, committed 7040K, reserved 1048576K
2023-10-03T01:18:51.257+0800: 730.961: [GC (Allocation Failure) [PSYoungGen: 126144K->1152K(126464K)] 221216K->96304K(260608K), 0.0081344 secs] [Times: user=0.04 sys=0.00, real=0.01 secs] 
Heap after GC invocations=843 (full 0):
 PSYoungGen      total 126464K, used 1152K [0x00000000f8300000, 0x0000000100000000, 0x0000000100000000)
  eden space 124928K, 0% used [0x00000000f8300000,0x00000000f8300000,0x00000000ffd00000)
  from space 1536K, 75% used [0x00000000ffd00000,0x00000000ffe20000,0x00000000ffe80000)
  to   space 1536K, 0% used [0x00000000ffe80000,0x00000000ffe80000,0x0000000100000000)
 ParOldGen       total 134144K, used 95152K [0x00000000f0000000, 0x00000000f8300000, 0x00000000f8300000)
  object space 134144K, 70% used [0x00000000f0000000,0x00000000f5cec2c8,0x00000000f8300000)
 Metaspace       used 52881K, capacity 55968K, committed 56192K, reserved 1097728K
  class space    used 6448K, capacity 6998K, committed 7040K, reserved 1048576K
}
{Heap before GC invocations=844 (full 0):
 PSYoungGen      total 126464K, used 126080K [0x00000000f8300000, 0x0000000100000000, 0x0000000100000000)
  eden space 124928K, 100% used [0x00000000f8300000,0x00000000ffd00000,0x00000000ffd00000)
  from space 1536K, 75% used [0x00000000ffd00000,0x00000000ffe20000,0x00000000ffe80000)
  to   space 1536K, 0% used [0x00000000ffe80000,0x00000000ffe80000,0x0000000100000000)
 ParOldGen       total 134144K, used 95152K [0x00000000f0000000, 0x00000000f8300000, 0x00000000f8300000)
  object space 134144K, 70% used [0x00000000f0000000,0x00000000f5cec2c8,0x00000000f8300000)
 Metaspace       used 52881K, capacity 55968K, committed 56192K, reserved 1097728K
  class space    used 6448K, capacity 6998K, committed 7040K, reserved 1048576K
2023-10-03T01:18:51.895+0800: 731.599: [GC (Allocation Failure) [PSYoungGen: 126080K->1216K(126464K)] 221232K->96448K(260608K), 0.0083090 secs] [Times: user=0.05 sys=0.00, real=0.01 secs] 
Heap after GC invocations=844 (full 0):
 PSYoungGen      total 126464K, used 1216K [0x00000000f8300000, 0x0000000100000000, 0x0000000100000000)
  eden space 124928K, 0% used [0x00000000f8300000,0x00000000f8300000,0x00000000ffd00000)
  from space 1536K, 79% used [0x00000000ffe80000,0x00000000fffb0000,0x0000000100000000)
  to   space 1536K, 0% used [0x00000000ffd00000,0x00000000ffd00000,0x00000000ffe80000)
 ParOldGen       total 134144K, used 95232K [0x00000000f0000000, 0x00000000f8300000, 0x00000000f8300000)
  object space 134144K, 70% used [0x00000000f0000000,0x00000000f5d002c8,0x00000000f8300000)
 Metaspace       used 52881K, capacity 55968K, committed 56192K, reserved 1097728K
  class space    used 6448K, capacity 6998K, committed 7040K, reserved 1048576K
}
{Heap before GC invocations=845 (full 0):
 PSYoungGen      total 126464K, used 126144K [0x00000000f8300000, 0x0000000100000000, 0x0000000100000000)
  eden space 124928K, 100% used [0x00000000f8300000,0x00000000ffd00000,0x00000000ffd00000)
  from space 1536K, 79% used [0x00000000ffe80000,0x00000000fffb0000,0x0000000100000000)
  to   space 1536K, 0% used [0x00000000ffd00000,0x00000000ffd00000,0x00000000ffe80000)
 ParOldGen       total 134144K, used 95232K [0x00000000f0000000, 0x00000000f8300000, 0x00000000f8300000)
  object space 134144K, 70% used [0x00000000f0000000,0x00000000f5d002c8,0x00000000f8300000)
 Metaspace       used 52881K, capacity 55968K, committed 56192K, reserved 1097728K
  class space    used 6448K, capacity 6998K, committed 7040K, reserved 1048576K
2023-10-03T01:18:52.524+0800: 732.229: [GC (Allocation Failure) [PSYoungGen: 126144K->1184K(126464K)] 221376K->96496K(260608K), 0.0081871 secs] [Times: user=0.05 sys=0.00, real=0.01 secs] 
Heap after GC invocations=845 (full 0):
 PSYoungGen      total 126464K, used 1184K [0x00000000f8300000, 0x0000000100000000, 0x0000000100000000)
  eden space 124928K, 0% used [0x00000000f8300000,0x00000000f8300000,0x00000000ffd00000)
  from space 1536K, 77% used [0x00000000ffd00000,0x00000000ffe28000,0x00000000ffe80000)
  to   space 1536K, 0% used [0x00000000ffe80000,0x00000000ffe80000,0x0000000100000000)
 ParOldGen       total 134144K, used 95312K [0x00000000f0000000, 0x00000000f8300000, 0x00000000f8300000)
  object space 134144K, 71% used [0x00000000f0000000,0x00000000f5d142c8,0x00000000f8300000)
 Metaspace       used 52881K, capacity 55968K, committed 56192K, reserved 1097728K
  class space    used 6448K, capacity 6998K, committed 7040K, reserved 1048576K
}
{Heap before GC invocations=846 (full 0):
 PSYoungGen      total 126464K, used 126112K [0x00000000f8300000, 0x0000000100000000, 0x0000000100000000)
  eden space 124928K, 100% used [0x00000000f8300000,0x00000000ffd00000,0x00000000ffd00000)
  from space 1536K, 77% used [0x00000000ffd00000,0x00000000ffe28000,0x00000000ffe80000)
  to   space 1536K, 0% used [0x00000000ffe80000,0x00000000ffe80000,0x0000000100000000)
 ParOldGen       total 134144K, used 95312K [0x00000000f0000000, 0x00000000f8300000, 0x00000000f8300000)
  object space 134144K, 71% used [0x00000000f0000000,0x00000000f5d142c8,0x00000000f8300000)
 Metaspace       used 52881K, capacity 55968K, committed 56192K, reserved 1097728K
  class space    used 6448K, capacity 6998K, committed 7040K, reserved 1048576K
2023-10-03T01:18:53.164+0800: 732.869: [GC (Allocation Failure) [PSYoungGen: 126112K->1184K(126464K)] 221424K->96576K(260608K), 0.0081414 secs] [Times: user=0.05 sys=0.00, real=0.01 secs] 
Heap after GC invocations=846 (full 0):
 PSYoungGen      total 126464K, used 1184K [0x00000000f8300000, 0x0000000100000000, 0x0000000100000000)
  eden space 124928K, 0% used [0x00000000f8300000,0x00000000f8300000,0x00000000ffd00000)
  from space 1536K, 77% used [0x00000000ffe80000,0x00000000fffa8000,0x0000000100000000)
  to   space 1536K, 0% used [0x00000000ffd00000,0x00000000ffd00000,0x00000000ffe80000)
 ParOldGen       total 134144K, used 95392K [0x00000000f0000000, 0x00000000f8300000, 0x00000000f8300000)
  object space 134144K, 71% used [0x00000000f0000000,0x00000000f5d282c8,0x00000000f8300000)
 Metaspace       used 52881K, capacity 55968K, committed 56192K, reserved 1097728K
  class space    used 6448K, capacity 6998K, committed 7040K, reserved 1048576K
}
{Heap before GC invocations=847 (full 0):
 PSYoungGen      total 126464K, used 126112K [0x00000000f8300000, 0x0000000100000000, 0x0000000100000000)
  eden space 124928K, 100% used [0x00000000f8300000,0x00000000ffd00000,0x00000000ffd00000)
  from space 1536K, 77% used [0x00000000ffe80000,0x00000000fffa8000,0x0000000100000000)
  to   space 1536K, 0% used [0x00000000ffd00000,0x00000000ffd00000,0x00000000ffe80000)
 ParOldGen       total 134144K, used 95392K [0x00000000f0000000, 0x00000000f8300000, 0x00000000f8300000)
  object space 134144K, 71% used [0x00000000f0000000,0x00000000f5d282c8,0x00000000f8300000)
 Metaspace       used 52881K, capacity 55968K, committed 56192K, reserved 1097728K
  class space    used 6448K, capacity 6998K, committed 7040K, reserved 1048576K
2023-10-03T01:18:53.801+0800: 733.505: [GC (Allocation Failure) [PSYoungGen: 126112K->1152K(126464K)] 221504K->96608K(260608K), 0.0075792 secs] [Times: user=0.05 sys=0.00, real=0.01 secs] 
Heap after GC invocations=847 (full 0):
 PSYoungGen      total 126464K, used 1152K [0x00000000f8300000, 0x0000000100000000, 0x0000000100000000)
  eden space 124928K, 0% used [0x00000000f8300000,0x00000000f8300000,0x00000000ffd00000)
  from space 1536K, 75% used [0x00000000ffd00000,0x00000000ffe20000,0x00000000ffe80000)
  to   space 1536K, 0% used [0x00000000ffe80000,0x00000000ffe80000,0x0000000100000000)
 ParOldGen       total 134144K, used 95456K [0x00000000f0000000, 0x00000000f8300000, 0x00000000f8300000)
  object space 134144K, 71% used [0x00000000f0000000,0x00000000f5d382c8,0x00000000f8300000)
 Metaspace       used 52881K, capacity 55968K, committed 56192K, reserved 1097728K
  class space    used 6448K, capacity 6998K, committed 7040K, reserved 1048576K
}
{Heap before GC invocations=848 (full 0):
 PSYoungGen      total 126464K, used 126080K [0x00000000f8300000, 0x0000000100000000, 0x0000000100000000)
  eden space 124928K, 100% used [0x00000000f8300000,0x00000000ffd00000,0x00000000ffd00000)
  from space 1536K, 75% used [0x00000000ffd00000,0x00000000ffe20000,0x00000000ffe80000)
  to   space 1536K, 0% used [0x00000000ffe80000,0x00000000ffe80000,0x0000000100000000)
 ParOldGen       total 134144K, used 95456K [0x00000000f0000000, 0x00000000f8300000, 0x00000000f8300000)
  object space 134144K, 71% used [0x00000000f0000000,0x00000000f5d382c8,0x00000000f8300000)
 Metaspace       used 52881K, capacity 55968K, committed 56192K, reserved 1097728K
  class space    used 6448K, capacity 6998K, committed 7040K, reserved 1048576K
2023-10-03T01:18:54.413+0800: 734.118: [GC (Allocation Failure) [PSYoungGen: 126080K->1216K(126464K)] 221536K->96752K(260608K), 0.0081549 secs] [Times: user=0.04 sys=0.00, real=0.00 secs] 
Heap after GC invocations=848 (full 0):
 PSYoungGen      total 126464K, used 1216K [0x00000000f8300000, 0x0000000100000000, 0x0000000100000000)
  eden space 124928K, 0% used [0x00000000f8300000,0x00000000f8300000,0x00000000ffd00000)
  from space 1536K, 79% used [0x00000000ffe80000,0x00000000fffb0000,0x0000000100000000)
  to   space 1536K, 0% used [0x00000000ffd00000,0x00000000ffd00000,0x00000000ffe80000)
 ParOldGen       total 134144K, used 95536K [0x00000000f0000000, 0x00000000f8300000, 0x00000000f8300000)
  object space 134144K, 71% used [0x00000000f0000000,0x00000000f5d4c2c8,0x00000000f8300000)
 Metaspace       used 52881K, capacity 55968K, committed 56192K, reserved 1097728K
  class space    used 6448K, capacity 6998K, committed 7040K, reserved 1048576K
}
{Heap before GC invocations=849 (full 0):
 PSYoungGen      total 126464K, used 126144K [0x00000000f8300000, 0x0000000100000000, 0x0000000100000000)
  eden space 124928K, 100% used [0x00000000f8300000,0x00000000ffd00000,0x00000000ffd00000)
  from space 1536K, 79% used [0x00000000ffe80000,0x00000000fffb0000,0x0000000100000000)
  to   space 1536K, 0% used [0x00000000ffd00000,0x00000000ffd00000,0x00000000ffe80000)
 ParOldGen       total 134144K, used 95536K [0x00000000f0000000, 0x00000000f8300000, 0x00000000f8300000)
  object space 134144K, 71% used [0x00000000f0000000,0x00000000f5d4c2c8,0x00000000f8300000)
 Metaspace       used 52881K, capacity 55968K, committed 56192K, reserved 1097728K
  class space    used 6448K, capacity 6998K, committed 7040K, reserved 1048576K
2023-10-03T01:18:55.047+0800: 734.752: [GC (Allocation Failure) [PSYoungGen: 126144K->1120K(126464K)] 221680K->96736K(260608K), 0.0080790 secs] [Times: user=0.05 sys=0.00, real=0.01 secs] 
Heap after GC invocations=849 (full 0):
 PSYoungGen      total 126464K, used 1120K [0x00000000f8300000, 0x0000000100000000, 0x0000000100000000)
  eden space 124928K, 0% used [0x00000000f8300000,0x00000000f8300000,0x00000000ffd00000)
  from space 1536K, 72% used [0x00000000ffd00000,0x00000000ffe18000,0x00000000ffe80000)
  to   space 1536K, 0% used [0x00000000ffe80000,0x00000000ffe80000,0x0000000100000000)
 ParOldGen       total 134144K, used 95616K [0x00000000f0000000, 0x00000000f8300000, 0x00000000f8300000)
  object space 134144K, 71% used [0x00000000f0000000,0x00000000f5d602c8,0x00000000f8300000)
 Metaspace       used 52881K, capacity 55968K, committed 56192K, reserved 1097728K
  class space    used 6448K, capacity 6998K, committed 7040K, reserved 1048576K
}
{Heap before GC invocations=850 (full 0):
 PSYoungGen      total 126464K, used 126048K [0x00000000f8300000, 0x0000000100000000, 0x0000000100000000)
  eden space 124928K, 100% used [0x00000000f8300000,0x00000000ffd00000,0x00000000ffd00000)
  from space 1536K, 72% used [0x00000000ffd00000,0x00000000ffe18000,0x00000000ffe80000)
  to   space 1536K, 0% used [0x00000000ffe80000,0x00000000ffe80000,0x0000000100000000)
 ParOldGen       total 134144K, used 95616K [0x00000000f0000000, 0x00000000f8300000, 0x00000000f8300000)
  object space 134144K, 71% used [0x00000000f0000000,0x00000000f5d602c8,0x00000000f8300000)
 Metaspace       used 52881K, capacity 55968K, committed 56192K, reserved 1097728K
  class space    used 6448K, capacity 6998K, committed 7040K, reserved 1048576K
2023-10-03T01:18:55.699+0800: 735.403: [GC (Allocation Failure) [PSYoungGen: 126048K->1152K(126464K)] 221664K->96832K(260608K), 0.0081144 secs] [Times: user=0.05 sys=0.01, real=0.02 secs] 
Heap after GC invocations=850 (full 0):
 PSYoungGen      total 126464K, used 1152K [0x00000000f8300000, 0x0000000100000000, 0x0000000100000000)
  eden space 124928K, 0% used [0x00000000f8300000,0x00000000f8300000,0x00000000ffd00000)
  from space 1536K, 75% used [0x00000000ffe80000,0x00000000fffa0000,0x0000000100000000)
  to   space 1536K, 0% used [0x00000000ffd00000,0x00000000ffd00000,0x00000000ffe80000)
 ParOldGen       total 134144K, used 95680K [0x00000000f0000000, 0x00000000f8300000, 0x00000000f8300000)
  object space 134144K, 71% used [0x00000000f0000000,0x00000000f5d702c8,0x00000000f8300000)
 Metaspace       used 52881K, capacity 55968K, committed 56192K, reserved 1097728K
  class space    used 6448K, capacity 6998K, committed 7040K, reserved 1048576K
}
{Heap before GC invocations=851 (full 0):
 PSYoungGen      total 126464K, used 126080K [0x00000000f8300000, 0x0000000100000000, 0x0000000100000000)
  eden space 124928K, 100% used [0x00000000f8300000,0x00000000ffd00000,0x00000000ffd00000)
  from space 1536K, 75% used [0x00000000ffe80000,0x00000000fffa0000,0x0000000100000000)
  to   space 1536K, 0% used [0x00000000ffd00000,0x00000000ffd00000,0x00000000ffe80000)
 ParOldGen       total 134144K, used 95680K [0x00000000f0000000, 0x00000000f8300000, 0x00000000f8300000)
  object space 134144K, 71% used [0x00000000f0000000,0x00000000f5d702c8,0x00000000f8300000)
 Metaspace       used 52881K, capacity 55968K, committed 56192K, reserved 1097728K
  class space    used 6448K, capacity 6998K, committed 7040K, reserved 1048576K
2023-10-03T01:18:56.314+0800: 736.018: [GC (Allocation Failure) [PSYoungGen: 126080K->1216K(126464K)] 221760K->96976K(260608K), 0.0082919 secs] [Times: user=0.05 sys=0.00, real=0.01 secs] 
Heap after GC invocations=851 (full 0):
 PSYoungGen      total 126464K, used 1216K [0x00000000f8300000, 0x0000000100000000, 0x0000000100000000)
  eden space 124928K, 0% used [0x00000000f8300000,0x00000000f8300000,0x00000000ffd00000)
  from space 1536K, 79% used [0x00000000ffd00000,0x00000000ffe30000,0x00000000ffe80000)
  to   space 1536K, 0% used [0x00000000ffe80000,0x00000000ffe80000,0x0000000100000000)
 ParOldGen       total 134144K, used 95760K [0x00000000f0000000, 0x00000000f8300000, 0x00000000f8300000)
  object space 134144K, 71% used [0x00000000f0000000,0x00000000f5d842c8,0x00000000f8300000)
 Metaspace       used 52881K, capacity 55968K, committed 56192K, reserved 1097728K
  class space    used 6448K, capacity 6998K, committed 7040K, reserved 1048576K
}
{Heap before GC invocations=852 (full 0):
 PSYoungGen      total 126464K, used 126144K [0x00000000f8300000, 0x0000000100000000, 0x0000000100000000)
  eden space 124928K, 100% used [0x00000000f8300000,0x00000000ffd00000,0x00000000ffd00000)
  from space 1536K, 79% used [0x00000000ffd00000,0x00000000ffe30000,0x00000000ffe80000)
  to   space 1536K, 0% used [0x00000000ffe80000,0x00000000ffe80000,0x0000000100000000)
 ParOldGen       total 134144K, used 95760K [0x00000000f0000000, 0x00000000f8300000, 0x00000000f8300000)
  object space 134144K, 71% used [0x00000000f0000000,0x00000000f5d842c8,0x00000000f8300000)
 Metaspace       used 52881K, capacity 55968K, committed 56192K, reserved 1097728K
  class space    used 6448K, capacity 6998K, committed 7040K, reserved 1048576K
2023-10-03T01:18:56.952+0800: 736.657: [GC (Allocation Failure) [PSYoungGen: 126144K->1248K(126464K)] 221904K->97088K(260608K), 0.0081578 secs] [Times: user=0.05 sys=0.01, real=0.00 secs] 
Heap after GC invocations=852 (full 0):
 PSYoungGen      total 126464K, used 1248K [0x00000000f8300000, 0x0000000100000000, 0x0000000100000000)
  eden space 124928K, 0% used [0x00000000f8300000,0x00000000f8300000,0x00000000ffd00000)
  from space 1536K, 81% used [0x00000000ffe80000,0x00000000fffb8000,0x0000000100000000)
  to   space 1536K, 0% used [0x00000000ffd00000,0x00000000ffd00000,0x00000000ffe80000)
 ParOldGen       total 134144K, used 95840K [0x00000000f0000000, 0x00000000f8300000, 0x00000000f8300000)
  object space 134144K, 71% used [0x00000000f0000000,0x00000000f5d982c8,0x00000000f8300000)
 Metaspace       used 52881K, capacity 55968K, committed 56192K, reserved 1097728K
  class space    used 6448K, capacity 6998K, committed 7040K, reserved 1048576K
}
{Heap before GC invocations=853 (full 0):
 PSYoungGen      total 126464K, used 126176K [0x00000000f8300000, 0x0000000100000000, 0x0000000100000000)
  eden space 124928K, 100% used [0x00000000f8300000,0x00000000ffd00000,0x00000000ffd00000)
  from space 1536K, 81% used [0x00000000ffe80000,0x00000000fffb8000,0x0000000100000000)
  to   space 1536K, 0% used [0x00000000ffd00000,0x00000000ffd00000,0x00000000ffe80000)
 ParOldGen       total 134144K, used 95840K [0x00000000f0000000, 0x00000000f8300000, 0x00000000f8300000)
  object space 134144K, 71% used [0x00000000f0000000,0x00000000f5d982c8,0x00000000f8300000)
 Metaspace       used 52881K, capacity 55968K, committed 56192K, reserved 1097728K
  class space    used 6448K, capacity 6998K, committed 7040K, reserved 1048576K
2023-10-03T01:18:57.579+0800: 737.283: [GC (Allocation Failure) [PSYoungGen: 126176K->1216K(126464K)] 222016K->97128K(260608K), 0.0083023 secs] [Times: user=0.05 sys=0.00, real=0.01 secs] 
Heap after GC invocations=853 (full 0):
 PSYoungGen      total 126464K, used 1216K [0x00000000f8300000, 0x0000000100000000, 0x0000000100000000)
  eden space 124928K, 0% used [0x00000000f8300000,0x00000000f8300000,0x00000000ffd00000)
  from space 1536K, 79% used [0x00000000ffd00000,0x00000000ffe30000,0x00000000ffe80000)
  to   space 1536K, 0% used [0x00000000ffe80000,0x00000000ffe80000,0x0000000100000000)
 ParOldGen       total 134144K, used 95912K [0x00000000f0000000, 0x00000000f8300000, 0x00000000f8300000)
  object space 134144K, 71% used [0x00000000f0000000,0x00000000f5daa2c8,0x00000000f8300000)
 Metaspace       used 52881K, capacity 55968K, committed 56192K, reserved 1097728K
  class space    used 6448K, capacity 6998K, committed 7040K, reserved 1048576K
}
{Heap before GC invocations=854 (full 0):
 PSYoungGen      total 126464K, used 126144K [0x00000000f8300000, 0x0000000100000000, 0x0000000100000000)
  eden space 124928K, 100% used [0x00000000f8300000,0x00000000ffd00000,0x00000000ffd00000)
  from space 1536K, 79% used [0x00000000ffd00000,0x00000000ffe30000,0x00000000ffe80000)
  to   space 1536K, 0% used [0x00000000ffe80000,0x00000000ffe80000,0x0000000100000000)
 ParOldGen       total 134144K, used 95912K [0x00000000f0000000, 0x00000000f8300000, 0x00000000f8300000)
  object space 134144K, 71% used [0x00000000f0000000,0x00000000f5daa2c8,0x00000000f8300000)
 Metaspace       used 52882K, capacity 55968K, committed 56192K, reserved 1097728K
  class space    used 6448K, capacity 6998K, committed 7040K, reserved 1048576K
2023-10-03T01:18:58.208+0800: 737.913: [GC (Allocation Failure) [PSYoungGen: 126144K->1184K(126464K)] 222056K->97176K(260608K), 0.0083821 secs] [Times: user=0.05 sys=0.01, real=0.01 secs] 
Heap after GC invocations=854 (full 0):
 PSYoungGen      total 126464K, used 1184K [0x00000000f8300000, 0x0000000100000000, 0x0000000100000000)
  eden space 124928K, 0% used [0x00000000f8300000,0x00000000f8300000,0x00000000ffd00000)
  from space 1536K, 77% used [0x00000000ffe80000,0x00000000fffa8000,0x0000000100000000)
  to   space 1536K, 0% used [0x00000000ffd00000,0x00000000ffd00000,0x00000000ffe80000)
 ParOldGen       total 134144K, used 95992K [0x00000000f0000000, 0x00000000f8300000, 0x00000000f8300000)
  object space 134144K, 71% used [0x00000000f0000000,0x00000000f5dbe2c8,0x00000000f8300000)
 Metaspace       used 52882K, capacity 55968K, committed 56192K, reserved 1097728K
  class space    used 6448K, capacity 6998K, committed 7040K, reserved 1048576K
}
{Heap before GC invocations=855 (full 0):
 PSYoungGen      total 126464K, used 126112K [0x00000000f8300000, 0x0000000100000000, 0x0000000100000000)
  eden space 124928K, 100% used [0x00000000f8300000,0x00000000ffd00000,0x00000000ffd00000)
  from space 1536K, 77% used [0x00000000ffe80000,0x00000000fffa8000,0x0000000100000000)
  to   space 1536K, 0% used [0x00000000ffd00000,0x00000000ffd00000,0x00000000ffe80000)
 ParOldGen       total 134144K, used 95992K [0x00000000f0000000, 0x00000000f8300000, 0x00000000f8300000)
  object space 134144K, 71% used [0x00000000f0000000,0x00000000f5dbe2c8,0x00000000f8300000)
 Metaspace       used 52882K, capacity 55968K, committed 56192K, reserved 1097728K
  class space    used 6448K, capacity 6998K, committed 7040K, reserved 1048576K
2023-10-03T01:18:58.848+0800: 738.552: [GC (Allocation Failure) [PSYoungGen: 126112K->1184K(126464K)] 222104K->97264K(260608K), 0.0083580 secs] [Times: user=0.05 sys=0.00, real=0.01 secs] 
Heap after GC invocations=855 (full 0):
 PSYoungGen      total 126464K, used 1184K [0x00000000f8300000, 0x0000000100000000, 0x0000000100000000)
  eden space 124928K, 0% used [0x00000000f8300000,0x00000000f8300000,0x00000000ffd00000)
  from space 1536K, 77% used [0x00000000ffd00000,0x00000000ffe28000,0x00000000ffe80000)
  to   space 1536K, 0% used [0x00000000ffe80000,0x00000000ffe80000,0x0000000100000000)
 ParOldGen       total 134144K, used 96080K [0x00000000f0000000, 0x00000000f8300000, 0x00000000f8300000)
  object space 134144K, 71% used [0x00000000f0000000,0x00000000f5dd42c8,0x00000000f8300000)
 Metaspace       used 52882K, capacity 55968K, committed 56192K, reserved 1097728K
  class space    used 6448K, capacity 6998K, committed 7040K, reserved 1048576K
}
{Heap before GC invocations=856 (full 0):
 PSYoungGen      total 126464K, used 126112K [0x00000000f8300000, 0x0000000100000000, 0x0000000100000000)
  eden space 124928K, 100% used [0x00000000f8300000,0x00000000ffd00000,0x00000000ffd00000)
  from space 1536K, 77% used [0x00000000ffd00000,0x00000000ffe28000,0x00000000ffe80000)
  to   space 1536K, 0% used [0x00000000ffe80000,0x00000000ffe80000,0x0000000100000000)
 ParOldGen       total 134144K, used 96080K [0x00000000f0000000, 0x00000000f8300000, 0x00000000f8300000)
  object space 134144K, 71% used [0x00000000f0000000,0x00000000f5dd42c8,0x00000000f8300000)
 Metaspace       used 52882K, capacity 55968K, committed 56192K, reserved 1097728K
  class space    used 6448K, capacity 6998K, committed 7040K, reserved 1048576K
2023-10-03T01:18:59.447+0800: 739.152: [GC (Allocation Failure) [PSYoungGen: 126112K->1152K(126464K)] 222192K->97312K(260608K), 0.0081130 secs] [Times: user=0.05 sys=0.00, real=0.01 secs] 
Heap after GC invocations=856 (full 0):
 PSYoungGen      total 126464K, used 1152K [0x00000000f8300000, 0x0000000100000000, 0x0000000100000000)
  eden space 124928K, 0% used [0x00000000f8300000,0x00000000f8300000,0x00000000ffd00000)
  from space 1536K, 75% used [0x00000000ffe80000,0x00000000fffa0000,0x0000000100000000)
  to   space 1536K, 0% used [0x00000000ffd00000,0x00000000ffd00000,0x00000000ffe80000)
 ParOldGen       total 134144K, used 96160K [0x00000000f0000000, 0x00000000f8300000, 0x00000000f8300000)
  object space 134144K, 71% used [0x00000000f0000000,0x00000000f5de82c8,0x00000000f8300000)
 Metaspace       used 52882K, capacity 55968K, committed 56192K, reserved 1097728K
  class space    used 6448K, capacity 6998K, committed 7040K, reserved 1048576K
}
{Heap before GC invocations=857 (full 0):
 PSYoungGen      total 126464K, used 126080K [0x00000000f8300000, 0x0000000100000000, 0x0000000100000000)
  eden space 124928K, 100% used [0x00000000f8300000,0x00000000ffd00000,0x00000000ffd00000)
  from space 1536K, 75% used [0x00000000ffe80000,0x00000000fffa0000,0x0000000100000000)
  to   space 1536K, 0% used [0x00000000ffd00000,0x00000000ffd00000,0x00000000ffe80000)
 ParOldGen       total 134144K, used 96160K [0x00000000f0000000, 0x00000000f8300000, 0x00000000f8300000)
  object space 134144K, 71% used [0x00000000f0000000,0x00000000f5de82c8,0x00000000f8300000)
 Metaspace       used 52882K, capacity 55968K, committed 56192K, reserved 1097728K
  class space    used 6448K, capacity 6998K, committed 7040K, reserved 1048576K
2023-10-03T01:19:00.086+0800: 739.791: [GC (Allocation Failure) [PSYoungGen: 126080K->1216K(126464K)] 222240K->97456K(260608K), 0.0083341 secs] [Times: user=0.05 sys=0.00, real=0.01 secs] 
Heap after GC invocations=857 (full 0):
 PSYoungGen      total 126464K, used 1216K [0x00000000f8300000, 0x0000000100000000, 0x0000000100000000)
  eden space 124928K, 0% used [0x00000000f8300000,0x00000000f8300000,0x00000000ffd00000)
  from space 1536K, 79% used [0x00000000ffd00000,0x00000000ffe30000,0x00000000ffe80000)
  to   space 1536K, 0% used [0x00000000ffe80000,0x00000000ffe80000,0x0000000100000000)
 ParOldGen       total 134144K, used 96240K [0x00000000f0000000, 0x00000000f8300000, 0x00000000f8300000)
  object space 134144K, 71% used [0x00000000f0000000,0x00000000f5dfc2c8,0x00000000f8300000)
 Metaspace       used 52882K, capacity 55968K, committed 56192K, reserved 1097728K
  class space    used 6448K, capacity 6998K, committed 7040K, reserved 1048576K
}
{Heap before GC invocations=858 (full 0):
 PSYoungGen      total 126464K, used 126144K [0x00000000f8300000, 0x0000000100000000, 0x0000000100000000)
  eden space 124928K, 100% used [0x00000000f8300000,0x00000000ffd00000,0x00000000ffd00000)
  from space 1536K, 79% used [0x00000000ffd00000,0x00000000ffe30000,0x00000000ffe80000)
  to   space 1536K, 0% used [0x00000000ffe80000,0x00000000ffe80000,0x0000000100000000)
 ParOldGen       total 134144K, used 96240K [0x00000000f0000000, 0x00000000f8300000, 0x00000000f8300000)
  object space 134144K, 71% used [0x00000000f0000000,0x00000000f5dfc2c8,0x00000000f8300000)
 Metaspace       used 52882K, capacity 55968K, committed 56192K, reserved 1097728K
  class space    used 6448K, capacity 6998K, committed 7040K, reserved 1048576K
2023-10-03T01:19:00.721+0800: 740.425: [GC (Allocation Failure) [PSYoungGen: 126144K->1216K(126464K)] 222384K->97536K(260608K), 0.0089602 secs] [Times: user=0.06 sys=0.00, real=0.02 secs] 
Heap after GC invocations=858 (full 0):
 PSYoungGen      total 126464K, used 1216K [0x00000000f8300000, 0x0000000100000000, 0x0000000100000000)
  eden space 124928K, 0% used [0x00000000f8300000,0x00000000f8300000,0x00000000ffd00000)
  from space 1536K, 79% used [0x00000000ffe80000,0x00000000fffb0000,0x0000000100000000)
  to   space 1536K, 0% used [0x00000000ffd00000,0x00000000ffd00000,0x00000000ffe80000)
 ParOldGen       total 134144K, used 96320K [0x00000000f0000000, 0x00000000f8300000, 0x00000000f8300000)
  object space 134144K, 71% used [0x00000000f0000000,0x00000000f5e102c8,0x00000000f8300000)
 Metaspace       used 52882K, capacity 55968K, committed 56192K, reserved 1097728K
  class space    used 6448K, capacity 6998K, committed 7040K, reserved 1048576K
}
{Heap before GC invocations=859 (full 0):
 PSYoungGen      total 126464K, used 126144K [0x00000000f8300000, 0x0000000100000000, 0x0000000100000000)
  eden space 124928K, 100% used [0x00000000f8300000,0x00000000ffd00000,0x00000000ffd00000)
  from space 1536K, 79% used [0x00000000ffe80000,0x00000000fffb0000,0x0000000100000000)
  to   space 1536K, 0% used [0x00000000ffd00000,0x00000000ffd00000,0x00000000ffe80000)
 ParOldGen       total 134144K, used 96320K [0x00000000f0000000, 0x00000000f8300000, 0x00000000f8300000)
  object space 134144K, 71% used [0x00000000f0000000,0x00000000f5e102c8,0x00000000f8300000)
 Metaspace       used 52882K, capacity 55968K, committed 56192K, reserved 1097728K
  class space    used 6448K, capacity 6998K, committed 7040K, reserved 1048576K
2023-10-03T01:19:01.355+0800: 741.059: [GC (Allocation Failure) [PSYoungGen: 126144K->1216K(126464K)] 222464K->97616K(260608K), 0.0084182 secs] [Times: user=0.05 sys=0.00, real=0.01 secs] 
Heap after GC invocations=859 (full 0):
 PSYoungGen      total 126464K, used 1216K [0x00000000f8300000, 0x0000000100000000, 0x0000000100000000)
  eden space 124928K, 0% used [0x00000000f8300000,0x00000000f8300000,0x00000000ffd00000)
  from space 1536K, 79% used [0x00000000ffd00000,0x00000000ffe30000,0x00000000ffe80000)
  to   space 1536K, 0% used [0x00000000ffe80000,0x00000000ffe80000,0x0000000100000000)
 ParOldGen       total 134144K, used 96400K [0x00000000f0000000, 0x00000000f8300000, 0x00000000f8300000)
  object space 134144K, 71% used [0x00000000f0000000,0x00000000f5e242c8,0x00000000f8300000)
 Metaspace       used 52882K, capacity 55968K, committed 56192K, reserved 1097728K
  class space    used 6448K, capacity 6998K, committed 7040K, reserved 1048576K
}
{Heap before GC invocations=860 (full 0):
 PSYoungGen      total 126464K, used 126144K [0x00000000f8300000, 0x0000000100000000, 0x0000000100000000)
  eden space 124928K, 100% used [0x00000000f8300000,0x00000000ffd00000,0x00000000ffd00000)
  from space 1536K, 79% used [0x00000000ffd00000,0x00000000ffe30000,0x00000000ffe80000)
  to   space 1536K, 0% used [0x00000000ffe80000,0x00000000ffe80000,0x0000000100000000)
 ParOldGen       total 134144K, used 96400K [0x00000000f0000000, 0x00000000f8300000, 0x00000000f8300000)
  object space 134144K, 71% used [0x00000000f0000000,0x00000000f5e242c8,0x00000000f8300000)
 Metaspace       used 52882K, capacity 55968K, committed 56192K, reserved 1097728K
  class space    used 6448K, capacity 6998K, committed 7040K, reserved 1048576K
2023-10-03T01:19:01.994+0800: 741.699: [GC (Allocation Failure) [PSYoungGen: 126144K->1184K(126464K)] 222544K->97664K(260608K), 0.0074301 secs] [Times: user=0.05 sys=0.00, real=0.00 secs] 
Heap after GC invocations=860 (full 0):
 PSYoungGen      total 126464K, used 1184K [0x00000000f8300000, 0x0000000100000000, 0x0000000100000000)
  eden space 124928K, 0% used [0x00000000f8300000,0x00000000f8300000,0x00000000ffd00000)
  from space 1536K, 77% used [0x00000000ffe80000,0x00000000fffa8000,0x0000000100000000)
  to   space 1536K, 0% used [0x00000000ffd00000,0x00000000ffd00000,0x00000000ffe80000)
 ParOldGen       total 134144K, used 96480K [0x00000000f0000000, 0x00000000f8300000, 0x00000000f8300000)
  object space 134144K, 71% used [0x00000000f0000000,0x00000000f5e382c8,0x00000000f8300000)
 Metaspace       used 52882K, capacity 55968K, committed 56192K, reserved 1097728K
  class space    used 6448K, capacity 6998K, committed 7040K, reserved 1048576K
}
{Heap before GC invocations=861 (full 0):
 PSYoungGen      total 126464K, used 126112K [0x00000000f8300000, 0x0000000100000000, 0x0000000100000000)
  eden space 124928K, 100% used [0x00000000f8300000,0x00000000ffd00000,0x00000000ffd00000)
  from space 1536K, 77% used [0x00000000ffe80000,0x00000000fffa8000,0x0000000100000000)
  to   space 1536K, 0% used [0x00000000ffd00000,0x00000000ffd00000,0x00000000ffe80000)
 ParOldGen       total 134144K, used 96480K [0x00000000f0000000, 0x00000000f8300000, 0x00000000f8300000)
  object space 134144K, 71% used [0x00000000f0000000,0x00000000f5e382c8,0x00000000f8300000)
 Metaspace       used 52882K, capacity 55968K, committed 56192K, reserved 1097728K
  class space    used 6448K, capacity 6998K, committed 7040K, reserved 1048576K
2023-10-03T01:19:02.623+0800: 742.328: [GC (Allocation Failure) [PSYoungGen: 126112K->1184K(126464K)] 222592K->97744K(260608K), 0.0082274 secs] [Times: user=0.05 sys=0.00, real=0.01 secs] 
Heap after GC invocations=861 (full 0):
 PSYoungGen      total 126464K, used 1184K [0x00000000f8300000, 0x0000000100000000, 0x0000000100000000)
  eden space 124928K, 0% used [0x00000000f8300000,0x00000000f8300000,0x00000000ffd00000)
  from space 1536K, 77% used [0x00000000ffd00000,0x00000000ffe28000,0x00000000ffe80000)
  to   space 1536K, 0% used [0x00000000ffe80000,0x00000000ffe80000,0x0000000100000000)
 ParOldGen       total 134144K, used 96560K [0x00000000f0000000, 0x00000000f8300000, 0x00000000f8300000)
  object space 134144K, 71% used [0x00000000f0000000,0x00000000f5e4c2c8,0x00000000f8300000)
 Metaspace       used 52882K, capacity 55968K, committed 56192K, reserved 1097728K
  class space    used 6448K, capacity 6998K, committed 7040K, reserved 1048576K
}
{Heap before GC invocations=862 (full 0):
 PSYoungGen      total 126464K, used 126112K [0x00000000f8300000, 0x0000000100000000, 0x0000000100000000)
  eden space 124928K, 100% used [0x00000000f8300000,0x00000000ffd00000,0x00000000ffd00000)
  from space 1536K, 77% used [0x00000000ffd00000,0x00000000ffe28000,0x00000000ffe80000)
  to   space 1536K, 0% used [0x00000000ffe80000,0x00000000ffe80000,0x0000000100000000)
 ParOldGen       total 134144K, used 96560K [0x00000000f0000000, 0x00000000f8300000, 0x00000000f8300000)
  object space 134144K, 71% used [0x00000000f0000000,0x00000000f5e4c2c8,0x00000000f8300000)
 Metaspace       used 52882K, capacity 55968K, committed 56192K, reserved 1097728K
  class space    used 6448K, capacity 6998K, committed 7040K, reserved 1048576K
2023-10-03T01:19:03.255+0800: 742.959: [GC (Allocation Failure) [PSYoungGen: 126112K->1248K(126464K)] 222672K->97888K(260608K), 0.0080222 secs] [Times: user=0.05 sys=0.01, real=0.01 secs] 
Heap after GC invocations=862 (full 0):
 PSYoungGen      total 126464K, used 1248K [0x00000000f8300000, 0x0000000100000000, 0x0000000100000000)
  eden space 124928K, 0% used [0x00000000f8300000,0x00000000f8300000,0x00000000ffd00000)
  from space 1536K, 81% used [0x00000000ffe80000,0x00000000fffb8000,0x0000000100000000)
  to   space 1536K, 0% used [0x00000000ffd00000,0x00000000ffd00000,0x00000000ffe80000)
 ParOldGen       total 134144K, used 96640K [0x00000000f0000000, 0x00000000f8300000, 0x00000000f8300000)
  object space 134144K, 72% used [0x00000000f0000000,0x00000000f5e602c8,0x00000000f8300000)
 Metaspace       used 52882K, capacity 55968K, committed 56192K, reserved 1097728K
  class space    used 6448K, capacity 6998K, committed 7040K, reserved 1048576K
}
{Heap before GC invocations=863 (full 0):
 PSYoungGen      total 126464K, used 126176K [0x00000000f8300000, 0x0000000100000000, 0x0000000100000000)
  eden space 124928K, 100% used [0x00000000f8300000,0x00000000ffd00000,0x00000000ffd00000)
  from space 1536K, 81% used [0x00000000ffe80000,0x00000000fffb8000,0x0000000100000000)
  to   space 1536K, 0% used [0x00000000ffd00000,0x00000000ffd00000,0x00000000ffe80000)
 ParOldGen       total 134144K, used 96640K [0x00000000f0000000, 0x00000000f8300000, 0x00000000f8300000)
  object space 134144K, 72% used [0x00000000f0000000,0x00000000f5e602c8,0x00000000f8300000)
 Metaspace       used 52882K, capacity 55968K, committed 56192K, reserved 1097728K
  class space    used 6448K, capacity 6998K, committed 7040K, reserved 1048576K
2023-10-03T01:19:03.899+0800: 743.603: [GC (Allocation Failure) [PSYoungGen: 126176K->1184K(126464K)] 222816K->97896K(260608K), 0.0080782 secs] [Times: user=0.05 sys=0.01, real=0.01 secs] 
Heap after GC invocations=863 (full 0):
 PSYoungGen      total 126464K, used 1184K [0x00000000f8300000, 0x0000000100000000, 0x0000000100000000)
  eden space 124928K, 0% used [0x00000000f8300000,0x00000000f8300000,0x00000000ffd00000)
  from space 1536K, 77% used [0x00000000ffd00000,0x00000000ffe28000,0x00000000ffe80000)
  to   space 1536K, 0% used [0x00000000ffe80000,0x00000000ffe80000,0x0000000100000000)
 ParOldGen       total 134144K, used 96712K [0x00000000f0000000, 0x00000000f8300000, 0x00000000f8300000)
  object space 134144K, 72% used [0x00000000f0000000,0x00000000f5e722c8,0x00000000f8300000)
 Metaspace       used 52882K, capacity 55968K, committed 56192K, reserved 1097728K
  class space    used 6448K, capacity 6998K, committed 7040K, reserved 1048576K
}
{Heap before GC invocations=864 (full 0):
 PSYoungGen      total 126464K, used 126112K [0x00000000f8300000, 0x0000000100000000, 0x0000000100000000)
  eden space 124928K, 100% used [0x00000000f8300000,0x00000000ffd00000,0x00000000ffd00000)
  from space 1536K, 77% used [0x00000000ffd00000,0x00000000ffe28000,0x00000000ffe80000)
  to   space 1536K, 0% used [0x00000000ffe80000,0x00000000ffe80000,0x0000000100000000)
 ParOldGen       total 134144K, used 96712K [0x00000000f0000000, 0x00000000f8300000, 0x00000000f8300000)
  object space 134144K, 72% used [0x00000000f0000000,0x00000000f5e722c8,0x00000000f8300000)
 Metaspace       used 52882K, capacity 55968K, committed 56192K, reserved 1097728K
  class space    used 6448K, capacity 6998K, committed 7040K, reserved 1048576K
2023-10-03T01:19:04.526+0800: 744.230: [GC (Allocation Failure) [PSYoungGen: 126112K->1184K(126464K)] 222824K->97984K(260608K), 0.0084487 secs] [Times: user=0.05 sys=0.00, real=0.01 secs] 
Heap after GC invocations=864 (full 0):
 PSYoungGen      total 126464K, used 1184K [0x00000000f8300000, 0x0000000100000000, 0x0000000100000000)
  eden space 124928K, 0% used [0x00000000f8300000,0x00000000f8300000,0x00000000ffd00000)
  from space 1536K, 77% used [0x00000000ffe80000,0x00000000fffa8000,0x0000000100000000)
  to   space 1536K, 0% used [0x00000000ffd00000,0x00000000ffd00000,0x00000000ffe80000)
 ParOldGen       total 134144K, used 96800K [0x00000000f0000000, 0x00000000f8300000, 0x00000000f8300000)
  object space 134144K, 72% used [0x00000000f0000000,0x00000000f5e882c8,0x00000000f8300000)
 Metaspace       used 52882K, capacity 55968K, committed 56192K, reserved 1097728K
  class space    used 6448K, capacity 6998K, committed 7040K, reserved 1048576K
}
{Heap before GC invocations=865 (full 0):
 PSYoungGen      total 126464K, used 126112K [0x00000000f8300000, 0x0000000100000000, 0x0000000100000000)
  eden space 124928K, 100% used [0x00000000f8300000,0x00000000ffd00000,0x00000000ffd00000)
  from space 1536K, 77% used [0x00000000ffe80000,0x00000000fffa8000,0x0000000100000000)
  to   space 1536K, 0% used [0x00000000ffd00000,0x00000000ffd00000,0x00000000ffe80000)
 ParOldGen       total 134144K, used 96800K [0x00000000f0000000, 0x00000000f8300000, 0x00000000f8300000)
  object space 134144K, 72% used [0x00000000f0000000,0x00000000f5e882c8,0x00000000f8300000)
 Metaspace       used 52882K, capacity 55968K, committed 56192K, reserved 1097728K
  class space    used 6448K, capacity 6998K, committed 7040K, reserved 1048576K
2023-10-03T01:19:05.169+0800: 744.873: [GC (Allocation Failure) [PSYoungGen: 126112K->1152K(126464K)] 222912K->98032K(260608K), 0.0086477 secs] [Times: user=0.04 sys=0.01, real=0.01 secs] 
Heap after GC invocations=865 (full 0):
 PSYoungGen      total 126464K, used 1152K [0x00000000f8300000, 0x0000000100000000, 0x0000000100000000)
  eden space 124928K, 0% used [0x00000000f8300000,0x00000000f8300000,0x00000000ffd00000)
  from space 1536K, 75% used [0x00000000ffd00000,0x00000000ffe20000,0x00000000ffe80000)
  to   space 1536K, 0% used [0x00000000ffe80000,0x00000000ffe80000,0x0000000100000000)
 ParOldGen       total 134144K, used 96880K [0x00000000f0000000, 0x00000000f8300000, 0x00000000f8300000)
  object space 134144K, 72% used [0x00000000f0000000,0x00000000f5e9c2c8,0x00000000f8300000)
 Metaspace       used 52882K, capacity 55968K, committed 56192K, reserved 1097728K
  class space    used 6448K, capacity 6998K, committed 7040K, reserved 1048576K
}
{Heap before GC invocations=866 (full 0):
 PSYoungGen      total 126464K, used 126080K [0x00000000f8300000, 0x0000000100000000, 0x0000000100000000)
  eden space 124928K, 100% used [0x00000000f8300000,0x00000000ffd00000,0x00000000ffd00000)
  from space 1536K, 75% used [0x00000000ffd00000,0x00000000ffe20000,0x00000000ffe80000)
  to   space 1536K, 0% used [0x00000000ffe80000,0x00000000ffe80000,0x0000000100000000)
 ParOldGen       total 134144K, used 96880K [0x00000000f0000000, 0x00000000f8300000, 0x00000000f8300000)
  object space 134144K, 72% used [0x00000000f0000000,0x00000000f5e9c2c8,0x00000000f8300000)
 Metaspace       used 52882K, capacity 55968K, committed 56192K, reserved 1097728K
  class space    used 6448K, capacity 6998K, committed 7040K, reserved 1048576K
2023-10-03T01:19:05.807+0800: 745.511: [GC (Allocation Failure) [PSYoungGen: 126080K->1216K(126464K)] 222960K->98168K(260608K), 0.0082694 secs] [Times: user=0.05 sys=0.00, real=0.01 secs] 
Heap after GC invocations=866 (full 0):
 PSYoungGen      total 126464K, used 1216K [0x00000000f8300000, 0x0000000100000000, 0x0000000100000000)
  eden space 124928K, 0% used [0x00000000f8300000,0x00000000f8300000,0x00000000ffd00000)
  from space 1536K, 79% used [0x00000000ffe80000,0x00000000fffb0000,0x0000000100000000)
  to   space 1536K, 0% used [0x00000000ffd00000,0x00000000ffd00000,0x00000000ffe80000)
 ParOldGen       total 134144K, used 96952K [0x00000000f0000000, 0x00000000f8300000, 0x00000000f8300000)
  object space 134144K, 72% used [0x00000000f0000000,0x00000000f5eae2c8,0x00000000f8300000)
 Metaspace       used 52882K, capacity 55968K, committed 56192K, reserved 1097728K
  class space    used 6448K, capacity 6998K, committed 7040K, reserved 1048576K
}
{Heap before GC invocations=867 (full 0):
 PSYoungGen      total 126464K, used 126144K [0x00000000f8300000, 0x0000000100000000, 0x0000000100000000)
  eden space 124928K, 100% used [0x00000000f8300000,0x00000000ffd00000,0x00000000ffd00000)
  from space 1536K, 79% used [0x00000000ffe80000,0x00000000fffb0000,0x0000000100000000)
  to   space 1536K, 0% used [0x00000000ffd00000,0x00000000ffd00000,0x00000000ffe80000)
 ParOldGen       total 134144K, used 96952K [0x00000000f0000000, 0x00000000f8300000, 0x00000000f8300000)
  object space 134144K, 72% used [0x00000000f0000000,0x00000000f5eae2c8,0x00000000f8300000)
 Metaspace       used 52882K, capacity 55968K, committed 56192K, reserved 1097728K
  class space    used 6448K, capacity 6998K, committed 7040K, reserved 1048576K
2023-10-03T01:19:06.439+0800: 746.143: [GC (Allocation Failure) [PSYoungGen: 126144K->1152K(126464K)] 223096K->98184K(260608K), 0.0084081 secs] [Times: user=0.05 sys=0.01, real=0.01 secs] 
Heap after GC invocations=867 (full 0):
 PSYoungGen      total 126464K, used 1152K [0x00000000f8300000, 0x0000000100000000, 0x0000000100000000)
  eden space 124928K, 0% used [0x00000000f8300000,0x00000000f8300000,0x00000000ffd00000)
  from space 1536K, 75% used [0x00000000ffd00000,0x00000000ffe20000,0x00000000ffe80000)
  to   space 1536K, 0% used [0x00000000ffe80000,0x00000000ffe80000,0x0000000100000000)
 ParOldGen       total 134144K, used 97032K [0x00000000f0000000, 0x00000000f8300000, 0x00000000f8300000)
  object space 134144K, 72% used [0x00000000f0000000,0x00000000f5ec22c8,0x00000000f8300000)
 Metaspace       used 52882K, capacity 55968K, committed 56192K, reserved 1097728K
  class space    used 6448K, capacity 6998K, committed 7040K, reserved 1048576K
}
{Heap before GC invocations=868 (full 0):
 PSYoungGen      total 126464K, used 126080K [0x00000000f8300000, 0x0000000100000000, 0x0000000100000000)
  eden space 124928K, 100% used [0x00000000f8300000,0x00000000ffd00000,0x00000000ffd00000)
  from space 1536K, 75% used [0x00000000ffd00000,0x00000000ffe20000,0x00000000ffe80000)
  to   space 1536K, 0% used [0x00000000ffe80000,0x00000000ffe80000,0x0000000100000000)
 ParOldGen       total 134144K, used 97032K [0x00000000f0000000, 0x00000000f8300000, 0x00000000f8300000)
  object space 134144K, 72% used [0x00000000f0000000,0x00000000f5ec22c8,0x00000000f8300000)
 Metaspace       used 52882K, capacity 55968K, committed 56192K, reserved 1097728K
  class space    used 6448K, capacity 6998K, committed 7040K, reserved 1048576K
2023-10-03T01:19:07.077+0800: 746.781: [GC (Allocation Failure) [PSYoungGen: 126080K->1120K(126464K)] 223112K->98232K(260608K), 0.0081970 secs] [Times: user=0.05 sys=0.00, real=0.01 secs] 
Heap after GC invocations=868 (full 0):
 PSYoungGen      total 126464K, used 1120K [0x00000000f8300000, 0x0000000100000000, 0x0000000100000000)
  eden space 124928K, 0% used [0x00000000f8300000,0x00000000f8300000,0x00000000ffd00000)
  from space 1536K, 72% used [0x00000000ffe80000,0x00000000fff98000,0x0000000100000000)
  to   space 1536K, 0% used [0x00000000ffd00000,0x00000000ffd00000,0x00000000ffe80000)
 ParOldGen       total 134144K, used 97112K [0x00000000f0000000, 0x00000000f8300000, 0x00000000f8300000)
  object space 134144K, 72% used [0x00000000f0000000,0x00000000f5ed62c8,0x00000000f8300000)
 Metaspace       used 52882K, capacity 55968K, committed 56192K, reserved 1097728K
  class space    used 6448K, capacity 6998K, committed 7040K, reserved 1048576K
}
{Heap before GC invocations=869 (full 0):
 PSYoungGen      total 126464K, used 126048K [0x00000000f8300000, 0x0000000100000000, 0x0000000100000000)
  eden space 124928K, 100% used [0x00000000f8300000,0x00000000ffd00000,0x00000000ffd00000)
  from space 1536K, 72% used [0x00000000ffe80000,0x00000000fff98000,0x0000000100000000)
  to   space 1536K, 0% used [0x00000000ffd00000,0x00000000ffd00000,0x00000000ffe80000)
 ParOldGen       total 134144K, used 97112K [0x00000000f0000000, 0x00000000f8300000, 0x00000000f8300000)
  object space 134144K, 72% used [0x00000000f0000000,0x00000000f5ed62c8,0x00000000f8300000)
 Metaspace       used 52882K, capacity 55968K, committed 56192K, reserved 1097728K
  class space    used 6448K, capacity 6998K, committed 7040K, reserved 1048576K
2023-10-03T01:19:07.699+0800: 747.403: [GC (Allocation Failure) [PSYoungGen: 126048K->1120K(126464K)] 223160K->98312K(260608K), 0.0085277 secs] [Times: user=0.05 sys=0.01, real=0.01 secs] 
Heap after GC invocations=869 (full 0):
 PSYoungGen      total 126464K, used 1120K [0x00000000f8300000, 0x0000000100000000, 0x0000000100000000)
  eden space 124928K, 0% used [0x00000000f8300000,0x00000000f8300000,0x00000000ffd00000)
  from space 1536K, 72% used [0x00000000ffd00000,0x00000000ffe18000,0x00000000ffe80000)
  to   space 1536K, 0% used [0x00000000ffe80000,0x00000000ffe80000,0x0000000100000000)
 ParOldGen       total 134144K, used 97192K [0x00000000f0000000, 0x00000000f8300000, 0x00000000f8300000)
  object space 134144K, 72% used [0x00000000f0000000,0x00000000f5eea2c8,0x00000000f8300000)
 Metaspace       used 52882K, capacity 55968K, committed 56192K, reserved 1097728K
  class space    used 6448K, capacity 6998K, committed 7040K, reserved 1048576K
}
{Heap before GC invocations=870 (full 0):
 PSYoungGen      total 126464K, used 126048K [0x00000000f8300000, 0x0000000100000000, 0x0000000100000000)
  eden space 124928K, 100% used [0x00000000f8300000,0x00000000ffd00000,0x00000000ffd00000)
  from space 1536K, 72% used [0x00000000ffd00000,0x00000000ffe18000,0x00000000ffe80000)
  to   space 1536K, 0% used [0x00000000ffe80000,0x00000000ffe80000,0x0000000100000000)
 ParOldGen       total 134144K, used 97192K [0x00000000f0000000, 0x00000000f8300000, 0x00000000f8300000)
  object space 134144K, 72% used [0x00000000f0000000,0x00000000f5eea2c8,0x00000000f8300000)
 Metaspace       used 52882K, capacity 55968K, committed 56192K, reserved 1097728K
  class space    used 6448K, capacity 6998K, committed 7040K, reserved 1048576K
2023-10-03T01:19:08.327+0800: 748.032: [GC (Allocation Failure) [PSYoungGen: 126048K->1152K(126464K)] 223240K->98416K(260608K), 0.0090980 secs] [Times: user=0.05 sys=0.00, real=0.01 secs] 
Heap after GC invocations=870 (full 0):
 PSYoungGen      total 126464K, used 1152K [0x00000000f8300000, 0x0000000100000000, 0x0000000100000000)
  eden space 124928K, 0% used [0x00000000f8300000,0x00000000f8300000,0x00000000ffd00000)
  from space 1536K, 75% used [0x00000000ffe80000,0x00000000fffa0000,0x0000000100000000)
  to   space 1536K, 0% used [0x00000000ffd00000,0x00000000ffd00000,0x00000000ffe80000)
 ParOldGen       total 134144K, used 97264K [0x00000000f0000000, 0x00000000f8300000, 0x00000000f8300000)
  object space 134144K, 72% used [0x00000000f0000000,0x00000000f5efc2c8,0x00000000f8300000)
 Metaspace       used 52882K, capacity 55968K, committed 56192K, reserved 1097728K
  class space    used 6448K, capacity 6998K, committed 7040K, reserved 1048576K
}
{Heap before GC invocations=871 (full 0):
 PSYoungGen      total 126464K, used 126080K [0x00000000f8300000, 0x0000000100000000, 0x0000000100000000)
  eden space 124928K, 100% used [0x00000000f8300000,0x00000000ffd00000,0x00000000ffd00000)
  from space 1536K, 75% used [0x00000000ffe80000,0x00000000fffa0000,0x0000000100000000)
  to   space 1536K, 0% used [0x00000000ffd00000,0x00000000ffd00000,0x00000000ffe80000)
 ParOldGen       total 134144K, used 97264K [0x00000000f0000000, 0x00000000f8300000, 0x00000000f8300000)
  object space 134144K, 72% used [0x00000000f0000000,0x00000000f5efc2c8,0x00000000f8300000)
 Metaspace       used 52882K, capacity 55968K, committed 56192K, reserved 1097728K
  class space    used 6448K, capacity 6998K, committed 7040K, reserved 1048576K
2023-10-03T01:19:08.970+0800: 748.674: [GC (Allocation Failure) [PSYoungGen: 126080K->1152K(126464K)] 223344K->98496K(260608K), 0.0082092 secs] [Times: user=0.03 sys=0.01, real=0.01 secs] 
Heap after GC invocations=871 (full 0):
 PSYoungGen      total 126464K, used 1152K [0x00000000f8300000, 0x0000000100000000, 0x0000000100000000)
  eden space 124928K, 0% used [0x00000000f8300000,0x00000000f8300000,0x00000000ffd00000)
  from space 1536K, 75% used [0x00000000ffd00000,0x00000000ffe20000,0x00000000ffe80000)
  to   space 1536K, 0% used [0x00000000ffe80000,0x00000000ffe80000,0x0000000100000000)
 ParOldGen       total 134144K, used 97344K [0x00000000f0000000, 0x00000000f8300000, 0x00000000f8300000)
  object space 134144K, 72% used [0x00000000f0000000,0x00000000f5f102c8,0x00000000f8300000)
 Metaspace       used 52882K, capacity 55968K, committed 56192K, reserved 1097728K
  class space    used 6448K, capacity 6998K, committed 7040K, reserved 1048576K
}
{Heap before GC invocations=872 (full 0):
 PSYoungGen      total 126464K, used 126080K [0x00000000f8300000, 0x0000000100000000, 0x0000000100000000)
  eden space 124928K, 100% used [0x00000000f8300000,0x00000000ffd00000,0x00000000ffd00000)
  from space 1536K, 75% used [0x00000000ffd00000,0x00000000ffe20000,0x00000000ffe80000)
  to   space 1536K, 0% used [0x00000000ffe80000,0x00000000ffe80000,0x0000000100000000)
 ParOldGen       total 134144K, used 97344K [0x00000000f0000000, 0x00000000f8300000, 0x00000000f8300000)
  object space 134144K, 72% used [0x00000000f0000000,0x00000000f5f102c8,0x00000000f8300000)
 Metaspace       used 52882K, capacity 55968K, committed 56192K, reserved 1097728K
  class space    used 6448K, capacity 6998K, committed 7040K, reserved 1048576K
2023-10-03T01:19:09.570+0800: 749.274: [GC (Allocation Failure) [PSYoungGen: 126080K->1152K(126464K)] 223424K->98576K(260608K), 0.0080836 secs] [Times: user=0.04 sys=0.00, real=0.01 secs] 
Heap after GC invocations=872 (full 0):
 PSYoungGen      total 126464K, used 1152K [0x00000000f8300000, 0x0000000100000000, 0x0000000100000000)
  eden space 124928K, 0% used [0x00000000f8300000,0x00000000f8300000,0x00000000ffd00000)
  from space 1536K, 75% used [0x00000000ffe80000,0x00000000fffa0000,0x0000000100000000)
  to   space 1536K, 0% used [0x00000000ffd00000,0x00000000ffd00000,0x00000000ffe80000)
 ParOldGen       total 134144K, used 97424K [0x00000000f0000000, 0x00000000f8300000, 0x00000000f8300000)
  object space 134144K, 72% used [0x00000000f0000000,0x00000000f5f242c8,0x00000000f8300000)
 Metaspace       used 52882K, capacity 55968K, committed 56192K, reserved 1097728K
  class space    used 6448K, capacity 6998K, committed 7040K, reserved 1048576K
}
{Heap before GC invocations=873 (full 0):
 PSYoungGen      total 126464K, used 126080K [0x00000000f8300000, 0x0000000100000000, 0x0000000100000000)
  eden space 124928K, 100% used [0x00000000f8300000,0x00000000ffd00000,0x00000000ffd00000)
  from space 1536K, 75% used [0x00000000ffe80000,0x00000000fffa0000,0x0000000100000000)
  to   space 1536K, 0% used [0x00000000ffd00000,0x00000000ffd00000,0x00000000ffe80000)
 ParOldGen       total 134144K, used 97424K [0x00000000f0000000, 0x00000000f8300000, 0x00000000f8300000)
  object space 134144K, 72% used [0x00000000f0000000,0x00000000f5f242c8,0x00000000f8300000)
 Metaspace       used 52882K, capacity 55968K, committed 56192K, reserved 1097728K
  class space    used 6448K, capacity 6998K, committed 7040K, reserved 1048576K
2023-10-03T01:19:10.217+0800: 749.921: [GC (Allocation Failure) [PSYoungGen: 126080K->1184K(126464K)] 223504K->98688K(260608K), 0.0083052 secs] [Times: user=0.05 sys=0.00, real=0.01 secs] 
Heap after GC invocations=873 (full 0):
 PSYoungGen      total 126464K, used 1184K [0x00000000f8300000, 0x0000000100000000, 0x0000000100000000)
  eden space 124928K, 0% used [0x00000000f8300000,0x00000000f8300000,0x00000000ffd00000)
  from space 1536K, 77% used [0x00000000ffd00000,0x00000000ffe28000,0x00000000ffe80000)
  to   space 1536K, 0% used [0x00000000ffe80000,0x00000000ffe80000,0x0000000100000000)
 ParOldGen       total 134144K, used 97504K [0x00000000f0000000, 0x00000000f8300000, 0x00000000f8300000)
  object space 134144K, 72% used [0x00000000f0000000,0x00000000f5f382c8,0x00000000f8300000)
 Metaspace       used 52882K, capacity 55968K, committed 56192K, reserved 1097728K
  class space    used 6448K, capacity 6998K, committed 7040K, reserved 1048576K
}
{Heap before GC invocations=874 (full 0):
 PSYoungGen      total 126464K, used 126112K [0x00000000f8300000, 0x0000000100000000, 0x0000000100000000)
  eden space 124928K, 100% used [0x00000000f8300000,0x00000000ffd00000,0x00000000ffd00000)
  from space 1536K, 77% used [0x00000000ffd00000,0x00000000ffe28000,0x00000000ffe80000)
  to   space 1536K, 0% used [0x00000000ffe80000,0x00000000ffe80000,0x0000000100000000)
 ParOldGen       total 134144K, used 97504K [0x00000000f0000000, 0x00000000f8300000, 0x00000000f8300000)
  object space 134144K, 72% used [0x00000000f0000000,0x00000000f5f382c8,0x00000000f8300000)
 Metaspace       used 52882K, capacity 55968K, committed 56192K, reserved 1097728K
  class space    used 6448K, capacity 6998K, committed 7040K, reserved 1048576K
2023-10-03T01:19:10.853+0800: 750.558: [GC (Allocation Failure) [PSYoungGen: 126112K->1248K(126464K)] 223616K->98840K(260608K), 0.0084556 secs] [Times: user=0.05 sys=0.00, real=0.01 secs] 
Heap after GC invocations=874 (full 0):
 PSYoungGen      total 126464K, used 1248K [0x00000000f8300000, 0x0000000100000000, 0x0000000100000000)
  eden space 124928K, 0% used [0x00000000f8300000,0x00000000f8300000,0x00000000ffd00000)
  from space 1536K, 81% used [0x00000000ffe80000,0x00000000fffb8000,0x0000000100000000)
  to   space 1536K, 0% used [0x00000000ffd00000,0x00000000ffd00000,0x00000000ffe80000)
 ParOldGen       total 134144K, used 97592K [0x00000000f0000000, 0x00000000f8300000, 0x00000000f8300000)
  object space 134144K, 72% used [0x00000000f0000000,0x00000000f5f4e2c8,0x00000000f8300000)
 Metaspace       used 52882K, capacity 55968K, committed 56192K, reserved 1097728K
  class space    used 6448K, capacity 6998K, committed 7040K, reserved 1048576K
}
{Heap before GC invocations=875 (full 0):
 PSYoungGen      total 126464K, used 126176K [0x00000000f8300000, 0x0000000100000000, 0x0000000100000000)
  eden space 124928K, 100% used [0x00000000f8300000,0x00000000ffd00000,0x00000000ffd00000)
  from space 1536K, 81% used [0x00000000ffe80000,0x00000000fffb8000,0x0000000100000000)
  to   space 1536K, 0% used [0x00000000ffd00000,0x00000000ffd00000,0x00000000ffe80000)
 ParOldGen       total 134144K, used 97592K [0x00000000f0000000, 0x00000000f8300000, 0x00000000f8300000)
  object space 134144K, 72% used [0x00000000f0000000,0x00000000f5f4e2c8,0x00000000f8300000)
 Metaspace       used 52882K, capacity 55968K, committed 56192K, reserved 1097728K
  class space    used 6448K, capacity 6998K, committed 7040K, reserved 1048576K
2023-10-03T01:19:11.481+0800: 751.185: [GC (Allocation Failure) [PSYoungGen: 126176K->1184K(126464K)] 223768K->98856K(260608K), 0.0082686 secs] [Times: user=0.05 sys=0.00, real=0.01 secs] 
Heap after GC invocations=875 (full 0):
 PSYoungGen      total 126464K, used 1184K [0x00000000f8300000, 0x0000000100000000, 0x0000000100000000)
  eden space 124928K, 0% used [0x00000000f8300000,0x00000000f8300000,0x00000000ffd00000)
  from space 1536K, 77% used [0x00000000ffd00000,0x00000000ffe28000,0x00000000ffe80000)
  to   space 1536K, 0% used [0x00000000ffe80000,0x00000000ffe80000,0x0000000100000000)
 ParOldGen       total 134144K, used 97672K [0x00000000f0000000, 0x00000000f8300000, 0x00000000f8300000)
  object space 134144K, 72% used [0x00000000f0000000,0x00000000f5f622c8,0x00000000f8300000)
 Metaspace       used 52882K, capacity 55968K, committed 56192K, reserved 1097728K
  class space    used 6448K, capacity 6998K, committed 7040K, reserved 1048576K
}
{Heap before GC invocations=876 (full 0):
 PSYoungGen      total 126464K, used 126112K [0x00000000f8300000, 0x0000000100000000, 0x0000000100000000)
  eden space 124928K, 100% used [0x00000000f8300000,0x00000000ffd00000,0x00000000ffd00000)
  from space 1536K, 77% used [0x00000000ffd00000,0x00000000ffe28000,0x00000000ffe80000)
  to   space 1536K, 0% used [0x00000000ffe80000,0x00000000ffe80000,0x0000000100000000)
 ParOldGen       total 134144K, used 97672K [0x00000000f0000000, 0x00000000f8300000, 0x00000000f8300000)
  object space 134144K, 72% used [0x00000000f0000000,0x00000000f5f622c8,0x00000000f8300000)
 Metaspace       used 52882K, capacity 55968K, committed 56192K, reserved 1097728K
  class space    used 6448K, capacity 6998K, committed 7040K, reserved 1048576K
2023-10-03T01:19:12.116+0800: 751.821: [GC (Allocation Failure) [PSYoungGen: 126112K->1120K(126464K)] 223784K->98872K(260608K), 0.0081846 secs] [Times: user=0.04 sys=0.00, real=0.01 secs] 
Heap after GC invocations=876 (full 0):
 PSYoungGen      total 126464K, used 1120K [0x00000000f8300000, 0x0000000100000000, 0x0000000100000000)
  eden space 124928K, 0% used [0x00000000f8300000,0x00000000f8300000,0x00000000ffd00000)
  from space 1536K, 72% used [0x00000000ffe80000,0x00000000fff98000,0x0000000100000000)
  to   space 1536K, 0% used [0x00000000ffd00000,0x00000000ffd00000,0x00000000ffe80000)
 ParOldGen       total 134144K, used 97752K [0x00000000f0000000, 0x00000000f8300000, 0x00000000f8300000)
  object space 134144K, 72% used [0x00000000f0000000,0x00000000f5f762c8,0x00000000f8300000)
 Metaspace       used 52882K, capacity 55968K, committed 56192K, reserved 1097728K
  class space    used 6448K, capacity 6998K, committed 7040K, reserved 1048576K
}
{Heap before GC invocations=877 (full 0):
 PSYoungGen      total 126464K, used 126048K [0x00000000f8300000, 0x0000000100000000, 0x0000000100000000)
  eden space 124928K, 100% used [0x00000000f8300000,0x00000000ffd00000,0x00000000ffd00000)
  from space 1536K, 72% used [0x00000000ffe80000,0x00000000fff98000,0x0000000100000000)
  to   space 1536K, 0% used [0x00000000ffd00000,0x00000000ffd00000,0x00000000ffe80000)
 ParOldGen       total 134144K, used 97752K [0x00000000f0000000, 0x00000000f8300000, 0x00000000f8300000)
  object space 134144K, 72% used [0x00000000f0000000,0x00000000f5f762c8,0x00000000f8300000)
 Metaspace       used 52882K, capacity 55968K, committed 56192K, reserved 1097728K
  class space    used 6448K, capacity 6998K, committed 7040K, reserved 1048576K
2023-10-03T01:19:12.736+0800: 752.440: [GC (Allocation Failure) [PSYoungGen: 126048K->1216K(126464K)] 223800K->99048K(260608K), 0.0082699 secs] [Times: user=0.05 sys=0.00, real=0.01 secs] 
Heap after GC invocations=877 (full 0):
 PSYoungGen      total 126464K, used 1216K [0x00000000f8300000, 0x0000000100000000, 0x0000000100000000)
  eden space 124928K, 0% used [0x00000000f8300000,0x00000000f8300000,0x00000000ffd00000)
  from space 1536K, 79% used [0x00000000ffd00000,0x00000000ffe30000,0x00000000ffe80000)
  to   space 1536K, 0% used [0x00000000ffe80000,0x00000000ffe80000,0x0000000100000000)
 ParOldGen       total 134144K, used 97832K [0x00000000f0000000, 0x00000000f8300000, 0x00000000f8300000)
  object space 134144K, 72% used [0x00000000f0000000,0x00000000f5f8a2c8,0x00000000f8300000)
 Metaspace       used 52882K, capacity 55968K, committed 56192K, reserved 1097728K
  class space    used 6448K, capacity 6998K, committed 7040K, reserved 1048576K
}
{Heap before GC invocations=878 (full 0):
 PSYoungGen      total 126464K, used 126144K [0x00000000f8300000, 0x0000000100000000, 0x0000000100000000)
  eden space 124928K, 100% used [0x00000000f8300000,0x00000000ffd00000,0x00000000ffd00000)
  from space 1536K, 79% used [0x00000000ffd00000,0x00000000ffe30000,0x00000000ffe80000)
  to   space 1536K, 0% used [0x00000000ffe80000,0x00000000ffe80000,0x0000000100000000)
 ParOldGen       total 134144K, used 97832K [0x00000000f0000000, 0x00000000f8300000, 0x00000000f8300000)
  object space 134144K, 72% used [0x00000000f0000000,0x00000000f5f8a2c8,0x00000000f8300000)
 Metaspace       used 52903K, capacity 55968K, committed 56192K, reserved 1097728K
  class space    used 6448K, capacity 6998K, committed 7040K, reserved 1048576K
2023-10-03T01:19:13.362+0800: 753.066: [GC (Allocation Failure) [PSYoungGen: 126144K->1248K(126464K)] 223976K->99160K(260608K), 0.0084441 secs] [Times: user=0.05 sys=0.00, real=0.00 secs] 
Heap after GC invocations=878 (full 0):
 PSYoungGen      total 126464K, used 1248K [0x00000000f8300000, 0x0000000100000000, 0x0000000100000000)
  eden space 124928K, 0% used [0x00000000f8300000,0x00000000f8300000,0x00000000ffd00000)
  from space 1536K, 81% used [0x00000000ffe80000,0x00000000fffb8020,0x0000000100000000)
  to   space 1536K, 0% used [0x00000000ffd00000,0x00000000ffd00000,0x00000000ffe80000)
 ParOldGen       total 134144K, used 97912K [0x00000000f0000000, 0x00000000f8300000, 0x00000000f8300000)
  object space 134144K, 72% used [0x00000000f0000000,0x00000000f5f9e2c8,0x00000000f8300000)
 Metaspace       used 52903K, capacity 55968K, committed 56192K, reserved 1097728K
  class space    used 6448K, capacity 6998K, committed 7040K, reserved 1048576K
}
{Heap before GC invocations=879 (full 0):
 PSYoungGen      total 126464K, used 126176K [0x00000000f8300000, 0x0000000100000000, 0x0000000100000000)
  eden space 124928K, 100% used [0x00000000f8300000,0x00000000ffd00000,0x00000000ffd00000)
  from space 1536K, 81% used [0x00000000ffe80000,0x00000000fffb8020,0x0000000100000000)
  to   space 1536K, 0% used [0x00000000ffd00000,0x00000000ffd00000,0x00000000ffe80000)
 ParOldGen       total 134144K, used 97912K [0x00000000f0000000, 0x00000000f8300000, 0x00000000f8300000)
  object space 134144K, 72% used [0x00000000f0000000,0x00000000f5f9e2c8,0x00000000f8300000)
 Metaspace       used 52903K, capacity 55968K, committed 56192K, reserved 1097728K
  class space    used 6448K, capacity 6998K, committed 7040K, reserved 1048576K
2023-10-03T01:19:13.995+0800: 753.699: [GC (Allocation Failure) [PSYoungGen: 126176K->1120K(126464K)] 224088K->99200K(260608K), 0.0080639 secs] [Times: user=0.05 sys=0.00, real=0.01 secs] 
Heap after GC invocations=879 (full 0):
 PSYoungGen      total 126464K, used 1120K [0x00000000f8300000, 0x0000000100000000, 0x0000000100000000)
  eden space 124928K, 0% used [0x00000000f8300000,0x00000000f8300000,0x00000000ffd00000)
  from space 1536K, 72% used [0x00000000ffd00000,0x00000000ffe18000,0x00000000ffe80000)
  to   space 1536K, 0% used [0x00000000ffe80000,0x00000000ffe80000,0x0000000100000000)
 ParOldGen       total 134144K, used 98080K [0x00000000f0000000, 0x00000000f8300000, 0x00000000f8300000)
  object space 134144K, 73% used [0x00000000f0000000,0x00000000f5fc8328,0x00000000f8300000)
 Metaspace       used 52903K, capacity 55968K, committed 56192K, reserved 1097728K
  class space    used 6448K, capacity 6998K, committed 7040K, reserved 1048576K
}
{Heap before GC invocations=880 (full 0):
 PSYoungGen      total 126464K, used 126048K [0x00000000f8300000, 0x0000000100000000, 0x0000000100000000)
  eden space 124928K, 100% used [0x00000000f8300000,0x00000000ffd00000,0x00000000ffd00000)
  from space 1536K, 72% used [0x00000000ffd00000,0x00000000ffe18000,0x00000000ffe80000)
  to   space 1536K, 0% used [0x00000000ffe80000,0x00000000ffe80000,0x0000000100000000)
 ParOldGen       total 134144K, used 98080K [0x00000000f0000000, 0x00000000f8300000, 0x00000000f8300000)
  object space 134144K, 73% used [0x00000000f0000000,0x00000000f5fc8328,0x00000000f8300000)
 Metaspace       used 52903K, capacity 55968K, committed 56192K, reserved 1097728K
  class space    used 6448K, capacity 6998K, committed 7040K, reserved 1048576K
2023-10-03T01:19:14.615+0800: 754.319: [GC (Allocation Failure) [PSYoungGen: 126048K->1152K(126464K)] 224128K->99312K(260608K), 0.0080011 secs] [Times: user=0.04 sys=0.00, real=0.01 secs] 
Heap after GC invocations=880 (full 0):
 PSYoungGen      total 126464K, used 1152K [0x00000000f8300000, 0x0000000100000000, 0x0000000100000000)
  eden space 124928K, 0% used [0x00000000f8300000,0x00000000f8300000,0x00000000ffd00000)
  from space 1536K, 75% used [0x00000000ffe80000,0x00000000fffa0000,0x0000000100000000)
  to   space 1536K, 0% used [0x00000000ffd00000,0x00000000ffd00000,0x00000000ffe80000)
 ParOldGen       total 134144K, used 98160K [0x00000000f0000000, 0x00000000f8300000, 0x00000000f8300000)
  object space 134144K, 73% used [0x00000000f0000000,0x00000000f5fdc328,0x00000000f8300000)
 Metaspace       used 52903K, capacity 55968K, committed 56192K, reserved 1097728K
  class space    used 6448K, capacity 6998K, committed 7040K, reserved 1048576K
}
{Heap before GC invocations=881 (full 0):
 PSYoungGen      total 126464K, used 126080K [0x00000000f8300000, 0x0000000100000000, 0x0000000100000000)
  eden space 124928K, 100% used [0x00000000f8300000,0x00000000ffd00000,0x00000000ffd00000)
  from space 1536K, 75% used [0x00000000ffe80000,0x00000000fffa0000,0x0000000100000000)
  to   space 1536K, 0% used [0x00000000ffd00000,0x00000000ffd00000,0x00000000ffe80000)
 ParOldGen       total 134144K, used 98160K [0x00000000f0000000, 0x00000000f8300000, 0x00000000f8300000)
  object space 134144K, 73% used [0x00000000f0000000,0x00000000f5fdc328,0x00000000f8300000)
 Metaspace       used 52903K, capacity 55968K, committed 56192K, reserved 1097728K
  class space    used 6448K, capacity 6998K, committed 7040K, reserved 1048576K
2023-10-03T01:19:15.220+0800: 754.924: [GC (Allocation Failure) [PSYoungGen: 126080K->1216K(126464K)] 224240K->99464K(260608K), 0.0079898 secs] [Times: user=0.05 sys=0.00, real=0.01 secs] 
Heap after GC invocations=881 (full 0):
 PSYoungGen      total 126464K, used 1216K [0x00000000f8300000, 0x0000000100000000, 0x0000000100000000)
  eden space 124928K, 0% used [0x00000000f8300000,0x00000000f8300000,0x00000000ffd00000)
  from space 1536K, 79% used [0x00000000ffd00000,0x00000000ffe30000,0x00000000ffe80000)
  to   space 1536K, 0% used [0x00000000ffe80000,0x00000000ffe80000,0x0000000100000000)
 ParOldGen       total 134144K, used 98248K [0x00000000f0000000, 0x00000000f8300000, 0x00000000f8300000)
  object space 134144K, 73% used [0x00000000f0000000,0x00000000f5ff2328,0x00000000f8300000)
 Metaspace       used 52903K, capacity 55968K, committed 56192K, reserved 1097728K
  class space    used 6448K, capacity 6998K, committed 7040K, reserved 1048576K
}
{Heap before GC invocations=882 (full 0):
 PSYoungGen      total 126464K, used 126144K [0x00000000f8300000, 0x0000000100000000, 0x0000000100000000)
  eden space 124928K, 100% used [0x00000000f8300000,0x00000000ffd00000,0x00000000ffd00000)
  from space 1536K, 79% used [0x00000000ffd00000,0x00000000ffe30000,0x00000000ffe80000)
  to   space 1536K, 0% used [0x00000000ffe80000,0x00000000ffe80000,0x0000000100000000)
 ParOldGen       total 134144K, used 98248K [0x00000000f0000000, 0x00000000f8300000, 0x00000000f8300000)
  object space 134144K, 73% used [0x00000000f0000000,0x00000000f5ff2328,0x00000000f8300000)
 Metaspace       used 52903K, capacity 55968K, committed 56192K, reserved 1097728K
  class space    used 6448K, capacity 6998K, committed 7040K, reserved 1048576K
2023-10-03T01:19:15.854+0800: 755.558: [GC (Allocation Failure) [PSYoungGen: 126144K->1216K(126464K)] 224392K->99552K(260608K), 0.0087639 secs] [Times: user=0.06 sys=0.00, real=0.01 secs] 
Heap after GC invocations=882 (full 0):
 PSYoungGen      total 126464K, used 1216K [0x00000000f8300000, 0x0000000100000000, 0x0000000100000000)
  eden space 124928K, 0% used [0x00000000f8300000,0x00000000f8300000,0x00000000ffd00000)
  from space 1536K, 79% used [0x00000000ffe80000,0x00000000fffb0000,0x0000000100000000)
  to   space 1536K, 0% used [0x00000000ffd00000,0x00000000ffd00000,0x00000000ffe80000)
 ParOldGen       total 134144K, used 98336K [0x00000000f0000000, 0x00000000f8300000, 0x00000000f8300000)
  object space 134144K, 73% used [0x00000000f0000000,0x00000000f6008328,0x00000000f8300000)
 Metaspace       used 52903K, capacity 55968K, committed 56192K, reserved 1097728K
  class space    used 6448K, capacity 6998K, committed 7040K, reserved 1048576K
}
{Heap before GC invocations=883 (full 0):
 PSYoungGen      total 126464K, used 126144K [0x00000000f8300000, 0x0000000100000000, 0x0000000100000000)
  eden space 124928K, 100% used [0x00000000f8300000,0x00000000ffd00000,0x00000000ffd00000)
  from space 1536K, 79% used [0x00000000ffe80000,0x00000000fffb0000,0x0000000100000000)
  to   space 1536K, 0% used [0x00000000ffd00000,0x00000000ffd00000,0x00000000ffe80000)
 ParOldGen       total 134144K, used 98336K [0x00000000f0000000, 0x00000000f8300000, 0x00000000f8300000)
  object space 134144K, 73% used [0x00000000f0000000,0x00000000f6008328,0x00000000f8300000)
 Metaspace       used 52903K, capacity 55968K, committed 56192K, reserved 1097728K
  class space    used 6448K, capacity 6998K, committed 7040K, reserved 1048576K
2023-10-03T01:19:16.497+0800: 756.201: [GC (Allocation Failure) [PSYoungGen: 126144K->1184K(126464K)] 224480K->99608K(260608K), 0.0081122 secs] [Times: user=0.05 sys=0.00, real=0.01 secs] 
Heap after GC invocations=883 (full 0):
 PSYoungGen      total 126464K, used 1184K [0x00000000f8300000, 0x0000000100000000, 0x0000000100000000)
  eden space 124928K, 0% used [0x00000000f8300000,0x00000000f8300000,0x00000000ffd00000)
  from space 1536K, 77% used [0x00000000ffd00000,0x00000000ffe28000,0x00000000ffe80000)
  to   space 1536K, 0% used [0x00000000ffe80000,0x00000000ffe80000,0x0000000100000000)
 ParOldGen       total 134144K, used 98424K [0x00000000f0000000, 0x00000000f8300000, 0x00000000f8300000)
  object space 134144K, 73% used [0x00000000f0000000,0x00000000f601e328,0x00000000f8300000)
 Metaspace       used 52903K, capacity 55968K, committed 56192K, reserved 1097728K
  class space    used 6448K, capacity 6998K, committed 7040K, reserved 1048576K
}
{Heap before GC invocations=884 (full 0):
 PSYoungGen      total 126464K, used 126112K [0x00000000f8300000, 0x0000000100000000, 0x0000000100000000)
  eden space 124928K, 100% used [0x00000000f8300000,0x00000000ffd00000,0x00000000ffd00000)
  from space 1536K, 77% used [0x00000000ffd00000,0x00000000ffe28000,0x00000000ffe80000)
  to   space 1536K, 0% used [0x00000000ffe80000,0x00000000ffe80000,0x0000000100000000)
 ParOldGen       total 134144K, used 98424K [0x00000000f0000000, 0x00000000f8300000, 0x00000000f8300000)
  object space 134144K, 73% used [0x00000000f0000000,0x00000000f601e328,0x00000000f8300000)
 Metaspace       used 52903K, capacity 55968K, committed 56192K, reserved 1097728K
  class space    used 6448K, capacity 6998K, committed 7040K, reserved 1048576K
2023-10-03T01:19:17.133+0800: 756.838: [GC (Allocation Failure) [PSYoungGen: 126112K->1152K(126464K)] 224536K->99656K(260608K), 0.0081283 secs] [Times: user=0.04 sys=0.00, real=0.00 secs] 
Heap after GC invocations=884 (full 0):
 PSYoungGen      total 126464K, used 1152K [0x00000000f8300000, 0x0000000100000000, 0x0000000100000000)
  eden space 124928K, 0% used [0x00000000f8300000,0x00000000f8300000,0x00000000ffd00000)
  from space 1536K, 75% used [0x00000000ffe80000,0x00000000fffa0000,0x0000000100000000)
  to   space 1536K, 0% used [0x00000000ffd00000,0x00000000ffd00000,0x00000000ffe80000)
 ParOldGen       total 134144K, used 98504K [0x00000000f0000000, 0x00000000f8300000, 0x00000000f8300000)
  object space 134144K, 73% used [0x00000000f0000000,0x00000000f6032328,0x00000000f8300000)
 Metaspace       used 52903K, capacity 55968K, committed 56192K, reserved 1097728K
  class space    used 6448K, capacity 6998K, committed 7040K, reserved 1048576K
}
{Heap before GC invocations=885 (full 0):
 PSYoungGen      total 126464K, used 126080K [0x00000000f8300000, 0x0000000100000000, 0x0000000100000000)
  eden space 124928K, 100% used [0x00000000f8300000,0x00000000ffd00000,0x00000000ffd00000)
  from space 1536K, 75% used [0x00000000ffe80000,0x00000000fffa0000,0x0000000100000000)
  to   space 1536K, 0% used [0x00000000ffd00000,0x00000000ffd00000,0x00000000ffe80000)
 ParOldGen       total 134144K, used 98504K [0x00000000f0000000, 0x00000000f8300000, 0x00000000f8300000)
  object space 134144K, 73% used [0x00000000f0000000,0x00000000f6032328,0x00000000f8300000)
 Metaspace       used 52903K, capacity 55968K, committed 56192K, reserved 1097728K
  class space    used 6448K, capacity 6998K, committed 7040K, reserved 1048576K
2023-10-03T01:19:17.758+0800: 757.463: [GC (Allocation Failure) [PSYoungGen: 126080K->1184K(126464K)] 224584K->99768K(260608K), 0.0082159 secs] [Times: user=0.05 sys=0.01, real=0.01 secs] 
Heap after GC invocations=885 (full 0):
 PSYoungGen      total 126464K, used 1184K [0x00000000f8300000, 0x0000000100000000, 0x0000000100000000)
  eden space 124928K, 0% used [0x00000000f8300000,0x00000000f8300000,0x00000000ffd00000)
  from space 1536K, 77% used [0x00000000ffd00000,0x00000000ffe28000,0x00000000ffe80000)
  to   space 1536K, 0% used [0x00000000ffe80000,0x00000000ffe80000,0x0000000100000000)
 ParOldGen       total 134144K, used 98584K [0x00000000f0000000, 0x00000000f8300000, 0x00000000f8300000)
  object space 134144K, 73% used [0x00000000f0000000,0x00000000f6046328,0x00000000f8300000)
 Metaspace       used 52903K, capacity 55968K, committed 56192K, reserved 1097728K
  class space    used 6448K, capacity 6998K, committed 7040K, reserved 1048576K
}
{Heap before GC invocations=886 (full 0):
 PSYoungGen      total 126464K, used 126112K [0x00000000f8300000, 0x0000000100000000, 0x0000000100000000)
  eden space 124928K, 100% used [0x00000000f8300000,0x00000000ffd00000,0x00000000ffd00000)
  from space 1536K, 77% used [0x00000000ffd00000,0x00000000ffe28000,0x00000000ffe80000)
  to   space 1536K, 0% used [0x00000000ffe80000,0x00000000ffe80000,0x0000000100000000)
 ParOldGen       total 134144K, used 98584K [0x00000000f0000000, 0x00000000f8300000, 0x00000000f8300000)
  object space 134144K, 73% used [0x00000000f0000000,0x00000000f6046328,0x00000000f8300000)
 Metaspace       used 52903K, capacity 55968K, committed 56192K, reserved 1097728K
  class space    used 6448K, capacity 6998K, committed 7040K, reserved 1048576K
2023-10-03T01:19:18.393+0800: 758.097: [GC (Allocation Failure) [PSYoungGen: 126112K->1184K(126464K)] 224696K->99848K(260608K), 0.0081128 secs] [Times: user=0.05 sys=0.01, real=0.00 secs] 
Heap after GC invocations=886 (full 0):
 PSYoungGen      total 126464K, used 1184K [0x00000000f8300000, 0x0000000100000000, 0x0000000100000000)
  eden space 124928K, 0% used [0x00000000f8300000,0x00000000f8300000,0x00000000ffd00000)
  from space 1536K, 77% used [0x00000000ffe80000,0x00000000fffa8000,0x0000000100000000)
  to   space 1536K, 0% used [0x00000000ffd00000,0x00000000ffd00000,0x00000000ffe80000)
 ParOldGen       total 134144K, used 98664K [0x00000000f0000000, 0x00000000f8300000, 0x00000000f8300000)
  object space 134144K, 73% used [0x00000000f0000000,0x00000000f605a328,0x00000000f8300000)
 Metaspace       used 52903K, capacity 55968K, committed 56192K, reserved 1097728K
  class space    used 6448K, capacity 6998K, committed 7040K, reserved 1048576K
}
{Heap before GC invocations=887 (full 0):
 PSYoungGen      total 126464K, used 126112K [0x00000000f8300000, 0x0000000100000000, 0x0000000100000000)
  eden space 124928K, 100% used [0x00000000f8300000,0x00000000ffd00000,0x00000000ffd00000)
  from space 1536K, 77% used [0x00000000ffe80000,0x00000000fffa8000,0x0000000100000000)
  to   space 1536K, 0% used [0x00000000ffd00000,0x00000000ffd00000,0x00000000ffe80000)
 ParOldGen       total 134144K, used 98664K [0x00000000f0000000, 0x00000000f8300000, 0x00000000f8300000)
  object space 134144K, 73% used [0x00000000f0000000,0x00000000f605a328,0x00000000f8300000)
 Metaspace       used 52903K, capacity 55968K, committed 56192K, reserved 1097728K
  class space    used 6448K, capacity 6998K, committed 7040K, reserved 1048576K
2023-10-03T01:19:19.032+0800: 758.737: [GC (Allocation Failure) [PSYoungGen: 126112K->1152K(126464K)] 224776K->99904K(260608K), 0.0082533 secs] [Times: user=0.05 sys=0.00, real=0.00 secs] 
Heap after GC invocations=887 (full 0):
 PSYoungGen      total 126464K, used 1152K [0x00000000f8300000, 0x0000000100000000, 0x0000000100000000)
  eden space 124928K, 0% used [0x00000000f8300000,0x00000000f8300000,0x00000000ffd00000)
  from space 1536K, 75% used [0x00000000ffd00000,0x00000000ffe20000,0x00000000ffe80000)
  to   space 1536K, 0% used [0x00000000ffe80000,0x00000000ffe80000,0x0000000100000000)
 ParOldGen       total 134144K, used 98752K [0x00000000f0000000, 0x00000000f8300000, 0x00000000f8300000)
  object space 134144K, 73% used [0x00000000f0000000,0x00000000f6070328,0x00000000f8300000)
 Metaspace       used 52903K, capacity 55968K, committed 56192K, reserved 1097728K
  class space    used 6448K, capacity 6998K, committed 7040K, reserved 1048576K
}
{Heap before GC invocations=888 (full 0):
 PSYoungGen      total 126464K, used 126080K [0x00000000f8300000, 0x0000000100000000, 0x0000000100000000)
  eden space 124928K, 100% used [0x00000000f8300000,0x00000000ffd00000,0x00000000ffd00000)
  from space 1536K, 75% used [0x00000000ffd00000,0x00000000ffe20000,0x00000000ffe80000)
  to   space 1536K, 0% used [0x00000000ffe80000,0x00000000ffe80000,0x0000000100000000)
 ParOldGen       total 134144K, used 98752K [0x00000000f0000000, 0x00000000f8300000, 0x00000000f8300000)
  object space 134144K, 73% used [0x00000000f0000000,0x00000000f6070328,0x00000000f8300000)
 Metaspace       used 52903K, capacity 55968K, committed 56192K, reserved 1097728K
  class space    used 6448K, capacity 6998K, committed 7040K, reserved 1048576K
2023-10-03T01:19:19.653+0800: 759.358: [GC (Allocation Failure) [PSYoungGen: 126080K->1152K(126464K)] 224832K->99984K(260608K), 0.0081761 secs] [Times: user=0.05 sys=0.01, real=0.00 secs] 
Heap after GC invocations=888 (full 0):
 PSYoungGen      total 126464K, used 1152K [0x00000000f8300000, 0x0000000100000000, 0x0000000100000000)
  eden space 124928K, 0% used [0x00000000f8300000,0x00000000f8300000,0x00000000ffd00000)
  from space 1536K, 75% used [0x00000000ffe80000,0x00000000fffa0000,0x0000000100000000)
  to   space 1536K, 0% used [0x00000000ffd00000,0x00000000ffd00000,0x00000000ffe80000)
 ParOldGen       total 134144K, used 98832K [0x00000000f0000000, 0x00000000f8300000, 0x00000000f8300000)
  object space 134144K, 73% used [0x00000000f0000000,0x00000000f6084328,0x00000000f8300000)
 Metaspace       used 52903K, capacity 55968K, committed 56192K, reserved 1097728K
  class space    used 6448K, capacity 6998K, committed 7040K, reserved 1048576K
}
{Heap before GC invocations=889 (full 0):
 PSYoungGen      total 126464K, used 126080K [0x00000000f8300000, 0x0000000100000000, 0x0000000100000000)
  eden space 124928K, 100% used [0x00000000f8300000,0x00000000ffd00000,0x00000000ffd00000)
  from space 1536K, 75% used [0x00000000ffe80000,0x00000000fffa0000,0x0000000100000000)
  to   space 1536K, 0% used [0x00000000ffd00000,0x00000000ffd00000,0x00000000ffe80000)
 ParOldGen       total 134144K, used 98832K [0x00000000f0000000, 0x00000000f8300000, 0x00000000f8300000)
  object space 134144K, 73% used [0x00000000f0000000,0x00000000f6084328,0x00000000f8300000)
 Metaspace       used 52903K, capacity 55968K, committed 56192K, reserved 1097728K
  class space    used 6448K, capacity 6998K, committed 7040K, reserved 1048576K
2023-10-03T01:19:20.258+0800: 759.963: [GC (Allocation Failure) [PSYoungGen: 126080K->1248K(126464K)] 224912K->100152K(260608K), 0.0081543 secs] [Times: user=0.04 sys=0.01, real=0.01 secs] 
Heap after GC invocations=889 (full 0):
 PSYoungGen      total 126464K, used 1248K [0x00000000f8300000, 0x0000000100000000, 0x0000000100000000)
  eden space 124928K, 0% used [0x00000000f8300000,0x00000000f8300000,0x00000000ffd00000)
  from space 1536K, 81% used [0x00000000ffd00000,0x00000000ffe38000,0x00000000ffe80000)
  to   space 1536K, 0% used [0x00000000ffe80000,0x00000000ffe80000,0x0000000100000000)
 ParOldGen       total 134144K, used 98904K [0x00000000f0000000, 0x00000000f8300000, 0x00000000f8300000)
  object space 134144K, 73% used [0x00000000f0000000,0x00000000f6096328,0x00000000f8300000)
 Metaspace       used 52903K, capacity 55968K, committed 56192K, reserved 1097728K
  class space    used 6448K, capacity 6998K, committed 7040K, reserved 1048576K
}
{Heap before GC invocations=890 (full 0):
 PSYoungGen      total 126464K, used 126176K [0x00000000f8300000, 0x0000000100000000, 0x0000000100000000)
  eden space 124928K, 100% used [0x00000000f8300000,0x00000000ffd00000,0x00000000ffd00000)
  from space 1536K, 81% used [0x00000000ffd00000,0x00000000ffe38000,0x00000000ffe80000)
  to   space 1536K, 0% used [0x00000000ffe80000,0x00000000ffe80000,0x0000000100000000)
 ParOldGen       total 134144K, used 98904K [0x00000000f0000000, 0x00000000f8300000, 0x00000000f8300000)
  object space 134144K, 73% used [0x00000000f0000000,0x00000000f6096328,0x00000000f8300000)
 Metaspace       used 52903K, capacity 55968K, committed 56192K, reserved 1097728K
  class space    used 6448K, capacity 6998K, committed 7040K, reserved 1048576K
2023-10-03T01:19:20.902+0800: 760.607: [GC (Allocation Failure) [PSYoungGen: 126176K->1184K(126464K)] 225080K->100168K(260608K), 0.0083097 secs] [Times: user=0.05 sys=0.01, real=0.01 secs] 
Heap after GC invocations=890 (full 0):
 PSYoungGen      total 126464K, used 1184K [0x00000000f8300000, 0x0000000100000000, 0x0000000100000000)
  eden space 124928K, 0% used [0x00000000f8300000,0x00000000f8300000,0x00000000ffd00000)
  from space 1536K, 77% used [0x00000000ffe80000,0x00000000fffa8000,0x0000000100000000)
  to   space 1536K, 0% used [0x00000000ffd00000,0x00000000ffd00000,0x00000000ffe80000)
 ParOldGen       total 134144K, used 98984K [0x00000000f0000000, 0x00000000f8300000, 0x00000000f8300000)
  object space 134144K, 73% used [0x00000000f0000000,0x00000000f60aa328,0x00000000f8300000)
 Metaspace       used 52903K, capacity 55968K, committed 56192K, reserved 1097728K
  class space    used 6448K, capacity 6998K, committed 7040K, reserved 1048576K
}
{Heap before GC invocations=891 (full 0):
 PSYoungGen      total 126464K, used 126112K [0x00000000f8300000, 0x0000000100000000, 0x0000000100000000)
  eden space 124928K, 100% used [0x00000000f8300000,0x00000000ffd00000,0x00000000ffd00000)
  from space 1536K, 77% used [0x00000000ffe80000,0x00000000fffa8000,0x0000000100000000)
  to   space 1536K, 0% used [0x00000000ffd00000,0x00000000ffd00000,0x00000000ffe80000)
 ParOldGen       total 134144K, used 98984K [0x00000000f0000000, 0x00000000f8300000, 0x00000000f8300000)
  object space 134144K, 73% used [0x00000000f0000000,0x00000000f60aa328,0x00000000f8300000)
 Metaspace       used 52903K, capacity 55968K, committed 56192K, reserved 1097728K
  class space    used 6448K, capacity 6998K, committed 7040K, reserved 1048576K
2023-10-03T01:19:21.534+0800: 761.238: [GC (Allocation Failure) [PSYoungGen: 126112K->1184K(126464K)] 225096K->100248K(260608K), 0.0075584 secs] [Times: user=0.05 sys=0.00, real=0.00 secs] 
Heap after GC invocations=891 (full 0):
 PSYoungGen      total 126464K, used 1184K [0x00000000f8300000, 0x0000000100000000, 0x0000000100000000)
  eden space 124928K, 0% used [0x00000000f8300000,0x00000000f8300000,0x00000000ffd00000)
  from space 1536K, 77% used [0x00000000ffd00000,0x00000000ffe28000,0x00000000ffe80000)
  to   space 1536K, 0% used [0x00000000ffe80000,0x00000000ffe80000,0x0000000100000000)
 ParOldGen       total 134144K, used 99064K [0x00000000f0000000, 0x00000000f8300000, 0x00000000f8300000)
  object space 134144K, 73% used [0x00000000f0000000,0x00000000f60be328,0x00000000f8300000)
 Metaspace       used 52903K, capacity 55968K, committed 56192K, reserved 1097728K
  class space    used 6448K, capacity 6998K, committed 7040K, reserved 1048576K
}
{Heap before GC invocations=892 (full 0):
 PSYoungGen      total 126464K, used 126112K [0x00000000f8300000, 0x0000000100000000, 0x0000000100000000)
  eden space 124928K, 100% used [0x00000000f8300000,0x00000000ffd00000,0x00000000ffd00000)
  from space 1536K, 77% used [0x00000000ffd00000,0x00000000ffe28000,0x00000000ffe80000)
  to   space 1536K, 0% used [0x00000000ffe80000,0x00000000ffe80000,0x0000000100000000)
 ParOldGen       total 134144K, used 99064K [0x00000000f0000000, 0x00000000f8300000, 0x00000000f8300000)
  object space 134144K, 73% used [0x00000000f0000000,0x00000000f60be328,0x00000000f8300000)
 Metaspace       used 52903K, capacity 55968K, committed 56192K, reserved 1097728K
  class space    used 6448K, capacity 6998K, committed 7040K, reserved 1048576K
2023-10-03T01:19:22.180+0800: 761.885: [GC (Allocation Failure) [PSYoungGen: 126112K->1152K(126464K)] 225176K->100296K(260608K), 0.0079629 secs] [Times: user=0.05 sys=0.00, real=0.01 secs] 
Heap after GC invocations=892 (full 0):
 PSYoungGen      total 126464K, used 1152K [0x00000000f8300000, 0x0000000100000000, 0x0000000100000000)
  eden space 124928K, 0% used [0x00000000f8300000,0x00000000f8300000,0x00000000ffd00000)
  from space 1536K, 75% used [0x00000000ffe80000,0x00000000fffa0000,0x0000000100000000)
  to   space 1536K, 0% used [0x00000000ffd00000,0x00000000ffd00000,0x00000000ffe80000)
 ParOldGen       total 134144K, used 99144K [0x00000000f0000000, 0x00000000f8300000, 0x00000000f8300000)
  object space 134144K, 73% used [0x00000000f0000000,0x00000000f60d2328,0x00000000f8300000)
 Metaspace       used 52903K, capacity 55968K, committed 56192K, reserved 1097728K
  class space    used 6448K, capacity 6998K, committed 7040K, reserved 1048576K
}
{Heap before GC invocations=893 (full 0):
 PSYoungGen      total 126464K, used 126080K [0x00000000f8300000, 0x0000000100000000, 0x0000000100000000)
  eden space 124928K, 100% used [0x00000000f8300000,0x00000000ffd00000,0x00000000ffd00000)
  from space 1536K, 75% used [0x00000000ffe80000,0x00000000fffa0000,0x0000000100000000)
  to   space 1536K, 0% used [0x00000000ffd00000,0x00000000ffd00000,0x00000000ffe80000)
 ParOldGen       total 134144K, used 99144K [0x00000000f0000000, 0x00000000f8300000, 0x00000000f8300000)
  object space 134144K, 73% used [0x00000000f0000000,0x00000000f60d2328,0x00000000f8300000)
 Metaspace       used 52903K, capacity 55968K, committed 56192K, reserved 1097728K
  class space    used 6448K, capacity 6998K, committed 7040K, reserved 1048576K
2023-10-03T01:19:22.800+0800: 762.505: [GC (Allocation Failure) [PSYoungGen: 126080K->1248K(126464K)] 225224K->100480K(260608K), 0.0081109 secs] [Times: user=0.05 sys=0.00, real=0.01 secs] 
Heap after GC invocations=893 (full 0):
 PSYoungGen      total 126464K, used 1248K [0x00000000f8300000, 0x0000000100000000, 0x0000000100000000)
  eden space 124928K, 0% used [0x00000000f8300000,0x00000000f8300000,0x00000000ffd00000)
  from space 1536K, 81% used [0x00000000ffd00000,0x00000000ffe38000,0x00000000ffe80000)
  to   space 1536K, 0% used [0x00000000ffe80000,0x00000000ffe80000,0x0000000100000000)
 ParOldGen       total 134144K, used 99232K [0x00000000f0000000, 0x00000000f8300000, 0x00000000f8300000)
  object space 134144K, 73% used [0x00000000f0000000,0x00000000f60e8328,0x00000000f8300000)
 Metaspace       used 52903K, capacity 55968K, committed 56192K, reserved 1097728K
  class space    used 6448K, capacity 6998K, committed 7040K, reserved 1048576K
}
{Heap before GC invocations=894 (full 0):
 PSYoungGen      total 126464K, used 126176K [0x00000000f8300000, 0x0000000100000000, 0x0000000100000000)
  eden space 124928K, 100% used [0x00000000f8300000,0x00000000ffd00000,0x00000000ffd00000)
  from space 1536K, 81% used [0x00000000ffd00000,0x00000000ffe38000,0x00000000ffe80000)
  to   space 1536K, 0% used [0x00000000ffe80000,0x00000000ffe80000,0x0000000100000000)
 ParOldGen       total 134144K, used 99232K [0x00000000f0000000, 0x00000000f8300000, 0x00000000f8300000)
  object space 134144K, 73% used [0x00000000f0000000,0x00000000f60e8328,0x00000000f8300000)
 Metaspace       used 52903K, capacity 55968K, committed 56192K, reserved 1097728K
  class space    used 6448K, capacity 6998K, committed 7040K, reserved 1048576K
2023-10-03T01:19:23.439+0800: 763.143: [GC (Allocation Failure) [PSYoungGen: 126176K->1248K(126464K)] 225408K->100552K(260608K), 0.0084421 secs] [Times: user=0.05 sys=0.01, real=0.01 secs] 
Heap after GC invocations=894 (full 0):
 PSYoungGen      total 126464K, used 1248K [0x00000000f8300000, 0x0000000100000000, 0x0000000100000000)
  eden space 124928K, 0% used [0x00000000f8300000,0x00000000f8300000,0x00000000ffd00000)
  from space 1536K, 81% used [0x00000000ffe80000,0x00000000fffb8000,0x0000000100000000)
  to   space 1536K, 0% used [0x00000000ffd00000,0x00000000ffd00000,0x00000000ffe80000)
 ParOldGen       total 134144K, used 99304K [0x00000000f0000000, 0x00000000f8300000, 0x00000000f8300000)
  object space 134144K, 74% used [0x00000000f0000000,0x00000000f60fa328,0x00000000f8300000)
 Metaspace       used 52903K, capacity 55968K, committed 56192K, reserved 1097728K
  class space    used 6448K, capacity 6998K, committed 7040K, reserved 1048576K
}
{Heap before GC invocations=895 (full 0):
 PSYoungGen      total 126464K, used 126176K [0x00000000f8300000, 0x0000000100000000, 0x0000000100000000)
  eden space 124928K, 100% used [0x00000000f8300000,0x00000000ffd00000,0x00000000ffd00000)
  from space 1536K, 81% used [0x00000000ffe80000,0x00000000fffb8000,0x0000000100000000)
  to   space 1536K, 0% used [0x00000000ffd00000,0x00000000ffd00000,0x00000000ffe80000)
 ParOldGen       total 134144K, used 99304K [0x00000000f0000000, 0x00000000f8300000, 0x00000000f8300000)
  object space 134144K, 74% used [0x00000000f0000000,0x00000000f60fa328,0x00000000f8300000)
 Metaspace       used 52903K, capacity 55968K, committed 56192K, reserved 1097728K
  class space    used 6448K, capacity 6998K, committed 7040K, reserved 1048576K
2023-10-03T01:19:24.074+0800: 763.778: [GC (Allocation Failure) [PSYoungGen: 126176K->1152K(126464K)] 225480K->100536K(260608K), 0.0081431 secs] [Times: user=0.05 sys=0.00, real=0.01 secs] 
Heap after GC invocations=895 (full 0):
 PSYoungGen      total 126464K, used 1152K [0x00000000f8300000, 0x0000000100000000, 0x0000000100000000)
  eden space 124928K, 0% used [0x00000000f8300000,0x00000000f8300000,0x00000000ffd00000)
  from space 1536K, 75% used [0x00000000ffd00000,0x00000000ffe20000,0x00000000ffe80000)
  to   space 1536K, 0% used [0x00000000ffe80000,0x00000000ffe80000,0x0000000100000000)
 ParOldGen       total 134144K, used 99384K [0x00000000f0000000, 0x00000000f8300000, 0x00000000f8300000)
  object space 134144K, 74% used [0x00000000f0000000,0x00000000f610e328,0x00000000f8300000)
 Metaspace       used 52903K, capacity 55968K, committed 56192K, reserved 1097728K
  class space    used 6448K, capacity 6998K, committed 7040K, reserved 1048576K
}
{Heap before GC invocations=896 (full 0):
 PSYoungGen      total 126464K, used 126080K [0x00000000f8300000, 0x0000000100000000, 0x0000000100000000)
  eden space 124928K, 100% used [0x00000000f8300000,0x00000000ffd00000,0x00000000ffd00000)
  from space 1536K, 75% used [0x00000000ffd00000,0x00000000ffe20000,0x00000000ffe80000)
  to   space 1536K, 0% used [0x00000000ffe80000,0x00000000ffe80000,0x0000000100000000)
 ParOldGen       total 134144K, used 99384K [0x00000000f0000000, 0x00000000f8300000, 0x00000000f8300000)
  object space 134144K, 74% used [0x00000000f0000000,0x00000000f610e328,0x00000000f8300000)
 Metaspace       used 52903K, capacity 55968K, committed 56192K, reserved 1097728K
  class space    used 6448K, capacity 6998K, committed 7040K, reserved 1048576K
2023-10-03T01:19:24.688+0800: 764.392: [GC (Allocation Failure) [PSYoungGen: 126080K->1248K(126464K)] 225464K->100712K(260608K), 0.0075714 secs] [Times: user=0.05 sys=0.00, real=0.01 secs] 
Heap after GC invocations=896 (full 0):
 PSYoungGen      total 126464K, used 1248K [0x00000000f8300000, 0x0000000100000000, 0x0000000100000000)
  eden space 124928K, 0% used [0x00000000f8300000,0x00000000f8300000,0x00000000ffd00000)
  from space 1536K, 81% used [0x00000000ffe80000,0x00000000fffb8000,0x0000000100000000)
  to   space 1536K, 0% used [0x00000000ffd00000,0x00000000ffd00000,0x00000000ffe80000)
 ParOldGen       total 134144K, used 99464K [0x00000000f0000000, 0x00000000f8300000, 0x00000000f8300000)
  object space 134144K, 74% used [0x00000000f0000000,0x00000000f6122328,0x00000000f8300000)
 Metaspace       used 52903K, capacity 55968K, committed 56192K, reserved 1097728K
  class space    used 6448K, capacity 6998K, committed 7040K, reserved 1048576K
}
{Heap before GC invocations=897 (full 0):
 PSYoungGen      total 126464K, used 126176K [0x00000000f8300000, 0x0000000100000000, 0x0000000100000000)
  eden space 124928K, 100% used [0x00000000f8300000,0x00000000ffd00000,0x00000000ffd00000)
  from space 1536K, 81% used [0x00000000ffe80000,0x00000000fffb8000,0x0000000100000000)
  to   space 1536K, 0% used [0x00000000ffd00000,0x00000000ffd00000,0x00000000ffe80000)
 ParOldGen       total 134144K, used 99464K [0x00000000f0000000, 0x00000000f8300000, 0x00000000f8300000)
  object space 134144K, 74% used [0x00000000f0000000,0x00000000f6122328,0x00000000f8300000)
 Metaspace       used 52903K, capacity 55968K, committed 56192K, reserved 1097728K
  class space    used 6448K, capacity 6998K, committed 7040K, reserved 1048576K
2023-10-03T01:19:25.330+0800: 765.035: [GC (Allocation Failure) [PSYoungGen: 126176K->1184K(126464K)] 225640K->100728K(260608K), 0.0081013 secs] [Times: user=0.05 sys=0.00, real=0.01 secs] 
Heap after GC invocations=897 (full 0):
 PSYoungGen      total 126464K, used 1184K [0x00000000f8300000, 0x0000000100000000, 0x0000000100000000)
  eden space 124928K, 0% used [0x00000000f8300000,0x00000000f8300000,0x00000000ffd00000)
  from space 1536K, 77% used [0x00000000ffd00000,0x00000000ffe28000,0x00000000ffe80000)
  to   space 1536K, 0% used [0x00000000ffe80000,0x00000000ffe80000,0x0000000100000000)
 ParOldGen       total 134144K, used 99544K [0x00000000f0000000, 0x00000000f8300000, 0x00000000f8300000)
  object space 134144K, 74% used [0x00000000f0000000,0x00000000f6136328,0x00000000f8300000)
 Metaspace       used 52903K, capacity 55968K, committed 56192K, reserved 1097728K
  class space    used 6448K, capacity 6998K, committed 7040K, reserved 1048576K
}
{Heap before GC invocations=898 (full 0):
 PSYoungGen      total 126464K, used 126112K [0x00000000f8300000, 0x0000000100000000, 0x0000000100000000)
  eden space 124928K, 100% used [0x00000000f8300000,0x00000000ffd00000,0x00000000ffd00000)
  from space 1536K, 77% used [0x00000000ffd00000,0x00000000ffe28000,0x00000000ffe80000)
  to   space 1536K, 0% used [0x00000000ffe80000,0x00000000ffe80000,0x0000000100000000)
 ParOldGen       total 134144K, used 99544K [0x00000000f0000000, 0x00000000f8300000, 0x00000000f8300000)
  object space 134144K, 74% used [0x00000000f0000000,0x00000000f6136328,0x00000000f8300000)
 Metaspace       used 52903K, capacity 55968K, committed 56192K, reserved 1097728K
  class space    used 6448K, capacity 6998K, committed 7040K, reserved 1048576K
2023-10-03T01:19:25.966+0800: 765.671: [GC (Allocation Failure) [PSYoungGen: 126112K->1184K(126464K)] 225656K->100808K(260608K), 0.0079114 secs] [Times: user=0.04 sys=0.00, real=0.01 secs] 
Heap after GC invocations=898 (full 0):
 PSYoungGen      total 126464K, used 1184K [0x00000000f8300000, 0x0000000100000000, 0x0000000100000000)
  eden space 124928K, 0% used [0x00000000f8300000,0x00000000f8300000,0x00000000ffd00000)
  from space 1536K, 77% used [0x00000000ffe80000,0x00000000fffa8000,0x0000000100000000)
  to   space 1536K, 0% used [0x00000000ffd00000,0x00000000ffd00000,0x00000000ffe80000)
 ParOldGen       total 134144K, used 99624K [0x00000000f0000000, 0x00000000f8300000, 0x00000000f8300000)
  object space 134144K, 74% used [0x00000000f0000000,0x00000000f614a328,0x00000000f8300000)
 Metaspace       used 52903K, capacity 55968K, committed 56192K, reserved 1097728K
  class space    used 6448K, capacity 6998K, committed 7040K, reserved 1048576K
}
{Heap before GC invocations=899 (full 0):
 PSYoungGen      total 126464K, used 126112K [0x00000000f8300000, 0x0000000100000000, 0x0000000100000000)
  eden space 124928K, 100% used [0x00000000f8300000,0x00000000ffd00000,0x00000000ffd00000)
  from space 1536K, 77% used [0x00000000ffe80000,0x00000000fffa8000,0x0000000100000000)
  to   space 1536K, 0% used [0x00000000ffd00000,0x00000000ffd00000,0x00000000ffe80000)
 ParOldGen       total 134144K, used 99624K [0x00000000f0000000, 0x00000000f8300000, 0x00000000f8300000)
  object space 134144K, 74% used [0x00000000f0000000,0x00000000f614a328,0x00000000f8300000)
 Metaspace       used 52903K, capacity 55968K, committed 56192K, reserved 1097728K
  class space    used 6448K, capacity 6998K, committed 7040K, reserved 1048576K
2023-10-03T01:19:26.599+0800: 766.303: [GC (Allocation Failure) [PSYoungGen: 126112K->1152K(126464K)] 225736K->100856K(260608K), 0.0080066 secs] [Times: user=0.05 sys=0.00, real=0.01 secs] 
Heap after GC invocations=899 (full 0):
 PSYoungGen      total 126464K, used 1152K [0x00000000f8300000, 0x0000000100000000, 0x0000000100000000)
  eden space 124928K, 0% used [0x00000000f8300000,0x00000000f8300000,0x00000000ffd00000)
  from space 1536K, 75% used [0x00000000ffd00000,0x00000000ffe20000,0x00000000ffe80000)
  to   space 1536K, 0% used [0x00000000ffe80000,0x00000000ffe80000,0x0000000100000000)
 ParOldGen       total 134144K, used 99704K [0x00000000f0000000, 0x00000000f8300000, 0x00000000f8300000)
  object space 134144K, 74% used [0x00000000f0000000,0x00000000f615e328,0x00000000f8300000)
 Metaspace       used 52903K, capacity 55968K, committed 56192K, reserved 1097728K
  class space    used 6448K, capacity 6998K, committed 7040K, reserved 1048576K
}
{Heap before GC invocations=900 (full 0):
 PSYoungGen      total 126464K, used 126080K [0x00000000f8300000, 0x0000000100000000, 0x0000000100000000)
  eden space 124928K, 100% used [0x00000000f8300000,0x00000000ffd00000,0x00000000ffd00000)
  from space 1536K, 75% used [0x00000000ffd00000,0x00000000ffe20000,0x00000000ffe80000)
  to   space 1536K, 0% used [0x00000000ffe80000,0x00000000ffe80000,0x0000000100000000)
 ParOldGen       total 134144K, used 99704K [0x00000000f0000000, 0x00000000f8300000, 0x00000000f8300000)
  object space 134144K, 74% used [0x00000000f0000000,0x00000000f615e328,0x00000000f8300000)
 Metaspace       used 52903K, capacity 55968K, committed 56192K, reserved 1097728K
  class space    used 6448K, capacity 6998K, committed 7040K, reserved 1048576K
2023-10-03T01:19:27.237+0800: 766.942: [GC (Allocation Failure) [PSYoungGen: 126080K->1216K(126464K)] 225784K->101000K(260608K), 0.0082041 secs] [Times: user=0.05 sys=0.00, real=0.01 secs] 
Heap after GC invocations=900 (full 0):
 PSYoungGen      total 126464K, used 1216K [0x00000000f8300000, 0x0000000100000000, 0x0000000100000000)
  eden space 124928K, 0% used [0x00000000f8300000,0x00000000f8300000,0x00000000ffd00000)
  from space 1536K, 79% used [0x00000000ffe80000,0x00000000fffb0000,0x0000000100000000)
  to   space 1536K, 0% used [0x00000000ffd00000,0x00000000ffd00000,0x00000000ffe80000)
 ParOldGen       total 134144K, used 99784K [0x00000000f0000000, 0x00000000f8300000, 0x00000000f8300000)
  object space 134144K, 74% used [0x00000000f0000000,0x00000000f6172328,0x00000000f8300000)
 Metaspace       used 52903K, capacity 55968K, committed 56192K, reserved 1097728K
  class space    used 6448K, capacity 6998K, committed 7040K, reserved 1048576K
}
{Heap before GC invocations=901 (full 0):
 PSYoungGen      total 126464K, used 126144K [0x00000000f8300000, 0x0000000100000000, 0x0000000100000000)
  eden space 124928K, 100% used [0x00000000f8300000,0x00000000ffd00000,0x00000000ffd00000)
  from space 1536K, 79% used [0x00000000ffe80000,0x00000000fffb0000,0x0000000100000000)
  to   space 1536K, 0% used [0x00000000ffd00000,0x00000000ffd00000,0x00000000ffe80000)
 ParOldGen       total 134144K, used 99784K [0x00000000f0000000, 0x00000000f8300000, 0x00000000f8300000)
  object space 134144K, 74% used [0x00000000f0000000,0x00000000f6172328,0x00000000f8300000)
 Metaspace       used 52907K, capacity 55968K, committed 56192K, reserved 1097728K
  class space    used 6448K, capacity 6998K, committed 7040K, reserved 1048576K
2023-10-03T01:19:27.854+0800: 767.558: [GC (Allocation Failure) [PSYoungGen: 126144K->1216K(126464K)] 225928K->101088K(260608K), 0.0086829 secs] [Times: user=0.05 sys=0.00, real=0.01 secs] 
Heap after GC invocations=901 (full 0):
 PSYoungGen      total 126464K, used 1216K [0x00000000f8300000, 0x0000000100000000, 0x0000000100000000)
  eden space 124928K, 0% used [0x00000000f8300000,0x00000000f8300000,0x00000000ffd00000)
  from space 1536K, 79% used [0x00000000ffd00000,0x00000000ffe30000,0x00000000ffe80000)
  to   space 1536K, 0% used [0x00000000ffe80000,0x00000000ffe80000,0x0000000100000000)
 ParOldGen       total 134144K, used 99872K [0x00000000f0000000, 0x00000000f8300000, 0x00000000f8300000)
  object space 134144K, 74% used [0x00000000f0000000,0x00000000f6188328,0x00000000f8300000)
 Metaspace       used 52907K, capacity 55968K, committed 56192K, reserved 1097728K
  class space    used 6448K, capacity 6998K, committed 7040K, reserved 1048576K
}
{Heap before GC invocations=902 (full 0):
 PSYoungGen      total 126464K, used 126144K [0x00000000f8300000, 0x0000000100000000, 0x0000000100000000)
  eden space 124928K, 100% used [0x00000000f8300000,0x00000000ffd00000,0x00000000ffd00000)
  from space 1536K, 79% used [0x00000000ffd00000,0x00000000ffe30000,0x00000000ffe80000)
  to   space 1536K, 0% used [0x00000000ffe80000,0x00000000ffe80000,0x0000000100000000)
 ParOldGen       total 134144K, used 99872K [0x00000000f0000000, 0x00000000f8300000, 0x00000000f8300000)
  object space 134144K, 74% used [0x00000000f0000000,0x00000000f6188328,0x00000000f8300000)
 Metaspace       used 52907K, capacity 55968K, committed 56192K, reserved 1097728K
  class space    used 6448K, capacity 6998K, committed 7040K, reserved 1048576K
2023-10-03T01:19:28.491+0800: 768.195: [GC (Allocation Failure) [PSYoungGen: 126144K->1216K(126464K)] 226016K->101160K(260608K), 0.0083054 secs] [Times: user=0.05 sys=0.00, real=0.01 secs] 
Heap after GC invocations=902 (full 0):
 PSYoungGen      total 126464K, used 1216K [0x00000000f8300000, 0x0000000100000000, 0x0000000100000000)
  eden space 124928K, 0% used [0x00000000f8300000,0x00000000f8300000,0x00000000ffd00000)
  from space 1536K, 79% used [0x00000000ffe80000,0x00000000fffb0000,0x0000000100000000)
  to   space 1536K, 0% used [0x00000000ffd00000,0x00000000ffd00000,0x00000000ffe80000)
 ParOldGen       total 134144K, used 99944K [0x00000000f0000000, 0x00000000f8300000, 0x00000000f8300000)
  object space 134144K, 74% used [0x00000000f0000000,0x00000000f619a328,0x00000000f8300000)
 Metaspace       used 52907K, capacity 55968K, committed 56192K, reserved 1097728K
  class space    used 6448K, capacity 6998K, committed 7040K, reserved 1048576K
}
{Heap before GC invocations=903 (full 0):
 PSYoungGen      total 126464K, used 126144K [0x00000000f8300000, 0x0000000100000000, 0x0000000100000000)
  eden space 124928K, 100% used [0x00000000f8300000,0x00000000ffd00000,0x00000000ffd00000)
  from space 1536K, 79% used [0x00000000ffe80000,0x00000000fffb0000,0x0000000100000000)
  to   space 1536K, 0% used [0x00000000ffd00000,0x00000000ffd00000,0x00000000ffe80000)
 ParOldGen       total 134144K, used 99944K [0x00000000f0000000, 0x00000000f8300000, 0x00000000f8300000)
  object space 134144K, 74% used [0x00000000f0000000,0x00000000f619a328,0x00000000f8300000)
 Metaspace       used 52907K, capacity 55968K, committed 56192K, reserved 1097728K
  class space    used 6448K, capacity 6998K, committed 7040K, reserved 1048576K
2023-10-03T01:19:29.139+0800: 768.843: [GC (Allocation Failure) [PSYoungGen: 126144K->1216K(126464K)] 226088K->101240K(260608K), 0.0083917 secs] [Times: user=0.05 sys=0.00, real=0.01 secs] 
Heap after GC invocations=903 (full 0):
 PSYoungGen      total 126464K, used 1216K [0x00000000f8300000, 0x0000000100000000, 0x0000000100000000)
  eden space 124928K, 0% used [0x00000000f8300000,0x00000000f8300000,0x00000000ffd00000)
  from space 1536K, 79% used [0x00000000ffd00000,0x00000000ffe30000,0x00000000ffe80000)
  to   space 1536K, 0% used [0x00000000ffe80000,0x00000000ffe80000,0x0000000100000000)
 ParOldGen       total 134144K, used 100024K [0x00000000f0000000, 0x00000000f8300000, 0x00000000f8300000)
  object space 134144K, 74% used [0x00000000f0000000,0x00000000f61ae328,0x00000000f8300000)
 Metaspace       used 52907K, capacity 55968K, committed 56192K, reserved 1097728K
  class space    used 6448K, capacity 6998K, committed 7040K, reserved 1048576K
}
{Heap before GC invocations=904 (full 0):
 PSYoungGen      total 126464K, used 126144K [0x00000000f8300000, 0x0000000100000000, 0x0000000100000000)
  eden space 124928K, 100% used [0x00000000f8300000,0x00000000ffd00000,0x00000000ffd00000)
  from space 1536K, 79% used [0x00000000ffd00000,0x00000000ffe30000,0x00000000ffe80000)
  to   space 1536K, 0% used [0x00000000ffe80000,0x00000000ffe80000,0x0000000100000000)
 ParOldGen       total 134144K, used 100024K [0x00000000f0000000, 0x00000000f8300000, 0x00000000f8300000)
  object space 134144K, 74% used [0x00000000f0000000,0x00000000f61ae328,0x00000000f8300000)
 Metaspace       used 52907K, capacity 55968K, committed 56192K, reserved 1097728K
  class space    used 6448K, capacity 6998K, committed 7040K, reserved 1048576K
2023-10-03T01:19:29.762+0800: 769.467: [GC (Allocation Failure) [PSYoungGen: 126144K->1152K(126464K)] 226168K->101256K(260608K), 0.0084108 secs] [Times: user=0.04 sys=0.00, real=0.00 secs] 
Heap after GC invocations=904 (full 0):
 PSYoungGen      total 126464K, used 1152K [0x00000000f8300000, 0x0000000100000000, 0x0000000100000000)
  eden space 124928K, 0% used [0x00000000f8300000,0x00000000f8300000,0x00000000ffd00000)
  from space 1536K, 75% used [0x00000000ffe80000,0x00000000fffa0000,0x0000000100000000)
  to   space 1536K, 0% used [0x00000000ffd00000,0x00000000ffd00000,0x00000000ffe80000)
 ParOldGen       total 134144K, used 100104K [0x00000000f0000000, 0x00000000f8300000, 0x00000000f8300000)
  object space 134144K, 74% used [0x00000000f0000000,0x00000000f61c2328,0x00000000f8300000)
 Metaspace       used 52907K, capacity 55968K, committed 56192K, reserved 1097728K
  class space    used 6448K, capacity 6998K, committed 7040K, reserved 1048576K
}
{Heap before GC invocations=905 (full 0):
 PSYoungGen      total 126464K, used 126080K [0x00000000f8300000, 0x0000000100000000, 0x0000000100000000)
  eden space 124928K, 100% used [0x00000000f8300000,0x00000000ffd00000,0x00000000ffd00000)
  from space 1536K, 75% used [0x00000000ffe80000,0x00000000fffa0000,0x0000000100000000)
  to   space 1536K, 0% used [0x00000000ffd00000,0x00000000ffd00000,0x00000000ffe80000)
 ParOldGen       total 134144K, used 100104K [0x00000000f0000000, 0x00000000f8300000, 0x00000000f8300000)
  object space 134144K, 74% used [0x00000000f0000000,0x00000000f61c2328,0x00000000f8300000)
 Metaspace       used 52907K, capacity 55968K, committed 56192K, reserved 1097728K
  class space    used 6448K, capacity 6998K, committed 7040K, reserved 1048576K
2023-10-03T01:19:30.369+0800: 770.074: [GC (Allocation Failure) [PSYoungGen: 126080K->1216K(126464K)] 226184K->101400K(260608K), 0.0082582 secs] [Times: user=0.04 sys=0.01, real=0.01 secs] 
Heap after GC invocations=905 (full 0):
 PSYoungGen      total 126464K, used 1216K [0x00000000f8300000, 0x0000000100000000, 0x0000000100000000)
  eden space 124928K, 0% used [0x00000000f8300000,0x00000000f8300000,0x00000000ffd00000)
  from space 1536K, 79% used [0x00000000ffd00000,0x00000000ffe30000,0x00000000ffe80000)
  to   space 1536K, 0% used [0x00000000ffe80000,0x00000000ffe80000,0x0000000100000000)
 ParOldGen       total 134144K, used 100184K [0x00000000f0000000, 0x00000000f8300000, 0x00000000f8300000)
  object space 134144K, 74% used [0x00000000f0000000,0x00000000f61d6328,0x00000000f8300000)
 Metaspace       used 52907K, capacity 55968K, committed 56192K, reserved 1097728K
  class space    used 6448K, capacity 6998K, committed 7040K, reserved 1048576K
}
{Heap before GC invocations=906 (full 0):
 PSYoungGen      total 126464K, used 126144K [0x00000000f8300000, 0x0000000100000000, 0x0000000100000000)
  eden space 124928K, 100% used [0x00000000f8300000,0x00000000ffd00000,0x00000000ffd00000)
  from space 1536K, 79% used [0x00000000ffd00000,0x00000000ffe30000,0x00000000ffe80000)
  to   space 1536K, 0% used [0x00000000ffe80000,0x00000000ffe80000,0x0000000100000000)
 ParOldGen       total 134144K, used 100184K [0x00000000f0000000, 0x00000000f8300000, 0x00000000f8300000)
  object space 134144K, 74% used [0x00000000f0000000,0x00000000f61d6328,0x00000000f8300000)
 Metaspace       used 52907K, capacity 55968K, committed 56192K, reserved 1097728K
  class space    used 6448K, capacity 6998K, committed 7040K, reserved 1048576K
2023-10-03T01:19:31.006+0800: 770.711: [GC (Allocation Failure) [PSYoungGen: 126144K->1152K(126464K)] 226328K->101408K(260608K), 0.0081316 secs] [Times: user=0.05 sys=0.01, real=0.01 secs] 
Heap after GC invocations=906 (full 0):
 PSYoungGen      total 126464K, used 1152K [0x00000000f8300000, 0x0000000100000000, 0x0000000100000000)
  eden space 124928K, 0% used [0x00000000f8300000,0x00000000f8300000,0x00000000ffd00000)
  from space 1536K, 75% used [0x00000000ffe80000,0x00000000fffa0000,0x0000000100000000)
  to   space 1536K, 0% used [0x00000000ffd00000,0x00000000ffd00000,0x00000000ffe80000)
 ParOldGen       total 134144K, used 100256K [0x00000000f0000000, 0x00000000f8300000, 0x00000000f8300000)
  object space 134144K, 74% used [0x00000000f0000000,0x00000000f61e8328,0x00000000f8300000)
 Metaspace       used 52907K, capacity 55968K, committed 56192K, reserved 1097728K
  class space    used 6448K, capacity 6998K, committed 7040K, reserved 1048576K
}
{Heap before GC invocations=907 (full 0):
 PSYoungGen      total 126464K, used 126080K [0x00000000f8300000, 0x0000000100000000, 0x0000000100000000)
  eden space 124928K, 100% used [0x00000000f8300000,0x00000000ffd00000,0x00000000ffd00000)
  from space 1536K, 75% used [0x00000000ffe80000,0x00000000fffa0000,0x0000000100000000)
  to   space 1536K, 0% used [0x00000000ffd00000,0x00000000ffd00000,0x00000000ffe80000)
 ParOldGen       total 134144K, used 100256K [0x00000000f0000000, 0x00000000f8300000, 0x00000000f8300000)
  object space 134144K, 74% used [0x00000000f0000000,0x00000000f61e8328,0x00000000f8300000)
 Metaspace       used 52907K, capacity 55968K, committed 56192K, reserved 1097728K
  class space    used 6448K, capacity 6998K, committed 7040K, reserved 1048576K
2023-10-03T01:19:31.637+0800: 771.342: [GC (Allocation Failure) [PSYoungGen: 126080K->1152K(126464K)] 226336K->101488K(260608K), 0.0082756 secs] [Times: user=0.04 sys=0.00, real=0.01 secs] 
Heap after GC invocations=907 (full 0):
 PSYoungGen      total 126464K, used 1152K [0x00000000f8300000, 0x0000000100000000, 0x0000000100000000)
  eden space 124928K, 0% used [0x00000000f8300000,0x00000000f8300000,0x00000000ffd00000)
  from space 1536K, 75% used [0x00000000ffd00000,0x00000000ffe20000,0x00000000ffe80000)
  to   space 1536K, 0% used [0x00000000ffe80000,0x00000000ffe80000,0x0000000100000000)
 ParOldGen       total 134144K, used 100336K [0x00000000f0000000, 0x00000000f8300000, 0x00000000f8300000)
  object space 134144K, 74% used [0x00000000f0000000,0x00000000f61fc328,0x00000000f8300000)
 Metaspace       used 52907K, capacity 55968K, committed 56192K, reserved 1097728K
  class space    used 6448K, capacity 6998K, committed 7040K, reserved 1048576K
}
{Heap before GC invocations=908 (full 0):
 PSYoungGen      total 126464K, used 126080K [0x00000000f8300000, 0x0000000100000000, 0x0000000100000000)
  eden space 124928K, 100% used [0x00000000f8300000,0x00000000ffd00000,0x00000000ffd00000)
  from space 1536K, 75% used [0x00000000ffd00000,0x00000000ffe20000,0x00000000ffe80000)
  to   space 1536K, 0% used [0x00000000ffe80000,0x00000000ffe80000,0x0000000100000000)
 ParOldGen       total 134144K, used 100336K [0x00000000f0000000, 0x00000000f8300000, 0x00000000f8300000)
  object space 134144K, 74% used [0x00000000f0000000,0x00000000f61fc328,0x00000000f8300000)
 Metaspace       used 52908K, capacity 55968K, committed 56192K, reserved 1097728K
  class space    used 6448K, capacity 6998K, committed 7040K, reserved 1048576K
2023-10-03T01:19:32.272+0800: 771.977: [GC (Allocation Failure) [PSYoungGen: 126080K->1216K(126464K)] 226416K->101640K(260608K), 0.0090133 secs] [Times: user=0.05 sys=0.00, real=0.00 secs] 
Heap after GC invocations=908 (full 0):
 PSYoungGen      total 126464K, used 1216K [0x00000000f8300000, 0x0000000100000000, 0x0000000100000000)
  eden space 124928K, 0% used [0x00000000f8300000,0x00000000f8300000,0x00000000ffd00000)
  from space 1536K, 79% used [0x00000000ffe80000,0x00000000fffb0000,0x0000000100000000)
  to   space 1536K, 0% used [0x00000000ffd00000,0x00000000ffd00000,0x00000000ffe80000)
 ParOldGen       total 134144K, used 100424K [0x00000000f0000000, 0x00000000f8300000, 0x00000000f8300000)
  object space 134144K, 74% used [0x00000000f0000000,0x00000000f6212328,0x00000000f8300000)
 Metaspace       used 52908K, capacity 55968K, committed 56192K, reserved 1097728K
  class space    used 6448K, capacity 6998K, committed 7040K, reserved 1048576K
}
{Heap before GC invocations=909 (full 0):
 PSYoungGen      total 126464K, used 126144K [0x00000000f8300000, 0x0000000100000000, 0x0000000100000000)
  eden space 124928K, 100% used [0x00000000f8300000,0x00000000ffd00000,0x00000000ffd00000)
  from space 1536K, 79% used [0x00000000ffe80000,0x00000000fffb0000,0x0000000100000000)
  to   space 1536K, 0% used [0x00000000ffd00000,0x00000000ffd00000,0x00000000ffe80000)
 ParOldGen       total 134144K, used 100424K [0x00000000f0000000, 0x00000000f8300000, 0x00000000f8300000)
  object space 134144K, 74% used [0x00000000f0000000,0x00000000f6212328,0x00000000f8300000)
 Metaspace       used 52908K, capacity 55968K, committed 56192K, reserved 1097728K
  class space    used 6448K, capacity 6998K, committed 7040K, reserved 1048576K
2023-10-03T01:19:32.900+0800: 772.605: [GC (Allocation Failure) [PSYoungGen: 126144K->1152K(126464K)] 226568K->101664K(260608K), 0.0082009 secs] [Times: user=0.05 sys=0.00, real=0.01 secs] 
Heap after GC invocations=909 (full 0):
 PSYoungGen      total 126464K, used 1152K [0x00000000f8300000, 0x0000000100000000, 0x0000000100000000)
  eden space 124928K, 0% used [0x00000000f8300000,0x00000000f8300000,0x00000000ffd00000)
  from space 1536K, 75% used [0x00000000ffd00000,0x00000000ffe20000,0x00000000ffe80000)
  to   space 1536K, 0% used [0x00000000ffe80000,0x00000000ffe80000,0x0000000100000000)
 ParOldGen       total 134144K, used 100512K [0x00000000f0000000, 0x00000000f8300000, 0x00000000f8300000)
  object space 134144K, 74% used [0x00000000f0000000,0x00000000f6228328,0x00000000f8300000)
 Metaspace       used 52908K, capacity 55968K, committed 56192K, reserved 1097728K
  class space    used 6448K, capacity 6998K, committed 7040K, reserved 1048576K
}
{Heap before GC invocations=910 (full 0):
 PSYoungGen      total 126464K, used 126080K [0x00000000f8300000, 0x0000000100000000, 0x0000000100000000)
  eden space 124928K, 100% used [0x00000000f8300000,0x00000000ffd00000,0x00000000ffd00000)
  from space 1536K, 75% used [0x00000000ffd00000,0x00000000ffe20000,0x00000000ffe80000)
  to   space 1536K, 0% used [0x00000000ffe80000,0x00000000ffe80000,0x0000000100000000)
 ParOldGen       total 134144K, used 100512K [0x00000000f0000000, 0x00000000f8300000, 0x00000000f8300000)
  object space 134144K, 74% used [0x00000000f0000000,0x00000000f6228328,0x00000000f8300000)
 Metaspace       used 52908K, capacity 55968K, committed 56192K, reserved 1097728K
  class space    used 6448K, capacity 6998K, committed 7040K, reserved 1048576K
2023-10-03T01:19:33.539+0800: 773.244: [GC (Allocation Failure) [PSYoungGen: 126080K->1120K(126464K)] 226592K->101712K(260608K), 0.0084213 secs] [Times: user=0.04 sys=0.00, real=0.01 secs] 
Heap after GC invocations=910 (full 0):
 PSYoungGen      total 126464K, used 1120K [0x00000000f8300000, 0x0000000100000000, 0x0000000100000000)
  eden space 124928K, 0% used [0x00000000f8300000,0x00000000f8300000,0x00000000ffd00000)
  from space 1536K, 72% used [0x00000000ffe80000,0x00000000fff98000,0x0000000100000000)
  to   space 1536K, 0% used [0x00000000ffd00000,0x00000000ffd00000,0x00000000ffe80000)
 ParOldGen       total 134144K, used 100592K [0x00000000f0000000, 0x00000000f8300000, 0x00000000f8300000)
  object space 134144K, 74% used [0x00000000f0000000,0x00000000f623c328,0x00000000f8300000)
 Metaspace       used 52908K, capacity 55968K, committed 56192K, reserved 1097728K
  class space    used 6448K, capacity 6998K, committed 7040K, reserved 1048576K
}
{Heap before GC invocations=911 (full 0):
 PSYoungGen      total 126464K, used 126048K [0x00000000f8300000, 0x0000000100000000, 0x0000000100000000)
  eden space 124928K, 100% used [0x00000000f8300000,0x00000000ffd00000,0x00000000ffd00000)
  from space 1536K, 72% used [0x00000000ffe80000,0x00000000fff98000,0x0000000100000000)
  to   space 1536K, 0% used [0x00000000ffd00000,0x00000000ffd00000,0x00000000ffe80000)
 ParOldGen       total 134144K, used 100592K [0x00000000f0000000, 0x00000000f8300000, 0x00000000f8300000)
  object space 134144K, 74% used [0x00000000f0000000,0x00000000f623c328,0x00000000f8300000)
 Metaspace       used 52908K, capacity 55968K, committed 56192K, reserved 1097728K
  class space    used 6448K, capacity 6998K, committed 7040K, reserved 1048576K
2023-10-03T01:19:34.176+0800: 773.880: [GC (Allocation Failure) [PSYoungGen: 126048K->1152K(126464K)] 226640K->101824K(260608K), 0.0081666 secs] [Times: user=0.04 sys=0.00, real=0.01 secs] 
Heap after GC invocations=911 (full 0):
 PSYoungGen      total 126464K, used 1152K [0x00000000f8300000, 0x0000000100000000, 0x0000000100000000)
  eden space 124928K, 0% used [0x00000000f8300000,0x00000000f8300000,0x00000000ffd00000)
  from space 1536K, 75% used [0x00000000ffd00000,0x00000000ffe20000,0x00000000ffe80000)
  to   space 1536K, 0% used [0x00000000ffe80000,0x00000000ffe80000,0x0000000100000000)
 ParOldGen       total 134144K, used 100672K [0x00000000f0000000, 0x00000000f8300000, 0x00000000f8300000)
  object space 134144K, 75% used [0x00000000f0000000,0x00000000f6250328,0x00000000f8300000)
 Metaspace       used 52908K, capacity 55968K, committed 56192K, reserved 1097728K
  class space    used 6448K, capacity 6998K, committed 7040K, reserved 1048576K
}
{Heap before GC invocations=912 (full 0):
 PSYoungGen      total 126464K, used 126080K [0x00000000f8300000, 0x0000000100000000, 0x0000000100000000)
  eden space 124928K, 100% used [0x00000000f8300000,0x00000000ffd00000,0x00000000ffd00000)
  from space 1536K, 75% used [0x00000000ffd00000,0x00000000ffe20000,0x00000000ffe80000)
  to   space 1536K, 0% used [0x00000000ffe80000,0x00000000ffe80000,0x0000000100000000)
 ParOldGen       total 134144K, used 100672K [0x00000000f0000000, 0x00000000f8300000, 0x00000000f8300000)
  object space 134144K, 75% used [0x00000000f0000000,0x00000000f6250328,0x00000000f8300000)
 Metaspace       used 52908K, capacity 55968K, committed 56192K, reserved 1097728K
  class space    used 6448K, capacity 6998K, committed 7040K, reserved 1048576K
2023-10-03T01:19:34.805+0800: 774.510: [GC (Allocation Failure) [PSYoungGen: 126080K->1184K(126464K)] 226752K->101936K(260608K), 0.0075854 secs] [Times: user=0.04 sys=0.00, real=0.01 secs] 
Heap after GC invocations=912 (full 0):
 PSYoungGen      total 126464K, used 1184K [0x00000000f8300000, 0x0000000100000000, 0x0000000100000000)
  eden space 124928K, 0% used [0x00000000f8300000,0x00000000f8300000,0x00000000ffd00000)
  from space 1536K, 77% used [0x00000000ffe80000,0x00000000fffa8000,0x0000000100000000)
  to   space 1536K, 0% used [0x00000000ffd00000,0x00000000ffd00000,0x00000000ffe80000)
 ParOldGen       total 134144K, used 100752K [0x00000000f0000000, 0x00000000f8300000, 0x00000000f8300000)
  object space 134144K, 75% used [0x00000000f0000000,0x00000000f6264328,0x00000000f8300000)
 Metaspace       used 52908K, capacity 55968K, committed 56192K, reserved 1097728K
  class space    used 6448K, capacity 6998K, committed 7040K, reserved 1048576K
}
{Heap before GC invocations=913 (full 0):
 PSYoungGen      total 126464K, used 126112K [0x00000000f8300000, 0x0000000100000000, 0x0000000100000000)
  eden space 124928K, 100% used [0x00000000f8300000,0x00000000ffd00000,0x00000000ffd00000)
  from space 1536K, 77% used [0x00000000ffe80000,0x00000000fffa8000,0x0000000100000000)
  to   space 1536K, 0% used [0x00000000ffd00000,0x00000000ffd00000,0x00000000ffe80000)
 ParOldGen       total 134144K, used 100752K [0x00000000f0000000, 0x00000000f8300000, 0x00000000f8300000)
  object space 134144K, 75% used [0x00000000f0000000,0x00000000f6264328,0x00000000f8300000)
 Metaspace       used 52908K, capacity 55968K, committed 56192K, reserved 1097728K
  class space    used 6448K, capacity 6998K, committed 7040K, reserved 1048576K
2023-10-03T01:19:35.441+0800: 775.146: [GC (Allocation Failure) [PSYoungGen: 126112K->1184K(126464K)] 226864K->102016K(260608K), 0.0082357 secs] [Times: user=0.04 sys=0.01, real=0.01 secs] 
Heap after GC invocations=913 (full 0):
 PSYoungGen      total 126464K, used 1184K [0x00000000f8300000, 0x0000000100000000, 0x0000000100000000)
  eden space 124928K, 0% used [0x00000000f8300000,0x00000000f8300000,0x00000000ffd00000)
  from space 1536K, 77% used [0x00000000ffd00000,0x00000000ffe28000,0x00000000ffe80000)
  to   space 1536K, 0% used [0x00000000ffe80000,0x00000000ffe80000,0x0000000100000000)
 ParOldGen       total 134144K, used 100832K [0x00000000f0000000, 0x00000000f8300000, 0x00000000f8300000)
  object space 134144K, 75% used [0x00000000f0000000,0x00000000f6278328,0x00000000f8300000)
 Metaspace       used 52908K, capacity 55968K, committed 56192K, reserved 1097728K
  class space    used 6448K, capacity 6998K, committed 7040K, reserved 1048576K
}
{Heap before GC invocations=914 (full 0):
 PSYoungGen      total 126464K, used 126112K [0x00000000f8300000, 0x0000000100000000, 0x0000000100000000)
  eden space 124928K, 100% used [0x00000000f8300000,0x00000000ffd00000,0x00000000ffd00000)
  from space 1536K, 77% used [0x00000000ffd00000,0x00000000ffe28000,0x00000000ffe80000)
  to   space 1536K, 0% used [0x00000000ffe80000,0x00000000ffe80000,0x0000000100000000)
 ParOldGen       total 134144K, used 100832K [0x00000000f0000000, 0x00000000f8300000, 0x00000000f8300000)
  object space 134144K, 75% used [0x00000000f0000000,0x00000000f6278328,0x00000000f8300000)
 Metaspace       used 52908K, capacity 55968K, committed 56192K, reserved 1097728K
  class space    used 6448K, capacity 6998K, committed 7040K, reserved 1048576K
2023-10-03T01:19:36.085+0800: 775.790: [GC (Allocation Failure) [PSYoungGen: 126112K->1184K(126464K)] 226944K->102096K(260608K), 0.0083395 secs] [Times: user=0.04 sys=0.01, real=0.01 secs] 
Heap after GC invocations=914 (full 0):
 PSYoungGen      total 126464K, used 1184K [0x00000000f8300000, 0x0000000100000000, 0x0000000100000000)
  eden space 124928K, 0% used [0x00000000f8300000,0x00000000f8300000,0x00000000ffd00000)
  from space 1536K, 77% used [0x00000000ffe80000,0x00000000fffa8000,0x0000000100000000)
  to   space 1536K, 0% used [0x00000000ffd00000,0x00000000ffd00000,0x00000000ffe80000)
 ParOldGen       total 134144K, used 100912K [0x00000000f0000000, 0x00000000f8300000, 0x00000000f8300000)
  object space 134144K, 75% used [0x00000000f0000000,0x00000000f628c328,0x00000000f8300000)
 Metaspace       used 52908K, capacity 55968K, committed 56192K, reserved 1097728K
  class space    used 6448K, capacity 6998K, committed 7040K, reserved 1048576K
}
{Heap before GC invocations=915 (full 0):
 PSYoungGen      total 126464K, used 126112K [0x00000000f8300000, 0x0000000100000000, 0x0000000100000000)
  eden space 124928K, 100% used [0x00000000f8300000,0x00000000ffd00000,0x00000000ffd00000)
  from space 1536K, 77% used [0x00000000ffe80000,0x00000000fffa8000,0x0000000100000000)
  to   space 1536K, 0% used [0x00000000ffd00000,0x00000000ffd00000,0x00000000ffe80000)
 ParOldGen       total 134144K, used 100912K [0x00000000f0000000, 0x00000000f8300000, 0x00000000f8300000)
  object space 134144K, 75% used [0x00000000f0000000,0x00000000f628c328,0x00000000f8300000)
 Metaspace       used 52908K, capacity 55968K, committed 56192K, reserved 1097728K
  class space    used 6448K, capacity 6998K, committed 7040K, reserved 1048576K
2023-10-03T01:19:36.719+0800: 776.423: [GC (Allocation Failure) [PSYoungGen: 126112K->1152K(126464K)] 227024K->102152K(260608K), 0.0086096 secs] [Times: user=0.04 sys=0.00, real=0.01 secs] 
Heap after GC invocations=915 (full 0):
 PSYoungGen      total 126464K, used 1152K [0x00000000f8300000, 0x0000000100000000, 0x0000000100000000)
  eden space 124928K, 0% used [0x00000000f8300000,0x00000000f8300000,0x00000000ffd00000)
  from space 1536K, 75% used [0x00000000ffd00000,0x00000000ffe20000,0x00000000ffe80000)
  to   space 1536K, 0% used [0x00000000ffe80000,0x00000000ffe80000,0x0000000100000000)
 ParOldGen       total 134144K, used 101000K [0x00000000f0000000, 0x00000000f8300000, 0x00000000f8300000)
  object space 134144K, 75% used [0x00000000f0000000,0x00000000f62a2328,0x00000000f8300000)
 Metaspace       used 52908K, capacity 55968K, committed 56192K, reserved 1097728K
  class space    used 6448K, capacity 6998K, committed 7040K, reserved 1048576K
}
{Heap before GC invocations=916 (full 0):
 PSYoungGen      total 126464K, used 126080K [0x00000000f8300000, 0x0000000100000000, 0x0000000100000000)
  eden space 124928K, 100% used [0x00000000f8300000,0x00000000ffd00000,0x00000000ffd00000)
  from space 1536K, 75% used [0x00000000ffd00000,0x00000000ffe20000,0x00000000ffe80000)
  to   space 1536K, 0% used [0x00000000ffe80000,0x00000000ffe80000,0x0000000100000000)
 ParOldGen       total 134144K, used 101000K [0x00000000f0000000, 0x00000000f8300000, 0x00000000f8300000)
  object space 134144K, 75% used [0x00000000f0000000,0x00000000f62a2328,0x00000000f8300000)
 Metaspace       used 52908K, capacity 55968K, committed 56192K, reserved 1097728K
  class space    used 6448K, capacity 6998K, committed 7040K, reserved 1048576K
2023-10-03T01:19:37.355+0800: 777.060: [GC (Allocation Failure) [PSYoungGen: 126080K->1184K(126464K)] 227080K->102264K(260608K), 0.0082970 secs] [Times: user=0.04 sys=0.00, real=0.01 secs] 
Heap after GC invocations=916 (full 0):
 PSYoungGen      total 126464K, used 1184K [0x00000000f8300000, 0x0000000100000000, 0x0000000100000000)
  eden space 124928K, 0% used [0x00000000f8300000,0x00000000f8300000,0x00000000ffd00000)
  from space 1536K, 77% used [0x00000000ffe80000,0x00000000fffa8000,0x0000000100000000)
  to   space 1536K, 0% used [0x00000000ffd00000,0x00000000ffd00000,0x00000000ffe80000)
 ParOldGen       total 134144K, used 101080K [0x00000000f0000000, 0x00000000f8300000, 0x00000000f8300000)
  object space 134144K, 75% used [0x00000000f0000000,0x00000000f62b6328,0x00000000f8300000)
 Metaspace       used 52908K, capacity 55968K, committed 56192K, reserved 1097728K
  class space    used 6448K, capacity 6998K, committed 7040K, reserved 1048576K
}
{Heap before GC invocations=917 (full 0):
 PSYoungGen      total 126464K, used 126112K [0x00000000f8300000, 0x0000000100000000, 0x0000000100000000)
  eden space 124928K, 100% used [0x00000000f8300000,0x00000000ffd00000,0x00000000ffd00000)
  from space 1536K, 77% used [0x00000000ffe80000,0x00000000fffa8000,0x0000000100000000)
  to   space 1536K, 0% used [0x00000000ffd00000,0x00000000ffd00000,0x00000000ffe80000)
 ParOldGen       total 134144K, used 101080K [0x00000000f0000000, 0x00000000f8300000, 0x00000000f8300000)
  object space 134144K, 75% used [0x00000000f0000000,0x00000000f62b6328,0x00000000f8300000)
 Metaspace       used 52908K, capacity 55968K, committed 56192K, reserved 1097728K
  class space    used 6448K, capacity 6998K, committed 7040K, reserved 1048576K
2023-10-03T01:19:37.980+0800: 777.684: [GC (Allocation Failure) [PSYoungGen: 126112K->1184K(126464K)] 227192K->102344K(260608K), 0.0087755 secs] [Times: user=0.06 sys=0.00, real=0.01 secs] 
Heap after GC invocations=917 (full 0):
 PSYoungGen      total 126464K, used 1184K [0x00000000f8300000, 0x0000000100000000, 0x0000000100000000)
  eden space 124928K, 0% used [0x00000000f8300000,0x00000000f8300000,0x00000000ffd00000)
  from space 1536K, 77% used [0x00000000ffd00000,0x00000000ffe28000,0x00000000ffe80000)
  to   space 1536K, 0% used [0x00000000ffe80000,0x00000000ffe80000,0x0000000100000000)
 ParOldGen       total 134144K, used 101160K [0x00000000f0000000, 0x00000000f8300000, 0x00000000f8300000)
  object space 134144K, 75% used [0x00000000f0000000,0x00000000f62ca328,0x00000000f8300000)
 Metaspace       used 52908K, capacity 55968K, committed 56192K, reserved 1097728K
  class space    used 6448K, capacity 6998K, committed 7040K, reserved 1048576K
}
{Heap before GC invocations=918 (full 0):
 PSYoungGen      total 126464K, used 126112K [0x00000000f8300000, 0x0000000100000000, 0x0000000100000000)
  eden space 124928K, 100% used [0x00000000f8300000,0x00000000ffd00000,0x00000000ffd00000)
  from space 1536K, 77% used [0x00000000ffd00000,0x00000000ffe28000,0x00000000ffe80000)
  to   space 1536K, 0% used [0x00000000ffe80000,0x00000000ffe80000,0x0000000100000000)
 ParOldGen       total 134144K, used 101160K [0x00000000f0000000, 0x00000000f8300000, 0x00000000f8300000)
  object space 134144K, 75% used [0x00000000f0000000,0x00000000f62ca328,0x00000000f8300000)
 Metaspace       used 52908K, capacity 55968K, committed 56192K, reserved 1097728K
  class space    used 6448K, capacity 6998K, committed 7040K, reserved 1048576K
2023-10-03T01:19:38.625+0800: 778.329: [GC (Allocation Failure) [PSYoungGen: 126112K->1216K(126464K)] 227272K->102456K(260608K), 0.0086421 secs] [Times: user=0.06 sys=0.00, real=0.01 secs] 
Heap after GC invocations=918 (full 0):
 PSYoungGen      total 126464K, used 1216K [0x00000000f8300000, 0x0000000100000000, 0x0000000100000000)
  eden space 124928K, 0% used [0x00000000f8300000,0x00000000f8300000,0x00000000ffd00000)
  from space 1536K, 79% used [0x00000000ffe80000,0x00000000fffb0000,0x0000000100000000)
  to   space 1536K, 0% used [0x00000000ffd00000,0x00000000ffd00000,0x00000000ffe80000)
 ParOldGen       total 134144K, used 101240K [0x00000000f0000000, 0x00000000f8300000, 0x00000000f8300000)
  object space 134144K, 75% used [0x00000000f0000000,0x00000000f62de328,0x00000000f8300000)
 Metaspace       used 52908K, capacity 55968K, committed 56192K, reserved 1097728K
  class space    used 6448K, capacity 6998K, committed 7040K, reserved 1048576K
}
{Heap before GC invocations=919 (full 0):
 PSYoungGen      total 126464K, used 126144K [0x00000000f8300000, 0x0000000100000000, 0x0000000100000000)
  eden space 124928K, 100% used [0x00000000f8300000,0x00000000ffd00000,0x00000000ffd00000)
  from space 1536K, 79% used [0x00000000ffe80000,0x00000000fffb0000,0x0000000100000000)
  to   space 1536K, 0% used [0x00000000ffd00000,0x00000000ffd00000,0x00000000ffe80000)
 ParOldGen       total 134144K, used 101240K [0x00000000f0000000, 0x00000000f8300000, 0x00000000f8300000)
  object space 134144K, 75% used [0x00000000f0000000,0x00000000f62de328,0x00000000f8300000)
 Metaspace       used 52908K, capacity 55968K, committed 56192K, reserved 1097728K
  class space    used 6448K, capacity 6998K, committed 7040K, reserved 1048576K
2023-10-03T01:19:39.262+0800: 778.966: [GC (Allocation Failure) [PSYoungGen: 126144K->1152K(126464K)] 227384K->102472K(260608K), 0.0083186 secs] [Times: user=0.04 sys=0.01, real=0.01 secs] 
Heap after GC invocations=919 (full 0):
 PSYoungGen      total 126464K, used 1152K [0x00000000f8300000, 0x0000000100000000, 0x0000000100000000)
  eden space 124928K, 0% used [0x00000000f8300000,0x00000000f8300000,0x00000000ffd00000)
  from space 1536K, 75% used [0x00000000ffd00000,0x00000000ffe20000,0x00000000ffe80000)
  to   space 1536K, 0% used [0x00000000ffe80000,0x00000000ffe80000,0x0000000100000000)
 ParOldGen       total 134144K, used 101320K [0x00000000f0000000, 0x00000000f8300000, 0x00000000f8300000)
  object space 134144K, 75% used [0x00000000f0000000,0x00000000f62f2328,0x00000000f8300000)
 Metaspace       used 52908K, capacity 55968K, committed 56192K, reserved 1097728K
  class space    used 6448K, capacity 6998K, committed 7040K, reserved 1048576K
}
{Heap before GC invocations=920 (full 0):
 PSYoungGen      total 126464K, used 126080K [0x00000000f8300000, 0x0000000100000000, 0x0000000100000000)
  eden space 124928K, 100% used [0x00000000f8300000,0x00000000ffd00000,0x00000000ffd00000)
  from space 1536K, 75% used [0x00000000ffd00000,0x00000000ffe20000,0x00000000ffe80000)
  to   space 1536K, 0% used [0x00000000ffe80000,0x00000000ffe80000,0x0000000100000000)
 ParOldGen       total 134144K, used 101320K [0x00000000f0000000, 0x00000000f8300000, 0x00000000f8300000)
  object space 134144K, 75% used [0x00000000f0000000,0x00000000f62f2328,0x00000000f8300000)
 Metaspace       used 52908K, capacity 55968K, committed 56192K, reserved 1097728K
  class space    used 6448K, capacity 6998K, committed 7040K, reserved 1048576K
2023-10-03T01:19:39.894+0800: 779.599: [GC (Allocation Failure) [PSYoungGen: 126080K->1056K(126464K)] 227400K->102456K(260608K), 0.0080311 secs] [Times: user=0.05 sys=0.00, real=0.01 secs] 
Heap after GC invocations=920 (full 0):
 PSYoungGen      total 126464K, used 1056K [0x00000000f8300000, 0x0000000100000000, 0x0000000100000000)
  eden space 124928K, 0% used [0x00000000f8300000,0x00000000f8300000,0x00000000ffd00000)
  from space 1536K, 68% used [0x00000000ffe80000,0x00000000fff88000,0x0000000100000000)
  to   space 1536K, 0% used [0x00000000ffd00000,0x00000000ffd00000,0x00000000ffe80000)
 ParOldGen       total 134144K, used 101400K [0x00000000f0000000, 0x00000000f8300000, 0x00000000f8300000)
  object space 134144K, 75% used [0x00000000f0000000,0x00000000f6306328,0x00000000f8300000)
 Metaspace       used 52908K, capacity 55968K, committed 56192K, reserved 1097728K
  class space    used 6448K, capacity 6998K, committed 7040K, reserved 1048576K
}
{Heap before GC invocations=921 (full 0):
 PSYoungGen      total 126464K, used 125984K [0x00000000f8300000, 0x0000000100000000, 0x0000000100000000)
  eden space 124928K, 100% used [0x00000000f8300000,0x00000000ffd00000,0x00000000ffd00000)
  from space 1536K, 68% used [0x00000000ffe80000,0x00000000fff88000,0x0000000100000000)
  to   space 1536K, 0% used [0x00000000ffd00000,0x00000000ffd00000,0x00000000ffe80000)
 ParOldGen       total 134144K, used 101400K [0x00000000f0000000, 0x00000000f8300000, 0x00000000f8300000)
  object space 134144K, 75% used [0x00000000f0000000,0x00000000f6306328,0x00000000f8300000)
 Metaspace       used 52908K, capacity 55968K, committed 56192K, reserved 1097728K
  class space    used 6448K, capacity 6998K, committed 7040K, reserved 1048576K
2023-10-03T01:19:40.515+0800: 780.220: [GC (Allocation Failure) [PSYoungGen: 125984K->1216K(126464K)] 227384K->102680K(260608K), 0.0082165 secs] [Times: user=0.05 sys=0.00, real=0.01 secs] 
Heap after GC invocations=921 (full 0):
 PSYoungGen      total 126464K, used 1216K [0x00000000f8300000, 0x0000000100000000, 0x0000000100000000)
  eden space 124928K, 0% used [0x00000000f8300000,0x00000000f8300000,0x00000000ffd00000)
  from space 1536K, 79% used [0x00000000ffd00000,0x00000000ffe30000,0x00000000ffe80000)
  to   space 1536K, 0% used [0x00000000ffe80000,0x00000000ffe80000,0x0000000100000000)
 ParOldGen       total 134144K, used 101464K [0x00000000f0000000, 0x00000000f8300000, 0x00000000f8300000)
  object space 134144K, 75% used [0x00000000f0000000,0x00000000f6316328,0x00000000f8300000)
 Metaspace       used 52908K, capacity 55968K, committed 56192K, reserved 1097728K
  class space    used 6448K, capacity 6998K, committed 7040K, reserved 1048576K
}
{Heap before GC invocations=922 (full 0):
 PSYoungGen      total 126464K, used 126144K [0x00000000f8300000, 0x0000000100000000, 0x0000000100000000)
  eden space 124928K, 100% used [0x00000000f8300000,0x00000000ffd00000,0x00000000ffd00000)
  from space 1536K, 79% used [0x00000000ffd00000,0x00000000ffe30000,0x00000000ffe80000)
  to   space 1536K, 0% used [0x00000000ffe80000,0x00000000ffe80000,0x0000000100000000)
 ParOldGen       total 134144K, used 101464K [0x00000000f0000000, 0x00000000f8300000, 0x00000000f8300000)
  object space 134144K, 75% used [0x00000000f0000000,0x00000000f6316328,0x00000000f8300000)
 Metaspace       used 52908K, capacity 55968K, committed 56192K, reserved 1097728K
  class space    used 6448K, capacity 6998K, committed 7040K, reserved 1048576K
2023-10-03T01:19:41.147+0800: 780.852: [GC (Allocation Failure) [PSYoungGen: 126144K->1120K(126464K)] 227608K->102728K(260608K), 0.0082420 secs] [Times: user=0.05 sys=0.00, real=0.01 secs] 
Heap after GC invocations=922 (full 0):
 PSYoungGen      total 126464K, used 1120K [0x00000000f8300000, 0x0000000100000000, 0x0000000100000000)
  eden space 124928K, 0% used [0x00000000f8300000,0x00000000f8300000,0x00000000ffd00000)
  from space 1536K, 72% used [0x00000000ffe80000,0x00000000fff98000,0x0000000100000000)
  to   space 1536K, 0% used [0x00000000ffd00000,0x00000000ffd00000,0x00000000ffe80000)
 ParOldGen       total 134144K, used 101608K [0x00000000f0000000, 0x00000000f8300000, 0x00000000f8300000)
  object space 134144K, 75% used [0x00000000f0000000,0x00000000f633a3a8,0x00000000f8300000)
 Metaspace       used 52908K, capacity 55968K, committed 56192K, reserved 1097728K
  class space    used 6448K, capacity 6998K, committed 7040K, reserved 1048576K
}
{Heap before GC invocations=923 (full 0):
 PSYoungGen      total 126464K, used 126048K [0x00000000f8300000, 0x0000000100000000, 0x0000000100000000)
  eden space 124928K, 100% used [0x00000000f8300000,0x00000000ffd00000,0x00000000ffd00000)
  from space 1536K, 72% used [0x00000000ffe80000,0x00000000fff98000,0x0000000100000000)
  to   space 1536K, 0% used [0x00000000ffd00000,0x00000000ffd00000,0x00000000ffe80000)
 ParOldGen       total 134144K, used 101608K [0x00000000f0000000, 0x00000000f8300000, 0x00000000f8300000)
  object space 134144K, 75% used [0x00000000f0000000,0x00000000f633a3a8,0x00000000f8300000)
 Metaspace       used 52908K, capacity 55968K, committed 56192K, reserved 1097728K
  class space    used 6448K, capacity 6998K, committed 7040K, reserved 1048576K
2023-10-03T01:19:41.779+0800: 781.483: [GC (Allocation Failure) [PSYoungGen: 126048K->1184K(126464K)] 227656K->102872K(260608K), 0.0084212 secs] [Times: user=0.05 sys=0.01, real=0.01 secs] 
Heap after GC invocations=923 (full 0):
 PSYoungGen      total 126464K, used 1184K [0x00000000f8300000, 0x0000000100000000, 0x0000000100000000)
  eden space 124928K, 0% used [0x00000000f8300000,0x00000000f8300000,0x00000000ffd00000)
  from space 1536K, 77% used [0x00000000ffd00000,0x00000000ffe28000,0x00000000ffe80000)
  to   space 1536K, 0% used [0x00000000ffe80000,0x00000000ffe80000,0x0000000100000000)
 ParOldGen       total 134144K, used 101688K [0x00000000f0000000, 0x00000000f8300000, 0x00000000f8300000)
  object space 134144K, 75% used [0x00000000f0000000,0x00000000f634e3a8,0x00000000f8300000)
 Metaspace       used 52908K, capacity 55968K, committed 56192K, reserved 1097728K
  class space    used 6448K, capacity 6998K, committed 7040K, reserved 1048576K
}
{Heap before GC invocations=924 (full 0):
 PSYoungGen      total 126464K, used 126112K [0x00000000f8300000, 0x0000000100000000, 0x0000000100000000)
  eden space 124928K, 100% used [0x00000000f8300000,0x00000000ffd00000,0x00000000ffd00000)
  from space 1536K, 77% used [0x00000000ffd00000,0x00000000ffe28000,0x00000000ffe80000)
  to   space 1536K, 0% used [0x00000000ffe80000,0x00000000ffe80000,0x0000000100000000)
 ParOldGen       total 134144K, used 101688K [0x00000000f0000000, 0x00000000f8300000, 0x00000000f8300000)
  object space 134144K, 75% used [0x00000000f0000000,0x00000000f634e3a8,0x00000000f8300000)
 Metaspace       used 52908K, capacity 55968K, committed 56192K, reserved 1097728K
  class space    used 6448K, capacity 6998K, committed 7040K, reserved 1048576K
2023-10-03T01:19:42.411+0800: 782.116: [GC (Allocation Failure) [PSYoungGen: 126112K->1184K(126464K)] 227800K->102960K(260608K), 0.0082502 secs] [Times: user=0.05 sys=0.00, real=0.01 secs] 
Heap after GC invocations=924 (full 0):
 PSYoungGen      total 126464K, used 1184K [0x00000000f8300000, 0x0000000100000000, 0x0000000100000000)
  eden space 124928K, 0% used [0x00000000f8300000,0x00000000f8300000,0x00000000ffd00000)
  from space 1536K, 77% used [0x00000000ffe80000,0x00000000fffa8000,0x0000000100000000)
  to   space 1536K, 0% used [0x00000000ffd00000,0x00000000ffd00000,0x00000000ffe80000)
 ParOldGen       total 134144K, used 101776K [0x00000000f0000000, 0x00000000f8300000, 0x00000000f8300000)
  object space 134144K, 75% used [0x00000000f0000000,0x00000000f63643a8,0x00000000f8300000)
 Metaspace       used 52908K, capacity 55968K, committed 56192K, reserved 1097728K
  class space    used 6448K, capacity 6998K, committed 7040K, reserved 1048576K
}
{Heap before GC invocations=925 (full 0):
 PSYoungGen      total 126464K, used 126112K [0x00000000f8300000, 0x0000000100000000, 0x0000000100000000)
  eden space 124928K, 100% used [0x00000000f8300000,0x00000000ffd00000,0x00000000ffd00000)
  from space 1536K, 77% used [0x00000000ffe80000,0x00000000fffa8000,0x0000000100000000)
  to   space 1536K, 0% used [0x00000000ffd00000,0x00000000ffd00000,0x00000000ffe80000)
 ParOldGen       total 134144K, used 101776K [0x00000000f0000000, 0x00000000f8300000, 0x00000000f8300000)
  object space 134144K, 75% used [0x00000000f0000000,0x00000000f63643a8,0x00000000f8300000)
 Metaspace       used 52908K, capacity 55968K, committed 56192K, reserved 1097728K
  class space    used 6448K, capacity 6998K, committed 7040K, reserved 1048576K
2023-10-03T01:19:43.033+0800: 782.738: [GC (Allocation Failure) [PSYoungGen: 126112K->1152K(126464K)] 227888K->103008K(260608K), 0.0079428 secs] [Times: user=0.04 sys=0.00, real=0.00 secs] 
Heap after GC invocations=925 (full 0):
 PSYoungGen      total 126464K, used 1152K [0x00000000f8300000, 0x0000000100000000, 0x0000000100000000)
  eden space 124928K, 0% used [0x00000000f8300000,0x00000000f8300000,0x00000000ffd00000)
  from space 1536K, 75% used [0x00000000ffd00000,0x00000000ffe20000,0x00000000ffe80000)
  to   space 1536K, 0% used [0x00000000ffe80000,0x00000000ffe80000,0x0000000100000000)
 ParOldGen       total 134144K, used 101856K [0x00000000f0000000, 0x00000000f8300000, 0x00000000f8300000)
  object space 134144K, 75% used [0x00000000f0000000,0x00000000f63783a8,0x00000000f8300000)
 Metaspace       used 52908K, capacity 55968K, committed 56192K, reserved 1097728K
  class space    used 6448K, capacity 6998K, committed 7040K, reserved 1048576K
}
{Heap before GC invocations=926 (full 0):
 PSYoungGen      total 126464K, used 126080K [0x00000000f8300000, 0x0000000100000000, 0x0000000100000000)
  eden space 124928K, 100% used [0x00000000f8300000,0x00000000ffd00000,0x00000000ffd00000)
  from space 1536K, 75% used [0x00000000ffd00000,0x00000000ffe20000,0x00000000ffe80000)
  to   space 1536K, 0% used [0x00000000ffe80000,0x00000000ffe80000,0x0000000100000000)
 ParOldGen       total 134144K, used 101856K [0x00000000f0000000, 0x00000000f8300000, 0x00000000f8300000)
  object space 134144K, 75% used [0x00000000f0000000,0x00000000f63783a8,0x00000000f8300000)
 Metaspace       used 52908K, capacity 55968K, committed 56192K, reserved 1097728K
  class space    used 6448K, capacity 6998K, committed 7040K, reserved 1048576K
2023-10-03T01:19:43.668+0800: 783.373: [GC (Allocation Failure) [PSYoungGen: 126080K->1152K(126464K)] 227936K->103080K(260608K), 0.0079952 secs] [Times: user=0.05 sys=0.00, real=0.01 secs] 
Heap after GC invocations=926 (full 0):
 PSYoungGen      total 126464K, used 1152K [0x00000000f8300000, 0x0000000100000000, 0x0000000100000000)
  eden space 124928K, 0% used [0x00000000f8300000,0x00000000f8300000,0x00000000ffd00000)
  from space 1536K, 75% used [0x00000000ffe80000,0x00000000fffa0000,0x0000000100000000)
  to   space 1536K, 0% used [0x00000000ffd00000,0x00000000ffd00000,0x00000000ffe80000)
 ParOldGen       total 134144K, used 101928K [0x00000000f0000000, 0x00000000f8300000, 0x00000000f8300000)
  object space 134144K, 75% used [0x00000000f0000000,0x00000000f638a3a8,0x00000000f8300000)
 Metaspace       used 52908K, capacity 55968K, committed 56192K, reserved 1097728K
  class space    used 6448K, capacity 6998K, committed 7040K, reserved 1048576K
}
{Heap before GC invocations=927 (full 0):
 PSYoungGen      total 126464K, used 126080K [0x00000000f8300000, 0x0000000100000000, 0x0000000100000000)
  eden space 124928K, 100% used [0x00000000f8300000,0x00000000ffd00000,0x00000000ffd00000)
  from space 1536K, 75% used [0x00000000ffe80000,0x00000000fffa0000,0x0000000100000000)
  to   space 1536K, 0% used [0x00000000ffd00000,0x00000000ffd00000,0x00000000ffe80000)
 ParOldGen       total 134144K, used 101928K [0x00000000f0000000, 0x00000000f8300000, 0x00000000f8300000)
  object space 134144K, 75% used [0x00000000f0000000,0x00000000f638a3a8,0x00000000f8300000)
 Metaspace       used 52908K, capacity 55968K, committed 56192K, reserved 1097728K
  class space    used 6448K, capacity 6998K, committed 7040K, reserved 1048576K
2023-10-03T01:19:44.307+0800: 784.011: [GC (Allocation Failure) [PSYoungGen: 126080K->1184K(126464K)] 228008K->103184K(260608K), 0.0083490 secs] [Times: user=0.05 sys=0.00, real=0.01 secs] 
Heap after GC invocations=927 (full 0):
 PSYoungGen      total 126464K, used 1184K [0x00000000f8300000, 0x0000000100000000, 0x0000000100000000)
  eden space 124928K, 0% used [0x00000000f8300000,0x00000000f8300000,0x00000000ffd00000)
  from space 1536K, 77% used [0x00000000ffd00000,0x00000000ffe28000,0x00000000ffe80000)
  to   space 1536K, 0% used [0x00000000ffe80000,0x00000000ffe80000,0x0000000100000000)
 ParOldGen       total 134144K, used 102000K [0x00000000f0000000, 0x00000000f8300000, 0x00000000f8300000)
  object space 134144K, 76% used [0x00000000f0000000,0x00000000f639c3a8,0x00000000f8300000)
 Metaspace       used 52908K, capacity 55968K, committed 56192K, reserved 1097728K
  class space    used 6448K, capacity 6998K, committed 7040K, reserved 1048576K
}
{Heap before GC invocations=928 (full 0):
 PSYoungGen      total 126464K, used 126112K [0x00000000f8300000, 0x0000000100000000, 0x0000000100000000)
  eden space 124928K, 100% used [0x00000000f8300000,0x00000000ffd00000,0x00000000ffd00000)
  from space 1536K, 77% used [0x00000000ffd00000,0x00000000ffe28000,0x00000000ffe80000)
  to   space 1536K, 0% used [0x00000000ffe80000,0x00000000ffe80000,0x0000000100000000)
 ParOldGen       total 134144K, used 102000K [0x00000000f0000000, 0x00000000f8300000, 0x00000000f8300000)
  object space 134144K, 76% used [0x00000000f0000000,0x00000000f639c3a8,0x00000000f8300000)
 Metaspace       used 52908K, capacity 55968K, committed 56192K, reserved 1097728K
  class space    used 6448K, capacity 6998K, committed 7040K, reserved 1048576K
2023-10-03T01:19:44.931+0800: 784.635: [GC (Allocation Failure) [PSYoungGen: 126112K->1184K(126464K)] 228112K->103264K(260608K), 0.0079444 secs] [Times: user=0.05 sys=0.00, real=0.01 secs] 
Heap after GC invocations=928 (full 0):
 PSYoungGen      total 126464K, used 1184K [0x00000000f8300000, 0x0000000100000000, 0x0000000100000000)
  eden space 124928K, 0% used [0x00000000f8300000,0x00000000f8300000,0x00000000ffd00000)
  from space 1536K, 77% used [0x00000000ffe80000,0x00000000fffa8000,0x0000000100000000)
  to   space 1536K, 0% used [0x00000000ffd00000,0x00000000ffd00000,0x00000000ffe80000)
 ParOldGen       total 134144K, used 102080K [0x00000000f0000000, 0x00000000f8300000, 0x00000000f8300000)
  object space 134144K, 76% used [0x00000000f0000000,0x00000000f63b03a8,0x00000000f8300000)
 Metaspace       used 52908K, capacity 55968K, committed 56192K, reserved 1097728K
  class space    used 6448K, capacity 6998K, committed 7040K, reserved 1048576K
}
{Heap before GC invocations=929 (full 0):
 PSYoungGen      total 126464K, used 126112K [0x00000000f8300000, 0x0000000100000000, 0x0000000100000000)
  eden space 124928K, 100% used [0x00000000f8300000,0x00000000ffd00000,0x00000000ffd00000)
  from space 1536K, 77% used [0x00000000ffe80000,0x00000000fffa8000,0x0000000100000000)
  to   space 1536K, 0% used [0x00000000ffd00000,0x00000000ffd00000,0x00000000ffe80000)
 ParOldGen       total 134144K, used 102080K [0x00000000f0000000, 0x00000000f8300000, 0x00000000f8300000)
  object space 134144K, 76% used [0x00000000f0000000,0x00000000f63b03a8,0x00000000f8300000)
 Metaspace       used 52908K, capacity 55968K, committed 56192K, reserved 1097728K
  class space    used 6448K, capacity 6998K, committed 7040K, reserved 1048576K
2023-10-03T01:19:45.565+0800: 785.270: [GC (Allocation Failure) [PSYoungGen: 126112K->1216K(126464K)] 228192K->103368K(260608K), 0.0084046 secs] [Times: user=0.05 sys=0.01, real=0.01 secs] 
Heap after GC invocations=929 (full 0):
 PSYoungGen      total 126464K, used 1216K [0x00000000f8300000, 0x0000000100000000, 0x0000000100000000)
  eden space 124928K, 0% used [0x00000000f8300000,0x00000000f8300000,0x00000000ffd00000)
  from space 1536K, 79% used [0x00000000ffd00000,0x00000000ffe30000,0x00000000ffe80000)
  to   space 1536K, 0% used [0x00000000ffe80000,0x00000000ffe80000,0x0000000100000000)
 ParOldGen       total 134144K, used 102152K [0x00000000f0000000, 0x00000000f8300000, 0x00000000f8300000)
  object space 134144K, 76% used [0x00000000f0000000,0x00000000f63c23a8,0x00000000f8300000)
 Metaspace       used 52908K, capacity 55968K, committed 56192K, reserved 1097728K
  class space    used 6448K, capacity 6998K, committed 7040K, reserved 1048576K
}
{Heap before GC invocations=930 (full 0):
 PSYoungGen      total 126464K, used 126144K [0x00000000f8300000, 0x0000000100000000, 0x0000000100000000)
  eden space 124928K, 100% used [0x00000000f8300000,0x00000000ffd00000,0x00000000ffd00000)
  from space 1536K, 79% used [0x00000000ffd00000,0x00000000ffe30000,0x00000000ffe80000)
  to   space 1536K, 0% used [0x00000000ffe80000,0x00000000ffe80000,0x0000000100000000)
 ParOldGen       total 134144K, used 102152K [0x00000000f0000000, 0x00000000f8300000, 0x00000000f8300000)
  object space 134144K, 76% used [0x00000000f0000000,0x00000000f63c23a8,0x00000000f8300000)
 Metaspace       used 52908K, capacity 55968K, committed 56192K, reserved 1097728K
  class space    used 6448K, capacity 6998K, committed 7040K, reserved 1048576K
2023-10-03T01:19:46.197+0800: 785.902: [GC (Allocation Failure) [PSYoungGen: 126144K->1184K(126464K)] 228296K->103416K(260608K), 0.0077471 secs] [Times: user=0.05 sys=0.00, real=0.01 secs] 
Heap after GC invocations=930 (full 0):
 PSYoungGen      total 126464K, used 1184K [0x00000000f8300000, 0x0000000100000000, 0x0000000100000000)
  eden space 124928K, 0% used [0x00000000f8300000,0x00000000f8300000,0x00000000ffd00000)
  from space 1536K, 77% used [0x00000000ffe80000,0x00000000fffa8000,0x0000000100000000)
  to   space 1536K, 0% used [0x00000000ffd00000,0x00000000ffd00000,0x00000000ffe80000)
 ParOldGen       total 134144K, used 102232K [0x00000000f0000000, 0x00000000f8300000, 0x00000000f8300000)
  object space 134144K, 76% used [0x00000000f0000000,0x00000000f63d63a8,0x00000000f8300000)
 Metaspace       used 52908K, capacity 55968K, committed 56192K, reserved 1097728K
  class space    used 6448K, capacity 6998K, committed 7040K, reserved 1048576K
}
{Heap before GC invocations=931 (full 0):
 PSYoungGen      total 126464K, used 126112K [0x00000000f8300000, 0x0000000100000000, 0x0000000100000000)
  eden space 124928K, 100% used [0x00000000f8300000,0x00000000ffd00000,0x00000000ffd00000)
  from space 1536K, 77% used [0x00000000ffe80000,0x00000000fffa8000,0x0000000100000000)
  to   space 1536K, 0% used [0x00000000ffd00000,0x00000000ffd00000,0x00000000ffe80000)
 ParOldGen       total 134144K, used 102232K [0x00000000f0000000, 0x00000000f8300000, 0x00000000f8300000)
  object space 134144K, 76% used [0x00000000f0000000,0x00000000f63d63a8,0x00000000f8300000)
 Metaspace       used 52908K, capacity 55968K, committed 56192K, reserved 1097728K
  class space    used 6448K, capacity 6998K, committed 7040K, reserved 1048576K
2023-10-03T01:19:46.834+0800: 786.538: [GC (Allocation Failure) [PSYoungGen: 126112K->1152K(126464K)] 228344K->103472K(260608K), 0.0079564 secs] [Times: user=0.05 sys=0.00, real=0.00 secs] 
Heap after GC invocations=931 (full 0):
 PSYoungGen      total 126464K, used 1152K [0x00000000f8300000, 0x0000000100000000, 0x0000000100000000)
  eden space 124928K, 0% used [0x00000000f8300000,0x00000000f8300000,0x00000000ffd00000)
  from space 1536K, 75% used [0x00000000ffd00000,0x00000000ffe20000,0x00000000ffe80000)
  to   space 1536K, 0% used [0x00000000ffe80000,0x00000000ffe80000,0x0000000100000000)
 ParOldGen       total 134144K, used 102320K [0x00000000f0000000, 0x00000000f8300000, 0x00000000f8300000)
  object space 134144K, 76% used [0x00000000f0000000,0x00000000f63ec3a8,0x00000000f8300000)
 Metaspace       used 52908K, capacity 55968K, committed 56192K, reserved 1097728K
  class space    used 6448K, capacity 6998K, committed 7040K, reserved 1048576K
}
{Heap before GC invocations=932 (full 0):
 PSYoungGen      total 126464K, used 126080K [0x00000000f8300000, 0x0000000100000000, 0x0000000100000000)
  eden space 124928K, 100% used [0x00000000f8300000,0x00000000ffd00000,0x00000000ffd00000)
  from space 1536K, 75% used [0x00000000ffd00000,0x00000000ffe20000,0x00000000ffe80000)
  to   space 1536K, 0% used [0x00000000ffe80000,0x00000000ffe80000,0x0000000100000000)
 ParOldGen       total 134144K, used 102320K [0x00000000f0000000, 0x00000000f8300000, 0x00000000f8300000)
  object space 134144K, 76% used [0x00000000f0000000,0x00000000f63ec3a8,0x00000000f8300000)
 Metaspace       used 52908K, capacity 55968K, committed 56192K, reserved 1097728K
  class space    used 6448K, capacity 6998K, committed 7040K, reserved 1048576K
2023-10-03T01:19:47.466+0800: 787.170: [GC (Allocation Failure) [PSYoungGen: 126080K->1152K(126464K)] 228400K->103552K(260608K), 0.0084708 secs] [Times: user=0.04 sys=0.00, real=0.01 secs] 
Heap after GC invocations=932 (full 0):
 PSYoungGen      total 126464K, used 1152K [0x00000000f8300000, 0x0000000100000000, 0x0000000100000000)
  eden space 124928K, 0% used [0x00000000f8300000,0x00000000f8300000,0x00000000ffd00000)
  from space 1536K, 75% used [0x00000000ffe80000,0x00000000fffa0000,0x0000000100000000)
  to   space 1536K, 0% used [0x00000000ffd00000,0x00000000ffd00000,0x00000000ffe80000)
 ParOldGen       total 134144K, used 102400K [0x00000000f0000000, 0x00000000f8300000, 0x00000000f8300000)
  object space 134144K, 76% used [0x00000000f0000000,0x00000000f64003a8,0x00000000f8300000)
 Metaspace       used 52908K, capacity 55968K, committed 56192K, reserved 1097728K
  class space    used 6448K, capacity 6998K, committed 7040K, reserved 1048576K
}
{Heap before GC invocations=933 (full 0):
 PSYoungGen      total 126464K, used 126080K [0x00000000f8300000, 0x0000000100000000, 0x0000000100000000)
  eden space 124928K, 100% used [0x00000000f8300000,0x00000000ffd00000,0x00000000ffd00000)
  from space 1536K, 75% used [0x00000000ffe80000,0x00000000fffa0000,0x0000000100000000)
  to   space 1536K, 0% used [0x00000000ffd00000,0x00000000ffd00000,0x00000000ffe80000)
 ParOldGen       total 134144K, used 102400K [0x00000000f0000000, 0x00000000f8300000, 0x00000000f8300000)
  object space 134144K, 76% used [0x00000000f0000000,0x00000000f64003a8,0x00000000f8300000)
 Metaspace       used 52908K, capacity 55968K, committed 56192K, reserved 1097728K
  class space    used 6448K, capacity 6998K, committed 7040K, reserved 1048576K
2023-10-03T01:19:48.089+0800: 787.793: [GC (Allocation Failure) [PSYoungGen: 126080K->1184K(126464K)] 228480K->103672K(260608K), 0.0091274 secs] [Times: user=0.05 sys=0.01, real=0.01 secs] 
Heap after GC invocations=933 (full 0):
 PSYoungGen      total 126464K, used 1184K [0x00000000f8300000, 0x0000000100000000, 0x0000000100000000)
  eden space 124928K, 0% used [0x00000000f8300000,0x00000000f8300000,0x00000000ffd00000)
  from space 1536K, 77% used [0x00000000ffd00000,0x00000000ffe28000,0x00000000ffe80000)
  to   space 1536K, 0% used [0x00000000ffe80000,0x00000000ffe80000,0x0000000100000000)
 ParOldGen       total 134144K, used 102488K [0x00000000f0000000, 0x00000000f8300000, 0x00000000f8300000)
  object space 134144K, 76% used [0x00000000f0000000,0x00000000f64163a8,0x00000000f8300000)
 Metaspace       used 52908K, capacity 55968K, committed 56192K, reserved 1097728K
  class space    used 6448K, capacity 6998K, committed 7040K, reserved 1048576K
}
{Heap before GC invocations=934 (full 0):
 PSYoungGen      total 126464K, used 126112K [0x00000000f8300000, 0x0000000100000000, 0x0000000100000000)
  eden space 124928K, 100% used [0x00000000f8300000,0x00000000ffd00000,0x00000000ffd00000)
  from space 1536K, 77% used [0x00000000ffd00000,0x00000000ffe28000,0x00000000ffe80000)
  to   space 1536K, 0% used [0x00000000ffe80000,0x00000000ffe80000,0x0000000100000000)
 ParOldGen       total 134144K, used 102488K [0x00000000f0000000, 0x00000000f8300000, 0x00000000f8300000)
  object space 134144K, 76% used [0x00000000f0000000,0x00000000f64163a8,0x00000000f8300000)
 Metaspace       used 52908K, capacity 55968K, committed 56192K, reserved 1097728K
  class space    used 6448K, capacity 6998K, committed 7040K, reserved 1048576K
2023-10-03T01:19:48.728+0800: 788.432: [GC (Allocation Failure) [PSYoungGen: 126112K->1152K(126464K)] 228600K->103720K(260608K), 0.0084531 secs] [Times: user=0.05 sys=0.00, real=0.01 secs] 
Heap after GC invocations=934 (full 0):
 PSYoungGen      total 126464K, used 1152K [0x00000000f8300000, 0x0000000100000000, 0x0000000100000000)
  eden space 124928K, 0% used [0x00000000f8300000,0x00000000f8300000,0x00000000ffd00000)
  from space 1536K, 75% used [0x00000000ffe80000,0x00000000fffa0000,0x0000000100000000)
  to   space 1536K, 0% used [0x00000000ffd00000,0x00000000ffd00000,0x00000000ffe80000)
 ParOldGen       total 134144K, used 102568K [0x00000000f0000000, 0x00000000f8300000, 0x00000000f8300000)
  object space 134144K, 76% used [0x00000000f0000000,0x00000000f642a3a8,0x00000000f8300000)
 Metaspace       used 52908K, capacity 55968K, committed 56192K, reserved 1097728K
  class space    used 6448K, capacity 6998K, committed 7040K, reserved 1048576K
}
{Heap before GC invocations=935 (full 0):
 PSYoungGen      total 126464K, used 126080K [0x00000000f8300000, 0x0000000100000000, 0x0000000100000000)
  eden space 124928K, 100% used [0x00000000f8300000,0x00000000ffd00000,0x00000000ffd00000)
  from space 1536K, 75% used [0x00000000ffe80000,0x00000000fffa0000,0x0000000100000000)
  to   space 1536K, 0% used [0x00000000ffd00000,0x00000000ffd00000,0x00000000ffe80000)
 ParOldGen       total 134144K, used 102568K [0x00000000f0000000, 0x00000000f8300000, 0x00000000f8300000)
  object space 134144K, 76% used [0x00000000f0000000,0x00000000f642a3a8,0x00000000f8300000)
 Metaspace       used 52908K, capacity 55968K, committed 56192K, reserved 1097728K
  class space    used 6448K, capacity 6998K, committed 7040K, reserved 1048576K
2023-10-03T01:19:49.368+0800: 789.073: [GC (Allocation Failure) [PSYoungGen: 126080K->1184K(126464K)] 228648K->103832K(260608K), 0.0080191 secs] [Times: user=0.05 sys=0.01, real=0.01 secs] 
Heap after GC invocations=935 (full 0):
 PSYoungGen      total 126464K, used 1184K [0x00000000f8300000, 0x0000000100000000, 0x0000000100000000)
  eden space 124928K, 0% used [0x00000000f8300000,0x00000000f8300000,0x00000000ffd00000)
  from space 1536K, 77% used [0x00000000ffd00000,0x00000000ffe28000,0x00000000ffe80000)
  to   space 1536K, 0% used [0x00000000ffe80000,0x00000000ffe80000,0x0000000100000000)
 ParOldGen       total 134144K, used 102648K [0x00000000f0000000, 0x00000000f8300000, 0x00000000f8300000)
  object space 134144K, 76% used [0x00000000f0000000,0x00000000f643e3a8,0x00000000f8300000)
 Metaspace       used 52908K, capacity 55968K, committed 56192K, reserved 1097728K
  class space    used 6448K, capacity 6998K, committed 7040K, reserved 1048576K
}
{Heap before GC invocations=936 (full 0):
 PSYoungGen      total 126464K, used 126112K [0x00000000f8300000, 0x0000000100000000, 0x0000000100000000)
  eden space 124928K, 100% used [0x00000000f8300000,0x00000000ffd00000,0x00000000ffd00000)
  from space 1536K, 77% used [0x00000000ffd00000,0x00000000ffe28000,0x00000000ffe80000)
  to   space 1536K, 0% used [0x00000000ffe80000,0x00000000ffe80000,0x0000000100000000)
 ParOldGen       total 134144K, used 102648K [0x00000000f0000000, 0x00000000f8300000, 0x00000000f8300000)
  object space 134144K, 76% used [0x00000000f0000000,0x00000000f643e3a8,0x00000000f8300000)
 Metaspace       used 52908K, capacity 55968K, committed 56192K, reserved 1097728K
  class space    used 6448K, capacity 6998K, committed 7040K, reserved 1048576K
2023-10-03T01:19:49.997+0800: 789.701: [GC (Allocation Failure) [PSYoungGen: 126112K->1216K(126464K)] 228760K->103944K(260608K), 0.0084081 secs] [Times: user=0.05 sys=0.00, real=0.01 secs] 
Heap after GC invocations=936 (full 0):
 PSYoungGen      total 126464K, used 1216K [0x00000000f8300000, 0x0000000100000000, 0x0000000100000000)
  eden space 124928K, 0% used [0x00000000f8300000,0x00000000f8300000,0x00000000ffd00000)
  from space 1536K, 79% used [0x00000000ffe80000,0x00000000fffb0000,0x0000000100000000)
  to   space 1536K, 0% used [0x00000000ffd00000,0x00000000ffd00000,0x00000000ffe80000)
 ParOldGen       total 134144K, used 102728K [0x00000000f0000000, 0x00000000f8300000, 0x00000000f8300000)
  object space 134144K, 76% used [0x00000000f0000000,0x00000000f64523a8,0x00000000f8300000)
 Metaspace       used 52908K, capacity 55968K, committed 56192K, reserved 1097728K
  class space    used 6448K, capacity 6998K, committed 7040K, reserved 1048576K
}
{Heap before GC invocations=937 (full 0):
 PSYoungGen      total 126464K, used 126144K [0x00000000f8300000, 0x0000000100000000, 0x0000000100000000)
  eden space 124928K, 100% used [0x00000000f8300000,0x00000000ffd00000,0x00000000ffd00000)
  from space 1536K, 79% used [0x00000000ffe80000,0x00000000fffb0000,0x0000000100000000)
  to   space 1536K, 0% used [0x00000000ffd00000,0x00000000ffd00000,0x00000000ffe80000)
 ParOldGen       total 134144K, used 102728K [0x00000000f0000000, 0x00000000f8300000, 0x00000000f8300000)
  object space 134144K, 76% used [0x00000000f0000000,0x00000000f64523a8,0x00000000f8300000)
 Metaspace       used 52908K, capacity 55968K, committed 56192K, reserved 1097728K
  class space    used 6448K, capacity 6998K, committed 7040K, reserved 1048576K
2023-10-03T01:19:50.611+0800: 790.316: [GC (Allocation Failure) [PSYoungGen: 126144K->1248K(126464K)] 228872K->104056K(260608K), 0.0081932 secs] [Times: user=0.05 sys=0.00, real=0.01 secs] 
Heap after GC invocations=937 (full 0):
 PSYoungGen      total 126464K, used 1248K [0x00000000f8300000, 0x0000000100000000, 0x0000000100000000)
  eden space 124928K, 0% used [0x00000000f8300000,0x00000000f8300000,0x00000000ffd00000)
  from space 1536K, 81% used [0x00000000ffd00000,0x00000000ffe38000,0x00000000ffe80000)
  to   space 1536K, 0% used [0x00000000ffe80000,0x00000000ffe80000,0x0000000100000000)
 ParOldGen       total 134144K, used 102808K [0x00000000f0000000, 0x00000000f8300000, 0x00000000f8300000)
  object space 134144K, 76% used [0x00000000f0000000,0x00000000f64663a8,0x00000000f8300000)
 Metaspace       used 52908K, capacity 55968K, committed 56192K, reserved 1097728K
  class space    used 6448K, capacity 6998K, committed 7040K, reserved 1048576K
}
{Heap before GC invocations=938 (full 0):
 PSYoungGen      total 126464K, used 126176K [0x00000000f8300000, 0x0000000100000000, 0x0000000100000000)
  eden space 124928K, 100% used [0x00000000f8300000,0x00000000ffd00000,0x00000000ffd00000)
  from space 1536K, 81% used [0x00000000ffd00000,0x00000000ffe38000,0x00000000ffe80000)
  to   space 1536K, 0% used [0x00000000ffe80000,0x00000000ffe80000,0x0000000100000000)
 ParOldGen       total 134144K, used 102808K [0x00000000f0000000, 0x00000000f8300000, 0x00000000f8300000)
  object space 134144K, 76% used [0x00000000f0000000,0x00000000f64663a8,0x00000000f8300000)
 Metaspace       used 52908K, capacity 55968K, committed 56192K, reserved 1097728K
  class space    used 6448K, capacity 6998K, committed 7040K, reserved 1048576K
2023-10-03T01:19:51.249+0800: 790.954: [GC (Allocation Failure) [PSYoungGen: 126176K->1152K(126464K)] 228984K->104040K(260608K), 0.0081062 secs] [Times: user=0.05 sys=0.00, real=0.02 secs] 
Heap after GC invocations=938 (full 0):
 PSYoungGen      total 126464K, used 1152K [0x00000000f8300000, 0x0000000100000000, 0x0000000100000000)
  eden space 124928K, 0% used [0x00000000f8300000,0x00000000f8300000,0x00000000ffd00000)
  from space 1536K, 75% used [0x00000000ffe80000,0x00000000fffa0000,0x0000000100000000)
  to   space 1536K, 0% used [0x00000000ffd00000,0x00000000ffd00000,0x00000000ffe80000)
 ParOldGen       total 134144K, used 102888K [0x00000000f0000000, 0x00000000f8300000, 0x00000000f8300000)
  object space 134144K, 76% used [0x00000000f0000000,0x00000000f647a3a8,0x00000000f8300000)
 Metaspace       used 52908K, capacity 55968K, committed 56192K, reserved 1097728K
  class space    used 6448K, capacity 6998K, committed 7040K, reserved 1048576K
}
{Heap before GC invocations=939 (full 0):
 PSYoungGen      total 126464K, used 126080K [0x00000000f8300000, 0x0000000100000000, 0x0000000100000000)
  eden space 124928K, 100% used [0x00000000f8300000,0x00000000ffd00000,0x00000000ffd00000)
  from space 1536K, 75% used [0x00000000ffe80000,0x00000000fffa0000,0x0000000100000000)
  to   space 1536K, 0% used [0x00000000ffd00000,0x00000000ffd00000,0x00000000ffe80000)
 ParOldGen       total 134144K, used 102888K [0x00000000f0000000, 0x00000000f8300000, 0x00000000f8300000)
  object space 134144K, 76% used [0x00000000f0000000,0x00000000f647a3a8,0x00000000f8300000)
 Metaspace       used 52908K, capacity 55968K, committed 56192K, reserved 1097728K
  class space    used 6448K, capacity 6998K, committed 7040K, reserved 1048576K
2023-10-03T01:19:51.881+0800: 791.586: [GC (Allocation Failure) [PSYoungGen: 126080K->1152K(126464K)] 228968K->104112K(260608K), 0.0084408 secs] [Times: user=0.05 sys=0.00, real=0.01 secs] 
Heap after GC invocations=939 (full 0):
 PSYoungGen      total 126464K, used 1152K [0x00000000f8300000, 0x0000000100000000, 0x0000000100000000)
  eden space 124928K, 0% used [0x00000000f8300000,0x00000000f8300000,0x00000000ffd00000)
  from space 1536K, 75% used [0x00000000ffd00000,0x00000000ffe20000,0x00000000ffe80000)
  to   space 1536K, 0% used [0x00000000ffe80000,0x00000000ffe80000,0x0000000100000000)
 ParOldGen       total 134144K, used 102960K [0x00000000f0000000, 0x00000000f8300000, 0x00000000f8300000)
  object space 134144K, 76% used [0x00000000f0000000,0x00000000f648c3a8,0x00000000f8300000)
 Metaspace       used 52908K, capacity 55968K, committed 56192K, reserved 1097728K
  class space    used 6448K, capacity 6998K, committed 7040K, reserved 1048576K
}
{Heap before GC invocations=940 (full 0):
 PSYoungGen      total 126464K, used 126080K [0x00000000f8300000, 0x0000000100000000, 0x0000000100000000)
  eden space 124928K, 100% used [0x00000000f8300000,0x00000000ffd00000,0x00000000ffd00000)
  from space 1536K, 75% used [0x00000000ffd00000,0x00000000ffe20000,0x00000000ffe80000)
  to   space 1536K, 0% used [0x00000000ffe80000,0x00000000ffe80000,0x0000000100000000)
 ParOldGen       total 134144K, used 102960K [0x00000000f0000000, 0x00000000f8300000, 0x00000000f8300000)
  object space 134144K, 76% used [0x00000000f0000000,0x00000000f648c3a8,0x00000000f8300000)
 Metaspace       used 52908K, capacity 55968K, committed 56192K, reserved 1097728K
  class space    used 6448K, capacity 6998K, committed 7040K, reserved 1048576K
2023-10-03T01:19:52.521+0800: 792.225: [GC (Allocation Failure) [PSYoungGen: 126080K->1152K(126464K)] 229040K->104184K(260608K), 0.0081592 secs] [Times: user=0.05 sys=0.00, real=0.01 secs] 
Heap after GC invocations=940 (full 0):
 PSYoungGen      total 126464K, used 1152K [0x00000000f8300000, 0x0000000100000000, 0x0000000100000000)
  eden space 124928K, 0% used [0x00000000f8300000,0x00000000f8300000,0x00000000ffd00000)
  from space 1536K, 75% used [0x00000000ffe80000,0x00000000fffa0000,0x0000000100000000)
  to   space 1536K, 0% used [0x00000000ffd00000,0x00000000ffd00000,0x00000000ffe80000)
 ParOldGen       total 134144K, used 103032K [0x00000000f0000000, 0x00000000f8300000, 0x00000000f8300000)
  object space 134144K, 76% used [0x00000000f0000000,0x00000000f649e3a8,0x00000000f8300000)
 Metaspace       used 52908K, capacity 55968K, committed 56192K, reserved 1097728K
  class space    used 6448K, capacity 6998K, committed 7040K, reserved 1048576K
}
{Heap before GC invocations=941 (full 0):
 PSYoungGen      total 126464K, used 126080K [0x00000000f8300000, 0x0000000100000000, 0x0000000100000000)
  eden space 124928K, 100% used [0x00000000f8300000,0x00000000ffd00000,0x00000000ffd00000)
  from space 1536K, 75% used [0x00000000ffe80000,0x00000000fffa0000,0x0000000100000000)
  to   space 1536K, 0% used [0x00000000ffd00000,0x00000000ffd00000,0x00000000ffe80000)
 ParOldGen       total 134144K, used 103032K [0x00000000f0000000, 0x00000000f8300000, 0x00000000f8300000)
  object space 134144K, 76% used [0x00000000f0000000,0x00000000f649e3a8,0x00000000f8300000)
 Metaspace       used 52908K, capacity 55968K, committed 56192K, reserved 1097728K
  class space    used 6448K, capacity 6998K, committed 7040K, reserved 1048576K
2023-10-03T01:19:53.154+0800: 792.858: [GC (Allocation Failure) [PSYoungGen: 126080K->1248K(126464K)] 229112K->104360K(260608K), 0.0086399 secs] [Times: user=0.05 sys=0.00, real=0.01 secs] 
Heap after GC invocations=941 (full 0):
 PSYoungGen      total 126464K, used 1248K [0x00000000f8300000, 0x0000000100000000, 0x0000000100000000)
  eden space 124928K, 0% used [0x00000000f8300000,0x00000000f8300000,0x00000000ffd00000)
  from space 1536K, 81% used [0x00000000ffd00000,0x00000000ffe38000,0x00000000ffe80000)
  to   space 1536K, 0% used [0x00000000ffe80000,0x00000000ffe80000,0x0000000100000000)
 ParOldGen       total 134144K, used 103112K [0x00000000f0000000, 0x00000000f8300000, 0x00000000f8300000)
  object space 134144K, 76% used [0x00000000f0000000,0x00000000f64b23a8,0x00000000f8300000)
 Metaspace       used 52908K, capacity 55968K, committed 56192K, reserved 1097728K
  class space    used 6448K, capacity 6998K, committed 7040K, reserved 1048576K
}
{Heap before GC invocations=942 (full 0):
 PSYoungGen      total 126464K, used 126176K [0x00000000f8300000, 0x0000000100000000, 0x0000000100000000)
  eden space 124928K, 100% used [0x00000000f8300000,0x00000000ffd00000,0x00000000ffd00000)
  from space 1536K, 81% used [0x00000000ffd00000,0x00000000ffe38000,0x00000000ffe80000)
  to   space 1536K, 0% used [0x00000000ffe80000,0x00000000ffe80000,0x0000000100000000)
 ParOldGen       total 134144K, used 103112K [0x00000000f0000000, 0x00000000f8300000, 0x00000000f8300000)
  object space 134144K, 76% used [0x00000000f0000000,0x00000000f64b23a8,0x00000000f8300000)
 Metaspace       used 52908K, capacity 55968K, committed 56192K, reserved 1097728K
  class space    used 6448K, capacity 6998K, committed 7040K, reserved 1048576K
2023-10-03T01:19:53.793+0800: 793.498: [GC (Allocation Failure) [PSYoungGen: 126176K->1184K(126464K)] 229288K->104376K(260608K), 0.0083705 secs] [Times: user=0.06 sys=0.00, real=0.00 secs] 
Heap after GC invocations=942 (full 0):
 PSYoungGen      total 126464K, used 1184K [0x00000000f8300000, 0x0000000100000000, 0x0000000100000000)
  eden space 124928K, 0% used [0x00000000f8300000,0x00000000f8300000,0x00000000ffd00000)
  from space 1536K, 77% used [0x00000000ffe80000,0x00000000fffa8000,0x0000000100000000)
  to   space 1536K, 0% used [0x00000000ffd00000,0x00000000ffd00000,0x00000000ffe80000)
 ParOldGen       total 134144K, used 103192K [0x00000000f0000000, 0x00000000f8300000, 0x00000000f8300000)
  object space 134144K, 76% used [0x00000000f0000000,0x00000000f64c63a8,0x00000000f8300000)
 Metaspace       used 52908K, capacity 55968K, committed 56192K, reserved 1097728K
  class space    used 6448K, capacity 6998K, committed 7040K, reserved 1048576K
}
{Heap before GC invocations=943 (full 0):
 PSYoungGen      total 126464K, used 126112K [0x00000000f8300000, 0x0000000100000000, 0x0000000100000000)
  eden space 124928K, 100% used [0x00000000f8300000,0x00000000ffd00000,0x00000000ffd00000)
  from space 1536K, 77% used [0x00000000ffe80000,0x00000000fffa8000,0x0000000100000000)
  to   space 1536K, 0% used [0x00000000ffd00000,0x00000000ffd00000,0x00000000ffe80000)
 ParOldGen       total 134144K, used 103192K [0x00000000f0000000, 0x00000000f8300000, 0x00000000f8300000)
  object space 134144K, 76% used [0x00000000f0000000,0x00000000f64c63a8,0x00000000f8300000)
 Metaspace       used 52908K, capacity 55968K, committed 56192K, reserved 1097728K
  class space    used 6448K, capacity 6998K, committed 7040K, reserved 1048576K
2023-10-03T01:19:54.422+0800: 794.127: [GC (Allocation Failure) [PSYoungGen: 126112K->1152K(126464K)] 229304K->104424K(260608K), 0.0086833 secs] [Times: user=0.05 sys=0.01, real=0.00 secs] 
Heap after GC invocations=943 (full 0):
 PSYoungGen      total 126464K, used 1152K [0x00000000f8300000, 0x0000000100000000, 0x0000000100000000)
  eden space 124928K, 0% used [0x00000000f8300000,0x00000000f8300000,0x00000000ffd00000)
  from space 1536K, 75% used [0x00000000ffd00000,0x00000000ffe20000,0x00000000ffe80000)
  to   space 1536K, 0% used [0x00000000ffe80000,0x00000000ffe80000,0x0000000100000000)
 ParOldGen       total 134144K, used 103272K [0x00000000f0000000, 0x00000000f8300000, 0x00000000f8300000)
  object space 134144K, 76% used [0x00000000f0000000,0x00000000f64da3a8,0x00000000f8300000)
 Metaspace       used 52908K, capacity 55968K, committed 56192K, reserved 1097728K
  class space    used 6448K, capacity 6998K, committed 7040K, reserved 1048576K
}
{Heap before GC invocations=944 (full 0):
 PSYoungGen      total 126464K, used 126080K [0x00000000f8300000, 0x0000000100000000, 0x0000000100000000)
  eden space 124928K, 100% used [0x00000000f8300000,0x00000000ffd00000,0x00000000ffd00000)
  from space 1536K, 75% used [0x00000000ffd00000,0x00000000ffe20000,0x00000000ffe80000)
  to   space 1536K, 0% used [0x00000000ffe80000,0x00000000ffe80000,0x0000000100000000)
 ParOldGen       total 134144K, used 103272K [0x00000000f0000000, 0x00000000f8300000, 0x00000000f8300000)
  object space 134144K, 76% used [0x00000000f0000000,0x00000000f64da3a8,0x00000000f8300000)
 Metaspace       used 52908K, capacity 55968K, committed 56192K, reserved 1097728K
  class space    used 6448K, capacity 6998K, committed 7040K, reserved 1048576K
2023-10-03T01:19:55.045+0800: 794.749: [GC (Allocation Failure) [PSYoungGen: 126080K->1152K(126464K)] 229352K->104504K(260608K), 0.0085709 secs] [Times: user=0.04 sys=0.01, real=0.01 secs] 
Heap after GC invocations=944 (full 0):
 PSYoungGen      total 126464K, used 1152K [0x00000000f8300000, 0x0000000100000000, 0x0000000100000000)
  eden space 124928K, 0% used [0x00000000f8300000,0x00000000f8300000,0x00000000ffd00000)
  from space 1536K, 75% used [0x00000000ffe80000,0x00000000fffa0000,0x0000000100000000)
  to   space 1536K, 0% used [0x00000000ffd00000,0x00000000ffd00000,0x00000000ffe80000)
 ParOldGen       total 134144K, used 103352K [0x00000000f0000000, 0x00000000f8300000, 0x00000000f8300000)
  object space 134144K, 77% used [0x00000000f0000000,0x00000000f64ee3a8,0x00000000f8300000)
 Metaspace       used 52908K, capacity 55968K, committed 56192K, reserved 1097728K
  class space    used 6448K, capacity 6998K, committed 7040K, reserved 1048576K
}
{Heap before GC invocations=945 (full 0):
 PSYoungGen      total 126464K, used 126080K [0x00000000f8300000, 0x0000000100000000, 0x0000000100000000)
  eden space 124928K, 100% used [0x00000000f8300000,0x00000000ffd00000,0x00000000ffd00000)
  from space 1536K, 75% used [0x00000000ffe80000,0x00000000fffa0000,0x0000000100000000)
  to   space 1536K, 0% used [0x00000000ffd00000,0x00000000ffd00000,0x00000000ffe80000)
 ParOldGen       total 134144K, used 103352K [0x00000000f0000000, 0x00000000f8300000, 0x00000000f8300000)
  object space 134144K, 77% used [0x00000000f0000000,0x00000000f64ee3a8,0x00000000f8300000)
 Metaspace       used 52908K, capacity 55968K, committed 56192K, reserved 1097728K
  class space    used 6448K, capacity 6998K, committed 7040K, reserved 1048576K
2023-10-03T01:19:55.680+0800: 795.384: [GC (Allocation Failure) [PSYoungGen: 126080K->1152K(126464K)] 229432K->104584K(260608K), 0.0082595 secs] [Times: user=0.04 sys=0.01, real=0.01 secs] 
Heap after GC invocations=945 (full 0):
 PSYoungGen      total 126464K, used 1152K [0x00000000f8300000, 0x0000000100000000, 0x0000000100000000)
  eden space 124928K, 0% used [0x00000000f8300000,0x00000000f8300000,0x00000000ffd00000)
  from space 1536K, 75% used [0x00000000ffd00000,0x00000000ffe20000,0x00000000ffe80000)
  to   space 1536K, 0% used [0x00000000ffe80000,0x00000000ffe80000,0x0000000100000000)
 ParOldGen       total 134144K, used 103432K [0x00000000f0000000, 0x00000000f8300000, 0x00000000f8300000)
  object space 134144K, 77% used [0x00000000f0000000,0x00000000f65023a8,0x00000000f8300000)
 Metaspace       used 52908K, capacity 55968K, committed 56192K, reserved 1097728K
  class space    used 6448K, capacity 6998K, committed 7040K, reserved 1048576K
}
{Heap before GC invocations=946 (full 0):
 PSYoungGen      total 126464K, used 126080K [0x00000000f8300000, 0x0000000100000000, 0x0000000100000000)
  eden space 124928K, 100% used [0x00000000f8300000,0x00000000ffd00000,0x00000000ffd00000)
  from space 1536K, 75% used [0x00000000ffd00000,0x00000000ffe20000,0x00000000ffe80000)
  to   space 1536K, 0% used [0x00000000ffe80000,0x00000000ffe80000,0x0000000100000000)
 ParOldGen       total 134144K, used 103432K [0x00000000f0000000, 0x00000000f8300000, 0x00000000f8300000)
  object space 134144K, 77% used [0x00000000f0000000,0x00000000f65023a8,0x00000000f8300000)
 Metaspace       used 52908K, capacity 55968K, committed 56192K, reserved 1097728K
  class space    used 6448K, capacity 6998K, committed 7040K, reserved 1048576K
2023-10-03T01:19:56.315+0800: 796.019: [GC (Allocation Failure) [PSYoungGen: 126080K->1216K(126464K)] 229512K->104728K(260608K), 0.0086753 secs] [Times: user=0.06 sys=0.00, real=0.01 secs] 
Heap after GC invocations=946 (full 0):
 PSYoungGen      total 126464K, used 1216K [0x00000000f8300000, 0x0000000100000000, 0x0000000100000000)
  eden space 124928K, 0% used [0x00000000f8300000,0x00000000f8300000,0x00000000ffd00000)
  from space 1536K, 79% used [0x00000000ffe80000,0x00000000fffb0000,0x0000000100000000)
  to   space 1536K, 0% used [0x00000000ffd00000,0x00000000ffd00000,0x00000000ffe80000)
 ParOldGen       total 134144K, used 103512K [0x00000000f0000000, 0x00000000f8300000, 0x00000000f8300000)
  object space 134144K, 77% used [0x00000000f0000000,0x00000000f65163a8,0x00000000f8300000)
 Metaspace       used 52908K, capacity 55968K, committed 56192K, reserved 1097728K
  class space    used 6448K, capacity 6998K, committed 7040K, reserved 1048576K
}
{Heap before GC invocations=947 (full 0):
 PSYoungGen      total 126464K, used 126144K [0x00000000f8300000, 0x0000000100000000, 0x0000000100000000)
  eden space 124928K, 100% used [0x00000000f8300000,0x00000000ffd00000,0x00000000ffd00000)
  from space 1536K, 79% used [0x00000000ffe80000,0x00000000fffb0000,0x0000000100000000)
  to   space 1536K, 0% used [0x00000000ffd00000,0x00000000ffd00000,0x00000000ffe80000)
 ParOldGen       total 134144K, used 103512K [0x00000000f0000000, 0x00000000f8300000, 0x00000000f8300000)
  object space 134144K, 77% used [0x00000000f0000000,0x00000000f65163a8,0x00000000f8300000)
 Metaspace       used 52908K, capacity 55968K, committed 56192K, reserved 1097728K
  class space    used 6448K, capacity 6998K, committed 7040K, reserved 1048576K
2023-10-03T01:19:56.957+0800: 796.661: [GC (Allocation Failure) [PSYoungGen: 126144K->960K(126464K)] 229656K->104544K(260608K), 0.0081568 secs] [Times: user=0.05 sys=0.01, real=0.01 secs] 
Heap after GC invocations=947 (full 0):
 PSYoungGen      total 126464K, used 960K [0x00000000f8300000, 0x0000000100000000, 0x0000000100000000)
  eden space 124928K, 0% used [0x00000000f8300000,0x00000000f8300000,0x00000000ffd00000)
  from space 1536K, 62% used [0x00000000ffd00000,0x00000000ffdf0000,0x00000000ffe80000)
  to   space 1536K, 0% used [0x00000000ffe80000,0x00000000ffe80000,0x0000000100000000)
 ParOldGen       total 134144K, used 103584K [0x00000000f0000000, 0x00000000f8300000, 0x00000000f8300000)
  object space 134144K, 77% used [0x00000000f0000000,0x00000000f65283a8,0x00000000f8300000)
 Metaspace       used 52908K, capacity 55968K, committed 56192K, reserved 1097728K
  class space    used 6448K, capacity 6998K, committed 7040K, reserved 1048576K
}
{Heap before GC invocations=948 (full 0):
 PSYoungGen      total 126464K, used 125888K [0x00000000f8300000, 0x0000000100000000, 0x0000000100000000)
  eden space 124928K, 100% used [0x00000000f8300000,0x00000000ffd00000,0x00000000ffd00000)
  from space 1536K, 62% used [0x00000000ffd00000,0x00000000ffdf0000,0x00000000ffe80000)
  to   space 1536K, 0% used [0x00000000ffe80000,0x00000000ffe80000,0x0000000100000000)
 ParOldGen       total 134144K, used 103584K [0x00000000f0000000, 0x00000000f8300000, 0x00000000f8300000)
  object space 134144K, 77% used [0x00000000f0000000,0x00000000f65283a8,0x00000000f8300000)
 Metaspace       used 52908K, capacity 55968K, committed 56192K, reserved 1097728K
  class space    used 6448K, capacity 6998K, committed 7040K, reserved 1048576K
2023-10-03T01:19:57.593+0800: 797.297: [GC (Allocation Failure) [PSYoungGen: 125888K->1216K(126464K)] 229472K->104872K(260608K), 0.0083093 secs] [Times: user=0.04 sys=0.00, real=0.00 secs] 
Heap after GC invocations=948 (full 0):
 PSYoungGen      total 126464K, used 1216K [0x00000000f8300000, 0x0000000100000000, 0x0000000100000000)
  eden space 124928K, 0% used [0x00000000f8300000,0x00000000f8300000,0x00000000ffd00000)
  from space 1536K, 79% used [0x00000000ffe80000,0x00000000fffb0000,0x0000000100000000)
  to   space 1536K, 0% used [0x00000000ffd00000,0x00000000ffd00000,0x00000000ffe80000)
 ParOldGen       total 134144K, used 103656K [0x00000000f0000000, 0x00000000f8300000, 0x00000000f8300000)
  object space 134144K, 77% used [0x00000000f0000000,0x00000000f653a3a8,0x00000000f8300000)
 Metaspace       used 52908K, capacity 55968K, committed 56192K, reserved 1097728K
  class space    used 6448K, capacity 6998K, committed 7040K, reserved 1048576K
}
{Heap before GC invocations=949 (full 0):
 PSYoungGen      total 126464K, used 126144K [0x00000000f8300000, 0x0000000100000000, 0x0000000100000000)
  eden space 124928K, 100% used [0x00000000f8300000,0x00000000ffd00000,0x00000000ffd00000)
  from space 1536K, 79% used [0x00000000ffe80000,0x00000000fffb0000,0x0000000100000000)
  to   space 1536K, 0% used [0x00000000ffd00000,0x00000000ffd00000,0x00000000ffe80000)
 ParOldGen       total 134144K, used 103656K [0x00000000f0000000, 0x00000000f8300000, 0x00000000f8300000)
  object space 134144K, 77% used [0x00000000f0000000,0x00000000f653a3a8,0x00000000f8300000)
 Metaspace       used 52908K, capacity 55968K, committed 56192K, reserved 1097728K
  class space    used 6448K, capacity 6998K, committed 7040K, reserved 1048576K
2023-10-03T01:19:58.213+0800: 797.917: [GC (Allocation Failure) [PSYoungGen: 126144K->1184K(126464K)] 229800K->104920K(260608K), 0.0087921 secs] [Times: user=0.04 sys=0.01, real=0.00 secs] 
Heap after GC invocations=949 (full 0):
 PSYoungGen      total 126464K, used 1184K [0x00000000f8300000, 0x0000000100000000, 0x0000000100000000)
  eden space 124928K, 0% used [0x00000000f8300000,0x00000000f8300000,0x00000000ffd00000)
  from space 1536K, 77% used [0x00000000ffd00000,0x00000000ffe28000,0x00000000ffe80000)
  to   space 1536K, 0% used [0x00000000ffe80000,0x00000000ffe80000,0x0000000100000000)
 ParOldGen       total 134144K, used 103736K [0x00000000f0000000, 0x00000000f8300000, 0x00000000f8300000)
  object space 134144K, 77% used [0x00000000f0000000,0x00000000f654e3a8,0x00000000f8300000)
 Metaspace       used 52908K, capacity 55968K, committed 56192K, reserved 1097728K
  class space    used 6448K, capacity 6998K, committed 7040K, reserved 1048576K
}
{Heap before GC invocations=950 (full 0):
 PSYoungGen      total 126464K, used 126112K [0x00000000f8300000, 0x0000000100000000, 0x0000000100000000)
  eden space 124928K, 100% used [0x00000000f8300000,0x00000000ffd00000,0x00000000ffd00000)
  from space 1536K, 77% used [0x00000000ffd00000,0x00000000ffe28000,0x00000000ffe80000)
  to   space 1536K, 0% used [0x00000000ffe80000,0x00000000ffe80000,0x0000000100000000)
 ParOldGen       total 134144K, used 103736K [0x00000000f0000000, 0x00000000f8300000, 0x00000000f8300000)
  object space 134144K, 77% used [0x00000000f0000000,0x00000000f654e3a8,0x00000000f8300000)
 Metaspace       used 52908K, capacity 55968K, committed 56192K, reserved 1097728K
  class space    used 6448K, capacity 6998K, committed 7040K, reserved 1048576K
2023-10-03T01:19:58.842+0800: 798.546: [GC (Allocation Failure) [PSYoungGen: 126112K->1120K(126464K)] 229848K->104944K(260608K), 0.0081016 secs] [Times: user=0.05 sys=0.00, real=0.01 secs] 
Heap after GC invocations=950 (full 0):
 PSYoungGen      total 126464K, used 1120K [0x00000000f8300000, 0x0000000100000000, 0x0000000100000000)
  eden space 124928K, 0% used [0x00000000f8300000,0x00000000f8300000,0x00000000ffd00000)
  from space 1536K, 72% used [0x00000000ffe80000,0x00000000fff98000,0x0000000100000000)
  to   space 1536K, 0% used [0x00000000ffd00000,0x00000000ffd00000,0x00000000ffe80000)
 ParOldGen       total 134144K, used 103824K [0x00000000f0000000, 0x00000000f8300000, 0x00000000f8300000)
  object space 134144K, 77% used [0x00000000f0000000,0x00000000f65643a8,0x00000000f8300000)
 Metaspace       used 52908K, capacity 55968K, committed 56192K, reserved 1097728K
  class space    used 6448K, capacity 6998K, committed 7040K, reserved 1048576K
}
{Heap before GC invocations=951 (full 0):
 PSYoungGen      total 126464K, used 126048K [0x00000000f8300000, 0x0000000100000000, 0x0000000100000000)
  eden space 124928K, 100% used [0x00000000f8300000,0x00000000ffd00000,0x00000000ffd00000)
  from space 1536K, 72% used [0x00000000ffe80000,0x00000000fff98000,0x0000000100000000)
  to   space 1536K, 0% used [0x00000000ffd00000,0x00000000ffd00000,0x00000000ffe80000)
 ParOldGen       total 134144K, used 103824K [0x00000000f0000000, 0x00000000f8300000, 0x00000000f8300000)
  object space 134144K, 77% used [0x00000000f0000000,0x00000000f65643a8,0x00000000f8300000)
 Metaspace       used 52908K, capacity 55968K, committed 56192K, reserved 1097728K
  class space    used 6448K, capacity 6998K, committed 7040K, reserved 1048576K
2023-10-03T01:19:59.479+0800: 799.183: [GC (Allocation Failure) [PSYoungGen: 126048K->1184K(126464K)] 229872K->105088K(260608K), 0.0085300 secs] [Times: user=0.05 sys=0.01, real=0.01 secs] 
Heap after GC invocations=951 (full 0):
 PSYoungGen      total 126464K, used 1184K [0x00000000f8300000, 0x0000000100000000, 0x0000000100000000)
  eden space 124928K, 0% used [0x00000000f8300000,0x00000000f8300000,0x00000000ffd00000)
  from space 1536K, 77% used [0x00000000ffd00000,0x00000000ffe28000,0x00000000ffe80000)
  to   space 1536K, 0% used [0x00000000ffe80000,0x00000000ffe80000,0x0000000100000000)
 ParOldGen       total 134144K, used 103904K [0x00000000f0000000, 0x00000000f8300000, 0x00000000f8300000)
  object space 134144K, 77% used [0x00000000f0000000,0x00000000f65783a8,0x00000000f8300000)
 Metaspace       used 52908K, capacity 55968K, committed 56192K, reserved 1097728K
  class space    used 6448K, capacity 6998K, committed 7040K, reserved 1048576K
}
{Heap before GC invocations=952 (full 0):
 PSYoungGen      total 126464K, used 126112K [0x00000000f8300000, 0x0000000100000000, 0x0000000100000000)
  eden space 124928K, 100% used [0x00000000f8300000,0x00000000ffd00000,0x00000000ffd00000)
  from space 1536K, 77% used [0x00000000ffd00000,0x00000000ffe28000,0x00000000ffe80000)
  to   space 1536K, 0% used [0x00000000ffe80000,0x00000000ffe80000,0x0000000100000000)
 ParOldGen       total 134144K, used 103904K [0x00000000f0000000, 0x00000000f8300000, 0x00000000f8300000)
  object space 134144K, 77% used [0x00000000f0000000,0x00000000f65783a8,0x00000000f8300000)
 Metaspace       used 52908K, capacity 55968K, committed 56192K, reserved 1097728K
  class space    used 6448K, capacity 6998K, committed 7040K, reserved 1048576K
2023-10-03T01:20:00.106+0800: 799.811: [GC (Allocation Failure) [PSYoungGen: 126112K->1248K(126464K)] 230016K->105240K(260608K), 0.0080036 secs] [Times: user=0.04 sys=0.01, real=0.01 secs] 
Heap after GC invocations=952 (full 0):
 PSYoungGen      total 126464K, used 1248K [0x00000000f8300000, 0x0000000100000000, 0x0000000100000000)
  eden space 124928K, 0% used [0x00000000f8300000,0x00000000f8300000,0x00000000ffd00000)
  from space 1536K, 81% used [0x00000000ffe80000,0x00000000fffb8000,0x0000000100000000)
  to   space 1536K, 0% used [0x00000000ffd00000,0x00000000ffd00000,0x00000000ffe80000)
 ParOldGen       total 134144K, used 103992K [0x00000000f0000000, 0x00000000f8300000, 0x00000000f8300000)
  object space 134144K, 77% used [0x00000000f0000000,0x00000000f658e3a8,0x00000000f8300000)
 Metaspace       used 52908K, capacity 55968K, committed 56192K, reserved 1097728K
  class space    used 6448K, capacity 6998K, committed 7040K, reserved 1048576K
}
{Heap before GC invocations=953 (full 0):
 PSYoungGen      total 126464K, used 126176K [0x00000000f8300000, 0x0000000100000000, 0x0000000100000000)
  eden space 124928K, 100% used [0x00000000f8300000,0x00000000ffd00000,0x00000000ffd00000)
  from space 1536K, 81% used [0x00000000ffe80000,0x00000000fffb8000,0x0000000100000000)
  to   space 1536K, 0% used [0x00000000ffd00000,0x00000000ffd00000,0x00000000ffe80000)
 ParOldGen       total 134144K, used 103992K [0x00000000f0000000, 0x00000000f8300000, 0x00000000f8300000)
  object space 134144K, 77% used [0x00000000f0000000,0x00000000f658e3a8,0x00000000f8300000)
 Metaspace       used 52908K, capacity 55968K, committed 56192K, reserved 1097728K
  class space    used 6448K, capacity 6998K, committed 7040K, reserved 1048576K
2023-10-03T01:20:00.717+0800: 800.421: [GC (Allocation Failure) [PSYoungGen: 126176K->1152K(126464K)] 230168K->105216K(260608K), 0.0080992 secs] [Times: user=0.05 sys=0.00, real=0.01 secs] 
Heap after GC invocations=953 (full 0):
 PSYoungGen      total 126464K, used 1152K [0x00000000f8300000, 0x0000000100000000, 0x0000000100000000)
  eden space 124928K, 0% used [0x00000000f8300000,0x00000000f8300000,0x00000000ffd00000)
  from space 1536K, 75% used [0x00000000ffd00000,0x00000000ffe20000,0x00000000ffe80000)
  to   space 1536K, 0% used [0x00000000ffe80000,0x00000000ffe80000,0x0000000100000000)
 ParOldGen       total 134144K, used 104064K [0x00000000f0000000, 0x00000000f8300000, 0x00000000f8300000)
  object space 134144K, 77% used [0x00000000f0000000,0x00000000f65a03a8,0x00000000f8300000)
 Metaspace       used 52908K, capacity 55968K, committed 56192K, reserved 1097728K
  class space    used 6448K, capacity 6998K, committed 7040K, reserved 1048576K
}
{Heap before GC invocations=954 (full 0):
 PSYoungGen      total 126464K, used 126080K [0x00000000f8300000, 0x0000000100000000, 0x0000000100000000)
  eden space 124928K, 100% used [0x00000000f8300000,0x00000000ffd00000,0x00000000ffd00000)
  from space 1536K, 75% used [0x00000000ffd00000,0x00000000ffe20000,0x00000000ffe80000)
  to   space 1536K, 0% used [0x00000000ffe80000,0x00000000ffe80000,0x0000000100000000)
 ParOldGen       total 134144K, used 104064K [0x00000000f0000000, 0x00000000f8300000, 0x00000000f8300000)
  object space 134144K, 77% used [0x00000000f0000000,0x00000000f65a03a8,0x00000000f8300000)
 Metaspace       used 52908K, capacity 55968K, committed 56192K, reserved 1097728K
  class space    used 6448K, capacity 6998K, committed 7040K, reserved 1048576K
2023-10-03T01:20:01.346+0800: 801.051: [GC (Allocation Failure) [PSYoungGen: 126080K->1120K(126464K)] 230144K->105264K(260608K), 0.0079987 secs] [Times: user=0.05 sys=0.01, real=0.01 secs] 
Heap after GC invocations=954 (full 0):
 PSYoungGen      total 126464K, used 1120K [0x00000000f8300000, 0x0000000100000000, 0x0000000100000000)
  eden space 124928K, 0% used [0x00000000f8300000,0x00000000f8300000,0x00000000ffd00000)
  from space 1536K, 72% used [0x00000000ffe80000,0x00000000fff98000,0x0000000100000000)
  to   space 1536K, 0% used [0x00000000ffd00000,0x00000000ffd00000,0x00000000ffe80000)
 ParOldGen       total 134144K, used 104144K [0x00000000f0000000, 0x00000000f8300000, 0x00000000f8300000)
  object space 134144K, 77% used [0x00000000f0000000,0x00000000f65b43a8,0x00000000f8300000)
 Metaspace       used 52908K, capacity 55968K, committed 56192K, reserved 1097728K
  class space    used 6448K, capacity 6998K, committed 7040K, reserved 1048576K
}
{Heap before GC invocations=955 (full 0):
 PSYoungGen      total 126464K, used 126048K [0x00000000f8300000, 0x0000000100000000, 0x0000000100000000)
  eden space 124928K, 100% used [0x00000000f8300000,0x00000000ffd00000,0x00000000ffd00000)
  from space 1536K, 72% used [0x00000000ffe80000,0x00000000fff98000,0x0000000100000000)
  to   space 1536K, 0% used [0x00000000ffd00000,0x00000000ffd00000,0x00000000ffe80000)
 ParOldGen       total 134144K, used 104144K [0x00000000f0000000, 0x00000000f8300000, 0x00000000f8300000)
  object space 134144K, 77% used [0x00000000f0000000,0x00000000f65b43a8,0x00000000f8300000)
 Metaspace       used 52908K, capacity 55968K, committed 56192K, reserved 1097728K
  class space    used 6448K, capacity 6998K, committed 7040K, reserved 1048576K
2023-10-03T01:20:01.981+0800: 801.686: [GC (Allocation Failure) [PSYoungGen: 126048K->1216K(126464K)] 230192K->105440K(260608K), 0.0084359 secs] [Times: user=0.05 sys=0.00, real=0.01 secs] 
Heap after GC invocations=955 (full 0):
 PSYoungGen      total 126464K, used 1216K [0x00000000f8300000, 0x0000000100000000, 0x0000000100000000)
  eden space 124928K, 0% used [0x00000000f8300000,0x00000000f8300000,0x00000000ffd00000)
  from space 1536K, 79% used [0x00000000ffd00000,0x00000000ffe30000,0x00000000ffe80000)
  to   space 1536K, 0% used [0x00000000ffe80000,0x00000000ffe80000,0x0000000100000000)
 ParOldGen       total 134144K, used 104224K [0x00000000f0000000, 0x00000000f8300000, 0x00000000f8300000)
  object space 134144K, 77% used [0x00000000f0000000,0x00000000f65c83a8,0x00000000f8300000)
 Metaspace       used 52908K, capacity 55968K, committed 56192K, reserved 1097728K
  class space    used 6448K, capacity 6998K, committed 7040K, reserved 1048576K
}
{Heap before GC invocations=956 (full 0):
 PSYoungGen      total 126464K, used 126144K [0x00000000f8300000, 0x0000000100000000, 0x0000000100000000)
  eden space 124928K, 100% used [0x00000000f8300000,0x00000000ffd00000,0x00000000ffd00000)
  from space 1536K, 79% used [0x00000000ffd00000,0x00000000ffe30000,0x00000000ffe80000)
  to   space 1536K, 0% used [0x00000000ffe80000,0x00000000ffe80000,0x0000000100000000)
 ParOldGen       total 134144K, used 104224K [0x00000000f0000000, 0x00000000f8300000, 0x00000000f8300000)
  object space 134144K, 77% used [0x00000000f0000000,0x00000000f65c83a8,0x00000000f8300000)
 Metaspace       used 52908K, capacity 55968K, committed 56192K, reserved 1097728K
  class space    used 6448K, capacity 6998K, committed 7040K, reserved 1048576K
2023-10-03T01:20:02.621+0800: 802.326: [GC (Allocation Failure) [PSYoungGen: 126144K->1216K(126464K)] 230368K->105504K(260608K), 0.0079873 secs] [Times: user=0.05 sys=0.00, real=0.01 secs] 
Heap after GC invocations=956 (full 0):
 PSYoungGen      total 126464K, used 1216K [0x00000000f8300000, 0x0000000100000000, 0x0000000100000000)
  eden space 124928K, 0% used [0x00000000f8300000,0x00000000f8300000,0x00000000ffd00000)
  from space 1536K, 79% used [0x00000000ffe80000,0x00000000fffb0000,0x0000000100000000)
  to   space 1536K, 0% used [0x00000000ffd00000,0x00000000ffd00000,0x00000000ffe80000)
 ParOldGen       total 134144K, used 104288K [0x00000000f0000000, 0x00000000f8300000, 0x00000000f8300000)
  object space 134144K, 77% used [0x00000000f0000000,0x00000000f65d83a8,0x00000000f8300000)
 Metaspace       used 52908K, capacity 55968K, committed 56192K, reserved 1097728K
  class space    used 6448K, capacity 6998K, committed 7040K, reserved 1048576K
}
{Heap before GC invocations=957 (full 0):
 PSYoungGen      total 126464K, used 126144K [0x00000000f8300000, 0x0000000100000000, 0x0000000100000000)
  eden space 124928K, 100% used [0x00000000f8300000,0x00000000ffd00000,0x00000000ffd00000)
  from space 1536K, 79% used [0x00000000ffe80000,0x00000000fffb0000,0x0000000100000000)
  to   space 1536K, 0% used [0x00000000ffd00000,0x00000000ffd00000,0x00000000ffe80000)
 ParOldGen       total 134144K, used 104288K [0x00000000f0000000, 0x00000000f8300000, 0x00000000f8300000)
  object space 134144K, 77% used [0x00000000f0000000,0x00000000f65d83a8,0x00000000f8300000)
 Metaspace       used 52908K, capacity 55968K, committed 56192K, reserved 1097728K
  class space    used 6448K, capacity 6998K, committed 7040K, reserved 1048576K
2023-10-03T01:20:03.246+0800: 802.950: [GC (Allocation Failure) [PSYoungGen: 126144K->1184K(126464K)] 230432K->105552K(260608K), 0.0082093 secs] [Times: user=0.05 sys=0.01, real=0.01 secs] 
Heap after GC invocations=957 (full 0):
 PSYoungGen      total 126464K, used 1184K [0x00000000f8300000, 0x0000000100000000, 0x0000000100000000)
  eden space 124928K, 0% used [0x00000000f8300000,0x00000000f8300000,0x00000000ffd00000)
  from space 1536K, 77% used [0x00000000ffd00000,0x00000000ffe28000,0x00000000ffe80000)
  to   space 1536K, 0% used [0x00000000ffe80000,0x00000000ffe80000,0x0000000100000000)
 ParOldGen       total 134144K, used 104368K [0x00000000f0000000, 0x00000000f8300000, 0x00000000f8300000)
  object space 134144K, 77% used [0x00000000f0000000,0x00000000f65ec3a8,0x00000000f8300000)
 Metaspace       used 52908K, capacity 55968K, committed 56192K, reserved 1097728K
  class space    used 6448K, capacity 6998K, committed 7040K, reserved 1048576K
}
{Heap before GC invocations=958 (full 0):
 PSYoungGen      total 126464K, used 126112K [0x00000000f8300000, 0x0000000100000000, 0x0000000100000000)
  eden space 124928K, 100% used [0x00000000f8300000,0x00000000ffd00000,0x00000000ffd00000)
  from space 1536K, 77% used [0x00000000ffd00000,0x00000000ffe28000,0x00000000ffe80000)
  to   space 1536K, 0% used [0x00000000ffe80000,0x00000000ffe80000,0x0000000100000000)
 ParOldGen       total 134144K, used 104368K [0x00000000f0000000, 0x00000000f8300000, 0x00000000f8300000)
  object space 134144K, 77% used [0x00000000f0000000,0x00000000f65ec3a8,0x00000000f8300000)
 Metaspace       used 52908K, capacity 55968K, committed 56192K, reserved 1097728K
  class space    used 6448K, capacity 6998K, committed 7040K, reserved 1048576K
2023-10-03T01:20:03.884+0800: 803.588: [GC (Allocation Failure) [PSYoungGen: 126112K->1184K(126464K)] 230480K->105632K(260608K), 0.0082993 secs] [Times: user=0.05 sys=0.00, real=0.01 secs] 
Heap after GC invocations=958 (full 0):
 PSYoungGen      total 126464K, used 1184K [0x00000000f8300000, 0x0000000100000000, 0x0000000100000000)
  eden space 124928K, 0% used [0x00000000f8300000,0x00000000f8300000,0x00000000ffd00000)
  from space 1536K, 77% used [0x00000000ffe80000,0x00000000fffa8000,0x0000000100000000)
  to   space 1536K, 0% used [0x00000000ffd00000,0x00000000ffd00000,0x00000000ffe80000)
 ParOldGen       total 134144K, used 104448K [0x00000000f0000000, 0x00000000f8300000, 0x00000000f8300000)
  object space 134144K, 77% used [0x00000000f0000000,0x00000000f66003a8,0x00000000f8300000)
 Metaspace       used 52908K, capacity 55968K, committed 56192K, reserved 1097728K
  class space    used 6448K, capacity 6998K, committed 7040K, reserved 1048576K
}
{Heap before GC invocations=959 (full 0):
 PSYoungGen      total 126464K, used 126112K [0x00000000f8300000, 0x0000000100000000, 0x0000000100000000)
  eden space 124928K, 100% used [0x00000000f8300000,0x00000000ffd00000,0x00000000ffd00000)
  from space 1536K, 77% used [0x00000000ffe80000,0x00000000fffa8000,0x0000000100000000)
  to   space 1536K, 0% used [0x00000000ffd00000,0x00000000ffd00000,0x00000000ffe80000)
 ParOldGen       total 134144K, used 104448K [0x00000000f0000000, 0x00000000f8300000, 0x00000000f8300000)
  object space 134144K, 77% used [0x00000000f0000000,0x00000000f66003a8,0x00000000f8300000)
 Metaspace       used 52908K, capacity 55968K, committed 56192K, reserved 1097728K
  class space    used 6448K, capacity 6998K, committed 7040K, reserved 1048576K
2023-10-03T01:20:04.519+0800: 804.224: [GC (Allocation Failure) [PSYoungGen: 126112K->1248K(126464K)] 230560K->105784K(260608K), 0.0104862 secs] [Times: user=0.06 sys=0.00, real=0.01 secs] 
Heap after GC invocations=959 (full 0):
 PSYoungGen      total 126464K, used 1248K [0x00000000f8300000, 0x0000000100000000, 0x0000000100000000)
  eden space 124928K, 0% used [0x00000000f8300000,0x00000000f8300000,0x00000000ffd00000)
  from space 1536K, 81% used [0x00000000ffd00000,0x00000000ffe38000,0x00000000ffe80000)
  to   space 1536K, 0% used [0x00000000ffe80000,0x00000000ffe80000,0x0000000100000000)
 ParOldGen       total 134144K, used 104536K [0x00000000f0000000, 0x00000000f8300000, 0x00000000f8300000)
  object space 134144K, 77% used [0x00000000f0000000,0x00000000f66163a8,0x00000000f8300000)
 Metaspace       used 52908K, capacity 55968K, committed 56192K, reserved 1097728K
  class space    used 6448K, capacity 6998K, committed 7040K, reserved 1048576K
}
{Heap before GC invocations=960 (full 0):
 PSYoungGen      total 126464K, used 126176K [0x00000000f8300000, 0x0000000100000000, 0x0000000100000000)
  eden space 124928K, 100% used [0x00000000f8300000,0x00000000ffd00000,0x00000000ffd00000)
  from space 1536K, 81% used [0x00000000ffd00000,0x00000000ffe38000,0x00000000ffe80000)
  to   space 1536K, 0% used [0x00000000ffe80000,0x00000000ffe80000,0x0000000100000000)
 ParOldGen       total 134144K, used 104536K [0x00000000f0000000, 0x00000000f8300000, 0x00000000f8300000)
  object space 134144K, 77% used [0x00000000f0000000,0x00000000f66163a8,0x00000000f8300000)
 Metaspace       used 52908K, capacity 55968K, committed 56192K, reserved 1097728K
  class space    used 6448K, capacity 6998K, committed 7040K, reserved 1048576K
2023-10-03T01:20:05.155+0800: 804.860: [GC (Allocation Failure) [PSYoungGen: 126176K->1184K(126464K)] 230712K->105800K(260608K), 0.0083812 secs] [Times: user=0.05 sys=0.01, real=0.01 secs] 
Heap after GC invocations=960 (full 0):
 PSYoungGen      total 126464K, used 1184K [0x00000000f8300000, 0x0000000100000000, 0x0000000100000000)
  eden space 124928K, 0% used [0x00000000f8300000,0x00000000f8300000,0x00000000ffd00000)
  from space 1536K, 77% used [0x00000000ffe80000,0x00000000fffa8000,0x0000000100000000)
  to   space 1536K, 0% used [0x00000000ffd00000,0x00000000ffd00000,0x00000000ffe80000)
 ParOldGen       total 134144K, used 104616K [0x00000000f0000000, 0x00000000f8300000, 0x00000000f8300000)
  object space 134144K, 77% used [0x00000000f0000000,0x00000000f662a3a8,0x00000000f8300000)
 Metaspace       used 52908K, capacity 55968K, committed 56192K, reserved 1097728K
  class space    used 6448K, capacity 6998K, committed 7040K, reserved 1048576K
}
{Heap before GC invocations=961 (full 0):
 PSYoungGen      total 126464K, used 126112K [0x00000000f8300000, 0x0000000100000000, 0x0000000100000000)
  eden space 124928K, 100% used [0x00000000f8300000,0x00000000ffd00000,0x00000000ffd00000)
  from space 1536K, 77% used [0x00000000ffe80000,0x00000000fffa8000,0x0000000100000000)
  to   space 1536K, 0% used [0x00000000ffd00000,0x00000000ffd00000,0x00000000ffe80000)
 ParOldGen       total 134144K, used 104616K [0x00000000f0000000, 0x00000000f8300000, 0x00000000f8300000)
  object space 134144K, 77% used [0x00000000f0000000,0x00000000f662a3a8,0x00000000f8300000)
 Metaspace       used 52908K, capacity 55968K, committed 56192K, reserved 1097728K
  class space    used 6448K, capacity 6998K, committed 7040K, reserved 1048576K
2023-10-03T01:20:05.800+0800: 805.504: [GC (Allocation Failure) [PSYoungGen: 126112K->1152K(126464K)] 230728K->105848K(260608K), 0.0084051 secs] [Times: user=0.04 sys=0.01, real=0.01 secs] 
Heap after GC invocations=961 (full 0):
 PSYoungGen      total 126464K, used 1152K [0x00000000f8300000, 0x0000000100000000, 0x0000000100000000)
  eden space 124928K, 0% used [0x00000000f8300000,0x00000000f8300000,0x00000000ffd00000)
  from space 1536K, 75% used [0x00000000ffd00000,0x00000000ffe20000,0x00000000ffe80000)
  to   space 1536K, 0% used [0x00000000ffe80000,0x00000000ffe80000,0x0000000100000000)
 ParOldGen       total 134144K, used 104696K [0x00000000f0000000, 0x00000000f8300000, 0x00000000f8300000)
  object space 134144K, 78% used [0x00000000f0000000,0x00000000f663e3a8,0x00000000f8300000)
 Metaspace       used 52908K, capacity 55968K, committed 56192K, reserved 1097728K
  class space    used 6448K, capacity 6998K, committed 7040K, reserved 1048576K
}
{Heap before GC invocations=962 (full 0):
 PSYoungGen      total 126464K, used 126080K [0x00000000f8300000, 0x0000000100000000, 0x0000000100000000)
  eden space 124928K, 100% used [0x00000000f8300000,0x00000000ffd00000,0x00000000ffd00000)
  from space 1536K, 75% used [0x00000000ffd00000,0x00000000ffe20000,0x00000000ffe80000)
  to   space 1536K, 0% used [0x00000000ffe80000,0x00000000ffe80000,0x0000000100000000)
 ParOldGen       total 134144K, used 104696K [0x00000000f0000000, 0x00000000f8300000, 0x00000000f8300000)
  object space 134144K, 78% used [0x00000000f0000000,0x00000000f663e3a8,0x00000000f8300000)
 Metaspace       used 52908K, capacity 55968K, committed 56192K, reserved 1097728K
  class space    used 6448K, capacity 6998K, committed 7040K, reserved 1048576K
2023-10-03T01:20:06.432+0800: 806.137: [GC (Allocation Failure) [PSYoungGen: 126080K->1184K(126464K)] 230776K->105968K(260608K), 0.0083003 secs] [Times: user=0.05 sys=0.00, real=0.01 secs] 
Heap after GC invocations=962 (full 0):
 PSYoungGen      total 126464K, used 1184K [0x00000000f8300000, 0x0000000100000000, 0x0000000100000000)
  eden space 124928K, 0% used [0x00000000f8300000,0x00000000f8300000,0x00000000ffd00000)
  from space 1536K, 77% used [0x00000000ffe80000,0x00000000fffa8000,0x0000000100000000)
  to   space 1536K, 0% used [0x00000000ffd00000,0x00000000ffd00000,0x00000000ffe80000)
 ParOldGen       total 134144K, used 104784K [0x00000000f0000000, 0x00000000f8300000, 0x00000000f8300000)
  object space 134144K, 78% used [0x00000000f0000000,0x00000000f66543a8,0x00000000f8300000)
 Metaspace       used 52908K, capacity 55968K, committed 56192K, reserved 1097728K
  class space    used 6448K, capacity 6998K, committed 7040K, reserved 1048576K
}
{Heap before GC invocations=963 (full 0):
 PSYoungGen      total 126464K, used 126112K [0x00000000f8300000, 0x0000000100000000, 0x0000000100000000)
  eden space 124928K, 100% used [0x00000000f8300000,0x00000000ffd00000,0x00000000ffd00000)
  from space 1536K, 77% used [0x00000000ffe80000,0x00000000fffa8000,0x0000000100000000)
  to   space 1536K, 0% used [0x00000000ffd00000,0x00000000ffd00000,0x00000000ffe80000)
 ParOldGen       total 134144K, used 104784K [0x00000000f0000000, 0x00000000f8300000, 0x00000000f8300000)
  object space 134144K, 78% used [0x00000000f0000000,0x00000000f66543a8,0x00000000f8300000)
 Metaspace       used 52908K, capacity 55968K, committed 56192K, reserved 1097728K
  class space    used 6448K, capacity 6998K, committed 7040K, reserved 1048576K
2023-10-03T01:20:07.067+0800: 806.771: [GC (Allocation Failure) [PSYoungGen: 126112K->1120K(126464K)] 230896K->105984K(260608K), 0.0081289 secs] [Times: user=0.05 sys=0.00, real=0.01 secs] 
Heap after GC invocations=963 (full 0):
 PSYoungGen      total 126464K, used 1120K [0x00000000f8300000, 0x0000000100000000, 0x0000000100000000)
  eden space 124928K, 0% used [0x00000000f8300000,0x00000000f8300000,0x00000000ffd00000)
  from space 1536K, 72% used [0x00000000ffd00000,0x00000000ffe18000,0x00000000ffe80000)
  to   space 1536K, 0% used [0x00000000ffe80000,0x00000000ffe80000,0x0000000100000000)
 ParOldGen       total 134144K, used 104864K [0x00000000f0000000, 0x00000000f8300000, 0x00000000f8300000)
  object space 134144K, 78% used [0x00000000f0000000,0x00000000f66683a8,0x00000000f8300000)
 Metaspace       used 52908K, capacity 55968K, committed 56192K, reserved 1097728K
  class space    used 6448K, capacity 6998K, committed 7040K, reserved 1048576K
}
{Heap before GC invocations=964 (full 0):
 PSYoungGen      total 126464K, used 126048K [0x00000000f8300000, 0x0000000100000000, 0x0000000100000000)
  eden space 124928K, 100% used [0x00000000f8300000,0x00000000ffd00000,0x00000000ffd00000)
  from space 1536K, 72% used [0x00000000ffd00000,0x00000000ffe18000,0x00000000ffe80000)
  to   space 1536K, 0% used [0x00000000ffe80000,0x00000000ffe80000,0x0000000100000000)
 ParOldGen       total 134144K, used 104864K [0x00000000f0000000, 0x00000000f8300000, 0x00000000f8300000)
  object space 134144K, 78% used [0x00000000f0000000,0x00000000f66683a8,0x00000000f8300000)
 Metaspace       used 52908K, capacity 55968K, committed 56192K, reserved 1097728K
  class space    used 6448K, capacity 6998K, committed 7040K, reserved 1048576K
2023-10-03T01:20:07.694+0800: 807.399: [GC (Allocation Failure) [PSYoungGen: 126048K->1152K(126464K)] 230912K->106088K(260608K), 0.0084307 secs] [Times: user=0.05 sys=0.00, real=0.01 secs] 
Heap after GC invocations=964 (full 0):
 PSYoungGen      total 126464K, used 1152K [0x00000000f8300000, 0x0000000100000000, 0x0000000100000000)
  eden space 124928K, 0% used [0x00000000f8300000,0x00000000f8300000,0x00000000ffd00000)
  from space 1536K, 75% used [0x00000000ffe80000,0x00000000fffa0000,0x0000000100000000)
  to   space 1536K, 0% used [0x00000000ffd00000,0x00000000ffd00000,0x00000000ffe80000)
 ParOldGen       total 134144K, used 104936K [0x00000000f0000000, 0x00000000f8300000, 0x00000000f8300000)
  object space 134144K, 78% used [0x00000000f0000000,0x00000000f667a3a8,0x00000000f8300000)
 Metaspace       used 52908K, capacity 55968K, committed 56192K, reserved 1097728K
  class space    used 6448K, capacity 6998K, committed 7040K, reserved 1048576K
}
{Heap before GC invocations=965 (full 0):
 PSYoungGen      total 126464K, used 126080K [0x00000000f8300000, 0x0000000100000000, 0x0000000100000000)
  eden space 124928K, 100% used [0x00000000f8300000,0x00000000ffd00000,0x00000000ffd00000)
  from space 1536K, 75% used [0x00000000ffe80000,0x00000000fffa0000,0x0000000100000000)
  to   space 1536K, 0% used [0x00000000ffd00000,0x00000000ffd00000,0x00000000ffe80000)
 ParOldGen       total 134144K, used 104936K [0x00000000f0000000, 0x00000000f8300000, 0x00000000f8300000)
  object space 134144K, 78% used [0x00000000f0000000,0x00000000f667a3a8,0x00000000f8300000)
 Metaspace       used 52908K, capacity 55968K, committed 56192K, reserved 1097728K
  class space    used 6448K, capacity 6998K, committed 7040K, reserved 1048576K
2023-10-03T01:20:08.332+0800: 808.036: [GC (Allocation Failure) [PSYoungGen: 126080K->1152K(126464K)] 231016K->106168K(260608K), 0.0084330 secs] [Times: user=0.04 sys=0.00, real=0.01 secs] 
Heap after GC invocations=965 (full 0):
 PSYoungGen      total 126464K, used 1152K [0x00000000f8300000, 0x0000000100000000, 0x0000000100000000)
  eden space 124928K, 0% used [0x00000000f8300000,0x00000000f8300000,0x00000000ffd00000)
  from space 1536K, 75% used [0x00000000ffd00000,0x00000000ffe20000,0x00000000ffe80000)
  to   space 1536K, 0% used [0x00000000ffe80000,0x00000000ffe80000,0x0000000100000000)
 ParOldGen       total 134144K, used 105016K [0x00000000f0000000, 0x00000000f8300000, 0x00000000f8300000)
  object space 134144K, 78% used [0x00000000f0000000,0x00000000f668e3a8,0x00000000f8300000)
 Metaspace       used 52908K, capacity 55968K, committed 56192K, reserved 1097728K
  class space    used 6448K, capacity 6998K, committed 7040K, reserved 1048576K
}
{Heap before GC invocations=966 (full 0):
 PSYoungGen      total 126464K, used 126080K [0x00000000f8300000, 0x0000000100000000, 0x0000000100000000)
  eden space 124928K, 100% used [0x00000000f8300000,0x00000000ffd00000,0x00000000ffd00000)
  from space 1536K, 75% used [0x00000000ffd00000,0x00000000ffe20000,0x00000000ffe80000)
  to   space 1536K, 0% used [0x00000000ffe80000,0x00000000ffe80000,0x0000000100000000)
 ParOldGen       total 134144K, used 105016K [0x00000000f0000000, 0x00000000f8300000, 0x00000000f8300000)
  object space 134144K, 78% used [0x00000000f0000000,0x00000000f668e3a8,0x00000000f8300000)
 Metaspace       used 52908K, capacity 55968K, committed 56192K, reserved 1097728K
  class space    used 6448K, capacity 6998K, committed 7040K, reserved 1048576K
2023-10-03T01:20:08.967+0800: 808.672: [GC (Allocation Failure) [PSYoungGen: 126080K->1184K(126464K)] 231096K->106280K(260608K), 0.0084415 secs] [Times: user=0.05 sys=0.00, real=0.01 secs] 
Heap after GC invocations=966 (full 0):
 PSYoungGen      total 126464K, used 1184K [0x00000000f8300000, 0x0000000100000000, 0x0000000100000000)
  eden space 124928K, 0% used [0x00000000f8300000,0x00000000f8300000,0x00000000ffd00000)
  from space 1536K, 77% used [0x00000000ffe80000,0x00000000fffa8000,0x0000000100000000)
  to   space 1536K, 0% used [0x00000000ffd00000,0x00000000ffd00000,0x00000000ffe80000)
 ParOldGen       total 134144K, used 105096K [0x00000000f0000000, 0x00000000f8300000, 0x00000000f8300000)
  object space 134144K, 78% used [0x00000000f0000000,0x00000000f66a23a8,0x00000000f8300000)
 Metaspace       used 52908K, capacity 55968K, committed 56192K, reserved 1097728K
  class space    used 6448K, capacity 6998K, committed 7040K, reserved 1048576K
}
{Heap before GC invocations=967 (full 0):
 PSYoungGen      total 126464K, used 126112K [0x00000000f8300000, 0x0000000100000000, 0x0000000100000000)
  eden space 124928K, 100% used [0x00000000f8300000,0x00000000ffd00000,0x00000000ffd00000)
  from space 1536K, 77% used [0x00000000ffe80000,0x00000000fffa8000,0x0000000100000000)
  to   space 1536K, 0% used [0x00000000ffd00000,0x00000000ffd00000,0x00000000ffe80000)
 ParOldGen       total 134144K, used 105096K [0x00000000f0000000, 0x00000000f8300000, 0x00000000f8300000)
  object space 134144K, 78% used [0x00000000f0000000,0x00000000f66a23a8,0x00000000f8300000)
 Metaspace       used 52908K, capacity 55968K, committed 56192K, reserved 1097728K
  class space    used 6448K, capacity 6998K, committed 7040K, reserved 1048576K
2023-10-03T01:20:09.612+0800: 809.317: [GC (Allocation Failure) [PSYoungGen: 126112K->1152K(126464K)] 231208K->106328K(260608K), 0.0083057 secs] [Times: user=0.05 sys=0.00, real=0.00 secs] 
Heap after GC invocations=967 (full 0):
 PSYoungGen      total 126464K, used 1152K [0x00000000f8300000, 0x0000000100000000, 0x0000000100000000)
  eden space 124928K, 0% used [0x00000000f8300000,0x00000000f8300000,0x00000000ffd00000)
  from space 1536K, 75% used [0x00000000ffd00000,0x00000000ffe20000,0x00000000ffe80000)
  to   space 1536K, 0% used [0x00000000ffe80000,0x00000000ffe80000,0x0000000100000000)
 ParOldGen       total 134144K, used 105176K [0x00000000f0000000, 0x00000000f8300000, 0x00000000f8300000)
  object space 134144K, 78% used [0x00000000f0000000,0x00000000f66b63a8,0x00000000f8300000)
 Metaspace       used 52908K, capacity 55968K, committed 56192K, reserved 1097728K
  class space    used 6448K, capacity 6998K, committed 7040K, reserved 1048576K
}
{Heap before GC invocations=968 (full 0):
 PSYoungGen      total 126464K, used 126080K [0x00000000f8300000, 0x0000000100000000, 0x0000000100000000)
  eden space 124928K, 100% used [0x00000000f8300000,0x00000000ffd00000,0x00000000ffd00000)
  from space 1536K, 75% used [0x00000000ffd00000,0x00000000ffe20000,0x00000000ffe80000)
  to   space 1536K, 0% used [0x00000000ffe80000,0x00000000ffe80000,0x0000000100000000)
 ParOldGen       total 134144K, used 105176K [0x00000000f0000000, 0x00000000f8300000, 0x00000000f8300000)
  object space 134144K, 78% used [0x00000000f0000000,0x00000000f66b63a8,0x00000000f8300000)
 Metaspace       used 52908K, capacity 55968K, committed 56192K, reserved 1097728K
  class space    used 6448K, capacity 6998K, committed 7040K, reserved 1048576K
2023-10-03T01:20:10.239+0800: 809.944: [GC (Allocation Failure) [PSYoungGen: 126080K->1184K(126464K)] 231256K->106440K(260608K), 0.0080597 secs] [Times: user=0.05 sys=0.01, real=0.01 secs] 
Heap after GC invocations=968 (full 0):
 PSYoungGen      total 126464K, used 1184K [0x00000000f8300000, 0x0000000100000000, 0x0000000100000000)
  eden space 124928K, 0% used [0x00000000f8300000,0x00000000f8300000,0x00000000ffd00000)
  from space 1536K, 77% used [0x00000000ffe80000,0x00000000fffa8000,0x0000000100000000)
  to   space 1536K, 0% used [0x00000000ffd00000,0x00000000ffd00000,0x00000000ffe80000)
 ParOldGen       total 134144K, used 105256K [0x00000000f0000000, 0x00000000f8300000, 0x00000000f8300000)
  object space 134144K, 78% used [0x00000000f0000000,0x00000000f66ca3a8,0x00000000f8300000)
 Metaspace       used 52908K, capacity 55968K, committed 56192K, reserved 1097728K
  class space    used 6448K, capacity 6998K, committed 7040K, reserved 1048576K
}
{Heap before GC invocations=969 (full 0):
 PSYoungGen      total 126464K, used 126112K [0x00000000f8300000, 0x0000000100000000, 0x0000000100000000)
  eden space 124928K, 100% used [0x00000000f8300000,0x00000000ffd00000,0x00000000ffd00000)
  from space 1536K, 77% used [0x00000000ffe80000,0x00000000fffa8000,0x0000000100000000)
  to   space 1536K, 0% used [0x00000000ffd00000,0x00000000ffd00000,0x00000000ffe80000)
 ParOldGen       total 134144K, used 105256K [0x00000000f0000000, 0x00000000f8300000, 0x00000000f8300000)
  object space 134144K, 78% used [0x00000000f0000000,0x00000000f66ca3a8,0x00000000f8300000)
 Metaspace       used 52908K, capacity 55968K, committed 56192K, reserved 1097728K
  class space    used 6448K, capacity 6998K, committed 7040K, reserved 1048576K
2023-10-03T01:20:10.861+0800: 810.565: [GC (Allocation Failure) [PSYoungGen: 126112K->1280K(126464K)] 231368K->106616K(260608K), 0.0084332 secs] [Times: user=0.05 sys=0.00, real=0.01 secs] 
Heap after GC invocations=969 (full 0):
 PSYoungGen      total 126464K, used 1280K [0x00000000f8300000, 0x0000000100000000, 0x0000000100000000)
  eden space 124928K, 0% used [0x00000000f8300000,0x00000000f8300000,0x00000000ffd00000)
  from space 1536K, 83% used [0x00000000ffd00000,0x00000000ffe40000,0x00000000ffe80000)
  to   space 1536K, 0% used [0x00000000ffe80000,0x00000000ffe80000,0x0000000100000000)
 ParOldGen       total 134144K, used 105336K [0x00000000f0000000, 0x00000000f8300000, 0x00000000f8300000)
  object space 134144K, 78% used [0x00000000f0000000,0x00000000f66de3a8,0x00000000f8300000)
 Metaspace       used 52908K, capacity 55968K, committed 56192K, reserved 1097728K
  class space    used 6448K, capacity 6998K, committed 7040K, reserved 1048576K
}
{Heap before GC invocations=970 (full 0):
 PSYoungGen      total 126464K, used 126208K [0x00000000f8300000, 0x0000000100000000, 0x0000000100000000)
  eden space 124928K, 100% used [0x00000000f8300000,0x00000000ffd00000,0x00000000ffd00000)
  from space 1536K, 83% used [0x00000000ffd00000,0x00000000ffe40000,0x00000000ffe80000)
  to   space 1536K, 0% used [0x00000000ffe80000,0x00000000ffe80000,0x0000000100000000)
 ParOldGen       total 134144K, used 105336K [0x00000000f0000000, 0x00000000f8300000, 0x00000000f8300000)
  object space 134144K, 78% used [0x00000000f0000000,0x00000000f66de3a8,0x00000000f8300000)
 Metaspace       used 52908K, capacity 55968K, committed 56192K, reserved 1097728K
  class space    used 6448K, capacity 6998K, committed 7040K, reserved 1048576K
2023-10-03T01:20:11.462+0800: 811.167: [GC (Allocation Failure) [PSYoungGen: 126208K->1184K(126464K)] 231544K->106600K(260608K), 0.0083469 secs] [Times: user=0.05 sys=0.01, real=0.01 secs] 
Heap after GC invocations=970 (full 0):
 PSYoungGen      total 126464K, used 1184K [0x00000000f8300000, 0x0000000100000000, 0x0000000100000000)
  eden space 124928K, 0% used [0x00000000f8300000,0x00000000f8300000,0x00000000ffd00000)
  from space 1536K, 77% used [0x00000000ffe80000,0x00000000fffa8000,0x0000000100000000)
  to   space 1536K, 0% used [0x00000000ffd00000,0x00000000ffd00000,0x00000000ffe80000)
 ParOldGen       total 134144K, used 105416K [0x00000000f0000000, 0x00000000f8300000, 0x00000000f8300000)
  object space 134144K, 78% used [0x00000000f0000000,0x00000000f66f23a8,0x00000000f8300000)
 Metaspace       used 52908K, capacity 55968K, committed 56192K, reserved 1097728K
  class space    used 6448K, capacity 6998K, committed 7040K, reserved 1048576K
}
{Heap before GC invocations=971 (full 0):
 PSYoungGen      total 126464K, used 126112K [0x00000000f8300000, 0x0000000100000000, 0x0000000100000000)
  eden space 124928K, 100% used [0x00000000f8300000,0x00000000ffd00000,0x00000000ffd00000)
  from space 1536K, 77% used [0x00000000ffe80000,0x00000000fffa8000,0x0000000100000000)
  to   space 1536K, 0% used [0x00000000ffd00000,0x00000000ffd00000,0x00000000ffe80000)
 ParOldGen       total 134144K, used 105416K [0x00000000f0000000, 0x00000000f8300000, 0x00000000f8300000)
  object space 134144K, 78% used [0x00000000f0000000,0x00000000f66f23a8,0x00000000f8300000)
 Metaspace       used 52908K, capacity 55968K, committed 56192K, reserved 1097728K
  class space    used 6448K, capacity 6998K, committed 7040K, reserved 1048576K
2023-10-03T01:20:12.092+0800: 811.797: [GC (Allocation Failure) [PSYoungGen: 126112K->1216K(126464K)] 231528K->106712K(260608K), 0.0081889 secs] [Times: user=0.05 sys=0.00, real=0.00 secs] 
Heap after GC invocations=971 (full 0):
 PSYoungGen      total 126464K, used 1216K [0x00000000f8300000, 0x0000000100000000, 0x0000000100000000)
  eden space 124928K, 0% used [0x00000000f8300000,0x00000000f8300000,0x00000000ffd00000)
  from space 1536K, 79% used [0x00000000ffd00000,0x00000000ffe30000,0x00000000ffe80000)
  to   space 1536K, 0% used [0x00000000ffe80000,0x00000000ffe80000,0x0000000100000000)
 ParOldGen       total 134144K, used 105496K [0x00000000f0000000, 0x00000000f8300000, 0x00000000f8300000)
  object space 134144K, 78% used [0x00000000f0000000,0x00000000f67063a8,0x00000000f8300000)
 Metaspace       used 52908K, capacity 55968K, committed 56192K, reserved 1097728K
  class space    used 6448K, capacity 6998K, committed 7040K, reserved 1048576K
}
{Heap before GC invocations=972 (full 0):
 PSYoungGen      total 126464K, used 126144K [0x00000000f8300000, 0x0000000100000000, 0x0000000100000000)
  eden space 124928K, 100% used [0x00000000f8300000,0x00000000ffd00000,0x00000000ffd00000)
  from space 1536K, 79% used [0x00000000ffd00000,0x00000000ffe30000,0x00000000ffe80000)
  to   space 1536K, 0% used [0x00000000ffe80000,0x00000000ffe80000,0x0000000100000000)
 ParOldGen       total 134144K, used 105496K [0x00000000f0000000, 0x00000000f8300000, 0x00000000f8300000)
  object space 134144K, 78% used [0x00000000f0000000,0x00000000f67063a8,0x00000000f8300000)
 Metaspace       used 52908K, capacity 55968K, committed 56192K, reserved 1097728K
  class space    used 6448K, capacity 6998K, committed 7040K, reserved 1048576K
2023-10-03T01:20:12.726+0800: 812.430: [GC (Allocation Failure) [PSYoungGen: 126144K->1184K(126464K)] 231640K->106760K(260608K), 0.0083049 secs] [Times: user=0.05 sys=0.00, real=0.01 secs] 
Heap after GC invocations=972 (full 0):
 PSYoungGen      total 126464K, used 1184K [0x00000000f8300000, 0x0000000100000000, 0x0000000100000000)
  eden space 124928K, 0% used [0x00000000f8300000,0x00000000f8300000,0x00000000ffd00000)
  from space 1536K, 77% used [0x00000000ffe80000,0x00000000fffa8000,0x0000000100000000)
  to   space 1536K, 0% used [0x00000000ffd00000,0x00000000ffd00000,0x00000000ffe80000)
 ParOldGen       total 134144K, used 105576K [0x00000000f0000000, 0x00000000f8300000, 0x00000000f8300000)
  object space 134144K, 78% used [0x00000000f0000000,0x00000000f671a3a8,0x00000000f8300000)
 Metaspace       used 52908K, capacity 55968K, committed 56192K, reserved 1097728K
  class space    used 6448K, capacity 6998K, committed 7040K, reserved 1048576K
}
{Heap before GC invocations=973 (full 0):
 PSYoungGen      total 126464K, used 126112K [0x00000000f8300000, 0x0000000100000000, 0x0000000100000000)
  eden space 124928K, 100% used [0x00000000f8300000,0x00000000ffd00000,0x00000000ffd00000)
  from space 1536K, 77% used [0x00000000ffe80000,0x00000000fffa8000,0x0000000100000000)
  to   space 1536K, 0% used [0x00000000ffd00000,0x00000000ffd00000,0x00000000ffe80000)
 ParOldGen       total 134144K, used 105576K [0x00000000f0000000, 0x00000000f8300000, 0x00000000f8300000)
  object space 134144K, 78% used [0x00000000f0000000,0x00000000f671a3a8,0x00000000f8300000)
 Metaspace       used 52908K, capacity 55968K, committed 56192K, reserved 1097728K
  class space    used 6448K, capacity 6998K, committed 7040K, reserved 1048576K
2023-10-03T01:20:13.347+0800: 813.052: [GC (Allocation Failure) [PSYoungGen: 126112K->1184K(126464K)] 231688K->106840K(260608K), 0.0080594 secs] [Times: user=0.05 sys=0.00, real=0.01 secs] 
Heap after GC invocations=973 (full 0):
 PSYoungGen      total 126464K, used 1184K [0x00000000f8300000, 0x0000000100000000, 0x0000000100000000)
  eden space 124928K, 0% used [0x00000000f8300000,0x00000000f8300000,0x00000000ffd00000)
  from space 1536K, 77% used [0x00000000ffd00000,0x00000000ffe28000,0x00000000ffe80000)
  to   space 1536K, 0% used [0x00000000ffe80000,0x00000000ffe80000,0x0000000100000000)
 ParOldGen       total 134144K, used 105656K [0x00000000f0000000, 0x00000000f8300000, 0x00000000f8300000)
  object space 134144K, 78% used [0x00000000f0000000,0x00000000f672e3a8,0x00000000f8300000)
 Metaspace       used 52908K, capacity 55968K, committed 56192K, reserved 1097728K
  class space    used 6448K, capacity 6998K, committed 7040K, reserved 1048576K
}
{Heap before GC invocations=974 (full 0):
 PSYoungGen      total 126464K, used 126112K [0x00000000f8300000, 0x0000000100000000, 0x0000000100000000)
  eden space 124928K, 100% used [0x00000000f8300000,0x00000000ffd00000,0x00000000ffd00000)
  from space 1536K, 77% used [0x00000000ffd00000,0x00000000ffe28000,0x00000000ffe80000)
  to   space 1536K, 0% used [0x00000000ffe80000,0x00000000ffe80000,0x0000000100000000)
 ParOldGen       total 134144K, used 105656K [0x00000000f0000000, 0x00000000f8300000, 0x00000000f8300000)
  object space 134144K, 78% used [0x00000000f0000000,0x00000000f672e3a8,0x00000000f8300000)
 Metaspace       used 52908K, capacity 55968K, committed 56192K, reserved 1097728K
  class space    used 6448K, capacity 6998K, committed 7040K, reserved 1048576K
2023-10-03T01:20:13.983+0800: 813.687: [GC (Allocation Failure) [PSYoungGen: 126112K->1152K(126464K)] 231768K->106888K(260608K), 0.0083469 secs] [Times: user=0.05 sys=0.00, real=0.00 secs] 
Heap after GC invocations=974 (full 0):
 PSYoungGen      total 126464K, used 1152K [0x00000000f8300000, 0x0000000100000000, 0x0000000100000000)
  eden space 124928K, 0% used [0x00000000f8300000,0x00000000f8300000,0x00000000ffd00000)
  from space 1536K, 75% used [0x00000000ffe80000,0x00000000fffa0000,0x0000000100000000)
  to   space 1536K, 0% used [0x00000000ffd00000,0x00000000ffd00000,0x00000000ffe80000)
 ParOldGen       total 134144K, used 105736K [0x00000000f0000000, 0x00000000f8300000, 0x00000000f8300000)
  object space 134144K, 78% used [0x00000000f0000000,0x00000000f67423a8,0x00000000f8300000)
 Metaspace       used 52908K, capacity 55968K, committed 56192K, reserved 1097728K
  class space    used 6448K, capacity 6998K, committed 7040K, reserved 1048576K
}
{Heap before GC invocations=975 (full 0):
 PSYoungGen      total 126464K, used 126080K [0x00000000f8300000, 0x0000000100000000, 0x0000000100000000)
  eden space 124928K, 100% used [0x00000000f8300000,0x00000000ffd00000,0x00000000ffd00000)
  from space 1536K, 75% used [0x00000000ffe80000,0x00000000fffa0000,0x0000000100000000)
  to   space 1536K, 0% used [0x00000000ffd00000,0x00000000ffd00000,0x00000000ffe80000)
 ParOldGen       total 134144K, used 105736K [0x00000000f0000000, 0x00000000f8300000, 0x00000000f8300000)
  object space 134144K, 78% used [0x00000000f0000000,0x00000000f67423a8,0x00000000f8300000)
 Metaspace       used 52908K, capacity 55968K, committed 56192K, reserved 1097728K
  class space    used 6448K, capacity 6998K, committed 7040K, reserved 1048576K
2023-10-03T01:20:14.618+0800: 814.322: [GC (Allocation Failure) [PSYoungGen: 126080K->1248K(126464K)] 231816K->107048K(260608K), 0.0081075 secs] [Times: user=0.05 sys=0.00, real=0.01 secs] 
Heap after GC invocations=975 (full 0):
 PSYoungGen      total 126464K, used 1248K [0x00000000f8300000, 0x0000000100000000, 0x0000000100000000)
  eden space 124928K, 0% used [0x00000000f8300000,0x00000000f8300000,0x00000000ffd00000)
  from space 1536K, 81% used [0x00000000ffd00000,0x00000000ffe38000,0x00000000ffe80000)
  to   space 1536K, 0% used [0x00000000ffe80000,0x00000000ffe80000,0x0000000100000000)
 ParOldGen       total 134144K, used 105800K [0x00000000f0000000, 0x00000000f8300000, 0x00000000f8300000)
  object space 134144K, 78% used [0x00000000f0000000,0x00000000f67523a8,0x00000000f8300000)
 Metaspace       used 52908K, capacity 55968K, committed 56192K, reserved 1097728K
  class space    used 6448K, capacity 6998K, committed 7040K, reserved 1048576K
}
{Heap before GC invocations=976 (full 0):
 PSYoungGen      total 126464K, used 126176K [0x00000000f8300000, 0x0000000100000000, 0x0000000100000000)
  eden space 124928K, 100% used [0x00000000f8300000,0x00000000ffd00000,0x00000000ffd00000)
  from space 1536K, 81% used [0x00000000ffd00000,0x00000000ffe38000,0x00000000ffe80000)
  to   space 1536K, 0% used [0x00000000ffe80000,0x00000000ffe80000,0x0000000100000000)
 ParOldGen       total 134144K, used 105800K [0x00000000f0000000, 0x00000000f8300000, 0x00000000f8300000)
  object space 134144K, 78% used [0x00000000f0000000,0x00000000f67523a8,0x00000000f8300000)
 Metaspace       used 52908K, capacity 55968K, committed 56192K, reserved 1097728K
  class space    used 6448K, capacity 6998K, committed 7040K, reserved 1048576K
2023-10-03T01:20:15.250+0800: 814.955: [GC (Allocation Failure) [PSYoungGen: 126176K->1120K(126464K)] 231976K->107008K(260608K), 0.0085512 secs] [Times: user=0.05 sys=0.00, real=0.01 secs] 
Heap after GC invocations=976 (full 0):
 PSYoungGen      total 126464K, used 1120K [0x00000000f8300000, 0x0000000100000000, 0x0000000100000000)
  eden space 124928K, 0% used [0x00000000f8300000,0x00000000f8300000,0x00000000ffd00000)
  from space 1536K, 72% used [0x00000000ffe80000,0x00000000fff98000,0x0000000100000000)
  to   space 1536K, 0% used [0x00000000ffd00000,0x00000000ffd00000,0x00000000ffe80000)
 ParOldGen       total 134144K, used 105888K [0x00000000f0000000, 0x00000000f8300000, 0x00000000f8300000)
  object space 134144K, 78% used [0x00000000f0000000,0x00000000f67683a8,0x00000000f8300000)
 Metaspace       used 52908K, capacity 55968K, committed 56192K, reserved 1097728K
  class space    used 6448K, capacity 6998K, committed 7040K, reserved 1048576K
}
{Heap before GC invocations=977 (full 0):
 PSYoungGen      total 126464K, used 126048K [0x00000000f8300000, 0x0000000100000000, 0x0000000100000000)
  eden space 124928K, 100% used [0x00000000f8300000,0x00000000ffd00000,0x00000000ffd00000)
  from space 1536K, 72% used [0x00000000ffe80000,0x00000000fff98000,0x0000000100000000)
  to   space 1536K, 0% used [0x00000000ffd00000,0x00000000ffd00000,0x00000000ffe80000)
 ParOldGen       total 134144K, used 105888K [0x00000000f0000000, 0x00000000f8300000, 0x00000000f8300000)
  object space 134144K, 78% used [0x00000000f0000000,0x00000000f67683a8,0x00000000f8300000)
 Metaspace       used 52908K, capacity 55968K, committed 56192K, reserved 1097728K
  class space    used 6448K, capacity 6998K, committed 7040K, reserved 1048576K
2023-10-03T01:20:15.887+0800: 815.591: [GC (Allocation Failure) [PSYoungGen: 126048K->1216K(126464K)] 231936K->107184K(260608K), 0.0080346 secs] [Times: user=0.05 sys=0.00, real=0.01 secs] 
Heap after GC invocations=977 (full 0):
 PSYoungGen      total 126464K, used 1216K [0x00000000f8300000, 0x0000000100000000, 0x0000000100000000)
  eden space 124928K, 0% used [0x00000000f8300000,0x00000000f8300000,0x00000000ffd00000)
  from space 1536K, 79% used [0x00000000ffd00000,0x00000000ffe30000,0x00000000ffe80000)
  to   space 1536K, 0% used [0x00000000ffe80000,0x00000000ffe80000,0x0000000100000000)
 ParOldGen       total 134144K, used 105968K [0x00000000f0000000, 0x00000000f8300000, 0x00000000f8300000)
  object space 134144K, 78% used [0x00000000f0000000,0x00000000f677c3a8,0x00000000f8300000)
 Metaspace       used 52908K, capacity 55968K, committed 56192K, reserved 1097728K
  class space    used 6448K, capacity 6998K, committed 7040K, reserved 1048576K
}
{Heap before GC invocations=978 (full 0):
 PSYoungGen      total 126464K, used 126144K [0x00000000f8300000, 0x0000000100000000, 0x0000000100000000)
  eden space 124928K, 100% used [0x00000000f8300000,0x00000000ffd00000,0x00000000ffd00000)
  from space 1536K, 79% used [0x00000000ffd00000,0x00000000ffe30000,0x00000000ffe80000)
  to   space 1536K, 0% used [0x00000000ffe80000,0x00000000ffe80000,0x0000000100000000)
 ParOldGen       total 134144K, used 105968K [0x00000000f0000000, 0x00000000f8300000, 0x00000000f8300000)
  object space 134144K, 78% used [0x00000000f0000000,0x00000000f677c3a8,0x00000000f8300000)
 Metaspace       used 52908K, capacity 55968K, committed 56192K, reserved 1097728K
  class space    used 6448K, capacity 6998K, committed 7040K, reserved 1048576K
2023-10-03T01:20:16.523+0800: 816.228: [GC (Allocation Failure) [PSYoungGen: 126144K->1120K(126464K)] 232112K->107176K(260608K), 0.0081154 secs] [Times: user=0.05 sys=0.00, real=0.00 secs] 
Heap after GC invocations=978 (full 0):
 PSYoungGen      total 126464K, used 1120K [0x00000000f8300000, 0x0000000100000000, 0x0000000100000000)
  eden space 124928K, 0% used [0x00000000f8300000,0x00000000f8300000,0x00000000ffd00000)
  from space 1536K, 72% used [0x00000000ffe80000,0x00000000fff98000,0x0000000100000000)
  to   space 1536K, 0% used [0x00000000ffd00000,0x00000000ffd00000,0x00000000ffe80000)
 ParOldGen       total 134144K, used 106056K [0x00000000f0000000, 0x00000000f8300000, 0x00000000f8300000)
  object space 134144K, 79% used [0x00000000f0000000,0x00000000f67923a8,0x00000000f8300000)
 Metaspace       used 52908K, capacity 55968K, committed 56192K, reserved 1097728K
  class space    used 6448K, capacity 6998K, committed 7040K, reserved 1048576K
}
{Heap before GC invocations=979 (full 0):
 PSYoungGen      total 126464K, used 126048K [0x00000000f8300000, 0x0000000100000000, 0x0000000100000000)
  eden space 124928K, 100% used [0x00000000f8300000,0x00000000ffd00000,0x00000000ffd00000)
  from space 1536K, 72% used [0x00000000ffe80000,0x00000000fff98000,0x0000000100000000)
  to   space 1536K, 0% used [0x00000000ffd00000,0x00000000ffd00000,0x00000000ffe80000)
 ParOldGen       total 134144K, used 106056K [0x00000000f0000000, 0x00000000f8300000, 0x00000000f8300000)
  object space 134144K, 79% used [0x00000000f0000000,0x00000000f67923a8,0x00000000f8300000)
 Metaspace       used 52908K, capacity 55968K, committed 56192K, reserved 1097728K
  class space    used 6448K, capacity 6998K, committed 7040K, reserved 1048576K
2023-10-03T01:20:17.148+0800: 816.853: [GC (Allocation Failure) [PSYoungGen: 126048K->1152K(126464K)] 232104K->107288K(260608K), 0.0075990 secs] [Times: user=0.04 sys=0.01, real=0.01 secs] 
Heap after GC invocations=979 (full 0):
 PSYoungGen      total 126464K, used 1152K [0x00000000f8300000, 0x0000000100000000, 0x0000000100000000)
  eden space 124928K, 0% used [0x00000000f8300000,0x00000000f8300000,0x00000000ffd00000)
  from space 1536K, 75% used [0x00000000ffd00000,0x00000000ffe20000,0x00000000ffe80000)
  to   space 1536K, 0% used [0x00000000ffe80000,0x00000000ffe80000,0x0000000100000000)
 ParOldGen       total 134144K, used 106136K [0x00000000f0000000, 0x00000000f8300000, 0x00000000f8300000)
  object space 134144K, 79% used [0x00000000f0000000,0x00000000f67a63a8,0x00000000f8300000)
 Metaspace       used 52908K, capacity 55968K, committed 56192K, reserved 1097728K
  class space    used 6448K, capacity 6998K, committed 7040K, reserved 1048576K
}
{Heap before GC invocations=980 (full 0):
 PSYoungGen      total 126464K, used 126080K [0x00000000f8300000, 0x0000000100000000, 0x0000000100000000)
  eden space 124928K, 100% used [0x00000000f8300000,0x00000000ffd00000,0x00000000ffd00000)
  from space 1536K, 75% used [0x00000000ffd00000,0x00000000ffe20000,0x00000000ffe80000)
  to   space 1536K, 0% used [0x00000000ffe80000,0x00000000ffe80000,0x0000000100000000)
 ParOldGen       total 134144K, used 106136K [0x00000000f0000000, 0x00000000f8300000, 0x00000000f8300000)
  object space 134144K, 79% used [0x00000000f0000000,0x00000000f67a63a8,0x00000000f8300000)
 Metaspace       used 52908K, capacity 55968K, committed 56192K, reserved 1097728K
  class space    used 6448K, capacity 6998K, committed 7040K, reserved 1048576K
2023-10-03T01:20:17.781+0800: 817.486: [GC (Allocation Failure) [PSYoungGen: 126080K->1216K(126464K)] 232216K->107416K(260608K), 0.0080950 secs] [Times: user=0.05 sys=0.00, real=0.01 secs] 
Heap after GC invocations=980 (full 0):
 PSYoungGen      total 126464K, used 1216K [0x00000000f8300000, 0x0000000100000000, 0x0000000100000000)
  eden space 124928K, 0% used [0x00000000f8300000,0x00000000f8300000,0x00000000ffd00000)
  from space 1536K, 79% used [0x00000000ffe80000,0x00000000fffb0000,0x0000000100000000)
  to   space 1536K, 0% used [0x00000000ffd00000,0x00000000ffd00000,0x00000000ffe80000)
 ParOldGen       total 134144K, used 106200K [0x00000000f0000000, 0x00000000f8300000, 0x00000000f8300000)
  object space 134144K, 79% used [0x00000000f0000000,0x00000000f67b63a8,0x00000000f8300000)
 Metaspace       used 52908K, capacity 55968K, committed 56192K, reserved 1097728K
  class space    used 6448K, capacity 6998K, committed 7040K, reserved 1048576K
}
{Heap before GC invocations=981 (full 0):
 PSYoungGen      total 126464K, used 126144K [0x00000000f8300000, 0x0000000100000000, 0x0000000100000000)
  eden space 124928K, 100% used [0x00000000f8300000,0x00000000ffd00000,0x00000000ffd00000)
  from space 1536K, 79% used [0x00000000ffe80000,0x00000000fffb0000,0x0000000100000000)
  to   space 1536K, 0% used [0x00000000ffd00000,0x00000000ffd00000,0x00000000ffe80000)
 ParOldGen       total 134144K, used 106200K [0x00000000f0000000, 0x00000000f8300000, 0x00000000f8300000)
  object space 134144K, 79% used [0x00000000f0000000,0x00000000f67b63a8,0x00000000f8300000)
 Metaspace       used 52908K, capacity 55968K, committed 56192K, reserved 1097728K
  class space    used 6448K, capacity 6998K, committed 7040K, reserved 1048576K
2023-10-03T01:20:18.405+0800: 818.109: [GC (Allocation Failure) [PSYoungGen: 126144K->1216K(126464K)] 232344K->107504K(260608K), 0.0075935 secs] [Times: user=0.05 sys=0.00, real=0.01 secs] 
Heap after GC invocations=981 (full 0):
 PSYoungGen      total 126464K, used 1216K [0x00000000f8300000, 0x0000000100000000, 0x0000000100000000)
  eden space 124928K, 0% used [0x00000000f8300000,0x00000000f8300000,0x00000000ffd00000)
  from space 1536K, 79% used [0x00000000ffd00000,0x00000000ffe30000,0x00000000ffe80000)
  to   space 1536K, 0% used [0x00000000ffe80000,0x00000000ffe80000,0x0000000100000000)
 ParOldGen       total 134144K, used 106288K [0x00000000f0000000, 0x00000000f8300000, 0x00000000f8300000)
  object space 134144K, 79% used [0x00000000f0000000,0x00000000f67cc3a8,0x00000000f8300000)
 Metaspace       used 52908K, capacity 55968K, committed 56192K, reserved 1097728K
  class space    used 6448K, capacity 6998K, committed 7040K, reserved 1048576K
}
{Heap before GC invocations=982 (full 0):
 PSYoungGen      total 126464K, used 126144K [0x00000000f8300000, 0x0000000100000000, 0x0000000100000000)
  eden space 124928K, 100% used [0x00000000f8300000,0x00000000ffd00000,0x00000000ffd00000)
  from space 1536K, 79% used [0x00000000ffd00000,0x00000000ffe30000,0x00000000ffe80000)
  to   space 1536K, 0% used [0x00000000ffe80000,0x00000000ffe80000,0x0000000100000000)
 ParOldGen       total 134144K, used 106288K [0x00000000f0000000, 0x00000000f8300000, 0x00000000f8300000)
  object space 134144K, 79% used [0x00000000f0000000,0x00000000f67cc3a8,0x00000000f8300000)
 Metaspace       used 52908K, capacity 55968K, committed 56192K, reserved 1097728K
  class space    used 6448K, capacity 6998K, committed 7040K, reserved 1048576K
2023-10-03T01:20:19.036+0800: 818.740: [GC (Allocation Failure) [PSYoungGen: 126144K->1216K(126464K)] 232432K->107584K(260608K), 0.0083355 secs] [Times: user=0.05 sys=0.00, real=0.01 secs] 
Heap after GC invocations=982 (full 0):
 PSYoungGen      total 126464K, used 1216K [0x00000000f8300000, 0x0000000100000000, 0x0000000100000000)
  eden space 124928K, 0% used [0x00000000f8300000,0x00000000f8300000,0x00000000ffd00000)
  from space 1536K, 79% used [0x00000000ffe80000,0x00000000fffb0000,0x0000000100000000)
  to   space 1536K, 0% used [0x00000000ffd00000,0x00000000ffd00000,0x00000000ffe80000)
 ParOldGen       total 134144K, used 106368K [0x00000000f0000000, 0x00000000f8300000, 0x00000000f8300000)
  object space 134144K, 79% used [0x00000000f0000000,0x00000000f67e03a8,0x00000000f8300000)
 Metaspace       used 52908K, capacity 55968K, committed 56192K, reserved 1097728K
  class space    used 6448K, capacity 6998K, committed 7040K, reserved 1048576K
}
{Heap before GC invocations=983 (full 0):
 PSYoungGen      total 126464K, used 126144K [0x00000000f8300000, 0x0000000100000000, 0x0000000100000000)
  eden space 124928K, 100% used [0x00000000f8300000,0x00000000ffd00000,0x00000000ffd00000)
  from space 1536K, 79% used [0x00000000ffe80000,0x00000000fffb0000,0x0000000100000000)
  to   space 1536K, 0% used [0x00000000ffd00000,0x00000000ffd00000,0x00000000ffe80000)
 ParOldGen       total 134144K, used 106368K [0x00000000f0000000, 0x00000000f8300000, 0x00000000f8300000)
  object space 134144K, 79% used [0x00000000f0000000,0x00000000f67e03a8,0x00000000f8300000)
 Metaspace       used 52908K, capacity 55968K, committed 56192K, reserved 1097728K
  class space    used 6448K, capacity 6998K, committed 7040K, reserved 1048576K
2023-10-03T01:20:19.671+0800: 819.375: [GC (Allocation Failure) [PSYoungGen: 126144K->1248K(126464K)] 232512K->107696K(260608K), 0.0082843 secs] [Times: user=0.05 sys=0.00, real=0.01 secs] 
Heap after GC invocations=983 (full 0):
 PSYoungGen      total 126464K, used 1248K [0x00000000f8300000, 0x0000000100000000, 0x0000000100000000)
  eden space 124928K, 0% used [0x00000000f8300000,0x00000000f8300000,0x00000000ffd00000)
  from space 1536K, 81% used [0x00000000ffd00000,0x00000000ffe38000,0x00000000ffe80000)
  to   space 1536K, 0% used [0x00000000ffe80000,0x00000000ffe80000,0x0000000100000000)
 ParOldGen       total 134144K, used 106448K [0x00000000f0000000, 0x00000000f8300000, 0x00000000f8300000)
  object space 134144K, 79% used [0x00000000f0000000,0x00000000f67f43a8,0x00000000f8300000)
 Metaspace       used 52908K, capacity 55968K, committed 56192K, reserved 1097728K
  class space    used 6448K, capacity 6998K, committed 7040K, reserved 1048576K
}
{Heap before GC invocations=984 (full 0):
 PSYoungGen      total 126464K, used 126176K [0x00000000f8300000, 0x0000000100000000, 0x0000000100000000)
  eden space 124928K, 100% used [0x00000000f8300000,0x00000000ffd00000,0x00000000ffd00000)
  from space 1536K, 81% used [0x00000000ffd00000,0x00000000ffe38000,0x00000000ffe80000)
  to   space 1536K, 0% used [0x00000000ffe80000,0x00000000ffe80000,0x0000000100000000)
 ParOldGen       total 134144K, used 106448K [0x00000000f0000000, 0x00000000f8300000, 0x00000000f8300000)
  object space 134144K, 79% used [0x00000000f0000000,0x00000000f67f43a8,0x00000000f8300000)
 Metaspace       used 52908K, capacity 55968K, committed 56192K, reserved 1097728K
  class space    used 6448K, capacity 6998K, committed 7040K, reserved 1048576K
2023-10-03T01:20:20.291+0800: 819.995: [GC (Allocation Failure) [PSYoungGen: 126176K->1152K(126464K)] 232624K->107680K(260608K), 0.0084763 secs] [Times: user=0.05 sys=0.00, real=0.01 secs] 
Heap after GC invocations=984 (full 0):
 PSYoungGen      total 126464K, used 1152K [0x00000000f8300000, 0x0000000100000000, 0x0000000100000000)
  eden space 124928K, 0% used [0x00000000f8300000,0x00000000f8300000,0x00000000ffd00000)
  from space 1536K, 75% used [0x00000000ffe80000,0x00000000fffa0000,0x0000000100000000)
  to   space 1536K, 0% used [0x00000000ffd00000,0x00000000ffd00000,0x00000000ffe80000)
 ParOldGen       total 134144K, used 106528K [0x00000000f0000000, 0x00000000f8300000, 0x00000000f8300000)
  object space 134144K, 79% used [0x00000000f0000000,0x00000000f68083a8,0x00000000f8300000)
 Metaspace       used 52908K, capacity 55968K, committed 56192K, reserved 1097728K
  class space    used 6448K, capacity 6998K, committed 7040K, reserved 1048576K
}
{Heap before GC invocations=985 (full 0):
 PSYoungGen      total 126464K, used 126080K [0x00000000f8300000, 0x0000000100000000, 0x0000000100000000)
  eden space 124928K, 100% used [0x00000000f8300000,0x00000000ffd00000,0x00000000ffd00000)
  from space 1536K, 75% used [0x00000000ffe80000,0x00000000fffa0000,0x0000000100000000)
  to   space 1536K, 0% used [0x00000000ffd00000,0x00000000ffd00000,0x00000000ffe80000)
 ParOldGen       total 134144K, used 106528K [0x00000000f0000000, 0x00000000f8300000, 0x00000000f8300000)
  object space 134144K, 79% used [0x00000000f0000000,0x00000000f68083a8,0x00000000f8300000)
 Metaspace       used 52908K, capacity 55968K, committed 56192K, reserved 1097728K
  class space    used 6448K, capacity 6998K, committed 7040K, reserved 1048576K
2023-10-03T01:20:20.929+0800: 820.634: [GC (Allocation Failure) [PSYoungGen: 126080K->1152K(126464K)] 232608K->107752K(260608K), 0.0082692 secs] [Times: user=0.05 sys=0.00, real=0.01 secs] 
Heap after GC invocations=985 (full 0):
 PSYoungGen      total 126464K, used 1152K [0x00000000f8300000, 0x0000000100000000, 0x0000000100000000)
  eden space 124928K, 0% used [0x00000000f8300000,0x00000000f8300000,0x00000000ffd00000)
  from space 1536K, 75% used [0x00000000ffd00000,0x00000000ffe20000,0x00000000ffe80000)
  to   space 1536K, 0% used [0x00000000ffe80000,0x00000000ffe80000,0x0000000100000000)
 ParOldGen       total 134144K, used 106600K [0x00000000f0000000, 0x00000000f8300000, 0x00000000f8300000)
  object space 134144K, 79% used [0x00000000f0000000,0x00000000f681a3a8,0x00000000f8300000)
 Metaspace       used 52908K, capacity 55968K, committed 56192K, reserved 1097728K
  class space    used 6448K, capacity 6998K, committed 7040K, reserved 1048576K
}
{Heap before GC invocations=986 (full 0):
 PSYoungGen      total 126464K, used 126080K [0x00000000f8300000, 0x0000000100000000, 0x0000000100000000)
  eden space 124928K, 100% used [0x00000000f8300000,0x00000000ffd00000,0x00000000ffd00000)
  from space 1536K, 75% used [0x00000000ffd00000,0x00000000ffe20000,0x00000000ffe80000)
  to   space 1536K, 0% used [0x00000000ffe80000,0x00000000ffe80000,0x0000000100000000)
 ParOldGen       total 134144K, used 106600K [0x00000000f0000000, 0x00000000f8300000, 0x00000000f8300000)
  object space 134144K, 79% used [0x00000000f0000000,0x00000000f681a3a8,0x00000000f8300000)
 Metaspace       used 52908K, capacity 55968K, committed 56192K, reserved 1097728K
  class space    used 6448K, capacity 6998K, committed 7040K, reserved 1048576K
2023-10-03T01:20:21.523+0800: 821.227: [GC (Allocation Failure) [PSYoungGen: 126080K->1152K(126464K)] 232680K->107832K(260608K), 0.0080366 secs] [Times: user=0.05 sys=0.01, real=0.00 secs] 
Heap after GC invocations=986 (full 0):
 PSYoungGen      total 126464K, used 1152K [0x00000000f8300000, 0x0000000100000000, 0x0000000100000000)
  eden space 124928K, 0% used [0x00000000f8300000,0x00000000f8300000,0x00000000ffd00000)
  from space 1536K, 75% used [0x00000000ffe80000,0x00000000fffa0000,0x0000000100000000)
  to   space 1536K, 0% used [0x00000000ffd00000,0x00000000ffd00000,0x00000000ffe80000)
 ParOldGen       total 134144K, used 106680K [0x00000000f0000000, 0x00000000f8300000, 0x00000000f8300000)
  object space 134144K, 79% used [0x00000000f0000000,0x00000000f682e3a8,0x00000000f8300000)
 Metaspace       used 52908K, capacity 55968K, committed 56192K, reserved 1097728K
  class space    used 6448K, capacity 6998K, committed 7040K, reserved 1048576K
}
{Heap before GC invocations=987 (full 0):
 PSYoungGen      total 126464K, used 126080K [0x00000000f8300000, 0x0000000100000000, 0x0000000100000000)
  eden space 124928K, 100% used [0x00000000f8300000,0x00000000ffd00000,0x00000000ffd00000)
  from space 1536K, 75% used [0x00000000ffe80000,0x00000000fffa0000,0x0000000100000000)
  to   space 1536K, 0% used [0x00000000ffd00000,0x00000000ffd00000,0x00000000ffe80000)
 ParOldGen       total 134144K, used 106680K [0x00000000f0000000, 0x00000000f8300000, 0x00000000f8300000)
  object space 134144K, 79% used [0x00000000f0000000,0x00000000f682e3a8,0x00000000f8300000)
 Metaspace       used 52908K, capacity 55968K, committed 56192K, reserved 1097728K
  class space    used 6448K, capacity 6998K, committed 7040K, reserved 1048576K
2023-10-03T01:20:22.152+0800: 821.856: [GC (Allocation Failure) [PSYoungGen: 126080K->1216K(126464K)] 232760K->107976K(260608K), 0.0084305 secs] [Times: user=0.04 sys=0.01, real=0.00 secs] 
Heap after GC invocations=987 (full 0):
 PSYoungGen      total 126464K, used 1216K [0x00000000f8300000, 0x0000000100000000, 0x0000000100000000)
  eden space 124928K, 0% used [0x00000000f8300000,0x00000000f8300000,0x00000000ffd00000)
  from space 1536K, 79% used [0x00000000ffd00000,0x00000000ffe30000,0x00000000ffe80000)
  to   space 1536K, 0% used [0x00000000ffe80000,0x00000000ffe80000,0x0000000100000000)
 ParOldGen       total 134144K, used 106760K [0x00000000f0000000, 0x00000000f8300000, 0x00000000f8300000)
  object space 134144K, 79% used [0x00000000f0000000,0x00000000f68423a8,0x00000000f8300000)
 Metaspace       used 52908K, capacity 55968K, committed 56192K, reserved 1097728K
  class space    used 6448K, capacity 6998K, committed 7040K, reserved 1048576K
}
{Heap before GC invocations=988 (full 0):
 PSYoungGen      total 126464K, used 126144K [0x00000000f8300000, 0x0000000100000000, 0x0000000100000000)
  eden space 124928K, 100% used [0x00000000f8300000,0x00000000ffd00000,0x00000000ffd00000)
  from space 1536K, 79% used [0x00000000ffd00000,0x00000000ffe30000,0x00000000ffe80000)
  to   space 1536K, 0% used [0x00000000ffe80000,0x00000000ffe80000,0x0000000100000000)
 ParOldGen       total 134144K, used 106760K [0x00000000f0000000, 0x00000000f8300000, 0x00000000f8300000)
  object space 134144K, 79% used [0x00000000f0000000,0x00000000f68423a8,0x00000000f8300000)
 Metaspace       used 52908K, capacity 55968K, committed 56192K, reserved 1097728K
  class space    used 6448K, capacity 6998K, committed 7040K, reserved 1048576K
2023-10-03T01:20:22.792+0800: 822.496: [GC (Allocation Failure) [PSYoungGen: 126144K->1120K(126464K)] 232904K->107960K(260608K), 0.0084674 secs] [Times: user=0.05 sys=0.01, real=0.00 secs] 
Heap after GC invocations=988 (full 0):
 PSYoungGen      total 126464K, used 1120K [0x00000000f8300000, 0x0000000100000000, 0x0000000100000000)
  eden space 124928K, 0% used [0x00000000f8300000,0x00000000f8300000,0x00000000ffd00000)
  from space 1536K, 72% used [0x00000000ffe80000,0x00000000fff98000,0x0000000100000000)
  to   space 1536K, 0% used [0x00000000ffd00000,0x00000000ffd00000,0x00000000ffe80000)
 ParOldGen       total 134144K, used 106840K [0x00000000f0000000, 0x00000000f8300000, 0x00000000f8300000)
  object space 134144K, 79% used [0x00000000f0000000,0x00000000f68563a8,0x00000000f8300000)
 Metaspace       used 52908K, capacity 55968K, committed 56192K, reserved 1097728K
  class space    used 6448K, capacity 6998K, committed 7040K, reserved 1048576K
}
{Heap before GC invocations=989 (full 0):
 PSYoungGen      total 126464K, used 126048K [0x00000000f8300000, 0x0000000100000000, 0x0000000100000000)
  eden space 124928K, 100% used [0x00000000f8300000,0x00000000ffd00000,0x00000000ffd00000)
  from space 1536K, 72% used [0x00000000ffe80000,0x00000000fff98000,0x0000000100000000)
  to   space 1536K, 0% used [0x00000000ffd00000,0x00000000ffd00000,0x00000000ffe80000)
 ParOldGen       total 134144K, used 106840K [0x00000000f0000000, 0x00000000f8300000, 0x00000000f8300000)
  object space 134144K, 79% used [0x00000000f0000000,0x00000000f68563a8,0x00000000f8300000)
 Metaspace       used 52908K, capacity 55968K, committed 56192K, reserved 1097728K
  class space    used 6448K, capacity 6998K, committed 7040K, reserved 1048576K
2023-10-03T01:20:23.421+0800: 823.126: [GC (Allocation Failure) [PSYoungGen: 126048K->1088K(126464K)] 232888K->108016K(260608K), 0.0082257 secs] [Times: user=0.05 sys=0.00, real=0.01 secs] 
Heap after GC invocations=989 (full 0):
 PSYoungGen      total 126464K, used 1088K [0x00000000f8300000, 0x0000000100000000, 0x0000000100000000)
  eden space 124928K, 0% used [0x00000000f8300000,0x00000000f8300000,0x00000000ffd00000)
  from space 1536K, 70% used [0x00000000ffd00000,0x00000000ffe10000,0x00000000ffe80000)
  to   space 1536K, 0% used [0x00000000ffe80000,0x00000000ffe80000,0x0000000100000000)
 ParOldGen       total 134144K, used 106928K [0x00000000f0000000, 0x00000000f8300000, 0x00000000f8300000)
  object space 134144K, 79% used [0x00000000f0000000,0x00000000f686c3a8,0x00000000f8300000)
 Metaspace       used 52908K, capacity 55968K, committed 56192K, reserved 1097728K
  class space    used 6448K, capacity 6998K, committed 7040K, reserved 1048576K
}
{Heap before GC invocations=990 (full 0):
 PSYoungGen      total 126464K, used 126016K [0x00000000f8300000, 0x0000000100000000, 0x0000000100000000)
  eden space 124928K, 100% used [0x00000000f8300000,0x00000000ffd00000,0x00000000ffd00000)
  from space 1536K, 70% used [0x00000000ffd00000,0x00000000ffe10000,0x00000000ffe80000)
  to   space 1536K, 0% used [0x00000000ffe80000,0x00000000ffe80000,0x0000000100000000)
 ParOldGen       total 134144K, used 106928K [0x00000000f0000000, 0x00000000f8300000, 0x00000000f8300000)
  object space 134144K, 79% used [0x00000000f0000000,0x00000000f686c3a8,0x00000000f8300000)
 Metaspace       used 52908K, capacity 55968K, committed 56192K, reserved 1097728K
  class space    used 6448K, capacity 6998K, committed 7040K, reserved 1048576K
2023-10-03T01:20:24.056+0800: 823.761: [GC (Allocation Failure) [PSYoungGen: 126016K->1184K(126464K)] 232944K->108192K(260608K), 0.0081379 secs] [Times: user=0.04 sys=0.00, real=0.01 secs] 
Heap after GC invocations=990 (full 0):
 PSYoungGen      total 126464K, used 1184K [0x00000000f8300000, 0x0000000100000000, 0x0000000100000000)
  eden space 124928K, 0% used [0x00000000f8300000,0x00000000f8300000,0x00000000ffd00000)
  from space 1536K, 77% used [0x00000000ffe80000,0x00000000fffa8000,0x0000000100000000)
  to   space 1536K, 0% used [0x00000000ffd00000,0x00000000ffd00000,0x00000000ffe80000)
 ParOldGen       total 134144K, used 107008K [0x00000000f0000000, 0x00000000f8300000, 0x00000000f8300000)
  object space 134144K, 79% used [0x00000000f0000000,0x00000000f68803a8,0x00000000f8300000)
 Metaspace       used 52908K, capacity 55968K, committed 56192K, reserved 1097728K
  class space    used 6448K, capacity 6998K, committed 7040K, reserved 1048576K
}
{Heap before GC invocations=991 (full 0):
 PSYoungGen      total 126464K, used 126112K [0x00000000f8300000, 0x0000000100000000, 0x0000000100000000)
  eden space 124928K, 100% used [0x00000000f8300000,0x00000000ffd00000,0x00000000ffd00000)
  from space 1536K, 77% used [0x00000000ffe80000,0x00000000fffa8000,0x0000000100000000)
  to   space 1536K, 0% used [0x00000000ffd00000,0x00000000ffd00000,0x00000000ffe80000)
 ParOldGen       total 134144K, used 107008K [0x00000000f0000000, 0x00000000f8300000, 0x00000000f8300000)
  object space 134144K, 79% used [0x00000000f0000000,0x00000000f68803a8,0x00000000f8300000)
 Metaspace       used 52908K, capacity 55968K, committed 56192K, reserved 1097728K
  class space    used 6448K, capacity 6998K, committed 7040K, reserved 1048576K
2023-10-03T01:20:24.687+0800: 824.391: [GC (Allocation Failure) [PSYoungGen: 126112K->1152K(126464K)] 233120K->108240K(260608K), 0.0083281 secs] [Times: user=0.04 sys=0.01, real=0.01 secs] 
Heap after GC invocations=991 (full 0):
 PSYoungGen      total 126464K, used 1152K [0x00000000f8300000, 0x0000000100000000, 0x0000000100000000)
  eden space 124928K, 0% used [0x00000000f8300000,0x00000000f8300000,0x00000000ffd00000)
  from space 1536K, 75% used [0x00000000ffd00000,0x00000000ffe20000,0x00000000ffe80000)
  to   space 1536K, 0% used [0x00000000ffe80000,0x00000000ffe80000,0x0000000100000000)
 ParOldGen       total 134144K, used 107088K [0x00000000f0000000, 0x00000000f8300000, 0x00000000f8300000)
  object space 134144K, 79% used [0x00000000f0000000,0x00000000f68943a8,0x00000000f8300000)
 Metaspace       used 52908K, capacity 55968K, committed 56192K, reserved 1097728K
  class space    used 6448K, capacity 6998K, committed 7040K, reserved 1048576K
}
{Heap before GC invocations=992 (full 0):
 PSYoungGen      total 126464K, used 126080K [0x00000000f8300000, 0x0000000100000000, 0x0000000100000000)
  eden space 124928K, 100% used [0x00000000f8300000,0x00000000ffd00000,0x00000000ffd00000)
  from space 1536K, 75% used [0x00000000ffd00000,0x00000000ffe20000,0x00000000ffe80000)
  to   space 1536K, 0% used [0x00000000ffe80000,0x00000000ffe80000,0x0000000100000000)
 ParOldGen       total 134144K, used 107088K [0x00000000f0000000, 0x00000000f8300000, 0x00000000f8300000)
  object space 134144K, 79% used [0x00000000f0000000,0x00000000f68943a8,0x00000000f8300000)
 Metaspace       used 52908K, capacity 55968K, committed 56192K, reserved 1097728K
  class space    used 6448K, capacity 6998K, committed 7040K, reserved 1048576K
2023-10-03T01:20:25.316+0800: 825.020: [GC (Allocation Failure) [PSYoungGen: 126080K->1184K(126464K)] 233168K->108352K(260608K), 0.0082540 secs] [Times: user=0.04 sys=0.00, real=0.01 secs] 
Heap after GC invocations=992 (full 0):
 PSYoungGen      total 126464K, used 1184K [0x00000000f8300000, 0x0000000100000000, 0x0000000100000000)
  eden space 124928K, 0% used [0x00000000f8300000,0x00000000f8300000,0x00000000ffd00000)
  from space 1536K, 77% used [0x00000000ffe80000,0x00000000fffa8000,0x0000000100000000)
  to   space 1536K, 0% used [0x00000000ffd00000,0x00000000ffd00000,0x00000000ffe80000)
 ParOldGen       total 134144K, used 107168K [0x00000000f0000000, 0x00000000f8300000, 0x00000000f8300000)
  object space 134144K, 79% used [0x00000000f0000000,0x00000000f68a83a8,0x00000000f8300000)
 Metaspace       used 52908K, capacity 55968K, committed 56192K, reserved 1097728K
  class space    used 6448K, capacity 6998K, committed 7040K, reserved 1048576K
}
{Heap before GC invocations=993 (full 0):
 PSYoungGen      total 126464K, used 126112K [0x00000000f8300000, 0x0000000100000000, 0x0000000100000000)
  eden space 124928K, 100% used [0x00000000f8300000,0x00000000ffd00000,0x00000000ffd00000)
  from space 1536K, 77% used [0x00000000ffe80000,0x00000000fffa8000,0x0000000100000000)
  to   space 1536K, 0% used [0x00000000ffd00000,0x00000000ffd00000,0x00000000ffe80000)
 ParOldGen       total 134144K, used 107168K [0x00000000f0000000, 0x00000000f8300000, 0x00000000f8300000)
  object space 134144K, 79% used [0x00000000f0000000,0x00000000f68a83a8,0x00000000f8300000)
 Metaspace       used 52908K, capacity 55968K, committed 56192K, reserved 1097728K
  class space    used 6448K, capacity 6998K, committed 7040K, reserved 1048576K
2023-10-03T01:20:25.953+0800: 825.658: [GC (Allocation Failure) [PSYoungGen: 126112K->1120K(126464K)] 233280K->108368K(260608K), 0.0080847 secs] [Times: user=0.05 sys=0.00, real=0.00 secs] 
Heap after GC invocations=993 (full 0):
 PSYoungGen      total 126464K, used 1120K [0x00000000f8300000, 0x0000000100000000, 0x0000000100000000)
  eden space 124928K, 0% used [0x00000000f8300000,0x00000000f8300000,0x00000000ffd00000)
  from space 1536K, 72% used [0x00000000ffd00000,0x00000000ffe18000,0x00000000ffe80000)
  to   space 1536K, 0% used [0x00000000ffe80000,0x00000000ffe80000,0x0000000100000000)
 ParOldGen       total 134144K, used 107248K [0x00000000f0000000, 0x00000000f8300000, 0x00000000f8300000)
  object space 134144K, 79% used [0x00000000f0000000,0x00000000f68bc3a8,0x00000000f8300000)
 Metaspace       used 52908K, capacity 55968K, committed 56192K, reserved 1097728K
  class space    used 6448K, capacity 6998K, committed 7040K, reserved 1048576K
}
{Heap before GC invocations=994 (full 0):
 PSYoungGen      total 126464K, used 126048K [0x00000000f8300000, 0x0000000100000000, 0x0000000100000000)
  eden space 124928K, 100% used [0x00000000f8300000,0x00000000ffd00000,0x00000000ffd00000)
  from space 1536K, 72% used [0x00000000ffd00000,0x00000000ffe18000,0x00000000ffe80000)
  to   space 1536K, 0% used [0x00000000ffe80000,0x00000000ffe80000,0x0000000100000000)
 ParOldGen       total 134144K, used 107248K [0x00000000f0000000, 0x00000000f8300000, 0x00000000f8300000)
  object space 134144K, 79% used [0x00000000f0000000,0x00000000f68bc3a8,0x00000000f8300000)
 Metaspace       used 52908K, capacity 55968K, committed 56192K, reserved 1097728K
  class space    used 6448K, capacity 6998K, committed 7040K, reserved 1048576K
2023-10-03T01:20:26.588+0800: 826.293: [GC (Allocation Failure) [PSYoungGen: 126048K->1152K(126464K)] 233296K->108480K(260608K), 0.0080727 secs] [Times: user=0.05 sys=0.00, real=0.01 secs] 
Heap after GC invocations=994 (full 0):
 PSYoungGen      total 126464K, used 1152K [0x00000000f8300000, 0x0000000100000000, 0x0000000100000000)
  eden space 124928K, 0% used [0x00000000f8300000,0x00000000f8300000,0x00000000ffd00000)
  from space 1536K, 75% used [0x00000000ffe80000,0x00000000fffa0000,0x0000000100000000)
  to   space 1536K, 0% used [0x00000000ffd00000,0x00000000ffd00000,0x00000000ffe80000)
 ParOldGen       total 134144K, used 107328K [0x00000000f0000000, 0x00000000f8300000, 0x00000000f8300000)
  object space 134144K, 80% used [0x00000000f0000000,0x00000000f68d03a8,0x00000000f8300000)
 Metaspace       used 52908K, capacity 55968K, committed 56192K, reserved 1097728K
  class space    used 6448K, capacity 6998K, committed 7040K, reserved 1048576K
}
{Heap before GC invocations=995 (full 0):
 PSYoungGen      total 126464K, used 126080K [0x00000000f8300000, 0x0000000100000000, 0x0000000100000000)
  eden space 124928K, 100% used [0x00000000f8300000,0x00000000ffd00000,0x00000000ffd00000)
  from space 1536K, 75% used [0x00000000ffe80000,0x00000000fffa0000,0x0000000100000000)
  to   space 1536K, 0% used [0x00000000ffd00000,0x00000000ffd00000,0x00000000ffe80000)
 ParOldGen       total 134144K, used 107328K [0x00000000f0000000, 0x00000000f8300000, 0x00000000f8300000)
  object space 134144K, 80% used [0x00000000f0000000,0x00000000f68d03a8,0x00000000f8300000)
 Metaspace       used 52908K, capacity 55968K, committed 56192K, reserved 1097728K
  class space    used 6448K, capacity 6998K, committed 7040K, reserved 1048576K
2023-10-03T01:20:27.218+0800: 826.922: [GC (Allocation Failure) [PSYoungGen: 126080K->1216K(126464K)] 233408K->108624K(260608K), 0.0080939 secs] [Times: user=0.05 sys=0.00, real=0.01 secs] 
Heap after GC invocations=995 (full 0):
 PSYoungGen      total 126464K, used 1216K [0x00000000f8300000, 0x0000000100000000, 0x0000000100000000)
  eden space 124928K, 0% used [0x00000000f8300000,0x00000000f8300000,0x00000000ffd00000)
  from space 1536K, 79% used [0x00000000ffd00000,0x00000000ffe30000,0x00000000ffe80000)
  to   space 1536K, 0% used [0x00000000ffe80000,0x00000000ffe80000,0x0000000100000000)
 ParOldGen       total 134144K, used 107408K [0x00000000f0000000, 0x00000000f8300000, 0x00000000f8300000)
  object space 134144K, 80% used [0x00000000f0000000,0x00000000f68e43a8,0x00000000f8300000)
 Metaspace       used 52908K, capacity 55968K, committed 56192K, reserved 1097728K
  class space    used 6448K, capacity 6998K, committed 7040K, reserved 1048576K
}
{Heap before GC invocations=996 (full 0):
 PSYoungGen      total 126464K, used 126144K [0x00000000f8300000, 0x0000000100000000, 0x0000000100000000)
  eden space 124928K, 100% used [0x00000000f8300000,0x00000000ffd00000,0x00000000ffd00000)
  from space 1536K, 79% used [0x00000000ffd00000,0x00000000ffe30000,0x00000000ffe80000)
  to   space 1536K, 0% used [0x00000000ffe80000,0x00000000ffe80000,0x0000000100000000)
 ParOldGen       total 134144K, used 107408K [0x00000000f0000000, 0x00000000f8300000, 0x00000000f8300000)
  object space 134144K, 80% used [0x00000000f0000000,0x00000000f68e43a8,0x00000000f8300000)
 Metaspace       used 52908K, capacity 55968K, committed 56192K, reserved 1097728K
  class space    used 6448K, capacity 6998K, committed 7040K, reserved 1048576K
2023-10-03T01:20:27.857+0800: 827.562: [GC (Allocation Failure) [PSYoungGen: 126144K->1216K(126464K)] 233552K->108720K(260608K), 0.0083954 secs] [Times: user=0.05 sys=0.00, real=0.01 secs] 
Heap after GC invocations=996 (full 0):
 PSYoungGen      total 126464K, used 1216K [0x00000000f8300000, 0x0000000100000000, 0x0000000100000000)
  eden space 124928K, 0% used [0x00000000f8300000,0x00000000f8300000,0x00000000ffd00000)
  from space 1536K, 79% used [0x00000000ffe80000,0x00000000fffb0000,0x0000000100000000)
  to   space 1536K, 0% used [0x00000000ffd00000,0x00000000ffd00000,0x00000000ffe80000)
 ParOldGen       total 134144K, used 107504K [0x00000000f0000000, 0x00000000f8300000, 0x00000000f8300000)
  object space 134144K, 80% used [0x00000000f0000000,0x00000000f68fc3a8,0x00000000f8300000)
 Metaspace       used 52908K, capacity 55968K, committed 56192K, reserved 1097728K
  class space    used 6448K, capacity 6998K, committed 7040K, reserved 1048576K
}
{Heap before GC invocations=997 (full 0):
 PSYoungGen      total 126464K, used 126144K [0x00000000f8300000, 0x0000000100000000, 0x0000000100000000)
  eden space 124928K, 100% used [0x00000000f8300000,0x00000000ffd00000,0x00000000ffd00000)
  from space 1536K, 79% used [0x00000000ffe80000,0x00000000fffb0000,0x0000000100000000)
  to   space 1536K, 0% used [0x00000000ffd00000,0x00000000ffd00000,0x00000000ffe80000)
 ParOldGen       total 134144K, used 107504K [0x00000000f0000000, 0x00000000f8300000, 0x00000000f8300000)
  object space 134144K, 80% used [0x00000000f0000000,0x00000000f68fc3a8,0x00000000f8300000)
 Metaspace       used 52908K, capacity 55968K, committed 56192K, reserved 1097728K
  class space    used 6448K, capacity 6998K, committed 7040K, reserved 1048576K
2023-10-03T01:20:28.478+0800: 828.183: [GC (Allocation Failure) [PSYoungGen: 126144K->1152K(126464K)] 233648K->108744K(260608K), 0.0082514 secs] [Times: user=0.05 sys=0.00, real=0.01 secs] 
Heap after GC invocations=997 (full 0):
 PSYoungGen      total 126464K, used 1152K [0x00000000f8300000, 0x0000000100000000, 0x0000000100000000)
  eden space 124928K, 0% used [0x00000000f8300000,0x00000000f8300000,0x00000000ffd00000)
  from space 1536K, 75% used [0x00000000ffd00000,0x00000000ffe20000,0x00000000ffe80000)
  to   space 1536K, 0% used [0x00000000ffe80000,0x00000000ffe80000,0x0000000100000000)
 ParOldGen       total 134144K, used 107592K [0x00000000f0000000, 0x00000000f8300000, 0x00000000f8300000)
  object space 134144K, 80% used [0x00000000f0000000,0x00000000f69123a8,0x00000000f8300000)
 Metaspace       used 52908K, capacity 55968K, committed 56192K, reserved 1097728K
  class space    used 6448K, capacity 6998K, committed 7040K, reserved 1048576K
}
{Heap before GC invocations=998 (full 0):
 PSYoungGen      total 126464K, used 126080K [0x00000000f8300000, 0x0000000100000000, 0x0000000100000000)
  eden space 124928K, 100% used [0x00000000f8300000,0x00000000ffd00000,0x00000000ffd00000)
  from space 1536K, 75% used [0x00000000ffd00000,0x00000000ffe20000,0x00000000ffe80000)
  to   space 1536K, 0% used [0x00000000ffe80000,0x00000000ffe80000,0x0000000100000000)
 ParOldGen       total 134144K, used 107592K [0x00000000f0000000, 0x00000000f8300000, 0x00000000f8300000)
  object space 134144K, 80% used [0x00000000f0000000,0x00000000f69123a8,0x00000000f8300000)
 Metaspace       used 52908K, capacity 55968K, committed 56192K, reserved 1097728K
  class space    used 6448K, capacity 6998K, committed 7040K, reserved 1048576K
2023-10-03T01:20:29.112+0800: 828.816: [GC (Allocation Failure) [PSYoungGen: 126080K->1152K(126464K)] 233672K->108824K(260608K), 0.0082445 secs] [Times: user=0.04 sys=0.01, real=0.01 secs] 
Heap after GC invocations=998 (full 0):
 PSYoungGen      total 126464K, used 1152K [0x00000000f8300000, 0x0000000100000000, 0x0000000100000000)
  eden space 124928K, 0% used [0x00000000f8300000,0x00000000f8300000,0x00000000ffd00000)
  from space 1536K, 75% used [0x00000000ffe80000,0x00000000fffa0000,0x0000000100000000)
  to   space 1536K, 0% used [0x00000000ffd00000,0x00000000ffd00000,0x00000000ffe80000)
 ParOldGen       total 134144K, used 107672K [0x00000000f0000000, 0x00000000f8300000, 0x00000000f8300000)
  object space 134144K, 80% used [0x00000000f0000000,0x00000000f69263a8,0x00000000f8300000)
 Metaspace       used 52908K, capacity 55968K, committed 56192K, reserved 1097728K
  class space    used 6448K, capacity 6998K, committed 7040K, reserved 1048576K
}
{Heap before GC invocations=999 (full 0):
 PSYoungGen      total 126464K, used 126080K [0x00000000f8300000, 0x0000000100000000, 0x0000000100000000)
  eden space 124928K, 100% used [0x00000000f8300000,0x00000000ffd00000,0x00000000ffd00000)
  from space 1536K, 75% used [0x00000000ffe80000,0x00000000fffa0000,0x0000000100000000)
  to   space 1536K, 0% used [0x00000000ffd00000,0x00000000ffd00000,0x00000000ffe80000)
 ParOldGen       total 134144K, used 107672K [0x00000000f0000000, 0x00000000f8300000, 0x00000000f8300000)
  object space 134144K, 80% used [0x00000000f0000000,0x00000000f69263a8,0x00000000f8300000)
 Metaspace       used 52908K, capacity 55968K, committed 56192K, reserved 1097728K
  class space    used 6448K, capacity 6998K, committed 7040K, reserved 1048576K
2023-10-03T01:20:29.751+0800: 829.455: [GC (Allocation Failure) [PSYoungGen: 126080K->1152K(126464K)] 233752K->108904K(260608K), 0.0080473 secs] [Times: user=0.05 sys=0.00, real=0.01 secs] 
Heap after GC invocations=999 (full 0):
 PSYoungGen      total 126464K, used 1152K [0x00000000f8300000, 0x0000000100000000, 0x0000000100000000)
  eden space 124928K, 0% used [0x00000000f8300000,0x00000000f8300000,0x00000000ffd00000)
  from space 1536K, 75% used [0x00000000ffd00000,0x00000000ffe20000,0x00000000ffe80000)
  to   space 1536K, 0% used [0x00000000ffe80000,0x00000000ffe80000,0x0000000100000000)
 ParOldGen       total 134144K, used 107752K [0x00000000f0000000, 0x00000000f8300000, 0x00000000f8300000)
  object space 134144K, 80% used [0x00000000f0000000,0x00000000f693a3a8,0x00000000f8300000)
 Metaspace       used 52908K, capacity 55968K, committed 56192K, reserved 1097728K
  class space    used 6448K, capacity 6998K, committed 7040K, reserved 1048576K
}
{Heap before GC invocations=1000 (full 0):
 PSYoungGen      total 126464K, used 126080K [0x00000000f8300000, 0x0000000100000000, 0x0000000100000000)
  eden space 124928K, 100% used [0x00000000f8300000,0x00000000ffd00000,0x00000000ffd00000)
  from space 1536K, 75% used [0x00000000ffd00000,0x00000000ffe20000,0x00000000ffe80000)
  to   space 1536K, 0% used [0x00000000ffe80000,0x00000000ffe80000,0x0000000100000000)
 ParOldGen       total 134144K, used 107752K [0x00000000f0000000, 0x00000000f8300000, 0x00000000f8300000)
  object space 134144K, 80% used [0x00000000f0000000,0x00000000f693a3a8,0x00000000f8300000)
 Metaspace       used 52908K, capacity 55968K, committed 56192K, reserved 1097728K
  class space    used 6448K, capacity 6998K, committed 7040K, reserved 1048576K
2023-10-03T01:20:30.371+0800: 830.076: [GC (Allocation Failure) [PSYoungGen: 126080K->1120K(126464K)] 233832K->108952K(260608K), 0.0083244 secs] [Times: user=0.05 sys=0.00, real=0.01 secs] 
Heap after GC invocations=1000 (full 0):
 PSYoungGen      total 126464K, used 1120K [0x00000000f8300000, 0x0000000100000000, 0x0000000100000000)
  eden space 124928K, 0% used [0x00000000f8300000,0x00000000f8300000,0x00000000ffd00000)
  from space 1536K, 72% used [0x00000000ffe80000,0x00000000fff98000,0x0000000100000000)
  to   space 1536K, 0% used [0x00000000ffd00000,0x00000000ffd00000,0x00000000ffe80000)
 ParOldGen       total 134144K, used 107832K [0x00000000f0000000, 0x00000000f8300000, 0x00000000f8300000)
  object space 134144K, 80% used [0x00000000f0000000,0x00000000f694e3a8,0x00000000f8300000)
 Metaspace       used 52908K, capacity 55968K, committed 56192K, reserved 1097728K
  class space    used 6448K, capacity 6998K, committed 7040K, reserved 1048576K
}
{Heap before GC invocations=1001 (full 0):
 PSYoungGen      total 126464K, used 126048K [0x00000000f8300000, 0x0000000100000000, 0x0000000100000000)
  eden space 124928K, 100% used [0x00000000f8300000,0x00000000ffd00000,0x00000000ffd00000)
  from space 1536K, 72% used [0x00000000ffe80000,0x00000000fff98000,0x0000000100000000)
  to   space 1536K, 0% used [0x00000000ffd00000,0x00000000ffd00000,0x00000000ffe80000)
 ParOldGen       total 134144K, used 107832K [0x00000000f0000000, 0x00000000f8300000, 0x00000000f8300000)
  object space 134144K, 80% used [0x00000000f0000000,0x00000000f694e3a8,0x00000000f8300000)
 Metaspace       used 52908K, capacity 55968K, committed 56192K, reserved 1097728K
  class space    used 6448K, capacity 6998K, committed 7040K, reserved 1048576K
2023-10-03T01:20:31.009+0800: 830.714: [GC (Allocation Failure) [PSYoungGen: 126048K->1152K(126464K)] 233880K->109064K(260608K), 0.0082780 secs] [Times: user=0.05 sys=0.00, real=0.01 secs] 
Heap after GC invocations=1001 (full 0):
 PSYoungGen      total 126464K, used 1152K [0x00000000f8300000, 0x0000000100000000, 0x0000000100000000)
  eden space 124928K, 0% used [0x00000000f8300000,0x00000000f8300000,0x00000000ffd00000)
  from space 1536K, 75% used [0x00000000ffd00000,0x00000000ffe20000,0x00000000ffe80000)
  to   space 1536K, 0% used [0x00000000ffe80000,0x00000000ffe80000,0x0000000100000000)
 ParOldGen       total 134144K, used 107912K [0x00000000f0000000, 0x00000000f8300000, 0x00000000f8300000)
  object space 134144K, 80% used [0x00000000f0000000,0x00000000f69623a8,0x00000000f8300000)
 Metaspace       used 52908K, capacity 55968K, committed 56192K, reserved 1097728K
  class space    used 6448K, capacity 6998K, committed 7040K, reserved 1048576K
}
{Heap before GC invocations=1002 (full 0):
 PSYoungGen      total 126464K, used 126080K [0x00000000f8300000, 0x0000000100000000, 0x0000000100000000)
  eden space 124928K, 100% used [0x00000000f8300000,0x00000000ffd00000,0x00000000ffd00000)
  from space 1536K, 75% used [0x00000000ffd00000,0x00000000ffe20000,0x00000000ffe80000)
  to   space 1536K, 0% used [0x00000000ffe80000,0x00000000ffe80000,0x0000000100000000)
 ParOldGen       total 134144K, used 107912K [0x00000000f0000000, 0x00000000f8300000, 0x00000000f8300000)
  object space 134144K, 80% used [0x00000000f0000000,0x00000000f69623a8,0x00000000f8300000)
 Metaspace       used 52908K, capacity 55968K, committed 56192K, reserved 1097728K
  class space    used 6448K, capacity 6998K, committed 7040K, reserved 1048576K
2023-10-03T01:20:31.621+0800: 831.326: [GC (Allocation Failure) [PSYoungGen: 126080K->1152K(126464K)] 233992K->109144K(260608K), 0.0081157 secs] [Times: user=0.05 sys=0.00, real=0.02 secs] 
Heap after GC invocations=1002 (full 0):
 PSYoungGen      total 126464K, used 1152K [0x00000000f8300000, 0x0000000100000000, 0x0000000100000000)
  eden space 124928K, 0% used [0x00000000f8300000,0x00000000f8300000,0x00000000ffd00000)
  from space 1536K, 75% used [0x00000000ffe80000,0x00000000fffa0000,0x0000000100000000)
  to   space 1536K, 0% used [0x00000000ffd00000,0x00000000ffd00000,0x00000000ffe80000)
 ParOldGen       total 134144K, used 107992K [0x00000000f0000000, 0x00000000f8300000, 0x00000000f8300000)
  object space 134144K, 80% used [0x00000000f0000000,0x00000000f69763a8,0x00000000f8300000)
 Metaspace       used 52908K, capacity 55968K, committed 56192K, reserved 1097728K
  class space    used 6448K, capacity 6998K, committed 7040K, reserved 1048576K
}
{Heap before GC invocations=1003 (full 0):
 PSYoungGen      total 126464K, used 126080K [0x00000000f8300000, 0x0000000100000000, 0x0000000100000000)
  eden space 124928K, 100% used [0x00000000f8300000,0x00000000ffd00000,0x00000000ffd00000)
  from space 1536K, 75% used [0x00000000ffe80000,0x00000000fffa0000,0x0000000100000000)
  to   space 1536K, 0% used [0x00000000ffd00000,0x00000000ffd00000,0x00000000ffe80000)
 ParOldGen       total 134144K, used 107992K [0x00000000f0000000, 0x00000000f8300000, 0x00000000f8300000)
  object space 134144K, 80% used [0x00000000f0000000,0x00000000f69763a8,0x00000000f8300000)
 Metaspace       used 52908K, capacity 55968K, committed 56192K, reserved 1097728K
  class space    used 6448K, capacity 6998K, committed 7040K, reserved 1048576K
2023-10-03T01:20:32.251+0800: 831.955: [GC (Allocation Failure) [PSYoungGen: 126080K->1120K(126464K)] 234072K->109192K(260608K), 0.0084708 secs] [Times: user=0.05 sys=0.00, real=0.01 secs] 
Heap after GC invocations=1003 (full 0):
 PSYoungGen      total 126464K, used 1120K [0x00000000f8300000, 0x0000000100000000, 0x0000000100000000)
  eden space 124928K, 0% used [0x00000000f8300000,0x00000000f8300000,0x00000000ffd00000)
  from space 1536K, 72% used [0x00000000ffd00000,0x00000000ffe18000,0x00000000ffe80000)
  to   space 1536K, 0% used [0x00000000ffe80000,0x00000000ffe80000,0x0000000100000000)
 ParOldGen       total 134144K, used 108072K [0x00000000f0000000, 0x00000000f8300000, 0x00000000f8300000)
  object space 134144K, 80% used [0x00000000f0000000,0x00000000f698a3a8,0x00000000f8300000)
 Metaspace       used 52908K, capacity 55968K, committed 56192K, reserved 1097728K
  class space    used 6448K, capacity 6998K, committed 7040K, reserved 1048576K
}
{Heap before GC invocations=1004 (full 0):
 PSYoungGen      total 126464K, used 126048K [0x00000000f8300000, 0x0000000100000000, 0x0000000100000000)
  eden space 124928K, 100% used [0x00000000f8300000,0x00000000ffd00000,0x00000000ffd00000)
  from space 1536K, 72% used [0x00000000ffd00000,0x00000000ffe18000,0x00000000ffe80000)
  to   space 1536K, 0% used [0x00000000ffe80000,0x00000000ffe80000,0x0000000100000000)
 ParOldGen       total 134144K, used 108072K [0x00000000f0000000, 0x00000000f8300000, 0x00000000f8300000)
  object space 134144K, 80% used [0x00000000f0000000,0x00000000f698a3a8,0x00000000f8300000)
 Metaspace       used 52908K, capacity 55968K, committed 56192K, reserved 1097728K
  class space    used 6448K, capacity 6998K, committed 7040K, reserved 1048576K
2023-10-03T01:20:32.886+0800: 832.590: [GC (Allocation Failure) [PSYoungGen: 126048K->1216K(126464K)] 234120K->109368K(260608K), 0.0084083 secs] [Times: user=0.04 sys=0.00, real=0.01 secs] 
Heap after GC invocations=1004 (full 0):
 PSYoungGen      total 126464K, used 1216K [0x00000000f8300000, 0x0000000100000000, 0x0000000100000000)
  eden space 124928K, 0% used [0x00000000f8300000,0x00000000f8300000,0x00000000ffd00000)
  from space 1536K, 79% used [0x00000000ffe80000,0x00000000fffb0000,0x0000000100000000)
  to   space 1536K, 0% used [0x00000000ffd00000,0x00000000ffd00000,0x00000000ffe80000)
 ParOldGen       total 134144K, used 108152K [0x00000000f0000000, 0x00000000f8300000, 0x00000000f8300000)
  object space 134144K, 80% used [0x00000000f0000000,0x00000000f699e3a8,0x00000000f8300000)
 Metaspace       used 52908K, capacity 55968K, committed 56192K, reserved 1097728K
  class space    used 6448K, capacity 6998K, committed 7040K, reserved 1048576K
}
{Heap before GC invocations=1005 (full 0):
 PSYoungGen      total 126464K, used 126144K [0x00000000f8300000, 0x0000000100000000, 0x0000000100000000)
  eden space 124928K, 100% used [0x00000000f8300000,0x00000000ffd00000,0x00000000ffd00000)
  from space 1536K, 79% used [0x00000000ffe80000,0x00000000fffb0000,0x0000000100000000)
  to   space 1536K, 0% used [0x00000000ffd00000,0x00000000ffd00000,0x00000000ffe80000)
 ParOldGen       total 134144K, used 108152K [0x00000000f0000000, 0x00000000f8300000, 0x00000000f8300000)
  object space 134144K, 80% used [0x00000000f0000000,0x00000000f699e3a8,0x00000000f8300000)
 Metaspace       used 52908K, capacity 55968K, committed 56192K, reserved 1097728K
  class space    used 6448K, capacity 6998K, committed 7040K, reserved 1048576K
2023-10-03T01:20:33.512+0800: 833.216: [GC (Allocation Failure) [PSYoungGen: 126144K->1216K(126464K)] 234296K->109456K(260608K), 0.0083965 secs] [Times: user=0.05 sys=0.00, real=0.00 secs] 
Heap after GC invocations=1005 (full 0):
 PSYoungGen      total 126464K, used 1216K [0x00000000f8300000, 0x0000000100000000, 0x0000000100000000)
  eden space 124928K, 0% used [0x00000000f8300000,0x00000000f8300000,0x00000000ffd00000)
  from space 1536K, 79% used [0x00000000ffd00000,0x00000000ffe30000,0x00000000ffe80000)
  to   space 1536K, 0% used [0x00000000ffe80000,0x00000000ffe80000,0x0000000100000000)
 ParOldGen       total 134144K, used 108240K [0x00000000f0000000, 0x00000000f8300000, 0x00000000f8300000)
  object space 134144K, 80% used [0x00000000f0000000,0x00000000f69b43a8,0x00000000f8300000)
 Metaspace       used 52908K, capacity 55968K, committed 56192K, reserved 1097728K
  class space    used 6448K, capacity 6998K, committed 7040K, reserved 1048576K
}
{Heap before GC invocations=1006 (full 0):
 PSYoungGen      total 126464K, used 126144K [0x00000000f8300000, 0x0000000100000000, 0x0000000100000000)
  eden space 124928K, 100% used [0x00000000f8300000,0x00000000ffd00000,0x00000000ffd00000)
  from space 1536K, 79% used [0x00000000ffd00000,0x00000000ffe30000,0x00000000ffe80000)
  to   space 1536K, 0% used [0x00000000ffe80000,0x00000000ffe80000,0x0000000100000000)
 ParOldGen       total 134144K, used 108240K [0x00000000f0000000, 0x00000000f8300000, 0x00000000f8300000)
  object space 134144K, 80% used [0x00000000f0000000,0x00000000f69b43a8,0x00000000f8300000)
 Metaspace       used 52908K, capacity 55968K, committed 56192K, reserved 1097728K
  class space    used 6448K, capacity 6998K, committed 7040K, reserved 1048576K
2023-10-03T01:20:34.147+0800: 833.851: [GC (Allocation Failure) [PSYoungGen: 126144K->1184K(126464K)] 234384K->109504K(260608K), 0.0081509 secs] [Times: user=0.04 sys=0.00, real=0.01 secs] 
Heap after GC invocations=1006 (full 0):
 PSYoungGen      total 126464K, used 1184K [0x00000000f8300000, 0x0000000100000000, 0x0000000100000000)
  eden space 124928K, 0% used [0x00000000f8300000,0x00000000f8300000,0x00000000ffd00000)
  from space 1536K, 77% used [0x00000000ffe80000,0x00000000fffa8000,0x0000000100000000)
  to   space 1536K, 0% used [0x00000000ffd00000,0x00000000ffd00000,0x00000000ffe80000)
 ParOldGen       total 134144K, used 108320K [0x00000000f0000000, 0x00000000f8300000, 0x00000000f8300000)
  object space 134144K, 80% used [0x00000000f0000000,0x00000000f69c83a8,0x00000000f8300000)
 Metaspace       used 52908K, capacity 55968K, committed 56192K, reserved 1097728K
  class space    used 6448K, capacity 6998K, committed 7040K, reserved 1048576K
}
{Heap before GC invocations=1007 (full 0):
 PSYoungGen      total 126464K, used 126112K [0x00000000f8300000, 0x0000000100000000, 0x0000000100000000)
  eden space 124928K, 100% used [0x00000000f8300000,0x00000000ffd00000,0x00000000ffd00000)
  from space 1536K, 77% used [0x00000000ffe80000,0x00000000fffa8000,0x0000000100000000)
  to   space 1536K, 0% used [0x00000000ffd00000,0x00000000ffd00000,0x00000000ffe80000)
 ParOldGen       total 134144K, used 108320K [0x00000000f0000000, 0x00000000f8300000, 0x00000000f8300000)
  object space 134144K, 80% used [0x00000000f0000000,0x00000000f69c83a8,0x00000000f8300000)
 Metaspace       used 52908K, capacity 55968K, committed 56192K, reserved 1097728K
  class space    used 6448K, capacity 6998K, committed 7040K, reserved 1048576K
2023-10-03T01:20:34.786+0800: 834.491: [GC (Allocation Failure) [PSYoungGen: 126112K->1120K(126464K)] 234432K->109520K(260608K), 0.0083994 secs] [Times: user=0.04 sys=0.00, real=0.01 secs] 
Heap after GC invocations=1007 (full 0):
 PSYoungGen      total 126464K, used 1120K [0x00000000f8300000, 0x0000000100000000, 0x0000000100000000)
  eden space 124928K, 0% used [0x00000000f8300000,0x00000000f8300000,0x00000000ffd00000)
  from space 1536K, 72% used [0x00000000ffd00000,0x00000000ffe18000,0x00000000ffe80000)
  to   space 1536K, 0% used [0x00000000ffe80000,0x00000000ffe80000,0x0000000100000000)
 ParOldGen       total 134144K, used 108400K [0x00000000f0000000, 0x00000000f8300000, 0x00000000f8300000)
  object space 134144K, 80% used [0x00000000f0000000,0x00000000f69dc3a8,0x00000000f8300000)
 Metaspace       used 52908K, capacity 55968K, committed 56192K, reserved 1097728K
  class space    used 6448K, capacity 6998K, committed 7040K, reserved 1048576K
}
{Heap before GC invocations=1008 (full 0):
 PSYoungGen      total 126464K, used 126048K [0x00000000f8300000, 0x0000000100000000, 0x0000000100000000)
  eden space 124928K, 100% used [0x00000000f8300000,0x00000000ffd00000,0x00000000ffd00000)
  from space 1536K, 72% used [0x00000000ffd00000,0x00000000ffe18000,0x00000000ffe80000)
  to   space 1536K, 0% used [0x00000000ffe80000,0x00000000ffe80000,0x0000000100000000)
 ParOldGen       total 134144K, used 108400K [0x00000000f0000000, 0x00000000f8300000, 0x00000000f8300000)
  object space 134144K, 80% used [0x00000000f0000000,0x00000000f69dc3a8,0x00000000f8300000)
 Metaspace       used 52908K, capacity 55968K, committed 56192K, reserved 1097728K
  class space    used 6448K, capacity 6998K, committed 7040K, reserved 1048576K
2023-10-03T01:20:35.411+0800: 835.115: [GC (Allocation Failure) [PSYoungGen: 126048K->1184K(126464K)] 234448K->109664K(260608K), 0.0085171 secs] [Times: user=0.05 sys=0.00, real=0.01 secs] 
Heap after GC invocations=1008 (full 0):
 PSYoungGen      total 126464K, used 1184K [0x00000000f8300000, 0x0000000100000000, 0x0000000100000000)
  eden space 124928K, 0% used [0x00000000f8300000,0x00000000f8300000,0x00000000ffd00000)
  from space 1536K, 77% used [0x00000000ffe80000,0x00000000fffa8000,0x0000000100000000)
  to   space 1536K, 0% used [0x00000000ffd00000,0x00000000ffd00000,0x00000000ffe80000)
 ParOldGen       total 134144K, used 108480K [0x00000000f0000000, 0x00000000f8300000, 0x00000000f8300000)
  object space 134144K, 80% used [0x00000000f0000000,0x00000000f69f03a8,0x00000000f8300000)
 Metaspace       used 52908K, capacity 55968K, committed 56192K, reserved 1097728K
  class space    used 6448K, capacity 6998K, committed 7040K, reserved 1048576K
}
{Heap before GC invocations=1009 (full 0):
 PSYoungGen      total 126464K, used 126112K [0x00000000f8300000, 0x0000000100000000, 0x0000000100000000)
  eden space 124928K, 100% used [0x00000000f8300000,0x00000000ffd00000,0x00000000ffd00000)
  from space 1536K, 77% used [0x00000000ffe80000,0x00000000fffa8000,0x0000000100000000)
  to   space 1536K, 0% used [0x00000000ffd00000,0x00000000ffd00000,0x00000000ffe80000)
 ParOldGen       total 134144K, used 108480K [0x00000000f0000000, 0x00000000f8300000, 0x00000000f8300000)
  object space 134144K, 80% used [0x00000000f0000000,0x00000000f69f03a8,0x00000000f8300000)
 Metaspace       used 52908K, capacity 55968K, committed 56192K, reserved 1097728K
  class space    used 6448K, capacity 6998K, committed 7040K, reserved 1048576K
2023-10-03T01:20:36.044+0800: 835.749: [GC (Allocation Failure) [PSYoungGen: 126112K->1216K(126464K)] 234592K->109776K(260608K), 0.0078172 secs] [Times: user=0.05 sys=0.00, real=0.01 secs] 
Heap after GC invocations=1009 (full 0):
 PSYoungGen      total 126464K, used 1216K [0x00000000f8300000, 0x0000000100000000, 0x0000000100000000)
  eden space 124928K, 0% used [0x00000000f8300000,0x00000000f8300000,0x00000000ffd00000)
  from space 1536K, 79% used [0x00000000ffd00000,0x00000000ffe30000,0x00000000ffe80000)
  to   space 1536K, 0% used [0x00000000ffe80000,0x00000000ffe80000,0x0000000100000000)
 ParOldGen       total 134144K, used 108560K [0x00000000f0000000, 0x00000000f8300000, 0x00000000f8300000)
  object space 134144K, 80% used [0x00000000f0000000,0x00000000f6a043a8,0x00000000f8300000)
 Metaspace       used 52908K, capacity 55968K, committed 56192K, reserved 1097728K
  class space    used 6448K, capacity 6998K, committed 7040K, reserved 1048576K
}
{Heap before GC invocations=1010 (full 0):
 PSYoungGen      total 126464K, used 126144K [0x00000000f8300000, 0x0000000100000000, 0x0000000100000000)
  eden space 124928K, 100% used [0x00000000f8300000,0x00000000ffd00000,0x00000000ffd00000)
  from space 1536K, 79% used [0x00000000ffd00000,0x00000000ffe30000,0x00000000ffe80000)
  to   space 1536K, 0% used [0x00000000ffe80000,0x00000000ffe80000,0x0000000100000000)
 ParOldGen       total 134144K, used 108560K [0x00000000f0000000, 0x00000000f8300000, 0x00000000f8300000)
  object space 134144K, 80% used [0x00000000f0000000,0x00000000f6a043a8,0x00000000f8300000)
 Metaspace       used 52908K, capacity 55968K, committed 56192K, reserved 1097728K
  class space    used 6448K, capacity 6998K, committed 7040K, reserved 1048576K
2023-10-03T01:20:36.681+0800: 836.386: [GC (Allocation Failure) [PSYoungGen: 126144K->1120K(126464K)] 234704K->109760K(260608K), 0.0081081 secs] [Times: user=0.05 sys=0.00, real=0.02 secs] 
Heap after GC invocations=1010 (full 0):
 PSYoungGen      total 126464K, used 1120K [0x00000000f8300000, 0x0000000100000000, 0x0000000100000000)
  eden space 124928K, 0% used [0x00000000f8300000,0x00000000f8300000,0x00000000ffd00000)
  from space 1536K, 72% used [0x00000000ffe80000,0x00000000fff98000,0x0000000100000000)
  to   space 1536K, 0% used [0x00000000ffd00000,0x00000000ffd00000,0x00000000ffe80000)
 ParOldGen       total 134144K, used 108640K [0x00000000f0000000, 0x00000000f8300000, 0x00000000f8300000)
  object space 134144K, 80% used [0x00000000f0000000,0x00000000f6a183a8,0x00000000f8300000)
 Metaspace       used 52908K, capacity 55968K, committed 56192K, reserved 1097728K
  class space    used 6448K, capacity 6998K, committed 7040K, reserved 1048576K
}
{Heap before GC invocations=1011 (full 0):
 PSYoungGen      total 126464K, used 126048K [0x00000000f8300000, 0x0000000100000000, 0x0000000100000000)
  eden space 124928K, 100% used [0x00000000f8300000,0x00000000ffd00000,0x00000000ffd00000)
  from space 1536K, 72% used [0x00000000ffe80000,0x00000000fff98000,0x0000000100000000)
  to   space 1536K, 0% used [0x00000000ffd00000,0x00000000ffd00000,0x00000000ffe80000)
 ParOldGen       total 134144K, used 108640K [0x00000000f0000000, 0x00000000f8300000, 0x00000000f8300000)
  object space 134144K, 80% used [0x00000000f0000000,0x00000000f6a183a8,0x00000000f8300000)
 Metaspace       used 52908K, capacity 55968K, committed 56192K, reserved 1097728K
  class space    used 6448K, capacity 6998K, committed 7040K, reserved 1048576K
2023-10-03T01:20:37.313+0800: 837.017: [GC (Allocation Failure) [PSYoungGen: 126048K->1184K(126464K)] 234688K->109904K(260608K), 0.0081976 secs] [Times: user=0.04 sys=0.01, real=0.00 secs] 
Heap after GC invocations=1011 (full 0):
 PSYoungGen      total 126464K, used 1184K [0x00000000f8300000, 0x0000000100000000, 0x0000000100000000)
  eden space 124928K, 0% used [0x00000000f8300000,0x00000000f8300000,0x00000000ffd00000)
  from space 1536K, 77% used [0x00000000ffd00000,0x00000000ffe28000,0x00000000ffe80000)
  to   space 1536K, 0% used [0x00000000ffe80000,0x00000000ffe80000,0x0000000100000000)
 ParOldGen       total 134144K, used 108720K [0x00000000f0000000, 0x00000000f8300000, 0x00000000f8300000)
  object space 134144K, 81% used [0x00000000f0000000,0x00000000f6a2c3a8,0x00000000f8300000)
 Metaspace       used 52908K, capacity 55968K, committed 56192K, reserved 1097728K
  class space    used 6448K, capacity 6998K, committed 7040K, reserved 1048576K
}
{Heap before GC invocations=1012 (full 0):
 PSYoungGen      total 126464K, used 126112K [0x00000000f8300000, 0x0000000100000000, 0x0000000100000000)
  eden space 124928K, 100% used [0x00000000f8300000,0x00000000ffd00000,0x00000000ffd00000)
  from space 1536K, 77% used [0x00000000ffd00000,0x00000000ffe28000,0x00000000ffe80000)
  to   space 1536K, 0% used [0x00000000ffe80000,0x00000000ffe80000,0x0000000100000000)
 ParOldGen       total 134144K, used 108720K [0x00000000f0000000, 0x00000000f8300000, 0x00000000f8300000)
  object space 134144K, 81% used [0x00000000f0000000,0x00000000f6a2c3a8,0x00000000f8300000)
 Metaspace       used 52908K, capacity 55968K, committed 56192K, reserved 1097728K
  class space    used 6448K, capacity 6998K, committed 7040K, reserved 1048576K
2023-10-03T01:20:37.950+0800: 837.655: [GC (Allocation Failure) [PSYoungGen: 126112K->1184K(126464K)] 234832K->109984K(260608K), 0.0082987 secs] [Times: user=0.05 sys=0.00, real=0.01 secs] 
Heap after GC invocations=1012 (full 0):
 PSYoungGen      total 126464K, used 1184K [0x00000000f8300000, 0x0000000100000000, 0x0000000100000000)
  eden space 124928K, 0% used [0x00000000f8300000,0x00000000f8300000,0x00000000ffd00000)
  from space 1536K, 77% used [0x00000000ffe80000,0x00000000fffa8000,0x0000000100000000)
  to   space 1536K, 0% used [0x00000000ffd00000,0x00000000ffd00000,0x00000000ffe80000)
 ParOldGen       total 134144K, used 108800K [0x00000000f0000000, 0x00000000f8300000, 0x00000000f8300000)
  object space 134144K, 81% used [0x00000000f0000000,0x00000000f6a403a8,0x00000000f8300000)
 Metaspace       used 52908K, capacity 55968K, committed 56192K, reserved 1097728K
  class space    used 6448K, capacity 6998K, committed 7040K, reserved 1048576K
}
{Heap before GC invocations=1013 (full 0):
 PSYoungGen      total 126464K, used 126112K [0x00000000f8300000, 0x0000000100000000, 0x0000000100000000)
  eden space 124928K, 100% used [0x00000000f8300000,0x00000000ffd00000,0x00000000ffd00000)
  from space 1536K, 77% used [0x00000000ffe80000,0x00000000fffa8000,0x0000000100000000)
  to   space 1536K, 0% used [0x00000000ffd00000,0x00000000ffd00000,0x00000000ffe80000)
 ParOldGen       total 134144K, used 108800K [0x00000000f0000000, 0x00000000f8300000, 0x00000000f8300000)
  object space 134144K, 81% used [0x00000000f0000000,0x00000000f6a403a8,0x00000000f8300000)
 Metaspace       used 52908K, capacity 55968K, committed 56192K, reserved 1097728K
  class space    used 6448K, capacity 6998K, committed 7040K, reserved 1048576K
2023-10-03T01:20:38.586+0800: 838.290: [GC (Allocation Failure) [PSYoungGen: 126112K->1120K(126464K)] 234912K->110000K(260608K), 0.0079242 secs] [Times: user=0.05 sys=0.00, real=0.01 secs] 
Heap after GC invocations=1013 (full 0):
 PSYoungGen      total 126464K, used 1120K [0x00000000f8300000, 0x0000000100000000, 0x0000000100000000)
  eden space 124928K, 0% used [0x00000000f8300000,0x00000000f8300000,0x00000000ffd00000)
  from space 1536K, 72% used [0x00000000ffd00000,0x00000000ffe18000,0x00000000ffe80000)
  to   space 1536K, 0% used [0x00000000ffe80000,0x00000000ffe80000,0x0000000100000000)
 ParOldGen       total 134144K, used 108880K [0x00000000f0000000, 0x00000000f8300000, 0x00000000f8300000)
  object space 134144K, 81% used [0x00000000f0000000,0x00000000f6a543a8,0x00000000f8300000)
 Metaspace       used 52908K, capacity 55968K, committed 56192K, reserved 1097728K
  class space    used 6448K, capacity 6998K, committed 7040K, reserved 1048576K
}
{Heap before GC invocations=1014 (full 0):
 PSYoungGen      total 126464K, used 126048K [0x00000000f8300000, 0x0000000100000000, 0x0000000100000000)
  eden space 124928K, 100% used [0x00000000f8300000,0x00000000ffd00000,0x00000000ffd00000)
  from space 1536K, 72% used [0x00000000ffd00000,0x00000000ffe18000,0x00000000ffe80000)
  to   space 1536K, 0% used [0x00000000ffe80000,0x00000000ffe80000,0x0000000100000000)
 ParOldGen       total 134144K, used 108880K [0x00000000f0000000, 0x00000000f8300000, 0x00000000f8300000)
  object space 134144K, 81% used [0x00000000f0000000,0x00000000f6a543a8,0x00000000f8300000)
 Metaspace       used 52908K, capacity 55968K, committed 56192K, reserved 1097728K
  class space    used 6448K, capacity 6998K, committed 7040K, reserved 1048576K
2023-10-03T01:20:39.215+0800: 838.920: [GC (Allocation Failure) [PSYoungGen: 126048K->1184K(126464K)] 234928K->110144K(260608K), 0.0083713 secs] [Times: user=0.05 sys=0.01, real=0.01 secs] 
Heap after GC invocations=1014 (full 0):
 PSYoungGen      total 126464K, used 1184K [0x00000000f8300000, 0x0000000100000000, 0x0000000100000000)
  eden space 124928K, 0% used [0x00000000f8300000,0x00000000f8300000,0x00000000ffd00000)
  from space 1536K, 77% used [0x00000000ffe80000,0x00000000fffa8000,0x0000000100000000)
  to   space 1536K, 0% used [0x00000000ffd00000,0x00000000ffd00000,0x00000000ffe80000)
 ParOldGen       total 134144K, used 108960K [0x00000000f0000000, 0x00000000f8300000, 0x00000000f8300000)
  object space 134144K, 81% used [0x00000000f0000000,0x00000000f6a683a8,0x00000000f8300000)
 Metaspace       used 52908K, capacity 55968K, committed 56192K, reserved 1097728K
  class space    used 6448K, capacity 6998K, committed 7040K, reserved 1048576K
}
{Heap before GC invocations=1015 (full 0):
 PSYoungGen      total 126464K, used 126112K [0x00000000f8300000, 0x0000000100000000, 0x0000000100000000)
  eden space 124928K, 100% used [0x00000000f8300000,0x00000000ffd00000,0x00000000ffd00000)
  from space 1536K, 77% used [0x00000000ffe80000,0x00000000fffa8000,0x0000000100000000)
  to   space 1536K, 0% used [0x00000000ffd00000,0x00000000ffd00000,0x00000000ffe80000)
 ParOldGen       total 134144K, used 108960K [0x00000000f0000000, 0x00000000f8300000, 0x00000000f8300000)
  object space 134144K, 81% used [0x00000000f0000000,0x00000000f6a683a8,0x00000000f8300000)
 Metaspace       used 52908K, capacity 55968K, committed 56192K, reserved 1097728K
  class space    used 6448K, capacity 6998K, committed 7040K, reserved 1048576K
2023-10-03T01:20:39.856+0800: 839.561: [GC (Allocation Failure) [PSYoungGen: 126112K->1280K(126464K)] 235072K->110320K(260608K), 0.0083281 secs] [Times: user=0.05 sys=0.01, real=0.01 secs] 
Heap after GC invocations=1015 (full 0):
 PSYoungGen      total 126464K, used 1280K [0x00000000f8300000, 0x0000000100000000, 0x0000000100000000)
  eden space 124928K, 0% used [0x00000000f8300000,0x00000000f8300000,0x00000000ffd00000)
  from space 1536K, 83% used [0x00000000ffd00000,0x00000000ffe40000,0x00000000ffe80000)
  to   space 1536K, 0% used [0x00000000ffe80000,0x00000000ffe80000,0x0000000100000000)
 ParOldGen       total 134144K, used 109040K [0x00000000f0000000, 0x00000000f8300000, 0x00000000f8300000)
  object space 134144K, 81% used [0x00000000f0000000,0x00000000f6a7c3a8,0x00000000f8300000)
 Metaspace       used 52908K, capacity 55968K, committed 56192K, reserved 1097728K
  class space    used 6448K, capacity 6998K, committed 7040K, reserved 1048576K
}
{Heap before GC invocations=1016 (full 0):
 PSYoungGen      total 126464K, used 126208K [0x00000000f8300000, 0x0000000100000000, 0x0000000100000000)
  eden space 124928K, 100% used [0x00000000f8300000,0x00000000ffd00000,0x00000000ffd00000)
  from space 1536K, 83% used [0x00000000ffd00000,0x00000000ffe40000,0x00000000ffe80000)
  to   space 1536K, 0% used [0x00000000ffe80000,0x00000000ffe80000,0x0000000100000000)
 ParOldGen       total 134144K, used 109040K [0x00000000f0000000, 0x00000000f8300000, 0x00000000f8300000)
  object space 134144K, 81% used [0x00000000f0000000,0x00000000f6a7c3a8,0x00000000f8300000)
 Metaspace       used 52908K, capacity 55968K, committed 56192K, reserved 1097728K
  class space    used 6448K, capacity 6998K, committed 7040K, reserved 1048576K
2023-10-03T01:20:40.490+0800: 840.195: [GC (Allocation Failure) [PSYoungGen: 126208K->1184K(126464K)] 235248K->110312K(260608K), 0.0083301 secs] [Times: user=0.05 sys=0.00, real=0.01 secs] 
Heap after GC invocations=1016 (full 0):
 PSYoungGen      total 126464K, used 1184K [0x00000000f8300000, 0x0000000100000000, 0x0000000100000000)
  eden space 124928K, 0% used [0x00000000f8300000,0x00000000f8300000,0x00000000ffd00000)
  from space 1536K, 77% used [0x00000000ffe80000,0x00000000fffa8000,0x0000000100000000)
  to   space 1536K, 0% used [0x00000000ffd00000,0x00000000ffd00000,0x00000000ffe80000)
 ParOldGen       total 134144K, used 109128K [0x00000000f0000000, 0x00000000f8300000, 0x00000000f8300000)
  object space 134144K, 81% used [0x00000000f0000000,0x00000000f6a923a8,0x00000000f8300000)
 Metaspace       used 52908K, capacity 55968K, committed 56192K, reserved 1097728K
  class space    used 6448K, capacity 6998K, committed 7040K, reserved 1048576K
}
{Heap before GC invocations=1017 (full 0):
 PSYoungGen      total 126464K, used 126112K [0x00000000f8300000, 0x0000000100000000, 0x0000000100000000)
  eden space 124928K, 100% used [0x00000000f8300000,0x00000000ffd00000,0x00000000ffd00000)
  from space 1536K, 77% used [0x00000000ffe80000,0x00000000fffa8000,0x0000000100000000)
  to   space 1536K, 0% used [0x00000000ffd00000,0x00000000ffd00000,0x00000000ffe80000)
 ParOldGen       total 134144K, used 109128K [0x00000000f0000000, 0x00000000f8300000, 0x00000000f8300000)
  object space 134144K, 81% used [0x00000000f0000000,0x00000000f6a923a8,0x00000000f8300000)
 Metaspace       used 52908K, capacity 55968K, committed 56192K, reserved 1097728K
  class space    used 6448K, capacity 6998K, committed 7040K, reserved 1048576K
2023-10-03T01:20:41.127+0800: 840.832: [GC (Allocation Failure) [PSYoungGen: 126112K->1152K(126464K)] 235240K->110352K(260608K), 0.0080933 secs] [Times: user=0.05 sys=0.00, real=0.01 secs] 
Heap after GC invocations=1017 (full 0):
 PSYoungGen      total 126464K, used 1152K [0x00000000f8300000, 0x0000000100000000, 0x0000000100000000)
  eden space 124928K, 0% used [0x00000000f8300000,0x00000000f8300000,0x00000000ffd00000)
  from space 1536K, 75% used [0x00000000ffd00000,0x00000000ffe20000,0x00000000ffe80000)
  to   space 1536K, 0% used [0x00000000ffe80000,0x00000000ffe80000,0x0000000100000000)
 ParOldGen       total 134144K, used 109200K [0x00000000f0000000, 0x00000000f8300000, 0x00000000f8300000)
  object space 134144K, 81% used [0x00000000f0000000,0x00000000f6aa43a8,0x00000000f8300000)
 Metaspace       used 52908K, capacity 55968K, committed 56192K, reserved 1097728K
  class space    used 6448K, capacity 6998K, committed 7040K, reserved 1048576K
}
{Heap before GC invocations=1018 (full 0):
 PSYoungGen      total 126464K, used 126080K [0x00000000f8300000, 0x0000000100000000, 0x0000000100000000)
  eden space 124928K, 100% used [0x00000000f8300000,0x00000000ffd00000,0x00000000ffd00000)
  from space 1536K, 75% used [0x00000000ffd00000,0x00000000ffe20000,0x00000000ffe80000)
  to   space 1536K, 0% used [0x00000000ffe80000,0x00000000ffe80000,0x0000000100000000)
 ParOldGen       total 134144K, used 109200K [0x00000000f0000000, 0x00000000f8300000, 0x00000000f8300000)
  object space 134144K, 81% used [0x00000000f0000000,0x00000000f6aa43a8,0x00000000f8300000)
 Metaspace       used 52908K, capacity 55968K, committed 56192K, reserved 1097728K
  class space    used 6448K, capacity 6998K, committed 7040K, reserved 1048576K
2023-10-03T01:20:41.733+0800: 841.438: [GC (Allocation Failure) [PSYoungGen: 126080K->1152K(126464K)] 235280K->110432K(260608K), 0.0081236 secs] [Times: user=0.04 sys=0.01, real=0.01 secs] 
Heap after GC invocations=1018 (full 0):
 PSYoungGen      total 126464K, used 1152K [0x00000000f8300000, 0x0000000100000000, 0x0000000100000000)
  eden space 124928K, 0% used [0x00000000f8300000,0x00000000f8300000,0x00000000ffd00000)
  from space 1536K, 75% used [0x00000000ffe80000,0x00000000fffa0000,0x0000000100000000)
  to   space 1536K, 0% used [0x00000000ffd00000,0x00000000ffd00000,0x00000000ffe80000)
 ParOldGen       total 134144K, used 109280K [0x00000000f0000000, 0x00000000f8300000, 0x00000000f8300000)
  object space 134144K, 81% used [0x00000000f0000000,0x00000000f6ab83a8,0x00000000f8300000)
 Metaspace       used 52908K, capacity 55968K, committed 56192K, reserved 1097728K
  class space    used 6448K, capacity 6998K, committed 7040K, reserved 1048576K
}
{Heap before GC invocations=1019 (full 0):
 PSYoungGen      total 126464K, used 126080K [0x00000000f8300000, 0x0000000100000000, 0x0000000100000000)
  eden space 124928K, 100% used [0x00000000f8300000,0x00000000ffd00000,0x00000000ffd00000)
  from space 1536K, 75% used [0x00000000ffe80000,0x00000000fffa0000,0x0000000100000000)
  to   space 1536K, 0% used [0x00000000ffd00000,0x00000000ffd00000,0x00000000ffe80000)
 ParOldGen       total 134144K, used 109280K [0x00000000f0000000, 0x00000000f8300000, 0x00000000f8300000)
  object space 134144K, 81% used [0x00000000f0000000,0x00000000f6ab83a8,0x00000000f8300000)
 Metaspace       used 52908K, capacity 55968K, committed 56192K, reserved 1097728K
  class space    used 6448K, capacity 6998K, committed 7040K, reserved 1048576K
2023-10-03T01:20:42.357+0800: 842.062: [GC (Allocation Failure) [PSYoungGen: 126080K->1184K(126464K)] 235360K->110544K(260608K), 0.0082786 secs] [Times: user=0.05 sys=0.00, real=0.01 secs] 
Heap after GC invocations=1019 (full 0):
 PSYoungGen      total 126464K, used 1184K [0x00000000f8300000, 0x0000000100000000, 0x0000000100000000)
  eden space 124928K, 0% used [0x00000000f8300000,0x00000000f8300000,0x00000000ffd00000)
  from space 1536K, 77% used [0x00000000ffd00000,0x00000000ffe28000,0x00000000ffe80000)
  to   space 1536K, 0% used [0x00000000ffe80000,0x00000000ffe80000,0x0000000100000000)
 ParOldGen       total 134144K, used 109360K [0x00000000f0000000, 0x00000000f8300000, 0x00000000f8300000)
  object space 134144K, 81% used [0x00000000f0000000,0x00000000f6acc3a8,0x00000000f8300000)
 Metaspace       used 52908K, capacity 55968K, committed 56192K, reserved 1097728K
  class space    used 6448K, capacity 6998K, committed 7040K, reserved 1048576K
}
{Heap before GC invocations=1020 (full 0):
 PSYoungGen      total 126464K, used 126112K [0x00000000f8300000, 0x0000000100000000, 0x0000000100000000)
  eden space 124928K, 100% used [0x00000000f8300000,0x00000000ffd00000,0x00000000ffd00000)
  from space 1536K, 77% used [0x00000000ffd00000,0x00000000ffe28000,0x00000000ffe80000)
  to   space 1536K, 0% used [0x00000000ffe80000,0x00000000ffe80000,0x0000000100000000)
 ParOldGen       total 134144K, used 109360K [0x00000000f0000000, 0x00000000f8300000, 0x00000000f8300000)
  object space 134144K, 81% used [0x00000000f0000000,0x00000000f6acc3a8,0x00000000f8300000)
 Metaspace       used 52913K, capacity 56032K, committed 56192K, reserved 1097728K
  class space    used 6448K, capacity 6998K, committed 7040K, reserved 1048576K
2023-10-03T01:20:42.987+0800: 842.692: [GC (Allocation Failure) [PSYoungGen: 126112K->1152K(126464K)] 235472K->110592K(260608K), 0.0080892 secs] [Times: user=0.05 sys=0.00, real=0.01 secs] 
Heap after GC invocations=1020 (full 0):
 PSYoungGen      total 126464K, used 1152K [0x00000000f8300000, 0x0000000100000000, 0x0000000100000000)
  eden space 124928K, 0% used [0x00000000f8300000,0x00000000f8300000,0x00000000ffd00000)
  from space 1536K, 75% used [0x00000000ffe80000,0x00000000fffa0000,0x0000000100000000)
  to   space 1536K, 0% used [0x00000000ffd00000,0x00000000ffd00000,0x00000000ffe80000)
 ParOldGen       total 134144K, used 109440K [0x00000000f0000000, 0x00000000f8300000, 0x00000000f8300000)
  object space 134144K, 81% used [0x00000000f0000000,0x00000000f6ae03a8,0x00000000f8300000)
 Metaspace       used 52913K, capacity 56032K, committed 56192K, reserved 1097728K
  class space    used 6448K, capacity 6998K, committed 7040K, reserved 1048576K
}
{Heap before GC invocations=1021 (full 0):
 PSYoungGen      total 126464K, used 126080K [0x00000000f8300000, 0x0000000100000000, 0x0000000100000000)
  eden space 124928K, 100% used [0x00000000f8300000,0x00000000ffd00000,0x00000000ffd00000)
  from space 1536K, 75% used [0x00000000ffe80000,0x00000000fffa0000,0x0000000100000000)
  to   space 1536K, 0% used [0x00000000ffd00000,0x00000000ffd00000,0x00000000ffe80000)
 ParOldGen       total 134144K, used 109440K [0x00000000f0000000, 0x00000000f8300000, 0x00000000f8300000)
  object space 134144K, 81% used [0x00000000f0000000,0x00000000f6ae03a8,0x00000000f8300000)
 Metaspace       used 52913K, capacity 56032K, committed 56192K, reserved 1097728K
  class space    used 6448K, capacity 6998K, committed 7040K, reserved 1048576K
2023-10-03T01:20:43.610+0800: 843.314: [GC (Allocation Failure) [PSYoungGen: 126080K->1184K(126464K)] 235520K->110704K(260608K), 0.0081722 secs] [Times: user=0.05 sys=0.00, real=0.01 secs] 
Heap after GC invocations=1021 (full 0):
 PSYoungGen      total 126464K, used 1184K [0x00000000f8300000, 0x0000000100000000, 0x0000000100000000)
  eden space 124928K, 0% used [0x00000000f8300000,0x00000000f8300000,0x00000000ffd00000)
  from space 1536K, 77% used [0x00000000ffd00000,0x00000000ffe28000,0x00000000ffe80000)
  to   space 1536K, 0% used [0x00000000ffe80000,0x00000000ffe80000,0x0000000100000000)
 ParOldGen       total 134144K, used 109520K [0x00000000f0000000, 0x00000000f8300000, 0x00000000f8300000)
  object space 134144K, 81% used [0x00000000f0000000,0x00000000f6af43a8,0x00000000f8300000)
 Metaspace       used 52913K, capacity 56032K, committed 56192K, reserved 1097728K
  class space    used 6448K, capacity 6998K, committed 7040K, reserved 1048576K
}
{Heap before GC invocations=1022 (full 0):
 PSYoungGen      total 126464K, used 126112K [0x00000000f8300000, 0x0000000100000000, 0x0000000100000000)
  eden space 124928K, 100% used [0x00000000f8300000,0x00000000ffd00000,0x00000000ffd00000)
  from space 1536K, 77% used [0x00000000ffd00000,0x00000000ffe28000,0x00000000ffe80000)
  to   space 1536K, 0% used [0x00000000ffe80000,0x00000000ffe80000,0x0000000100000000)
 ParOldGen       total 134144K, used 109520K [0x00000000f0000000, 0x00000000f8300000, 0x00000000f8300000)
  object space 134144K, 81% used [0x00000000f0000000,0x00000000f6af43a8,0x00000000f8300000)
 Metaspace       used 52913K, capacity 56032K, committed 56192K, reserved 1097728K
  class space    used 6448K, capacity 6998K, committed 7040K, reserved 1048576K
2023-10-03T01:20:44.244+0800: 843.949: [GC (Allocation Failure) [PSYoungGen: 126112K->1184K(126464K)] 235632K->110784K(260608K), 0.0081876 secs] [Times: user=0.05 sys=0.00, real=0.01 secs] 
Heap after GC invocations=1022 (full 0):
 PSYoungGen      total 126464K, used 1184K [0x00000000f8300000, 0x0000000100000000, 0x0000000100000000)
  eden space 124928K, 0% used [0x00000000f8300000,0x00000000f8300000,0x00000000ffd00000)
  from space 1536K, 77% used [0x00000000ffe80000,0x00000000fffa8000,0x0000000100000000)
  to   space 1536K, 0% used [0x00000000ffd00000,0x00000000ffd00000,0x00000000ffe80000)
 ParOldGen       total 134144K, used 109600K [0x00000000f0000000, 0x00000000f8300000, 0x00000000f8300000)
  object space 134144K, 81% used [0x00000000f0000000,0x00000000f6b083a8,0x00000000f8300000)
 Metaspace       used 52913K, capacity 56032K, committed 56192K, reserved 1097728K
  class space    used 6448K, capacity 6998K, committed 7040K, reserved 1048576K
}
{Heap before GC invocations=1023 (full 0):
 PSYoungGen      total 126464K, used 126112K [0x00000000f8300000, 0x0000000100000000, 0x0000000100000000)
  eden space 124928K, 100% used [0x00000000f8300000,0x00000000ffd00000,0x00000000ffd00000)
  from space 1536K, 77% used [0x00000000ffe80000,0x00000000fffa8000,0x0000000100000000)
  to   space 1536K, 0% used [0x00000000ffd00000,0x00000000ffd00000,0x00000000ffe80000)
 ParOldGen       total 134144K, used 109600K [0x00000000f0000000, 0x00000000f8300000, 0x00000000f8300000)
  object space 134144K, 81% used [0x00000000f0000000,0x00000000f6b083a8,0x00000000f8300000)
 Metaspace       used 52913K, capacity 56032K, committed 56192K, reserved 1097728K
  class space    used 6448K, capacity 6998K, committed 7040K, reserved 1048576K
2023-10-03T01:20:44.884+0800: 844.588: [GC (Allocation Failure) [PSYoungGen: 126112K->1120K(126464K)] 235712K->110808K(260608K), 0.0082155 secs] [Times: user=0.05 sys=0.00, real=0.01 secs] 
Heap after GC invocations=1023 (full 0):
 PSYoungGen      total 126464K, used 1120K [0x00000000f8300000, 0x0000000100000000, 0x0000000100000000)
  eden space 124928K, 0% used [0x00000000f8300000,0x00000000f8300000,0x00000000ffd00000)
  from space 1536K, 72% used [0x00000000ffd00000,0x00000000ffe18000,0x00000000ffe80000)
  to   space 1536K, 0% used [0x00000000ffe80000,0x00000000ffe80000,0x0000000100000000)
 ParOldGen       total 134144K, used 109688K [0x00000000f0000000, 0x00000000f8300000, 0x00000000f8300000)
  object space 134144K, 81% used [0x00000000f0000000,0x00000000f6b1e3a8,0x00000000f8300000)
 Metaspace       used 52913K, capacity 56032K, committed 56192K, reserved 1097728K
  class space    used 6448K, capacity 6998K, committed 7040K, reserved 1048576K
}
{Heap before GC invocations=1024 (full 0):
 PSYoungGen      total 126464K, used 126048K [0x00000000f8300000, 0x0000000100000000, 0x0000000100000000)
  eden space 124928K, 100% used [0x00000000f8300000,0x00000000ffd00000,0x00000000ffd00000)
  from space 1536K, 72% used [0x00000000ffd00000,0x00000000ffe18000,0x00000000ffe80000)
  to   space 1536K, 0% used [0x00000000ffe80000,0x00000000ffe80000,0x0000000100000000)
 ParOldGen       total 134144K, used 109688K [0x00000000f0000000, 0x00000000f8300000, 0x00000000f8300000)
  object space 134144K, 81% used [0x00000000f0000000,0x00000000f6b1e3a8,0x00000000f8300000)
 Metaspace       used 52913K, capacity 56032K, committed 56192K, reserved 1097728K
  class space    used 6448K, capacity 6998K, committed 7040K, reserved 1048576K
2023-10-03T01:20:45.513+0800: 845.218: [GC (Allocation Failure) [PSYoungGen: 126048K->1184K(126464K)] 235736K->110952K(260608K), 0.0084638 secs] [Times: user=0.05 sys=0.00, real=0.01 secs] 
Heap after GC invocations=1024 (full 0):
 PSYoungGen      total 126464K, used 1184K [0x00000000f8300000, 0x0000000100000000, 0x0000000100000000)
  eden space 124928K, 0% used [0x00000000f8300000,0x00000000f8300000,0x00000000ffd00000)
  from space 1536K, 77% used [0x00000000ffe80000,0x00000000fffa8000,0x0000000100000000)
  to   space 1536K, 0% used [0x00000000ffd00000,0x00000000ffd00000,0x00000000ffe80000)
 ParOldGen       total 134144K, used 109768K [0x00000000f0000000, 0x00000000f8300000, 0x00000000f8300000)
  object space 134144K, 81% used [0x00000000f0000000,0x00000000f6b323a8,0x00000000f8300000)
 Metaspace       used 52913K, capacity 56032K, committed 56192K, reserved 1097728K
  class space    used 6448K, capacity 6998K, committed 7040K, reserved 1048576K
}
{Heap before GC invocations=1025 (full 0):
 PSYoungGen      total 126464K, used 126112K [0x00000000f8300000, 0x0000000100000000, 0x0000000100000000)
  eden space 124928K, 100% used [0x00000000f8300000,0x00000000ffd00000,0x00000000ffd00000)
  from space 1536K, 77% used [0x00000000ffe80000,0x00000000fffa8000,0x0000000100000000)
  to   space 1536K, 0% used [0x00000000ffd00000,0x00000000ffd00000,0x00000000ffe80000)
 ParOldGen       total 134144K, used 109768K [0x00000000f0000000, 0x00000000f8300000, 0x00000000f8300000)
  object space 134144K, 81% used [0x00000000f0000000,0x00000000f6b323a8,0x00000000f8300000)
 Metaspace       used 52913K, capacity 56032K, committed 56192K, reserved 1097728K
  class space    used 6448K, capacity 6998K, committed 7040K, reserved 1048576K
2023-10-03T01:20:46.152+0800: 845.857: [GC (Allocation Failure) [PSYoungGen: 126112K->1152K(126464K)] 235880K->111000K(260608K), 0.0081699 secs] [Times: user=0.05 sys=0.00, real=0.00 secs] 
Heap after GC invocations=1025 (full 0):
 PSYoungGen      total 126464K, used 1152K [0x00000000f8300000, 0x0000000100000000, 0x0000000100000000)
  eden space 124928K, 0% used [0x00000000f8300000,0x00000000f8300000,0x00000000ffd00000)
  from space 1536K, 75% used [0x00000000ffd00000,0x00000000ffe20000,0x00000000ffe80000)
  to   space 1536K, 0% used [0x00000000ffe80000,0x00000000ffe80000,0x0000000100000000)
 ParOldGen       total 134144K, used 109848K [0x00000000f0000000, 0x00000000f8300000, 0x00000000f8300000)
  object space 134144K, 81% used [0x00000000f0000000,0x00000000f6b463a8,0x00000000f8300000)
 Metaspace       used 52913K, capacity 56032K, committed 56192K, reserved 1097728K
  class space    used 6448K, capacity 6998K, committed 7040K, reserved 1048576K
}
{Heap before GC invocations=1026 (full 0):
 PSYoungGen      total 126464K, used 126080K [0x00000000f8300000, 0x0000000100000000, 0x0000000100000000)
  eden space 124928K, 100% used [0x00000000f8300000,0x00000000ffd00000,0x00000000ffd00000)
  from space 1536K, 75% used [0x00000000ffd00000,0x00000000ffe20000,0x00000000ffe80000)
  to   space 1536K, 0% used [0x00000000ffe80000,0x00000000ffe80000,0x0000000100000000)
 ParOldGen       total 134144K, used 109848K [0x00000000f0000000, 0x00000000f8300000, 0x00000000f8300000)
  object space 134144K, 81% used [0x00000000f0000000,0x00000000f6b463a8,0x00000000f8300000)
 Metaspace       used 52913K, capacity 56032K, committed 56192K, reserved 1097728K
  class space    used 6448K, capacity 6998K, committed 7040K, reserved 1048576K
2023-10-03T01:20:46.792+0800: 846.496: [GC (Allocation Failure) [PSYoungGen: 126080K->1152K(126464K)] 235928K->111080K(260608K), 0.0085072 secs] [Times: user=0.05 sys=0.01, real=0.01 secs] 
Heap after GC invocations=1026 (full 0):
 PSYoungGen      total 126464K, used 1152K [0x00000000f8300000, 0x0000000100000000, 0x0000000100000000)
  eden space 124928K, 0% used [0x00000000f8300000,0x00000000f8300000,0x00000000ffd00000)
  from space 1536K, 75% used [0x00000000ffe80000,0x00000000fffa0000,0x0000000100000000)
  to   space 1536K, 0% used [0x00000000ffd00000,0x00000000ffd00000,0x00000000ffe80000)
 ParOldGen       total 134144K, used 109928K [0x00000000f0000000, 0x00000000f8300000, 0x00000000f8300000)
  object space 134144K, 81% used [0x00000000f0000000,0x00000000f6b5a3a8,0x00000000f8300000)
 Metaspace       used 52913K, capacity 56032K, committed 56192K, reserved 1097728K
  class space    used 6448K, capacity 6998K, committed 7040K, reserved 1048576K
}
{Heap before GC invocations=1027 (full 0):
 PSYoungGen      total 126464K, used 126080K [0x00000000f8300000, 0x0000000100000000, 0x0000000100000000)
  eden space 124928K, 100% used [0x00000000f8300000,0x00000000ffd00000,0x00000000ffd00000)
  from space 1536K, 75% used [0x00000000ffe80000,0x00000000fffa0000,0x0000000100000000)
  to   space 1536K, 0% used [0x00000000ffd00000,0x00000000ffd00000,0x00000000ffe80000)
 ParOldGen       total 134144K, used 109928K [0x00000000f0000000, 0x00000000f8300000, 0x00000000f8300000)
  object space 134144K, 81% used [0x00000000f0000000,0x00000000f6b5a3a8,0x00000000f8300000)
 Metaspace       used 52913K, capacity 56032K, committed 56192K, reserved 1097728K
  class space    used 6448K, capacity 6998K, committed 7040K, reserved 1048576K
2023-10-03T01:20:47.420+0800: 847.124: [GC (Allocation Failure) [PSYoungGen: 126080K->1216K(126464K)] 236008K->111224K(260608K), 0.0082833 secs] [Times: user=0.05 sys=0.00, real=0.01 secs] 
Heap after GC invocations=1027 (full 0):
 PSYoungGen      total 126464K, used 1216K [0x00000000f8300000, 0x0000000100000000, 0x0000000100000000)
  eden space 124928K, 0% used [0x00000000f8300000,0x00000000f8300000,0x00000000ffd00000)
  from space 1536K, 79% used [0x00000000ffd00000,0x00000000ffe30000,0x00000000ffe80000)
  to   space 1536K, 0% used [0x00000000ffe80000,0x00000000ffe80000,0x0000000100000000)
 ParOldGen       total 134144K, used 110008K [0x00000000f0000000, 0x00000000f8300000, 0x00000000f8300000)
  object space 134144K, 82% used [0x00000000f0000000,0x00000000f6b6e3a8,0x00000000f8300000)
 Metaspace       used 52913K, capacity 56032K, committed 56192K, reserved 1097728K
  class space    used 6448K, capacity 6998K, committed 7040K, reserved 1048576K
}
{Heap before GC invocations=1028 (full 0):
 PSYoungGen      total 126464K, used 126144K [0x00000000f8300000, 0x0000000100000000, 0x0000000100000000)
  eden space 124928K, 100% used [0x00000000f8300000,0x00000000ffd00000,0x00000000ffd00000)
  from space 1536K, 79% used [0x00000000ffd00000,0x00000000ffe30000,0x00000000ffe80000)
  to   space 1536K, 0% used [0x00000000ffe80000,0x00000000ffe80000,0x0000000100000000)
 ParOldGen       total 134144K, used 110008K [0x00000000f0000000, 0x00000000f8300000, 0x00000000f8300000)
  object space 134144K, 82% used [0x00000000f0000000,0x00000000f6b6e3a8,0x00000000f8300000)
 Metaspace       used 52913K, capacity 56032K, committed 56192K, reserved 1097728K
  class space    used 6448K, capacity 6998K, committed 7040K, reserved 1048576K
2023-10-03T01:20:48.063+0800: 847.767: [GC (Allocation Failure) [PSYoungGen: 126144K->1216K(126464K)] 236152K->111296K(260608K), 0.0079544 secs] [Times: user=0.05 sys=0.00, real=0.00 secs] 
Heap after GC invocations=1028 (full 0):
 PSYoungGen      total 126464K, used 1216K [0x00000000f8300000, 0x0000000100000000, 0x0000000100000000)
  eden space 124928K, 0% used [0x00000000f8300000,0x00000000f8300000,0x00000000ffd00000)
  from space 1536K, 79% used [0x00000000ffe80000,0x00000000fffb0000,0x0000000100000000)
  to   space 1536K, 0% used [0x00000000ffd00000,0x00000000ffd00000,0x00000000ffe80000)
 ParOldGen       total 134144K, used 110080K [0x00000000f0000000, 0x00000000f8300000, 0x00000000f8300000)
  object space 134144K, 82% used [0x00000000f0000000,0x00000000f6b803a8,0x00000000f8300000)
 Metaspace       used 52913K, capacity 56032K, committed 56192K, reserved 1097728K
  class space    used 6448K, capacity 6998K, committed 7040K, reserved 1048576K
}
{Heap before GC invocations=1029 (full 0):
 PSYoungGen      total 126464K, used 126144K [0x00000000f8300000, 0x0000000100000000, 0x0000000100000000)
  eden space 124928K, 100% used [0x00000000f8300000,0x00000000ffd00000,0x00000000ffd00000)
  from space 1536K, 79% used [0x00000000ffe80000,0x00000000fffb0000,0x0000000100000000)
  to   space 1536K, 0% used [0x00000000ffd00000,0x00000000ffd00000,0x00000000ffe80000)
 ParOldGen       total 134144K, used 110080K [0x00000000f0000000, 0x00000000f8300000, 0x00000000f8300000)
  object space 134144K, 82% used [0x00000000f0000000,0x00000000f6b803a8,0x00000000f8300000)
 Metaspace       used 52913K, capacity 56032K, committed 56192K, reserved 1097728K
  class space    used 6448K, capacity 6998K, committed 7040K, reserved 1048576K
2023-10-03T01:20:48.688+0800: 848.393: [GC (Allocation Failure) [PSYoungGen: 126144K->1184K(126464K)] 236224K->111344K(260608K), 0.0085591 secs] [Times: user=0.05 sys=0.00, real=0.01 secs] 
Heap after GC invocations=1029 (full 0):
 PSYoungGen      total 126464K, used 1184K [0x00000000f8300000, 0x0000000100000000, 0x0000000100000000)
  eden space 124928K, 0% used [0x00000000f8300000,0x00000000f8300000,0x00000000ffd00000)
  from space 1536K, 77% used [0x00000000ffd00000,0x00000000ffe28000,0x00000000ffe80000)
  to   space 1536K, 0% used [0x00000000ffe80000,0x00000000ffe80000,0x0000000100000000)
 ParOldGen       total 134144K, used 110160K [0x00000000f0000000, 0x00000000f8300000, 0x00000000f8300000)
  object space 134144K, 82% used [0x00000000f0000000,0x00000000f6b943a8,0x00000000f8300000)
 Metaspace       used 52913K, capacity 56032K, committed 56192K, reserved 1097728K
  class space    used 6448K, capacity 6998K, committed 7040K, reserved 1048576K
}
{Heap before GC invocations=1030 (full 0):
 PSYoungGen      total 126464K, used 126112K [0x00000000f8300000, 0x0000000100000000, 0x0000000100000000)
  eden space 124928K, 100% used [0x00000000f8300000,0x00000000ffd00000,0x00000000ffd00000)
  from space 1536K, 77% used [0x00000000ffd00000,0x00000000ffe28000,0x00000000ffe80000)
  to   space 1536K, 0% used [0x00000000ffe80000,0x00000000ffe80000,0x0000000100000000)
 ParOldGen       total 134144K, used 110160K [0x00000000f0000000, 0x00000000f8300000, 0x00000000f8300000)
  object space 134144K, 82% used [0x00000000f0000000,0x00000000f6b943a8,0x00000000f8300000)
 Metaspace       used 52913K, capacity 56032K, committed 56192K, reserved 1097728K
  class space    used 6448K, capacity 6998K, committed 7040K, reserved 1048576K
2023-10-03T01:20:49.325+0800: 849.030: [GC (Allocation Failure) [PSYoungGen: 126112K->1184K(126464K)] 236272K->111424K(260608K), 0.0076524 secs] [Times: user=0.05 sys=0.00, real=0.01 secs] 
Heap after GC invocations=1030 (full 0):
 PSYoungGen      total 126464K, used 1184K [0x00000000f8300000, 0x0000000100000000, 0x0000000100000000)
  eden space 124928K, 0% used [0x00000000f8300000,0x00000000f8300000,0x00000000ffd00000)
  from space 1536K, 77% used [0x00000000ffe80000,0x00000000fffa8000,0x0000000100000000)
  to   space 1536K, 0% used [0x00000000ffd00000,0x00000000ffd00000,0x00000000ffe80000)
 ParOldGen       total 134144K, used 110240K [0x00000000f0000000, 0x00000000f8300000, 0x00000000f8300000)
  object space 134144K, 82% used [0x00000000f0000000,0x00000000f6ba83a8,0x00000000f8300000)
 Metaspace       used 52913K, capacity 56032K, committed 56192K, reserved 1097728K
  class space    used 6448K, capacity 6998K, committed 7040K, reserved 1048576K
}
{Heap before GC invocations=1031 (full 0):
 PSYoungGen      total 126464K, used 126112K [0x00000000f8300000, 0x0000000100000000, 0x0000000100000000)
  eden space 124928K, 100% used [0x00000000f8300000,0x00000000ffd00000,0x00000000ffd00000)
  from space 1536K, 77% used [0x00000000ffe80000,0x00000000fffa8000,0x0000000100000000)
  to   space 1536K, 0% used [0x00000000ffd00000,0x00000000ffd00000,0x00000000ffe80000)
 ParOldGen       total 134144K, used 110240K [0x00000000f0000000, 0x00000000f8300000, 0x00000000f8300000)
  object space 134144K, 82% used [0x00000000f0000000,0x00000000f6ba83a8,0x00000000f8300000)
 Metaspace       used 52913K, capacity 56032K, committed 56192K, reserved 1097728K
  class space    used 6448K, capacity 6998K, committed 7040K, reserved 1048576K
2023-10-03T01:20:49.952+0800: 849.657: [GC (Allocation Failure) [PSYoungGen: 126112K->1152K(126464K)] 236352K->111472K(260608K), 0.0082453 secs] [Times: user=0.05 sys=0.01, real=0.00 secs] 
Heap after GC invocations=1031 (full 0):
 PSYoungGen      total 126464K, used 1152K [0x00000000f8300000, 0x0000000100000000, 0x0000000100000000)
  eden space 124928K, 0% used [0x00000000f8300000,0x00000000f8300000,0x00000000ffd00000)
  from space 1536K, 75% used [0x00000000ffd00000,0x00000000ffe20000,0x00000000ffe80000)
  to   space 1536K, 0% used [0x00000000ffe80000,0x00000000ffe80000,0x0000000100000000)
 ParOldGen       total 134144K, used 110320K [0x00000000f0000000, 0x00000000f8300000, 0x00000000f8300000)
  object space 134144K, 82% used [0x00000000f0000000,0x00000000f6bbc3a8,0x00000000f8300000)
 Metaspace       used 52913K, capacity 56032K, committed 56192K, reserved 1097728K
  class space    used 6448K, capacity 6998K, committed 7040K, reserved 1048576K
}
{Heap before GC invocations=1032 (full 0):
 PSYoungGen      total 126464K, used 126080K [0x00000000f8300000, 0x0000000100000000, 0x0000000100000000)
  eden space 124928K, 100% used [0x00000000f8300000,0x00000000ffd00000,0x00000000ffd00000)
  from space 1536K, 75% used [0x00000000ffd00000,0x00000000ffe20000,0x00000000ffe80000)
  to   space 1536K, 0% used [0x00000000ffe80000,0x00000000ffe80000,0x0000000100000000)
 ParOldGen       total 134144K, used 110320K [0x00000000f0000000, 0x00000000f8300000, 0x00000000f8300000)
  object space 134144K, 82% used [0x00000000f0000000,0x00000000f6bbc3a8,0x00000000f8300000)
 Metaspace       used 52913K, capacity 56032K, committed 56192K, reserved 1097728K
  class space    used 6448K, capacity 6998K, committed 7040K, reserved 1048576K
2023-10-03T01:20:50.577+0800: 850.282: [GC (Allocation Failure) [PSYoungGen: 126080K->1184K(126464K)] 236400K->111584K(260608K), 0.0081599 secs] [Times: user=0.05 sys=0.00, real=0.01 secs] 
Heap after GC invocations=1032 (full 0):
 PSYoungGen      total 126464K, used 1184K [0x00000000f8300000, 0x0000000100000000, 0x0000000100000000)
  eden space 124928K, 0% used [0x00000000f8300000,0x00000000f8300000,0x00000000ffd00000)
  from space 1536K, 77% used [0x00000000ffe80000,0x00000000fffa8000,0x0000000100000000)
  to   space 1536K, 0% used [0x00000000ffd00000,0x00000000ffd00000,0x00000000ffe80000)
 ParOldGen       total 134144K, used 110400K [0x00000000f0000000, 0x00000000f8300000, 0x00000000f8300000)
  object space 134144K, 82% used [0x00000000f0000000,0x00000000f6bd03a8,0x00000000f8300000)
 Metaspace       used 52913K, capacity 56032K, committed 56192K, reserved 1097728K
  class space    used 6448K, capacity 6998K, committed 7040K, reserved 1048576K
}
{Heap before GC invocations=1033 (full 0):
 PSYoungGen      total 126464K, used 126112K [0x00000000f8300000, 0x0000000100000000, 0x0000000100000000)
  eden space 124928K, 100% used [0x00000000f8300000,0x00000000ffd00000,0x00000000ffd00000)
  from space 1536K, 77% used [0x00000000ffe80000,0x00000000fffa8000,0x0000000100000000)
  to   space 1536K, 0% used [0x00000000ffd00000,0x00000000ffd00000,0x00000000ffe80000)
 ParOldGen       total 134144K, used 110400K [0x00000000f0000000, 0x00000000f8300000, 0x00000000f8300000)
  object space 134144K, 82% used [0x00000000f0000000,0x00000000f6bd03a8,0x00000000f8300000)
 Metaspace       used 52913K, capacity 56032K, committed 56192K, reserved 1097728K
  class space    used 6448K, capacity 6998K, committed 7040K, reserved 1048576K
2023-10-03T01:20:51.212+0800: 850.916: [GC (Allocation Failure) [PSYoungGen: 126112K->1184K(126464K)] 236512K->111664K(260608K), 0.0085800 secs] [Times: user=0.04 sys=0.01, real=0.01 secs] 
Heap after GC invocations=1033 (full 0):
 PSYoungGen      total 126464K, used 1184K [0x00000000f8300000, 0x0000000100000000, 0x0000000100000000)
  eden space 124928K, 0% used [0x00000000f8300000,0x00000000f8300000,0x00000000ffd00000)
  from space 1536K, 77% used [0x00000000ffd00000,0x00000000ffe28000,0x00000000ffe80000)
  to   space 1536K, 0% used [0x00000000ffe80000,0x00000000ffe80000,0x0000000100000000)
 ParOldGen       total 134144K, used 110480K [0x00000000f0000000, 0x00000000f8300000, 0x00000000f8300000)
  object space 134144K, 82% used [0x00000000f0000000,0x00000000f6be43a8,0x00000000f8300000)
 Metaspace       used 52913K, capacity 56032K, committed 56192K, reserved 1097728K
  class space    used 6448K, capacity 6998K, committed 7040K, reserved 1048576K
}
{Heap before GC invocations=1034 (full 0):
 PSYoungGen      total 126464K, used 126112K [0x00000000f8300000, 0x0000000100000000, 0x0000000100000000)
  eden space 124928K, 100% used [0x00000000f8300000,0x00000000ffd00000,0x00000000ffd00000)
  from space 1536K, 77% used [0x00000000ffd00000,0x00000000ffe28000,0x00000000ffe80000)
  to   space 1536K, 0% used [0x00000000ffe80000,0x00000000ffe80000,0x0000000100000000)
 ParOldGen       total 134144K, used 110480K [0x00000000f0000000, 0x00000000f8300000, 0x00000000f8300000)
  object space 134144K, 82% used [0x00000000f0000000,0x00000000f6be43a8,0x00000000f8300000)
 Metaspace       used 52913K, capacity 56032K, committed 56192K, reserved 1097728K
  class space    used 6448K, capacity 6998K, committed 7040K, reserved 1048576K
2023-10-03T01:20:51.834+0800: 851.538: [GC (Allocation Failure) [PSYoungGen: 126112K->1152K(126464K)] 236592K->111712K(260608K), 0.0080653 secs] [Times: user=0.05 sys=0.00, real=0.01 secs] 
Heap after GC invocations=1034 (full 0):
 PSYoungGen      total 126464K, used 1152K [0x00000000f8300000, 0x0000000100000000, 0x0000000100000000)
  eden space 124928K, 0% used [0x00000000f8300000,0x00000000f8300000,0x00000000ffd00000)
  from space 1536K, 75% used [0x00000000ffe80000,0x00000000fffa0000,0x0000000100000000)
  to   space 1536K, 0% used [0x00000000ffd00000,0x00000000ffd00000,0x00000000ffe80000)
 ParOldGen       total 134144K, used 110560K [0x00000000f0000000, 0x00000000f8300000, 0x00000000f8300000)
  object space 134144K, 82% used [0x00000000f0000000,0x00000000f6bf83a8,0x00000000f8300000)
 Metaspace       used 52913K, capacity 56032K, committed 56192K, reserved 1097728K
  class space    used 6448K, capacity 6998K, committed 7040K, reserved 1048576K
}
{Heap before GC invocations=1035 (full 0):
 PSYoungGen      total 126464K, used 126080K [0x00000000f8300000, 0x0000000100000000, 0x0000000100000000)
  eden space 124928K, 100% used [0x00000000f8300000,0x00000000ffd00000,0x00000000ffd00000)
  from space 1536K, 75% used [0x00000000ffe80000,0x00000000fffa0000,0x0000000100000000)
  to   space 1536K, 0% used [0x00000000ffd00000,0x00000000ffd00000,0x00000000ffe80000)
 ParOldGen       total 134144K, used 110560K [0x00000000f0000000, 0x00000000f8300000, 0x00000000f8300000)
  object space 134144K, 82% used [0x00000000f0000000,0x00000000f6bf83a8,0x00000000f8300000)
 Metaspace       used 52913K, capacity 56032K, committed 56192K, reserved 1097728K
  class space    used 6448K, capacity 6998K, committed 7040K, reserved 1048576K
2023-10-03T01:20:52.463+0800: 852.168: [GC (Allocation Failure) [PSYoungGen: 126080K->1152K(126464K)] 236640K->111792K(260608K), 0.0087068 secs] [Times: user=0.04 sys=0.01, real=0.01 secs] 
Heap after GC invocations=1035 (full 0):
 PSYoungGen      total 126464K, used 1152K [0x00000000f8300000, 0x0000000100000000, 0x0000000100000000)
  eden space 124928K, 0% used [0x00000000f8300000,0x00000000f8300000,0x00000000ffd00000)
  from space 1536K, 75% used [0x00000000ffd00000,0x00000000ffe20000,0x00000000ffe80000)
  to   space 1536K, 0% used [0x00000000ffe80000,0x00000000ffe80000,0x0000000100000000)
 ParOldGen       total 134144K, used 110640K [0x00000000f0000000, 0x00000000f8300000, 0x00000000f8300000)
  object space 134144K, 82% used [0x00000000f0000000,0x00000000f6c0c3a8,0x00000000f8300000)
 Metaspace       used 52913K, capacity 56032K, committed 56192K, reserved 1097728K
  class space    used 6448K, capacity 6998K, committed 7040K, reserved 1048576K
}
{Heap before GC invocations=1036 (full 0):
 PSYoungGen      total 126464K, used 126080K [0x00000000f8300000, 0x0000000100000000, 0x0000000100000000)
  eden space 124928K, 100% used [0x00000000f8300000,0x00000000ffd00000,0x00000000ffd00000)
  from space 1536K, 75% used [0x00000000ffd00000,0x00000000ffe20000,0x00000000ffe80000)
  to   space 1536K, 0% used [0x00000000ffe80000,0x00000000ffe80000,0x0000000100000000)
 ParOldGen       total 134144K, used 110640K [0x00000000f0000000, 0x00000000f8300000, 0x00000000f8300000)
  object space 134144K, 82% used [0x00000000f0000000,0x00000000f6c0c3a8,0x00000000f8300000)
 Metaspace       used 52913K, capacity 56032K, committed 56192K, reserved 1097728K
  class space    used 6448K, capacity 6998K, committed 7040K, reserved 1048576K
2023-10-03T01:20:53.095+0800: 852.800: [GC (Allocation Failure) [PSYoungGen: 126080K->1248K(126464K)] 236720K->111968K(260608K), 0.0083351 secs] [Times: user=0.05 sys=0.00, real=0.01 secs] 
Heap after GC invocations=1036 (full 0):
 PSYoungGen      total 126464K, used 1248K [0x00000000f8300000, 0x0000000100000000, 0x0000000100000000)
  eden space 124928K, 0% used [0x00000000f8300000,0x00000000f8300000,0x00000000ffd00000)
  from space 1536K, 81% used [0x00000000ffe80000,0x00000000fffb8000,0x0000000100000000)
  to   space 1536K, 0% used [0x00000000ffd00000,0x00000000ffd00000,0x00000000ffe80000)
 ParOldGen       total 134144K, used 110720K [0x00000000f0000000, 0x00000000f8300000, 0x00000000f8300000)
  object space 134144K, 82% used [0x00000000f0000000,0x00000000f6c203a8,0x00000000f8300000)
 Metaspace       used 52913K, capacity 56032K, committed 56192K, reserved 1097728K
  class space    used 6448K, capacity 6998K, committed 7040K, reserved 1048576K
}
{Heap before GC invocations=1037 (full 0):
 PSYoungGen      total 126464K, used 126176K [0x00000000f8300000, 0x0000000100000000, 0x0000000100000000)
  eden space 124928K, 100% used [0x00000000f8300000,0x00000000ffd00000,0x00000000ffd00000)
  from space 1536K, 81% used [0x00000000ffe80000,0x00000000fffb8000,0x0000000100000000)
  to   space 1536K, 0% used [0x00000000ffd00000,0x00000000ffd00000,0x00000000ffe80000)
 ParOldGen       total 134144K, used 110720K [0x00000000f0000000, 0x00000000f8300000, 0x00000000f8300000)
  object space 134144K, 82% used [0x00000000f0000000,0x00000000f6c203a8,0x00000000f8300000)
 Metaspace       used 52913K, capacity 56032K, committed 56192K, reserved 1097728K
  class space    used 6448K, capacity 6998K, committed 7040K, reserved 1048576K
2023-10-03T01:20:53.724+0800: 853.429: [GC (Allocation Failure) [PSYoungGen: 126176K->1152K(126464K)] 236896K->111952K(260608K), 0.0081883 secs] [Times: user=0.05 sys=0.00, real=0.01 secs] 
Heap after GC invocations=1037 (full 0):
 PSYoungGen      total 126464K, used 1152K [0x00000000f8300000, 0x0000000100000000, 0x0000000100000000)
  eden space 124928K, 0% used [0x00000000f8300000,0x00000000f8300000,0x00000000ffd00000)
  from space 1536K, 75% used [0x00000000ffd00000,0x00000000ffe20000,0x00000000ffe80000)
  to   space 1536K, 0% used [0x00000000ffe80000,0x00000000ffe80000,0x0000000100000000)
 ParOldGen       total 134144K, used 110800K [0x00000000f0000000, 0x00000000f8300000, 0x00000000f8300000)
  object space 134144K, 82% used [0x00000000f0000000,0x00000000f6c343a8,0x00000000f8300000)
 Metaspace       used 52913K, capacity 56032K, committed 56192K, reserved 1097728K
  class space    used 6448K, capacity 6998K, committed 7040K, reserved 1048576K
}
{Heap before GC invocations=1038 (full 0):
 PSYoungGen      total 126464K, used 126080K [0x00000000f8300000, 0x0000000100000000, 0x0000000100000000)
  eden space 124928K, 100% used [0x00000000f8300000,0x00000000ffd00000,0x00000000ffd00000)
  from space 1536K, 75% used [0x00000000ffd00000,0x00000000ffe20000,0x00000000ffe80000)
  to   space 1536K, 0% used [0x00000000ffe80000,0x00000000ffe80000,0x0000000100000000)
 ParOldGen       total 134144K, used 110800K [0x00000000f0000000, 0x00000000f8300000, 0x00000000f8300000)
  object space 134144K, 82% used [0x00000000f0000000,0x00000000f6c343a8,0x00000000f8300000)
 Metaspace       used 52913K, capacity 56032K, committed 56192K, reserved 1097728K
  class space    used 6448K, capacity 6998K, committed 7040K, reserved 1048576K
2023-10-03T01:20:54.358+0800: 854.062: [GC (Allocation Failure) [PSYoungGen: 126080K->1152K(126464K)] 236880K->112032K(260608K), 0.0076044 secs] [Times: user=0.05 sys=0.00, real=0.01 secs] 
Heap after GC invocations=1038 (full 0):
 PSYoungGen      total 126464K, used 1152K [0x00000000f8300000, 0x0000000100000000, 0x0000000100000000)
  eden space 124928K, 0% used [0x00000000f8300000,0x00000000f8300000,0x00000000ffd00000)
  from space 1536K, 75% used [0x00000000ffe80000,0x00000000fffa0000,0x0000000100000000)
  to   space 1536K, 0% used [0x00000000ffd00000,0x00000000ffd00000,0x00000000ffe80000)
 ParOldGen       total 134144K, used 110880K [0x00000000f0000000, 0x00000000f8300000, 0x00000000f8300000)
  object space 134144K, 82% used [0x00000000f0000000,0x00000000f6c483a8,0x00000000f8300000)
 Metaspace       used 52913K, capacity 56032K, committed 56192K, reserved 1097728K
  class space    used 6448K, capacity 6998K, committed 7040K, reserved 1048576K
}
{Heap before GC invocations=1039 (full 0):
 PSYoungGen      total 126464K, used 126080K [0x00000000f8300000, 0x0000000100000000, 0x0000000100000000)
  eden space 124928K, 100% used [0x00000000f8300000,0x00000000ffd00000,0x00000000ffd00000)
  from space 1536K, 75% used [0x00000000ffe80000,0x00000000fffa0000,0x0000000100000000)
  to   space 1536K, 0% used [0x00000000ffd00000,0x00000000ffd00000,0x00000000ffe80000)
 ParOldGen       total 134144K, used 110880K [0x00000000f0000000, 0x00000000f8300000, 0x00000000f8300000)
  object space 134144K, 82% used [0x00000000f0000000,0x00000000f6c483a8,0x00000000f8300000)
 Metaspace       used 52913K, capacity 56032K, committed 56192K, reserved 1097728K
  class space    used 6448K, capacity 6998K, committed 7040K, reserved 1048576K
2023-10-03T01:20:54.991+0800: 854.696: [GC (Allocation Failure) [PSYoungGen: 126080K->1120K(126464K)] 236960K->112080K(260608K), 0.0083471 secs] [Times: user=0.05 sys=0.00, real=0.01 secs] 
Heap after GC invocations=1039 (full 0):
 PSYoungGen      total 126464K, used 1120K [0x00000000f8300000, 0x0000000100000000, 0x0000000100000000)
  eden space 124928K, 0% used [0x00000000f8300000,0x00000000f8300000,0x00000000ffd00000)
  from space 1536K, 72% used [0x00000000ffd00000,0x00000000ffe18000,0x00000000ffe80000)
  to   space 1536K, 0% used [0x00000000ffe80000,0x00000000ffe80000,0x0000000100000000)
 ParOldGen       total 134144K, used 110960K [0x00000000f0000000, 0x00000000f8300000, 0x00000000f8300000)
  object space 134144K, 82% used [0x00000000f0000000,0x00000000f6c5c3a8,0x00000000f8300000)
 Metaspace       used 52913K, capacity 56032K, committed 56192K, reserved 1097728K
  class space    used 6448K, capacity 6998K, committed 7040K, reserved 1048576K
}
{Heap before GC invocations=1040 (full 0):
 PSYoungGen      total 126464K, used 126048K [0x00000000f8300000, 0x0000000100000000, 0x0000000100000000)
  eden space 124928K, 100% used [0x00000000f8300000,0x00000000ffd00000,0x00000000ffd00000)
  from space 1536K, 72% used [0x00000000ffd00000,0x00000000ffe18000,0x00000000ffe80000)
  to   space 1536K, 0% used [0x00000000ffe80000,0x00000000ffe80000,0x0000000100000000)
 ParOldGen       total 134144K, used 110960K [0x00000000f0000000, 0x00000000f8300000, 0x00000000f8300000)
  object space 134144K, 82% used [0x00000000f0000000,0x00000000f6c5c3a8,0x00000000f8300000)
 Metaspace       used 52913K, capacity 56032K, committed 56192K, reserved 1097728K
  class space    used 6448K, capacity 6998K, committed 7040K, reserved 1048576K
2023-10-03T01:20:55.616+0800: 855.320: [GC (Allocation Failure) [PSYoungGen: 126048K->1152K(126464K)] 237008K->112192K(260608K), 0.0082560 secs] [Times: user=0.04 sys=0.00, real=0.01 secs] 
Heap after GC invocations=1040 (full 0):
 PSYoungGen      total 126464K, used 1152K [0x00000000f8300000, 0x0000000100000000, 0x0000000100000000)
  eden space 124928K, 0% used [0x00000000f8300000,0x00000000f8300000,0x00000000ffd00000)
  from space 1536K, 75% used [0x00000000ffe80000,0x00000000fffa0000,0x0000000100000000)
  to   space 1536K, 0% used [0x00000000ffd00000,0x00000000ffd00000,0x00000000ffe80000)
 ParOldGen       total 134144K, used 111040K [0x00000000f0000000, 0x00000000f8300000, 0x00000000f8300000)
  object space 134144K, 82% used [0x00000000f0000000,0x00000000f6c703a8,0x00000000f8300000)
 Metaspace       used 52913K, capacity 56032K, committed 56192K, reserved 1097728K
  class space    used 6448K, capacity 6998K, committed 7040K, reserved 1048576K
}
{Heap before GC invocations=1041 (full 0):
 PSYoungGen      total 126464K, used 126080K [0x00000000f8300000, 0x0000000100000000, 0x0000000100000000)
  eden space 124928K, 100% used [0x00000000f8300000,0x00000000ffd00000,0x00000000ffd00000)
  from space 1536K, 75% used [0x00000000ffe80000,0x00000000fffa0000,0x0000000100000000)
  to   space 1536K, 0% used [0x00000000ffd00000,0x00000000ffd00000,0x00000000ffe80000)
 ParOldGen       total 134144K, used 111040K [0x00000000f0000000, 0x00000000f8300000, 0x00000000f8300000)
  object space 134144K, 82% used [0x00000000f0000000,0x00000000f6c703a8,0x00000000f8300000)
 Metaspace       used 52913K, capacity 56032K, committed 56192K, reserved 1097728K
  class space    used 6448K, capacity 6998K, committed 7040K, reserved 1048576K
2023-10-03T01:20:56.247+0800: 855.952: [GC (Allocation Failure) [PSYoungGen: 126080K->1184K(126464K)] 237120K->112304K(260608K), 0.0083345 secs] [Times: user=0.05 sys=0.00, real=0.01 secs] 
Heap after GC invocations=1041 (full 0):
 PSYoungGen      total 126464K, used 1184K [0x00000000f8300000, 0x0000000100000000, 0x0000000100000000)
  eden space 124928K, 0% used [0x00000000f8300000,0x00000000f8300000,0x00000000ffd00000)
  from space 1536K, 77% used [0x00000000ffd00000,0x00000000ffe28000,0x00000000ffe80000)
  to   space 1536K, 0% used [0x00000000ffe80000,0x00000000ffe80000,0x0000000100000000)
 ParOldGen       total 134144K, used 111120K [0x00000000f0000000, 0x00000000f8300000, 0x00000000f8300000)
  object space 134144K, 82% used [0x00000000f0000000,0x00000000f6c843a8,0x00000000f8300000)
 Metaspace       used 52913K, capacity 56032K, committed 56192K, reserved 1097728K
  class space    used 6448K, capacity 6998K, committed 7040K, reserved 1048576K
}
{Heap before GC invocations=1042 (full 0):
 PSYoungGen      total 126464K, used 126112K [0x00000000f8300000, 0x0000000100000000, 0x0000000100000000)
  eden space 124928K, 100% used [0x00000000f8300000,0x00000000ffd00000,0x00000000ffd00000)
  from space 1536K, 77% used [0x00000000ffd00000,0x00000000ffe28000,0x00000000ffe80000)
  to   space 1536K, 0% used [0x00000000ffe80000,0x00000000ffe80000,0x0000000100000000)
 ParOldGen       total 134144K, used 111120K [0x00000000f0000000, 0x00000000f8300000, 0x00000000f8300000)
  object space 134144K, 82% used [0x00000000f0000000,0x00000000f6c843a8,0x00000000f8300000)
 Metaspace       used 52913K, capacity 56032K, committed 56192K, reserved 1097728K
  class space    used 6448K, capacity 6998K, committed 7040K, reserved 1048576K
2023-10-03T01:20:56.879+0800: 856.584: [GC (Allocation Failure) [PSYoungGen: 126112K->1184K(126464K)] 237232K->112384K(260608K), 0.0083610 secs] [Times: user=0.04 sys=0.01, real=0.02 secs] 
Heap after GC invocations=1042 (full 0):
 PSYoungGen      total 126464K, used 1184K [0x00000000f8300000, 0x0000000100000000, 0x0000000100000000)
  eden space 124928K, 0% used [0x00000000f8300000,0x00000000f8300000,0x00000000ffd00000)
  from space 1536K, 77% used [0x00000000ffe80000,0x00000000fffa8000,0x0000000100000000)
  to   space 1536K, 0% used [0x00000000ffd00000,0x00000000ffd00000,0x00000000ffe80000)
 ParOldGen       total 134144K, used 111200K [0x00000000f0000000, 0x00000000f8300000, 0x00000000f8300000)
  object space 134144K, 82% used [0x00000000f0000000,0x00000000f6c983a8,0x00000000f8300000)
 Metaspace       used 52913K, capacity 56032K, committed 56192K, reserved 1097728K
  class space    used 6448K, capacity 6998K, committed 7040K, reserved 1048576K
}
{Heap before GC invocations=1043 (full 0):
 PSYoungGen      total 126464K, used 126112K [0x00000000f8300000, 0x0000000100000000, 0x0000000100000000)
  eden space 124928K, 100% used [0x00000000f8300000,0x00000000ffd00000,0x00000000ffd00000)
  from space 1536K, 77% used [0x00000000ffe80000,0x00000000fffa8000,0x0000000100000000)
  to   space 1536K, 0% used [0x00000000ffd00000,0x00000000ffd00000,0x00000000ffe80000)
 ParOldGen       total 134144K, used 111200K [0x00000000f0000000, 0x00000000f8300000, 0x00000000f8300000)
  object space 134144K, 82% used [0x00000000f0000000,0x00000000f6c983a8,0x00000000f8300000)
 Metaspace       used 52913K, capacity 56032K, committed 56192K, reserved 1097728K
  class space    used 6448K, capacity 6998K, committed 7040K, reserved 1048576K
2023-10-03T01:20:57.513+0800: 857.218: [GC (Allocation Failure) [PSYoungGen: 126112K->1184K(126464K)] 237312K->112464K(260608K), 0.0081373 secs] [Times: user=0.05 sys=0.00, real=0.01 secs] 
Heap after GC invocations=1043 (full 0):
 PSYoungGen      total 126464K, used 1184K [0x00000000f8300000, 0x0000000100000000, 0x0000000100000000)
  eden space 124928K, 0% used [0x00000000f8300000,0x00000000f8300000,0x00000000ffd00000)
  from space 1536K, 77% used [0x00000000ffd00000,0x00000000ffe28000,0x00000000ffe80000)
  to   space 1536K, 0% used [0x00000000ffe80000,0x00000000ffe80000,0x0000000100000000)
 ParOldGen       total 134144K, used 111280K [0x00000000f0000000, 0x00000000f8300000, 0x00000000f8300000)
  object space 134144K, 82% used [0x00000000f0000000,0x00000000f6cac3a8,0x00000000f8300000)
 Metaspace       used 52913K, capacity 56032K, committed 56192K, reserved 1097728K
  class space    used 6448K, capacity 6998K, committed 7040K, reserved 1048576K
}
{Heap before GC invocations=1044 (full 0):
 PSYoungGen      total 126464K, used 126112K [0x00000000f8300000, 0x0000000100000000, 0x0000000100000000)
  eden space 124928K, 100% used [0x00000000f8300000,0x00000000ffd00000,0x00000000ffd00000)
  from space 1536K, 77% used [0x00000000ffd00000,0x00000000ffe28000,0x00000000ffe80000)
  to   space 1536K, 0% used [0x00000000ffe80000,0x00000000ffe80000,0x0000000100000000)
 ParOldGen       total 134144K, used 111280K [0x00000000f0000000, 0x00000000f8300000, 0x00000000f8300000)
  object space 134144K, 82% used [0x00000000f0000000,0x00000000f6cac3a8,0x00000000f8300000)
 Metaspace       used 52914K, capacity 56032K, committed 56192K, reserved 1097728K
  class space    used 6448K, capacity 6998K, committed 7040K, reserved 1048576K
2023-10-03T01:20:58.149+0800: 857.853: [GC (Allocation Failure) [PSYoungGen: 126112K->1184K(126464K)] 237392K->112544K(260608K), 0.0083247 secs] [Times: user=0.05 sys=0.00, real=0.01 secs] 
Heap after GC invocations=1044 (full 0):
 PSYoungGen      total 126464K, used 1184K [0x00000000f8300000, 0x0000000100000000, 0x0000000100000000)
  eden space 124928K, 0% used [0x00000000f8300000,0x00000000f8300000,0x00000000ffd00000)
  from space 1536K, 77% used [0x00000000ffe80000,0x00000000fffa8000,0x0000000100000000)
  to   space 1536K, 0% used [0x00000000ffd00000,0x00000000ffd00000,0x00000000ffe80000)
 ParOldGen       total 134144K, used 111360K [0x00000000f0000000, 0x00000000f8300000, 0x00000000f8300000)
  object space 134144K, 83% used [0x00000000f0000000,0x00000000f6cc03a8,0x00000000f8300000)
 Metaspace       used 52914K, capacity 56032K, committed 56192K, reserved 1097728K
  class space    used 6448K, capacity 6998K, committed 7040K, reserved 1048576K
}
{Heap before GC invocations=1045 (full 0):
 PSYoungGen      total 126464K, used 126112K [0x00000000f8300000, 0x0000000100000000, 0x0000000100000000)
  eden space 124928K, 100% used [0x00000000f8300000,0x00000000ffd00000,0x00000000ffd00000)
  from space 1536K, 77% used [0x00000000ffe80000,0x00000000fffa8000,0x0000000100000000)
  to   space 1536K, 0% used [0x00000000ffd00000,0x00000000ffd00000,0x00000000ffe80000)
 ParOldGen       total 134144K, used 111360K [0x00000000f0000000, 0x00000000f8300000, 0x00000000f8300000)
  object space 134144K, 83% used [0x00000000f0000000,0x00000000f6cc03a8,0x00000000f8300000)
 Metaspace       used 52914K, capacity 56032K, committed 56192K, reserved 1097728K
  class space    used 6448K, capacity 6998K, committed 7040K, reserved 1048576K
2023-10-03T01:20:58.770+0800: 858.474: [GC (Allocation Failure) [PSYoungGen: 126112K->1184K(126464K)] 237472K->112624K(260608K), 0.0082727 secs] [Times: user=0.05 sys=0.00, real=0.01 secs] 
Heap after GC invocations=1045 (full 0):
 PSYoungGen      total 126464K, used 1184K [0x00000000f8300000, 0x0000000100000000, 0x0000000100000000)
  eden space 124928K, 0% used [0x00000000f8300000,0x00000000f8300000,0x00000000ffd00000)
  from space 1536K, 77% used [0x00000000ffd00000,0x00000000ffe28000,0x00000000ffe80000)
  to   space 1536K, 0% used [0x00000000ffe80000,0x00000000ffe80000,0x0000000100000000)
 ParOldGen       total 134144K, used 111440K [0x00000000f0000000, 0x00000000f8300000, 0x00000000f8300000)
  object space 134144K, 83% used [0x00000000f0000000,0x00000000f6cd43a8,0x00000000f8300000)
 Metaspace       used 52914K, capacity 56032K, committed 56192K, reserved 1097728K
  class space    used 6448K, capacity 6998K, committed 7040K, reserved 1048576K
}
{Heap before GC invocations=1046 (full 0):
 PSYoungGen      total 126464K, used 126112K [0x00000000f8300000, 0x0000000100000000, 0x0000000100000000)
  eden space 124928K, 100% used [0x00000000f8300000,0x00000000ffd00000,0x00000000ffd00000)
  from space 1536K, 77% used [0x00000000ffd00000,0x00000000ffe28000,0x00000000ffe80000)
  to   space 1536K, 0% used [0x00000000ffe80000,0x00000000ffe80000,0x0000000100000000)
 ParOldGen       total 134144K, used 111440K [0x00000000f0000000, 0x00000000f8300000, 0x00000000f8300000)
  object space 134144K, 83% used [0x00000000f0000000,0x00000000f6cd43a8,0x00000000f8300000)
 Metaspace       used 52914K, capacity 56032K, committed 56192K, reserved 1097728K
  class space    used 6448K, capacity 6998K, committed 7040K, reserved 1048576K
2023-10-03T01:20:59.404+0800: 859.109: [GC (Allocation Failure) [PSYoungGen: 126112K->1152K(126464K)] 237552K->112656K(260608K), 0.0080821 secs] [Times: user=0.05 sys=0.00, real=0.01 secs] 
Heap after GC invocations=1046 (full 0):
 PSYoungGen      total 126464K, used 1152K [0x00000000f8300000, 0x0000000100000000, 0x0000000100000000)
  eden space 124928K, 0% used [0x00000000f8300000,0x00000000f8300000,0x00000000ffd00000)
  from space 1536K, 75% used [0x00000000ffe80000,0x00000000fffa0000,0x0000000100000000)
  to   space 1536K, 0% used [0x00000000ffd00000,0x00000000ffd00000,0x00000000ffe80000)
 ParOldGen       total 134144K, used 111504K [0x00000000f0000000, 0x00000000f8300000, 0x00000000f8300000)
  object space 134144K, 83% used [0x00000000f0000000,0x00000000f6ce43a8,0x00000000f8300000)
 Metaspace       used 52914K, capacity 56032K, committed 56192K, reserved 1097728K
  class space    used 6448K, capacity 6998K, committed 7040K, reserved 1048576K
}
{Heap before GC invocations=1047 (full 0):
 PSYoungGen      total 126464K, used 126080K [0x00000000f8300000, 0x0000000100000000, 0x0000000100000000)
  eden space 124928K, 100% used [0x00000000f8300000,0x00000000ffd00000,0x00000000ffd00000)
  from space 1536K, 75% used [0x00000000ffe80000,0x00000000fffa0000,0x0000000100000000)
  to   space 1536K, 0% used [0x00000000ffd00000,0x00000000ffd00000,0x00000000ffe80000)
 ParOldGen       total 134144K, used 111504K [0x00000000f0000000, 0x00000000f8300000, 0x00000000f8300000)
  object space 134144K, 83% used [0x00000000f0000000,0x00000000f6ce43a8,0x00000000f8300000)
 Metaspace       used 52914K, capacity 56032K, committed 56192K, reserved 1097728K
  class space    used 6448K, capacity 6998K, committed 7040K, reserved 1048576K
2023-10-03T01:21:00.032+0800: 859.737: [GC (Allocation Failure) [PSYoungGen: 126080K->1152K(126464K)] 237584K->112736K(260608K), 0.0086032 secs] [Times: user=0.05 sys=0.00, real=0.00 secs] 
Heap after GC invocations=1047 (full 0):
 PSYoungGen      total 126464K, used 1152K [0x00000000f8300000, 0x0000000100000000, 0x0000000100000000)
  eden space 124928K, 0% used [0x00000000f8300000,0x00000000f8300000,0x00000000ffd00000)
  from space 1536K, 75% used [0x00000000ffd00000,0x00000000ffe20000,0x00000000ffe80000)
  to   space 1536K, 0% used [0x00000000ffe80000,0x00000000ffe80000,0x0000000100000000)
 ParOldGen       total 134144K, used 111584K [0x00000000f0000000, 0x00000000f8300000, 0x00000000f8300000)
  object space 134144K, 83% used [0x00000000f0000000,0x00000000f6cf83a8,0x00000000f8300000)
 Metaspace       used 52914K, capacity 56032K, committed 56192K, reserved 1097728K
  class space    used 6448K, capacity 6998K, committed 7040K, reserved 1048576K
}
{Heap before GC invocations=1048 (full 0):
 PSYoungGen      total 126464K, used 126080K [0x00000000f8300000, 0x0000000100000000, 0x0000000100000000)
  eden space 124928K, 100% used [0x00000000f8300000,0x00000000ffd00000,0x00000000ffd00000)
  from space 1536K, 75% used [0x00000000ffd00000,0x00000000ffe20000,0x00000000ffe80000)
  to   space 1536K, 0% used [0x00000000ffe80000,0x00000000ffe80000,0x0000000100000000)
 ParOldGen       total 134144K, used 111584K [0x00000000f0000000, 0x00000000f8300000, 0x00000000f8300000)
  object space 134144K, 83% used [0x00000000f0000000,0x00000000f6cf83a8,0x00000000f8300000)
 Metaspace       used 52914K, capacity 56032K, committed 56192K, reserved 1097728K
  class space    used 6448K, capacity 6998K, committed 7040K, reserved 1048576K
2023-10-03T01:21:00.663+0800: 860.368: [GC (Allocation Failure) [PSYoungGen: 126080K->1152K(126464K)] 237664K->112816K(260608K), 0.0084417 secs] [Times: user=0.06 sys=0.00, real=0.01 secs] 
Heap after GC invocations=1048 (full 0):
 PSYoungGen      total 126464K, used 1152K [0x00000000f8300000, 0x0000000100000000, 0x0000000100000000)
  eden space 124928K, 0% used [0x00000000f8300000,0x00000000f8300000,0x00000000ffd00000)
  from space 1536K, 75% used [0x00000000ffe80000,0x00000000fffa0000,0x0000000100000000)
  to   space 1536K, 0% used [0x00000000ffd00000,0x00000000ffd00000,0x00000000ffe80000)
 ParOldGen       total 134144K, used 111664K [0x00000000f0000000, 0x00000000f8300000, 0x00000000f8300000)
  object space 134144K, 83% used [0x00000000f0000000,0x00000000f6d0c3a8,0x00000000f8300000)
 Metaspace       used 52914K, capacity 56032K, committed 56192K, reserved 1097728K
  class space    used 6448K, capacity 6998K, committed 7040K, reserved 1048576K
}
{Heap before GC invocations=1049 (full 0):
 PSYoungGen      total 126464K, used 126080K [0x00000000f8300000, 0x0000000100000000, 0x0000000100000000)
  eden space 124928K, 100% used [0x00000000f8300000,0x00000000ffd00000,0x00000000ffd00000)
  from space 1536K, 75% used [0x00000000ffe80000,0x00000000fffa0000,0x0000000100000000)
  to   space 1536K, 0% used [0x00000000ffd00000,0x00000000ffd00000,0x00000000ffe80000)
 ParOldGen       total 134144K, used 111664K [0x00000000f0000000, 0x00000000f8300000, 0x00000000f8300000)
  object space 134144K, 83% used [0x00000000f0000000,0x00000000f6d0c3a8,0x00000000f8300000)
 Metaspace       used 52914K, capacity 56032K, committed 56192K, reserved 1097728K
  class space    used 6448K, capacity 6998K, committed 7040K, reserved 1048576K
2023-10-03T01:21:01.301+0800: 861.006: [GC (Allocation Failure) [PSYoungGen: 126080K->1216K(126464K)] 237744K->112952K(260608K), 0.0076368 secs] [Times: user=0.05 sys=0.00, real=0.01 secs] 
Heap after GC invocations=1049 (full 0):
 PSYoungGen      total 126464K, used 1216K [0x00000000f8300000, 0x0000000100000000, 0x0000000100000000)
  eden space 124928K, 0% used [0x00000000f8300000,0x00000000f8300000,0x00000000ffd00000)
  from space 1536K, 79% used [0x00000000ffd00000,0x00000000ffe30000,0x00000000ffe80000)
  to   space 1536K, 0% used [0x00000000ffe80000,0x00000000ffe80000,0x0000000100000000)
 ParOldGen       total 134144K, used 111736K [0x00000000f0000000, 0x00000000f8300000, 0x00000000f8300000)
  object space 134144K, 83% used [0x00000000f0000000,0x00000000f6d1e3a8,0x00000000f8300000)
 Metaspace       used 52914K, capacity 56032K, committed 56192K, reserved 1097728K
  class space    used 6448K, capacity 6998K, committed 7040K, reserved 1048576K
}
{Heap before GC invocations=1050 (full 0):
 PSYoungGen      total 126464K, used 126144K [0x00000000f8300000, 0x0000000100000000, 0x0000000100000000)
  eden space 124928K, 100% used [0x00000000f8300000,0x00000000ffd00000,0x00000000ffd00000)
  from space 1536K, 79% used [0x00000000ffd00000,0x00000000ffe30000,0x00000000ffe80000)
  to   space 1536K, 0% used [0x00000000ffe80000,0x00000000ffe80000,0x0000000100000000)
 ParOldGen       total 134144K, used 111736K [0x00000000f0000000, 0x00000000f8300000, 0x00000000f8300000)
  object space 134144K, 83% used [0x00000000f0000000,0x00000000f6d1e3a8,0x00000000f8300000)
 Metaspace       used 52914K, capacity 56032K, committed 56192K, reserved 1097728K
  class space    used 6448K, capacity 6998K, committed 7040K, reserved 1048576K
2023-10-03T01:21:01.936+0800: 861.640: [GC (Allocation Failure) [PSYoungGen: 126144K->1184K(126464K)] 237880K->113008K(260608K), 0.0081853 secs] [Times: user=0.04 sys=0.00, real=0.01 secs] 
Heap after GC invocations=1050 (full 0):
 PSYoungGen      total 126464K, used 1184K [0x00000000f8300000, 0x0000000100000000, 0x0000000100000000)
  eden space 124928K, 0% used [0x00000000f8300000,0x00000000f8300000,0x00000000ffd00000)
  from space 1536K, 77% used [0x00000000ffe80000,0x00000000fffa8000,0x0000000100000000)
  to   space 1536K, 0% used [0x00000000ffd00000,0x00000000ffd00000,0x00000000ffe80000)
 ParOldGen       total 134144K, used 111824K [0x00000000f0000000, 0x00000000f8300000, 0x00000000f8300000)
  object space 134144K, 83% used [0x00000000f0000000,0x00000000f6d343a8,0x00000000f8300000)
 Metaspace       used 52914K, capacity 56032K, committed 56192K, reserved 1097728K
  class space    used 6448K, capacity 6998K, committed 7040K, reserved 1048576K
}
{Heap before GC invocations=1051 (full 0):
 PSYoungGen      total 126464K, used 126112K [0x00000000f8300000, 0x0000000100000000, 0x0000000100000000)
  eden space 124928K, 100% used [0x00000000f8300000,0x00000000ffd00000,0x00000000ffd00000)
  from space 1536K, 77% used [0x00000000ffe80000,0x00000000fffa8000,0x0000000100000000)
  to   space 1536K, 0% used [0x00000000ffd00000,0x00000000ffd00000,0x00000000ffe80000)
 ParOldGen       total 134144K, used 111824K [0x00000000f0000000, 0x00000000f8300000, 0x00000000f8300000)
  object space 134144K, 83% used [0x00000000f0000000,0x00000000f6d343a8,0x00000000f8300000)
 Metaspace       used 52914K, capacity 56032K, committed 56192K, reserved 1097728K
  class space    used 6448K, capacity 6998K, committed 7040K, reserved 1048576K
2023-10-03T01:21:02.534+0800: 862.239: [GC (Allocation Failure) [PSYoungGen: 126112K->1120K(126464K)] 237936K->113024K(260608K), 0.0079693 secs] [Times: user=0.05 sys=0.00, real=0.01 secs] 
Heap after GC invocations=1051 (full 0):
 PSYoungGen      total 126464K, used 1120K [0x00000000f8300000, 0x0000000100000000, 0x0000000100000000)
  eden space 124928K, 0% used [0x00000000f8300000,0x00000000f8300000,0x00000000ffd00000)
  from space 1536K, 72% used [0x00000000ffd00000,0x00000000ffe18000,0x00000000ffe80000)
  to   space 1536K, 0% used [0x00000000ffe80000,0x00000000ffe80000,0x0000000100000000)
 ParOldGen       total 134144K, used 111904K [0x00000000f0000000, 0x00000000f8300000, 0x00000000f8300000)
  object space 134144K, 83% used [0x00000000f0000000,0x00000000f6d483a8,0x00000000f8300000)
 Metaspace       used 52914K, capacity 56032K, committed 56192K, reserved 1097728K
  class space    used 6448K, capacity 6998K, committed 7040K, reserved 1048576K
}
{Heap before GC invocations=1052 (full 0):
 PSYoungGen      total 126464K, used 126048K [0x00000000f8300000, 0x0000000100000000, 0x0000000100000000)
  eden space 124928K, 100% used [0x00000000f8300000,0x00000000ffd00000,0x00000000ffd00000)
  from space 1536K, 72% used [0x00000000ffd00000,0x00000000ffe18000,0x00000000ffe80000)
  to   space 1536K, 0% used [0x00000000ffe80000,0x00000000ffe80000,0x0000000100000000)
 ParOldGen       total 134144K, used 111904K [0x00000000f0000000, 0x00000000f8300000, 0x00000000f8300000)
  object space 134144K, 83% used [0x00000000f0000000,0x00000000f6d483a8,0x00000000f8300000)
 Metaspace       used 52914K, capacity 56032K, committed 56192K, reserved 1097728K
  class space    used 6448K, capacity 6998K, committed 7040K, reserved 1048576K
2023-10-03T01:21:03.174+0800: 862.878: [GC (Allocation Failure) [PSYoungGen: 126048K->1248K(126464K)] 237952K->113232K(260608K), 0.0082249 secs] [Times: user=0.05 sys=0.00, real=0.01 secs] 
Heap after GC invocations=1052 (full 0):
 PSYoungGen      total 126464K, used 1248K [0x00000000f8300000, 0x0000000100000000, 0x0000000100000000)
  eden space 124928K, 0% used [0x00000000f8300000,0x00000000f8300000,0x00000000ffd00000)
  from space 1536K, 81% used [0x00000000ffe80000,0x00000000fffb8000,0x0000000100000000)
  to   space 1536K, 0% used [0x00000000ffd00000,0x00000000ffd00000,0x00000000ffe80000)
 ParOldGen       total 134144K, used 111984K [0x00000000f0000000, 0x00000000f8300000, 0x00000000f8300000)
  object space 134144K, 83% used [0x00000000f0000000,0x00000000f6d5c3a8,0x00000000f8300000)
 Metaspace       used 52914K, capacity 56032K, committed 56192K, reserved 1097728K
  class space    used 6448K, capacity 6998K, committed 7040K, reserved 1048576K
}
{Heap before GC invocations=1053 (full 0):
 PSYoungGen      total 126464K, used 126176K [0x00000000f8300000, 0x0000000100000000, 0x0000000100000000)
  eden space 124928K, 100% used [0x00000000f8300000,0x00000000ffd00000,0x00000000ffd00000)
  from space 1536K, 81% used [0x00000000ffe80000,0x00000000fffb8000,0x0000000100000000)
  to   space 1536K, 0% used [0x00000000ffd00000,0x00000000ffd00000,0x00000000ffe80000)
 ParOldGen       total 134144K, used 111984K [0x00000000f0000000, 0x00000000f8300000, 0x00000000f8300000)
  object space 134144K, 83% used [0x00000000f0000000,0x00000000f6d5c3a8,0x00000000f8300000)
 Metaspace       used 52914K, capacity 56032K, committed 56192K, reserved 1097728K
  class space    used 6448K, capacity 6998K, committed 7040K, reserved 1048576K
2023-10-03T01:21:03.798+0800: 863.503: [GC (Allocation Failure) [PSYoungGen: 126176K->1152K(126464K)] 238160K->113224K(260608K), 0.0085829 secs] [Times: user=0.05 sys=0.01, real=0.01 secs] 
Heap after GC invocations=1053 (full 0):
 PSYoungGen      total 126464K, used 1152K [0x00000000f8300000, 0x0000000100000000, 0x0000000100000000)
  eden space 124928K, 0% used [0x00000000f8300000,0x00000000f8300000,0x00000000ffd00000)
  from space 1536K, 75% used [0x00000000ffd00000,0x00000000ffe20000,0x00000000ffe80000)
  to   space 1536K, 0% used [0x00000000ffe80000,0x00000000ffe80000,0x0000000100000000)
 ParOldGen       total 134144K, used 112072K [0x00000000f0000000, 0x00000000f8300000, 0x00000000f8300000)
  object space 134144K, 83% used [0x00000000f0000000,0x00000000f6d723a8,0x00000000f8300000)
 Metaspace       used 52914K, capacity 56032K, committed 56192K, reserved 1097728K
  class space    used 6448K, capacity 6998K, committed 7040K, reserved 1048576K
}
{Heap before GC invocations=1054 (full 0):
 PSYoungGen      total 126464K, used 126080K [0x00000000f8300000, 0x0000000100000000, 0x0000000100000000)
  eden space 124928K, 100% used [0x00000000f8300000,0x00000000ffd00000,0x00000000ffd00000)
  from space 1536K, 75% used [0x00000000ffd00000,0x00000000ffe20000,0x00000000ffe80000)
  to   space 1536K, 0% used [0x00000000ffe80000,0x00000000ffe80000,0x0000000100000000)
 ParOldGen       total 134144K, used 112072K [0x00000000f0000000, 0x00000000f8300000, 0x00000000f8300000)
  object space 134144K, 83% used [0x00000000f0000000,0x00000000f6d723a8,0x00000000f8300000)
 Metaspace       used 52914K, capacity 56032K, committed 56192K, reserved 1097728K
  class space    used 6448K, capacity 6998K, committed 7040K, reserved 1048576K
2023-10-03T01:21:04.434+0800: 864.138: [GC (Allocation Failure) [PSYoungGen: 126080K->1216K(126464K)] 238152K->113368K(260608K), 0.0081981 secs] [Times: user=0.05 sys=0.00, real=0.01 secs] 
Heap after GC invocations=1054 (full 0):
 PSYoungGen      total 126464K, used 1216K [0x00000000f8300000, 0x0000000100000000, 0x0000000100000000)
  eden space 124928K, 0% used [0x00000000f8300000,0x00000000f8300000,0x00000000ffd00000)
  from space 1536K, 79% used [0x00000000ffe80000,0x00000000fffb0000,0x0000000100000000)
  to   space 1536K, 0% used [0x00000000ffd00000,0x00000000ffd00000,0x00000000ffe80000)
 ParOldGen       total 134144K, used 112152K [0x00000000f0000000, 0x00000000f8300000, 0x00000000f8300000)
  object space 134144K, 83% used [0x00000000f0000000,0x00000000f6d863a8,0x00000000f8300000)
 Metaspace       used 52914K, capacity 56032K, committed 56192K, reserved 1097728K
  class space    used 6448K, capacity 6998K, committed 7040K, reserved 1048576K
}
{Heap before GC invocations=1055 (full 0):
 PSYoungGen      total 126464K, used 126144K [0x00000000f8300000, 0x0000000100000000, 0x0000000100000000)
  eden space 124928K, 100% used [0x00000000f8300000,0x00000000ffd00000,0x00000000ffd00000)
  from space 1536K, 79% used [0x00000000ffe80000,0x00000000fffb0000,0x0000000100000000)
  to   space 1536K, 0% used [0x00000000ffd00000,0x00000000ffd00000,0x00000000ffe80000)
 ParOldGen       total 134144K, used 112152K [0x00000000f0000000, 0x00000000f8300000, 0x00000000f8300000)
  object space 134144K, 83% used [0x00000000f0000000,0x00000000f6d863a8,0x00000000f8300000)
 Metaspace       used 52914K, capacity 56032K, committed 56192K, reserved 1097728K
  class space    used 6448K, capacity 6998K, committed 7040K, reserved 1048576K
2023-10-03T01:21:05.076+0800: 864.780: [GC (Allocation Failure) [PSYoungGen: 126144K->1120K(126464K)] 238296K->113352K(260608K), 0.0083258 secs] [Times: user=0.04 sys=0.00, real=0.01 secs] 
Heap after GC invocations=1055 (full 0):
 PSYoungGen      total 126464K, used 1120K [0x00000000f8300000, 0x0000000100000000, 0x0000000100000000)
  eden space 124928K, 0% used [0x00000000f8300000,0x00000000f8300000,0x00000000ffd00000)
  from space 1536K, 72% used [0x00000000ffd00000,0x00000000ffe18000,0x00000000ffe80000)
  to   space 1536K, 0% used [0x00000000ffe80000,0x00000000ffe80000,0x0000000100000000)
 ParOldGen       total 134144K, used 112232K [0x00000000f0000000, 0x00000000f8300000, 0x00000000f8300000)
  object space 134144K, 83% used [0x00000000f0000000,0x00000000f6d9a3a8,0x00000000f8300000)
 Metaspace       used 52914K, capacity 56032K, committed 56192K, reserved 1097728K
  class space    used 6448K, capacity 6998K, committed 7040K, reserved 1048576K
}
{Heap before GC invocations=1056 (full 0):
 PSYoungGen      total 126464K, used 126048K [0x00000000f8300000, 0x0000000100000000, 0x0000000100000000)
  eden space 124928K, 100% used [0x00000000f8300000,0x00000000ffd00000,0x00000000ffd00000)
  from space 1536K, 72% used [0x00000000ffd00000,0x00000000ffe18000,0x00000000ffe80000)
  to   space 1536K, 0% used [0x00000000ffe80000,0x00000000ffe80000,0x0000000100000000)
 ParOldGen       total 134144K, used 112232K [0x00000000f0000000, 0x00000000f8300000, 0x00000000f8300000)
  object space 134144K, 83% used [0x00000000f0000000,0x00000000f6d9a3a8,0x00000000f8300000)
 Metaspace       used 52914K, capacity 56032K, committed 56192K, reserved 1097728K
  class space    used 6448K, capacity 6998K, committed 7040K, reserved 1048576K
2023-10-03T01:21:05.699+0800: 865.404: [GC (Allocation Failure) [PSYoungGen: 126048K->1184K(126464K)] 238280K->113496K(260608K), 0.0082475 secs] [Times: user=0.04 sys=0.00, real=0.01 secs] 
Heap after GC invocations=1056 (full 0):
 PSYoungGen      total 126464K, used 1184K [0x00000000f8300000, 0x0000000100000000, 0x0000000100000000)
  eden space 124928K, 0% used [0x00000000f8300000,0x00000000f8300000,0x00000000ffd00000)
  from space 1536K, 77% used [0x00000000ffe80000,0x00000000fffa8000,0x0000000100000000)
  to   space 1536K, 0% used [0x00000000ffd00000,0x00000000ffd00000,0x00000000ffe80000)
 ParOldGen       total 134144K, used 112312K [0x00000000f0000000, 0x00000000f8300000, 0x00000000f8300000)
  object space 134144K, 83% used [0x00000000f0000000,0x00000000f6dae3a8,0x00000000f8300000)
 Metaspace       used 52914K, capacity 56032K, committed 56192K, reserved 1097728K
  class space    used 6448K, capacity 6998K, committed 7040K, reserved 1048576K
}
{Heap before GC invocations=1057 (full 0):
 PSYoungGen      total 126464K, used 126112K [0x00000000f8300000, 0x0000000100000000, 0x0000000100000000)
  eden space 124928K, 100% used [0x00000000f8300000,0x00000000ffd00000,0x00000000ffd00000)
  from space 1536K, 77% used [0x00000000ffe80000,0x00000000fffa8000,0x0000000100000000)
  to   space 1536K, 0% used [0x00000000ffd00000,0x00000000ffd00000,0x00000000ffe80000)
 ParOldGen       total 134144K, used 112312K [0x00000000f0000000, 0x00000000f8300000, 0x00000000f8300000)
  object space 134144K, 83% used [0x00000000f0000000,0x00000000f6dae3a8,0x00000000f8300000)
 Metaspace       used 52914K, capacity 56032K, committed 56192K, reserved 1097728K
  class space    used 6448K, capacity 6998K, committed 7040K, reserved 1048576K
2023-10-03T01:21:06.335+0800: 866.040: [GC (Allocation Failure) [PSYoungGen: 126112K->1184K(126464K)] 238424K->113568K(260608K), 0.0082163 secs] [Times: user=0.05 sys=0.01, real=0.01 secs] 
Heap after GC invocations=1057 (full 0):
 PSYoungGen      total 126464K, used 1184K [0x00000000f8300000, 0x0000000100000000, 0x0000000100000000)
  eden space 124928K, 0% used [0x00000000f8300000,0x00000000f8300000,0x00000000ffd00000)
  from space 1536K, 77% used [0x00000000ffd00000,0x00000000ffe28000,0x00000000ffe80000)
  to   space 1536K, 0% used [0x00000000ffe80000,0x00000000ffe80000,0x0000000100000000)
 ParOldGen       total 134144K, used 112384K [0x00000000f0000000, 0x00000000f8300000, 0x00000000f8300000)
  object space 134144K, 83% used [0x00000000f0000000,0x00000000f6dc03a8,0x00000000f8300000)
 Metaspace       used 52914K, capacity 56032K, committed 56192K, reserved 1097728K
  class space    used 6448K, capacity 6998K, committed 7040K, reserved 1048576K
}
{Heap before GC invocations=1058 (full 0):
 PSYoungGen      total 126464K, used 126112K [0x00000000f8300000, 0x0000000100000000, 0x0000000100000000)
  eden space 124928K, 100% used [0x00000000f8300000,0x00000000ffd00000,0x00000000ffd00000)
  from space 1536K, 77% used [0x00000000ffd00000,0x00000000ffe28000,0x00000000ffe80000)
  to   space 1536K, 0% used [0x00000000ffe80000,0x00000000ffe80000,0x0000000100000000)
 ParOldGen       total 134144K, used 112384K [0x00000000f0000000, 0x00000000f8300000, 0x00000000f8300000)
  object space 134144K, 83% used [0x00000000f0000000,0x00000000f6dc03a8,0x00000000f8300000)
 Metaspace       used 52914K, capacity 56032K, committed 56192K, reserved 1097728K
  class space    used 6448K, capacity 6998K, committed 7040K, reserved 1048576K
2023-10-03T01:21:06.969+0800: 866.673: [GC (Allocation Failure) [PSYoungGen: 126112K->1184K(126464K)] 238496K->113648K(260608K), 0.0084140 secs] [Times: user=0.05 sys=0.00, real=0.02 secs] 
Heap after GC invocations=1058 (full 0):
 PSYoungGen      total 126464K, used 1184K [0x00000000f8300000, 0x0000000100000000, 0x0000000100000000)
  eden space 124928K, 0% used [0x00000000f8300000,0x00000000f8300000,0x00000000ffd00000)
  from space 1536K, 77% used [0x00000000ffe80000,0x00000000fffa8000,0x0000000100000000)
  to   space 1536K, 0% used [0x00000000ffd00000,0x00000000ffd00000,0x00000000ffe80000)
 ParOldGen       total 134144K, used 112464K [0x00000000f0000000, 0x00000000f8300000, 0x00000000f8300000)
  object space 134144K, 83% used [0x00000000f0000000,0x00000000f6dd43a8,0x00000000f8300000)
 Metaspace       used 52914K, capacity 56032K, committed 56192K, reserved 1097728K
  class space    used 6448K, capacity 6998K, committed 7040K, reserved 1048576K
}
{Heap before GC invocations=1059 (full 0):
 PSYoungGen      total 126464K, used 126112K [0x00000000f8300000, 0x0000000100000000, 0x0000000100000000)
  eden space 124928K, 100% used [0x00000000f8300000,0x00000000ffd00000,0x00000000ffd00000)
  from space 1536K, 77% used [0x00000000ffe80000,0x00000000fffa8000,0x0000000100000000)
  to   space 1536K, 0% used [0x00000000ffd00000,0x00000000ffd00000,0x00000000ffe80000)
 ParOldGen       total 134144K, used 112464K [0x00000000f0000000, 0x00000000f8300000, 0x00000000f8300000)
  object space 134144K, 83% used [0x00000000f0000000,0x00000000f6dd43a8,0x00000000f8300000)
 Metaspace       used 52914K, capacity 56032K, committed 56192K, reserved 1097728K
  class space    used 6448K, capacity 6998K, committed 7040K, reserved 1048576K
2023-10-03T01:21:07.598+0800: 867.302: [GC (Allocation Failure) [PSYoungGen: 126112K->1184K(126464K)] 238576K->113728K(260608K), 0.0082507 secs] [Times: user=0.05 sys=0.00, real=0.01 secs] 
Heap after GC invocations=1059 (full 0):
 PSYoungGen      total 126464K, used 1184K [0x00000000f8300000, 0x0000000100000000, 0x0000000100000000)
  eden space 124928K, 0% used [0x00000000f8300000,0x00000000f8300000,0x00000000ffd00000)
  from space 1536K, 77% used [0x00000000ffd00000,0x00000000ffe28000,0x00000000ffe80000)
  to   space 1536K, 0% used [0x00000000ffe80000,0x00000000ffe80000,0x0000000100000000)
 ParOldGen       total 134144K, used 112544K [0x00000000f0000000, 0x00000000f8300000, 0x00000000f8300000)
  object space 134144K, 83% used [0x00000000f0000000,0x00000000f6de83a8,0x00000000f8300000)
 Metaspace       used 52914K, capacity 56032K, committed 56192K, reserved 1097728K
  class space    used 6448K, capacity 6998K, committed 7040K, reserved 1048576K
}
{Heap before GC invocations=1060 (full 0):
 PSYoungGen      total 126464K, used 126112K [0x00000000f8300000, 0x0000000100000000, 0x0000000100000000)
  eden space 124928K, 100% used [0x00000000f8300000,0x00000000ffd00000,0x00000000ffd00000)
  from space 1536K, 77% used [0x00000000ffd00000,0x00000000ffe28000,0x00000000ffe80000)
  to   space 1536K, 0% used [0x00000000ffe80000,0x00000000ffe80000,0x0000000100000000)
 ParOldGen       total 134144K, used 112544K [0x00000000f0000000, 0x00000000f8300000, 0x00000000f8300000)
  object space 134144K, 83% used [0x00000000f0000000,0x00000000f6de83a8,0x00000000f8300000)
 Metaspace       used 52914K, capacity 56032K, committed 56192K, reserved 1097728K
  class space    used 6448K, capacity 6998K, committed 7040K, reserved 1048576K
2023-10-03T01:21:08.236+0800: 867.941: [GC (Allocation Failure) [PSYoungGen: 126112K->1184K(126464K)] 238656K->113808K(260608K), 0.0081314 secs] [Times: user=0.05 sys=0.00, real=0.01 secs] 
Heap after GC invocations=1060 (full 0):
 PSYoungGen      total 126464K, used 1184K [0x00000000f8300000, 0x0000000100000000, 0x0000000100000000)
  eden space 124928K, 0% used [0x00000000f8300000,0x00000000f8300000,0x00000000ffd00000)
  from space 1536K, 77% used [0x00000000ffe80000,0x00000000fffa8000,0x0000000100000000)
  to   space 1536K, 0% used [0x00000000ffd00000,0x00000000ffd00000,0x00000000ffe80000)
 ParOldGen       total 134144K, used 112624K [0x00000000f0000000, 0x00000000f8300000, 0x00000000f8300000)
  object space 134144K, 83% used [0x00000000f0000000,0x00000000f6dfc3a8,0x00000000f8300000)
 Metaspace       used 52914K, capacity 56032K, committed 56192K, reserved 1097728K
  class space    used 6448K, capacity 6998K, committed 7040K, reserved 1048576K
}
{Heap before GC invocations=1061 (full 0):
 PSYoungGen      total 126464K, used 126112K [0x00000000f8300000, 0x0000000100000000, 0x0000000100000000)
  eden space 124928K, 100% used [0x00000000f8300000,0x00000000ffd00000,0x00000000ffd00000)
  from space 1536K, 77% used [0x00000000ffe80000,0x00000000fffa8000,0x0000000100000000)
  to   space 1536K, 0% used [0x00000000ffd00000,0x00000000ffd00000,0x00000000ffe80000)
 ParOldGen       total 134144K, used 112624K [0x00000000f0000000, 0x00000000f8300000, 0x00000000f8300000)
  object space 134144K, 83% used [0x00000000f0000000,0x00000000f6dfc3a8,0x00000000f8300000)
 Metaspace       used 52914K, capacity 56032K, committed 56192K, reserved 1097728K
  class space    used 6448K, capacity 6998K, committed 7040K, reserved 1048576K
2023-10-03T01:21:08.866+0800: 868.570: [GC (Allocation Failure) [PSYoungGen: 126112K->1216K(126464K)] 238736K->113928K(260608K), 0.0095986 secs] [Times: user=0.06 sys=0.00, real=0.01 secs] 
Heap after GC invocations=1061 (full 0):
 PSYoungGen      total 126464K, used 1216K [0x00000000f8300000, 0x0000000100000000, 0x0000000100000000)
  eden space 124928K, 0% used [0x00000000f8300000,0x00000000f8300000,0x00000000ffd00000)
  from space 1536K, 79% used [0x00000000ffd00000,0x00000000ffe30000,0x00000000ffe80000)
  to   space 1536K, 0% used [0x00000000ffe80000,0x00000000ffe80000,0x0000000100000000)
 ParOldGen       total 134144K, used 112712K [0x00000000f0000000, 0x00000000f8300000, 0x00000000f8300000)
  object space 134144K, 84% used [0x00000000f0000000,0x00000000f6e123a8,0x00000000f8300000)
 Metaspace       used 52914K, capacity 56032K, committed 56192K, reserved 1097728K
  class space    used 6448K, capacity 6998K, committed 7040K, reserved 1048576K
}
{Heap before GC invocations=1062 (full 0):
 PSYoungGen      total 126464K, used 126144K [0x00000000f8300000, 0x0000000100000000, 0x0000000100000000)
  eden space 124928K, 100% used [0x00000000f8300000,0x00000000ffd00000,0x00000000ffd00000)
  from space 1536K, 79% used [0x00000000ffd00000,0x00000000ffe30000,0x00000000ffe80000)
  to   space 1536K, 0% used [0x00000000ffe80000,0x00000000ffe80000,0x0000000100000000)
 ParOldGen       total 134144K, used 112712K [0x00000000f0000000, 0x00000000f8300000, 0x00000000f8300000)
  object space 134144K, 84% used [0x00000000f0000000,0x00000000f6e123a8,0x00000000f8300000)
 Metaspace       used 52914K, capacity 56032K, committed 56192K, reserved 1097728K
  class space    used 6448K, capacity 6998K, committed 7040K, reserved 1048576K
2023-10-03T01:21:09.509+0800: 869.214: [GC (Allocation Failure) [PSYoungGen: 126144K->1120K(126464K)] 238856K->113920K(260608K), 0.0082673 secs] [Times: user=0.04 sys=0.00, real=0.01 secs] 
Heap after GC invocations=1062 (full 0):
 PSYoungGen      total 126464K, used 1120K [0x00000000f8300000, 0x0000000100000000, 0x0000000100000000)
  eden space 124928K, 0% used [0x00000000f8300000,0x00000000f8300000,0x00000000ffd00000)
  from space 1536K, 72% used [0x00000000ffe80000,0x00000000fff98000,0x0000000100000000)
  to   space 1536K, 0% used [0x00000000ffd00000,0x00000000ffd00000,0x00000000ffe80000)
 ParOldGen       total 134144K, used 112800K [0x00000000f0000000, 0x00000000f8300000, 0x00000000f8300000)
  object space 134144K, 84% used [0x00000000f0000000,0x00000000f6e283a8,0x00000000f8300000)
 Metaspace       used 52914K, capacity 56032K, committed 56192K, reserved 1097728K
  class space    used 6448K, capacity 6998K, committed 7040K, reserved 1048576K
}
{Heap before GC invocations=1063 (full 0):
 PSYoungGen      total 126464K, used 126048K [0x00000000f8300000, 0x0000000100000000, 0x0000000100000000)
  eden space 124928K, 100% used [0x00000000f8300000,0x00000000ffd00000,0x00000000ffd00000)
  from space 1536K, 72% used [0x00000000ffe80000,0x00000000fff98000,0x0000000100000000)
  to   space 1536K, 0% used [0x00000000ffd00000,0x00000000ffd00000,0x00000000ffe80000)
 ParOldGen       total 134144K, used 112800K [0x00000000f0000000, 0x00000000f8300000, 0x00000000f8300000)
  object space 134144K, 84% used [0x00000000f0000000,0x00000000f6e283a8,0x00000000f8300000)
 Metaspace       used 52914K, capacity 56032K, committed 56192K, reserved 1097728K
  class space    used 6448K, capacity 6998K, committed 7040K, reserved 1048576K
2023-10-03T01:21:10.152+0800: 869.856: [GC (Allocation Failure) [PSYoungGen: 126048K->1216K(126464K)] 238848K->114096K(260608K), 0.0085382 secs] [Times: user=0.04 sys=0.01, real=0.00 secs] 
Heap after GC invocations=1063 (full 0):
 PSYoungGen      total 126464K, used 1216K [0x00000000f8300000, 0x0000000100000000, 0x0000000100000000)
  eden space 124928K, 0% used [0x00000000f8300000,0x00000000f8300000,0x00000000ffd00000)
  from space 1536K, 79% used [0x00000000ffd00000,0x00000000ffe30000,0x00000000ffe80000)
  to   space 1536K, 0% used [0x00000000ffe80000,0x00000000ffe80000,0x0000000100000000)
 ParOldGen       total 134144K, used 112880K [0x00000000f0000000, 0x00000000f8300000, 0x00000000f8300000)
  object space 134144K, 84% used [0x00000000f0000000,0x00000000f6e3c3a8,0x00000000f8300000)
 Metaspace       used 52914K, capacity 56032K, committed 56192K, reserved 1097728K
  class space    used 6448K, capacity 6998K, committed 7040K, reserved 1048576K
}
{Heap before GC invocations=1064 (full 0):
 PSYoungGen      total 126464K, used 126144K [0x00000000f8300000, 0x0000000100000000, 0x0000000100000000)
  eden space 124928K, 100% used [0x00000000f8300000,0x00000000ffd00000,0x00000000ffd00000)
  from space 1536K, 79% used [0x00000000ffd00000,0x00000000ffe30000,0x00000000ffe80000)
  to   space 1536K, 0% used [0x00000000ffe80000,0x00000000ffe80000,0x0000000100000000)
 ParOldGen       total 134144K, used 112880K [0x00000000f0000000, 0x00000000f8300000, 0x00000000f8300000)
  object space 134144K, 84% used [0x00000000f0000000,0x00000000f6e3c3a8,0x00000000f8300000)
 Metaspace       used 52914K, capacity 56032K, committed 56192K, reserved 1097728K
  class space    used 6448K, capacity 6998K, committed 7040K, reserved 1048576K
2023-10-03T01:21:10.779+0800: 870.483: [GC (Allocation Failure) [PSYoungGen: 126144K->1152K(126464K)] 239024K->114112K(260608K), 0.0084966 secs] [Times: user=0.05 sys=0.01, real=0.01 secs] 
Heap after GC invocations=1064 (full 0):
 PSYoungGen      total 126464K, used 1152K [0x00000000f8300000, 0x0000000100000000, 0x0000000100000000)
  eden space 124928K, 0% used [0x00000000f8300000,0x00000000f8300000,0x00000000ffd00000)
  from space 1536K, 75% used [0x00000000ffe80000,0x00000000fffa0000,0x0000000100000000)
  to   space 1536K, 0% used [0x00000000ffd00000,0x00000000ffd00000,0x00000000ffe80000)
 ParOldGen       total 134144K, used 112960K [0x00000000f0000000, 0x00000000f8300000, 0x00000000f8300000)
  object space 134144K, 84% used [0x00000000f0000000,0x00000000f6e503a8,0x00000000f8300000)
 Metaspace       used 52914K, capacity 56032K, committed 56192K, reserved 1097728K
  class space    used 6448K, capacity 6998K, committed 7040K, reserved 1048576K
}
{Heap before GC invocations=1065 (full 0):
 PSYoungGen      total 126464K, used 126080K [0x00000000f8300000, 0x0000000100000000, 0x0000000100000000)
  eden space 124928K, 100% used [0x00000000f8300000,0x00000000ffd00000,0x00000000ffd00000)
  from space 1536K, 75% used [0x00000000ffe80000,0x00000000fffa0000,0x0000000100000000)
  to   space 1536K, 0% used [0x00000000ffd00000,0x00000000ffd00000,0x00000000ffe80000)
 ParOldGen       total 134144K, used 112960K [0x00000000f0000000, 0x00000000f8300000, 0x00000000f8300000)
  object space 134144K, 84% used [0x00000000f0000000,0x00000000f6e503a8,0x00000000f8300000)
 Metaspace       used 52914K, capacity 56032K, committed 56192K, reserved 1097728K
  class space    used 6448K, capacity 6998K, committed 7040K, reserved 1048576K
2023-10-03T01:21:11.414+0800: 871.118: [GC (Allocation Failure) [PSYoungGen: 126080K->1248K(126464K)] 239040K->114288K(260608K), 0.0083125 secs] [Times: user=0.05 sys=0.00, real=0.01 secs] 
Heap after GC invocations=1065 (full 0):
 PSYoungGen      total 126464K, used 1248K [0x00000000f8300000, 0x0000000100000000, 0x0000000100000000)
  eden space 124928K, 0% used [0x00000000f8300000,0x00000000f8300000,0x00000000ffd00000)
  from space 1536K, 81% used [0x00000000ffd00000,0x00000000ffe38000,0x00000000ffe80000)
  to   space 1536K, 0% used [0x00000000ffe80000,0x00000000ffe80000,0x0000000100000000)
 ParOldGen       total 134144K, used 113040K [0x00000000f0000000, 0x00000000f8300000, 0x00000000f8300000)
  object space 134144K, 84% used [0x00000000f0000000,0x00000000f6e643a8,0x00000000f8300000)
 Metaspace       used 52914K, capacity 56032K, committed 56192K, reserved 1097728K
  class space    used 6448K, capacity 6998K, committed 7040K, reserved 1048576K
}
{Heap before GC invocations=1066 (full 0):
 PSYoungGen      total 126464K, used 126176K [0x00000000f8300000, 0x0000000100000000, 0x0000000100000000)
  eden space 124928K, 100% used [0x00000000f8300000,0x00000000ffd00000,0x00000000ffd00000)
  from space 1536K, 81% used [0x00000000ffd00000,0x00000000ffe38000,0x00000000ffe80000)
  to   space 1536K, 0% used [0x00000000ffe80000,0x00000000ffe80000,0x0000000100000000)
 ParOldGen       total 134144K, used 113040K [0x00000000f0000000, 0x00000000f8300000, 0x00000000f8300000)
  object space 134144K, 84% used [0x00000000f0000000,0x00000000f6e643a8,0x00000000f8300000)
 Metaspace       used 52914K, capacity 56032K, committed 56192K, reserved 1097728K
  class space    used 6448K, capacity 6998K, committed 7040K, reserved 1048576K
2023-10-03T01:21:12.048+0800: 871.753: [GC (Allocation Failure) [PSYoungGen: 126176K->1184K(126464K)] 239216K->114304K(260608K), 0.0083883 secs] [Times: user=0.05 sys=0.00, real=0.01 secs] 
Heap after GC invocations=1066 (full 0):
 PSYoungGen      total 126464K, used 1184K [0x00000000f8300000, 0x0000000100000000, 0x0000000100000000)
  eden space 124928K, 0% used [0x00000000f8300000,0x00000000f8300000,0x00000000ffd00000)
  from space 1536K, 77% used [0x00000000ffe80000,0x00000000fffa8000,0x0000000100000000)
  to   space 1536K, 0% used [0x00000000ffd00000,0x00000000ffd00000,0x00000000ffe80000)
 ParOldGen       total 134144K, used 113120K [0x00000000f0000000, 0x00000000f8300000, 0x00000000f8300000)
  object space 134144K, 84% used [0x00000000f0000000,0x00000000f6e783a8,0x00000000f8300000)
 Metaspace       used 52914K, capacity 56032K, committed 56192K, reserved 1097728K
  class space    used 6448K, capacity 6998K, committed 7040K, reserved 1048576K
}
{Heap before GC invocations=1067 (full 0):
 PSYoungGen      total 126464K, used 126112K [0x00000000f8300000, 0x0000000100000000, 0x0000000100000000)
  eden space 124928K, 100% used [0x00000000f8300000,0x00000000ffd00000,0x00000000ffd00000)
  from space 1536K, 77% used [0x00000000ffe80000,0x00000000fffa8000,0x0000000100000000)
  to   space 1536K, 0% used [0x00000000ffd00000,0x00000000ffd00000,0x00000000ffe80000)
 ParOldGen       total 134144K, used 113120K [0x00000000f0000000, 0x00000000f8300000, 0x00000000f8300000)
  object space 134144K, 84% used [0x00000000f0000000,0x00000000f6e783a8,0x00000000f8300000)
 Metaspace       used 52914K, capacity 56032K, committed 56192K, reserved 1097728K
  class space    used 6448K, capacity 6998K, committed 7040K, reserved 1048576K
2023-10-03T01:21:12.647+0800: 872.351: [GC (Allocation Failure) [PSYoungGen: 126112K->1216K(126464K)] 239232K->114416K(260608K), 0.0084779 secs] [Times: user=0.05 sys=0.00, real=0.01 secs] 
Heap after GC invocations=1067 (full 0):
 PSYoungGen      total 126464K, used 1216K [0x00000000f8300000, 0x0000000100000000, 0x0000000100000000)
  eden space 124928K, 0% used [0x00000000f8300000,0x00000000f8300000,0x00000000ffd00000)
  from space 1536K, 79% used [0x00000000ffd00000,0x00000000ffe30000,0x00000000ffe80000)
  to   space 1536K, 0% used [0x00000000ffe80000,0x00000000ffe80000,0x0000000100000000)
 ParOldGen       total 134144K, used 113200K [0x00000000f0000000, 0x00000000f8300000, 0x00000000f8300000)
  object space 134144K, 84% used [0x00000000f0000000,0x00000000f6e8c3a8,0x00000000f8300000)
 Metaspace       used 52914K, capacity 56032K, committed 56192K, reserved 1097728K
  class space    used 6448K, capacity 6998K, committed 7040K, reserved 1048576K
}
{Heap before GC invocations=1068 (full 0):
 PSYoungGen      total 126464K, used 126144K [0x00000000f8300000, 0x0000000100000000, 0x0000000100000000)
  eden space 124928K, 100% used [0x00000000f8300000,0x00000000ffd00000,0x00000000ffd00000)
  from space 1536K, 79% used [0x00000000ffd00000,0x00000000ffe30000,0x00000000ffe80000)
  to   space 1536K, 0% used [0x00000000ffe80000,0x00000000ffe80000,0x0000000100000000)
 ParOldGen       total 134144K, used 113200K [0x00000000f0000000, 0x00000000f8300000, 0x00000000f8300000)
  object space 134144K, 84% used [0x00000000f0000000,0x00000000f6e8c3a8,0x00000000f8300000)
 Metaspace       used 52914K, capacity 56032K, committed 56192K, reserved 1097728K
  class space    used 6448K, capacity 6998K, committed 7040K, reserved 1048576K
2023-10-03T01:21:13.281+0800: 872.986: [GC (Allocation Failure) [PSYoungGen: 126144K->1120K(126464K)] 239344K->114392K(260608K), 0.0079880 secs] [Times: user=0.05 sys=0.00, real=0.01 secs] 
Heap after GC invocations=1068 (full 0):
 PSYoungGen      total 126464K, used 1120K [0x00000000f8300000, 0x0000000100000000, 0x0000000100000000)
  eden space 124928K, 0% used [0x00000000f8300000,0x00000000f8300000,0x00000000ffd00000)
  from space 1536K, 72% used [0x00000000ffe80000,0x00000000fff98000,0x0000000100000000)
  to   space 1536K, 0% used [0x00000000ffd00000,0x00000000ffd00000,0x00000000ffe80000)
 ParOldGen       total 134144K, used 113272K [0x00000000f0000000, 0x00000000f8300000, 0x00000000f8300000)
  object space 134144K, 84% used [0x00000000f0000000,0x00000000f6e9e3a8,0x00000000f8300000)
 Metaspace       used 52914K, capacity 56032K, committed 56192K, reserved 1097728K
  class space    used 6448K, capacity 6998K, committed 7040K, reserved 1048576K
}
{Heap before GC invocations=1069 (full 0):
 PSYoungGen      total 126464K, used 126048K [0x00000000f8300000, 0x0000000100000000, 0x0000000100000000)
  eden space 124928K, 100% used [0x00000000f8300000,0x00000000ffd00000,0x00000000ffd00000)
  from space 1536K, 72% used [0x00000000ffe80000,0x00000000fff98000,0x0000000100000000)
  to   space 1536K, 0% used [0x00000000ffd00000,0x00000000ffd00000,0x00000000ffe80000)
 ParOldGen       total 134144K, used 113272K [0x00000000f0000000, 0x00000000f8300000, 0x00000000f8300000)
  object space 134144K, 84% used [0x00000000f0000000,0x00000000f6e9e3a8,0x00000000f8300000)
 Metaspace       used 52914K, capacity 56032K, committed 56192K, reserved 1097728K
  class space    used 6448K, capacity 6998K, committed 7040K, reserved 1048576K
2023-10-03T01:21:13.909+0800: 873.613: [GC (Allocation Failure) [PSYoungGen: 126048K->1216K(126464K)] 239320K->114568K(260608K), 0.0085747 secs] [Times: user=0.04 sys=0.00, real=0.01 secs] 
Heap after GC invocations=1069 (full 0):
 PSYoungGen      total 126464K, used 1216K [0x00000000f8300000, 0x0000000100000000, 0x0000000100000000)
  eden space 124928K, 0% used [0x00000000f8300000,0x00000000f8300000,0x00000000ffd00000)
  from space 1536K, 79% used [0x00000000ffd00000,0x00000000ffe30000,0x00000000ffe80000)
  to   space 1536K, 0% used [0x00000000ffe80000,0x00000000ffe80000,0x0000000100000000)
 ParOldGen       total 134144K, used 113352K [0x00000000f0000000, 0x00000000f8300000, 0x00000000f8300000)
  object space 134144K, 84% used [0x00000000f0000000,0x00000000f6eb23a8,0x00000000f8300000)
 Metaspace       used 52914K, capacity 56032K, committed 56192K, reserved 1097728K
  class space    used 6448K, capacity 6998K, committed 7040K, reserved 1048576K
}
{Heap before GC invocations=1070 (full 0):
 PSYoungGen      total 126464K, used 126144K [0x00000000f8300000, 0x0000000100000000, 0x0000000100000000)
  eden space 124928K, 100% used [0x00000000f8300000,0x00000000ffd00000,0x00000000ffd00000)
  from space 1536K, 79% used [0x00000000ffd00000,0x00000000ffe30000,0x00000000ffe80000)
  to   space 1536K, 0% used [0x00000000ffe80000,0x00000000ffe80000,0x0000000100000000)
 ParOldGen       total 134144K, used 113352K [0x00000000f0000000, 0x00000000f8300000, 0x00000000f8300000)
  object space 134144K, 84% used [0x00000000f0000000,0x00000000f6eb23a8,0x00000000f8300000)
 Metaspace       used 52914K, capacity 56032K, committed 56192K, reserved 1097728K
  class space    used 6448K, capacity 6998K, committed 7040K, reserved 1048576K
2023-10-03T01:21:14.547+0800: 874.252: [GC (Allocation Failure) [PSYoungGen: 126144K->1216K(126464K)] 239496K->114648K(260608K), 0.0084709 secs] [Times: user=0.05 sys=0.00, real=0.01 secs] 
Heap after GC invocations=1070 (full 0):
 PSYoungGen      total 126464K, used 1216K [0x00000000f8300000, 0x0000000100000000, 0x0000000100000000)
  eden space 124928K, 0% used [0x00000000f8300000,0x00000000f8300000,0x00000000ffd00000)
  from space 1536K, 79% used [0x00000000ffe80000,0x00000000fffb0000,0x0000000100000000)
  to   space 1536K, 0% used [0x00000000ffd00000,0x00000000ffd00000,0x00000000ffe80000)
 ParOldGen       total 134144K, used 113432K [0x00000000f0000000, 0x00000000f8300000, 0x00000000f8300000)
  object space 134144K, 84% used [0x00000000f0000000,0x00000000f6ec63a8,0x00000000f8300000)
 Metaspace       used 52914K, capacity 56032K, committed 56192K, reserved 1097728K
  class space    used 6448K, capacity 6998K, committed 7040K, reserved 1048576K
}
{Heap before GC invocations=1071 (full 0):
 PSYoungGen      total 126464K, used 126144K [0x00000000f8300000, 0x0000000100000000, 0x0000000100000000)
  eden space 124928K, 100% used [0x00000000f8300000,0x00000000ffd00000,0x00000000ffd00000)
  from space 1536K, 79% used [0x00000000ffe80000,0x00000000fffb0000,0x0000000100000000)
  to   space 1536K, 0% used [0x00000000ffd00000,0x00000000ffd00000,0x00000000ffe80000)
 ParOldGen       total 134144K, used 113432K [0x00000000f0000000, 0x00000000f8300000, 0x00000000f8300000)
  object space 134144K, 84% used [0x00000000f0000000,0x00000000f6ec63a8,0x00000000f8300000)
 Metaspace       used 52914K, capacity 56032K, committed 56192K, reserved 1097728K
  class space    used 6448K, capacity 6998K, committed 7040K, reserved 1048576K
2023-10-03T01:21:15.188+0800: 874.893: [GC (Allocation Failure) [PSYoungGen: 126144K->1184K(126464K)] 239576K->114696K(260608K), 0.0083767 secs] [Times: user=0.04 sys=0.01, real=0.01 secs] 
Heap after GC invocations=1071 (full 0):
 PSYoungGen      total 126464K, used 1184K [0x00000000f8300000, 0x0000000100000000, 0x0000000100000000)
  eden space 124928K, 0% used [0x00000000f8300000,0x00000000f8300000,0x00000000ffd00000)
  from space 1536K, 77% used [0x00000000ffd00000,0x00000000ffe28000,0x00000000ffe80000)
  to   space 1536K, 0% used [0x00000000ffe80000,0x00000000ffe80000,0x0000000100000000)
 ParOldGen       total 134144K, used 113512K [0x00000000f0000000, 0x00000000f8300000, 0x00000000f8300000)
  object space 134144K, 84% used [0x00000000f0000000,0x00000000f6eda3a8,0x00000000f8300000)
 Metaspace       used 52914K, capacity 56032K, committed 56192K, reserved 1097728K
  class space    used 6448K, capacity 6998K, committed 7040K, reserved 1048576K
}
{Heap before GC invocations=1072 (full 0):
 PSYoungGen      total 126464K, used 126112K [0x00000000f8300000, 0x0000000100000000, 0x0000000100000000)
  eden space 124928K, 100% used [0x00000000f8300000,0x00000000ffd00000,0x00000000ffd00000)
  from space 1536K, 77% used [0x00000000ffd00000,0x00000000ffe28000,0x00000000ffe80000)
  to   space 1536K, 0% used [0x00000000ffe80000,0x00000000ffe80000,0x0000000100000000)
 ParOldGen       total 134144K, used 113512K [0x00000000f0000000, 0x00000000f8300000, 0x00000000f8300000)
  object space 134144K, 84% used [0x00000000f0000000,0x00000000f6eda3a8,0x00000000f8300000)
 Metaspace       used 52914K, capacity 56032K, committed 56192K, reserved 1097728K
  class space    used 6448K, capacity 6998K, committed 7040K, reserved 1048576K
2023-10-03T01:21:15.817+0800: 875.522: [GC (Allocation Failure) [PSYoungGen: 126112K->1216K(126464K)] 239624K->114800K(260608K), 0.0082221 secs] [Times: user=0.04 sys=0.00, real=0.01 secs] 
Heap after GC invocations=1072 (full 0):
 PSYoungGen      total 126464K, used 1216K [0x00000000f8300000, 0x0000000100000000, 0x0000000100000000)
  eden space 124928K, 0% used [0x00000000f8300000,0x00000000f8300000,0x00000000ffd00000)
  from space 1536K, 79% used [0x00000000ffe80000,0x00000000fffb0000,0x0000000100000000)
  to   space 1536K, 0% used [0x00000000ffd00000,0x00000000ffd00000,0x00000000ffe80000)
 ParOldGen       total 134144K, used 113584K [0x00000000f0000000, 0x00000000f8300000, 0x00000000f8300000)
  object space 134144K, 84% used [0x00000000f0000000,0x00000000f6eec3a8,0x00000000f8300000)
 Metaspace       used 52914K, capacity 56032K, committed 56192K, reserved 1097728K
  class space    used 6448K, capacity 6998K, committed 7040K, reserved 1048576K
}
{Heap before GC invocations=1073 (full 0):
 PSYoungGen      total 126464K, used 126144K [0x00000000f8300000, 0x0000000100000000, 0x0000000100000000)
  eden space 124928K, 100% used [0x00000000f8300000,0x00000000ffd00000,0x00000000ffd00000)
  from space 1536K, 79% used [0x00000000ffe80000,0x00000000fffb0000,0x0000000100000000)
  to   space 1536K, 0% used [0x00000000ffd00000,0x00000000ffd00000,0x00000000ffe80000)
 ParOldGen       total 134144K, used 113584K [0x00000000f0000000, 0x00000000f8300000, 0x00000000f8300000)
  object space 134144K, 84% used [0x00000000f0000000,0x00000000f6eec3a8,0x00000000f8300000)
 Metaspace       used 52914K, capacity 56032K, committed 56192K, reserved 1097728K
  class space    used 6448K, capacity 6998K, committed 7040K, reserved 1048576K
2023-10-03T01:21:16.455+0800: 876.160: [GC (Allocation Failure) [PSYoungGen: 126144K->1184K(126464K)] 239728K->114840K(260608K), 0.0082945 secs] [Times: user=0.05 sys=0.00, real=0.01 secs] 
Heap after GC invocations=1073 (full 0):
 PSYoungGen      total 126464K, used 1184K [0x00000000f8300000, 0x0000000100000000, 0x0000000100000000)
  eden space 124928K, 0% used [0x00000000f8300000,0x00000000f8300000,0x00000000ffd00000)
  from space 1536K, 77% used [0x00000000ffd00000,0x00000000ffe28000,0x00000000ffe80000)
  to   space 1536K, 0% used [0x00000000ffe80000,0x00000000ffe80000,0x0000000100000000)
 ParOldGen       total 134144K, used 113656K [0x00000000f0000000, 0x00000000f8300000, 0x00000000f8300000)
  object space 134144K, 84% used [0x00000000f0000000,0x00000000f6efe3a8,0x00000000f8300000)
 Metaspace       used 52914K, capacity 56032K, committed 56192K, reserved 1097728K
  class space    used 6448K, capacity 6998K, committed 7040K, reserved 1048576K
}
{Heap before GC invocations=1074 (full 0):
 PSYoungGen      total 126464K, used 126112K [0x00000000f8300000, 0x0000000100000000, 0x0000000100000000)
  eden space 124928K, 100% used [0x00000000f8300000,0x00000000ffd00000,0x00000000ffd00000)
  from space 1536K, 77% used [0x00000000ffd00000,0x00000000ffe28000,0x00000000ffe80000)
  to   space 1536K, 0% used [0x00000000ffe80000,0x00000000ffe80000,0x0000000100000000)
 ParOldGen       total 134144K, used 113656K [0x00000000f0000000, 0x00000000f8300000, 0x00000000f8300000)
  object space 134144K, 84% used [0x00000000f0000000,0x00000000f6efe3a8,0x00000000f8300000)
 Metaspace       used 52914K, capacity 56032K, committed 56192K, reserved 1097728K
  class space    used 6448K, capacity 6998K, committed 7040K, reserved 1048576K
2023-10-03T01:21:17.090+0800: 876.795: [GC (Allocation Failure) [PSYoungGen: 126112K->1216K(126464K)] 239768K->114944K(260608K), 0.0084461 secs] [Times: user=0.05 sys=0.00, real=0.02 secs] 
Heap after GC invocations=1074 (full 0):
 PSYoungGen      total 126464K, used 1216K [0x00000000f8300000, 0x0000000100000000, 0x0000000100000000)
  eden space 124928K, 0% used [0x00000000f8300000,0x00000000f8300000,0x00000000ffd00000)
  from space 1536K, 79% used [0x00000000ffe80000,0x00000000fffb0000,0x0000000100000000)
  to   space 1536K, 0% used [0x00000000ffd00000,0x00000000ffd00000,0x00000000ffe80000)
 ParOldGen       total 134144K, used 113728K [0x00000000f0000000, 0x00000000f8300000, 0x00000000f8300000)
  object space 134144K, 84% used [0x00000000f0000000,0x00000000f6f103a8,0x00000000f8300000)
 Metaspace       used 52914K, capacity 56032K, committed 56192K, reserved 1097728K
  class space    used 6448K, capacity 6998K, committed 7040K, reserved 1048576K
}
{Heap before GC invocations=1075 (full 0):
 PSYoungGen      total 126464K, used 126144K [0x00000000f8300000, 0x0000000100000000, 0x0000000100000000)
  eden space 124928K, 100% used [0x00000000f8300000,0x00000000ffd00000,0x00000000ffd00000)
  from space 1536K, 79% used [0x00000000ffe80000,0x00000000fffb0000,0x0000000100000000)
  to   space 1536K, 0% used [0x00000000ffd00000,0x00000000ffd00000,0x00000000ffe80000)
 ParOldGen       total 134144K, used 113728K [0x00000000f0000000, 0x00000000f8300000, 0x00000000f8300000)
  object space 134144K, 84% used [0x00000000f0000000,0x00000000f6f103a8,0x00000000f8300000)
 Metaspace       used 52914K, capacity 56032K, committed 56192K, reserved 1097728K
  class space    used 6448K, capacity 6998K, committed 7040K, reserved 1048576K
2023-10-03T01:21:17.720+0800: 877.424: [GC (Allocation Failure) [PSYoungGen: 126144K->1184K(126464K)] 239872K->114984K(260608K), 0.0080581 secs] [Times: user=0.04 sys=0.01, real=0.01 secs] 
Heap after GC invocations=1075 (full 0):
 PSYoungGen      total 126464K, used 1184K [0x00000000f8300000, 0x0000000100000000, 0x0000000100000000)
  eden space 124928K, 0% used [0x00000000f8300000,0x00000000f8300000,0x00000000ffd00000)
  from space 1536K, 77% used [0x00000000ffd00000,0x00000000ffe28000,0x00000000ffe80000)
  to   space 1536K, 0% used [0x00000000ffe80000,0x00000000ffe80000,0x0000000100000000)
 ParOldGen       total 134144K, used 113800K [0x00000000f0000000, 0x00000000f8300000, 0x00000000f8300000)
  object space 134144K, 84% used [0x00000000f0000000,0x00000000f6f223a8,0x00000000f8300000)
 Metaspace       used 52914K, capacity 56032K, committed 56192K, reserved 1097728K
  class space    used 6448K, capacity 6998K, committed 7040K, reserved 1048576K
}
{Heap before GC invocations=1076 (full 0):
 PSYoungGen      total 126464K, used 126112K [0x00000000f8300000, 0x0000000100000000, 0x0000000100000000)
  eden space 124928K, 100% used [0x00000000f8300000,0x00000000ffd00000,0x00000000ffd00000)
  from space 1536K, 77% used [0x00000000ffd00000,0x00000000ffe28000,0x00000000ffe80000)
  to   space 1536K, 0% used [0x00000000ffe80000,0x00000000ffe80000,0x0000000100000000)
 ParOldGen       total 134144K, used 113800K [0x00000000f0000000, 0x00000000f8300000, 0x00000000f8300000)
  object space 134144K, 84% used [0x00000000f0000000,0x00000000f6f223a8,0x00000000f8300000)
 Metaspace       used 52914K, capacity 56032K, committed 56192K, reserved 1097728K
  class space    used 6448K, capacity 6998K, committed 7040K, reserved 1048576K
2023-10-03T01:21:18.354+0800: 878.059: [GC (Allocation Failure) [PSYoungGen: 126112K->1152K(126464K)] 239912K->115024K(260608K), 0.0083780 secs] [Times: user=0.05 sys=0.00, real=0.01 secs] 
Heap after GC invocations=1076 (full 0):
 PSYoungGen      total 126464K, used 1152K [0x00000000f8300000, 0x0000000100000000, 0x0000000100000000)
  eden space 124928K, 0% used [0x00000000f8300000,0x00000000f8300000,0x00000000ffd00000)
  from space 1536K, 75% used [0x00000000ffe80000,0x00000000fffa0000,0x0000000100000000)
  to   space 1536K, 0% used [0x00000000ffd00000,0x00000000ffd00000,0x00000000ffe80000)
 ParOldGen       total 134144K, used 113872K [0x00000000f0000000, 0x00000000f8300000, 0x00000000f8300000)
  object space 134144K, 84% used [0x00000000f0000000,0x00000000f6f343a8,0x00000000f8300000)
 Metaspace       used 52914K, capacity 56032K, committed 56192K, reserved 1097728K
  class space    used 6448K, capacity 6998K, committed 7040K, reserved 1048576K
}
{Heap before GC invocations=1077 (full 0):
 PSYoungGen      total 126464K, used 126080K [0x00000000f8300000, 0x0000000100000000, 0x0000000100000000)
  eden space 124928K, 100% used [0x00000000f8300000,0x00000000ffd00000,0x00000000ffd00000)
  from space 1536K, 75% used [0x00000000ffe80000,0x00000000fffa0000,0x0000000100000000)
  to   space 1536K, 0% used [0x00000000ffd00000,0x00000000ffd00000,0x00000000ffe80000)
 ParOldGen       total 134144K, used 113872K [0x00000000f0000000, 0x00000000f8300000, 0x00000000f8300000)
  object space 134144K, 84% used [0x00000000f0000000,0x00000000f6f343a8,0x00000000f8300000)
 Metaspace       used 52914K, capacity 56032K, committed 56192K, reserved 1097728K
  class space    used 6448K, capacity 6998K, committed 7040K, reserved 1048576K
2023-10-03T01:21:18.976+0800: 878.681: [GC (Allocation Failure) [PSYoungGen: 126080K->1184K(126464K)] 239952K->115136K(260608K), 0.0081963 secs] [Times: user=0.05 sys=0.00, real=0.01 secs] 
Heap after GC invocations=1077 (full 0):
 PSYoungGen      total 126464K, used 1184K [0x00000000f8300000, 0x0000000100000000, 0x0000000100000000)
  eden space 124928K, 0% used [0x00000000f8300000,0x00000000f8300000,0x00000000ffd00000)
  from space 1536K, 77% used [0x00000000ffd00000,0x00000000ffe28000,0x00000000ffe80000)
  to   space 1536K, 0% used [0x00000000ffe80000,0x00000000ffe80000,0x0000000100000000)
 ParOldGen       total 134144K, used 113952K [0x00000000f0000000, 0x00000000f8300000, 0x00000000f8300000)
  object space 134144K, 84% used [0x00000000f0000000,0x00000000f6f483a8,0x00000000f8300000)
 Metaspace       used 52914K, capacity 56032K, committed 56192K, reserved 1097728K
  class space    used 6448K, capacity 6998K, committed 7040K, reserved 1048576K
}
{Heap before GC invocations=1078 (full 0):
 PSYoungGen      total 126464K, used 126112K [0x00000000f8300000, 0x0000000100000000, 0x0000000100000000)
  eden space 124928K, 100% used [0x00000000f8300000,0x00000000ffd00000,0x00000000ffd00000)
  from space 1536K, 77% used [0x00000000ffd00000,0x00000000ffe28000,0x00000000ffe80000)
  to   space 1536K, 0% used [0x00000000ffe80000,0x00000000ffe80000,0x0000000100000000)
 ParOldGen       total 134144K, used 113952K [0x00000000f0000000, 0x00000000f8300000, 0x00000000f8300000)
  object space 134144K, 84% used [0x00000000f0000000,0x00000000f6f483a8,0x00000000f8300000)
 Metaspace       used 52914K, capacity 56032K, committed 56192K, reserved 1097728K
  class space    used 6448K, capacity 6998K, committed 7040K, reserved 1048576K
2023-10-03T01:21:19.614+0800: 879.319: [GC (Allocation Failure) [PSYoungGen: 126112K->1152K(126464K)] 240064K->115184K(260608K), 0.0081292 secs] [Times: user=0.05 sys=0.00, real=0.01 secs] 
Heap after GC invocations=1078 (full 0):
 PSYoungGen      total 126464K, used 1152K [0x00000000f8300000, 0x0000000100000000, 0x0000000100000000)
  eden space 124928K, 0% used [0x00000000f8300000,0x00000000f8300000,0x00000000ffd00000)
  from space 1536K, 75% used [0x00000000ffe80000,0x00000000fffa0000,0x0000000100000000)
  to   space 1536K, 0% used [0x00000000ffd00000,0x00000000ffd00000,0x00000000ffe80000)
 ParOldGen       total 134144K, used 114032K [0x00000000f0000000, 0x00000000f8300000, 0x00000000f8300000)
  object space 134144K, 85% used [0x00000000f0000000,0x00000000f6f5c3a8,0x00000000f8300000)
 Metaspace       used 52914K, capacity 56032K, committed 56192K, reserved 1097728K
  class space    used 6448K, capacity 6998K, committed 7040K, reserved 1048576K
}
{Heap before GC invocations=1079 (full 0):
 PSYoungGen      total 126464K, used 126080K [0x00000000f8300000, 0x0000000100000000, 0x0000000100000000)
  eden space 124928K, 100% used [0x00000000f8300000,0x00000000ffd00000,0x00000000ffd00000)
  from space 1536K, 75% used [0x00000000ffe80000,0x00000000fffa0000,0x0000000100000000)
  to   space 1536K, 0% used [0x00000000ffd00000,0x00000000ffd00000,0x00000000ffe80000)
 ParOldGen       total 134144K, used 114032K [0x00000000f0000000, 0x00000000f8300000, 0x00000000f8300000)
  object space 134144K, 85% used [0x00000000f0000000,0x00000000f6f5c3a8,0x00000000f8300000)
 Metaspace       used 52914K, capacity 56032K, committed 56192K, reserved 1097728K
  class space    used 6448K, capacity 6998K, committed 7040K, reserved 1048576K
2023-10-03T01:21:20.259+0800: 879.964: [GC (Allocation Failure) [PSYoungGen: 126080K->1152K(126464K)] 240112K->115264K(260608K), 0.0084076 secs] [Times: user=0.05 sys=0.00, real=0.01 secs] 
Heap after GC invocations=1079 (full 0):
 PSYoungGen      total 126464K, used 1152K [0x00000000f8300000, 0x0000000100000000, 0x0000000100000000)
  eden space 124928K, 0% used [0x00000000f8300000,0x00000000f8300000,0x00000000ffd00000)
  from space 1536K, 75% used [0x00000000ffd00000,0x00000000ffe20000,0x00000000ffe80000)
  to   space 1536K, 0% used [0x00000000ffe80000,0x00000000ffe80000,0x0000000100000000)
 ParOldGen       total 134144K, used 114112K [0x00000000f0000000, 0x00000000f8300000, 0x00000000f8300000)
  object space 134144K, 85% used [0x00000000f0000000,0x00000000f6f703a8,0x00000000f8300000)
 Metaspace       used 52914K, capacity 56032K, committed 56192K, reserved 1097728K
  class space    used 6448K, capacity 6998K, committed 7040K, reserved 1048576K
}
{Heap before GC invocations=1080 (full 0):
 PSYoungGen      total 126464K, used 126080K [0x00000000f8300000, 0x0000000100000000, 0x0000000100000000)
  eden space 124928K, 100% used [0x00000000f8300000,0x00000000ffd00000,0x00000000ffd00000)
  from space 1536K, 75% used [0x00000000ffd00000,0x00000000ffe20000,0x00000000ffe80000)
  to   space 1536K, 0% used [0x00000000ffe80000,0x00000000ffe80000,0x0000000100000000)
 ParOldGen       total 134144K, used 114112K [0x00000000f0000000, 0x00000000f8300000, 0x00000000f8300000)
  object space 134144K, 85% used [0x00000000f0000000,0x00000000f6f703a8,0x00000000f8300000)
 Metaspace       used 52914K, capacity 56032K, committed 56192K, reserved 1097728K
  class space    used 6448K, capacity 6998K, committed 7040K, reserved 1048576K
2023-10-03T01:21:20.886+0800: 880.590: [GC (Allocation Failure) [PSYoungGen: 126080K->1248K(126464K)] 240192K->115448K(260608K), 0.0084160 secs] [Times: user=0.05 sys=0.00, real=0.01 secs] 
Heap after GC invocations=1080 (full 0):
 PSYoungGen      total 126464K, used 1248K [0x00000000f8300000, 0x0000000100000000, 0x0000000100000000)
  eden space 124928K, 0% used [0x00000000f8300000,0x00000000f8300000,0x00000000ffd00000)
  from space 1536K, 81% used [0x00000000ffe80000,0x00000000fffb8000,0x0000000100000000)
  to   space 1536K, 0% used [0x00000000ffd00000,0x00000000ffd00000,0x00000000ffe80000)
 ParOldGen       total 134144K, used 114200K [0x00000000f0000000, 0x00000000f8300000, 0x00000000f8300000)
  object space 134144K, 85% used [0x00000000f0000000,0x00000000f6f863a8,0x00000000f8300000)
 Metaspace       used 52914K, capacity 56032K, committed 56192K, reserved 1097728K
  class space    used 6448K, capacity 6998K, committed 7040K, reserved 1048576K
}
{Heap before GC invocations=1081 (full 0):
 PSYoungGen      total 126464K, used 126176K [0x00000000f8300000, 0x0000000100000000, 0x0000000100000000)
  eden space 124928K, 100% used [0x00000000f8300000,0x00000000ffd00000,0x00000000ffd00000)
  from space 1536K, 81% used [0x00000000ffe80000,0x00000000fffb8000,0x0000000100000000)
  to   space 1536K, 0% used [0x00000000ffd00000,0x00000000ffd00000,0x00000000ffe80000)
 ParOldGen       total 134144K, used 114200K [0x00000000f0000000, 0x00000000f8300000, 0x00000000f8300000)
  object space 134144K, 85% used [0x00000000f0000000,0x00000000f6f863a8,0x00000000f8300000)
 Metaspace       used 52914K, capacity 56032K, committed 56192K, reserved 1097728K
  class space    used 6448K, capacity 6998K, committed 7040K, reserved 1048576K
2023-10-03T01:21:21.525+0800: 881.230: [GC (Allocation Failure) [PSYoungGen: 126176K->1152K(126464K)] 240376K->115432K(260608K), 0.0083562 secs] [Times: user=0.05 sys=0.00, real=0.01 secs] 
Heap after GC invocations=1081 (full 0):
 PSYoungGen      total 126464K, used 1152K [0x00000000f8300000, 0x0000000100000000, 0x0000000100000000)
  eden space 124928K, 0% used [0x00000000f8300000,0x00000000f8300000,0x00000000ffd00000)
  from space 1536K, 75% used [0x00000000ffd00000,0x00000000ffe20000,0x00000000ffe80000)
  to   space 1536K, 0% used [0x00000000ffe80000,0x00000000ffe80000,0x0000000100000000)
 ParOldGen       total 134144K, used 114280K [0x00000000f0000000, 0x00000000f8300000, 0x00000000f8300000)
  object space 134144K, 85% used [0x00000000f0000000,0x00000000f6f9a3a8,0x00000000f8300000)
 Metaspace       used 52914K, capacity 56032K, committed 56192K, reserved 1097728K
  class space    used 6448K, capacity 6998K, committed 7040K, reserved 1048576K
}
{Heap before GC invocations=1082 (full 0):
 PSYoungGen      total 126464K, used 126080K [0x00000000f8300000, 0x0000000100000000, 0x0000000100000000)
  eden space 124928K, 100% used [0x00000000f8300000,0x00000000ffd00000,0x00000000ffd00000)
  from space 1536K, 75% used [0x00000000ffd00000,0x00000000ffe20000,0x00000000ffe80000)
  to   space 1536K, 0% used [0x00000000ffe80000,0x00000000ffe80000,0x0000000100000000)
 ParOldGen       total 134144K, used 114280K [0x00000000f0000000, 0x00000000f8300000, 0x00000000f8300000)
  object space 134144K, 85% used [0x00000000f0000000,0x00000000f6f9a3a8,0x00000000f8300000)
 Metaspace       used 52914K, capacity 56032K, committed 56192K, reserved 1097728K
  class space    used 6448K, capacity 6998K, committed 7040K, reserved 1048576K
2023-10-03T01:21:22.164+0800: 881.868: [GC (Allocation Failure) [PSYoungGen: 126080K->1152K(126464K)] 240360K->115512K(260608K), 0.0082790 secs] [Times: user=0.05 sys=0.00, real=0.01 secs] 
Heap after GC invocations=1082 (full 0):
 PSYoungGen      total 126464K, used 1152K [0x00000000f8300000, 0x0000000100000000, 0x0000000100000000)
  eden space 124928K, 0% used [0x00000000f8300000,0x00000000f8300000,0x00000000ffd00000)
  from space 1536K, 75% used [0x00000000ffe80000,0x00000000fffa0000,0x0000000100000000)
  to   space 1536K, 0% used [0x00000000ffd00000,0x00000000ffd00000,0x00000000ffe80000)
 ParOldGen       total 134144K, used 114360K [0x00000000f0000000, 0x00000000f8300000, 0x00000000f8300000)
  object space 134144K, 85% used [0x00000000f0000000,0x00000000f6fae3a8,0x00000000f8300000)
 Metaspace       used 52914K, capacity 56032K, committed 56192K, reserved 1097728K
  class space    used 6448K, capacity 6998K, committed 7040K, reserved 1048576K
}
{Heap before GC invocations=1083 (full 0):
 PSYoungGen      total 126464K, used 126080K [0x00000000f8300000, 0x0000000100000000, 0x0000000100000000)
  eden space 124928K, 100% used [0x00000000f8300000,0x00000000ffd00000,0x00000000ffd00000)
  from space 1536K, 75% used [0x00000000ffe80000,0x00000000fffa0000,0x0000000100000000)
  to   space 1536K, 0% used [0x00000000ffd00000,0x00000000ffd00000,0x00000000ffe80000)
 ParOldGen       total 134144K, used 114360K [0x00000000f0000000, 0x00000000f8300000, 0x00000000f8300000)
  object space 134144K, 85% used [0x00000000f0000000,0x00000000f6fae3a8,0x00000000f8300000)
 Metaspace       used 52914K, capacity 56032K, committed 56192K, reserved 1097728K
  class space    used 6448K, capacity 6998K, committed 7040K, reserved 1048576K
2023-10-03T01:21:22.776+0800: 882.481: [GC (Allocation Failure) [PSYoungGen: 126080K->1152K(126464K)] 240440K->115600K(260608K), 0.0082006 secs] [Times: user=0.04 sys=0.00, real=0.01 secs] 
Heap after GC invocations=1083 (full 0):
 PSYoungGen      total 126464K, used 1152K [0x00000000f8300000, 0x0000000100000000, 0x0000000100000000)
  eden space 124928K, 0% used [0x00000000f8300000,0x00000000f8300000,0x00000000ffd00000)
  from space 1536K, 75% used [0x00000000ffd00000,0x00000000ffe20000,0x00000000ffe80000)
  to   space 1536K, 0% used [0x00000000ffe80000,0x00000000ffe80000,0x0000000100000000)
 ParOldGen       total 134144K, used 114448K [0x00000000f0000000, 0x00000000f8300000, 0x00000000f8300000)
  object space 134144K, 85% used [0x00000000f0000000,0x00000000f6fc43a8,0x00000000f8300000)
 Metaspace       used 52914K, capacity 56032K, committed 56192K, reserved 1097728K
  class space    used 6448K, capacity 6998K, committed 7040K, reserved 1048576K
}
{Heap before GC invocations=1084 (full 0):
 PSYoungGen      total 126464K, used 126080K [0x00000000f8300000, 0x0000000100000000, 0x0000000100000000)
  eden space 124928K, 100% used [0x00000000f8300000,0x00000000ffd00000,0x00000000ffd00000)
  from space 1536K, 75% used [0x00000000ffd00000,0x00000000ffe20000,0x00000000ffe80000)
  to   space 1536K, 0% used [0x00000000ffe80000,0x00000000ffe80000,0x0000000100000000)
 ParOldGen       total 134144K, used 114448K [0x00000000f0000000, 0x00000000f8300000, 0x00000000f8300000)
  object space 134144K, 85% used [0x00000000f0000000,0x00000000f6fc43a8,0x00000000f8300000)
 Metaspace       used 52914K, capacity 56032K, committed 56192K, reserved 1097728K
  class space    used 6448K, capacity 6998K, committed 7040K, reserved 1048576K
2023-10-03T01:21:23.420+0800: 883.125: [GC (Allocation Failure) [PSYoungGen: 126080K->1120K(126464K)] 240528K->115648K(260608K), 0.0081078 secs] [Times: user=0.05 sys=0.00, real=0.01 secs] 
Heap after GC invocations=1084 (full 0):
 PSYoungGen      total 126464K, used 1120K [0x00000000f8300000, 0x0000000100000000, 0x0000000100000000)
  eden space 124928K, 0% used [0x00000000f8300000,0x00000000f8300000,0x00000000ffd00000)
  from space 1536K, 72% used [0x00000000ffe80000,0x00000000fff98000,0x0000000100000000)
  to   space 1536K, 0% used [0x00000000ffd00000,0x00000000ffd00000,0x00000000ffe80000)
 ParOldGen       total 134144K, used 114528K [0x00000000f0000000, 0x00000000f8300000, 0x00000000f8300000)
  object space 134144K, 85% used [0x00000000f0000000,0x00000000f6fd83a8,0x00000000f8300000)
 Metaspace       used 52914K, capacity 56032K, committed 56192K, reserved 1097728K
  class space    used 6448K, capacity 6998K, committed 7040K, reserved 1048576K
}
{Heap before GC invocations=1085 (full 0):
 PSYoungGen      total 126464K, used 126048K [0x00000000f8300000, 0x0000000100000000, 0x0000000100000000)
  eden space 124928K, 100% used [0x00000000f8300000,0x00000000ffd00000,0x00000000ffd00000)
  from space 1536K, 72% used [0x00000000ffe80000,0x00000000fff98000,0x0000000100000000)
  to   space 1536K, 0% used [0x00000000ffd00000,0x00000000ffd00000,0x00000000ffe80000)
 ParOldGen       total 134144K, used 114528K [0x00000000f0000000, 0x00000000f8300000, 0x00000000f8300000)
  object space 134144K, 85% used [0x00000000f0000000,0x00000000f6fd83a8,0x00000000f8300000)
 Metaspace       used 52914K, capacity 56032K, committed 56192K, reserved 1097728K
  class space    used 6448K, capacity 6998K, committed 7040K, reserved 1048576K
2023-10-03T01:21:24.042+0800: 883.746: [GC (Allocation Failure) [PSYoungGen: 126048K->1120K(126464K)] 240576K->115728K(260608K), 0.0083242 secs] [Times: user=0.05 sys=0.01, real=0.00 secs] 
Heap after GC invocations=1085 (full 0):
 PSYoungGen      total 126464K, used 1120K [0x00000000f8300000, 0x0000000100000000, 0x0000000100000000)
  eden space 124928K, 0% used [0x00000000f8300000,0x00000000f8300000,0x00000000ffd00000)
  from space 1536K, 72% used [0x00000000ffd00000,0x00000000ffe18000,0x00000000ffe80000)
  to   space 1536K, 0% used [0x00000000ffe80000,0x00000000ffe80000,0x0000000100000000)
 ParOldGen       total 134144K, used 114608K [0x00000000f0000000, 0x00000000f8300000, 0x00000000f8300000)
  object space 134144K, 85% used [0x00000000f0000000,0x00000000f6fec3a8,0x00000000f8300000)
 Metaspace       used 52914K, capacity 56032K, committed 56192K, reserved 1097728K
  class space    used 6448K, capacity 6998K, committed 7040K, reserved 1048576K
}
{Heap before GC invocations=1086 (full 0):
 PSYoungGen      total 126464K, used 126048K [0x00000000f8300000, 0x0000000100000000, 0x0000000100000000)
  eden space 124928K, 100% used [0x00000000f8300000,0x00000000ffd00000,0x00000000ffd00000)
  from space 1536K, 72% used [0x00000000ffd00000,0x00000000ffe18000,0x00000000ffe80000)
  to   space 1536K, 0% used [0x00000000ffe80000,0x00000000ffe80000,0x0000000100000000)
 ParOldGen       total 134144K, used 114608K [0x00000000f0000000, 0x00000000f8300000, 0x00000000f8300000)
  object space 134144K, 85% used [0x00000000f0000000,0x00000000f6fec3a8,0x00000000f8300000)
 Metaspace       used 52914K, capacity 56032K, committed 56192K, reserved 1097728K
  class space    used 6448K, capacity 6998K, committed 7040K, reserved 1048576K
2023-10-03T01:21:24.669+0800: 884.373: [GC (Allocation Failure) [PSYoungGen: 126048K->1216K(126464K)] 240656K->115896K(260608K), 0.0084316 secs] [Times: user=0.05 sys=0.00, real=0.01 secs] 
Heap after GC invocations=1086 (full 0):
 PSYoungGen      total 126464K, used 1216K [0x00000000f8300000, 0x0000000100000000, 0x0000000100000000)
  eden space 124928K, 0% used [0x00000000f8300000,0x00000000f8300000,0x00000000ffd00000)
  from space 1536K, 79% used [0x00000000ffe80000,0x00000000fffb0000,0x0000000100000000)
  to   space 1536K, 0% used [0x00000000ffd00000,0x00000000ffd00000,0x00000000ffe80000)
 ParOldGen       total 134144K, used 114680K [0x00000000f0000000, 0x00000000f8300000, 0x00000000f8300000)
  object space 134144K, 85% used [0x00000000f0000000,0x00000000f6ffe3a8,0x00000000f8300000)
 Metaspace       used 52914K, capacity 56032K, committed 56192K, reserved 1097728K
  class space    used 6448K, capacity 6998K, committed 7040K, reserved 1048576K
}
{Heap before GC invocations=1087 (full 0):
 PSYoungGen      total 126464K, used 126144K [0x00000000f8300000, 0x0000000100000000, 0x0000000100000000)
  eden space 124928K, 100% used [0x00000000f8300000,0x00000000ffd00000,0x00000000ffd00000)
  from space 1536K, 79% used [0x00000000ffe80000,0x00000000fffb0000,0x0000000100000000)
  to   space 1536K, 0% used [0x00000000ffd00000,0x00000000ffd00000,0x00000000ffe80000)
 ParOldGen       total 134144K, used 114680K [0x00000000f0000000, 0x00000000f8300000, 0x00000000f8300000)
  object space 134144K, 85% used [0x00000000f0000000,0x00000000f6ffe3a8,0x00000000f8300000)
 Metaspace       used 52914K, capacity 56032K, committed 56192K, reserved 1097728K
  class space    used 6448K, capacity 6998K, committed 7040K, reserved 1048576K
2023-10-03T01:21:25.308+0800: 885.013: [GC (Allocation Failure) [PSYoungGen: 126144K->1216K(126464K)] 240824K->115968K(260608K), 0.0090317 secs] [Times: user=0.05 sys=0.00, real=0.01 secs] 
Heap after GC invocations=1087 (full 0):
 PSYoungGen      total 126464K, used 1216K [0x00000000f8300000, 0x0000000100000000, 0x0000000100000000)
  eden space 124928K, 0% used [0x00000000f8300000,0x00000000f8300000,0x00000000ffd00000)
  from space 1536K, 79% used [0x00000000ffd00000,0x00000000ffe30000,0x00000000ffe80000)
  to   space 1536K, 0% used [0x00000000ffe80000,0x00000000ffe80000,0x0000000100000000)
 ParOldGen       total 134144K, used 114752K [0x00000000f0000000, 0x00000000f8300000, 0x00000000f8300000)
  object space 134144K, 85% used [0x00000000f0000000,0x00000000f70103a8,0x00000000f8300000)
 Metaspace       used 52914K, capacity 56032K, committed 56192K, reserved 1097728K
  class space    used 6448K, capacity 6998K, committed 7040K, reserved 1048576K
}
{Heap before GC invocations=1088 (full 0):
 PSYoungGen      total 126464K, used 126144K [0x00000000f8300000, 0x0000000100000000, 0x0000000100000000)
  eden space 124928K, 100% used [0x00000000f8300000,0x00000000ffd00000,0x00000000ffd00000)
  from space 1536K, 79% used [0x00000000ffd00000,0x00000000ffe30000,0x00000000ffe80000)
  to   space 1536K, 0% used [0x00000000ffe80000,0x00000000ffe80000,0x0000000100000000)
 ParOldGen       total 134144K, used 114752K [0x00000000f0000000, 0x00000000f8300000, 0x00000000f8300000)
  object space 134144K, 85% used [0x00000000f0000000,0x00000000f70103a8,0x00000000f8300000)
 Metaspace       used 52914K, capacity 56032K, committed 56192K, reserved 1097728K
  class space    used 6448K, capacity 6998K, committed 7040K, reserved 1048576K
2023-10-03T01:21:25.933+0800: 885.638: [GC (Allocation Failure) [PSYoungGen: 126144K->1184K(126464K)] 240896K->116008K(260608K), 0.0076016 secs] [Times: user=0.05 sys=0.00, real=0.00 secs] 
Heap after GC invocations=1088 (full 0):
 PSYoungGen      total 126464K, used 1184K [0x00000000f8300000, 0x0000000100000000, 0x0000000100000000)
  eden space 124928K, 0% used [0x00000000f8300000,0x00000000f8300000,0x00000000ffd00000)
  from space 1536K, 77% used [0x00000000ffe80000,0x00000000fffa8000,0x0000000100000000)
  to   space 1536K, 0% used [0x00000000ffd00000,0x00000000ffd00000,0x00000000ffe80000)
 ParOldGen       total 134144K, used 114824K [0x00000000f0000000, 0x00000000f8300000, 0x00000000f8300000)
  object space 134144K, 85% used [0x00000000f0000000,0x00000000f70223a8,0x00000000f8300000)
 Metaspace       used 52914K, capacity 56032K, committed 56192K, reserved 1097728K
  class space    used 6448K, capacity 6998K, committed 7040K, reserved 1048576K
}
{Heap before GC invocations=1089 (full 0):
 PSYoungGen      total 126464K, used 126112K [0x00000000f8300000, 0x0000000100000000, 0x0000000100000000)
  eden space 124928K, 100% used [0x00000000f8300000,0x00000000ffd00000,0x00000000ffd00000)
  from space 1536K, 77% used [0x00000000ffe80000,0x00000000fffa8000,0x0000000100000000)
  to   space 1536K, 0% used [0x00000000ffd00000,0x00000000ffd00000,0x00000000ffe80000)
 ParOldGen       total 134144K, used 114824K [0x00000000f0000000, 0x00000000f8300000, 0x00000000f8300000)
  object space 134144K, 85% used [0x00000000f0000000,0x00000000f70223a8,0x00000000f8300000)
 Metaspace       used 52914K, capacity 56032K, committed 56192K, reserved 1097728K
  class space    used 6448K, capacity 6998K, committed 7040K, reserved 1048576K
2023-10-03T01:21:26.571+0800: 886.275: [GC (Allocation Failure) [PSYoungGen: 126112K->1248K(126464K)] 240936K->116144K(260608K), 0.0083099 secs] [Times: user=0.05 sys=0.00, real=0.01 secs] 
Heap after GC invocations=1089 (full 0):
 PSYoungGen      total 126464K, used 1248K [0x00000000f8300000, 0x0000000100000000, 0x0000000100000000)
  eden space 124928K, 0% used [0x00000000f8300000,0x00000000f8300000,0x00000000ffd00000)
  from space 1536K, 81% used [0x00000000ffd00000,0x00000000ffe38000,0x00000000ffe80000)
  to   space 1536K, 0% used [0x00000000ffe80000,0x00000000ffe80000,0x0000000100000000)
 ParOldGen       total 134144K, used 114896K [0x00000000f0000000, 0x00000000f8300000, 0x00000000f8300000)
  object space 134144K, 85% used [0x00000000f0000000,0x00000000f70343a8,0x00000000f8300000)
 Metaspace       used 52914K, capacity 56032K, committed 56192K, reserved 1097728K
  class space    used 6448K, capacity 6998K, committed 7040K, reserved 1048576K
}
{Heap before GC invocations=1090 (full 0):
 PSYoungGen      total 126464K, used 126176K [0x00000000f8300000, 0x0000000100000000, 0x0000000100000000)
  eden space 124928K, 100% used [0x00000000f8300000,0x00000000ffd00000,0x00000000ffd00000)
  from space 1536K, 81% used [0x00000000ffd00000,0x00000000ffe38000,0x00000000ffe80000)
  to   space 1536K, 0% used [0x00000000ffe80000,0x00000000ffe80000,0x0000000100000000)
 ParOldGen       total 134144K, used 114896K [0x00000000f0000000, 0x00000000f8300000, 0x00000000f8300000)
  object space 134144K, 85% used [0x00000000f0000000,0x00000000f70343a8,0x00000000f8300000)
 Metaspace       used 52914K, capacity 56032K, committed 56192K, reserved 1097728K
  class space    used 6448K, capacity 6998K, committed 7040K, reserved 1048576K
2023-10-03T01:21:27.205+0800: 886.910: [GC (Allocation Failure) [PSYoungGen: 126176K->1184K(126464K)] 241072K->116160K(260608K), 0.0083721 secs] [Times: user=0.05 sys=0.00, real=0.01 secs] 
Heap after GC invocations=1090 (full 0):
 PSYoungGen      total 126464K, used 1184K [0x00000000f8300000, 0x0000000100000000, 0x0000000100000000)
  eden space 124928K, 0% used [0x00000000f8300000,0x00000000f8300000,0x00000000ffd00000)
  from space 1536K, 77% used [0x00000000ffe80000,0x00000000fffa8000,0x0000000100000000)
  to   space 1536K, 0% used [0x00000000ffd00000,0x00000000ffd00000,0x00000000ffe80000)
 ParOldGen       total 134144K, used 114976K [0x00000000f0000000, 0x00000000f8300000, 0x00000000f8300000)
  object space 134144K, 85% used [0x00000000f0000000,0x00000000f70483a8,0x00000000f8300000)
 Metaspace       used 52914K, capacity 56032K, committed 56192K, reserved 1097728K
  class space    used 6448K, capacity 6998K, committed 7040K, reserved 1048576K
}
{Heap before GC invocations=1091 (full 0):
 PSYoungGen      total 126464K, used 126112K [0x00000000f8300000, 0x0000000100000000, 0x0000000100000000)
  eden space 124928K, 100% used [0x00000000f8300000,0x00000000ffd00000,0x00000000ffd00000)
  from space 1536K, 77% used [0x00000000ffe80000,0x00000000fffa8000,0x0000000100000000)
  to   space 1536K, 0% used [0x00000000ffd00000,0x00000000ffd00000,0x00000000ffe80000)
 ParOldGen       total 134144K, used 114976K [0x00000000f0000000, 0x00000000f8300000, 0x00000000f8300000)
  object space 134144K, 85% used [0x00000000f0000000,0x00000000f70483a8,0x00000000f8300000)
 Metaspace       used 52915K, capacity 56032K, committed 56192K, reserved 1097728K
  class space    used 6448K, capacity 6998K, committed 7040K, reserved 1048576K
2023-10-03T01:21:27.831+0800: 887.535: [GC (Allocation Failure) [PSYoungGen: 126112K->1152K(126464K)] 241088K->116208K(260608K), 0.0083265 secs] [Times: user=0.05 sys=0.00, real=0.01 secs] 
Heap after GC invocations=1091 (full 0):
 PSYoungGen      total 126464K, used 1152K [0x00000000f8300000, 0x0000000100000000, 0x0000000100000000)
  eden space 124928K, 0% used [0x00000000f8300000,0x00000000f8300000,0x00000000ffd00000)
  from space 1536K, 75% used [0x00000000ffd00000,0x00000000ffe20000,0x00000000ffe80000)
  to   space 1536K, 0% used [0x00000000ffe80000,0x00000000ffe80000,0x0000000100000000)
 ParOldGen       total 134144K, used 115056K [0x00000000f0000000, 0x00000000f8300000, 0x00000000f8300000)
  object space 134144K, 85% used [0x00000000f0000000,0x00000000f705c3a8,0x00000000f8300000)
 Metaspace       used 52915K, capacity 56032K, committed 56192K, reserved 1097728K
  class space    used 6448K, capacity 6998K, committed 7040K, reserved 1048576K
}
{Heap before GC invocations=1092 (full 0):
 PSYoungGen      total 126464K, used 126080K [0x00000000f8300000, 0x0000000100000000, 0x0000000100000000)
  eden space 124928K, 100% used [0x00000000f8300000,0x00000000ffd00000,0x00000000ffd00000)
  from space 1536K, 75% used [0x00000000ffd00000,0x00000000ffe20000,0x00000000ffe80000)
  to   space 1536K, 0% used [0x00000000ffe80000,0x00000000ffe80000,0x0000000100000000)
 ParOldGen       total 134144K, used 115056K [0x00000000f0000000, 0x00000000f8300000, 0x00000000f8300000)
  object space 134144K, 85% used [0x00000000f0000000,0x00000000f705c3a8,0x00000000f8300000)
 Metaspace       used 52915K, capacity 56032K, committed 56192K, reserved 1097728K
  class space    used 6448K, capacity 6998K, committed 7040K, reserved 1048576K
2023-10-03T01:21:28.468+0800: 888.172: [GC (Allocation Failure) [PSYoungGen: 126080K->1152K(126464K)] 241136K->116288K(260608K), 0.0083039 secs] [Times: user=0.05 sys=0.00, real=0.01 secs] 
Heap after GC invocations=1092 (full 0):
 PSYoungGen      total 126464K, used 1152K [0x00000000f8300000, 0x0000000100000000, 0x0000000100000000)
  eden space 124928K, 0% used [0x00000000f8300000,0x00000000f8300000,0x00000000ffd00000)
  from space 1536K, 75% used [0x00000000ffe80000,0x00000000fffa0000,0x0000000100000000)
  to   space 1536K, 0% used [0x00000000ffd00000,0x00000000ffd00000,0x00000000ffe80000)
 ParOldGen       total 134144K, used 115136K [0x00000000f0000000, 0x00000000f8300000, 0x00000000f8300000)
  object space 134144K, 85% used [0x00000000f0000000,0x00000000f70703a8,0x00000000f8300000)
 Metaspace       used 52915K, capacity 56032K, committed 56192K, reserved 1097728K
  class space    used 6448K, capacity 6998K, committed 7040K, reserved 1048576K
}
{Heap before GC invocations=1093 (full 0):
 PSYoungGen      total 126464K, used 126080K [0x00000000f8300000, 0x0000000100000000, 0x0000000100000000)
  eden space 124928K, 100% used [0x00000000f8300000,0x00000000ffd00000,0x00000000ffd00000)
  from space 1536K, 75% used [0x00000000ffe80000,0x00000000fffa0000,0x0000000100000000)
  to   space 1536K, 0% used [0x00000000ffd00000,0x00000000ffd00000,0x00000000ffe80000)
 ParOldGen       total 134144K, used 115136K [0x00000000f0000000, 0x00000000f8300000, 0x00000000f8300000)
  object space 134144K, 85% used [0x00000000f0000000,0x00000000f70703a8,0x00000000f8300000)
 Metaspace       used 52915K, capacity 56032K, committed 56192K, reserved 1097728K
  class space    used 6448K, capacity 6998K, committed 7040K, reserved 1048576K
2023-10-03T01:21:29.102+0800: 888.807: [GC (Allocation Failure) [PSYoungGen: 126080K->1216K(126464K)] 241216K->116432K(260608K), 0.0087743 secs] [Times: user=0.05 sys=0.01, real=0.00 secs] 
Heap after GC invocations=1093 (full 0):
 PSYoungGen      total 126464K, used 1216K [0x00000000f8300000, 0x0000000100000000, 0x0000000100000000)
  eden space 124928K, 0% used [0x00000000f8300000,0x00000000f8300000,0x00000000ffd00000)
  from space 1536K, 79% used [0x00000000ffd00000,0x00000000ffe30000,0x00000000ffe80000)
  to   space 1536K, 0% used [0x00000000ffe80000,0x00000000ffe80000,0x0000000100000000)
 ParOldGen       total 134144K, used 115216K [0x00000000f0000000, 0x00000000f8300000, 0x00000000f8300000)
  object space 134144K, 85% used [0x00000000f0000000,0x00000000f70843a8,0x00000000f8300000)
 Metaspace       used 52915K, capacity 56032K, committed 56192K, reserved 1097728K
  class space    used 6448K, capacity 6998K, committed 7040K, reserved 1048576K
}
{Heap before GC invocations=1094 (full 0):
 PSYoungGen      total 126464K, used 126144K [0x00000000f8300000, 0x0000000100000000, 0x0000000100000000)
  eden space 124928K, 100% used [0x00000000f8300000,0x00000000ffd00000,0x00000000ffd00000)
  from space 1536K, 79% used [0x00000000ffd00000,0x00000000ffe30000,0x00000000ffe80000)
  to   space 1536K, 0% used [0x00000000ffe80000,0x00000000ffe80000,0x0000000100000000)
 ParOldGen       total 134144K, used 115216K [0x00000000f0000000, 0x00000000f8300000, 0x00000000f8300000)
  object space 134144K, 85% used [0x00000000f0000000,0x00000000f70843a8,0x00000000f8300000)
 Metaspace       used 52915K, capacity 56032K, committed 56192K, reserved 1097728K
  class space    used 6448K, capacity 6998K, committed 7040K, reserved 1048576K
2023-10-03T01:21:29.748+0800: 889.453: [GC (Allocation Failure) [PSYoungGen: 126144K->1216K(126464K)] 241360K->116504K(260608K), 0.0081456 secs] [Times: user=0.05 sys=0.00, real=0.01 secs] 
Heap after GC invocations=1094 (full 0):
 PSYoungGen      total 126464K, used 1216K [0x00000000f8300000, 0x0000000100000000, 0x0000000100000000)
  eden space 124928K, 0% used [0x00000000f8300000,0x00000000f8300000,0x00000000ffd00000)
  from space 1536K, 79% used [0x00000000ffe80000,0x00000000fffb0000,0x0000000100000000)
  to   space 1536K, 0% used [0x00000000ffd00000,0x00000000ffd00000,0x00000000ffe80000)
 ParOldGen       total 134144K, used 115288K [0x00000000f0000000, 0x00000000f8300000, 0x00000000f8300000)
  object space 134144K, 85% used [0x00000000f0000000,0x00000000f70963a8,0x00000000f8300000)
 Metaspace       used 52915K, capacity 56032K, committed 56192K, reserved 1097728K
  class space    used 6448K, capacity 6998K, committed 7040K, reserved 1048576K
}
{Heap before GC invocations=1095 (full 0):
 PSYoungGen      total 126464K, used 126144K [0x00000000f8300000, 0x0000000100000000, 0x0000000100000000)
  eden space 124928K, 100% used [0x00000000f8300000,0x00000000ffd00000,0x00000000ffd00000)
  from space 1536K, 79% used [0x00000000ffe80000,0x00000000fffb0000,0x0000000100000000)
  to   space 1536K, 0% used [0x00000000ffd00000,0x00000000ffd00000,0x00000000ffe80000)
 ParOldGen       total 134144K, used 115288K [0x00000000f0000000, 0x00000000f8300000, 0x00000000f8300000)
  object space 134144K, 85% used [0x00000000f0000000,0x00000000f70963a8,0x00000000f8300000)
 Metaspace       used 52915K, capacity 56032K, committed 56192K, reserved 1097728K
  class space    used 6448K, capacity 6998K, committed 7040K, reserved 1048576K
2023-10-03T01:21:30.388+0800: 890.093: [GC (Allocation Failure) [PSYoungGen: 126144K->1152K(126464K)] 241432K->116520K(260608K), 0.0075774 secs] [Times: user=0.05 sys=0.00, real=0.01 secs] 
Heap after GC invocations=1095 (full 0):
 PSYoungGen      total 126464K, used 1152K [0x00000000f8300000, 0x0000000100000000, 0x0000000100000000)
  eden space 124928K, 0% used [0x00000000f8300000,0x00000000f8300000,0x00000000ffd00000)
  from space 1536K, 75% used [0x00000000ffd00000,0x00000000ffe20000,0x00000000ffe80000)
  to   space 1536K, 0% used [0x00000000ffe80000,0x00000000ffe80000,0x0000000100000000)
 ParOldGen       total 134144K, used 115368K [0x00000000f0000000, 0x00000000f8300000, 0x00000000f8300000)
  object space 134144K, 86% used [0x00000000f0000000,0x00000000f70aa3a8,0x00000000f8300000)
 Metaspace       used 52915K, capacity 56032K, committed 56192K, reserved 1097728K
  class space    used 6448K, capacity 6998K, committed 7040K, reserved 1048576K
}
{Heap before GC invocations=1096 (full 0):
 PSYoungGen      total 126464K, used 126080K [0x00000000f8300000, 0x0000000100000000, 0x0000000100000000)
  eden space 124928K, 100% used [0x00000000f8300000,0x00000000ffd00000,0x00000000ffd00000)
  from space 1536K, 75% used [0x00000000ffd00000,0x00000000ffe20000,0x00000000ffe80000)
  to   space 1536K, 0% used [0x00000000ffe80000,0x00000000ffe80000,0x0000000100000000)
 ParOldGen       total 134144K, used 115368K [0x00000000f0000000, 0x00000000f8300000, 0x00000000f8300000)
  object space 134144K, 86% used [0x00000000f0000000,0x00000000f70aa3a8,0x00000000f8300000)
 Metaspace       used 52915K, capacity 56032K, committed 56192K, reserved 1097728K
  class space    used 6448K, capacity 6998K, committed 7040K, reserved 1048576K
2023-10-03T01:21:31.017+0800: 890.721: [GC (Allocation Failure) [PSYoungGen: 126080K->1184K(126464K)] 241448K->116616K(260608K), 0.0083712 secs] [Times: user=0.05 sys=0.00, real=0.01 secs] 
Heap after GC invocations=1096 (full 0):
 PSYoungGen      total 126464K, used 1184K [0x00000000f8300000, 0x0000000100000000, 0x0000000100000000)
  eden space 124928K, 0% used [0x00000000f8300000,0x00000000f8300000,0x00000000ffd00000)
  from space 1536K, 77% used [0x00000000ffe80000,0x00000000fffa8000,0x0000000100000000)
  to   space 1536K, 0% used [0x00000000ffd00000,0x00000000ffd00000,0x00000000ffe80000)
 ParOldGen       total 134144K, used 115432K [0x00000000f0000000, 0x00000000f8300000, 0x00000000f8300000)
  object space 134144K, 86% used [0x00000000f0000000,0x00000000f70ba3a8,0x00000000f8300000)
 Metaspace       used 52915K, capacity 56032K, committed 56192K, reserved 1097728K
  class space    used 6448K, capacity 6998K, committed 7040K, reserved 1048576K
}
{Heap before GC invocations=1097 (full 0):
 PSYoungGen      total 126464K, used 126112K [0x00000000f8300000, 0x0000000100000000, 0x0000000100000000)
  eden space 124928K, 100% used [0x00000000f8300000,0x00000000ffd00000,0x00000000ffd00000)
  from space 1536K, 77% used [0x00000000ffe80000,0x00000000fffa8000,0x0000000100000000)
  to   space 1536K, 0% used [0x00000000ffd00000,0x00000000ffd00000,0x00000000ffe80000)
 ParOldGen       total 134144K, used 115432K [0x00000000f0000000, 0x00000000f8300000, 0x00000000f8300000)
  object space 134144K, 86% used [0x00000000f0000000,0x00000000f70ba3a8,0x00000000f8300000)
 Metaspace       used 52915K, capacity 56032K, committed 56192K, reserved 1097728K
  class space    used 6448K, capacity 6998K, committed 7040K, reserved 1048576K
2023-10-03T01:21:31.657+0800: 891.362: [GC (Allocation Failure) [PSYoungGen: 126112K->1184K(126464K)] 241544K->116704K(260608K), 0.0083169 secs] [Times: user=0.05 sys=0.00, real=0.01 secs] 
Heap after GC invocations=1097 (full 0):
 PSYoungGen      total 126464K, used 1184K [0x00000000f8300000, 0x0000000100000000, 0x0000000100000000)
  eden space 124928K, 0% used [0x00000000f8300000,0x00000000f8300000,0x00000000ffd00000)
  from space 1536K, 77% used [0x00000000ffd00000,0x00000000ffe28000,0x00000000ffe80000)
  to   space 1536K, 0% used [0x00000000ffe80000,0x00000000ffe80000,0x0000000100000000)
 ParOldGen       total 134144K, used 115520K [0x00000000f0000000, 0x00000000f8300000, 0x00000000f8300000)
  object space 134144K, 86% used [0x00000000f0000000,0x00000000f70d03a8,0x00000000f8300000)
 Metaspace       used 52915K, capacity 56032K, committed 56192K, reserved 1097728K
  class space    used 6448K, capacity 6998K, committed 7040K, reserved 1048576K
}
{Heap before GC invocations=1098 (full 0):
 PSYoungGen      total 126464K, used 126112K [0x00000000f8300000, 0x0000000100000000, 0x0000000100000000)
  eden space 124928K, 100% used [0x00000000f8300000,0x00000000ffd00000,0x00000000ffd00000)
  from space 1536K, 77% used [0x00000000ffd00000,0x00000000ffe28000,0x00000000ffe80000)
  to   space 1536K, 0% used [0x00000000ffe80000,0x00000000ffe80000,0x0000000100000000)
 ParOldGen       total 134144K, used 115520K [0x00000000f0000000, 0x00000000f8300000, 0x00000000f8300000)
  object space 134144K, 86% used [0x00000000f0000000,0x00000000f70d03a8,0x00000000f8300000)
 Metaspace       used 52915K, capacity 56032K, committed 56192K, reserved 1097728K
  class space    used 6448K, capacity 6998K, committed 7040K, reserved 1048576K
2023-10-03T01:21:32.300+0800: 892.004: [GC (Allocation Failure) [PSYoungGen: 126112K->1184K(126464K)] 241632K->116784K(260608K), 0.0079689 secs] [Times: user=0.05 sys=0.00, real=0.02 secs] 
Heap after GC invocations=1098 (full 0):
 PSYoungGen      total 126464K, used 1184K [0x00000000f8300000, 0x0000000100000000, 0x0000000100000000)
  eden space 124928K, 0% used [0x00000000f8300000,0x00000000f8300000,0x00000000ffd00000)
  from space 1536K, 77% used [0x00000000ffe80000,0x00000000fffa8000,0x0000000100000000)
  to   space 1536K, 0% used [0x00000000ffd00000,0x00000000ffd00000,0x00000000ffe80000)
 ParOldGen       total 134144K, used 115600K [0x00000000f0000000, 0x00000000f8300000, 0x00000000f8300000)
  object space 134144K, 86% used [0x00000000f0000000,0x00000000f70e43a8,0x00000000f8300000)
 Metaspace       used 52915K, capacity 56032K, committed 56192K, reserved 1097728K
  class space    used 6448K, capacity 6998K, committed 7040K, reserved 1048576K
}
{Heap before GC invocations=1099 (full 0):
 PSYoungGen      total 126464K, used 126112K [0x00000000f8300000, 0x0000000100000000, 0x0000000100000000)
  eden space 124928K, 100% used [0x00000000f8300000,0x00000000ffd00000,0x00000000ffd00000)
  from space 1536K, 77% used [0x00000000ffe80000,0x00000000fffa8000,0x0000000100000000)
  to   space 1536K, 0% used [0x00000000ffd00000,0x00000000ffd00000,0x00000000ffe80000)
 ParOldGen       total 134144K, used 115600K [0x00000000f0000000, 0x00000000f8300000, 0x00000000f8300000)
  object space 134144K, 86% used [0x00000000f0000000,0x00000000f70e43a8,0x00000000f8300000)
 Metaspace       used 52915K, capacity 56032K, committed 56192K, reserved 1097728K
  class space    used 6448K, capacity 6998K, committed 7040K, reserved 1048576K
2023-10-03T01:21:32.910+0800: 892.615: [GC (Allocation Failure) [PSYoungGen: 126112K->1184K(126464K)] 241712K->116872K(260608K), 0.0081907 secs] [Times: user=0.05 sys=0.00, real=0.01 secs] 
Heap after GC invocations=1099 (full 0):
 PSYoungGen      total 126464K, used 1184K [0x00000000f8300000, 0x0000000100000000, 0x0000000100000000)
  eden space 124928K, 0% used [0x00000000f8300000,0x00000000f8300000,0x00000000ffd00000)
  from space 1536K, 77% used [0x00000000ffd00000,0x00000000ffe28000,0x00000000ffe80000)
  to   space 1536K, 0% used [0x00000000ffe80000,0x00000000ffe80000,0x0000000100000000)
 ParOldGen       total 134144K, used 115688K [0x00000000f0000000, 0x00000000f8300000, 0x00000000f8300000)
  object space 134144K, 86% used [0x00000000f0000000,0x00000000f70fa3a8,0x00000000f8300000)
 Metaspace       used 52915K, capacity 56032K, committed 56192K, reserved 1097728K
  class space    used 6448K, capacity 6998K, committed 7040K, reserved 1048576K
}
{Heap before GC invocations=1100 (full 0):
 PSYoungGen      total 126464K, used 126112K [0x00000000f8300000, 0x0000000100000000, 0x0000000100000000)
  eden space 124928K, 100% used [0x00000000f8300000,0x00000000ffd00000,0x00000000ffd00000)
  from space 1536K, 77% used [0x00000000ffd00000,0x00000000ffe28000,0x00000000ffe80000)
  to   space 1536K, 0% used [0x00000000ffe80000,0x00000000ffe80000,0x0000000100000000)
 ParOldGen       total 134144K, used 115688K [0x00000000f0000000, 0x00000000f8300000, 0x00000000f8300000)
  object space 134144K, 86% used [0x00000000f0000000,0x00000000f70fa3a8,0x00000000f8300000)
 Metaspace       used 52915K, capacity 56032K, committed 56192K, reserved 1097728K
  class space    used 6448K, capacity 6998K, committed 7040K, reserved 1048576K
2023-10-03T01:21:33.551+0800: 893.255: [GC (Allocation Failure) [PSYoungGen: 126112K->1120K(126464K)] 241800K->116888K(260608K), 0.0082152 secs] [Times: user=0.05 sys=0.00, real=0.01 secs] 
Heap after GC invocations=1100 (full 0):
 PSYoungGen      total 126464K, used 1120K [0x00000000f8300000, 0x0000000100000000, 0x0000000100000000)
  eden space 124928K, 0% used [0x00000000f8300000,0x00000000f8300000,0x00000000ffd00000)
  from space 1536K, 72% used [0x00000000ffe80000,0x00000000fff98000,0x0000000100000000)
  to   space 1536K, 0% used [0x00000000ffd00000,0x00000000ffd00000,0x00000000ffe80000)
 ParOldGen       total 134144K, used 115768K [0x00000000f0000000, 0x00000000f8300000, 0x00000000f8300000)
  object space 134144K, 86% used [0x00000000f0000000,0x00000000f710e3a8,0x00000000f8300000)
 Metaspace       used 52915K, capacity 56032K, committed 56192K, reserved 1097728K
  class space    used 6448K, capacity 6998K, committed 7040K, reserved 1048576K
}
{Heap before GC invocations=1101 (full 0):
 PSYoungGen      total 126464K, used 126048K [0x00000000f8300000, 0x0000000100000000, 0x0000000100000000)
  eden space 124928K, 100% used [0x00000000f8300000,0x00000000ffd00000,0x00000000ffd00000)
  from space 1536K, 72% used [0x00000000ffe80000,0x00000000fff98000,0x0000000100000000)
  to   space 1536K, 0% used [0x00000000ffd00000,0x00000000ffd00000,0x00000000ffe80000)
 ParOldGen       total 134144K, used 115768K [0x00000000f0000000, 0x00000000f8300000, 0x00000000f8300000)
  object space 134144K, 86% used [0x00000000f0000000,0x00000000f710e3a8,0x00000000f8300000)
 Metaspace       used 52915K, capacity 56032K, committed 56192K, reserved 1097728K
  class space    used 6448K, capacity 6998K, committed 7040K, reserved 1048576K
2023-10-03T01:21:34.191+0800: 893.896: [GC (Allocation Failure) [PSYoungGen: 126048K->1184K(126464K)] 241816K->117032K(260608K), 0.0085140 secs] [Times: user=0.05 sys=0.00, real=0.01 secs] 
Heap after GC invocations=1101 (full 0):
 PSYoungGen      total 126464K, used 1184K [0x00000000f8300000, 0x0000000100000000, 0x0000000100000000)
  eden space 124928K, 0% used [0x00000000f8300000,0x00000000f8300000,0x00000000ffd00000)
  from space 1536K, 77% used [0x00000000ffd00000,0x00000000ffe28000,0x00000000ffe80000)
  to   space 1536K, 0% used [0x00000000ffe80000,0x00000000ffe80000,0x0000000100000000)
 ParOldGen       total 134144K, used 115848K [0x00000000f0000000, 0x00000000f8300000, 0x00000000f8300000)
  object space 134144K, 86% used [0x00000000f0000000,0x00000000f71223a8,0x00000000f8300000)
 Metaspace       used 52915K, capacity 56032K, committed 56192K, reserved 1097728K
  class space    used 6448K, capacity 6998K, committed 7040K, reserved 1048576K
}
{Heap before GC invocations=1102 (full 0):
 PSYoungGen      total 126464K, used 126112K [0x00000000f8300000, 0x0000000100000000, 0x0000000100000000)
  eden space 124928K, 100% used [0x00000000f8300000,0x00000000ffd00000,0x00000000ffd00000)
  from space 1536K, 77% used [0x00000000ffd00000,0x00000000ffe28000,0x00000000ffe80000)
  to   space 1536K, 0% used [0x00000000ffe80000,0x00000000ffe80000,0x0000000100000000)
 ParOldGen       total 134144K, used 115848K [0x00000000f0000000, 0x00000000f8300000, 0x00000000f8300000)
  object space 134144K, 86% used [0x00000000f0000000,0x00000000f71223a8,0x00000000f8300000)
 Metaspace       used 52915K, capacity 56032K, committed 56192K, reserved 1097728K
  class space    used 6448K, capacity 6998K, committed 7040K, reserved 1048576K
2023-10-03T01:21:34.817+0800: 894.522: [GC (Allocation Failure) [PSYoungGen: 126112K->1184K(126464K)] 241960K->117112K(260608K), 0.0083038 secs] [Times: user=0.05 sys=0.00, real=0.01 secs] 
Heap after GC invocations=1102 (full 0):
 PSYoungGen      total 126464K, used 1184K [0x00000000f8300000, 0x0000000100000000, 0x0000000100000000)
  eden space 124928K, 0% used [0x00000000f8300000,0x00000000f8300000,0x00000000ffd00000)
  from space 1536K, 77% used [0x00000000ffe80000,0x00000000fffa8000,0x0000000100000000)
  to   space 1536K, 0% used [0x00000000ffd00000,0x00000000ffd00000,0x00000000ffe80000)
 ParOldGen       total 134144K, used 115928K [0x00000000f0000000, 0x00000000f8300000, 0x00000000f8300000)
  object space 134144K, 86% used [0x00000000f0000000,0x00000000f71363a8,0x00000000f8300000)
 Metaspace       used 52915K, capacity 56032K, committed 56192K, reserved 1097728K
  class space    used 6448K, capacity 6998K, committed 7040K, reserved 1048576K
}
{Heap before GC invocations=1103 (full 0):
 PSYoungGen      total 126464K, used 126112K [0x00000000f8300000, 0x0000000100000000, 0x0000000100000000)
  eden space 124928K, 100% used [0x00000000f8300000,0x00000000ffd00000,0x00000000ffd00000)
  from space 1536K, 77% used [0x00000000ffe80000,0x00000000fffa8000,0x0000000100000000)
  to   space 1536K, 0% used [0x00000000ffd00000,0x00000000ffd00000,0x00000000ffe80000)
 ParOldGen       total 134144K, used 115928K [0x00000000f0000000, 0x00000000f8300000, 0x00000000f8300000)
  object space 134144K, 86% used [0x00000000f0000000,0x00000000f71363a8,0x00000000f8300000)
 Metaspace       used 52915K, capacity 56032K, committed 56192K, reserved 1097728K
  class space    used 6448K, capacity 6998K, committed 7040K, reserved 1048576K
2023-10-03T01:21:35.454+0800: 895.158: [GC (Allocation Failure) [PSYoungGen: 126112K->1184K(126464K)] 242040K->117192K(260608K), 0.0083195 secs] [Times: user=0.05 sys=0.00, real=0.01 secs] 
Heap after GC invocations=1103 (full 0):
 PSYoungGen      total 126464K, used 1184K [0x00000000f8300000, 0x0000000100000000, 0x0000000100000000)
  eden space 124928K, 0% used [0x00000000f8300000,0x00000000f8300000,0x00000000ffd00000)
  from space 1536K, 77% used [0x00000000ffd00000,0x00000000ffe28000,0x00000000ffe80000)
  to   space 1536K, 0% used [0x00000000ffe80000,0x00000000ffe80000,0x0000000100000000)
 ParOldGen       total 134144K, used 116008K [0x00000000f0000000, 0x00000000f8300000, 0x00000000f8300000)
  object space 134144K, 86% used [0x00000000f0000000,0x00000000f714a3a8,0x00000000f8300000)
 Metaspace       used 52915K, capacity 56032K, committed 56192K, reserved 1097728K
  class space    used 6448K, capacity 6998K, committed 7040K, reserved 1048576K
}
{Heap before GC invocations=1104 (full 0):
 PSYoungGen      total 126464K, used 126112K [0x00000000f8300000, 0x0000000100000000, 0x0000000100000000)
  eden space 124928K, 100% used [0x00000000f8300000,0x00000000ffd00000,0x00000000ffd00000)
  from space 1536K, 77% used [0x00000000ffd00000,0x00000000ffe28000,0x00000000ffe80000)
  to   space 1536K, 0% used [0x00000000ffe80000,0x00000000ffe80000,0x0000000100000000)
 ParOldGen       total 134144K, used 116008K [0x00000000f0000000, 0x00000000f8300000, 0x00000000f8300000)
  object space 134144K, 86% used [0x00000000f0000000,0x00000000f714a3a8,0x00000000f8300000)
 Metaspace       used 52915K, capacity 56032K, committed 56192K, reserved 1097728K
  class space    used 6448K, capacity 6998K, committed 7040K, reserved 1048576K
2023-10-03T01:21:36.079+0800: 895.784: [GC (Allocation Failure) [PSYoungGen: 126112K->1184K(126464K)] 242120K->117272K(260608K), 0.0075617 secs] [Times: user=0.04 sys=0.00, real=0.01 secs] 
Heap after GC invocations=1104 (full 0):
 PSYoungGen      total 126464K, used 1184K [0x00000000f8300000, 0x0000000100000000, 0x0000000100000000)
  eden space 124928K, 0% used [0x00000000f8300000,0x00000000f8300000,0x00000000ffd00000)
  from space 1536K, 77% used [0x00000000ffe80000,0x00000000fffa8000,0x0000000100000000)
  to   space 1536K, 0% used [0x00000000ffd00000,0x00000000ffd00000,0x00000000ffe80000)
 ParOldGen       total 134144K, used 116088K [0x00000000f0000000, 0x00000000f8300000, 0x00000000f8300000)
  object space 134144K, 86% used [0x00000000f0000000,0x00000000f715e3a8,0x00000000f8300000)
 Metaspace       used 52915K, capacity 56032K, committed 56192K, reserved 1097728K
  class space    used 6448K, capacity 6998K, committed 7040K, reserved 1048576K
}
{Heap before GC invocations=1105 (full 0):
 PSYoungGen      total 126464K, used 126112K [0x00000000f8300000, 0x0000000100000000, 0x0000000100000000)
  eden space 124928K, 100% used [0x00000000f8300000,0x00000000ffd00000,0x00000000ffd00000)
  from space 1536K, 77% used [0x00000000ffe80000,0x00000000fffa8000,0x0000000100000000)
  to   space 1536K, 0% used [0x00000000ffd00000,0x00000000ffd00000,0x00000000ffe80000)
 ParOldGen       total 134144K, used 116088K [0x00000000f0000000, 0x00000000f8300000, 0x00000000f8300000)
  object space 134144K, 86% used [0x00000000f0000000,0x00000000f715e3a8,0x00000000f8300000)
 Metaspace       used 52915K, capacity 56032K, committed 56192K, reserved 1097728K
  class space    used 6448K, capacity 6998K, committed 7040K, reserved 1048576K
2023-10-03T01:21:36.714+0800: 896.418: [GC (Allocation Failure) [PSYoungGen: 126112K->1184K(126464K)] 242200K->117352K(260608K), 0.0080937 secs] [Times: user=0.05 sys=0.00, real=0.01 secs] 
Heap after GC invocations=1105 (full 0):
 PSYoungGen      total 126464K, used 1184K [0x00000000f8300000, 0x0000000100000000, 0x0000000100000000)
  eden space 124928K, 0% used [0x00000000f8300000,0x00000000f8300000,0x00000000ffd00000)
  from space 1536K, 77% used [0x00000000ffd00000,0x00000000ffe28000,0x00000000ffe80000)
  to   space 1536K, 0% used [0x00000000ffe80000,0x00000000ffe80000,0x0000000100000000)
 ParOldGen       total 134144K, used 116168K [0x00000000f0000000, 0x00000000f8300000, 0x00000000f8300000)
  object space 134144K, 86% used [0x00000000f0000000,0x00000000f71723a8,0x00000000f8300000)
 Metaspace       used 52915K, capacity 56032K, committed 56192K, reserved 1097728K
  class space    used 6448K, capacity 6998K, committed 7040K, reserved 1048576K
}
{Heap before GC invocations=1106 (full 0):
 PSYoungGen      total 126464K, used 126112K [0x00000000f8300000, 0x0000000100000000, 0x0000000100000000)
  eden space 124928K, 100% used [0x00000000f8300000,0x00000000ffd00000,0x00000000ffd00000)
  from space 1536K, 77% used [0x00000000ffd00000,0x00000000ffe28000,0x00000000ffe80000)
  to   space 1536K, 0% used [0x00000000ffe80000,0x00000000ffe80000,0x0000000100000000)
 ParOldGen       total 134144K, used 116168K [0x00000000f0000000, 0x00000000f8300000, 0x00000000f8300000)
  object space 134144K, 86% used [0x00000000f0000000,0x00000000f71723a8,0x00000000f8300000)
 Metaspace       used 52915K, capacity 56032K, committed 56192K, reserved 1097728K
  class space    used 6448K, capacity 6998K, committed 7040K, reserved 1048576K
2023-10-03T01:21:37.350+0800: 897.055: [GC (Allocation Failure) [PSYoungGen: 126112K->1184K(126464K)] 242280K->117416K(260608K), 0.0081747 secs] [Times: user=0.05 sys=0.00, real=0.02 secs] 
Heap after GC invocations=1106 (full 0):
 PSYoungGen      total 126464K, used 1184K [0x00000000f8300000, 0x0000000100000000, 0x0000000100000000)
  eden space 124928K, 0% used [0x00000000f8300000,0x00000000f8300000,0x00000000ffd00000)
  from space 1536K, 77% used [0x00000000ffe80000,0x00000000fffa8000,0x0000000100000000)
  to   space 1536K, 0% used [0x00000000ffd00000,0x00000000ffd00000,0x00000000ffe80000)
 ParOldGen       total 134144K, used 116232K [0x00000000f0000000, 0x00000000f8300000, 0x00000000f8300000)
  object space 134144K, 86% used [0x00000000f0000000,0x00000000f71823a8,0x00000000f8300000)
 Metaspace       used 52915K, capacity 56032K, committed 56192K, reserved 1097728K
  class space    used 6448K, capacity 6998K, committed 7040K, reserved 1048576K
}
{Heap before GC invocations=1107 (full 0):
 PSYoungGen      total 126464K, used 126112K [0x00000000f8300000, 0x0000000100000000, 0x0000000100000000)
  eden space 124928K, 100% used [0x00000000f8300000,0x00000000ffd00000,0x00000000ffd00000)
  from space 1536K, 77% used [0x00000000ffe80000,0x00000000fffa8000,0x0000000100000000)
  to   space 1536K, 0% used [0x00000000ffd00000,0x00000000ffd00000,0x00000000ffe80000)
 ParOldGen       total 134144K, used 116232K [0x00000000f0000000, 0x00000000f8300000, 0x00000000f8300000)
  object space 134144K, 86% used [0x00000000f0000000,0x00000000f71823a8,0x00000000f8300000)
 Metaspace       used 52915K, capacity 56032K, committed 56192K, reserved 1097728K
  class space    used 6448K, capacity 6998K, committed 7040K, reserved 1048576K
2023-10-03T01:21:37.983+0800: 897.688: [GC (Allocation Failure) [PSYoungGen: 126112K->1184K(126464K)] 242344K->117488K(260608K), 0.0076314 secs] [Times: user=0.05 sys=0.00, real=0.00 secs] 
Heap after GC invocations=1107 (full 0):
 PSYoungGen      total 126464K, used 1184K [0x00000000f8300000, 0x0000000100000000, 0x0000000100000000)
  eden space 124928K, 0% used [0x00000000f8300000,0x00000000f8300000,0x00000000ffd00000)
  from space 1536K, 77% used [0x00000000ffd00000,0x00000000ffe28000,0x00000000ffe80000)
  to   space 1536K, 0% used [0x00000000ffe80000,0x00000000ffe80000,0x0000000100000000)
 ParOldGen       total 134144K, used 116304K [0x00000000f0000000, 0x00000000f8300000, 0x00000000f8300000)
  object space 134144K, 86% used [0x00000000f0000000,0x00000000f71943a8,0x00000000f8300000)
 Metaspace       used 52915K, capacity 56032K, committed 56192K, reserved 1097728K
  class space    used 6448K, capacity 6998K, committed 7040K, reserved 1048576K
}
{Heap before GC invocations=1108 (full 0):
 PSYoungGen      total 126464K, used 126112K [0x00000000f8300000, 0x0000000100000000, 0x0000000100000000)
  eden space 124928K, 100% used [0x00000000f8300000,0x00000000ffd00000,0x00000000ffd00000)
  from space 1536K, 77% used [0x00000000ffd00000,0x00000000ffe28000,0x00000000ffe80000)
  to   space 1536K, 0% used [0x00000000ffe80000,0x00000000ffe80000,0x0000000100000000)
 ParOldGen       total 134144K, used 116304K [0x00000000f0000000, 0x00000000f8300000, 0x00000000f8300000)
  object space 134144K, 86% used [0x00000000f0000000,0x00000000f71943a8,0x00000000f8300000)
 Metaspace       used 52915K, capacity 56032K, committed 56192K, reserved 1097728K
  class space    used 6448K, capacity 6998K, committed 7040K, reserved 1048576K
2023-10-03T01:21:38.620+0800: 898.325: [GC (Allocation Failure) [PSYoungGen: 126112K->1184K(126464K)] 242416K->117568K(260608K), 0.0086996 secs] [Times: user=0.05 sys=0.00, real=0.01 secs] 
Heap after GC invocations=1108 (full 0):
 PSYoungGen      total 126464K, used 1184K [0x00000000f8300000, 0x0000000100000000, 0x0000000100000000)
  eden space 124928K, 0% used [0x00000000f8300000,0x00000000f8300000,0x00000000ffd00000)
  from space 1536K, 77% used [0x00000000ffe80000,0x00000000fffa8000,0x0000000100000000)
  to   space 1536K, 0% used [0x00000000ffd00000,0x00000000ffd00000,0x00000000ffe80000)
 ParOldGen       total 134144K, used 116384K [0x00000000f0000000, 0x00000000f8300000, 0x00000000f8300000)
  object space 134144K, 86% used [0x00000000f0000000,0x00000000f71a83a8,0x00000000f8300000)
 Metaspace       used 52915K, capacity 56032K, committed 56192K, reserved 1097728K
  class space    used 6448K, capacity 6998K, committed 7040K, reserved 1048576K
}
{Heap before GC invocations=1109 (full 0):
 PSYoungGen      total 126464K, used 126112K [0x00000000f8300000, 0x0000000100000000, 0x0000000100000000)
  eden space 124928K, 100% used [0x00000000f8300000,0x00000000ffd00000,0x00000000ffd00000)
  from space 1536K, 77% used [0x00000000ffe80000,0x00000000fffa8000,0x0000000100000000)
  to   space 1536K, 0% used [0x00000000ffd00000,0x00000000ffd00000,0x00000000ffe80000)
 ParOldGen       total 134144K, used 116384K [0x00000000f0000000, 0x00000000f8300000, 0x00000000f8300000)
  object space 134144K, 86% used [0x00000000f0000000,0x00000000f71a83a8,0x00000000f8300000)
 Metaspace       used 52915K, capacity 56032K, committed 56192K, reserved 1097728K
  class space    used 6448K, capacity 6998K, committed 7040K, reserved 1048576K
2023-10-03T01:21:39.254+0800: 898.958: [GC (Allocation Failure) [PSYoungGen: 126112K->1248K(126464K)] 242496K->117712K(260608K), 0.0082874 secs] [Times: user=0.05 sys=0.00, real=0.01 secs] 
Heap after GC invocations=1109 (full 0):
 PSYoungGen      total 126464K, used 1248K [0x00000000f8300000, 0x0000000100000000, 0x0000000100000000)
  eden space 124928K, 0% used [0x00000000f8300000,0x00000000f8300000,0x00000000ffd00000)
  from space 1536K, 81% used [0x00000000ffd00000,0x00000000ffe38000,0x00000000ffe80000)
  to   space 1536K, 0% used [0x00000000ffe80000,0x00000000ffe80000,0x0000000100000000)
 ParOldGen       total 134144K, used 116464K [0x00000000f0000000, 0x00000000f8300000, 0x00000000f8300000)
  object space 134144K, 86% used [0x00000000f0000000,0x00000000f71bc3a8,0x00000000f8300000)
 Metaspace       used 52915K, capacity 56032K, committed 56192K, reserved 1097728K
  class space    used 6448K, capacity 6998K, committed 7040K, reserved 1048576K
}
{Heap before GC invocations=1110 (full 0):
 PSYoungGen      total 126464K, used 126176K [0x00000000f8300000, 0x0000000100000000, 0x0000000100000000)
  eden space 124928K, 100% used [0x00000000f8300000,0x00000000ffd00000,0x00000000ffd00000)
  from space 1536K, 81% used [0x00000000ffd00000,0x00000000ffe38000,0x00000000ffe80000)
  to   space 1536K, 0% used [0x00000000ffe80000,0x00000000ffe80000,0x0000000100000000)
 ParOldGen       total 134144K, used 116464K [0x00000000f0000000, 0x00000000f8300000, 0x00000000f8300000)
  object space 134144K, 86% used [0x00000000f0000000,0x00000000f71bc3a8,0x00000000f8300000)
 Metaspace       used 52915K, capacity 56032K, committed 56192K, reserved 1097728K
  class space    used 6448K, capacity 6998K, committed 7040K, reserved 1048576K
2023-10-03T01:21:39.878+0800: 899.582: [GC (Allocation Failure) [PSYoungGen: 126176K->1216K(126464K)] 242640K->117768K(260608K), 0.0084050 secs] [Times: user=0.05 sys=0.00, real=0.01 secs] 
Heap after GC invocations=1110 (full 0):
 PSYoungGen      total 126464K, used 1216K [0x00000000f8300000, 0x0000000100000000, 0x0000000100000000)
  eden space 124928K, 0% used [0x00000000f8300000,0x00000000f8300000,0x00000000ffd00000)
  from space 1536K, 79% used [0x00000000ffe80000,0x00000000fffb0000,0x0000000100000000)
  to   space 1536K, 0% used [0x00000000ffd00000,0x00000000ffd00000,0x00000000ffe80000)
 ParOldGen       total 134144K, used 116552K [0x00000000f0000000, 0x00000000f8300000, 0x00000000f8300000)
  object space 134144K, 86% used [0x00000000f0000000,0x00000000f71d23a8,0x00000000f8300000)
 Metaspace       used 52915K, capacity 56032K, committed 56192K, reserved 1097728K
  class space    used 6448K, capacity 6998K, committed 7040K, reserved 1048576K
}
{Heap before GC invocations=1111 (full 0):
 PSYoungGen      total 126464K, used 126144K [0x00000000f8300000, 0x0000000100000000, 0x0000000100000000)
  eden space 124928K, 100% used [0x00000000f8300000,0x00000000ffd00000,0x00000000ffd00000)
  from space 1536K, 79% used [0x00000000ffe80000,0x00000000fffb0000,0x0000000100000000)
  to   space 1536K, 0% used [0x00000000ffd00000,0x00000000ffd00000,0x00000000ffe80000)
 ParOldGen       total 134144K, used 116552K [0x00000000f0000000, 0x00000000f8300000, 0x00000000f8300000)
  object space 134144K, 86% used [0x00000000f0000000,0x00000000f71d23a8,0x00000000f8300000)
 Metaspace       used 52915K, capacity 56032K, committed 56192K, reserved 1097728K
  class space    used 6448K, capacity 6998K, committed 7040K, reserved 1048576K
2023-10-03T01:21:40.513+0800: 900.218: [GC (Allocation Failure) [PSYoungGen: 126144K->1152K(126464K)] 242696K->117784K(260608K), 0.0080497 secs] [Times: user=0.05 sys=0.00, real=0.00 secs] 
Heap after GC invocations=1111 (full 0):
 PSYoungGen      total 126464K, used 1152K [0x00000000f8300000, 0x0000000100000000, 0x0000000100000000)
  eden space 124928K, 0% used [0x00000000f8300000,0x00000000f8300000,0x00000000ffd00000)
  from space 1536K, 75% used [0x00000000ffd00000,0x00000000ffe20000,0x00000000ffe80000)
  to   space 1536K, 0% used [0x00000000ffe80000,0x00000000ffe80000,0x0000000100000000)
 ParOldGen       total 134144K, used 116632K [0x00000000f0000000, 0x00000000f8300000, 0x00000000f8300000)
  object space 134144K, 86% used [0x00000000f0000000,0x00000000f71e63a8,0x00000000f8300000)
 Metaspace       used 52915K, capacity 56032K, committed 56192K, reserved 1097728K
  class space    used 6448K, capacity 6998K, committed 7040K, reserved 1048576K
}
{Heap before GC invocations=1112 (full 0):
 PSYoungGen      total 126464K, used 126080K [0x00000000f8300000, 0x0000000100000000, 0x0000000100000000)
  eden space 124928K, 100% used [0x00000000f8300000,0x00000000ffd00000,0x00000000ffd00000)
  from space 1536K, 75% used [0x00000000ffd00000,0x00000000ffe20000,0x00000000ffe80000)
  to   space 1536K, 0% used [0x00000000ffe80000,0x00000000ffe80000,0x0000000100000000)
 ParOldGen       total 134144K, used 116632K [0x00000000f0000000, 0x00000000f8300000, 0x00000000f8300000)
  object space 134144K, 86% used [0x00000000f0000000,0x00000000f71e63a8,0x00000000f8300000)
 Metaspace       used 52915K, capacity 56032K, committed 56192K, reserved 1097728K
  class space    used 6448K, capacity 6998K, committed 7040K, reserved 1048576K
2023-10-03T01:21:41.138+0800: 900.842: [GC (Allocation Failure) [PSYoungGen: 126080K->1184K(126464K)] 242712K->117896K(260608K), 0.0086548 secs] [Times: user=0.05 sys=0.00, real=0.01 secs] 
Heap after GC invocations=1112 (full 0):
 PSYoungGen      total 126464K, used 1184K [0x00000000f8300000, 0x0000000100000000, 0x0000000100000000)
  eden space 124928K, 0% used [0x00000000f8300000,0x00000000f8300000,0x00000000ffd00000)
  from space 1536K, 77% used [0x00000000ffe80000,0x00000000fffa8000,0x0000000100000000)
  to   space 1536K, 0% used [0x00000000ffd00000,0x00000000ffd00000,0x00000000ffe80000)
 ParOldGen       total 134144K, used 116712K [0x00000000f0000000, 0x00000000f8300000, 0x00000000f8300000)
  object space 134144K, 87% used [0x00000000f0000000,0x00000000f71fa3a8,0x00000000f8300000)
 Metaspace       used 52915K, capacity 56032K, committed 56192K, reserved 1097728K
  class space    used 6448K, capacity 6998K, committed 7040K, reserved 1048576K
}
{Heap before GC invocations=1113 (full 0):
 PSYoungGen      total 126464K, used 126112K [0x00000000f8300000, 0x0000000100000000, 0x0000000100000000)
  eden space 124928K, 100% used [0x00000000f8300000,0x00000000ffd00000,0x00000000ffd00000)
  from space 1536K, 77% used [0x00000000ffe80000,0x00000000fffa8000,0x0000000100000000)
  to   space 1536K, 0% used [0x00000000ffd00000,0x00000000ffd00000,0x00000000ffe80000)
 ParOldGen       total 134144K, used 116712K [0x00000000f0000000, 0x00000000f8300000, 0x00000000f8300000)
  object space 134144K, 87% used [0x00000000f0000000,0x00000000f71fa3a8,0x00000000f8300000)
 Metaspace       used 52915K, capacity 56032K, committed 56192K, reserved 1097728K
  class space    used 6448K, capacity 6998K, committed 7040K, reserved 1048576K
2023-10-03T01:21:41.768+0800: 901.472: [GC (Allocation Failure) [PSYoungGen: 126112K->1280K(126464K)] 242824K->118080K(260608K), 0.0091868 secs] [Times: user=0.06 sys=0.00, real=0.01 secs] 
Heap after GC invocations=1113 (full 0):
 PSYoungGen      total 126464K, used 1280K [0x00000000f8300000, 0x0000000100000000, 0x0000000100000000)
  eden space 124928K, 0% used [0x00000000f8300000,0x00000000f8300000,0x00000000ffd00000)
  from space 1536K, 83% used [0x00000000ffd00000,0x00000000ffe40000,0x00000000ffe80000)
  to   space 1536K, 0% used [0x00000000ffe80000,0x00000000ffe80000,0x0000000100000000)
 ParOldGen       total 134144K, used 116800K [0x00000000f0000000, 0x00000000f8300000, 0x00000000f8300000)
  object space 134144K, 87% used [0x00000000f0000000,0x00000000f72103a8,0x00000000f8300000)
 Metaspace       used 52915K, capacity 56032K, committed 56192K, reserved 1097728K
  class space    used 6448K, capacity 6998K, committed 7040K, reserved 1048576K
}
{Heap before GC invocations=1114 (full 0):
 PSYoungGen      total 126464K, used 126208K [0x00000000f8300000, 0x0000000100000000, 0x0000000100000000)
  eden space 124928K, 100% used [0x00000000f8300000,0x00000000ffd00000,0x00000000ffd00000)
  from space 1536K, 83% used [0x00000000ffd00000,0x00000000ffe40000,0x00000000ffe80000)
  to   space 1536K, 0% used [0x00000000ffe80000,0x00000000ffe80000,0x0000000100000000)
 ParOldGen       total 134144K, used 116800K [0x00000000f0000000, 0x00000000f8300000, 0x00000000f8300000)
  object space 134144K, 87% used [0x00000000f0000000,0x00000000f72103a8,0x00000000f8300000)
 Metaspace       used 52915K, capacity 56032K, committed 56192K, reserved 1097728K
  class space    used 6448K, capacity 6998K, committed 7040K, reserved 1048576K
2023-10-03T01:21:42.407+0800: 902.112: [GC (Allocation Failure) [PSYoungGen: 126208K->1184K(126464K)] 243008K->118064K(260608K), 0.0084543 secs] [Times: user=0.05 sys=0.00, real=0.01 secs] 
Heap after GC invocations=1114 (full 0):
 PSYoungGen      total 126464K, used 1184K [0x00000000f8300000, 0x0000000100000000, 0x0000000100000000)
  eden space 124928K, 0% used [0x00000000f8300000,0x00000000f8300000,0x00000000ffd00000)
  from space 1536K, 77% used [0x00000000ffe80000,0x00000000fffa8000,0x0000000100000000)
  to   space 1536K, 0% used [0x00000000ffd00000,0x00000000ffd00000,0x00000000ffe80000)
 ParOldGen       total 134144K, used 116880K [0x00000000f0000000, 0x00000000f8300000, 0x00000000f8300000)
  object space 134144K, 87% used [0x00000000f0000000,0x00000000f72243a8,0x00000000f8300000)
 Metaspace       used 52915K, capacity 56032K, committed 56192K, reserved 1097728K
  class space    used 6448K, capacity 6998K, committed 7040K, reserved 1048576K
}
{Heap before GC invocations=1115 (full 0):
 PSYoungGen      total 126464K, used 126112K [0x00000000f8300000, 0x0000000100000000, 0x0000000100000000)
  eden space 124928K, 100% used [0x00000000f8300000,0x00000000ffd00000,0x00000000ffd00000)
  from space 1536K, 77% used [0x00000000ffe80000,0x00000000fffa8000,0x0000000100000000)
  to   space 1536K, 0% used [0x00000000ffd00000,0x00000000ffd00000,0x00000000ffe80000)
 ParOldGen       total 134144K, used 116880K [0x00000000f0000000, 0x00000000f8300000, 0x00000000f8300000)
  object space 134144K, 87% used [0x00000000f0000000,0x00000000f72243a8,0x00000000f8300000)
 Metaspace       used 52915K, capacity 56032K, committed 56192K, reserved 1097728K
  class space    used 6448K, capacity 6998K, committed 7040K, reserved 1048576K
2023-10-03T01:21:43.020+0800: 902.725: [GC (Allocation Failure) [PSYoungGen: 126112K->1152K(126464K)] 242992K->118112K(260608K), 0.0083686 secs] [Times: user=0.05 sys=0.00, real=0.01 secs] 
Heap after GC invocations=1115 (full 0):
 PSYoungGen      total 126464K, used 1152K [0x00000000f8300000, 0x0000000100000000, 0x0000000100000000)
  eden space 124928K, 0% used [0x00000000f8300000,0x00000000f8300000,0x00000000ffd00000)
  from space 1536K, 75% used [0x00000000ffd00000,0x00000000ffe20000,0x00000000ffe80000)
  to   space 1536K, 0% used [0x00000000ffe80000,0x00000000ffe80000,0x0000000100000000)
 ParOldGen       total 134144K, used 116960K [0x00000000f0000000, 0x00000000f8300000, 0x00000000f8300000)
  object space 134144K, 87% used [0x00000000f0000000,0x00000000f72383a8,0x00000000f8300000)
 Metaspace       used 52915K, capacity 56032K, committed 56192K, reserved 1097728K
  class space    used 6448K, capacity 6998K, committed 7040K, reserved 1048576K
}
{Heap before GC invocations=1116 (full 0):
 PSYoungGen      total 126464K, used 126080K [0x00000000f8300000, 0x0000000100000000, 0x0000000100000000)
  eden space 124928K, 100% used [0x00000000f8300000,0x00000000ffd00000,0x00000000ffd00000)
  from space 1536K, 75% used [0x00000000ffd00000,0x00000000ffe20000,0x00000000ffe80000)
  to   space 1536K, 0% used [0x00000000ffe80000,0x00000000ffe80000,0x0000000100000000)
 ParOldGen       total 134144K, used 116960K [0x00000000f0000000, 0x00000000f8300000, 0x00000000f8300000)
  object space 134144K, 87% used [0x00000000f0000000,0x00000000f72383a8,0x00000000f8300000)
 Metaspace       used 52915K, capacity 56032K, committed 56192K, reserved 1097728K
  class space    used 6448K, capacity 6998K, committed 7040K, reserved 1048576K
2023-10-03T01:21:43.647+0800: 903.352: [GC (Allocation Failure) [PSYoungGen: 126080K->1216K(126464K)] 243040K->118256K(260608K), 0.0083508 secs] [Times: user=0.05 sys=0.00, real=0.01 secs] 
Heap after GC invocations=1116 (full 0):
 PSYoungGen      total 126464K, used 1216K [0x00000000f8300000, 0x0000000100000000, 0x0000000100000000)
  eden space 124928K, 0% used [0x00000000f8300000,0x00000000f8300000,0x00000000ffd00000)
  from space 1536K, 79% used [0x00000000ffe80000,0x00000000fffb0000,0x0000000100000000)
  to   space 1536K, 0% used [0x00000000ffd00000,0x00000000ffd00000,0x00000000ffe80000)
 ParOldGen       total 134144K, used 117040K [0x00000000f0000000, 0x00000000f8300000, 0x00000000f8300000)
  object space 134144K, 87% used [0x00000000f0000000,0x00000000f724c3a8,0x00000000f8300000)
 Metaspace       used 52915K, capacity 56032K, committed 56192K, reserved 1097728K
  class space    used 6448K, capacity 6998K, committed 7040K, reserved 1048576K
}
{Heap before GC invocations=1117 (full 0):
 PSYoungGen      total 126464K, used 126144K [0x00000000f8300000, 0x0000000100000000, 0x0000000100000000)
  eden space 124928K, 100% used [0x00000000f8300000,0x00000000ffd00000,0x00000000ffd00000)
  from space 1536K, 79% used [0x00000000ffe80000,0x00000000fffb0000,0x0000000100000000)
  to   space 1536K, 0% used [0x00000000ffd00000,0x00000000ffd00000,0x00000000ffe80000)
 ParOldGen       total 134144K, used 117040K [0x00000000f0000000, 0x00000000f8300000, 0x00000000f8300000)
  object space 134144K, 87% used [0x00000000f0000000,0x00000000f724c3a8,0x00000000f8300000)
 Metaspace       used 52915K, capacity 56032K, committed 56192K, reserved 1097728K
  class space    used 6448K, capacity 6998K, committed 7040K, reserved 1048576K
2023-10-03T01:21:44.291+0800: 903.995: [GC (Allocation Failure) [PSYoungGen: 126144K->1216K(126464K)] 243184K->118336K(260608K), 0.0074962 secs] [Times: user=0.05 sys=0.00, real=0.01 secs] 
Heap after GC invocations=1117 (full 0):
 PSYoungGen      total 126464K, used 1216K [0x00000000f8300000, 0x0000000100000000, 0x0000000100000000)
  eden space 124928K, 0% used [0x00000000f8300000,0x00000000f8300000,0x00000000ffd00000)
  from space 1536K, 79% used [0x00000000ffd00000,0x00000000ffe30000,0x00000000ffe80000)
  to   space 1536K, 0% used [0x00000000ffe80000,0x00000000ffe80000,0x0000000100000000)
 ParOldGen       total 134144K, used 117120K [0x00000000f0000000, 0x00000000f8300000, 0x00000000f8300000)
  object space 134144K, 87% used [0x00000000f0000000,0x00000000f72603a8,0x00000000f8300000)
 Metaspace       used 52915K, capacity 56032K, committed 56192K, reserved 1097728K
  class space    used 6448K, capacity 6998K, committed 7040K, reserved 1048576K
}
{Heap before GC invocations=1118 (full 0):
 PSYoungGen      total 126464K, used 126144K [0x00000000f8300000, 0x0000000100000000, 0x0000000100000000)
  eden space 124928K, 100% used [0x00000000f8300000,0x00000000ffd00000,0x00000000ffd00000)
  from space 1536K, 79% used [0x00000000ffd00000,0x00000000ffe30000,0x00000000ffe80000)
  to   space 1536K, 0% used [0x00000000ffe80000,0x00000000ffe80000,0x0000000100000000)
 ParOldGen       total 134144K, used 117120K [0x00000000f0000000, 0x00000000f8300000, 0x00000000f8300000)
  object space 134144K, 87% used [0x00000000f0000000,0x00000000f72603a8,0x00000000f8300000)
 Metaspace       used 52915K, capacity 56032K, committed 56192K, reserved 1097728K
  class space    used 6448K, capacity 6998K, committed 7040K, reserved 1048576K
2023-10-03T01:21:44.914+0800: 904.619: [GC (Allocation Failure) [PSYoungGen: 126144K->1184K(126464K)] 243264K->118384K(260608K), 0.0082920 secs] [Times: user=0.05 sys=0.00, real=0.01 secs] 
Heap after GC invocations=1118 (full 0):
 PSYoungGen      total 126464K, used 1184K [0x00000000f8300000, 0x0000000100000000, 0x0000000100000000)
  eden space 124928K, 0% used [0x00000000f8300000,0x00000000f8300000,0x00000000ffd00000)
  from space 1536K, 77% used [0x00000000ffe80000,0x00000000fffa8000,0x0000000100000000)
  to   space 1536K, 0% used [0x00000000ffd00000,0x00000000ffd00000,0x00000000ffe80000)
 ParOldGen       total 134144K, used 117200K [0x00000000f0000000, 0x00000000f8300000, 0x00000000f8300000)
  object space 134144K, 87% used [0x00000000f0000000,0x00000000f72743a8,0x00000000f8300000)
 Metaspace       used 52915K, capacity 56032K, committed 56192K, reserved 1097728K
  class space    used 6448K, capacity 6998K, committed 7040K, reserved 1048576K
}
{Heap before GC invocations=1119 (full 0):
 PSYoungGen      total 126464K, used 126112K [0x00000000f8300000, 0x0000000100000000, 0x0000000100000000)
  eden space 124928K, 100% used [0x00000000f8300000,0x00000000ffd00000,0x00000000ffd00000)
  from space 1536K, 77% used [0x00000000ffe80000,0x00000000fffa8000,0x0000000100000000)
  to   space 1536K, 0% used [0x00000000ffd00000,0x00000000ffd00000,0x00000000ffe80000)
 ParOldGen       total 134144K, used 117200K [0x00000000f0000000, 0x00000000f8300000, 0x00000000f8300000)
  object space 134144K, 87% used [0x00000000f0000000,0x00000000f72743a8,0x00000000f8300000)
 Metaspace       used 52915K, capacity 56032K, committed 56192K, reserved 1097728K
  class space    used 6448K, capacity 6998K, committed 7040K, reserved 1048576K
2023-10-03T01:21:45.550+0800: 905.255: [GC (Allocation Failure) [PSYoungGen: 126112K->1120K(126464K)] 243312K->118400K(260608K), 0.0082130 secs] [Times: user=0.05 sys=0.00, real=0.01 secs] 
Heap after GC invocations=1119 (full 0):
 PSYoungGen      total 126464K, used 1120K [0x00000000f8300000, 0x0000000100000000, 0x0000000100000000)
  eden space 124928K, 0% used [0x00000000f8300000,0x00000000f8300000,0x00000000ffd00000)
  from space 1536K, 72% used [0x00000000ffd00000,0x00000000ffe18000,0x00000000ffe80000)
  to   space 1536K, 0% used [0x00000000ffe80000,0x00000000ffe80000,0x0000000100000000)
 ParOldGen       total 134144K, used 117280K [0x00000000f0000000, 0x00000000f8300000, 0x00000000f8300000)
  object space 134144K, 87% used [0x00000000f0000000,0x00000000f72883a8,0x00000000f8300000)
 Metaspace       used 52915K, capacity 56032K, committed 56192K, reserved 1097728K
  class space    used 6448K, capacity 6998K, committed 7040K, reserved 1048576K
}
{Heap before GC invocations=1120 (full 0):
 PSYoungGen      total 126464K, used 126048K [0x00000000f8300000, 0x0000000100000000, 0x0000000100000000)
  eden space 124928K, 100% used [0x00000000f8300000,0x00000000ffd00000,0x00000000ffd00000)
  from space 1536K, 72% used [0x00000000ffd00000,0x00000000ffe18000,0x00000000ffe80000)
  to   space 1536K, 0% used [0x00000000ffe80000,0x00000000ffe80000,0x0000000100000000)
 ParOldGen       total 134144K, used 117280K [0x00000000f0000000, 0x00000000f8300000, 0x00000000f8300000)
  object space 134144K, 87% used [0x00000000f0000000,0x00000000f72883a8,0x00000000f8300000)
 Metaspace       used 52915K, capacity 56032K, committed 56192K, reserved 1097728K
  class space    used 6448K, capacity 6998K, committed 7040K, reserved 1048576K
2023-10-03T01:21:46.179+0800: 905.884: [GC (Allocation Failure) [PSYoungGen: 126048K->1184K(126464K)] 243328K->118544K(260608K), 0.0082422 secs] [Times: user=0.05 sys=0.00, real=0.01 secs] 
Heap after GC invocations=1120 (full 0):
 PSYoungGen      total 126464K, used 1184K [0x00000000f8300000, 0x0000000100000000, 0x0000000100000000)
  eden space 124928K, 0% used [0x00000000f8300000,0x00000000f8300000,0x00000000ffd00000)
  from space 1536K, 77% used [0x00000000ffe80000,0x00000000fffa8000,0x0000000100000000)
  to   space 1536K, 0% used [0x00000000ffd00000,0x00000000ffd00000,0x00000000ffe80000)
 ParOldGen       total 134144K, used 117360K [0x00000000f0000000, 0x00000000f8300000, 0x00000000f8300000)
  object space 134144K, 87% used [0x00000000f0000000,0x00000000f729c3a8,0x00000000f8300000)
 Metaspace       used 52915K, capacity 56032K, committed 56192K, reserved 1097728K
  class space    used 6448K, capacity 6998K, committed 7040K, reserved 1048576K
}
{Heap before GC invocations=1121 (full 0):
 PSYoungGen      total 126464K, used 126112K [0x00000000f8300000, 0x0000000100000000, 0x0000000100000000)
  eden space 124928K, 100% used [0x00000000f8300000,0x00000000ffd00000,0x00000000ffd00000)
  from space 1536K, 77% used [0x00000000ffe80000,0x00000000fffa8000,0x0000000100000000)
  to   space 1536K, 0% used [0x00000000ffd00000,0x00000000ffd00000,0x00000000ffe80000)
 ParOldGen       total 134144K, used 117360K [0x00000000f0000000, 0x00000000f8300000, 0x00000000f8300000)
  object space 134144K, 87% used [0x00000000f0000000,0x00000000f729c3a8,0x00000000f8300000)
 Metaspace       used 52915K, capacity 56032K, committed 56192K, reserved 1097728K
  class space    used 6448K, capacity 6998K, committed 7040K, reserved 1048576K
2023-10-03T01:21:46.818+0800: 906.522: [GC (Allocation Failure) [PSYoungGen: 126112K->1280K(126464K)] 243472K->118712K(260608K), 0.0088559 secs] [Times: user=0.05 sys=0.00, real=0.01 secs] 
Heap after GC invocations=1121 (full 0):
 PSYoungGen      total 126464K, used 1280K [0x00000000f8300000, 0x0000000100000000, 0x0000000100000000)
  eden space 124928K, 0% used [0x00000000f8300000,0x00000000f8300000,0x00000000ffd00000)
  from space 1536K, 83% used [0x00000000ffd00000,0x00000000ffe40000,0x00000000ffe80000)
  to   space 1536K, 0% used [0x00000000ffe80000,0x00000000ffe80000,0x0000000100000000)
 ParOldGen       total 134144K, used 117432K [0x00000000f0000000, 0x00000000f8300000, 0x00000000f8300000)
  object space 134144K, 87% used [0x00000000f0000000,0x00000000f72ae3a8,0x00000000f8300000)
 Metaspace       used 52915K, capacity 56032K, committed 56192K, reserved 1097728K
  class space    used 6448K, capacity 6998K, committed 7040K, reserved 1048576K
}
{Heap before GC invocations=1122 (full 0):
 PSYoungGen      total 126464K, used 126208K [0x00000000f8300000, 0x0000000100000000, 0x0000000100000000)
  eden space 124928K, 100% used [0x00000000f8300000,0x00000000ffd00000,0x00000000ffd00000)
  from space 1536K, 83% used [0x00000000ffd00000,0x00000000ffe40000,0x00000000ffe80000)
  to   space 1536K, 0% used [0x00000000ffe80000,0x00000000ffe80000,0x0000000100000000)
 ParOldGen       total 134144K, used 117432K [0x00000000f0000000, 0x00000000f8300000, 0x00000000f8300000)
  object space 134144K, 87% used [0x00000000f0000000,0x00000000f72ae3a8,0x00000000f8300000)
 Metaspace       used 52915K, capacity 56032K, committed 56192K, reserved 1097728K
  class space    used 6448K, capacity 6998K, committed 7040K, reserved 1048576K
2023-10-03T01:21:47.459+0800: 907.163: [GC (Allocation Failure) [PSYoungGen: 126208K->1152K(126464K)] 243640K->118664K(260608K), 0.0080869 secs] [Times: user=0.05 sys=0.01, real=0.02 secs] 
Heap after GC invocations=1122 (full 0):
 PSYoungGen      total 126464K, used 1152K [0x00000000f8300000, 0x0000000100000000, 0x0000000100000000)
  eden space 124928K, 0% used [0x00000000f8300000,0x00000000f8300000,0x00000000ffd00000)
  from space 1536K, 75% used [0x00000000ffe80000,0x00000000fffa0000,0x0000000100000000)
  to   space 1536K, 0% used [0x00000000ffd00000,0x00000000ffd00000,0x00000000ffe80000)
 ParOldGen       total 134144K, used 117512K [0x00000000f0000000, 0x00000000f8300000, 0x00000000f8300000)
  object space 134144K, 87% used [0x00000000f0000000,0x00000000f72c23a8,0x00000000f8300000)
 Metaspace       used 52915K, capacity 56032K, committed 56192K, reserved 1097728K
  class space    used 6448K, capacity 6998K, committed 7040K, reserved 1048576K
}
{Heap before GC invocations=1123 (full 0):
 PSYoungGen      total 126464K, used 126080K [0x00000000f8300000, 0x0000000100000000, 0x0000000100000000)
  eden space 124928K, 100% used [0x00000000f8300000,0x00000000ffd00000,0x00000000ffd00000)
  from space 1536K, 75% used [0x00000000ffe80000,0x00000000fffa0000,0x0000000100000000)
  to   space 1536K, 0% used [0x00000000ffd00000,0x00000000ffd00000,0x00000000ffe80000)
 ParOldGen       total 134144K, used 117512K [0x00000000f0000000, 0x00000000f8300000, 0x00000000f8300000)
  object space 134144K, 87% used [0x00000000f0000000,0x00000000f72c23a8,0x00000000f8300000)
 Metaspace       used 52915K, capacity 56032K, committed 56192K, reserved 1097728K
  class space    used 6448K, capacity 6998K, committed 7040K, reserved 1048576K
2023-10-03T01:21:48.094+0800: 907.798: [GC (Allocation Failure) [PSYoungGen: 126080K->1152K(126464K)] 243592K->118736K(260608K), 0.0084379 secs] [Times: user=0.05 sys=0.00, real=0.01 secs] 
Heap after GC invocations=1123 (full 0):
 PSYoungGen      total 126464K, used 1152K [0x00000000f8300000, 0x0000000100000000, 0x0000000100000000)
  eden space 124928K, 0% used [0x00000000f8300000,0x00000000f8300000,0x00000000ffd00000)
  from space 1536K, 75% used [0x00000000ffd00000,0x00000000ffe20000,0x00000000ffe80000)
  to   space 1536K, 0% used [0x00000000ffe80000,0x00000000ffe80000,0x0000000100000000)
 ParOldGen       total 134144K, used 117584K [0x00000000f0000000, 0x00000000f8300000, 0x00000000f8300000)
  object space 134144K, 87% used [0x00000000f0000000,0x00000000f72d43a8,0x00000000f8300000)
 Metaspace       used 52915K, capacity 56032K, committed 56192K, reserved 1097728K
  class space    used 6448K, capacity 6998K, committed 7040K, reserved 1048576K
}
{Heap before GC invocations=1124 (full 0):
 PSYoungGen      total 126464K, used 126080K [0x00000000f8300000, 0x0000000100000000, 0x0000000100000000)
  eden space 124928K, 100% used [0x00000000f8300000,0x00000000ffd00000,0x00000000ffd00000)
  from space 1536K, 75% used [0x00000000ffd00000,0x00000000ffe20000,0x00000000ffe80000)
  to   space 1536K, 0% used [0x00000000ffe80000,0x00000000ffe80000,0x0000000100000000)
 ParOldGen       total 134144K, used 117584K [0x00000000f0000000, 0x00000000f8300000, 0x00000000f8300000)
  object space 134144K, 87% used [0x00000000f0000000,0x00000000f72d43a8,0x00000000f8300000)
 Metaspace       used 52915K, capacity 56032K, committed 56192K, reserved 1097728K
  class space    used 6448K, capacity 6998K, committed 7040K, reserved 1048576K
2023-10-03T01:21:48.731+0800: 908.436: [GC (Allocation Failure) [PSYoungGen: 126080K->1184K(126464K)] 243664K->118848K(260608K), 0.0083341 secs] [Times: user=0.05 sys=0.00, real=0.01 secs] 
Heap after GC invocations=1124 (full 0):
 PSYoungGen      total 126464K, used 1184K [0x00000000f8300000, 0x0000000100000000, 0x0000000100000000)
  eden space 124928K, 0% used [0x00000000f8300000,0x00000000f8300000,0x00000000ffd00000)
  from space 1536K, 77% used [0x00000000ffe80000,0x00000000fffa8000,0x0000000100000000)
  to   space 1536K, 0% used [0x00000000ffd00000,0x00000000ffd00000,0x00000000ffe80000)
 ParOldGen       total 134144K, used 117664K [0x00000000f0000000, 0x00000000f8300000, 0x00000000f8300000)
  object space 134144K, 87% used [0x00000000f0000000,0x00000000f72e83a8,0x00000000f8300000)
 Metaspace       used 52915K, capacity 56032K, committed 56192K, reserved 1097728K
  class space    used 6448K, capacity 6998K, committed 7040K, reserved 1048576K
}
{Heap before GC invocations=1125 (full 0):
 PSYoungGen      total 126464K, used 126112K [0x00000000f8300000, 0x0000000100000000, 0x0000000100000000)
  eden space 124928K, 100% used [0x00000000f8300000,0x00000000ffd00000,0x00000000ffd00000)
  from space 1536K, 77% used [0x00000000ffe80000,0x00000000fffa8000,0x0000000100000000)
  to   space 1536K, 0% used [0x00000000ffd00000,0x00000000ffd00000,0x00000000ffe80000)
 ParOldGen       total 134144K, used 117664K [0x00000000f0000000, 0x00000000f8300000, 0x00000000f8300000)
  object space 134144K, 87% used [0x00000000f0000000,0x00000000f72e83a8,0x00000000f8300000)
 Metaspace       used 52915K, capacity 56032K, committed 56192K, reserved 1097728K
  class space    used 6448K, capacity 6998K, committed 7040K, reserved 1048576K
2023-10-03T01:21:49.366+0800: 909.070: [GC (Allocation Failure) [PSYoungGen: 126112K->1184K(126464K)] 243776K->118928K(260608K), 0.0084719 secs] [Times: user=0.04 sys=0.01, real=0.01 secs] 
Heap after GC invocations=1125 (full 0):
 PSYoungGen      total 126464K, used 1184K [0x00000000f8300000, 0x0000000100000000, 0x0000000100000000)
  eden space 124928K, 0% used [0x00000000f8300000,0x00000000f8300000,0x00000000ffd00000)
  from space 1536K, 77% used [0x00000000ffd00000,0x00000000ffe28000,0x00000000ffe80000)
  to   space 1536K, 0% used [0x00000000ffe80000,0x00000000ffe80000,0x0000000100000000)
 ParOldGen       total 134144K, used 117744K [0x00000000f0000000, 0x00000000f8300000, 0x00000000f8300000)
  object space 134144K, 87% used [0x00000000f0000000,0x00000000f72fc3a8,0x00000000f8300000)
 Metaspace       used 52915K, capacity 56032K, committed 56192K, reserved 1097728K
  class space    used 6448K, capacity 6998K, committed 7040K, reserved 1048576K
}
{Heap before GC invocations=1126 (full 0):
 PSYoungGen      total 126464K, used 126112K [0x00000000f8300000, 0x0000000100000000, 0x0000000100000000)
  eden space 124928K, 100% used [0x00000000f8300000,0x00000000ffd00000,0x00000000ffd00000)
  from space 1536K, 77% used [0x00000000ffd00000,0x00000000ffe28000,0x00000000ffe80000)
  to   space 1536K, 0% used [0x00000000ffe80000,0x00000000ffe80000,0x0000000100000000)
 ParOldGen       total 134144K, used 117744K [0x00000000f0000000, 0x00000000f8300000, 0x00000000f8300000)
  object space 134144K, 87% used [0x00000000f0000000,0x00000000f72fc3a8,0x00000000f8300000)
 Metaspace       used 52915K, capacity 56032K, committed 56192K, reserved 1097728K
  class space    used 6448K, capacity 6998K, committed 7040K, reserved 1048576K
2023-10-03T01:21:49.996+0800: 909.701: [GC (Allocation Failure) [PSYoungGen: 126112K->1120K(126464K)] 243856K->118944K(260608K), 0.0079963 secs] [Times: user=0.04 sys=0.01, real=0.01 secs] 
Heap after GC invocations=1126 (full 0):
 PSYoungGen      total 126464K, used 1120K [0x00000000f8300000, 0x0000000100000000, 0x0000000100000000)
  eden space 124928K, 0% used [0x00000000f8300000,0x00000000f8300000,0x00000000ffd00000)
  from space 1536K, 72% used [0x00000000ffe80000,0x00000000fff98000,0x0000000100000000)
  to   space 1536K, 0% used [0x00000000ffd00000,0x00000000ffd00000,0x00000000ffe80000)
 ParOldGen       total 134144K, used 117824K [0x00000000f0000000, 0x00000000f8300000, 0x00000000f8300000)
  object space 134144K, 87% used [0x00000000f0000000,0x00000000f73103a8,0x00000000f8300000)
 Metaspace       used 52915K, capacity 56032K, committed 56192K, reserved 1097728K
  class space    used 6448K, capacity 6998K, committed 7040K, reserved 1048576K
}
{Heap before GC invocations=1127 (full 0):
 PSYoungGen      total 126464K, used 126048K [0x00000000f8300000, 0x0000000100000000, 0x0000000100000000)
  eden space 124928K, 100% used [0x00000000f8300000,0x00000000ffd00000,0x00000000ffd00000)
  from space 1536K, 72% used [0x00000000ffe80000,0x00000000fff98000,0x0000000100000000)
  to   space 1536K, 0% used [0x00000000ffd00000,0x00000000ffd00000,0x00000000ffe80000)
 ParOldGen       total 134144K, used 117824K [0x00000000f0000000, 0x00000000f8300000, 0x00000000f8300000)
  object space 134144K, 87% used [0x00000000f0000000,0x00000000f73103a8,0x00000000f8300000)
 Metaspace       used 52915K, capacity 56032K, committed 56192K, reserved 1097728K
  class space    used 6448K, capacity 6998K, committed 7040K, reserved 1048576K
2023-10-03T01:21:50.630+0800: 910.334: [GC (Allocation Failure) [PSYoungGen: 126048K->1152K(126464K)] 243872K->119040K(260608K), 0.0084605 secs] [Times: user=0.05 sys=0.00, real=0.01 secs] 
Heap after GC invocations=1127 (full 0):
 PSYoungGen      total 126464K, used 1152K [0x00000000f8300000, 0x0000000100000000, 0x0000000100000000)
  eden space 124928K, 0% used [0x00000000f8300000,0x00000000f8300000,0x00000000ffd00000)
  from space 1536K, 75% used [0x00000000ffd00000,0x00000000ffe20000,0x00000000ffe80000)
  to   space 1536K, 0% used [0x00000000ffe80000,0x00000000ffe80000,0x0000000100000000)
 ParOldGen       total 134144K, used 117888K [0x00000000f0000000, 0x00000000f8300000, 0x00000000f8300000)
  object space 134144K, 87% used [0x00000000f0000000,0x00000000f73203a8,0x00000000f8300000)
 Metaspace       used 52915K, capacity 56032K, committed 56192K, reserved 1097728K
  class space    used 6448K, capacity 6998K, committed 7040K, reserved 1048576K
}
{Heap before GC invocations=1128 (full 0):
 PSYoungGen      total 126464K, used 126080K [0x00000000f8300000, 0x0000000100000000, 0x0000000100000000)
  eden space 124928K, 100% used [0x00000000f8300000,0x00000000ffd00000,0x00000000ffd00000)
  from space 1536K, 75% used [0x00000000ffd00000,0x00000000ffe20000,0x00000000ffe80000)
  to   space 1536K, 0% used [0x00000000ffe80000,0x00000000ffe80000,0x0000000100000000)
 ParOldGen       total 134144K, used 117888K [0x00000000f0000000, 0x00000000f8300000, 0x00000000f8300000)
  object space 134144K, 87% used [0x00000000f0000000,0x00000000f73203a8,0x00000000f8300000)
 Metaspace       used 52915K, capacity 56032K, committed 56192K, reserved 1097728K
  class space    used 6448K, capacity 6998K, committed 7040K, reserved 1048576K
2023-10-03T01:21:51.255+0800: 910.959: [GC (Allocation Failure) [PSYoungGen: 126080K->1120K(126464K)] 243968K->119088K(260608K), 0.0084002 secs] [Times: user=0.05 sys=0.00, real=0.01 secs] 
Heap after GC invocations=1128 (full 0):
 PSYoungGen      total 126464K, used 1120K [0x00000000f8300000, 0x0000000100000000, 0x0000000100000000)
  eden space 124928K, 0% used [0x00000000f8300000,0x00000000f8300000,0x00000000ffd00000)
  from space 1536K, 72% used [0x00000000ffe80000,0x00000000fff98000,0x0000000100000000)
  to   space 1536K, 0% used [0x00000000ffd00000,0x00000000ffd00000,0x00000000ffe80000)
 ParOldGen       total 134144K, used 117968K [0x00000000f0000000, 0x00000000f8300000, 0x00000000f8300000)
  object space 134144K, 87% used [0x00000000f0000000,0x00000000f73343a8,0x00000000f8300000)
 Metaspace       used 52915K, capacity 56032K, committed 56192K, reserved 1097728K
  class space    used 6448K, capacity 6998K, committed 7040K, reserved 1048576K
}
{Heap before GC invocations=1129 (full 0):
 PSYoungGen      total 126464K, used 126048K [0x00000000f8300000, 0x0000000100000000, 0x0000000100000000)
  eden space 124928K, 100% used [0x00000000f8300000,0x00000000ffd00000,0x00000000ffd00000)
  from space 1536K, 72% used [0x00000000ffe80000,0x00000000fff98000,0x0000000100000000)
  to   space 1536K, 0% used [0x00000000ffd00000,0x00000000ffd00000,0x00000000ffe80000)
 ParOldGen       total 134144K, used 117968K [0x00000000f0000000, 0x00000000f8300000, 0x00000000f8300000)
  object space 134144K, 87% used [0x00000000f0000000,0x00000000f73343a8,0x00000000f8300000)
 Metaspace       used 52915K, capacity 56032K, committed 56192K, reserved 1097728K
  class space    used 6448K, capacity 6998K, committed 7040K, reserved 1048576K
2023-10-03T01:21:51.884+0800: 911.589: [GC (Allocation Failure) [PSYoungGen: 126048K->1216K(126464K)] 244016K->119264K(260608K), 0.0083557 secs] [Times: user=0.05 sys=0.00, real=0.01 secs] 
Heap after GC invocations=1129 (full 0):
 PSYoungGen      total 126464K, used 1216K [0x00000000f8300000, 0x0000000100000000, 0x0000000100000000)
  eden space 124928K, 0% used [0x00000000f8300000,0x00000000f8300000,0x00000000ffd00000)
  from space 1536K, 79% used [0x00000000ffd00000,0x00000000ffe30000,0x00000000ffe80000)
  to   space 1536K, 0% used [0x00000000ffe80000,0x00000000ffe80000,0x0000000100000000)
 ParOldGen       total 134144K, used 118048K [0x00000000f0000000, 0x00000000f8300000, 0x00000000f8300000)
  object space 134144K, 88% used [0x00000000f0000000,0x00000000f73483a8,0x00000000f8300000)
 Metaspace       used 52915K, capacity 56032K, committed 56192K, reserved 1097728K
  class space    used 6448K, capacity 6998K, committed 7040K, reserved 1048576K
}
{Heap before GC invocations=1130 (full 0):
 PSYoungGen      total 126464K, used 126144K [0x00000000f8300000, 0x0000000100000000, 0x0000000100000000)
  eden space 124928K, 100% used [0x00000000f8300000,0x00000000ffd00000,0x00000000ffd00000)
  from space 1536K, 79% used [0x00000000ffd00000,0x00000000ffe30000,0x00000000ffe80000)
  to   space 1536K, 0% used [0x00000000ffe80000,0x00000000ffe80000,0x0000000100000000)
 ParOldGen       total 134144K, used 118048K [0x00000000f0000000, 0x00000000f8300000, 0x00000000f8300000)
  object space 134144K, 88% used [0x00000000f0000000,0x00000000f73483a8,0x00000000f8300000)
 Metaspace       used 52915K, capacity 56032K, committed 56192K, reserved 1097728K
  class space    used 6448K, capacity 6998K, committed 7040K, reserved 1048576K
2023-10-03T01:21:52.516+0800: 912.220: [GC (Allocation Failure) [PSYoungGen: 126144K->1184K(126464K)] 244192K->119312K(260608K), 0.0085970 secs] [Times: user=0.04 sys=0.01, real=0.01 secs] 
Heap after GC invocations=1130 (full 0):
 PSYoungGen      total 126464K, used 1184K [0x00000000f8300000, 0x0000000100000000, 0x0000000100000000)
  eden space 124928K, 0% used [0x00000000f8300000,0x00000000f8300000,0x00000000ffd00000)
  from space 1536K, 77% used [0x00000000ffe80000,0x00000000fffa8000,0x0000000100000000)
  to   space 1536K, 0% used [0x00000000ffd00000,0x00000000ffd00000,0x00000000ffe80000)
 ParOldGen       total 134144K, used 118128K [0x00000000f0000000, 0x00000000f8300000, 0x00000000f8300000)
  object space 134144K, 88% used [0x00000000f0000000,0x00000000f735c3a8,0x00000000f8300000)
 Metaspace       used 52915K, capacity 56032K, committed 56192K, reserved 1097728K
  class space    used 6448K, capacity 6998K, committed 7040K, reserved 1048576K
}
{Heap before GC invocations=1131 (full 0):
 PSYoungGen      total 126464K, used 126112K [0x00000000f8300000, 0x0000000100000000, 0x0000000100000000)
  eden space 124928K, 100% used [0x00000000f8300000,0x00000000ffd00000,0x00000000ffd00000)
  from space 1536K, 77% used [0x00000000ffe80000,0x00000000fffa8000,0x0000000100000000)
  to   space 1536K, 0% used [0x00000000ffd00000,0x00000000ffd00000,0x00000000ffe80000)
 ParOldGen       total 134144K, used 118128K [0x00000000f0000000, 0x00000000f8300000, 0x00000000f8300000)
  object space 134144K, 88% used [0x00000000f0000000,0x00000000f735c3a8,0x00000000f8300000)
 Metaspace       used 52915K, capacity 56032K, committed 56192K, reserved 1097728K
  class space    used 6448K, capacity 6998K, committed 7040K, reserved 1048576K
2023-10-03T01:21:53.147+0800: 912.851: [GC (Allocation Failure) [PSYoungGen: 126112K->1152K(126464K)] 244240K->119368K(260608K), 0.0083016 secs] [Times: user=0.05 sys=0.00, real=0.01 secs] 
Heap after GC invocations=1131 (full 0):
 PSYoungGen      total 126464K, used 1152K [0x00000000f8300000, 0x0000000100000000, 0x0000000100000000)
  eden space 124928K, 0% used [0x00000000f8300000,0x00000000f8300000,0x00000000ffd00000)
  from space 1536K, 75% used [0x00000000ffd00000,0x00000000ffe20000,0x00000000ffe80000)
  to   space 1536K, 0% used [0x00000000ffe80000,0x00000000ffe80000,0x0000000100000000)
 ParOldGen       total 134144K, used 118216K [0x00000000f0000000, 0x00000000f8300000, 0x00000000f8300000)
  object space 134144K, 88% used [0x00000000f0000000,0x00000000f73723a8,0x00000000f8300000)
 Metaspace       used 52915K, capacity 56032K, committed 56192K, reserved 1097728K
  class space    used 6448K, capacity 6998K, committed 7040K, reserved 1048576K
}
{Heap before GC invocations=1132 (full 0):
 PSYoungGen      total 126464K, used 126080K [0x00000000f8300000, 0x0000000100000000, 0x0000000100000000)
  eden space 124928K, 100% used [0x00000000f8300000,0x00000000ffd00000,0x00000000ffd00000)
  from space 1536K, 75% used [0x00000000ffd00000,0x00000000ffe20000,0x00000000ffe80000)
  to   space 1536K, 0% used [0x00000000ffe80000,0x00000000ffe80000,0x0000000100000000)
 ParOldGen       total 134144K, used 118216K [0x00000000f0000000, 0x00000000f8300000, 0x00000000f8300000)
  object space 134144K, 88% used [0x00000000f0000000,0x00000000f73723a8,0x00000000f8300000)
 Metaspace       used 52915K, capacity 56032K, committed 56192K, reserved 1097728K
  class space    used 6448K, capacity 6998K, committed 7040K, reserved 1048576K
2023-10-03T01:21:53.765+0800: 913.469: [GC (Allocation Failure) [PSYoungGen: 126080K->1216K(126464K)] 244296K->119512K(260608K), 0.0082215 secs] [Times: user=0.05 sys=0.00, real=0.01 secs] 
Heap after GC invocations=1132 (full 0):
 PSYoungGen      total 126464K, used 1216K [0x00000000f8300000, 0x0000000100000000, 0x0000000100000000)
  eden space 124928K, 0% used [0x00000000f8300000,0x00000000f8300000,0x00000000ffd00000)
  from space 1536K, 79% used [0x00000000ffe80000,0x00000000fffb0000,0x0000000100000000)
  to   space 1536K, 0% used [0x00000000ffd00000,0x00000000ffd00000,0x00000000ffe80000)
 ParOldGen       total 134144K, used 118296K [0x00000000f0000000, 0x00000000f8300000, 0x00000000f8300000)
  object space 134144K, 88% used [0x00000000f0000000,0x00000000f73863a8,0x00000000f8300000)
 Metaspace       used 52915K, capacity 56032K, committed 56192K, reserved 1097728K
  class space    used 6448K, capacity 6998K, committed 7040K, reserved 1048576K
}
{Heap before GC invocations=1133 (full 0):
 PSYoungGen      total 126464K, used 126144K [0x00000000f8300000, 0x0000000100000000, 0x0000000100000000)
  eden space 124928K, 100% used [0x00000000f8300000,0x00000000ffd00000,0x00000000ffd00000)
  from space 1536K, 79% used [0x00000000ffe80000,0x00000000fffb0000,0x0000000100000000)
  to   space 1536K, 0% used [0x00000000ffd00000,0x00000000ffd00000,0x00000000ffe80000)
 ParOldGen       total 134144K, used 118296K [0x00000000f0000000, 0x00000000f8300000, 0x00000000f8300000)
  object space 134144K, 88% used [0x00000000f0000000,0x00000000f73863a8,0x00000000f8300000)
 Metaspace       used 52915K, capacity 56032K, committed 56192K, reserved 1097728K
  class space    used 6448K, capacity 6998K, committed 7040K, reserved 1048576K
2023-10-03T01:21:54.407+0800: 914.111: [GC (Allocation Failure) [PSYoungGen: 126144K->1152K(126464K)] 244440K->119528K(260608K), 0.0081018 secs] [Times: user=0.05 sys=0.00, real=0.01 secs] 
Heap after GC invocations=1133 (full 0):
 PSYoungGen      total 126464K, used 1152K [0x00000000f8300000, 0x0000000100000000, 0x0000000100000000)
  eden space 124928K, 0% used [0x00000000f8300000,0x00000000f8300000,0x00000000ffd00000)
  from space 1536K, 75% used [0x00000000ffd00000,0x00000000ffe20000,0x00000000ffe80000)
  to   space 1536K, 0% used [0x00000000ffe80000,0x00000000ffe80000,0x0000000100000000)
 ParOldGen       total 134144K, used 118376K [0x00000000f0000000, 0x00000000f8300000, 0x00000000f8300000)
  object space 134144K, 88% used [0x00000000f0000000,0x00000000f739a3a8,0x00000000f8300000)
 Metaspace       used 52915K, capacity 56032K, committed 56192K, reserved 1097728K
  class space    used 6448K, capacity 6998K, committed 7040K, reserved 1048576K
}
{Heap before GC invocations=1134 (full 0):
 PSYoungGen      total 126464K, used 126080K [0x00000000f8300000, 0x0000000100000000, 0x0000000100000000)
  eden space 124928K, 100% used [0x00000000f8300000,0x00000000ffd00000,0x00000000ffd00000)
  from space 1536K, 75% used [0x00000000ffd00000,0x00000000ffe20000,0x00000000ffe80000)
  to   space 1536K, 0% used [0x00000000ffe80000,0x00000000ffe80000,0x0000000100000000)
 ParOldGen       total 134144K, used 118376K [0x00000000f0000000, 0x00000000f8300000, 0x00000000f8300000)
  object space 134144K, 88% used [0x00000000f0000000,0x00000000f739a3a8,0x00000000f8300000)
 Metaspace       used 52915K, capacity 56032K, committed 56192K, reserved 1097728K
  class space    used 6448K, capacity 6998K, committed 7040K, reserved 1048576K
2023-10-03T01:21:55.022+0800: 914.726: [GC (Allocation Failure) [PSYoungGen: 126080K->1152K(126464K)] 244456K->119616K(260608K), 0.0082119 secs] [Times: user=0.05 sys=0.00, real=0.00 secs] 
Heap after GC invocations=1134 (full 0):
 PSYoungGen      total 126464K, used 1152K [0x00000000f8300000, 0x0000000100000000, 0x0000000100000000)
  eden space 124928K, 0% used [0x00000000f8300000,0x00000000f8300000,0x00000000ffd00000)
  from space 1536K, 75% used [0x00000000ffe80000,0x00000000fffa0000,0x0000000100000000)
  to   space 1536K, 0% used [0x00000000ffd00000,0x00000000ffd00000,0x00000000ffe80000)
 ParOldGen       total 134144K, used 118464K [0x00000000f0000000, 0x00000000f8300000, 0x00000000f8300000)
  object space 134144K, 88% used [0x00000000f0000000,0x00000000f73b03a8,0x00000000f8300000)
 Metaspace       used 52915K, capacity 56032K, committed 56192K, reserved 1097728K
  class space    used 6448K, capacity 6998K, committed 7040K, reserved 1048576K
}
{Heap before GC invocations=1135 (full 0):
 PSYoungGen      total 126464K, used 126080K [0x00000000f8300000, 0x0000000100000000, 0x0000000100000000)
  eden space 124928K, 100% used [0x00000000f8300000,0x00000000ffd00000,0x00000000ffd00000)
  from space 1536K, 75% used [0x00000000ffe80000,0x00000000fffa0000,0x0000000100000000)
  to   space 1536K, 0% used [0x00000000ffd00000,0x00000000ffd00000,0x00000000ffe80000)
 ParOldGen       total 134144K, used 118464K [0x00000000f0000000, 0x00000000f8300000, 0x00000000f8300000)
  object space 134144K, 88% used [0x00000000f0000000,0x00000000f73b03a8,0x00000000f8300000)
 Metaspace       used 52915K, capacity 56032K, committed 56192K, reserved 1097728K
  class space    used 6448K, capacity 6998K, committed 7040K, reserved 1048576K
2023-10-03T01:21:55.665+0800: 915.370: [GC (Allocation Failure) [PSYoungGen: 126080K->1216K(126464K)] 244544K->119752K(260608K), 0.0081277 secs] [Times: user=0.04 sys=0.01, real=0.01 secs] 
Heap after GC invocations=1135 (full 0):
 PSYoungGen      total 126464K, used 1216K [0x00000000f8300000, 0x0000000100000000, 0x0000000100000000)
  eden space 124928K, 0% used [0x00000000f8300000,0x00000000f8300000,0x00000000ffd00000)
  from space 1536K, 79% used [0x00000000ffd00000,0x00000000ffe30000,0x00000000ffe80000)
  to   space 1536K, 0% used [0x00000000ffe80000,0x00000000ffe80000,0x0000000100000000)
 ParOldGen       total 134144K, used 118536K [0x00000000f0000000, 0x00000000f8300000, 0x00000000f8300000)
  object space 134144K, 88% used [0x00000000f0000000,0x00000000f73c23a8,0x00000000f8300000)
 Metaspace       used 52915K, capacity 56032K, committed 56192K, reserved 1097728K
  class space    used 6448K, capacity 6998K, committed 7040K, reserved 1048576K
}
{Heap before GC invocations=1136 (full 0):
 PSYoungGen      total 126464K, used 126144K [0x00000000f8300000, 0x0000000100000000, 0x0000000100000000)
  eden space 124928K, 100% used [0x00000000f8300000,0x00000000ffd00000,0x00000000ffd00000)
  from space 1536K, 79% used [0x00000000ffd00000,0x00000000ffe30000,0x00000000ffe80000)
  to   space 1536K, 0% used [0x00000000ffe80000,0x00000000ffe80000,0x0000000100000000)
 ParOldGen       total 134144K, used 118536K [0x00000000f0000000, 0x00000000f8300000, 0x00000000f8300000)
  object space 134144K, 88% used [0x00000000f0000000,0x00000000f73c23a8,0x00000000f8300000)
 Metaspace       used 52915K, capacity 56032K, committed 56192K, reserved 1097728K
  class space    used 6448K, capacity 6998K, committed 7040K, reserved 1048576K
2023-10-03T01:21:56.286+0800: 915.991: [GC (Allocation Failure) [PSYoungGen: 126144K->1184K(126464K)] 244680K->119792K(260608K), 0.0082292 secs] [Times: user=0.05 sys=0.00, real=0.01 secs] 
Heap after GC invocations=1136 (full 0):
 PSYoungGen      total 126464K, used 1184K [0x00000000f8300000, 0x0000000100000000, 0x0000000100000000)
  eden space 124928K, 0% used [0x00000000f8300000,0x00000000f8300000,0x00000000ffd00000)
  from space 1536K, 77% used [0x00000000ffe80000,0x00000000fffa8000,0x0000000100000000)
  to   space 1536K, 0% used [0x00000000ffd00000,0x00000000ffd00000,0x00000000ffe80000)
 ParOldGen       total 134144K, used 118608K [0x00000000f0000000, 0x00000000f8300000, 0x00000000f8300000)
  object space 134144K, 88% used [0x00000000f0000000,0x00000000f73d43a8,0x00000000f8300000)
 Metaspace       used 52915K, capacity 56032K, committed 56192K, reserved 1097728K
  class space    used 6448K, capacity 6998K, committed 7040K, reserved 1048576K
}
{Heap before GC invocations=1137 (full 0):
 PSYoungGen      total 126464K, used 126112K [0x00000000f8300000, 0x0000000100000000, 0x0000000100000000)
  eden space 124928K, 100% used [0x00000000f8300000,0x00000000ffd00000,0x00000000ffd00000)
  from space 1536K, 77% used [0x00000000ffe80000,0x00000000fffa8000,0x0000000100000000)
  to   space 1536K, 0% used [0x00000000ffd00000,0x00000000ffd00000,0x00000000ffe80000)
 ParOldGen       total 134144K, used 118608K [0x00000000f0000000, 0x00000000f8300000, 0x00000000f8300000)
  object space 134144K, 88% used [0x00000000f0000000,0x00000000f73d43a8,0x00000000f8300000)
 Metaspace       used 52915K, capacity 56032K, committed 56192K, reserved 1097728K
  class space    used 6448K, capacity 6998K, committed 7040K, reserved 1048576K
2023-10-03T01:21:56.928+0800: 916.633: [GC (Allocation Failure) [PSYoungGen: 126112K->1216K(126464K)] 244720K->119904K(260608K), 0.0082248 secs] [Times: user=0.05 sys=0.00, real=0.01 secs] 
Heap after GC invocations=1137 (full 0):
 PSYoungGen      total 126464K, used 1216K [0x00000000f8300000, 0x0000000100000000, 0x0000000100000000)
  eden space 124928K, 0% used [0x00000000f8300000,0x00000000f8300000,0x00000000ffd00000)
  from space 1536K, 79% used [0x00000000ffd00000,0x00000000ffe30000,0x00000000ffe80000)
  to   space 1536K, 0% used [0x00000000ffe80000,0x00000000ffe80000,0x0000000100000000)
 ParOldGen       total 134144K, used 118688K [0x00000000f0000000, 0x00000000f8300000, 0x00000000f8300000)
  object space 134144K, 88% used [0x00000000f0000000,0x00000000f73e83a8,0x00000000f8300000)
 Metaspace       used 52915K, capacity 56032K, committed 56192K, reserved 1097728K
  class space    used 6448K, capacity 6998K, committed 7040K, reserved 1048576K
}
{Heap before GC invocations=1138 (full 0):
 PSYoungGen      total 126464K, used 126144K [0x00000000f8300000, 0x0000000100000000, 0x0000000100000000)
  eden space 124928K, 100% used [0x00000000f8300000,0x00000000ffd00000,0x00000000ffd00000)
  from space 1536K, 79% used [0x00000000ffd00000,0x00000000ffe30000,0x00000000ffe80000)
  to   space 1536K, 0% used [0x00000000ffe80000,0x00000000ffe80000,0x0000000100000000)
 ParOldGen       total 134144K, used 118688K [0x00000000f0000000, 0x00000000f8300000, 0x00000000f8300000)
  object space 134144K, 88% used [0x00000000f0000000,0x00000000f73e83a8,0x00000000f8300000)
 Metaspace       used 52915K, capacity 56032K, committed 56192K, reserved 1097728K
  class space    used 6448K, capacity 6998K, committed 7040K, reserved 1048576K
2023-10-03T01:21:57.560+0800: 917.265: [GC (Allocation Failure) [PSYoungGen: 126144K->1120K(126464K)] 244832K->119872K(260608K), 0.0078950 secs] [Times: user=0.05 sys=0.00, real=0.01 secs] 
Heap after GC invocations=1138 (full 0):
 PSYoungGen      total 126464K, used 1120K [0x00000000f8300000, 0x0000000100000000, 0x0000000100000000)
  eden space 124928K, 0% used [0x00000000f8300000,0x00000000f8300000,0x00000000ffd00000)
  from space 1536K, 72% used [0x00000000ffe80000,0x00000000fff98000,0x0000000100000000)
  to   space 1536K, 0% used [0x00000000ffd00000,0x00000000ffd00000,0x00000000ffe80000)
 ParOldGen       total 134144K, used 118752K [0x00000000f0000000, 0x00000000f8300000, 0x00000000f8300000)
  object space 134144K, 88% used [0x00000000f0000000,0x00000000f73f83a8,0x00000000f8300000)
 Metaspace       used 52915K, capacity 56032K, committed 56192K, reserved 1097728K
  class space    used 6448K, capacity 6998K, committed 7040K, reserved 1048576K
}
{Heap before GC invocations=1139 (full 0):
 PSYoungGen      total 126464K, used 126048K [0x00000000f8300000, 0x0000000100000000, 0x0000000100000000)
  eden space 124928K, 100% used [0x00000000f8300000,0x00000000ffd00000,0x00000000ffd00000)
  from space 1536K, 72% used [0x00000000ffe80000,0x00000000fff98000,0x0000000100000000)
  to   space 1536K, 0% used [0x00000000ffd00000,0x00000000ffd00000,0x00000000ffe80000)
 ParOldGen       total 134144K, used 118752K [0x00000000f0000000, 0x00000000f8300000, 0x00000000f8300000)
  object space 134144K, 88% used [0x00000000f0000000,0x00000000f73f83a8,0x00000000f8300000)
 Metaspace       used 52917K, capacity 56032K, committed 56192K, reserved 1097728K
  class space    used 6448K, capacity 6998K, committed 7040K, reserved 1048576K
2023-10-03T01:21:58.174+0800: 917.879: [GC (Allocation Failure) [PSYoungGen: 126048K->1184K(126464K)] 244800K->120016K(260608K), 0.0093397 secs] [Times: user=0.05 sys=0.00, real=0.01 secs] 
Heap after GC invocations=1139 (full 0):
 PSYoungGen      total 126464K, used 1184K [0x00000000f8300000, 0x0000000100000000, 0x0000000100000000)
  eden space 124928K, 0% used [0x00000000f8300000,0x00000000f8300000,0x00000000ffd00000)
  from space 1536K, 77% used [0x00000000ffd00000,0x00000000ffe28000,0x00000000ffe80000)
  to   space 1536K, 0% used [0x00000000ffe80000,0x00000000ffe80000,0x0000000100000000)
 ParOldGen       total 134144K, used 118832K [0x00000000f0000000, 0x00000000f8300000, 0x00000000f8300000)
  object space 134144K, 88% used [0x00000000f0000000,0x00000000f740c3a8,0x00000000f8300000)
 Metaspace       used 52917K, capacity 56032K, committed 56192K, reserved 1097728K
  class space    used 6448K, capacity 6998K, committed 7040K, reserved 1048576K
}
{Heap before GC invocations=1140 (full 0):
 PSYoungGen      total 126464K, used 126112K [0x00000000f8300000, 0x0000000100000000, 0x0000000100000000)
  eden space 124928K, 100% used [0x00000000f8300000,0x00000000ffd00000,0x00000000ffd00000)
  from space 1536K, 77% used [0x00000000ffd00000,0x00000000ffe28000,0x00000000ffe80000)
  to   space 1536K, 0% used [0x00000000ffe80000,0x00000000ffe80000,0x0000000100000000)
 ParOldGen       total 134144K, used 118832K [0x00000000f0000000, 0x00000000f8300000, 0x00000000f8300000)
  object space 134144K, 88% used [0x00000000f0000000,0x00000000f740c3a8,0x00000000f8300000)
 Metaspace       used 52917K, capacity 56032K, committed 56192K, reserved 1097728K
  class space    used 6448K, capacity 6998K, committed 7040K, reserved 1048576K
2023-10-03T01:21:58.811+0800: 918.515: [GC (Allocation Failure) [PSYoungGen: 126112K->1184K(126464K)] 244944K->120096K(260608K), 0.0083102 secs] [Times: user=0.05 sys=0.00, real=0.01 secs] 
Heap after GC invocations=1140 (full 0):
 PSYoungGen      total 126464K, used 1184K [0x00000000f8300000, 0x0000000100000000, 0x0000000100000000)
  eden space 124928K, 0% used [0x00000000f8300000,0x00000000f8300000,0x00000000ffd00000)
  from space 1536K, 77% used [0x00000000ffe80000,0x00000000fffa8000,0x0000000100000000)
  to   space 1536K, 0% used [0x00000000ffd00000,0x00000000ffd00000,0x00000000ffe80000)
 ParOldGen       total 134144K, used 118912K [0x00000000f0000000, 0x00000000f8300000, 0x00000000f8300000)
  object space 134144K, 88% used [0x00000000f0000000,0x00000000f74203a8,0x00000000f8300000)
 Metaspace       used 52917K, capacity 56032K, committed 56192K, reserved 1097728K
  class space    used 6448K, capacity 6998K, committed 7040K, reserved 1048576K
}
{Heap before GC invocations=1141 (full 0):
 PSYoungGen      total 126464K, used 126112K [0x00000000f8300000, 0x0000000100000000, 0x0000000100000000)
  eden space 124928K, 100% used [0x00000000f8300000,0x00000000ffd00000,0x00000000ffd00000)
  from space 1536K, 77% used [0x00000000ffe80000,0x00000000fffa8000,0x0000000100000000)
  to   space 1536K, 0% used [0x00000000ffd00000,0x00000000ffd00000,0x00000000ffe80000)
 ParOldGen       total 134144K, used 118912K [0x00000000f0000000, 0x00000000f8300000, 0x00000000f8300000)
  object space 134144K, 88% used [0x00000000f0000000,0x00000000f74203a8,0x00000000f8300000)
 Metaspace       used 52917K, capacity 56032K, committed 56192K, reserved 1097728K
  class space    used 6448K, capacity 6998K, committed 7040K, reserved 1048576K
2023-10-03T01:21:59.449+0800: 919.154: [GC (Allocation Failure) [PSYoungGen: 126112K->1184K(126464K)] 245024K->120176K(260608K), 0.0082614 secs] [Times: user=0.04 sys=0.01, real=0.01 secs] 
Heap after GC invocations=1141 (full 0):
 PSYoungGen      total 126464K, used 1184K [0x00000000f8300000, 0x0000000100000000, 0x0000000100000000)
  eden space 124928K, 0% used [0x00000000f8300000,0x00000000f8300000,0x00000000ffd00000)
  from space 1536K, 77% used [0x00000000ffd00000,0x00000000ffe28000,0x00000000ffe80000)
  to   space 1536K, 0% used [0x00000000ffe80000,0x00000000ffe80000,0x0000000100000000)
 ParOldGen       total 134144K, used 118992K [0x00000000f0000000, 0x00000000f8300000, 0x00000000f8300000)
  object space 134144K, 88% used [0x00000000f0000000,0x00000000f74343a8,0x00000000f8300000)
 Metaspace       used 52917K, capacity 56032K, committed 56192K, reserved 1097728K
  class space    used 6448K, capacity 6998K, committed 7040K, reserved 1048576K
}
{Heap before GC invocations=1142 (full 0):
 PSYoungGen      total 126464K, used 126112K [0x00000000f8300000, 0x0000000100000000, 0x0000000100000000)
  eden space 124928K, 100% used [0x00000000f8300000,0x00000000ffd00000,0x00000000ffd00000)
  from space 1536K, 77% used [0x00000000ffd00000,0x00000000ffe28000,0x00000000ffe80000)
  to   space 1536K, 0% used [0x00000000ffe80000,0x00000000ffe80000,0x0000000100000000)
 ParOldGen       total 134144K, used 118992K [0x00000000f0000000, 0x00000000f8300000, 0x00000000f8300000)
  object space 134144K, 88% used [0x00000000f0000000,0x00000000f74343a8,0x00000000f8300000)
 Metaspace       used 52917K, capacity 56032K, committed 56192K, reserved 1097728K
  class space    used 6448K, capacity 6998K, committed 7040K, reserved 1048576K
2023-10-03T01:22:00.080+0800: 919.784: [GC (Allocation Failure) [PSYoungGen: 126112K->1184K(126464K)] 245104K->120256K(260608K), 0.0082659 secs] [Times: user=0.04 sys=0.01, real=0.01 secs] 
Heap after GC invocations=1142 (full 0):
 PSYoungGen      total 126464K, used 1184K [0x00000000f8300000, 0x0000000100000000, 0x0000000100000000)
  eden space 124928K, 0% used [0x00000000f8300000,0x00000000f8300000,0x00000000ffd00000)
  from space 1536K, 77% used [0x00000000ffe80000,0x00000000fffa8000,0x0000000100000000)
  to   space 1536K, 0% used [0x00000000ffd00000,0x00000000ffd00000,0x00000000ffe80000)
 ParOldGen       total 134144K, used 119072K [0x00000000f0000000, 0x00000000f8300000, 0x00000000f8300000)
  object space 134144K, 88% used [0x00000000f0000000,0x00000000f74483a8,0x00000000f8300000)
 Metaspace       used 52917K, capacity 56032K, committed 56192K, reserved 1097728K
  class space    used 6448K, capacity 6998K, committed 7040K, reserved 1048576K
}
{Heap before GC invocations=1143 (full 0):
 PSYoungGen      total 126464K, used 126112K [0x00000000f8300000, 0x0000000100000000, 0x0000000100000000)
  eden space 124928K, 100% used [0x00000000f8300000,0x00000000ffd00000,0x00000000ffd00000)
  from space 1536K, 77% used [0x00000000ffe80000,0x00000000fffa8000,0x0000000100000000)
  to   space 1536K, 0% used [0x00000000ffd00000,0x00000000ffd00000,0x00000000ffe80000)
 ParOldGen       total 134144K, used 119072K [0x00000000f0000000, 0x00000000f8300000, 0x00000000f8300000)
  object space 134144K, 88% used [0x00000000f0000000,0x00000000f74483a8,0x00000000f8300000)
 Metaspace       used 52917K, capacity 56032K, committed 56192K, reserved 1097728K
  class space    used 6448K, capacity 6998K, committed 7040K, reserved 1048576K
2023-10-03T01:22:00.711+0800: 920.415: [GC (Allocation Failure) [PSYoungGen: 126112K->1184K(126464K)] 245184K->120336K(260608K), 0.0082028 secs] [Times: user=0.05 sys=0.00, real=0.01 secs] 
Heap after GC invocations=1143 (full 0):
 PSYoungGen      total 126464K, used 1184K [0x00000000f8300000, 0x0000000100000000, 0x0000000100000000)
  eden space 124928K, 0% used [0x00000000f8300000,0x00000000f8300000,0x00000000ffd00000)
  from space 1536K, 77% used [0x00000000ffd00000,0x00000000ffe28000,0x00000000ffe80000)
  to   space 1536K, 0% used [0x00000000ffe80000,0x00000000ffe80000,0x0000000100000000)
 ParOldGen       total 134144K, used 119152K [0x00000000f0000000, 0x00000000f8300000, 0x00000000f8300000)
  object space 134144K, 88% used [0x00000000f0000000,0x00000000f745c3a8,0x00000000f8300000)
 Metaspace       used 52917K, capacity 56032K, committed 56192K, reserved 1097728K
  class space    used 6448K, capacity 6998K, committed 7040K, reserved 1048576K
}
{Heap before GC invocations=1144 (full 0):
 PSYoungGen      total 126464K, used 126112K [0x00000000f8300000, 0x0000000100000000, 0x0000000100000000)
  eden space 124928K, 100% used [0x00000000f8300000,0x00000000ffd00000,0x00000000ffd00000)
  from space 1536K, 77% used [0x00000000ffd00000,0x00000000ffe28000,0x00000000ffe80000)
  to   space 1536K, 0% used [0x00000000ffe80000,0x00000000ffe80000,0x0000000100000000)
 ParOldGen       total 134144K, used 119152K [0x00000000f0000000, 0x00000000f8300000, 0x00000000f8300000)
  object space 134144K, 88% used [0x00000000f0000000,0x00000000f745c3a8,0x00000000f8300000)
 Metaspace       used 52917K, capacity 56032K, committed 56192K, reserved 1097728K
  class space    used 6448K, capacity 6998K, committed 7040K, reserved 1048576K
2023-10-03T01:22:01.334+0800: 921.039: [GC (Allocation Failure) [PSYoungGen: 126112K->1152K(126464K)] 245264K->120392K(260608K), 0.0083107 secs] [Times: user=0.05 sys=0.00, real=0.01 secs] 
Heap after GC invocations=1144 (full 0):
 PSYoungGen      total 126464K, used 1152K [0x00000000f8300000, 0x0000000100000000, 0x0000000100000000)
  eden space 124928K, 0% used [0x00000000f8300000,0x00000000f8300000,0x00000000ffd00000)
  from space 1536K, 75% used [0x00000000ffe80000,0x00000000fffa0000,0x0000000100000000)
  to   space 1536K, 0% used [0x00000000ffd00000,0x00000000ffd00000,0x00000000ffe80000)
 ParOldGen       total 134144K, used 119240K [0x00000000f0000000, 0x00000000f8300000, 0x00000000f8300000)
  object space 134144K, 88% used [0x00000000f0000000,0x00000000f74723a8,0x00000000f8300000)
 Metaspace       used 52917K, capacity 56032K, committed 56192K, reserved 1097728K
  class space    used 6448K, capacity 6998K, committed 7040K, reserved 1048576K
}
{Heap before GC invocations=1145 (full 0):
 PSYoungGen      total 126464K, used 126080K [0x00000000f8300000, 0x0000000100000000, 0x0000000100000000)
  eden space 124928K, 100% used [0x00000000f8300000,0x00000000ffd00000,0x00000000ffd00000)
  from space 1536K, 75% used [0x00000000ffe80000,0x00000000fffa0000,0x0000000100000000)
  to   space 1536K, 0% used [0x00000000ffd00000,0x00000000ffd00000,0x00000000ffe80000)
 ParOldGen       total 134144K, used 119240K [0x00000000f0000000, 0x00000000f8300000, 0x00000000f8300000)
  object space 134144K, 88% used [0x00000000f0000000,0x00000000f74723a8,0x00000000f8300000)
 Metaspace       used 52917K, capacity 56032K, committed 56192K, reserved 1097728K
  class space    used 6448K, capacity 6998K, committed 7040K, reserved 1048576K
2023-10-03T01:22:01.978+0800: 921.683: [GC (Allocation Failure) [PSYoungGen: 126080K->1216K(126464K)] 245320K->120528K(260608K), 0.0089465 secs] [Times: user=0.05 sys=0.00, real=0.01 secs] 
Heap after GC invocations=1145 (full 0):
 PSYoungGen      total 126464K, used 1216K [0x00000000f8300000, 0x0000000100000000, 0x0000000100000000)
  eden space 124928K, 0% used [0x00000000f8300000,0x00000000f8300000,0x00000000ffd00000)
  from space 1536K, 79% used [0x00000000ffd00000,0x00000000ffe30000,0x00000000ffe80000)
  to   space 1536K, 0% used [0x00000000ffe80000,0x00000000ffe80000,0x0000000100000000)
 ParOldGen       total 134144K, used 119312K [0x00000000f0000000, 0x00000000f8300000, 0x00000000f8300000)
  object space 134144K, 88% used [0x00000000f0000000,0x00000000f74843a8,0x00000000f8300000)
 Metaspace       used 52917K, capacity 56032K, committed 56192K, reserved 1097728K
  class space    used 6448K, capacity 6998K, committed 7040K, reserved 1048576K
}
{Heap before GC invocations=1146 (full 0):
 PSYoungGen      total 126464K, used 126144K [0x00000000f8300000, 0x0000000100000000, 0x0000000100000000)
  eden space 124928K, 100% used [0x00000000f8300000,0x00000000ffd00000,0x00000000ffd00000)
  from space 1536K, 79% used [0x00000000ffd00000,0x00000000ffe30000,0x00000000ffe80000)
  to   space 1536K, 0% used [0x00000000ffe80000,0x00000000ffe80000,0x0000000100000000)
 ParOldGen       total 134144K, used 119312K [0x00000000f0000000, 0x00000000f8300000, 0x00000000f8300000)
  object space 134144K, 88% used [0x00000000f0000000,0x00000000f74843a8,0x00000000f8300000)
 Metaspace       used 52917K, capacity 56032K, committed 56192K, reserved 1097728K
  class space    used 6448K, capacity 6998K, committed 7040K, reserved 1048576K
2023-10-03T01:22:02.614+0800: 922.319: [GC (Allocation Failure) [PSYoungGen: 126144K->1216K(126464K)] 245456K->120592K(260608K), 0.0082949 secs] [Times: user=0.05 sys=0.00, real=0.01 secs] 
Heap after GC invocations=1146 (full 0):
 PSYoungGen      total 126464K, used 1216K [0x00000000f8300000, 0x0000000100000000, 0x0000000100000000)
  eden space 124928K, 0% used [0x00000000f8300000,0x00000000f8300000,0x00000000ffd00000)
  from space 1536K, 79% used [0x00000000ffe80000,0x00000000fffb0000,0x0000000100000000)
  to   space 1536K, 0% used [0x00000000ffd00000,0x00000000ffd00000,0x00000000ffe80000)
 ParOldGen       total 134144K, used 119376K [0x00000000f0000000, 0x00000000f8300000, 0x00000000f8300000)
  object space 134144K, 88% used [0x00000000f0000000,0x00000000f74943a8,0x00000000f8300000)
 Metaspace       used 52917K, capacity 56032K, committed 56192K, reserved 1097728K
  class space    used 6448K, capacity 6998K, committed 7040K, reserved 1048576K
}
{Heap before GC invocations=1147 (full 0):
 PSYoungGen      total 126464K, used 126144K [0x00000000f8300000, 0x0000000100000000, 0x0000000100000000)
  eden space 124928K, 100% used [0x00000000f8300000,0x00000000ffd00000,0x00000000ffd00000)
  from space 1536K, 79% used [0x00000000ffe80000,0x00000000fffb0000,0x0000000100000000)
  to   space 1536K, 0% used [0x00000000ffd00000,0x00000000ffd00000,0x00000000ffe80000)
 ParOldGen       total 134144K, used 119376K [0x00000000f0000000, 0x00000000f8300000, 0x00000000f8300000)
  object space 134144K, 88% used [0x00000000f0000000,0x00000000f74943a8,0x00000000f8300000)
 Metaspace       used 52917K, capacity 56032K, committed 56192K, reserved 1097728K
  class space    used 6448K, capacity 6998K, committed 7040K, reserved 1048576K
2023-10-03T01:22:03.246+0800: 922.950: [GC (Allocation Failure) [PSYoungGen: 126144K->1184K(126464K)] 245520K->120640K(260608K), 0.0081942 secs] [Times: user=0.05 sys=0.01, real=0.01 secs] 
Heap after GC invocations=1147 (full 0):
 PSYoungGen      total 126464K, used 1184K [0x00000000f8300000, 0x0000000100000000, 0x0000000100000000)
  eden space 124928K, 0% used [0x00000000f8300000,0x00000000f8300000,0x00000000ffd00000)
  from space 1536K, 77% used [0x00000000ffd00000,0x00000000ffe28000,0x00000000ffe80000)
  to   space 1536K, 0% used [0x00000000ffe80000,0x00000000ffe80000,0x0000000100000000)
 ParOldGen       total 134144K, used 119456K [0x00000000f0000000, 0x00000000f8300000, 0x00000000f8300000)
  object space 134144K, 89% used [0x00000000f0000000,0x00000000f74a83a8,0x00000000f8300000)
 Metaspace       used 52917K, capacity 56032K, committed 56192K, reserved 1097728K
  class space    used 6448K, capacity 6998K, committed 7040K, reserved 1048576K
}
{Heap before GC invocations=1148 (full 0):
 PSYoungGen      total 126464K, used 126112K [0x00000000f8300000, 0x0000000100000000, 0x0000000100000000)
  eden space 124928K, 100% used [0x00000000f8300000,0x00000000ffd00000,0x00000000ffd00000)
  from space 1536K, 77% used [0x00000000ffd00000,0x00000000ffe28000,0x00000000ffe80000)
  to   space 1536K, 0% used [0x00000000ffe80000,0x00000000ffe80000,0x0000000100000000)
 ParOldGen       total 134144K, used 119456K [0x00000000f0000000, 0x00000000f8300000, 0x00000000f8300000)
  object space 134144K, 89% used [0x00000000f0000000,0x00000000f74a83a8,0x00000000f8300000)
 Metaspace       used 52917K, capacity 56032K, committed 56192K, reserved 1097728K
  class space    used 6448K, capacity 6998K, committed 7040K, reserved 1048576K
2023-10-03T01:22:03.848+0800: 923.553: [GC (Allocation Failure) [PSYoungGen: 126112K->1152K(126464K)] 245568K->120688K(260608K), 0.0081886 secs] [Times: user=0.05 sys=0.01, real=0.01 secs] 
Heap after GC invocations=1148 (full 0):
 PSYoungGen      total 126464K, used 1152K [0x00000000f8300000, 0x0000000100000000, 0x0000000100000000)
  eden space 124928K, 0% used [0x00000000f8300000,0x00000000f8300000,0x00000000ffd00000)
  from space 1536K, 75% used [0x00000000ffe80000,0x00000000fffa0000,0x0000000100000000)
  to   space 1536K, 0% used [0x00000000ffd00000,0x00000000ffd00000,0x00000000ffe80000)
 ParOldGen       total 134144K, used 119536K [0x00000000f0000000, 0x00000000f8300000, 0x00000000f8300000)
  object space 134144K, 89% used [0x00000000f0000000,0x00000000f74bc3a8,0x00000000f8300000)
 Metaspace       used 52917K, capacity 56032K, committed 56192K, reserved 1097728K
  class space    used 6448K, capacity 6998K, committed 7040K, reserved 1048576K
}
{Heap before GC invocations=1149 (full 0):
 PSYoungGen      total 126464K, used 126080K [0x00000000f8300000, 0x0000000100000000, 0x0000000100000000)
  eden space 124928K, 100% used [0x00000000f8300000,0x00000000ffd00000,0x00000000ffd00000)
  from space 1536K, 75% used [0x00000000ffe80000,0x00000000fffa0000,0x0000000100000000)
  to   space 1536K, 0% used [0x00000000ffd00000,0x00000000ffd00000,0x00000000ffe80000)
 ParOldGen       total 134144K, used 119536K [0x00000000f0000000, 0x00000000f8300000, 0x00000000f8300000)
  object space 134144K, 89% used [0x00000000f0000000,0x00000000f74bc3a8,0x00000000f8300000)
 Metaspace       used 52917K, capacity 56032K, committed 56192K, reserved 1097728K
  class space    used 6448K, capacity 6998K, committed 7040K, reserved 1048576K
2023-10-03T01:22:04.471+0800: 924.176: [GC (Allocation Failure) [PSYoungGen: 126080K->1216K(126464K)] 245616K->120832K(260608K), 0.0080629 secs] [Times: user=0.05 sys=0.00, real=0.01 secs] 
Heap after GC invocations=1149 (full 0):
 PSYoungGen      total 126464K, used 1216K [0x00000000f8300000, 0x0000000100000000, 0x0000000100000000)
  eden space 124928K, 0% used [0x00000000f8300000,0x00000000f8300000,0x00000000ffd00000)
  from space 1536K, 79% used [0x00000000ffd00000,0x00000000ffe30000,0x00000000ffe80000)
  to   space 1536K, 0% used [0x00000000ffe80000,0x00000000ffe80000,0x0000000100000000)
 ParOldGen       total 134144K, used 119616K [0x00000000f0000000, 0x00000000f8300000, 0x00000000f8300000)
  object space 134144K, 89% used [0x00000000f0000000,0x00000000f74d03a8,0x00000000f8300000)
 Metaspace       used 52917K, capacity 56032K, committed 56192K, reserved 1097728K
  class space    used 6448K, capacity 6998K, committed 7040K, reserved 1048576K
}
{Heap before GC invocations=1150 (full 0):
 PSYoungGen      total 126464K, used 126144K [0x00000000f8300000, 0x0000000100000000, 0x0000000100000000)
  eden space 124928K, 100% used [0x00000000f8300000,0x00000000ffd00000,0x00000000ffd00000)
  from space 1536K, 79% used [0x00000000ffd00000,0x00000000ffe30000,0x00000000ffe80000)
  to   space 1536K, 0% used [0x00000000ffe80000,0x00000000ffe80000,0x0000000100000000)
 ParOldGen       total 134144K, used 119616K [0x00000000f0000000, 0x00000000f8300000, 0x00000000f8300000)
  object space 134144K, 89% used [0x00000000f0000000,0x00000000f74d03a8,0x00000000f8300000)
 Metaspace       used 52917K, capacity 56032K, committed 56192K, reserved 1097728K
  class space    used 6448K, capacity 6998K, committed 7040K, reserved 1048576K
2023-10-03T01:22:05.102+0800: 924.806: [GC (Allocation Failure) [PSYoungGen: 126144K->1216K(126464K)] 245760K->120920K(260608K), 0.0082932 secs] [Times: user=0.04 sys=0.01, real=0.00 secs] 
Heap after GC invocations=1150 (full 0):
 PSYoungGen      total 126464K, used 1216K [0x00000000f8300000, 0x0000000100000000, 0x0000000100000000)
  eden space 124928K, 0% used [0x00000000f8300000,0x00000000f8300000,0x00000000ffd00000)
  from space 1536K, 79% used [0x00000000ffe80000,0x00000000fffb0000,0x0000000100000000)
  to   space 1536K, 0% used [0x00000000ffd00000,0x00000000ffd00000,0x00000000ffe80000)
 ParOldGen       total 134144K, used 119704K [0x00000000f0000000, 0x00000000f8300000, 0x00000000f8300000)
  object space 134144K, 89% used [0x00000000f0000000,0x00000000f74e63a8,0x00000000f8300000)
 Metaspace       used 52917K, capacity 56032K, committed 56192K, reserved 1097728K
  class space    used 6448K, capacity 6998K, committed 7040K, reserved 1048576K
}
{Heap before GC invocations=1151 (full 0):
 PSYoungGen      total 126464K, used 126144K [0x00000000f8300000, 0x0000000100000000, 0x0000000100000000)
  eden space 124928K, 100% used [0x00000000f8300000,0x00000000ffd00000,0x00000000ffd00000)
  from space 1536K, 79% used [0x00000000ffe80000,0x00000000fffb0000,0x0000000100000000)
  to   space 1536K, 0% used [0x00000000ffd00000,0x00000000ffd00000,0x00000000ffe80000)
 ParOldGen       total 134144K, used 119704K [0x00000000f0000000, 0x00000000f8300000, 0x00000000f8300000)
  object space 134144K, 89% used [0x00000000f0000000,0x00000000f74e63a8,0x00000000f8300000)
 Metaspace       used 52917K, capacity 56032K, committed 56192K, reserved 1097728K
  class space    used 6448K, capacity 6998K, committed 7040K, reserved 1048576K
2023-10-03T01:22:05.736+0800: 925.441: [GC (Allocation Failure) [PSYoungGen: 126144K->1184K(126464K)] 245848K->120976K(260608K), 0.0083998 secs] [Times: user=0.04 sys=0.01, real=0.01 secs] 
Heap after GC invocations=1151 (full 0):
 PSYoungGen      total 126464K, used 1184K [0x00000000f8300000, 0x0000000100000000, 0x0000000100000000)
  eden space 124928K, 0% used [0x00000000f8300000,0x00000000f8300000,0x00000000ffd00000)
  from space 1536K, 77% used [0x00000000ffd00000,0x00000000ffe28000,0x00000000ffe80000)
  to   space 1536K, 0% used [0x00000000ffe80000,0x00000000ffe80000,0x0000000100000000)
 ParOldGen       total 134144K, used 119792K [0x00000000f0000000, 0x00000000f8300000, 0x00000000f8300000)
  object space 134144K, 89% used [0x00000000f0000000,0x00000000f74fc3a8,0x00000000f8300000)
 Metaspace       used 52917K, capacity 56032K, committed 56192K, reserved 1097728K
  class space    used 6448K, capacity 6998K, committed 7040K, reserved 1048576K
}
{Heap before GC invocations=1152 (full 0):
 PSYoungGen      total 126464K, used 126112K [0x00000000f8300000, 0x0000000100000000, 0x0000000100000000)
  eden space 124928K, 100% used [0x00000000f8300000,0x00000000ffd00000,0x00000000ffd00000)
  from space 1536K, 77% used [0x00000000ffd00000,0x00000000ffe28000,0x00000000ffe80000)
  to   space 1536K, 0% used [0x00000000ffe80000,0x00000000ffe80000,0x0000000100000000)
 ParOldGen       total 134144K, used 119792K [0x00000000f0000000, 0x00000000f8300000, 0x00000000f8300000)
  object space 134144K, 89% used [0x00000000f0000000,0x00000000f74fc3a8,0x00000000f8300000)
 Metaspace       used 52917K, capacity 56032K, committed 56192K, reserved 1097728K
  class space    used 6448K, capacity 6998K, committed 7040K, reserved 1048576K
2023-10-03T01:22:06.366+0800: 926.071: [GC (Allocation Failure) [PSYoungGen: 126112K->1184K(126464K)] 245904K->121056K(260608K), 0.0084224 secs] [Times: user=0.05 sys=0.00, real=0.01 secs] 
Heap after GC invocations=1152 (full 0):
 PSYoungGen      total 126464K, used 1184K [0x00000000f8300000, 0x0000000100000000, 0x0000000100000000)
  eden space 124928K, 0% used [0x00000000f8300000,0x00000000f8300000,0x00000000ffd00000)
  from space 1536K, 77% used [0x00000000ffe80000,0x00000000fffa8000,0x0000000100000000)
  to   space 1536K, 0% used [0x00000000ffd00000,0x00000000ffd00000,0x00000000ffe80000)
 ParOldGen       total 134144K, used 119872K [0x00000000f0000000, 0x00000000f8300000, 0x00000000f8300000)
  object space 134144K, 89% used [0x00000000f0000000,0x00000000f75103a8,0x00000000f8300000)
 Metaspace       used 52917K, capacity 56032K, committed 56192K, reserved 1097728K
  class space    used 6448K, capacity 6998K, committed 7040K, reserved 1048576K
}
{Heap before GC invocations=1153 (full 0):
 PSYoungGen      total 126464K, used 126112K [0x00000000f8300000, 0x0000000100000000, 0x0000000100000000)
  eden space 124928K, 100% used [0x00000000f8300000,0x00000000ffd00000,0x00000000ffd00000)
  from space 1536K, 77% used [0x00000000ffe80000,0x00000000fffa8000,0x0000000100000000)
  to   space 1536K, 0% used [0x00000000ffd00000,0x00000000ffd00000,0x00000000ffe80000)
 ParOldGen       total 134144K, used 119872K [0x00000000f0000000, 0x00000000f8300000, 0x00000000f8300000)
  object space 134144K, 89% used [0x00000000f0000000,0x00000000f75103a8,0x00000000f8300000)
 Metaspace       used 52917K, capacity 56032K, committed 56192K, reserved 1097728K
  class space    used 6448K, capacity 6998K, committed 7040K, reserved 1048576K
2023-10-03T01:22:07.005+0800: 926.710: [GC (Allocation Failure) [PSYoungGen: 126112K->1120K(126464K)] 245984K->121072K(260608K), 0.0083380 secs] [Times: user=0.05 sys=0.00, real=0.01 secs] 
Heap after GC invocations=1153 (full 0):
 PSYoungGen      total 126464K, used 1120K [0x00000000f8300000, 0x0000000100000000, 0x0000000100000000)
  eden space 124928K, 0% used [0x00000000f8300000,0x00000000f8300000,0x00000000ffd00000)
  from space 1536K, 72% used [0x00000000ffd00000,0x00000000ffe18000,0x00000000ffe80000)
  to   space 1536K, 0% used [0x00000000ffe80000,0x00000000ffe80000,0x0000000100000000)
 ParOldGen       total 134144K, used 119952K [0x00000000f0000000, 0x00000000f8300000, 0x00000000f8300000)
  object space 134144K, 89% used [0x00000000f0000000,0x00000000f75243a8,0x00000000f8300000)
 Metaspace       used 52917K, capacity 56032K, committed 56192K, reserved 1097728K
  class space    used 6448K, capacity 6998K, committed 7040K, reserved 1048576K
}
{Heap before GC invocations=1154 (full 0):
 PSYoungGen      total 126464K, used 126048K [0x00000000f8300000, 0x0000000100000000, 0x0000000100000000)
  eden space 124928K, 100% used [0x00000000f8300000,0x00000000ffd00000,0x00000000ffd00000)
  from space 1536K, 72% used [0x00000000ffd00000,0x00000000ffe18000,0x00000000ffe80000)
  to   space 1536K, 0% used [0x00000000ffe80000,0x00000000ffe80000,0x0000000100000000)
 ParOldGen       total 134144K, used 119952K [0x00000000f0000000, 0x00000000f8300000, 0x00000000f8300000)
  object space 134144K, 89% used [0x00000000f0000000,0x00000000f75243a8,0x00000000f8300000)
 Metaspace       used 52917K, capacity 56032K, committed 56192K, reserved 1097728K
  class space    used 6448K, capacity 6998K, committed 7040K, reserved 1048576K
2023-10-03T01:22:07.645+0800: 927.350: [GC (Allocation Failure) [PSYoungGen: 126048K->1152K(126464K)] 246000K->121184K(260608K), 0.0080301 secs] [Times: user=0.04 sys=0.00, real=0.01 secs] 
Heap after GC invocations=1154 (full 0):
 PSYoungGen      total 126464K, used 1152K [0x00000000f8300000, 0x0000000100000000, 0x0000000100000000)
  eden space 124928K, 0% used [0x00000000f8300000,0x00000000f8300000,0x00000000ffd00000)
  from space 1536K, 75% used [0x00000000ffe80000,0x00000000fffa0000,0x0000000100000000)
  to   space 1536K, 0% used [0x00000000ffd00000,0x00000000ffd00000,0x00000000ffe80000)
 ParOldGen       total 134144K, used 120032K [0x00000000f0000000, 0x00000000f8300000, 0x00000000f8300000)
  object space 134144K, 89% used [0x00000000f0000000,0x00000000f75383a8,0x00000000f8300000)
 Metaspace       used 52917K, capacity 56032K, committed 56192K, reserved 1097728K
  class space    used 6448K, capacity 6998K, committed 7040K, reserved 1048576K
}
{Heap before GC invocations=1155 (full 0):
 PSYoungGen      total 126464K, used 126080K [0x00000000f8300000, 0x0000000100000000, 0x0000000100000000)
  eden space 124928K, 100% used [0x00000000f8300000,0x00000000ffd00000,0x00000000ffd00000)
  from space 1536K, 75% used [0x00000000ffe80000,0x00000000fffa0000,0x0000000100000000)
  to   space 1536K, 0% used [0x00000000ffd00000,0x00000000ffd00000,0x00000000ffe80000)
 ParOldGen       total 134144K, used 120032K [0x00000000f0000000, 0x00000000f8300000, 0x00000000f8300000)
  object space 134144K, 89% used [0x00000000f0000000,0x00000000f75383a8,0x00000000f8300000)
 Metaspace       used 52917K, capacity 56032K, committed 56192K, reserved 1097728K
  class space    used 6448K, capacity 6998K, committed 7040K, reserved 1048576K
2023-10-03T01:22:08.282+0800: 927.987: [GC (Allocation Failure) [PSYoungGen: 126080K->1120K(126464K)] 246112K->121232K(260608K), 0.0083237 secs] [Times: user=0.05 sys=0.00, real=0.00 secs] 
Heap after GC invocations=1155 (full 0):
 PSYoungGen      total 126464K, used 1120K [0x00000000f8300000, 0x0000000100000000, 0x0000000100000000)
  eden space 124928K, 0% used [0x00000000f8300000,0x00000000f8300000,0x00000000ffd00000)
  from space 1536K, 72% used [0x00000000ffd00000,0x00000000ffe18000,0x00000000ffe80000)
  to   space 1536K, 0% used [0x00000000ffe80000,0x00000000ffe80000,0x0000000100000000)
 ParOldGen       total 134144K, used 120112K [0x00000000f0000000, 0x00000000f8300000, 0x00000000f8300000)
  object space 134144K, 89% used [0x00000000f0000000,0x00000000f754c3a8,0x00000000f8300000)
 Metaspace       used 52917K, capacity 56032K, committed 56192K, reserved 1097728K
  class space    used 6448K, capacity 6998K, committed 7040K, reserved 1048576K
}
{Heap before GC invocations=1156 (full 0):
 PSYoungGen      total 126464K, used 126048K [0x00000000f8300000, 0x0000000100000000, 0x0000000100000000)
  eden space 124928K, 100% used [0x00000000f8300000,0x00000000ffd00000,0x00000000ffd00000)
